--------- beginning of system
02-05 01:01:11.225   816  2347 I ActivityManager: Force stopping com.dolby.qa.featuretest appid=10074 user=0: from pid 32745
02-05 01:01:11.226   816  2347 I ActivityManager: Killing 32659:com.dolby.qa.featuretest/u0a74 (adj 0): stop com.dolby.qa.featuretest
02-05 01:01:11.227   816  2347 W ActivityManager: Force removing ActivityRecord{a504a77 u0 com.dolby.qa.featuretest/.MainActivity t226}: app died, no saved state
02-05 01:01:11.232   816  2347 I WindowManager: Failed to capture screenshot of Token{9ea26e4 ActivityRecord{a504a77 u0 com.dolby.qa.featuretest/.MainActivity t226 f}} appWin=Window{cbb77b u0 com.dolby.qa.featuretest/com.dolby.qa.featuretest.MainActivity} drawState=4
--------- beginning of main
02-05 01:01:11.263  1232  1232 D CarrierSvcBindHelper: No carrier app for: 0
02-05 01:01:11.265  2298  2298 D RegisteredNfcFServicesCache: Service unchanged, not updating
02-05 01:01:11.270   816   975 I WindowManager: WIN DEATH: Window{c10c637 u0 Toast}
02-05 01:01:11.273   589  1183 D NuPlayerDriver: reset(0xe5732a10) at state 5
02-05 01:01:11.274   589  1183 D NuPlayerDriver: notifyListener_l(0xe5732a10), (8, 0, 0, -1), loop setting(0, 1)
02-05 01:01:11.274   581  5355 D AudioFlinger: trackStateChanged() Track id 641 state changed to 6
02-05 01:01:11.282   593   593 I DDP_JOCDecoder: -> ~DDPDecoder
02-05 01:01:11.282   593   593 I DDP_JOCDecoder: -> stop
02-05 01:01:11.283   593   593 I DDP_JOCDecoder: <- stop
02-05 01:01:11.283   593   593 I ARenderer: ~ARenderer
02-05 01:01:11.283   593   593 I evo_parser: evo_parser_close
02-05 01:01:11.283   593   593 I DlbDap2QmfProcess: ~Dap2Process()
02-05 01:01:11.283   593   593 I DlbDap2QmfProcess: close()
02-05 01:01:11.283   593   593 I DDP_JOCDecoder: <- ~DDPDecoder
02-05 01:01:11.293   589 32689 D NuPlayerDriver: notifyResetComplete(0xe5732a10)
02-05 01:01:11.294   589  1183 D AudioTrack: stop() called with 0 frames delivered
02-05 01:01:11.340   816  2363 I ActivityManager: START u0 {flg=0x10000000 cmp=com.dolby.qa.featuretest/.MainActivity} from uid 2000
02-05 01:01:11.366   816   964 I ActivityManager: Start proc 32751:com.dolby.qa.featuretest/u0a74 for activity com.dolby.qa.featuretest/.MainActivity
02-05 01:01:11.366 32751 32751 I zygote64: Late-enabling -Xcheck:jni
02-05 01:01:11.382   581   770 D AudioFlinger: trackStateChanged() Track id 641 state changed to 2
02-05 01:01:11.382   581   770 I AudioFlinger: updateProcessedAudioState() Changing content processing in effect to 0
02-05 01:01:11.383   581   770 D DlbDlbEffect: handle_EFFECT_CMD_SET_PARAM()
02-05 01:01:11.385   581   770 I DlbEffectContext: setContentProcEnabled() Enabling content processing in global effect
02-05 01:01:11.385   581   770 D DlbDapEndpointParamCache: commitChangedParams()
02-05 01:01:11.385   581   770 D DlbDapEndpointParamCache: commit() Applying parameters for device 0x40000000
02-05 01:01:11.385   581   770 D DlbDap2Process: setParam(iea = #1[10])
02-05 01:01:11.385   581   770 D DlbDap2Process: setParam(msce = #1[1])
02-05 01:01:11.385   581   770 D DlbDap2Process: setParam(mdee = #1[1])
02-05 01:01:11.385   581   770 D DlbDap2Process: setParam(miee = #1[1])
02-05 01:01:11.385   581   770 D DlbDap2Process: setParam(mdle = #1[1])
02-05 01:01:11.385   581   770 D DlbDap2Process: setParam(dvle = #1[1])
02-05 01:01:11.385   581   770 D DlbDap2Process: setParam(mave = #1[1])
02-05 01:01:11.385   581   770 D DlbDap2Process: setParam(vcbf = #20[47, 141, 234, 328, 469, 656, 844, 1031, 1313, 1688, 2250, 3000, 3750, 4688, 5813, 7125, 9000, 11250, 13875, 19688])
02-05 01:01:11.385   581   770 D DlbDap2Process: setParam(vbon = #1[0])
02-05 01:01:11.386   581   770 D DlbDap2Process: setParam(beon = #1[0])
02-05 01:01:11.386   581   770 D DlbDap2Process: setParam(geon = #1[0])
02-05 01:01:11.386   581   770 D DlbDap2Process: setParam(ieon = #1[1])
02-05 01:01:11.386   581   770 D DlbDap2Process: setParam(gebs = #41[20, 47, 141, 234, 328, 469, 656, 844, 1031, 1313, 1688, 2250, 3000, 3750, 4688, 5813, 7125, 9000, 11250, 13875, 19688, 0, 0, 0, 0, 0, 0, 0, 0, 0, 0, 0, 0, 0, 0, 0, 0, 0, 0, 0, 0])
02-05 01:01:11.386   581   770 D DlbDap2Process: setParam(iebs = #41[20, 65, 136, 223, 332, 467, 634, 841, 1098, 1416, 1812, 2302, 2909, 3663, 4598, 5756, 7194, 8976, 11186, 13927, 17326, 117, 133, 188, 176, 141, 149, 175, 185, 185, 200, 236, 242, 228, 213, 182, 132, 110, 68, -27, -240])
02-05 01:01:11.386   581   770 D DlbDapEndpointParamCache: doCommit() Committed 15 parameters out of 16.
02-05 01:01:11.386   581   770 D DlbDapEndpointParamCache: commit() Overriding parameters for current device 0x00000008
02-05 01:01:11.386   581   770 D DlbDap2Process: setParam(dea = #1[10])
02-05 01:01:11.386   581   770 D DlbDap2Process: setParam(dsa = #1[10])
02-05 01:01:11.386   581   770 D DlbDap2Process: setParam(beb = #1[96])
02-05 01:01:11.386   581   770 D DlbDap2Process: setParam(plb = #1[0])
02-05 01:01:11.387   581   770 D DlbDap2Process: setParam(vmb = #1[144])
02-05 01:01:11.387   581   770 D DlbDap2Process: setParam(dsb = #1[96])
02-05 01:01:11.387   581   770 D DlbDap2Process: setParam(ded = #1[0])
02-05 01:01:11.387   581   770 D DlbDap2Process: setParam(vbm = #1[0])
02-05 01:01:11.387   581   770 D DlbDap2Process: DAP output mode set to 9 with 2 output channels and null mix matrix.
02-05 01:01:11.387   581   770 D DlbDap2Process: setParam(dom = #1[2])
02-05 01:01:11.387   581   770 D DlbDap2Process: setParam(bew = #1[16])
02-05 01:01:11.387   581   770 D DlbDap2Process: setParam(dvla = #1[7])
02-05 01:01:11.387   581   770 D DlbDap2Process: setParam(arra = #1[96])
02-05 01:01:11.387   581   770 D DlbDap2Process: setParam(dfsa = #1[10])
02-05 01:01:11.387   581   770 D DlbDap2Process: setParam(dhsa = #1[10])
02-05 01:01:11.387   581   770 D DlbDap2Process: setParam(dvmc = #1[160])
02-05 01:01:11.387   581   770 D DlbDap2Process: setParam(arod = #1[0])
02-05 01:01:11.387   581   770 D DlbDap2Process: setParam(arde = #1[0])
02-05 01:01:11.387   581   770 D DlbDap2Process: setParam(dvle = #1[1])
02-05 01:01:11.387   581   770 D DlbDap2Process: setParam(dvme = #1[0])
02-05 01:01:11.387   581   770 D DlbDap2Process: setParam(becf = #1[160])
02-05 01:01:11.387   581   770 D DlbDap2Process: setParam(vbmf = #2[99, 281])
02-05 01:01:11.387   581   770 D DlbDap2Process: setParam(vbsf = #2[30, 90])
02-05 01:01:11.387   581   770 D DlbDap2Process: setParam(vbhg = #3[-48, -480, -240])
02-05 01:01:11.387   581   770 D DlbDap2Process: setParam(vbog = #1[0])
02-05 01:01:11.387   581   770 D DlbDap2Process: setParam(vbsg = #1[0])
02-05 01:01:11.387   581   770 D DlbDap2Process: setParam(dvli = #1[-320])
02-05 01:01:11.387   581   770 D DlbDap2Process: setParam(dhfm = #1[0])
02-05 01:01:11.387   581   770 D DlbDap2Process: setParam(vbon = #1[0])
02-05 01:01:11.387   581   770 D DlbDap2Process: setParam(beon = #1[0])
02-05 01:01:11.387   581   770 D DlbDap2Process: setParam(deon = #1[1])
02-05 01:01:11.387   581   770 D DlbDap2Process: setParam(ngon = #1[1])
02-05 01:01:11.387   581   770 D DlbDap2Process: setParam(aoon = #1[0])
02-05 01:01:11.387   581   770 D DlbDap2Process: setParam(aron = #1[1])
02-05 01:01:11.387   581   770 D DlbDap2Process: setParam(dvlo = #1[-320])
02-05 01:01:11.387   581   770 D DlbDap2Process: setParam(artp = #1[12])
02-05 01:01:11.388   581   770 D DlbDap2Process: setParam(aobs = #222[20, 10, 47, 141, 234, 328, 469, 656, 844, 1031, 1313, 1688, 2250, 3000, 3750, 4688, 5813, 7125, 9000, 11250, 13875, 19688, 0, 0, 0, 0, 0, 0, 0, 0, 0, 0, 0, 0, 0, 0, 0, 0, 0, 0, 0, 0, 0, 0, 0, 0, 0, 0, 0, 0, 0, 0, 0, 0, 0, 0, 0, 0, 0, 0, 0, 0, 0, 0, 0, 0, 0, 0, 0, 0, 0, 0, 0, 0, 0, 0, 0, 0, 0, 0, 0, 0, 0, 0, 0, 0, 0, 0, 0, 0, 0, 0, 0, 0, 0, 0, 0, 0, 0, 0, 0, 0, 0, 0, 0, 0, 0, 0, 0, 0, 0, 0, 0, 0, 0, 0, 0, 0, 0, 0, 0, 0, 0, 0, 0, 0, 0, 0, 0, 0, 0, 0, 0, 0, 0, 0, 0, 0, 0, 0, 0, 0, 0, 0, 0, 0, 0, 0, 0, 0, 0, 0, 0, 0, 0, 0, 0, 0, 0, 0, 0, 0, 0, 0, 0, 0, 0, 0, 0, 0, 0, 0, 0, 0, 0, 0, 0, 0, 0, 0, 0, 0, 0, 0, 0, 0, 0, 0, 0, 0, 0, 0, 0, 0, 0, 0, 0, 0, 0, 0, 0, 0, 0, 0, 0, 0, 0, 0, 0, 0, 0, 0, 0, 0, 0, 0, 0, 0, 0, 0, 0, 0])
02-05 01:01:11.388   581   770 D DlbDap2Process: setParam(arbs = #81[20, 47, 141, 234, 328, 469, 656, 844, 1031, 1313, 1688, 2250, 3000, 3750, 4688, 5813, 7125, 9000, 11250, 13875, 19688, -192, -192, -192, -192, -192, -192, -192, -192, -192, -192, -192, -192, -192, -192, -192, -192, -192, -192, -192, -192, 0, 0, 0, 0, 0, 0, 0, 0, 0, 0, 0, 0, 0, 0, 0, 0, 0, 0, 0, 0, 0, 0, 0, 0, 0, 0, 0, 0, 0, 0, 0, 0, 0, 0, 0, 0, 0, 0, 0, 0])
02-05 01:01:11.388   581   770 D DlbDapEndpointParamCache: doCommit() Committed 37 parameters out of 37.
02-05 01:01:11.409   581   770 D AudioFlinger: trackDestroyed() Track id 641 no longer contains processed audio
02-05 01:01:11.410   581   724 D DlbDlbEffect: handle_EFFECT_CMD_DISABLE()
02-05 01:01:11.410   581   724 D DlbDapCrossfadeProcess: setEnabled transitioning from DAP_ACTIVE state to FADE_TO_BYPASS
02-05 01:01:11.411   416   416 W /system/bin/hw/android.hidl.allocator@1.0-service: ashmem_create_region(3840) returning hidl_memory(0x7590c2c2e0, 3840)
02-05 01:01:11.412   581   724 D DlbDlbEffect: handle_EFFECT_CMD_SET_CONFIG()
02-05 01:01:11.412   581   724 D DlbDapEndpointParamCache: setDevice(device=0x00000008)
02-05 01:01:11.412   421   421 D DMSService: setActiveDevice called with device = 0x8
02-05 01:01:11.414   581   724 D DlbDlbEffect: handle_EFFECT_CMD_ENABLE()
02-05 01:01:11.414   581   724 D DlbDapCrossfadeProcess: setEnabled transitioning from FADE_TO_BYPASS state to FADE_TO_ACTIVE
02-05 01:01:11.551 32751 32751 D featureTest: onCreate
02-05 01:01:11.558 32751 32751 D AudioTrack: Client defaulted notificationFrames to 962 for frameCount 1924
02-05 01:01:11.563 32751 32751 W AudioTrack: Use of stream types is deprecated for operations other than volume control
02-05 01:01:11.563 32751 32751 W AudioTrack: See the documentation of AudioTrack() for what to use instead with android.media.AudioAttributes to qualify your playback use case
02-05 01:01:11.571 32751 32751 W DolbyAudioEffect: WARNING: attaching a DolbyAudioEffect to global output mix is deprecated!
02-05 01:01:11.578 32751 32751 D featureTest: onResume
02-05 01:01:11.590 32751   324 D OpenGLRenderer: HWUI GL Pipeline
02-05 01:01:11.637 32751   324 I Adreno  : QUALCOMM build                   : 7142022, Ib5823dd10c
02-05 01:01:11.637 32751   324 I Adreno  : Build Date                       : 06/23/17
02-05 01:01:11.637 32751   324 I Adreno  : OpenGL ES Shader Compiler Version: EV031.18.00.00
02-05 01:01:11.637 32751   324 I Adreno  : Local Branch                     : O11A
02-05 01:01:11.637 32751   324 I Adreno  : Remote Branch                    : 
02-05 01:01:11.637 32751   324 I Adreno  : Remote Branch                    : 
02-05 01:01:11.637 32751   324 I Adreno  : Reconstruct Branch               : 
02-05 01:01:11.637 32751   324 I vndksupport: sphal namespace is not configured for this process. Loading /vendor/lib64/hw/gralloc.msm8994.so from the current namespace instead.
02-05 01:01:11.645 32751   324 I Adreno  : PFP: 0x00000000, ME: 0x00000000
02-05 01:01:11.651 32751   324 I OpenGLRenderer: Initialized EGL, version 1.4
02-05 01:01:11.651 32751   324 D OpenGLRenderer: Swap behavior 2
02-05 01:01:11.666   365   365 W /system/bin/hwservicemanager: getTransportFromManifest: Cannot find entry android.hardware.graphics.mapper@2.0::IMapper in either framework or device manifest, using default transport.
02-05 01:01:11.669 32751   324 I vndksupport: sphal namespace is not configured for this process. Loading /vendor/lib64/hw/gralloc.msm8994.so from the current namespace instead.
02-05 01:01:11.703   816   843 I ActivityManager: Displayed com.dolby.qa.featuretest/.MainActivity: +343ms
02-05 01:01:11.759   581   770 D audio_hw_primary: disable_audio_route: usecase(0) reset and update mixer path: deep-buffer-playback
02-05 01:01:11.760   581   770 D audio_hw_primary: disable_snd_device: snd_device(5: headphones)
02-05 01:01:11.808   816   843 W ActivityManager: setHasOverlayUi called on unknown pid: 32659
02-05 01:01:12.038   816   816 W NotificationService: Object died trying to hide notification android.app.ITransientNotification$Stub$Proxy@c4bc907 in package com.dolby.qa.featuretest
02-05 01:01:12.039   816   816 W WindowManager: removeWindowToken: Attempted to remove non-existing token: android.os.Binder@cfba0d1
02-05 01:01:12.174  2401  2517 W OpenGLRenderer: Incorrectly called buildLayer on View: ShortcutAndWidgetContainer, destroying layer...
02-05 01:01:12.415 32751 32751 D featureTest: receive broadcast , playing content location :/sdcard/featureTest/2ch_channel_id.wav
02-05 01:01:12.423 32751 32751 D featureTest: mMediaPlayer.getAudioSessionId(): 4729
02-05 01:01:12.423 32751 32751 D featureTest: Playing file: /sdcard/featureTest/2ch_channel_id.wav
02-05 01:01:12.425   589  1170 D NuPlayerDriver: NuPlayerDriver(0xe57329a0) created, clientPid(32751)
02-05 01:01:12.426   362   362 W generic : type=1400 audit(0.0:2948): avc: denied { read } for path="/storage/emulated/0/featuretest/2ch_channel_id.wav" dev="sdcardfs" ino=523313 scontext=u:r:mediaextractor:s0 tcontext=u:object_r:sdcardfs:s0 tclass=file permissive=0
02-05 01:01:12.427 32751 32751 W MediaPlayer: Use of stream types is deprecated for operations other than volume control
02-05 01:01:12.427 32751 32751 W MediaPlayer: See the documentation of setAudioStreamType() for what to use instead with android.media.AudioAttributes to qualify your playback use case
02-05 01:01:12.429   589   362 D GenericSource: FileSource remote
02-05 01:01:12.429   589   362 W GenericSource: extractor service cannot make data source
02-05 01:01:12.429   589   362 D GenericSource: FileSource local
02-05 01:01:12.450   587  1118 D MediaBufferGroup: creating MemoryDealer
02-05 01:01:12.451   589   357 D NuPlayerDriver: notifyListener_l(0xe57329a0), (1, 0, 0, -1), loop setting(0, 0)
02-05 01:01:12.460   589  1170 D NuPlayerDriver: start(0xe57329a0), state is 4, eos is 0
02-05 01:01:12.460   589   357 I GenericSource: start
02-05 01:01:12.465 32751 32751 W DolbyAudioEffect: WARNING: attaching a DolbyAudioEffect to global output mix is deprecated!
02-05 01:01:12.466   593  1162 I OMXMaster: makeComponentInstance(OMX.google.raw.decoder) in android.hardwar process
02-05 01:01:12.470   593 20514 E OMXNodeInstance: setConfig(0xf10a3320:google.raw.decoder, ConfigPriority(0x6f800002)) ERROR: Undefined(0x80001001)
02-05 01:01:12.470   589   388 I ACodec  : codec does not support config priority (err -2147483648)
02-05 01:01:12.470   593   712 E OMXNodeInstance: getConfig(0xf10a3320:google.raw.decoder, ConfigAndroidVendorExtension(0x6f100004)) ERROR: Undefined(0x80001001)
02-05 01:01:12.471   589   388 I MediaCodec: MediaCodec will operate in async mode
02-05 01:01:12.481   589   385 D AudioTrack: Client defaulted notificationFrames to 12000 for frameCount 24000
02-05 01:01:12.481   581  7829 D DlbDlbEffect: handle_EFFECT_CMD_DISABLE()
02-05 01:01:12.482   581  7829 D DlbDapCrossfadeProcess: setEnabled transitioning from FADE_TO_ACTIVE state to FADE_TO_BYPASS
02-05 01:01:12.487 32751 32751 D featureTest: receive broadcast , change ds status :1
02-05 01:01:12.488   416   416 W /system/bin/hw/android.hidl.allocator@1.0-service: ashmem_create_region(7680) returning hidl_memory(0x7590c2c2e0, 7680)
02-05 01:01:12.488   581  7829 D DlbDlbEffect: handle_EFFECT_CMD_SET_CONFIG()
02-05 01:01:12.488   581  7829 D DlbDapEndpointParamCache: setDevice(device=0x00000008)
02-05 01:01:12.489   421   421 D DMSService: setActiveDevice called with device = 0x8
02-05 01:01:12.489   581  7829 D DlbDlbEffect: handle_EFFECT_CMD_ENABLE()
02-05 01:01:12.489   581  7829 D DlbDapCrossfadeProcess: setEnabled transitioning from FADE_TO_BYPASS state to FADE_TO_ACTIVE
02-05 01:01:12.491   589   357 D NuPlayerDriver: notifyListener_l(0xe57329a0), (6, 0, 0, -1), loop setting(0, 1)
02-05 01:01:12.491   581  5115 D DlbDap2Process: setMave(mave = 1)
02-05 01:01:12.497   581  5115 D DlbDapCrossfadeProcess: process transitioning from FADE_TO_ACTIVE state to DAP_ACTIVE
02-05 01:01:12.497   581  5111 D audio_hw_primary: enable_snd_device: snd_device(5: headphones)
02-05 01:01:12.504   581  5111 D audio_hw_primary: enable_audio_route: usecase(0) apply and update mixer path: deep-buffer-playback
02-05 01:01:12.505   581  5356 D DlbDlbEffect: handle_EFFECT_CMD_SET_PARAM()
02-05 01:01:12.561 32751 32751 D featureTest: receive broadcast , change ds profile id :0
02-05 01:01:12.571   581  5110 D DlbDlbEffect: handle_EFFECT_CMD_SET_PARAM()
02-05 01:01:12.629 32751 32751 D featureTest: receive broadcast , record log :0
02-05 01:01:12.686   581   770 D AudioFlinger: mixer(0xf2983980) throttle end: throttle time(33)
02-05 01:01:13.772   581  5115 D DlbDap2Process: process() called [342500] times
02-05 01:01:14.521   816   816 W WindowManager: removeWindowToken: Attempted to remove non-existing token: android.os.Binder@6aa75a0
02-05 01:01:14.559   429   429 D SurfaceFlinger: duplicate layer name: changing Toast to Toast#1
02-05 01:01:16.420   581  5115 D DlbDap2Process: process() called [343000] times
02-05 01:01:16.542   816   816 W WindowManager: removeWindowToken: Attempted to remove non-existing token: android.os.Binder@e448f1b
02-05 01:01:17.784 32751 32751 D featureTest: receive broadcast , change volume leveler :0
02-05 01:01:17.800   581  5143 D DlbDlbEffect: handle_EFFECT_CMD_SET_PARAM()
02-05 01:01:17.808   581  5115 D DlbDapEndpointParamCache: commitChangedParams()
02-05 01:01:17.808   581  5115 D DlbDapEndpointParamCache: commit() Applying parameters for device 0x40000000
02-05 01:01:17.808   581  5115 D DlbDap2Process: setParam(iea = #1[10])
02-05 01:01:17.808   581  5115 D DlbDap2Process: setParam(msce = #1[1])
02-05 01:01:17.808   581  5115 D DlbDap2Process: setParam(mdee = #1[1])
02-05 01:01:17.808   581  5115 D DlbDap2Process: setParam(miee = #1[1])
02-05 01:01:17.808   581  5115 D DlbDap2Process: setParam(mdle = #1[1])
02-05 01:01:17.808   581  5115 D DlbDap2Process: setParam(dvle = #1[0])
02-05 01:01:17.808   581  5115 D DlbDap2Process: setParam(mave = #1[1])
02-05 01:01:17.808   581  5115 D DlbDap2Process: setParam(vcbf = #20[47, 141, 234, 328, 469, 656, 844, 1031, 1313, 1688, 2250, 3000, 3750, 4688, 5813, 7125, 9000, 11250, 13875, 19688])
02-05 01:01:17.808   581  5115 D DlbDap2Process: setParam(vbon = #1[0])
02-05 01:01:17.808   581  5115 D DlbDap2Process: setParam(beon = #1[0])
02-05 01:01:17.808   581  5115 D DlbDap2Process: setParam(geon = #1[0])
02-05 01:01:17.808   581  5115 D DlbDap2Process: setParam(ieon = #1[1])
02-05 01:01:17.808   581  5115 D DlbDap2Process: setParam(gebs = #41[20, 47, 141, 234, 328, 469, 656, 844, 1031, 1313, 1688, 2250, 3000, 3750, 4688, 5813, 7125, 9000, 11250, 13875, 19688, 0, 0, 0, 0, 0, 0, 0, 0, 0, 0, 0, 0, 0, 0, 0, 0, 0, 0, 0, 0])
02-05 01:01:17.808   581  5115 D DlbDap2Process: setParam(iebs = #41[20, 65, 136, 223, 332, 467, 634, 841, 1098, 1416, 1812, 2302, 2909, 3663, 4598, 5756, 7194, 8976, 11186, 13927, 17326, 117, 133, 188, 176, 141, 149, 175, 185, 185, 200, 236, 242, 228, 213, 182, 132, 110, 68, -27, -240])
02-05 01:01:17.808   581  5115 D DlbDapEndpointParamCache: doCommit() Committed 15 parameters out of 16.
02-05 01:01:17.808   581  5115 D DlbDapEndpointParamCache: commit() Overriding parameters for current device 0x00000008
02-05 01:01:17.809   581  5115 D DlbDap2Process: setParam(dea = #1[10])
02-05 01:01:17.809   581  5115 D DlbDap2Process: setParam(dsa = #1[10])
02-05 01:01:17.809   581  5115 D DlbDap2Process: setParam(beb = #1[96])
02-05 01:01:17.809   581  5115 D DlbDap2Process: setParam(plb = #1[0])
02-05 01:01:17.809   581  5115 D DlbDap2Process: setParam(vmb = #1[144])
02-05 01:01:17.809   581  5115 D DlbDap2Process: setParam(dsb = #1[96])
02-05 01:01:17.809   581  5115 D DlbDap2Process: setParam(ded = #1[0])
02-05 01:01:17.809   581  5115 D DlbDap2Process: setParam(vbm = #1[0])
02-05 01:01:17.809   581  5115 D DlbDap2Process: setParam(dom = #1[2])
02-05 01:01:17.809   581  5115 D DlbDap2Process: setParam(bew = #1[16])
02-05 01:01:17.809   581  5115 D DlbDap2Process: setParam(dvla = #1[7])
02-05 01:01:17.809   581  5115 D DlbDap2Process: setParam(arra = #1[96])
02-05 01:01:17.809   581  5115 D DlbDap2Process: setParam(dfsa = #1[10])
02-05 01:01:17.809   581  5115 D DlbDap2Process: setParam(dhsa = #1[10])
02-05 01:01:17.809   581  5115 D DlbDap2Process: setParam(dvmc = #1[160])
02-05 01:01:17.809   581  5115 D DlbDap2Process: setParam(arod = #1[0])
02-05 01:01:17.809   581  5115 D DlbDap2Process: setParam(arde = #1[0])
02-05 01:01:17.809   581  5115 D DlbDap2Process: setParam(dvle = #1[0])
02-05 01:01:17.809   581  5115 D DlbDap2Process: setParam(dvme = #1[0])
02-05 01:01:17.809   581  5115 D DlbDap2Process: setParam(becf = #1[160])
02-05 01:01:17.809   581  5115 D DlbDap2Process: setParam(vbmf = #2[99, 281])
02-05 01:01:17.809   581  5115 D DlbDap2Process: setParam(vbsf = #2[30, 90])
02-05 01:01:17.809   581  5115 D DlbDap2Process: setParam(vbhg = #3[-48, -480, -240])
02-05 01:01:17.809   581  5115 D DlbDap2Process: setParam(vbog = #1[0])
02-05 01:01:17.809   581  5115 D DlbDap2Process: setParam(vbsg = #1[0])
02-05 01:01:17.809   581  5115 D DlbDap2Process: setParam(dvli = #1[-320])
02-05 01:01:17.809   581  5115 D DlbDap2Process: setParam(dhfm = #1[0])
02-05 01:01:17.809   581  5115 D DlbDap2Process: setParam(vbon = #1[0])
02-05 01:01:17.810   581  5115 D DlbDap2Process: setParam(beon = #1[0])
02-05 01:01:17.810   581  5115 D DlbDap2Process: setParam(deon = #1[1])
02-05 01:01:17.810   581  5115 D DlbDap2Process: setParam(ngon = #1[1])
02-05 01:01:17.810   581  5115 D DlbDap2Process: setParam(aoon = #1[0])
02-05 01:01:17.810   581  5115 D DlbDap2Process: setParam(aron = #1[1])
02-05 01:01:17.810   581  5115 D DlbDap2Process: setParam(dvlo = #1[-320])
02-05 01:01:17.810   581  5115 D DlbDap2Process: setParam(artp = #1[12])
02-05 01:01:17.810   581  5115 D DlbDap2Process: setParam(aobs = #222[20, 10, 47, 141, 234, 328, 469, 656, 844, 1031, 1313, 1688, 2250, 3000, 3750, 4688, 5813, 7125, 9000, 11250, 13875, 19688, 0, 0, 0, 0, 0, 0, 0, 0, 0, 0, 0, 0, 0, 0, 0, 0, 0, 0, 0, 0, 0, 0, 0, 0, 0, 0, 0, 0, 0, 0, 0, 0, 0, 0, 0, 0, 0, 0, 0, 0, 0, 0, 0, 0, 0, 0, 0, 0, 0, 0, 0, 0, 0, 0, 0, 0, 0, 0, 0, 0, 0, 0, 0, 0, 0, 0, 0, 0, 0, 0, 0, 0, 0, 0, 0, 0, 0, 0, 0, 0, 0, 0, 0, 0, 0, 0, 0, 0, 0, 0, 0, 0, 0, 0, 0, 0, 0, 0, 0, 0, 0, 0, 0, 0, 0, 0, 0, 0, 0, 0, 0, 0, 0, 0, 0, 0, 0, 0, 0, 0, 0, 0, 0, 0, 0, 0, 0, 0, 0, 0, 0, 0, 0, 0, 0, 0, 0, 0, 0, 0, 0, 0, 0, 0, 0, 0, 0, 0, 0, 0, 0, 0, 0, 0, 0, 0, 0, 0, 0, 0, 0, 0, 0, 0, 0, 0, 0, 0, 0, 0, 0, 0, 0, 0, 0, 0, 0, 0, 0, 0, 0, 0, 0, 0, 0, 0, 0, 0, 0, 0, 0, 0, 0, 0, 0, 0, 0, 0, 0, 0])
02-05 01:01:17.810   581  5115 D DlbDap2Process: setParam(arbs = #81[20, 47, 141, 234, 328, 469, 656, 844, 1031, 1313, 1688, 2250, 3000, 3750, 4688, 5813, 7125, 9000, 11250, 13875, 19688, -192, -192, -192, -192, -192, -192, -192, -192, -192, -192, -192, -192, -192, -192, -192, -192, -192, -192, -192, -192, 0, 0, 0, 0, 0, 0, 0, 0, 0, 0, 0, 0, 0, 0, 0, 0, 0, 0, 0, 0, 0, 0, 0, 0, 0, 0, 0, 0, 0, 0, 0, 0, 0, 0, 0, 0, 0, 0, 0, 0])
02-05 01:01:17.810   581  5115 D DlbDapEndpointParamCache: doCommit() Committed 37 parameters out of 37.
02-05 01:01:17.810   581  5115 D DlbDap2Process: setMave(mave = 1)
02-05 01:01:19.094   581  5115 D DlbDap2Process: process() called [343500] times
02-05 01:01:19.217   571   940 E QC-QMI  : linux_qmi_qmux_io_wake_lock: Err in writing wakelock=qmuxd_port_wl_0, error [1:Operation not permitted]
02-05 01:01:19.219   571   940 E QC-QMI  : linux_qmi_qmux_io_wake_unlock: Err in writing wakelock=qmuxd_port_wl_0, error [1:Operation not permitted]
02-05 01:01:19.814   816   816 W WindowManager: removeWindowToken: Attempted to remove non-existing token: android.os.Binder@a00ef82
02-05 01:01:21.768   581  5115 D DlbDap2Process: process() called [344000] times
