02-05 01:03:27.702   589  1170 D NuPlayerDriver: reset(0xe5732770) at state 5
02-05 01:03:27.704   589  1170 D NuPlayerDriver: notifyListener_l(0xe5732770), (8, 0, 0, -1), loop setting(0, 1)
02-05 01:03:27.714   589  2040 D NuPlayerDriver: notifyResetComplete(0xe5732770)
02-05 01:03:27.714   589  1170 D AudioTrack: stop() called with 0 frames delivered
02-05 01:03:27.841   581   724 D DlbDlbEffect: handle_EFFECT_CMD_DISABLE()
02-05 01:03:27.841   581   724 D DlbDapCrossfadeProcess: setEnabled transitioning from DAP_ACTIVE state to FADE_TO_BYPASS
02-05 01:03:27.843   581   724 D DlbDlbEffect: handle_EFFECT_CMD_SET_CONFIG()
02-05 01:03:27.843   581   724 D DlbDapEndpointParamCache: setDevice(device=0x00000008)
02-05 01:03:27.843   421   421 D DMSService: setActiveDevice called with device = 0x8
02-05 01:03:27.843   581   724 D DlbDlbEffect: handle_EFFECT_CMD_ENABLE()
02-05 01:03:27.843   581   724 D DlbDapCrossfadeProcess: setEnabled transitioning from FADE_TO_BYPASS state to FADE_TO_ACTIVE
02-05 01:03:28.035  2083  2083 D featureTest: onCreate
02-05 01:03:28.230  2083  2083 D AudioTrack: Client defaulted notificationFrames to 962 for frameCount 1924
02-05 01:03:28.237  2083  2083 W AudioTrack: Use of stream types is deprecated for operations other than volume control
02-05 01:03:28.238  2083  2083 W AudioTrack: See the documentation of AudioTrack() for what to use instead with android.media.AudioAttributes to qualify your playback use case
02-05 01:03:28.264  2083  2083 D featureTest: onResume
02-05 01:03:28.863  2083  2083 D featureTest: receive broadcast , playing content location :/sdcard/featureTest/chopper_2.0_180_420_02.wav
02-05 01:03:28.871  2083  2083 D featureTest: mMediaPlayer.getAudioSessionId(): 5033
02-05 01:03:28.871  2083  2083 D featureTest: Playing file: /sdcard/featureTest/chopper_2.0_180_420_02.wav
02-05 01:03:28.873   589   589 D NuPlayerDriver: NuPlayerDriver(0xe5732690) created, clientPid(2083)
02-05 01:03:28.894   589  2114 D NuPlayerDriver: notifyListener_l(0xe5732690), (1, 0, 0, -1), loop setting(0, 0)
02-05 01:03:28.904   589   589 D NuPlayerDriver: start(0xe5732690), state is 4, eos is 0
02-05 01:03:28.913   593  1187 I OMXMaster: makeComponentInstance(OMX.google.raw.decoder) in android.hardwar process
02-05 01:03:28.916   589  2120 I ACodec  : codec does not support config priority (err -2147483648)
02-05 01:03:28.917   589  2120 I MediaCodec: MediaCodec will operate in async mode
02-05 01:03:28.927  2083  2083 D featureTest: receive broadcast , change ds status :0
02-05 01:03:28.931   589  2118 D AudioTrack: Client defaulted notificationFrames to 7350 for frameCount 22050
02-05 01:03:28.932   581  5355 D DlbDlbEffect: handle_EFFECT_CMD_DISABLE()
02-05 01:03:28.932   581  5355 D DlbDapCrossfadeProcess: setEnabled transitioning from FADE_TO_ACTIVE state to FADE_TO_BYPASS
02-05 01:03:28.934   581  5355 D DlbDlbEffect: handle_EFFECT_CMD_SET_CONFIG()
02-05 01:03:28.934   581  5355 D DlbDapEndpointParamCache: setDevice(device=0x00000008)
02-05 01:03:28.934   421   421 D DMSService: setActiveDevice called with device = 0x8
02-05 01:03:28.934   581  5355 D DlbDlbEffect: handle_EFFECT_CMD_ENABLE()
02-05 01:03:28.934   581  5355 D DlbDapCrossfadeProcess: setEnabled transitioning from FADE_TO_BYPASS state to FADE_TO_ACTIVE
02-05 01:03:28.935   589  2114 D NuPlayerDriver: notifyListener_l(0xe5732690), (6, 0, 0, -1), loop setting(0, 1)
02-05 01:03:28.939   581  5115 D DlbDapCrossfadeProcess: process transitioning from FADE_TO_ACTIVE state to DAP_ACTIVE
02-05 01:03:28.955   581   581 D DlbDlbEffect: handle_EFFECT_CMD_SET_PARAM()
02-05 01:03:29.011  2083  2083 D featureTest: receive broadcast , change ds profile id :2
02-05 01:03:29.021   581  5142 D DlbDlbEffect: handle_EFFECT_CMD_SET_PARAM()
02-05 01:03:29.021   421   460 I DapController: Profile Changed to Music
02-05 01:03:29.026   581  5115 D DlbDapCrossfadeProcess: setEnabled transitioning from DAP_ACTIVE state to FADE_TO_BYPASS
02-05 01:03:29.028   581  5115 D DlbDapEndpointParamCache: commitChangedParams()
02-05 01:03:29.028   581  5115 D DlbDapEndpointParamCache: commit() Applying parameters for device 0x40000000
02-05 01:03:29.028   581  5115 D DlbDap2Process: setParam(iea = #1[10])
02-05 01:03:29.028   581  5115 D DlbDap2Process: setParam(msce = #1[0])
02-05 01:03:29.028   581  5115 D DlbDap2Process: setParam(mdee = #1[0])
02-05 01:03:29.028   581  5115 D DlbDap2Process: setParam(miee = #1[0])
02-05 01:03:29.028   581  5115 D DlbDap2Process: setParam(mdle = #1[0])
02-05 01:03:29.028   581  5115 D DlbDap2Process: setParam(dvle = #1[1])
02-05 01:03:29.028   581  5115 D DlbDap2Process: setParam(mave = #1[0])
02-05 01:03:29.028   581  5115 D DlbDap2Process: setParam(vcbf = #20[47, 141, 234, 328, 469, 656, 844, 1031, 1313, 1688, 2250, 3000, 3750, 4688, 5813, 7125, 9000, 11250, 13875, 19688])
02-05 01:03:29.028   581  5115 D DlbDap2Process: setParam(vbon = #1[0])
02-05 01:03:29.028   581  5115 D DlbDap2Process: setParam(beon = #1[0])
02-05 01:03:29.028   581  5115 D DlbDap2Process: setParam(geon = #1[0])
02-05 01:03:29.028   581  5115 D DlbDap2Process: setParam(ieon = #1[1])
02-05 01:03:29.029   581  5115 D DlbDap2Process: setParam(gebs = #41[20, 47, 141, 234, 328, 469, 656, 844, 1031, 1313, 1688, 2250, 3000, 3750, 4688, 5813, 7125, 9000, 11250, 13875, 19688, 0, 0, 0, 0, 0, 0, 0, 0, 0, 0, 0, 0, 0, 0, 0, 0, 0, 0, 0, 0])
02-05 01:03:29.029   581  5115 D DlbDap2Process: setParam(iebs = #41[20, 65, 136, 223, 332, 467, 634, 841, 1098, 1416, 1812, 2302, 2909, 3663, 4598, 5756, 7194, 8976, 11186, 13927, 17326, 117, 133, 188, 176, 141, 149, 175, 185, 185, 200, 236, 242, 228, 213, 182, 132, 110, 68, -27, -240])
02-05 01:03:29.029   581  5115 D DlbDapEndpointParamCache: doCommit() Committed 15 parameters out of 16.
02-05 01:03:29.029   581  5115 D DlbDapEndpointParamCache: commit() Overriding parameters for current device 0x00000008
02-05 01:03:29.029   581  5115 D DlbDap2Process: setParam(dea = #1[7])
02-05 01:03:29.029   581  5115 D DlbDap2Process: setParam(dsa = #1[10])
02-05 01:03:29.029   581  5115 D DlbDap2Process: setParam(beb = #1[96])
02-05 01:03:29.029   581  5115 D DlbDap2Process: setParam(plb = #1[0])
02-05 01:03:29.029   581  5115 D DlbDap2Process: setParam(vmb = #1[144])
02-05 01:03:29.029   581  5115 D DlbDap2Process: setParam(dsb = #1[48])
02-05 01:03:29.029   581  5115 D DlbDap2Process: setParam(ded = #1[0])
02-05 01:03:29.029   581  5115 D DlbDap2Process: setParam(vbm = #1[0])
02-05 01:03:29.029   581  5115 D DlbDap2Process: setParam(dom = #1[0])
02-05 01:03:29.029   581  5115 D DlbDap2Process: setParam(bew = #1[16])
02-05 01:03:29.029   581  5115 D DlbDap2Process: setParam(dvla = #1[4])
02-05 01:03:29.029   581  5115 D DlbDap2Process: setParam(arra = #1[96])
02-05 01:03:29.029   581  5115 D DlbDap2Process: setParam(dfsa = #1[10])
02-05 01:03:29.029   581  5115 D DlbDap2Process: setParam(dhsa = #1[10])
02-05 01:03:29.029   581  5115 D DlbDap2Process: setParam(dvmc = #1[160])
02-05 01:03:29.029   581  5115 D DlbDap2Process: setParam(arod = #1[0])
02-05 01:03:29.029   581  5115 D DlbDap2Process: setParam(arde = #1[0])
02-05 01:03:29.029   581  5115 D DlbDap2Process: setParam(dvle = #1[1])
02-05 01:03:29.029   581  5115 D DlbDap2Process: setParam(dvme = #1[0])
02-05 01:03:29.029   581  5115 D DlbDap2Process: setParam(becf = #1[160])
02-05 01:03:29.029   581  5115 D DlbDap2Process: setParam(vbmf = #2[99, 281])
02-05 01:03:29.029   581  5115 D DlbDap2Process: setParam(vbsf = #2[30, 90])
02-05 01:03:29.029   581  5115 D DlbDap2Process: setParam(vbhg = #3[-48, -480, -240])
02-05 01:03:29.029   581  5115 D DlbDap2Process: setParam(vbog = #1[0])
02-05 01:03:29.029   581  5115 D DlbDap2Process: setParam(vbsg = #1[0])
02-05 01:03:29.029   581  5115 D DlbDap2Process: setParam(dvli = #1[-320])
02-05 01:03:29.029   581  5115 D DlbDap2Process: setParam(dhfm = #1[0])
02-05 01:03:29.029   581  5115 D DlbDap2Process: setParam(vbon = #1[0])
02-05 01:03:29.030   581  5115 D DlbDap2Process: setParam(beon = #1[0])
02-05 01:03:29.030   581  5115 D DlbDap2Process: setParam(deon = #1[0])
02-05 01:03:29.030   581  5115 D DlbDap2Process: setParam(ngon = #1[1])
02-05 01:03:29.030   581  5115 D DlbDap2Process: setParam(aoon = #1[0])
02-05 01:03:29.030   581  5115 D DlbDap2Process: setParam(aron = #1[1])
02-05 01:03:29.030   581  5115 D DlbDap2Process: setParam(dvlo = #1[-320])
02-05 01:03:29.030   581  5115 D DlbDap2Process: setParam(artp = #1[12])
02-05 01:03:29.030   581  5115 D DlbDap2Process: setParam(aobs = #222[20, 10, 47, 141, 234, 328, 469, 656, 844, 1031, 1313, 1688, 2250, 3000, 3750, 4688, 5813, 7125, 9000, 11250, 13875, 19688, 0, 0, 0, 0, 0, 0, 0, 0, 0, 0, 0, 0, 0, 0, 0, 0, 0, 0, 0, 0, 0, 0, 0, 0, 0, 0, 0, 0, 0, 0, 0, 0, 0, 0, 0, 0, 0, 0, 0, 0, 0, 0, 0, 0, 0, 0, 0, 0, 0, 0, 0, 0, 0, 0, 0, 0, 0, 0, 0, 0, 0, 0, 0, 0, 0, 0, 0, 0, 0, 0, 0, 0, 0, 0, 0, 0, 0, 0, 0, 0, 0, 0, 0, 0, 0, 0, 0, 0, 0, 0, 0, 0, 0, 0, 0, 0, 0, 0, 0, 0, 0, 0, 0, 0, 0, 0, 0, 0, 0, 0, 0, 0, 0, 0, 0, 0, 0, 0, 0, 0, 0, 0, 0, 0, 0, 0, 0, 0, 0, 0, 0, 0, 0, 0, 0, 0, 0, 0, 0, 0, 0, 0, 0, 0, 0, 0, 0, 0, 0, 0, 0, 0, 0, 0, 0, 0, 0, 0, 0, 0, 0, 0, 0, 0, 0, 0, 0, 0, 0, 0, 0, 0, 0, 0, 0, 0, 0, 0, 0, 0, 0, 0, 0, 0, 0, 0, 0, 0, 0, 0, 0, 0, 0, 0, 0, 0, 0, 0, 0, 0])
02-05 01:03:29.031   581  5115 D DlbDap2Process: setParam(arbs = #81[20, 47, 141, 234, 328, 469, 656, 844, 1031, 1313, 1688, 2250, 3000, 3750, 4688, 5813, 7125, 9000, 11250, 13875, 19688, -192, -192, -192, -192, -192, -192, -192, -192, -192, -192, -192, -192, -192, -192, -192, -192, -192, -192, -192, -192, 0, 0, 0, 0, 0, 0, 0, 0, 0, 0, 0, 0, 0, 0, 0, 0, 0, 0, 0, 0, 0, 0, 0, 0, 0, 0, 0, 0, 0, 0, 0, 0, 0, 0, 0, 0, 0, 0, 0, 0])
02-05 01:03:29.031   581  5115 D DlbDapEndpointParamCache: doCommit() Committed 37 parameters out of 37.
02-05 01:03:29.031   581  5115 D DlbDap2Process: setMave(mave = 0)
02-05 01:03:29.068   581  5115 D DlbDapCrossfadeProcess: process transitioning from FADE_TO_BYPASS state to DAP_BYPASSED
02-05 01:03:29.087  2083  2083 D featureTest: receive broadcast , playing content location :/sdcard/featureTest/chopper_2.0_180_420_02.wav
02-05 01:03:29.089   589  1170 D NuPlayerDriver: stop(0xe5732690)
02-05 01:03:29.089   589  1170 D NuPlayerDriver: notifyListener_l(0xe5732690), (8, 0, 0, -1), loop setting(0, 1)
02-05 01:03:29.091   589   589 D NuPlayerDriver: reset(0xe5732690) at state 8
02-05 01:03:29.097   589  2114 D NuPlayerDriver: notifyResetComplete(0xe5732690)
02-05 01:03:29.098   589   589 D NuPlayerDriver: reset(0xe5732690) at state 0
02-05 01:03:29.105  2083  2083 D featureTest: mMediaPlayer.getAudioSessionId(): 5041
02-05 01:03:29.105  2083  2083 D featureTest: Playing file: /sdcard/featureTest/chopper_2.0_180_420_02.wav
02-05 01:03:29.106   589   709 D NuPlayerDriver: NuPlayerDriver(0xe5732a80) created, clientPid(2083)
02-05 01:03:29.125   581   770 D AudioFlinger: mixer(0xf2983980) throttle end: throttle time(30)
02-05 01:03:29.128   589  2134 D NuPlayerDriver: notifyListener_l(0xe5732a80), (1, 0, 0, -1), loop setting(0, 0)
02-05 01:03:29.132   589 26717 D NuPlayerDriver: start(0xe5732a80), state is 4, eos is 0
02-05 01:03:29.138   593  5353 I OMXMaster: makeComponentInstance(OMX.google.raw.decoder) in android.hardwar process
02-05 01:03:29.144   589  2140 I ACodec  : codec does not support config priority (err -2147483648)
02-05 01:03:29.145   589  2140 I MediaCodec: MediaCodec will operate in async mode
02-05 01:03:29.150  2083  2083 D featureTest: receive broadcast , change ds status :1
02-05 01:03:29.155   589  2138 D AudioTrack: Client defaulted notificationFrames to 7350 for frameCount 22050
02-05 01:03:29.156   589  2134 D NuPlayerDriver: notifyListener_l(0xe5732a80), (6, 0, 0, -1), loop setting(0, 1)
02-05 01:03:29.165   581  5143 D DlbDlbEffect: handle_EFFECT_CMD_SET_PARAM()
02-05 01:03:29.206   581  5115 D DlbDapCrossfadeProcess: setEnabled transitioning from DAP_BYPASSED state to PREROLL_ACTIVE
02-05 01:03:29.216  2083  2083 D featureTest: receive broadcast , change ds profile id :5
02-05 01:03:29.228   581   731 D DlbDlbEffect: handle_EFFECT_CMD_SET_PARAM()
02-05 01:03:29.228   421   460 I DapController: Profile Changed to Custom
02-05 01:03:29.248   581  5115 D DlbDapEndpointParamCache: commitChangedParams()
02-05 01:03:29.248   581  5115 D DlbDapEndpointParamCache: commit() Applying parameters for device 0x40000000
02-05 01:03:29.248   581  5115 D DlbDap2Process: setParam(iea = #1[10])
02-05 01:03:29.248   581  5115 D DlbDap2Process: setParam(msce = #1[0])
02-05 01:03:29.248   581  5115 D DlbDap2Process: setParam(mdee = #1[0])
02-05 01:03:29.248   581  5115 D DlbDap2Process: setParam(miee = #1[0])
02-05 01:03:29.248   581  5115 D DlbDap2Process: setParam(mdle = #1[0])
02-05 01:03:29.248   581  5115 D DlbDap2Process: setParam(dvle = #1[1])
02-05 01:03:29.248   581  5115 D DlbDap2Process: setParam(mave = #1[0])
02-05 01:03:29.248   581  5115 D DlbDap2Process: setParam(vcbf = #20[47, 141, 234, 328, 469, 656, 844, 1031, 1313, 1688, 2250, 3000, 3750, 4688, 5813, 7125, 9000, 11250, 13875, 19688])
02-05 01:03:29.248   581  5115 D DlbDap2Process: setParam(vbon = #1[0])
02-05 01:03:29.248   581  5115 D DlbDap2Process: setParam(beon = #1[0])
02-05 01:03:29.248   581  5115 D DlbDap2Process: setParam(geon = #1[0])
02-05 01:03:29.248   581  5115 D DlbDap2Process: setParam(ieon = #1[0])
02-05 01:03:29.248   581  5115 D DlbDap2Process: setParam(gebs = #41[20, 47, 141, 234, 328, 469, 656, 844, 1031, 1313, 1688, 2250, 3000, 3750, 4688, 5813, 7125, 9000, 11250, 13875, 19688, 0, 0, 0, 0, 0, 0, 0, 0, 0, 0, 0, 0, 0, 0, 0, 0, 0, 0, 0, 0])
02-05 01:03:29.249   581  5115 D DlbDap2Process: setParam(iebs = #41[20, 65, 136, 223, 332, 467, 634, 841, 1098, 1416, 1812, 2302, 2909, 3663, 4598, 5756, 7194, 8976, 11186, 13927, 17326, 117, 133, 188, 176, 141, 149, 175, 185, 185, 200, 236, 242, 228, 213, 182, 132, 110, 68, -27, -240])
02-05 01:03:29.249   581  5115 D DlbDapEndpointParamCache: doCommit() Committed 15 parameters out of 16.
02-05 01:03:29.249   581  5115 D DlbDapEndpointParamCache: commit() Overriding parameters for current device 0x00000008
02-05 01:03:29.249   581  5115 D DlbDap2Process: setParam(dea = #1[7])
02-05 01:03:29.249   581  5115 D DlbDap2Process: setParam(dsa = #1[10])
02-05 01:03:29.249   581  5115 D DlbDap2Process: setParam(beb = #1[96])
02-05 01:03:29.249   581  5115 D DlbDap2Process: setParam(plb = #1[0])
02-05 01:03:29.249   581  5115 D DlbDap2Process: setParam(vmb = #1[144])
02-05 01:03:29.249   581  5115 D DlbDap2Process: setParam(dsb = #1[48])
02-05 01:03:29.249   581  5115 D DlbDap2Process: setParam(ded = #1[0])
02-05 01:03:29.249   581  5115 D DlbDap2Process: setParam(vbm = #1[0])
02-05 01:03:29.249   581  5115 D DlbDap2Process: setParam(dom = #1[0])
02-05 01:03:29.249   581  5115 D DlbDap2Process: setParam(bew = #1[16])
02-05 01:03:29.249   581  5115 D DlbDap2Process: setParam(dvla = #1[5])
02-05 01:03:29.249   581  5115 D DlbDap2Process: setParam(arra = #1[96])
02-05 01:03:29.249   581  5115 D DlbDap2Process: setParam(dfsa = #1[10])
02-05 01:03:29.249   581  5115 D DlbDap2Process: setParam(dhsa = #1[10])
02-05 01:03:29.249   581  5115 D DlbDap2Process: setParam(dvmc = #1[160])
02-05 01:03:29.249   581  5115 D DlbDap2Process: setParam(arod = #1[0])
02-05 01:03:29.249   581  5115 D DlbDap2Process: setParam(arde = #1[0])
02-05 01:03:29.249   581  5115 D DlbDap2Process: setParam(dvle = #1[1])
02-05 01:03:29.249   581  5115 D DlbDap2Process: setParam(dvme = #1[0])
02-05 01:03:29.249   581  5115 D DlbDap2Process: setParam(becf = #1[160])
02-05 01:03:29.249   581  5115 D DlbDap2Process: setParam(vbmf = #2[99, 281])
02-05 01:03:29.249   581  5115 D DlbDap2Process: setParam(vbsf = #2[30, 90])
02-05 01:03:29.249   581  5115 D DlbDap2Process: setParam(vbhg = #3[-48, -480, -240])
02-05 01:03:29.249   581  5115 D DlbDap2Process: setParam(vbog = #1[0])
02-05 01:03:29.249   581  5115 D DlbDap2Process: setParam(vbsg = #1[0])
02-05 01:03:29.249   581  5115 D DlbDap2Process: setParam(dvli = #1[-320])
02-05 01:03:29.249   581  5115 D DlbDap2Process: setParam(dhfm = #1[0])
02-05 01:03:29.249   581  5115 D DlbDap2Process: setParam(vbon = #1[0])
02-05 01:03:29.249   581  5115 D DlbDap2Process: setParam(beon = #1[0])
02-05 01:03:29.249   581  5115 D DlbDap2Process: setParam(deon = #1[0])
02-05 01:03:29.249   581  5115 D DlbDap2Process: setParam(ngon = #1[1])
02-05 01:03:29.249   581  5115 D DlbDap2Process: setParam(aoon = #1[0])
02-05 01:03:29.249   581  5115 D DlbDap2Process: setParam(aron = #1[1])
02-05 01:03:29.249   581  5115 D DlbDap2Process: setParam(dvlo = #1[-320])
02-05 01:03:29.250   581  5115 D DlbDap2Process: setParam(artp = #1[12])
02-05 01:03:29.250   581  5115 D DlbDap2Process: setParam(aobs = #222[20, 10, 47, 141, 234, 328, 469, 656, 844, 1031, 1313, 1688, 2250, 3000, 3750, 4688, 5813, 7125, 9000, 11250, 13875, 19688, 0, 0, 0, 0, 0, 0, 0, 0, 0, 0, 0, 0, 0, 0, 0, 0, 0, 0, 0, 0, 0, 0, 0, 0, 0, 0, 0, 0, 0, 0, 0, 0, 0, 0, 0, 0, 0, 0, 0, 0, 0, 0, 0, 0, 0, 0, 0, 0, 0, 0, 0, 0, 0, 0, 0, 0, 0, 0, 0, 0, 0, 0, 0, 0, 0, 0, 0, 0, 0, 0, 0, 0, 0, 0, 0, 0, 0, 0, 0, 0, 0, 0, 0, 0, 0, 0, 0, 0, 0, 0, 0, 0, 0, 0, 0, 0, 0, 0, 0, 0, 0, 0, 0, 0, 0, 0, 0, 0, 0, 0, 0, 0, 0, 0, 0, 0, 0, 0, 0, 0, 0, 0, 0, 0, 0, 0, 0, 0, 0, 0, 0, 0, 0, 0, 0, 0, 0, 0, 0, 0, 0, 0, 0, 0, 0, 0, 0, 0, 0, 0, 0, 0, 0, 0, 0, 0, 0, 0, 0, 0, 0, 0, 0, 0, 0, 0, 0, 0, 0, 0, 0, 0, 0, 0, 0, 0, 0, 0, 0, 0, 0, 0, 0, 0, 0, 0, 0, 0, 0, 0, 0, 0, 0, 0, 0, 0, 0, 0, 0, 0])
02-05 01:03:29.250   581  5115 D DlbDap2Process: setParam(arbs = #81[20, 47, 141, 234, 328, 469, 656, 844, 1031, 1313, 1688, 2250, 3000, 3750, 4688, 5813, 7125, 9000, 11250, 13875, 19688, -192, -192, -192, -192, -192, -192, -192, -192, -192, -192, -192, -192, -192, -192, -192, -192, -192, -192, -192, -192, 0, 0, 0, 0, 0, 0, 0, 0, 0, 0, 0, 0, 0, 0, 0, 0, 0, 0, 0, 0, 0, 0, 0, 0, 0, 0, 0, 0, 0, 0, 0, 0, 0, 0, 0, 0, 0, 0, 0, 0])
02-05 01:03:29.250   581  5115 D DlbDapEndpointParamCache: doCommit() Committed 37 parameters out of 37.
02-05 01:03:29.250   581  5115 D DlbDap2Process: setMave(mave = 0)
02-05 01:03:29.252   581  5115 D DlbDapCrossfadeProcess: process transitioning from PREROLL_ACTIVE state to FADE_TO_ACTIVE
02-05 01:03:29.281  2083  2083 D featureTest: receive broadcast , change headphone sound virtualizer :1
02-05 01:03:29.295   581  7829 D DlbDlbEffect: handle_EFFECT_CMD_SET_PARAM()
02-05 01:03:29.328   581  5115 D DlbDapEndpointParamCache: commitChangedParams()
02-05 01:03:29.328   581  5115 D DlbDapEndpointParamCache: commit() Applying parameters for device 0x40000000
02-05 01:03:29.328   581  5115 D DlbDap2Process: setParam(iea = #1[10])
02-05 01:03:29.328   581  5115 D DlbDap2Process: setParam(msce = #1[0])
02-05 01:03:29.328   581  5115 D DlbDap2Process: setParam(mdee = #1[0])
02-05 01:03:29.328   581  5115 D DlbDap2Process: setParam(miee = #1[0])
02-05 01:03:29.328   581  5115 D DlbDap2Process: setParam(mdle = #1[0])
02-05 01:03:29.328   581  5115 D DlbDap2Process: setParam(dvle = #1[1])
02-05 01:03:29.328   581  5115 D DlbDap2Process: setParam(mave = #1[0])
02-05 01:03:29.328   581  5115 D DlbDap2Process: setParam(vcbf = #20[47, 141, 234, 328, 469, 656, 844, 1031, 1313, 1688, 2250, 3000, 3750, 4688, 5813, 7125, 9000, 11250, 13875, 19688])
02-05 01:03:29.328   581  5115 D DlbDap2Process: setParam(vbon = #1[0])
02-05 01:03:29.328   581  5115 D DlbDap2Process: setParam(beon = #1[0])
02-05 01:03:29.328   581  5115 D DlbDap2Process: setParam(geon = #1[0])
02-05 01:03:29.329   581  5115 D DlbDap2Process: setParam(ieon = #1[0])
02-05 01:03:29.329   581  5115 D DlbDap2Process: setParam(gebs = #41[20, 47, 141, 234, 328, 469, 656, 844, 1031, 1313, 1688, 2250, 3000, 3750, 4688, 5813, 7125, 9000, 11250, 13875, 19688, 0, 0, 0, 0, 0, 0, 0, 0, 0, 0, 0, 0, 0, 0, 0, 0, 0, 0, 0, 0])
02-05 01:03:29.329   581  5115 D DlbDap2Process: setParam(iebs = #41[20, 65, 136, 223, 332, 467, 634, 841, 1098, 1416, 1812, 2302, 2909, 3663, 4598, 5756, 7194, 8976, 11186, 13927, 17326, 117, 133, 188, 176, 141, 149, 175, 185, 185, 200, 236, 242, 228, 213, 182, 132, 110, 68, -27, -240])
02-05 01:03:29.329   581  5115 D DlbDapEndpointParamCache: doCommit() Committed 15 parameters out of 16.
02-05 01:03:29.329   581  5115 D DlbDapEndpointParamCache: commit() Overriding parameters for current device 0x00000008
02-05 01:03:29.329   581  5115 D DlbDap2Process: setParam(dea = #1[7])
02-05 01:03:29.329   581  5115 D DlbDap2Process: setParam(dsa = #1[10])
02-05 01:03:29.329   581  5115 D DlbDap2Process: setParam(beb = #1[96])
02-05 01:03:29.329   581  5115 D DlbDap2Process: setParam(plb = #1[0])
02-05 01:03:29.329   581  5115 D DlbDap2Process: setParam(vmb = #1[144])
02-05 01:03:29.329   581  5115 D DlbDap2Process: setParam(dsb = #1[48])
02-05 01:03:29.329   581  5115 D DlbDap2Process: setParam(ded = #1[0])
02-05 01:03:29.329   581  5115 D DlbDap2Process: setParam(vbm = #1[0])
02-05 01:03:29.329   581  5115 D DlbDap2Process: DAP output mode set to 9 with 2 output channels and null mix matrix.
02-05 01:03:29.329   581  5115 D DlbDap2Process: setParam(dom = #1[2])
02-05 01:03:29.329   581  5115 D DlbDap2Process: setParam(bew = #1[16])
02-05 01:03:29.329   581  5115 D DlbDap2Process: setParam(dvla = #1[5])
02-05 01:03:29.329   581  5115 D DlbDap2Process: setParam(arra = #1[96])
02-05 01:03:29.329   581  5115 D DlbDap2Process: setParam(dfsa = #1[10])
02-05 01:03:29.329   581  5115 D DlbDap2Process: setParam(dhsa = #1[10])
02-05 01:03:29.329   581  5115 D DlbDap2Process: setParam(dvmc = #1[160])
02-05 01:03:29.329   581  5115 D DlbDap2Process: setParam(arod = #1[0])
02-05 01:03:29.329   581  5115 D DlbDap2Process: setParam(arde = #1[0])
02-05 01:03:29.329   581  5115 D DlbDap2Process: setParam(dvle = #1[1])
02-05 01:03:29.329   581  5115 D DlbDap2Process: setParam(dvme = #1[0])
02-05 01:03:29.329   581  5115 D DlbDap2Process: setParam(becf = #1[160])
02-05 01:03:29.329   581  5115 D DlbDap2Process: setParam(vbmf = #2[99, 281])
02-05 01:03:29.329   581  5115 D DlbDap2Process: setParam(vbsf = #2[30, 90])
02-05 01:03:29.330   581  5115 D DlbDap2Process: setParam(vbhg = #3[-48, -480, -240])
02-05 01:03:29.330   581  5115 D DlbDap2Process: setParam(vbog = #1[0])
02-05 01:03:29.330   581  5115 D DlbDap2Process: setParam(vbsg = #1[0])
02-05 01:03:29.330   581  5115 D DlbDap2Process: setParam(dvli = #1[-320])
02-05 01:03:29.330   581  5115 D DlbDap2Process: setParam(dhfm = #1[0])
02-05 01:03:29.330   581  5115 D DlbDap2Process: setParam(vbon = #1[0])
02-05 01:03:29.330   581  5115 D DlbDap2Process: setParam(beon = #1[0])
02-05 01:03:29.330   581  5115 D DlbDap2Process: setParam(deon = #1[0])
02-05 01:03:29.330   581  5115 D DlbDap2Process: setParam(ngon = #1[1])
02-05 01:03:29.330   581  5115 D DlbDap2Process: setParam(aoon = #1[0])
02-05 01:03:29.330   581  5115 D DlbDap2Process: setParam(aron = #1[1])
02-05 01:03:29.330   581  5115 D DlbDap2Process: setParam(dvlo = #1[-320])
02-05 01:03:29.330   581  5115 D DlbDap2Process: setParam(artp = #1[12])
02-05 01:03:29.331   581  5115 D DlbDap2Process: setParam(aobs = #222[20, 10, 47, 141, 234, 328, 469, 656, 844, 1031, 1313, 1688, 2250, 3000, 3750, 4688, 5813, 7125, 9000, 11250, 13875, 19688, 0, 0, 0, 0, 0, 0, 0, 0, 0, 0, 0, 0, 0, 0, 0, 0, 0, 0, 0, 0, 0, 0, 0, 0, 0, 0, 0, 0, 0, 0, 0, 0, 0, 0, 0, 0, 0, 0, 0, 0, 0, 0, 0, 0, 0, 0, 0, 0, 0, 0, 0, 0, 0, 0, 0, 0, 0, 0, 0, 0, 0, 0, 0, 0, 0, 0, 0, 0, 0, 0, 0, 0, 0, 0, 0, 0, 0, 0, 0, 0, 0, 0, 0, 0, 0, 0, 0, 0, 0, 0, 0, 0, 0, 0, 0, 0, 0, 0, 0, 0, 0, 0, 0, 0, 0, 0, 0, 0, 0, 0, 0, 0, 0, 0, 0, 0, 0, 0, 0, 0, 0, 0, 0, 0, 0, 0, 0, 0, 0, 0, 0, 0, 0, 0, 0, 0, 0, 0, 0, 0, 0, 0, 0, 0, 0, 0, 0, 0, 0, 0, 0, 0, 0, 0, 0, 0, 0, 0, 0, 0, 0, 0, 0, 0, 0, 0, 0, 0, 0, 0, 0, 0, 0, 0, 0, 0, 0, 0, 0, 0, 0, 0, 0, 0, 0, 0, 0, 0, 0, 0, 0, 0, 0, 0, 0, 0, 0, 0, 0, 0])
02-05 01:03:29.331   581  5115 D DlbDap2Process: setParam(arbs = #81[20, 47, 141, 234, 328, 469, 656, 844, 1031, 1313, 1688, 2250, 3000, 3750, 4688, 5813, 7125, 9000, 11250, 13875, 19688, -192, -192, -192, -192, -192, -192, -192, -192, -192, -192, -192, -192, -192, -192, -192, -192, -192, -192, -192, -192, 0, 0, 0, 0, 0, 0, 0, 0, 0, 0, 0, 0, 0, 0, 0, 0, 0, 0, 0, 0, 0, 0, 0, 0, 0, 0, 0, 0, 0, 0, 0, 0, 0, 0, 0, 0, 0, 0, 0, 0])
02-05 01:03:29.331   581  5115 D DlbDapEndpointParamCache: doCommit() Committed 37 parameters out of 37.
02-05 01:03:29.331   581  5115 D DlbDap2Process: setMave(mave = 0)
02-05 01:03:29.350  2083  2083 D featureTest: receive broadcast , record log :0
02-05 01:03:29.369   581  5115 D DlbDapCrossfadeProcess: process transitioning from FADE_TO_ACTIVE state to DAP_ACTIVE
02-05 01:03:29.768   581  5115 D DlbDap2Process: process() called [365000] times
02-05 01:03:32.422   581  5115 D DlbDap2Process: process() called [365500] times
