02-04 23:39:15.536   429   429 D SurfaceFlinger: Set power mode=0, type=0 flinger=0x7a32e5e000
02-04 23:39:15.541   816   895 I InputReader: Reconfiguring input devices.  changes=0x00000004
02-04 23:39:15.542   429   429 D qdhwcomposer: hwc_setPowerMode: Setting mode 0 on display: 0
02-04 23:39:15.549   816   841 I DreamController: Starting dream: name=ComponentInfo{com.android.systemui/com.android.systemui.doze.DozeService}, isTest=false, canDoze=true, userId=0
02-04 23:39:15.560   571   940 E QC-QMI  : linux_qmi_qmux_io_wake_lock: Err in writing wakelock=qmuxd_port_wl_0, error [1:Operation not permitted]
02-04 23:39:15.560   571   940 E QC-QMI  : linux_qmi_qmux_io_wake_unlock: Err in writing wakelock=qmuxd_port_wl_0, error [1:Operation not permitted]
02-04 23:39:15.565   571   940 E QC-QMI  : linux_qmi_qmux_io_wake_lock: Err in writing wakelock=qmuxd_port_wl_0, error [1:Operation not permitted]
02-04 23:39:15.565   571   940 E QC-QMI  : linux_qmi_qmux_io_wake_unlock: Err in writing wakelock=qmuxd_port_wl_0, error [1:Operation not permitted]
02-04 23:39:15.567   571   940 E QC-QMI  : linux_qmi_qmux_io_wake_lock: Err in writing wakelock=qmuxd_port_wl_0, error [1:Operation not permitted]
02-04 23:39:15.567   571   940 E QC-QMI  : linux_qmi_qmux_io_wake_unlock: Err in writing wakelock=qmuxd_port_wl_0, error [1:Operation not permitted]
02-04 23:39:15.573   571   940 E QC-QMI  : linux_qmi_qmux_io_wake_lock: Err in writing wakelock=qmuxd_port_wl_0, error [1:Operation not permitted]
02-04 23:39:15.573   571   940 E QC-QMI  : linux_qmi_qmux_io_wake_unlock: Err in writing wakelock=qmuxd_port_wl_0, error [1:Operation not permitted]
02-04 23:39:15.578   571   940 E QC-QMI  : linux_qmi_qmux_io_wake_lock: Err in writing wakelock=qmuxd_port_wl_0, error [1:Operation not permitted]
02-04 23:39:15.578   571   940 E QC-QMI  : linux_qmi_qmux_io_wake_unlock: Err in writing wakelock=qmuxd_port_wl_0, error [1:Operation not permitted]
02-04 23:39:15.581   571   940 E QC-QMI  : linux_qmi_qmux_io_wake_lock: Err in writing wakelock=qmuxd_port_wl_0, error [1:Operation not permitted]
02-04 23:39:15.581   571   940 E QC-QMI  : linux_qmi_qmux_io_wake_unlock: Err in writing wakelock=qmuxd_port_wl_0, error [1:Operation not permitted]
02-04 23:39:15.585   571   940 E QC-QMI  : linux_qmi_qmux_io_wake_lock: Err in writing wakelock=qmuxd_port_wl_0, error [1:Operation not permitted]
02-04 23:39:15.585   571   940 E QC-QMI  : linux_qmi_qmux_io_wake_unlock: Err in writing wakelock=qmuxd_port_wl_0, error [1:Operation not permitted]
02-04 23:39:15.851   429   531 I qdhwcomposer: handle_blank_event: dpy:0 panel power state: 0
02-04 23:39:15.852   429   429 D qdhwcomposer: hwc_setPowerMode: Done setting mode 0 on display 0
02-04 23:39:15.853   816   935 D SurfaceControl: Excessive delay in setPowerMode(): 317ms
02-04 23:39:16.142 31691 31691 W Atfwd_Sendcmd: AtCmdFwd service not published, waiting... retryCnt : 3
02-04 23:39:20.023   958   958 D StatusBar: disable<e i a s b h r c s q >
02-04 23:39:20.072   958   958 D StatusBar: disable<e i a s b H!R!c s q >
02-05 00:09:06.354   816   816 D AlarmManagerService: Kernel timezone updated to 0 minutes west of GMT
02-05 00:09:06.371   816   975 W BroadcastQueue: Background execution not allowed: receiving Intent { act=android.intent.action.DATE_CHANGED flg=0x20200010 } to com.android.deskclock/com.android.alarmclock.DigitalAppWidgetProvider
02-05 00:09:06.376   816   975 W BroadcastQueue: Background execution not allowed: receiving Intent { act=android.intent.action.DATE_CHANGED flg=0x20200010 } to com.qualcomm.timeservice/.TimeServiceBroadcastReceiver
02-05 00:50:17.417   816  2363 I ActivityManager: START u0 {flg=0x10800000 cmp=com.estrongs.android.pop/.app.RemainTransitionActivity} from uid 10063
02-05 00:50:17.435   816   895 I InputReader: Reconfiguring input devices.  changes=0x00000004
02-05 00:50:17.452  2763  2763 W ResourceType: No package identifier when getting value for resource number 0x00000000
02-05 00:50:17.472  2763 31771 W System.err: java.net.UnknownHostException: Unable to resolve host "www.estrongs.com": No address associated with hostname
02-05 00:50:17.472  2763 31771 W System.err: 	at java.net.Inet6AddressImpl.lookupHostByName(Inet6AddressImpl.java:141)
02-05 00:50:17.472  2763 31771 W System.err: 	at java.net.Inet6AddressImpl.lookupAllHostAddr(Inet6AddressImpl.java:90)
02-05 00:50:17.472  2763 31771 W System.err: 	at java.net.InetAddress.getAllByName(InetAddress.java:787)
02-05 00:50:17.472  2763 31771 W System.err: 	at com.android.okhttp.Dns$1.lookup(Dns.java:39)
02-05 00:50:17.473  2763 31771 W System.err: 	at com.android.okhttp.internal.http.RouteSelector.resetNextInetSocketAddress(RouteSelector.java:175)
02-05 00:50:17.473  2763 31771 W System.err: 	at com.android.okhttp.internal.http.RouteSelector.nextProxy(RouteSelector.java:141)
02-05 00:50:17.473  2763 31771 W System.err: 	at com.android.okhttp.internal.http.RouteSelector.next(RouteSelector.java:83)
02-05 00:50:17.473  2763 31771 W System.err: 	at com.android.okhttp.internal.http.StreamAllocation.findConnection(StreamAllocation.java:174)
02-05 00:50:17.473  2763 31771 W System.err: 	at com.android.okhttp.internal.http.StreamAllocation.findHealthyConnection(StreamAllocation.java:126)
02-05 00:50:17.473  2763 31771 W System.err: 	at com.android.okhttp.internal.http.StreamAllocation.newStream(StreamAllocation.java:95)
02-05 00:50:17.473  2763 31771 W System.err: 	at com.android.okhttp.internal.http.HttpEngine.connect(HttpEngine.java:281)
02-05 00:50:17.473  2763 31771 W System.err: 	at com.android.okhttp.internal.http.HttpEngine.sendRequest(HttpEngine.java:224)
02-05 00:50:17.473  2763 31771 W System.err: 	at com.android.okhttp.internal.huc.HttpURLConnectionImpl.execute(HttpURLConnectionImpl.java:461)
02-05 00:50:17.473  2763 31771 W System.err: 	at com.android.okhttp.internal.huc.HttpURLConnectionImpl.connect(HttpURLConnectionImpl.java:127)
02-05 00:50:17.473  2763 31771 W System.err: 	at com.estrongs.android.util.ac.l(Unknown Source:317)
02-05 00:50:17.473  2763 31771 W System.err: 	at com.estrongs.android.util.ac.a(Unknown Source:0)
02-05 00:50:17.473  2763 31771 W System.err: 	at com.estrongs.android.util.ae.run(Unknown Source:2)
02-05 00:50:17.473  2763 31771 W System.err: Caused by: android.system.GaiException: android_getaddrinfo failed: EAI_NODATA (No address associated with hostname)
02-05 00:50:17.473  2763 31771 W System.err: 	at libcore.io.Linux.android_getaddrinfo(Native Method)
02-05 00:50:17.473  2763 31771 W System.err: 	at libcore.io.ForwardingOs.android_getaddrinfo(ForwardingOs.java:58)
02-05 00:50:17.473  2763 31771 W System.err: 	at java.net.Inet6AddressImpl.lookupHostByName(Inet6AddressImpl.java:122)
02-05 00:50:17.473  2763 31771 W System.err: 	... 16 more
02-05 00:50:17.482  2763 31783 W System.err: java.net.UnknownHostException: Unable to resolve host "conf.international.baidu.com": No address associated with hostname
02-05 00:50:17.482  2763 31783 W System.err: 	at java.net.Inet6AddressImpl.lookupHostByName(Inet6AddressImpl.java:141)
02-05 00:50:17.482  2763 31783 W System.err: 	at java.net.Inet6AddressImpl.lookupAllHostAddr(Inet6AddressImpl.java:90)
02-05 00:50:17.482  2763 31783 W System.err: 	at java.net.InetAddress.getAllByName(InetAddress.java:787)
02-05 00:50:17.482  2763 31783 W System.err: 	at com.android.okhttp.Dns$1.lookup(Dns.java:39)
02-05 00:50:17.482  2763 31783 W System.err: 	at com.android.okhttp.internal.http.RouteSelector.resetNextInetSocketAddress(RouteSelector.java:175)
02-05 00:50:17.482  2763 31783 W System.err: 	at com.android.okhttp.internal.http.RouteSelector.nextProxy(RouteSelector.java:141)
02-05 00:50:17.482  2763 31783 W System.err: 	at com.android.okhttp.internal.http.RouteSelector.next(RouteSelector.java:83)
02-05 00:50:17.482  2763 31783 W System.err: 	at com.android.okhttp.internal.http.StreamAllocation.findConnection(StreamAllocation.java:174)
02-05 00:50:17.482  2763 31783 W System.err: 	at com.android.okhttp.internal.http.StreamAllocation.findHealthyConnection(StreamAllocation.java:126)
02-05 00:50:17.482  2763 31783 W System.err: 	at com.android.okhttp.internal.http.StreamAllocation.newStream(StreamAllocation.java:95)
02-05 00:50:17.482  2763 31783 W System.err: 	at com.android.okhttp.internal.http.HttpEngine.connect(HttpEngine.java:281)
02-05 00:50:17.482  2763 31783 W System.err: 	at com.android.okhttp.internal.http.HttpEngine.sendRequest(HttpEngine.java:224)
02-05 00:50:17.482  2763 31783 W System.err: 	at com.android.okhttp.internal.huc.HttpURLConnectionImpl.execute(HttpURLConnectionImpl.java:461)
02-05 00:50:17.482  2763 31783 W System.err: 	at com.android.okhttp.internal.huc.HttpURLConnectionImpl.connect(HttpURLConnectionImpl.java:127)
02-05 00:50:17.483  2763 31783 W System.err: 	at com.estrongs.android.util.ac.l(Unknown Source:317)
02-05 00:50:17.483  2763 31783 W System.err: 	at com.estrongs.android.util.ac.a(Unknown Source:0)
02-05 00:50:17.483  2763 31783 W System.err: 	at com.estrongs.android.util.ae.run(Unknown Source:2)
02-05 00:50:17.483  2763 31783 W System.err: Caused by: android.system.GaiException: android_getaddrinfo failed: EAI_NODATA (No address associated with hostname)
02-05 00:50:17.483  2763 31783 W System.err: 	at libcore.io.Linux.android_getaddrinfo(Native Method)
02-05 00:50:17.483  2763 31783 W System.err: 	at libcore.io.ForwardingOs.android_getaddrinfo(ForwardingOs.java:58)
02-05 00:50:17.483  2763 31783 W System.err: 	at java.net.Inet6AddressImpl.lookupHostByName(Inet6AddressImpl.java:122)
02-05 00:50:17.483  2763 31783 W System.err: 	... 16 more
02-05 00:50:17.494  1232  1477 E PhoneInterfaceManager: [PhoneIntfMgr] getIccId: No UICC
02-05 00:58:47.938  2763  2787 I zygote  : Background concurrent copying GC freed 22620(1733KB) AllocSpace objects, 12(240KB) LOS objects, 50% free, 2MB/5MB, paused 635us total 354.885ms
02-05 00:58:48.143   816   895 V WiredAccessoryManager: notifyWiredAccessoryChanged: when=99124476358000 bits=SW_HEADPHONE_INSERT SW_MICROPHONE_INSERT mask=20094
02-05 00:58:48.144   816   895 V WiredAccessoryManager: newName=h2w newState=1 headsetState=1 prev headsetState=0
02-05 00:58:48.144   816   895 I WiredAccessoryManager: MSG_NEW_DEVICE_STATE
02-05 00:58:48.145   816   816 V WiredAccessoryManager: headsetName:  connected
02-05 00:58:48.152   581   581 I AudioFlinger: openOutput() this 0xf52bd000, module 10 Device 4, SamplingRate 8000, Format 0x1000000, Channels 1, flags 31
02-05 00:58:48.155   581   581 I AudioFlinger: HAL output buffer size 262144 frames, normal sink buffer size 262144 frames
02-05 00:58:48.156   581 31795 I AudioFlinger: AudioFlinger's thread 0xf4a74000 tid=31795 ready to run
02-05 00:58:48.162   581 31795 D audio_hw_primary: out_set_parameters: enter: usecase(3: compress-offload-playback) kvpairs: closing=true
02-05 00:58:48.163   581   581 D audio_hw_primary: out_set_parameters: enter: usecase(3: compress-offload-playback) kvpairs: exiting=1
02-05 00:58:48.163   581 31791 E audio_hw_primary: offload_thread_loop: Compress handle is NULL
02-05 00:58:48.166   581   761 D audio_hw_primary: out_set_parameters: enter: usecase(1: low-latency-playback) kvpairs: routing=0
02-05 00:58:48.170   581   764 D audio_hw_primary: out_set_parameters: enter: usecase(5: audio-ull-playback) kvpairs: routing=0
02-05 00:58:48.173   581   770 D audio_hw_primary: out_set_parameters: enter: usecase(0: deep-buffer-playback) kvpairs: routing=0
02-05 00:58:48.174   581   774 D audio_hw_primary: out_set_parameters: enter: usecase(24: afe-proxy-playback) kvpairs: routing=0
02-05 00:58:48.180   581  5355 W DeviceHAL: Device 0xf4a34000 open_input_stream: Invalid argument
02-05 00:58:48.182   581 31797 I AudioFlinger: AudioFlinger's thread 0xf001f380 tid=31797 ready to run
02-05 00:58:48.183   581  5355 W DeviceHAL: Device 0xf4a34000 open_input_stream: Invalid argument
02-05 00:58:48.184   581 31799 I AudioFlinger: AudioFlinger's thread 0xf0783d00 tid=31799 ready to run
02-05 00:58:48.189   581   793 I SoundTriggerHwService::Module: onCallbackEvent no clients
02-05 00:58:48.202   816   816 V MediaRouter: Dispatching route change: RouteInfo{ name=Headphones, description=null, status=null, category=RouteCategory{ name=System types=ROUTE_TYPE_LIVE_AUDIO ROUTE_TYPE_LIVE_VIDEO  groupable=false }, supportedTypes=ROUTE_TYPE_LIVE_AUDIO ROUTE_TYPE_LIVE_VIDEO , presentationDisplay=null }
02-05 00:58:48.202   816   816 V MediaRouter: Audio routes updated: AudioRoutesInfo{ type=HEADSET }, a2dp=false
02-05 00:58:48.203   816   816 I Telecom : WiredHeadsetManager: ACTION_HEADSET_PLUG event, plugged in: true, : WHC.oADA@AEc
02-05 00:58:48.204   958   958 V MediaRouter: Dispatching route change: RouteInfo{ name=Headphones, description=null, status=null, category=RouteCategory{ name=System types=ROUTE_TYPE_LIVE_AUDIO ROUTE_TYPE_LIVE_VIDEO  groupable=false }, supportedTypes=ROUTE_TYPE_LIVE_AUDIO ROUTE_TYPE_LIVE_VIDEO , presentationDisplay=null }
02-05 00:58:48.204   958   958 V MediaRouter: Audio routes updated: AudioRoutesInfo{ type=HEADSET }, a2dp=false
02-05 00:58:48.205   816  1318 I Telecom : CallAudioRouteStateMachine: Message received: CONNECT_WIRED_HEADSET=1, arg1=0: WHC.oADA->CARSM.pM_CONNECT_WIRED_HEADSET@AEc
02-05 00:58:48.205   958  1189 I vol.Events: writeEvent level_changed STREAM_SYSTEM 5
02-05 00:58:48.205   816  1318 I Telecom : Logging.Events: Non-call EVENT: AUDIO_ROUTE, Wired headset connected: WHC.oADA->CARSM.pM_CONNECT_WIRED_HEADSET@AEc
02-05 00:58:48.205   816  1318 I Telecom : CallAudioRouteStateMachine: Message received: SWITCH_HEADSET=1003, arg1=0: WHC.oADA->CARSM.pM_CONNECT_WIRED_HEADSET->CARSM.pM_SWITCH_HEADSET@AEc
02-05 00:58:48.206   816  1318 I Telecom : Logging.Events: Non-call EVENT: AUDIO_ROUTE, Leaving state QuiescentEarpieceRoute: WHC.oADA->CARSM.pM_CONNECT_WIRED_HEADSET->CARSM.pM_SWITCH_HEADSET@AEc
02-05 00:58:48.206   816  1318 I Telecom : Logging.Events: Non-call EVENT: AUDIO_ROUTE, Entering state QuiescentHeadsetRoute: WHC.oADA->CARSM.pM_CONNECT_WIRED_HEADSET->CARSM.pM_SWITCH_HEADSET@AEc
02-05 00:58:48.208   958  1189 I vol.Events: writeEvent level_changed STREAM_MUSIC 4
02-05 00:58:49.100   816   836 I MediaSessionService: voice-based interactions: about to use ACTION_VOICE_SEARCH_HANDS_FREE
02-05 00:58:49.102   816   836 I ActivityManager: START u0 {act=android.speech.action.VOICE_SEARCH_HANDS_FREE flg=0x10800000 (has extras)} from uid 1000
02-05 00:58:51.533   419   921 E android.hardware.usb@1.0-service: uevent received SUBSYSTEM=dual_role_usb
02-05 00:58:51.534   419   921 I android.hardware.usb@1.0-service: otg_default
02-05 00:58:51.550   419   921 I android.hardware.usb@1.0-service: canChangeMode: 1 canChagedata: 0 canChangePower:0
02-05 00:58:51.551   816   893 I UsbPortManager: ClientCallback: otg_default
02-05 00:58:51.552   816   841 I UsbPortManager: USB port changed: port=UsbPort{id=otg_default, supportedModes=dual}, status=UsbPortStatus{connected=true, currentMode=ufp, currentPowerRole=sink, currentDataRole=device, supportedRoleCombinations=[source:host, sink:device]}, canChangeMode=true, canChangePowerRole=false, canChangeDataRole=false
02-05 00:58:52.238   816   906 E HalDeviceManager: Should have at least 1 chip!
02-05 00:58:52.240   816   906 E HalDeviceManager: getSupportedIfaceTypesInternal: no chip info found
02-05 00:58:52.242   816   816 I EntropyMixer: Writing entropy...
02-05 00:58:52.242   816   838 E BatteryStatsService: no controller energy info supplied
02-05 00:58:52.243   816   838 E BatteryStatsService: no controller energy info supplied
02-05 00:58:52.244   816   845 I PowerManagerService: Waking up from dozing (uid 1000)...
02-05 00:58:52.250   816   845 I QCOMPowerHAL: Got set_interactive hint
02-05 00:58:52.264   816   845 I DisplayPowerController: Blocking screen on until initial contents have been drawn.
02-05 00:58:52.272   571   940 E QC-QMI  : linux_qmi_qmux_io_wake_lock: Err in writing wakelock=qmuxd_port_wl_0, error [1:Operation not permitted]
02-05 00:58:52.272   571   940 E QC-QMI  : linux_qmi_qmux_io_wake_unlock: Err in writing wakelock=qmuxd_port_wl_0, error [1:Operation not permitted]
02-05 00:58:52.272   816   843 I DisplayManagerService: Display device changed state: "Built-in Screen", ON
02-05 00:58:52.274   571   940 E QC-QMI  : linux_qmi_qmux_io_wake_lock: Err in writing wakelock=qmuxd_port_wl_0, error [1:Operation not permitted]
02-05 00:58:52.274   571   940 E QC-QMI  : linux_qmi_qmux_io_wake_unlock: Err in writing wakelock=qmuxd_port_wl_0, error [1:Operation not permitted]
02-05 00:58:52.274   429   429 D SurfaceFlinger: Set power mode=2, type=0 flinger=0x7a32e5e000
02-05 00:58:52.274   429   429 D qdhwcomposer: hwc_setPowerMode: Setting mode 2 on display: 0
02-05 00:58:52.280   816   895 I InputReader: Reconfiguring input devices.  changes=0x00000004
02-05 00:58:52.284   571   940 E QC-QMI  : linux_qmi_qmux_io_wake_lock: Err in writing wakelock=qmuxd_port_wl_0, error [1:Operation not permitted]
02-05 00:58:52.284   571   940 E QC-QMI  : linux_qmi_qmux_io_wake_unlock: Err in writing wakelock=qmuxd_port_wl_0, error [1:Operation not permitted]
02-05 00:58:52.286   571   940 E QC-QMI  : linux_qmi_qmux_io_wake_lock: Err in writing wakelock=qmuxd_port_wl_0, error [1:Operation not permitted]
02-05 00:58:52.287   571   940 E QC-QMI  : linux_qmi_qmux_io_wake_unlock: Err in writing wakelock=qmuxd_port_wl_0, error [1:Operation not permitted]
02-05 00:58:52.290   571   940 E QC-QMI  : linux_qmi_qmux_io_wake_lock: Err in writing wakelock=qmuxd_port_wl_0, error [1:Operation not permitted]
02-05 00:58:52.290   571   940 E QC-QMI  : linux_qmi_qmux_io_wake_unlock: Err in writing wakelock=qmuxd_port_wl_0, error [1:Operation not permitted]
02-05 00:58:52.292   571   940 E QC-QMI  : linux_qmi_qmux_io_wake_lock: Err in writing wakelock=qmuxd_port_wl_0, error [1:Operation not permitted]
02-05 00:58:52.292   571   940 E QC-QMI  : linux_qmi_qmux_io_wake_unlock: Err in writing wakelock=qmuxd_port_wl_0, error [1:Operation not permitted]
02-05 00:58:52.292   571   940 E QC-QMI  : linux_qmi_qmux_io_wake_lock: Err in writing wakelock=qmuxd_port_wl_0, error [1:Operation not permitted]
02-05 00:58:52.292   571   940 E QC-QMI  : linux_qmi_qmux_io_wake_unlock: Err in writing wakelock=qmuxd_port_wl_0, error [1:Operation not permitted]
02-05 00:58:52.297   571   940 E QC-QMI  : linux_qmi_qmux_io_wake_lock: Err in writing wakelock=qmuxd_port_wl_0, error [1:Operation not permitted]
02-05 00:58:52.297   571   940 E QC-QMI  : linux_qmi_qmux_io_wake_unlock: Err in writing wakelock=qmuxd_port_wl_0, error [1:Operation not permitted]
02-05 00:58:52.302   571   940 E QC-QMI  : linux_qmi_qmux_io_wake_lock: Err in writing wakelock=qmuxd_port_wl_0, error [1:Operation not permitted]
02-05 00:58:52.303   571   940 E QC-QMI  : linux_qmi_qmux_io_wake_unlock: Err in writing wakelock=qmuxd_port_wl_0, error [1:Operation not permitted]
02-05 00:58:52.304   571   940 E QC-QMI  : linux_qmi_qmux_io_wake_lock: Err in writing wakelock=qmuxd_port_wl_0, error [1:Operation not permitted]
02-05 00:58:52.304   571   940 E QC-QMI  : linux_qmi_qmux_io_wake_unlock: Err in writing wakelock=qmuxd_port_wl_0, error [1:Operation not permitted]
02-05 00:58:52.308   571   940 E QC-QMI  : linux_qmi_qmux_io_wake_lock: Err in writing wakelock=qmuxd_port_wl_0, error [1:Operation not permitted]
02-05 00:58:52.308   571   940 E QC-QMI  : linux_qmi_qmux_io_wake_unlock: Err in writing wakelock=qmuxd_port_wl_0, error [1:Operation not permitted]
02-05 00:58:52.310   571   940 E QC-QMI  : linux_qmi_qmux_io_wake_lock: Err in writing wakelock=qmuxd_port_wl_0, error [1:Operation not permitted]
02-05 00:58:52.311   571   940 E QC-QMI  : linux_qmi_qmux_io_wake_unlock: Err in writing wakelock=qmuxd_port_wl_0, error [1:Operation not permitted]
02-05 00:58:52.313   571   940 E QC-QMI  : linux_qmi_qmux_io_wake_lock: Err in writing wakelock=qmuxd_port_wl_0, error [1:Operation not permitted]
02-05 00:58:52.313   571   940 E QC-QMI  : linux_qmi_qmux_io_wake_unlock: Err in writing wakelock=qmuxd_port_wl_0, error [1:Operation not permitted]
02-05 00:58:52.316   571   940 E QC-QMI  : linux_qmi_qmux_io_wake_lock: Err in writing wakelock=qmuxd_port_wl_0, error [1:Operation not permitted]
02-05 00:58:52.316   571   940 E QC-QMI  : linux_qmi_qmux_io_wake_unlock: Err in writing wakelock=qmuxd_port_wl_0, error [1:Operation not permitted]
02-05 00:58:52.317   816   845 I DisplayPowerController: Unblocked screen on after 53 ms
02-05 00:58:52.318   571   940 E QC-QMI  : linux_qmi_qmux_io_wake_lock: Err in writing wakelock=qmuxd_port_wl_0, error [1:Operation not permitted]
02-05 00:58:52.318   571   940 E QC-QMI  : linux_qmi_qmux_io_wake_unlock: Err in writing wakelock=qmuxd_port_wl_0, error [1:Operation not permitted]
02-05 00:58:52.331   816  4855 I ActivityManager: START u0 {flg=0x10000000 cmp=com.estrongs.android.pop/com.lemon.sweetcandy.SweetCandyContainer} from uid 10063
02-05 00:58:52.346   816   895 I InputReader: Reconfiguring input devices.  changes=0x00000004
02-05 00:58:52.369   816   843 D ActivityManager: awakeFromSleepingLocked: previously pausing activity didn't pause
02-05 00:58:52.386  2763  2763 W FragmentManager: moveToState: Fragment state for m{4676031 #0 id=0x7f0e06be android:switcher:2131625662:0} not updated inline; expected state 3 found 2
02-05 00:58:52.560   816  2347 E LightsService: Light requested not available on this device. 3
02-05 00:58:52.593   816   895 I PowerManagerService: Going to sleep due to power button (uid 1000)...
02-05 00:58:52.604   429   531 I qdhwcomposer: handle_blank_event: dpy:0 panel power state: 1
02-05 00:58:52.606   429   429 D qdhwcomposer: hwc_setPowerMode: Done setting mode 2 on display 0
02-05 00:58:52.607   816   935 D SurfaceControl: Excessive delay in setPowerMode(): 334ms
02-05 00:58:52.623   816  1084 W zygote64: Long monitor contention with owner Binder:816_A (4855) at int com.android.server.wm.WindowManagerService.relayoutWindow(com.android.server.wm.Session, android.view.IWindow, int, android.view.WindowManager$LayoutParams, int, int, int, int, android.graphics.Rect, android.graphics.Rect, android.graphics.Rect, android.graphics.Rect, android.graphics.Rect, android.graphics.Rect, android.graphics.Rect, android.util.MergedConfiguration, android.view.Surface)(WindowManagerService.java:1898) waiters=1 in void com.android.server.wm.TaskWindowContainerController.setTaskDescription(android.app.ActivityManager$TaskDescription) for 148ms
02-05 00:58:52.633   816   843 I DisplayManagerService: Display device changed state: "Built-in Screen", OFF
02-05 00:58:52.634   429   429 D SurfaceFlinger: Set power mode=0, type=0 flinger=0x7a32e5e000
02-05 00:58:52.636   816   895 I InputReader: Reconfiguring input devices.  changes=0x00000004
02-05 00:58:52.636   429   429 D qdhwcomposer: hwc_setPowerMode: Setting mode 0 on display: 0
02-05 00:58:52.649   816   915 D NotificationSQLiteLog: Pruned event entries: 0
02-05 00:58:52.659  2763  2763 W Settings: Setting stay_on_while_plugged_in has moved from android.provider.Settings.System to android.provider.Settings.Global, returning read-only value.
02-05 00:58:52.670   958   958 D StatusBar: disable<e i a s b H R c s q >
02-05 00:58:52.692   958   958 D StatusBar: disable<e i a s b h!R c s q >
02-05 00:58:52.948   429   531 I qdhwcomposer: handle_blank_event: dpy:0 panel power state: 0
02-05 00:58:52.948   429   429 D qdhwcomposer: hwc_setPowerMode: Done setting mode 0 on display 0
02-05 00:58:52.948   816   935 D SurfaceControl: Excessive delay in setPowerMode(): 315ms
02-05 00:58:52.950   816   845 I QCOMPowerHAL: Got set_interactive hint
02-05 00:58:52.952   816   845 I DreamManagerService: Gently waking up from dream.
02-05 00:58:52.952   816   841 I DreamManagerService: Performing gentle wake from dream.
02-05 00:58:52.953   816   845 I DreamManagerService: Already in target dream.
02-05 00:58:52.953   816   845 I PowerManagerService: Sleeping (uid 1000)...
02-05 00:58:52.975   816  2356 I DreamManagerService: Leaving dreamland.
02-05 00:58:52.975   816   841 I DreamManagerService: Performing gentle wake from dream.
02-05 00:58:52.975   816   841 I DreamController: Stopping dream: name=ComponentInfo{com.android.systemui/com.android.systemui.doze.DozeService}, isTest=false, canDoze=true, userId=0
02-05 00:58:52.989   816   895 I InputReader: Reconfiguring input devices.  changes=0x00000004
02-05 00:58:53.016   816   895 I InputReader: Reconfiguring input devices.  changes=0x00000004
02-05 00:58:53.284   571   940 E QC-QMI  : linux_qmi_qmux_io_wake_lock: Err in writing wakelock=qmuxd_port_wl_0, error [1:Operation not permitted]
02-05 00:58:53.284   571   940 E QC-QMI  : linux_qmi_qmux_io_wake_unlock: Err in writing wakelock=qmuxd_port_wl_0, error [1:Operation not permitted]
02-05 00:58:53.975   816   895 I PowerManagerService: Waking up from sleep (uid 1000)...
02-05 00:58:53.982   816   895 I QCOMPowerHAL: Got set_interactive hint
02-05 00:58:53.982   816   845 I DisplayPowerController: Blocking screen on until initial contents have been drawn.
02-05 00:58:54.002   816   895 I InputReader: Reconfiguring input devices.  changes=0x00000004
02-05 00:58:54.005   816   843 I DisplayManagerService: Display device changed state: "Built-in Screen", ON
02-05 00:58:54.005   429   429 D SurfaceFlinger: Set power mode=2, type=0 flinger=0x7a32e5e000
02-05 00:58:54.005   429   429 D qdhwcomposer: hwc_setPowerMode: Setting mode 2 on display: 0
02-05 00:58:54.009   816   895 I InputReader: Reconfiguring input devices.  changes=0x00000004
02-05 00:58:54.019  2763  2763 W Settings: Setting stay_on_while_plugged_in has moved from android.provider.Settings.System to android.provider.Settings.Global, returning read-only value.
02-05 00:58:54.040   816   845 I DisplayPowerController: Unblocked screen on after 58 ms
02-05 00:58:54.322   429   531 I qdhwcomposer: handle_blank_event: dpy:0 panel power state: 1
02-05 00:58:54.323   429   429 D qdhwcomposer: hwc_setPowerMode: Done setting mode 2 on display 0
02-05 00:58:54.324   816   935 D SurfaceControl: Excessive delay in setPowerMode(): 319ms
02-05 00:58:54.326   816   845 W PowerManagerService: Screen on took 357 ms
02-05 00:58:55.306 31691 31691 I ServiceManager: Waiting for service AtCmdFwd...
02-05 00:58:55.480   816   895 I InputReader: Reconfiguring input devices.  changes=0x00000004
02-05 00:58:55.506   958   958 D StatusBar: disable<e i a s b h R c s q >
02-05 00:58:55.559   958   958 D StatusBar: disable<e i a s b H!R c s q >
02-05 00:58:55.625   958   958 D StatusBar: disable<e i a s b H R c s q >
02-05 00:58:55.849   571   940 E QC-QMI  : linux_qmi_qmux_io_wake_lock: Err in writing wakelock=qmuxd_port_wl_0, error [1:Operation not permitted]
02-05 00:58:55.849   571   940 E QC-QMI  : linux_qmi_qmux_io_wake_unlock: Err in writing wakelock=qmuxd_port_wl_0, error [1:Operation not permitted]
02-05 00:58:55.878   816  5052 I OpenGLRenderer: Initialized EGL, version 1.4
02-05 00:58:55.878   816  5052 D OpenGLRenderer: Swap behavior 2
02-05 00:58:56.307 31691 31691 I ServiceManager: Waiting for service AtCmdFwd...
02-05 00:58:56.377   958   958 D StatusBar: disable<e i a s b H R c s q >
02-05 00:58:56.443   958   958 D StatusBar: disable<e i a s b H R c s q >
02-05 00:58:56.493   958  1079 W AudioTrack: dead IAudioTrack, PCM, creating a new one from getTimestampExtended()
02-05 00:58:56.493   958   958 D StatusBar: disable<e i a s b H R c s q >
02-05 00:58:56.494   958   958 D StatusBar: disable<e i a s b H R c s q >
02-05 00:58:56.496   958  1079 W AudioTrack: AUDIO_OUTPUT_FLAG_FAST denied by client; transfer 4, track 44100 Hz, output 48000 Hz
02-05 00:58:56.530   958   958 D StatusBar: disable<e i a s b h!r!c s q >
02-05 00:58:56.596   581   764 D audio_hw_primary: out_set_parameters: enter: usecase(5: audio-ull-playback) kvpairs: routing=4
02-05 00:58:56.601   581  4729 D audio_hw_primary: select_devices: changing use case audio-ull-playback output device from(2: speaker, acdb 15) to (5: headphones, acdb 10)
02-05 00:58:56.601   581  4729 D audio_hw_primary: enable_snd_device: snd_device(5: headphones)
02-05 00:58:56.611   581  4729 D audio_hw_primary: enable_audio_route: usecase(5) apply and update mixer path: audio-ull-playback
02-05 00:58:56.991  2401  2517 W OpenGLRenderer: Incorrectly called buildLayer on View: ShortcutAndWidgetContainer, destroying layer...
02-05 00:58:57.216   581   764 D audio_hw_primary: disable_audio_route: usecase(5) reset and update mixer path: audio-ull-playback
02-05 00:58:57.218   581   764 D audio_hw_primary: disable_snd_device: snd_device(5: headphones)
02-05 00:58:57.307 31691 31691 I ServiceManager: Waiting for service AtCmdFwd...
02-05 00:58:58.308 31691 31691 I ServiceManager: Waiting for service AtCmdFwd...
02-05 00:58:59.309 31691 31691 W Atfwd_Sendcmd: AtCmdFwd service not published, waiting... retryCnt : 4
02-05 00:59:00.970   571   940 E QC-QMI  : linux_qmi_qmux_io_wake_lock: Err in writing wakelock=qmuxd_port_wl_0, error [1:Operation not permitted]
02-05 00:59:00.970   571   940 E QC-QMI  : linux_qmi_qmux_io_wake_unlock: Err in writing wakelock=qmuxd_port_wl_0, error [1:Operation not permitted]
02-05 00:59:03.527   571   940 E QC-QMI  : linux_qmi_qmux_io_wake_lock: Err in writing wakelock=qmuxd_port_wl_0, error [1:Operation not permitted]
02-05 00:59:03.527   571   940 E QC-QMI  : linux_qmi_qmux_io_wake_unlock: Err in writing wakelock=qmuxd_port_wl_0, error [1:Operation not permitted]
02-05 00:59:08.649   571   940 E QC-QMI  : linux_qmi_qmux_io_wake_lock: Err in writing wakelock=qmuxd_port_wl_0, error [1:Operation not permitted]
02-05 00:59:08.650   571   940 E QC-QMI  : linux_qmi_qmux_io_wake_unlock: Err in writing wakelock=qmuxd_port_wl_0, error [1:Operation not permitted]
02-05 00:59:16.337   571   940 E QC-QMI  : linux_qmi_qmux_io_wake_lock: Err in writing wakelock=qmuxd_port_wl_0, error [1:Operation not permitted]
02-05 00:59:16.337   571   940 E QC-QMI  : linux_qmi_qmux_io_wake_unlock: Err in writing wakelock=qmuxd_port_wl_0, error [1:Operation not permitted]
02-05 00:59:18.901   571   940 E QC-QMI  : linux_qmi_qmux_io_wake_lock: Err in writing wakelock=qmuxd_port_wl_0, error [1:Operation not permitted]
02-05 00:59:18.902   571   940 E QC-QMI  : linux_qmi_qmux_io_wake_unlock: Err in writing wakelock=qmuxd_port_wl_0, error [1:Operation not permitted]
02-05 00:59:19.311 31691 31691 I ServiceManager: Waiting for service AtCmdFwd...
02-05 00:59:21.315 31691 31691 I chatty  : uid=1000(system) /vendor/bin/ATFWD-daemon identical 2 lines
02-05 00:59:22.317 31691 31691 I ServiceManager: Waiting for service AtCmdFwd...
02-05 00:59:23.318 31691 31691 W Atfwd_Sendcmd: AtCmdFwd service not published, waiting... retryCnt : 5
02-05 00:59:30.684   816  2356 I ActivityManager: START u0 {flg=0x10000000 cmp=com.dolby.qa.featuretest/.MainActivity} from uid 2000
02-05 00:59:30.712 31902 31902 I zygote64: Late-enabling -Xcheck:jni
02-05 00:59:30.713   816   828 I ActivityManager: Start proc 31902:com.dolby.qa.featuretest/u0a74 for activity com.dolby.qa.featuretest/.MainActivity
02-05 00:59:30.923 31902 31902 D featureTest: onCreate
02-05 00:59:30.929 31902 31902 D AudioTrack: Client defaulted notificationFrames to 962 for frameCount 1924
02-05 00:59:30.933 31902 31902 W AudioTrack: Use of stream types is deprecated for operations other than volume control
02-05 00:59:30.934 31902 31902 W AudioTrack: See the documentation of AudioTrack() for what to use instead with android.media.AudioAttributes to qualify your playback use case
02-05 00:59:30.941 31902 31902 W DolbyAudioEffect: WARNING: attaching a DolbyAudioEffect to global output mix is deprecated!
02-05 00:59:30.946 31902 31902 D featureTest: onResume
02-05 00:59:30.964 31902 31919 D OpenGLRenderer: HWUI GL Pipeline
02-05 00:59:31.006 31902 31919 I Adreno  : QUALCOMM build                   : 7142022, Ib5823dd10c
02-05 00:59:31.006 31902 31919 I Adreno  : Build Date                       : 06/23/17
02-05 00:59:31.006 31902 31919 I Adreno  : OpenGL ES Shader Compiler Version: EV031.18.00.00
02-05 00:59:31.006 31902 31919 I Adreno  : Local Branch                     : O11A
02-05 00:59:31.006 31902 31919 I Adreno  : Remote Branch                    : 
02-05 00:59:31.006 31902 31919 I Adreno  : Remote Branch                    : 
02-05 00:59:31.006 31902 31919 I Adreno  : Reconstruct Branch               : 
02-05 00:59:31.007 31902 31919 I vndksupport: sphal namespace is not configured for this process. Loading /vendor/lib64/hw/gralloc.msm8994.so from the current namespace instead.
02-05 00:59:31.015 31902 31919 I Adreno  : PFP: 0x00000000, ME: 0x00000000
02-05 00:59:31.023 31902 31919 I OpenGLRenderer: Initialized EGL, version 1.4
02-05 00:59:31.023 31902 31919 D OpenGLRenderer: Swap behavior 2
02-05 00:59:31.047   365   365 W /system/bin/hwservicemanager: getTransportFromManifest: Cannot find entry android.hardware.graphics.mapper@2.0::IMapper in either framework or device manifest, using default transport.
02-05 00:59:31.051 31902 31919 I vndksupport: sphal namespace is not configured for this process. Loading /vendor/lib64/hw/gralloc.msm8994.so from the current namespace instead.
02-05 00:59:31.080   816   843 I ActivityManager: Displayed com.dolby.qa.featuretest/.MainActivity: +380ms
02-05 00:59:31.689   571   940 E QC-QMI  : linux_qmi_qmux_io_wake_lock: Err in writing wakelock=qmuxd_port_wl_0, error [1:Operation not permitted]
02-05 00:59:31.690   571   940 E QC-QMI  : linux_qmi_qmux_io_wake_unlock: Err in writing wakelock=qmuxd_port_wl_0, error [1:Operation not permitted]
02-05 00:59:31.785 31902 31902 D featureTest: receive broadcast , playing content location :/sdcard/featureTest/stereo_channel_id.wav
02-05 00:59:31.794 31902 31902 D featureTest: mMediaPlayer.getAudioSessionId(): 4553
02-05 00:59:31.794 31902 31902 D featureTest: Playing file: /sdcard/featureTest/stereo_channel_id.wav
02-05 00:59:31.796 31930 31930 W generic : type=1400 audit(0.0:2932): avc: denied { read } for path="/storage/emulated/0/featuretest/stereo_channel_id.wav" dev="sdcardfs" ino=523295 scontext=u:r:mediaextractor:s0 tcontext=u:object_r:sdcardfs:s0 tclass=file permissive=0
02-05 00:59:31.796   589 26717 D NuPlayerDriver: NuPlayerDriver(0xe57328c0) created, clientPid(31902)
02-05 00:59:31.799 31902 31902 W MediaPlayer: Use of stream types is deprecated for operations other than volume control
02-05 00:59:31.799 31902 31902 W MediaPlayer: See the documentation of setAudioStreamType() for what to use instead with android.media.AudioAttributes to qualify your playback use case
02-05 00:59:31.801   589 31930 D GenericSource: FileSource remote
02-05 00:59:31.802   589 31930 W GenericSource: extractor service cannot make data source
02-05 00:59:31.802   589 31930 D GenericSource: FileSource local
02-05 00:59:31.827   587  1118 D MediaBufferGroup: creating MemoryDealer
02-05 00:59:31.828   588  5235 D MediaAnalyticsService: MediaAnalyticsService::newSummarizerSet
02-05 00:59:31.829   589 31929 D NuPlayerDriver: notifyListener_l(0xe57328c0), (1, 0, 0, -1), loop setting(0, 0)
02-05 00:59:31.838   589 26717 D NuPlayerDriver: start(0xe57328c0), state is 4, eos is 0
02-05 00:59:31.838   589 31929 I GenericSource: start
02-05 00:59:31.844 31902 31902 W DolbyAudioEffect: WARNING: attaching a DolbyAudioEffect to global output mix is deprecated!
02-05 00:59:31.846   593  1188 I OMXMaster: makeComponentInstance(OMX.google.raw.decoder) in android.hardwar process
02-05 00:59:31.850 31902 31902 D featureTest: receive broadcast , change ds status :1
02-05 00:59:31.852   593 20514 E OMXNodeInstance: setConfig(0xf0d07180:google.raw.decoder, ConfigPriority(0x6f800002)) ERROR: Undefined(0x80001001)
02-05 00:59:31.852   589 31935 I ACodec  : codec does not support config priority (err -2147483648)
02-05 00:59:31.853   593 20870 E OMXNodeInstance: getConfig(0xf0d07180:google.raw.decoder, ConfigAndroidVendorExtension(0x6f100004)) ERROR: Undefined(0x80001001)
02-05 00:59:31.856   589 31935 I MediaCodec: MediaCodec will operate in async mode
02-05 00:59:31.870   589 31933 D AudioTrack: Client defaulted notificationFrames to 12000 for frameCount 24000
02-05 00:59:31.871   581  5355 D DlbDlbEffect: handle_EFFECT_CMD_DISABLE()
02-05 00:59:31.871   581  5355 D DlbDapCrossfadeProcess: setEnabled transitioning from FADE_TO_ACTIVE state to FADE_TO_BYPASS
02-05 00:59:31.872   581  5110 D DlbDlbEffect: handle_EFFECT_CMD_SET_PARAM()
02-05 00:59:31.880   416   416 W /system/bin/hw/android.hidl.allocator@1.0-service: ashmem_create_region(7680) returning hidl_memory(0x7590c2c2e0, 7680)
02-05 00:59:31.881   581  5355 D DlbDlbEffect: handle_EFFECT_CMD_SET_CONFIG()
02-05 00:59:31.881   581  5355 D DlbDlbEffect: handle_EFFECT_CMD_ENABLE()
02-05 00:59:31.881   581  5355 D DlbDapCrossfadeProcess: setEnabled transitioning from FADE_TO_BYPASS state to FADE_TO_ACTIVE
02-05 00:59:31.947 31902 31902 D featureTest: receive broadcast , change ds profile id :5
02-05 00:59:31.959   581  5142 D DlbDlbEffect: handle_EFFECT_CMD_SET_PARAM()
02-05 00:59:32.016 31902 31902 D featureTest: receive broadcast , change bass enable :0
02-05 00:59:32.030   581   581 D DlbDlbEffect: handle_EFFECT_CMD_SET_PARAM()
02-05 00:59:32.044   581   770 D DlbDapEndpointParamCache: setDevice(device=0x00000008)
02-05 00:59:32.044   581   770 D DlbDapEndpointParamCache: setDevice() Applying parameters for new device 0x00000008
02-05 00:59:32.044   581   770 D DlbDap2Process: setParam(dea = #1[7])
02-05 00:59:32.044   581   770 D DlbDap2Process: setParam(dsa = #1[10])
02-05 00:59:32.044   581   770 D DlbDap2Process: setParam(beb = #1[96])
02-05 00:59:32.044   581   770 D DlbDap2Process: setParam(plb = #1[0])
02-05 00:59:32.044   581   770 D DlbDap2Process: setParam(vmb = #1[144])
02-05 00:59:32.044   581   770 D DlbDap2Process: setParam(dsb = #1[48])
02-05 00:59:32.044   581   770 D DlbDap2Process: setParam(ded = #1[0])
02-05 00:59:32.044   581   770 D DlbDap2Process: setParam(vbm = #1[0])
02-05 00:59:32.044   581   770 D DlbDap2Process: setParam(dom = #1[0])
02-05 00:59:32.044   581   770 D DlbDap2Process: setParam(bew = #1[16])
02-05 00:59:32.044   581   770 D DlbDap2Process: setParam(dvla = #1[5])
02-05 00:59:32.044   581   770 D DlbDap2Process: setParam(arra = #1[96])
02-05 00:59:32.044   581   770 D DlbDap2Process: setParam(dfsa = #1[10])
02-05 00:59:32.044   581   770 D DlbDap2Process: setParam(dhsa = #1[10])
02-05 00:59:32.044   581   770 D DlbDap2Process: setParam(dvmc = #1[160])
02-05 00:59:32.044   581   770 D DlbDap2Process: setParam(arod = #1[0])
02-05 00:59:32.044   581   770 D DlbDap2Process: setParam(arde = #1[0])
02-05 00:59:32.044   581   770 D DlbDap2Process: setParam(dvle = #1[1])
02-05 00:59:32.044   581   770 D DlbDap2Process: setParam(dvme = #1[0])
02-05 00:59:32.044   581   770 D DlbDap2Process: setParam(becf = #1[160])
02-05 00:59:32.044   581   770 D DlbDap2Process: setParam(vbmf = #2[99, 281])
02-05 00:59:32.044   581   770 D DlbDap2Process: setParam(vbsf = #2[30, 90])
02-05 00:59:32.044   581   770 D DlbDap2Process: setParam(vbhg = #3[-48, -480, -240])
02-05 00:59:32.044   581   770 D DlbDap2Process: setParam(vbog = #1[0])
02-05 00:59:32.044   581   770 D DlbDap2Process: setParam(vbsg = #1[0])
02-05 00:59:32.044   581   770 D DlbDap2Process: setParam(dvli = #1[-320])
02-05 00:59:32.044   581   770 D DlbDap2Process: setParam(dhfm = #1[0])
02-05 00:59:32.044   581   770 D DlbDap2Process: setParam(vbon = #1[0])
02-05 00:59:32.044   581   770 D DlbDap2Process: setParam(beon = #1[0])
02-05 00:59:32.044   581   770 D DlbDap2Process: setParam(deon = #1[0])
02-05 00:59:32.044   581   770 D DlbDap2Process: setParam(ngon = #1[1])
02-05 00:59:32.044   581   770 D DlbDap2Process: setParam(aoon = #1[0])
02-05 00:59:32.044   581   770 D DlbDap2Process: setParam(aron = #1[1])
02-05 00:59:32.044   581   770 D DlbDap2Process: setParam(dvlo = #1[-320])
02-05 00:59:32.044   581   770 D DlbDap2Process: setParam(artp = #1[12])
02-05 00:59:32.045   581   770 D DlbDap2Process: setParam(aobs = #222[20, 10, 47, 141, 234, 328, 469, 656, 844, 1031, 1313, 1688, 2250, 3000, 3750, 4688, 5813, 7125, 9000, 11250, 13875, 19688, 0, 0, 0, 0, 0, 0, 0, 0, 0, 0, 0, 0, 0, 0, 0, 0, 0, 0, 0, 0, 0, 0, 0, 0, 0, 0, 0, 0, 0, 0, 0, 0, 0, 0, 0, 0, 0, 0, 0, 0, 0, 0, 0, 0, 0, 0, 0, 0, 0, 0, 0, 0, 0, 0, 0, 0, 0, 0, 0, 0, 0, 0, 0, 0, 0, 0, 0, 0, 0, 0, 0, 0, 0, 0, 0, 0, 0, 0, 0, 0, 0, 0, 0, 0, 0, 0, 0, 0, 0, 0, 0, 0, 0, 0, 0, 0, 0, 0, 0, 0, 0, 0, 0, 0, 0, 0, 0, 0, 0, 0, 0, 0, 0, 0, 0, 0, 0, 0, 0, 0, 0, 0, 0, 0, 0, 0, 0, 0, 0, 0, 0, 0, 0, 0, 0, 0, 0, 0, 0, 0, 0, 0, 0, 0, 0, 0, 0, 0, 0, 0, 0, 0, 0, 0, 0, 0, 0, 0, 0, 0, 0, 0, 0, 0, 0, 0, 0, 0, 0, 0, 0, 0, 0, 0, 0, 0, 0, 0, 0, 0, 0, 0, 0, 0, 0, 0, 0, 0, 0, 0, 0, 0, 0, 0, 0, 0, 0, 0, 0, 0])
02-05 00:59:32.045   581   770 D DlbDap2Process: setParam(arbs = #81[20, 47, 141, 234, 328, 469, 656, 844, 1031, 1313, 1688, 2250, 3000, 3750, 4688, 5813, 7125, 9000, 11250, 13875, 19688, -192, -192, -192, -192, -192, -192, -192, -192, -192, -192, -192, -192, -192, -192, -192, -192, -192, -192, -192, -192, 0, 0, 0, 0, 0, 0, 0, 0, 0, 0, 0, 0, 0, 0, 0, 0, 0, 0, 0, 0, 0, 0, 0, 0, 0, 0, 0, 0, 0, 0, 0, 0, 0, 0, 0, 0, 0, 0, 0, 0])
02-05 00:59:32.045   581   770 D DlbDapEndpointParamCache: doCommit() Committed 37 parameters out of 37.
02-05 00:59:32.046   421   421 D DMSService: setActiveDevice called with device = 0x8
02-05 00:59:32.046   581   770 D audio_hw_primary: out_set_parameters: enter: usecase(0: deep-buffer-playback) kvpairs: routing=4
02-05 00:59:32.050   589 31929 D NuPlayerDriver: notifyListener_l(0xe57328c0), (6, 0, 0, -1), loop setting(0, 1)
02-05 00:59:32.052   581  5115 D DlbDap2Process: setMave(mave = 0)
02-05 00:59:32.055   581  5115 D DlbDapCrossfadeProcess: process transitioning from FADE_TO_ACTIVE state to DAP_ACTIVE
02-05 00:59:32.056   581  5111 D audio_hw_primary: select_devices: changing use case deep-buffer-playback output device from(2: speaker, acdb 15) to (5: headphones, acdb 10)
02-05 00:59:32.057   581  5111 D audio_hw_primary: enable_snd_device: snd_device(5: headphones)
02-05 00:59:32.065   581  5111 D audio_hw_primary: enable_audio_route: usecase(0) apply and update mixer path: deep-buffer-playback
02-05 00:59:32.094 31902 31902 D featureTest: receive broadcast , record log :0
02-05 00:59:32.151 31902 31902 D featureTest: receive broadcast , playing content location :/sdcard/featureTest/stereo_channel_id.wav
02-05 00:59:32.155   589   589 D NuPlayerDriver: stop(0xe57328c0)
02-05 00:59:32.155   589   589 D NuPlayerDriver: notifyListener_l(0xe57328c0), (8, 0, 0, -1), loop setting(0, 1)
02-05 00:59:32.157   589   709 D NuPlayerDriver: reset(0xe57328c0) at state 8
02-05 00:59:32.165   589 31929 D NuPlayerDriver: notifyResetComplete(0xe57328c0)
02-05 00:59:32.165   589   589 D NuPlayerDriver: reset(0xe57328c0) at state 0
02-05 00:59:32.166 31902 31902 V MediaPlayer: resetDrmState:  mDrmInfo=null mDrmProvisioningThread=null mPrepareDrmInProgress=false mActiveDrmScheme=false
02-05 00:59:32.167 31902 31902 V MediaPlayer: cleanDrmObj: mDrmObj=null mDrmSessionId=null
02-05 00:59:32.168 31902 31902 V MediaPlayer: resetDrmState:  mDrmInfo=null mDrmProvisioningThread=null mPrepareDrmInProgress=false mActiveDrmScheme=false
02-05 00:59:32.169 31902 31902 V MediaPlayer: cleanDrmObj: mDrmObj=null mDrmSessionId=null
02-05 00:59:32.175 31902 31902 D featureTest: mMediaPlayer.getAudioSessionId(): 4561
02-05 00:59:32.175 31902 31902 D featureTest: Playing file: /sdcard/featureTest/stereo_channel_id.wav
02-05 00:59:32.176 31958 31958 W generic : type=1400 audit(0.0:2933): avc: denied { read } for path="/storage/emulated/0/featuretest/stereo_channel_id.wav" dev="sdcardfs" ino=523295 scontext=u:r:mediaextractor:s0 tcontext=u:object_r:sdcardfs:s0 tclass=file permissive=0
02-05 00:59:32.176   589 26717 D NuPlayerDriver: NuPlayerDriver(0xe5732540) created, clientPid(31902)
02-05 00:59:32.178 31902 31902 W MediaPlayer: Use of stream types is deprecated for operations other than volume control
02-05 00:59:32.178 31902 31902 W MediaPlayer: See the documentation of setAudioStreamType() for what to use instead with android.media.AudioAttributes to qualify your playback use case
02-05 00:59:32.181   589 31958 D GenericSource: FileSource remote
02-05 00:59:32.181   589 31958 W GenericSource: extractor service cannot make data source
02-05 00:59:32.181   589 31958 D GenericSource: FileSource local
02-05 00:59:32.207   587   587 D MediaBufferGroup: creating MemoryDealer
02-05 00:59:32.208   589 31957 D NuPlayerDriver: notifyListener_l(0xe5732540), (1, 0, 0, -1), loop setting(0, 0)
02-05 00:59:32.213   589 26717 D NuPlayerDriver: start(0xe5732540), state is 4, eos is 0
02-05 00:59:32.213   589 31957 I GenericSource: start
02-05 00:59:32.216 31902 31902 W DolbyAudioEffect: WARNING: attaching a DolbyAudioEffect to global output mix is deprecated!
02-05 00:59:32.222   593  5353 I OMXMaster: makeComponentInstance(OMX.google.raw.decoder) in android.hardwar process
02-05 00:59:32.227 31902 31902 D featureTest: receive broadcast , change ds status :1
02-05 00:59:32.227   593 20870 E OMXNodeInstance: setConfig(0xf0d07240:google.raw.decoder, ConfigPriority(0x6f800002)) ERROR: Undefined(0x80001001)
02-05 00:59:32.227   589 31964 I ACodec  : codec does not support config priority (err -2147483648)
02-05 00:59:32.228   593   712 E OMXNodeInstance: getConfig(0xf0d07240:google.raw.decoder, ConfigAndroidVendorExtension(0x6f100004)) ERROR: Undefined(0x80001001)
02-05 00:59:32.231   589 31964 I MediaCodec: MediaCodec will operate in async mode
02-05 00:59:32.244   581  5142 D DlbDlbEffect: handle_EFFECT_CMD_SET_PARAM()
02-05 00:59:32.250   589 31961 D AudioTrack: Client defaulted notificationFrames to 12000 for frameCount 24000
02-05 00:59:32.252   589 31957 D NuPlayerDriver: notifyListener_l(0xe5732540), (6, 0, 0, -1), loop setting(0, 1)
02-05 00:59:32.283   581   770 D DlbDlbEffect: handle_EFFECT_CMD_SET_PARAM()
02-05 00:59:32.283   581   770 D DlbEffectContext: setPregain(volume=249588)
02-05 00:59:32.283   581   770 D DlbEffectContext: transformExternalGain() fVol:0.014877 extVal:-584
02-05 00:59:32.283   581   770 D DlbDapEndpointParamCache: commitChangedParams()
02-05 00:59:32.283   581   770 D DlbDapEndpointParamCache: commit() Applying parameters for device 0x40000000
02-05 00:59:32.283   581   770 D DlbDap2Process: setParam(preg = #1[-584])
02-05 00:59:32.283   581   770 D DlbDapEndpointParamCache: doCommit() Committed 1 parameters out of 16.
02-05 00:59:32.284   581   770 D DlbDapEndpointParamCache: commit() Overriding parameters for current device 0x00000008
02-05 00:59:32.284   581   770 D DlbDap2Process: setParam(vbon = #1[0])
02-05 00:59:32.284   581   770 D DlbDapEndpointParamCache: doCommit() Committed 1 parameters out of 37.
02-05 00:59:32.311 31902 31902 D featureTest: receive broadcast , change ds profile id :5
02-05 00:59:32.323   581   770 D AudioFlinger: mixer(0xf2983980) throttle end: throttle time(34)
02-05 00:59:32.323   581   731 D DlbDlbEffect: handle_EFFECT_CMD_SET_PARAM()
02-05 00:59:32.385 31902 31902 D featureTest: receive broadcast , change bass enable :1
02-05 00:59:32.397   581   730 D DlbDlbEffect: handle_EFFECT_CMD_SET_PARAM()
02-05 00:59:32.406   581  5115 D DlbDapEndpointParamCache: commitChangedParams()
02-05 00:59:32.406   581  5115 D DlbDapEndpointParamCache: commit() Applying parameters for device 0x40000000
02-05 00:59:32.406   581  5115 D DlbDap2Process: setParam(iea = #1[10])
02-05 00:59:32.406   581  5115 D DlbDap2Process: setParam(msce = #1[0])
02-05 00:59:32.406   581  5115 D DlbDap2Process: setParam(mdee = #1[0])
02-05 00:59:32.406   581  5115 D DlbDap2Process: setParam(miee = #1[0])
02-05 00:59:32.406   581  5115 D DlbDap2Process: setParam(mdle = #1[0])
02-05 00:59:32.406   581  5115 D DlbDap2Process: setParam(dvle = #1[1])
02-05 00:59:32.406   581  5115 D DlbDap2Process: setParam(mave = #1[0])
02-05 00:59:32.406   581  5115 D DlbDap2Process: setParam(vcbf = #20[47, 141, 234, 328, 469, 656, 844, 1031, 1313, 1688, 2250, 3000, 3750, 4688, 5813, 7125, 9000, 11250, 13875, 19688])
02-05 00:59:32.406   581  5115 D DlbDap2Process: setParam(vbon = #1[1])
02-05 00:59:32.406   581  5115 D DlbDap2Process: setParam(beon = #1[1])
02-05 00:59:32.406   581  5115 D DlbDap2Process: setParam(geon = #1[0])
02-05 00:59:32.406   581  5115 D DlbDap2Process: setParam(ieon = #1[0])
02-05 00:59:32.406   581  5115 D DlbDap2Process: setParam(gebs = #41[20, 47, 141, 234, 328, 469, 656, 844, 1031, 1313, 1688, 2250, 3000, 3750, 4688, 5813, 7125, 9000, 11250, 13875, 19688, 0, 0, 0, 0, 0, 0, 0, 0, 0, 0, 0, 0, 0, 0, 0, 0, 0, 0, 0, 0])
02-05 00:59:32.406   581  5115 D DlbDap2Process: setParam(iebs = #41[20, 65, 136, 223, 332, 467, 634, 841, 1098, 1416, 1812, 2302, 2909, 3663, 4598, 5756, 7194, 8976, 11186, 13927, 17326, 117, 133, 188, 176, 141, 149, 175, 185, 185, 200, 236, 242, 228, 213, 182, 132, 110, 68, -27, -240])
02-05 00:59:32.407   581  5115 D DlbDapEndpointParamCache: doCommit() Committed 15 parameters out of 16.
02-05 00:59:32.407   581  5115 D DlbDapEndpointParamCache: commit() Overriding parameters for current device 0x00000008
02-05 00:59:32.407   581  5115 D DlbDap2Process: setParam(dea = #1[7])
02-05 00:59:32.407   581  5115 D DlbDap2Process: setParam(dsa = #1[10])
02-05 00:59:32.407   581  5115 D DlbDap2Process: setParam(beb = #1[96])
02-05 00:59:32.407   581  5115 D DlbDap2Process: setParam(plb = #1[0])
02-05 00:59:32.407   581  5115 D DlbDap2Process: setParam(vmb = #1[144])
02-05 00:59:32.407   581  5115 D DlbDap2Process: setParam(dsb = #1[48])
02-05 00:59:32.407   581  5115 D DlbDap2Process: setParam(ded = #1[0])
02-05 00:59:32.407   581  5115 D DlbDap2Process: setParam(vbm = #1[0])
02-05 00:59:32.407   581  5115 D DlbDap2Process: setParam(dom = #1[0])
02-05 00:59:32.407   581  5115 D DlbDap2Process: setParam(bew = #1[16])
02-05 00:59:32.407   581  5115 D DlbDap2Process: setParam(dvla = #1[5])
