--------- beginning of system
02-05 01:03:47.930   816  1084 I ActivityManager: Force stopping com.dolby.qa.featuretest appid=10074 user=0: from pid 2281
02-05 01:03:47.931   816  1084 I ActivityManager: Killing 2182:com.dolby.qa.featuretest/u0a74 (adj 0): stop com.dolby.qa.featuretest
02-05 01:03:47.931   816  1084 W ActivityManager: Force removing ActivityRecord{3ac63d8 u0 com.dolby.qa.featuretest/.MainActivity t241}: app died, no saved state
02-05 01:03:47.939   816  1084 I WindowManager: Failed to capture screenshot of Token{7e28331 ActivityRecord{3ac63d8 u0 com.dolby.qa.featuretest/.MainActivity t241 f}} appWin=Window{e00f69e u0 com.dolby.qa.featuretest/com.dolby.qa.featuretest.MainActivity} drawState=4
--------- beginning of main
02-05 01:03:47.970  1232  1232 D CarrierSvcBindHelper: No carrier app for: 0
02-05 01:03:47.977  2298  2298 D RegisteredNfcFServicesCache: Service unchanged, not updating
02-05 01:03:47.979   816   964 I WindowManager: WIN DEATH: Window{1dbc062 u0 Toast}
02-05 01:03:47.980   589  1183 D NuPlayerDriver: reset(0xe5732b60) at state 5
02-05 01:03:47.981   589  1183 D NuPlayerDriver: notifyListener_l(0xe5732b60), (8, 0, 0, -1), loop setting(0, 1)
02-05 01:03:47.991   589  2238 D NuPlayerDriver: notifyResetComplete(0xe5732b60)
02-05 01:03:47.991   589  1183 D AudioTrack: stop() called with 0 frames delivered
02-05 01:03:48.053   816  2363 I ActivityManager: START u0 {flg=0x10000000 cmp=com.dolby.qa.featuretest/.MainActivity} from uid 2000
02-05 01:03:48.075   816  2356 I ActivityManager: Start proc 2287:com.dolby.qa.featuretest/u0a74 for activity com.dolby.qa.featuretest/.MainActivity
02-05 01:03:48.076  2287  2287 I zygote64: Late-enabling -Xcheck:jni
02-05 01:03:48.110   581   724 D DlbDlbEffect: handle_EFFECT_CMD_DISABLE()
02-05 01:03:48.110   581   724 D DlbDapCrossfadeProcess: setEnabled transitioning from DAP_ACTIVE state to FADE_TO_BYPASS
02-05 01:03:48.112   416   416 W /system/bin/hw/android.hidl.allocator@1.0-service: ashmem_create_region(3840) returning hidl_memory(0x7590c2c2e0, 3840)
02-05 01:03:48.112   581   724 D DlbDlbEffect: handle_EFFECT_CMD_SET_CONFIG()
02-05 01:03:48.112   581   724 D DlbDapEndpointParamCache: setDevice(device=0x00000008)
02-05 01:03:48.113   421   421 D DMSService: setActiveDevice called with device = 0x8
02-05 01:03:48.113   581   724 D DlbDlbEffect: handle_EFFECT_CMD_ENABLE()
02-05 01:03:48.113   581   724 D DlbDapCrossfadeProcess: setEnabled transitioning from FADE_TO_BYPASS state to FADE_TO_ACTIVE
02-05 01:03:48.277  2287  2287 D featureTest: onCreate
02-05 01:03:48.282  2287  2287 D AudioTrack: Client defaulted notificationFrames to 962 for frameCount 1924
02-05 01:03:48.288  2287  2287 W AudioTrack: Use of stream types is deprecated for operations other than volume control
02-05 01:03:48.289  2287  2287 W AudioTrack: See the documentation of AudioTrack() for what to use instead with android.media.AudioAttributes to qualify your playback use case
02-05 01:03:48.295  2287  2287 W DolbyAudioEffect: WARNING: attaching a DolbyAudioEffect to global output mix is deprecated!
02-05 01:03:48.301  2287  2287 D featureTest: onResume
02-05 01:03:48.314  2287  2305 D OpenGLRenderer: HWUI GL Pipeline
02-05 01:03:48.361  2287  2305 I Adreno  : QUALCOMM build                   : 7142022, Ib5823dd10c
02-05 01:03:48.361  2287  2305 I Adreno  : Build Date                       : 06/23/17
02-05 01:03:48.361  2287  2305 I Adreno  : OpenGL ES Shader Compiler Version: EV031.18.00.00
02-05 01:03:48.361  2287  2305 I Adreno  : Local Branch                     : O11A
02-05 01:03:48.361  2287  2305 I Adreno  : Remote Branch                    : 
02-05 01:03:48.361  2287  2305 I Adreno  : Remote Branch                    : 
02-05 01:03:48.361  2287  2305 I Adreno  : Reconstruct Branch               : 
02-05 01:03:48.361  2287  2305 I vndksupport: sphal namespace is not configured for this process. Loading /vendor/lib64/hw/gralloc.msm8994.so from the current namespace instead.
02-05 01:03:48.377  2287  2305 I Adreno  : PFP: 0x00000000, ME: 0x00000000
02-05 01:03:48.386  2287  2305 I OpenGLRenderer: Initialized EGL, version 1.4
02-05 01:03:48.386  2287  2305 D OpenGLRenderer: Swap behavior 2
02-05 01:03:48.403   365   365 W /system/bin/hwservicemanager: getTransportFromManifest: Cannot find entry android.hardware.graphics.mapper@2.0::IMapper in either framework or device manifest, using default transport.
02-05 01:03:48.407  2287  2305 I vndksupport: sphal namespace is not configured for this process. Loading /vendor/lib64/hw/gralloc.msm8994.so from the current namespace instead.
02-05 01:03:48.445   816   843 I ActivityManager: Displayed com.dolby.qa.featuretest/.MainActivity: +374ms
02-05 01:03:48.462   581   770 D audio_hw_primary: disable_audio_route: usecase(0) reset and update mixer path: deep-buffer-playback
02-05 01:03:48.463   581   770 D audio_hw_primary: disable_snd_device: snd_device(5: headphones)
02-05 01:03:48.529   816   843 W ActivityManager: setHasOverlayUi called on unknown pid: 2182
02-05 01:03:48.891  2401  2517 W OpenGLRenderer: Incorrectly called buildLayer on View: ShortcutAndWidgetContainer, destroying layer...
02-05 01:03:49.140  2287  2287 D featureTest: receive broadcast , playing content location :/sdcard/featureTest/7ch_25fps.wav
02-05 01:03:49.149  2287  2287 D featureTest: mMediaPlayer.getAudioSessionId(): 5081
02-05 01:03:49.149  2287  2287 D featureTest: Playing file: /sdcard/featureTest/7ch_25fps.wav
02-05 01:03:49.150  2327  2327 W generic : type=1400 audit(0.0:2980): avc: denied { read } for path="/storage/emulated/0/featuretest/7ch_25fps.wav" dev="sdcardfs" ino=523298 scontext=u:r:mediaextractor:s0 tcontext=u:object_r:sdcardfs:s0 tclass=file permissive=0
02-05 01:03:49.151   589   589 D NuPlayerDriver: NuPlayerDriver(0xe5732690) created, clientPid(2287)
02-05 01:03:49.153  2287  2287 W MediaPlayer: Use of stream types is deprecated for operations other than volume control
02-05 01:03:49.153  2287  2287 W MediaPlayer: See the documentation of setAudioStreamType() for what to use instead with android.media.AudioAttributes to qualify your playback use case
02-05 01:03:49.155   589  2327 D GenericSource: FileSource remote
02-05 01:03:49.155   589  2327 W GenericSource: extractor service cannot make data source
02-05 01:03:49.155   589  2327 D GenericSource: FileSource local
02-05 01:03:49.171   587   693 D MediaBufferGroup: creating MemoryDealer
02-05 01:03:49.172   589  2324 D NuPlayerDriver: notifyListener_l(0xe5732690), (1, 0, 0, -1), loop setting(0, 0)
02-05 01:03:49.174   816   816 W NotificationService: Object died trying to hide notification android.app.ITransientNotification$Stub$Proxy@fa76979 in package com.dolby.qa.featuretest
02-05 01:03:49.175   816   816 W WindowManager: removeWindowToken: Attempted to remove non-existing token: android.os.Binder@452dbb9
02-05 01:03:49.175   816   816 W ActivityManager: setProcessForeground called on unknown pid: 2182
02-05 01:03:49.180   816   816 W NotificationService: Object died trying to show notification android.app.ITransientNotification$Stub$Proxy@900f6be in package com.dolby.qa.featuretest
02-05 01:03:49.180   816   816 W ActivityManager: setProcessForeground called on unknown pid: 2182
02-05 01:03:49.180   816   816 W NotificationService: Object died trying to show notification android.app.ITransientNotification$Stub$Proxy@58b231f in package com.dolby.qa.featuretest
02-05 01:03:49.181   589   589 D NuPlayerDriver: start(0xe5732690), state is 4, eos is 0
02-05 01:03:49.181   589  2324 I GenericSource: start
02-05 01:03:49.186  2287  2287 W DolbyAudioEffect: WARNING: attaching a DolbyAudioEffect to global output mix is deprecated!
02-05 01:03:49.189   593  5352 I OMXMaster: makeComponentInstance(OMX.google.raw.decoder) in android.hardwar process
02-05 01:03:49.192   593  1187 E OMXNodeInstance: setConfig(0xf0d07480:google.raw.decoder, ConfigPriority(0x6f800002)) ERROR: Undefined(0x80001001)
02-05 01:03:49.193   589  2333 I ACodec  : codec does not support config priority (err -2147483648)
02-05 01:03:49.193   593 20870 E OMXNodeInstance: getConfig(0xf0d07480:google.raw.decoder, ConfigAndroidVendorExtension(0x6f100004)) ERROR: Undefined(0x80001001)
02-05 01:03:49.194   589  2333 I MediaCodec: MediaCodec will operate in async mode
02-05 01:03:49.205   365   365 W /system/bin/hwservicemanager: getTransportFromManifest: Cannot find entry android.hardware.audio.effect@2.0::IEffectsFactory in either framework or device manifest, using default transport.
02-05 01:03:49.209   416   416 W /system/bin/hw/android.hidl.allocator@1.0-service: ashmem_create_region(4096) returning hidl_memory(0x7590c2c2e0, 4096)
02-05 01:03:49.211   416   416 W /system/bin/hw/android.hidl.allocator@1.0-service: ashmem_create_region(1024) returning hidl_memory(0x7590c2c2e0, 1024)
02-05 01:03:49.212   581  5355 E EffectHalHidl: Buffer provider callbacks are not supported
02-05 01:03:49.212  2287  2287 D featureTest: receive broadcast , change ds status :0
02-05 01:03:49.213   589  2330 D AudioTrack: Client defaulted notificationFrames to 12000 for frameCount 24000
02-05 01:03:49.213   581  5142 D DlbDlbEffect: handle_EFFECT_CMD_DISABLE()
02-05 01:03:49.214   581  5142 D DlbDapCrossfadeProcess: setEnabled transitioning from FADE_TO_ACTIVE state to FADE_TO_BYPASS
02-05 01:03:49.215   416   416 W /system/bin/hw/android.hidl.allocator@1.0-service: ashmem_create_region(7680) returning hidl_memory(0x7590c2c2e0, 7680)
02-05 01:03:49.215   581  5142 D DlbDlbEffect: handle_EFFECT_CMD_SET_CONFIG()
02-05 01:03:49.215   581  5142 D DlbDapEndpointParamCache: setDevice(device=0x00000008)
02-05 01:03:49.216   421   421 D DMSService: setActiveDevice called with device = 0x8
02-05 01:03:49.216   581  5142 D DlbDlbEffect: handle_EFFECT_CMD_ENABLE()
02-05 01:03:49.216   581  5142 D DlbDapCrossfadeProcess: setEnabled transitioning from FADE_TO_BYPASS state to FADE_TO_ACTIVE
02-05 01:03:49.218   589  2324 D NuPlayerDriver: notifyListener_l(0xe5732690), (6, 0, 0, -1), loop setting(0, 1)
02-05 01:03:49.220   581  5115 D DlbDapCrossfadeProcess: process transitioning from FADE_TO_ACTIVE state to DAP_ACTIVE
02-05 01:03:49.221   581  5111 D audio_hw_primary: enable_snd_device: snd_device(5: headphones)
02-05 01:03:49.227   581  5111 D audio_hw_primary: enable_audio_route: usecase(0) apply and update mixer path: deep-buffer-playback
02-05 01:03:49.234   581   731 D DlbDlbEffect: handle_EFFECT_CMD_SET_PARAM()
02-05 01:03:49.298  2287  2287 D featureTest: receive broadcast , change ds profile id :2
02-05 01:03:49.310   581  5355 D DlbDlbEffect: handle_EFFECT_CMD_SET_PARAM()
02-05 01:03:49.310   421   460 I DapController: Profile Changed to Music
02-05 01:03:49.311   581  5115 D DlbDapCrossfadeProcess: setEnabled transitioning from DAP_ACTIVE state to FADE_TO_BYPASS
02-05 01:03:49.313   581  5115 D DlbDapEndpointParamCache: commitChangedParams()
02-05 01:03:49.313   581  5115 D DlbDapEndpointParamCache: commit() Applying parameters for device 0x40000000
02-05 01:03:49.313   581  5115 D DlbDap2Process: setParam(iea = #1[10])
02-05 01:03:49.313   581  5115 D DlbDap2Process: setParam(msce = #1[0])
02-05 01:03:49.313   581  5115 D DlbDap2Process: setParam(mdee = #1[0])
02-05 01:03:49.313   581  5115 D DlbDap2Process: setParam(miee = #1[0])
02-05 01:03:49.314   581  5115 D DlbDap2Process: setParam(mdle = #1[0])
02-05 01:03:49.314   581  5115 D DlbDap2Process: setParam(dvle = #1[1])
02-05 01:03:49.314   581  5115 D DlbDap2Process: setParam(mave = #1[0])
02-05 01:03:49.314   581  5115 D DlbDap2Process: setParam(vcbf = #20[47, 141, 234, 328, 469, 656, 844, 1031, 1313, 1688, 2250, 3000, 3750, 4688, 5813, 7125, 9000, 11250, 13875, 19688])
02-05 01:03:49.314   581  5115 D DlbDap2Process: setParam(vbon = #1[0])
02-05 01:03:49.314   581  5115 D DlbDap2Process: setParam(beon = #1[0])
02-05 01:03:49.314   581  5115 D DlbDap2Process: setParam(geon = #1[0])
02-05 01:03:49.314   581  5115 D DlbDap2Process: setParam(ieon = #1[1])
02-05 01:03:49.314   581  5115 D DlbDap2Process: setParam(gebs = #41[20, 47, 141, 234, 328, 469, 656, 844, 1031, 1313, 1688, 2250, 3000, 3750, 4688, 5813, 7125, 9000, 11250, 13875, 19688, 0, 0, 0, 0, 0, 0, 0, 0, 0, 0, 0, 0, 0, 0, 0, 0, 0, 0, 0, 0])
02-05 01:03:49.314   581  5115 D DlbDap2Process: setParam(iebs = #41[20, 65, 136, 223, 332, 467, 634, 841, 1098, 1416, 1812, 2302, 2909, 3663, 4598, 5756, 7194, 8976, 11186, 13927, 17326, 117, 133, 188, 176, 141, 149, 175, 185, 185, 200, 236, 242, 228, 213, 182, 132, 110, 68, -27, -240])
02-05 01:03:49.314   581  5115 D DlbDapEndpointParamCache: doCommit() Committed 15 parameters out of 16.
02-05 01:03:49.314   581  5115 D DlbDapEndpointParamCache: commit() Overriding parameters for current device 0x00000008
02-05 01:03:49.314   581  5115 D DlbDap2Process: setParam(dea = #1[7])
02-05 01:03:49.314   581  5115 D DlbDap2Process: setParam(dsa = #1[10])
02-05 01:03:49.314   581  5115 D DlbDap2Process: setParam(beb = #1[96])
02-05 01:03:49.314   581  5115 D DlbDap2Process: setParam(plb = #1[0])
02-05 01:03:49.314   581  5115 D DlbDap2Process: setParam(vmb = #1[144])
02-05 01:03:49.314   581  5115 D DlbDap2Process: setParam(dsb = #1[48])
02-05 01:03:49.314   581  5115 D DlbDap2Process: setParam(ded = #1[0])
02-05 01:03:49.314   581  5115 D DlbDap2Process: setParam(vbm = #1[0])
02-05 01:03:49.314   581  5115 D DlbDap2Process: setParam(dom = #1[0])
02-05 01:03:49.314   581  5115 D DlbDap2Process: setParam(bew = #1[16])
02-05 01:03:49.314   581  5115 D DlbDap2Process: setParam(dvla = #1[4])
02-05 01:03:49.314   581  5115 D DlbDap2Process: setParam(arra = #1[96])
02-05 01:03:49.314   581  5115 D DlbDap2Process: setParam(dfsa = #1[10])
02-05 01:03:49.314   581  5115 D DlbDap2Process: setParam(dhsa = #1[10])
02-05 01:03:49.314   581  5115 D DlbDap2Process: setParam(dvmc = #1[160])
02-05 01:03:49.314   581  5115 D DlbDap2Process: setParam(arod = #1[0])
02-05 01:03:49.315   581  5115 D DlbDap2Process: setParam(arde = #1[0])
02-05 01:03:49.315   581  5115 D DlbDap2Process: setParam(dvle = #1[1])
02-05 01:03:49.315   581  5115 D DlbDap2Process: setParam(dvme = #1[0])
02-05 01:03:49.315   581  5115 D DlbDap2Process: setParam(becf = #1[160])
02-05 01:03:49.315   581  5115 D DlbDap2Process: setParam(vbmf = #2[99, 281])
02-05 01:03:49.315   581  5115 D DlbDap2Process: setParam(vbsf = #2[30, 90])
02-05 01:03:49.315   581  5115 D DlbDap2Process: setParam(vbhg = #3[-48, -480, -240])
02-05 01:03:49.315   581  5115 D DlbDap2Process: setParam(vbog = #1[0])
02-05 01:03:49.315   581  5115 D DlbDap2Process: setParam(vbsg = #1[0])
02-05 01:03:49.315   581  5115 D DlbDap2Process: setParam(dvli = #1[-320])
02-05 01:03:49.315   581  5115 D DlbDap2Process: setParam(dhfm = #1[0])
02-05 01:03:49.315   581  5115 D DlbDap2Process: setParam(vbon = #1[0])
02-05 01:03:49.315   581  5115 D DlbDap2Process: setParam(beon = #1[0])
02-05 01:03:49.315   581  5115 D DlbDap2Process: setParam(deon = #1[0])
02-05 01:03:49.315   581  5115 D DlbDap2Process: setParam(ngon = #1[1])
02-05 01:03:49.315   581  5115 D DlbDap2Process: setParam(aoon = #1[0])
02-05 01:03:49.315   581  5115 D DlbDap2Process: setParam(aron = #1[1])
02-05 01:03:49.315   581  5115 D DlbDap2Process: setParam(dvlo = #1[-320])
02-05 01:03:49.315   581  5115 D DlbDap2Process: setParam(artp = #1[12])
02-05 01:03:49.315   581  5115 D DlbDap2Process: setParam(aobs = #222[20, 10, 47, 141, 234, 328, 469, 656, 844, 1031, 1313, 1688, 2250, 3000, 3750, 4688, 5813, 7125, 9000, 11250, 13875, 19688, 0, 0, 0, 0, 0, 0, 0, 0, 0, 0, 0, 0, 0, 0, 0, 0, 0, 0, 0, 0, 0, 0, 0, 0, 0, 0, 0, 0, 0, 0, 0, 0, 0, 0, 0, 0, 0, 0, 0, 0, 0, 0, 0, 0, 0, 0, 0, 0, 0, 0, 0, 0, 0, 0, 0, 0, 0, 0, 0, 0, 0, 0, 0, 0, 0, 0, 0, 0, 0, 0, 0, 0, 0, 0, 0, 0, 0, 0, 0, 0, 0, 0, 0, 0, 0, 0, 0, 0, 0, 0, 0, 0, 0, 0, 0, 0, 0, 0, 0, 0, 0, 0, 0, 0, 0, 0, 0, 0, 0, 0, 0, 0, 0, 0, 0, 0, 0, 0, 0, 0, 0, 0, 0, 0, 0, 0, 0, 0, 0, 0, 0, 0, 0, 0, 0, 0, 0, 0, 0, 0, 0, 0, 0, 0, 0, 0, 0, 0, 0, 0, 0, 0, 0, 0, 0, 0, 0, 0, 0, 0, 0, 0, 0, 0, 0, 0, 0, 0, 0, 0, 0, 0, 0, 0, 0, 0, 0, 0, 0, 0, 0, 0, 0, 0, 0, 0, 0, 0, 0, 0, 0, 0, 0, 0, 0, 0, 0, 0, 0, 0])
02-05 01:03:49.316   581  5115 D DlbDap2Process: setParam(arbs = #81[20, 47, 141, 234, 328, 469, 656, 844, 1031, 1313, 1688, 2250, 3000, 3750, 4688, 5813, 7125, 9000, 11250, 13875, 19688, -192, -192, -192, -192, -192, -192, -192, -192, -192, -192, -192, -192, -192, -192, -192, -192, -192, -192, -192, -192, 0, 0, 0, 0, 0, 0, 0, 0, 0, 0, 0, 0, 0, 0, 0, 0, 0, 0, 0, 0, 0, 0, 0, 0, 0, 0, 0, 0, 0, 0, 0, 0, 0, 0, 0, 0, 0, 0, 0, 0])
02-05 01:03:49.316   581  5115 D DlbDapEndpointParamCache: doCommit() Committed 37 parameters out of 37.
02-05 01:03:49.316   581  5115 D DlbDap2Process: setMave(mave = 0)
02-05 01:03:49.354   581  5115 D DlbDapCrossfadeProcess: process transitioning from FADE_TO_BYPASS state to DAP_BYPASSED
02-05 01:03:49.373  2287  2287 D featureTest: receive broadcast , playing content location :/sdcard/featureTest/7ch_25fps.wav
02-05 01:03:49.376   589   709 D NuPlayerDriver: stop(0xe5732690)
02-05 01:03:49.376   589   709 D NuPlayerDriver: notifyListener_l(0xe5732690), (8, 0, 0, -1), loop setting(0, 1)
02-05 01:03:49.377   589 26717 D NuPlayerDriver: reset(0xe5732690) at state 8
02-05 01:03:49.384   589  2324 D NuPlayerDriver: notifyResetComplete(0xe5732690)
02-05 01:03:49.384   589   589 D NuPlayerDriver: reset(0xe5732690) at state 0
02-05 01:03:49.387  2287  2287 V MediaPlayer: resetDrmState:  mDrmInfo=null mDrmProvisioningThread=null mPrepareDrmInProgress=false mActiveDrmScheme=false
02-05 01:03:49.387  2287  2287 V MediaPlayer: cleanDrmObj: mDrmObj=null mDrmSessionId=null
02-05 01:03:49.388  2287  2287 V MediaPlayer: resetDrmState:  mDrmInfo=null mDrmProvisioningThread=null mPrepareDrmInProgress=false mActiveDrmScheme=false
02-05 01:03:49.388  2287  2287 V MediaPlayer: cleanDrmObj: mDrmObj=null mDrmSessionId=null
02-05 01:03:49.393  2353  2353 W generic : type=1400 audit(0.0:2981): avc: denied { read } for path="/storage/emulated/0/featuretest/7ch_25fps.wav" dev="sdcardfs" ino=523298 scontext=u:r:mediaextractor:s0 tcontext=u:object_r:sdcardfs:s0 tclass=file permissive=0
02-05 01:03:49.393  2287  2287 D featureTest: mMediaPlayer.getAudioSessionId(): 5089
02-05 01:03:49.394  2287  2287 D featureTest: Playing file: /sdcard/featureTest/7ch_25fps.wav
02-05 01:03:49.395   589 26717 D NuPlayerDriver: NuPlayerDriver(0xe5732af0) created, clientPid(2287)
02-05 01:03:49.396  2287  2287 W MediaPlayer: Use of stream types is deprecated for operations other than volume control
02-05 01:03:49.397  2287  2287 W MediaPlayer: See the documentation of setAudioStreamType() for what to use instead with android.media.AudioAttributes to qualify your playback use case
02-05 01:03:49.399   589  2353 D GenericSource: FileSource remote
02-05 01:03:49.399   589  2353 W GenericSource: extractor service cannot make data source
02-05 01:03:49.399   589  2353 D GenericSource: FileSource local
02-05 01:03:49.408   581   770 D AudioFlinger: mixer(0xf2983980) throttle end: throttle time(29)
02-05 01:03:49.412   587   587 D MediaBufferGroup: creating MemoryDealer
02-05 01:03:49.413   589  2352 D NuPlayerDriver: notifyListener_l(0xe5732af0), (1, 0, 0, -1), loop setting(0, 0)
02-05 01:03:49.417   589  1183 D NuPlayerDriver: start(0xe5732af0), state is 4, eos is 0
02-05 01:03:49.417   589  2352 I GenericSource: start
02-05 01:03:49.422  2287  2287 W DolbyAudioEffect: WARNING: attaching a DolbyAudioEffect to global output mix is deprecated!
02-05 01:03:49.427   593   712 I OMXMaster: makeComponentInstance(OMX.google.raw.decoder) in android.hardwar process
02-05 01:03:49.431   593   593 E OMXNodeInstance: setConfig(0xf10a3320:google.raw.decoder, ConfigPriority(0x6f800002)) ERROR: Undefined(0x80001001)
02-05 01:03:49.431   589  2361 I ACodec  : codec does not support config priority (err -2147483648)
02-05 01:03:49.432   593 20514 E OMXNodeInstance: getConfig(0xf10a3320:google.raw.decoder, ConfigAndroidVendorExtension(0x6f100004)) ERROR: Undefined(0x80001001)
02-05 01:03:49.433   589  2361 I MediaCodec: MediaCodec will operate in async mode
02-05 01:03:49.442   365   365 W /system/bin/hwservicemanager: getTransportFromManifest: Cannot find entry android.hardware.audio.effect@2.0::IEffectsFactory in either framework or device manifest, using default transport.
02-05 01:03:49.446   416   416 W /system/bin/hw/android.hidl.allocator@1.0-service: ashmem_create_region(4096) returning hidl_memory(0x7590c2c2e0, 4096)
02-05 01:03:49.448   416   416 W /system/bin/hw/android.hidl.allocator@1.0-service: ashmem_create_region(1024) returning hidl_memory(0x7590c2c2e0, 1024)
02-05 01:03:49.448   581  5142 E EffectHalHidl: Buffer provider callbacks are not supported
02-05 01:03:49.449   589  2359 D AudioTrack: Client defaulted notificationFrames to 12000 for frameCount 24000
02-05 01:03:49.451  2287  2287 D featureTest: receive broadcast , change ds status :1
02-05 01:03:49.452   589  2352 D NuPlayerDriver: notifyListener_l(0xe5732af0), (6, 0, 0, -1), loop setting(0, 1)
02-05 01:03:49.467   581   581 D DlbDlbEffect: handle_EFFECT_CMD_SET_PARAM()
02-05 01:03:49.490   581  5115 D DlbDapCrossfadeProcess: setEnabled transitioning from DAP_BYPASSED state to PREROLL_ACTIVE
02-05 01:03:49.532   581  5115 D DlbDapCrossfadeProcess: process transitioning from PREROLL_ACTIVE state to FADE_TO_ACTIVE
02-05 01:03:49.546  2287  2287 D featureTest: receive broadcast , change ds profile id :5
02-05 01:03:49.559   581  5142 D DlbDlbEffect: handle_EFFECT_CMD_SET_PARAM()
02-05 01:03:49.559   421   460 I DapController: Profile Changed to Custom
02-05 01:03:49.572   581  5115 D DlbDapEndpointParamCache: commitChangedParams()
02-05 01:03:49.572   581  5115 D DlbDapEndpointParamCache: commit() Applying parameters for device 0x40000000
02-05 01:03:49.572   581  5115 D DlbDap2Process: setParam(iea = #1[10])
02-05 01:03:49.572   581  5115 D DlbDap2Process: setParam(msce = #1[0])
02-05 01:03:49.572   581  5115 D DlbDap2Process: setParam(mdee = #1[0])
02-05 01:03:49.572   581  5115 D DlbDap2Process: setParam(miee = #1[0])
02-05 01:03:49.572   581  5115 D DlbDap2Process: setParam(mdle = #1[0])
02-05 01:03:49.572   581  5115 D DlbDap2Process: setParam(dvle = #1[1])
02-05 01:03:49.572   581  5115 D DlbDap2Process: setParam(mave = #1[0])
02-05 01:03:49.572   581  5115 D DlbDap2Process: setParam(vcbf = #20[47, 141, 234, 328, 469, 656, 844, 1031, 1313, 1688, 2250, 3000, 3750, 4688, 5813, 7125, 9000, 11250, 13875, 19688])
02-05 01:03:49.572   581  5115 D DlbDap2Process: setParam(vbon = #1[0])
02-05 01:03:49.572   581  5115 D DlbDap2Process: setParam(beon = #1[0])
02-05 01:03:49.573   581  5115 D DlbDap2Process: setParam(geon = #1[0])
02-05 01:03:49.573   581  5115 D DlbDap2Process: setParam(ieon = #1[0])
02-05 01:03:49.573   581  5115 D DlbDap2Process: setParam(gebs = #41[20, 47, 141, 234, 328, 469, 656, 844, 1031, 1313, 1688, 2250, 3000, 3750, 4688, 5813, 7125, 9000, 11250, 13875, 19688, 0, 0, 0, 0, 0, 0, 0, 0, 0, 0, 0, 0, 0, 0, 0, 0, 0, 0, 0, 0])
02-05 01:03:49.573   581  5115 D DlbDap2Process: setParam(iebs = #41[20, 65, 136, 223, 332, 467, 634, 841, 1098, 1416, 1812, 2302, 2909, 3663, 4598, 5756, 7194, 8976, 11186, 13927, 17326, 117, 133, 188, 176, 141, 149, 175, 185, 185, 200, 236, 242, 228, 213, 182, 132, 110, 68, -27, -240])
02-05 01:03:49.573   581  5115 D DlbDapEndpointParamCache: doCommit() Committed 15 parameters out of 16.
02-05 01:03:49.573   581  5115 D DlbDapEndpointParamCache: commit() Overriding parameters for current device 0x00000008
02-05 01:03:49.573   581  5115 D DlbDap2Process: setParam(dea = #1[7])
02-05 01:03:49.573   581  5115 D DlbDap2Process: setParam(dsa = #1[10])
02-05 01:03:49.573   581  5115 D DlbDap2Process: setParam(beb = #1[96])
02-05 01:03:49.573   581  5115 D DlbDap2Process: setParam(plb = #1[0])
02-05 01:03:49.573   581  5115 D DlbDap2Process: setParam(vmb = #1[144])
02-05 01:03:49.573   581  5115 D DlbDap2Process: setParam(dsb = #1[48])
02-05 01:03:49.573   581  5115 D DlbDap2Process: setParam(ded = #1[0])
02-05 01:03:49.573   581  5115 D DlbDap2Process: setParam(vbm = #1[0])
02-05 01:03:49.573   581  5115 D DlbDap2Process: setParam(dom = #1[0])
02-05 01:03:49.573   581  5115 D DlbDap2Process: setParam(bew = #1[16])
02-05 01:03:49.573   581  5115 D DlbDap2Process: setParam(dvla = #1[5])
02-05 01:03:49.573   581  5115 D DlbDap2Process: setParam(arra = #1[96])
02-05 01:03:49.573   581  5115 D DlbDap2Process: setParam(dfsa = #1[10])
02-05 01:03:49.573   581  5115 D DlbDap2Process: setParam(dhsa = #1[10])
02-05 01:03:49.573   581  5115 D DlbDap2Process: setParam(dvmc = #1[160])
02-05 01:03:49.573   581  5115 D DlbDap2Process: setParam(arod = #1[0])
02-05 01:03:49.573   581  5115 D DlbDap2Process: setParam(arde = #1[0])
02-05 01:03:49.573   581  5115 D DlbDap2Process: setParam(dvle = #1[1])
02-05 01:03:49.573   581  5115 D DlbDap2Process: setParam(dvme = #1[0])
02-05 01:03:49.573   581  5115 D DlbDap2Process: setParam(becf = #1[160])
02-05 01:03:49.573   581  5115 D DlbDap2Process: setParam(vbmf = #2[99, 281])
02-05 01:03:49.574   581  5115 D DlbDap2Process: setParam(vbsf = #2[30, 90])
02-05 01:03:49.574   581  5115 D DlbDap2Process: setParam(vbhg = #3[-48, -480, -240])
02-05 01:03:49.574   581  5115 D DlbDap2Process: setParam(vbog = #1[0])
02-05 01:03:49.574   581  5115 D DlbDap2Process: setParam(vbsg = #1[0])
02-05 01:03:49.574   581  5115 D DlbDap2Process: setParam(dvli = #1[-320])
02-05 01:03:49.574   581  5115 D DlbDap2Process: setParam(dhfm = #1[0])
02-05 01:03:49.574   581  5115 D DlbDap2Process: setParam(vbon = #1[0])
02-05 01:03:49.574   581  5115 D DlbDap2Process: setParam(beon = #1[0])
02-05 01:03:49.574   581  5115 D DlbDap2Process: setParam(deon = #1[0])
02-05 01:03:49.574   581  5115 D DlbDap2Process: setParam(ngon = #1[1])
02-05 01:03:49.574   581  5115 D DlbDap2Process: setParam(aoon = #1[0])
02-05 01:03:49.574   581  5115 D DlbDap2Process: setParam(aron = #1[1])
02-05 01:03:49.574   581  5115 D DlbDap2Process: setParam(dvlo = #1[-320])
02-05 01:03:49.574   581  5115 D DlbDap2Process: setParam(artp = #1[12])
02-05 01:03:49.574   581  5115 D DlbDap2Process: setParam(aobs = #222[20, 10, 47, 141, 234, 328, 469, 656, 844, 1031, 1313, 1688, 2250, 3000, 3750, 4688, 5813, 7125, 9000, 11250, 13875, 19688, 0, 0, 0, 0, 0, 0, 0, 0, 0, 0, 0, 0, 0, 0, 0, 0, 0, 0, 0, 0, 0, 0, 0, 0, 0, 0, 0, 0, 0, 0, 0, 0, 0, 0, 0, 0, 0, 0, 0, 0, 0, 0, 0, 0, 0, 0, 0, 0, 0, 0, 0, 0, 0, 0, 0, 0, 0, 0, 0, 0, 0, 0, 0, 0, 0, 0, 0, 0, 0, 0, 0, 0, 0, 0, 0, 0, 0, 0, 0, 0, 0, 0, 0, 0, 0, 0, 0, 0, 0, 0, 0, 0, 0, 0, 0, 0, 0, 0, 0, 0, 0, 0, 0, 0, 0, 0, 0, 0, 0, 0, 0, 0, 0, 0, 0, 0, 0, 0, 0, 0, 0, 0, 0, 0, 0, 0, 0, 0, 0, 0, 0, 0, 0, 0, 0, 0, 0, 0, 0, 0, 0, 0, 0, 0, 0, 0, 0, 0, 0, 0, 0, 0, 0, 0, 0, 0, 0, 0, 0, 0, 0, 0, 0, 0, 0, 0, 0, 0, 0, 0, 0, 0, 0, 0, 0, 0, 0, 0, 0, 0, 0, 0, 0, 0, 0, 0, 0, 0, 0, 0, 0, 0, 0, 0, 0, 0, 0, 0, 0, 0])
02-05 01:03:49.575   581  5115 D DlbDap2Process: setParam(arbs = #81[20, 47, 141, 234, 328, 469, 656, 844, 1031, 1313, 1688, 2250, 3000, 3750, 4688, 5813, 7125, 9000, 11250, 13875, 19688, -192, -192, -192, -192, -192, -192, -192, -192, -192, -192, -192, -192, -192, -192, -192, -192, -192, -192, -192, -192, 0, 0, 0, 0, 0, 0, 0, 0, 0, 0, 0, 0, 0, 0, 0, 0, 0, 0, 0, 0, 0, 0, 0, 0, 0, 0, 0, 0, 0, 0, 0, 0, 0, 0, 0, 0, 0, 0, 0, 0])
02-05 01:03:49.575   581  5115 D DlbDapEndpointParamCache: doCommit() Committed 37 parameters out of 37.
02-05 01:03:49.575   581  5115 D DlbDap2Process: setMave(mave = 0)
02-05 01:03:49.623  2287  2287 D featureTest: receive broadcast , change headphone sound virtualizer :1
02-05 01:03:49.636   581  5355 D DlbDlbEffect: handle_EFFECT_CMD_SET_PARAM()
02-05 01:03:49.655   581  5115 D DlbDapEndpointParamCache: commitChangedParams()
02-05 01:03:49.655   581  5115 D DlbDapEndpointParamCache: commit() Applying parameters for device 0x40000000
02-05 01:03:49.655   581  5115 D DlbDap2Process: setParam(iea = #1[10])
02-05 01:03:49.655   581  5115 D DlbDap2Process: setParam(msce = #1[0])
02-05 01:03:49.655   581  5115 D DlbDap2Process: setParam(mdee = #1[0])
02-05 01:03:49.655   581  5115 D DlbDap2Process: setParam(miee = #1[0])
02-05 01:03:49.655   581  5115 D DlbDap2Process: setParam(mdle = #1[0])
02-05 01:03:49.655   581  5115 D DlbDap2Process: setParam(dvle = #1[1])
02-05 01:03:49.655   581  5115 D DlbDap2Process: setParam(mave = #1[0])
02-05 01:03:49.655   581  5115 D DlbDap2Process: setParam(vcbf = #20[47, 141, 234, 328, 469, 656, 844, 1031, 1313, 1688, 2250, 3000, 3750, 4688, 5813, 7125, 9000, 11250, 13875, 19688])
02-05 01:03:49.655   581  5115 D DlbDap2Process: setParam(vbon = #1[0])
02-05 01:03:49.655   581  5115 D DlbDap2Process: setParam(beon = #1[0])
02-05 01:03:49.655   581  5115 D DlbDap2Process: setParam(geon = #1[0])
02-05 01:03:49.655   581  5115 D DlbDap2Process: setParam(ieon = #1[0])
02-05 01:03:49.656   581  5115 D DlbDap2Process: setParam(gebs = #41[20, 47, 141, 234, 328, 469, 656, 844, 1031, 1313, 1688, 2250, 3000, 3750, 4688, 5813, 7125, 9000, 11250, 13875, 19688, 0, 0, 0, 0, 0, 0, 0, 0, 0, 0, 0, 0, 0, 0, 0, 0, 0, 0, 0, 0])
02-05 01:03:49.656   581  5115 D DlbDap2Process: setParam(iebs = #41[20, 65, 136, 223, 332, 467, 634, 841, 1098, 1416, 1812, 2302, 2909, 3663, 4598, 5756, 7194, 8976, 11186, 13927, 17326, 117, 133, 188, 176, 141, 149, 175, 185, 185, 200, 236, 242, 228, 213, 182, 132, 110, 68, -27, -240])
02-05 01:03:49.656   581  5115 D DlbDapEndpointParamCache: doCommit() Committed 15 parameters out of 16.
02-05 01:03:49.656   581  5115 D DlbDapEndpointParamCache: commit() Overriding parameters for current device 0x00000008
02-05 01:03:49.656   581  5115 D DlbDap2Process: setParam(dea = #1[7])
02-05 01:03:49.656   581  5115 D DlbDap2Process: setParam(dsa = #1[10])
02-05 01:03:49.656   581  5115 D DlbDap2Process: setParam(beb = #1[96])
02-05 01:03:49.656   581  5115 D DlbDap2Process: setParam(plb = #1[0])
02-05 01:03:49.656   581  5115 D DlbDap2Process: setParam(vmb = #1[144])
02-05 01:03:49.656   581  5115 D DlbDap2Process: setParam(dsb = #1[48])
02-05 01:03:49.656   581  5115 D DlbDap2Process: setParam(ded = #1[0])
02-05 01:03:49.656   581  5115 D DlbDap2Process: setParam(vbm = #1[0])
02-05 01:03:49.656   581  5115 D DlbDap2Process: DAP output mode set to 9 with 2 output channels and null mix matrix.
02-05 01:03:49.656   581  5115 D DlbDap2Process: setParam(dom = #1[2])
02-05 01:03:49.656   581  5115 D DlbDap2Process: setParam(bew = #1[16])
02-05 01:03:49.656   581  5115 D DlbDap2Process: setParam(dvla = #1[5])
02-05 01:03:49.656   581  5115 D DlbDap2Process: setParam(arra = #1[96])
02-05 01:03:49.656   581  5115 D DlbDap2Process: setParam(dfsa = #1[10])
02-05 01:03:49.656   581  5115 D DlbDap2Process: setParam(dhsa = #1[10])
02-05 01:03:49.656   581  5115 D DlbDap2Process: setParam(dvmc = #1[160])
02-05 01:03:49.656   581  5115 D DlbDap2Process: setParam(arod = #1[0])
02-05 01:03:49.657   581  5115 D DlbDap2Process: setParam(arde = #1[0])
02-05 01:03:49.657   581  5115 D DlbDap2Process: setParam(dvle = #1[1])
02-05 01:03:49.657   581  5115 D DlbDap2Process: setParam(dvme = #1[0])
02-05 01:03:49.657   581  5115 D DlbDap2Process: setParam(becf = #1[160])
02-05 01:03:49.657   581  5115 D DlbDap2Process: setParam(vbmf = #2[99, 281])
02-05 01:03:49.657   581  5115 D DlbDap2Process: setParam(vbsf = #2[30, 90])
02-05 01:03:49.657   581  5115 D DlbDap2Process: setParam(vbhg = #3[-48, -480, -240])
02-05 01:03:49.657   581  5115 D DlbDap2Process: setParam(vbog = #1[0])
02-05 01:03:49.657   581  5115 D DlbDap2Process: setParam(vbsg = #1[0])
02-05 01:03:49.657   581  5115 D DlbDap2Process: setParam(dvli = #1[-320])
02-05 01:03:49.657   581  5115 D DlbDap2Process: setParam(dhfm = #1[0])
02-05 01:03:49.657   581  5115 D DlbDap2Process: setParam(vbon = #1[0])
02-05 01:03:49.657   581  5115 D DlbDap2Process: setParam(beon = #1[0])
02-05 01:03:49.657   581  5115 D DlbDap2Process: setParam(deon = #1[0])
02-05 01:03:49.657   581  5115 D DlbDap2Process: setParam(ngon = #1[1])
02-05 01:03:49.657   581  5115 D DlbDap2Process: setParam(aoon = #1[0])
02-05 01:03:49.657   581  5115 D DlbDap2Process: setParam(aron = #1[1])
02-05 01:03:49.657   581  5115 D DlbDap2Process: setParam(dvlo = #1[-320])
02-05 01:03:49.657   581  5115 D DlbDap2Process: setParam(artp = #1[12])
02-05 01:03:49.658   581  5115 D DlbDap2Process: setParam(aobs = #222[20, 10, 47, 141, 234, 328, 469, 656, 844, 1031, 1313, 1688, 2250, 3000, 3750, 4688, 5813, 7125, 9000, 11250, 13875, 19688, 0, 0, 0, 0, 0, 0, 0, 0, 0, 0, 0, 0, 0, 0, 0, 0, 0, 0, 0, 0, 0, 0, 0, 0, 0, 0, 0, 0, 0, 0, 0, 0, 0, 0, 0, 0, 0, 0, 0, 0, 0, 0, 0, 0, 0, 0, 0, 0, 0, 0, 0, 0, 0, 0, 0, 0, 0, 0, 0, 0, 0, 0, 0, 0, 0, 0, 0, 0, 0, 0, 0, 0, 0, 0, 0, 0, 0, 0, 0, 0, 0, 0, 0, 0, 0, 0, 0, 0, 0, 0, 0, 0, 0, 0, 0, 0, 0, 0, 0, 0, 0, 0, 0, 0, 0, 0, 0, 0, 0, 0, 0, 0, 0, 0, 0, 0, 0, 0, 0, 0, 0, 0, 0, 0, 0, 0, 0, 0, 0, 0, 0, 0, 0, 0, 0, 0, 0, 0, 0, 0, 0, 0, 0, 0, 0, 0, 0, 0, 0, 0, 0, 0, 0, 0, 0, 0, 0, 0, 0, 0, 0, 0, 0, 0, 0, 0, 0, 0, 0, 0, 0, 0, 0, 0, 0, 0, 0, 0, 0, 0, 0, 0, 0, 0, 0, 0, 0, 0, 0, 0, 0, 0, 0, 0, 0, 0, 0, 0, 0, 0])
02-05 01:03:49.658   581  5115 D DlbDap2Process: setParam(arbs = #81[20, 47, 141, 234, 328, 469, 656, 844, 1031, 1313, 1688, 2250, 3000, 3750, 4688, 5813, 7125, 9000, 11250, 13875, 19688, -192, -192, -192, -192, -192, -192, -192, -192, -192, -192, -192, -192, -192, -192, -192, -192, -192, -192, -192, -192, 0, 0, 0, 0, 0, 0, 0, 0, 0, 0, 0, 0, 0, 0, 0, 0, 0, 0, 0, 0, 0, 0, 0, 0, 0, 0, 0, 0, 0, 0, 0, 0, 0, 0, 0, 0, 0, 0, 0, 0])
02-05 01:03:49.658   581  5115 D DlbDapEndpointParamCache: doCommit() Committed 37 parameters out of 37.
02-05 01:03:49.658   581  5115 D DlbDap2Process: setMave(mave = 0)
02-05 01:03:49.663   581  5115 D DlbDapCrossfadeProcess: process transitioning from FADE_TO_ACTIVE state to DAP_ACTIVE
02-05 01:03:49.705  2287  2287 D featureTest: receive broadcast , record log :0
02-05 01:03:49.732  2287  2292 I zygote64: Do partial code cache collection, code=8KB, data=14KB
02-05 01:03:49.733  2287  2292 I zygote64: After code cache collection, code=8KB, data=14KB
02-05 01:03:49.733  2287  2292 I zygote64: Increasing code cache capacity to 128KB
02-05 01:03:49.733  2287  2292 I zygote64: Do partial code cache collection, code=8KB, data=33KB
02-05 01:03:49.733  2287  2292 I zygote64: After code cache collection, code=8KB, data=33KB
02-05 01:03:49.733  2287  2292 I zygote64: Increasing code cache capacity to 256KB
02-05 01:03:49.734  2287  2292 I zygote64: Compiler allocated 8MB to compile void android.widget.TextView.<init>(android.content.Context, android.util.AttributeSet, int, int)
02-05 01:03:50.898   581  5115 D DlbDap2Process: process() called [368500] times
02-05 01:03:51.252   816   816 W WindowManager: removeWindowToken: Attempted to remove non-existing token: android.os.Binder@4ac2435
02-05 01:03:51.297   429   429 D SurfaceFlinger: duplicate layer name: changing Toast to Toast#1
02-05 01:03:51.381 31691 31691 I ServiceManager: Waiting for service AtCmdFwd...
02-05 01:03:52.382 31691 31691 I chatty  : uid=1000(system) /vendor/bin/ATFWD-daemon identical 1 line
02-05 01:03:53.279   816   816 W WindowManager: removeWindowToken: Attempted to remove non-existing token: android.os.Binder@a685717
02-05 01:03:53.383 31691 31691 I ServiceManager: Waiting for service AtCmdFwd...
02-05 01:03:53.576   581  5115 D DlbDap2Process: process() called [369000] times
02-05 01:03:54.383 31691 31691 I ServiceManager: Waiting for service AtCmdFwd...
