02-05 01:03:37.767   581  5115 D DlbDap2Process: process() called [366500] times
02-05 01:03:37.818   589  1183 D NuPlayerDriver: reset(0xe5732a80) at state 5
02-05 01:03:37.819   589  1183 D NuPlayerDriver: notifyListener_l(0xe5732a80), (8, 0, 0, -1), loop setting(0, 1)
02-05 01:03:37.834   589  2134 D NuPlayerDriver: notifyResetComplete(0xe5732a80)
02-05 01:03:37.834   589  1183 D AudioTrack: stop() called with 0 frames delivered
02-05 01:03:37.946   581   724 D DlbDlbEffect: handle_EFFECT_CMD_DISABLE()
02-05 01:03:37.946   581   724 D DlbDapCrossfadeProcess: setEnabled transitioning from DAP_ACTIVE state to FADE_TO_BYPASS
02-05 01:03:37.949   581   724 D DlbDlbEffect: handle_EFFECT_CMD_SET_CONFIG()
02-05 01:03:37.949   581   724 D DlbDapEndpointParamCache: setDevice(device=0x00000008)
02-05 01:03:37.949   421   421 D DMSService: setActiveDevice called with device = 0x8
02-05 01:03:37.949   581   724 D DlbDlbEffect: handle_EFFECT_CMD_ENABLE()
02-05 01:03:37.949   581   724 D DlbDapCrossfadeProcess: setEnabled transitioning from FADE_TO_BYPASS state to FADE_TO_ACTIVE
02-05 01:03:38.092  2182  2182 D featureTest: onCreate
02-05 01:03:38.097  2182  2182 D AudioTrack: Client defaulted notificationFrames to 962 for frameCount 1924
02-05 01:03:38.102  2182  2182 W AudioTrack: Use of stream types is deprecated for operations other than volume control
02-05 01:03:38.102  2182  2182 W AudioTrack: See the documentation of AudioTrack() for what to use instead with android.media.AudioAttributes to qualify your playback use case
02-05 01:03:38.113  2182  2182 D featureTest: onResume
02-05 01:03:38.986  2182  2182 D featureTest: receive broadcast , playing content location :/sdcard/featureTest/chopper_5.1_180_420.wav
02-05 01:03:38.995  2182  2182 D featureTest: mMediaPlayer.getAudioSessionId(): 5057
02-05 01:03:38.995  2182  2182 D featureTest: Playing file: /sdcard/featureTest/chopper_5.1_180_420.wav
02-05 01:03:38.997   589   709 D NuPlayerDriver: NuPlayerDriver(0xe57328c0) created, clientPid(2182)
02-05 01:03:39.037   589  2213 D NuPlayerDriver: notifyListener_l(0xe57328c0), (1, 0, 0, -1), loop setting(0, 0)
02-05 01:03:39.046   589   709 D NuPlayerDriver: start(0xe57328c0), state is 4, eos is 0
02-05 01:03:39.053   593  1187 I OMXMaster: makeComponentInstance(OMX.google.raw.decoder) in android.hardwar process
02-05 01:03:39.057  2182  2182 D featureTest: receive broadcast , change ds status :0
02-05 01:03:39.065   589  2222 I ACodec  : codec does not support config priority (err -2147483648)
02-05 01:03:39.067   589  2222 I MediaCodec: MediaCodec will operate in async mode
02-05 01:03:39.077   581  5143 D DlbDlbEffect: handle_EFFECT_CMD_SET_PARAM()
02-05 01:03:39.089   589  2220 D AudioTrack: Client defaulted notificationFrames to 12000 for frameCount 24000
02-05 01:03:39.090   581   731 D DlbDlbEffect: handle_EFFECT_CMD_DISABLE()
02-05 01:03:39.090   581   731 D DlbDapCrossfadeProcess: setEnabled transitioning from FADE_TO_ACTIVE state to FADE_TO_BYPASS
02-05 01:03:39.092   581   731 D DlbDlbEffect: handle_EFFECT_CMD_SET_CONFIG()
02-05 01:03:39.092   581   731 D DlbDapEndpointParamCache: setDevice(device=0x00000008)
02-05 01:03:39.093   421   421 D DMSService: setActiveDevice called with device = 0x8
02-05 01:03:39.093   581   731 D DlbDlbEffect: handle_EFFECT_CMD_ENABLE()
02-05 01:03:39.093   581   731 D DlbDapCrossfadeProcess: setEnabled transitioning from FADE_TO_BYPASS state to FADE_TO_ACTIVE
02-05 01:03:39.094   589  2213 D NuPlayerDriver: notifyListener_l(0xe57328c0), (6, 0, 0, -1), loop setting(0, 1)
02-05 01:03:39.096   581  5115 D DlbDapCrossfadeProcess: setEnabled transitioning from FADE_TO_ACTIVE state to FADE_TO_BYPASS
02-05 01:03:39.139  2182  2182 D featureTest: receive broadcast , change ds profile id :2
02-05 01:03:39.150   581  5143 D DlbDlbEffect: handle_EFFECT_CMD_SET_PARAM()
02-05 01:03:39.150   421   460 I DapController: Profile Changed to Music
02-05 01:03:39.189   581  5115 D DlbDapEndpointParamCache: commitChangedParams()
02-05 01:03:39.189   581  5115 D DlbDapEndpointParamCache: commit() Applying parameters for device 0x40000000
02-05 01:03:39.189   581  5115 D DlbDap2Process: setParam(iea = #1[10])
02-05 01:03:39.189   581  5115 D DlbDap2Process: setParam(msce = #1[0])
02-05 01:03:39.189   581  5115 D DlbDap2Process: setParam(mdee = #1[0])
02-05 01:03:39.189   581  5115 D DlbDap2Process: setParam(miee = #1[0])
02-05 01:03:39.189   581  5115 D DlbDap2Process: setParam(mdle = #1[0])
02-05 01:03:39.190   581  5115 D DlbDap2Process: setParam(dvle = #1[1])
02-05 01:03:39.190   581  5115 D DlbDap2Process: setParam(mave = #1[0])
02-05 01:03:39.190   581  5115 D DlbDap2Process: setParam(vcbf = #20[47, 141, 234, 328, 469, 656, 844, 1031, 1313, 1688, 2250, 3000, 3750, 4688, 5813, 7125, 9000, 11250, 13875, 19688])
02-05 01:03:39.190   581  5115 D DlbDap2Process: setParam(vbon = #1[0])
02-05 01:03:39.190   581  5115 D DlbDap2Process: setParam(beon = #1[0])
02-05 01:03:39.190   581  5115 D DlbDap2Process: setParam(geon = #1[0])
02-05 01:03:39.190   581  5115 D DlbDap2Process: setParam(ieon = #1[1])
02-05 01:03:39.190   581  5115 D DlbDap2Process: setParam(gebs = #41[20, 47, 141, 234, 328, 469, 656, 844, 1031, 1313, 1688, 2250, 3000, 3750, 4688, 5813, 7125, 9000, 11250, 13875, 19688, 0, 0, 0, 0, 0, 0, 0, 0, 0, 0, 0, 0, 0, 0, 0, 0, 0, 0, 0, 0])
02-05 01:03:39.190   581  5115 D DlbDap2Process: setParam(iebs = #41[20, 65, 136, 223, 332, 467, 634, 841, 1098, 1416, 1812, 2302, 2909, 3663, 4598, 5756, 7194, 8976, 11186, 13927, 17326, 117, 133, 188, 176, 141, 149, 175, 185, 185, 200, 236, 242, 228, 213, 182, 132, 110, 68, -27, -240])
02-05 01:03:39.190   581  5115 D DlbDapEndpointParamCache: doCommit() Committed 15 parameters out of 16.
02-05 01:03:39.190   581  5115 D DlbDapEndpointParamCache: commit() Overriding parameters for current device 0x00000008
02-05 01:03:39.190   581  5115 D DlbDap2Process: setParam(dea = #1[7])
02-05 01:03:39.190   581  5115 D DlbDap2Process: setParam(dsa = #1[10])
02-05 01:03:39.190   581  5115 D DlbDap2Process: setParam(beb = #1[96])
02-05 01:03:39.190   581  5115 D DlbDap2Process: setParam(plb = #1[0])
02-05 01:03:39.190   581  5115 D DlbDap2Process: setParam(vmb = #1[144])
02-05 01:03:39.190   581  5115 D DlbDap2Process: setParam(dsb = #1[48])
02-05 01:03:39.190   581  5115 D DlbDap2Process: setParam(ded = #1[0])
02-05 01:03:39.190   581  5115 D DlbDap2Process: setParam(vbm = #1[0])
02-05 01:03:39.190   581  5115 D DlbDap2Process: setParam(dom = #1[0])
02-05 01:03:39.190   581  5115 D DlbDap2Process: setParam(bew = #1[16])
02-05 01:03:39.190   581  5115 D DlbDap2Process: setParam(dvla = #1[4])
02-05 01:03:39.190   581  5115 D DlbDap2Process: setParam(arra = #1[96])
02-05 01:03:39.190   581  5115 D DlbDap2Process: setParam(dfsa = #1[10])
02-05 01:03:39.190   581  5115 D DlbDap2Process: setParam(dhsa = #1[10])
02-05 01:03:39.190   581  5115 D DlbDap2Process: setParam(dvmc = #1[160])
02-05 01:03:39.190   581  5115 D DlbDap2Process: setParam(arod = #1[0])
02-05 01:03:39.190   581  5115 D DlbDap2Process: setParam(arde = #1[0])
02-05 01:03:39.190   581  5115 D DlbDap2Process: setParam(dvle = #1[1])
02-05 01:03:39.191   581  5115 D DlbDap2Process: setParam(dvme = #1[0])
02-05 01:03:39.191   581  5115 D DlbDap2Process: setParam(becf = #1[160])
02-05 01:03:39.191   581  5115 D DlbDap2Process: setParam(vbmf = #2[99, 281])
02-05 01:03:39.191   581  5115 D DlbDap2Process: setParam(vbsf = #2[30, 90])
02-05 01:03:39.191   581  5115 D DlbDap2Process: setParam(vbhg = #3[-48, -480, -240])
02-05 01:03:39.191   581  5115 D DlbDap2Process: setParam(vbog = #1[0])
02-05 01:03:39.191   581  5115 D DlbDap2Process: setParam(vbsg = #1[0])
02-05 01:03:39.191   581  5115 D DlbDap2Process: setParam(dvli = #1[-320])
02-05 01:03:39.191   581  5115 D DlbDap2Process: setParam(dhfm = #1[0])
02-05 01:03:39.191   581  5115 D DlbDap2Process: setParam(vbon = #1[0])
02-05 01:03:39.191   581  5115 D DlbDap2Process: setParam(beon = #1[0])
02-05 01:03:39.191   581  5115 D DlbDap2Process: setParam(deon = #1[0])
02-05 01:03:39.191   581  5115 D DlbDap2Process: setParam(ngon = #1[1])
02-05 01:03:39.191   581  5115 D DlbDap2Process: setParam(aoon = #1[0])
02-05 01:03:39.191   581  5115 D DlbDap2Process: setParam(aron = #1[1])
02-05 01:03:39.191   581  5115 D DlbDap2Process: setParam(dvlo = #1[-320])
02-05 01:03:39.191   581  5115 D DlbDap2Process: setParam(artp = #1[12])
02-05 01:03:39.191   581  5115 D DlbDap2Process: setParam(aobs = #222[20, 10, 47, 141, 234, 328, 469, 656, 844, 1031, 1313, 1688, 2250, 3000, 3750, 4688, 5813, 7125, 9000, 11250, 13875, 19688, 0, 0, 0, 0, 0, 0, 0, 0, 0, 0, 0, 0, 0, 0, 0, 0, 0, 0, 0, 0, 0, 0, 0, 0, 0, 0, 0, 0, 0, 0, 0, 0, 0, 0, 0, 0, 0, 0, 0, 0, 0, 0, 0, 0, 0, 0, 0, 0, 0, 0, 0, 0, 0, 0, 0, 0, 0, 0, 0, 0, 0, 0, 0, 0, 0, 0, 0, 0, 0, 0, 0, 0, 0, 0, 0, 0, 0, 0, 0, 0, 0, 0, 0, 0, 0, 0, 0, 0, 0, 0, 0, 0, 0, 0, 0, 0, 0, 0, 0, 0, 0, 0, 0, 0, 0, 0, 0, 0, 0, 0, 0, 0, 0, 0, 0, 0, 0, 0, 0, 0, 0, 0, 0, 0, 0, 0, 0, 0, 0, 0, 0, 0, 0, 0, 0, 0, 0, 0, 0, 0, 0, 0, 0, 0, 0, 0, 0, 0, 0, 0, 0, 0, 0, 0, 0, 0, 0, 0, 0, 0, 0, 0, 0, 0, 0, 0, 0, 0, 0, 0, 0, 0, 0, 0, 0, 0, 0, 0, 0, 0, 0, 0, 0, 0, 0, 0, 0, 0, 0, 0, 0, 0, 0, 0, 0, 0, 0, 0, 0, 0])
02-05 01:03:39.192   581  5115 D DlbDap2Process: setParam(arbs = #81[20, 47, 141, 234, 328, 469, 656, 844, 1031, 1313, 1688, 2250, 3000, 3750, 4688, 5813, 7125, 9000, 11250, 13875, 19688, -192, -192, -192, -192, -192, -192, -192, -192, -192, -192, -192, -192, -192, -192, -192, -192, -192, -192, -192, -192, 0, 0, 0, 0, 0, 0, 0, 0, 0, 0, 0, 0, 0, 0, 0, 0, 0, 0, 0, 0, 0, 0, 0, 0, 0, 0, 0, 0, 0, 0, 0, 0, 0, 0, 0, 0, 0, 0, 0, 0])
02-05 01:03:39.192   581  5115 D DlbDapEndpointParamCache: doCommit() Committed 37 parameters out of 37.
02-05 01:03:39.192   581  5115 D DlbDap2Process: setMave(mave = 0)
02-05 01:03:39.209   581  5115 D DlbDapCrossfadeProcess: process transitioning from FADE_TO_BYPASS state to DAP_BYPASSED
02-05 01:03:39.213  2182  2182 D featureTest: receive broadcast , playing content location :/sdcard/featureTest/chopper_5.1_180_420.wav
02-05 01:03:39.216   589  1170 D NuPlayerDriver: stop(0xe57328c0)
02-05 01:03:39.216   589  1170 D NuPlayerDriver: notifyListener_l(0xe57328c0), (8, 0, 0, -1), loop setting(0, 1)
02-05 01:03:39.218   589  1183 D NuPlayerDriver: reset(0xe57328c0) at state 8
02-05 01:03:39.224   589  2213 D NuPlayerDriver: notifyResetComplete(0xe57328c0)
02-05 01:03:39.224   589  1183 D NuPlayerDriver: reset(0xe57328c0) at state 0
02-05 01:03:39.235  2182  2182 D featureTest: mMediaPlayer.getAudioSessionId(): 5065
02-05 01:03:39.235  2182  2182 D featureTest: Playing file: /sdcard/featureTest/chopper_5.1_180_420.wav
02-05 01:03:39.237   589   589 D NuPlayerDriver: NuPlayerDriver(0xe5732b60) created, clientPid(2182)
02-05 01:03:39.271   589  2238 D NuPlayerDriver: notifyListener_l(0xe5732b60), (1, 0, 0, -1), loop setting(0, 0)
02-05 01:03:39.276   589   589 D NuPlayerDriver: start(0xe5732b60), state is 4, eos is 0
02-05 01:03:39.285   593  1162 I OMXMaster: makeComponentInstance(OMX.google.raw.decoder) in android.hardwar process
02-05 01:03:39.286  2182  2182 D featureTest: receive broadcast , change ds status :1
02-05 01:03:39.290   589  2245 I ACodec  : codec does not support config priority (err -2147483648)
02-05 01:03:39.292   589  2245 I MediaCodec: MediaCodec will operate in async mode
02-05 01:03:39.301   581  5142 D DlbDlbEffect: handle_EFFECT_CMD_SET_PARAM()
02-05 01:03:39.311   589  2243 D AudioTrack: Client defaulted notificationFrames to 12000 for frameCount 24000
02-05 01:03:39.313   589  2238 D NuPlayerDriver: notifyListener_l(0xe5732b60), (6, 0, 0, -1), loop setting(0, 1)
02-05 01:03:39.327   581  5115 D DlbDapCrossfadeProcess: setEnabled transitioning from DAP_BYPASSED state to PREROLL_ACTIVE
02-05 01:03:39.361  2182  2182 D featureTest: receive broadcast , change ds profile id :5
02-05 01:03:39.364   581   770 D AudioFlinger: mixer(0xf2983980) throttle end: throttle time(29)
02-05 01:03:39.368   581  5115 D DlbDapCrossfadeProcess: process transitioning from PREROLL_ACTIVE state to FADE_TO_ACTIVE
02-05 01:03:39.374   581   581 D DlbDlbEffect: handle_EFFECT_CMD_SET_PARAM()
02-05 01:03:39.374   421   460 I DapController: Profile Changed to Custom
02-05 01:03:39.407   581  5115 D DlbDapEndpointParamCache: commitChangedParams()
02-05 01:03:39.407   581  5115 D DlbDapEndpointParamCache: commit() Applying parameters for device 0x40000000
02-05 01:03:39.408   581  5115 D DlbDap2Process: setParam(iea = #1[10])
02-05 01:03:39.408   581  5115 D DlbDap2Process: setParam(msce = #1[0])
02-05 01:03:39.408   581  5115 D DlbDap2Process: setParam(mdee = #1[0])
02-05 01:03:39.408   581  5115 D DlbDap2Process: setParam(miee = #1[0])
02-05 01:03:39.408   581  5115 D DlbDap2Process: setParam(mdle = #1[0])
02-05 01:03:39.408   581  5115 D DlbDap2Process: setParam(dvle = #1[1])
02-05 01:03:39.408   581  5115 D DlbDap2Process: setParam(mave = #1[0])
02-05 01:03:39.408   581  5115 D DlbDap2Process: setParam(vcbf = #20[47, 141, 234, 328, 469, 656, 844, 1031, 1313, 1688, 2250, 3000, 3750, 4688, 5813, 7125, 9000, 11250, 13875, 19688])
02-05 01:03:39.408   581  5115 D DlbDap2Process: setParam(vbon = #1[0])
02-05 01:03:39.408   581  5115 D DlbDap2Process: setParam(beon = #1[0])
02-05 01:03:39.408   581  5115 D DlbDap2Process: setParam(geon = #1[0])
02-05 01:03:39.408   581  5115 D DlbDap2Process: setParam(ieon = #1[0])
02-05 01:03:39.408   581  5115 D DlbDap2Process: setParam(gebs = #41[20, 47, 141, 234, 328, 469, 656, 844, 1031, 1313, 1688, 2250, 3000, 3750, 4688, 5813, 7125, 9000, 11250, 13875, 19688, 0, 0, 0, 0, 0, 0, 0, 0, 0, 0, 0, 0, 0, 0, 0, 0, 0, 0, 0, 0])
02-05 01:03:39.408   581  5115 D DlbDap2Process: setParam(iebs = #41[20, 65, 136, 223, 332, 467, 634, 841, 1098, 1416, 1812, 2302, 2909, 3663, 4598, 5756, 7194, 8976, 11186, 13927, 17326, 117, 133, 188, 176, 141, 149, 175, 185, 185, 200, 236, 242, 228, 213, 182, 132, 110, 68, -27, -240])
02-05 01:03:39.408   581  5115 D DlbDapEndpointParamCache: doCommit() Committed 15 parameters out of 16.
02-05 01:03:39.408   581  5115 D DlbDapEndpointParamCache: commit() Overriding parameters for current device 0x00000008
02-05 01:03:39.408   581  5115 D DlbDap2Process: setParam(dea = #1[7])
02-05 01:03:39.408   581  5115 D DlbDap2Process: setParam(dsa = #1[10])
02-05 01:03:39.408   581  5115 D DlbDap2Process: setParam(beb = #1[96])
02-05 01:03:39.409   581  5115 D DlbDap2Process: setParam(plb = #1[0])
02-05 01:03:39.409   581  5115 D DlbDap2Process: setParam(vmb = #1[144])
02-05 01:03:39.409   581  5115 D DlbDap2Process: setParam(dsb = #1[48])
02-05 01:03:39.409   581  5115 D DlbDap2Process: setParam(ded = #1[0])
02-05 01:03:39.409   581  5115 D DlbDap2Process: setParam(vbm = #1[0])
02-05 01:03:39.409   581  5115 D DlbDap2Process: setParam(dom = #1[0])
02-05 01:03:39.409   581  5115 D DlbDap2Process: setParam(bew = #1[16])
02-05 01:03:39.409   581  5115 D DlbDap2Process: setParam(dvla = #1[5])
02-05 01:03:39.409   581  5115 D DlbDap2Process: setParam(arra = #1[96])
02-05 01:03:39.409   581  5115 D DlbDap2Process: setParam(dfsa = #1[10])
02-05 01:03:39.409   581  5115 D DlbDap2Process: setParam(dhsa = #1[10])
02-05 01:03:39.409   581  5115 D DlbDap2Process: setParam(dvmc = #1[160])
02-05 01:03:39.409   581  5115 D DlbDap2Process: setParam(arod = #1[0])
02-05 01:03:39.409   581  5115 D DlbDap2Process: setParam(arde = #1[0])
02-05 01:03:39.409   581  5115 D DlbDap2Process: setParam(dvle = #1[1])
02-05 01:03:39.409   581  5115 D DlbDap2Process: setParam(dvme = #1[0])
02-05 01:03:39.409   581  5115 D DlbDap2Process: setParam(becf = #1[160])
02-05 01:03:39.409   581  5115 D DlbDap2Process: setParam(vbmf = #2[99, 281])
02-05 01:03:39.409   581  5115 D DlbDap2Process: setParam(vbsf = #2[30, 90])
02-05 01:03:39.409   581  5115 D DlbDap2Process: setParam(vbhg = #3[-48, -480, -240])
02-05 01:03:39.409   581  5115 D DlbDap2Process: setParam(vbog = #1[0])
02-05 01:03:39.409   581  5115 D DlbDap2Process: setParam(vbsg = #1[0])
02-05 01:03:39.409   581  5115 D DlbDap2Process: setParam(dvli = #1[-320])
02-05 01:03:39.409   581  5115 D DlbDap2Process: setParam(dhfm = #1[0])
02-05 01:03:39.409   581  5115 D DlbDap2Process: setParam(vbon = #1[0])
02-05 01:03:39.409   581  5115 D DlbDap2Process: setParam(beon = #1[0])
02-05 01:03:39.409   581  5115 D DlbDap2Process: setParam(deon = #1[0])
02-05 01:03:39.409   581  5115 D DlbDap2Process: setParam(ngon = #1[1])
02-05 01:03:39.409   581  5115 D DlbDap2Process: setParam(aoon = #1[0])
02-05 01:03:39.409   581  5115 D DlbDap2Process: setParam(aron = #1[1])
02-05 01:03:39.409   581  5115 D DlbDap2Process: setParam(dvlo = #1[-320])
02-05 01:03:39.409   581  5115 D DlbDap2Process: setParam(artp = #1[12])
02-05 01:03:39.410   581  5115 D DlbDap2Process: setParam(aobs = #222[20, 10, 47, 141, 234, 328, 469, 656, 844, 1031, 1313, 1688, 2250, 3000, 3750, 4688, 5813, 7125, 9000, 11250, 13875, 19688, 0, 0, 0, 0, 0, 0, 0, 0, 0, 0, 0, 0, 0, 0, 0, 0, 0, 0, 0, 0, 0, 0, 0, 0, 0, 0, 0, 0, 0, 0, 0, 0, 0, 0, 0, 0, 0, 0, 0, 0, 0, 0, 0, 0, 0, 0, 0, 0, 0, 0, 0, 0, 0, 0, 0, 0, 0, 0, 0, 0, 0, 0, 0, 0, 0, 0, 0, 0, 0, 0, 0, 0, 0, 0, 0, 0, 0, 0, 0, 0, 0, 0, 0, 0, 0, 0, 0, 0, 0, 0, 0, 0, 0, 0, 0, 0, 0, 0, 0, 0, 0, 0, 0, 0, 0, 0, 0, 0, 0, 0, 0, 0, 0, 0, 0, 0, 0, 0, 0, 0, 0, 0, 0, 0, 0, 0, 0, 0, 0, 0, 0, 0, 0, 0, 0, 0, 0, 0, 0, 0, 0, 0, 0, 0, 0, 0, 0, 0, 0, 0, 0, 0, 0, 0, 0, 0, 0, 0, 0, 0, 0, 0, 0, 0, 0, 0, 0, 0, 0, 0, 0, 0, 0, 0, 0, 0, 0, 0, 0, 0, 0, 0, 0, 0, 0, 0, 0, 0, 0, 0, 0, 0, 0, 0, 0, 0, 0, 0, 0, 0])
02-05 01:03:39.410   581  5115 D DlbDap2Process: setParam(arbs = #81[20, 47, 141, 234, 328, 469, 656, 844, 1031, 1313, 1688, 2250, 3000, 3750, 4688, 5813, 7125, 9000, 11250, 13875, 19688, -192, -192, -192, -192, -192, -192, -192, -192, -192, -192, -192, -192, -192, -192, -192, -192, -192, -192, -192, -192, 0, 0, 0, 0, 0, 0, 0, 0, 0, 0, 0, 0, 0, 0, 0, 0, 0, 0, 0, 0, 0, 0, 0, 0, 0, 0, 0, 0, 0, 0, 0, 0, 0, 0, 0, 0, 0, 0, 0, 0])
02-05 01:03:39.410   581  5115 D DlbDapEndpointParamCache: doCommit() Committed 37 parameters out of 37.
02-05 01:03:39.410   581  5115 D DlbDap2Process: setMave(mave = 0)
02-05 01:03:39.436  2182  2182 D featureTest: receive broadcast , change headphone sound virtualizer :1
02-05 01:03:39.449   581   731 D DlbDlbEffect: handle_EFFECT_CMD_SET_PARAM()
02-05 01:03:39.488   581  5115 D DlbDapEndpointParamCache: commitChangedParams()
02-05 01:03:39.488   581  5115 D DlbDapEndpointParamCache: commit() Applying parameters for device 0x40000000
02-05 01:03:39.488   581  5115 D DlbDap2Process: setParam(iea = #1[10])
02-05 01:03:39.488   581  5115 D DlbDap2Process: setParam(msce = #1[0])
02-05 01:03:39.488   581  5115 D DlbDap2Process: setParam(mdee = #1[0])
02-05 01:03:39.488   581  5115 D DlbDap2Process: setParam(miee = #1[0])
02-05 01:03:39.488   581  5115 D DlbDap2Process: setParam(mdle = #1[0])
02-05 01:03:39.488   581  5115 D DlbDap2Process: setParam(dvle = #1[1])
02-05 01:03:39.488   581  5115 D DlbDap2Process: setParam(mave = #1[0])
02-05 01:03:39.488   581  5115 D DlbDap2Process: setParam(vcbf = #20[47, 141, 234, 328, 469, 656, 844, 1031, 1313, 1688, 2250, 3000, 3750, 4688, 5813, 7125, 9000, 11250, 13875, 19688])
02-05 01:03:39.488   581  5115 D DlbDap2Process: setParam(vbon = #1[0])
02-05 01:03:39.488   581  5115 D DlbDap2Process: setParam(beon = #1[0])
02-05 01:03:39.488   581  5115 D DlbDap2Process: setParam(geon = #1[0])
02-05 01:03:39.488   581  5115 D DlbDap2Process: setParam(ieon = #1[0])
02-05 01:03:39.488   581  5115 D DlbDap2Process: setParam(gebs = #41[20, 47, 141, 234, 328, 469, 656, 844, 1031, 1313, 1688, 2250, 3000, 3750, 4688, 5813, 7125, 9000, 11250, 13875, 19688, 0, 0, 0, 0, 0, 0, 0, 0, 0, 0, 0, 0, 0, 0, 0, 0, 0, 0, 0, 0])
02-05 01:03:39.489   581  5115 D DlbDap2Process: setParam(iebs = #41[20, 65, 136, 223, 332, 467, 634, 841, 1098, 1416, 1812, 2302, 2909, 3663, 4598, 5756, 7194, 8976, 11186, 13927, 17326, 117, 133, 188, 176, 141, 149, 175, 185, 185, 200, 236, 242, 228, 213, 182, 132, 110, 68, -27, -240])
02-05 01:03:39.489   581  5115 D DlbDapEndpointParamCache: doCommit() Committed 15 parameters out of 16.
02-05 01:03:39.489   581  5115 D DlbDapEndpointParamCache: commit() Overriding parameters for current device 0x00000008
02-05 01:03:39.489   581  5115 D DlbDap2Process: setParam(dea = #1[7])
02-05 01:03:39.489   581  5115 D DlbDap2Process: setParam(dsa = #1[10])
02-05 01:03:39.489   581  5115 D DlbDap2Process: setParam(beb = #1[96])
02-05 01:03:39.489   581  5115 D DlbDap2Process: setParam(plb = #1[0])
02-05 01:03:39.489   581  5115 D DlbDap2Process: setParam(vmb = #1[144])
02-05 01:03:39.489   581  5115 D DlbDap2Process: setParam(dsb = #1[48])
02-05 01:03:39.489   581  5115 D DlbDap2Process: setParam(ded = #1[0])
02-05 01:03:39.489   581  5115 D DlbDap2Process: setParam(vbm = #1[0])
02-05 01:03:39.489   581  5115 D DlbDap2Process: DAP output mode set to 9 with 2 output channels and null mix matrix.
02-05 01:03:39.489   581  5115 D DlbDap2Process: setParam(dom = #1[2])
02-05 01:03:39.489   581  5115 D DlbDap2Process: setParam(bew = #1[16])
02-05 01:03:39.489   581  5115 D DlbDap2Process: setParam(dvla = #1[5])
02-05 01:03:39.489   581  5115 D DlbDap2Process: setParam(arra = #1[96])
02-05 01:03:39.489   581  5115 D DlbDap2Process: setParam(dfsa = #1[10])
02-05 01:03:39.489   581  5115 D DlbDap2Process: setParam(dhsa = #1[10])
02-05 01:03:39.489   581  5115 D DlbDap2Process: setParam(dvmc = #1[160])
02-05 01:03:39.489   581  5115 D DlbDap2Process: setParam(arod = #1[0])
02-05 01:03:39.489   581  5115 D DlbDap2Process: setParam(arde = #1[0])
02-05 01:03:39.489   581  5115 D DlbDap2Process: setParam(dvle = #1[1])
02-05 01:03:39.489   581  5115 D DlbDap2Process: setParam(dvme = #1[0])
02-05 01:03:39.489   581  5115 D DlbDap2Process: setParam(becf = #1[160])
02-05 01:03:39.489   581  5115 D DlbDap2Process: setParam(vbmf = #2[99, 281])
02-05 01:03:39.489   581  5115 D DlbDap2Process: setParam(vbsf = #2[30, 90])
02-05 01:03:39.489   581  5115 D DlbDap2Process: setParam(vbhg = #3[-48, -480, -240])
02-05 01:03:39.489   581  5115 D DlbDap2Process: setParam(vbog = #1[0])
02-05 01:03:39.489   581  5115 D DlbDap2Process: setParam(vbsg = #1[0])
02-05 01:03:39.489   581  5115 D DlbDap2Process: setParam(dvli = #1[-320])
02-05 01:03:39.489   581  5115 D DlbDap2Process: setParam(dhfm = #1[0])
02-05 01:03:39.489   581  5115 D DlbDap2Process: setParam(vbon = #1[0])
02-05 01:03:39.489   581  5115 D DlbDap2Process: setParam(beon = #1[0])
02-05 01:03:39.489   581  5115 D DlbDap2Process: setParam(deon = #1[0])
02-05 01:03:39.489   581  5115 D DlbDap2Process: setParam(ngon = #1[1])
02-05 01:03:39.489   581  5115 D DlbDap2Process: setParam(aoon = #1[0])
02-05 01:03:39.489   581  5115 D DlbDap2Process: setParam(aron = #1[1])
02-05 01:03:39.489   581  5115 D DlbDap2Process: setParam(dvlo = #1[-320])
02-05 01:03:39.489   581  5115 D DlbDap2Process: setParam(artp = #1[12])
02-05 01:03:39.490   581  5115 D DlbDap2Process: setParam(aobs = #222[20, 10, 47, 141, 234, 328, 469, 656, 844, 1031, 1313, 1688, 2250, 3000, 3750, 4688, 5813, 7125, 9000, 11250, 13875, 19688, 0, 0, 0, 0, 0, 0, 0, 0, 0, 0, 0, 0, 0, 0, 0, 0, 0, 0, 0, 0, 0, 0, 0, 0, 0, 0, 0, 0, 0, 0, 0, 0, 0, 0, 0, 0, 0, 0, 0, 0, 0, 0, 0, 0, 0, 0, 0, 0, 0, 0, 0, 0, 0, 0, 0, 0, 0, 0, 0, 0, 0, 0, 0, 0, 0, 0, 0, 0, 0, 0, 0, 0, 0, 0, 0, 0, 0, 0, 0, 0, 0, 0, 0, 0, 0, 0, 0, 0, 0, 0, 0, 0, 0, 0, 0, 0, 0, 0, 0, 0, 0, 0, 0, 0, 0, 0, 0, 0, 0, 0, 0, 0, 0, 0, 0, 0, 0, 0, 0, 0, 0, 0, 0, 0, 0, 0, 0, 0, 0, 0, 0, 0, 0, 0, 0, 0, 0, 0, 0, 0, 0, 0, 0, 0, 0, 0, 0, 0, 0, 0, 0, 0, 0, 0, 0, 0, 0, 0, 0, 0, 0, 0, 0, 0, 0, 0, 0, 0, 0, 0, 0, 0, 0, 0, 0, 0, 0, 0, 0, 0, 0, 0, 0, 0, 0, 0, 0, 0, 0, 0, 0, 0, 0, 0, 0, 0, 0, 0, 0, 0])
02-05 01:03:39.490   581  5115 D DlbDap2Process: setParam(arbs = #81[20, 47, 141, 234, 328, 469, 656, 844, 1031, 1313, 1688, 2250, 3000, 3750, 4688, 5813, 7125, 9000, 11250, 13875, 19688, -192, -192, -192, -192, -192, -192, -192, -192, -192, -192, -192, -192, -192, -192, -192, -192, -192, -192, -192, -192, 0, 0, 0, 0, 0, 0, 0, 0, 0, 0, 0, 0, 0, 0, 0, 0, 0, 0, 0, 0, 0, 0, 0, 0, 0, 0, 0, 0, 0, 0, 0, 0, 0, 0, 0, 0, 0, 0, 0, 0])
02-05 01:03:39.490   581  5115 D DlbDapEndpointParamCache: doCommit() Committed 37 parameters out of 37.
02-05 01:03:39.490   581  5115 D DlbDap2Process: setMave(mave = 0)
02-05 01:03:39.494   581  5115 D DlbDapCrossfadeProcess: process transitioning from FADE_TO_ACTIVE state to DAP_ACTIVE
02-05 01:03:39.514  2182  2182 D featureTest: receive broadcast , record log :0
02-05 01:03:41.694   581  5115 D DlbDap2Process: process() called [367000] times
02-05 01:03:44.375   581  5115 D DlbDap2Process: process() called [367500] times
