02-05 01:00:31.460   589   589 D NuPlayerDriver: reset(0xe5732310) at state 5
02-05 01:00:31.463   589   589 D NuPlayerDriver: notifyListener_l(0xe5732310), (8, 0, 0, -1), loop setting(0, 1)
02-05 01:00:31.470   589 32430 D NuPlayerDriver: notifyResetComplete(0xe5732310)
02-05 01:00:31.471   589   589 D AudioTrack: stop() called with 0 frames delivered
02-05 01:00:31.604   581   724 D DlbDlbEffect: handle_EFFECT_CMD_DISABLE()
02-05 01:00:31.604   581   724 D DlbDapCrossfadeProcess: setEnabled transitioning from DAP_ACTIVE state to FADE_TO_BYPASS
02-05 01:00:31.608   581   724 D DlbDlbEffect: handle_EFFECT_CMD_SET_CONFIG()
02-05 01:00:31.609   581   724 D DlbDapEndpointParamCache: setDevice(device=0x00000008)
02-05 01:00:31.609   421   421 D DMSService: setActiveDevice called with device = 0x8
02-05 01:00:31.609   581   724 D DlbDlbEffect: handle_EFFECT_CMD_ENABLE()
02-05 01:00:31.609   581   724 D DlbDapCrossfadeProcess: setEnabled transitioning from FADE_TO_BYPASS state to FADE_TO_ACTIVE
02-05 01:00:31.747 32483 32483 D featureTest: onCreate
02-05 01:00:31.755 32483 32483 D AudioTrack: Client defaulted notificationFrames to 962 for frameCount 1924
02-05 01:00:31.762 32483 32483 W AudioTrack: Use of stream types is deprecated for operations other than volume control
02-05 01:00:31.763 32483 32483 W AudioTrack: See the documentation of AudioTrack() for what to use instead with android.media.AudioAttributes to qualify your playback use case
02-05 01:00:31.774 32483 32483 D featureTest: onResume
02-05 01:00:32.620 32483 32483 D featureTest: receive broadcast , playing content location :/sdcard/featureTest/7ch_ddp_25fps_diff_music_01.mp4
02-05 01:00:32.631 32483 32483 D featureTest: mMediaPlayer.getAudioSessionId(): 4681
02-05 01:00:32.631 32483 32483 D featureTest: Playing file: /sdcard/featureTest/7ch_ddp_25fps_diff_music_01.mp4
02-05 01:00:32.633   589 26717 D NuPlayerDriver: NuPlayerDriver(0xe57329a0) created, clientPid(32483)
02-05 01:00:32.652   589 32511 D NuPlayerDriver: notifyListener_l(0xe57329a0), (1, 0, 0, -1), loop setting(0, 0)
02-05 01:00:32.661   589 26717 D NuPlayerDriver: start(0xe57329a0), state is 4, eos is 0
02-05 01:00:32.674   593 20870 I OMXMaster: makeComponentInstance(OMX.dolby.eac3.decoder) in android.hardwar process
02-05 01:00:32.695 32483 32483 D featureTest: receive broadcast , change ds status :1
02-05 01:00:32.724   581  5110 D DlbDlbEffect: handle_EFFECT_CMD_SET_PARAM()
02-05 01:00:32.725   593 20870 I DDP_JOCDecoder: -> init name OMX.dolby.eac3.decoder
02-05 01:00:32.727   593 20870 I DDP_JOCDecoder: <- init
02-05 01:00:32.727   593 20870 D DDP_JOCDecoder: initPorts
02-05 01:00:32.729   589 32519 I ACodec  : codec does not support config priority (err -2147483648)
02-05 01:00:32.731   589 32519 I MediaCodec: MediaCodec will operate in async mode
02-05 01:00:32.731   589 32519 I ACodec  : setDolbyParameterOnProcessedAudio() Received dolby_processed_audio=1
02-05 01:00:32.731   589 32518 I NuPlayerDecoder: setDolbyMessage() Notifying player that Codec supports dolby_processed_audio flag
02-05 01:00:32.731   589 32511 I NuPlayer: onDolbyMessageReceived() Setting dolby_processed_audio flag on audio sink
02-05 01:00:32.732   593   593 D DDP_JOCDecoder: internalSetParameter() Instantiating ARenderer for content processing in decoder
02-05 01:00:32.733   593   593 I DlbDap2QmfProcess: Dap2Process()
02-05 01:00:32.733   593   593 I ARenderer: ARenderer
02-05 01:00:32.733   593   593 I evo_parser: evo_parser_init
02-05 01:00:32.733   593   593 I DlbDap2QmfProcess: init()
02-05 01:00:32.733   593   593 I DlbDap2QmfProcess: open()
02-05 01:00:32.733   593   593 I DlbDap2QmfProcess: loadLicense() no license check!
02-05 01:00:32.733   593   593 I DlbDap2QmfProcess: validateLicense() no license check!
02-05 01:00:32.733   593   593 I DlbDap2QmfProcess: init() DAP opened
02-05 01:00:32.733   593   593 I DlbDap2QmfProcess: DAP library version: 2.5.1-P2.0
02-05 01:00:32.733   593   593 D DlbDap2QmfProcess: DAP output mode set to 1 with 2 output channels and null mix matrix.
02-05 01:00:32.733   589 32519 I ACodec  : setDolbyParameterOnProcessedAudio() Content processing enabled in decoder
02-05 01:00:32.739   593 32523 I DDP_JOCDecoder: -> start
02-05 01:00:32.740   593 32523 D DDP_JOCDecoder: Setting Max Output Channels to 2
02-05 01:00:32.740   593 32523 D DDP_JOCDecoder: setMultiChannelPCMOutDownmix mConfig->jocForceDownmixMode 0
02-05 01:00:32.740   593 32523 I udc_user: 
02-05 01:00:32.740   593 32523 I udc_user: *** DDPlus Unified Decoder Simulation  Version 1.7.3 ***
02-05 01:00:32.740   593 32523 I udc_user: 
02-05 01:00:32.740   593 32523 I udc_user: 7.1-channel decoder-converter, 
02-05 01:00:32.740   593 32523 I udc_user: 
02-05 01:00:32.740   593 32523 I udc_user: 5.1-channel dual-decoder-converter, 
02-05 01:00:32.740   593 32523 I udc_user: Karaoke unsupported, 
02-05 01:00:32.740   593 32523 I udc_user: TPNP supported. 
02-05 01:00:32.740   593 32523 I udc_user: 
02-05 01:00:32.740   593 32523 I udc_user: Unpublished work.  Copyright 2003-2014 Dolby Laboratories, Inc. and
02-05 01:00:32.740   593 32523 I udc_user: Dolby Laboratories Licensing Corporation.  All Rights Reserved.
02-05 01:00:32.740   593 32523 I udc_user: 
02-05 01:00:32.740   593 32523 I udc_user: USE OF THIS SOFTWARE IS SUBJECT TO A LEGAL AGREEMENT BETWEEN YOU AND DOLBY
02-05 01:00:32.740   593 32523 I udc_user: LABORATORIES. DO NOT USE THIS SOFTWARE UNLESS YOU AGREE TO THE TERMS AND 
02-05 01:00:32.740   593 32523 I udc_user: CONDITIONS IN THE AGREEMENT.  BY USING THIS SOFTWARE, YOU ACKNOWLEDGE THAT 
02-05 01:00:32.740   593 32523 I udc_user: YOU HAVE READ THE AGREEMENT AND THAT YOU AGREE TO BE BOUND BY ITS TERMS. 
02-05 01:00:32.740   593 32523 I udc_user: 
02-05 01:00:32.740   593 32523 I ddpdec_client_joc: ddpdec_open JOCD_MODE Buffer assignment
02-05 01:00:32.740   593 32523 D DDP_JOCDecoder: mStarted = 1
02-05 01:00:32.740   593 32523 I DDP_JOCDecoder: <- start
02-05 01:00:32.741   593 32523 D ddpdec_client_joc: ddpdec_client.c|int configDecoder()
02-05 01:00:32.742   593 32523 D DDP_JOCDecoder: Setting Max Output Channels to 2
02-05 01:00:32.743   593 32523 I DlbDap2QmfProcess: close()
02-05 01:00:32.743   593 32523 I DlbDap2QmfProcess: init()
02-05 01:00:32.743   593 32523 I DlbDap2QmfProcess: open()
02-05 01:00:32.744   593 32523 I DlbDap2QmfProcess: loadLicense() no license check!
02-05 01:00:32.744   593 32523 I DlbDap2QmfProcess: validateLicense() no license check!
02-05 01:00:32.744   593 32523 I DlbDap2QmfProcess: init() DAP opened
02-05 01:00:32.744   593 32523 I DlbDap2QmfProcess: DAP library version: 2.5.1-P2.0
02-05 01:00:32.744   593 32523 D DlbDap2QmfProcess: DAP output mode set to 1 with 2 output channels and null mix matrix.
02-05 01:00:32.744   593 32523 D ARenderer: checkAndUpdateConfig: DAP reinitialized because of sample rate change
02-05 01:00:32.744   593 32523 D ARenderer: updateDapConfig: Updating DAP configuration
02-05 01:00:32.744   593 32523 D DlbDap2QmfProcess: setParam(iea = #1[10])
02-05 01:00:32.744   593 32523 D DlbDap2QmfProcess: setParam(msce = #1[0])
02-05 01:00:32.744   593 32523 D DlbDap2QmfProcess: setParam(mdee = #1[0])
02-05 01:00:32.744   593 32523 D DlbDap2QmfProcess: setParam(miee = #1[0])
02-05 01:00:32.744   593 32523 D DlbDap2QmfProcess: setParam(mdle = #1[0])
02-05 01:00:32.744   593 32523 D DlbDap2QmfProcess: setParam(dvle = #1[1])
02-05 01:00:32.744   593 32523 D DlbDap2QmfProcess: setParam(mave = #1[0])
02-05 01:00:32.744   593 32523 D DlbDap2QmfProcess: setParam(vcbf = #20[47, 141, 234, 328, 469, 656, 844, 1031, 1313, 1688, 2250, 3000, 3750, 4688, 5813, 7125, 9000, 11250, 13875, 19688])
02-05 01:00:32.744   593 32523 D DlbDap2QmfProcess: setParam(ieon = #1[1])
02-05 01:00:32.744   593 32523 D DlbDap2QmfProcess: setParam(gebs = #41[20, 47, 141, 234, 328, 469, 656, 844, 1031, 1313, 1688, 2250, 3000, 3750, 4688, 5813, 7125, 9000, 11250, 13875, 19688, 0, 0, 0, 0, 0, 0, 0, 0, 0, 0, 0, 0, 0, 0, 0, 0, 0, 0, 0, 0])
02-05 01:00:32.744   593 32523 D DlbDap2QmfProcess: setParam(iebs = #41[20, 65, 136, 223, 332, 467, 634, 841, 1098, 1416, 1812, 2302, 2909, 3663, 4598, 5756, 7194, 8976, 11186, 13927, 17326, 117, 133, 188, 176, 141, 149, 175, 185, 185, 200, 236, 242, 228, 213, 182, 132, 110, 68, -27, -240])
02-05 01:00:32.744   593 32523 D DlbDap2QmfProcess: setParam(dea = #1[7])
02-05 01:00:32.744   593 32523 D DlbDap2QmfProcess: setParam(dsa = #1[10])
02-05 01:00:32.744   593 32523 D DlbDap2QmfProcess: setParam(beb = #1[96])
02-05 01:00:32.744   593 32523 D DlbDap2QmfProcess: setParam(plb = #1[0])
02-05 01:00:32.744   593 32523 D DlbDap2QmfProcess: setParam(vmb = #1[144])
02-05 01:00:32.744   593 32523 D DlbDap2QmfProcess: setParam(dsb = #1[48])
02-05 01:00:32.744   593 32523 D DlbDap2QmfProcess: setParam(ded = #1[0])
02-05 01:00:32.744   593 32523 D DlbDap2QmfProcess: setParam(dom = #1[0])
02-05 01:00:32.744   593 32523 D DlbDap2QmfProcess: setParam(bew = #1[16])
02-05 01:00:32.744   593 32523 D DlbDap2QmfProcess: setParam(dvla = #1[4])
02-05 01:00:32.744   593 32523 D DlbDap2QmfProcess: setParam(dfsa = #1[10])
02-05 01:00:32.744   593 32523 D DlbDap2QmfProcess: setParam(dhsa = #1[10])
02-05 01:00:32.744   593 32523 D DlbDap2QmfProcess: setParam(dvmc = #1[160])
02-05 01:00:32.744   593 32523 D DlbDap2QmfProcess: setParam(dvle = #1[1])
02-05 01:00:32.745   593 32523 D DlbDap2QmfProcess: setParam(dvme = #1[0])
02-05 01:00:32.745   593 32523 D DlbDap2QmfProcess: setParam(becf = #1[160])
02-05 01:00:32.745   593 32523 D DlbDap2QmfProcess: setParam(vbmf = #2[99, 281])
02-05 01:00:32.745   593 32523 D DlbDap2QmfProcess: setParam(vbsf = #2[30, 90])
02-05 01:00:32.745   593 32523 D DlbDap2QmfProcess: setParam(vbhg = #3[-48, -480, -240])
02-05 01:00:32.745   593 32523 D DlbDap2QmfProcess: setParam(vbog = #1[0])
02-05 01:00:32.745   593 32523 D DlbDap2QmfProcess: setParam(vbsg = #1[0])
02-05 01:00:32.745   593 32523 D DlbDap2QmfProcess: setParam(dvli = #1[-320])
02-05 01:00:32.745   593 32523 D DlbDap2QmfProcess: setParam(dhfm = #1[0])
02-05 01:00:32.745   593 32523 D DlbDap2QmfProcess: setParam(deon = #1[0])
02-05 01:00:32.745   593 32523 D DlbDap2QmfProcess: setParam(ngon = #1[1])
02-05 01:00:32.745   593 32523 D DlbDap2QmfProcess: setParam(dvlo = #1[-320])
02-05 01:00:32.745   593 32523 D DlbDap2QmfProcess: setParam(aobs = #222[20, 10, 47, 141, 234, 328, 469, 656, 844, 1031, 1313, 1688, 2250, 3000, 3750, 4688, 5813, 7125, 9000, 11250, 13875, 19688, 0, 0, 0, 0, 0, 0, 0, 0, 0, 0, 0, 0, 0, 0, 0, 0, 0, 0, 0, 0, 0, 0, 0, 0, 0, 0, 0, 0, 0, 0, 0, 0, 0, 0, 0, 0, 0, 0, 0, 0, 0, 0, 0, 0, 0, 0, 0, 0, 0, 0, 0, 0, 0, 0, 0, 0, 0, 0, 0, 0, 0, 0, 0, 0, 0, 0, 0, 0, 0, 0, 0, 0, 0, 0, 0, 0, 0, 0, 0, 0, 0, 0, 0, 0, 0, 0, 0, 0, 0, 0, 0, 0, 0, 0, 0, 0, 0, 0, 0, 0, 0, 0, 0, 0, 0, 0, 0, 0, 0, 0, 0, 0, 0, 0, 0, 0, 0, 0, 0, 0, 0, 0, 0, 0, 0, 0, 0, 0, 0, 0, 0, 0, 0, 0, 0, 0, 0, 0, 0, 0, 0, 0, 0, 0, 0, 0, 0, 0, 0, 0, 0, 0, 0, 0, 0, 0, 0, 0, 0, 0, 0, 0, 0, 0, 0, 0, 0, 0, 0, 0, 0, 0, 0, 0, 0, 0, 0, 0, 0, 0, 0, 0, 0, 0, 0, 0, 0, 0, 0, 0, 0, 0, 0, 0, 0, 0, 0, 0, 0, 0])
02-05 01:00:32.745   593 32523 D DlbDap2QmfProcess: setParam(dvle = #1[1])
02-05 01:00:32.745   593 32523 D DlbDap2QmfProcess: setParam(dvli = #1[-496])
02-05 01:00:32.745   593 32523 D DlbDap2QmfProcess: setParam(dvlo = #1[-176])
02-05 01:00:32.745   593 32523 D ARenderer: updateDapVolumeLeveler: Setting output level to -11.00dB
02-05 01:00:32.745   593 32523 D DlbDap2QmfProcess: setParam(vmb = #1[0])
02-05 01:00:32.745   593 32523 D DlbDap2QmfProcess: setParam(preg = #1[-384])
02-05 01:00:32.745   593 32523 D DlbDap2QmfProcess: setParam(vol = #1[384])
02-05 01:00:32.745   593 32523 D DlbDap2QmfProcess: processQmf() called [0] times
02-05 01:00:32.745   593 32523 D DlbDap2QmfProcess: setMave(mave = 0)
02-05 01:00:32.757   589 32517 D AudioTrack: Client defaulted notificationFrames to 12000 for frameCount 24000
02-05 01:00:32.758   581  5143 I AudioFlinger: attachAuxEffect(): Marking track 637 as containing processed audio
02-05 01:00:32.758   581  5143 D AudioFlinger: trackContainsProcessedAudio() Track id 637 contains processed audio
02-05 01:00:32.758   581  7829 D DlbDlbEffect: handle_EFFECT_CMD_DISABLE()
02-05 01:00:32.758   581  7829 D DlbDapCrossfadeProcess: setEnabled transitioning from FADE_TO_ACTIVE state to FADE_TO_BYPASS
02-05 01:00:32.761   581  7829 D DlbDlbEffect: handle_EFFECT_CMD_SET_CONFIG()
02-05 01:00:32.761   581  7829 D DlbDapEndpointParamCache: setDevice(device=0x00000008)
02-05 01:00:32.762   421   421 D DMSService: setActiveDevice called with device = 0x8
02-05 01:00:32.762   581  7829 D DlbDlbEffect: handle_EFFECT_CMD_ENABLE()
02-05 01:00:32.762   581  7829 D DlbDapCrossfadeProcess: setEnabled transitioning from FADE_TO_BYPASS state to FADE_TO_ACTIVE
02-05 01:00:32.762   581  7829 D AudioFlinger: trackStateChanged() Track id 637 state changed to 6
02-05 01:00:32.762   581  7829 I AudioFlinger: updateProcessedAudioState() Changing content processing in effect to 1
02-05 01:00:32.762   581  7829 D DlbDlbEffect: handle_EFFECT_CMD_SET_PARAM()
02-05 01:00:32.764   581  7829 I DlbEffectContext: setContentProcEnabled() Disabling content processing in effect
02-05 01:00:32.764   581  7829 D DlbDapEndpointParamCache: commitChangedParams()
02-05 01:00:32.764   581  7829 D DlbDapEndpointParamCache: commit() Applying parameters for device 0x40000000
02-05 01:00:32.764   581  7829 D DlbDap2Process: setParam(msce = #1[0])
02-05 01:00:32.764   581  7829 D DlbDap2Process: setParam(mdee = #1[0])
02-05 01:00:32.764   581  7829 D DlbDap2Process: setParam(miee = #1[0])
02-05 01:00:32.764   581  7829 D DlbDap2Process: setParam(mdle = #1[0])
02-05 01:00:32.764   581  7829 D DlbDap2Process: setParam(dvle = #1[0])
02-05 01:00:32.764   581  7829 D DlbDap2Process: setParam(mave = #1[0])
02-05 01:00:32.764   581  7829 D DlbDap2Process: setParam(ieon = #1[0])
02-05 01:00:32.764   581  7829 D DlbDapEndpointParamCache: doCommit() Committed 7 parameters out of 16.
02-05 01:00:32.764   581  7829 D DlbDapEndpointParamCache: commit() Overriding parameters for current device 0x00000008
02-05 01:00:32.764   581  7829 D DlbDap2Process: setParam(dom = #1[0])
02-05 01:00:32.764   581  7829 D DlbDap2Process: setParam(dvle = #1[0])
02-05 01:00:32.764   581  7829 D DlbDap2Process: setParam(dvme = #1[0])
02-05 01:00:32.764   581  7829 D DlbDap2Process: setParam(deon = #1[0])
02-05 01:00:32.764   581  7829 D DlbDap2Process: setParam(ngon = #1[0])
02-05 01:00:32.764   581  7829 D DlbDapEndpointParamCache: doCommit() Committed 5 parameters out of 37.
02-05 01:00:32.765   589 32511 D NuPlayerDriver: notifyListener_l(0xe57329a0), (6, 0, 0, -1), loop setting(0, 1)
02-05 01:00:32.766   581  5115 D DlbDap2Process: setMave(mave = 0)
02-05 01:00:32.768   581  5115 D DlbDapCrossfadeProcess: process transitioning from FADE_TO_ACTIVE state to DAP_ACTIVE
02-05 01:00:32.769 32483 32483 D featureTest: receive broadcast , change ds profile id :5
02-05 01:00:32.777   581  5356 D DlbDlbEffect: handle_EFFECT_CMD_SET_PARAM()
02-05 01:00:32.777   421   460 I DapController: Profile Changed to Custom
02-05 01:00:32.780   593 32523 D ARenderer: updateDapConfig: Updating DAP configuration
02-05 01:00:32.780   593 32523 D DlbDap2QmfProcess: setParam(iea = #1[10])
02-05 01:00:32.780   593 32523 D DlbDap2QmfProcess: setParam(msce = #1[0])
02-05 01:00:32.780   593 32523 D DlbDap2QmfProcess: setParam(mdee = #1[0])
02-05 01:00:32.780   593 32523 D DlbDap2QmfProcess: setParam(miee = #1[0])
02-05 01:00:32.780   593 32523 D DlbDap2QmfProcess: setParam(mdle = #1[0])
02-05 01:00:32.780   593 32523 D DlbDap2QmfProcess: setParam(dvle = #1[1])
02-05 01:00:32.780   593 32523 D DlbDap2QmfProcess: setParam(mave = #1[0])
02-05 01:00:32.780   593 32523 D DlbDap2QmfProcess: setParam(vcbf = #20[47, 141, 234, 328, 469, 656, 844, 1031, 1313, 1688, 2250, 3000, 3750, 4688, 5813, 7125, 9000, 11250, 13875, 19688])
02-05 01:00:32.780   593 32523 D DlbDap2QmfProcess: setParam(ieon = #1[0])
02-05 01:00:32.780   593 32523 D DlbDap2QmfProcess: setParam(gebs = #41[20, 47, 141, 234, 328, 469, 656, 844, 1031, 1313, 1688, 2250, 3000, 3750, 4688, 5813, 7125, 9000, 11250, 13875, 19688, 0, 0, 0, 0, 0, 0, 0, 0, 0, 0, 0, 0, 0, 0, 0, 0, 0, 0, 0, 0])
02-05 01:00:32.780   593 32523 D DlbDap2QmfProcess: setParam(iebs = #41[20, 65, 136, 223, 332, 467, 634, 841, 1098, 1416, 1812, 2302, 2909, 3663, 4598, 5756, 7194, 8976, 11186, 13927, 17326, 117, 133, 188, 176, 141, 149, 175, 185, 185, 200, 236, 242, 228, 213, 182, 132, 110, 68, -27, -240])
02-05 01:00:32.780   593 32523 D DlbDap2QmfProcess: setParam(dea = #1[7])
02-05 01:00:32.780   593 32523 D DlbDap2QmfProcess: setParam(dsa = #1[10])
02-05 01:00:32.780   593 32523 D DlbDap2QmfProcess: setParam(beb = #1[96])
02-05 01:00:32.780   593 32523 D DlbDap2QmfProcess: setParam(plb = #1[0])
02-05 01:00:32.780   593 32523 D DlbDap2QmfProcess: setParam(vmb = #1[144])
02-05 01:00:32.780   593 32523 D DlbDap2QmfProcess: setParam(dsb = #1[48])
02-05 01:00:32.780   593 32523 D DlbDap2QmfProcess: setParam(ded = #1[0])
02-05 01:00:32.780   593 32523 D DlbDap2QmfProcess: setParam(dom = #1[0])
02-05 01:00:32.780   593 32523 D DlbDap2QmfProcess: setParam(bew = #1[16])
02-05 01:00:32.780   593 32523 D DlbDap2QmfProcess: setParam(dvla = #1[5])
02-05 01:00:32.780   593 32523 D DlbDap2QmfProcess: setParam(dfsa = #1[10])
02-05 01:00:32.780   593 32523 D DlbDap2QmfProcess: setParam(dhsa = #1[10])
02-05 01:00:32.780   593 32523 D DlbDap2QmfProcess: setParam(dvmc = #1[160])
02-05 01:00:32.780   593 32523 D DlbDap2QmfProcess: setParam(dvle = #1[1])
02-05 01:00:32.780   593 32523 D DlbDap2QmfProcess: setParam(dvme = #1[0])
02-05 01:00:32.780   593 32523 D DlbDap2QmfProcess: setParam(becf = #1[160])
02-05 01:00:32.780   593 32523 D DlbDap2QmfProcess: setParam(vbmf = #2[99, 281])
02-05 01:00:32.780   593 32523 D DlbDap2QmfProcess: setParam(vbsf = #2[30, 90])
02-05 01:00:32.780   593 32523 D DlbDap2QmfProcess: setParam(vbhg = #3[-48, -480, -240])
02-05 01:00:32.780   593 32523 D DlbDap2QmfProcess: setParam(vbog = #1[0])
02-05 01:00:32.780   593 32523 D DlbDap2QmfProcess: setParam(vbsg = #1[0])
02-05 01:00:32.780   593 32523 D DlbDap2QmfProcess: setParam(dvli = #1[-320])
02-05 01:00:32.780   593 32523 D DlbDap2QmfProcess: setParam(dhfm = #1[0])
02-05 01:00:32.780   593 32523 D DlbDap2QmfProcess: setParam(deon = #1[0])
02-05 01:00:32.780   593 32523 D DlbDap2QmfProcess: setParam(ngon = #1[1])
02-05 01:00:32.780   593 32523 D DlbDap2QmfProcess: setParam(dvlo = #1[-320])
02-05 01:00:32.781   593 32523 D DlbDap2QmfProcess: setParam(aobs = #222[20, 10, 47, 141, 234, 328, 469, 656, 844, 1031, 1313, 1688, 2250, 3000, 3750, 4688, 5813, 7125, 9000, 11250, 13875, 19688, 0, 0, 0, 0, 0, 0, 0, 0, 0, 0, 0, 0, 0, 0, 0, 0, 0, 0, 0, 0, 0, 0, 0, 0, 0, 0, 0, 0, 0, 0, 0, 0, 0, 0, 0, 0, 0, 0, 0, 0, 0, 0, 0, 0, 0, 0, 0, 0, 0, 0, 0, 0, 0, 0, 0, 0, 0, 0, 0, 0, 0, 0, 0, 0, 0, 0, 0, 0, 0, 0, 0, 0, 0, 0, 0, 0, 0, 0, 0, 0, 0, 0, 0, 0, 0, 0, 0, 0, 0, 0, 0, 0, 0, 0, 0, 0, 0, 0, 0, 0, 0, 0, 0, 0, 0, 0, 0, 0, 0, 0, 0, 0, 0, 0, 0, 0, 0, 0, 0, 0, 0, 0, 0, 0, 0, 0, 0, 0, 0, 0, 0, 0, 0, 0, 0, 0, 0, 0, 0, 0, 0, 0, 0, 0, 0, 0, 0, 0, 0, 0, 0, 0, 0, 0, 0, 0, 0, 0, 0, 0, 0, 0, 0, 0, 0, 0, 0, 0, 0, 0, 0, 0, 0, 0, 0, 0, 0, 0, 0, 0, 0, 0, 0, 0, 0, 0, 0, 0, 0, 0, 0, 0, 0, 0, 0, 0, 0, 0, 0, 0])
02-05 01:00:32.781   593 32523 D DlbDap2QmfProcess: setParam(dvle = #1[1])
02-05 01:00:32.781   593 32523 D DlbDap2QmfProcess: setParam(dvli = #1[-496])
02-05 01:00:32.781   593 32523 D DlbDap2QmfProcess: setParam(dvlo = #1[-176])
02-05 01:00:32.781   593 32523 D ARenderer: updateDapVolumeLeveler: Setting output level to -11.00dB
02-05 01:00:32.781   593 32523 D DlbDap2QmfProcess: setParam(vmb = #1[0])
02-05 01:00:32.781   593 32523 D DlbDap2QmfProcess: setParam(preg = #1[-384])
02-05 01:00:32.781   593 32523 D DlbDap2QmfProcess: setParam(vol = #1[384])
02-05 01:00:32.781   593 32523 D DlbDap2QmfProcess: setMave(mave = 0)
02-05 01:00:32.820 32483 32483 D featureTest: receive broadcast , record log :0
02-05 01:00:32.858   581  5115 D DlbDapEndpointParamCache: commitChangedParams()
02-05 01:00:32.858   581  5115 D DlbDapEndpointParamCache: commit() Applying parameters for device 0x40000000
02-05 01:00:32.858   581  5115 D DlbDap2Process: setParam(iea = #1[10])
02-05 01:00:32.858   581  5115 D DlbDap2Process: setParam(vcbf = #20[47, 141, 234, 328, 469, 656, 844, 1031, 1313, 1688, 2250, 3000, 3750, 4688, 5813, 7125, 9000, 11250, 13875, 19688])
02-05 01:00:32.858   581  5115 D DlbDap2Process: setParam(vbon = #1[0])
02-05 01:00:32.858   581  5115 D DlbDap2Process: setParam(beon = #1[0])
02-05 01:00:32.858   581  5115 D DlbDap2Process: setParam(geon = #1[0])
02-05 01:00:32.858   581  5115 D DlbDap2Process: setParam(gebs = #41[20, 47, 141, 234, 328, 469, 656, 844, 1031, 1313, 1688, 2250, 3000, 3750, 4688, 5813, 7125, 9000, 11250, 13875, 19688, 0, 0, 0, 0, 0, 0, 0, 0, 0, 0, 0, 0, 0, 0, 0, 0, 0, 0, 0, 0])
02-05 01:00:32.858   581  5115 D DlbDap2Process: setParam(iebs = #41[20, 65, 136, 223, 332, 467, 634, 841, 1098, 1416, 1812, 2302, 2909, 3663, 4598, 5756, 7194, 8976, 11186, 13927, 17326, 117, 133, 188, 176, 141, 149, 175, 185, 185, 200, 236, 242, 228, 213, 182, 132, 110, 68, -27, -240])
02-05 01:00:32.858   581  5115 D DlbDapEndpointParamCache: doCommit() Committed 8 parameters out of 16.
02-05 01:00:32.858   581  5115 D DlbDapEndpointParamCache: commit() Overriding parameters for current device 0x00000008
02-05 01:00:32.858   581  5115 D DlbDap2Process: setParam(dea = #1[7])
02-05 01:00:32.858   581  5115 D DlbDap2Process: setParam(dsa = #1[10])
02-05 01:00:32.859   581  5115 D DlbDap2Process: setParam(beb = #1[96])
02-05 01:00:32.859   581  5115 D DlbDap2Process: setParam(plb = #1[0])
02-05 01:00:32.859   581  5115 D DlbDap2Process: setParam(vmb = #1[144])
02-05 01:00:32.859   581  5115 D DlbDap2Process: setParam(dsb = #1[48])
02-05 01:00:32.859   581  5115 D DlbDap2Process: setParam(ded = #1[0])
02-05 01:00:32.859   581  5115 D DlbDap2Process: setParam(vbm = #1[0])
02-05 01:00:32.859   581  5115 D DlbDap2Process: setParam(bew = #1[16])
02-05 01:00:32.859   581  5115 D DlbDap2Process: setParam(dvla = #1[5])
02-05 01:00:32.859   581  5115 D DlbDap2Process: setParam(arra = #1[96])
02-05 01:00:32.859   581  5115 D DlbDap2Process: setParam(dfsa = #1[10])
02-05 01:00:32.859   581  5115 D DlbDap2Process: setParam(dhsa = #1[10])
02-05 01:00:32.859   581  5115 D DlbDap2Process: setParam(dvmc = #1[160])
02-05 01:00:32.859   581  5115 D DlbDap2Process: setParam(arod = #1[0])
02-05 01:00:32.859   581  5115 D DlbDap2Process: setParam(arde = #1[0])
02-05 01:00:32.859   581  5115 D DlbDap2Process: setParam(becf = #1[160])
02-05 01:00:32.859   581  5115 D DlbDap2Process: setParam(vbmf = #2[99, 281])
02-05 01:00:32.859   581  5115 D DlbDap2Process: setParam(vbsf = #2[30, 90])
02-05 01:00:32.860   581  5115 D DlbDap2Process: setParam(vbhg = #3[-48, -480, -240])
02-05 01:00:32.860   581  5115 D DlbDap2Process: setParam(vbog = #1[0])
02-05 01:00:32.860   581  5115 D DlbDap2Process: setParam(vbsg = #1[0])
02-05 01:00:32.860   581  5115 D DlbDap2Process: setParam(dvli = #1[-320])
02-05 01:00:32.860   581  5115 D DlbDap2Process: setParam(dhfm = #1[0])
02-05 01:00:32.860   581  5115 D DlbDap2Process: setParam(vbon = #1[0])
02-05 01:00:32.860   581  5115 D DlbDap2Process: setParam(beon = #1[0])
02-05 01:00:32.860   581  5115 D DlbDap2Process: setParam(aoon = #1[0])
02-05 01:00:32.860   581  5115 D DlbDap2Process: setParam(aron = #1[1])
02-05 01:00:32.860   581  5115 D DlbDap2Process: setParam(dvlo = #1[-320])
02-05 01:00:32.860   581  5115 D DlbDap2Process: setParam(artp = #1[12])
02-05 01:00:32.861   581  5115 D DlbDap2Process: setParam(aobs = #222[20, 10, 47, 141, 234, 328, 469, 656, 844, 1031, 1313, 1688, 2250, 3000, 3750, 4688, 5813, 7125, 9000, 11250, 13875, 19688, 0, 0, 0, 0, 0, 0, 0, 0, 0, 0, 0, 0, 0, 0, 0, 0, 0, 0, 0, 0, 0, 0, 0, 0, 0, 0, 0, 0, 0, 0, 0, 0, 0, 0, 0, 0, 0, 0, 0, 0, 0, 0, 0, 0, 0, 0, 0, 0, 0, 0, 0, 0, 0, 0, 0, 0, 0, 0, 0, 0, 0, 0, 0, 0, 0, 0, 0, 0, 0, 0, 0, 0, 0, 0, 0, 0, 0, 0, 0, 0, 0, 0, 0, 0, 0, 0, 0, 0, 0, 0, 0, 0, 0, 0, 0, 0, 0, 0, 0, 0, 0, 0, 0, 0, 0, 0, 0, 0, 0, 0, 0, 0, 0, 0, 0, 0, 0, 0, 0, 0, 0, 0, 0, 0, 0, 0, 0, 0, 0, 0, 0, 0, 0, 0, 0, 0, 0, 0, 0, 0, 0, 0, 0, 0, 0, 0, 0, 0, 0, 0, 0, 0, 0, 0, 0, 0, 0, 0, 0, 0, 0, 0, 0, 0, 0, 0, 0, 0, 0, 0, 0, 0, 0, 0, 0, 0, 0, 0, 0, 0, 0, 0, 0, 0, 0, 0, 0, 0, 0, 0, 0, 0, 0, 0, 0, 0, 0, 0, 0, 0])
02-05 01:00:32.861   581  5115 D DlbDap2Process: setParam(arbs = #81[20, 47, 141, 234, 328, 469, 656, 844, 1031, 1313, 1688, 2250, 3000, 3750, 4688, 5813, 7125, 9000, 11250, 13875, 19688, -192, -192, -192, -192, -192, -192, -192, -192, -192, -192, -192, -192, -192, -192, -192, -192, -192, -192, -192, -192, 0, 0, 0, 0, 0, 0, 0, 0, 0, 0, 0, 0, 0, 0, 0, 0, 0, 0, 0, 0, 0, 0, 0, 0, 0, 0, 0, 0, 0, 0, 0, 0, 0, 0, 0, 0, 0, 0, 0, 0])
02-05 01:00:32.861   581  5115 D DlbDapEndpointParamCache: doCommit() Committed 32 parameters out of 37.
02-05 01:00:32.955   581   770 D AudioFlinger: mixer(0xf2983980) throttle end: throttle time(32)
02-05 01:00:33.080   581  5115 D DlbDap2Process: process() called [335500] times
02-05 01:00:35.756   581  5115 D DlbDap2Process: process() called [336000] times
