--------- beginning of system
02-04 23:07:19.955   816   828 I ActivityManager: Force stopping com.dolby.qa.featuretest appid=10074 user=0: from pid 31511
02-04 23:07:19.955   816   828 I ActivityManager: Killing 31420:com.dolby.qa.featuretest/u0a74 (adj 0): stop com.dolby.qa.featuretest
02-04 23:07:19.960   816   828 W ActivityManager: Force removing ActivityRecord{69c6c04 u0 com.dolby.qa.featuretest/.MainActivity t215}: app died, no saved state
02-04 23:07:19.965   816   828 I WindowManager: Failed to capture screenshot of Token{89b65ed ActivityRecord{69c6c04 u0 com.dolby.qa.featuretest/.MainActivity t215 f}} appWin=Window{9ac792a u0 com.dolby.qa.featuretest/com.dolby.qa.featuretest.MainActivity} drawState=4
--------- beginning of main
02-04 23:07:19.991  1232  1232 D CarrierSvcBindHelper: No carrier app for: 0
02-04 23:07:19.993   816  1084 I WindowManager: WIN DEATH: Window{e94532e u0 Toast}
02-04 23:07:19.993   589  1170 D NuPlayerDriver: reset(0xe3e61070) at state 5
02-04 23:07:19.994   589  1170 D NuPlayerDriver: notifyListener_l(0xe3e61070), (8, 0, 0, -1), loop setting(0, 1)
02-04 23:07:19.996   581  5110 D AudioFlinger: trackStateChanged() Track id 618 state changed to 6
02-04 23:07:19.997  2298  2298 D RegisteredNfcFServicesCache: Service unchanged, not updating
02-04 23:07:20.000   593  1162 I DDP_JOCDecoder: -> ~DDPDecoder
02-04 23:07:20.000   593  1162 I DDP_JOCDecoder: -> stop
02-04 23:07:20.000   593  1162 I DDP_JOCDecoder: <- stop
02-04 23:07:20.000   593  1162 I ARenderer: ~ARenderer
02-04 23:07:20.000   593  1162 I evo_parser: evo_parser_close
02-04 23:07:20.001   593  1162 I DlbDap2QmfProcess: ~Dap2Process()
02-04 23:07:20.001   593  1162 I DlbDap2QmfProcess: close()
02-04 23:07:20.001   593  1162 I DDP_JOCDecoder: <- ~DDPDecoder
02-04 23:07:20.012   589 31473 D NuPlayerDriver: notifyResetComplete(0xe3e61070)
02-04 23:07:20.013   589  1170 D AudioTrack: stop() called with 0 frames delivered
02-04 23:07:20.126   581   770 D AudioFlinger: trackStateChanged() Track id 618 state changed to 2
02-04 23:07:20.126   581   770 I AudioFlinger: updateProcessedAudioState() Changing content processing in effect to 0
02-04 23:07:20.127   581   770 D DlbDlbEffect: handle_EFFECT_CMD_SET_PARAM()
02-04 23:07:20.128   581   770 I DlbEffectContext: setContentProcEnabled() Enabling content processing in global effect
02-04 23:07:20.129   581   770 D DlbDapEndpointParamCache: commitChangedParams()
02-04 23:07:20.129   581   770 D DlbDapEndpointParamCache: commit() Applying parameters for device 0x40000000
02-04 23:07:20.129   581   770 D DlbDap2Process: setParam(iea = #1[10])
02-04 23:07:20.129   581   770 D DlbDap2Process: setParam(msce = #1[0])
02-04 23:07:20.129   581   770 D DlbDap2Process: setParam(mdee = #1[0])
02-04 23:07:20.129   581   770 D DlbDap2Process: setParam(miee = #1[0])
02-04 23:07:20.129   581   770 D DlbDap2Process: setParam(mdle = #1[0])
02-04 23:07:20.129   581   770 D DlbDap2Process: setParam(dvle = #1[1])
02-04 23:07:20.129   581   770 D DlbDap2Process: setParam(mave = #1[0])
02-04 23:07:20.129   581   770 D DlbDap2Process: setParam(vcbf = #20[47, 141, 234, 328, 469, 656, 844, 1031, 1313, 1688, 2250, 3000, 3750, 4688, 5813, 7125, 9000, 11250, 13875, 19688])
02-04 23:07:20.129   581   770 D DlbDap2Process: setParam(vbon = #1[0])
02-04 23:07:20.129   581   770 D DlbDap2Process: setParam(beon = #1[0])
02-04 23:07:20.129   581   770 D DlbDap2Process: setParam(geon = #1[0])
02-04 23:07:20.129   581   770 D DlbDap2Process: setParam(ieon = #1[0])
02-04 23:07:20.130   581   770 D DlbDap2Process: setParam(gebs = #41[20, 47, 141, 234, 328, 469, 656, 844, 1031, 1313, 1688, 2250, 3000, 3750, 4688, 5813, 7125, 9000, 11250, 13875, 19688, 0, 0, 0, 0, 0, 0, 0, 0, 0, 0, 0, 0, 0, 0, 0, 0, 0, 0, 0, 0])
02-04 23:07:20.130   581   770 D DlbDap2Process: setParam(iebs = #41[20, 65, 136, 223, 332, 467, 634, 841, 1098, 1416, 1812, 2302, 2909, 3663, 4598, 5756, 7194, 8976, 11186, 13927, 17326, 117, 133, 188, 176, 141, 149, 175, 185, 185, 200, 236, 242, 228, 213, 182, 132, 110, 68, -27, -240])
02-04 23:07:20.130   581   770 D DlbDapEndpointParamCache: doCommit() Committed 15 parameters out of 16.
02-04 23:07:20.130   581   770 D DlbDapEndpointParamCache: commit() Overriding parameters for current device 0x00000002
02-04 23:07:20.130   581   770 D DlbDap2Process: setParam(dea = #1[7])
02-04 23:07:20.130   581   770 D DlbDap2Process: setParam(dsa = #1[10])
02-04 23:07:20.130   581   770 D DlbDap2Process: setParam(beb = #1[192])
02-04 23:07:20.130   581   770 D DlbDap2Process: setParam(plb = #1[0])
02-04 23:07:20.130   581   770 D DlbDap2Process: setParam(vmb = #1[144])
02-04 23:07:20.130   581   770 D DlbDap2Process: setParam(dsb = #1[48])
02-04 23:07:20.130   581   770 D DlbDap2Process: setParam(ded = #1[0])
02-04 23:07:20.130   581   770 D DlbDap2Process: setParam(vbm = #1[3])
02-04 23:07:20.130   581   770 D DlbDap2Process: setParam(dom = #1[0])
02-04 23:07:20.130   581   770 D DlbDap2Process: setParam(bew = #1[16])
02-04 23:07:20.130   581   770 D DlbDap2Process: setParam(dvla = #1[5])
02-04 23:07:20.130   581   770 D DlbDap2Process: setParam(arra = #1[96])
02-04 23:07:20.130   581   770 D DlbDap2Process: setParam(dfsa = #1[10])
02-04 23:07:20.130   581   770 D DlbDap2Process: setParam(dhsa = #1[10])
02-04 23:07:20.130   581   770 D DlbDap2Process: setParam(dvmc = #1[0])
02-04 23:07:20.130   581   770 D DlbDap2Process: setParam(arod = #1[0])
02-04 23:07:20.130   581   770 D DlbDap2Process: setParam(arde = #1[1])
02-04 23:07:20.130   581   770 D DlbDap2Process: setParam(dvle = #1[1])
02-04 23:07:20.130   581   770 D DlbDap2Process: setParam(dvme = #1[0])
02-04 23:07:20.130   581   770 D DlbDap2Process: setParam(becf = #1[200])
02-04 23:07:20.130   581   770 D DlbDap2Process: setParam(vbmf = #2[94, 469])
02-04 23:07:20.130   581   770 D DlbDap2Process: setParam(vbsf = #2[35, 160])
02-04 23:07:20.130   581   770 D DlbDap2Process: setParam(vbhg = #3[-32, -144, -192])
02-04 23:07:20.130   581   770 D DlbDap2Process: setParam(vbog = #1[0])
02-04 23:07:20.130   581   770 D DlbDap2Process: setParam(vbsg = #1[0])
02-04 23:07:20.130   581   770 D DlbDap2Process: setParam(dvli = #1[-320])
02-04 23:07:20.130   581   770 D DlbDap2Process: setParam(dhfm = #1[2])
02-04 23:07:20.130   581   770 D DlbDap2Process: setParam(vbon = #1[0])
02-04 23:07:20.130   581   770 D DlbDap2Process: setParam(beon = #1[0])
02-04 23:07:20.130   581   770 D DlbDap2Process: setParam(deon = #1[0])
02-04 23:07:20.130   581   770 D DlbDap2Process: setParam(ngon = #1[1])
02-04 23:07:20.130   581   770 D DlbDap2Process: setParam(aoon = #1[1])
02-04 23:07:20.131   581   770 D DlbDap2Process: setParam(aron = #1[1])
02-04 23:07:20.131   581   770 D DlbDap2Process: setParam(dvlo = #1[-320])
02-04 23:07:20.131   581   770 D DlbDap2Process: setParam(artp = #1[12])
02-04 23:07:20.131   581   770 D DlbDap2Process: setParam(aobs = #222[20, 10, 47, 141, 234, 328, 469, 656, 844, 1031, 1313, 1688, 2250, 3000, 3750, 4688, 5813, 7125, 9000, 11250, 13875, 19688, 0, 0, 0, 0, 0, 0, 0, 0, 0, 0, 0, 0, 0, 0, 0, 0, 0, 0, 0, 0, 0, 0, 0, 0, 0, 0, 0, 0, 0, 0, 0, 0, 0, 0, 0, 0, 0, 0, 0, 0, 0, 0, 0, 0, 0, 0, 0, 0, 0, 0, 0, 0, 0, 0, 0, 0, 0, 0, 0, 0, 0, 0, 0, 0, 0, 0, 0, 0, 0, 0, 0, 0, 0, 0, 0, 0, 0, 0, 0, 0, 0, 0, 0, 0, 0, 0, 0, 0, 0, 0, 0, 0, 0, 0, 0, 0, 0, 0, 0, 0, 0, 0, 0, 0, 0, 0, 0, 0, 0, 0, 0, 0, 0, 0, 0, 0, 0, 0, 0, 0, 0, 0, 0, 0, 0, 0, 0, 0, 0, 0, 0, 0, 0, 0, 0, 0, 0, 0, 0, 0, 0, 0, 0, 0, 0, 0, 0, 0, 0, 0, 0, 0, 0, 0, 0, 0, 0, 0, 0, 0, 0, 0, 0, 0, 0, 0, 0, 0, 0, 0, 0, 0, 0, 0, 0, 0, 0, 0, 0, 0, 0, 0, 0, 0, 0, 0, 0, 0, 0, 0, 0, 0, 0, 0, 0, 0, 0, 0, 0, 0])
02-04 23:07:20.131   581   770 D DlbDap2Process: setParam(arbs = #81[20, 47, 141, 234, 328, 469, 656, 844, 1031, 1313, 1688, 2250, 3000, 3750, 4688, 5813, 7125, 9000, 11250, 13875, 19688, -192, -192, -192, -192, -192, -192, -192, -192, -192, -192, -192, -192, -192, -192, -192, -192, -192, -192, -192, -192, 0, 0, 0, 0, 0, 0, 0, 0, 0, 0, 0, 0, 0, 0, 0, 0, 0, 0, 0, 0, 0, 0, 0, 0, 0, 0, 0, 0, 0, 0, 0, 0, 0, 0, 0, 0, 0, 0, 0, 0])
02-04 23:07:20.131   581   770 D DlbDapEndpointParamCache: doCommit() Committed 37 parameters out of 37.
02-04 23:07:20.152   581   770 D AudioFlinger: trackDestroyed() Track id 618 no longer contains processed audio
02-04 23:07:20.152   581   724 D DlbDlbEffect: handle_EFFECT_CMD_DISABLE()
02-04 23:07:20.152   581   724 D DlbDapCrossfadeProcess: setEnabled transitioning from DAP_ACTIVE state to FADE_TO_BYPASS
02-04 23:07:20.154   416   416 W /system/bin/hw/android.hidl.allocator@1.0-service: ashmem_create_region(3840) returning hidl_memory(0x7590c2c2e0, 3840)
02-04 23:07:20.154   581   724 D DlbDlbEffect: handle_EFFECT_CMD_SET_CONFIG()
02-04 23:07:20.155   581   724 D DlbDapEndpointParamCache: setDevice(device=0x00000002)
02-04 23:07:20.155   421   421 D DMSService: setActiveDevice called with device = 0x2
02-04 23:07:20.155   581   724 D DlbDlbEffect: handle_EFFECT_CMD_ENABLE()
02-04 23:07:20.155   581   724 D DlbDapCrossfadeProcess: setEnabled transitioning from FADE_TO_BYPASS state to FADE_TO_ACTIVE
02-04 23:07:20.493   581   770 D audio_hw_primary: disable_audio_route: usecase(0) reset and update mixer path: deep-buffer-playback speaker
02-04 23:07:20.505   581   770 D audio_hw_primary: disable_snd_device: snd_device(2: speaker)
02-04 23:07:20.536   816   843 W ActivityManager: setHasOverlayUi called on unknown pid: 31420
02-04 23:07:20.547  2401  2517 W OpenGLRenderer: Incorrectly called buildLayer on View: ShortcutAndWidgetContainer, destroying layer...
02-04 23:07:20.952 28748 28748 I ServiceManager: Waiting for service AtCmdFwd...
02-04 23:07:21.235   816   816 W NotificationService: Object died trying to hide notification android.app.ITransientNotification$Stub$Proxy@71fa63 in package com.dolby.qa.featuretest
02-04 23:07:21.236   816   816 W WindowManager: removeWindowToken: Attempted to remove non-existing token: android.os.Binder@eb32ef5
02-04 23:07:21.236   816   816 W ActivityManager: setProcessForeground called on unknown pid: 31420
02-04 23:07:21.236   816   816 W NotificationService: Object died trying to show notification android.app.ITransientNotification$Stub$Proxy@663f660 in package com.dolby.qa.featuretest
02-04 23:07:21.236   816   816 W ActivityManager: setProcessForeground called on unknown pid: 31420
02-04 23:07:21.236   816   816 W NotificationService: Object died trying to show notification android.app.ITransientNotification$Stub$Proxy@be15719 in package com.dolby.qa.featuretest
02-04 23:07:21.326   816   906 E HalDeviceManager: Should have at least 1 chip!
02-04 23:07:21.327   816   906 E HalDeviceManager: getSupportedIfaceTypesInternal: no chip info found
02-04 23:07:21.330   816   838 E BatteryStatsService: no controller energy info supplied
02-04 23:07:21.339   571   940 E QC-QMI  : linux_qmi_qmux_io_wake_lock: Err in writing wakelock=qmuxd_port_wl_0, error [1:Operation not permitted]
02-04 23:07:21.339   571   940 E QC-QMI  : linux_qmi_qmux_io_wake_unlock: Err in writing wakelock=qmuxd_port_wl_0, error [1:Operation not permitted]
02-04 23:07:21.339   571   940 E QC-QMI  : linux_qmi_qmux_io_wake_lock: Err in writing wakelock=qmuxd_port_wl_0, error [1:Operation not permitted]
02-04 23:07:21.340   571   940 E QC-QMI  : linux_qmi_qmux_io_wake_unlock: Err in writing wakelock=qmuxd_port_wl_0, error [1:Operation not permitted]
02-04 23:07:21.953 28748 28748 I ServiceManager: Waiting for service AtCmdFwd...
02-04 23:07:22.953 28748 28748 I ServiceManager: Waiting for service AtCmdFwd...
02-04 23:07:23.128   571   940 E QC-QMI  : linux_qmi_qmux_io_wake_lock: Err in writing wakelock=qmuxd_port_wl_0, error [1:Operation not permitted]
02-04 23:07:23.128   571   940 E QC-QMI  : linux_qmi_qmux_io_wake_unlock: Err in writing wakelock=qmuxd_port_wl_0, error [1:Operation not permitted]
02-04 23:07:23.954 28748 28748 I ServiceManager: Waiting for service AtCmdFwd...
02-04 23:07:24.955 28748 28748 W Atfwd_Sendcmd: AtCmdFwd service not published, waiting... retryCnt : 1
02-04 23:07:29.956 28748 28748 I ServiceManager: Waiting for service AtCmdFwd...
02-04 23:07:30.815   571   940 E QC-QMI  : linux_qmi_qmux_io_wake_lock: Err in writing wakelock=qmuxd_port_wl_0, error [1:Operation not permitted]
02-04 23:07:30.815   571   940 E QC-QMI  : linux_qmi_qmux_io_wake_unlock: Err in writing wakelock=qmuxd_port_wl_0, error [1:Operation not permitted]
02-04 23:07:30.958 28748 28748 I ServiceManager: Waiting for service AtCmdFwd...
02-04 23:07:31.960 28748 28748 I chatty  : uid=1000(system) /vendor/bin/ATFWD-daemon identical 1 line
02-04 23:07:32.961 28748 28748 I ServiceManager: Waiting for service AtCmdFwd...
02-04 23:07:33.380   571   940 E QC-QMI  : linux_qmi_qmux_io_wake_lock: Err in writing wakelock=qmuxd_port_wl_0, error [1:Operation not permitted]
02-04 23:07:33.383   571   940 E QC-QMI  : linux_qmi_qmux_io_wake_unlock: Err in writing wakelock=qmuxd_port_wl_0, error [1:Operation not permitted]
02-04 23:07:33.963 28748 28748 W Atfwd_Sendcmd: AtCmdFwd service not published, waiting... retryCnt : 2
02-04 23:07:21.330   816   838 E BatteryStatsService: no controller energy info supplied
02-04 23:07:35.375   816   816 I EntropyMixer: Added HW RNG output to entropy pool
02-04 23:07:35.375   816   816 I EntropyMixer: Writing entropy...
02-04 23:07:38.503   571   940 E QC-QMI  : linux_qmi_qmux_io_wake_lock: Err in writing wakelock=qmuxd_port_wl_0, error [1:Operation not permitted]
02-04 23:07:38.504   571   940 E QC-QMI  : linux_qmi_qmux_io_wake_unlock: Err in writing wakelock=qmuxd_port_wl_0, error [1:Operation not permitted]
02-04 23:07:41.057   571   940 E QC-QMI  : linux_qmi_qmux_io_wake_lock: Err in writing wakelock=qmuxd_port_wl_0, error [1:Operation not permitted]
02-04 23:07:41.060   571   940 E QC-QMI  : linux_qmi_qmux_io_wake_unlock: Err in writing wakelock=qmuxd_port_wl_0, error [1:Operation not permitted]
02-04 23:07:41.768   816  2347 W ActivityManager: Unable to start service Intent { act=com.google.android.gms.ads.identifier.service.START pkg=com.google.android.gms } U=0: not found
02-04 23:07:41.795   816  2363 W ActivityManager: Unable to start service Intent { act=com.google.android.gms.ads.identifier.service.START pkg=com.google.android.gms } U=0: not found
02-04 23:07:41.810   816   964 W ActivityManager: Unable to start service Intent { act=com.google.android.gms.ads.identifier.service.START pkg=com.google.android.gms } U=0: not found
02-04 23:07:43.965 28748 28748 I ServiceManager: Waiting for service AtCmdFwd...
02-04 23:07:45.970 28748 28748 I chatty  : uid=1000(system) /vendor/bin/ATFWD-daemon identical 2 lines
02-04 23:07:46.972 28748 28748 I ServiceManager: Waiting for service AtCmdFwd...
02-04 23:07:47.974 28748 28748 W Atfwd_Sendcmd: AtCmdFwd service not published, waiting... retryCnt : 3
02-04 23:07:53.847   571   940 E QC-QMI  : linux_qmi_qmux_io_wake_lock: Err in writing wakelock=qmuxd_port_wl_0, error [1:Operation not permitted]
02-04 23:07:53.847   571   940 E QC-QMI  : linux_qmi_qmux_io_wake_unlock: Err in writing wakelock=qmuxd_port_wl_0, error [1:Operation not permitted]
02-04 23:07:56.421   571   940 E QC-QMI  : linux_qmi_qmux_io_wake_lock: Err in writing wakelock=qmuxd_port_wl_0, error [1:Operation not permitted]
02-04 23:07:56.423   571   940 E QC-QMI  : linux_qmi_qmux_io_wake_unlock: Err in writing wakelock=qmuxd_port_wl_0, error [1:Operation not permitted]
02-04 23:08:02.977 28748 28748 I ServiceManager: Waiting for service AtCmdFwd...
02-04 23:08:03.981 28748 28748 I ServiceManager: Waiting for service AtCmdFwd...
02-04 23:08:04.098   571   940 E QC-QMI  : linux_qmi_qmux_io_wake_lock: Err in writing wakelock=qmuxd_port_wl_0, error [1:Operation not permitted]
02-04 23:08:04.099   571   940 E QC-QMI  : linux_qmi_qmux_io_wake_unlock: Err in writing wakelock=qmuxd_port_wl_0, error [1:Operation not permitted]
02-04 23:08:04.984 28748 28748 I ServiceManager: Waiting for service AtCmdFwd...
02-04 23:08:05.985 28748 28748 I ServiceManager: Waiting for service AtCmdFwd...
02-04 23:08:06.987 28748 28748 W Atfwd_Sendcmd: AtCmdFwd service not published, waiting... retryCnt : 4
02-04 23:08:16.897   571   940 E QC-QMI  : linux_qmi_qmux_io_wake_lock: Err in writing wakelock=qmuxd_port_wl_0, error [1:Operation not permitted]
02-04 23:08:16.897   571   940 E QC-QMI  : linux_qmi_qmux_io_wake_unlock: Err in writing wakelock=qmuxd_port_wl_0, error [1:Operation not permitted]
02-04 23:08:26.989 28748 28748 I ServiceManager: Waiting for service AtCmdFwd...
02-04 23:08:28.993 28748 28748 I chatty  : uid=1000(system) /vendor/bin/ATFWD-daemon identical 2 lines
02-04 23:08:29.996 28748 28748 I ServiceManager: Waiting for service AtCmdFwd...
02-04 23:08:30.998 28748 28748 W Atfwd_Sendcmd: AtCmdFwd service not published, waiting... retryCnt : 5
02-04 23:08:34.663  3552  3552 W SceneBgThread: type=1400 audit(0.0:2884): avc: denied { read } for name="stat" dev="proc" ino=4026548033 scontext=u:r:untrusted_app_25:s0:c512,c768 tcontext=u:object_r:proc_stat:s0 tclass=file permissive=0
02-04 23:08:39.673  3552  3552 I chatty  : uid=10063(u0_a63) SceneBgThread identical 1 line
02-04 23:08:44.680  3552  3552 W SceneBgThread: type=1400 audit(0.0:2886): avc: denied { read } for name="stat" dev="proc" ino=4026548033 scontext=u:r:untrusted_app_25:s0:c512,c768 tcontext=u:object_r:proc_stat:s0 tclass=file permissive=0
02-04 23:08:47.623   571   940 E QC-QMI  : linux_qmi_qmux_io_wake_lock: Err in writing wakelock=qmuxd_port_wl_0, error [1:Operation not permitted]
02-04 23:08:47.624   571   940 E QC-QMI  : linux_qmi_qmux_io_wake_unlock: Err in writing wakelock=qmuxd_port_wl_0, error [1:Operation not permitted]
02-04 23:08:55.999 28748 28748 I Atfwd_Sendcmd: AtCmdFwd service not ready - Exhausted retry attempts - :6
02-04 23:08:56.000 28748 28748 I Atfwd_Daemon: result : -1 	 ,Init step :2 	 ,qmiErrorCode: 0
02-04 23:09:04.870   816   906 E HalDeviceManager: Should have at least 1 chip!
02-04 23:09:04.871   816   906 E HalDeviceManager: getSupportedIfaceTypesInternal: no chip info found
02-04 23:09:04.879   816   838 E BatteryStatsService: no controller energy info supplied
02-04 23:09:04.880   816   838 E BatteryStatsService: no controller energy info supplied
02-04 23:09:04.882   816  4855 E LightsService: Light requested not available on this device. 3
02-04 23:09:04.889   419   921 E android.hardware.usb@1.0-service: uevent received SUBSYSTEM=dual_role_usb
02-04 23:09:04.889   419   921 I android.hardware.usb@1.0-service: otg_default
02-04 23:09:04.894   419   921 I android.hardware.usb@1.0-service: canChangeMode: 1 canChagedata: 0 canChangePower:0
02-04 23:09:04.894   816   892 I UsbPortManager: ClientCallback: otg_default
02-04 23:09:04.895   816   841 I UsbPortManager: USB port changed: port=UsbPort{id=otg_default, supportedModes=dual}, status=UsbPortStatus{connected=false, currentMode=none, currentPowerRole=no-power, currentDataRole=no-data, supportedRoleCombinations=[no-power:no-data]}, canChangeMode=true, canChangePowerRole=false, canChangeDataRole=false
02-04 23:09:04.896   571   940 E QC-QMI  : linux_qmi_qmux_io_wake_lock: Err in writing wakelock=qmuxd_port_wl_0, error [1:Operation not permitted]
02-04 23:09:04.896   571   940 E QC-QMI  : linux_qmi_qmux_io_wake_unlock: Err in writing wakelock=qmuxd_port_wl_0, error [1:Operation not permitted]
02-04 23:09:04.896   571   940 E QC-QMI  : linux_qmi_qmux_io_wake_lock: Err in writing wakelock=qmuxd_port_wl_0, error [1:Operation not permitted]
02-04 23:09:04.897   571   940 E QC-QMI  : linux_qmi_qmux_io_wake_unlock: Err in writing wakelock=qmuxd_port_wl_0, error [1:Operation not permitted]
02-04 23:09:04.907   816   838 I BatteryStatsImpl: Resetting battery stats: level=99 status=2 dischargeLevel=99 lowAmount=2 highAmount=3
02-04 23:09:05.534   571   940 E QC-QMI  : linux_qmi_qmux_io_wake_lock: Err in writing wakelock=qmuxd_port_wl_0, error [1:Operation not permitted]
02-04 23:09:05.534   571   940 E QC-QMI  : linux_qmi_qmux_io_wake_unlock: Err in writing wakelock=qmuxd_port_wl_0, error [1:Operation not permitted]
02-04 23:09:05.916   816   841 D UsbDeviceManager: applyOemOverride usbfunctions=adb bootmode=normal
02-04 23:09:16.003 28748 28748 I ServiceManager: Waiting for service AtCmdFwd...
02-04 23:09:18.025 28748 28748 I chatty  : uid=1000(system) /vendor/bin/ATFWD-daemon identical 2 lines
02-04 23:09:19.038 28748 28748 I ServiceManager: Waiting for service AtCmdFwd...
02-04 23:09:20.039 28748 28748 W Atfwd_Sendcmd: AtCmdFwd service not published, waiting... retryCnt : 1
02-04 23:09:25.050 28748 28748 I ServiceManager: Waiting for service AtCmdFwd...
02-04 23:09:27.073 28748 28748 I chatty  : uid=1000(system) /vendor/bin/ATFWD-daemon identical 2 lines
02-04 23:09:28.080 28748 28748 I ServiceManager: Waiting for service AtCmdFwd...
02-04 23:09:29.088 28748 28748 W Atfwd_Sendcmd: AtCmdFwd service not published, waiting... retryCnt : 2
02-04 23:09:39.097 28748 28748 I ServiceManager: Waiting for service AtCmdFwd...
02-04 23:09:41.110 28748 28748 I chatty  : uid=1000(system) /vendor/bin/ATFWD-daemon identical 2 lines
02-04 23:09:42.120 28748 28748 I ServiceManager: Waiting for service AtCmdFwd...
02-04 23:09:43.130 28748 28748 W Atfwd_Sendcmd: AtCmdFwd service not published, waiting... retryCnt : 3
02-04 23:09:58.137 28748 28748 I ServiceManager: Waiting for service AtCmdFwd...
02-04 23:10:00.145 28748 28748 I chatty  : uid=1000(system) /vendor/bin/ATFWD-daemon identical 2 lines
02-04 23:10:01.149 28748 28748 I ServiceManager: Waiting for service AtCmdFwd...
02-04 23:10:02.153 28748 28748 W Atfwd_Sendcmd: AtCmdFwd service not published, waiting... retryCnt : 4
02-04 23:10:22.156 28748 28748 I ServiceManager: Waiting for service AtCmdFwd...
02-04 23:10:24.161 28748 28748 I chatty  : uid=1000(system) /vendor/bin/ATFWD-daemon identical 2 lines
02-04 23:10:25.163 28748 28748 I ServiceManager: Waiting for service AtCmdFwd...
02-04 23:10:26.165 28748 28748 W Atfwd_Sendcmd: AtCmdFwd service not published, waiting... retryCnt : 5
02-04 23:10:30.020   571   940 E QC-QMI  : linux_qmi_qmux_io_wake_lock: Err in writing wakelock=qmuxd_port_wl_0, error [1:Operation not permitted]
02-04 23:10:30.021   571   940 E QC-QMI  : linux_qmi_qmux_io_wake_unlock: Err in writing wakelock=qmuxd_port_wl_0, error [1:Operation not permitted]
02-04 23:10:34.710  3552  3552 W SceneBgThread: type=1400 audit(0.0:2887): avc: denied { read } for name="stat" dev="proc" ino=4026548033 scontext=u:r:untrusted_app_25:s0:c512,c768 tcontext=u:object_r:proc_stat:s0 tclass=file permissive=0
02-04 23:10:35.142   571   940 E QC-QMI  : linux_qmi_qmux_io_wake_lock: Err in writing wakelock=qmuxd_port_wl_0, error [1:Operation not permitted]
02-04 23:10:35.143   571   940 E QC-QMI  : linux_qmi_qmux_io_wake_unlock: Err in writing wakelock=qmuxd_port_wl_0, error [1:Operation not permitted]
02-04 23:10:39.723  3552  3552 W SceneBgThread: type=1400 audit(0.0:2888): avc: denied { read } for name="stat" dev="proc" ino=4026548033 scontext=u:r:untrusted_app_25:s0:c512,c768 tcontext=u:object_r:proc_stat:s0 tclass=file permissive=0
02-04 23:10:44.740  3552  3552 W SceneBgThread: type=1400 audit(0.0:2889): avc: denied { read } for name="stat" dev="proc" ino=4026548033 scontext=u:r:untrusted_app_25:s0:c512,c768 tcontext=u:object_r:proc_stat:s0 tclass=file permissive=0
02-04 23:10:51.180 28748 28748 I Atfwd_Sendcmd: AtCmdFwd service not ready - Exhausted retry attempts - :6
02-04 23:10:51.180 28748 28748 I Atfwd_Daemon: result : -1 	 ,Init step :2 	 ,qmiErrorCode: 0
02-04 23:11:16.194 28748 28751 E QC-QMI  : qmi_client [28748] cf: failed to locate client data
02-04 23:11:16.196   571   571 E QC-QMI  : qmuxd: RX on fd=20 returned error=0 errno[2:No such file or directory]
02-04 23:11:16.197   571   571 E QC-QMI  : QMUX qmux_client_id=cf not found in qmux client list, unable to remove
02-04 23:11:16.200 28748 28748 I Atfwd_Daemon: Stop the daemon....
02-04 23:11:16.271 31557 31557 I libmdmdetect: ESOC framework not supported
02-04 23:11:16.272 31557 31557 I libmdmdetect: Found internal modem: modem
02-04 23:11:16.284 31557 31557 I Atfwd_Daemon: result : 255 	 ,Init step :0 	 ,qmiErrorCode: 0
02-04 23:11:16.284 31557 31557 I Atfwd_Daemon: result : 0 	 ,Init step :1 	 ,qmiErrorCode: 0
02-04 23:11:16.286 31557 31557 I ServiceManager: Waiting for service AtCmdFwd...
02-04 23:11:18.305 31557 31557 I chatty  : uid=1000(system) /vendor/bin/ATFWD-daemon identical 2 lines
02-04 23:11:19.310 31557 31557 I ServiceManager: Waiting for service AtCmdFwd...
02-04 23:11:20.317 31557 31557 W Atfwd_Sendcmd: AtCmdFwd service not published, waiting... retryCnt : 1
02-04 23:11:25.330 31557 31557 I ServiceManager: Waiting for service AtCmdFwd...
02-04 23:11:27.354 31557 31557 I chatty  : uid=1000(system) /vendor/bin/ATFWD-daemon identical 2 lines
02-04 23:11:28.361 31557 31557 I ServiceManager: Waiting for service AtCmdFwd...
02-04 23:11:29.368 31557 31557 W Atfwd_Sendcmd: AtCmdFwd service not published, waiting... retryCnt : 2
02-04 23:11:39.374 31557 31557 I ServiceManager: Waiting for service AtCmdFwd...
02-04 23:11:41.394 31557 31557 I chatty  : uid=1000(system) /vendor/bin/ATFWD-daemon identical 2 lines
02-04 23:11:42.407 31557 31557 I ServiceManager: Waiting for service AtCmdFwd...
02-04 23:11:43.416 31557 31557 W Atfwd_Sendcmd: AtCmdFwd service not published, waiting... retryCnt : 3
02-04 23:11:58.427 31557 31557 I ServiceManager: Waiting for service AtCmdFwd...
02-04 23:12:00.435 31557 31557 I chatty  : uid=1000(system) /vendor/bin/ATFWD-daemon identical 2 lines
02-04 23:12:01.443 31557 31557 I ServiceManager: Waiting for service AtCmdFwd...
02-04 23:12:02.452 31557 31557 W Atfwd_Sendcmd: AtCmdFwd service not published, waiting... retryCnt : 4
02-04 23:12:22.459 31557 31557 I ServiceManager: Waiting for service AtCmdFwd...
02-04 23:12:23.467 31557 31557 I chatty  : uid=1000(system) /vendor/bin/ATFWD-daemon identical 1 line
02-04 23:12:24.474 31557 31557 I ServiceManager: Waiting for service AtCmdFwd...
02-04 23:12:25.223   571   940 E QC-QMI  : linux_qmi_qmux_io_wake_lock: Err in writing wakelock=qmuxd_port_wl_0, error [1:Operation not permitted]
02-04 23:12:25.225   571   940 E QC-QMI  : linux_qmi_qmux_io_wake_unlock: Err in writing wakelock=qmuxd_port_wl_0, error [1:Operation not permitted]
02-04 23:12:25.481 31557 31557 I ServiceManager: Waiting for service AtCmdFwd...
02-04 23:12:26.488 31557 31557 W Atfwd_Sendcmd: AtCmdFwd service not published, waiting... retryCnt : 5
02-04 23:12:34.790  3552  3552 W SceneBgThread: type=1400 audit(0.0:2890): avc: denied { read } for name="stat" dev="proc" ino=4026548033 scontext=u:r:untrusted_app_25:s0:c512,c768 tcontext=u:object_r:proc_stat:s0 tclass=file permissive=0
02-04 23:12:39.806  3552  3552 W SceneBgThread: type=1400 audit(0.0:2891): avc: denied { read } for name="stat" dev="proc" ino=4026548033 scontext=u:r:untrusted_app_25:s0:c512,c768 tcontext=u:object_r:proc_stat:s0 tclass=file permissive=0
02-04 23:12:40.578   571   940 E QC-QMI  : linux_qmi_qmux_io_wake_lock: Err in writing wakelock=qmuxd_port_wl_0, error [1:Operation not permitted]
02-04 23:12:40.580   571   940 E QC-QMI  : linux_qmi_qmux_io_wake_unlock: Err in writing wakelock=qmuxd_port_wl_0, error [1:Operation not permitted]
02-04 23:12:44.819  3552  3552 W SceneBgThread: type=1400 audit(0.0:2892): avc: denied { read } for name="stat" dev="proc" ino=4026548033 scontext=u:r:untrusted_app_25:s0:c512,c768 tcontext=u:object_r:proc_stat:s0 tclass=file permissive=0
02-04 23:12:51.491 31557 31557 I Atfwd_Sendcmd: AtCmdFwd service not ready - Exhausted retry attempts - :6
02-04 23:12:51.491 31557 31557 I Atfwd_Daemon: result : -1 	 ,Init step :2 	 ,qmiErrorCode: 0
02-04 23:12:56.494 31557 31557 I ServiceManager: Waiting for service AtCmdFwd...
02-04 23:12:58.501 31557 31557 I chatty  : uid=1000(system) /vendor/bin/ATFWD-daemon identical 2 lines
02-04 23:12:59.502 31557 31557 I ServiceManager: Waiting for service AtCmdFwd...
02-04 23:13:00.504 31557 31557 W Atfwd_Sendcmd: AtCmdFwd service not published, waiting... retryCnt : 1
02-04 23:13:03.618   571   940 E QC-QMI  : linux_qmi_qmux_io_wake_lock: Err in writing wakelock=qmuxd_port_wl_0, error [1:Operation not permitted]
02-04 23:13:03.619   571   940 E QC-QMI  : linux_qmi_qmux_io_wake_unlock: Err in writing wakelock=qmuxd_port_wl_0, error [1:Operation not permitted]
02-04 23:13:05.506 31557 31557 I ServiceManager: Waiting for service AtCmdFwd...
02-04 23:13:07.510 31557 31557 I chatty  : uid=1000(system) /vendor/bin/ATFWD-daemon identical 2 lines
02-04 23:13:08.517 31557 31557 I ServiceManager: Waiting for service AtCmdFwd...
02-04 23:13:09.518 31557 31557 W Atfwd_Sendcmd: AtCmdFwd service not published, waiting... retryCnt : 2
02-04 23:13:18.982   571   940 E QC-QMI  : linux_qmi_qmux_io_wake_lock: Err in writing wakelock=qmuxd_port_wl_0, error [1:Operation not permitted]
02-04 23:13:18.983   571   940 E QC-QMI  : linux_qmi_qmux_io_wake_unlock: Err in writing wakelock=qmuxd_port_wl_0, error [1:Operation not permitted]
02-04 23:13:19.520 31557 31557 I ServiceManager: Waiting for service AtCmdFwd...
02-04 23:13:21.533 31557 31557 I chatty  : uid=1000(system) /vendor/bin/ATFWD-daemon identical 2 lines
02-04 23:13:22.550 31557 31557 I ServiceManager: Waiting for service AtCmdFwd...
02-04 23:13:23.553 31557 31557 W Atfwd_Sendcmd: AtCmdFwd service not published, waiting... retryCnt : 3
02-04 23:13:38.570 31557 31557 I ServiceManager: Waiting for service AtCmdFwd...
02-04 23:13:40.580 31557 31557 I chatty  : uid=1000(system) /vendor/bin/ATFWD-daemon identical 2 lines
02-04 23:13:41.583 31557 31557 I ServiceManager: Waiting for service AtCmdFwd...
02-04 23:13:42.024   571   940 E QC-QMI  : linux_qmi_qmux_io_wake_lock: Err in writing wakelock=qmuxd_port_wl_0, error [1:Operation not permitted]
02-04 23:13:42.024   571   940 E QC-QMI  : linux_qmi_qmux_io_wake_unlock: Err in writing wakelock=qmuxd_port_wl_0, error [1:Operation not permitted]
02-04 23:13:42.593 31557 31557 W Atfwd_Sendcmd: AtCmdFwd service not published, waiting... retryCnt : 4
02-04 23:13:47.145   571   940 E QC-QMI  : linux_qmi_qmux_io_wake_lock: Err in writing wakelock=qmuxd_port_wl_0, error [1:Operation not permitted]
02-04 23:13:47.146   571   940 E QC-QMI  : linux_qmi_qmux_io_wake_unlock: Err in writing wakelock=qmuxd_port_wl_0, error [1:Operation not permitted]
02-04 23:14:02.605 31557 31557 I ServiceManager: Waiting for service AtCmdFwd...
02-04 23:14:04.615 31557 31557 I chatty  : uid=1000(system) /vendor/bin/ATFWD-daemon identical 2 lines
02-04 23:14:05.620 31557 31557 I ServiceManager: Waiting for service AtCmdFwd...
02-04 23:14:06.623 31557 31557 W Atfwd_Sendcmd: AtCmdFwd service not published, waiting... retryCnt : 5
02-04 23:14:31.627 31557 31557 I Atfwd_Sendcmd: AtCmdFwd service not ready - Exhausted retry attempts - :6
02-04 23:14:31.627 31557 31557 I Atfwd_Daemon: result : -1 	 ,Init step :2 	 ,qmiErrorCode: 0
02-04 23:14:34.903  3552  3552 W SceneBgThread: type=1400 audit(0.0:2893): avc: denied { read } for name="stat" dev="proc" ino=4026548033 scontext=u:r:untrusted_app_25:s0:c512,c768 tcontext=u:object_r:proc_stat:s0 tclass=file permissive=0
02-04 23:14:39.920  3552  3552 W SceneBgThread: type=1400 audit(0.0:2894): avc: denied { read } for name="stat" dev="proc" ino=4026548033 scontext=u:r:untrusted_app_25:s0:c512,c768 tcontext=u:object_r:proc_stat:s0 tclass=file permissive=0
02-04 23:14:40.902   571   940 E QC-QMI  : linux_qmi_qmux_io_wake_lock: Err in writing wakelock=qmuxd_port_wl_0, error [1:Operation not permitted]
02-04 23:14:40.903   571   940 E QC-QMI  : linux_qmi_qmux_io_wake_unlock: Err in writing wakelock=qmuxd_port_wl_0, error [1:Operation not permitted]
02-04 23:14:41.631 31557 31557 I ServiceManager: Waiting for service AtCmdFwd...
02-04 23:14:42.637 31557 31557 I ServiceManager: Waiting for service AtCmdFwd...
02-04 23:14:43.458   571   940 E QC-QMI  : linux_qmi_qmux_io_wake_lock: Err in writing wakelock=qmuxd_port_wl_0, error [1:Operation not permitted]
02-04 23:14:43.459   571   940 E QC-QMI  : linux_qmi_qmux_io_wake_unlock: Err in writing wakelock=qmuxd_port_wl_0, error [1:Operation not permitted]
02-04 23:14:43.642 31557 31557 I ServiceManager: Waiting for service AtCmdFwd...
02-04 23:14:44.646 31557 31557 I ServiceManager: Waiting for service AtCmdFwd...
02-04 23:14:44.933  3552  3552 W SceneBgThread: type=1400 audit(0.0:2895): avc: denied { read } for name="stat" dev="proc" ino=4026548033 scontext=u:r:untrusted_app_25:s0:c512,c768 tcontext=u:object_r:proc_stat:s0 tclass=file permissive=0
02-04 23:14:45.650 31557 31557 W Atfwd_Sendcmd: AtCmdFwd service not published, waiting... retryCnt : 1
02-04 23:14:50.652 31557 31557 I ServiceManager: Waiting for service AtCmdFwd...
02-04 23:14:52.660 31557 31557 I chatty  : uid=1000(system) /vendor/bin/ATFWD-daemon identical 2 lines
02-04 23:14:53.665 31557 31557 I ServiceManager: Waiting for service AtCmdFwd...
02-04 23:14:54.669 31557 31557 W Atfwd_Sendcmd: AtCmdFwd service not published, waiting... retryCnt : 2
02-04 23:15:04.671 31557 31557 I ServiceManager: Waiting for service AtCmdFwd...
02-04 23:15:06.674 31557 31557 I chatty  : uid=1000(system) /vendor/bin/ATFWD-daemon identical 2 lines
02-04 23:15:07.675 31557 31557 I ServiceManager: Waiting for service AtCmdFwd...
02-04 23:15:08.677 31557 31557 W Atfwd_Sendcmd: AtCmdFwd service not published, waiting... retryCnt : 3
02-04 23:15:14.185   571   940 E QC-QMI  : linux_qmi_qmux_io_wake_lock: Err in writing wakelock=qmuxd_port_wl_0, error [1:Operation not permitted]
02-04 23:15:14.185   571   940 E QC-QMI  : linux_qmi_qmux_io_wake_unlock: Err in writing wakelock=qmuxd_port_wl_0, error [1:Operation not permitted]
02-04 23:15:19.307   571   940 E QC-QMI  : linux_qmi_qmux_io_wake_lock: Err in writing wakelock=qmuxd_port_wl_0, error [1:Operation not permitted]
02-04 23:15:19.308   571   940 E QC-QMI  : linux_qmi_qmux_io_wake_unlock: Err in writing wakelock=qmuxd_port_wl_0, error [1:Operation not permitted]
02-04 23:15:23.681 31557 31557 I ServiceManager: Waiting for service AtCmdFwd...
02-04 23:15:25.699 31557 31557 I chatty  : uid=1000(system) /vendor/bin/ATFWD-daemon identical 2 lines
02-04 23:15:26.711 31557 31557 I ServiceManager: Waiting for service AtCmdFwd...
02-04 23:15:27.717 31557 31557 W Atfwd_Sendcmd: AtCmdFwd service not published, waiting... retryCnt : 4
02-04 23:15:47.724 31557 31557 I ServiceManager: Waiting for service AtCmdFwd...
02-04 23:15:49.752 31557 31557 I chatty  : uid=1000(system) /vendor/bin/ATFWD-daemon identical 2 lines
02-04 23:15:50.767 31557 31557 I ServiceManager: Waiting for service AtCmdFwd...
02-04 23:15:51.774 31557 31557 W Atfwd_Sendcmd: AtCmdFwd service not published, waiting... retryCnt : 5
02-04 23:16:07.944   571   940 E QC-QMI  : linux_qmi_qmux_io_wake_lock: Err in writing wakelock=qmuxd_port_wl_0, error [1:Operation not permitted]
02-04 23:16:07.944   571   940 E QC-QMI  : linux_qmi_qmux_io_wake_unlock: Err in writing wakelock=qmuxd_port_wl_0, error [1:Operation not permitted]
02-04 23:16:16.780 31557 31557 I Atfwd_Sendcmd: AtCmdFwd service not ready - Exhausted retry attempts - :6
02-04 23:16:16.780 31557 31557 I Atfwd_Daemon: result : -1 	 ,Init step :2 	 ,qmiErrorCode: 0
02-04 23:16:31.788 31557 31557 I ServiceManager: Waiting for service AtCmdFwd...
02-04 23:16:33.798 31557 31557 I chatty  : uid=1000(system) /vendor/bin/ATFWD-daemon identical 2 lines
02-04 23:16:34.807 31557 31557 I ServiceManager: Waiting for service AtCmdFwd...
02-04 23:16:34.940  3552  3552 W SceneBgThread: type=1400 audit(0.0:2896): avc: denied { read } for name="stat" dev="proc" ino=4026548033 scontext=u:r:untrusted_app_25:s0:c512,c768 tcontext=u:object_r:proc_stat:s0 tclass=file permissive=0
02-04 23:16:35.811 31557 31557 W Atfwd_Sendcmd: AtCmdFwd service not published, waiting... retryCnt : 1
02-04 23:16:39.950  3552  3552 W SceneBgThread: type=1400 audit(0.0:2897): avc: denied { read } for name="stat" dev="proc" ino=4026548033 scontext=u:r:untrusted_app_25:s0:c512,c768 tcontext=u:object_r:proc_stat:s0 tclass=file permissive=0
02-04 23:16:40.818 31557 31557 I ServiceManager: Waiting for service AtCmdFwd...
02-04 23:16:42.828 31557 31557 I chatty  : uid=1000(system) /vendor/bin/ATFWD-daemon identical 2 lines
02-04 23:16:43.830 31557 31557 I ServiceManager: Waiting for service AtCmdFwd...
02-04 23:16:44.837 31557 31557 W Atfwd_Sendcmd: AtCmdFwd service not published, waiting... retryCnt : 2
02-04 23:16:44.960  3552  3552 W SceneBgThread: type=1400 audit(0.0:2898): avc: denied { read } for name="stat" dev="proc" ino=4026548033 scontext=u:r:untrusted_app_25:s0:c512,c768 tcontext=u:object_r:proc_stat:s0 tclass=file permissive=0
02-04 23:16:54.841 31557 31557 I ServiceManager: Waiting for service AtCmdFwd...
02-04 23:16:56.850 31557 31557 I chatty  : uid=1000(system) /vendor/bin/ATFWD-daemon identical 2 lines
02-04 23:16:57.854 31557 31557 I ServiceManager: Waiting for service AtCmdFwd...
02-04 23:16:58.858 31557 31557 W Atfwd_Sendcmd: AtCmdFwd service not published, waiting... retryCnt : 3
02-04 23:17:13.870 31557 31557 I ServiceManager: Waiting for service AtCmdFwd...
02-04 23:17:15.898 31557 31557 I chatty  : uid=1000(system) /vendor/bin/ATFWD-daemon identical 2 lines
02-04 23:17:16.917 31557 31557 I ServiceManager: Waiting for service AtCmdFwd...
02-04 23:17:17.933 31557 31557 W Atfwd_Sendcmd: AtCmdFwd service not published, waiting... retryCnt : 4
02-04 23:17:24.742   571   940 E QC-QMI  : linux_qmi_qmux_io_wake_lock: Err in writing wakelock=qmuxd_port_wl_0, error [1:Operation not permitted]
02-04 23:17:24.743   571   940 E QC-QMI  : linux_qmi_qmux_io_wake_unlock: Err in writing wakelock=qmuxd_port_wl_0, error [1:Operation not permitted]
02-04 23:17:37.540   571   940 E QC-QMI  : linux_qmi_qmux_io_wake_lock: Err in writing wakelock=qmuxd_port_wl_0, error [1:Operation not permitted]
02-04 23:17:37.541   571   940 E QC-QMI  : linux_qmi_qmux_io_wake_unlock: Err in writing wakelock=qmuxd_port_wl_0, error [1:Operation not permitted]
02-04 23:17:37.943 31557 31557 I ServiceManager: Waiting for service AtCmdFwd...
02-04 23:17:38.946 31557 31557 I chatty  : uid=1000(system) /vendor/bin/ATFWD-daemon identical 1 line
02-04 23:17:39.956 31557 31557 I ServiceManager: Waiting for service AtCmdFwd...
02-04 23:17:40.106   571   940 E QC-QMI  : linux_qmi_qmux_io_wake_lock: Err in writing wakelock=qmuxd_port_wl_0, error [1:Operation not permitted]
02-04 23:17:40.107   571   940 E QC-QMI  : linux_qmi_qmux_io_wake_unlock: Err in writing wakelock=qmuxd_port_wl_0, error [1:Operation not permitted]
02-04 23:17:40.973 31557 31557 I ServiceManager: Waiting for service AtCmdFwd...
02-04 23:17:41.975 31557 31557 W Atfwd_Sendcmd: AtCmdFwd service not published, waiting... retryCnt : 5
02-04 23:18:06.980 31557 31557 I Atfwd_Sendcmd: AtCmdFwd service not ready - Exhausted retry attempts - :6
02-04 23:18:06.981 31557 31557 I Atfwd_Daemon: result : -1 	 ,Init step :2 	 ,qmiErrorCode: 0
02-04 23:18:26.990 31557 31557 I ServiceManager: Waiting for service AtCmdFwd...
02-04 23:18:29.000 31557 31557 I chatty  : uid=1000(system) /vendor/bin/ATFWD-daemon identical 2 lines
02-04 23:18:30.010 31557 31557 I ServiceManager: Waiting for service AtCmdFwd...
02-04 23:18:31.020 31557 31557 W Atfwd_Sendcmd: AtCmdFwd service not published, waiting... retryCnt : 1
02-04 23:18:31.299   571   940 E QC-QMI  : linux_qmi_qmux_io_wake_lock: Err in writing wakelock=qmuxd_port_wl_0, error [1:Operation not permitted]
02-04 23:18:31.299   571   940 E QC-QMI  : linux_qmi_qmux_io_wake_unlock: Err in writing wakelock=qmuxd_port_wl_0, error [1:Operation not permitted]
02-04 23:18:35.016  3552  3552 W SceneBgThread: type=1400 audit(0.0:2899): avc: denied { read } for name="stat" dev="proc" ino=4026548033 scontext=u:r:untrusted_app_25:s0:c512,c768 tcontext=u:object_r:proc_stat:s0 tclass=file permissive=0
02-04 23:18:36.027 31557 31557 I ServiceManager: Waiting for service AtCmdFwd...
02-04 23:18:38.044 31557 31557 I chatty  : uid=1000(system) /vendor/bin/ATFWD-daemon identical 2 lines
02-04 23:18:39.053 31557 31557 I ServiceManager: Waiting for service AtCmdFwd...
02-04 23:18:40.030  3552  3552 W SceneBgThread: type=1400 audit(0.0:2900): avc: denied { read } for name="stat" dev="proc" ino=4026548033 scontext=u:r:untrusted_app_25:s0:c512,c768 tcontext=u:object_r:proc_stat:s0 tclass=file permissive=0
02-04 23:18:40.055 31557 31557 W Atfwd_Sendcmd: AtCmdFwd service not published, waiting... retryCnt : 2
02-04 23:18:45.043  3552  3552 W SceneBgThread: type=1400 audit(0.0:2901): avc: denied { read } for name="stat" dev="proc" ino=4026548033 scontext=u:r:untrusted_app_25:s0:c512,c768 tcontext=u:object_r:proc_stat:s0 tclass=file permissive=0
02-04 23:18:50.057 31557 31557 I ServiceManager: Waiting for service AtCmdFwd...
02-04 23:18:52.069 31557 31557 I chatty  : uid=1000(system) /vendor/bin/ATFWD-daemon identical 2 lines
02-04 23:18:53.074 31557 31557 I ServiceManager: Waiting for service AtCmdFwd...
02-04 23:18:54.080 31557 31557 W Atfwd_Sendcmd: AtCmdFwd service not published, waiting... retryCnt : 3
02-04 23:18:54.341   571   940 E QC-QMI  : linux_qmi_qmux_io_wake_lock: Err in writing wakelock=qmuxd_port_wl_0, error [1:Operation not permitted]
02-04 23:18:54.341   571   940 E QC-QMI  : linux_qmi_qmux_io_wake_unlock: Err in writing wakelock=qmuxd_port_wl_0, error [1:Operation not permitted]
02-04 23:19:09.084 31557 31557 I ServiceManager: Waiting for service AtCmdFwd...
02-04 23:19:11.094 31557 31557 I chatty  : uid=1000(system) /vendor/bin/ATFWD-daemon identical 2 lines
02-04 23:19:12.099 31557 31557 I ServiceManager: Waiting for service AtCmdFwd...
02-04 23:19:13.103 31557 31557 W Atfwd_Sendcmd: AtCmdFwd service not published, waiting... retryCnt : 4
02-04 23:19:33.121 31557 31557 I ServiceManager: Waiting for service AtCmdFwd...
02-04 23:19:35.150 31557 31557 I chatty  : uid=1000(system) /vendor/bin/ATFWD-daemon identical 2 lines
02-04 23:19:36.158 31557 31557 I ServiceManager: Waiting for service AtCmdFwd...
02-04 23:19:37.177 31557 31557 W Atfwd_Sendcmd: AtCmdFwd service not published, waiting... retryCnt : 5
02-04 23:20:02.180 31557 31557 I Atfwd_Sendcmd: AtCmdFwd service not ready - Exhausted retry attempts - :6
02-04 23:20:02.180 31557 31557 I Atfwd_Daemon: result : -1 	 ,Init step :2 	 ,qmiErrorCode: 0
02-04 23:20:03.461   571   940 E QC-QMI  : linux_qmi_qmux_io_wake_lock: Err in writing wakelock=qmuxd_port_wl_0, error [1:Operation not permitted]
02-04 23:20:03.462   571   940 E QC-QMI  : linux_qmi_qmux_io_wake_unlock: Err in writing wakelock=qmuxd_port_wl_0, error [1:Operation not permitted]
02-04 23:20:06.023   571   940 E QC-QMI  : linux_qmi_qmux_io_wake_lock: Err in writing wakelock=qmuxd_port_wl_0, error [1:Operation not permitted]
02-04 23:20:06.024   571   940 E QC-QMI  : linux_qmi_qmux_io_wake_unlock: Err in writing wakelock=qmuxd_port_wl_0, error [1:Operation not permitted]
02-04 23:20:26.503   571   940 E QC-QMI  : linux_qmi_qmux_io_wake_lock: Err in writing wakelock=qmuxd_port_wl_0, error [1:Operation not permitted]
02-04 23:20:26.503   571   940 E QC-QMI  : linux_qmi_qmux_io_wake_unlock: Err in writing wakelock=qmuxd_port_wl_0, error [1:Operation not permitted]
02-04 23:20:27.192 31557 31560 E QC-QMI  : qmi_client [31557] d0: failed to locate client data
02-04 23:20:27.194   571   571 E QC-QMI  : qmuxd: RX on fd=20 returned error=0 errno[2:No such file or directory]
02-04 23:20:27.195   571   571 E QC-QMI  : QMUX qmux_client_id=d0 not found in qmux client list, unable to remove
02-04 23:20:27.199 31557 31557 I Atfwd_Daemon: Stop the daemon....
02-04 23:20:27.275 31587 31587 I libmdmdetect: ESOC framework not supported
02-04 23:20:27.277 31587 31587 I libmdmdetect: Found internal modem: modem
02-04 23:20:27.288 31587 31587 I Atfwd_Daemon: result : 255 	 ,Init step :0 	 ,qmiErrorCode: 0
02-04 23:20:27.288 31587 31587 I Atfwd_Daemon: result : 0 	 ,Init step :1 	 ,qmiErrorCode: 0
02-04 23:20:27.289 31587 31587 I ServiceManager: Waiting for service AtCmdFwd...
02-04 23:20:29.295 31587 31587 I chatty  : uid=1000(system) /vendor/bin/ATFWD-daemon identical 2 lines
02-04 23:20:30.297 31587 31587 I ServiceManager: Waiting for service AtCmdFwd...
02-04 23:20:31.310 31587 31587 W Atfwd_Sendcmd: AtCmdFwd service not published, waiting... retryCnt : 1
02-04 23:20:35.120  3552  3552 W SceneBgThread: type=1400 audit(0.0:2902): avc: denied { read } for name="stat" dev="proc" ino=4026548033 scontext=u:r:untrusted_app_25:s0:c512,c768 tcontext=u:object_r:proc_stat:s0 tclass=file permissive=0
02-04 23:20:36.316 31587 31587 I ServiceManager: Waiting for service AtCmdFwd...
02-04 23:20:38.332 31587 31587 I chatty  : uid=1000(system) /vendor/bin/ATFWD-daemon identical 2 lines
02-04 23:20:39.338 31587 31587 I ServiceManager: Waiting for service AtCmdFwd...
02-04 23:20:40.136  3552  3552 W SceneBgThread: type=1400 audit(0.0:2903): avc: denied { read } for name="stat" dev="proc" ino=4026548033 scontext=u:r:untrusted_app_25:s0:c512,c768 tcontext=u:object_r:proc_stat:s0 tclass=file permissive=0
02-04 23:20:40.344 31587 31587 W Atfwd_Sendcmd: AtCmdFwd service not published, waiting... retryCnt : 2
02-04 23:20:45.153  3552  3552 W SceneBgThread: type=1400 audit(0.0:2904): avc: denied { read } for name="stat" dev="proc" ino=4026548033 scontext=u:r:untrusted_app_25:s0:c512,c768 tcontext=u:object_r:proc_stat:s0 tclass=file permissive=0
02-04 23:20:49.543   571   940 E QC-QMI  : linux_qmi_qmux_io_wake_lock: Err in writing wakelock=qmuxd_port_wl_0, error [1:Operation not permitted]
02-04 23:20:49.544   571   940 E QC-QMI  : linux_qmi_qmux_io_wake_unlock: Err in writing wakelock=qmuxd_port_wl_0, error [1:Operation not permitted]
02-04 23:20:50.350 31587 31587 I ServiceManager: Waiting for service AtCmdFwd...
02-04 23:20:52.363 31587 31587 I chatty  : uid=1000(system) /vendor/bin/ATFWD-daemon identical 2 lines
02-04 23:20:53.374 31587 31587 I ServiceManager: Waiting for service AtCmdFwd...
02-04 23:20:54.380 31587 31587 W Atfwd_Sendcmd: AtCmdFwd service not published, waiting... retryCnt : 3
02-04 23:21:04.906   571   940 E QC-QMI  : linux_qmi_qmux_io_wake_lock: Err in writing wakelock=qmuxd_port_wl_0, error [1:Operation not permitted]
02-04 23:21:04.907   571   940 E QC-QMI  : linux_qmi_qmux_io_wake_unlock: Err in writing wakelock=qmuxd_port_wl_0, error [1:Operation not permitted]
02-04 23:21:05.026   816   906 E HalDeviceManager: Should have at least 1 chip!
02-04 23:21:05.026   816   906 E HalDeviceManager: getSupportedIfaceTypesInternal: no chip info found
02-04 23:21:05.031   816   838 E BatteryStatsService: no controller energy info supplied
02-04 23:21:05.044   571   940 E QC-QMI  : linux_qmi_qmux_io_wake_lock: Err in writing wakelock=qmuxd_port_wl_0, error [1:Operation not permitted]
02-04 23:21:05.044   571   940 E QC-QMI  : linux_qmi_qmux_io_wake_unlock: Err in writing wakelock=qmuxd_port_wl_0, error [1:Operation not permitted]
02-04 23:21:05.044   571   940 E QC-QMI  : linux_qmi_qmux_io_wake_lock: Err in writing wakelock=qmuxd_port_wl_0, error [1:Operation not permitted]
02-04 23:21:05.044   571   940 E QC-QMI  : linux_qmi_qmux_io_wake_unlock: Err in writing wakelock=qmuxd_port_wl_0, error [1:Operation not permitted]
02-04 23:21:09.387 31587 31587 I ServiceManager: Waiting for service AtCmdFwd...
02-04 23:21:11.407 31587 31587 I chatty  : uid=1000(system) /vendor/bin/ATFWD-daemon identical 2 lines
02-04 23:21:12.416 31587 31587 I ServiceManager: Waiting for service AtCmdFwd...
02-04 23:21:13.424 31587 31587 W Atfwd_Sendcmd: AtCmdFwd service not published, waiting... retryCnt : 4
02-04 23:21:33.430 31587 31587 I ServiceManager: Waiting for service AtCmdFwd...
02-04 23:21:35.437 31587 31587 I chatty  : uid=1000(system) /vendor/bin/ATFWD-daemon identical 2 lines
02-04 23:21:36.441 31587 31587 I ServiceManager: Waiting for service AtCmdFwd...
02-04 23:21:37.446 31587 31587 W Atfwd_Sendcmd: AtCmdFwd service not published, waiting... retryCnt : 5
02-04 23:21:05.031   816   838 E BatteryStatsService: no controller energy info supplied
02-04 23:21:41.806   816   834 I UsageStatsService: User[0] Flushing usage stats to disk
02-04 23:21:43.290   571   940 E QC-QMI  : linux_qmi_qmux_io_wake_lock: Err in writing wakelock=qmuxd_port_wl_0, error [1:Operation not permitted]
02-04 23:21:43.291   571   940 E QC-QMI  : linux_qmi_qmux_io_wake_unlock: Err in writing wakelock=qmuxd_port_wl_0, error [1:Operation not permitted]
02-04 23:21:45.863   571   940 E QC-QMI  : linux_qmi_qmux_io_wake_lock: Err in writing wakelock=qmuxd_port_wl_0, error [1:Operation not permitted]
02-04 23:21:45.864   571   940 E QC-QMI  : linux_qmi_qmux_io_wake_unlock: Err in writing wakelock=qmuxd_port_wl_0, error [1:Operation not permitted]
02-04 23:21:58.666   571   940 E QC-QMI  : linux_qmi_qmux_io_wake_lock: Err in writing wakelock=qmuxd_port_wl_0, error [1:Operation not permitted]
02-04 23:21:58.666   571   940 E QC-QMI  : linux_qmi_qmux_io_wake_unlock: Err in writing wakelock=qmuxd_port_wl_0, error [1:Operation not permitted]
02-04 23:22:02.451 31587 31587 I Atfwd_Sendcmd: AtCmdFwd service not ready - Exhausted retry attempts - :6
02-04 23:22:02.451 31587 31587 I Atfwd_Daemon: result : -1 	 ,Init step :2 	 ,qmiErrorCode: 0
02-04 23:22:07.457 31587 31587 I ServiceManager: Waiting for service AtCmdFwd...
02-04 23:22:09.464 31587 31587 I chatty  : uid=1000(system) /vendor/bin/ATFWD-daemon identical 2 lines
02-04 23:22:10.470 31587 31587 I ServiceManager: Waiting for service AtCmdFwd...
02-04 23:22:11.471 31587 31587 W Atfwd_Sendcmd: AtCmdFwd service not published, waiting... retryCnt : 1
02-04 23:22:16.473 31587 31587 I ServiceManager: Waiting for service AtCmdFwd...
02-04 23:22:18.476 31587 31587 I chatty  : uid=1000(system) /vendor/bin/ATFWD-daemon identical 2 lines
02-04 23:22:19.477 31587 31587 I ServiceManager: Waiting for service AtCmdFwd...
02-04 23:22:20.479 31587 31587 W Atfwd_Sendcmd: AtCmdFwd service not published, waiting... retryCnt : 2
