02-05 01:02:48.763   593  1758 D DlbDap2QmfProcess: setParam(preg = #1[-384])
02-05 01:02:48.763   593  1758 D DlbDap2QmfProcess: setParam(vol = #1[384])
02-05 01:02:48.763   593  1758 D DlbDlbBufferProvider: setConfig() Updating buffer configuration.
02-05 01:02:48.763   593  1758 D DlbDap2QmfProcess: processQmf() called [0] times
02-05 01:02:48.763   593  1758 D DlbDap2QmfProcess: setMave(mave = 0)
02-05 01:02:48.764   416   416 W /system/bin/hw/android.hidl.allocator@1.0-service: ashmem_create_region(3840) returning hidl_memory(0x7590c2c2e0, 3840)
02-05 01:02:48.765   581   724 D DlbDlbEffect: handle_EFFECT_CMD_SET_CONFIG()
02-05 01:02:48.765   581   724 D DlbDapEndpointParamCache: setDevice(device=0x00000008)
02-05 01:02:48.765   421   421 D DMSService: setActiveDevice called with device = 0x8
02-05 01:02:48.765   581   724 D DlbDlbEffect: handle_EFFECT_CMD_ENABLE()
02-05 01:02:48.765   581   724 D DlbDapCrossfadeProcess: setEnabled transitioning from DAP_BYPASSED state to PREROLL_ACTIVE
02-05 01:02:48.767  1696  1696 D featureTest: receive broadcast , change ds profile id :5
02-05 01:02:48.775   589  1753 D AudioTrack: Client defaulted notificationFrames to 12000 for frameCount 24000
02-05 01:02:48.775   581   581 I AudioFlinger: attachAuxEffect(): Marking track 670 as containing processed audio
02-05 01:02:48.775   581   581 D AudioFlinger: trackContainsProcessedAudio() Track id 670 contains processed audio
02-05 01:02:48.775   581  5355 D DlbDlbEffect: handle_EFFECT_CMD_DISABLE()
02-05 01:02:48.775   581  5355 D DlbDapCrossfadeProcess: setEnabled transitioning from PREROLL_ACTIVE state to DAP_BYPASSED
02-05 01:02:48.777   416   416 W /system/bin/hw/android.hidl.allocator@1.0-service: ashmem_create_region(7680) returning hidl_memory(0x7590c2c2e0, 7680)
02-05 01:02:48.778   581  5355 D DlbDlbEffect: handle_EFFECT_CMD_SET_CONFIG()
02-05 01:02:48.778   581  5355 D DlbDapEndpointParamCache: setDevice(device=0x00000008)
02-05 01:02:48.778   421   421 D DMSService: setActiveDevice called with device = 0x8
02-05 01:02:48.778   581  5355 D DlbDlbEffect: handle_EFFECT_CMD_ENABLE()
02-05 01:02:48.778   581  5355 D DlbDapCrossfadeProcess: setEnabled transitioning from DAP_BYPASSED state to PREROLL_ACTIVE
02-05 01:02:48.778   581  5355 D AudioFlinger: trackStateChanged() Track id 670 state changed to 6
02-05 01:02:48.778   581  5355 I AudioFlinger: updateProcessedAudioState() Changing content processing in effect to 1
02-05 01:02:48.778   581   730 D DlbDlbEffect: handle_EFFECT_CMD_SET_PARAM()
02-05 01:02:48.779   581  5355 D DlbDlbEffect: handle_EFFECT_CMD_SET_PARAM()
02-05 01:02:48.779   421   460 I DapController: Profile Changed to Custom
02-05 01:02:48.780   581  5355 I DlbEffectContext: setContentProcEnabled() Disabling content processing in effect
02-05 01:02:48.780   581  5355 D DlbDapEndpointParamCache: commitChangedParams()
02-05 01:02:48.780   581  5355 D DlbDapEndpointParamCache: commit() Applying parameters for device 0x40000000
02-05 01:02:48.780   581  5355 D DlbDap2Process: setParam(msce = #1[0])
02-05 01:02:48.780   581  5355 D DlbDap2Process: setParam(mdee = #1[0])
02-05 01:02:48.780   581  5355 D DlbDap2Process: setParam(miee = #1[0])
02-05 01:02:48.780   581  5355 D DlbDap2Process: setParam(mdle = #1[0])
02-05 01:02:48.780   581  5355 D DlbDap2Process: setParam(dvle = #1[0])
02-05 01:02:48.780   581  5355 D DlbDap2Process: setParam(mave = #1[0])
02-05 01:02:48.780   581  5355 D DlbDap2Process: setParam(ieon = #1[0])
02-05 01:02:48.780   581  5355 D DlbDapEndpointParamCache: doCommit() Committed 7 parameters out of 16.
02-05 01:02:48.780   581  5355 D DlbDapEndpointParamCache: commit() Overriding parameters for current device 0x00000008
02-05 01:02:48.780   581  5355 D DlbDap2Process: setParam(dom = #1[0])
02-05 01:02:48.780   581  5355 D DlbDap2Process: setParam(dvle = #1[0])
02-05 01:02:48.780   581  5355 D DlbDap2Process: setParam(dvme = #1[0])
02-05 01:02:48.780   581  5355 D DlbDap2Process: setParam(deon = #1[0])
02-05 01:02:48.780   581  5355 D DlbDap2Process: setParam(ngon = #1[0])
02-05 01:02:48.780   581  5355 D DlbDapEndpointParamCache: doCommit() Committed 5 parameters out of 37.
02-05 01:02:48.781   589  1748 D NuPlayerDriver: notifyListener_l(0xe5732700), (6, 0, 0, -1), loop setting(0, 1)
02-05 01:02:48.782   581  5115 D DlbDapEndpointParamCache: commitChangedParams()
02-05 01:02:48.782   581  5115 D DlbDapEndpointParamCache: commit() Applying parameters for device 0x40000000
02-05 01:02:48.782   581  5115 D DlbDap2Process: setParam(iea = #1[10])
02-05 01:02:48.782   581  5115 D DlbDap2Process: setParam(vcbf = #20[47, 141, 234, 328, 469, 656, 844, 1031, 1313, 1688, 2250, 3000, 3750, 4688, 5813, 7125, 9000, 11250, 13875, 19688])
02-05 01:02:48.782   581  5115 D DlbDap2Process: setParam(vbon = #1[0])
02-05 01:02:48.782   581  5115 D DlbDap2Process: setParam(beon = #1[0])
02-05 01:02:48.782   581  5115 D DlbDap2Process: setParam(geon = #1[0])
02-05 01:02:48.782   581  5115 D DlbDap2Process: setParam(gebs = #41[20, 47, 141, 234, 328, 469, 656, 844, 1031, 1313, 1688, 2250, 3000, 3750, 4688, 5813, 7125, 9000, 11250, 13875, 19688, 0, 0, 0, 0, 0, 0, 0, 0, 0, 0, 0, 0, 0, 0, 0, 0, 0, 0, 0, 0])
02-05 01:02:48.782   581  5115 D DlbDap2Process: setParam(iebs = #41[20, 65, 136, 223, 332, 467, 634, 841, 1098, 1416, 1812, 2302, 2909, 3663, 4598, 5756, 7194, 8976, 11186, 13927, 17326, 117, 133, 188, 176, 141, 149, 175, 185, 185, 200, 236, 242, 228, 213, 182, 132, 110, 68, -27, -240])
02-05 01:02:48.782   581  5115 D DlbDapEndpointParamCache: doCommit() Committed 8 parameters out of 16.
02-05 01:02:48.782   581  5115 D DlbDapEndpointParamCache: commit() Overriding parameters for current device 0x00000008
02-05 01:02:48.782   581  5115 D DlbDap2Process: setParam(dea = #1[7])
02-05 01:02:48.782   581  5115 D DlbDap2Process: setParam(dsa = #1[10])
02-05 01:02:48.782   581  5115 D DlbDap2Process: setParam(beb = #1[96])
02-05 01:02:48.782   581  5115 D DlbDap2Process: setParam(plb = #1[0])
02-05 01:02:48.783   581  5115 D DlbDap2Process: setParam(vmb = #1[144])
02-05 01:02:48.783   581  5115 D DlbDap2Process: setParam(dsb = #1[48])
02-05 01:02:48.783   581  5115 D DlbDap2Process: setParam(ded = #1[0])
02-05 01:02:48.783   581  5115 D DlbDap2Process: setParam(vbm = #1[0])
02-05 01:02:48.783   581  5115 D DlbDap2Process: setParam(bew = #1[16])
02-05 01:02:48.783   581  5115 D DlbDap2Process: setParam(dvla = #1[5])
02-05 01:02:48.783   581  5115 D DlbDap2Process: setParam(arra = #1[96])
02-05 01:02:48.783   581  5115 D DlbDap2Process: setParam(dfsa = #1[10])
02-05 01:02:48.783   581  5115 D DlbDap2Process: setParam(dhsa = #1[10])
02-05 01:02:48.783   581  5115 D DlbDap2Process: setParam(dvmc = #1[160])
02-05 01:02:48.783   581  5115 D DlbDap2Process: setParam(arod = #1[0])
02-05 01:02:48.783   581  5115 D DlbDap2Process: setParam(arde = #1[0])
02-05 01:02:48.783   581  5115 D DlbDap2Process: setParam(becf = #1[160])
02-05 01:02:48.783   581  5115 D DlbDap2Process: setParam(vbmf = #2[99, 281])
02-05 01:02:48.783   581  5115 D DlbDap2Process: setParam(vbsf = #2[30, 90])
02-05 01:02:48.783   581  5115 D DlbDap2Process: setParam(vbhg = #3[-48, -480, -240])
02-05 01:02:48.783   581  5115 D DlbDap2Process: setParam(vbog = #1[0])
02-05 01:02:48.783   581  5115 D DlbDap2Process: setParam(vbsg = #1[0])
02-05 01:02:48.783   581  5115 D DlbDap2Process: setParam(dvli = #1[-320])
02-05 01:02:48.783   581  5115 D DlbDap2Process: setParam(dhfm = #1[0])
02-05 01:02:48.783   581  5115 D DlbDap2Process: setParam(vbon = #1[0])
02-05 01:02:48.783   581  5115 D DlbDap2Process: setParam(beon = #1[0])
02-05 01:02:48.783   581  5115 D DlbDap2Process: setParam(aoon = #1[0])
02-05 01:02:48.783   581  5115 D DlbDap2Process: setParam(aron = #1[1])
02-05 01:02:48.783   581  5115 D DlbDap2Process: setParam(dvlo = #1[-320])
02-05 01:02:48.783   581  5115 D DlbDap2Process: setParam(artp = #1[12])
02-05 01:02:48.783   581  5115 D DlbDap2Process: setParam(aobs = #222[20, 10, 47, 141, 234, 328, 469, 656, 844, 1031, 1313, 1688, 2250, 3000, 3750, 4688, 5813, 7125, 9000, 11250, 13875, 19688, 0, 0, 0, 0, 0, 0, 0, 0, 0, 0, 0, 0, 0, 0, 0, 0, 0, 0, 0, 0, 0, 0, 0, 0, 0, 0, 0, 0, 0, 0, 0, 0, 0, 0, 0, 0, 0, 0, 0, 0, 0, 0, 0, 0, 0, 0, 0, 0, 0, 0, 0, 0, 0, 0, 0, 0, 0, 0, 0, 0, 0, 0, 0, 0, 0, 0, 0, 0, 0, 0, 0, 0, 0, 0, 0, 0, 0, 0, 0, 0, 0, 0, 0, 0, 0, 0, 0, 0, 0, 0, 0, 0, 0, 0, 0, 0, 0, 0, 0, 0, 0, 0, 0, 0, 0, 0, 0, 0, 0, 0, 0, 0, 0, 0, 0, 0, 0, 0, 0, 0, 0, 0, 0, 0, 0, 0, 0, 0, 0, 0, 0, 0, 0, 0, 0, 0, 0, 0, 0, 0, 0, 0, 0, 0, 0, 0, 0, 0, 0, 0, 0, 0, 0, 0, 0, 0, 0, 0, 0, 0, 0, 0, 0, 0, 0, 0, 0, 0, 0, 0, 0, 0, 0, 0, 0, 0, 0, 0, 0, 0, 0, 0, 0, 0, 0, 0, 0, 0, 0, 0, 0, 0, 0, 0, 0, 0, 0, 0, 0, 0])
02-05 01:02:48.783   581  5115 D DlbDap2Process: setParam(arbs = #81[20, 47, 141, 234, 328, 469, 656, 844, 1031, 1313, 1688, 2250, 3000, 3750, 4688, 5813, 7125, 9000, 11250, 13875, 19688, -192, -192, -192, -192, -192, -192, -192, -192, -192, -192, -192, -192, -192, -192, -192, -192, -192, -192, -192, -192, 0, 0, 0, 0, 0, 0, 0, 0, 0, 0, 0, 0, 0, 0, 0, 0, 0, 0, 0, 0, 0, 0, 0, 0, 0, 0, 0, 0, 0, 0, 0, 0, 0, 0, 0, 0, 0, 0, 0, 0])
02-05 01:02:48.783   581  5115 D DlbDapEndpointParamCache: doCommit() Committed 32 parameters out of 37.
02-05 01:02:48.783   581  5115 D DlbDap2Process: setMave(mave = 0)
02-05 01:02:48.784   593  1758 D ARenderer: updateDapConfig: Updating DAP configuration
02-05 01:02:48.784   593  1758 D DlbDap2QmfProcess: setParam(iea = #1[10])
02-05 01:02:48.784   593  1758 D DlbDap2QmfProcess: setParam(msce = #1[0])
02-05 01:02:48.784   593  1758 D DlbDap2QmfProcess: setParam(mdee = #1[0])
02-05 01:02:48.784   593  1758 D DlbDap2QmfProcess: setParam(miee = #1[0])
02-05 01:02:48.784   593  1758 D DlbDap2QmfProcess: setParam(mdle = #1[0])
02-05 01:02:48.784   593  1758 D DlbDap2QmfProcess: setParam(dvle = #1[1])
02-05 01:02:48.784   593  1758 D DlbDap2QmfProcess: setParam(mave = #1[0])
02-05 01:02:48.784   593  1758 D DlbDap2QmfProcess: setParam(vcbf = #20[47, 141, 234, 328, 469, 656, 844, 1031, 1313, 1688, 2250, 3000, 3750, 4688, 5813, 7125, 9000, 11250, 13875, 19688])
02-05 01:02:48.785   593  1758 D DlbDap2QmfProcess: setParam(ieon = #1[0])
02-05 01:02:48.785   593  1758 D DlbDap2QmfProcess: setParam(gebs = #41[20, 47, 141, 234, 328, 469, 656, 844, 1031, 1313, 1688, 2250, 3000, 3750, 4688, 5813, 7125, 9000, 11250, 13875, 19688, 0, 0, 0, 0, 0, 0, 0, 0, 0, 0, 0, 0, 0, 0, 0, 0, 0, 0, 0, 0])
02-05 01:02:48.785   593  1758 D DlbDap2QmfProcess: setParam(iebs = #41[20, 65, 136, 223, 332, 467, 634, 841, 1098, 1416, 1812, 2302, 2909, 3663, 4598, 5756, 7194, 8976, 11186, 13927, 17326, 117, 133, 188, 176, 141, 149, 175, 185, 185, 200, 236, 242, 228, 213, 182, 132, 110, 68, -27, -240])
02-05 01:02:48.785   593  1758 D DlbDap2QmfProcess: setParam(dea = #1[7])
02-05 01:02:48.785   593  1758 D DlbDap2QmfProcess: setParam(dsa = #1[10])
02-05 01:02:48.785   593  1758 D DlbDap2QmfProcess: setParam(beb = #1[96])
02-05 01:02:48.785   593  1758 D DlbDap2QmfProcess: setParam(plb = #1[0])
02-05 01:02:48.785   593  1758 D DlbDap2QmfProcess: setParam(vmb = #1[144])
02-05 01:02:48.785   593  1758 D DlbDap2QmfProcess: setParam(dsb = #1[48])
02-05 01:02:48.785   593  1758 D DlbDap2QmfProcess: setParam(ded = #1[0])
02-05 01:02:48.785   593  1758 D DlbDap2QmfProcess: setParam(dom = #1[0])
02-05 01:02:48.785   593  1758 D DlbDap2QmfProcess: setParam(bew = #1[16])
02-05 01:02:48.785   593  1758 D DlbDap2QmfProcess: setParam(dvla = #1[5])
02-05 01:02:48.785   593  1758 D DlbDap2QmfProcess: setParam(dfsa = #1[10])
02-05 01:02:48.785   593  1758 D DlbDap2QmfProcess: setParam(dhsa = #1[10])
02-05 01:02:48.785   593  1758 D DlbDap2QmfProcess: setParam(dvmc = #1[160])
02-05 01:02:48.785   593  1758 D DlbDap2QmfProcess: setParam(dvle = #1[1])
02-05 01:02:48.785   593  1758 D DlbDap2QmfProcess: setParam(dvme = #1[0])
02-05 01:02:48.785   593  1758 D DlbDap2QmfProcess: setParam(becf = #1[160])
02-05 01:02:48.785   593  1758 D DlbDap2QmfProcess: setParam(vbmf = #2[99, 281])
02-05 01:02:48.785   593  1758 D DlbDap2QmfProcess: setParam(vbsf = #2[30, 90])
02-05 01:02:48.785   593  1758 D DlbDap2QmfProcess: setParam(vbhg = #3[-48, -480, -240])
02-05 01:02:48.785   593  1758 D DlbDap2QmfProcess: setParam(vbog = #1[0])
02-05 01:02:48.785   593  1758 D DlbDap2QmfProcess: setParam(vbsg = #1[0])
02-05 01:02:48.785   593  1758 D DlbDap2QmfProcess: setParam(dvli = #1[-320])
02-05 01:02:48.785   593  1758 D DlbDap2QmfProcess: setParam(dhfm = #1[0])
02-05 01:02:48.785   593  1758 D DlbDap2QmfProcess: setParam(deon = #1[0])
02-05 01:02:48.785   593  1758 D DlbDap2QmfProcess: setParam(ngon = #1[1])
02-05 01:02:48.785   593  1758 D DlbDap2QmfProcess: setParam(dvlo = #1[-320])
02-05 01:02:48.785   593  1758 D DlbDap2QmfProcess: setParam(aobs = #222[20, 10, 47, 141, 234, 328, 469, 656, 844, 1031, 1313, 1688, 2250, 3000, 3750, 4688, 5813, 7125, 9000, 11250, 13875, 19688, 0, 0, 0, 0, 0, 0, 0, 0, 0, 0, 0, 0, 0, 0, 0, 0, 0, 0, 0, 0, 0, 0, 0, 0, 0, 0, 0, 0, 0, 0, 0, 0, 0, 0, 0, 0, 0, 0, 0, 0, 0, 0, 0, 0, 0, 0, 0, 0, 0, 0, 0, 0, 0, 0, 0, 0, 0, 0, 0, 0, 0, 0, 0, 0, 0, 0, 0, 0, 0, 0, 0, 0, 0, 0, 0, 0, 0, 0, 0, 0, 0, 0, 0, 0, 0, 0, 0, 0, 0, 0, 0, 0, 0, 0, 0, 0, 0, 0, 0, 0, 0, 0, 0, 0, 0, 0, 0, 0, 0, 0, 0, 0, 0, 0, 0, 0, 0, 0, 0, 0, 0, 0, 0, 0, 0, 0, 0, 0, 0, 0, 0, 0, 0, 0, 0, 0, 0, 0, 0, 0, 0, 0, 0, 0, 0, 0, 0, 0, 0, 0, 0, 0, 0, 0, 0, 0, 0, 0, 0, 0, 0, 0, 0, 0, 0, 0, 0, 0, 0, 0, 0, 0, 0, 0, 0, 0, 0, 0, 0, 0, 0, 0, 0, 0, 0, 0, 0, 0, 0, 0, 0, 0, 0, 0, 0, 0, 0, 0, 0, 0])
02-05 01:02:48.785   593  1758 D DlbDap2QmfProcess: setParam(dvle = #1[1])
02-05 01:02:48.785   593  1758 D DlbDap2QmfProcess: setParam(dvli = #1[-496])
02-05 01:02:48.785   593  1758 D DlbDap2QmfProcess: setParam(dvlo = #1[-176])
02-05 01:02:48.785   593  1758 D ARenderer: updateDapVolumeLeveler: Setting output level to -11.00dB
02-05 01:02:48.785   593  1758 D DlbDap2QmfProcess: setParam(vmb = #1[0])
02-05 01:02:48.785   593  1758 D DlbDap2QmfProcess: setParam(preg = #1[-384])
02-05 01:02:48.785   593  1758 D DlbDap2QmfProcess: setParam(vol = #1[384])
02-05 01:02:48.786   593  1758 D DlbDap2QmfProcess: setMave(mave = 0)
02-05 01:02:48.818   581  5115 D DlbDapCrossfadeProcess: process transitioning from PREROLL_ACTIVE state to FADE_TO_ACTIVE
02-05 01:02:48.830  1696  1696 D featureTest: receive broadcast , change headphone sound virtualizer :0
02-05 01:02:48.842   581  5142 D DlbDlbEffect: handle_EFFECT_CMD_SET_PARAM()
02-05 01:02:48.856   581   770 D AudioFlinger: mixer(0xf2983980) throttle end: throttle time(16)
02-05 01:02:48.891  1696  1696 D featureTest: receive broadcast , record log :0
02-05 01:02:48.908  1696  1701 I zygote64: Do partial code cache collection, code=9KB, data=14KB
02-05 01:02:48.908  1696  1701 I zygote64: After code cache collection, code=9KB, data=14KB
02-05 01:02:48.908  1696  1701 I zygote64: Increasing code cache capacity to 128KB
02-05 01:02:48.909  1696  1701 I zygote64: Do partial code cache collection, code=9KB, data=34KB
02-05 01:02:48.909  1696  1701 I zygote64: After code cache collection, code=9KB, data=34KB
02-05 01:02:48.909  1696  1701 I zygote64: Increasing code cache capacity to 256KB
02-05 01:02:48.909  1696  1701 I zygote64: Compiler allocated 8MB to compile void android.widget.TextView.<init>(android.content.Context, android.util.AttributeSet, int, int)
02-05 01:02:48.938   581  5115 D DlbDapCrossfadeProcess: process transitioning from FADE_TO_ACTIVE state to DAP_ACTIVE
02-05 01:02:50.100   581  5115 D DlbDap2Process: process() called [358500] times
02-05 01:02:50.536   816   816 W WindowManager: removeWindowToken: Attempted to remove non-existing token: android.os.Binder@9de8758
02-05 01:02:50.581   429   429 D SurfaceFlinger: duplicate layer name: changing Toast to Toast#1
02-05 01:02:52.544   816   816 W WindowManager: removeWindowToken: Attempted to remove non-existing token: android.os.Binder@d85b4e9
02-05 01:02:52.780   581  5115 D DlbDap2Process: process() called [359000] times
