02-05 01:03:47.980   589  1183 D NuPlayerDriver: reset(0xe5732b60) at state 5
02-05 01:03:47.981   589  1183 D NuPlayerDriver: notifyListener_l(0xe5732b60), (8, 0, 0, -1), loop setting(0, 1)
02-05 01:03:47.991   589  2238 D NuPlayerDriver: notifyResetComplete(0xe5732b60)
02-05 01:03:47.991   589  1183 D AudioTrack: stop() called with 0 frames delivered
02-05 01:03:48.110   581   724 D DlbDlbEffect: handle_EFFECT_CMD_DISABLE()
02-05 01:03:48.110   581   724 D DlbDapCrossfadeProcess: setEnabled transitioning from DAP_ACTIVE state to FADE_TO_BYPASS
02-05 01:03:48.112   581   724 D DlbDlbEffect: handle_EFFECT_CMD_SET_CONFIG()
02-05 01:03:48.112   581   724 D DlbDapEndpointParamCache: setDevice(device=0x00000008)
02-05 01:03:48.113   421   421 D DMSService: setActiveDevice called with device = 0x8
02-05 01:03:48.113   581   724 D DlbDlbEffect: handle_EFFECT_CMD_ENABLE()
02-05 01:03:48.113   581   724 D DlbDapCrossfadeProcess: setEnabled transitioning from FADE_TO_BYPASS state to FADE_TO_ACTIVE
02-05 01:03:48.277  2287  2287 D featureTest: onCreate
02-05 01:03:48.282  2287  2287 D AudioTrack: Client defaulted notificationFrames to 962 for frameCount 1924
02-05 01:03:48.288  2287  2287 W AudioTrack: Use of stream types is deprecated for operations other than volume control
02-05 01:03:48.289  2287  2287 W AudioTrack: See the documentation of AudioTrack() for what to use instead with android.media.AudioAttributes to qualify your playback use case
02-05 01:03:48.301  2287  2287 D featureTest: onResume
02-05 01:03:49.140  2287  2287 D featureTest: receive broadcast , playing content location :/sdcard/featureTest/7ch_25fps.wav
02-05 01:03:49.149  2287  2287 D featureTest: mMediaPlayer.getAudioSessionId(): 5081
02-05 01:03:49.149  2287  2287 D featureTest: Playing file: /sdcard/featureTest/7ch_25fps.wav
02-05 01:03:49.151   589   589 D NuPlayerDriver: NuPlayerDriver(0xe5732690) created, clientPid(2287)
02-05 01:03:49.172   589  2324 D NuPlayerDriver: notifyListener_l(0xe5732690), (1, 0, 0, -1), loop setting(0, 0)
02-05 01:03:49.181   589   589 D NuPlayerDriver: start(0xe5732690), state is 4, eos is 0
02-05 01:03:49.189   593  5352 I OMXMaster: makeComponentInstance(OMX.google.raw.decoder) in android.hardwar process
02-05 01:03:49.193   589  2333 I ACodec  : codec does not support config priority (err -2147483648)
02-05 01:03:49.194   589  2333 I MediaCodec: MediaCodec will operate in async mode
02-05 01:03:49.212  2287  2287 D featureTest: receive broadcast , change ds status :0
02-05 01:03:49.213   589  2330 D AudioTrack: Client defaulted notificationFrames to 12000 for frameCount 24000
02-05 01:03:49.213   581  5142 D DlbDlbEffect: handle_EFFECT_CMD_DISABLE()
02-05 01:03:49.214   581  5142 D DlbDapCrossfadeProcess: setEnabled transitioning from FADE_TO_ACTIVE state to FADE_TO_BYPASS
02-05 01:03:49.215   581  5142 D DlbDlbEffect: handle_EFFECT_CMD_SET_CONFIG()
02-05 01:03:49.215   581  5142 D DlbDapEndpointParamCache: setDevice(device=0x00000008)
02-05 01:03:49.216   421   421 D DMSService: setActiveDevice called with device = 0x8
02-05 01:03:49.216   581  5142 D DlbDlbEffect: handle_EFFECT_CMD_ENABLE()
02-05 01:03:49.216   581  5142 D DlbDapCrossfadeProcess: setEnabled transitioning from FADE_TO_BYPASS state to FADE_TO_ACTIVE
02-05 01:03:49.218   589  2324 D NuPlayerDriver: notifyListener_l(0xe5732690), (6, 0, 0, -1), loop setting(0, 1)
02-05 01:03:49.220   581  5115 D DlbDapCrossfadeProcess: process transitioning from FADE_TO_ACTIVE state to DAP_ACTIVE
02-05 01:03:49.234   581   731 D DlbDlbEffect: handle_EFFECT_CMD_SET_PARAM()
02-05 01:03:49.298  2287  2287 D featureTest: receive broadcast , change ds profile id :2
02-05 01:03:49.310   581  5355 D DlbDlbEffect: handle_EFFECT_CMD_SET_PARAM()
02-05 01:03:49.310   421   460 I DapController: Profile Changed to Music
02-05 01:03:49.311   581  5115 D DlbDapCrossfadeProcess: setEnabled transitioning from DAP_ACTIVE state to FADE_TO_BYPASS
02-05 01:03:49.313   581  5115 D DlbDapEndpointParamCache: commitChangedParams()
02-05 01:03:49.313   581  5115 D DlbDapEndpointParamCache: commit() Applying parameters for device 0x40000000
02-05 01:03:49.313   581  5115 D DlbDap2Process: setParam(iea = #1[10])
02-05 01:03:49.313   581  5115 D DlbDap2Process: setParam(msce = #1[0])
02-05 01:03:49.313   581  5115 D DlbDap2Process: setParam(mdee = #1[0])
02-05 01:03:49.313   581  5115 D DlbDap2Process: setParam(miee = #1[0])
02-05 01:03:49.314   581  5115 D DlbDap2Process: setParam(mdle = #1[0])
02-05 01:03:49.314   581  5115 D DlbDap2Process: setParam(dvle = #1[1])
02-05 01:03:49.314   581  5115 D DlbDap2Process: setParam(mave = #1[0])
02-05 01:03:49.314   581  5115 D DlbDap2Process: setParam(vcbf = #20[47, 141, 234, 328, 469, 656, 844, 1031, 1313, 1688, 2250, 3000, 3750, 4688, 5813, 7125, 9000, 11250, 13875, 19688])
02-05 01:03:49.314   581  5115 D DlbDap2Process: setParam(vbon = #1[0])
02-05 01:03:49.314   581  5115 D DlbDap2Process: setParam(beon = #1[0])
02-05 01:03:49.314   581  5115 D DlbDap2Process: setParam(geon = #1[0])
02-05 01:03:49.314   581  5115 D DlbDap2Process: setParam(ieon = #1[1])
02-05 01:03:49.314   581  5115 D DlbDap2Process: setParam(gebs = #41[20, 47, 141, 234, 328, 469, 656, 844, 1031, 1313, 1688, 2250, 3000, 3750, 4688, 5813, 7125, 9000, 11250, 13875, 19688, 0, 0, 0, 0, 0, 0, 0, 0, 0, 0, 0, 0, 0, 0, 0, 0, 0, 0, 0, 0])
02-05 01:03:49.314   581  5115 D DlbDap2Process: setParam(iebs = #41[20, 65, 136, 223, 332, 467, 634, 841, 1098, 1416, 1812, 2302, 2909, 3663, 4598, 5756, 7194, 8976, 11186, 13927, 17326, 117, 133, 188, 176, 141, 149, 175, 185, 185, 200, 236, 242, 228, 213, 182, 132, 110, 68, -27, -240])
02-05 01:03:49.314   581  5115 D DlbDapEndpointParamCache: doCommit() Committed 15 parameters out of 16.
02-05 01:03:49.314   581  5115 D DlbDapEndpointParamCache: commit() Overriding parameters for current device 0x00000008
02-05 01:03:49.314   581  5115 D DlbDap2Process: setParam(dea = #1[7])
02-05 01:03:49.314   581  5115 D DlbDap2Process: setParam(dsa = #1[10])
02-05 01:03:49.314   581  5115 D DlbDap2Process: setParam(beb = #1[96])
02-05 01:03:49.314   581  5115 D DlbDap2Process: setParam(plb = #1[0])
02-05 01:03:49.314   581  5115 D DlbDap2Process: setParam(vmb = #1[144])
02-05 01:03:49.314   581  5115 D DlbDap2Process: setParam(dsb = #1[48])
02-05 01:03:49.314   581  5115 D DlbDap2Process: setParam(ded = #1[0])
02-05 01:03:49.314   581  5115 D DlbDap2Process: setParam(vbm = #1[0])
02-05 01:03:49.314   581  5115 D DlbDap2Process: setParam(dom = #1[0])
02-05 01:03:49.314   581  5115 D DlbDap2Process: setParam(bew = #1[16])
02-05 01:03:49.314   581  5115 D DlbDap2Process: setParam(dvla = #1[4])
02-05 01:03:49.314   581  5115 D DlbDap2Process: setParam(arra = #1[96])
02-05 01:03:49.314   581  5115 D DlbDap2Process: setParam(dfsa = #1[10])
02-05 01:03:49.314   581  5115 D DlbDap2Process: setParam(dhsa = #1[10])
02-05 01:03:49.314   581  5115 D DlbDap2Process: setParam(dvmc = #1[160])
02-05 01:03:49.314   581  5115 D DlbDap2Process: setParam(arod = #1[0])
02-05 01:03:49.315   581  5115 D DlbDap2Process: setParam(arde = #1[0])
02-05 01:03:49.315   581  5115 D DlbDap2Process: setParam(dvle = #1[1])
02-05 01:03:49.315   581  5115 D DlbDap2Process: setParam(dvme = #1[0])
02-05 01:03:49.315   581  5115 D DlbDap2Process: setParam(becf = #1[160])
02-05 01:03:49.315   581  5115 D DlbDap2Process: setParam(vbmf = #2[99, 281])
02-05 01:03:49.315   581  5115 D DlbDap2Process: setParam(vbsf = #2[30, 90])
02-05 01:03:49.315   581  5115 D DlbDap2Process: setParam(vbhg = #3[-48, -480, -240])
02-05 01:03:49.315   581  5115 D DlbDap2Process: setParam(vbog = #1[0])
02-05 01:03:49.315   581  5115 D DlbDap2Process: setParam(vbsg = #1[0])
02-05 01:03:49.315   581  5115 D DlbDap2Process: setParam(dvli = #1[-320])
02-05 01:03:49.315   581  5115 D DlbDap2Process: setParam(dhfm = #1[0])
02-05 01:03:49.315   581  5115 D DlbDap2Process: setParam(vbon = #1[0])
02-05 01:03:49.315   581  5115 D DlbDap2Process: setParam(beon = #1[0])
02-05 01:03:49.315   581  5115 D DlbDap2Process: setParam(deon = #1[0])
02-05 01:03:49.315   581  5115 D DlbDap2Process: setParam(ngon = #1[1])
02-05 01:03:49.315   581  5115 D DlbDap2Process: setParam(aoon = #1[0])
02-05 01:03:49.315   581  5115 D DlbDap2Process: setParam(aron = #1[1])
02-05 01:03:49.315   581  5115 D DlbDap2Process: setParam(dvlo = #1[-320])
02-05 01:03:49.315   581  5115 D DlbDap2Process: setParam(artp = #1[12])
02-05 01:03:49.315   581  5115 D DlbDap2Process: setParam(aobs = #222[20, 10, 47, 141, 234, 328, 469, 656, 844, 1031, 1313, 1688, 2250, 3000, 3750, 4688, 5813, 7125, 9000, 11250, 13875, 19688, 0, 0, 0, 0, 0, 0, 0, 0, 0, 0, 0, 0, 0, 0, 0, 0, 0, 0, 0, 0, 0, 0, 0, 0, 0, 0, 0, 0, 0, 0, 0, 0, 0, 0, 0, 0, 0, 0, 0, 0, 0, 0, 0, 0, 0, 0, 0, 0, 0, 0, 0, 0, 0, 0, 0, 0, 0, 0, 0, 0, 0, 0, 0, 0, 0, 0, 0, 0, 0, 0, 0, 0, 0, 0, 0, 0, 0, 0, 0, 0, 0, 0, 0, 0, 0, 0, 0, 0, 0, 0, 0, 0, 0, 0, 0, 0, 0, 0, 0, 0, 0, 0, 0, 0, 0, 0, 0, 0, 0, 0, 0, 0, 0, 0, 0, 0, 0, 0, 0, 0, 0, 0, 0, 0, 0, 0, 0, 0, 0, 0, 0, 0, 0, 0, 0, 0, 0, 0, 0, 0, 0, 0, 0, 0, 0, 0, 0, 0, 0, 0, 0, 0, 0, 0, 0, 0, 0, 0, 0, 0, 0, 0, 0, 0, 0, 0, 0, 0, 0, 0, 0, 0, 0, 0, 0, 0, 0, 0, 0, 0, 0, 0, 0, 0, 0, 0, 0, 0, 0, 0, 0, 0, 0, 0, 0, 0, 0, 0, 0, 0])
02-05 01:03:49.316   581  5115 D DlbDap2Process: setParam(arbs = #81[20, 47, 141, 234, 328, 469, 656, 844, 1031, 1313, 1688, 2250, 3000, 3750, 4688, 5813, 7125, 9000, 11250, 13875, 19688, -192, -192, -192, -192, -192, -192, -192, -192, -192, -192, -192, -192, -192, -192, -192, -192, -192, -192, -192, -192, 0, 0, 0, 0, 0, 0, 0, 0, 0, 0, 0, 0, 0, 0, 0, 0, 0, 0, 0, 0, 0, 0, 0, 0, 0, 0, 0, 0, 0, 0, 0, 0, 0, 0, 0, 0, 0, 0, 0, 0])
02-05 01:03:49.316   581  5115 D DlbDapEndpointParamCache: doCommit() Committed 37 parameters out of 37.
02-05 01:03:49.316   581  5115 D DlbDap2Process: setMave(mave = 0)
02-05 01:03:49.354   581  5115 D DlbDapCrossfadeProcess: process transitioning from FADE_TO_BYPASS state to DAP_BYPASSED
02-05 01:03:49.373  2287  2287 D featureTest: receive broadcast , playing content location :/sdcard/featureTest/7ch_25fps.wav
02-05 01:03:49.376   589   709 D NuPlayerDriver: stop(0xe5732690)
02-05 01:03:49.376   589   709 D NuPlayerDriver: notifyListener_l(0xe5732690), (8, 0, 0, -1), loop setting(0, 1)
02-05 01:03:49.377   589 26717 D NuPlayerDriver: reset(0xe5732690) at state 8
02-05 01:03:49.384   589  2324 D NuPlayerDriver: notifyResetComplete(0xe5732690)
02-05 01:03:49.384   589   589 D NuPlayerDriver: reset(0xe5732690) at state 0
02-05 01:03:49.393  2287  2287 D featureTest: mMediaPlayer.getAudioSessionId(): 5089
02-05 01:03:49.394  2287  2287 D featureTest: Playing file: /sdcard/featureTest/7ch_25fps.wav
02-05 01:03:49.395   589 26717 D NuPlayerDriver: NuPlayerDriver(0xe5732af0) created, clientPid(2287)
02-05 01:03:49.408   581   770 D AudioFlinger: mixer(0xf2983980) throttle end: throttle time(29)
02-05 01:03:49.413   589  2352 D NuPlayerDriver: notifyListener_l(0xe5732af0), (1, 0, 0, -1), loop setting(0, 0)
02-05 01:03:49.417   589  1183 D NuPlayerDriver: start(0xe5732af0), state is 4, eos is 0
02-05 01:03:49.427   593   712 I OMXMaster: makeComponentInstance(OMX.google.raw.decoder) in android.hardwar process
02-05 01:03:49.431   589  2361 I ACodec  : codec does not support config priority (err -2147483648)
02-05 01:03:49.433   589  2361 I MediaCodec: MediaCodec will operate in async mode
02-05 01:03:49.449   589  2359 D AudioTrack: Client defaulted notificationFrames to 12000 for frameCount 24000
02-05 01:03:49.451  2287  2287 D featureTest: receive broadcast , change ds status :1
02-05 01:03:49.452   589  2352 D NuPlayerDriver: notifyListener_l(0xe5732af0), (6, 0, 0, -1), loop setting(0, 1)
02-05 01:03:49.467   581   581 D DlbDlbEffect: handle_EFFECT_CMD_SET_PARAM()
02-05 01:03:49.490   581  5115 D DlbDapCrossfadeProcess: setEnabled transitioning from DAP_BYPASSED state to PREROLL_ACTIVE
02-05 01:03:49.532   581  5115 D DlbDapCrossfadeProcess: process transitioning from PREROLL_ACTIVE state to FADE_TO_ACTIVE
02-05 01:03:49.546  2287  2287 D featureTest: receive broadcast , change ds profile id :5
02-05 01:03:49.559   581  5142 D DlbDlbEffect: handle_EFFECT_CMD_SET_PARAM()
02-05 01:03:49.559   421   460 I DapController: Profile Changed to Custom
02-05 01:03:49.572   581  5115 D DlbDapEndpointParamCache: commitChangedParams()
02-05 01:03:49.572   581  5115 D DlbDapEndpointParamCache: commit() Applying parameters for device 0x40000000
02-05 01:03:49.572   581  5115 D DlbDap2Process: setParam(iea = #1[10])
02-05 01:03:49.572   581  5115 D DlbDap2Process: setParam(msce = #1[0])
02-05 01:03:49.572   581  5115 D DlbDap2Process: setParam(mdee = #1[0])
02-05 01:03:49.572   581  5115 D DlbDap2Process: setParam(miee = #1[0])
02-05 01:03:49.572   581  5115 D DlbDap2Process: setParam(mdle = #1[0])
02-05 01:03:49.572   581  5115 D DlbDap2Process: setParam(dvle = #1[1])
02-05 01:03:49.572   581  5115 D DlbDap2Process: setParam(mave = #1[0])
02-05 01:03:49.572   581  5115 D DlbDap2Process: setParam(vcbf = #20[47, 141, 234, 328, 469, 656, 844, 1031, 1313, 1688, 2250, 3000, 3750, 4688, 5813, 7125, 9000, 11250, 13875, 19688])
02-05 01:03:49.572   581  5115 D DlbDap2Process: setParam(vbon = #1[0])
02-05 01:03:49.572   581  5115 D DlbDap2Process: setParam(beon = #1[0])
02-05 01:03:49.573   581  5115 D DlbDap2Process: setParam(geon = #1[0])
02-05 01:03:49.573   581  5115 D DlbDap2Process: setParam(ieon = #1[0])
02-05 01:03:49.573   581  5115 D DlbDap2Process: setParam(gebs = #41[20, 47, 141, 234, 328, 469, 656, 844, 1031, 1313, 1688, 2250, 3000, 3750, 4688, 5813, 7125, 9000, 11250, 13875, 19688, 0, 0, 0, 0, 0, 0, 0, 0, 0, 0, 0, 0, 0, 0, 0, 0, 0, 0, 0, 0])
02-05 01:03:49.573   581  5115 D DlbDap2Process: setParam(iebs = #41[20, 65, 136, 223, 332, 467, 634, 841, 1098, 1416, 1812, 2302, 2909, 3663, 4598, 5756, 7194, 8976, 11186, 13927, 17326, 117, 133, 188, 176, 141, 149, 175, 185, 185, 200, 236, 242, 228, 213, 182, 132, 110, 68, -27, -240])
02-05 01:03:49.573   581  5115 D DlbDapEndpointParamCache: doCommit() Committed 15 parameters out of 16.
02-05 01:03:49.573   581  5115 D DlbDapEndpointParamCache: commit() Overriding parameters for current device 0x00000008
02-05 01:03:49.573   581  5115 D DlbDap2Process: setParam(dea = #1[7])
02-05 01:03:49.573   581  5115 D DlbDap2Process: setParam(dsa = #1[10])
02-05 01:03:49.573   581  5115 D DlbDap2Process: setParam(beb = #1[96])
02-05 01:03:49.573   581  5115 D DlbDap2Process: setParam(plb = #1[0])
02-05 01:03:49.573   581  5115 D DlbDap2Process: setParam(vmb = #1[144])
02-05 01:03:49.573   581  5115 D DlbDap2Process: setParam(dsb = #1[48])
02-05 01:03:49.573   581  5115 D DlbDap2Process: setParam(ded = #1[0])
02-05 01:03:49.573   581  5115 D DlbDap2Process: setParam(vbm = #1[0])
02-05 01:03:49.573   581  5115 D DlbDap2Process: setParam(dom = #1[0])
02-05 01:03:49.573   581  5115 D DlbDap2Process: setParam(bew = #1[16])
02-05 01:03:49.573   581  5115 D DlbDap2Process: setParam(dvla = #1[5])
02-05 01:03:49.573   581  5115 D DlbDap2Process: setParam(arra = #1[96])
02-05 01:03:49.573   581  5115 D DlbDap2Process: setParam(dfsa = #1[10])
02-05 01:03:49.573   581  5115 D DlbDap2Process: setParam(dhsa = #1[10])
02-05 01:03:49.573   581  5115 D DlbDap2Process: setParam(dvmc = #1[160])
02-05 01:03:49.573   581  5115 D DlbDap2Process: setParam(arod = #1[0])
02-05 01:03:49.573   581  5115 D DlbDap2Process: setParam(arde = #1[0])
02-05 01:03:49.573   581  5115 D DlbDap2Process: setParam(dvle = #1[1])
02-05 01:03:49.573   581  5115 D DlbDap2Process: setParam(dvme = #1[0])
02-05 01:03:49.573   581  5115 D DlbDap2Process: setParam(becf = #1[160])
02-05 01:03:49.573   581  5115 D DlbDap2Process: setParam(vbmf = #2[99, 281])
02-05 01:03:49.574   581  5115 D DlbDap2Process: setParam(vbsf = #2[30, 90])
02-05 01:03:49.574   581  5115 D DlbDap2Process: setParam(vbhg = #3[-48, -480, -240])
02-05 01:03:49.574   581  5115 D DlbDap2Process: setParam(vbog = #1[0])
02-05 01:03:49.574   581  5115 D DlbDap2Process: setParam(vbsg = #1[0])
02-05 01:03:49.574   581  5115 D DlbDap2Process: setParam(dvli = #1[-320])
02-05 01:03:49.574   581  5115 D DlbDap2Process: setParam(dhfm = #1[0])
02-05 01:03:49.574   581  5115 D DlbDap2Process: setParam(vbon = #1[0])
02-05 01:03:49.574   581  5115 D DlbDap2Process: setParam(beon = #1[0])
02-05 01:03:49.574   581  5115 D DlbDap2Process: setParam(deon = #1[0])
02-05 01:03:49.574   581  5115 D DlbDap2Process: setParam(ngon = #1[1])
02-05 01:03:49.574   581  5115 D DlbDap2Process: setParam(aoon = #1[0])
02-05 01:03:49.574   581  5115 D DlbDap2Process: setParam(aron = #1[1])
02-05 01:03:49.574   581  5115 D DlbDap2Process: setParam(dvlo = #1[-320])
02-05 01:03:49.574   581  5115 D DlbDap2Process: setParam(artp = #1[12])
02-05 01:03:49.574   581  5115 D DlbDap2Process: setParam(aobs = #222[20, 10, 47, 141, 234, 328, 469, 656, 844, 1031, 1313, 1688, 2250, 3000, 3750, 4688, 5813, 7125, 9000, 11250, 13875, 19688, 0, 0, 0, 0, 0, 0, 0, 0, 0, 0, 0, 0, 0, 0, 0, 0, 0, 0, 0, 0, 0, 0, 0, 0, 0, 0, 0, 0, 0, 0, 0, 0, 0, 0, 0, 0, 0, 0, 0, 0, 0, 0, 0, 0, 0, 0, 0, 0, 0, 0, 0, 0, 0, 0, 0, 0, 0, 0, 0, 0, 0, 0, 0, 0, 0, 0, 0, 0, 0, 0, 0, 0, 0, 0, 0, 0, 0, 0, 0, 0, 0, 0, 0, 0, 0, 0, 0, 0, 0, 0, 0, 0, 0, 0, 0, 0, 0, 0, 0, 0, 0, 0, 0, 0, 0, 0, 0, 0, 0, 0, 0, 0, 0, 0, 0, 0, 0, 0, 0, 0, 0, 0, 0, 0, 0, 0, 0, 0, 0, 0, 0, 0, 0, 0, 0, 0, 0, 0, 0, 0, 0, 0, 0, 0, 0, 0, 0, 0, 0, 0, 0, 0, 0, 0, 0, 0, 0, 0, 0, 0, 0, 0, 0, 0, 0, 0, 0, 0, 0, 0, 0, 0, 0, 0, 0, 0, 0, 0, 0, 0, 0, 0, 0, 0, 0, 0, 0, 0, 0, 0, 0, 0, 0, 0, 0, 0, 0, 0, 0, 0])
02-05 01:03:49.575   581  5115 D DlbDap2Process: setParam(arbs = #81[20, 47, 141, 234, 328, 469, 656, 844, 1031, 1313, 1688, 2250, 3000, 3750, 4688, 5813, 7125, 9000, 11250, 13875, 19688, -192, -192, -192, -192, -192, -192, -192, -192, -192, -192, -192, -192, -192, -192, -192, -192, -192, -192, -192, -192, 0, 0, 0, 0, 0, 0, 0, 0, 0, 0, 0, 0, 0, 0, 0, 0, 0, 0, 0, 0, 0, 0, 0, 0, 0, 0, 0, 0, 0, 0, 0, 0, 0, 0, 0, 0, 0, 0, 0, 0])
02-05 01:03:49.575   581  5115 D DlbDapEndpointParamCache: doCommit() Committed 37 parameters out of 37.
02-05 01:03:49.575   581  5115 D DlbDap2Process: setMave(mave = 0)
02-05 01:03:49.623  2287  2287 D featureTest: receive broadcast , change headphone sound virtualizer :1
02-05 01:03:49.636   581  5355 D DlbDlbEffect: handle_EFFECT_CMD_SET_PARAM()
02-05 01:03:49.655   581  5115 D DlbDapEndpointParamCache: commitChangedParams()
02-05 01:03:49.655   581  5115 D DlbDapEndpointParamCache: commit() Applying parameters for device 0x40000000
02-05 01:03:49.655   581  5115 D DlbDap2Process: setParam(iea = #1[10])
02-05 01:03:49.655   581  5115 D DlbDap2Process: setParam(msce = #1[0])
02-05 01:03:49.655   581  5115 D DlbDap2Process: setParam(mdee = #1[0])
02-05 01:03:49.655   581  5115 D DlbDap2Process: setParam(miee = #1[0])
02-05 01:03:49.655   581  5115 D DlbDap2Process: setParam(mdle = #1[0])
02-05 01:03:49.655   581  5115 D DlbDap2Process: setParam(dvle = #1[1])
02-05 01:03:49.655   581  5115 D DlbDap2Process: setParam(mave = #1[0])
02-05 01:03:49.655   581  5115 D DlbDap2Process: setParam(vcbf = #20[47, 141, 234, 328, 469, 656, 844, 1031, 1313, 1688, 2250, 3000, 3750, 4688, 5813, 7125, 9000, 11250, 13875, 19688])
02-05 01:03:49.655   581  5115 D DlbDap2Process: setParam(vbon = #1[0])
02-05 01:03:49.655   581  5115 D DlbDap2Process: setParam(beon = #1[0])
02-05 01:03:49.655   581  5115 D DlbDap2Process: setParam(geon = #1[0])
02-05 01:03:49.655   581  5115 D DlbDap2Process: setParam(ieon = #1[0])
02-05 01:03:49.656   581  5115 D DlbDap2Process: setParam(gebs = #41[20, 47, 141, 234, 328, 469, 656, 844, 1031, 1313, 1688, 2250, 3000, 3750, 4688, 5813, 7125, 9000, 11250, 13875, 19688, 0, 0, 0, 0, 0, 0, 0, 0, 0, 0, 0, 0, 0, 0, 0, 0, 0, 0, 0, 0])
02-05 01:03:49.656   581  5115 D DlbDap2Process: setParam(iebs = #41[20, 65, 136, 223, 332, 467, 634, 841, 1098, 1416, 1812, 2302, 2909, 3663, 4598, 5756, 7194, 8976, 11186, 13927, 17326, 117, 133, 188, 176, 141, 149, 175, 185, 185, 200, 236, 242, 228, 213, 182, 132, 110, 68, -27, -240])
02-05 01:03:49.656   581  5115 D DlbDapEndpointParamCache: doCommit() Committed 15 parameters out of 16.
02-05 01:03:49.656   581  5115 D DlbDapEndpointParamCache: commit() Overriding parameters for current device 0x00000008
02-05 01:03:49.656   581  5115 D DlbDap2Process: setParam(dea = #1[7])
02-05 01:03:49.656   581  5115 D DlbDap2Process: setParam(dsa = #1[10])
02-05 01:03:49.656   581  5115 D DlbDap2Process: setParam(beb = #1[96])
02-05 01:03:49.656   581  5115 D DlbDap2Process: setParam(plb = #1[0])
02-05 01:03:49.656   581  5115 D DlbDap2Process: setParam(vmb = #1[144])
02-05 01:03:49.656   581  5115 D DlbDap2Process: setParam(dsb = #1[48])
02-05 01:03:49.656   581  5115 D DlbDap2Process: setParam(ded = #1[0])
02-05 01:03:49.656   581  5115 D DlbDap2Process: setParam(vbm = #1[0])
02-05 01:03:49.656   581  5115 D DlbDap2Process: DAP output mode set to 9 with 2 output channels and null mix matrix.
02-05 01:03:49.656   581  5115 D DlbDap2Process: setParam(dom = #1[2])
02-05 01:03:49.656   581  5115 D DlbDap2Process: setParam(bew = #1[16])
02-05 01:03:49.656   581  5115 D DlbDap2Process: setParam(dvla = #1[5])
02-05 01:03:49.656   581  5115 D DlbDap2Process: setParam(arra = #1[96])
02-05 01:03:49.656   581  5115 D DlbDap2Process: setParam(dfsa = #1[10])
02-05 01:03:49.656   581  5115 D DlbDap2Process: setParam(dhsa = #1[10])
02-05 01:03:49.656   581  5115 D DlbDap2Process: setParam(dvmc = #1[160])
02-05 01:03:49.656   581  5115 D DlbDap2Process: setParam(arod = #1[0])
02-05 01:03:49.657   581  5115 D DlbDap2Process: setParam(arde = #1[0])
02-05 01:03:49.657   581  5115 D DlbDap2Process: setParam(dvle = #1[1])
02-05 01:03:49.657   581  5115 D DlbDap2Process: setParam(dvme = #1[0])
02-05 01:03:49.657   581  5115 D DlbDap2Process: setParam(becf = #1[160])
02-05 01:03:49.657   581  5115 D DlbDap2Process: setParam(vbmf = #2[99, 281])
02-05 01:03:49.657   581  5115 D DlbDap2Process: setParam(vbsf = #2[30, 90])
02-05 01:03:49.657   581  5115 D DlbDap2Process: setParam(vbhg = #3[-48, -480, -240])
02-05 01:03:49.657   581  5115 D DlbDap2Process: setParam(vbog = #1[0])
02-05 01:03:49.657   581  5115 D DlbDap2Process: setParam(vbsg = #1[0])
02-05 01:03:49.657   581  5115 D DlbDap2Process: setParam(dvli = #1[-320])
02-05 01:03:49.657   581  5115 D DlbDap2Process: setParam(dhfm = #1[0])
02-05 01:03:49.657   581  5115 D DlbDap2Process: setParam(vbon = #1[0])
02-05 01:03:49.657   581  5115 D DlbDap2Process: setParam(beon = #1[0])
02-05 01:03:49.657   581  5115 D DlbDap2Process: setParam(deon = #1[0])
02-05 01:03:49.657   581  5115 D DlbDap2Process: setParam(ngon = #1[1])
02-05 01:03:49.657   581  5115 D DlbDap2Process: setParam(aoon = #1[0])
02-05 01:03:49.657   581  5115 D DlbDap2Process: setParam(aron = #1[1])
02-05 01:03:49.657   581  5115 D DlbDap2Process: setParam(dvlo = #1[-320])
02-05 01:03:49.657   581  5115 D DlbDap2Process: setParam(artp = #1[12])
02-05 01:03:49.658   581  5115 D DlbDap2Process: setParam(aobs = #222[20, 10, 47, 141, 234, 328, 469, 656, 844, 1031, 1313, 1688, 2250, 3000, 3750, 4688, 5813, 7125, 9000, 11250, 13875, 19688, 0, 0, 0, 0, 0, 0, 0, 0, 0, 0, 0, 0, 0, 0, 0, 0, 0, 0, 0, 0, 0, 0, 0, 0, 0, 0, 0, 0, 0, 0, 0, 0, 0, 0, 0, 0, 0, 0, 0, 0, 0, 0, 0, 0, 0, 0, 0, 0, 0, 0, 0, 0, 0, 0, 0, 0, 0, 0, 0, 0, 0, 0, 0, 0, 0, 0, 0, 0, 0, 0, 0, 0, 0, 0, 0, 0, 0, 0, 0, 0, 0, 0, 0, 0, 0, 0, 0, 0, 0, 0, 0, 0, 0, 0, 0, 0, 0, 0, 0, 0, 0, 0, 0, 0, 0, 0, 0, 0, 0, 0, 0, 0, 0, 0, 0, 0, 0, 0, 0, 0, 0, 0, 0, 0, 0, 0, 0, 0, 0, 0, 0, 0, 0, 0, 0, 0, 0, 0, 0, 0, 0, 0, 0, 0, 0, 0, 0, 0, 0, 0, 0, 0, 0, 0, 0, 0, 0, 0, 0, 0, 0, 0, 0, 0, 0, 0, 0, 0, 0, 0, 0, 0, 0, 0, 0, 0, 0, 0, 0, 0, 0, 0, 0, 0, 0, 0, 0, 0, 0, 0, 0, 0, 0, 0, 0, 0, 0, 0, 0, 0])
02-05 01:03:49.658   581  5115 D DlbDap2Process: setParam(arbs = #81[20, 47, 141, 234, 328, 469, 656, 844, 1031, 1313, 1688, 2250, 3000, 3750, 4688, 5813, 7125, 9000, 11250, 13875, 19688, -192, -192, -192, -192, -192, -192, -192, -192, -192, -192, -192, -192, -192, -192, -192, -192, -192, -192, -192, -192, 0, 0, 0, 0, 0, 0, 0, 0, 0, 0, 0, 0, 0, 0, 0, 0, 0, 0, 0, 0, 0, 0, 0, 0, 0, 0, 0, 0, 0, 0, 0, 0, 0, 0, 0, 0, 0, 0, 0, 0])
02-05 01:03:49.658   581  5115 D DlbDapEndpointParamCache: doCommit() Committed 37 parameters out of 37.
02-05 01:03:49.658   581  5115 D DlbDap2Process: setMave(mave = 0)
02-05 01:03:49.663   581  5115 D DlbDapCrossfadeProcess: process transitioning from FADE_TO_ACTIVE state to DAP_ACTIVE
02-05 01:03:49.705  2287  2287 D featureTest: receive broadcast , record log :0
02-05 01:03:50.898   581  5115 D DlbDap2Process: process() called [368500] times
02-05 01:03:53.576   581  5115 D DlbDap2Process: process() called [369000] times
