--------- beginning of main
02-05 01:03:37.767   581  5115 D DlbDap2Process: process() called [366500] times
--------- beginning of system
02-05 01:03:37.785   816  2347 I ActivityManager: Force stopping com.dolby.qa.featuretest appid=10074 user=0: from pid 2175
02-05 01:03:37.786   816  2347 I ActivityManager: Killing 2083:com.dolby.qa.featuretest/u0a74 (adj 0): stop com.dolby.qa.featuretest
02-05 01:03:37.787   816  2347 W ActivityManager: Force removing ActivityRecord{b9f2dce u0 com.dolby.qa.featuretest/.MainActivity t240}: app died, no saved state
02-05 01:03:37.794   816  2347 I WindowManager: Failed to capture screenshot of Token{e0f74ef ActivityRecord{b9f2dce u0 com.dolby.qa.featuretest/.MainActivity t240 f}} appWin=Window{bf5d4c4 u0 com.dolby.qa.featuretest/com.dolby.qa.featuretest.MainActivity} drawState=4
02-05 01:03:37.818   589  1183 D NuPlayerDriver: reset(0xe5732a80) at state 5
02-05 01:03:37.818   816   964 I WindowManager: WIN DEATH: Window{5417ea7 u0 Toast}
02-05 01:03:37.819   589  1183 D NuPlayerDriver: notifyListener_l(0xe5732a80), (8, 0, 0, -1), loop setting(0, 1)
02-05 01:03:37.827  1232  1232 D CarrierSvcBindHelper: No carrier app for: 0
02-05 01:03:37.829  2298  2298 D RegisteredNfcFServicesCache: Service unchanged, not updating
02-05 01:03:37.834   589  2134 D NuPlayerDriver: notifyResetComplete(0xe5732a80)
02-05 01:03:37.834   589  1183 D AudioTrack: stop() called with 0 frames delivered
02-05 01:03:37.896   816   828 I ActivityManager: START u0 {flg=0x10000000 cmp=com.dolby.qa.featuretest/.MainActivity} from uid 2000
02-05 01:03:37.918   816  2347 I ActivityManager: Start proc 2182:com.dolby.qa.featuretest/u0a74 for activity com.dolby.qa.featuretest/.MainActivity
02-05 01:03:37.919  2182  2182 I zygote64: Late-enabling -Xcheck:jni
02-05 01:03:37.946   581   724 D DlbDlbEffect: handle_EFFECT_CMD_DISABLE()
02-05 01:03:37.946   581   724 D DlbDapCrossfadeProcess: setEnabled transitioning from DAP_ACTIVE state to FADE_TO_BYPASS
02-05 01:03:37.948   416   416 W /system/bin/hw/android.hidl.allocator@1.0-service: ashmem_create_region(3840) returning hidl_memory(0x7590c2c2e0, 3840)
02-05 01:03:37.949   581   724 D DlbDlbEffect: handle_EFFECT_CMD_SET_CONFIG()
02-05 01:03:37.949   581   724 D DlbDapEndpointParamCache: setDevice(device=0x00000008)
02-05 01:03:37.949   421   421 D DMSService: setActiveDevice called with device = 0x8
02-05 01:03:37.949   581   724 D DlbDlbEffect: handle_EFFECT_CMD_ENABLE()
02-05 01:03:37.949   581   724 D DlbDapCrossfadeProcess: setEnabled transitioning from FADE_TO_BYPASS state to FADE_TO_ACTIVE
02-05 01:03:38.092  2182  2182 D featureTest: onCreate
02-05 01:03:38.097  2182  2182 D AudioTrack: Client defaulted notificationFrames to 962 for frameCount 1924
02-05 01:03:38.102  2182  2182 W AudioTrack: Use of stream types is deprecated for operations other than volume control
02-05 01:03:38.102  2182  2182 W AudioTrack: See the documentation of AudioTrack() for what to use instead with android.media.AudioAttributes to qualify your playback use case
02-05 01:03:38.107  2182  2182 W DolbyAudioEffect: WARNING: attaching a DolbyAudioEffect to global output mix is deprecated!
02-05 01:03:38.113  2182  2182 D featureTest: onResume
02-05 01:03:38.125  2182  2201 D OpenGLRenderer: HWUI GL Pipeline
02-05 01:03:38.172  2182  2201 I Adreno  : QUALCOMM build                   : 7142022, Ib5823dd10c
02-05 01:03:38.172  2182  2201 I Adreno  : Build Date                       : 06/23/17
02-05 01:03:38.172  2182  2201 I Adreno  : OpenGL ES Shader Compiler Version: EV031.18.00.00
02-05 01:03:38.172  2182  2201 I Adreno  : Local Branch                     : O11A
02-05 01:03:38.172  2182  2201 I Adreno  : Remote Branch                    : 
02-05 01:03:38.172  2182  2201 I Adreno  : Remote Branch                    : 
02-05 01:03:38.172  2182  2201 I Adreno  : Reconstruct Branch               : 
02-05 01:03:38.172  2182  2201 I vndksupport: sphal namespace is not configured for this process. Loading /vendor/lib64/hw/gralloc.msm8994.so from the current namespace instead.
02-05 01:03:38.185  2182  2201 I Adreno  : PFP: 0x00000000, ME: 0x00000000
02-05 01:03:38.196  2182  2201 I OpenGLRenderer: Initialized EGL, version 1.4
02-05 01:03:38.196  2182  2201 D OpenGLRenderer: Swap behavior 2
02-05 01:03:38.220   365   365 W /system/bin/hwservicemanager: getTransportFromManifest: Cannot find entry android.hardware.graphics.mapper@2.0::IMapper in either framework or device manifest, using default transport.
02-05 01:03:38.224  2182  2201 I vndksupport: sphal namespace is not configured for this process. Loading /vendor/lib64/hw/gralloc.msm8994.so from the current namespace instead.
02-05 01:03:38.270   816   843 I ActivityManager: Displayed com.dolby.qa.featuretest/.MainActivity: +354ms
02-05 01:03:38.301   581   770 D audio_hw_primary: disable_audio_route: usecase(0) reset and update mixer path: deep-buffer-playback
02-05 01:03:38.302   581   770 D audio_hw_primary: disable_snd_device: snd_device(5: headphones)
02-05 01:03:38.355   816   843 W ActivityManager: setHasOverlayUi called on unknown pid: 2083
02-05 01:03:38.374 31691 31691 I ServiceManager: Waiting for service AtCmdFwd...
02-05 01:03:38.721  2401  2517 W OpenGLRenderer: Incorrectly called buildLayer on View: ShortcutAndWidgetContainer, destroying layer...
02-05 01:03:38.986  2182  2182 D featureTest: receive broadcast , playing content location :/sdcard/featureTest/chopper_5.1_180_420.wav
02-05 01:03:38.995  2182  2182 D featureTest: mMediaPlayer.getAudioSessionId(): 5057
02-05 01:03:38.995  2182  2182 D featureTest: Playing file: /sdcard/featureTest/chopper_5.1_180_420.wav
02-05 01:03:38.996  2214  2214 W generic : type=1400 audit(0.0:2978): avc: denied { read } for path="/storage/emulated/0/featuretest/chopper_5.1_180_420.wav" dev="sdcardfs" ino=523304 scontext=u:r:mediaextractor:s0 tcontext=u:object_r:sdcardfs:s0 tclass=file permissive=0
02-05 01:03:38.997   589   709 D NuPlayerDriver: NuPlayerDriver(0xe57328c0) created, clientPid(2182)
02-05 01:03:38.998  2182  2182 W MediaPlayer: Use of stream types is deprecated for operations other than volume control
02-05 01:03:38.998  2182  2182 W MediaPlayer: See the documentation of setAudioStreamType() for what to use instead with android.media.AudioAttributes to qualify your playback use case
02-05 01:03:39.001   589  2214 D GenericSource: FileSource remote
02-05 01:03:39.001   589  2214 W GenericSource: extractor service cannot make data source
02-05 01:03:39.001   589  2214 D GenericSource: FileSource local
02-05 01:03:39.003   587   693 W WAVExtractor: More than 2 channels (6) in non-WAVE_EXT, unknown channel mask
02-05 01:03:39.036   587   693 W WAVExtractor: More than 2 channels (6) in non-WAVE_EXT, unknown channel mask
02-05 01:03:39.036   587   693 D MediaBufferGroup: creating MemoryDealer
02-05 01:03:39.037   589  2213 D NuPlayerDriver: notifyListener_l(0xe57328c0), (1, 0, 0, -1), loop setting(0, 0)
02-05 01:03:39.038   816   816 W NotificationService: Object died trying to hide notification android.app.ITransientNotification$Stub$Proxy@7939902 in package com.dolby.qa.featuretest
02-05 01:03:39.038   816   816 W WindowManager: removeWindowToken: Attempted to remove non-existing token: android.os.Binder@6e30524
02-05 01:03:39.038   816   816 W ActivityManager: setProcessForeground called on unknown pid: 2083
02-05 01:03:39.039   816   816 W NotificationService: Object died trying to show notification android.app.ITransientNotification$Stub$Proxy@c02f213 in package com.dolby.qa.featuretest
02-05 01:03:39.039   816   816 W ActivityManager: setProcessForeground called on unknown pid: 2083
02-05 01:03:39.039   816   816 W NotificationService: Object died trying to show notification android.app.ITransientNotification$Stub$Proxy@b50c50 in package com.dolby.qa.featuretest
02-05 01:03:39.046   589   709 D NuPlayerDriver: start(0xe57328c0), state is 4, eos is 0
02-05 01:03:39.046   589  2213 I GenericSource: start
02-05 01:03:39.052  2182  2182 W DolbyAudioEffect: WARNING: attaching a DolbyAudioEffect to global output mix is deprecated!
02-05 01:03:39.053   593  1187 I OMXMaster: makeComponentInstance(OMX.google.raw.decoder) in android.hardwar process
02-05 01:03:39.057  2182  2182 D featureTest: receive broadcast , change ds status :0
02-05 01:03:39.065   593  5352 E OMXNodeInstance: setConfig(0xf10a3320:google.raw.decoder, ConfigPriority(0x6f800002)) ERROR: Undefined(0x80001001)
02-05 01:03:39.065   589  2222 I ACodec  : codec does not support config priority (err -2147483648)
02-05 01:03:39.066   593   712 E OMXNodeInstance: getConfig(0xf10a3320:google.raw.decoder, ConfigAndroidVendorExtension(0x6f100004)) ERROR: Undefined(0x80001001)
02-05 01:03:39.067   589  2222 I MediaCodec: MediaCodec will operate in async mode
02-05 01:03:39.076   365   365 W /system/bin/hwservicemanager: getTransportFromManifest: Cannot find entry android.hardware.audio.effect@2.0::IEffectsFactory in either framework or device manifest, using default transport.
02-05 01:03:39.077   581  5143 D DlbDlbEffect: handle_EFFECT_CMD_SET_PARAM()
02-05 01:03:39.085   416   416 W /system/bin/hw/android.hidl.allocator@1.0-service: ashmem_create_region(3072) returning hidl_memory(0x7590c2c2e0, 3072)
02-05 01:03:39.088   416   416 W /system/bin/hw/android.hidl.allocator@1.0-service: ashmem_create_region(1024) returning hidl_memory(0x7590c2c2e0, 1024)
02-05 01:03:39.089   581  5142 E EffectHalHidl: Buffer provider callbacks are not supported
02-05 01:03:39.089   589  2220 D AudioTrack: Client defaulted notificationFrames to 12000 for frameCount 24000
02-05 01:03:39.090   581   731 D DlbDlbEffect: handle_EFFECT_CMD_DISABLE()
02-05 01:03:39.090   581   731 D DlbDapCrossfadeProcess: setEnabled transitioning from FADE_TO_ACTIVE state to FADE_TO_BYPASS
02-05 01:03:39.092   416   416 W /system/bin/hw/android.hidl.allocator@1.0-service: ashmem_create_region(7680) returning hidl_memory(0x7590c2c2e0, 7680)
02-05 01:03:39.092   581   731 D DlbDlbEffect: handle_EFFECT_CMD_SET_CONFIG()
02-05 01:03:39.092   581   731 D DlbDapEndpointParamCache: setDevice(device=0x00000008)
02-05 01:03:39.093   421   421 D DMSService: setActiveDevice called with device = 0x8
02-05 01:03:39.093   581   731 D DlbDlbEffect: handle_EFFECT_CMD_ENABLE()
02-05 01:03:39.093   581   731 D DlbDapCrossfadeProcess: setEnabled transitioning from FADE_TO_BYPASS state to FADE_TO_ACTIVE
02-05 01:03:39.094   589  2213 D NuPlayerDriver: notifyListener_l(0xe57328c0), (6, 0, 0, -1), loop setting(0, 1)
02-05 01:03:39.096   581  5115 D DlbDapCrossfadeProcess: setEnabled transitioning from FADE_TO_ACTIVE state to FADE_TO_BYPASS
02-05 01:03:39.100   581  5111 D audio_hw_primary: enable_snd_device: snd_device(5: headphones)
02-05 01:03:39.107   581  5111 D audio_hw_primary: enable_audio_route: usecase(0) apply and update mixer path: deep-buffer-playback
02-05 01:03:39.139  2182  2182 D featureTest: receive broadcast , change ds profile id :2
02-05 01:03:39.150   581  5143 D DlbDlbEffect: handle_EFFECT_CMD_SET_PARAM()
02-05 01:03:39.150   421   460 I DapController: Profile Changed to Music
02-05 01:03:39.189   581  5115 D DlbDapEndpointParamCache: commitChangedParams()
02-05 01:03:39.189   581  5115 D DlbDapEndpointParamCache: commit() Applying parameters for device 0x40000000
02-05 01:03:39.189   581  5115 D DlbDap2Process: setParam(iea = #1[10])
02-05 01:03:39.189   581  5115 D DlbDap2Process: setParam(msce = #1[0])
02-05 01:03:39.189   581  5115 D DlbDap2Process: setParam(mdee = #1[0])
02-05 01:03:39.189   581  5115 D DlbDap2Process: setParam(miee = #1[0])
02-05 01:03:39.189   581  5115 D DlbDap2Process: setParam(mdle = #1[0])
02-05 01:03:39.190   581  5115 D DlbDap2Process: setParam(dvle = #1[1])
02-05 01:03:39.190   581  5115 D DlbDap2Process: setParam(mave = #1[0])
02-05 01:03:39.190   581  5115 D DlbDap2Process: setParam(vcbf = #20[47, 141, 234, 328, 469, 656, 844, 1031, 1313, 1688, 2250, 3000, 3750, 4688, 5813, 7125, 9000, 11250, 13875, 19688])
02-05 01:03:39.190   581  5115 D DlbDap2Process: setParam(vbon = #1[0])
02-05 01:03:39.190   581  5115 D DlbDap2Process: setParam(beon = #1[0])
02-05 01:03:39.190   581  5115 D DlbDap2Process: setParam(geon = #1[0])
02-05 01:03:39.190   581  5115 D DlbDap2Process: setParam(ieon = #1[1])
02-05 01:03:39.190   581  5115 D DlbDap2Process: setParam(gebs = #41[20, 47, 141, 234, 328, 469, 656, 844, 1031, 1313, 1688, 2250, 3000, 3750, 4688, 5813, 7125, 9000, 11250, 13875, 19688, 0, 0, 0, 0, 0, 0, 0, 0, 0, 0, 0, 0, 0, 0, 0, 0, 0, 0, 0, 0])
02-05 01:03:39.190   581  5115 D DlbDap2Process: setParam(iebs = #41[20, 65, 136, 223, 332, 467, 634, 841, 1098, 1416, 1812, 2302, 2909, 3663, 4598, 5756, 7194, 8976, 11186, 13927, 17326, 117, 133, 188, 176, 141, 149, 175, 185, 185, 200, 236, 242, 228, 213, 182, 132, 110, 68, -27, -240])
02-05 01:03:39.190   581  5115 D DlbDapEndpointParamCache: doCommit() Committed 15 parameters out of 16.
02-05 01:03:39.190   581  5115 D DlbDapEndpointParamCache: commit() Overriding parameters for current device 0x00000008
02-05 01:03:39.190   581  5115 D DlbDap2Process: setParam(dea = #1[7])
02-05 01:03:39.190   581  5115 D DlbDap2Process: setParam(dsa = #1[10])
02-05 01:03:39.190   581  5115 D DlbDap2Process: setParam(beb = #1[96])
02-05 01:03:39.190   581  5115 D DlbDap2Process: setParam(plb = #1[0])
02-05 01:03:39.190   581  5115 D DlbDap2Process: setParam(vmb = #1[144])
02-05 01:03:39.190   581  5115 D DlbDap2Process: setParam(dsb = #1[48])
02-05 01:03:39.190   581  5115 D DlbDap2Process: setParam(ded = #1[0])
02-05 01:03:39.190   581  5115 D DlbDap2Process: setParam(vbm = #1[0])
02-05 01:03:39.190   581  5115 D DlbDap2Process: setParam(dom = #1[0])
02-05 01:03:39.190   581  5115 D DlbDap2Process: setParam(bew = #1[16])
02-05 01:03:39.190   581  5115 D DlbDap2Process: setParam(dvla = #1[4])
02-05 01:03:39.190   581  5115 D DlbDap2Process: setParam(arra = #1[96])
02-05 01:03:39.190   581  5115 D DlbDap2Process: setParam(dfsa = #1[10])
02-05 01:03:39.190   581  5115 D DlbDap2Process: setParam(dhsa = #1[10])
02-05 01:03:39.190   581  5115 D DlbDap2Process: setParam(dvmc = #1[160])
02-05 01:03:39.190   581  5115 D DlbDap2Process: setParam(arod = #1[0])
02-05 01:03:39.190   581  5115 D DlbDap2Process: setParam(arde = #1[0])
02-05 01:03:39.190   581  5115 D DlbDap2Process: setParam(dvle = #1[1])
02-05 01:03:39.191   581  5115 D DlbDap2Process: setParam(dvme = #1[0])
02-05 01:03:39.191   581  5115 D DlbDap2Process: setParam(becf = #1[160])
02-05 01:03:39.191   581  5115 D DlbDap2Process: setParam(vbmf = #2[99, 281])
02-05 01:03:39.191   581  5115 D DlbDap2Process: setParam(vbsf = #2[30, 90])
02-05 01:03:39.191   581  5115 D DlbDap2Process: setParam(vbhg = #3[-48, -480, -240])
02-05 01:03:39.191   581  5115 D DlbDap2Process: setParam(vbog = #1[0])
02-05 01:03:39.191   581  5115 D DlbDap2Process: setParam(vbsg = #1[0])
02-05 01:03:39.191   581  5115 D DlbDap2Process: setParam(dvli = #1[-320])
02-05 01:03:39.191   581  5115 D DlbDap2Process: setParam(dhfm = #1[0])
02-05 01:03:39.191   581  5115 D DlbDap2Process: setParam(vbon = #1[0])
02-05 01:03:39.191   581  5115 D DlbDap2Process: setParam(beon = #1[0])
02-05 01:03:39.191   581  5115 D DlbDap2Process: setParam(deon = #1[0])
02-05 01:03:39.191   581  5115 D DlbDap2Process: setParam(ngon = #1[1])
02-05 01:03:39.191   581  5115 D DlbDap2Process: setParam(aoon = #1[0])
02-05 01:03:39.191   581  5115 D DlbDap2Process: setParam(aron = #1[1])
02-05 01:03:39.191   581  5115 D DlbDap2Process: setParam(dvlo = #1[-320])
02-05 01:03:39.191   581  5115 D DlbDap2Process: setParam(artp = #1[12])
02-05 01:03:39.191   581  5115 D DlbDap2Process: setParam(aobs = #222[20, 10, 47, 141, 234, 328, 469, 656, 844, 1031, 1313, 1688, 2250, 3000, 3750, 4688, 5813, 7125, 9000, 11250, 13875, 19688, 0, 0, 0, 0, 0, 0, 0, 0, 0, 0, 0, 0, 0, 0, 0, 0, 0, 0, 0, 0, 0, 0, 0, 0, 0, 0, 0, 0, 0, 0, 0, 0, 0, 0, 0, 0, 0, 0, 0, 0, 0, 0, 0, 0, 0, 0, 0, 0, 0, 0, 0, 0, 0, 0, 0, 0, 0, 0, 0, 0, 0, 0, 0, 0, 0, 0, 0, 0, 0, 0, 0, 0, 0, 0, 0, 0, 0, 0, 0, 0, 0, 0, 0, 0, 0, 0, 0, 0, 0, 0, 0, 0, 0, 0, 0, 0, 0, 0, 0, 0, 0, 0, 0, 0, 0, 0, 0, 0, 0, 0, 0, 0, 0, 0, 0, 0, 0, 0, 0, 0, 0, 0, 0, 0, 0, 0, 0, 0, 0, 0, 0, 0, 0, 0, 0, 0, 0, 0, 0, 0, 0, 0, 0, 0, 0, 0, 0, 0, 0, 0, 0, 0, 0, 0, 0, 0, 0, 0, 0, 0, 0, 0, 0, 0, 0, 0, 0, 0, 0, 0, 0, 0, 0, 0, 0, 0, 0, 0, 0, 0, 0, 0, 0, 0, 0, 0, 0, 0, 0, 0, 0, 0, 0, 0, 0, 0, 0, 0, 0, 0])
02-05 01:03:39.192   581  5115 D DlbDap2Process: setParam(arbs = #81[20, 47, 141, 234, 328, 469, 656, 844, 1031, 1313, 1688, 2250, 3000, 3750, 4688, 5813, 7125, 9000, 11250, 13875, 19688, -192, -192, -192, -192, -192, -192, -192, -192, -192, -192, -192, -192, -192, -192, -192, -192, -192, -192, -192, -192, 0, 0, 0, 0, 0, 0, 0, 0, 0, 0, 0, 0, 0, 0, 0, 0, 0, 0, 0, 0, 0, 0, 0, 0, 0, 0, 0, 0, 0, 0, 0, 0, 0, 0, 0, 0, 0, 0, 0, 0])
02-05 01:03:39.192   581  5115 D DlbDapEndpointParamCache: doCommit() Committed 37 parameters out of 37.
02-05 01:03:39.192   581  5115 D DlbDap2Process: setMave(mave = 0)
02-05 01:03:39.209   581  5115 D DlbDapCrossfadeProcess: process transitioning from FADE_TO_BYPASS state to DAP_BYPASSED
02-05 01:03:39.213  2182  2182 D featureTest: receive broadcast , playing content location :/sdcard/featureTest/chopper_5.1_180_420.wav
02-05 01:03:39.216   589  1170 D NuPlayerDriver: stop(0xe57328c0)
02-05 01:03:39.216   589  1170 D NuPlayerDriver: notifyListener_l(0xe57328c0), (8, 0, 0, -1), loop setting(0, 1)
02-05 01:03:39.218   589  1183 D NuPlayerDriver: reset(0xe57328c0) at state 8
02-05 01:03:39.224   589  2213 D NuPlayerDriver: notifyResetComplete(0xe57328c0)
02-05 01:03:39.224   589  1183 D NuPlayerDriver: reset(0xe57328c0) at state 0
02-05 01:03:39.225  2182  2182 V MediaPlayer: resetDrmState:  mDrmInfo=null mDrmProvisioningThread=null mPrepareDrmInProgress=false mActiveDrmScheme=false
02-05 01:03:39.225  2182  2182 V MediaPlayer: cleanDrmObj: mDrmObj=null mDrmSessionId=null
02-05 01:03:39.227  2182  2182 V MediaPlayer: resetDrmState:  mDrmInfo=null mDrmProvisioningThread=null mPrepareDrmInProgress=false mActiveDrmScheme=false
02-05 01:03:39.227  2182  2182 V MediaPlayer: cleanDrmObj: mDrmObj=null mDrmSessionId=null
02-05 01:03:39.235  2182  2182 D featureTest: mMediaPlayer.getAudioSessionId(): 5065
02-05 01:03:39.235  2182  2182 D featureTest: Playing file: /sdcard/featureTest/chopper_5.1_180_420.wav
02-05 01:03:39.236  2239  2239 W generic : type=1400 audit(0.0:2979): avc: denied { read } for path="/storage/emulated/0/featuretest/chopper_5.1_180_420.wav" dev="sdcardfs" ino=523304 scontext=u:r:mediaextractor:s0 tcontext=u:object_r:sdcardfs:s0 tclass=file permissive=0
02-05 01:03:39.237   589   589 D NuPlayerDriver: NuPlayerDriver(0xe5732b60) created, clientPid(2182)
02-05 01:03:39.238  2182  2182 W MediaPlayer: Use of stream types is deprecated for operations other than volume control
02-05 01:03:39.238  2182  2182 W MediaPlayer: See the documentation of setAudioStreamType() for what to use instead with android.media.AudioAttributes to qualify your playback use case
02-05 01:03:39.242   589  2239 D GenericSource: FileSource remote
02-05 01:03:39.242   589  2239 W GenericSource: extractor service cannot make data source
02-05 01:03:39.242   589  2239 D GenericSource: FileSource local
02-05 01:03:39.245   587   587 W WAVExtractor: More than 2 channels (6) in non-WAVE_EXT, unknown channel mask
02-05 01:03:39.270   587   587 W WAVExtractor: More than 2 channels (6) in non-WAVE_EXT, unknown channel mask
02-05 01:03:39.271   587   587 D MediaBufferGroup: creating MemoryDealer
02-05 01:03:39.271   589  2238 D NuPlayerDriver: notifyListener_l(0xe5732b60), (1, 0, 0, -1), loop setting(0, 0)
02-05 01:03:39.276   589   589 D NuPlayerDriver: start(0xe5732b60), state is 4, eos is 0
02-05 01:03:39.277   589  2238 I GenericSource: start
02-05 01:03:39.280  2182  2182 W DolbyAudioEffect: WARNING: attaching a DolbyAudioEffect to global output mix is deprecated!
02-05 01:03:39.285   593  1162 I OMXMaster: makeComponentInstance(OMX.google.raw.decoder) in android.hardwar process
02-05 01:03:39.286  2182  2182 D featureTest: receive broadcast , change ds status :1
02-05 01:03:39.290   593  1187 E OMXNodeInstance: setConfig(0xf10a3200:google.raw.decoder, ConfigPriority(0x6f800002)) ERROR: Undefined(0x80001001)
02-05 01:03:39.290   589  2245 I ACodec  : codec does not support config priority (err -2147483648)
02-05 01:03:39.291   593  5352 E OMXNodeInstance: getConfig(0xf10a3200:google.raw.decoder, ConfigAndroidVendorExtension(0x6f100004)) ERROR: Undefined(0x80001001)
02-05 01:03:39.292   589  2245 I MediaCodec: MediaCodec will operate in async mode
02-05 01:03:39.301   581  5142 D DlbDlbEffect: handle_EFFECT_CMD_SET_PARAM()
02-05 01:03:39.304   365   365 W /system/bin/hwservicemanager: getTransportFromManifest: Cannot find entry android.hardware.audio.effect@2.0::IEffectsFactory in either framework or device manifest, using default transport.
02-05 01:03:39.308   416   416 W /system/bin/hw/android.hidl.allocator@1.0-service: ashmem_create_region(3072) returning hidl_memory(0x7590c2c2e0, 3072)
02-05 01:03:39.310   416   416 W /system/bin/hw/android.hidl.allocator@1.0-service: ashmem_create_region(1024) returning hidl_memory(0x7590c2c2e0, 1024)
02-05 01:03:39.310   581   731 E EffectHalHidl: Buffer provider callbacks are not supported
02-05 01:03:39.311   589  2243 D AudioTrack: Client defaulted notificationFrames to 12000 for frameCount 24000
02-05 01:03:39.313   589  2238 D NuPlayerDriver: notifyListener_l(0xe5732b60), (6, 0, 0, -1), loop setting(0, 1)
02-05 01:03:39.327   581  5115 D DlbDapCrossfadeProcess: setEnabled transitioning from DAP_BYPASSED state to PREROLL_ACTIVE
02-05 01:03:39.361  2182  2182 D featureTest: receive broadcast , change ds profile id :5
02-05 01:03:39.364   581   770 D AudioFlinger: mixer(0xf2983980) throttle end: throttle time(29)
02-05 01:03:39.368   581  5115 D DlbDapCrossfadeProcess: process transitioning from PREROLL_ACTIVE state to FADE_TO_ACTIVE
02-05 01:03:39.374 31691 31691 I ServiceManager: Waiting for service AtCmdFwd...
02-05 01:03:39.374   581   581 D DlbDlbEffect: handle_EFFECT_CMD_SET_PARAM()
02-05 01:03:39.374   421   460 I DapController: Profile Changed to Custom
02-05 01:03:39.407   581  5115 D DlbDapEndpointParamCache: commitChangedParams()
02-05 01:03:39.407   581  5115 D DlbDapEndpointParamCache: commit() Applying parameters for device 0x40000000
02-05 01:03:39.408   581  5115 D DlbDap2Process: setParam(iea = #1[10])
02-05 01:03:39.408   581  5115 D DlbDap2Process: setParam(msce = #1[0])
02-05 01:03:39.408   581  5115 D DlbDap2Process: setParam(mdee = #1[0])
02-05 01:03:39.408   581  5115 D DlbDap2Process: setParam(miee = #1[0])
02-05 01:03:39.408   581  5115 D DlbDap2Process: setParam(mdle = #1[0])
02-05 01:03:39.408   581  5115 D DlbDap2Process: setParam(dvle = #1[1])
02-05 01:03:39.408   581  5115 D DlbDap2Process: setParam(mave = #1[0])
02-05 01:03:39.408   581  5115 D DlbDap2Process: setParam(vcbf = #20[47, 141, 234, 328, 469, 656, 844, 1031, 1313, 1688, 2250, 3000, 3750, 4688, 5813, 7125, 9000, 11250, 13875, 19688])
02-05 01:03:39.408   581  5115 D DlbDap2Process: setParam(vbon = #1[0])
02-05 01:03:39.408   581  5115 D DlbDap2Process: setParam(beon = #1[0])
02-05 01:03:39.408   581  5115 D DlbDap2Process: setParam(geon = #1[0])
02-05 01:03:39.408   581  5115 D DlbDap2Process: setParam(ieon = #1[0])
02-05 01:03:39.408   581  5115 D DlbDap2Process: setParam(gebs = #41[20, 47, 141, 234, 328, 469, 656, 844, 1031, 1313, 1688, 2250, 3000, 3750, 4688, 5813, 7125, 9000, 11250, 13875, 19688, 0, 0, 0, 0, 0, 0, 0, 0, 0, 0, 0, 0, 0, 0, 0, 0, 0, 0, 0, 0])
02-05 01:03:39.408   581  5115 D DlbDap2Process: setParam(iebs = #41[20, 65, 136, 223, 332, 467, 634, 841, 1098, 1416, 1812, 2302, 2909, 3663, 4598, 5756, 7194, 8976, 11186, 13927, 17326, 117, 133, 188, 176, 141, 149, 175, 185, 185, 200, 236, 242, 228, 213, 182, 132, 110, 68, -27, -240])
02-05 01:03:39.408   581  5115 D DlbDapEndpointParamCache: doCommit() Committed 15 parameters out of 16.
02-05 01:03:39.408   581  5115 D DlbDapEndpointParamCache: commit() Overriding parameters for current device 0x00000008
02-05 01:03:39.408   581  5115 D DlbDap2Process: setParam(dea = #1[7])
02-05 01:03:39.408   581  5115 D DlbDap2Process: setParam(dsa = #1[10])
02-05 01:03:39.408   581  5115 D DlbDap2Process: setParam(beb = #1[96])
02-05 01:03:39.409   581  5115 D DlbDap2Process: setParam(plb = #1[0])
02-05 01:03:39.409   581  5115 D DlbDap2Process: setParam(vmb = #1[144])
02-05 01:03:39.409   581  5115 D DlbDap2Process: setParam(dsb = #1[48])
02-05 01:03:39.409   581  5115 D DlbDap2Process: setParam(ded = #1[0])
02-05 01:03:39.409   581  5115 D DlbDap2Process: setParam(vbm = #1[0])
02-05 01:03:39.409   581  5115 D DlbDap2Process: setParam(dom = #1[0])
02-05 01:03:39.409   581  5115 D DlbDap2Process: setParam(bew = #1[16])
02-05 01:03:39.409   581  5115 D DlbDap2Process: setParam(dvla = #1[5])
02-05 01:03:39.409   581  5115 D DlbDap2Process: setParam(arra = #1[96])
02-05 01:03:39.409   581  5115 D DlbDap2Process: setParam(dfsa = #1[10])
02-05 01:03:39.409   581  5115 D DlbDap2Process: setParam(dhsa = #1[10])
02-05 01:03:39.409   581  5115 D DlbDap2Process: setParam(dvmc = #1[160])
02-05 01:03:39.409   581  5115 D DlbDap2Process: setParam(arod = #1[0])
02-05 01:03:39.409   581  5115 D DlbDap2Process: setParam(arde = #1[0])
02-05 01:03:39.409   581  5115 D DlbDap2Process: setParam(dvle = #1[1])
02-05 01:03:39.409   581  5115 D DlbDap2Process: setParam(dvme = #1[0])
02-05 01:03:39.409   581  5115 D DlbDap2Process: setParam(becf = #1[160])
02-05 01:03:39.409   581  5115 D DlbDap2Process: setParam(vbmf = #2[99, 281])
02-05 01:03:39.409   581  5115 D DlbDap2Process: setParam(vbsf = #2[30, 90])
02-05 01:03:39.409   581  5115 D DlbDap2Process: setParam(vbhg = #3[-48, -480, -240])
02-05 01:03:39.409   581  5115 D DlbDap2Process: setParam(vbog = #1[0])
02-05 01:03:39.409   581  5115 D DlbDap2Process: setParam(vbsg = #1[0])
02-05 01:03:39.409   581  5115 D DlbDap2Process: setParam(dvli = #1[-320])
02-05 01:03:39.409   581  5115 D DlbDap2Process: setParam(dhfm = #1[0])
02-05 01:03:39.409   581  5115 D DlbDap2Process: setParam(vbon = #1[0])
02-05 01:03:39.409   581  5115 D DlbDap2Process: setParam(beon = #1[0])
02-05 01:03:39.409   581  5115 D DlbDap2Process: setParam(deon = #1[0])
02-05 01:03:39.409   581  5115 D DlbDap2Process: setParam(ngon = #1[1])
02-05 01:03:39.409   581  5115 D DlbDap2Process: setParam(aoon = #1[0])
02-05 01:03:39.409   581  5115 D DlbDap2Process: setParam(aron = #1[1])
02-05 01:03:39.409   581  5115 D DlbDap2Process: setParam(dvlo = #1[-320])
02-05 01:03:39.409   581  5115 D DlbDap2Process: setParam(artp = #1[12])
02-05 01:03:39.410   581  5115 D DlbDap2Process: setParam(aobs = #222[20, 10, 47, 141, 234, 328, 469, 656, 844, 1031, 1313, 1688, 2250, 3000, 3750, 4688, 5813, 7125, 9000, 11250, 13875, 19688, 0, 0, 0, 0, 0, 0, 0, 0, 0, 0, 0, 0, 0, 0, 0, 0, 0, 0, 0, 0, 0, 0, 0, 0, 0, 0, 0, 0, 0, 0, 0, 0, 0, 0, 0, 0, 0, 0, 0, 0, 0, 0, 0, 0, 0, 0, 0, 0, 0, 0, 0, 0, 0, 0, 0, 0, 0, 0, 0, 0, 0, 0, 0, 0, 0, 0, 0, 0, 0, 0, 0, 0, 0, 0, 0, 0, 0, 0, 0, 0, 0, 0, 0, 0, 0, 0, 0, 0, 0, 0, 0, 0, 0, 0, 0, 0, 0, 0, 0, 0, 0, 0, 0, 0, 0, 0, 0, 0, 0, 0, 0, 0, 0, 0, 0, 0, 0, 0, 0, 0, 0, 0, 0, 0, 0, 0, 0, 0, 0, 0, 0, 0, 0, 0, 0, 0, 0, 0, 0, 0, 0, 0, 0, 0, 0, 0, 0, 0, 0, 0, 0, 0, 0, 0, 0, 0, 0, 0, 0, 0, 0, 0, 0, 0, 0, 0, 0, 0, 0, 0, 0, 0, 0, 0, 0, 0, 0, 0, 0, 0, 0, 0, 0, 0, 0, 0, 0, 0, 0, 0, 0, 0, 0, 0, 0, 0, 0, 0, 0, 0])
02-05 01:03:39.410   581  5115 D DlbDap2Process: setParam(arbs = #81[20, 47, 141, 234, 328, 469, 656, 844, 1031, 1313, 1688, 2250, 3000, 3750, 4688, 5813, 7125, 9000, 11250, 13875, 19688, -192, -192, -192, -192, -192, -192, -192, -192, -192, -192, -192, -192, -192, -192, -192, -192, -192, -192, -192, -192, 0, 0, 0, 0, 0, 0, 0, 0, 0, 0, 0, 0, 0, 0, 0, 0, 0, 0, 0, 0, 0, 0, 0, 0, 0, 0, 0, 0, 0, 0, 0, 0, 0, 0, 0, 0, 0, 0, 0, 0])
02-05 01:03:39.410   581  5115 D DlbDapEndpointParamCache: doCommit() Committed 37 parameters out of 37.
02-05 01:03:39.410   581  5115 D DlbDap2Process: setMave(mave = 0)
02-05 01:03:39.436  2182  2182 D featureTest: receive broadcast , change headphone sound virtualizer :1
02-05 01:03:39.449   581   731 D DlbDlbEffect: handle_EFFECT_CMD_SET_PARAM()
02-05 01:03:39.488   581  5115 D DlbDapEndpointParamCache: commitChangedParams()
02-05 01:03:39.488   581  5115 D DlbDapEndpointParamCache: commit() Applying parameters for device 0x40000000
02-05 01:03:39.488   581  5115 D DlbDap2Process: setParam(iea = #1[10])
02-05 01:03:39.488   581  5115 D DlbDap2Process: setParam(msce = #1[0])
02-05 01:03:39.488   581  5115 D DlbDap2Process: setParam(mdee = #1[0])
02-05 01:03:39.488   581  5115 D DlbDap2Process: setParam(miee = #1[0])
02-05 01:03:39.488   581  5115 D DlbDap2Process: setParam(mdle = #1[0])
02-05 01:03:39.488   581  5115 D DlbDap2Process: setParam(dvle = #1[1])
02-05 01:03:39.488   581  5115 D DlbDap2Process: setParam(mave = #1[0])
02-05 01:03:39.488   581  5115 D DlbDap2Process: setParam(vcbf = #20[47, 141, 234, 328, 469, 656, 844, 1031, 1313, 1688, 2250, 3000, 3750, 4688, 5813, 7125, 9000, 11250, 13875, 19688])
02-05 01:03:39.488   581  5115 D DlbDap2Process: setParam(vbon = #1[0])
02-05 01:03:39.488   581  5115 D DlbDap2Process: setParam(beon = #1[0])
02-05 01:03:39.488   581  5115 D DlbDap2Process: setParam(geon = #1[0])
02-05 01:03:39.488   581  5115 D DlbDap2Process: setParam(ieon = #1[0])
02-05 01:03:39.488   581  5115 D DlbDap2Process: setParam(gebs = #41[20, 47, 141, 234, 328, 469, 656, 844, 1031, 1313, 1688, 2250, 3000, 3750, 4688, 5813, 7125, 9000, 11250, 13875, 19688, 0, 0, 0, 0, 0, 0, 0, 0, 0, 0, 0, 0, 0, 0, 0, 0, 0, 0, 0, 0])
02-05 01:03:39.489   581  5115 D DlbDap2Process: setParam(iebs = #41[20, 65, 136, 223, 332, 467, 634, 841, 1098, 1416, 1812, 2302, 2909, 3663, 4598, 5756, 7194, 8976, 11186, 13927, 17326, 117, 133, 188, 176, 141, 149, 175, 185, 185, 200, 236, 242, 228, 213, 182, 132, 110, 68, -27, -240])
02-05 01:03:39.489   581  5115 D DlbDapEndpointParamCache: doCommit() Committed 15 parameters out of 16.
02-05 01:03:39.489   581  5115 D DlbDapEndpointParamCache: commit() Overriding parameters for current device 0x00000008
02-05 01:03:39.489   581  5115 D DlbDap2Process: setParam(dea = #1[7])
02-05 01:03:39.489   581  5115 D DlbDap2Process: setParam(dsa = #1[10])
02-05 01:03:39.489   581  5115 D DlbDap2Process: setParam(beb = #1[96])
02-05 01:03:39.489   581  5115 D DlbDap2Process: setParam(plb = #1[0])
02-05 01:03:39.489   581  5115 D DlbDap2Process: setParam(vmb = #1[144])
02-05 01:03:39.489   581  5115 D DlbDap2Process: setParam(dsb = #1[48])
02-05 01:03:39.489   581  5115 D DlbDap2Process: setParam(ded = #1[0])
02-05 01:03:39.489   581  5115 D DlbDap2Process: setParam(vbm = #1[0])
02-05 01:03:39.489   581  5115 D DlbDap2Process: DAP output mode set to 9 with 2 output channels and null mix matrix.
02-05 01:03:39.489   581  5115 D DlbDap2Process: setParam(dom = #1[2])
02-05 01:03:39.489   581  5115 D DlbDap2Process: setParam(bew = #1[16])
02-05 01:03:39.489   581  5115 D DlbDap2Process: setParam(dvla = #1[5])
02-05 01:03:39.489   581  5115 D DlbDap2Process: setParam(arra = #1[96])
02-05 01:03:39.489   581  5115 D DlbDap2Process: setParam(dfsa = #1[10])
02-05 01:03:39.489   581  5115 D DlbDap2Process: setParam(dhsa = #1[10])
02-05 01:03:39.489   581  5115 D DlbDap2Process: setParam(dvmc = #1[160])
02-05 01:03:39.489   581  5115 D DlbDap2Process: setParam(arod = #1[0])
02-05 01:03:39.489   581  5115 D DlbDap2Process: setParam(arde = #1[0])
02-05 01:03:39.489   581  5115 D DlbDap2Process: setParam(dvle = #1[1])
02-05 01:03:39.489   581  5115 D DlbDap2Process: setParam(dvme = #1[0])
02-05 01:03:39.489   581  5115 D DlbDap2Process: setParam(becf = #1[160])
02-05 01:03:39.489   581  5115 D DlbDap2Process: setParam(vbmf = #2[99, 281])
02-05 01:03:39.489   581  5115 D DlbDap2Process: setParam(vbsf = #2[30, 90])
02-05 01:03:39.489   581  5115 D DlbDap2Process: setParam(vbhg = #3[-48, -480, -240])
02-05 01:03:39.489   581  5115 D DlbDap2Process: setParam(vbog = #1[0])
02-05 01:03:39.489   581  5115 D DlbDap2Process: setParam(vbsg = #1[0])
02-05 01:03:39.489   581  5115 D DlbDap2Process: setParam(dvli = #1[-320])
02-05 01:03:39.489   581  5115 D DlbDap2Process: setParam(dhfm = #1[0])
02-05 01:03:39.489   581  5115 D DlbDap2Process: setParam(vbon = #1[0])
02-05 01:03:39.489   581  5115 D DlbDap2Process: setParam(beon = #1[0])
02-05 01:03:39.489   581  5115 D DlbDap2Process: setParam(deon = #1[0])
02-05 01:03:39.489   581  5115 D DlbDap2Process: setParam(ngon = #1[1])
02-05 01:03:39.489   581  5115 D DlbDap2Process: setParam(aoon = #1[0])
02-05 01:03:39.489   581  5115 D DlbDap2Process: setParam(aron = #1[1])
02-05 01:03:39.489   581  5115 D DlbDap2Process: setParam(dvlo = #1[-320])
02-05 01:03:39.489   581  5115 D DlbDap2Process: setParam(artp = #1[12])
02-05 01:03:39.490   581  5115 D DlbDap2Process: setParam(aobs = #222[20, 10, 47, 141, 234, 328, 469, 656, 844, 1031, 1313, 1688, 2250, 3000, 3750, 4688, 5813, 7125, 9000, 11250, 13875, 19688, 0, 0, 0, 0, 0, 0, 0, 0, 0, 0, 0, 0, 0, 0, 0, 0, 0, 0, 0, 0, 0, 0, 0, 0, 0, 0, 0, 0, 0, 0, 0, 0, 0, 0, 0, 0, 0, 0, 0, 0, 0, 0, 0, 0, 0, 0, 0, 0, 0, 0, 0, 0, 0, 0, 0, 0, 0, 0, 0, 0, 0, 0, 0, 0, 0, 0, 0, 0, 0, 0, 0, 0, 0, 0, 0, 0, 0, 0, 0, 0, 0, 0, 0, 0, 0, 0, 0, 0, 0, 0, 0, 0, 0, 0, 0, 0, 0, 0, 0, 0, 0, 0, 0, 0, 0, 0, 0, 0, 0, 0, 0, 0, 0, 0, 0, 0, 0, 0, 0, 0, 0, 0, 0, 0, 0, 0, 0, 0, 0, 0, 0, 0, 0, 0, 0, 0, 0, 0, 0, 0, 0, 0, 0, 0, 0, 0, 0, 0, 0, 0, 0, 0, 0, 0, 0, 0, 0, 0, 0, 0, 0, 0, 0, 0, 0, 0, 0, 0, 0, 0, 0, 0, 0, 0, 0, 0, 0, 0, 0, 0, 0, 0, 0, 0, 0, 0, 0, 0, 0, 0, 0, 0, 0, 0, 0, 0, 0, 0, 0, 0])
02-05 01:03:39.490   581  5115 D DlbDap2Process: setParam(arbs = #81[20, 47, 141, 234, 328, 469, 656, 844, 1031, 1313, 1688, 2250, 3000, 3750, 4688, 5813, 7125, 9000, 11250, 13875, 19688, -192, -192, -192, -192, -192, -192, -192, -192, -192, -192, -192, -192, -192, -192, -192, -192, -192, -192, -192, -192, 0, 0, 0, 0, 0, 0, 0, 0, 0, 0, 0, 0, 0, 0, 0, 0, 0, 0, 0, 0, 0, 0, 0, 0, 0, 0, 0, 0, 0, 0, 0, 0, 0, 0, 0, 0, 0, 0, 0, 0])
02-05 01:03:39.490   581  5115 D DlbDapEndpointParamCache: doCommit() Committed 37 parameters out of 37.
02-05 01:03:39.490   581  5115 D DlbDap2Process: setMave(mave = 0)
02-05 01:03:39.494   581  5115 D DlbDapCrossfadeProcess: process transitioning from FADE_TO_ACTIVE state to DAP_ACTIVE
02-05 01:03:39.514  2182  2182 D featureTest: receive broadcast , record log :0
02-05 01:03:39.535  2182  2188 I zygote64: Do partial code cache collection, code=8KB, data=14KB
02-05 01:03:39.536  2182  2188 I zygote64: After code cache collection, code=8KB, data=14KB
02-05 01:03:39.536  2182  2188 I zygote64: Increasing code cache capacity to 128KB
02-05 01:03:39.536  2182  2188 I zygote64: Do partial code cache collection, code=8KB, data=33KB
02-05 01:03:39.537  2182  2188 I zygote64: After code cache collection, code=8KB, data=33KB
02-05 01:03:39.537  2182  2188 I zygote64: Increasing code cache capacity to 256KB
02-05 01:03:39.537  2182  2188 I zygote64: Compiler allocated 8MB to compile void android.widget.TextView.<init>(android.content.Context, android.util.AttributeSet, int, int)
02-05 01:03:40.015   571   940 E QC-QMI  : linux_qmi_qmux_io_wake_lock: Err in writing wakelock=qmuxd_port_wl_0, error [1:Operation not permitted]
02-05 01:03:40.015   571   940 E QC-QMI  : linux_qmi_qmux_io_wake_unlock: Err in writing wakelock=qmuxd_port_wl_0, error [1:Operation not permitted]
02-05 01:03:40.380 31691 31691 I ServiceManager: Waiting for service AtCmdFwd...
02-05 01:03:41.100   816   816 W WindowManager: removeWindowToken: Attempted to remove non-existing token: android.os.Binder@226434e
02-05 01:03:41.145   429   429 D SurfaceFlinger: duplicate layer name: changing Toast to Toast#1
02-05 01:03:41.381 31691 31691 W Atfwd_Sendcmd: AtCmdFwd service not published, waiting... retryCnt : 2
02-05 01:03:41.694   581  5115 D DlbDap2Process: process() called [367000] times
02-05 01:03:43.125   816   816 W WindowManager: removeWindowToken: Attempted to remove non-existing token: android.os.Binder@b3e1568
02-05 01:03:44.375   581  5115 D DlbDap2Process: process() called [367500] times
