--------- beginning of system
02-05 01:00:21.595   816  2363 I ActivityManager: Force stopping com.dolby.qa.featuretest appid=10074 user=0: from pid 32395
02-05 01:00:21.595   816  2363 I ActivityManager: Killing 32319:com.dolby.qa.featuretest/u0a74 (adj 0): stop com.dolby.qa.featuretest
02-05 01:00:21.596   816  2363 W ActivityManager: Force removing ActivityRecord{b37514a u0 com.dolby.qa.featuretest/.MainActivity t222}: app died, no saved state
02-05 01:00:21.602   816  2363 I WindowManager: Failed to capture screenshot of Token{a8e58bb ActivityRecord{b37514a u0 com.dolby.qa.featuretest/.MainActivity t222 f}} appWin=Window{1026920 u0 com.dolby.qa.featuretest/com.dolby.qa.featuretest.MainActivity} drawState=4
--------- beginning of main
02-05 01:00:21.635   589   709 D NuPlayerDriver: reset(0xe5732540) at state 5
02-05 01:00:21.636   589   709 D NuPlayerDriver: notifyListener_l(0xe5732540), (8, 0, 0, -1), loop setting(0, 1)
02-05 01:00:21.637  1232  1232 D CarrierSvcBindHelper: No carrier app for: 0
02-05 01:00:21.637   581  5142 D AudioFlinger: trackStateChanged() Track id 633 state changed to 6
02-05 01:00:21.638   816   894 W InputDispatcher: channel '63c99fe Toast (server)' ~ Consumer closed input channel or an error occurred.  events=0x9
02-05 01:00:21.638   816   894 E InputDispatcher: channel '63c99fe Toast (server)' ~ Channel is unrecoverably broken and will be disposed!
02-05 01:00:21.640   816  1084 I WindowManager: WIN DEATH: Window{63c99fe u0 Toast}
02-05 01:00:21.640   816  1084 W InputDispatcher: Attempted to unregister already unregistered input channel '63c99fe Toast (server)'
02-05 01:00:21.643  2298  2298 D RegisteredNfcFServicesCache: Service unchanged, not updating
02-05 01:00:21.645   593 20870 I DDP_JOCDecoder: -> ~DDPDecoder
02-05 01:00:21.645   593 20870 I DDP_JOCDecoder: -> stop
02-05 01:00:21.645   593 20870 I DDP_JOCDecoder: <- stop
02-05 01:00:21.646   593 20870 I ARenderer: ~ARenderer
02-05 01:00:21.646   593 20870 I evo_parser: evo_parser_close
02-05 01:00:21.648   593 20870 I DlbDap2QmfProcess: ~Dap2Process()
02-05 01:00:21.648   593 20870 I DlbDap2QmfProcess: close()
02-05 01:00:21.648   593 20870 I DDP_JOCDecoder: <- ~DDPDecoder
02-05 01:00:21.656   589 32347 D NuPlayerDriver: notifyResetComplete(0xe5732540)
02-05 01:00:21.657   589   709 D AudioTrack: stop() called with 0 frames delivered
02-05 01:00:21.666   581   761 D AudioFlinger: trackStateChanged() Track id 633 state changed to 2
02-05 01:00:21.666   581   761 I AudioFlinger: updateProcessedAudioState() Changing content processing in effect to 0
02-05 01:00:21.666   581   761 D DlbDlbEffect: handle_EFFECT_CMD_SET_PARAM()
02-05 01:00:21.668   581   761 I DlbEffectContext: setContentProcEnabled() Enabling content processing in global effect
02-05 01:00:21.669   581   761 D DlbDapEndpointParamCache: commitChangedParams()
02-05 01:00:21.669   581   761 D DlbDapEndpointParamCache: commit() Applying parameters for device 0x40000000
02-05 01:00:21.669   581   761 D DlbDap2Process: setParam(iea = #1[10])
02-05 01:00:21.669   581   761 D DlbDap2Process: setParam(msce = #1[0])
02-05 01:00:21.669   581   761 D DlbDap2Process: setParam(mdee = #1[0])
02-05 01:00:21.669   581   761 D DlbDap2Process: setParam(miee = #1[0])
02-05 01:00:21.669   581   761 D DlbDap2Process: setParam(mdle = #1[0])
02-05 01:00:21.669   581   761 D DlbDap2Process: setParam(dvle = #1[1])
02-05 01:00:21.669   581   761 D DlbDap2Process: setParam(mave = #1[0])
02-05 01:00:21.669   581   761 D DlbDap2Process: setParam(vcbf = #20[47, 141, 234, 328, 469, 656, 844, 1031, 1313, 1688, 2250, 3000, 3750, 4688, 5813, 7125, 9000, 11250, 13875, 19688])
02-05 01:00:21.669   581   761 D DlbDap2Process: setParam(vbon = #1[0])
02-05 01:00:21.669   581   761 D DlbDap2Process: setParam(beon = #1[0])
02-05 01:00:21.669   581   761 D DlbDap2Process: setParam(geon = #1[0])
02-05 01:00:21.669   581   761 D DlbDap2Process: setParam(ieon = #1[0])
02-05 01:00:21.669   581   761 D DlbDap2Process: setParam(gebs = #41[20, 47, 141, 234, 328, 469, 656, 844, 1031, 1313, 1688, 2250, 3000, 3750, 4688, 5813, 7125, 9000, 11250, 13875, 19688, 0, 0, 0, 0, 0, 0, 0, 0, 0, 0, 0, 0, 0, 0, 0, 0, 0, 0, 0, 0])
02-05 01:00:21.669   581   761 D DlbDap2Process: setParam(iebs = #41[20, 65, 136, 223, 332, 467, 634, 841, 1098, 1416, 1812, 2302, 2909, 3663, 4598, 5756, 7194, 8976, 11186, 13927, 17326, 117, 133, 188, 176, 141, 149, 175, 185, 185, 200, 236, 242, 228, 213, 182, 132, 110, 68, -27, -240])
02-05 01:00:21.669   581   761 D DlbDapEndpointParamCache: doCommit() Committed 15 parameters out of 16.
02-05 01:00:21.670   581   761 D DlbDapEndpointParamCache: commit() Overriding parameters for current device 0x00000008
02-05 01:00:21.670   581   761 D DlbDap2Process: setParam(dea = #1[5])
02-05 01:00:21.670   581   761 D DlbDap2Process: setParam(dsa = #1[10])
02-05 01:00:21.670   581   761 D DlbDap2Process: setParam(beb = #1[96])
02-05 01:00:21.670   581   761 D DlbDap2Process: setParam(plb = #1[0])
02-05 01:00:21.670   581   761 D DlbDap2Process: setParam(vmb = #1[144])
02-05 01:00:21.670   581   761 D DlbDap2Process: setParam(dsb = #1[96])
02-05 01:00:21.670   581   761 D DlbDap2Process: setParam(ded = #1[0])
02-05 01:00:21.670   581   761 D DlbDap2Process: setParam(vbm = #1[0])
02-05 01:00:21.670   581   761 D DlbDap2Process: DAP output mode set to 9 with 2 output channels and null mix matrix.
02-05 01:00:21.670   581   761 D DlbDap2Process: setParam(dom = #1[2])
02-05 01:00:21.670   581   761 D DlbDap2Process: setParam(bew = #1[16])
02-05 01:00:21.670   581   761 D DlbDap2Process: setParam(dvla = #1[7])
02-05 01:00:21.670   581   761 D DlbDap2Process: setParam(arra = #1[96])
02-05 01:00:21.670   581   761 D DlbDap2Process: setParam(dfsa = #1[10])
02-05 01:00:21.670   581   761 D DlbDap2Process: setParam(dhsa = #1[10])
02-05 01:00:21.670   581   761 D DlbDap2Process: setParam(dvmc = #1[160])
02-05 01:00:21.670   581   761 D DlbDap2Process: setParam(arod = #1[0])
02-05 01:00:21.670   581   761 D DlbDap2Process: setParam(arde = #1[0])
02-05 01:00:21.670   581   761 D DlbDap2Process: setParam(dvle = #1[1])
02-05 01:00:21.670   581   761 D DlbDap2Process: setParam(dvme = #1[0])
02-05 01:00:21.670   581   761 D DlbDap2Process: setParam(becf = #1[160])
02-05 01:00:21.670   581   761 D DlbDap2Process: setParam(vbmf = #2[99, 281])
02-05 01:00:21.670   581   761 D DlbDap2Process: setParam(vbsf = #2[30, 90])
02-05 01:00:21.670   581   761 D DlbDap2Process: setParam(vbhg = #3[-48, -480, -240])
02-05 01:00:21.670   581   761 D DlbDap2Process: setParam(vbog = #1[0])
02-05 01:00:21.670   581   761 D DlbDap2Process: setParam(vbsg = #1[0])
02-05 01:00:21.670   581   761 D DlbDap2Process: setParam(dvli = #1[-320])
02-05 01:00:21.670   581   761 D DlbDap2Process: setParam(dhfm = #1[0])
02-05 01:00:21.670   581   761 D DlbDap2Process: setParam(vbon = #1[0])
02-05 01:00:21.670   581   761 D DlbDap2Process: setParam(beon = #1[0])
02-05 01:00:21.670   581   761 D DlbDap2Process: setParam(deon = #1[1])
02-05 01:00:21.670   581   761 D DlbDap2Process: setParam(ngon = #1[1])
02-05 01:00:21.670   581   761 D DlbDap2Process: setParam(aoon = #1[0])
02-05 01:00:21.670   581   761 D DlbDap2Process: setParam(aron = #1[1])
02-05 01:00:21.670   581   761 D DlbDap2Process: setParam(dvlo = #1[-320])
02-05 01:00:21.670   581   761 D DlbDap2Process: setParam(artp = #1[12])
02-05 01:00:21.671   581   761 D DlbDap2Process: setParam(aobs = #222[20, 10, 47, 141, 234, 328, 469, 656, 844, 1031, 1313, 1688, 2250, 3000, 3750, 4688, 5813, 7125, 9000, 11250, 13875, 19688, 0, 0, 0, 0, 0, 0, 0, 0, 0, 0, 0, 0, 0, 0, 0, 0, 0, 0, 0, 0, 0, 0, 0, 0, 0, 0, 0, 0, 0, 0, 0, 0, 0, 0, 0, 0, 0, 0, 0, 0, 0, 0, 0, 0, 0, 0, 0, 0, 0, 0, 0, 0, 0, 0, 0, 0, 0, 0, 0, 0, 0, 0, 0, 0, 0, 0, 0, 0, 0, 0, 0, 0, 0, 0, 0, 0, 0, 0, 0, 0, 0, 0, 0, 0, 0, 0, 0, 0, 0, 0, 0, 0, 0, 0, 0, 0, 0, 0, 0, 0, 0, 0, 0, 0, 0, 0, 0, 0, 0, 0, 0, 0, 0, 0, 0, 0, 0, 0, 0, 0, 0, 0, 0, 0, 0, 0, 0, 0, 0, 0, 0, 0, 0, 0, 0, 0, 0, 0, 0, 0, 0, 0, 0, 0, 0, 0, 0, 0, 0, 0, 0, 0, 0, 0, 0, 0, 0, 0, 0, 0, 0, 0, 0, 0, 0, 0, 0, 0, 0, 0, 0, 0, 0, 0, 0, 0, 0, 0, 0, 0, 0, 0, 0, 0, 0, 0, 0, 0, 0, 0, 0, 0, 0, 0, 0, 0, 0, 0, 0, 0])
02-05 01:00:21.671   581   761 D DlbDap2Process: setParam(arbs = #81[20, 47, 141, 234, 328, 469, 656, 844, 1031, 1313, 1688, 2250, 3000, 3750, 4688, 5813, 7125, 9000, 11250, 13875, 19688, -192, -192, -192, -192, -192, -192, -192, -192, -192, -192, -192, -192, -192, -192, -192, -192, -192, -192, -192, -192, 0, 0, 0, 0, 0, 0, 0, 0, 0, 0, 0, 0, 0, 0, 0, 0, 0, 0, 0, 0, 0, 0, 0, 0, 0, 0, 0, 0, 0, 0, 0, 0, 0, 0, 0, 0, 0, 0, 0, 0])
02-05 01:00:21.671   581   761 D DlbDapEndpointParamCache: doCommit() Committed 37 parameters out of 37.
02-05 01:00:21.682   581   761 D AudioFlinger: trackDestroyed() Track id 633 no longer contains processed audio
02-05 01:00:21.683   581  5115 D DlbDap2Process: setMave(mave = 0)
02-05 01:00:21.711   816   975 I ActivityManager: START u0 {flg=0x10000000 cmp=com.dolby.qa.featuretest/.MainActivity} from uid 2000
02-05 01:00:21.738 32401 32401 I zygote64: Late-enabling -Xcheck:jni
02-05 01:00:21.740   816  1084 I ActivityManager: Start proc 32401:com.dolby.qa.featuretest/u0a74 for activity com.dolby.qa.featuretest/.MainActivity
02-05 01:00:21.943 32401 32401 D featureTest: onCreate
02-05 01:00:22.012   581   761 D audio_hw_primary: disable_audio_route: usecase(1) reset and update mixer path: low-latency-playback
02-05 01:00:22.013   581   761 D audio_hw_primary: disable_snd_device: snd_device(5: headphones)
02-05 01:00:22.028 32401 32401 D AudioTrack: Client defaulted notificationFrames to 962 for frameCount 1924
02-05 01:00:22.034 32401 32401 W AudioTrack: Use of stream types is deprecated for operations other than volume control
02-05 01:00:22.034 32401 32401 W AudioTrack: See the documentation of AudioTrack() for what to use instead with android.media.AudioAttributes to qualify your playback use case
02-05 01:00:22.048 32401 32401 W DolbyAudioEffect: WARNING: attaching a DolbyAudioEffect to global output mix is deprecated!
02-05 01:00:22.059 32401 32401 D featureTest: onResume
02-05 01:00:22.078 32401 32418 D OpenGLRenderer: HWUI GL Pipeline
02-05 01:00:22.158 32401 32418 I Adreno  : QUALCOMM build                   : 7142022, Ib5823dd10c
02-05 01:00:22.158 32401 32418 I Adreno  : Build Date                       : 06/23/17
02-05 01:00:22.158 32401 32418 I Adreno  : OpenGL ES Shader Compiler Version: EV031.18.00.00
02-05 01:00:22.158 32401 32418 I Adreno  : Local Branch                     : O11A
02-05 01:00:22.158 32401 32418 I Adreno  : Remote Branch                    : 
02-05 01:00:22.158 32401 32418 I Adreno  : Remote Branch                    : 
02-05 01:00:22.158 32401 32418 I Adreno  : Reconstruct Branch               : 
02-05 01:00:22.159 32401 32418 I vndksupport: sphal namespace is not configured for this process. Loading /vendor/lib64/hw/gralloc.msm8994.so from the current namespace instead.
02-05 01:00:22.167 32401 32418 I Adreno  : PFP: 0x00000000, ME: 0x00000000
02-05 01:00:22.172 32401 32418 I OpenGLRenderer: Initialized EGL, version 1.4
02-05 01:00:22.172 32401 32418 D OpenGLRenderer: Swap behavior 2
02-05 01:00:22.176   816   843 W ActivityManager: setHasOverlayUi called on unknown pid: 32319
02-05 01:00:22.213   365   365 W /system/bin/hwservicemanager: getTransportFromManifest: Cannot find entry android.hardware.graphics.mapper@2.0::IMapper in either framework or device manifest, using default transport.
02-05 01:00:22.216 32401 32418 I vndksupport: sphal namespace is not configured for this process. Loading /vendor/lib64/hw/gralloc.msm8994.so from the current namespace instead.
02-05 01:00:22.242   816   843 I ActivityManager: Displayed com.dolby.qa.featuretest/.MainActivity: +510ms
02-05 01:00:22.369   816   816 W NotificationService: Object died trying to hide notification android.app.ITransientNotification$Stub$Proxy@9d5ec0e in package com.dolby.qa.featuretest
02-05 01:00:22.369   816   816 W WindowManager: removeWindowToken: Attempted to remove non-existing token: android.os.Binder@a58f780
02-05 01:00:22.539  2401  2517 W OpenGLRenderer: Incorrectly called buildLayer on View: ShortcutAndWidgetContainer, destroying layer...
02-05 01:00:22.795 32401 32401 D featureTest: receive broadcast , playing content location :/sdcard/featureTest/2ch_channel_id.wav
02-05 01:00:22.803 32401 32401 D featureTest: mMediaPlayer.getAudioSessionId(): 4665
02-05 01:00:22.803 32401 32401 D featureTest: Playing file: /sdcard/featureTest/2ch_channel_id.wav
02-05 01:00:22.805   589   589 D NuPlayerDriver: NuPlayerDriver(0xe5732310) created, clientPid(32401)
02-05 01:00:22.806 32432 32432 W generic : type=1400 audit(0.0:2944): avc: denied { read } for path="/storage/emulated/0/featuretest/2ch_channel_id.wav" dev="sdcardfs" ino=523313 scontext=u:r:mediaextractor:s0 tcontext=u:object_r:sdcardfs:s0 tclass=file permissive=0
02-05 01:00:22.806 32401 32401 W MediaPlayer: Use of stream types is deprecated for operations other than volume control
02-05 01:00:22.807 32401 32401 W MediaPlayer: See the documentation of setAudioStreamType() for what to use instead with android.media.AudioAttributes to qualify your playback use case
02-05 01:00:22.809   589 32432 D GenericSource: FileSource remote
02-05 01:00:22.809   589 32432 W GenericSource: extractor service cannot make data source
02-05 01:00:22.809   589 32432 D GenericSource: FileSource local
02-05 01:00:22.830   587   693 D MediaBufferGroup: creating MemoryDealer
02-05 01:00:22.831   589 32430 D NuPlayerDriver: notifyListener_l(0xe5732310), (1, 0, 0, -1), loop setting(0, 0)
02-05 01:00:22.840   589   589 D NuPlayerDriver: start(0xe5732310), state is 4, eos is 0
02-05 01:00:22.840   589 32430 I GenericSource: start
02-05 01:00:22.845 32401 32401 W DolbyAudioEffect: WARNING: attaching a DolbyAudioEffect to global output mix is deprecated!
02-05 01:00:22.846   593  5353 I OMXMaster: makeComponentInstance(OMX.google.raw.decoder) in android.hardwar process
02-05 01:00:22.849   593   712 E OMXNodeInstance: setConfig(0xf10a3320:google.raw.decoder, ConfigPriority(0x6f800002)) ERROR: Undefined(0x80001001)
02-05 01:00:22.850   589 32438 I ACodec  : codec does not support config priority (err -2147483648)
02-05 01:00:22.850   593 20514 E OMXNodeInstance: getConfig(0xf10a3320:google.raw.decoder, ConfigAndroidVendorExtension(0x6f100004)) ERROR: Undefined(0x80001001)
02-05 01:00:22.851   589 32438 I MediaCodec: MediaCodec will operate in async mode
02-05 01:00:22.860   589 32436 D AudioTrack: Client defaulted notificationFrames to 12000 for frameCount 24000
02-05 01:00:22.861   581   730 D DlbDlbEffect: handle_EFFECT_CMD_DISABLE()
02-05 01:00:22.861   581   730 D DlbDapCrossfadeProcess: setEnabled transitioning from DAP_ACTIVE state to FADE_TO_BYPASS
02-05 01:00:22.863   416   416 W /system/bin/hw/android.hidl.allocator@1.0-service: ashmem_create_region(7680) returning hidl_memory(0x7590c2c2e0, 7680)
02-05 01:00:22.863 32401 32401 D featureTest: receive broadcast , change ds status :1
02-05 01:00:22.863   581   730 D DlbDlbEffect: handle_EFFECT_CMD_SET_CONFIG()
02-05 01:00:22.863   581   730 D DlbDapEndpointParamCache: setDevice(device=0x00000008)
02-05 01:00:22.863   421   421 D DMSService: setActiveDevice called with device = 0x8
02-05 01:00:22.864   581   730 D DlbDlbEffect: handle_EFFECT_CMD_ENABLE()
02-05 01:00:22.864   581   730 D DlbDapCrossfadeProcess: setEnabled transitioning from FADE_TO_BYPASS state to FADE_TO_ACTIVE
02-05 01:00:22.865   589 32430 D NuPlayerDriver: notifyListener_l(0xe5732310), (6, 0, 0, -1), loop setting(0, 1)
02-05 01:00:22.865   581  5115 D DlbDlbBufferProvider: updateCapacity(): update capacity to 1920
02-05 01:00:22.865   581  5115 D DlbDlbBufferProvider: updateCapacity() Allocating new memory for the buffer.
02-05 01:00:22.875   581  5115 D DlbDapCrossfadeProcess: process transitioning from FADE_TO_ACTIVE state to DAP_ACTIVE
02-05 01:00:22.876   581  5111 D audio_hw_primary: enable_snd_device: snd_device(5: headphones)
02-05 01:00:22.881   581  5111 D audio_hw_primary: enable_audio_route: usecase(0) apply and update mixer path: deep-buffer-playback
02-05 01:00:22.888   581  5142 D DlbDlbEffect: handle_EFFECT_CMD_SET_PARAM()
02-05 01:00:22.945 32401 32401 D featureTest: receive broadcast , change ds profile id :2
02-05 01:00:22.958   581  5355 D DlbDlbEffect: handle_EFFECT_CMD_SET_PARAM()
02-05 01:00:22.958   421   460 I DapController: Profile Changed to Music
02-05 01:00:22.963   581  5115 D DlbDapEndpointParamCache: commitChangedParams()
02-05 01:00:22.963   581  5115 D DlbDapEndpointParamCache: commit() Applying parameters for device 0x40000000
02-05 01:00:22.963   581  5115 D DlbDap2Process: setParam(iea = #1[10])
02-05 01:00:22.963   581  5115 D DlbDap2Process: setParam(msce = #1[0])
02-05 01:00:22.963   581  5115 D DlbDap2Process: setParam(mdee = #1[0])
02-05 01:00:22.963   581  5115 D DlbDap2Process: setParam(miee = #1[0])
02-05 01:00:22.963   581  5115 D DlbDap2Process: setParam(mdle = #1[0])
02-05 01:00:22.963   581  5115 D DlbDap2Process: setParam(dvle = #1[1])
02-05 01:00:22.963   581  5115 D DlbDap2Process: setParam(mave = #1[0])
02-05 01:00:22.963   581  5115 D DlbDap2Process: setParam(vcbf = #20[47, 141, 234, 328, 469, 656, 844, 1031, 1313, 1688, 2250, 3000, 3750, 4688, 5813, 7125, 9000, 11250, 13875, 19688])
02-05 01:00:22.964   581  5115 D DlbDap2Process: setParam(vbon = #1[0])
02-05 01:00:22.964   581  5115 D DlbDap2Process: setParam(beon = #1[0])
02-05 01:00:22.964   581  5115 D DlbDap2Process: setParam(geon = #1[0])
02-05 01:00:22.964   581  5115 D DlbDap2Process: setParam(ieon = #1[1])
02-05 01:00:22.964   581  5115 D DlbDap2Process: setParam(gebs = #41[20, 47, 141, 234, 328, 469, 656, 844, 1031, 1313, 1688, 2250, 3000, 3750, 4688, 5813, 7125, 9000, 11250, 13875, 19688, 0, 0, 0, 0, 0, 0, 0, 0, 0, 0, 0, 0, 0, 0, 0, 0, 0, 0, 0, 0])
02-05 01:00:22.964   581  5115 D DlbDap2Process: setParam(iebs = #41[20, 65, 136, 223, 332, 467, 634, 841, 1098, 1416, 1812, 2302, 2909, 3663, 4598, 5756, 7194, 8976, 11186, 13927, 17326, 117, 133, 188, 176, 141, 149, 175, 185, 185, 200, 236, 242, 228, 213, 182, 132, 110, 68, -27, -240])
02-05 01:00:22.964   581  5115 D DlbDapEndpointParamCache: doCommit() Committed 15 parameters out of 16.
02-05 01:00:22.964   581  5115 D DlbDapEndpointParamCache: commit() Overriding parameters for current device 0x00000008
02-05 01:00:22.964   581  5115 D DlbDap2Process: setParam(dea = #1[7])
02-05 01:00:22.964   581  5115 D DlbDap2Process: setParam(dsa = #1[10])
02-05 01:00:22.964   581  5115 D DlbDap2Process: setParam(beb = #1[96])
02-05 01:00:22.964   581  5115 D DlbDap2Process: setParam(plb = #1[0])
02-05 01:00:22.964   581  5115 D DlbDap2Process: setParam(vmb = #1[144])
02-05 01:00:22.964   581  5115 D DlbDap2Process: setParam(dsb = #1[48])
02-05 01:00:22.964   581  5115 D DlbDap2Process: setParam(ded = #1[0])
02-05 01:00:22.964   581  5115 D DlbDap2Process: setParam(vbm = #1[0])
02-05 01:00:22.964   581  5115 D DlbDap2Process: DAP output mode set to 1 with 2 output channels and null mix matrix.
02-05 01:00:22.964   581  5115 D DlbDap2Process: setParam(dom = #1[0])
02-05 01:00:22.964   581  5115 D DlbDap2Process: setParam(bew = #1[16])
02-05 01:00:22.964   581  5115 D DlbDap2Process: setParam(dvla = #1[4])
02-05 01:00:22.964   581  5115 D DlbDap2Process: setParam(arra = #1[96])
02-05 01:00:22.964   581  5115 D DlbDap2Process: setParam(dfsa = #1[10])
02-05 01:00:22.964   581  5115 D DlbDap2Process: setParam(dhsa = #1[10])
02-05 01:00:22.964   581  5115 D DlbDap2Process: setParam(dvmc = #1[160])
02-05 01:00:22.964   581  5115 D DlbDap2Process: setParam(arod = #1[0])
02-05 01:00:22.964   581  5115 D DlbDap2Process: setParam(arde = #1[0])
02-05 01:00:22.964   581  5115 D DlbDap2Process: setParam(dvle = #1[1])
02-05 01:00:22.964   581  5115 D DlbDap2Process: setParam(dvme = #1[0])
02-05 01:00:22.964   581  5115 D DlbDap2Process: setParam(becf = #1[160])
02-05 01:00:22.964   581  5115 D DlbDap2Process: setParam(vbmf = #2[99, 281])
02-05 01:00:22.964   581  5115 D DlbDap2Process: setParam(vbsf = #2[30, 90])
02-05 01:00:22.965   581  5115 D DlbDap2Process: setParam(vbhg = #3[-48, -480, -240])
02-05 01:00:22.965   581  5115 D DlbDap2Process: setParam(vbog = #1[0])
02-05 01:00:22.965   581  5115 D DlbDap2Process: setParam(vbsg = #1[0])
02-05 01:00:22.965   581  5115 D DlbDap2Process: setParam(dvli = #1[-320])
02-05 01:00:22.965   581  5115 D DlbDap2Process: setParam(dhfm = #1[0])
02-05 01:00:22.965   581  5115 D DlbDap2Process: setParam(vbon = #1[0])
02-05 01:00:22.965   581  5115 D DlbDap2Process: setParam(beon = #1[0])
02-05 01:00:22.965   581  5115 D DlbDap2Process: setParam(deon = #1[0])
02-05 01:00:22.965   581  5115 D DlbDap2Process: setParam(ngon = #1[1])
02-05 01:00:22.965   581  5115 D DlbDap2Process: setParam(aoon = #1[0])
02-05 01:00:22.965   581  5115 D DlbDap2Process: setParam(aron = #1[1])
02-05 01:00:22.965   581  5115 D DlbDap2Process: setParam(dvlo = #1[-320])
02-05 01:00:22.965   581  5115 D DlbDap2Process: setParam(artp = #1[12])
02-05 01:00:22.965   581  5115 D DlbDap2Process: setParam(aobs = #222[20, 10, 47, 141, 234, 328, 469, 656, 844, 1031, 1313, 1688, 2250, 3000, 3750, 4688, 5813, 7125, 9000, 11250, 13875, 19688, 0, 0, 0, 0, 0, 0, 0, 0, 0, 0, 0, 0, 0, 0, 0, 0, 0, 0, 0, 0, 0, 0, 0, 0, 0, 0, 0, 0, 0, 0, 0, 0, 0, 0, 0, 0, 0, 0, 0, 0, 0, 0, 0, 0, 0, 0, 0, 0, 0, 0, 0, 0, 0, 0, 0, 0, 0, 0, 0, 0, 0, 0, 0, 0, 0, 0, 0, 0, 0, 0, 0, 0, 0, 0, 0, 0, 0, 0, 0, 0, 0, 0, 0, 0, 0, 0, 0, 0, 0, 0, 0, 0, 0, 0, 0, 0, 0, 0, 0, 0, 0, 0, 0, 0, 0, 0, 0, 0, 0, 0, 0, 0, 0, 0, 0, 0, 0, 0, 0, 0, 0, 0, 0, 0, 0, 0, 0, 0, 0, 0, 0, 0, 0, 0, 0, 0, 0, 0, 0, 0, 0, 0, 0, 0, 0, 0, 0, 0, 0, 0, 0, 0, 0, 0, 0, 0, 0, 0, 0, 0, 0, 0, 0, 0, 0, 0, 0, 0, 0, 0, 0, 0, 0, 0, 0, 0, 0, 0, 0, 0, 0, 0, 0, 0, 0, 0, 0, 0, 0, 0, 0, 0, 0, 0, 0, 0, 0, 0, 0, 0])
02-05 01:00:22.966   581  5115 D DlbDap2Process: setParam(arbs = #81[20, 47, 141, 234, 328, 469, 656, 844, 1031, 1313, 1688, 2250, 3000, 3750, 4688, 5813, 7125, 9000, 11250, 13875, 19688, -192, -192, -192, -192, -192, -192, -192, -192, -192, -192, -192, -192, -192, -192, -192, -192, -192, -192, -192, -192, 0, 0, 0, 0, 0, 0, 0, 0, 0, 0, 0, 0, 0, 0, 0, 0, 0, 0, 0, 0, 0, 0, 0, 0, 0, 0, 0, 0, 0, 0, 0, 0, 0, 0, 0, 0, 0, 0, 0, 0])
02-05 01:00:22.966   581  5115 D DlbDapEndpointParamCache: doCommit() Committed 37 parameters out of 37.
02-05 01:00:22.966   581  5115 D DlbDap2Process: setMave(mave = 0)
02-05 01:00:23.016 32401 32401 D featureTest: receive broadcast , record log :0
02-05 01:00:23.060   581   770 D AudioFlinger: mixer(0xf2983980) throttle end: throttle time(34)
02-05 01:00:23.946   581  5115 D DlbDap2Process: process() called [334000] times
02-05 01:00:24.900   816   816 W WindowManager: removeWindowToken: Attempted to remove non-existing token: android.os.Binder@ed5c64b
02-05 01:00:24.949   429   429 D SurfaceFlinger: duplicate layer name: changing Toast to Toast#1
02-05 01:00:26.621   581  5115 D DlbDap2Process: process() called [334500] times
02-05 01:00:26.919   816   816 W WindowManager: removeWindowToken: Attempted to remove non-existing token: android.os.Binder@fe4787d
