02-05 01:04:19.881   593  2704 D DlbDap2QmfProcess: setParam(dhfm = #1[0])
02-05 01:04:19.881   593  2704 D DlbDap2QmfProcess: setParam(deon = #1[0])
02-05 01:04:19.881   593  2704 D DlbDap2QmfProcess: setParam(ngon = #1[1])
02-05 01:04:19.881   593  2704 D DlbDap2QmfProcess: setParam(dvlo = #1[-320])
02-05 01:04:19.882   593  2704 D DlbDap2QmfProcess: setParam(aobs = #222[20, 10, 47, 141, 234, 328, 469, 656, 844, 1031, 1313, 1688, 2250, 3000, 3750, 4688, 5813, 7125, 9000, 11250, 13875, 19688, 0, 0, 0, 0, 0, 0, 0, 0, 0, 0, 0, 0, 0, 0, 0, 0, 0, 0, 0, 0, 0, 0, 0, 0, 0, 0, 0, 0, 0, 0, 0, 0, 0, 0, 0, 0, 0, 0, 0, 0, 0, 0, 0, 0, 0, 0, 0, 0, 0, 0, 0, 0, 0, 0, 0, 0, 0, 0, 0, 0, 0, 0, 0, 0, 0, 0, 0, 0, 0, 0, 0, 0, 0, 0, 0, 0, 0, 0, 0, 0, 0, 0, 0, 0, 0, 0, 0, 0, 0, 0, 0, 0, 0, 0, 0, 0, 0, 0, 0, 0, 0, 0, 0, 0, 0, 0, 0, 0, 0, 0, 0, 0, 0, 0, 0, 0, 0, 0, 0, 0, 0, 0, 0, 0, 0, 0, 0, 0, 0, 0, 0, 0, 0, 0, 0, 0, 0, 0, 0, 0, 0, 0, 0, 0, 0, 0, 0, 0, 0, 0, 0, 0, 0, 0, 0, 0, 0, 0, 0, 0, 0, 0, 0, 0, 0, 0, 0, 0, 0, 0, 0, 0, 0, 0, 0, 0, 0, 0, 0, 0, 0, 0, 0, 0, 0, 0, 0, 0, 0, 0, 0, 0, 0, 0, 0, 0, 0, 0, 0, 0])
02-05 01:04:19.882   593  2704 D DlbDap2QmfProcess: setParam(dvle = #1[1])
02-05 01:04:19.882   593  2704 D DlbDap2QmfProcess: setParam(dvli = #1[-496])
02-05 01:04:19.882   593  2704 D DlbDap2QmfProcess: setParam(dvlo = #1[-176])
02-05 01:04:19.882   593  2704 D ARenderer: updateDapVolumeLeveler: Setting output level to -11.00dB
02-05 01:04:19.882   593  2704 D DlbDap2QmfProcess: setParam(vmb = #1[0])
02-05 01:04:19.882   593  2704 D DlbDap2QmfProcess: setParam(preg = #1[-384])
02-05 01:04:19.882   593  2704 D DlbDap2QmfProcess: setParam(vol = #1[384])
02-05 01:04:19.882   593  2704 D DlbDlbBufferProvider: setConfig() Updating buffer configuration.
02-05 01:04:19.882   593  2704 D DlbDap2QmfProcess: processQmf() called [0] times
02-05 01:04:19.882   593  2704 D DlbDap2QmfProcess: setMave(mave = 0)
02-05 01:04:19.888   581  5356 D DlbDlbEffect: handle_EFFECT_CMD_SET_PARAM()
02-05 01:04:19.889   421   460 I DapController: Profile Changed to Custom
02-05 01:04:19.893   589  2698 D AudioTrack: Client defaulted notificationFrames to 12000 for frameCount 24000
02-05 01:04:19.893   581  7829 I AudioFlinger: attachAuxEffect(): Marking track 697 as containing processed audio
02-05 01:04:19.893   581  7829 D AudioFlinger: trackContainsProcessedAudio() Track id 697 contains processed audio
02-05 01:04:19.894   581  7829 D DlbDlbEffect: handle_EFFECT_CMD_DISABLE()
02-05 01:04:19.894   581  7829 D DlbDapCrossfadeProcess: setEnabled transitioning from PREROLL_ACTIVE state to DAP_BYPASSED
02-05 01:04:19.895   416   416 W /system/bin/hw/android.hidl.allocator@1.0-service: ashmem_create_region(7680) returning hidl_memory(0x7590c2c2e0, 7680)
02-05 01:04:19.895   581  7829 D DlbDlbEffect: handle_EFFECT_CMD_SET_CONFIG()
02-05 01:04:19.895   581  7829 D DlbDapEndpointParamCache: setDevice(device=0x00000008)
02-05 01:04:19.895   421   421 D DMSService: setActiveDevice called with device = 0x8
02-05 01:04:19.895   581  7829 D DlbDlbEffect: handle_EFFECT_CMD_ENABLE()
02-05 01:04:19.895   581  7829 D DlbDapCrossfadeProcess: setEnabled transitioning from DAP_BYPASSED state to PREROLL_ACTIVE
02-05 01:04:19.896   581  7829 D AudioFlinger: trackStateChanged() Track id 697 state changed to 6
02-05 01:04:19.896   581  7829 I AudioFlinger: updateProcessedAudioState() Changing content processing in effect to 1
02-05 01:04:19.896   581  7829 D DlbDlbEffect: handle_EFFECT_CMD_SET_PARAM()
02-05 01:04:19.897   581  7829 I DlbEffectContext: setContentProcEnabled() Disabling content processing in effect
02-05 01:04:19.898   581  7829 D DlbDapEndpointParamCache: commitChangedParams()
02-05 01:04:19.898   581  7829 D DlbDapEndpointParamCache: commit() Applying parameters for device 0x40000000
02-05 01:04:19.898   581  7829 D DlbDap2Process: setParam(msce = #1[0])
02-05 01:04:19.898   581  7829 D DlbDap2Process: setParam(mdee = #1[0])
02-05 01:04:19.898   581  7829 D DlbDap2Process: setParam(miee = #1[0])
02-05 01:04:19.898   581  7829 D DlbDap2Process: setParam(mdle = #1[0])
02-05 01:04:19.898   581  7829 D DlbDap2Process: setParam(dvle = #1[0])
02-05 01:04:19.898   581  7829 D DlbDap2Process: setParam(mave = #1[0])
02-05 01:04:19.898   581  7829 D DlbDap2Process: setParam(ieon = #1[0])
02-05 01:04:19.898   581  7829 D DlbDapEndpointParamCache: doCommit() Committed 7 parameters out of 16.
02-05 01:04:19.898   581  7829 D DlbDapEndpointParamCache: commit() Overriding parameters for current device 0x00000008
02-05 01:04:19.898   581  7829 D DlbDap2Process: setParam(dom = #1[0])
02-05 01:04:19.898   581  7829 D DlbDap2Process: setParam(dvle = #1[0])
02-05 01:04:19.898   581  7829 D DlbDap2Process: setParam(dvme = #1[0])
02-05 01:04:19.898   581  7829 D DlbDap2Process: setParam(deon = #1[0])
02-05 01:04:19.898   581  7829 D DlbDap2Process: setParam(ngon = #1[0])
02-05 01:04:19.898   581  7829 D DlbDapEndpointParamCache: doCommit() Committed 5 parameters out of 37.
02-05 01:04:19.899   589  2693 D NuPlayerDriver: notifyListener_l(0xe5732af0), (6, 0, 0, -1), loop setting(0, 1)
02-05 01:04:19.901   593  2704 D ARenderer: updateDapConfig: Updating DAP configuration
02-05 01:04:19.901   593  2704 D DlbDap2QmfProcess: setParam(iea = #1[10])
02-05 01:04:19.901   593  2704 D DlbDap2QmfProcess: setParam(msce = #1[0])
02-05 01:04:19.901   593  2704 D DlbDap2QmfProcess: setParam(mdee = #1[0])
02-05 01:04:19.901   593  2704 D DlbDap2QmfProcess: setParam(miee = #1[0])
02-05 01:04:19.901   593  2704 D DlbDap2QmfProcess: setParam(mdle = #1[0])
02-05 01:04:19.901   593  2704 D DlbDap2QmfProcess: setParam(dvle = #1[1])
02-05 01:04:19.901   593  2704 D DlbDap2QmfProcess: setParam(mave = #1[0])
02-05 01:04:19.901   593  2704 D DlbDap2QmfProcess: setParam(vcbf = #20[47, 141, 234, 328, 469, 656, 844, 1031, 1313, 1688, 2250, 3000, 3750, 4688, 5813, 7125, 9000, 11250, 13875, 19688])
02-05 01:04:19.901   593  2704 D DlbDap2QmfProcess: setParam(ieon = #1[0])
02-05 01:04:19.901   593  2704 D DlbDap2QmfProcess: setParam(gebs = #41[20, 47, 141, 234, 328, 469, 656, 844, 1031, 1313, 1688, 2250, 3000, 3750, 4688, 5813, 7125, 9000, 11250, 13875, 19688, 0, 0, 0, 0, 0, 0, 0, 0, 0, 0, 0, 0, 0, 0, 0, 0, 0, 0, 0, 0])
02-05 01:04:19.901   593  2704 D DlbDap2QmfProcess: setParam(iebs = #41[20, 65, 136, 223, 332, 467, 634, 841, 1098, 1416, 1812, 2302, 2909, 3663, 4598, 5756, 7194, 8976, 11186, 13927, 17326, 117, 133, 188, 176, 141, 149, 175, 185, 185, 200, 236, 242, 228, 213, 182, 132, 110, 68, -27, -240])
02-05 01:04:19.901   593  2704 D DlbDap2QmfProcess: setParam(dea = #1[7])
02-05 01:04:19.902   593  2704 D DlbDap2QmfProcess: setParam(dsa = #1[10])
02-05 01:04:19.902   593  2704 D DlbDap2QmfProcess: setParam(beb = #1[96])
02-05 01:04:19.902   593  2704 D DlbDap2QmfProcess: setParam(plb = #1[0])
02-05 01:04:19.902   593  2704 D DlbDap2QmfProcess: setParam(vmb = #1[144])
02-05 01:04:19.902   593  2704 D DlbDap2QmfProcess: setParam(dsb = #1[48])
02-05 01:04:19.902   593  2704 D DlbDap2QmfProcess: setParam(ded = #1[0])
02-05 01:04:19.902   593  2704 D DlbDap2QmfProcess: setParam(dom = #1[0])
02-05 01:04:19.902   593  2704 D DlbDap2QmfProcess: setParam(bew = #1[16])
02-05 01:04:19.902   593  2704 D DlbDap2QmfProcess: setParam(dvla = #1[5])
02-05 01:04:19.902   589 26717 W MediaClock: reject anchor time since it is negative.
02-05 01:04:19.902   593  2704 D DlbDap2QmfProcess: setParam(dfsa = #1[10])
02-05 01:04:19.902   593  2704 D DlbDap2QmfProcess: setParam(dhsa = #1[10])
02-05 01:04:19.902   593  2704 D DlbDap2QmfProcess: setParam(dvmc = #1[160])
02-05 01:04:19.902   593  2704 D DlbDap2QmfProcess: setParam(dvle = #1[1])
02-05 01:04:19.902   593  2704 D DlbDap2QmfProcess: setParam(dvme = #1[0])
02-05 01:04:19.902   593  2704 D DlbDap2QmfProcess: setParam(becf = #1[160])
02-05 01:04:19.902   593  2704 D DlbDap2QmfProcess: setParam(vbmf = #2[99, 281])
02-05 01:04:19.902   593  2704 D DlbDap2QmfProcess: setParam(vbsf = #2[30, 90])
02-05 01:04:19.902   593  2704 D DlbDap2QmfProcess: setParam(vbhg = #3[-48, -480, -240])
02-05 01:04:19.902   593  2704 D DlbDap2QmfProcess: setParam(vbog = #1[0])
02-05 01:04:19.902   593  2704 D DlbDap2QmfProcess: setParam(vbsg = #1[0])
02-05 01:04:19.902   593  2704 D DlbDap2QmfProcess: setParam(dvli = #1[-320])
02-05 01:04:19.902   593  2704 D DlbDap2QmfProcess: setParam(dhfm = #1[0])
02-05 01:04:19.902   593  2704 D DlbDap2QmfProcess: setParam(deon = #1[0])
02-05 01:04:19.902   593  2704 D DlbDap2QmfProcess: setParam(ngon = #1[1])
02-05 01:04:19.902   593  2704 D DlbDap2QmfProcess: setParam(dvlo = #1[-320])
02-05 01:04:19.902   593  2704 D DlbDap2QmfProcess: setParam(aobs = #222[20, 10, 47, 141, 234, 328, 469, 656, 844, 1031, 1313, 1688, 2250, 3000, 3750, 4688, 5813, 7125, 9000, 11250, 13875, 19688, 0, 0, 0, 0, 0, 0, 0, 0, 0, 0, 0, 0, 0, 0, 0, 0, 0, 0, 0, 0, 0, 0, 0, 0, 0, 0, 0, 0, 0, 0, 0, 0, 0, 0, 0, 0, 0, 0, 0, 0, 0, 0, 0, 0, 0, 0, 0, 0, 0, 0, 0, 0, 0, 0, 0, 0, 0, 0, 0, 0, 0, 0, 0, 0, 0, 0, 0, 0, 0, 0, 0, 0, 0, 0, 0, 0, 0, 0, 0, 0, 0, 0, 0, 0, 0, 0, 0, 0, 0, 0, 0, 0, 0, 0, 0, 0, 0, 0, 0, 0, 0, 0, 0, 0, 0, 0, 0, 0, 0, 0, 0, 0, 0, 0, 0, 0, 0, 0, 0, 0, 0, 0, 0, 0, 0, 0, 0, 0, 0, 0, 0, 0, 0, 0, 0, 0, 0, 0, 0, 0, 0, 0, 0, 0, 0, 0, 0, 0, 0, 0, 0, 0, 0, 0, 0, 0, 0, 0, 0, 0, 0, 0, 0, 0, 0, 0, 0, 0, 0, 0, 0, 0, 0, 0, 0, 0, 0, 0, 0, 0, 0, 0, 0, 0, 0, 0, 0, 0, 0, 0, 0, 0, 0, 0, 0, 0, 0, 0, 0, 0])
02-05 01:04:19.902   593  2704 D DlbDap2QmfProcess: setParam(dvle = #1[1])
02-05 01:04:19.902   593  2704 D DlbDap2QmfProcess: setParam(dvli = #1[-496])
02-05 01:04:19.902   593  2704 D DlbDap2QmfProcess: setParam(dvlo = #1[-176])
02-05 01:04:19.902   593  2704 D ARenderer: updateDapVolumeLeveler: Setting output level to -11.00dB
02-05 01:04:19.902   593  2704 D DlbDap2QmfProcess: setParam(vmb = #1[0])
02-05 01:04:19.902   593  2704 D DlbDap2QmfProcess: setParam(preg = #1[-384])
02-05 01:04:19.902   593  2704 D DlbDap2QmfProcess: setParam(vol = #1[384])
02-05 01:04:19.902   593  2704 D DlbDap2QmfProcess: setMave(mave = 0)
02-05 01:04:19.942   581  5115 D DlbDapEndpointParamCache: commitChangedParams()
02-05 01:04:19.942   581  5115 D DlbDapEndpointParamCache: commit() Applying parameters for device 0x40000000
02-05 01:04:19.942   581  5115 D DlbDap2Process: setParam(iea = #1[10])
02-05 01:04:19.942   581  5115 D DlbDap2Process: setParam(vcbf = #20[47, 141, 234, 328, 469, 656, 844, 1031, 1313, 1688, 2250, 3000, 3750, 4688, 5813, 7125, 9000, 11250, 13875, 19688])
02-05 01:04:19.942   581  5115 D DlbDap2Process: setParam(vbon = #1[0])
02-05 01:04:19.942   581  5115 D DlbDap2Process: setParam(beon = #1[0])
02-05 01:04:19.942   581  5115 D DlbDap2Process: setParam(geon = #1[0])
02-05 01:04:19.942   581  5115 D DlbDap2Process: setParam(gebs = #41[20, 47, 141, 234, 328, 469, 656, 844, 1031, 1313, 1688, 2250, 3000, 3750, 4688, 5813, 7125, 9000, 11250, 13875, 19688, 0, 0, 0, 0, 0, 0, 0, 0, 0, 0, 0, 0, 0, 0, 0, 0, 0, 0, 0, 0])
02-05 01:04:19.942   581  5115 D DlbDap2Process: setParam(iebs = #41[20, 65, 136, 223, 332, 467, 634, 841, 1098, 1416, 1812, 2302, 2909, 3663, 4598, 5756, 7194, 8976, 11186, 13927, 17326, 117, 133, 188, 176, 141, 149, 175, 185, 185, 200, 236, 242, 228, 213, 182, 132, 110, 68, -27, -240])
02-05 01:04:19.942   581  5115 D DlbDapEndpointParamCache: doCommit() Committed 8 parameters out of 16.
02-05 01:04:19.942   581  5115 D DlbDapEndpointParamCache: commit() Overriding parameters for current device 0x00000008
02-05 01:04:19.942   581  5115 D DlbDap2Process: setParam(dea = #1[7])
02-05 01:04:19.942   581  5115 D DlbDap2Process: setParam(dsa = #1[10])
02-05 01:04:19.942   581  5115 D DlbDap2Process: setParam(beb = #1[96])
02-05 01:04:19.942   581  5115 D DlbDap2Process: setParam(plb = #1[0])
02-05 01:04:19.942   581  5115 D DlbDap2Process: setParam(vmb = #1[144])
02-05 01:04:19.943   581  5115 D DlbDap2Process: setParam(dsb = #1[48])
02-05 01:04:19.943   581  5115 D DlbDap2Process: setParam(ded = #1[0])
02-05 01:04:19.943   581  5115 D DlbDap2Process: setParam(vbm = #1[0])
02-05 01:04:19.943   581  5115 D DlbDap2Process: setParam(bew = #1[16])
02-05 01:04:19.943  2636  2636 D featureTest: receive broadcast , change headphone sound virtualizer :1
02-05 01:04:19.943   581  5115 D DlbDap2Process: setParam(dvla = #1[5])
02-05 01:04:19.943   581  5115 D DlbDap2Process: setParam(arra = #1[96])
02-05 01:04:19.943   581  5115 D DlbDap2Process: setParam(dfsa = #1[10])
02-05 01:04:19.943   581  5115 D DlbDap2Process: setParam(dhsa = #1[10])
02-05 01:04:19.943   581  5115 D DlbDap2Process: setParam(dvmc = #1[160])
02-05 01:04:19.943   581  5115 D DlbDap2Process: setParam(arod = #1[0])
02-05 01:04:19.943   581  5115 D DlbDap2Process: setParam(arde = #1[0])
02-05 01:04:19.943   581  5115 D DlbDap2Process: setParam(becf = #1[160])
02-05 01:04:19.943   581  5115 D DlbDap2Process: setParam(vbmf = #2[99, 281])
02-05 01:04:19.943   581  5115 D DlbDap2Process: setParam(vbsf = #2[30, 90])
02-05 01:04:19.943   581  5115 D DlbDap2Process: setParam(vbhg = #3[-48, -480, -240])
02-05 01:04:19.943   581  5115 D DlbDap2Process: setParam(vbog = #1[0])
02-05 01:04:19.943   581  5115 D DlbDap2Process: setParam(vbsg = #1[0])
02-05 01:04:19.943   581  5115 D DlbDap2Process: setParam(dvli = #1[-320])
02-05 01:04:19.943   581  5115 D DlbDap2Process: setParam(dhfm = #1[0])
02-05 01:04:19.943   581  5115 D DlbDap2Process: setParam(vbon = #1[0])
02-05 01:04:19.943   581  5115 D DlbDap2Process: setParam(beon = #1[0])
02-05 01:04:19.943   581  5115 D DlbDap2Process: setParam(aoon = #1[0])
02-05 01:04:19.943   581  5115 D DlbDap2Process: setParam(aron = #1[1])
02-05 01:04:19.943   581  5115 D DlbDap2Process: setParam(dvlo = #1[-320])
02-05 01:04:19.943   581  5115 D DlbDap2Process: setParam(artp = #1[12])
02-05 01:04:19.944   581  5115 D DlbDap2Process: setParam(aobs = #222[20, 10, 47, 141, 234, 328, 469, 656, 844, 1031, 1313, 1688, 2250, 3000, 3750, 4688, 5813, 7125, 9000, 11250, 13875, 19688, 0, 0, 0, 0, 0, 0, 0, 0, 0, 0, 0, 0, 0, 0, 0, 0, 0, 0, 0, 0, 0, 0, 0, 0, 0, 0, 0, 0, 0, 0, 0, 0, 0, 0, 0, 0, 0, 0, 0, 0, 0, 0, 0, 0, 0, 0, 0, 0, 0, 0, 0, 0, 0, 0, 0, 0, 0, 0, 0, 0, 0, 0, 0, 0, 0, 0, 0, 0, 0, 0, 0, 0, 0, 0, 0, 0, 0, 0, 0, 0, 0, 0, 0, 0, 0, 0, 0, 0, 0, 0, 0, 0, 0, 0, 0, 0, 0, 0, 0, 0, 0, 0, 0, 0, 0, 0, 0, 0, 0, 0, 0, 0, 0, 0, 0, 0, 0, 0, 0, 0, 0, 0, 0, 0, 0, 0, 0, 0, 0, 0, 0, 0, 0, 0, 0, 0, 0, 0, 0, 0, 0, 0, 0, 0, 0, 0, 0, 0, 0, 0, 0, 0, 0, 0, 0, 0, 0, 0, 0, 0, 0, 0, 0, 0, 0, 0, 0, 0, 0, 0, 0, 0, 0, 0, 0, 0, 0, 0, 0, 0, 0, 0, 0, 0, 0, 0, 0, 0, 0, 0, 0, 0, 0, 0, 0, 0, 0, 0, 0, 0])
02-05 01:04:19.944   581  5115 D DlbDap2Process: setParam(arbs = #81[20, 47, 141, 234, 328, 469, 656, 844, 1031, 1313, 1688, 2250, 3000, 3750, 4688, 5813, 7125, 9000, 11250, 13875, 19688, -192, -192, -192, -192, -192, -192, -192, -192, -192, -192, -192, -192, -192, -192, -192, -192, -192, -192, -192, -192, 0, 0, 0, 0, 0, 0, 0, 0, 0, 0, 0, 0, 0, 0, 0, 0, 0, 0, 0, 0, 0, 0, 0, 0, 0, 0, 0, 0, 0, 0, 0, 0, 0, 0, 0, 0, 0, 0, 0, 0])
02-05 01:04:19.944   581  5115 D DlbDapEndpointParamCache: doCommit() Committed 32 parameters out of 37.
02-05 01:04:19.944   581  5115 D DlbDap2Process: setMave(mave = 0)
02-05 01:04:19.945   581   770 D AudioFlinger: mixer(0xf2983980) throttle end: throttle time(17)
02-05 01:04:19.947   581  5115 D DlbDapCrossfadeProcess: process transitioning from PREROLL_ACTIVE state to FADE_TO_ACTIVE
02-05 01:04:19.956   581  5110 D DlbDlbEffect: handle_EFFECT_CMD_SET_PARAM()
02-05 01:04:19.980   581  5115 D DlbDapEndpointParamCache: commitChangedParams()
02-05 01:04:19.981   581  5115 D DlbDapEndpointParamCache: commit() Applying parameters for device 0x40000000
02-05 01:04:19.981   581  5115 D DlbDap2Process: setParam(iea = #1[10])
02-05 01:04:19.981   581  5115 D DlbDap2Process: setParam(vcbf = #20[47, 141, 234, 328, 469, 656, 844, 1031, 1313, 1688, 2250, 3000, 3750, 4688, 5813, 7125, 9000, 11250, 13875, 19688])
02-05 01:04:19.981   581  5115 D DlbDap2Process: setParam(vbon = #1[0])
02-05 01:04:19.981   581  5115 D DlbDap2Process: setParam(beon = #1[0])
02-05 01:04:19.981   581  5115 D DlbDap2Process: setParam(geon = #1[0])
02-05 01:04:19.981   581  5115 D DlbDap2Process: setParam(gebs = #41[20, 47, 141, 234, 328, 469, 656, 844, 1031, 1313, 1688, 2250, 3000, 3750, 4688, 5813, 7125, 9000, 11250, 13875, 19688, 0, 0, 0, 0, 0, 0, 0, 0, 0, 0, 0, 0, 0, 0, 0, 0, 0, 0, 0, 0])
02-05 01:04:19.981   581  5115 D DlbDap2Process: setParam(iebs = #41[20, 65, 136, 223, 332, 467, 634, 841, 1098, 1416, 1812, 2302, 2909, 3663, 4598, 5756, 7194, 8976, 11186, 13927, 17326, 117, 133, 188, 176, 141, 149, 175, 185, 185, 200, 236, 242, 228, 213, 182, 132, 110, 68, -27, -240])
02-05 01:04:19.981   581  5115 D DlbDapEndpointParamCache: doCommit() Committed 8 parameters out of 16.
02-05 01:04:19.981   581  5115 D DlbDapEndpointParamCache: commit() Overriding parameters for current device 0x00000008
02-05 01:04:19.981   581  5115 D DlbDap2Process: setParam(dea = #1[7])
02-05 01:04:19.981   581  5115 D DlbDap2Process: setParam(dsa = #1[10])
02-05 01:04:19.981   581  5115 D DlbDap2Process: setParam(beb = #1[96])
02-05 01:04:19.981   581  5115 D DlbDap2Process: setParam(plb = #1[0])
02-05 01:04:19.981   581  5115 D DlbDap2Process: setParam(vmb = #1[144])
02-05 01:04:19.981   581  5115 D DlbDap2Process: setParam(dsb = #1[48])
02-05 01:04:19.981   581  5115 D DlbDap2Process: setParam(ded = #1[0])
02-05 01:04:19.981   581  5115 D DlbDap2Process: setParam(vbm = #1[0])
02-05 01:04:19.981   581  5115 D DlbDap2Process: setParam(bew = #1[16])
02-05 01:04:19.981   581  5115 D DlbDap2Process: setParam(dvla = #1[5])
02-05 01:04:19.981   581  5115 D DlbDap2Process: setParam(arra = #1[96])
02-05 01:04:19.981   581  5115 D DlbDap2Process: setParam(dfsa = #1[10])
02-05 01:04:19.981   581  5115 D DlbDap2Process: setParam(dhsa = #1[10])
02-05 01:04:19.981   581  5115 D DlbDap2Process: setParam(dvmc = #1[160])
02-05 01:04:19.981   581  5115 D DlbDap2Process: setParam(arod = #1[0])
02-05 01:04:19.981   581  5115 D DlbDap2Process: setParam(arde = #1[0])
02-05 01:04:19.981   581  5115 D DlbDap2Process: setParam(becf = #1[160])
02-05 01:04:19.982   581  5115 D DlbDap2Process: setParam(vbmf = #2[99, 281])
02-05 01:04:19.982   581  5115 D DlbDap2Process: setParam(vbsf = #2[30, 90])
02-05 01:04:19.982   581  5115 D DlbDap2Process: setParam(vbhg = #3[-48, -480, -240])
02-05 01:04:19.982   581  5115 D DlbDap2Process: setParam(vbog = #1[0])
02-05 01:04:19.982   581  5115 D DlbDap2Process: setParam(vbsg = #1[0])
02-05 01:04:19.982   581  5115 D DlbDap2Process: setParam(dvli = #1[-320])
02-05 01:04:19.982   581  5115 D DlbDap2Process: setParam(dhfm = #1[0])
02-05 01:04:19.982   581  5115 D DlbDap2Process: setParam(vbon = #1[0])
02-05 01:04:19.982   581  5115 D DlbDap2Process: setParam(beon = #1[0])
02-05 01:04:19.982   581  5115 D DlbDap2Process: setParam(aoon = #1[0])
02-05 01:04:19.982   581  5115 D DlbDap2Process: setParam(aron = #1[1])
02-05 01:04:19.982   581  5115 D DlbDap2Process: setParam(dvlo = #1[-320])
02-05 01:04:19.982   581  5115 D DlbDap2Process: setParam(artp = #1[12])
02-05 01:04:19.983   581  5115 D DlbDap2Process: setParam(aobs = #222[20, 10, 47, 141, 234, 328, 469, 656, 844, 1031, 1313, 1688, 2250, 3000, 3750, 4688, 5813, 7125, 9000, 11250, 13875, 19688, 0, 0, 0, 0, 0, 0, 0, 0, 0, 0, 0, 0, 0, 0, 0, 0, 0, 0, 0, 0, 0, 0, 0, 0, 0, 0, 0, 0, 0, 0, 0, 0, 0, 0, 0, 0, 0, 0, 0, 0, 0, 0, 0, 0, 0, 0, 0, 0, 0, 0, 0, 0, 0, 0, 0, 0, 0, 0, 0, 0, 0, 0, 0, 0, 0, 0, 0, 0, 0, 0, 0, 0, 0, 0, 0, 0, 0, 0, 0, 0, 0, 0, 0, 0, 0, 0, 0, 0, 0, 0, 0, 0, 0, 0, 0, 0, 0, 0, 0, 0, 0, 0, 0, 0, 0, 0, 0, 0, 0, 0, 0, 0, 0, 0, 0, 0, 0, 0, 0, 0, 0, 0, 0, 0, 0, 0, 0, 0, 0, 0, 0, 0, 0, 0, 0, 0, 0, 0, 0, 0, 0, 0, 0, 0, 0, 0, 0, 0, 0, 0, 0, 0, 0, 0, 0, 0, 0, 0, 0, 0, 0, 0, 0, 0, 0, 0, 0, 0, 0, 0, 0, 0, 0, 0, 0, 0, 0, 0, 0, 0, 0, 0, 0, 0, 0, 0, 0, 0, 0, 0, 0, 0, 0, 0, 0, 0, 0, 0, 0, 0])
02-05 01:04:19.983   581  5115 D DlbDap2Process: setParam(arbs = #81[20, 47, 141, 234, 328, 469, 656, 844, 1031, 1313, 1688, 2250, 3000, 3750, 4688, 5813, 7125, 9000, 11250, 13875, 19688, -192, -192, -192, -192, -192, -192, -192, -192, -192, -192, -192, -192, -192, -192, -192, -192, -192, -192, -192, -192, 0, 0, 0, 0, 0, 0, 0, 0, 0, 0, 0, 0, 0, 0, 0, 0, 0, 0, 0, 0, 0, 0, 0, 0, 0, 0, 0, 0, 0, 0, 0, 0, 0, 0, 0, 0, 0, 0, 0, 0])
02-05 01:04:19.983   581  5115 D DlbDapEndpointParamCache: doCommit() Committed 32 parameters out of 37.
02-05 01:04:20.010  2636  2636 D featureTest: receive broadcast , record log :0
02-05 01:04:20.020  2636  2642 I zygote64: Do partial code cache collection, code=8KB, data=14KB
02-05 01:04:20.020  2636  2642 I zygote64: After code cache collection, code=8KB, data=14KB
02-05 01:04:20.020  2636  2642 I zygote64: Increasing code cache capacity to 128KB
02-05 01:04:20.021  2636  2642 I zygote64: Do partial code cache collection, code=8KB, data=33KB
02-05 01:04:20.021  2636  2642 I zygote64: After code cache collection, code=8KB, data=33KB
02-05 01:04:20.021  2636  2642 I zygote64: Increasing code cache capacity to 256KB
02-05 01:04:20.021  2636  2642 I zygote64: Compiler allocated 8MB to compile void android.widget.TextView.<init>(android.content.Context, android.util.AttributeSet, int, int)
02-05 01:04:20.059   581  5115 D DlbDapCrossfadeProcess: process transitioning from FADE_TO_ACTIVE state to DAP_ACTIVE
02-05 01:04:20.183   593  2704 D ARenderer: updateDapConfig: Updating DAP configuration
02-05 01:04:20.184   593  2704 D DlbDap2QmfProcess: setParam(iea = #1[10])
02-05 01:04:20.184   593  2704 D DlbDap2QmfProcess: setParam(msce = #1[0])
02-05 01:04:20.184   593  2704 D DlbDap2QmfProcess: setParam(mdee = #1[0])
02-05 01:04:20.184   593  2704 D DlbDap2QmfProcess: setParam(miee = #1[0])
02-05 01:04:20.184   593  2704 D DlbDap2QmfProcess: setParam(mdle = #1[0])
02-05 01:04:20.184   593  2704 D DlbDap2QmfProcess: setParam(dvle = #1[1])
02-05 01:04:20.184   593  2704 D DlbDap2QmfProcess: setParam(mave = #1[0])
02-05 01:04:20.184   593  2704 D DlbDap2QmfProcess: setParam(vcbf = #20[47, 141, 234, 328, 469, 656, 844, 1031, 1313, 1688, 2250, 3000, 3750, 4688, 5813, 7125, 9000, 11250, 13875, 19688])
02-05 01:04:20.184   593  2704 D DlbDap2QmfProcess: setParam(ieon = #1[0])
02-05 01:04:20.185   593  2704 D DlbDap2QmfProcess: setParam(gebs = #41[20, 47, 141, 234, 328, 469, 656, 844, 1031, 1313, 1688, 2250, 3000, 3750, 4688, 5813, 7125, 9000, 11250, 13875, 19688, 0, 0, 0, 0, 0, 0, 0, 0, 0, 0, 0, 0, 0, 0, 0, 0, 0, 0, 0, 0])
02-05 01:04:20.185   593  2704 D DlbDap2QmfProcess: setParam(iebs = #41[20, 65, 136, 223, 332, 467, 634, 841, 1098, 1416, 1812, 2302, 2909, 3663, 4598, 5756, 7194, 8976, 11186, 13927, 17326, 117, 133, 188, 176, 141, 149, 175, 185, 185, 200, 236, 242, 228, 213, 182, 132, 110, 68, -27, -240])
02-05 01:04:20.185   593  2704 D DlbDap2QmfProcess: setParam(dea = #1[7])
02-05 01:04:20.185   593  2704 D DlbDap2QmfProcess: setParam(dsa = #1[10])
02-05 01:04:20.185   593  2704 D DlbDap2QmfProcess: setParam(beb = #1[96])
02-05 01:04:20.185   593  2704 D DlbDap2QmfProcess: setParam(plb = #1[0])
02-05 01:04:20.185   593  2704 D DlbDap2QmfProcess: setParam(vmb = #1[144])
02-05 01:04:20.185   593  2704 D DlbDap2QmfProcess: setParam(dsb = #1[48])
02-05 01:04:20.185   593  2704 D DlbDap2QmfProcess: setParam(ded = #1[0])
02-05 01:04:20.185   593  2704 D DlbDap2QmfProcess: DAP output mode set to 9 with 2 output channels and null mix matrix.
02-05 01:04:20.185   593  2704 D DlbDap2QmfProcess: setParam(dom = #1[2])
02-05 01:04:20.185   593  2704 D DlbDap2QmfProcess: setParam(bew = #1[16])
02-05 01:04:20.185   593  2704 D DlbDap2QmfProcess: setParam(dvla = #1[5])
02-05 01:04:20.186   593  2704 D DlbDap2QmfProcess: setParam(dfsa = #1[10])
02-05 01:04:20.186   593  2704 D DlbDap2QmfProcess: setParam(dhsa = #1[10])
02-05 01:04:20.186   593  2704 D DlbDap2QmfProcess: setParam(dvmc = #1[160])
02-05 01:04:20.186   593  2704 D DlbDap2QmfProcess: setParam(dvle = #1[1])
02-05 01:04:20.186   593  2704 D DlbDap2QmfProcess: setParam(dvme = #1[0])
02-05 01:04:20.186   593  2704 D DlbDap2QmfProcess: setParam(becf = #1[160])
02-05 01:04:20.186   593  2704 D DlbDap2QmfProcess: setParam(vbmf = #2[99, 281])
02-05 01:04:20.186   593  2704 D DlbDap2QmfProcess: setParam(vbsf = #2[30, 90])
02-05 01:04:20.186   593  2704 D DlbDap2QmfProcess: setParam(vbhg = #3[-48, -480, -240])
02-05 01:04:20.186   593  2704 D DlbDap2QmfProcess: setParam(vbog = #1[0])
02-05 01:04:20.186   593  2704 D DlbDap2QmfProcess: setParam(vbsg = #1[0])
02-05 01:04:20.186   593  2704 D DlbDap2QmfProcess: setParam(dvli = #1[-320])
02-05 01:04:20.186   593  2704 D DlbDap2QmfProcess: setParam(dhfm = #1[0])
02-05 01:04:20.186   593  2704 D DlbDap2QmfProcess: setParam(deon = #1[0])
02-05 01:04:20.187   593  2704 D DlbDap2QmfProcess: setParam(ngon = #1[1])
02-05 01:04:20.187   593  2704 D DlbDap2QmfProcess: setParam(dvlo = #1[-320])
02-05 01:04:20.187   593  2704 D DlbDap2QmfProcess: setParam(aobs = #222[20, 10, 47, 141, 234, 328, 469, 656, 844, 1031, 1313, 1688, 2250, 3000, 3750, 4688, 5813, 7125, 9000, 11250, 13875, 19688, 0, 0, 0, 0, 0, 0, 0, 0, 0, 0, 0, 0, 0, 0, 0, 0, 0, 0, 0, 0, 0, 0, 0, 0, 0, 0, 0, 0, 0, 0, 0, 0, 0, 0, 0, 0, 0, 0, 0, 0, 0, 0, 0, 0, 0, 0, 0, 0, 0, 0, 0, 0, 0, 0, 0, 0, 0, 0, 0, 0, 0, 0, 0, 0, 0, 0, 0, 0, 0, 0, 0, 0, 0, 0, 0, 0, 0, 0, 0, 0, 0, 0, 0, 0, 0, 0, 0, 0, 0, 0, 0, 0, 0, 0, 0, 0, 0, 0, 0, 0, 0, 0, 0, 0, 0, 0, 0, 0, 0, 0, 0, 0, 0, 0, 0, 0, 0, 0, 0, 0, 0, 0, 0, 0, 0, 0, 0, 0, 0, 0, 0, 0, 0, 0, 0, 0, 0, 0, 0, 0, 0, 0, 0, 0, 0, 0, 0, 0, 0, 0, 0, 0, 0, 0, 0, 0, 0, 0, 0, 0, 0, 0, 0, 0, 0, 0, 0, 0, 0, 0, 0, 0, 0, 0, 0, 0, 0, 0, 0, 0, 0, 0, 0, 0, 0, 0, 0, 0, 0, 0, 0, 0, 0, 0, 0, 0, 0, 0, 0, 0])
02-05 01:04:20.187   593  2704 D DlbDap2QmfProcess: setParam(dvle = #1[1])
02-05 01:04:20.187   593  2704 D DlbDap2QmfProcess: setParam(dvli = #1[-496])
02-05 01:04:20.187   593  2704 D DlbDap2QmfProcess: setParam(dvlo = #1[-176])
02-05 01:04:20.188   593  2704 D ARenderer: updateDapVolumeLeveler: Setting output level to -11.00dB
02-05 01:04:20.188   593  2704 D DlbDap2QmfProcess: setParam(vmb = #1[0])
02-05 01:04:20.188   593  2704 D DlbDap2QmfProcess: setParam(preg = #1[-384])
02-05 01:04:20.188   593  2704 D DlbDap2QmfProcess: setParam(vol = #1[384])
02-05 01:04:20.188   593  2704 D DlbDap2QmfProcess: setMave(mave = 0)
02-05 01:04:21.102   581  5115 D DlbDap2Process: process() called [373500] times
02-05 01:04:21.627   816   816 W WindowManager: removeWindowToken: Attempted to remove non-existing token: android.os.Binder@f30697d
02-05 01:04:21.683   429   429 D SurfaceFlinger: duplicate layer name: changing Toast to Toast#1
02-05 01:04:23.642   816   816 W WindowManager: removeWindowToken: Attempted to remove non-existing token: android.os.Binder@2105bca
02-05 01:04:23.779   581  5115 D DlbDap2Process: process() called [374000] times
