--------- beginning of system
02-05 01:01:36.466   816  1084 I ActivityManager: Force stopping com.dolby.qa.featuretest appid=10074 user=0: from pid 776
02-05 01:01:36.467   816  1084 I ActivityManager: Killing 491:com.dolby.qa.featuretest/u0a74 (adj 0): stop com.dolby.qa.featuretest
02-05 01:01:36.468   816  1084 W ActivityManager: Force removing ActivityRecord{117caf5 u0 com.dolby.qa.featuretest/.MainActivity t228}: app died, no saved state
02-05 01:01:36.474   816  1084 I WindowManager: Failed to capture screenshot of Token{576408a ActivityRecord{117caf5 u0 com.dolby.qa.featuretest/.MainActivity t228 f}} appWin=Window{4923319 u0 com.dolby.qa.featuretest/com.dolby.qa.featuretest.MainActivity} drawState=4
02-05 01:01:36.494   816  2337 I WindowManager: WIN DEATH: Window{ef5a397 u0 Toast}
--------- beginning of main
02-05 01:01:36.494   589  1183 D NuPlayerDriver: reset(0xe5732540) at state 5
02-05 01:01:36.495   589  1183 D NuPlayerDriver: notifyListener_l(0xe5732540), (8, 0, 0, -1), loop setting(0, 1)
02-05 01:01:36.503   589   602 D NuPlayerDriver: notifyResetComplete(0xe5732540)
02-05 01:01:36.503   589  1183 D AudioTrack: stop() called with 0 frames delivered
02-05 01:01:36.512  1232  1232 D CarrierSvcBindHelper: No carrier app for: 0
02-05 01:01:36.514  2298  2298 D RegisteredNfcFServicesCache: Service unchanged, not updating
02-05 01:01:36.584   816  2337 I ActivityManager: START u0 {flg=0x10000000 cmp=com.dolby.qa.featuretest/.MainActivity} from uid 2000
02-05 01:01:36.608   816   828 I ActivityManager: Start proc 784:com.dolby.qa.featuretest/u0a74 for activity com.dolby.qa.featuretest/.MainActivity
02-05 01:01:36.610   784   784 I zygote64: Late-enabling -Xcheck:jni
02-05 01:01:36.630   581   724 D DlbDlbEffect: handle_EFFECT_CMD_DISABLE()
02-05 01:01:36.630   581   724 D DlbDapCrossfadeProcess: setEnabled transitioning from DAP_ACTIVE state to FADE_TO_BYPASS
02-05 01:01:36.633   416   416 W /system/bin/hw/android.hidl.allocator@1.0-service: ashmem_create_region(3840) returning hidl_memory(0x7590c2c2e0, 3840)
02-05 01:01:36.633   581   724 D DlbDlbEffect: handle_EFFECT_CMD_SET_CONFIG()
02-05 01:01:36.633   581   724 D DlbDapEndpointParamCache: setDevice(device=0x00000008)
02-05 01:01:36.633   421   421 D DMSService: setActiveDevice called with device = 0x8
02-05 01:01:36.634   581   724 D DlbDlbEffect: handle_EFFECT_CMD_ENABLE()
02-05 01:01:36.634   581   724 D DlbDapCrossfadeProcess: setEnabled transitioning from FADE_TO_BYPASS state to FADE_TO_ACTIVE
02-05 01:01:36.827   784   784 D featureTest: onCreate
02-05 01:01:37.013   581   770 D audio_hw_primary: disable_audio_route: usecase(0) reset and update mixer path: deep-buffer-playback
02-05 01:01:37.015   581   770 D audio_hw_primary: disable_snd_device: snd_device(5: headphones)
02-05 01:01:37.040   784   784 D AudioTrack: Client defaulted notificationFrames to 962 for frameCount 1924
02-05 01:01:37.044   816   843 W ActivityManager: setHasOverlayUi called on unknown pid: 491
02-05 01:01:37.047   784   784 W AudioTrack: Use of stream types is deprecated for operations other than volume control
02-05 01:01:37.047   784   784 W AudioTrack: See the documentation of AudioTrack() for what to use instead with android.media.AudioAttributes to qualify your playback use case
02-05 01:01:37.057   784   784 W DolbyAudioEffect: WARNING: attaching a DolbyAudioEffect to global output mix is deprecated!
02-05 01:01:37.067   784   784 D featureTest: onResume
02-05 01:01:37.082   784   853 D OpenGLRenderer: HWUI GL Pipeline
02-05 01:01:37.146   784   853 I Adreno  : QUALCOMM build                   : 7142022, Ib5823dd10c
02-05 01:01:37.146   784   853 I Adreno  : Build Date                       : 06/23/17
02-05 01:01:37.146   784   853 I Adreno  : OpenGL ES Shader Compiler Version: EV031.18.00.00
02-05 01:01:37.146   784   853 I Adreno  : Local Branch                     : O11A
02-05 01:01:37.146   784   853 I Adreno  : Remote Branch                    : 
02-05 01:01:37.146   784   853 I Adreno  : Remote Branch                    : 
02-05 01:01:37.146   784   853 I Adreno  : Reconstruct Branch               : 
02-05 01:01:37.147   784   853 I vndksupport: sphal namespace is not configured for this process. Loading /vendor/lib64/hw/gralloc.msm8994.so from the current namespace instead.
02-05 01:01:37.153   784   853 I Adreno  : PFP: 0x00000000, ME: 0x00000000
02-05 01:01:37.157   784   853 I OpenGLRenderer: Initialized EGL, version 1.4
02-05 01:01:37.157   784   853 D OpenGLRenderer: Swap behavior 2
02-05 01:01:37.187   365   365 W /system/bin/hwservicemanager: getTransportFromManifest: Cannot find entry android.hardware.graphics.mapper@2.0::IMapper in either framework or device manifest, using default transport.
02-05 01:01:37.190   784   853 I vndksupport: sphal namespace is not configured for this process. Loading /vendor/lib64/hw/gralloc.msm8994.so from the current namespace instead.
02-05 01:01:37.212   816   843 I ActivityManager: Displayed com.dolby.qa.featuretest/.MainActivity: +614ms
02-05 01:01:37.416  2401  2517 W OpenGLRenderer: Incorrectly called buildLayer on View: ShortcutAndWidgetContainer, destroying layer...
02-05 01:01:37.650   816   816 W NotificationService: Object died trying to hide notification android.app.ITransientNotification$Stub$Proxy@638ee67 in package com.dolby.qa.featuretest
02-05 01:01:37.651   816   816 W WindowManager: removeWindowToken: Attempted to remove non-existing token: android.os.Binder@587f354
02-05 01:01:37.651   816   816 W ActivityManager: setProcessForeground called on unknown pid: 491
02-05 01:01:37.651   816   816 W NotificationService: Object died trying to show notification android.app.ITransientNotification$Stub$Proxy@98b1414 in package com.dolby.qa.featuretest
02-05 01:01:37.651   816   816 W ActivityManager: setProcessForeground called on unknown pid: 491
02-05 01:01:37.651   816   816 W NotificationService: Object died trying to show notification android.app.ITransientNotification$Stub$Proxy@bcdd4bd in package com.dolby.qa.featuretest
02-05 01:01:37.665   784   784 D featureTest: receive broadcast , playing content location :/sdcard/featureTest/chopper_2.0_180_420_02.wav
02-05 01:01:37.675   784   784 D featureTest: mMediaPlayer.getAudioSessionId(): 4769
02-05 01:01:37.675   784   784 D featureTest: Playing file: /sdcard/featureTest/chopper_2.0_180_420_02.wav
02-05 01:01:37.676   864   864 W generic : type=1400 audit(0.0:2951): avc: denied { read } for path="/storage/emulated/0/featuretest/chopper_2.0_180_420_02.wav" dev="sdcardfs" ino=523303 scontext=u:r:mediaextractor:s0 tcontext=u:object_r:sdcardfs:s0 tclass=file permissive=0
02-05 01:01:37.676   589   589 D NuPlayerDriver: NuPlayerDriver(0xe57324d0) created, clientPid(784)
02-05 01:01:37.679   784   784 W MediaPlayer: Use of stream types is deprecated for operations other than volume control
02-05 01:01:37.679   784   784 W MediaPlayer: See the documentation of setAudioStreamType() for what to use instead with android.media.AudioAttributes to qualify your playback use case
02-05 01:01:37.681   589   864 D GenericSource: FileSource remote
02-05 01:01:37.681   589   864 W GenericSource: extractor service cannot make data source
02-05 01:01:37.682   589   864 D GenericSource: FileSource local
02-05 01:01:37.697   587  1118 D MediaBufferGroup: creating MemoryDealer
02-05 01:01:37.697   589   863 D NuPlayerDriver: notifyListener_l(0xe57324d0), (1, 0, 0, -1), loop setting(0, 0)
02-05 01:01:37.706   589   589 D NuPlayerDriver: start(0xe57324d0), state is 4, eos is 0
02-05 01:01:37.706   589   863 I GenericSource: start
02-05 01:01:37.711   784   784 W DolbyAudioEffect: WARNING: attaching a DolbyAudioEffect to global output mix is deprecated!
02-05 01:01:37.713   593  5353 I OMXMaster: makeComponentInstance(OMX.google.raw.decoder) in android.hardwar process
02-05 01:01:37.716   593  5352 E OMXNodeInstance: setConfig(0xf10a3080:google.raw.decoder, ConfigPriority(0x6f800002)) ERROR: Undefined(0x80001001)
02-05 01:01:37.716   589   871 I ACodec  : codec does not support config priority (err -2147483648)
02-05 01:01:37.717   593 20870 E OMXNodeInstance: getConfig(0xf10a3080:google.raw.decoder, ConfigAndroidVendorExtension(0x6f100004)) ERROR: Undefined(0x80001001)
02-05 01:01:37.717   589   871 I MediaCodec: MediaCodec will operate in async mode
02-05 01:01:37.725   589   867 D AudioTrack: Client defaulted notificationFrames to 7350 for frameCount 22050
02-05 01:01:37.726   581  5142 D DlbDlbEffect: handle_EFFECT_CMD_DISABLE()
02-05 01:01:37.726   581  5142 D DlbDapCrossfadeProcess: setEnabled transitioning from FADE_TO_ACTIVE state to FADE_TO_BYPASS
02-05 01:01:37.728   416   416 W /system/bin/hw/android.hidl.allocator@1.0-service: ashmem_create_region(7680) returning hidl_memory(0x7590c2c2e0, 7680)
02-05 01:01:37.728   581  5142 D DlbDlbEffect: handle_EFFECT_CMD_SET_CONFIG()
02-05 01:01:37.728   581  5142 D DlbDapEndpointParamCache: setDevice(device=0x00000008)
02-05 01:01:37.728   421   421 D DMSService: setActiveDevice called with device = 0x8
02-05 01:01:37.728   581  5142 D DlbDlbEffect: handle_EFFECT_CMD_ENABLE()
02-05 01:01:37.729   581  5142 D DlbDapCrossfadeProcess: setEnabled transitioning from FADE_TO_BYPASS state to FADE_TO_ACTIVE
02-05 01:01:37.729   589   863 D NuPlayerDriver: notifyListener_l(0xe57324d0), (6, 0, 0, -1), loop setting(0, 1)
02-05 01:01:37.733   581  5115 D DlbDapCrossfadeProcess: process transitioning from FADE_TO_ACTIVE state to DAP_ACTIVE
02-05 01:01:37.734   581  5111 D audio_hw_primary: enable_snd_device: snd_device(5: headphones)
02-05 01:01:37.740   784   784 D featureTest: receive broadcast , change ds status :0
02-05 01:01:37.740   581  5111 D audio_hw_primary: enable_audio_route: usecase(0) apply and update mixer path: deep-buffer-playback
02-05 01:01:37.763   581   581 D DlbDlbEffect: handle_EFFECT_CMD_SET_PARAM()
02-05 01:01:37.810   784   784 D featureTest: receive broadcast , change ds profile id :2
02-05 01:01:37.817   581  5355 D DlbDlbEffect: handle_EFFECT_CMD_SET_PARAM()
02-05 01:01:37.817   421   460 I DapController: Profile Changed to Music
02-05 01:01:37.822   581  5115 D DlbDapCrossfadeProcess: setEnabled transitioning from DAP_ACTIVE state to FADE_TO_BYPASS
02-05 01:01:37.824   581  5115 D DlbDapEndpointParamCache: commitChangedParams()
02-05 01:01:37.824   581  5115 D DlbDapEndpointParamCache: commit() Applying parameters for device 0x40000000
02-05 01:01:37.824   581  5115 D DlbDap2Process: setParam(iea = #1[10])
02-05 01:01:37.824   581  5115 D DlbDap2Process: setParam(msce = #1[0])
02-05 01:01:37.824   581  5115 D DlbDap2Process: setParam(mdee = #1[0])
02-05 01:01:37.825   581  5115 D DlbDap2Process: setParam(miee = #1[0])
02-05 01:01:37.825   581  5115 D DlbDap2Process: setParam(mdle = #1[0])
02-05 01:01:37.825   581  5115 D DlbDap2Process: setParam(dvle = #1[1])
02-05 01:01:37.825   581  5115 D DlbDap2Process: setParam(mave = #1[0])
02-05 01:01:37.825   581  5115 D DlbDap2Process: setParam(vcbf = #20[47, 141, 234, 328, 469, 656, 844, 1031, 1313, 1688, 2250, 3000, 3750, 4688, 5813, 7125, 9000, 11250, 13875, 19688])
02-05 01:01:37.825   581  5115 D DlbDap2Process: setParam(vbon = #1[0])
02-05 01:01:37.825   581  5115 D DlbDap2Process: setParam(beon = #1[0])
02-05 01:01:37.825   581  5115 D DlbDap2Process: setParam(geon = #1[0])
02-05 01:01:37.825   581  5115 D DlbDap2Process: setParam(ieon = #1[1])
02-05 01:01:37.825   581  5115 D DlbDap2Process: setParam(gebs = #41[20, 47, 141, 234, 328, 469, 656, 844, 1031, 1313, 1688, 2250, 3000, 3750, 4688, 5813, 7125, 9000, 11250, 13875, 19688, 0, 0, 0, 0, 0, 0, 0, 0, 0, 0, 0, 0, 0, 0, 0, 0, 0, 0, 0, 0])
02-05 01:01:37.825   581  5115 D DlbDap2Process: setParam(iebs = #41[20, 65, 136, 223, 332, 467, 634, 841, 1098, 1416, 1812, 2302, 2909, 3663, 4598, 5756, 7194, 8976, 11186, 13927, 17326, 117, 133, 188, 176, 141, 149, 175, 185, 185, 200, 236, 242, 228, 213, 182, 132, 110, 68, -27, -240])
02-05 01:01:37.825   581  5115 D DlbDapEndpointParamCache: doCommit() Committed 15 parameters out of 16.
02-05 01:01:37.825   581  5115 D DlbDapEndpointParamCache: commit() Overriding parameters for current device 0x00000008
02-05 01:01:37.825   581  5115 D DlbDap2Process: setParam(dea = #1[7])
02-05 01:01:37.825   581  5115 D DlbDap2Process: setParam(dsa = #1[10])
02-05 01:01:37.825   581  5115 D DlbDap2Process: setParam(beb = #1[96])
02-05 01:01:37.825   581  5115 D DlbDap2Process: setParam(plb = #1[0])
02-05 01:01:37.825   581  5115 D DlbDap2Process: setParam(vmb = #1[144])
02-05 01:01:37.825   581  5115 D DlbDap2Process: setParam(dsb = #1[48])
02-05 01:01:37.825   581  5115 D DlbDap2Process: setParam(ded = #1[0])
02-05 01:01:37.825   581  5115 D DlbDap2Process: setParam(vbm = #1[0])
02-05 01:01:37.826   581  5115 D DlbDap2Process: setParam(dom = #1[0])
02-05 01:01:37.826   581  5115 D DlbDap2Process: setParam(bew = #1[16])
02-05 01:01:37.826   581  5115 D DlbDap2Process: setParam(dvla = #1[4])
02-05 01:01:37.826   581  5115 D DlbDap2Process: setParam(arra = #1[96])
02-05 01:01:37.826   581  5115 D DlbDap2Process: setParam(dfsa = #1[10])
02-05 01:01:37.826   581  5115 D DlbDap2Process: setParam(dhsa = #1[10])
02-05 01:01:37.826   581  5115 D DlbDap2Process: setParam(dvmc = #1[160])
02-05 01:01:37.826   581  5115 D DlbDap2Process: setParam(arod = #1[0])
02-05 01:01:37.826   581  5115 D DlbDap2Process: setParam(arde = #1[0])
02-05 01:01:37.826   581  5115 D DlbDap2Process: setParam(dvle = #1[1])
02-05 01:01:37.826   581  5115 D DlbDap2Process: setParam(dvme = #1[0])
02-05 01:01:37.826   581  5115 D DlbDap2Process: setParam(becf = #1[160])
02-05 01:01:37.826   581  5115 D DlbDap2Process: setParam(vbmf = #2[99, 281])
02-05 01:01:37.826   581  5115 D DlbDap2Process: setParam(vbsf = #2[30, 90])
02-05 01:01:37.826   581  5115 D DlbDap2Process: setParam(vbhg = #3[-48, -480, -240])
02-05 01:01:37.826   581  5115 D DlbDap2Process: setParam(vbog = #1[0])
02-05 01:01:37.826   581  5115 D DlbDap2Process: setParam(vbsg = #1[0])
02-05 01:01:37.826   581  5115 D DlbDap2Process: setParam(dvli = #1[-320])
02-05 01:01:37.826   581  5115 D DlbDap2Process: setParam(dhfm = #1[0])
02-05 01:01:37.826   581  5115 D DlbDap2Process: setParam(vbon = #1[0])
02-05 01:01:37.826   581  5115 D DlbDap2Process: setParam(beon = #1[0])
02-05 01:01:37.826   581  5115 D DlbDap2Process: setParam(deon = #1[0])
02-05 01:01:37.826   581  5115 D DlbDap2Process: setParam(ngon = #1[1])
02-05 01:01:37.826   581  5115 D DlbDap2Process: setParam(aoon = #1[0])
02-05 01:01:37.826   581  5115 D DlbDap2Process: setParam(aron = #1[1])
02-05 01:01:37.826   581  5115 D DlbDap2Process: setParam(dvlo = #1[-320])
02-05 01:01:37.826   581  5115 D DlbDap2Process: setParam(artp = #1[12])
02-05 01:01:37.827   581  5115 D DlbDap2Process: setParam(aobs = #222[20, 10, 47, 141, 234, 328, 469, 656, 844, 1031, 1313, 1688, 2250, 3000, 3750, 4688, 5813, 7125, 9000, 11250, 13875, 19688, 0, 0, 0, 0, 0, 0, 0, 0, 0, 0, 0, 0, 0, 0, 0, 0, 0, 0, 0, 0, 0, 0, 0, 0, 0, 0, 0, 0, 0, 0, 0, 0, 0, 0, 0, 0, 0, 0, 0, 0, 0, 0, 0, 0, 0, 0, 0, 0, 0, 0, 0, 0, 0, 0, 0, 0, 0, 0, 0, 0, 0, 0, 0, 0, 0, 0, 0, 0, 0, 0, 0, 0, 0, 0, 0, 0, 0, 0, 0, 0, 0, 0, 0, 0, 0, 0, 0, 0, 0, 0, 0, 0, 0, 0, 0, 0, 0, 0, 0, 0, 0, 0, 0, 0, 0, 0, 0, 0, 0, 0, 0, 0, 0, 0, 0, 0, 0, 0, 0, 0, 0, 0, 0, 0, 0, 0, 0, 0, 0, 0, 0, 0, 0, 0, 0, 0, 0, 0, 0, 0, 0, 0, 0, 0, 0, 0, 0, 0, 0, 0, 0, 0, 0, 0, 0, 0, 0, 0, 0, 0, 0, 0, 0, 0, 0, 0, 0, 0, 0, 0, 0, 0, 0, 0, 0, 0, 0, 0, 0, 0, 0, 0, 0, 0, 0, 0, 0, 0, 0, 0, 0, 0, 0, 0, 0, 0, 0, 0, 0, 0])
02-05 01:01:37.827   581  5115 D DlbDap2Process: setParam(arbs = #81[20, 47, 141, 234, 328, 469, 656, 844, 1031, 1313, 1688, 2250, 3000, 3750, 4688, 5813, 7125, 9000, 11250, 13875, 19688, -192, -192, -192, -192, -192, -192, -192, -192, -192, -192, -192, -192, -192, -192, -192, -192, -192, -192, -192, -192, 0, 0, 0, 0, 0, 0, 0, 0, 0, 0, 0, 0, 0, 0, 0, 0, 0, 0, 0, 0, 0, 0, 0, 0, 0, 0, 0, 0, 0, 0, 0, 0, 0, 0, 0, 0, 0, 0, 0, 0])
02-05 01:01:37.827   581  5115 D DlbDapEndpointParamCache: doCommit() Committed 37 parameters out of 37.
02-05 01:01:37.827   581  5115 D DlbDap2Process: setMave(mave = 0)
02-05 01:01:37.864   581  5115 D DlbDapCrossfadeProcess: process transitioning from FADE_TO_BYPASS state to DAP_BYPASSED
02-05 01:01:37.879   784   784 D featureTest: receive broadcast , playing content location :/sdcard/featureTest/chopper_2.0_180_420_02.wav
02-05 01:01:37.881   589   589 D NuPlayerDriver: stop(0xe57324d0)
02-05 01:01:37.881   589   589 D NuPlayerDriver: notifyListener_l(0xe57324d0), (8, 0, 0, -1), loop setting(0, 1)
02-05 01:01:37.882   589   709 D NuPlayerDriver: reset(0xe57324d0) at state 8
02-05 01:01:37.888   589   863 D NuPlayerDriver: notifyResetComplete(0xe57324d0)
02-05 01:01:37.889   589   589 D NuPlayerDriver: reset(0xe57324d0) at state 0
02-05 01:01:37.890   784   784 V MediaPlayer: resetDrmState:  mDrmInfo=null mDrmProvisioningThread=null mPrepareDrmInProgress=false mActiveDrmScheme=false
02-05 01:01:37.890   784   784 V MediaPlayer: cleanDrmObj: mDrmObj=null mDrmSessionId=null
02-05 01:01:37.892   784   784 V MediaPlayer: resetDrmState:  mDrmInfo=null mDrmProvisioningThread=null mPrepareDrmInProgress=false mActiveDrmScheme=false
02-05 01:01:37.892   784   784 V MediaPlayer: cleanDrmObj: mDrmObj=null mDrmSessionId=null
02-05 01:01:37.899   784   784 D featureTest: mMediaPlayer.getAudioSessionId(): 4777
02-05 01:01:37.899   784   784 D featureTest: Playing file: /sdcard/featureTest/chopper_2.0_180_420_02.wav
02-05 01:01:37.900   589   709 D NuPlayerDriver: NuPlayerDriver(0xe3e61070) created, clientPid(784)
02-05 01:01:37.903   942   942 W generic : type=1400 audit(0.0:2952): avc: denied { read } for path="/storage/emulated/0/featuretest/chopper_2.0_180_420_02.wav" dev="sdcardfs" ino=523303 scontext=u:r:mediaextractor:s0 tcontext=u:object_r:sdcardfs:s0 tclass=file permissive=0
02-05 01:01:37.903   784   784 W MediaPlayer: Use of stream types is deprecated for operations other than volume control
02-05 01:01:37.903   784   784 W MediaPlayer: See the documentation of setAudioStreamType() for what to use instead with android.media.AudioAttributes to qualify your playback use case
02-05 01:01:37.907   589   942 D GenericSource: FileSource remote
02-05 01:01:37.907   589   942 W GenericSource: extractor service cannot make data source
02-05 01:01:37.907   589   942 D GenericSource: FileSource local
02-05 01:01:37.921   581   770 D AudioFlinger: mixer(0xf2983980) throttle end: throttle time(30)
02-05 01:01:37.925   587   587 D MediaBufferGroup: creating MemoryDealer
02-05 01:01:37.926   589   941 D NuPlayerDriver: notifyListener_l(0xe3e61070), (1, 0, 0, -1), loop setting(0, 0)
02-05 01:01:37.929   589   709 D NuPlayerDriver: start(0xe3e61070), state is 4, eos is 0
02-05 01:01:37.930   589   941 I GenericSource: start
02-05 01:01:37.933   784   784 W DolbyAudioEffect: WARNING: attaching a DolbyAudioEffect to global output mix is deprecated!
02-05 01:01:37.936   593   593 I OMXMaster: makeComponentInstance(OMX.google.raw.decoder) in android.hardwar process
02-05 01:01:37.939   593 20870 E OMXNodeInstance: setConfig(0xf0d07600:google.raw.decoder, ConfigPriority(0x6f800002)) ERROR: Undefined(0x80001001)
02-05 01:01:37.939   589   948 I ACodec  : codec does not support config priority (err -2147483648)
02-05 01:01:37.940   593  1162 E OMXNodeInstance: getConfig(0xf0d07600:google.raw.decoder, ConfigAndroidVendorExtension(0x6f100004)) ERROR: Undefined(0x80001001)
02-05 01:01:37.941   589   948 I MediaCodec: MediaCodec will operate in async mode
02-05 01:01:37.951   589   946 D AudioTrack: Client defaulted notificationFrames to 7350 for frameCount 22050
02-05 01:01:37.952   784   784 D featureTest: receive broadcast , change ds status :1
02-05 01:01:37.956   589   941 D NuPlayerDriver: notifyListener_l(0xe3e61070), (6, 0, 0, -1), loop setting(0, 1)
02-05 01:01:37.969   581  5110 D DlbDlbEffect: handle_EFFECT_CMD_SET_PARAM()
02-05 01:01:38.001   581  5115 D DlbDapCrossfadeProcess: setEnabled transitioning from DAP_BYPASSED state to PREROLL_ACTIVE
02-05 01:01:38.014   784   784 D featureTest: receive broadcast , change ds profile id :5
02-05 01:01:38.026   581   731 D DlbDlbEffect: handle_EFFECT_CMD_SET_PARAM()
02-05 01:01:38.026   421   460 I DapController: Profile Changed to Custom
02-05 01:01:38.044   581  5115 D DlbDapEndpointParamCache: commitChangedParams()
02-05 01:01:38.044   581  5115 D DlbDapEndpointParamCache: commit() Applying parameters for device 0x40000000
02-05 01:01:38.044   581  5115 D DlbDap2Process: setParam(iea = #1[10])
02-05 01:01:38.044   581  5115 D DlbDap2Process: setParam(msce = #1[0])
02-05 01:01:38.044   581  5115 D DlbDap2Process: setParam(mdee = #1[0])
02-05 01:01:38.044   581  5115 D DlbDap2Process: setParam(miee = #1[0])
02-05 01:01:38.044   581  5115 D DlbDap2Process: setParam(mdle = #1[0])
02-05 01:01:38.044   581  5115 D DlbDap2Process: setParam(dvle = #1[1])
02-05 01:01:38.044   581  5115 D DlbDap2Process: setParam(mave = #1[0])
02-05 01:01:38.044   581  5115 D DlbDap2Process: setParam(vcbf = #20[47, 141, 234, 328, 469, 656, 844, 1031, 1313, 1688, 2250, 3000, 3750, 4688, 5813, 7125, 9000, 11250, 13875, 19688])
02-05 01:01:38.044   581  5115 D DlbDap2Process: setParam(vbon = #1[0])
02-05 01:01:38.044   581  5115 D DlbDap2Process: setParam(beon = #1[0])
02-05 01:01:38.044   581  5115 D DlbDap2Process: setParam(geon = #1[0])
02-05 01:01:38.044   581  5115 D DlbDap2Process: setParam(ieon = #1[0])
02-05 01:01:38.044   581  5115 D DlbDap2Process: setParam(gebs = #41[20, 47, 141, 234, 328, 469, 656, 844, 1031, 1313, 1688, 2250, 3000, 3750, 4688, 5813, 7125, 9000, 11250, 13875, 19688, 0, 0, 0, 0, 0, 0, 0, 0, 0, 0, 0, 0, 0, 0, 0, 0, 0, 0, 0, 0])
02-05 01:01:38.045   581  5115 D DlbDap2Process: setParam(iebs = #41[20, 65, 136, 223, 332, 467, 634, 841, 1098, 1416, 1812, 2302, 2909, 3663, 4598, 5756, 7194, 8976, 11186, 13927, 17326, 117, 133, 188, 176, 141, 149, 175, 185, 185, 200, 236, 242, 228, 213, 182, 132, 110, 68, -27, -240])
02-05 01:01:38.045   581  5115 D DlbDapEndpointParamCache: doCommit() Committed 15 parameters out of 16.
02-05 01:01:38.045   581  5115 D DlbDapEndpointParamCache: commit() Overriding parameters for current device 0x00000008
02-05 01:01:38.045   581  5115 D DlbDap2Process: setParam(dea = #1[7])
02-05 01:01:38.045   581  5115 D DlbDap2Process: setParam(dsa = #1[10])
02-05 01:01:38.045   581  5115 D DlbDap2Process: setParam(beb = #1[96])
02-05 01:01:38.045   581  5115 D DlbDap2Process: setParam(plb = #1[0])
02-05 01:01:38.045   581  5115 D DlbDap2Process: setParam(vmb = #1[144])
02-05 01:01:38.045   581  5115 D DlbDap2Process: setParam(dsb = #1[48])
02-05 01:01:38.045   581  5115 D DlbDap2Process: setParam(ded = #1[0])
02-05 01:01:38.045   581  5115 D DlbDap2Process: setParam(vbm = #1[0])
02-05 01:01:38.045   581  5115 D DlbDap2Process: setParam(dom = #1[0])
02-05 01:01:38.045   581  5115 D DlbDap2Process: setParam(bew = #1[16])
02-05 01:01:38.045   581  5115 D DlbDap2Process: setParam(dvla = #1[5])
02-05 01:01:38.045   581  5115 D DlbDap2Process: setParam(arra = #1[96])
02-05 01:01:38.045   581  5115 D DlbDap2Process: setParam(dfsa = #1[10])
02-05 01:01:38.045   581  5115 D DlbDap2Process: setParam(dhsa = #1[10])
02-05 01:01:38.045   581  5115 D DlbDap2Process: setParam(dvmc = #1[160])
02-05 01:01:38.045   581  5115 D DlbDap2Process: setParam(arod = #1[0])
02-05 01:01:38.045   581  5115 D DlbDap2Process: setParam(arde = #1[0])
02-05 01:01:38.045   581  5115 D DlbDap2Process: setParam(dvle = #1[1])
02-05 01:01:38.045   581  5115 D DlbDap2Process: setParam(dvme = #1[0])
02-05 01:01:38.045   581  5115 D DlbDap2Process: setParam(becf = #1[160])
02-05 01:01:38.045   581  5115 D DlbDap2Process: setParam(vbmf = #2[99, 281])
02-05 01:01:38.045   581  5115 D DlbDap2Process: setParam(vbsf = #2[30, 90])
02-05 01:01:38.045   581  5115 D DlbDap2Process: setParam(vbhg = #3[-48, -480, -240])
02-05 01:01:38.045   581  5115 D DlbDap2Process: setParam(vbog = #1[0])
02-05 01:01:38.045   581  5115 D DlbDap2Process: setParam(vbsg = #1[0])
02-05 01:01:38.045   581  5115 D DlbDap2Process: setParam(dvli = #1[-320])
02-05 01:01:38.045   581  5115 D DlbDap2Process: setParam(dhfm = #1[0])
02-05 01:01:38.045   581  5115 D DlbDap2Process: setParam(vbon = #1[0])
02-05 01:01:38.045   581  5115 D DlbDap2Process: setParam(beon = #1[0])
02-05 01:01:38.045   581  5115 D DlbDap2Process: setParam(deon = #1[0])
02-05 01:01:38.045   581  5115 D DlbDap2Process: setParam(ngon = #1[1])
02-05 01:01:38.045   581  5115 D DlbDap2Process: setParam(aoon = #1[0])
02-05 01:01:38.046   581  5115 D DlbDap2Process: setParam(aron = #1[1])
02-05 01:01:38.046   581  5115 D DlbDap2Process: setParam(dvlo = #1[-320])
02-05 01:01:38.046   581  5115 D DlbDap2Process: setParam(artp = #1[12])
02-05 01:01:38.046   581  5115 D DlbDap2Process: setParam(aobs = #222[20, 10, 47, 141, 234, 328, 469, 656, 844, 1031, 1313, 1688, 2250, 3000, 3750, 4688, 5813, 7125, 9000, 11250, 13875, 19688, 0, 0, 0, 0, 0, 0, 0, 0, 0, 0, 0, 0, 0, 0, 0, 0, 0, 0, 0, 0, 0, 0, 0, 0, 0, 0, 0, 0, 0, 0, 0, 0, 0, 0, 0, 0, 0, 0, 0, 0, 0, 0, 0, 0, 0, 0, 0, 0, 0, 0, 0, 0, 0, 0, 0, 0, 0, 0, 0, 0, 0, 0, 0, 0, 0, 0, 0, 0, 0, 0, 0, 0, 0, 0, 0, 0, 0, 0, 0, 0, 0, 0, 0, 0, 0, 0, 0, 0, 0, 0, 0, 0, 0, 0, 0, 0, 0, 0, 0, 0, 0, 0, 0, 0, 0, 0, 0, 0, 0, 0, 0, 0, 0, 0, 0, 0, 0, 0, 0, 0, 0, 0, 0, 0, 0, 0, 0, 0, 0, 0, 0, 0, 0, 0, 0, 0, 0, 0, 0, 0, 0, 0, 0, 0, 0, 0, 0, 0, 0, 0, 0, 0, 0, 0, 0, 0, 0, 0, 0, 0, 0, 0, 0, 0, 0, 0, 0, 0, 0, 0, 0, 0, 0, 0, 0, 0, 0, 0, 0, 0, 0, 0, 0, 0, 0, 0, 0, 0, 0, 0, 0, 0, 0, 0, 0, 0, 0, 0, 0, 0])
02-05 01:01:38.046   581  5115 D DlbDap2Process: setParam(arbs = #81[20, 47, 141, 234, 328, 469, 656, 844, 1031, 1313, 1688, 2250, 3000, 3750, 4688, 5813, 7125, 9000, 11250, 13875, 19688, -192, -192, -192, -192, -192, -192, -192, -192, -192, -192, -192, -192, -192, -192, -192, -192, -192, -192, -192, -192, 0, 0, 0, 0, 0, 0, 0, 0, 0, 0, 0, 0, 0, 0, 0, 0, 0, 0, 0, 0, 0, 0, 0, 0, 0, 0, 0, 0, 0, 0, 0, 0, 0, 0, 0, 0, 0, 0, 0, 0])
02-05 01:01:38.046   581  5115 D DlbDapEndpointParamCache: doCommit() Committed 37 parameters out of 37.
02-05 01:01:38.047   581  5115 D DlbDap2Process: setMave(mave = 0)
02-05 01:01:38.049   581  5115 D DlbDapCrossfadeProcess: process transitioning from PREROLL_ACTIVE state to FADE_TO_ACTIVE
02-05 01:01:38.073   784   784 D featureTest: receive broadcast , change headphone sound virtualizer :0
02-05 01:01:38.086   581  5143 D DlbDlbEffect: handle_EFFECT_CMD_SET_PARAM()
02-05 01:01:38.142   784   784 D featureTest: receive broadcast , record log :0
02-05 01:01:38.159   784   798 I zygote64: Do partial code cache collection, code=8KB, data=14KB
02-05 01:01:38.159   784   798 I zygote64: After code cache collection, code=8KB, data=14KB
02-05 01:01:38.159   784   798 I zygote64: Increasing code cache capacity to 128KB
02-05 01:01:38.160   784   798 I zygote64: Do partial code cache collection, code=8KB, data=33KB
02-05 01:01:38.160   784   798 I zygote64: After code cache collection, code=8KB, data=33KB
02-05 01:01:38.160   784   798 I zygote64: Increasing code cache capacity to 256KB
02-05 01:01:38.160   784   798 I zygote64: Compiler allocated 8MB to compile void android.widget.TextView.<init>(android.content.Context, android.util.AttributeSet, int, int)
02-05 01:01:38.163   581  5115 D DlbDapCrossfadeProcess: process transitioning from FADE_TO_ACTIVE state to DAP_ACTIVE
02-05 01:01:38.344 31691 31691 I ServiceManager: Waiting for service AtCmdFwd...
02-05 01:01:39.345 31691 31691 I ServiceManager: Waiting for service AtCmdFwd...
02-05 01:01:39.775   816   816 W WindowManager: removeWindowToken: Attempted to remove non-existing token: android.os.Binder@b686ffe
02-05 01:01:39.827   429   429 D SurfaceFlinger: duplicate layer name: changing Toast to Toast#1
02-05 01:01:40.288   581  5115 D DlbDap2Process: process() called [347000] times
02-05 01:01:40.346 31691 31691 I ServiceManager: Waiting for service AtCmdFwd...
02-05 01:01:41.347 31691 31691 I ServiceManager: Waiting for service AtCmdFwd...
02-05 01:01:41.800   816   816 W WindowManager: removeWindowToken: Attempted to remove non-existing token: android.os.Binder@10b5c98
02-05 01:01:42.348 31691 31691 W Atfwd_Sendcmd: AtCmdFwd service not published, waiting... retryCnt : 1
02-05 01:01:42.930   581  5115 D DlbDap2Process: process() called [347500] times
