--------- beginning of system
02-05 01:01:46.591   816  2337 I ActivityManager: Force stopping com.dolby.qa.featuretest appid=10074 user=0: from pid 1006
02-05 01:01:46.591   816  2337 I ActivityManager: Killing 784:com.dolby.qa.featuretest/u0a74 (adj 0): stop com.dolby.qa.featuretest
02-05 01:01:46.592   816  2337 W ActivityManager: Force removing ActivityRecord{6a32708 u0 com.dolby.qa.featuretest/.MainActivity t229}: app died, no saved state
02-05 01:01:46.597   816  2337 I WindowManager: Failed to capture screenshot of Token{18c3ea1 ActivityRecord{6a32708 u0 com.dolby.qa.featuretest/.MainActivity t229 f}} appWin=Window{5c1974e u0 com.dolby.qa.featuretest/com.dolby.qa.featuretest.MainActivity} drawState=4
--------- beginning of main
02-05 01:01:46.621  1232  1232 D CarrierSvcBindHelper: No carrier app for: 0
02-05 01:01:46.622   589  1170 D NuPlayerDriver: reset(0xe3e61070) at state 5
02-05 01:01:46.624   816   975 I WindowManager: WIN DEATH: Window{62fc55e u0 Toast}
02-05 01:01:46.624   589  1170 D NuPlayerDriver: notifyListener_l(0xe3e61070), (8, 0, 0, -1), loop setting(0, 1)
02-05 01:01:46.626  2298  2298 D RegisteredNfcFServicesCache: Service unchanged, not updating
02-05 01:01:46.635   589   941 D NuPlayerDriver: notifyResetComplete(0xe3e61070)
02-05 01:01:46.636   589  1170 D AudioTrack: stop() called with 0 frames delivered
02-05 01:01:46.694   816  2363 I ActivityManager: START u0 {flg=0x10000000 cmp=com.dolby.qa.featuretest/.MainActivity} from uid 2000
02-05 01:01:46.718   816  1084 I ActivityManager: Start proc 1019:com.dolby.qa.featuretest/u0a74 for activity com.dolby.qa.featuretest/.MainActivity
02-05 01:01:46.719  1019  1019 I zygote64: Late-enabling -Xcheck:jni
02-05 01:01:46.742   581   724 D DlbDlbEffect: handle_EFFECT_CMD_DISABLE()
02-05 01:01:46.742   581   724 D DlbDapCrossfadeProcess: setEnabled transitioning from DAP_ACTIVE state to FADE_TO_BYPASS
02-05 01:01:46.744   416   416 W /system/bin/hw/android.hidl.allocator@1.0-service: ashmem_create_region(3840) returning hidl_memory(0x7590c2c2e0, 3840)
02-05 01:01:46.744   581   724 D DlbDlbEffect: handle_EFFECT_CMD_SET_CONFIG()
02-05 01:01:46.744   581   724 D DlbDapEndpointParamCache: setDevice(device=0x00000008)
02-05 01:01:46.744   421   421 D DMSService: setActiveDevice called with device = 0x8
02-05 01:01:46.745   581   724 D DlbDlbEffect: handle_EFFECT_CMD_ENABLE()
02-05 01:01:46.745   581   724 D DlbDapCrossfadeProcess: setEnabled transitioning from FADE_TO_BYPASS state to FADE_TO_ACTIVE
02-05 01:01:46.964  1019  1019 D featureTest: onCreate
02-05 01:01:47.071   581   770 D audio_hw_primary: disable_audio_route: usecase(0) reset and update mixer path: deep-buffer-playback
02-05 01:01:47.073   581   770 D audio_hw_primary: disable_snd_device: snd_device(5: headphones)
02-05 01:01:47.096  1019  1019 D AudioTrack: Client defaulted notificationFrames to 962 for frameCount 1924
02-05 01:01:47.104  1019  1019 W AudioTrack: Use of stream types is deprecated for operations other than volume control
02-05 01:01:47.105  1019  1019 W AudioTrack: See the documentation of AudioTrack() for what to use instead with android.media.AudioAttributes to qualify your playback use case
02-05 01:01:47.119  1019  1019 W DolbyAudioEffect: WARNING: attaching a DolbyAudioEffect to global output mix is deprecated!
02-05 01:01:47.131  1019  1019 D featureTest: onResume
02-05 01:01:47.151  1019  1037 D OpenGLRenderer: HWUI GL Pipeline
02-05 01:01:47.158   816   843 W ActivityManager: setHasOverlayUi called on unknown pid: 784
02-05 01:01:47.216  1019  1037 I Adreno  : QUALCOMM build                   : 7142022, Ib5823dd10c
02-05 01:01:47.216  1019  1037 I Adreno  : Build Date                       : 06/23/17
02-05 01:01:47.216  1019  1037 I Adreno  : OpenGL ES Shader Compiler Version: EV031.18.00.00
02-05 01:01:47.216  1019  1037 I Adreno  : Local Branch                     : O11A
02-05 01:01:47.216  1019  1037 I Adreno  : Remote Branch                    : 
02-05 01:01:47.216  1019  1037 I Adreno  : Remote Branch                    : 
02-05 01:01:47.216  1019  1037 I Adreno  : Reconstruct Branch               : 
02-05 01:01:47.216  1019  1037 I vndksupport: sphal namespace is not configured for this process. Loading /vendor/lib64/hw/gralloc.msm8994.so from the current namespace instead.
02-05 01:01:47.223  1019  1037 I Adreno  : PFP: 0x00000000, ME: 0x00000000
02-05 01:01:47.227  1019  1037 I OpenGLRenderer: Initialized EGL, version 1.4
02-05 01:01:47.227  1019  1037 D OpenGLRenderer: Swap behavior 2
02-05 01:01:47.260   365   365 W /system/bin/hwservicemanager: getTransportFromManifest: Cannot find entry android.hardware.graphics.mapper@2.0::IMapper in either framework or device manifest, using default transport.
02-05 01:01:47.265  1019  1037 I vndksupport: sphal namespace is not configured for this process. Loading /vendor/lib64/hw/gralloc.msm8994.so from the current namespace instead.
02-05 01:01:47.301   816   843 I ActivityManager: Displayed com.dolby.qa.featuretest/.MainActivity: +588ms
02-05 01:01:47.348 31691 31691 I ServiceManager: Waiting for service AtCmdFwd...
02-05 01:01:47.543  2401  2517 W OpenGLRenderer: Incorrectly called buildLayer on View: ShortcutAndWidgetContainer, destroying layer...
02-05 01:01:47.778  1019  1019 D featureTest: receive broadcast , playing content location :/sdcard/featureTest/chopper_5.1_180_420.wav
02-05 01:01:47.787  1019  1019 D featureTest: mMediaPlayer.getAudioSessionId(): 4793
02-05 01:01:47.787  1019  1019 D featureTest: Playing file: /sdcard/featureTest/chopper_5.1_180_420.wav
02-05 01:01:47.789   589  1170 D NuPlayerDriver: NuPlayerDriver(0xe3e61070) created, clientPid(1019)
02-05 01:01:47.790  1052  1052 W generic : type=1400 audit(0.0:2953): avc: denied { read } for path="/storage/emulated/0/featuretest/chopper_5.1_180_420.wav" dev="sdcardfs" ino=523304 scontext=u:r:mediaextractor:s0 tcontext=u:object_r:sdcardfs:s0 tclass=file permissive=0
02-05 01:01:47.791  1019  1019 W MediaPlayer: Use of stream types is deprecated for operations other than volume control
02-05 01:01:47.792  1019  1019 W MediaPlayer: See the documentation of setAudioStreamType() for what to use instead with android.media.AudioAttributes to qualify your playback use case
02-05 01:01:47.794   589  1052 D GenericSource: FileSource remote
02-05 01:01:47.795   589  1052 W GenericSource: extractor service cannot make data source
02-05 01:01:47.795   589  1052 D GenericSource: FileSource local
02-05 01:01:47.796   587  1118 W WAVExtractor: More than 2 channels (6) in non-WAVE_EXT, unknown channel mask
02-05 01:01:47.821   587  1118 W WAVExtractor: More than 2 channels (6) in non-WAVE_EXT, unknown channel mask
02-05 01:01:47.822   587   587 D MediaBufferGroup: creating MemoryDealer
02-05 01:01:47.823   589  1049 D NuPlayerDriver: notifyListener_l(0xe3e61070), (1, 0, 0, -1), loop setting(0, 0)
02-05 01:01:47.833   589  1170 D NuPlayerDriver: start(0xe3e61070), state is 4, eos is 0
02-05 01:01:47.833   589  1049 I GenericSource: start
02-05 01:01:47.839  1019  1019 W DolbyAudioEffect: WARNING: attaching a DolbyAudioEffect to global output mix is deprecated!
02-05 01:01:47.843   593 20870 I OMXMaster: makeComponentInstance(OMX.google.raw.decoder) in android.hardwar process
02-05 01:01:47.845  1019  1019 D featureTest: receive broadcast , change ds status :0
02-05 01:01:47.846   593  1188 E OMXNodeInstance: setConfig(0xf10a3020:google.raw.decoder, ConfigPriority(0x6f800002)) ERROR: Undefined(0x80001001)
02-05 01:01:47.847   589  1058 I ACodec  : codec does not support config priority (err -2147483648)
02-05 01:01:47.847   593   593 E OMXNodeInstance: getConfig(0xf10a3020:google.raw.decoder, ConfigAndroidVendorExtension(0x6f100004)) ERROR: Undefined(0x80001001)
02-05 01:01:47.848   589  1058 I MediaCodec: MediaCodec will operate in async mode
02-05 01:01:47.849   816   816 W NotificationService: Object died trying to hide notification android.app.ITransientNotification$Stub$Proxy@dce847a in package com.dolby.qa.featuretest
02-05 01:01:47.849   816   816 W WindowManager: removeWindowToken: Attempted to remove non-existing token: android.os.Binder@231c24f
02-05 01:01:47.849   816   816 W ActivityManager: setProcessForeground called on unknown pid: 784
02-05 01:01:47.849   816   816 W NotificationService: Object died trying to show notification android.app.ITransientNotification$Stub$Proxy@da7c42b in package com.dolby.qa.featuretest
02-05 01:01:47.849   816   816 W ActivityManager: setProcessForeground called on unknown pid: 784
02-05 01:01:47.850   816   816 W NotificationService: Object died trying to show notification android.app.ITransientNotification$Stub$Proxy@275d088 in package com.dolby.qa.featuretest
02-05 01:01:47.861   365   365 W /system/bin/hwservicemanager: getTransportFromManifest: Cannot find entry android.hardware.audio.effect@2.0::IEffectsFactory in either framework or device manifest, using default transport.
02-05 01:01:47.866   416   416 W /system/bin/hw/android.hidl.allocator@1.0-service: ashmem_create_region(3072) returning hidl_memory(0x7590c2c2e0, 3072)
02-05 01:01:47.868   416   416 W /system/bin/hw/android.hidl.allocator@1.0-service: ashmem_create_region(1024) returning hidl_memory(0x7590c2c2e0, 1024)
02-05 01:01:47.868   581  5110 E EffectHalHidl: Buffer provider callbacks are not supported
02-05 01:01:47.869   589  1055 D AudioTrack: Client defaulted notificationFrames to 12000 for frameCount 24000
02-05 01:01:47.870   581  7829 D DlbDlbEffect: handle_EFFECT_CMD_DISABLE()
02-05 01:01:47.870   581  7829 D DlbDapCrossfadeProcess: setEnabled transitioning from FADE_TO_ACTIVE state to FADE_TO_BYPASS
02-05 01:01:47.871   416   416 W /system/bin/hw/android.hidl.allocator@1.0-service: ashmem_create_region(7680) returning hidl_memory(0x7590c2c2e0, 7680)
02-05 01:01:47.872   581  7829 D DlbDlbEffect: handle_EFFECT_CMD_SET_CONFIG()
02-05 01:01:47.872   581  7829 D DlbDapEndpointParamCache: setDevice(device=0x00000008)
02-05 01:01:47.872   421   421 D DMSService: setActiveDevice called with device = 0x8
02-05 01:01:47.872   581  7829 D DlbDlbEffect: handle_EFFECT_CMD_ENABLE()
02-05 01:01:47.872   581  7829 D DlbDapCrossfadeProcess: setEnabled transitioning from FADE_TO_BYPASS state to FADE_TO_ACTIVE
02-05 01:01:47.873   589  1049 D NuPlayerDriver: notifyListener_l(0xe3e61070), (6, 0, 0, -1), loop setting(0, 1)
02-05 01:01:47.878   581  5115 D DlbDapCrossfadeProcess: process transitioning from FADE_TO_ACTIVE state to DAP_ACTIVE
02-05 01:01:47.879   581  5111 D audio_hw_primary: enable_snd_device: snd_device(5: headphones)
02-05 01:01:47.884   581  5111 D audio_hw_primary: enable_audio_route: usecase(0) apply and update mixer path: deep-buffer-playback
02-05 01:01:47.887   581   730 D DlbDlbEffect: handle_EFFECT_CMD_SET_PARAM()
02-05 01:01:47.940  1019  1019 D featureTest: receive broadcast , change ds profile id :2
02-05 01:01:47.952   581  5143 D DlbDlbEffect: handle_EFFECT_CMD_SET_PARAM()
02-05 01:01:47.953   421   460 I DapController: Profile Changed to Music
02-05 01:01:47.969   581  5115 D DlbDapCrossfadeProcess: setEnabled transitioning from DAP_ACTIVE state to FADE_TO_BYPASS
02-05 01:01:47.971   581  5115 D DlbDapEndpointParamCache: commitChangedParams()
02-05 01:01:47.971   581  5115 D DlbDapEndpointParamCache: commit() Applying parameters for device 0x40000000
02-05 01:01:47.971   581  5115 D DlbDap2Process: setParam(iea = #1[10])
02-05 01:01:47.971   581  5115 D DlbDap2Process: setParam(msce = #1[0])
02-05 01:01:47.971   581  5115 D DlbDap2Process: setParam(mdee = #1[0])
02-05 01:01:47.971   581  5115 D DlbDap2Process: setParam(miee = #1[0])
02-05 01:01:47.971   581  5115 D DlbDap2Process: setParam(mdle = #1[0])
02-05 01:01:47.971   581  5115 D DlbDap2Process: setParam(dvle = #1[1])
02-05 01:01:47.971   581  5115 D DlbDap2Process: setParam(mave = #1[0])
02-05 01:01:47.971   581  5115 D DlbDap2Process: setParam(vcbf = #20[47, 141, 234, 328, 469, 656, 844, 1031, 1313, 1688, 2250, 3000, 3750, 4688, 5813, 7125, 9000, 11250, 13875, 19688])
02-05 01:01:47.971   581  5115 D DlbDap2Process: setParam(vbon = #1[0])
02-05 01:01:47.971   581  5115 D DlbDap2Process: setParam(beon = #1[0])
02-05 01:01:47.971   581  5115 D DlbDap2Process: setParam(geon = #1[0])
02-05 01:01:47.971   581  5115 D DlbDap2Process: setParam(ieon = #1[1])
02-05 01:01:47.971   581  5115 D DlbDap2Process: setParam(gebs = #41[20, 47, 141, 234, 328, 469, 656, 844, 1031, 1313, 1688, 2250, 3000, 3750, 4688, 5813, 7125, 9000, 11250, 13875, 19688, 0, 0, 0, 0, 0, 0, 0, 0, 0, 0, 0, 0, 0, 0, 0, 0, 0, 0, 0, 0])
02-05 01:01:47.972   581  5115 D DlbDap2Process: setParam(iebs = #41[20, 65, 136, 223, 332, 467, 634, 841, 1098, 1416, 1812, 2302, 2909, 3663, 4598, 5756, 7194, 8976, 11186, 13927, 17326, 117, 133, 188, 176, 141, 149, 175, 185, 185, 200, 236, 242, 228, 213, 182, 132, 110, 68, -27, -240])
02-05 01:01:47.972   581  5115 D DlbDapEndpointParamCache: doCommit() Committed 15 parameters out of 16.
02-05 01:01:47.972   581  5115 D DlbDapEndpointParamCache: commit() Overriding parameters for current device 0x00000008
02-05 01:01:47.972   581  5115 D DlbDap2Process: setParam(dea = #1[7])
02-05 01:01:47.972   581  5115 D DlbDap2Process: setParam(dsa = #1[10])
02-05 01:01:47.972   581  5115 D DlbDap2Process: setParam(beb = #1[96])
02-05 01:01:47.972   581  5115 D DlbDap2Process: setParam(plb = #1[0])
02-05 01:01:47.972   581  5115 D DlbDap2Process: setParam(vmb = #1[144])
02-05 01:01:47.972   581  5115 D DlbDap2Process: setParam(dsb = #1[48])
02-05 01:01:47.972   581  5115 D DlbDap2Process: setParam(ded = #1[0])
02-05 01:01:47.972   581  5115 D DlbDap2Process: setParam(vbm = #1[0])
02-05 01:01:47.972   581  5115 D DlbDap2Process: setParam(dom = #1[0])
02-05 01:01:47.972   581  5115 D DlbDap2Process: setParam(bew = #1[16])
02-05 01:01:47.972   581  5115 D DlbDap2Process: setParam(dvla = #1[4])
02-05 01:01:47.972   581  5115 D DlbDap2Process: setParam(arra = #1[96])
02-05 01:01:47.972   581  5115 D DlbDap2Process: setParam(dfsa = #1[10])
02-05 01:01:47.972   581  5115 D DlbDap2Process: setParam(dhsa = #1[10])
02-05 01:01:47.972   581  5115 D DlbDap2Process: setParam(dvmc = #1[160])
02-05 01:01:47.972   581  5115 D DlbDap2Process: setParam(arod = #1[0])
02-05 01:01:47.972   581  5115 D DlbDap2Process: setParam(arde = #1[0])
02-05 01:01:47.972   581  5115 D DlbDap2Process: setParam(dvle = #1[1])
02-05 01:01:47.972   581  5115 D DlbDap2Process: setParam(dvme = #1[0])
02-05 01:01:47.972   581  5115 D DlbDap2Process: setParam(becf = #1[160])
02-05 01:01:47.972   581  5115 D DlbDap2Process: setParam(vbmf = #2[99, 281])
02-05 01:01:47.972   581  5115 D DlbDap2Process: setParam(vbsf = #2[30, 90])
02-05 01:01:47.972   581  5115 D DlbDap2Process: setParam(vbhg = #3[-48, -480, -240])
02-05 01:01:47.972   581  5115 D DlbDap2Process: setParam(vbog = #1[0])
02-05 01:01:47.972   581  5115 D DlbDap2Process: setParam(vbsg = #1[0])
02-05 01:01:47.972   581  5115 D DlbDap2Process: setParam(dvli = #1[-320])
02-05 01:01:47.972   581  5115 D DlbDap2Process: setParam(dhfm = #1[0])
02-05 01:01:47.972   581  5115 D DlbDap2Process: setParam(vbon = #1[0])
02-05 01:01:47.972   581  5115 D DlbDap2Process: setParam(beon = #1[0])
02-05 01:01:47.972   581  5115 D DlbDap2Process: setParam(deon = #1[0])
02-05 01:01:47.972   581  5115 D DlbDap2Process: setParam(ngon = #1[1])
02-05 01:01:47.972   581  5115 D DlbDap2Process: setParam(aoon = #1[0])
02-05 01:01:47.972   581  5115 D DlbDap2Process: setParam(aron = #1[1])
02-05 01:01:47.973   581  5115 D DlbDap2Process: setParam(dvlo = #1[-320])
02-05 01:01:47.973   581  5115 D DlbDap2Process: setParam(artp = #1[12])
02-05 01:01:47.973   581  5115 D DlbDap2Process: setParam(aobs = #222[20, 10, 47, 141, 234, 328, 469, 656, 844, 1031, 1313, 1688, 2250, 3000, 3750, 4688, 5813, 7125, 9000, 11250, 13875, 19688, 0, 0, 0, 0, 0, 0, 0, 0, 0, 0, 0, 0, 0, 0, 0, 0, 0, 0, 0, 0, 0, 0, 0, 0, 0, 0, 0, 0, 0, 0, 0, 0, 0, 0, 0, 0, 0, 0, 0, 0, 0, 0, 0, 0, 0, 0, 0, 0, 0, 0, 0, 0, 0, 0, 0, 0, 0, 0, 0, 0, 0, 0, 0, 0, 0, 0, 0, 0, 0, 0, 0, 0, 0, 0, 0, 0, 0, 0, 0, 0, 0, 0, 0, 0, 0, 0, 0, 0, 0, 0, 0, 0, 0, 0, 0, 0, 0, 0, 0, 0, 0, 0, 0, 0, 0, 0, 0, 0, 0, 0, 0, 0, 0, 0, 0, 0, 0, 0, 0, 0, 0, 0, 0, 0, 0, 0, 0, 0, 0, 0, 0, 0, 0, 0, 0, 0, 0, 0, 0, 0, 0, 0, 0, 0, 0, 0, 0, 0, 0, 0, 0, 0, 0, 0, 0, 0, 0, 0, 0, 0, 0, 0, 0, 0, 0, 0, 0, 0, 0, 0, 0, 0, 0, 0, 0, 0, 0, 0, 0, 0, 0, 0, 0, 0, 0, 0, 0, 0, 0, 0, 0, 0, 0, 0, 0, 0, 0, 0, 0, 0])
02-05 01:01:47.973   581  5115 D DlbDap2Process: setParam(arbs = #81[20, 47, 141, 234, 328, 469, 656, 844, 1031, 1313, 1688, 2250, 3000, 3750, 4688, 5813, 7125, 9000, 11250, 13875, 19688, -192, -192, -192, -192, -192, -192, -192, -192, -192, -192, -192, -192, -192, -192, -192, -192, -192, -192, -192, -192, 0, 0, 0, 0, 0, 0, 0, 0, 0, 0, 0, 0, 0, 0, 0, 0, 0, 0, 0, 0, 0, 0, 0, 0, 0, 0, 0, 0, 0, 0, 0, 0, 0, 0, 0, 0, 0, 0, 0, 0])
02-05 01:01:47.973   581  5115 D DlbDapEndpointParamCache: doCommit() Committed 37 parameters out of 37.
02-05 01:01:47.973   581  5115 D DlbDap2Process: setMave(mave = 0)
02-05 01:01:48.011   581  5115 D DlbDapCrossfadeProcess: process transitioning from FADE_TO_BYPASS state to DAP_BYPASSED
02-05 01:01:48.029   581   770 D AudioFlinger: mixer(0xf2983980) throttle end: throttle time(27)
02-05 01:01:48.032  1019  1019 D featureTest: receive broadcast , playing content location :/sdcard/featureTest/chopper_5.1_180_420.wav
02-05 01:01:48.034   589  1183 D NuPlayerDriver: stop(0xe3e61070)
02-05 01:01:48.034   589  1183 D NuPlayerDriver: notifyListener_l(0xe3e61070), (8, 0, 0, -1), loop setting(0, 1)
02-05 01:01:48.035   589  1170 D NuPlayerDriver: reset(0xe3e61070) at state 8
02-05 01:01:48.044   589  1049 D NuPlayerDriver: notifyResetComplete(0xe3e61070)
02-05 01:01:48.044   589   589 D NuPlayerDriver: reset(0xe3e61070) at state 0
02-05 01:01:48.045  1019  1019 V MediaPlayer: resetDrmState:  mDrmInfo=null mDrmProvisioningThread=null mPrepareDrmInProgress=false mActiveDrmScheme=false
02-05 01:01:48.045  1019  1019 V MediaPlayer: cleanDrmObj: mDrmObj=null mDrmSessionId=null
02-05 01:01:48.052  1019  1019 V MediaPlayer: resetDrmState:  mDrmInfo=null mDrmProvisioningThread=null mPrepareDrmInProgress=false mActiveDrmScheme=false
02-05 01:01:48.052  1019  1019 V MediaPlayer: cleanDrmObj: mDrmObj=null mDrmSessionId=null
02-05 01:01:48.056  1078  1078 W generic : type=1400 audit(0.0:2954): avc: denied { read } for path="/storage/emulated/0/featuretest/chopper_5.1_180_420.wav" dev="sdcardfs" ino=523304 scontext=u:r:mediaextractor:s0 tcontext=u:object_r:sdcardfs:s0 tclass=file permissive=0
02-05 01:01:48.057  1019  1019 D featureTest: mMediaPlayer.getAudioSessionId(): 4801
02-05 01:01:48.057  1019  1019 D featureTest: Playing file: /sdcard/featureTest/chopper_5.1_180_420.wav
02-05 01:01:48.058   589 26717 D NuPlayerDriver: NuPlayerDriver(0xe5732620) created, clientPid(1019)
02-05 01:01:48.060  1019  1019 W MediaPlayer: Use of stream types is deprecated for operations other than volume control
02-05 01:01:48.060  1019  1019 W MediaPlayer: See the documentation of setAudioStreamType() for what to use instead with android.media.AudioAttributes to qualify your playback use case
02-05 01:01:48.062   589  1078 D GenericSource: FileSource remote
02-05 01:01:48.062   589  1078 W GenericSource: extractor service cannot make data source
02-05 01:01:48.062   589  1078 D GenericSource: FileSource local
02-05 01:01:48.064   587   587 W WAVExtractor: More than 2 channels (6) in non-WAVE_EXT, unknown channel mask
02-05 01:01:48.088   587   587 W WAVExtractor: More than 2 channels (6) in non-WAVE_EXT, unknown channel mask
02-05 01:01:48.088   587  1118 D MediaBufferGroup: creating MemoryDealer
02-05 01:01:48.089   589  1077 D NuPlayerDriver: notifyListener_l(0xe5732620), (1, 0, 0, -1), loop setting(0, 0)
02-05 01:01:48.093   589   709 D NuPlayerDriver: start(0xe5732620), state is 4, eos is 0
02-05 01:01:48.096  1019  1019 W DolbyAudioEffect: WARNING: attaching a DolbyAudioEffect to global output mix is deprecated!
02-05 01:01:48.101   589  1077 I GenericSource: start
02-05 01:01:48.111  1019  1019 D featureTest: receive broadcast , change ds status :1
02-05 01:01:48.117   593  1162 I OMXMaster: makeComponentInstance(OMX.google.raw.decoder) in android.hardwar process
02-05 01:01:48.121   593  1188 E OMXNodeInstance: setConfig(0xf0d07540:google.raw.decoder, ConfigPriority(0x6f800002)) ERROR: Undefined(0x80001001)
02-05 01:01:48.121   589  1088 I ACodec  : codec does not support config priority (err -2147483648)
02-05 01:01:48.122   593 20514 E OMXNodeInstance: getConfig(0xf0d07540:google.raw.decoder, ConfigAndroidVendorExtension(0x6f100004)) ERROR: Undefined(0x80001001)
02-05 01:01:48.123   589  1088 I MediaCodec: MediaCodec will operate in async mode
02-05 01:01:48.125   581  5110 D DlbDlbEffect: handle_EFFECT_CMD_SET_PARAM()
02-05 01:01:48.138   365   365 W /system/bin/hwservicemanager: getTransportFromManifest: Cannot find entry android.hardware.audio.effect@2.0::IEffectsFactory in either framework or device manifest, using default transport.
02-05 01:01:48.143   416   416 W /system/bin/hw/android.hidl.allocator@1.0-service: ashmem_create_region(3072) returning hidl_memory(0x7590c2c2e0, 3072)
02-05 01:01:48.145   416   416 W /system/bin/hw/android.hidl.allocator@1.0-service: ashmem_create_region(1024) returning hidl_memory(0x7590c2c2e0, 1024)
02-05 01:01:48.145   581  5142 E EffectHalHidl: Buffer provider callbacks are not supported
02-05 01:01:48.146   589  1086 D AudioTrack: Client defaulted notificationFrames to 12000 for frameCount 24000
02-05 01:01:48.148   589  1077 D NuPlayerDriver: notifyListener_l(0xe5732620), (6, 0, 0, -1), loop setting(0, 1)
02-05 01:01:48.192   581  5115 D DlbDapCrossfadeProcess: setEnabled transitioning from DAP_BYPASSED state to PREROLL_ACTIVE
02-05 01:01:48.196  1019  1019 D featureTest: receive broadcast , change ds profile id :5
02-05 01:01:48.200   581  5115 D DlbDapCrossfadeProcess: process transitioning from PREROLL_ACTIVE state to FADE_TO_ACTIVE
02-05 01:01:48.208   581   731 D DlbDlbEffect: handle_EFFECT_CMD_SET_PARAM()
02-05 01:01:48.209   421   460 I DapController: Profile Changed to Custom
02-05 01:01:48.235   581  5115 D DlbDapEndpointParamCache: commitChangedParams()
02-05 01:01:48.235   581  5115 D DlbDapEndpointParamCache: commit() Applying parameters for device 0x40000000
02-05 01:01:48.235   581  5115 D DlbDap2Process: setParam(iea = #1[10])
02-05 01:01:48.235   581  5115 D DlbDap2Process: setParam(msce = #1[0])
02-05 01:01:48.235   581  5115 D DlbDap2Process: setParam(mdee = #1[0])
02-05 01:01:48.235   581  5115 D DlbDap2Process: setParam(miee = #1[0])
02-05 01:01:48.235   581  5115 D DlbDap2Process: setParam(mdle = #1[0])
02-05 01:01:48.235   581  5115 D DlbDap2Process: setParam(dvle = #1[1])
02-05 01:01:48.235   581  5115 D DlbDap2Process: setParam(mave = #1[0])
02-05 01:01:48.235   581  5115 D DlbDap2Process: setParam(vcbf = #20[47, 141, 234, 328, 469, 656, 844, 1031, 1313, 1688, 2250, 3000, 3750, 4688, 5813, 7125, 9000, 11250, 13875, 19688])
02-05 01:01:48.235   581  5115 D DlbDap2Process: setParam(vbon = #1[0])
02-05 01:01:48.235   581  5115 D DlbDap2Process: setParam(beon = #1[0])
02-05 01:01:48.235   581  5115 D DlbDap2Process: setParam(geon = #1[0])
02-05 01:01:48.235   581  5115 D DlbDap2Process: setParam(ieon = #1[0])
02-05 01:01:48.235   581  5115 D DlbDap2Process: setParam(gebs = #41[20, 47, 141, 234, 328, 469, 656, 844, 1031, 1313, 1688, 2250, 3000, 3750, 4688, 5813, 7125, 9000, 11250, 13875, 19688, 0, 0, 0, 0, 0, 0, 0, 0, 0, 0, 0, 0, 0, 0, 0, 0, 0, 0, 0, 0])
02-05 01:01:48.235   581  5115 D DlbDap2Process: setParam(iebs = #41[20, 65, 136, 223, 332, 467, 634, 841, 1098, 1416, 1812, 2302, 2909, 3663, 4598, 5756, 7194, 8976, 11186, 13927, 17326, 117, 133, 188, 176, 141, 149, 175, 185, 185, 200, 236, 242, 228, 213, 182, 132, 110, 68, -27, -240])
02-05 01:01:48.235   581  5115 D DlbDapEndpointParamCache: doCommit() Committed 15 parameters out of 16.
02-05 01:01:48.235   581  5115 D DlbDapEndpointParamCache: commit() Overriding parameters for current device 0x00000008
02-05 01:01:48.235   581  5115 D DlbDap2Process: setParam(dea = #1[7])
02-05 01:01:48.235   581  5115 D DlbDap2Process: setParam(dsa = #1[10])
02-05 01:01:48.235   581  5115 D DlbDap2Process: setParam(beb = #1[96])
02-05 01:01:48.235   581  5115 D DlbDap2Process: setParam(plb = #1[0])
02-05 01:01:48.236   581  5115 D DlbDap2Process: setParam(vmb = #1[144])
02-05 01:01:48.236   581  5115 D DlbDap2Process: setParam(dsb = #1[48])
02-05 01:01:48.236   581  5115 D DlbDap2Process: setParam(ded = #1[0])
02-05 01:01:48.236   581  5115 D DlbDap2Process: setParam(vbm = #1[0])
02-05 01:01:48.236   581  5115 D DlbDap2Process: setParam(dom = #1[0])
02-05 01:01:48.236   581  5115 D DlbDap2Process: setParam(bew = #1[16])
02-05 01:01:48.236   581  5115 D DlbDap2Process: setParam(dvla = #1[5])
02-05 01:01:48.236   581  5115 D DlbDap2Process: setParam(arra = #1[96])
02-05 01:01:48.236   581  5115 D DlbDap2Process: setParam(dfsa = #1[10])
02-05 01:01:48.236   581  5115 D DlbDap2Process: setParam(dhsa = #1[10])
02-05 01:01:48.236   581  5115 D DlbDap2Process: setParam(dvmc = #1[160])
02-05 01:01:48.236   581  5115 D DlbDap2Process: setParam(arod = #1[0])
02-05 01:01:48.236   581  5115 D DlbDap2Process: setParam(arde = #1[0])
02-05 01:01:48.236   581  5115 D DlbDap2Process: setParam(dvle = #1[1])
02-05 01:01:48.236   581  5115 D DlbDap2Process: setParam(dvme = #1[0])
02-05 01:01:48.236   581  5115 D DlbDap2Process: setParam(becf = #1[160])
02-05 01:01:48.236   581  5115 D DlbDap2Process: setParam(vbmf = #2[99, 281])
02-05 01:01:48.236   581  5115 D DlbDap2Process: setParam(vbsf = #2[30, 90])
02-05 01:01:48.236   581  5115 D DlbDap2Process: setParam(vbhg = #3[-48, -480, -240])
02-05 01:01:48.236   581  5115 D DlbDap2Process: setParam(vbog = #1[0])
02-05 01:01:48.236   581  5115 D DlbDap2Process: setParam(vbsg = #1[0])
02-05 01:01:48.236   581  5115 D DlbDap2Process: setParam(dvli = #1[-320])
02-05 01:01:48.236   581  5115 D DlbDap2Process: setParam(dhfm = #1[0])
02-05 01:01:48.236   581  5115 D DlbDap2Process: setParam(vbon = #1[0])
02-05 01:01:48.236   581  5115 D DlbDap2Process: setParam(beon = #1[0])
02-05 01:01:48.236   581  5115 D DlbDap2Process: setParam(deon = #1[0])
02-05 01:01:48.236   581  5115 D DlbDap2Process: setParam(ngon = #1[1])
02-05 01:01:48.236   581  5115 D DlbDap2Process: setParam(aoon = #1[0])
02-05 01:01:48.236   581  5115 D DlbDap2Process: setParam(aron = #1[1])
02-05 01:01:48.236   581  5115 D DlbDap2Process: setParam(dvlo = #1[-320])
02-05 01:01:48.236   581  5115 D DlbDap2Process: setParam(artp = #1[12])
02-05 01:01:48.237   581  5115 D DlbDap2Process: setParam(aobs = #222[20, 10, 47, 141, 234, 328, 469, 656, 844, 1031, 1313, 1688, 2250, 3000, 3750, 4688, 5813, 7125, 9000, 11250, 13875, 19688, 0, 0, 0, 0, 0, 0, 0, 0, 0, 0, 0, 0, 0, 0, 0, 0, 0, 0, 0, 0, 0, 0, 0, 0, 0, 0, 0, 0, 0, 0, 0, 0, 0, 0, 0, 0, 0, 0, 0, 0, 0, 0, 0, 0, 0, 0, 0, 0, 0, 0, 0, 0, 0, 0, 0, 0, 0, 0, 0, 0, 0, 0, 0, 0, 0, 0, 0, 0, 0, 0, 0, 0, 0, 0, 0, 0, 0, 0, 0, 0, 0, 0, 0, 0, 0, 0, 0, 0, 0, 0, 0, 0, 0, 0, 0, 0, 0, 0, 0, 0, 0, 0, 0, 0, 0, 0, 0, 0, 0, 0, 0, 0, 0, 0, 0, 0, 0, 0, 0, 0, 0, 0, 0, 0, 0, 0, 0, 0, 0, 0, 0, 0, 0, 0, 0, 0, 0, 0, 0, 0, 0, 0, 0, 0, 0, 0, 0, 0, 0, 0, 0, 0, 0, 0, 0, 0, 0, 0, 0, 0, 0, 0, 0, 0, 0, 0, 0, 0, 0, 0, 0, 0, 0, 0, 0, 0, 0, 0, 0, 0, 0, 0, 0, 0, 0, 0, 0, 0, 0, 0, 0, 0, 0, 0, 0, 0, 0, 0, 0, 0])
02-05 01:01:48.237   581  5115 D DlbDap2Process: setParam(arbs = #81[20, 47, 141, 234, 328, 469, 656, 844, 1031, 1313, 1688, 2250, 3000, 3750, 4688, 5813, 7125, 9000, 11250, 13875, 19688, -192, -192, -192, -192, -192, -192, -192, -192, -192, -192, -192, -192, -192, -192, -192, -192, -192, -192, -192, -192, 0, 0, 0, 0, 0, 0, 0, 0, 0, 0, 0, 0, 0, 0, 0, 0, 0, 0, 0, 0, 0, 0, 0, 0, 0, 0, 0, 0, 0, 0, 0, 0, 0, 0, 0, 0, 0, 0, 0, 0])
02-05 01:01:48.237   581  5115 D DlbDapEndpointParamCache: doCommit() Committed 37 parameters out of 37.
02-05 01:01:48.237   581  5115 D DlbDap2Process: setMave(mave = 0)
02-05 01:01:48.274  1019  1019 D featureTest: receive broadcast , change headphone sound virtualizer :0
02-05 01:01:48.288   581  5142 D DlbDlbEffect: handle_EFFECT_CMD_SET_PARAM()
02-05 01:01:48.312   581  5115 D DlbDapCrossfadeProcess: process transitioning from FADE_TO_ACTIVE state to DAP_ACTIVE
02-05 01:01:48.349 31691 31691 I ServiceManager: Waiting for service AtCmdFwd...
02-05 01:01:48.355  1019  1019 D featureTest: receive broadcast , record log :0
02-05 01:01:48.381  1019  1025 I zygote64: Do partial code cache collection, code=8KB, data=14KB
02-05 01:01:48.382  1019  1025 I zygote64: After code cache collection, code=8KB, data=14KB
02-05 01:01:48.382  1019  1025 I zygote64: Increasing code cache capacity to 128KB
02-05 01:01:48.382  1019  1025 I zygote64: Do partial code cache collection, code=8KB, data=33KB
02-05 01:01:48.382  1019  1025 I zygote64: After code cache collection, code=8KB, data=33KB
02-05 01:01:48.382  1019  1025 I zygote64: Increasing code cache capacity to 256KB
02-05 01:01:48.383  1019  1025 I zygote64: Compiler allocated 8MB to compile void android.widget.TextView.<init>(android.content.Context, android.util.AttributeSet, int, int)
02-05 01:01:49.350 31691 31691 I ServiceManager: Waiting for service AtCmdFwd...
02-05 01:01:49.551   581  5115 D DlbDap2Process: process() called [348500] times
02-05 01:01:49.898   816   816 W WindowManager: removeWindowToken: Attempted to remove non-existing token: android.os.Binder@2e36a21
02-05 01:01:49.942   429   429 D SurfaceFlinger: duplicate layer name: changing Toast to Toast#1
02-05 01:01:50.351 31691 31691 I ServiceManager: Waiting for service AtCmdFwd...
02-05 01:01:51.352 31691 31691 W Atfwd_Sendcmd: AtCmdFwd service not published, waiting... retryCnt : 2
02-05 01:01:51.921   816   816 W WindowManager: removeWindowToken: Attempted to remove non-existing token: android.os.Binder@1be8da3
02-05 01:01:52.197   581  5115 D DlbDap2Process: process() called [349000] times
