--------- beginning of system
02-05 01:01:56.735   816  4855 I ActivityManager: Force stopping com.dolby.qa.featuretest appid=10074 user=0: from pid 1122
02-05 01:01:56.736   816  4855 I ActivityManager: Killing 1019:com.dolby.qa.featuretest/u0a74 (adj 0): stop com.dolby.qa.featuretest
02-05 01:01:56.737   816  4855 W ActivityManager: Force removing ActivityRecord{c7cedd3 u0 com.dolby.qa.featuretest/.MainActivity t230}: app died, no saved state
02-05 01:01:56.744   816  4855 I WindowManager: Failed to capture screenshot of Token{5d9bd10 ActivityRecord{c7cedd3 u0 com.dolby.qa.featuretest/.MainActivity t230 f}} appWin=Window{a0172b1 u0 com.dolby.qa.featuretest/com.dolby.qa.featuretest.MainActivity} drawState=4
--------- beginning of main
02-05 01:01:56.774  1232  1232 D CarrierSvcBindHelper: No carrier app for: 0
02-05 01:01:56.777   589   589 D NuPlayerDriver: reset(0xe5732620) at state 5
02-05 01:01:56.778   589   589 D NuPlayerDriver: notifyListener_l(0xe5732620), (8, 0, 0, -1), loop setting(0, 1)
02-05 01:01:56.778   816   964 I WindowManager: WIN DEATH: Window{daa9d85 u0 Toast}
02-05 01:01:56.779  2298  2298 D RegisteredNfcFServicesCache: Service unchanged, not updating
02-05 01:01:56.788   589  1077 D NuPlayerDriver: notifyResetComplete(0xe5732620)
02-05 01:01:56.789   589   589 D AudioTrack: stop() called with 0 frames delivered
02-05 01:01:56.848   816  2347 I ActivityManager: START u0 {flg=0x10000000 cmp=com.dolby.qa.featuretest/.MainActivity} from uid 2000
02-05 01:01:56.873  1129  1129 I zygote64: Late-enabling -Xcheck:jni
02-05 01:01:56.875   816  2337 I ActivityManager: Start proc 1129:com.dolby.qa.featuretest/u0a74 for activity com.dolby.qa.featuretest/.MainActivity
02-05 01:01:56.933   581   724 D DlbDlbEffect: handle_EFFECT_CMD_DISABLE()
02-05 01:01:56.933   581   724 D DlbDapCrossfadeProcess: setEnabled transitioning from DAP_ACTIVE state to FADE_TO_BYPASS
02-05 01:01:56.935   416   416 W /system/bin/hw/android.hidl.allocator@1.0-service: ashmem_create_region(3840) returning hidl_memory(0x7590c2c2e0, 3840)
02-05 01:01:56.935   581   724 D DlbDlbEffect: handle_EFFECT_CMD_SET_CONFIG()
02-05 01:01:56.935   581   724 D DlbDapEndpointParamCache: setDevice(device=0x00000008)
02-05 01:01:56.936   421   421 D DMSService: setActiveDevice called with device = 0x8
02-05 01:01:56.936   581   724 D DlbDlbEffect: handle_EFFECT_CMD_ENABLE()
02-05 01:01:56.936   581   724 D DlbDapCrossfadeProcess: setEnabled transitioning from FADE_TO_BYPASS state to FADE_TO_ACTIVE
02-05 01:01:57.068  1129  1129 D featureTest: onCreate
02-05 01:01:57.074  1129  1129 D AudioTrack: Client defaulted notificationFrames to 962 for frameCount 1924
02-05 01:01:57.078  1129  1129 W AudioTrack: Use of stream types is deprecated for operations other than volume control
02-05 01:01:57.078  1129  1129 W AudioTrack: See the documentation of AudioTrack() for what to use instead with android.media.AudioAttributes to qualify your playback use case
02-05 01:01:57.085  1129  1129 W DolbyAudioEffect: WARNING: attaching a DolbyAudioEffect to global output mix is deprecated!
02-05 01:01:57.091  1129  1129 D featureTest: onResume
02-05 01:01:57.104  1129  1154 D OpenGLRenderer: HWUI GL Pipeline
02-05 01:01:57.148  1129  1154 I Adreno  : QUALCOMM build                   : 7142022, Ib5823dd10c
02-05 01:01:57.148  1129  1154 I Adreno  : Build Date                       : 06/23/17
02-05 01:01:57.148  1129  1154 I Adreno  : OpenGL ES Shader Compiler Version: EV031.18.00.00
02-05 01:01:57.148  1129  1154 I Adreno  : Local Branch                     : O11A
02-05 01:01:57.148  1129  1154 I Adreno  : Remote Branch                    : 
02-05 01:01:57.148  1129  1154 I Adreno  : Remote Branch                    : 
02-05 01:01:57.148  1129  1154 I Adreno  : Reconstruct Branch               : 
02-05 01:01:57.149  1129  1154 I vndksupport: sphal namespace is not configured for this process. Loading /vendor/lib64/hw/gralloc.msm8994.so from the current namespace instead.
02-05 01:01:57.166  1129  1154 I Adreno  : PFP: 0x00000000, ME: 0x00000000
02-05 01:01:57.177  1129  1154 I OpenGLRenderer: Initialized EGL, version 1.4
02-05 01:01:57.177  1129  1154 D OpenGLRenderer: Swap behavior 2
02-05 01:01:57.196   365   365 W /system/bin/hwservicemanager: getTransportFromManifest: Cannot find entry android.hardware.graphics.mapper@2.0::IMapper in either framework or device manifest, using default transport.
02-05 01:01:57.199  1129  1154 I vndksupport: sphal namespace is not configured for this process. Loading /vendor/lib64/hw/gralloc.msm8994.so from the current namespace instead.
02-05 01:01:57.246   816   843 I ActivityManager: Displayed com.dolby.qa.featuretest/.MainActivity: +374ms
02-05 01:01:57.291   581   770 D audio_hw_primary: disable_audio_route: usecase(0) reset and update mixer path: deep-buffer-playback
02-05 01:01:57.292   581   770 D audio_hw_primary: disable_snd_device: snd_device(5: headphones)
02-05 01:01:57.312   816   843 W ActivityManager: setHasOverlayUi called on unknown pid: 1019
02-05 01:01:57.678  2401  2517 W OpenGLRenderer: Incorrectly called buildLayer on View: ShortcutAndWidgetContainer, destroying layer...
02-05 01:01:57.934  1129  1129 D featureTest: receive broadcast , playing content location :/sdcard/featureTest/7ch_25fps.wav
02-05 01:01:57.942  1129  1129 D featureTest: mMediaPlayer.getAudioSessionId(): 4817
02-05 01:01:57.943  1169  1169 W generic : type=1400 audit(0.0:2955): avc: denied { read } for path="/storage/emulated/0/featuretest/7ch_25fps.wav" dev="sdcardfs" ino=523298 scontext=u:r:mediaextractor:s0 tcontext=u:object_r:sdcardfs:s0 tclass=file permissive=0
02-05 01:01:57.943  1129  1129 D featureTest: Playing file: /sdcard/featureTest/7ch_25fps.wav
02-05 01:01:57.944   589  1183 D NuPlayerDriver: NuPlayerDriver(0xe5732540) created, clientPid(1129)
02-05 01:01:57.946  1129  1129 W MediaPlayer: Use of stream types is deprecated for operations other than volume control
02-05 01:01:57.946  1129  1129 W MediaPlayer: See the documentation of setAudioStreamType() for what to use instead with android.media.AudioAttributes to qualify your playback use case
02-05 01:01:57.948   589  1169 D GenericSource: FileSource remote
02-05 01:01:57.948   589  1169 W GenericSource: extractor service cannot make data source
02-05 01:01:57.948   589  1169 D GenericSource: FileSource local
02-05 01:01:57.962   587   693 D MediaBufferGroup: creating MemoryDealer
02-05 01:01:57.963   589  1168 D NuPlayerDriver: notifyListener_l(0xe5732540), (1, 0, 0, -1), loop setting(0, 0)
02-05 01:01:57.967   816   816 W NotificationService: Object died trying to hide notification android.app.ITransientNotification$Stub$Proxy@5e69078 in package com.dolby.qa.featuretest
02-05 01:01:57.968   816   816 W WindowManager: removeWindowToken: Attempted to remove non-existing token: android.os.Binder@e826bb8
02-05 01:01:57.968   816   816 W ActivityManager: setProcessForeground called on unknown pid: 1019
02-05 01:01:57.968   816   816 W NotificationService: Object died trying to show notification android.app.ITransientNotification$Stub$Proxy@8004351 in package com.dolby.qa.featuretest
02-05 01:01:57.968   816   816 W ActivityManager: setProcessForeground called on unknown pid: 1019
02-05 01:01:57.968   816   816 W NotificationService: Object died trying to show notification android.app.ITransientNotification$Stub$Proxy@e4587b6 in package com.dolby.qa.featuretest
02-05 01:01:57.972   589  1183 D NuPlayerDriver: start(0xe5732540), state is 4, eos is 0
02-05 01:01:57.972   589  1168 I GenericSource: start
02-05 01:01:57.977  1129  1129 W DolbyAudioEffect: WARNING: attaching a DolbyAudioEffect to global output mix is deprecated!
02-05 01:01:57.979   593   593 I OMXMaster: makeComponentInstance(OMX.google.raw.decoder) in android.hardwar process
02-05 01:01:57.982   593  1162 E OMXNodeInstance: setConfig(0xf10a3320:google.raw.decoder, ConfigPriority(0x6f800002)) ERROR: Undefined(0x80001001)
02-05 01:01:57.983   589  1177 I ACodec  : codec does not support config priority (err -2147483648)
02-05 01:01:57.983   593  1187 E OMXNodeInstance: getConfig(0xf10a3320:google.raw.decoder, ConfigAndroidVendorExtension(0x6f100004)) ERROR: Undefined(0x80001001)
02-05 01:01:57.984   589  1177 I MediaCodec: MediaCodec will operate in async mode
02-05 01:01:57.993   365   365 W /system/bin/hwservicemanager: getTransportFromManifest: Cannot find entry android.hardware.audio.effect@2.0::IEffectsFactory in either framework or device manifest, using default transport.
02-05 01:01:57.997   416   416 W /system/bin/hw/android.hidl.allocator@1.0-service: ashmem_create_region(4096) returning hidl_memory(0x7590c2c2e0, 4096)
02-05 01:01:57.998   416   416 W /system/bin/hw/android.hidl.allocator@1.0-service: ashmem_create_region(1024) returning hidl_memory(0x7590c2c2e0, 1024)
02-05 01:01:57.998   581  5143 E EffectHalHidl: Buffer provider callbacks are not supported
02-05 01:01:57.999   589  1175 D AudioTrack: Client defaulted notificationFrames to 12000 for frameCount 24000
02-05 01:01:58.000   581  5110 D DlbDlbEffect: handle_EFFECT_CMD_DISABLE()
02-05 01:01:58.000   581  5110 D DlbDapCrossfadeProcess: setEnabled transitioning from FADE_TO_ACTIVE state to FADE_TO_BYPASS
02-05 01:01:58.002   416   416 W /system/bin/hw/android.hidl.allocator@1.0-service: ashmem_create_region(7680) returning hidl_memory(0x7590c2c2e0, 7680)
02-05 01:01:58.002   581  5110 D DlbDlbEffect: handle_EFFECT_CMD_SET_CONFIG()
02-05 01:01:58.003   581  5110 D DlbDapEndpointParamCache: setDevice(device=0x00000008)
02-05 01:01:58.003   421   421 D DMSService: setActiveDevice called with device = 0x8
02-05 01:01:58.003   581  5110 D DlbDlbEffect: handle_EFFECT_CMD_ENABLE()
02-05 01:01:58.003   581  5110 D DlbDapCrossfadeProcess: setEnabled transitioning from FADE_TO_BYPASS state to FADE_TO_ACTIVE
02-05 01:01:58.004   589  1168 D NuPlayerDriver: notifyListener_l(0xe5732540), (6, 0, 0, -1), loop setting(0, 1)
02-05 01:01:58.007  1129  1129 D featureTest: receive broadcast , change ds status :0
02-05 01:01:58.011   581  5115 D DlbDapCrossfadeProcess: process transitioning from FADE_TO_ACTIVE state to DAP_ACTIVE
02-05 01:01:58.012   581  5111 D audio_hw_primary: enable_snd_device: snd_device(5: headphones)
02-05 01:01:58.017   581  5111 D audio_hw_primary: enable_audio_route: usecase(0) apply and update mixer path: deep-buffer-playback
02-05 01:01:58.024   581  5142 D DlbDlbEffect: handle_EFFECT_CMD_SET_PARAM()
02-05 01:01:58.095  1129  1129 D featureTest: receive broadcast , change ds profile id :2
02-05 01:01:58.100   581  5115 D DlbDapCrossfadeProcess: setEnabled transitioning from DAP_ACTIVE state to FADE_TO_BYPASS
02-05 01:01:58.108   581  7829 D DlbDlbEffect: handle_EFFECT_CMD_SET_PARAM()
02-05 01:01:58.108   421   460 I DapController: Profile Changed to Music
02-05 01:01:58.124   581  5115 D DlbDapEndpointParamCache: commitChangedParams()
02-05 01:01:58.124   581  5115 D DlbDapEndpointParamCache: commit() Applying parameters for device 0x40000000
02-05 01:01:58.124   581  5115 D DlbDap2Process: setParam(iea = #1[10])
02-05 01:01:58.124   581  5115 D DlbDap2Process: setParam(msce = #1[0])
02-05 01:01:58.124   581  5115 D DlbDap2Process: setParam(mdee = #1[0])
02-05 01:01:58.124   581  5115 D DlbDap2Process: setParam(miee = #1[0])
02-05 01:01:58.124   581  5115 D DlbDap2Process: setParam(mdle = #1[0])
02-05 01:01:58.125   581  5115 D DlbDap2Process: setParam(dvle = #1[1])
02-05 01:01:58.125   581  5115 D DlbDap2Process: setParam(mave = #1[0])
02-05 01:01:58.125   581  5115 D DlbDap2Process: setParam(vcbf = #20[47, 141, 234, 328, 469, 656, 844, 1031, 1313, 1688, 2250, 3000, 3750, 4688, 5813, 7125, 9000, 11250, 13875, 19688])
02-05 01:01:58.125   581  5115 D DlbDap2Process: setParam(vbon = #1[0])
02-05 01:01:58.125   581  5115 D DlbDap2Process: setParam(beon = #1[0])
02-05 01:01:58.125   581  5115 D DlbDap2Process: setParam(geon = #1[0])
02-05 01:01:58.125   581  5115 D DlbDap2Process: setParam(ieon = #1[1])
02-05 01:01:58.125   581  5115 D DlbDap2Process: setParam(gebs = #41[20, 47, 141, 234, 328, 469, 656, 844, 1031, 1313, 1688, 2250, 3000, 3750, 4688, 5813, 7125, 9000, 11250, 13875, 19688, 0, 0, 0, 0, 0, 0, 0, 0, 0, 0, 0, 0, 0, 0, 0, 0, 0, 0, 0, 0])
02-05 01:01:58.125   581  5115 D DlbDap2Process: setParam(iebs = #41[20, 65, 136, 223, 332, 467, 634, 841, 1098, 1416, 1812, 2302, 2909, 3663, 4598, 5756, 7194, 8976, 11186, 13927, 17326, 117, 133, 188, 176, 141, 149, 175, 185, 185, 200, 236, 242, 228, 213, 182, 132, 110, 68, -27, -240])
02-05 01:01:58.125   581  5115 D DlbDapEndpointParamCache: doCommit() Committed 15 parameters out of 16.
02-05 01:01:58.125   581  5115 D DlbDapEndpointParamCache: commit() Overriding parameters for current device 0x00000008
02-05 01:01:58.125   581  5115 D DlbDap2Process: setParam(dea = #1[7])
02-05 01:01:58.125   581  5115 D DlbDap2Process: setParam(dsa = #1[10])
02-05 01:01:58.125   581  5115 D DlbDap2Process: setParam(beb = #1[96])
02-05 01:01:58.125   581  5115 D DlbDap2Process: setParam(plb = #1[0])
02-05 01:01:58.125   581  5115 D DlbDap2Process: setParam(vmb = #1[144])
02-05 01:01:58.125   581  5115 D DlbDap2Process: setParam(dsb = #1[48])
02-05 01:01:58.125   581  5115 D DlbDap2Process: setParam(ded = #1[0])
02-05 01:01:58.125   581  5115 D DlbDap2Process: setParam(vbm = #1[0])
02-05 01:01:58.125   581  5115 D DlbDap2Process: setParam(dom = #1[0])
02-05 01:01:58.125   581  5115 D DlbDap2Process: setParam(bew = #1[16])
02-05 01:01:58.125   581  5115 D DlbDap2Process: setParam(dvla = #1[4])
02-05 01:01:58.125   581  5115 D DlbDap2Process: setParam(arra = #1[96])
02-05 01:01:58.125   581  5115 D DlbDap2Process: setParam(dfsa = #1[10])
02-05 01:01:58.125   581  5115 D DlbDap2Process: setParam(dhsa = #1[10])
02-05 01:01:58.125   581  5115 D DlbDap2Process: setParam(dvmc = #1[160])
02-05 01:01:58.125   581  5115 D DlbDap2Process: setParam(arod = #1[0])
02-05 01:01:58.125   581  5115 D DlbDap2Process: setParam(arde = #1[0])
02-05 01:01:58.125   581  5115 D DlbDap2Process: setParam(dvle = #1[1])
02-05 01:01:58.125   581  5115 D DlbDap2Process: setParam(dvme = #1[0])
02-05 01:01:58.125   581  5115 D DlbDap2Process: setParam(becf = #1[160])
02-05 01:01:58.126   581  5115 D DlbDap2Process: setParam(vbmf = #2[99, 281])
02-05 01:01:58.126   581  5115 D DlbDap2Process: setParam(vbsf = #2[30, 90])
02-05 01:01:58.126   581  5115 D DlbDap2Process: setParam(vbhg = #3[-48, -480, -240])
02-05 01:01:58.126   581  5115 D DlbDap2Process: setParam(vbog = #1[0])
02-05 01:01:58.126   581  5115 D DlbDap2Process: setParam(vbsg = #1[0])
02-05 01:01:58.126   581  5115 D DlbDap2Process: setParam(dvli = #1[-320])
02-05 01:01:58.126   581  5115 D DlbDap2Process: setParam(dhfm = #1[0])
02-05 01:01:58.126   581  5115 D DlbDap2Process: setParam(vbon = #1[0])
02-05 01:01:58.126   581  5115 D DlbDap2Process: setParam(beon = #1[0])
02-05 01:01:58.126   581  5115 D DlbDap2Process: setParam(deon = #1[0])
02-05 01:01:58.126   581  5115 D DlbDap2Process: setParam(ngon = #1[1])
02-05 01:01:58.126   581  5115 D DlbDap2Process: setParam(aoon = #1[0])
02-05 01:01:58.126   581  5115 D DlbDap2Process: setParam(aron = #1[1])
02-05 01:01:58.126   581  5115 D DlbDap2Process: setParam(dvlo = #1[-320])
02-05 01:01:58.126   581  5115 D DlbDap2Process: setParam(artp = #1[12])
02-05 01:01:58.127   581  5115 D DlbDap2Process: setParam(aobs = #222[20, 10, 47, 141, 234, 328, 469, 656, 844, 1031, 1313, 1688, 2250, 3000, 3750, 4688, 5813, 7125, 9000, 11250, 13875, 19688, 0, 0, 0, 0, 0, 0, 0, 0, 0, 0, 0, 0, 0, 0, 0, 0, 0, 0, 0, 0, 0, 0, 0, 0, 0, 0, 0, 0, 0, 0, 0, 0, 0, 0, 0, 0, 0, 0, 0, 0, 0, 0, 0, 0, 0, 0, 0, 0, 0, 0, 0, 0, 0, 0, 0, 0, 0, 0, 0, 0, 0, 0, 0, 0, 0, 0, 0, 0, 0, 0, 0, 0, 0, 0, 0, 0, 0, 0, 0, 0, 0, 0, 0, 0, 0, 0, 0, 0, 0, 0, 0, 0, 0, 0, 0, 0, 0, 0, 0, 0, 0, 0, 0, 0, 0, 0, 0, 0, 0, 0, 0, 0, 0, 0, 0, 0, 0, 0, 0, 0, 0, 0, 0, 0, 0, 0, 0, 0, 0, 0, 0, 0, 0, 0, 0, 0, 0, 0, 0, 0, 0, 0, 0, 0, 0, 0, 0, 0, 0, 0, 0, 0, 0, 0, 0, 0, 0, 0, 0, 0, 0, 0, 0, 0, 0, 0, 0, 0, 0, 0, 0, 0, 0, 0, 0, 0, 0, 0, 0, 0, 0, 0, 0, 0, 0, 0, 0, 0, 0, 0, 0, 0, 0, 0, 0, 0, 0, 0, 0, 0])
02-05 01:01:58.127   581  5115 D DlbDap2Process: setParam(arbs = #81[20, 47, 141, 234, 328, 469, 656, 844, 1031, 1313, 1688, 2250, 3000, 3750, 4688, 5813, 7125, 9000, 11250, 13875, 19688, -192, -192, -192, -192, -192, -192, -192, -192, -192, -192, -192, -192, -192, -192, -192, -192, -192, -192, -192, -192, 0, 0, 0, 0, 0, 0, 0, 0, 0, 0, 0, 0, 0, 0, 0, 0, 0, 0, 0, 0, 0, 0, 0, 0, 0, 0, 0, 0, 0, 0, 0, 0, 0, 0, 0, 0, 0, 0, 0, 0])
02-05 01:01:58.127   581  5115 D DlbDapEndpointParamCache: doCommit() Committed 37 parameters out of 37.
02-05 01:01:58.127   581  5115 D DlbDap2Process: setMave(mave = 0)
02-05 01:01:58.142   581  5115 D DlbDapCrossfadeProcess: process transitioning from FADE_TO_BYPASS state to DAP_BYPASSED
02-05 01:01:58.163  1129  1129 D featureTest: receive broadcast , playing content location :/sdcard/featureTest/7ch_25fps.wav
02-05 01:01:58.166   589   589 D NuPlayerDriver: stop(0xe5732540)
02-05 01:01:58.166   589   589 D NuPlayerDriver: notifyListener_l(0xe5732540), (8, 0, 0, -1), loop setting(0, 1)
02-05 01:01:58.167   589   709 D NuPlayerDriver: reset(0xe5732540) at state 8
02-05 01:01:58.174   589  1168 D NuPlayerDriver: notifyResetComplete(0xe5732540)
02-05 01:01:58.174   589   709 D NuPlayerDriver: reset(0xe5732540) at state 0
02-05 01:01:58.175  1129  1129 V MediaPlayer: resetDrmState:  mDrmInfo=null mDrmProvisioningThread=null mPrepareDrmInProgress=false mActiveDrmScheme=false
02-05 01:01:58.175  1129  1129 V MediaPlayer: cleanDrmObj: mDrmObj=null mDrmSessionId=null
02-05 01:01:58.177  1129  1129 V MediaPlayer: resetDrmState:  mDrmInfo=null mDrmProvisioningThread=null mPrepareDrmInProgress=false mActiveDrmScheme=false
02-05 01:01:58.177  1129  1129 V MediaPlayer: cleanDrmObj: mDrmObj=null mDrmSessionId=null
02-05 01:01:58.184  1129  1129 D featureTest: mMediaPlayer.getAudioSessionId(): 4825
02-05 01:01:58.184  1129  1129 D featureTest: Playing file: /sdcard/featureTest/7ch_25fps.wav
02-05 01:01:58.185   589 26717 D NuPlayerDriver: NuPlayerDriver(0xe57325b0) created, clientPid(1129)
02-05 01:01:58.186  1201  1201 W generic : type=1400 audit(0.0:2956): avc: denied { read } for path="/storage/emulated/0/featuretest/7ch_25fps.wav" dev="sdcardfs" ino=523298 scontext=u:r:mediaextractor:s0 tcontext=u:object_r:sdcardfs:s0 tclass=file permissive=0
02-05 01:01:58.188  1129  1129 W MediaPlayer: Use of stream types is deprecated for operations other than volume control
02-05 01:01:58.189  1129  1129 W MediaPlayer: See the documentation of setAudioStreamType() for what to use instead with android.media.AudioAttributes to qualify your playback use case
02-05 01:01:58.191   589  1201 D GenericSource: FileSource remote
02-05 01:01:58.191   589  1201 W GenericSource: extractor service cannot make data source
02-05 01:01:58.191   589  1201 D GenericSource: FileSource local
02-05 01:01:58.197   581   770 D AudioFlinger: mixer(0xf2983980) throttle end: throttle time(29)
02-05 01:01:58.204   587  1118 D MediaBufferGroup: creating MemoryDealer
02-05 01:01:58.205   589  1200 D NuPlayerDriver: notifyListener_l(0xe57325b0), (1, 0, 0, -1), loop setting(0, 0)
02-05 01:01:58.210   589 26717 D NuPlayerDriver: start(0xe57325b0), state is 4, eos is 0
02-05 01:01:58.210   589  1200 I GenericSource: start
02-05 01:01:58.213  1129  1129 W DolbyAudioEffect: WARNING: attaching a DolbyAudioEffect to global output mix is deprecated!
02-05 01:01:58.217   593  1188 I OMXMaster: makeComponentInstance(OMX.google.raw.decoder) in android.hardwar process
02-05 01:01:58.221   593 20870 E OMXNodeInstance: setConfig(0xf10a3380:google.raw.decoder, ConfigPriority(0x6f800002)) ERROR: Undefined(0x80001001)
02-05 01:01:58.221   589  1207 I ACodec  : codec does not support config priority (err -2147483648)
02-05 01:01:58.221   593  1162 E OMXNodeInstance: getConfig(0xf10a3380:google.raw.decoder, ConfigAndroidVendorExtension(0x6f100004)) ERROR: Undefined(0x80001001)
02-05 01:01:58.225   589  1207 I MediaCodec: MediaCodec will operate in async mode
02-05 01:01:58.225  1129  1129 D featureTest: receive broadcast , change ds status :1
02-05 01:01:58.233   365   365 W /system/bin/hwservicemanager: getTransportFromManifest: Cannot find entry android.hardware.audio.effect@2.0::IEffectsFactory in either framework or device manifest, using default transport.
02-05 01:01:58.238   581  5110 D DlbDlbEffect: handle_EFFECT_CMD_SET_PARAM()
02-05 01:01:58.241   416   416 W /system/bin/hw/android.hidl.allocator@1.0-service: ashmem_create_region(4096) returning hidl_memory(0x7590c2c2e0, 4096)
02-05 01:01:58.243   416   416 W /system/bin/hw/android.hidl.allocator@1.0-service: ashmem_create_region(1024) returning hidl_memory(0x7590c2c2e0, 1024)
02-05 01:01:58.243   581  5143 E EffectHalHidl: Buffer provider callbacks are not supported
02-05 01:01:58.244   589  1205 D AudioTrack: Client defaulted notificationFrames to 12000 for frameCount 24000
02-05 01:01:58.245   589  1200 D NuPlayerDriver: notifyListener_l(0xe57325b0), (6, 0, 0, -1), loop setting(0, 1)
02-05 01:01:58.278   581  5115 D DlbDapCrossfadeProcess: setEnabled transitioning from DAP_BYPASSED state to PREROLL_ACTIVE
02-05 01:01:58.308  1129  1129 D featureTest: receive broadcast , change ds profile id :5
02-05 01:01:58.321   581  5115 D DlbDapCrossfadeProcess: process transitioning from PREROLL_ACTIVE state to FADE_TO_ACTIVE
02-05 01:01:58.323   581  5110 D DlbDlbEffect: handle_EFFECT_CMD_SET_PARAM()
02-05 01:01:58.324   421   460 I DapController: Profile Changed to Custom
02-05 01:01:58.361   581  5115 D DlbDapEndpointParamCache: commitChangedParams()
02-05 01:01:58.361   581  5115 D DlbDapEndpointParamCache: commit() Applying parameters for device 0x40000000
02-05 01:01:58.361   581  5115 D DlbDap2Process: setParam(iea = #1[10])
02-05 01:01:58.361   581  5115 D DlbDap2Process: setParam(msce = #1[0])
02-05 01:01:58.361   581  5115 D DlbDap2Process: setParam(mdee = #1[0])
02-05 01:01:58.361   581  5115 D DlbDap2Process: setParam(miee = #1[0])
02-05 01:01:58.361   581  5115 D DlbDap2Process: setParam(mdle = #1[0])
02-05 01:01:58.361   581  5115 D DlbDap2Process: setParam(dvle = #1[1])
02-05 01:01:58.361   581  5115 D DlbDap2Process: setParam(mave = #1[0])
02-05 01:01:58.361   581  5115 D DlbDap2Process: setParam(vcbf = #20[47, 141, 234, 328, 469, 656, 844, 1031, 1313, 1688, 2250, 3000, 3750, 4688, 5813, 7125, 9000, 11250, 13875, 19688])
02-05 01:01:58.361   581  5115 D DlbDap2Process: setParam(vbon = #1[0])
02-05 01:01:58.361   581  5115 D DlbDap2Process: setParam(beon = #1[0])
02-05 01:01:58.361   581  5115 D DlbDap2Process: setParam(geon = #1[0])
02-05 01:01:58.361   581  5115 D DlbDap2Process: setParam(ieon = #1[0])
02-05 01:01:58.361   581  5115 D DlbDap2Process: setParam(gebs = #41[20, 47, 141, 234, 328, 469, 656, 844, 1031, 1313, 1688, 2250, 3000, 3750, 4688, 5813, 7125, 9000, 11250, 13875, 19688, 0, 0, 0, 0, 0, 0, 0, 0, 0, 0, 0, 0, 0, 0, 0, 0, 0, 0, 0, 0])
02-05 01:01:58.361   581  5115 D DlbDap2Process: setParam(iebs = #41[20, 65, 136, 223, 332, 467, 634, 841, 1098, 1416, 1812, 2302, 2909, 3663, 4598, 5756, 7194, 8976, 11186, 13927, 17326, 117, 133, 188, 176, 141, 149, 175, 185, 185, 200, 236, 242, 228, 213, 182, 132, 110, 68, -27, -240])
02-05 01:01:58.361   581  5115 D DlbDapEndpointParamCache: doCommit() Committed 15 parameters out of 16.
02-05 01:01:58.361   581  5115 D DlbDapEndpointParamCache: commit() Overriding parameters for current device 0x00000008
02-05 01:01:58.361   581  5115 D DlbDap2Process: setParam(dea = #1[7])
02-05 01:01:58.361   581  5115 D DlbDap2Process: setParam(dsa = #1[10])
02-05 01:01:58.361   581  5115 D DlbDap2Process: setParam(beb = #1[96])
02-05 01:01:58.361   581  5115 D DlbDap2Process: setParam(plb = #1[0])
02-05 01:01:58.361   581  5115 D DlbDap2Process: setParam(vmb = #1[144])
02-05 01:01:58.361   581  5115 D DlbDap2Process: setParam(dsb = #1[48])
02-05 01:01:58.361   581  5115 D DlbDap2Process: setParam(ded = #1[0])
02-05 01:01:58.362   581  5115 D DlbDap2Process: setParam(vbm = #1[0])
02-05 01:01:58.362   581  5115 D DlbDap2Process: setParam(dom = #1[0])
02-05 01:01:58.362   581  5115 D DlbDap2Process: setParam(bew = #1[16])
02-05 01:01:58.362   581  5115 D DlbDap2Process: setParam(dvla = #1[5])
02-05 01:01:58.362   581  5115 D DlbDap2Process: setParam(arra = #1[96])
02-05 01:01:58.362   581  5115 D DlbDap2Process: setParam(dfsa = #1[10])
02-05 01:01:58.362   581  5115 D DlbDap2Process: setParam(dhsa = #1[10])
02-05 01:01:58.362   581  5115 D DlbDap2Process: setParam(dvmc = #1[160])
02-05 01:01:58.362   581  5115 D DlbDap2Process: setParam(arod = #1[0])
02-05 01:01:58.362   581  5115 D DlbDap2Process: setParam(arde = #1[0])
02-05 01:01:58.362   581  5115 D DlbDap2Process: setParam(dvle = #1[1])
02-05 01:01:58.362   581  5115 D DlbDap2Process: setParam(dvme = #1[0])
02-05 01:01:58.362   581  5115 D DlbDap2Process: setParam(becf = #1[160])
02-05 01:01:58.362   581  5115 D DlbDap2Process: setParam(vbmf = #2[99, 281])
02-05 01:01:58.362   581  5115 D DlbDap2Process: setParam(vbsf = #2[30, 90])
02-05 01:01:58.362   581  5115 D DlbDap2Process: setParam(vbhg = #3[-48, -480, -240])
02-05 01:01:58.362   581  5115 D DlbDap2Process: setParam(vbog = #1[0])
02-05 01:01:58.362   581  5115 D DlbDap2Process: setParam(vbsg = #1[0])
02-05 01:01:58.362   581  5115 D DlbDap2Process: setParam(dvli = #1[-320])
02-05 01:01:58.362   581  5115 D DlbDap2Process: setParam(dhfm = #1[0])
02-05 01:01:58.362   581  5115 D DlbDap2Process: setParam(vbon = #1[0])
02-05 01:01:58.362   581  5115 D DlbDap2Process: setParam(beon = #1[0])
02-05 01:01:58.362   581  5115 D DlbDap2Process: setParam(deon = #1[0])
02-05 01:01:58.362   581  5115 D DlbDap2Process: setParam(ngon = #1[1])
02-05 01:01:58.362   581  5115 D DlbDap2Process: setParam(aoon = #1[0])
02-05 01:01:58.362   581  5115 D DlbDap2Process: setParam(aron = #1[1])
02-05 01:01:58.362   581  5115 D DlbDap2Process: setParam(dvlo = #1[-320])
02-05 01:01:58.362   581  5115 D DlbDap2Process: setParam(artp = #1[12])
02-05 01:01:58.363   581  5115 D DlbDap2Process: setParam(aobs = #222[20, 10, 47, 141, 234, 328, 469, 656, 844, 1031, 1313, 1688, 2250, 3000, 3750, 4688, 5813, 7125, 9000, 11250, 13875, 19688, 0, 0, 0, 0, 0, 0, 0, 0, 0, 0, 0, 0, 0, 0, 0, 0, 0, 0, 0, 0, 0, 0, 0, 0, 0, 0, 0, 0, 0, 0, 0, 0, 0, 0, 0, 0, 0, 0, 0, 0, 0, 0, 0, 0, 0, 0, 0, 0, 0, 0, 0, 0, 0, 0, 0, 0, 0, 0, 0, 0, 0, 0, 0, 0, 0, 0, 0, 0, 0, 0, 0, 0, 0, 0, 0, 0, 0, 0, 0, 0, 0, 0, 0, 0, 0, 0, 0, 0, 0, 0, 0, 0, 0, 0, 0, 0, 0, 0, 0, 0, 0, 0, 0, 0, 0, 0, 0, 0, 0, 0, 0, 0, 0, 0, 0, 0, 0, 0, 0, 0, 0, 0, 0, 0, 0, 0, 0, 0, 0, 0, 0, 0, 0, 0, 0, 0, 0, 0, 0, 0, 0, 0, 0, 0, 0, 0, 0, 0, 0, 0, 0, 0, 0, 0, 0, 0, 0, 0, 0, 0, 0, 0, 0, 0, 0, 0, 0, 0, 0, 0, 0, 0, 0, 0, 0, 0, 0, 0, 0, 0, 0, 0, 0, 0, 0, 0, 0, 0, 0, 0, 0, 0, 0, 0, 0, 0, 0, 0, 0, 0])
02-05 01:01:58.363   581  5115 D DlbDap2Process: setParam(arbs = #81[20, 47, 141, 234, 328, 469, 656, 844, 1031, 1313, 1688, 2250, 3000, 3750, 4688, 5813, 7125, 9000, 11250, 13875, 19688, -192, -192, -192, -192, -192, -192, -192, -192, -192, -192, -192, -192, -192, -192, -192, -192, -192, -192, -192, -192, 0, 0, 0, 0, 0, 0, 0, 0, 0, 0, 0, 0, 0, 0, 0, 0, 0, 0, 0, 0, 0, 0, 0, 0, 0, 0, 0, 0, 0, 0, 0, 0, 0, 0, 0, 0, 0, 0, 0, 0])
02-05 01:01:58.363   581  5115 D DlbDapEndpointParamCache: doCommit() Committed 37 parameters out of 37.
02-05 01:01:58.363   581  5115 D DlbDap2Process: setMave(mave = 0)
02-05 01:01:58.383  1129  1129 D featureTest: receive broadcast , change headphone sound virtualizer :0
02-05 01:01:58.401   581  5355 D DlbDlbEffect: handle_EFFECT_CMD_SET_PARAM()
02-05 01:01:58.441   581  5115 D DlbDapCrossfadeProcess: process transitioning from FADE_TO_ACTIVE state to DAP_ACTIVE
02-05 01:01:58.464  1129  1129 D featureTest: receive broadcast , record log :0
02-05 01:01:58.481  1129  1137 I zygote64: Do partial code cache collection, code=8KB, data=14KB
02-05 01:01:58.481  1129  1137 I zygote64: After code cache collection, code=8KB, data=14KB
02-05 01:01:58.481  1129  1137 I zygote64: Increasing code cache capacity to 128KB
02-05 01:01:58.482  1129  1137 I zygote64: Do partial code cache collection, code=8KB, data=33KB
02-05 01:01:58.482  1129  1137 I zygote64: After code cache collection, code=8KB, data=33KB
02-05 01:01:58.482  1129  1137 I zygote64: Increasing code cache capacity to 256KB
02-05 01:01:58.482  1129  1137 I zygote64: Compiler allocated 8MB to compile void android.widget.TextView.<init>(android.content.Context, android.util.AttributeSet, int, int)
02-05 01:01:58.719   581  5115 D DlbDap2Process: process() called [350000] times
02-05 01:02:00.047   816   816 W WindowManager: removeWindowToken: Attempted to remove non-existing token: android.os.Binder@f303c24
02-05 01:02:00.088   429   429 D SurfaceFlinger: duplicate layer name: changing Toast to Toast#1
02-05 01:02:00.090  3552  3552 W SceneBgThread: type=1400 audit(0.0:2957): avc: denied { read } for name="stat" dev="proc" ino=4026548033 scontext=u:r:untrusted_app_25:s0:c512,c768 tcontext=u:object_r:proc_stat:s0 tclass=file permissive=0
02-05 01:02:00.165   571   940 E QC-QMI  : linux_qmi_qmux_io_wake_lock: Err in writing wakelock=qmuxd_port_wl_0, error [1:Operation not permitted]
02-05 01:02:00.165   571   940 E QC-QMI  : linux_qmi_qmux_io_wake_unlock: Err in writing wakelock=qmuxd_port_wl_0, error [1:Operation not permitted]
02-05 01:02:01.353 31691 31691 I ServiceManager: Waiting for service AtCmdFwd...
02-05 01:02:01.367   581  5115 D DlbDap2Process: process() called [350500] times
02-05 01:02:02.067   816   816 W WindowManager: removeWindowToken: Attempted to remove non-existing token: android.os.Binder@769d78e
02-05 01:02:02.354 31691 31691 I ServiceManager: Waiting for service AtCmdFwd...
