02-05 01:04:09.769   593  2597 D DlbDap2QmfProcess: setParam(dvlo = #1[-176])
02-05 01:04:09.769   593  2597 D ARenderer: updateDapVolumeLeveler: Setting output level to -11.00dB
02-05 01:04:09.769   593  2597 D DlbDap2QmfProcess: setParam(vmb = #1[0])
02-05 01:04:09.769   593  2597 D DlbDap2QmfProcess: setParam(preg = #1[-384])
02-05 01:04:09.769   593  2597 D DlbDap2QmfProcess: setParam(vol = #1[384])
02-05 01:04:09.769   593  2597 D DlbDlbBufferProvider: setConfig() Updating buffer configuration.
02-05 01:04:09.769   593  2597 D DlbDap2QmfProcess: processQmf() called [0] times
02-05 01:04:09.769   593  2597 D DlbDap2QmfProcess: setMave(mave = 0)
02-05 01:04:09.774   593  2597 D ARenderer: updateDapConfig: Updating DAP configuration
02-05 01:04:09.774   593  2597 D DlbDap2QmfProcess: setParam(iea = #1[10])
02-05 01:04:09.774   593  2597 D DlbDap2QmfProcess: setParam(msce = #1[0])
02-05 01:04:09.774   593  2597 D DlbDap2QmfProcess: setParam(mdee = #1[0])
02-05 01:04:09.774   593  2597 D DlbDap2QmfProcess: setParam(miee = #1[0])
02-05 01:04:09.774   593  2597 D DlbDap2QmfProcess: setParam(mdle = #1[0])
02-05 01:04:09.774   593  2597 D DlbDap2QmfProcess: setParam(dvle = #1[1])
02-05 01:04:09.774   593  2597 D DlbDap2QmfProcess: setParam(mave = #1[0])
02-05 01:04:09.774   593  2597 D DlbDap2QmfProcess: setParam(vcbf = #20[47, 141, 234, 328, 469, 656, 844, 1031, 1313, 1688, 2250, 3000, 3750, 4688, 5813, 7125, 9000, 11250, 13875, 19688])
02-05 01:04:09.774   593  2597 D DlbDap2QmfProcess: setParam(ieon = #1[0])
02-05 01:04:09.774   593  2597 D DlbDap2QmfProcess: setParam(gebs = #41[20, 47, 141, 234, 328, 469, 656, 844, 1031, 1313, 1688, 2250, 3000, 3750, 4688, 5813, 7125, 9000, 11250, 13875, 19688, 0, 0, 0, 0, 0, 0, 0, 0, 0, 0, 0, 0, 0, 0, 0, 0, 0, 0, 0, 0])
02-05 01:04:09.774   593  2597 D DlbDap2QmfProcess: setParam(iebs = #41[20, 65, 136, 223, 332, 467, 634, 841, 1098, 1416, 1812, 2302, 2909, 3663, 4598, 5756, 7194, 8976, 11186, 13927, 17326, 117, 133, 188, 176, 141, 149, 175, 185, 185, 200, 236, 242, 228, 213, 182, 132, 110, 68, -27, -240])
02-05 01:04:09.774   593  2597 D DlbDap2QmfProcess: setParam(dea = #1[7])
02-05 01:04:09.774   593  2597 D DlbDap2QmfProcess: setParam(dsa = #1[10])
02-05 01:04:09.775   593  2597 D DlbDap2QmfProcess: setParam(beb = #1[96])
02-05 01:04:09.775   593  2597 D DlbDap2QmfProcess: setParam(plb = #1[0])
02-05 01:04:09.775   593  2597 D DlbDap2QmfProcess: setParam(vmb = #1[144])
02-05 01:04:09.775   593  2597 D DlbDap2QmfProcess: setParam(dsb = #1[48])
02-05 01:04:09.775   593  2597 D DlbDap2QmfProcess: setParam(ded = #1[0])
02-05 01:04:09.775   593  2597 D DlbDap2QmfProcess: setParam(dom = #1[0])
02-05 01:04:09.775   593  2597 D DlbDap2QmfProcess: setParam(bew = #1[16])
02-05 01:04:09.775   593  2597 D DlbDap2QmfProcess: setParam(dvla = #1[5])
02-05 01:04:09.775   593  2597 D DlbDap2QmfProcess: setParam(dfsa = #1[10])
02-05 01:04:09.775   593  2597 D DlbDap2QmfProcess: setParam(dhsa = #1[10])
02-05 01:04:09.775   593  2597 D DlbDap2QmfProcess: setParam(dvmc = #1[160])
02-05 01:04:09.775   593  2597 D DlbDap2QmfProcess: setParam(dvle = #1[1])
02-05 01:04:09.775   593  2597 D DlbDap2QmfProcess: setParam(dvme = #1[0])
02-05 01:04:09.775   593  2597 D DlbDap2QmfProcess: setParam(becf = #1[160])
02-05 01:04:09.775   593  2597 D DlbDap2QmfProcess: setParam(vbmf = #2[99, 281])
02-05 01:04:09.775   593  2597 D DlbDap2QmfProcess: setParam(vbsf = #2[30, 90])
02-05 01:04:09.775   593  2597 D DlbDap2QmfProcess: setParam(vbhg = #3[-48, -480, -240])
02-05 01:04:09.775   593  2597 D DlbDap2QmfProcess: setParam(vbog = #1[0])
02-05 01:04:09.775   593  2597 D DlbDap2QmfProcess: setParam(vbsg = #1[0])
02-05 01:04:09.775   593  2597 D DlbDap2QmfProcess: setParam(dvli = #1[-320])
02-05 01:04:09.775   593  2597 D DlbDap2QmfProcess: setParam(dhfm = #1[0])
02-05 01:04:09.775   593  2597 D DlbDap2QmfProcess: setParam(deon = #1[0])
02-05 01:04:09.775   593  2597 D DlbDap2QmfProcess: setParam(ngon = #1[1])
02-05 01:04:09.775   593  2597 D DlbDap2QmfProcess: setParam(dvlo = #1[-320])
02-05 01:04:09.775   593  2597 D DlbDap2QmfProcess: setParam(aobs = #222[20, 10, 47, 141, 234, 328, 469, 656, 844, 1031, 1313, 1688, 2250, 3000, 3750, 4688, 5813, 7125, 9000, 11250, 13875, 19688, 0, 0, 0, 0, 0, 0, 0, 0, 0, 0, 0, 0, 0, 0, 0, 0, 0, 0, 0, 0, 0, 0, 0, 0, 0, 0, 0, 0, 0, 0, 0, 0, 0, 0, 0, 0, 0, 0, 0, 0, 0, 0, 0, 0, 0, 0, 0, 0, 0, 0, 0, 0, 0, 0, 0, 0, 0, 0, 0, 0, 0, 0, 0, 0, 0, 0, 0, 0, 0, 0, 0, 0, 0, 0, 0, 0, 0, 0, 0, 0, 0, 0, 0, 0, 0, 0, 0, 0, 0, 0, 0, 0, 0, 0, 0, 0, 0, 0, 0, 0, 0, 0, 0, 0, 0, 0, 0, 0, 0, 0, 0, 0, 0, 0, 0, 0, 0, 0, 0, 0, 0, 0, 0, 0, 0, 0, 0, 0, 0, 0, 0, 0, 0, 0, 0, 0, 0, 0, 0, 0, 0, 0, 0, 0, 0, 0, 0, 0, 0, 0, 0, 0, 0, 0, 0, 0, 0, 0, 0, 0, 0, 0, 0, 0, 0, 0, 0, 0, 0, 0, 0, 0, 0, 0, 0, 0, 0, 0, 0, 0, 0, 0, 0, 0, 0, 0, 0, 0, 0, 0, 0, 0, 0, 0, 0, 0, 0, 0, 0, 0])
02-05 01:04:09.775   593  2597 D DlbDap2QmfProcess: setParam(dvle = #1[1])
02-05 01:04:09.775   593  2597 D DlbDap2QmfProcess: setParam(dvli = #1[-496])
02-05 01:04:09.776   593  2597 D DlbDap2QmfProcess: setParam(dvlo = #1[-176])
02-05 01:04:09.776   593  2597 D ARenderer: updateDapVolumeLeveler: Setting output level to -11.00dB
02-05 01:04:09.776   593  2597 D DlbDap2QmfProcess: setParam(vmb = #1[0])
02-05 01:04:09.776   593  2597 D DlbDap2QmfProcess: setParam(preg = #1[-384])
02-05 01:04:09.776   593  2597 D DlbDap2QmfProcess: setParam(vol = #1[384])
02-05 01:04:09.776   593  2597 D DlbDap2QmfProcess: setMave(mave = 0)
02-05 01:04:09.785   589  2591 D AudioTrack: Client defaulted notificationFrames to 12000 for frameCount 24000
02-05 01:04:09.785   581  5110 I AudioFlinger: attachAuxEffect(): Marking track 694 as containing processed audio
02-05 01:04:09.786   581  5110 D AudioFlinger: trackContainsProcessedAudio() Track id 694 contains processed audio
02-05 01:04:09.786   581  5355 D DlbDlbEffect: handle_EFFECT_CMD_DISABLE()
02-05 01:04:09.786   581  5355 D DlbDapCrossfadeProcess: setEnabled transitioning from FADE_TO_ACTIVE state to FADE_TO_BYPASS
02-05 01:04:09.787   416   416 W /system/bin/hw/android.hidl.allocator@1.0-service: ashmem_create_region(7680) returning hidl_memory(0x7590c2c2e0, 7680)
02-05 01:04:09.788   581  5355 D DlbDlbEffect: handle_EFFECT_CMD_SET_CONFIG()
02-05 01:04:09.788   581  5355 D DlbDapEndpointParamCache: setDevice(device=0x00000008)
02-05 01:04:09.788   421   421 D DMSService: setActiveDevice called with device = 0x8
02-05 01:04:09.788   581  5355 D DlbDlbEffect: handle_EFFECT_CMD_ENABLE()
02-05 01:04:09.788   581  5355 D DlbDapCrossfadeProcess: setEnabled transitioning from FADE_TO_BYPASS state to FADE_TO_ACTIVE
02-05 01:04:09.788   581  5355 D AudioFlinger: trackStateChanged() Track id 694 state changed to 6
02-05 01:04:09.788   581  5355 I AudioFlinger: updateProcessedAudioState() Changing content processing in effect to 1
02-05 01:04:09.788   581  5355 D DlbDlbEffect: handle_EFFECT_CMD_SET_PARAM()
02-05 01:04:09.790   581  5355 I DlbEffectContext: setContentProcEnabled() Disabling content processing in effect
02-05 01:04:09.790   581  5355 D DlbDapEndpointParamCache: commitChangedParams()
02-05 01:04:09.790   581  5355 D DlbDapEndpointParamCache: commit() Applying parameters for device 0x40000000
02-05 01:04:09.790   581  5355 D DlbDap2Process: setParam(msce = #1[0])
02-05 01:04:09.790   581  5355 D DlbDap2Process: setParam(mdee = #1[0])
02-05 01:04:09.790   581  5355 D DlbDap2Process: setParam(miee = #1[0])
02-05 01:04:09.790   581  5355 D DlbDap2Process: setParam(mdle = #1[0])
02-05 01:04:09.790   581  5355 D DlbDap2Process: setParam(dvle = #1[0])
02-05 01:04:09.790   581  5355 D DlbDap2Process: setParam(mave = #1[0])
02-05 01:04:09.790   581  5355 D DlbDap2Process: setParam(ieon = #1[0])
02-05 01:04:09.790   581  5355 D DlbDapEndpointParamCache: doCommit() Committed 7 parameters out of 16.
02-05 01:04:09.791   581  5355 D DlbDapEndpointParamCache: commit() Overriding parameters for current device 0x00000008
02-05 01:04:09.791   581  5355 D DlbDap2Process: setParam(dom = #1[0])
02-05 01:04:09.791   581  5355 D DlbDap2Process: setParam(dvle = #1[0])
02-05 01:04:09.791   581  5355 D DlbDap2Process: setParam(dvme = #1[0])
02-05 01:04:09.791   581  5355 D DlbDap2Process: setParam(deon = #1[0])
02-05 01:04:09.791   581  5355 D DlbDap2Process: setParam(ngon = #1[0])
02-05 01:04:09.791   581  5355 D DlbDapEndpointParamCache: doCommit() Committed 5 parameters out of 37.
02-05 01:04:09.791   589  2586 D NuPlayerDriver: notifyListener_l(0xe3e610e0), (6, 0, 0, -1), loop setting(0, 1)
02-05 01:04:09.792   589  1183 W MediaClock: reject anchor time since it is negative.
02-05 01:04:09.794   581  5115 D DlbDapEndpointParamCache: commitChangedParams()
02-05 01:04:09.794   581  5115 D DlbDapEndpointParamCache: commit() Applying parameters for device 0x40000000
02-05 01:04:09.794   581  5115 D DlbDap2Process: setParam(iea = #1[10])
02-05 01:04:09.794   581  5115 D DlbDap2Process: setParam(vcbf = #20[47, 141, 234, 328, 469, 656, 844, 1031, 1313, 1688, 2250, 3000, 3750, 4688, 5813, 7125, 9000, 11250, 13875, 19688])
02-05 01:04:09.794   581  5115 D DlbDap2Process: setParam(vbon = #1[0])
02-05 01:04:09.794   581  5115 D DlbDap2Process: setParam(beon = #1[0])
02-05 01:04:09.794   581  5115 D DlbDap2Process: setParam(geon = #1[0])
02-05 01:04:09.794   581  5115 D DlbDap2Process: setParam(gebs = #41[20, 47, 141, 234, 328, 469, 656, 844, 1031, 1313, 1688, 2250, 3000, 3750, 4688, 5813, 7125, 9000, 11250, 13875, 19688, 0, 0, 0, 0, 0, 0, 0, 0, 0, 0, 0, 0, 0, 0, 0, 0, 0, 0, 0, 0])
02-05 01:04:09.794   581  5115 D DlbDap2Process: setParam(iebs = #41[20, 65, 136, 223, 332, 467, 634, 841, 1098, 1416, 1812, 2302, 2909, 3663, 4598, 5756, 7194, 8976, 11186, 13927, 17326, 117, 133, 188, 176, 141, 149, 175, 185, 185, 200, 236, 242, 228, 213, 182, 132, 110, 68, -27, -240])
02-05 01:04:09.794   581  5115 D DlbDapEndpointParamCache: doCommit() Committed 8 parameters out of 16.
02-05 01:04:09.794   581  5115 D DlbDapEndpointParamCache: commit() Overriding parameters for current device 0x00000008
02-05 01:04:09.794   581  5115 D DlbDap2Process: setParam(dea = #1[7])
02-05 01:04:09.795   581  5115 D DlbDap2Process: setParam(dsa = #1[10])
02-05 01:04:09.795   581  5115 D DlbDap2Process: setParam(beb = #1[96])
02-05 01:04:09.795   581  5115 D DlbDap2Process: setParam(plb = #1[0])
02-05 01:04:09.795   581  5115 D DlbDap2Process: setParam(vmb = #1[144])
02-05 01:04:09.795   581  5115 D DlbDap2Process: setParam(dsb = #1[48])
02-05 01:04:09.795   581  5115 D DlbDap2Process: setParam(ded = #1[0])
02-05 01:04:09.795   581  5115 D DlbDap2Process: setParam(vbm = #1[0])
02-05 01:04:09.795   581  5115 D DlbDap2Process: setParam(bew = #1[16])
02-05 01:04:09.795   581  5115 D DlbDap2Process: setParam(dvla = #1[5])
02-05 01:04:09.795   581  5115 D DlbDap2Process: setParam(arra = #1[96])
02-05 01:04:09.795   581  5115 D DlbDap2Process: setParam(dfsa = #1[10])
02-05 01:04:09.795   581  5115 D DlbDap2Process: setParam(dhsa = #1[10])
02-05 01:04:09.795   581  5115 D DlbDap2Process: setParam(dvmc = #1[160])
02-05 01:04:09.795   581  5115 D DlbDap2Process: setParam(arod = #1[0])
02-05 01:04:09.795   581  5115 D DlbDap2Process: setParam(arde = #1[0])
02-05 01:04:09.795   581  5115 D DlbDap2Process: setParam(becf = #1[160])
02-05 01:04:09.795   581  5115 D DlbDap2Process: setParam(vbmf = #2[99, 281])
02-05 01:04:09.795   581  5115 D DlbDap2Process: setParam(vbsf = #2[30, 90])
02-05 01:04:09.795   581  5115 D DlbDap2Process: setParam(vbhg = #3[-48, -480, -240])
02-05 01:04:09.795   581  5115 D DlbDap2Process: setParam(vbog = #1[0])
02-05 01:04:09.795   581  5115 D DlbDap2Process: setParam(vbsg = #1[0])
02-05 01:04:09.795   581  5115 D DlbDap2Process: setParam(dvli = #1[-320])
02-05 01:04:09.795   581  5115 D DlbDap2Process: setParam(dhfm = #1[0])
02-05 01:04:09.795   581  5115 D DlbDap2Process: setParam(vbon = #1[0])
02-05 01:04:09.795   581  5115 D DlbDap2Process: setParam(beon = #1[0])
02-05 01:04:09.795   581  5115 D DlbDap2Process: setParam(aoon = #1[0])
02-05 01:04:09.795   581  5115 D DlbDap2Process: setParam(aron = #1[1])
02-05 01:04:09.795   581  5115 D DlbDap2Process: setParam(dvlo = #1[-320])
02-05 01:04:09.795   581  5115 D DlbDap2Process: setParam(artp = #1[12])
02-05 01:04:09.796   581  5115 D DlbDap2Process: setParam(aobs = #222[20, 10, 47, 141, 234, 328, 469, 656, 844, 1031, 1313, 1688, 2250, 3000, 3750, 4688, 5813, 7125, 9000, 11250, 13875, 19688, 0, 0, 0, 0, 0, 0, 0, 0, 0, 0, 0, 0, 0, 0, 0, 0, 0, 0, 0, 0, 0, 0, 0, 0, 0, 0, 0, 0, 0, 0, 0, 0, 0, 0, 0, 0, 0, 0, 0, 0, 0, 0, 0, 0, 0, 0, 0, 0, 0, 0, 0, 0, 0, 0, 0, 0, 0, 0, 0, 0, 0, 0, 0, 0, 0, 0, 0, 0, 0, 0, 0, 0, 0, 0, 0, 0, 0, 0, 0, 0, 0, 0, 0, 0, 0, 0, 0, 0, 0, 0, 0, 0, 0, 0, 0, 0, 0, 0, 0, 0, 0, 0, 0, 0, 0, 0, 0, 0, 0, 0, 0, 0, 0, 0, 0, 0, 0, 0, 0, 0, 0, 0, 0, 0, 0, 0, 0, 0, 0, 0, 0, 0, 0, 0, 0, 0, 0, 0, 0, 0, 0, 0, 0, 0, 0, 0, 0, 0, 0, 0, 0, 0, 0, 0, 0, 0, 0, 0, 0, 0, 0, 0, 0, 0, 0, 0, 0, 0, 0, 0, 0, 0, 0, 0, 0, 0, 0, 0, 0, 0, 0, 0, 0, 0, 0, 0, 0, 0, 0, 0, 0, 0, 0, 0, 0, 0, 0, 0, 0, 0])
02-05 01:04:09.796   581  5115 D DlbDap2Process: setParam(arbs = #81[20, 47, 141, 234, 328, 469, 656, 844, 1031, 1313, 1688, 2250, 3000, 3750, 4688, 5813, 7125, 9000, 11250, 13875, 19688, -192, -192, -192, -192, -192, -192, -192, -192, -192, -192, -192, -192, -192, -192, -192, -192, -192, -192, -192, -192, 0, 0, 0, 0, 0, 0, 0, 0, 0, 0, 0, 0, 0, 0, 0, 0, 0, 0, 0, 0, 0, 0, 0, 0, 0, 0, 0, 0, 0, 0, 0, 0, 0, 0, 0, 0, 0, 0, 0, 0])
02-05 01:04:09.796   581  5115 D DlbDapEndpointParamCache: doCommit() Committed 32 parameters out of 37.
02-05 01:04:09.796   581  5115 D DlbDap2Process: setMave(mave = 0)
02-05 01:04:09.797   581  5115 D DlbDapCrossfadeProcess: process transitioning from FADE_TO_ACTIVE state to DAP_ACTIVE
02-05 01:04:09.821  2535  2535 D featureTest: receive broadcast , change headphone sound virtualizer :1
02-05 01:04:09.834   581  5142 D DlbDlbEffect: handle_EFFECT_CMD_SET_PARAM()
02-05 01:04:09.837   593  2597 D ARenderer: updateDapConfig: Updating DAP configuration
02-05 01:04:09.837   593  2597 D DlbDap2QmfProcess: setParam(iea = #1[10])
02-05 01:04:09.837   593  2597 D DlbDap2QmfProcess: setParam(msce = #1[0])
02-05 01:04:09.837   593  2597 D DlbDap2QmfProcess: setParam(mdee = #1[0])
02-05 01:04:09.837   593  2597 D DlbDap2QmfProcess: setParam(miee = #1[0])
02-05 01:04:09.837   593  2597 D DlbDap2QmfProcess: setParam(mdle = #1[0])
02-05 01:04:09.837   593  2597 D DlbDap2QmfProcess: setParam(dvle = #1[1])
02-05 01:04:09.837   593  2597 D DlbDap2QmfProcess: setParam(mave = #1[0])
02-05 01:04:09.837   593  2597 D DlbDap2QmfProcess: setParam(vcbf = #20[47, 141, 234, 328, 469, 656, 844, 1031, 1313, 1688, 2250, 3000, 3750, 4688, 5813, 7125, 9000, 11250, 13875, 19688])
02-05 01:04:09.837   593  2597 D DlbDap2QmfProcess: setParam(ieon = #1[0])
02-05 01:04:09.837   593  2597 D DlbDap2QmfProcess: setParam(gebs = #41[20, 47, 141, 234, 328, 469, 656, 844, 1031, 1313, 1688, 2250, 3000, 3750, 4688, 5813, 7125, 9000, 11250, 13875, 19688, 0, 0, 0, 0, 0, 0, 0, 0, 0, 0, 0, 0, 0, 0, 0, 0, 0, 0, 0, 0])
02-05 01:04:09.837   593  2597 D DlbDap2QmfProcess: setParam(iebs = #41[20, 65, 136, 223, 332, 467, 634, 841, 1098, 1416, 1812, 2302, 2909, 3663, 4598, 5756, 7194, 8976, 11186, 13927, 17326, 117, 133, 188, 176, 141, 149, 175, 185, 185, 200, 236, 242, 228, 213, 182, 132, 110, 68, -27, -240])
02-05 01:04:09.837   593  2597 D DlbDap2QmfProcess: setParam(dea = #1[7])
02-05 01:04:09.837   593  2597 D DlbDap2QmfProcess: setParam(dsa = #1[10])
02-05 01:04:09.837   593  2597 D DlbDap2QmfProcess: setParam(beb = #1[96])
02-05 01:04:09.837   593  2597 D DlbDap2QmfProcess: setParam(plb = #1[0])
02-05 01:04:09.837   593  2597 D DlbDap2QmfProcess: setParam(vmb = #1[144])
02-05 01:04:09.837   593  2597 D DlbDap2QmfProcess: setParam(dsb = #1[48])
02-05 01:04:09.837   593  2597 D DlbDap2QmfProcess: setParam(ded = #1[0])
02-05 01:04:09.837   593  2597 D DlbDap2QmfProcess: DAP output mode set to 9 with 2 output channels and null mix matrix.
02-05 01:04:09.837   593  2597 D DlbDap2QmfProcess: setParam(dom = #1[2])
02-05 01:04:09.837   593  2597 D DlbDap2QmfProcess: setParam(bew = #1[16])
02-05 01:04:09.837   593  2597 D DlbDap2QmfProcess: setParam(dvla = #1[5])
02-05 01:04:09.837   593  2597 D DlbDap2QmfProcess: setParam(dfsa = #1[10])
02-05 01:04:09.837   593  2597 D DlbDap2QmfProcess: setParam(dhsa = #1[10])
02-05 01:04:09.837   593  2597 D DlbDap2QmfProcess: setParam(dvmc = #1[160])
02-05 01:04:09.837   593  2597 D DlbDap2QmfProcess: setParam(dvle = #1[1])
02-05 01:04:09.837   593  2597 D DlbDap2QmfProcess: setParam(dvme = #1[0])
02-05 01:04:09.837   593  2597 D DlbDap2QmfProcess: setParam(becf = #1[160])
02-05 01:04:09.837   593  2597 D DlbDap2QmfProcess: setParam(vbmf = #2[99, 281])
02-05 01:04:09.837   593  2597 D DlbDap2QmfProcess: setParam(vbsf = #2[30, 90])
02-05 01:04:09.838   593  2597 D DlbDap2QmfProcess: setParam(vbhg = #3[-48, -480, -240])
02-05 01:04:09.838   593  2597 D DlbDap2QmfProcess: setParam(vbog = #1[0])
02-05 01:04:09.838   593  2597 D DlbDap2QmfProcess: setParam(vbsg = #1[0])
02-05 01:04:09.838   593  2597 D DlbDap2QmfProcess: setParam(dvli = #1[-320])
02-05 01:04:09.838   593  2597 D DlbDap2QmfProcess: setParam(dhfm = #1[0])
02-05 01:04:09.838   593  2597 D DlbDap2QmfProcess: setParam(deon = #1[0])
02-05 01:04:09.838   593  2597 D DlbDap2QmfProcess: setParam(ngon = #1[1])
02-05 01:04:09.838   593  2597 D DlbDap2QmfProcess: setParam(dvlo = #1[-320])
02-05 01:04:09.838   593  2597 D DlbDap2QmfProcess: setParam(aobs = #222[20, 10, 47, 141, 234, 328, 469, 656, 844, 1031, 1313, 1688, 2250, 3000, 3750, 4688, 5813, 7125, 9000, 11250, 13875, 19688, 0, 0, 0, 0, 0, 0, 0, 0, 0, 0, 0, 0, 0, 0, 0, 0, 0, 0, 0, 0, 0, 0, 0, 0, 0, 0, 0, 0, 0, 0, 0, 0, 0, 0, 0, 0, 0, 0, 0, 0, 0, 0, 0, 0, 0, 0, 0, 0, 0, 0, 0, 0, 0, 0, 0, 0, 0, 0, 0, 0, 0, 0, 0, 0, 0, 0, 0, 0, 0, 0, 0, 0, 0, 0, 0, 0, 0, 0, 0, 0, 0, 0, 0, 0, 0, 0, 0, 0, 0, 0, 0, 0, 0, 0, 0, 0, 0, 0, 0, 0, 0, 0, 0, 0, 0, 0, 0, 0, 0, 0, 0, 0, 0, 0, 0, 0, 0, 0, 0, 0, 0, 0, 0, 0, 0, 0, 0, 0, 0, 0, 0, 0, 0, 0, 0, 0, 0, 0, 0, 0, 0, 0, 0, 0, 0, 0, 0, 0, 0, 0, 0, 0, 0, 0, 0, 0, 0, 0, 0, 0, 0, 0, 0, 0, 0, 0, 0, 0, 0, 0, 0, 0, 0, 0, 0, 0, 0, 0, 0, 0, 0, 0, 0, 0, 0, 0, 0, 0, 0, 0, 0, 0, 0, 0, 0, 0, 0, 0, 0, 0])
02-05 01:04:09.838   593  2597 D DlbDap2QmfProcess: setParam(dvle = #1[1])
02-05 01:04:09.838   593  2597 D DlbDap2QmfProcess: setParam(dvli = #1[-496])
02-05 01:04:09.838   593  2597 D DlbDap2QmfProcess: setParam(dvlo = #1[-176])
02-05 01:04:09.838   593  2597 D ARenderer: updateDapVolumeLeveler: Setting output level to -11.00dB
02-05 01:04:09.838   593  2597 D DlbDap2QmfProcess: setParam(vmb = #1[0])
02-05 01:04:09.838   593  2597 D DlbDap2QmfProcess: setParam(preg = #1[-384])
02-05 01:04:09.838   593  2597 D DlbDap2QmfProcess: setParam(vol = #1[384])
02-05 01:04:09.838   593  2597 D DlbDap2QmfProcess: setMave(mave = 0)
02-05 01:04:09.870   581  5115 D DlbDapEndpointParamCache: commitChangedParams()
02-05 01:04:09.870   581  5115 D DlbDapEndpointParamCache: commit() Applying parameters for device 0x40000000
02-05 01:04:09.870   581  5115 D DlbDap2Process: setParam(iea = #1[10])
02-05 01:04:09.870   581  5115 D DlbDap2Process: setParam(vcbf = #20[47, 141, 234, 328, 469, 656, 844, 1031, 1313, 1688, 2250, 3000, 3750, 4688, 5813, 7125, 9000, 11250, 13875, 19688])
02-05 01:04:09.870   581  5115 D DlbDap2Process: setParam(vbon = #1[0])
02-05 01:04:09.870   581  5115 D DlbDap2Process: setParam(beon = #1[0])
02-05 01:04:09.870   581  5115 D DlbDap2Process: setParam(geon = #1[0])
02-05 01:04:09.870   581  5115 D DlbDap2Process: setParam(gebs = #41[20, 47, 141, 234, 328, 469, 656, 844, 1031, 1313, 1688, 2250, 3000, 3750, 4688, 5813, 7125, 9000, 11250, 13875, 19688, 0, 0, 0, 0, 0, 0, 0, 0, 0, 0, 0, 0, 0, 0, 0, 0, 0, 0, 0, 0])
02-05 01:04:09.871   581  5115 D DlbDap2Process: setParam(iebs = #41[20, 65, 136, 223, 332, 467, 634, 841, 1098, 1416, 1812, 2302, 2909, 3663, 4598, 5756, 7194, 8976, 11186, 13927, 17326, 117, 133, 188, 176, 141, 149, 175, 185, 185, 200, 236, 242, 228, 213, 182, 132, 110, 68, -27, -240])
02-05 01:04:09.871   581  5115 D DlbDapEndpointParamCache: doCommit() Committed 8 parameters out of 16.
02-05 01:04:09.871   581  5115 D DlbDapEndpointParamCache: commit() Overriding parameters for current device 0x00000008
02-05 01:04:09.871   581  5115 D DlbDap2Process: setParam(dea = #1[7])
02-05 01:04:09.871   581  5115 D DlbDap2Process: setParam(dsa = #1[10])
02-05 01:04:09.871   581  5115 D DlbDap2Process: setParam(beb = #1[96])
02-05 01:04:09.871   581  5115 D DlbDap2Process: setParam(plb = #1[0])
02-05 01:04:09.871   581  5115 D DlbDap2Process: setParam(vmb = #1[144])
02-05 01:04:09.871   581  5115 D DlbDap2Process: setParam(dsb = #1[48])
02-05 01:04:09.871   581  5115 D DlbDap2Process: setParam(ded = #1[0])
02-05 01:04:09.871   581  5115 D DlbDap2Process: setParam(vbm = #1[0])
02-05 01:04:09.871   581  5115 D DlbDap2Process: setParam(bew = #1[16])
02-05 01:04:09.871   581  5115 D DlbDap2Process: setParam(dvla = #1[5])
02-05 01:04:09.871   581  5115 D DlbDap2Process: setParam(arra = #1[96])
02-05 01:04:09.871   581  5115 D DlbDap2Process: setParam(dfsa = #1[10])
02-05 01:04:09.871   581  5115 D DlbDap2Process: setParam(dhsa = #1[10])
02-05 01:04:09.871   581  5115 D DlbDap2Process: setParam(dvmc = #1[160])
02-05 01:04:09.871   581  5115 D DlbDap2Process: setParam(arod = #1[0])
02-05 01:04:09.871   581  5115 D DlbDap2Process: setParam(arde = #1[0])
02-05 01:04:09.871   581  5115 D DlbDap2Process: setParam(becf = #1[160])
02-05 01:04:09.871   581  5115 D DlbDap2Process: setParam(vbmf = #2[99, 281])
02-05 01:04:09.871   581  5115 D DlbDap2Process: setParam(vbsf = #2[30, 90])
02-05 01:04:09.871   581  5115 D DlbDap2Process: setParam(vbhg = #3[-48, -480, -240])
02-05 01:04:09.871   581  5115 D DlbDap2Process: setParam(vbog = #1[0])
02-05 01:04:09.871   581  5115 D DlbDap2Process: setParam(vbsg = #1[0])
02-05 01:04:09.871   581  5115 D DlbDap2Process: setParam(dvli = #1[-320])
02-05 01:04:09.871   581  5115 D DlbDap2Process: setParam(dhfm = #1[0])
02-05 01:04:09.871   581  5115 D DlbDap2Process: setParam(vbon = #1[0])
02-05 01:04:09.871   581  5115 D DlbDap2Process: setParam(beon = #1[0])
02-05 01:04:09.871   581  5115 D DlbDap2Process: setParam(aoon = #1[0])
02-05 01:04:09.871   581  5115 D DlbDap2Process: setParam(aron = #1[1])
02-05 01:04:09.871   581  5115 D DlbDap2Process: setParam(dvlo = #1[-320])
02-05 01:04:09.871   581  5115 D DlbDap2Process: setParam(artp = #1[12])
02-05 01:04:09.872   581  5115 D DlbDap2Process: setParam(aobs = #222[20, 10, 47, 141, 234, 328, 469, 656, 844, 1031, 1313, 1688, 2250, 3000, 3750, 4688, 5813, 7125, 9000, 11250, 13875, 19688, 0, 0, 0, 0, 0, 0, 0, 0, 0, 0, 0, 0, 0, 0, 0, 0, 0, 0, 0, 0, 0, 0, 0, 0, 0, 0, 0, 0, 0, 0, 0, 0, 0, 0, 0, 0, 0, 0, 0, 0, 0, 0, 0, 0, 0, 0, 0, 0, 0, 0, 0, 0, 0, 0, 0, 0, 0, 0, 0, 0, 0, 0, 0, 0, 0, 0, 0, 0, 0, 0, 0, 0, 0, 0, 0, 0, 0, 0, 0, 0, 0, 0, 0, 0, 0, 0, 0, 0, 0, 0, 0, 0, 0, 0, 0, 0, 0, 0, 0, 0, 0, 0, 0, 0, 0, 0, 0, 0, 0, 0, 0, 0, 0, 0, 0, 0, 0, 0, 0, 0, 0, 0, 0, 0, 0, 0, 0, 0, 0, 0, 0, 0, 0, 0, 0, 0, 0, 0, 0, 0, 0, 0, 0, 0, 0, 0, 0, 0, 0, 0, 0, 0, 0, 0, 0, 0, 0, 0, 0, 0, 0, 0, 0, 0, 0, 0, 0, 0, 0, 0, 0, 0, 0, 0, 0, 0, 0, 0, 0, 0, 0, 0, 0, 0, 0, 0, 0, 0, 0, 0, 0, 0, 0, 0, 0, 0, 0, 0, 0, 0])
02-05 01:04:09.872   581  5115 D DlbDap2Process: setParam(arbs = #81[20, 47, 141, 234, 328, 469, 656, 844, 1031, 1313, 1688, 2250, 3000, 3750, 4688, 5813, 7125, 9000, 11250, 13875, 19688, -192, -192, -192, -192, -192, -192, -192, -192, -192, -192, -192, -192, -192, -192, -192, -192, -192, -192, -192, -192, 0, 0, 0, 0, 0, 0, 0, 0, 0, 0, 0, 0, 0, 0, 0, 0, 0, 0, 0, 0, 0, 0, 0, 0, 0, 0, 0, 0, 0, 0, 0, 0, 0, 0, 0, 0, 0, 0, 0, 0])
02-05 01:04:09.872   581  5115 D DlbDapEndpointParamCache: doCommit() Committed 32 parameters out of 37.
02-05 01:04:09.890  2535  2535 D featureTest: receive broadcast , record log :0
02-05 01:04:09.894  2535  2540 I zygote64: Do partial code cache collection, code=9KB, data=14KB
02-05 01:04:09.894  2535  2540 I zygote64: After code cache collection, code=9KB, data=14KB
02-05 01:04:09.894  2535  2540 I zygote64: Increasing code cache capacity to 128KB
02-05 01:04:09.895  2535  2540 I zygote64: Do partial code cache collection, code=9KB, data=34KB
02-05 01:04:09.895  2535  2540 I zygote64: After code cache collection, code=9KB, data=34KB
02-05 01:04:09.895  2535  2540 I zygote64: Increasing code cache capacity to 256KB
02-05 01:04:09.895  2535  2540 I zygote64: Compiler allocated 8MB to compile void android.widget.TextView.<init>(android.content.Context, android.util.AttributeSet, int, int)
02-05 01:04:10.166  3552  3552 W SceneBgThread: type=1400 audit(0.0:2988): avc: denied { read } for name="stat" dev="proc" ino=4026548033 scontext=u:r:untrusted_app_25:s0:c512,c768 tcontext=u:object_r:proc_stat:s0 tclass=file permissive=0
02-05 01:04:10.385 31691 31691 I ServiceManager: Waiting for service AtCmdFwd...
02-05 01:04:11.386 31691 31691 I ServiceManager: Waiting for service AtCmdFwd...
02-05 01:04:11.541   816   816 W WindowManager: removeWindowToken: Attempted to remove non-existing token: android.os.Binder@66db8e4
02-05 01:04:11.600   429   429 D SurfaceFlinger: duplicate layer name: changing Toast to Toast#1
02-05 01:04:11.915   581  5115 D DlbDap2Process: process() called [372000] times
02-05 01:04:12.387 31691 31691 I ServiceManager: Waiting for service AtCmdFwd...
02-05 01:04:13.388 31691 31691 I ServiceManager: Waiting for service AtCmdFwd...
02-05 01:04:13.554   816   816 W WindowManager: removeWindowToken: Attempted to remove non-existing token: android.os.Binder@4f7eb6f
02-05 01:04:14.389 31691 31691 W Atfwd_Sendcmd: AtCmdFwd service not published, waiting... retryCnt : 4
02-05 01:04:14.588   581  5115 D DlbDap2Process: process() called [372500] times
