02-05 01:03:59.702   581  5356 D DlbDap2Process: setParam(dvle = #1[0])
02-05 01:03:59.702   581  5356 D DlbDap2Process: setParam(mave = #1[0])
02-05 01:03:59.702   581  5356 D DlbDap2Process: setParam(ieon = #1[0])
02-05 01:03:59.702   581  5356 D DlbDapEndpointParamCache: doCommit() Committed 7 parameters out of 16.
02-05 01:03:59.702   581  5356 D DlbDapEndpointParamCache: commit() Overriding parameters for current device 0x00000008
02-05 01:03:59.702   581  5356 D DlbDap2Process: setParam(dom = #1[0])
02-05 01:03:59.702   581  5356 D DlbDap2Process: setParam(dvle = #1[0])
02-05 01:03:59.702   581  5356 D DlbDap2Process: setParam(dvme = #1[0])
02-05 01:03:59.702   581  5356 D DlbDap2Process: setParam(deon = #1[0])
02-05 01:03:59.702   581  5356 D DlbDap2Process: setParam(ngon = #1[0])
02-05 01:03:59.702   581  5356 D DlbDapEndpointParamCache: doCommit() Committed 5 parameters out of 37.
02-05 01:03:59.703   589  2488 D NuPlayerDriver: notifyListener_l(0xe5732b60), (6, 0, 0, -1), loop setting(0, 1)
02-05 01:03:59.704   589  1170 W MediaClock: reject anchor time since it is negative.
02-05 01:03:59.725   581  5115 D DlbDap2Process: setMave(mave = 0)
02-05 01:03:59.726   589  2494 W AudioTrack: getTimestamp() location moved from kernel to server
02-05 01:03:59.745  2430  2430 D featureTest: receive broadcast , change headphone sound virtualizer :1
02-05 01:03:59.757   581  5110 D DlbDlbEffect: handle_EFFECT_CMD_SET_PARAM()
02-05 01:03:59.772   581  5115 D DlbDapEndpointParamCache: commitChangedParams()
02-05 01:03:59.772   581  5115 D DlbDapEndpointParamCache: commit() Applying parameters for device 0x40000000
02-05 01:03:59.772   581  5115 D DlbDap2Process: setParam(iea = #1[10])
02-05 01:03:59.772   581  5115 D DlbDap2Process: setParam(vcbf = #20[47, 141, 234, 328, 469, 656, 844, 1031, 1313, 1688, 2250, 3000, 3750, 4688, 5813, 7125, 9000, 11250, 13875, 19688])
02-05 01:03:59.772   581  5115 D DlbDap2Process: setParam(vbon = #1[0])
02-05 01:03:59.772   581  5115 D DlbDap2Process: setParam(beon = #1[0])
02-05 01:03:59.772   581  5115 D DlbDap2Process: setParam(geon = #1[0])
02-05 01:03:59.772   581  5115 D DlbDap2Process: setParam(gebs = #41[20, 47, 141, 234, 328, 469, 656, 844, 1031, 1313, 1688, 2250, 3000, 3750, 4688, 5813, 7125, 9000, 11250, 13875, 19688, 0, 0, 0, 0, 0, 0, 0, 0, 0, 0, 0, 0, 0, 0, 0, 0, 0, 0, 0, 0])
02-05 01:03:59.772   581  5115 D DlbDap2Process: setParam(iebs = #41[20, 65, 136, 223, 332, 467, 634, 841, 1098, 1416, 1812, 2302, 2909, 3663, 4598, 5756, 7194, 8976, 11186, 13927, 17326, 117, 133, 188, 176, 141, 149, 175, 185, 185, 200, 236, 242, 228, 213, 182, 132, 110, 68, -27, -240])
02-05 01:03:59.772   581  5115 D DlbDapEndpointParamCache: doCommit() Committed 8 parameters out of 16.
02-05 01:03:59.772   581  5115 D DlbDapEndpointParamCache: commit() Overriding parameters for current device 0x00000008
02-05 01:03:59.772   581  5115 D DlbDap2Process: setParam(dea = #1[7])
02-05 01:03:59.772   581  5115 D DlbDap2Process: setParam(dsa = #1[10])
02-05 01:03:59.772   581  5115 D DlbDap2Process: setParam(beb = #1[96])
02-05 01:03:59.772   581  5115 D DlbDap2Process: setParam(plb = #1[0])
02-05 01:03:59.772   581  5115 D DlbDap2Process: setParam(vmb = #1[144])
02-05 01:03:59.772   581  5115 D DlbDap2Process: setParam(dsb = #1[48])
02-05 01:03:59.772   581  5115 D DlbDap2Process: setParam(ded = #1[0])
02-05 01:03:59.772   581  5115 D DlbDap2Process: setParam(vbm = #1[0])
02-05 01:03:59.773   581  5115 D DlbDap2Process: setParam(bew = #1[16])
02-05 01:03:59.773   581  5115 D DlbDap2Process: setParam(dvla = #1[5])
02-05 01:03:59.773   581  5115 D DlbDap2Process: setParam(arra = #1[96])
02-05 01:03:59.773   581  5115 D DlbDap2Process: setParam(dfsa = #1[10])
02-05 01:03:59.773   581  5115 D DlbDap2Process: setParam(dhsa = #1[10])
02-05 01:03:59.773   581  5115 D DlbDap2Process: setParam(dvmc = #1[160])
02-05 01:03:59.773   581  5115 D DlbDap2Process: setParam(arod = #1[0])
02-05 01:03:59.773   581  5115 D DlbDap2Process: setParam(arde = #1[0])
02-05 01:03:59.773   581  5115 D DlbDap2Process: setParam(becf = #1[160])
02-05 01:03:59.773   581  5115 D DlbDap2Process: setParam(vbmf = #2[99, 281])
02-05 01:03:59.773   581  5115 D DlbDap2Process: setParam(vbsf = #2[30, 90])
02-05 01:03:59.773   581  5115 D DlbDap2Process: setParam(vbhg = #3[-48, -480, -240])
02-05 01:03:59.773   581  5115 D DlbDap2Process: setParam(vbog = #1[0])
02-05 01:03:59.773   581  5115 D DlbDap2Process: setParam(vbsg = #1[0])
02-05 01:03:59.773   581  5115 D DlbDap2Process: setParam(dvli = #1[-320])
02-05 01:03:59.773   581  5115 D DlbDap2Process: setParam(dhfm = #1[0])
02-05 01:03:59.773   581  5115 D DlbDap2Process: setParam(vbon = #1[0])
02-05 01:03:59.773   581  5115 D DlbDap2Process: setParam(beon = #1[0])
02-05 01:03:59.773   581  5115 D DlbDap2Process: setParam(aoon = #1[0])
02-05 01:03:59.773   581  5115 D DlbDap2Process: setParam(aron = #1[1])
02-05 01:03:59.773   581  5115 D DlbDap2Process: setParam(dvlo = #1[-320])
02-05 01:03:59.773   581  5115 D DlbDap2Process: setParam(artp = #1[12])
02-05 01:03:59.774   581  5115 D DlbDap2Process: setParam(aobs = #222[20, 10, 47, 141, 234, 328, 469, 656, 844, 1031, 1313, 1688, 2250, 3000, 3750, 4688, 5813, 7125, 9000, 11250, 13875, 19688, 0, 0, 0, 0, 0, 0, 0, 0, 0, 0, 0, 0, 0, 0, 0, 0, 0, 0, 0, 0, 0, 0, 0, 0, 0, 0, 0, 0, 0, 0, 0, 0, 0, 0, 0, 0, 0, 0, 0, 0, 0, 0, 0, 0, 0, 0, 0, 0, 0, 0, 0, 0, 0, 0, 0, 0, 0, 0, 0, 0, 0, 0, 0, 0, 0, 0, 0, 0, 0, 0, 0, 0, 0, 0, 0, 0, 0, 0, 0, 0, 0, 0, 0, 0, 0, 0, 0, 0, 0, 0, 0, 0, 0, 0, 0, 0, 0, 0, 0, 0, 0, 0, 0, 0, 0, 0, 0, 0, 0, 0, 0, 0, 0, 0, 0, 0, 0, 0, 0, 0, 0, 0, 0, 0, 0, 0, 0, 0, 0, 0, 0, 0, 0, 0, 0, 0, 0, 0, 0, 0, 0, 0, 0, 0, 0, 0, 0, 0, 0, 0, 0, 0, 0, 0, 0, 0, 0, 0, 0, 0, 0, 0, 0, 0, 0, 0, 0, 0, 0, 0, 0, 0, 0, 0, 0, 0, 0, 0, 0, 0, 0, 0, 0, 0, 0, 0, 0, 0, 0, 0, 0, 0, 0, 0, 0, 0, 0, 0, 0, 0])
02-05 01:03:59.774   581  5115 D DlbDap2Process: setParam(arbs = #81[20, 47, 141, 234, 328, 469, 656, 844, 1031, 1313, 1688, 2250, 3000, 3750, 4688, 5813, 7125, 9000, 11250, 13875, 19688, -192, -192, -192, -192, -192, -192, -192, -192, -192, -192, -192, -192, -192, -192, -192, -192, -192, -192, -192, -192, 0, 0, 0, 0, 0, 0, 0, 0, 0, 0, 0, 0, 0, 0, 0, 0, 0, 0, 0, 0, 0, 0, 0, 0, 0, 0, 0, 0, 0, 0, 0, 0, 0, 0, 0, 0, 0, 0, 0, 0])
02-05 01:03:59.774   581  5115 D DlbDapEndpointParamCache: doCommit() Committed 32 parameters out of 37.
02-05 01:03:59.813  2430  2430 D featureTest: receive broadcast , record log :0
02-05 01:03:59.826  2430  2435 I zygote64: Do partial code cache collection, code=8KB, data=14KB
02-05 01:03:59.826  2430  2435 I zygote64: After code cache collection, code=8KB, data=14KB
02-05 01:03:59.826  2430  2435 I zygote64: Increasing code cache capacity to 128KB
02-05 01:03:59.827  2430  2435 I zygote64: Do partial code cache collection, code=8KB, data=33KB
02-05 01:03:59.827  2430  2435 I zygote64: After code cache collection, code=8KB, data=33KB
02-05 01:03:59.827  2430  2435 I zygote64: Increasing code cache capacity to 256KB
02-05 01:03:59.827  2430  2435 I zygote64: Compiler allocated 8MB to compile void android.widget.TextView.<init>(android.content.Context, android.util.AttributeSet, int, int)
02-05 01:03:59.999   593  2500 D ARenderer: updateDapConfig: Updating DAP configuration
02-05 01:03:59.999   593  2500 D DlbDap2QmfProcess: setParam(iea = #1[10])
02-05 01:03:59.999   593  2500 D DlbDap2QmfProcess: setParam(msce = #1[0])
02-05 01:03:59.999   593  2500 D DlbDap2QmfProcess: setParam(mdee = #1[0])
02-05 01:03:59.999   593  2500 D DlbDap2QmfProcess: setParam(miee = #1[0])
02-05 01:04:00.000   593  2500 D DlbDap2QmfProcess: setParam(mdle = #1[0])
02-05 01:04:00.000   593  2500 D DlbDap2QmfProcess: setParam(dvle = #1[1])
02-05 01:04:00.000   593  2500 D DlbDap2QmfProcess: setParam(mave = #1[0])
02-05 01:04:00.000   593  2500 D DlbDap2QmfProcess: setParam(vcbf = #20[47, 141, 234, 328, 469, 656, 844, 1031, 1313, 1688, 2250, 3000, 3750, 4688, 5813, 7125, 9000, 11250, 13875, 19688])
02-05 01:04:00.000   593  2500 D DlbDap2QmfProcess: setParam(ieon = #1[0])
02-05 01:04:00.000   593  2500 D DlbDap2QmfProcess: setParam(gebs = #41[20, 47, 141, 234, 328, 469, 656, 844, 1031, 1313, 1688, 2250, 3000, 3750, 4688, 5813, 7125, 9000, 11250, 13875, 19688, 0, 0, 0, 0, 0, 0, 0, 0, 0, 0, 0, 0, 0, 0, 0, 0, 0, 0, 0, 0])
02-05 01:04:00.000   593  2500 D DlbDap2QmfProcess: setParam(iebs = #41[20, 65, 136, 223, 332, 467, 634, 841, 1098, 1416, 1812, 2302, 2909, 3663, 4598, 5756, 7194, 8976, 11186, 13927, 17326, 117, 133, 188, 176, 141, 149, 175, 185, 185, 200, 236, 242, 228, 213, 182, 132, 110, 68, -27, -240])
02-05 01:04:00.000   593  2500 D DlbDap2QmfProcess: setParam(dea = #1[7])
02-05 01:04:00.000   593  2500 D DlbDap2QmfProcess: setParam(dsa = #1[10])
02-05 01:04:00.000   593  2500 D DlbDap2QmfProcess: setParam(beb = #1[96])
02-05 01:04:00.000   593  2500 D DlbDap2QmfProcess: setParam(plb = #1[0])
02-05 01:04:00.000   593  2500 D DlbDap2QmfProcess: setParam(vmb = #1[144])
02-05 01:04:00.001   593  2500 D DlbDap2QmfProcess: setParam(dsb = #1[48])
02-05 01:04:00.001   593  2500 D DlbDap2QmfProcess: setParam(ded = #1[0])
02-05 01:04:00.001   593  2500 D DlbDap2QmfProcess: DAP output mode set to 9 with 2 output channels and null mix matrix.
02-05 01:04:00.001   593  2500 D DlbDap2QmfProcess: setParam(dom = #1[2])
02-05 01:04:00.001   593  2500 D DlbDap2QmfProcess: setParam(bew = #1[16])
02-05 01:04:00.001   593  2500 D DlbDap2QmfProcess: setParam(dvla = #1[5])
02-05 01:04:00.001   593  2500 D DlbDap2QmfProcess: setParam(dfsa = #1[10])
02-05 01:04:00.001   593  2500 D DlbDap2QmfProcess: setParam(dhsa = #1[10])
02-05 01:04:00.001   593  2500 D DlbDap2QmfProcess: setParam(dvmc = #1[160])
02-05 01:04:00.001   593  2500 D DlbDap2QmfProcess: setParam(dvle = #1[1])
02-05 01:04:00.001   593  2500 D DlbDap2QmfProcess: setParam(dvme = #1[0])
02-05 01:04:00.001   593  2500 D DlbDap2QmfProcess: setParam(becf = #1[160])
02-05 01:04:00.001   593  2500 D DlbDap2QmfProcess: setParam(vbmf = #2[99, 281])
02-05 01:04:00.001   593  2500 D DlbDap2QmfProcess: setParam(vbsf = #2[30, 90])
02-05 01:04:00.001   593  2500 D DlbDap2QmfProcess: setParam(vbhg = #3[-48, -480, -240])
02-05 01:04:00.001   593  2500 D DlbDap2QmfProcess: setParam(vbog = #1[0])
02-05 01:04:00.001   593  2500 D DlbDap2QmfProcess: setParam(vbsg = #1[0])
02-05 01:04:00.001   593  2500 D DlbDap2QmfProcess: setParam(dvli = #1[-320])
02-05 01:04:00.001   593  2500 D DlbDap2QmfProcess: setParam(dhfm = #1[0])
02-05 01:04:00.001   593  2500 D DlbDap2QmfProcess: setParam(deon = #1[0])
02-05 01:04:00.002   593  2500 D DlbDap2QmfProcess: setParam(ngon = #1[1])
02-05 01:04:00.002   593  2500 D DlbDap2QmfProcess: setParam(dvlo = #1[-320])
02-05 01:04:00.002   593  2500 D DlbDap2QmfProcess: setParam(aobs = #222[20, 10, 47, 141, 234, 328, 469, 656, 844, 1031, 1313, 1688, 2250, 3000, 3750, 4688, 5813, 7125, 9000, 11250, 13875, 19688, 0, 0, 0, 0, 0, 0, 0, 0, 0, 0, 0, 0, 0, 0, 0, 0, 0, 0, 0, 0, 0, 0, 0, 0, 0, 0, 0, 0, 0, 0, 0, 0, 0, 0, 0, 0, 0, 0, 0, 0, 0, 0, 0, 0, 0, 0, 0, 0, 0, 0, 0, 0, 0, 0, 0, 0, 0, 0, 0, 0, 0, 0, 0, 0, 0, 0, 0, 0, 0, 0, 0, 0, 0, 0, 0, 0, 0, 0, 0, 0, 0, 0, 0, 0, 0, 0, 0, 0, 0, 0, 0, 0, 0, 0, 0, 0, 0, 0, 0, 0, 0, 0, 0, 0, 0, 0, 0, 0, 0, 0, 0, 0, 0, 0, 0, 0, 0, 0, 0, 0, 0, 0, 0, 0, 0, 0, 0, 0, 0, 0, 0, 0, 0, 0, 0, 0, 0, 0, 0, 0, 0, 0, 0, 0, 0, 0, 0, 0, 0, 0, 0, 0, 0, 0, 0, 0, 0, 0, 0, 0, 0, 0, 0, 0, 0, 0, 0, 0, 0, 0, 0, 0, 0, 0, 0, 0, 0, 0, 0, 0, 0, 0, 0, 0, 0, 0, 0, 0, 0, 0, 0, 0, 0, 0, 0, 0, 0, 0, 0, 0])
02-05 01:04:00.002   593  2500 D DlbDap2QmfProcess: setParam(dvle = #1[1])
02-05 01:04:00.003   593  2500 D DlbDap2QmfProcess: setParam(dvli = #1[-496])
02-05 01:04:00.003   593  2500 D DlbDap2QmfProcess: setParam(dvlo = #1[-176])
02-05 01:04:00.003   593  2500 D ARenderer: updateDapVolumeLeveler: Setting output level to -11.00dB
02-05 01:04:00.003   593  2500 D DlbDap2QmfProcess: setParam(vmb = #1[0])
02-05 01:04:00.003   593  2500 D DlbDap2QmfProcess: setParam(preg = #1[-384])
02-05 01:04:00.003   593  2500 D DlbDap2QmfProcess: setParam(vol = #1[384])
02-05 01:04:00.003   593  2500 D DlbDap2QmfProcess: setMave(mave = 0)
02-05 01:04:00.153  3552  3552 W SceneBgThread: type=1400 audit(0.0:2984): avc: denied { read } for name="stat" dev="proc" ino=4026548033 scontext=u:r:untrusted_app_25:s0:c512,c768 tcontext=u:object_r:proc_stat:s0 tclass=file permissive=0
02-05 01:04:00.170   581  5115 D DlbDap2Process: process() called [370000] times
02-05 01:04:01.426   816   816 W WindowManager: removeWindowToken: Attempted to remove non-existing token: android.os.Binder@809148
02-05 01:04:01.477   429   429 D SurfaceFlinger: duplicate layer name: changing Toast to Toast#1
02-05 01:04:02.849   581  5115 D DlbDap2Process: process() called [370500] times
02-05 01:04:03.446   816   816 W WindowManager: removeWindowToken: Attempted to remove non-existing token: android.os.Binder@26be392
02-05 01:04:04.074   589  2495 I NuPlayerDecoder: [audio] saw output EOS
02-05 01:04:04.074   589  2494 D AudioTrack: stop() called with 230400 frames delivered
02-05 01:04:04.601   589  2488 D NuPlayerDriver: notifyListener_l(0xe5732b60), (2, 0, 0, -1), loop setting(0, 1)
02-05 01:04:04.602   581   730 D AudioFlinger: trackStateChanged() Track id 691 state changed to 6
02-05 01:04:04.604   581  5142 D AudioFlinger: trackStateChanged() Track id 691 state changed to 6
02-05 01:04:04.659   589  2488 D NuPlayerDriver: notifyListener_l(0xe5732b60), (6, 0, 0, -1), loop setting(0, 1)
02-05 01:04:04.661   589  1170 W MediaClock: reject anchor time since it is negative.
02-05 01:04:04.715   589  2494 W MediaClock: reject anchor time since it is negative.
