--------- beginning of system
02-05 01:00:31.417   816  2356 I ActivityManager: Force stopping com.dolby.qa.featuretest appid=10074 user=0: from pid 32477
02-05 01:00:31.417   816  2356 I ActivityManager: Killing 32401:com.dolby.qa.featuretest/u0a74 (adj 0): stop com.dolby.qa.featuretest
02-05 01:00:31.418   816  2356 W ActivityManager: Force removing ActivityRecord{a3fbbf3 u0 com.dolby.qa.featuretest/.MainActivity t223}: app died, no saved state
02-05 01:00:31.425   816  2356 I WindowManager: Failed to capture screenshot of Token{95940b0 ActivityRecord{a3fbbf3 u0 com.dolby.qa.featuretest/.MainActivity t223 f}} appWin=Window{8195737 u0 com.dolby.qa.featuretest/com.dolby.qa.featuretest.MainActivity} drawState=4
--------- beginning of main
02-05 01:00:31.457  1232  1232 D CarrierSvcBindHelper: No carrier app for: 0
02-05 01:00:31.460   589   589 D NuPlayerDriver: reset(0xe5732310) at state 5
02-05 01:00:31.463   589   589 D NuPlayerDriver: notifyListener_l(0xe5732310), (8, 0, 0, -1), loop setting(0, 1)
02-05 01:00:31.469   816  2356 I WindowManager: WIN DEATH: Window{3df5d96 u0 Toast}
02-05 01:00:31.470   589 32430 D NuPlayerDriver: notifyResetComplete(0xe5732310)
02-05 01:00:31.471   589   589 D AudioTrack: stop() called with 0 frames delivered
02-05 01:00:31.479  2298  2298 D RegisteredNfcFServicesCache: Service unchanged, not updating
02-05 01:00:31.531   816  1084 I ActivityManager: START u0 {flg=0x10000000 cmp=com.dolby.qa.featuretest/.MainActivity} from uid 2000
02-05 01:00:31.556   816   975 I ActivityManager: Start proc 32483:com.dolby.qa.featuretest/u0a74 for activity com.dolby.qa.featuretest/.MainActivity
02-05 01:00:31.558 32483 32483 I zygote64: Late-enabling -Xcheck:jni
02-05 01:00:31.604   581   724 D DlbDlbEffect: handle_EFFECT_CMD_DISABLE()
02-05 01:00:31.604   581   724 D DlbDapCrossfadeProcess: setEnabled transitioning from DAP_ACTIVE state to FADE_TO_BYPASS
02-05 01:00:31.608   416   416 W /system/bin/hw/android.hidl.allocator@1.0-service: ashmem_create_region(3840) returning hidl_memory(0x7590c2c2e0, 3840)
02-05 01:00:31.608   581   724 D DlbDlbEffect: handle_EFFECT_CMD_SET_CONFIG()
02-05 01:00:31.609   581   724 D DlbDapEndpointParamCache: setDevice(device=0x00000008)
02-05 01:00:31.609   421   421 D DMSService: setActiveDevice called with device = 0x8
02-05 01:00:31.609   581   724 D DlbDlbEffect: handle_EFFECT_CMD_ENABLE()
02-05 01:00:31.609   581   724 D DlbDapCrossfadeProcess: setEnabled transitioning from FADE_TO_BYPASS state to FADE_TO_ACTIVE
02-05 01:00:31.747 32483 32483 D featureTest: onCreate
02-05 01:00:31.755 32483 32483 D AudioTrack: Client defaulted notificationFrames to 962 for frameCount 1924
02-05 01:00:31.762 32483 32483 W AudioTrack: Use of stream types is deprecated for operations other than volume control
02-05 01:00:31.763 32483 32483 W AudioTrack: See the documentation of AudioTrack() for what to use instead with android.media.AudioAttributes to qualify your playback use case
02-05 01:00:31.768 32483 32483 W DolbyAudioEffect: WARNING: attaching a DolbyAudioEffect to global output mix is deprecated!
02-05 01:00:31.774 32483 32483 D featureTest: onResume
02-05 01:00:31.790 32483 32500 D OpenGLRenderer: HWUI GL Pipeline
02-05 01:00:31.834 32483 32500 I Adreno  : QUALCOMM build                   : 7142022, Ib5823dd10c
02-05 01:00:31.834 32483 32500 I Adreno  : Build Date                       : 06/23/17
02-05 01:00:31.834 32483 32500 I Adreno  : OpenGL ES Shader Compiler Version: EV031.18.00.00
02-05 01:00:31.834 32483 32500 I Adreno  : Local Branch                     : O11A
02-05 01:00:31.834 32483 32500 I Adreno  : Remote Branch                    : 
02-05 01:00:31.834 32483 32500 I Adreno  : Remote Branch                    : 
02-05 01:00:31.834 32483 32500 I Adreno  : Reconstruct Branch               : 
02-05 01:00:31.835 32483 32500 I vndksupport: sphal namespace is not configured for this process. Loading /vendor/lib64/hw/gralloc.msm8994.so from the current namespace instead.
02-05 01:00:31.850 32483 32500 I Adreno  : PFP: 0x00000000, ME: 0x00000000
02-05 01:00:31.860 32483 32500 I OpenGLRenderer: Initialized EGL, version 1.4
02-05 01:00:31.861 32483 32500 D OpenGLRenderer: Swap behavior 2
02-05 01:00:31.879   365   365 W /system/bin/hwservicemanager: getTransportFromManifest: Cannot find entry android.hardware.graphics.mapper@2.0::IMapper in either framework or device manifest, using default transport.
02-05 01:00:31.883 32483 32500 I vndksupport: sphal namespace is not configured for this process. Loading /vendor/lib64/hw/gralloc.msm8994.so from the current namespace instead.
02-05 01:00:31.920   816   843 I ActivityManager: Displayed com.dolby.qa.featuretest/.MainActivity: +372ms
02-05 01:00:31.962   581   770 D audio_hw_primary: disable_audio_route: usecase(0) reset and update mixer path: deep-buffer-playback
02-05 01:00:31.964   581   770 D audio_hw_primary: disable_snd_device: snd_device(5: headphones)
02-05 01:00:32.018   816   843 W ActivityManager: setHasOverlayUi called on unknown pid: 32401
02-05 01:00:32.200   816   816 W NotificationService: Object died trying to hide notification android.app.ITransientNotification$Stub$Proxy@e1971a6 in package com.dolby.qa.featuretest
02-05 01:00:32.200   816   816 W WindowManager: removeWindowToken: Attempted to remove non-existing token: android.os.Binder@9483b58
02-05 01:00:32.369  2401  2517 W OpenGLRenderer: Incorrectly called buildLayer on View: ShortcutAndWidgetContainer, destroying layer...
02-05 01:00:32.620 32483 32483 D featureTest: receive broadcast , playing content location :/sdcard/featureTest/7ch_ddp_25fps_diff_music_01.mp4
02-05 01:00:32.631 32483 32483 D featureTest: mMediaPlayer.getAudioSessionId(): 4681
02-05 01:00:32.631 32483 32483 D featureTest: Playing file: /sdcard/featureTest/7ch_ddp_25fps_diff_music_01.mp4
02-05 01:00:32.633 32513 32513 W generic : type=1400 audit(0.0:2945): avc: denied { read } for path="/storage/emulated/0/featuretest/7ch_ddp_25fps_diff_music_01.mp4" dev="sdcardfs" ino=523299 scontext=u:r:mediaextractor:s0 tcontext=u:object_r:sdcardfs:s0 tclass=file permissive=0
02-05 01:00:32.633   589 26717 D NuPlayerDriver: NuPlayerDriver(0xe57329a0) created, clientPid(32483)
02-05 01:00:32.634 32483 32483 W MediaPlayer: Use of stream types is deprecated for operations other than volume control
02-05 01:00:32.635 32483 32483 W MediaPlayer: See the documentation of setAudioStreamType() for what to use instead with android.media.AudioAttributes to qualify your playback use case
02-05 01:00:32.637   589 32513 D GenericSource: FileSource remote
02-05 01:00:32.637   589 32513 W GenericSource: extractor service cannot make data source
02-05 01:00:32.637   589 32513 D GenericSource: FileSource local
02-05 01:00:32.652   589 32511 D NuPlayerDriver: notifyListener_l(0xe57329a0), (1, 0, 0, -1), loop setting(0, 0)
02-05 01:00:32.661   589 26717 D NuPlayerDriver: start(0xe57329a0), state is 4, eos is 0
02-05 01:00:32.661   589 32511 I GenericSource: start
02-05 01:00:32.666 32483 32483 W DolbyAudioEffect: WARNING: attaching a DolbyAudioEffect to global output mix is deprecated!
02-05 01:00:32.674   593 20870 I OMXMaster: makeComponentInstance(OMX.dolby.eac3.decoder) in android.hardwar process
02-05 01:00:32.695 32483 32483 D featureTest: receive broadcast , change ds status :1
02-05 01:00:32.724   581  5110 D DlbDlbEffect: handle_EFFECT_CMD_SET_PARAM()
02-05 01:00:32.725   593 20870 I DDP_JOCDecoder: -> init name OMX.dolby.eac3.decoder
02-05 01:00:32.727   593 20870 I DDP_JOCDecoder: <- init
02-05 01:00:32.727   593 20870 D DDP_JOCDecoder: initPorts
02-05 01:00:32.729   593 20870 E OMXNodeInstance: setConfig(0xf10a2ea0:dolby.eac3.decoder, ConfigPriority(0x6f800002)) ERROR: Undefined(0x80001001)
02-05 01:00:32.729   589 32519 I ACodec  : codec does not support config priority (err -2147483648)
02-05 01:00:32.730   593 20514 E OMXNodeInstance: getConfig(0xf10a2ea0:dolby.eac3.decoder, ConfigAndroidVendorExtension(0x6f100004)) ERROR: Undefined(0x80001001)
02-05 01:00:32.731   589 32519 I MediaCodec: MediaCodec will operate in async mode
02-05 01:00:32.731   589 32519 I ACodec  : setDolbyParameterOnProcessedAudio() Received dolby_processed_audio=1
02-05 01:00:32.731   589 32518 I NuPlayerDecoder: setDolbyMessage() Notifying player that Codec supports dolby_processed_audio flag
02-05 01:00:32.731   589 32511 I NuPlayer: onDolbyMessageReceived() Setting dolby_processed_audio flag on audio sink
02-05 01:00:32.731   589 32511 I MediaPlayerService: setDolbyParameters() Marking audio output as having dolby_processed_audio
02-05 01:00:32.732   593   593 D DDP_JOCDecoder: internalSetParameter() Instantiating ARenderer for content processing in decoder
02-05 01:00:32.733   593   593 I DlbDap2QmfProcess: Dap2Process()
02-05 01:00:32.733   593   593 I ARenderer: ARenderer
02-05 01:00:32.733   593   593 I evo_parser: evo_parser_init
02-05 01:00:32.733   593   593 I DlbDap2QmfProcess: init()
02-05 01:00:32.733   593   593 I DlbDap2QmfProcess: open()
02-05 01:00:32.733   593   593 I DlbDap2QmfProcess: loadLicense() no license check!
02-05 01:00:32.733   593   593 I DlbDap2QmfProcess: validateLicense() no license check!
02-05 01:00:32.733   593   593 I DlbDap2QmfProcess: init() DAP opened
02-05 01:00:32.733   593   593 I DlbDap2QmfProcess: DAP library version: 2.5.1-P2.0
02-05 01:00:32.733   593   593 D DlbDap2QmfProcess: DAP output mode set to 1 with 2 output channels and null mix matrix.
02-05 01:00:32.733   589 32519 I ACodec  : setDolbyParameterOnProcessedAudio() Content processing enabled in decoder
02-05 01:00:32.739   593 32523 I DDP_JOCDecoder: -> start
02-05 01:00:32.740   593 32523 I EndpConfig: DAP state has changed from -1 to 1
02-05 01:00:32.740   593 32523 D DDP_JOCDecoder: Setting Max Output Channels to 2
02-05 01:00:32.740   593 32523 D DDP_JOCDecoder: setMultiChannelPCMOutDownmix mConfig->jocForceDownmixMode 0
02-05 01:00:32.740   593 32523 I udc_user: 
02-05 01:00:32.740   593 32523 I udc_user: *** DDPlus Unified Decoder Simulation  Version 1.7.3 ***
02-05 01:00:32.740   593 32523 I udc_user: 
02-05 01:00:32.740   593 32523 I udc_user: 7.1-channel decoder-converter, 
02-05 01:00:32.740   593 32523 I udc_user: 
02-05 01:00:32.740   593 32523 I udc_user: 5.1-channel dual-decoder-converter, 
02-05 01:00:32.740   593 32523 I udc_user: Karaoke unsupported, 
02-05 01:00:32.740   593 32523 I udc_user: TPNP supported. 
02-05 01:00:32.740   593 32523 I udc_user: 
02-05 01:00:32.740   593 32523 I udc_user: Unpublished work.  Copyright 2003-2014 Dolby Laboratories, Inc. and
02-05 01:00:32.740   593 32523 I udc_user: Dolby Laboratories Licensing Corporation.  All Rights Reserved.
02-05 01:00:32.740   593 32523 I udc_user: 
02-05 01:00:32.740   593 32523 I udc_user: USE OF THIS SOFTWARE IS SUBJECT TO A LEGAL AGREEMENT BETWEEN YOU AND DOLBY
02-05 01:00:32.740   593 32523 I udc_user: LABORATORIES. DO NOT USE THIS SOFTWARE UNLESS YOU AGREE TO THE TERMS AND 
02-05 01:00:32.740   593 32523 I udc_user: CONDITIONS IN THE AGREEMENT.  BY USING THIS SOFTWARE, YOU ACKNOWLEDGE THAT 
02-05 01:00:32.740   593 32523 I udc_user: YOU HAVE READ THE AGREEMENT AND THAT YOU AGREE TO BE BOUND BY ITS TERMS. 
02-05 01:00:32.740   593 32523 I udc_user: 
02-05 01:00:32.740   593 32523 I ddpdec_client_joc: ddpdec_open JOCD_MODE Buffer assignment
02-05 01:00:32.740   593 32523 D DDP_JOCDecoder: mStarted = 1
02-05 01:00:32.740   593 32523 I DDP_JOCDecoder: <- start
02-05 01:00:32.741   593 32523 D ddpdec_client_joc: ddpdec_client.c|int configDecoder()
02-05 01:00:32.742   593 32523 D DDP_JOCDecoder: Setting Max Output Channels to 2
02-05 01:00:32.743   593 32523 I DlbDap2QmfProcess: close()
02-05 01:00:32.743   593 32523 I DlbDap2QmfProcess: init()
02-05 01:00:32.743   593 32523 I DlbDap2QmfProcess: open()
02-05 01:00:32.744   593 32523 I DlbDap2QmfProcess: loadLicense() no license check!
02-05 01:00:32.744   593 32523 I DlbDap2QmfProcess: validateLicense() no license check!
02-05 01:00:32.744   593 32523 I DlbDap2QmfProcess: init() DAP opened
02-05 01:00:32.744   593 32523 I DlbDap2QmfProcess: DAP library version: 2.5.1-P2.0
02-05 01:00:32.744   593 32523 D DlbDap2QmfProcess: DAP output mode set to 1 with 2 output channels and null mix matrix.
02-05 01:00:32.744   593 32523 D ARenderer: checkAndUpdateConfig: DAP reinitialized because of sample rate change
02-05 01:00:32.744   593 32523 D ARenderer: updateDapConfig: Updating DAP configuration
02-05 01:00:32.744   593 32523 D DlbDap2QmfProcess: setParam(iea = #1[10])
02-05 01:00:32.744   593 32523 D DlbDap2QmfProcess: setParam(msce = #1[0])
02-05 01:00:32.744   593 32523 D DlbDap2QmfProcess: setParam(mdee = #1[0])
02-05 01:00:32.744   593 32523 D DlbDap2QmfProcess: setParam(miee = #1[0])
02-05 01:00:32.744   593 32523 D DlbDap2QmfProcess: setParam(mdle = #1[0])
02-05 01:00:32.744   593 32523 D DlbDap2QmfProcess: setParam(dvle = #1[1])
02-05 01:00:32.744   593 32523 D DlbDap2QmfProcess: setParam(mave = #1[0])
02-05 01:00:32.744   593 32523 D DlbDap2QmfProcess: setParam(vcbf = #20[47, 141, 234, 328, 469, 656, 844, 1031, 1313, 1688, 2250, 3000, 3750, 4688, 5813, 7125, 9000, 11250, 13875, 19688])
02-05 01:00:32.744   593 32523 D DlbDap2QmfProcess: setParam(ieon = #1[1])
02-05 01:00:32.744   593 32523 D DlbDap2QmfProcess: setParam(gebs = #41[20, 47, 141, 234, 328, 469, 656, 844, 1031, 1313, 1688, 2250, 3000, 3750, 4688, 5813, 7125, 9000, 11250, 13875, 19688, 0, 0, 0, 0, 0, 0, 0, 0, 0, 0, 0, 0, 0, 0, 0, 0, 0, 0, 0, 0])
02-05 01:00:32.744   593 32523 D DlbDap2QmfProcess: setParam(iebs = #41[20, 65, 136, 223, 332, 467, 634, 841, 1098, 1416, 1812, 2302, 2909, 3663, 4598, 5756, 7194, 8976, 11186, 13927, 17326, 117, 133, 188, 176, 141, 149, 175, 185, 185, 200, 236, 242, 228, 213, 182, 132, 110, 68, -27, -240])
02-05 01:00:32.744   593 32523 D DlbDap2QmfProcess: setParam(dea = #1[7])
02-05 01:00:32.744   593 32523 D DlbDap2QmfProcess: setParam(dsa = #1[10])
02-05 01:00:32.744   593 32523 D DlbDap2QmfProcess: setParam(beb = #1[96])
02-05 01:00:32.744   593 32523 D DlbDap2QmfProcess: setParam(plb = #1[0])
02-05 01:00:32.744   593 32523 D DlbDap2QmfProcess: setParam(vmb = #1[144])
02-05 01:00:32.744   593 32523 D DlbDap2QmfProcess: setParam(dsb = #1[48])
02-05 01:00:32.744   593 32523 D DlbDap2QmfProcess: setParam(ded = #1[0])
02-05 01:00:32.744   593 32523 D DlbDap2QmfProcess: setParam(dom = #1[0])
02-05 01:00:32.744   593 32523 D DlbDap2QmfProcess: setParam(bew = #1[16])
02-05 01:00:32.744   593 32523 D DlbDap2QmfProcess: setParam(dvla = #1[4])
02-05 01:00:32.744   593 32523 D DlbDap2QmfProcess: setParam(dfsa = #1[10])
02-05 01:00:32.744   593 32523 D DlbDap2QmfProcess: setParam(dhsa = #1[10])
02-05 01:00:32.744   593 32523 D DlbDap2QmfProcess: setParam(dvmc = #1[160])
02-05 01:00:32.744   593 32523 D DlbDap2QmfProcess: setParam(dvle = #1[1])
02-05 01:00:32.745   593 32523 D DlbDap2QmfProcess: setParam(dvme = #1[0])
02-05 01:00:32.745   593 32523 D DlbDap2QmfProcess: setParam(becf = #1[160])
02-05 01:00:32.745   593 32523 D DlbDap2QmfProcess: setParam(vbmf = #2[99, 281])
02-05 01:00:32.745   593 32523 D DlbDap2QmfProcess: setParam(vbsf = #2[30, 90])
02-05 01:00:32.745   593 32523 D DlbDap2QmfProcess: setParam(vbhg = #3[-48, -480, -240])
02-05 01:00:32.745   593 32523 D DlbDap2QmfProcess: setParam(vbog = #1[0])
02-05 01:00:32.745   593 32523 D DlbDap2QmfProcess: setParam(vbsg = #1[0])
02-05 01:00:32.745   593 32523 D DlbDap2QmfProcess: setParam(dvli = #1[-320])
02-05 01:00:32.745   593 32523 D DlbDap2QmfProcess: setParam(dhfm = #1[0])
02-05 01:00:32.745   593 32523 D DlbDap2QmfProcess: setParam(deon = #1[0])
02-05 01:00:32.745   593 32523 D DlbDap2QmfProcess: setParam(ngon = #1[1])
02-05 01:00:32.745   593 32523 D DlbDap2QmfProcess: setParam(dvlo = #1[-320])
02-05 01:00:32.745   593 32523 D DlbDap2QmfProcess: setParam(aobs = #222[20, 10, 47, 141, 234, 328, 469, 656, 844, 1031, 1313, 1688, 2250, 3000, 3750, 4688, 5813, 7125, 9000, 11250, 13875, 19688, 0, 0, 0, 0, 0, 0, 0, 0, 0, 0, 0, 0, 0, 0, 0, 0, 0, 0, 0, 0, 0, 0, 0, 0, 0, 0, 0, 0, 0, 0, 0, 0, 0, 0, 0, 0, 0, 0, 0, 0, 0, 0, 0, 0, 0, 0, 0, 0, 0, 0, 0, 0, 0, 0, 0, 0, 0, 0, 0, 0, 0, 0, 0, 0, 0, 0, 0, 0, 0, 0, 0, 0, 0, 0, 0, 0, 0, 0, 0, 0, 0, 0, 0, 0, 0, 0, 0, 0, 0, 0, 0, 0, 0, 0, 0, 0, 0, 0, 0, 0, 0, 0, 0, 0, 0, 0, 0, 0, 0, 0, 0, 0, 0, 0, 0, 0, 0, 0, 0, 0, 0, 0, 0, 0, 0, 0, 0, 0, 0, 0, 0, 0, 0, 0, 0, 0, 0, 0, 0, 0, 0, 0, 0, 0, 0, 0, 0, 0, 0, 0, 0, 0, 0, 0, 0, 0, 0, 0, 0, 0, 0, 0, 0, 0, 0, 0, 0, 0, 0, 0, 0, 0, 0, 0, 0, 0, 0, 0, 0, 0, 0, 0, 0, 0, 0, 0, 0, 0, 0, 0, 0, 0, 0, 0, 0, 0, 0, 0, 0, 0])
02-05 01:00:32.745   593 32523 D DlbDap2QmfProcess: setParam(dvle = #1[1])
02-05 01:00:32.745   593 32523 D DlbDap2QmfProcess: setParam(dvli = #1[-496])
02-05 01:00:32.745   593 32523 D DlbDap2QmfProcess: setParam(dvlo = #1[-176])
02-05 01:00:32.745   593 32523 D ARenderer: updateDapVolumeLeveler: Setting output level to -11.00dB
02-05 01:00:32.745   593 32523 D DlbDap2QmfProcess: setParam(vmb = #1[0])
02-05 01:00:32.745   593 32523 D DlbDap2QmfProcess: setParam(preg = #1[-384])
02-05 01:00:32.745   593 32523 D DlbDap2QmfProcess: setParam(vol = #1[384])
02-05 01:00:32.745   593 32523 D DlbDlbBufferProvider: setConfig() Updating buffer configuration.
02-05 01:00:32.745   593 32523 D DlbDap2QmfProcess: processQmf() called [0] times
02-05 01:00:32.745   593 32523 D DlbDap2QmfProcess: setMave(mave = 0)
02-05 01:00:32.757   589 32517 D AudioTrack: Client defaulted notificationFrames to 12000 for frameCount 24000
02-05 01:00:32.758   581  5143 I AudioFlinger: attachAuxEffect(): Marking track 637 as containing processed audio
02-05 01:00:32.758   581  5143 D AudioFlinger: trackContainsProcessedAudio() Track id 637 contains processed audio
02-05 01:00:32.758   581  7829 D DlbDlbEffect: handle_EFFECT_CMD_DISABLE()
02-05 01:00:32.758   581  7829 D DlbDapCrossfadeProcess: setEnabled transitioning from FADE_TO_ACTIVE state to FADE_TO_BYPASS
02-05 01:00:32.761   416   416 W /system/bin/hw/android.hidl.allocator@1.0-service: ashmem_create_region(7680) returning hidl_memory(0x7590c2c2e0, 7680)
02-05 01:00:32.761   581  7829 D DlbDlbEffect: handle_EFFECT_CMD_SET_CONFIG()
02-05 01:00:32.761   581  7829 D DlbDapEndpointParamCache: setDevice(device=0x00000008)
02-05 01:00:32.762   421   421 D DMSService: setActiveDevice called with device = 0x8
02-05 01:00:32.762   581  7829 D DlbDlbEffect: handle_EFFECT_CMD_ENABLE()
02-05 01:00:32.762   581  7829 D DlbDapCrossfadeProcess: setEnabled transitioning from FADE_TO_BYPASS state to FADE_TO_ACTIVE
02-05 01:00:32.762   581  7829 D AudioFlinger: trackStateChanged() Track id 637 state changed to 6
02-05 01:00:32.762   581  7829 I AudioFlinger: updateProcessedAudioState() Changing content processing in effect to 1
02-05 01:00:32.762   581  7829 D DlbDlbEffect: handle_EFFECT_CMD_SET_PARAM()
02-05 01:00:32.764   581  7829 I DlbEffectContext: setContentProcEnabled() Disabling content processing in effect
02-05 01:00:32.764   581  7829 D DlbDapEndpointParamCache: commitChangedParams()
02-05 01:00:32.764   581  7829 D DlbDapEndpointParamCache: commit() Applying parameters for device 0x40000000
02-05 01:00:32.764   581  7829 D DlbDap2Process: setParam(msce = #1[0])
02-05 01:00:32.764   581  7829 D DlbDap2Process: setParam(mdee = #1[0])
02-05 01:00:32.764   581  7829 D DlbDap2Process: setParam(miee = #1[0])
02-05 01:00:32.764   581  7829 D DlbDap2Process: setParam(mdle = #1[0])
02-05 01:00:32.764   581  7829 D DlbDap2Process: setParam(dvle = #1[0])
02-05 01:00:32.764   581  7829 D DlbDap2Process: setParam(mave = #1[0])
02-05 01:00:32.764   581  7829 D DlbDap2Process: setParam(ieon = #1[0])
02-05 01:00:32.764   581  7829 D DlbDapEndpointParamCache: doCommit() Committed 7 parameters out of 16.
02-05 01:00:32.764   581  7829 D DlbDapEndpointParamCache: commit() Overriding parameters for current device 0x00000008
02-05 01:00:32.764   581  7829 D DlbDap2Process: setParam(dom = #1[0])
02-05 01:00:32.764   581  7829 D DlbDap2Process: setParam(dvle = #1[0])
02-05 01:00:32.764   581  7829 D DlbDap2Process: setParam(dvme = #1[0])
02-05 01:00:32.764   581  7829 D DlbDap2Process: setParam(deon = #1[0])
02-05 01:00:32.764   581  7829 D DlbDap2Process: setParam(ngon = #1[0])
02-05 01:00:32.764   581  7829 D DlbDapEndpointParamCache: doCommit() Committed 5 parameters out of 37.
02-05 01:00:32.765   589 32511 D NuPlayerDriver: notifyListener_l(0xe57329a0), (6, 0, 0, -1), loop setting(0, 1)
02-05 01:00:32.766   581  5115 D DlbDap2Process: setMave(mave = 0)
02-05 01:00:32.768   581  5115 D DlbDapCrossfadeProcess: process transitioning from FADE_TO_ACTIVE state to DAP_ACTIVE
02-05 01:00:32.769   581  5111 D audio_hw_primary: enable_snd_device: snd_device(5: headphones)
02-05 01:00:32.769 32483 32483 D featureTest: receive broadcast , change ds profile id :5
02-05 01:00:32.773   581  5111 D audio_hw_primary: enable_audio_route: usecase(0) apply and update mixer path: deep-buffer-playback
02-05 01:00:32.777   581  5356 D DlbDlbEffect: handle_EFFECT_CMD_SET_PARAM()
02-05 01:00:32.777   421   460 I DapController: Profile Changed to Custom
02-05 01:00:32.780   593 32523 D ARenderer: updateDapConfig: Updating DAP configuration
02-05 01:00:32.780   593 32523 D DlbDap2QmfProcess: setParam(iea = #1[10])
02-05 01:00:32.780   593 32523 D DlbDap2QmfProcess: setParam(msce = #1[0])
02-05 01:00:32.780   593 32523 D DlbDap2QmfProcess: setParam(mdee = #1[0])
02-05 01:00:32.780   593 32523 D DlbDap2QmfProcess: setParam(miee = #1[0])
02-05 01:00:32.780   593 32523 D DlbDap2QmfProcess: setParam(mdle = #1[0])
02-05 01:00:32.780   593 32523 D DlbDap2QmfProcess: setParam(dvle = #1[1])
02-05 01:00:32.780   593 32523 D DlbDap2QmfProcess: setParam(mave = #1[0])
02-05 01:00:32.780   593 32523 D DlbDap2QmfProcess: setParam(vcbf = #20[47, 141, 234, 328, 469, 656, 844, 1031, 1313, 1688, 2250, 3000, 3750, 4688, 5813, 7125, 9000, 11250, 13875, 19688])
02-05 01:00:32.780   593 32523 D DlbDap2QmfProcess: setParam(ieon = #1[0])
02-05 01:00:32.780   593 32523 D DlbDap2QmfProcess: setParam(gebs = #41[20, 47, 141, 234, 328, 469, 656, 844, 1031, 1313, 1688, 2250, 3000, 3750, 4688, 5813, 7125, 9000, 11250, 13875, 19688, 0, 0, 0, 0, 0, 0, 0, 0, 0, 0, 0, 0, 0, 0, 0, 0, 0, 0, 0, 0])
02-05 01:00:32.780   593 32523 D DlbDap2QmfProcess: setParam(iebs = #41[20, 65, 136, 223, 332, 467, 634, 841, 1098, 1416, 1812, 2302, 2909, 3663, 4598, 5756, 7194, 8976, 11186, 13927, 17326, 117, 133, 188, 176, 141, 149, 175, 185, 185, 200, 236, 242, 228, 213, 182, 132, 110, 68, -27, -240])
02-05 01:00:32.780   593 32523 D DlbDap2QmfProcess: setParam(dea = #1[7])
02-05 01:00:32.780   593 32523 D DlbDap2QmfProcess: setParam(dsa = #1[10])
02-05 01:00:32.780   593 32523 D DlbDap2QmfProcess: setParam(beb = #1[96])
02-05 01:00:32.780   593 32523 D DlbDap2QmfProcess: setParam(plb = #1[0])
02-05 01:00:32.780   593 32523 D DlbDap2QmfProcess: setParam(vmb = #1[144])
02-05 01:00:32.780   593 32523 D DlbDap2QmfProcess: setParam(dsb = #1[48])
02-05 01:00:32.780   593 32523 D DlbDap2QmfProcess: setParam(ded = #1[0])
02-05 01:00:32.780   593 32523 D DlbDap2QmfProcess: setParam(dom = #1[0])
02-05 01:00:32.780   593 32523 D DlbDap2QmfProcess: setParam(bew = #1[16])
02-05 01:00:32.780   593 32523 D DlbDap2QmfProcess: setParam(dvla = #1[5])
02-05 01:00:32.780   593 32523 D DlbDap2QmfProcess: setParam(dfsa = #1[10])
02-05 01:00:32.780   593 32523 D DlbDap2QmfProcess: setParam(dhsa = #1[10])
02-05 01:00:32.780   593 32523 D DlbDap2QmfProcess: setParam(dvmc = #1[160])
02-05 01:00:32.780   593 32523 D DlbDap2QmfProcess: setParam(dvle = #1[1])
02-05 01:00:32.780   593 32523 D DlbDap2QmfProcess: setParam(dvme = #1[0])
02-05 01:00:32.780   593 32523 D DlbDap2QmfProcess: setParam(becf = #1[160])
02-05 01:00:32.780   593 32523 D DlbDap2QmfProcess: setParam(vbmf = #2[99, 281])
02-05 01:00:32.780   593 32523 D DlbDap2QmfProcess: setParam(vbsf = #2[30, 90])
02-05 01:00:32.780   593 32523 D DlbDap2QmfProcess: setParam(vbhg = #3[-48, -480, -240])
02-05 01:00:32.780   593 32523 D DlbDap2QmfProcess: setParam(vbog = #1[0])
02-05 01:00:32.780   593 32523 D DlbDap2QmfProcess: setParam(vbsg = #1[0])
02-05 01:00:32.780   593 32523 D DlbDap2QmfProcess: setParam(dvli = #1[-320])
02-05 01:00:32.780   593 32523 D DlbDap2QmfProcess: setParam(dhfm = #1[0])
02-05 01:00:32.780   593 32523 D DlbDap2QmfProcess: setParam(deon = #1[0])
02-05 01:00:32.780   593 32523 D DlbDap2QmfProcess: setParam(ngon = #1[1])
02-05 01:00:32.780   593 32523 D DlbDap2QmfProcess: setParam(dvlo = #1[-320])
02-05 01:00:32.781   593 32523 D DlbDap2QmfProcess: setParam(aobs = #222[20, 10, 47, 141, 234, 328, 469, 656, 844, 1031, 1313, 1688, 2250, 3000, 3750, 4688, 5813, 7125, 9000, 11250, 13875, 19688, 0, 0, 0, 0, 0, 0, 0, 0, 0, 0, 0, 0, 0, 0, 0, 0, 0, 0, 0, 0, 0, 0, 0, 0, 0, 0, 0, 0, 0, 0, 0, 0, 0, 0, 0, 0, 0, 0, 0, 0, 0, 0, 0, 0, 0, 0, 0, 0, 0, 0, 0, 0, 0, 0, 0, 0, 0, 0, 0, 0, 0, 0, 0, 0, 0, 0, 0, 0, 0, 0, 0, 0, 0, 0, 0, 0, 0, 0, 0, 0, 0, 0, 0, 0, 0, 0, 0, 0, 0, 0, 0, 0, 0, 0, 0, 0, 0, 0, 0, 0, 0, 0, 0, 0, 0, 0, 0, 0, 0, 0, 0, 0, 0, 0, 0, 0, 0, 0, 0, 0, 0, 0, 0, 0, 0, 0, 0, 0, 0, 0, 0, 0, 0, 0, 0, 0, 0, 0, 0, 0, 0, 0, 0, 0, 0, 0, 0, 0, 0, 0, 0, 0, 0, 0, 0, 0, 0, 0, 0, 0, 0, 0, 0, 0, 0, 0, 0, 0, 0, 0, 0, 0, 0, 0, 0, 0, 0, 0, 0, 0, 0, 0, 0, 0, 0, 0, 0, 0, 0, 0, 0, 0, 0, 0, 0, 0, 0, 0, 0, 0])
02-05 01:00:32.781   593 32523 D DlbDap2QmfProcess: setParam(dvle = #1[1])
02-05 01:00:32.781   593 32523 D DlbDap2QmfProcess: setParam(dvli = #1[-496])
02-05 01:00:32.781   593 32523 D DlbDap2QmfProcess: setParam(dvlo = #1[-176])
02-05 01:00:32.781   593 32523 D ARenderer: updateDapVolumeLeveler: Setting output level to -11.00dB
02-05 01:00:32.781   593 32523 D DlbDap2QmfProcess: setParam(vmb = #1[0])
02-05 01:00:32.781   593 32523 D DlbDap2QmfProcess: setParam(preg = #1[-384])
02-05 01:00:32.781   593 32523 D DlbDap2QmfProcess: setParam(vol = #1[384])
02-05 01:00:32.781   593 32523 D DlbDap2QmfProcess: setMave(mave = 0)
02-05 01:00:32.820 32483 32483 D featureTest: receive broadcast , record log :0
02-05 01:00:32.858   581  5115 D DlbDapEndpointParamCache: commitChangedParams()
02-05 01:00:32.858   581  5115 D DlbDapEndpointParamCache: commit() Applying parameters for device 0x40000000
02-05 01:00:32.858   581  5115 D DlbDap2Process: setParam(iea = #1[10])
02-05 01:00:32.858   581  5115 D DlbDap2Process: setParam(vcbf = #20[47, 141, 234, 328, 469, 656, 844, 1031, 1313, 1688, 2250, 3000, 3750, 4688, 5813, 7125, 9000, 11250, 13875, 19688])
02-05 01:00:32.858   581  5115 D DlbDap2Process: setParam(vbon = #1[0])
02-05 01:00:32.858   581  5115 D DlbDap2Process: setParam(beon = #1[0])
02-05 01:00:32.858   581  5115 D DlbDap2Process: setParam(geon = #1[0])
02-05 01:00:32.858   581  5115 D DlbDap2Process: setParam(gebs = #41[20, 47, 141, 234, 328, 469, 656, 844, 1031, 1313, 1688, 2250, 3000, 3750, 4688, 5813, 7125, 9000, 11250, 13875, 19688, 0, 0, 0, 0, 0, 0, 0, 0, 0, 0, 0, 0, 0, 0, 0, 0, 0, 0, 0, 0])
02-05 01:00:32.858   581  5115 D DlbDap2Process: setParam(iebs = #41[20, 65, 136, 223, 332, 467, 634, 841, 1098, 1416, 1812, 2302, 2909, 3663, 4598, 5756, 7194, 8976, 11186, 13927, 17326, 117, 133, 188, 176, 141, 149, 175, 185, 185, 200, 236, 242, 228, 213, 182, 132, 110, 68, -27, -240])
02-05 01:00:32.858   581  5115 D DlbDapEndpointParamCache: doCommit() Committed 8 parameters out of 16.
02-05 01:00:32.858   581  5115 D DlbDapEndpointParamCache: commit() Overriding parameters for current device 0x00000008
02-05 01:00:32.858   581  5115 D DlbDap2Process: setParam(dea = #1[7])
02-05 01:00:32.858   581  5115 D DlbDap2Process: setParam(dsa = #1[10])
02-05 01:00:32.859   581  5115 D DlbDap2Process: setParam(beb = #1[96])
02-05 01:00:32.859   581  5115 D DlbDap2Process: setParam(plb = #1[0])
02-05 01:00:32.859   581  5115 D DlbDap2Process: setParam(vmb = #1[144])
02-05 01:00:32.859   581  5115 D DlbDap2Process: setParam(dsb = #1[48])
02-05 01:00:32.859   581  5115 D DlbDap2Process: setParam(ded = #1[0])
02-05 01:00:32.859   581  5115 D DlbDap2Process: setParam(vbm = #1[0])
02-05 01:00:32.859   581  5115 D DlbDap2Process: setParam(bew = #1[16])
02-05 01:00:32.859   581  5115 D DlbDap2Process: setParam(dvla = #1[5])
02-05 01:00:32.859   581  5115 D DlbDap2Process: setParam(arra = #1[96])
02-05 01:00:32.859   581  5115 D DlbDap2Process: setParam(dfsa = #1[10])
02-05 01:00:32.859   581  5115 D DlbDap2Process: setParam(dhsa = #1[10])
02-05 01:00:32.859   581  5115 D DlbDap2Process: setParam(dvmc = #1[160])
02-05 01:00:32.859   581  5115 D DlbDap2Process: setParam(arod = #1[0])
02-05 01:00:32.859   581  5115 D DlbDap2Process: setParam(arde = #1[0])
02-05 01:00:32.859   581  5115 D DlbDap2Process: setParam(becf = #1[160])
02-05 01:00:32.859   581  5115 D DlbDap2Process: setParam(vbmf = #2[99, 281])
02-05 01:00:32.859   581  5115 D DlbDap2Process: setParam(vbsf = #2[30, 90])
02-05 01:00:32.860   581  5115 D DlbDap2Process: setParam(vbhg = #3[-48, -480, -240])
02-05 01:00:32.860   581  5115 D DlbDap2Process: setParam(vbog = #1[0])
02-05 01:00:32.860   581  5115 D DlbDap2Process: setParam(vbsg = #1[0])
02-05 01:00:32.860   581  5115 D DlbDap2Process: setParam(dvli = #1[-320])
02-05 01:00:32.860   581  5115 D DlbDap2Process: setParam(dhfm = #1[0])
02-05 01:00:32.860   581  5115 D DlbDap2Process: setParam(vbon = #1[0])
02-05 01:00:32.860   581  5115 D DlbDap2Process: setParam(beon = #1[0])
02-05 01:00:32.860   581  5115 D DlbDap2Process: setParam(aoon = #1[0])
02-05 01:00:32.860   581  5115 D DlbDap2Process: setParam(aron = #1[1])
02-05 01:00:32.860   581  5115 D DlbDap2Process: setParam(dvlo = #1[-320])
02-05 01:00:32.860   581  5115 D DlbDap2Process: setParam(artp = #1[12])
02-05 01:00:32.861   581  5115 D DlbDap2Process: setParam(aobs = #222[20, 10, 47, 141, 234, 328, 469, 656, 844, 1031, 1313, 1688, 2250, 3000, 3750, 4688, 5813, 7125, 9000, 11250, 13875, 19688, 0, 0, 0, 0, 0, 0, 0, 0, 0, 0, 0, 0, 0, 0, 0, 0, 0, 0, 0, 0, 0, 0, 0, 0, 0, 0, 0, 0, 0, 0, 0, 0, 0, 0, 0, 0, 0, 0, 0, 0, 0, 0, 0, 0, 0, 0, 0, 0, 0, 0, 0, 0, 0, 0, 0, 0, 0, 0, 0, 0, 0, 0, 0, 0, 0, 0, 0, 0, 0, 0, 0, 0, 0, 0, 0, 0, 0, 0, 0, 0, 0, 0, 0, 0, 0, 0, 0, 0, 0, 0, 0, 0, 0, 0, 0, 0, 0, 0, 0, 0, 0, 0, 0, 0, 0, 0, 0, 0, 0, 0, 0, 0, 0, 0, 0, 0, 0, 0, 0, 0, 0, 0, 0, 0, 0, 0, 0, 0, 0, 0, 0, 0, 0, 0, 0, 0, 0, 0, 0, 0, 0, 0, 0, 0, 0, 0, 0, 0, 0, 0, 0, 0, 0, 0, 0, 0, 0, 0, 0, 0, 0, 0, 0, 0, 0, 0, 0, 0, 0, 0, 0, 0, 0, 0, 0, 0, 0, 0, 0, 0, 0, 0, 0, 0, 0, 0, 0, 0, 0, 0, 0, 0, 0, 0, 0, 0, 0, 0, 0, 0])
02-05 01:00:32.861   581  5115 D DlbDap2Process: setParam(arbs = #81[20, 47, 141, 234, 328, 469, 656, 844, 1031, 1313, 1688, 2250, 3000, 3750, 4688, 5813, 7125, 9000, 11250, 13875, 19688, -192, -192, -192, -192, -192, -192, -192, -192, -192, -192, -192, -192, -192, -192, -192, -192, -192, -192, -192, -192, 0, 0, 0, 0, 0, 0, 0, 0, 0, 0, 0, 0, 0, 0, 0, 0, 0, 0, 0, 0, 0, 0, 0, 0, 0, 0, 0, 0, 0, 0, 0, 0, 0, 0, 0, 0, 0, 0, 0, 0])
02-05 01:00:32.861   581  5115 D DlbDapEndpointParamCache: doCommit() Committed 32 parameters out of 37.
02-05 01:00:32.955   581   770 D AudioFlinger: mixer(0xf2983980) throttle end: throttle time(32)
02-05 01:00:33.080   581  5115 D DlbDap2Process: process() called [335500] times
02-05 01:00:34.732   816   816 W WindowManager: removeWindowToken: Attempted to remove non-existing token: android.os.Binder@d175b83
02-05 01:00:34.770   429   429 D SurfaceFlinger: duplicate layer name: changing Toast to Toast#1
02-05 01:00:35.335 31691 31691 I ServiceManager: Waiting for service AtCmdFwd...
02-05 01:00:35.756   581  5115 D DlbDap2Process: process() called [336000] times
02-05 01:00:36.336 31691 31691 I ServiceManager: Waiting for service AtCmdFwd...
02-05 01:00:36.753   816   816 W WindowManager: removeWindowToken: Attempted to remove non-existing token: android.os.Binder@b84a3f5
