02-05 01:01:36.494   589  1183 D NuPlayerDriver: reset(0xe5732540) at state 5
02-05 01:01:36.495   589  1183 D NuPlayerDriver: notifyListener_l(0xe5732540), (8, 0, 0, -1), loop setting(0, 1)
02-05 01:01:36.503   589   602 D NuPlayerDriver: notifyResetComplete(0xe5732540)
02-05 01:01:36.503   589  1183 D AudioTrack: stop() called with 0 frames delivered
02-05 01:01:36.630   581   724 D DlbDlbEffect: handle_EFFECT_CMD_DISABLE()
02-05 01:01:36.630   581   724 D DlbDapCrossfadeProcess: setEnabled transitioning from DAP_ACTIVE state to FADE_TO_BYPASS
02-05 01:01:36.633   581   724 D DlbDlbEffect: handle_EFFECT_CMD_SET_CONFIG()
02-05 01:01:36.633   581   724 D DlbDapEndpointParamCache: setDevice(device=0x00000008)
02-05 01:01:36.633   421   421 D DMSService: setActiveDevice called with device = 0x8
02-05 01:01:36.634   581   724 D DlbDlbEffect: handle_EFFECT_CMD_ENABLE()
02-05 01:01:36.634   581   724 D DlbDapCrossfadeProcess: setEnabled transitioning from FADE_TO_BYPASS state to FADE_TO_ACTIVE
02-05 01:01:36.827   784   784 D featureTest: onCreate
02-05 01:01:37.040   784   784 D AudioTrack: Client defaulted notificationFrames to 962 for frameCount 1924
02-05 01:01:37.047   784   784 W AudioTrack: Use of stream types is deprecated for operations other than volume control
02-05 01:01:37.047   784   784 W AudioTrack: See the documentation of AudioTrack() for what to use instead with android.media.AudioAttributes to qualify your playback use case
02-05 01:01:37.067   784   784 D featureTest: onResume
02-05 01:01:37.665   784   784 D featureTest: receive broadcast , playing content location :/sdcard/featureTest/chopper_2.0_180_420_02.wav
02-05 01:01:37.675   784   784 D featureTest: mMediaPlayer.getAudioSessionId(): 4769
02-05 01:01:37.675   784   784 D featureTest: Playing file: /sdcard/featureTest/chopper_2.0_180_420_02.wav
02-05 01:01:37.676   589   589 D NuPlayerDriver: NuPlayerDriver(0xe57324d0) created, clientPid(784)
02-05 01:01:37.697   589   863 D NuPlayerDriver: notifyListener_l(0xe57324d0), (1, 0, 0, -1), loop setting(0, 0)
02-05 01:01:37.706   589   589 D NuPlayerDriver: start(0xe57324d0), state is 4, eos is 0
02-05 01:01:37.713   593  5353 I OMXMaster: makeComponentInstance(OMX.google.raw.decoder) in android.hardwar process
02-05 01:01:37.716   589   871 I ACodec  : codec does not support config priority (err -2147483648)
02-05 01:01:37.717   589   871 I MediaCodec: MediaCodec will operate in async mode
02-05 01:01:37.725   589   867 D AudioTrack: Client defaulted notificationFrames to 7350 for frameCount 22050
02-05 01:01:37.726   581  5142 D DlbDlbEffect: handle_EFFECT_CMD_DISABLE()
02-05 01:01:37.726   581  5142 D DlbDapCrossfadeProcess: setEnabled transitioning from FADE_TO_ACTIVE state to FADE_TO_BYPASS
02-05 01:01:37.728   581  5142 D DlbDlbEffect: handle_EFFECT_CMD_SET_CONFIG()
02-05 01:01:37.728   581  5142 D DlbDapEndpointParamCache: setDevice(device=0x00000008)
02-05 01:01:37.728   421   421 D DMSService: setActiveDevice called with device = 0x8
02-05 01:01:37.728   581  5142 D DlbDlbEffect: handle_EFFECT_CMD_ENABLE()
02-05 01:01:37.729   581  5142 D DlbDapCrossfadeProcess: setEnabled transitioning from FADE_TO_BYPASS state to FADE_TO_ACTIVE
02-05 01:01:37.729   589   863 D NuPlayerDriver: notifyListener_l(0xe57324d0), (6, 0, 0, -1), loop setting(0, 1)
02-05 01:01:37.733   581  5115 D DlbDapCrossfadeProcess: process transitioning from FADE_TO_ACTIVE state to DAP_ACTIVE
02-05 01:01:37.740   784   784 D featureTest: receive broadcast , change ds status :0
02-05 01:01:37.763   581   581 D DlbDlbEffect: handle_EFFECT_CMD_SET_PARAM()
02-05 01:01:37.810   784   784 D featureTest: receive broadcast , change ds profile id :2
02-05 01:01:37.817   581  5355 D DlbDlbEffect: handle_EFFECT_CMD_SET_PARAM()
02-05 01:01:37.817   421   460 I DapController: Profile Changed to Music
02-05 01:01:37.822   581  5115 D DlbDapCrossfadeProcess: setEnabled transitioning from DAP_ACTIVE state to FADE_TO_BYPASS
02-05 01:01:37.824   581  5115 D DlbDapEndpointParamCache: commitChangedParams()
02-05 01:01:37.824   581  5115 D DlbDapEndpointParamCache: commit() Applying parameters for device 0x40000000
02-05 01:01:37.824   581  5115 D DlbDap2Process: setParam(iea = #1[10])
02-05 01:01:37.824   581  5115 D DlbDap2Process: setParam(msce = #1[0])
02-05 01:01:37.824   581  5115 D DlbDap2Process: setParam(mdee = #1[0])
02-05 01:01:37.825   581  5115 D DlbDap2Process: setParam(miee = #1[0])
02-05 01:01:37.825   581  5115 D DlbDap2Process: setParam(mdle = #1[0])
02-05 01:01:37.825   581  5115 D DlbDap2Process: setParam(dvle = #1[1])
02-05 01:01:37.825   581  5115 D DlbDap2Process: setParam(mave = #1[0])
02-05 01:01:37.825   581  5115 D DlbDap2Process: setParam(vcbf = #20[47, 141, 234, 328, 469, 656, 844, 1031, 1313, 1688, 2250, 3000, 3750, 4688, 5813, 7125, 9000, 11250, 13875, 19688])
02-05 01:01:37.825   581  5115 D DlbDap2Process: setParam(vbon = #1[0])
02-05 01:01:37.825   581  5115 D DlbDap2Process: setParam(beon = #1[0])
02-05 01:01:37.825   581  5115 D DlbDap2Process: setParam(geon = #1[0])
02-05 01:01:37.825   581  5115 D DlbDap2Process: setParam(ieon = #1[1])
02-05 01:01:37.825   581  5115 D DlbDap2Process: setParam(gebs = #41[20, 47, 141, 234, 328, 469, 656, 844, 1031, 1313, 1688, 2250, 3000, 3750, 4688, 5813, 7125, 9000, 11250, 13875, 19688, 0, 0, 0, 0, 0, 0, 0, 0, 0, 0, 0, 0, 0, 0, 0, 0, 0, 0, 0, 0])
02-05 01:01:37.825   581  5115 D DlbDap2Process: setParam(iebs = #41[20, 65, 136, 223, 332, 467, 634, 841, 1098, 1416, 1812, 2302, 2909, 3663, 4598, 5756, 7194, 8976, 11186, 13927, 17326, 117, 133, 188, 176, 141, 149, 175, 185, 185, 200, 236, 242, 228, 213, 182, 132, 110, 68, -27, -240])
02-05 01:01:37.825   581  5115 D DlbDapEndpointParamCache: doCommit() Committed 15 parameters out of 16.
02-05 01:01:37.825   581  5115 D DlbDapEndpointParamCache: commit() Overriding parameters for current device 0x00000008
02-05 01:01:37.825   581  5115 D DlbDap2Process: setParam(dea = #1[7])
02-05 01:01:37.825   581  5115 D DlbDap2Process: setParam(dsa = #1[10])
02-05 01:01:37.825   581  5115 D DlbDap2Process: setParam(beb = #1[96])
02-05 01:01:37.825   581  5115 D DlbDap2Process: setParam(plb = #1[0])
02-05 01:01:37.825   581  5115 D DlbDap2Process: setParam(vmb = #1[144])
02-05 01:01:37.825   581  5115 D DlbDap2Process: setParam(dsb = #1[48])
02-05 01:01:37.825   581  5115 D DlbDap2Process: setParam(ded = #1[0])
02-05 01:01:37.825   581  5115 D DlbDap2Process: setParam(vbm = #1[0])
02-05 01:01:37.826   581  5115 D DlbDap2Process: setParam(dom = #1[0])
02-05 01:01:37.826   581  5115 D DlbDap2Process: setParam(bew = #1[16])
02-05 01:01:37.826   581  5115 D DlbDap2Process: setParam(dvla = #1[4])
02-05 01:01:37.826   581  5115 D DlbDap2Process: setParam(arra = #1[96])
02-05 01:01:37.826   581  5115 D DlbDap2Process: setParam(dfsa = #1[10])
02-05 01:01:37.826   581  5115 D DlbDap2Process: setParam(dhsa = #1[10])
02-05 01:01:37.826   581  5115 D DlbDap2Process: setParam(dvmc = #1[160])
02-05 01:01:37.826   581  5115 D DlbDap2Process: setParam(arod = #1[0])
02-05 01:01:37.826   581  5115 D DlbDap2Process: setParam(arde = #1[0])
02-05 01:01:37.826   581  5115 D DlbDap2Process: setParam(dvle = #1[1])
02-05 01:01:37.826   581  5115 D DlbDap2Process: setParam(dvme = #1[0])
02-05 01:01:37.826   581  5115 D DlbDap2Process: setParam(becf = #1[160])
02-05 01:01:37.826   581  5115 D DlbDap2Process: setParam(vbmf = #2[99, 281])
02-05 01:01:37.826   581  5115 D DlbDap2Process: setParam(vbsf = #2[30, 90])
02-05 01:01:37.826   581  5115 D DlbDap2Process: setParam(vbhg = #3[-48, -480, -240])
02-05 01:01:37.826   581  5115 D DlbDap2Process: setParam(vbog = #1[0])
02-05 01:01:37.826   581  5115 D DlbDap2Process: setParam(vbsg = #1[0])
02-05 01:01:37.826   581  5115 D DlbDap2Process: setParam(dvli = #1[-320])
02-05 01:01:37.826   581  5115 D DlbDap2Process: setParam(dhfm = #1[0])
02-05 01:01:37.826   581  5115 D DlbDap2Process: setParam(vbon = #1[0])
02-05 01:01:37.826   581  5115 D DlbDap2Process: setParam(beon = #1[0])
02-05 01:01:37.826   581  5115 D DlbDap2Process: setParam(deon = #1[0])
02-05 01:01:37.826   581  5115 D DlbDap2Process: setParam(ngon = #1[1])
02-05 01:01:37.826   581  5115 D DlbDap2Process: setParam(aoon = #1[0])
02-05 01:01:37.826   581  5115 D DlbDap2Process: setParam(aron = #1[1])
02-05 01:01:37.826   581  5115 D DlbDap2Process: setParam(dvlo = #1[-320])
02-05 01:01:37.826   581  5115 D DlbDap2Process: setParam(artp = #1[12])
02-05 01:01:37.827   581  5115 D DlbDap2Process: setParam(aobs = #222[20, 10, 47, 141, 234, 328, 469, 656, 844, 1031, 1313, 1688, 2250, 3000, 3750, 4688, 5813, 7125, 9000, 11250, 13875, 19688, 0, 0, 0, 0, 0, 0, 0, 0, 0, 0, 0, 0, 0, 0, 0, 0, 0, 0, 0, 0, 0, 0, 0, 0, 0, 0, 0, 0, 0, 0, 0, 0, 0, 0, 0, 0, 0, 0, 0, 0, 0, 0, 0, 0, 0, 0, 0, 0, 0, 0, 0, 0, 0, 0, 0, 0, 0, 0, 0, 0, 0, 0, 0, 0, 0, 0, 0, 0, 0, 0, 0, 0, 0, 0, 0, 0, 0, 0, 0, 0, 0, 0, 0, 0, 0, 0, 0, 0, 0, 0, 0, 0, 0, 0, 0, 0, 0, 0, 0, 0, 0, 0, 0, 0, 0, 0, 0, 0, 0, 0, 0, 0, 0, 0, 0, 0, 0, 0, 0, 0, 0, 0, 0, 0, 0, 0, 0, 0, 0, 0, 0, 0, 0, 0, 0, 0, 0, 0, 0, 0, 0, 0, 0, 0, 0, 0, 0, 0, 0, 0, 0, 0, 0, 0, 0, 0, 0, 0, 0, 0, 0, 0, 0, 0, 0, 0, 0, 0, 0, 0, 0, 0, 0, 0, 0, 0, 0, 0, 0, 0, 0, 0, 0, 0, 0, 0, 0, 0, 0, 0, 0, 0, 0, 0, 0, 0, 0, 0, 0, 0])
02-05 01:01:37.827   581  5115 D DlbDap2Process: setParam(arbs = #81[20, 47, 141, 234, 328, 469, 656, 844, 1031, 1313, 1688, 2250, 3000, 3750, 4688, 5813, 7125, 9000, 11250, 13875, 19688, -192, -192, -192, -192, -192, -192, -192, -192, -192, -192, -192, -192, -192, -192, -192, -192, -192, -192, -192, -192, 0, 0, 0, 0, 0, 0, 0, 0, 0, 0, 0, 0, 0, 0, 0, 0, 0, 0, 0, 0, 0, 0, 0, 0, 0, 0, 0, 0, 0, 0, 0, 0, 0, 0, 0, 0, 0, 0, 0, 0])
02-05 01:01:37.827   581  5115 D DlbDapEndpointParamCache: doCommit() Committed 37 parameters out of 37.
02-05 01:01:37.827   581  5115 D DlbDap2Process: setMave(mave = 0)
02-05 01:01:37.864   581  5115 D DlbDapCrossfadeProcess: process transitioning from FADE_TO_BYPASS state to DAP_BYPASSED
02-05 01:01:37.879   784   784 D featureTest: receive broadcast , playing content location :/sdcard/featureTest/chopper_2.0_180_420_02.wav
02-05 01:01:37.881   589   589 D NuPlayerDriver: stop(0xe57324d0)
02-05 01:01:37.881   589   589 D NuPlayerDriver: notifyListener_l(0xe57324d0), (8, 0, 0, -1), loop setting(0, 1)
02-05 01:01:37.882   589   709 D NuPlayerDriver: reset(0xe57324d0) at state 8
02-05 01:01:37.888   589   863 D NuPlayerDriver: notifyResetComplete(0xe57324d0)
02-05 01:01:37.889   589   589 D NuPlayerDriver: reset(0xe57324d0) at state 0
02-05 01:01:37.899   784   784 D featureTest: mMediaPlayer.getAudioSessionId(): 4777
02-05 01:01:37.899   784   784 D featureTest: Playing file: /sdcard/featureTest/chopper_2.0_180_420_02.wav
02-05 01:01:37.900   589   709 D NuPlayerDriver: NuPlayerDriver(0xe3e61070) created, clientPid(784)
02-05 01:01:37.921   581   770 D AudioFlinger: mixer(0xf2983980) throttle end: throttle time(30)
02-05 01:01:37.926   589   941 D NuPlayerDriver: notifyListener_l(0xe3e61070), (1, 0, 0, -1), loop setting(0, 0)
02-05 01:01:37.929   589   709 D NuPlayerDriver: start(0xe3e61070), state is 4, eos is 0
02-05 01:01:37.936   593   593 I OMXMaster: makeComponentInstance(OMX.google.raw.decoder) in android.hardwar process
02-05 01:01:37.939   589   948 I ACodec  : codec does not support config priority (err -2147483648)
02-05 01:01:37.941   589   948 I MediaCodec: MediaCodec will operate in async mode
02-05 01:01:37.951   589   946 D AudioTrack: Client defaulted notificationFrames to 7350 for frameCount 22050
02-05 01:01:37.952   784   784 D featureTest: receive broadcast , change ds status :1
02-05 01:01:37.956   589   941 D NuPlayerDriver: notifyListener_l(0xe3e61070), (6, 0, 0, -1), loop setting(0, 1)
02-05 01:01:37.969   581  5110 D DlbDlbEffect: handle_EFFECT_CMD_SET_PARAM()
02-05 01:01:38.001   581  5115 D DlbDapCrossfadeProcess: setEnabled transitioning from DAP_BYPASSED state to PREROLL_ACTIVE
02-05 01:01:38.014   784   784 D featureTest: receive broadcast , change ds profile id :5
02-05 01:01:38.026   581   731 D DlbDlbEffect: handle_EFFECT_CMD_SET_PARAM()
02-05 01:01:38.026   421   460 I DapController: Profile Changed to Custom
02-05 01:01:38.044   581  5115 D DlbDapEndpointParamCache: commitChangedParams()
02-05 01:01:38.044   581  5115 D DlbDapEndpointParamCache: commit() Applying parameters for device 0x40000000
02-05 01:01:38.044   581  5115 D DlbDap2Process: setParam(iea = #1[10])
02-05 01:01:38.044   581  5115 D DlbDap2Process: setParam(msce = #1[0])
02-05 01:01:38.044   581  5115 D DlbDap2Process: setParam(mdee = #1[0])
02-05 01:01:38.044   581  5115 D DlbDap2Process: setParam(miee = #1[0])
02-05 01:01:38.044   581  5115 D DlbDap2Process: setParam(mdle = #1[0])
02-05 01:01:38.044   581  5115 D DlbDap2Process: setParam(dvle = #1[1])
02-05 01:01:38.044   581  5115 D DlbDap2Process: setParam(mave = #1[0])
02-05 01:01:38.044   581  5115 D DlbDap2Process: setParam(vcbf = #20[47, 141, 234, 328, 469, 656, 844, 1031, 1313, 1688, 2250, 3000, 3750, 4688, 5813, 7125, 9000, 11250, 13875, 19688])
02-05 01:01:38.044   581  5115 D DlbDap2Process: setParam(vbon = #1[0])
02-05 01:01:38.044   581  5115 D DlbDap2Process: setParam(beon = #1[0])
02-05 01:01:38.044   581  5115 D DlbDap2Process: setParam(geon = #1[0])
02-05 01:01:38.044   581  5115 D DlbDap2Process: setParam(ieon = #1[0])
02-05 01:01:38.044   581  5115 D DlbDap2Process: setParam(gebs = #41[20, 47, 141, 234, 328, 469, 656, 844, 1031, 1313, 1688, 2250, 3000, 3750, 4688, 5813, 7125, 9000, 11250, 13875, 19688, 0, 0, 0, 0, 0, 0, 0, 0, 0, 0, 0, 0, 0, 0, 0, 0, 0, 0, 0, 0])
02-05 01:01:38.045   581  5115 D DlbDap2Process: setParam(iebs = #41[20, 65, 136, 223, 332, 467, 634, 841, 1098, 1416, 1812, 2302, 2909, 3663, 4598, 5756, 7194, 8976, 11186, 13927, 17326, 117, 133, 188, 176, 141, 149, 175, 185, 185, 200, 236, 242, 228, 213, 182, 132, 110, 68, -27, -240])
02-05 01:01:38.045   581  5115 D DlbDapEndpointParamCache: doCommit() Committed 15 parameters out of 16.
02-05 01:01:38.045   581  5115 D DlbDapEndpointParamCache: commit() Overriding parameters for current device 0x00000008
02-05 01:01:38.045   581  5115 D DlbDap2Process: setParam(dea = #1[7])
02-05 01:01:38.045   581  5115 D DlbDap2Process: setParam(dsa = #1[10])
02-05 01:01:38.045   581  5115 D DlbDap2Process: setParam(beb = #1[96])
02-05 01:01:38.045   581  5115 D DlbDap2Process: setParam(plb = #1[0])
02-05 01:01:38.045   581  5115 D DlbDap2Process: setParam(vmb = #1[144])
02-05 01:01:38.045   581  5115 D DlbDap2Process: setParam(dsb = #1[48])
02-05 01:01:38.045   581  5115 D DlbDap2Process: setParam(ded = #1[0])
02-05 01:01:38.045   581  5115 D DlbDap2Process: setParam(vbm = #1[0])
02-05 01:01:38.045   581  5115 D DlbDap2Process: setParam(dom = #1[0])
02-05 01:01:38.045   581  5115 D DlbDap2Process: setParam(bew = #1[16])
02-05 01:01:38.045   581  5115 D DlbDap2Process: setParam(dvla = #1[5])
02-05 01:01:38.045   581  5115 D DlbDap2Process: setParam(arra = #1[96])
02-05 01:01:38.045   581  5115 D DlbDap2Process: setParam(dfsa = #1[10])
02-05 01:01:38.045   581  5115 D DlbDap2Process: setParam(dhsa = #1[10])
02-05 01:01:38.045   581  5115 D DlbDap2Process: setParam(dvmc = #1[160])
02-05 01:01:38.045   581  5115 D DlbDap2Process: setParam(arod = #1[0])
02-05 01:01:38.045   581  5115 D DlbDap2Process: setParam(arde = #1[0])
02-05 01:01:38.045   581  5115 D DlbDap2Process: setParam(dvle = #1[1])
02-05 01:01:38.045   581  5115 D DlbDap2Process: setParam(dvme = #1[0])
02-05 01:01:38.045   581  5115 D DlbDap2Process: setParam(becf = #1[160])
02-05 01:01:38.045   581  5115 D DlbDap2Process: setParam(vbmf = #2[99, 281])
02-05 01:01:38.045   581  5115 D DlbDap2Process: setParam(vbsf = #2[30, 90])
02-05 01:01:38.045   581  5115 D DlbDap2Process: setParam(vbhg = #3[-48, -480, -240])
02-05 01:01:38.045   581  5115 D DlbDap2Process: setParam(vbog = #1[0])
02-05 01:01:38.045   581  5115 D DlbDap2Process: setParam(vbsg = #1[0])
02-05 01:01:38.045   581  5115 D DlbDap2Process: setParam(dvli = #1[-320])
02-05 01:01:38.045   581  5115 D DlbDap2Process: setParam(dhfm = #1[0])
02-05 01:01:38.045   581  5115 D DlbDap2Process: setParam(vbon = #1[0])
02-05 01:01:38.045   581  5115 D DlbDap2Process: setParam(beon = #1[0])
02-05 01:01:38.045   581  5115 D DlbDap2Process: setParam(deon = #1[0])
02-05 01:01:38.045   581  5115 D DlbDap2Process: setParam(ngon = #1[1])
02-05 01:01:38.045   581  5115 D DlbDap2Process: setParam(aoon = #1[0])
02-05 01:01:38.046   581  5115 D DlbDap2Process: setParam(aron = #1[1])
02-05 01:01:38.046   581  5115 D DlbDap2Process: setParam(dvlo = #1[-320])
02-05 01:01:38.046   581  5115 D DlbDap2Process: setParam(artp = #1[12])
02-05 01:01:38.046   581  5115 D DlbDap2Process: setParam(aobs = #222[20, 10, 47, 141, 234, 328, 469, 656, 844, 1031, 1313, 1688, 2250, 3000, 3750, 4688, 5813, 7125, 9000, 11250, 13875, 19688, 0, 0, 0, 0, 0, 0, 0, 0, 0, 0, 0, 0, 0, 0, 0, 0, 0, 0, 0, 0, 0, 0, 0, 0, 0, 0, 0, 0, 0, 0, 0, 0, 0, 0, 0, 0, 0, 0, 0, 0, 0, 0, 0, 0, 0, 0, 0, 0, 0, 0, 0, 0, 0, 0, 0, 0, 0, 0, 0, 0, 0, 0, 0, 0, 0, 0, 0, 0, 0, 0, 0, 0, 0, 0, 0, 0, 0, 0, 0, 0, 0, 0, 0, 0, 0, 0, 0, 0, 0, 0, 0, 0, 0, 0, 0, 0, 0, 0, 0, 0, 0, 0, 0, 0, 0, 0, 0, 0, 0, 0, 0, 0, 0, 0, 0, 0, 0, 0, 0, 0, 0, 0, 0, 0, 0, 0, 0, 0, 0, 0, 0, 0, 0, 0, 0, 0, 0, 0, 0, 0, 0, 0, 0, 0, 0, 0, 0, 0, 0, 0, 0, 0, 0, 0, 0, 0, 0, 0, 0, 0, 0, 0, 0, 0, 0, 0, 0, 0, 0, 0, 0, 0, 0, 0, 0, 0, 0, 0, 0, 0, 0, 0, 0, 0, 0, 0, 0, 0, 0, 0, 0, 0, 0, 0, 0, 0, 0, 0, 0, 0])
02-05 01:01:38.046   581  5115 D DlbDap2Process: setParam(arbs = #81[20, 47, 141, 234, 328, 469, 656, 844, 1031, 1313, 1688, 2250, 3000, 3750, 4688, 5813, 7125, 9000, 11250, 13875, 19688, -192, -192, -192, -192, -192, -192, -192, -192, -192, -192, -192, -192, -192, -192, -192, -192, -192, -192, -192, -192, 0, 0, 0, 0, 0, 0, 0, 0, 0, 0, 0, 0, 0, 0, 0, 0, 0, 0, 0, 0, 0, 0, 0, 0, 0, 0, 0, 0, 0, 0, 0, 0, 0, 0, 0, 0, 0, 0, 0, 0])
02-05 01:01:38.046   581  5115 D DlbDapEndpointParamCache: doCommit() Committed 37 parameters out of 37.
02-05 01:01:38.047   581  5115 D DlbDap2Process: setMave(mave = 0)
02-05 01:01:38.049   581  5115 D DlbDapCrossfadeProcess: process transitioning from PREROLL_ACTIVE state to FADE_TO_ACTIVE
02-05 01:01:38.073   784   784 D featureTest: receive broadcast , change headphone sound virtualizer :0
02-05 01:01:38.086   581  5143 D DlbDlbEffect: handle_EFFECT_CMD_SET_PARAM()
02-05 01:01:38.142   784   784 D featureTest: receive broadcast , record log :0
02-05 01:01:38.163   581  5115 D DlbDapCrossfadeProcess: process transitioning from FADE_TO_ACTIVE state to DAP_ACTIVE
02-05 01:01:40.288   581  5115 D DlbDap2Process: process() called [347000] times
02-05 01:01:42.930   581  5115 D DlbDap2Process: process() called [347500] times
