02-05 01:00:41.260   589  1170 D NuPlayerDriver: reset(0xe57329a0) at state 5
02-05 01:00:41.261   589  1170 D NuPlayerDriver: notifyListener_l(0xe57329a0), (8, 0, 0, -1), loop setting(0, 1)
02-05 01:00:41.262   581  5356 D AudioFlinger: trackStateChanged() Track id 637 state changed to 6
02-05 01:00:41.266   593  1187 I DDP_JOCDecoder: -> ~DDPDecoder
02-05 01:00:41.267   593  1187 I DDP_JOCDecoder: -> stop
02-05 01:00:41.267   593  1187 I DDP_JOCDecoder: <- stop
02-05 01:00:41.267   593  1187 I ARenderer: ~ARenderer
02-05 01:00:41.267   593  1187 I evo_parser: evo_parser_close
02-05 01:00:41.267   593  1187 I DlbDap2QmfProcess: ~Dap2Process()
02-05 01:00:41.267   593  1187 I DlbDap2QmfProcess: close()
02-05 01:00:41.268   593  1187 I DDP_JOCDecoder: <- ~DDPDecoder
02-05 01:00:41.275   589 32511 D NuPlayerDriver: notifyResetComplete(0xe57329a0)
02-05 01:00:41.279   589  1170 D AudioTrack: stop() called with 0 frames delivered
02-05 01:00:41.397   581   770 D AudioFlinger: trackStateChanged() Track id 637 state changed to 2
02-05 01:00:41.397   581   770 I AudioFlinger: updateProcessedAudioState() Changing content processing in effect to 0
02-05 01:00:41.397   581   770 D DlbDlbEffect: handle_EFFECT_CMD_SET_PARAM()
02-05 01:00:41.399   581   770 I DlbEffectContext: setContentProcEnabled() Enabling content processing in global effect
02-05 01:00:41.399   581   770 D DlbDapEndpointParamCache: commitChangedParams()
02-05 01:00:41.399   581   770 D DlbDapEndpointParamCache: commit() Applying parameters for device 0x40000000
02-05 01:00:41.399   581   770 D DlbDap2Process: setParam(iea = #1[10])
02-05 01:00:41.399   581   770 D DlbDap2Process: setParam(msce = #1[0])
02-05 01:00:41.399   581   770 D DlbDap2Process: setParam(mdee = #1[0])
02-05 01:00:41.399   581   770 D DlbDap2Process: setParam(miee = #1[0])
02-05 01:00:41.399   581   770 D DlbDap2Process: setParam(mdle = #1[0])
02-05 01:00:41.399   581   770 D DlbDap2Process: setParam(dvle = #1[1])
02-05 01:00:41.399   581   770 D DlbDap2Process: setParam(mave = #1[0])
02-05 01:00:41.399   581   770 D DlbDap2Process: setParam(vcbf = #20[47, 141, 234, 328, 469, 656, 844, 1031, 1313, 1688, 2250, 3000, 3750, 4688, 5813, 7125, 9000, 11250, 13875, 19688])
02-05 01:00:41.399   581   770 D DlbDap2Process: setParam(vbon = #1[0])
02-05 01:00:41.399   581   770 D DlbDap2Process: setParam(beon = #1[0])
02-05 01:00:41.399   581   770 D DlbDap2Process: setParam(geon = #1[0])
02-05 01:00:41.399   581   770 D DlbDap2Process: setParam(ieon = #1[0])
02-05 01:00:41.400   581   770 D DlbDap2Process: setParam(gebs = #41[20, 47, 141, 234, 328, 469, 656, 844, 1031, 1313, 1688, 2250, 3000, 3750, 4688, 5813, 7125, 9000, 11250, 13875, 19688, 0, 0, 0, 0, 0, 0, 0, 0, 0, 0, 0, 0, 0, 0, 0, 0, 0, 0, 0, 0])
02-05 01:00:41.400   581   770 D DlbDap2Process: setParam(iebs = #41[20, 65, 136, 223, 332, 467, 634, 841, 1098, 1416, 1812, 2302, 2909, 3663, 4598, 5756, 7194, 8976, 11186, 13927, 17326, 117, 133, 188, 176, 141, 149, 175, 185, 185, 200, 236, 242, 228, 213, 182, 132, 110, 68, -27, -240])
02-05 01:00:41.400   581   770 D DlbDapEndpointParamCache: doCommit() Committed 15 parameters out of 16.
02-05 01:00:41.400   581   770 D DlbDapEndpointParamCache: commit() Overriding parameters for current device 0x00000008
02-05 01:00:41.400   581   770 D DlbDap2Process: setParam(dea = #1[7])
02-05 01:00:41.400   581   770 D DlbDap2Process: setParam(dsa = #1[10])
02-05 01:00:41.400   581   770 D DlbDap2Process: setParam(beb = #1[96])
02-05 01:00:41.400   581   770 D DlbDap2Process: setParam(plb = #1[0])
02-05 01:00:41.400   581   770 D DlbDap2Process: setParam(vmb = #1[144])
02-05 01:00:41.400   581   770 D DlbDap2Process: setParam(dsb = #1[48])
02-05 01:00:41.400   581   770 D DlbDap2Process: setParam(ded = #1[0])
02-05 01:00:41.400   581   770 D DlbDap2Process: setParam(vbm = #1[0])
02-05 01:00:41.400   581   770 D DlbDap2Process: setParam(dom = #1[0])
02-05 01:00:41.400   581   770 D DlbDap2Process: setParam(bew = #1[16])
02-05 01:00:41.400   581   770 D DlbDap2Process: setParam(dvla = #1[5])
02-05 01:00:41.400   581   770 D DlbDap2Process: setParam(arra = #1[96])
02-05 01:00:41.400   581   770 D DlbDap2Process: setParam(dfsa = #1[10])
02-05 01:00:41.400   581   770 D DlbDap2Process: setParam(dhsa = #1[10])
02-05 01:00:41.400   581   770 D DlbDap2Process: setParam(dvmc = #1[160])
02-05 01:00:41.400   581   770 D DlbDap2Process: setParam(arod = #1[0])
02-05 01:00:41.400   581   770 D DlbDap2Process: setParam(arde = #1[0])
02-05 01:00:41.400   581   770 D DlbDap2Process: setParam(dvle = #1[1])
02-05 01:00:41.400   581   770 D DlbDap2Process: setParam(dvme = #1[0])
02-05 01:00:41.400   581   770 D DlbDap2Process: setParam(becf = #1[160])
02-05 01:00:41.400   581   770 D DlbDap2Process: setParam(vbmf = #2[99, 281])
02-05 01:00:41.400   581   770 D DlbDap2Process: setParam(vbsf = #2[30, 90])
02-05 01:00:41.400   581   770 D DlbDap2Process: setParam(vbhg = #3[-48, -480, -240])
02-05 01:00:41.400   581   770 D DlbDap2Process: setParam(vbog = #1[0])
02-05 01:00:41.400   581   770 D DlbDap2Process: setParam(vbsg = #1[0])
02-05 01:00:41.400   581   770 D DlbDap2Process: setParam(dvli = #1[-320])
02-05 01:00:41.400   581   770 D DlbDap2Process: setParam(dhfm = #1[0])
02-05 01:00:41.400   581   770 D DlbDap2Process: setParam(vbon = #1[0])
02-05 01:00:41.400   581   770 D DlbDap2Process: setParam(beon = #1[0])
02-05 01:00:41.400   581   770 D DlbDap2Process: setParam(deon = #1[0])
02-05 01:00:41.401   581   770 D DlbDap2Process: setParam(ngon = #1[1])
02-05 01:00:41.401   581   770 D DlbDap2Process: setParam(aoon = #1[0])
02-05 01:00:41.401   581   770 D DlbDap2Process: setParam(aron = #1[1])
02-05 01:00:41.401   581   770 D DlbDap2Process: setParam(dvlo = #1[-320])
02-05 01:00:41.401   581   770 D DlbDap2Process: setParam(artp = #1[12])
02-05 01:00:41.401   581   770 D DlbDap2Process: setParam(aobs = #222[20, 10, 47, 141, 234, 328, 469, 656, 844, 1031, 1313, 1688, 2250, 3000, 3750, 4688, 5813, 7125, 9000, 11250, 13875, 19688, 0, 0, 0, 0, 0, 0, 0, 0, 0, 0, 0, 0, 0, 0, 0, 0, 0, 0, 0, 0, 0, 0, 0, 0, 0, 0, 0, 0, 0, 0, 0, 0, 0, 0, 0, 0, 0, 0, 0, 0, 0, 0, 0, 0, 0, 0, 0, 0, 0, 0, 0, 0, 0, 0, 0, 0, 0, 0, 0, 0, 0, 0, 0, 0, 0, 0, 0, 0, 0, 0, 0, 0, 0, 0, 0, 0, 0, 0, 0, 0, 0, 0, 0, 0, 0, 0, 0, 0, 0, 0, 0, 0, 0, 0, 0, 0, 0, 0, 0, 0, 0, 0, 0, 0, 0, 0, 0, 0, 0, 0, 0, 0, 0, 0, 0, 0, 0, 0, 0, 0, 0, 0, 0, 0, 0, 0, 0, 0, 0, 0, 0, 0, 0, 0, 0, 0, 0, 0, 0, 0, 0, 0, 0, 0, 0, 0, 0, 0, 0, 0, 0, 0, 0, 0, 0, 0, 0, 0, 0, 0, 0, 0, 0, 0, 0, 0, 0, 0, 0, 0, 0, 0, 0, 0, 0, 0, 0, 0, 0, 0, 0, 0, 0, 0, 0, 0, 0, 0, 0, 0, 0, 0, 0, 0, 0, 0, 0, 0, 0, 0])
02-05 01:00:41.402   581   770 D DlbDap2Process: setParam(arbs = #81[20, 47, 141, 234, 328, 469, 656, 844, 1031, 1313, 1688, 2250, 3000, 3750, 4688, 5813, 7125, 9000, 11250, 13875, 19688, -192, -192, -192, -192, -192, -192, -192, -192, -192, -192, -192, -192, -192, -192, -192, -192, -192, -192, -192, -192, 0, 0, 0, 0, 0, 0, 0, 0, 0, 0, 0, 0, 0, 0, 0, 0, 0, 0, 0, 0, 0, 0, 0, 0, 0, 0, 0, 0, 0, 0, 0, 0, 0, 0, 0, 0, 0, 0, 0, 0])
02-05 01:00:41.402   581   770 D DlbDapEndpointParamCache: doCommit() Committed 37 parameters out of 37.
02-05 01:00:41.423   581   770 D AudioFlinger: trackDestroyed() Track id 637 no longer contains processed audio
02-05 01:00:41.423   581   724 D DlbDlbEffect: handle_EFFECT_CMD_DISABLE()
02-05 01:00:41.423   581   724 D DlbDapCrossfadeProcess: setEnabled transitioning from DAP_ACTIVE state to FADE_TO_BYPASS
02-05 01:00:41.425   581   724 D DlbDlbEffect: handle_EFFECT_CMD_SET_CONFIG()
02-05 01:00:41.426   581   724 D DlbDapEndpointParamCache: setDevice(device=0x00000008)
02-05 01:00:41.426   421   421 D DMSService: setActiveDevice called with device = 0x8
02-05 01:00:41.426   581   724 D DlbDlbEffect: handle_EFFECT_CMD_ENABLE()
02-05 01:00:41.426   581   724 D DlbDapCrossfadeProcess: setEnabled transitioning from FADE_TO_BYPASS state to FADE_TO_ACTIVE
02-05 01:00:41.550 32564 32564 D featureTest: onCreate
02-05 01:00:41.557 32564 32564 D AudioTrack: Client defaulted notificationFrames to 962 for frameCount 1924
02-05 01:00:41.564 32564 32564 W AudioTrack: Use of stream types is deprecated for operations other than volume control
02-05 01:00:41.564 32564 32564 W AudioTrack: See the documentation of AudioTrack() for what to use instead with android.media.AudioAttributes to qualify your playback use case
02-05 01:00:41.577 32564 32564 D featureTest: onResume
02-05 01:00:42.418 32564 32564 D featureTest: receive broadcast , playing content location :/sdcard/featureTest/stereo_dd_25fps_channel_id.m4a
02-05 01:00:42.425 32564 32564 D featureTest: mMediaPlayer.getAudioSessionId(): 4697
02-05 01:00:42.426 32564 32564 D featureTest: Playing file: /sdcard/featureTest/stereo_dd_25fps_channel_id.m4a
02-05 01:00:42.427   589   709 D NuPlayerDriver: NuPlayerDriver(0xe5732540) created, clientPid(32564)
02-05 01:00:42.446   589 32595 D NuPlayerDriver: notifyListener_l(0xe5732540), (1, 0, 0, -1), loop setting(0, 0)
02-05 01:00:42.456   589   709 D NuPlayerDriver: start(0xe5732540), state is 4, eos is 0
02-05 01:00:42.469   593  5352 I OMXMaster: makeComponentInstance(OMX.dolby.ac3.decoder) in android.hardwar process
02-05 01:00:42.482 32564 32564 D featureTest: receive broadcast , change ds status :1
02-05 01:00:42.501   581  5143 D DlbDlbEffect: handle_EFFECT_CMD_SET_PARAM()
02-05 01:00:42.524   593  5352 I DDP_JOCDecoder: -> init name OMX.dolby.ac3.decoder
02-05 01:00:42.526   593  5352 I DDP_JOCDecoder: <- init
02-05 01:00:42.526   593  5352 D DDP_JOCDecoder: initPorts
02-05 01:00:42.528   589 32601 I ACodec  : codec does not support config priority (err -2147483648)
02-05 01:00:42.529   589 32601 I MediaCodec: MediaCodec will operate in async mode
02-05 01:00:42.529   589 32601 I ACodec  : setDolbyParameterOnProcessedAudio() Received dolby_processed_audio=1
02-05 01:00:42.529   589 32600 I NuPlayerDecoder: setDolbyMessage() Notifying player that Codec supports dolby_processed_audio flag
02-05 01:00:42.529   589 32595 I NuPlayer: onDolbyMessageReceived() Setting dolby_processed_audio flag on audio sink
02-05 01:00:42.531   593  5353 D DDP_JOCDecoder: internalSetParameter() Instantiating ARenderer for content processing in decoder
02-05 01:00:42.531   593  5353 I DlbDap2QmfProcess: Dap2Process()
02-05 01:00:42.533   593  5353 I ARenderer: ARenderer
02-05 01:00:42.533   593  5353 I evo_parser: evo_parser_init
02-05 01:00:42.533   593  5353 I DlbDap2QmfProcess: init()
02-05 01:00:42.533   593  5353 I DlbDap2QmfProcess: open()
02-05 01:00:42.534   593  5353 I DlbDap2QmfProcess: loadLicense() no license check!
02-05 01:00:42.534   593  5353 I DlbDap2QmfProcess: validateLicense() no license check!
02-05 01:00:42.534   593  5353 I DlbDap2QmfProcess: init() DAP opened
02-05 01:00:42.534   593  5353 I DlbDap2QmfProcess: DAP library version: 2.5.1-P2.0
02-05 01:00:42.534   593  5353 D DlbDap2QmfProcess: DAP output mode set to 1 with 2 output channels and null mix matrix.
02-05 01:00:42.534   589 32601 I ACodec  : setDolbyParameterOnProcessedAudio() Content processing enabled in decoder
02-05 01:00:42.538   593 32605 I DDP_JOCDecoder: -> start
02-05 01:00:42.538   593 32605 D DDP_JOCDecoder: Setting Max Output Channels to 2
02-05 01:00:42.538   593 32605 D DDP_JOCDecoder: setMultiChannelPCMOutDownmix mConfig->jocForceDownmixMode 0
02-05 01:00:42.539   593 32605 I udc_user: 
02-05 01:00:42.539   593 32605 I udc_user: *** DDPlus Unified Decoder Simulation  Version 1.7.3 ***
02-05 01:00:42.539   593 32605 I udc_user: 
02-05 01:00:42.539   593 32605 I udc_user: 7.1-channel decoder-converter, 
02-05 01:00:42.539   593 32605 I udc_user: 
02-05 01:00:42.539   593 32605 I udc_user: 5.1-channel dual-decoder-converter, 
02-05 01:00:42.539   593 32605 I udc_user: Karaoke unsupported, 
02-05 01:00:42.539   593 32605 I udc_user: TPNP supported. 
02-05 01:00:42.539   593 32605 I udc_user: 
02-05 01:00:42.539   593 32605 I udc_user: Unpublished work.  Copyright 2003-2014 Dolby Laboratories, Inc. and
02-05 01:00:42.539   593 32605 I udc_user: Dolby Laboratories Licensing Corporation.  All Rights Reserved.
02-05 01:00:42.539   593 32605 I udc_user: 
02-05 01:00:42.539   593 32605 I udc_user: USE OF THIS SOFTWARE IS SUBJECT TO A LEGAL AGREEMENT BETWEEN YOU AND DOLBY
02-05 01:00:42.539   593 32605 I udc_user: LABORATORIES. DO NOT USE THIS SOFTWARE UNLESS YOU AGREE TO THE TERMS AND 
02-05 01:00:42.539   593 32605 I udc_user: CONDITIONS IN THE AGREEMENT.  BY USING THIS SOFTWARE, YOU ACKNOWLEDGE THAT 
02-05 01:00:42.539   593 32605 I udc_user: YOU HAVE READ THE AGREEMENT AND THAT YOU AGREE TO BE BOUND BY ITS TERMS. 
02-05 01:00:42.539   593 32605 I udc_user: 
02-05 01:00:42.539   593 32605 I ddpdec_client_joc: ddpdec_open JOCD_MODE Buffer assignment
02-05 01:00:42.539   593 32605 D DDP_JOCDecoder: mStarted = 1
02-05 01:00:42.539   593 32605 I DDP_JOCDecoder: <- start
02-05 01:00:42.540   593 32605 D ddpdec_client_joc: ddpdec_client.c|int configDecoder()
02-05 01:00:42.541   593 32605 D DDP_JOCDecoder: Setting Max Output Channels to 2
02-05 01:00:42.542   593 32605 I DlbDap2QmfProcess: close()
02-05 01:00:42.542   593 32605 I DlbDap2QmfProcess: init()
02-05 01:00:42.542   593 32605 I DlbDap2QmfProcess: open()
02-05 01:00:42.542   593 32605 I DlbDap2QmfProcess: loadLicense() no license check!
02-05 01:00:42.542   593 32605 I DlbDap2QmfProcess: validateLicense() no license check!
02-05 01:00:42.542   593 32605 I DlbDap2QmfProcess: init() DAP opened
02-05 01:00:42.542   593 32605 I DlbDap2QmfProcess: DAP library version: 2.5.1-P2.0
02-05 01:00:42.542   593 32605 D DlbDap2QmfProcess: DAP output mode set to 1 with 2 output channels and null mix matrix.
02-05 01:00:42.542   593 32605 D ARenderer: checkAndUpdateConfig: DAP reinitialized because of sample rate change
02-05 01:00:42.542   593 32605 D ARenderer: updateDapConfig: Updating DAP configuration
02-05 01:00:42.542   593 32605 D DlbDap2QmfProcess: setParam(iea = #1[10])
02-05 01:00:42.542   593 32605 D DlbDap2QmfProcess: setParam(msce = #1[0])
02-05 01:00:42.542   593 32605 D DlbDap2QmfProcess: setParam(mdee = #1[0])
02-05 01:00:42.543   593 32605 D DlbDap2QmfProcess: setParam(miee = #1[0])
02-05 01:00:42.543   593 32605 D DlbDap2QmfProcess: setParam(mdle = #1[0])
02-05 01:00:42.543   593 32605 D DlbDap2QmfProcess: setParam(dvle = #1[1])
02-05 01:00:42.543   593 32605 D DlbDap2QmfProcess: setParam(mave = #1[0])
02-05 01:00:42.543   593 32605 D DlbDap2QmfProcess: setParam(vcbf = #20[47, 141, 234, 328, 469, 656, 844, 1031, 1313, 1688, 2250, 3000, 3750, 4688, 5813, 7125, 9000, 11250, 13875, 19688])
02-05 01:00:42.543   593 32605 D DlbDap2QmfProcess: setParam(ieon = #1[0])
02-05 01:00:42.543   593 32605 D DlbDap2QmfProcess: setParam(gebs = #41[20, 47, 141, 234, 328, 469, 656, 844, 1031, 1313, 1688, 2250, 3000, 3750, 4688, 5813, 7125, 9000, 11250, 13875, 19688, 0, 0, 0, 0, 0, 0, 0, 0, 0, 0, 0, 0, 0, 0, 0, 0, 0, 0, 0, 0])
02-05 01:00:42.543   593 32605 D DlbDap2QmfProcess: setParam(iebs = #41[20, 65, 136, 223, 332, 467, 634, 841, 1098, 1416, 1812, 2302, 2909, 3663, 4598, 5756, 7194, 8976, 11186, 13927, 17326, 117, 133, 188, 176, 141, 149, 175, 185, 185, 200, 236, 242, 228, 213, 182, 132, 110, 68, -27, -240])
02-05 01:00:42.543   593 32605 D DlbDap2QmfProcess: setParam(dea = #1[7])
02-05 01:00:42.543   593 32605 D DlbDap2QmfProcess: setParam(dsa = #1[10])
02-05 01:00:42.543   593 32605 D DlbDap2QmfProcess: setParam(beb = #1[96])
02-05 01:00:42.543   593 32605 D DlbDap2QmfProcess: setParam(plb = #1[0])
02-05 01:00:42.543   593 32605 D DlbDap2QmfProcess: setParam(vmb = #1[144])
02-05 01:00:42.543   593 32605 D DlbDap2QmfProcess: setParam(dsb = #1[48])
02-05 01:00:42.543   593 32605 D DlbDap2QmfProcess: setParam(ded = #1[0])
02-05 01:00:42.543   593 32605 D DlbDap2QmfProcess: setParam(dom = #1[0])
02-05 01:00:42.543   593 32605 D DlbDap2QmfProcess: setParam(bew = #1[16])
02-05 01:00:42.543   593 32605 D DlbDap2QmfProcess: setParam(dvla = #1[5])
02-05 01:00:42.543   593 32605 D DlbDap2QmfProcess: setParam(dfsa = #1[10])
02-05 01:00:42.543   593 32605 D DlbDap2QmfProcess: setParam(dhsa = #1[10])
02-05 01:00:42.543   593 32605 D DlbDap2QmfProcess: setParam(dvmc = #1[160])
02-05 01:00:42.543   593 32605 D DlbDap2QmfProcess: setParam(dvle = #1[1])
02-05 01:00:42.543   593 32605 D DlbDap2QmfProcess: setParam(dvme = #1[0])
02-05 01:00:42.543   593 32605 D DlbDap2QmfProcess: setParam(becf = #1[160])
02-05 01:00:42.543   593 32605 D DlbDap2QmfProcess: setParam(vbmf = #2[99, 281])
02-05 01:00:42.543   593 32605 D DlbDap2QmfProcess: setParam(vbsf = #2[30, 90])
02-05 01:00:42.543   593 32605 D DlbDap2QmfProcess: setParam(vbhg = #3[-48, -480, -240])
02-05 01:00:42.543   593 32605 D DlbDap2QmfProcess: setParam(vbog = #1[0])
02-05 01:00:42.543   593 32605 D DlbDap2QmfProcess: setParam(vbsg = #1[0])
02-05 01:00:42.543   593 32605 D DlbDap2QmfProcess: setParam(dvli = #1[-320])
02-05 01:00:42.543   593 32605 D DlbDap2QmfProcess: setParam(dhfm = #1[0])
02-05 01:00:42.544   593 32605 D DlbDap2QmfProcess: setParam(deon = #1[0])
02-05 01:00:42.544   593 32605 D DlbDap2QmfProcess: setParam(ngon = #1[1])
02-05 01:00:42.544   593 32605 D DlbDap2QmfProcess: setParam(dvlo = #1[-320])
02-05 01:00:42.544   593 32605 D DlbDap2QmfProcess: setParam(aobs = #222[20, 10, 47, 141, 234, 328, 469, 656, 844, 1031, 1313, 1688, 2250, 3000, 3750, 4688, 5813, 7125, 9000, 11250, 13875, 19688, 0, 0, 0, 0, 0, 0, 0, 0, 0, 0, 0, 0, 0, 0, 0, 0, 0, 0, 0, 0, 0, 0, 0, 0, 0, 0, 0, 0, 0, 0, 0, 0, 0, 0, 0, 0, 0, 0, 0, 0, 0, 0, 0, 0, 0, 0, 0, 0, 0, 0, 0, 0, 0, 0, 0, 0, 0, 0, 0, 0, 0, 0, 0, 0, 0, 0, 0, 0, 0, 0, 0, 0, 0, 0, 0, 0, 0, 0, 0, 0, 0, 0, 0, 0, 0, 0, 0, 0, 0, 0, 0, 0, 0, 0, 0, 0, 0, 0, 0, 0, 0, 0, 0, 0, 0, 0, 0, 0, 0, 0, 0, 0, 0, 0, 0, 0, 0, 0, 0, 0, 0, 0, 0, 0, 0, 0, 0, 0, 0, 0, 0, 0, 0, 0, 0, 0, 0, 0, 0, 0, 0, 0, 0, 0, 0, 0, 0, 0, 0, 0, 0, 0, 0, 0, 0, 0, 0, 0, 0, 0, 0, 0, 0, 0, 0, 0, 0, 0, 0, 0, 0, 0, 0, 0, 0, 0, 0, 0, 0, 0, 0, 0, 0, 0, 0, 0, 0, 0, 0, 0, 0, 0, 0, 0, 0, 0, 0, 0, 0, 0])
02-05 01:00:42.544   593 32605 D DlbDap2QmfProcess: setParam(dvle = #1[1])
02-05 01:00:42.544   593 32605 D DlbDap2QmfProcess: setParam(dvli = #1[-496])
02-05 01:00:42.544   593 32605 D DlbDap2QmfProcess: setParam(dvlo = #1[-176])
02-05 01:00:42.544   593 32605 D ARenderer: updateDapVolumeLeveler: Setting output level to -11.00dB
02-05 01:00:42.544   593 32605 D DlbDap2QmfProcess: setParam(vmb = #1[0])
02-05 01:00:42.544   593 32605 D DlbDap2QmfProcess: setParam(preg = #1[-384])
02-05 01:00:42.544   593 32605 D DlbDap2QmfProcess: setParam(vol = #1[384])
02-05 01:00:42.544   593 32605 D DlbDap2QmfProcess: processQmf() called [0] times
02-05 01:00:42.544   593 32605 D DlbDap2QmfProcess: setMave(mave = 0)
02-05 01:00:42.554   589 32599 D AudioTrack: Client defaulted notificationFrames to 12000 for frameCount 24000
02-05 01:00:42.555   581  5356 I AudioFlinger: attachAuxEffect(): Marking track 639 as containing processed audio
02-05 01:00:42.555   581  5356 D AudioFlinger: trackContainsProcessedAudio() Track id 639 contains processed audio
02-05 01:00:42.555   581   581 D AudioFlinger: trackStateChanged() Track id 639 state changed to 6
02-05 01:00:42.555   581   581 I AudioFlinger: updateProcessedAudioState() Changing content processing in effect to 1
02-05 01:00:42.555   581   581 D DlbDlbEffect: handle_EFFECT_CMD_SET_PARAM()
02-05 01:00:42.557   581   581 I DlbEffectContext: setContentProcEnabled() Disabling content processing in effect
02-05 01:00:42.557   581   581 D DlbDapEndpointParamCache: commitChangedParams()
02-05 01:00:42.557   581   581 D DlbDapEndpointParamCache: commit() Applying parameters for device 0x40000000
02-05 01:00:42.557   581   581 D DlbDap2Process: setParam(msce = #1[0])
02-05 01:00:42.557   581   581 D DlbDap2Process: setParam(mdee = #1[0])
02-05 01:00:42.557   581   581 D DlbDap2Process: setParam(miee = #1[0])
02-05 01:00:42.557   581   581 D DlbDap2Process: setParam(mdle = #1[0])
02-05 01:00:42.557   581   581 D DlbDap2Process: setParam(dvle = #1[0])
02-05 01:00:42.557   581   581 D DlbDap2Process: setParam(mave = #1[0])
02-05 01:00:42.557   581   581 D DlbDap2Process: setParam(ieon = #1[0])
02-05 01:00:42.557   581   581 D DlbDapEndpointParamCache: doCommit() Committed 7 parameters out of 16.
02-05 01:00:42.557   581   581 D DlbDapEndpointParamCache: commit() Overriding parameters for current device 0x00000008
02-05 01:00:42.557   581   581 D DlbDap2Process: setParam(dom = #1[0])
02-05 01:00:42.557   581   581 D DlbDap2Process: setParam(dvle = #1[0])
02-05 01:00:42.557   581   581 D DlbDap2Process: setParam(dvme = #1[0])
02-05 01:00:42.557   581   581 D DlbDap2Process: setParam(deon = #1[0])
02-05 01:00:42.557   581   581 D DlbDap2Process: setParam(ngon = #1[0])
02-05 01:00:42.557   581   581 D DlbDapEndpointParamCache: doCommit() Committed 5 parameters out of 37.
02-05 01:00:42.558   589 32595 D NuPlayerDriver: notifyListener_l(0xe5732540), (6, 0, 0, -1), loop setting(0, 1)
02-05 01:00:42.559   581  5115 D DlbDap2Process: setMave(mave = 0)
02-05 01:00:42.560   581  5115 D DlbDapCrossfadeProcess: process transitioning from FADE_TO_ACTIVE state to DAP_ACTIVE
02-05 01:00:42.582 32564 32564 D featureTest: receive broadcast , change ds profile id :0
02-05 01:00:42.589   581  5355 D DlbDlbEffect: handle_EFFECT_CMD_SET_PARAM()
02-05 01:00:42.589   421   460 I DapController: Profile Changed to Dynamic
02-05 01:00:42.593   593 32605 D ARenderer: updateDapConfig: Updating DAP configuration
02-05 01:00:42.593   593 32605 D DlbDap2QmfProcess: setParam(iea = #1[10])
02-05 01:00:42.593   593 32605 D DlbDap2QmfProcess: setParam(msce = #1[1])
02-05 01:00:42.593   593 32605 D DlbDap2QmfProcess: setParam(mdee = #1[1])
02-05 01:00:42.593   593 32605 D DlbDap2QmfProcess: setParam(miee = #1[1])
02-05 01:00:42.593   593 32605 D DlbDap2QmfProcess: setParam(mdle = #1[1])
02-05 01:00:42.593   593 32605 D DlbDap2QmfProcess: setParam(dvle = #1[1])
02-05 01:00:42.593   593 32605 D DlbDap2QmfProcess: setParam(mave = #1[1])
02-05 01:00:42.593   593 32605 D DlbDap2QmfProcess: setParam(vcbf = #20[47, 141, 234, 328, 469, 656, 844, 1031, 1313, 1688, 2250, 3000, 3750, 4688, 5813, 7125, 9000, 11250, 13875, 19688])
02-05 01:00:42.594   593 32605 D DlbDap2QmfProcess: setParam(ieon = #1[1])
02-05 01:00:42.594   593 32605 D DlbDap2QmfProcess: setParam(gebs = #41[20, 47, 141, 234, 328, 469, 656, 844, 1031, 1313, 1688, 2250, 3000, 3750, 4688, 5813, 7125, 9000, 11250, 13875, 19688, 0, 0, 0, 0, 0, 0, 0, 0, 0, 0, 0, 0, 0, 0, 0, 0, 0, 0, 0, 0])
02-05 01:00:42.594   593 32605 D DlbDap2QmfProcess: setParam(iebs = #41[20, 65, 136, 223, 332, 467, 634, 841, 1098, 1416, 1812, 2302, 2909, 3663, 4598, 5756, 7194, 8976, 11186, 13927, 17326, 117, 133, 188, 176, 141, 149, 175, 185, 185, 200, 236, 242, 228, 213, 182, 132, 110, 68, -27, -240])
02-05 01:00:42.594   593 32605 D DlbDap2QmfProcess: setParam(dea = #1[10])
02-05 01:00:42.594   593 32605 D DlbDap2QmfProcess: setParam(dsa = #1[10])
02-05 01:00:42.594   593 32605 D DlbDap2QmfProcess: setParam(beb = #1[96])
02-05 01:00:42.594   593 32605 D DlbDap2QmfProcess: setParam(plb = #1[0])
02-05 01:00:42.594   593 32605 D DlbDap2QmfProcess: setParam(vmb = #1[144])
02-05 01:00:42.594   593 32605 D DlbDap2QmfProcess: setParam(dsb = #1[96])
02-05 01:00:42.594   593 32605 D DlbDap2QmfProcess: setParam(ded = #1[0])
02-05 01:00:42.594   593 32605 D DlbDap2QmfProcess: DAP output mode set to 9 with 2 output channels and null mix matrix.
02-05 01:00:42.594   593 32605 D DlbDap2QmfProcess: setParam(dom = #1[2])
02-05 01:00:42.594   593 32605 D DlbDap2QmfProcess: setParam(bew = #1[16])
02-05 01:00:42.594   593 32605 D DlbDap2QmfProcess: setParam(dvla = #1[7])
02-05 01:00:42.594   593 32605 D DlbDap2QmfProcess: setParam(dfsa = #1[10])
02-05 01:00:42.594   593 32605 D DlbDap2QmfProcess: setParam(dhsa = #1[10])
02-05 01:00:42.594   593 32605 D DlbDap2QmfProcess: setParam(dvmc = #1[160])
02-05 01:00:42.594   593 32605 D DlbDap2QmfProcess: setParam(dvle = #1[1])
02-05 01:00:42.594   593 32605 D DlbDap2QmfProcess: setParam(dvme = #1[0])
02-05 01:00:42.594   593 32605 D DlbDap2QmfProcess: setParam(becf = #1[160])
02-05 01:00:42.594   593 32605 D DlbDap2QmfProcess: setParam(vbmf = #2[99, 281])
02-05 01:00:42.594   593 32605 D DlbDap2QmfProcess: setParam(vbsf = #2[30, 90])
02-05 01:00:42.594   593 32605 D DlbDap2QmfProcess: setParam(vbhg = #3[-48, -480, -240])
02-05 01:00:42.594   593 32605 D DlbDap2QmfProcess: setParam(vbog = #1[0])
02-05 01:00:42.594   593 32605 D DlbDap2QmfProcess: setParam(vbsg = #1[0])
02-05 01:00:42.594   593 32605 D DlbDap2QmfProcess: setParam(dvli = #1[-320])
02-05 01:00:42.594   593 32605 D DlbDap2QmfProcess: setParam(dhfm = #1[0])
02-05 01:00:42.594   593 32605 D DlbDap2QmfProcess: setParam(deon = #1[1])
02-05 01:00:42.594   593 32605 D DlbDap2QmfProcess: setParam(ngon = #1[1])
02-05 01:00:42.594   593 32605 D DlbDap2QmfProcess: setParam(dvlo = #1[-320])
02-05 01:00:42.595   593 32605 D DlbDap2QmfProcess: setParam(aobs = #222[20, 10, 47, 141, 234, 328, 469, 656, 844, 1031, 1313, 1688, 2250, 3000, 3750, 4688, 5813, 7125, 9000, 11250, 13875, 19688, 0, 0, 0, 0, 0, 0, 0, 0, 0, 0, 0, 0, 0, 0, 0, 0, 0, 0, 0, 0, 0, 0, 0, 0, 0, 0, 0, 0, 0, 0, 0, 0, 0, 0, 0, 0, 0, 0, 0, 0, 0, 0, 0, 0, 0, 0, 0, 0, 0, 0, 0, 0, 0, 0, 0, 0, 0, 0, 0, 0, 0, 0, 0, 0, 0, 0, 0, 0, 0, 0, 0, 0, 0, 0, 0, 0, 0, 0, 0, 0, 0, 0, 0, 0, 0, 0, 0, 0, 0, 0, 0, 0, 0, 0, 0, 0, 0, 0, 0, 0, 0, 0, 0, 0, 0, 0, 0, 0, 0, 0, 0, 0, 0, 0, 0, 0, 0, 0, 0, 0, 0, 0, 0, 0, 0, 0, 0, 0, 0, 0, 0, 0, 0, 0, 0, 0, 0, 0, 0, 0, 0, 0, 0, 0, 0, 0, 0, 0, 0, 0, 0, 0, 0, 0, 0, 0, 0, 0, 0, 0, 0, 0, 0, 0, 0, 0, 0, 0, 0, 0, 0, 0, 0, 0, 0, 0, 0, 0, 0, 0, 0, 0, 0, 0, 0, 0, 0, 0, 0, 0, 0, 0, 0, 0, 0, 0, 0, 0, 0, 0])
02-05 01:00:42.595   593 32605 D DlbDap2QmfProcess: setParam(dvle = #1[1])
02-05 01:00:42.595   593 32605 D DlbDap2QmfProcess: setParam(dvli = #1[-496])
02-05 01:00:42.595   593 32605 D DlbDap2QmfProcess: setParam(dvlo = #1[-176])
02-05 01:00:42.595   593 32605 D ARenderer: updateDapVolumeLeveler: Setting output level to -11.00dB
02-05 01:00:42.595   593 32605 D DlbDap2QmfProcess: setParam(vmb = #1[0])
02-05 01:00:42.595   593 32605 D DlbDap2QmfProcess: setParam(preg = #1[-384])
02-05 01:00:42.595   593 32605 D DlbDap2QmfProcess: setParam(vol = #1[384])
02-05 01:00:42.595   593 32605 D DlbDap2QmfProcess: setMave(mave = 1)
02-05 01:00:42.637 32564 32564 D featureTest: receive broadcast , record log :0
02-05 01:00:42.666   581  5115 D DlbDapEndpointParamCache: commitChangedParams()
02-05 01:00:42.667   581  5115 D DlbDapEndpointParamCache: commit() Applying parameters for device 0x40000000
02-05 01:00:42.667   581  5115 D DlbDap2Process: setParam(iea = #1[10])
02-05 01:00:42.667   581  5115 D DlbDap2Process: setParam(vcbf = #20[47, 141, 234, 328, 469, 656, 844, 1031, 1313, 1688, 2250, 3000, 3750, 4688, 5813, 7125, 9000, 11250, 13875, 19688])
02-05 01:00:42.667   581  5115 D DlbDap2Process: setParam(vbon = #1[0])
02-05 01:00:42.667   581  5115 D DlbDap2Process: setParam(beon = #1[0])
02-05 01:00:42.667   581  5115 D DlbDap2Process: setParam(geon = #1[0])
02-05 01:00:42.667   581  5115 D DlbDap2Process: setParam(gebs = #41[20, 47, 141, 234, 328, 469, 656, 844, 1031, 1313, 1688, 2250, 3000, 3750, 4688, 5813, 7125, 9000, 11250, 13875, 19688, 0, 0, 0, 0, 0, 0, 0, 0, 0, 0, 0, 0, 0, 0, 0, 0, 0, 0, 0, 0])
02-05 01:00:42.667   581  5115 D DlbDap2Process: setParam(iebs = #41[20, 65, 136, 223, 332, 467, 634, 841, 1098, 1416, 1812, 2302, 2909, 3663, 4598, 5756, 7194, 8976, 11186, 13927, 17326, 117, 133, 188, 176, 141, 149, 175, 185, 185, 200, 236, 242, 228, 213, 182, 132, 110, 68, -27, -240])
02-05 01:00:42.667   581  5115 D DlbDapEndpointParamCache: doCommit() Committed 8 parameters out of 16.
02-05 01:00:42.667   581  5115 D DlbDapEndpointParamCache: commit() Overriding parameters for current device 0x00000008
02-05 01:00:42.667   581  5115 D DlbDap2Process: setParam(dea = #1[10])
02-05 01:00:42.667   581  5115 D DlbDap2Process: setParam(dsa = #1[10])
02-05 01:00:42.667   581  5115 D DlbDap2Process: setParam(beb = #1[96])
02-05 01:00:42.667   581  5115 D DlbDap2Process: setParam(plb = #1[0])
02-05 01:00:42.667   581  5115 D DlbDap2Process: setParam(vmb = #1[144])
02-05 01:00:42.667   581  5115 D DlbDap2Process: setParam(dsb = #1[96])
02-05 01:00:42.667   581  5115 D DlbDap2Process: setParam(ded = #1[0])
02-05 01:00:42.667   581  5115 D DlbDap2Process: setParam(vbm = #1[0])
02-05 01:00:42.667   581  5115 D DlbDap2Process: setParam(bew = #1[16])
02-05 01:00:42.667   581  5115 D DlbDap2Process: setParam(dvla = #1[7])
02-05 01:00:42.667   581  5115 D DlbDap2Process: setParam(arra = #1[96])
02-05 01:00:42.667   581  5115 D DlbDap2Process: setParam(dfsa = #1[10])
02-05 01:00:42.667   581  5115 D DlbDap2Process: setParam(dhsa = #1[10])
02-05 01:00:42.667   581  5115 D DlbDap2Process: setParam(dvmc = #1[160])
02-05 01:00:42.667   581  5115 D DlbDap2Process: setParam(arod = #1[0])
02-05 01:00:42.667   581  5115 D DlbDap2Process: setParam(arde = #1[0])
02-05 01:00:42.667   581  5115 D DlbDap2Process: setParam(becf = #1[160])
02-05 01:00:42.667   581  5115 D DlbDap2Process: setParam(vbmf = #2[99, 281])
02-05 01:00:42.667   581  5115 D DlbDap2Process: setParam(vbsf = #2[30, 90])
02-05 01:00:42.668   581  5115 D DlbDap2Process: setParam(vbhg = #3[-48, -480, -240])
02-05 01:00:42.668   581  5115 D DlbDap2Process: setParam(vbog = #1[0])
02-05 01:00:42.668   581  5115 D DlbDap2Process: setParam(vbsg = #1[0])
02-05 01:00:42.668   581  5115 D DlbDap2Process: setParam(dvli = #1[-320])
02-05 01:00:42.668   581  5115 D DlbDap2Process: setParam(dhfm = #1[0])
02-05 01:00:42.668   581  5115 D DlbDap2Process: setParam(vbon = #1[0])
02-05 01:00:42.668   581  5115 D DlbDap2Process: setParam(beon = #1[0])
02-05 01:00:42.668   581  5115 D DlbDap2Process: setParam(aoon = #1[0])
02-05 01:00:42.668   581  5115 D DlbDap2Process: setParam(aron = #1[1])
02-05 01:00:42.668   581  5115 D DlbDap2Process: setParam(dvlo = #1[-320])
02-05 01:00:42.668   581  5115 D DlbDap2Process: setParam(artp = #1[12])
02-05 01:00:42.668   581  5115 D DlbDap2Process: setParam(aobs = #222[20, 10, 47, 141, 234, 328, 469, 656, 844, 1031, 1313, 1688, 2250, 3000, 3750, 4688, 5813, 7125, 9000, 11250, 13875, 19688, 0, 0, 0, 0, 0, 0, 0, 0, 0, 0, 0, 0, 0, 0, 0, 0, 0, 0, 0, 0, 0, 0, 0, 0, 0, 0, 0, 0, 0, 0, 0, 0, 0, 0, 0, 0, 0, 0, 0, 0, 0, 0, 0, 0, 0, 0, 0, 0, 0, 0, 0, 0, 0, 0, 0, 0, 0, 0, 0, 0, 0, 0, 0, 0, 0, 0, 0, 0, 0, 0, 0, 0, 0, 0, 0, 0, 0, 0, 0, 0, 0, 0, 0, 0, 0, 0, 0, 0, 0, 0, 0, 0, 0, 0, 0, 0, 0, 0, 0, 0, 0, 0, 0, 0, 0, 0, 0, 0, 0, 0, 0, 0, 0, 0, 0, 0, 0, 0, 0, 0, 0, 0, 0, 0, 0, 0, 0, 0, 0, 0, 0, 0, 0, 0, 0, 0, 0, 0, 0, 0, 0, 0, 0, 0, 0, 0, 0, 0, 0, 0, 0, 0, 0, 0, 0, 0, 0, 0, 0, 0, 0, 0, 0, 0, 0, 0, 0, 0, 0, 0, 0, 0, 0, 0, 0, 0, 0, 0, 0, 0, 0, 0, 0, 0, 0, 0, 0, 0, 0, 0, 0, 0, 0, 0, 0, 0, 0, 0, 0, 0])
02-05 01:00:42.669   581  5115 D DlbDap2Process: setParam(arbs = #81[20, 47, 141, 234, 328, 469, 656, 844, 1031, 1313, 1688, 2250, 3000, 3750, 4688, 5813, 7125, 9000, 11250, 13875, 19688, -192, -192, -192, -192, -192, -192, -192, -192, -192, -192, -192, -192, -192, -192, -192, -192, -192, -192, -192, -192, 0, 0, 0, 0, 0, 0, 0, 0, 0, 0, 0, 0, 0, 0, 0, 0, 0, 0, 0, 0, 0, 0, 0, 0, 0, 0, 0, 0, 0, 0, 0, 0, 0, 0, 0, 0, 0, 0, 0, 0])
02-05 01:00:42.669   581  5115 D DlbDapEndpointParamCache: doCommit() Committed 32 parameters out of 37.
02-05 01:00:45.020   581  5115 D DlbDap2Process: process() called [337500] times
02-05 01:00:46.987   589 32600 I NuPlayerDecoder: [audio] saw output EOS
02-05 01:00:46.988   589 32599 D AudioTrack: stop() called with 230400 frames delivered
02-05 01:00:47.533   589 32595 D NuPlayerDriver: notifyListener_l(0xe5732540), (2, 0, 0, -1), loop setting(0, 1)
02-05 01:00:47.534   581  5110 D AudioFlinger: trackStateChanged() Track id 639 state changed to 6
02-05 01:00:47.535   581   731 D AudioFlinger: trackStateChanged() Track id 639 state changed to 6
02-05 01:00:47.556   589 32595 D NuPlayerDriver: notifyListener_l(0xe5732540), (6, 0, 0, -1), loop setting(0, 1)
02-05 01:00:47.681   581  5115 D DlbDap2Process: process() called [338000] times
