02-04 23:22:29.382   571   940 E QC-QMI  : linux_qmi_qmux_io_wake_lock: Err in writing wakelock=qmuxd_port_wl_0, error [1:Operation not permitted]
02-04 23:22:29.383   571   940 E QC-QMI  : linux_qmi_qmux_io_wake_unlock: Err in writing wakelock=qmuxd_port_wl_0, error [1:Operation not permitted]
02-04 23:22:30.482 31587 31587 I ServiceManager: Waiting for service AtCmdFwd...
02-04 23:22:32.485 31587 31587 I chatty  : uid=1000(system) /vendor/bin/ATFWD-daemon identical 2 lines
02-04 23:22:33.488 31587 31587 I ServiceManager: Waiting for service AtCmdFwd...
02-04 23:22:34.490 31587 31587 W Atfwd_Sendcmd: AtCmdFwd service not published, waiting... retryCnt : 3
02-04 23:22:35.160  3552  3552 W SceneBgThread: type=1400 audit(0.0:2905): avc: denied { read } for name="stat" dev="proc" ino=4026548033 scontext=u:r:untrusted_app_25:s0:c512,c768 tcontext=u:object_r:proc_stat:s0 tclass=file permissive=0
02-04 23:22:37.059   571   940 E QC-QMI  : linux_qmi_qmux_io_wake_lock: Err in writing wakelock=qmuxd_port_wl_0, error [1:Operation not permitted]
02-04 23:22:37.060   571   940 E QC-QMI  : linux_qmi_qmux_io_wake_unlock: Err in writing wakelock=qmuxd_port_wl_0, error [1:Operation not permitted]
02-04 23:22:39.626   571   940 E QC-QMI  : linux_qmi_qmux_io_wake_lock: Err in writing wakelock=qmuxd_port_wl_0, error [1:Operation not permitted]
02-04 23:22:39.627   571   940 E QC-QMI  : linux_qmi_qmux_io_wake_unlock: Err in writing wakelock=qmuxd_port_wl_0, error [1:Operation not permitted]
02-04 23:22:40.166  3552  3552 W SceneBgThread: type=1400 audit(0.0:2906): avc: denied { read } for name="stat" dev="proc" ino=4026548033 scontext=u:r:untrusted_app_25:s0:c512,c768 tcontext=u:object_r:proc_stat:s0 tclass=file permissive=0
02-04 23:22:44.746   571   940 E QC-QMI  : linux_qmi_qmux_io_wake_lock: Err in writing wakelock=qmuxd_port_wl_0, error [1:Operation not permitted]
02-04 23:22:44.746   571   940 E QC-QMI  : linux_qmi_qmux_io_wake_unlock: Err in writing wakelock=qmuxd_port_wl_0, error [1:Operation not permitted]
02-04 23:22:45.176  3552  3552 W SceneBgThread: type=1400 audit(0.0:2907): avc: denied { read } for name="stat" dev="proc" ino=4026548033 scontext=u:r:untrusted_app_25:s0:c512,c768 tcontext=u:object_r:proc_stat:s0 tclass=file permissive=0
02-04 23:22:49.492 31587 31587 I ServiceManager: Waiting for service AtCmdFwd...
02-04 23:22:51.496 31587 31587 I chatty  : uid=1000(system) /vendor/bin/ATFWD-daemon identical 2 lines
02-04 23:22:52.497 31587 31587 I ServiceManager: Waiting for service AtCmdFwd...
02-04 23:22:53.500 31587 31587 W Atfwd_Sendcmd: AtCmdFwd service not published, waiting... retryCnt : 4
02-04 23:23:02.666   571   940 E QC-QMI  : linux_qmi_qmux_io_wake_lock: Err in writing wakelock=qmuxd_port_wl_0, error [1:Operation not permitted]
02-04 23:23:02.667   571   940 E QC-QMI  : linux_qmi_qmux_io_wake_unlock: Err in writing wakelock=qmuxd_port_wl_0, error [1:Operation not permitted]
02-04 23:23:07.786   571   940 E QC-QMI  : linux_qmi_qmux_io_wake_lock: Err in writing wakelock=qmuxd_port_wl_0, error [1:Operation not permitted]
02-04 23:23:07.787   571   940 E QC-QMI  : linux_qmi_qmux_io_wake_unlock: Err in writing wakelock=qmuxd_port_wl_0, error [1:Operation not permitted]
02-04 23:23:13.504 31587 31587 I ServiceManager: Waiting for service AtCmdFwd...
02-04 23:23:15.509 31587 31587 I chatty  : uid=1000(system) /vendor/bin/ATFWD-daemon identical 2 lines
02-04 23:23:16.513 31587 31587 I ServiceManager: Waiting for service AtCmdFwd...
02-04 23:23:17.516 31587 31587 W Atfwd_Sendcmd: AtCmdFwd service not published, waiting... retryCnt : 5
02-04 23:23:42.519 31587 31587 I Atfwd_Sendcmd: AtCmdFwd service not ready - Exhausted retry attempts - :6
02-04 23:23:42.519 31587 31587 I Atfwd_Daemon: result : -1 	 ,Init step :2 	 ,qmiErrorCode: 0
02-04 23:23:52.521 31587 31587 I ServiceManager: Waiting for service AtCmdFwd...
02-04 23:23:54.538 31587 31587 I chatty  : uid=1000(system) /vendor/bin/ATFWD-daemon identical 2 lines
02-04 23:23:55.542 31587 31587 I ServiceManager: Waiting for service AtCmdFwd...
02-04 23:23:56.551 31587 31587 W Atfwd_Sendcmd: AtCmdFwd service not published, waiting... retryCnt : 1
02-04 23:24:01.553 31587 31587 I ServiceManager: Waiting for service AtCmdFwd...
02-04 23:24:03.559 31587 31587 I chatty  : uid=1000(system) /vendor/bin/ATFWD-daemon identical 2 lines
02-04 23:24:04.567 31587 31587 I ServiceManager: Waiting for service AtCmdFwd...
02-04 23:24:05.568 31587 31587 W Atfwd_Sendcmd: AtCmdFwd service not published, waiting... retryCnt : 2
02-04 23:24:15.572 31587 31587 I ServiceManager: Waiting for service AtCmdFwd...
02-04 23:24:17.584 31587 31587 I chatty  : uid=1000(system) /vendor/bin/ATFWD-daemon identical 2 lines
02-04 23:24:18.590 31587 31587 I ServiceManager: Waiting for service AtCmdFwd...
02-04 23:24:19.594 31587 31587 W Atfwd_Sendcmd: AtCmdFwd service not published, waiting... retryCnt : 3
02-04 23:24:34.597 31587 31587 I ServiceManager: Waiting for service AtCmdFwd...
02-04 23:24:35.233  3552  3552 W SceneBgThread: type=1400 audit(0.0:2908): avc: denied { read } for name="stat" dev="proc" ino=4026548033 scontext=u:r:untrusted_app_25:s0:c512,c768 tcontext=u:object_r:proc_stat:s0 tclass=file permissive=0
02-04 23:24:35.598 31587 31587 I ServiceManager: Waiting for service AtCmdFwd...
02-04 23:24:36.602 31587 31587 I chatty  : uid=1000(system) /vendor/bin/ATFWD-daemon identical 1 line
02-04 23:24:37.622 31587 31587 I ServiceManager: Waiting for service AtCmdFwd...
02-04 23:24:38.630 31587 31587 W Atfwd_Sendcmd: AtCmdFwd service not published, waiting... retryCnt : 4
02-04 23:24:40.253  3552  3552 W SceneBgThread: type=1400 audit(0.0:2909): avc: denied { read } for name="stat" dev="proc" ino=4026548033 scontext=u:r:untrusted_app_25:s0:c512,c768 tcontext=u:object_r:proc_stat:s0 tclass=file permissive=0
02-04 23:24:45.263  3552  3552 W SceneBgThread: type=1400 audit(0.0:2910): avc: denied { read } for name="stat" dev="proc" ino=4026548033 scontext=u:r:untrusted_app_25:s0:c512,c768 tcontext=u:object_r:proc_stat:s0 tclass=file permissive=0
02-04 23:24:58.636 31587 31587 I ServiceManager: Waiting for service AtCmdFwd...
02-04 23:25:00.644 31587 31587 I chatty  : uid=1000(system) /vendor/bin/ATFWD-daemon identical 2 lines
02-04 23:25:01.653 31587 31587 I ServiceManager: Waiting for service AtCmdFwd...
02-04 23:25:02.657 31587 31587 W Atfwd_Sendcmd: AtCmdFwd service not published, waiting... retryCnt : 5
02-04 23:25:27.661 31587 31587 I Atfwd_Sendcmd: AtCmdFwd service not ready - Exhausted retry attempts - :6
02-04 23:25:27.662 31587 31587 I Atfwd_Daemon: result : -1 	 ,Init step :2 	 ,qmiErrorCode: 0
02-04 23:25:42.664 31587 31587 I ServiceManager: Waiting for service AtCmdFwd...
02-04 23:25:44.680 31587 31587 I chatty  : uid=1000(system) /vendor/bin/ATFWD-daemon identical 2 lines
02-04 23:25:45.690 31587 31587 I ServiceManager: Waiting for service AtCmdFwd...
02-04 23:25:46.696 31587 31587 W Atfwd_Sendcmd: AtCmdFwd service not published, waiting... retryCnt : 1
02-04 23:25:51.701 31587 31587 I ServiceManager: Waiting for service AtCmdFwd...
02-04 23:25:53.718 31587 31587 I chatty  : uid=1000(system) /vendor/bin/ATFWD-daemon identical 2 lines
02-04 23:25:54.727 31587 31587 I ServiceManager: Waiting for service AtCmdFwd...
02-04 23:25:55.733 31587 31587 W Atfwd_Sendcmd: AtCmdFwd service not published, waiting... retryCnt : 2
02-04 23:25:56.739   571   940 E QC-QMI  : linux_qmi_qmux_io_wake_lock: Err in writing wakelock=qmuxd_port_wl_0, error [1:Operation not permitted]
02-04 23:25:56.739   571   940 E QC-QMI  : linux_qmi_qmux_io_wake_unlock: Err in writing wakelock=qmuxd_port_wl_0, error [1:Operation not permitted]
02-04 23:25:59.305   571   940 E QC-QMI  : linux_qmi_qmux_io_wake_lock: Err in writing wakelock=qmuxd_port_wl_0, error [1:Operation not permitted]
02-04 23:25:59.308   571   940 E QC-QMI  : linux_qmi_qmux_io_wake_unlock: Err in writing wakelock=qmuxd_port_wl_0, error [1:Operation not permitted]
02-04 23:26:05.740 31587 31587 I ServiceManager: Waiting for service AtCmdFwd...
02-04 23:26:07.751 31587 31587 I chatty  : uid=1000(system) /vendor/bin/ATFWD-daemon identical 2 lines
02-04 23:26:08.758 31587 31587 I ServiceManager: Waiting for service AtCmdFwd...
02-04 23:26:09.764 31587 31587 W Atfwd_Sendcmd: AtCmdFwd service not published, waiting... retryCnt : 3
02-04 23:26:24.769 31587 31587 I ServiceManager: Waiting for service AtCmdFwd...
02-04 23:26:26.775 31587 31587 I chatty  : uid=1000(system) /vendor/bin/ATFWD-daemon identical 2 lines
02-04 23:26:27.780 31587 31587 I ServiceManager: Waiting for service AtCmdFwd...
02-04 23:26:28.782 31587 31587 W Atfwd_Sendcmd: AtCmdFwd service not published, waiting... retryCnt : 4
02-04 23:26:35.340  3552  3552 W SceneBgThread: type=1400 audit(0.0:2911): avc: denied { read } for name="stat" dev="proc" ino=4026548033 scontext=u:r:untrusted_app_25:s0:c512,c768 tcontext=u:object_r:proc_stat:s0 tclass=file permissive=0
02-04 23:26:40.360  3552  3552 I chatty  : uid=10063(u0_a63) SceneBgThread identical 1 line
02-04 23:26:45.373  3552  3552 W SceneBgThread: type=1400 audit(0.0:2913): avc: denied { read } for name="stat" dev="proc" ino=4026548033 scontext=u:r:untrusted_app_25:s0:c512,c768 tcontext=u:object_r:proc_stat:s0 tclass=file permissive=0
02-04 23:26:48.794 31587 31587 I ServiceManager: Waiting for service AtCmdFwd...
02-04 23:26:50.810 31587 31587 I chatty  : uid=1000(system) /vendor/bin/ATFWD-daemon identical 2 lines
02-04 23:26:51.817 31587 31587 I ServiceManager: Waiting for service AtCmdFwd...
02-04 23:26:52.831 31587 31587 W Atfwd_Sendcmd: AtCmdFwd service not published, waiting... retryCnt : 5
02-04 23:27:17.835 31587 31587 I Atfwd_Sendcmd: AtCmdFwd service not ready - Exhausted retry attempts - :6
02-04 23:27:17.835 31587 31587 I Atfwd_Daemon: result : -1 	 ,Init step :2 	 ,qmiErrorCode: 0
02-04 23:27:36.588   571   940 E QC-QMI  : linux_qmi_qmux_io_wake_lock: Err in writing wakelock=qmuxd_port_wl_0, error [1:Operation not permitted]
02-04 23:27:36.589   571   940 E QC-QMI  : linux_qmi_qmux_io_wake_unlock: Err in writing wakelock=qmuxd_port_wl_0, error [1:Operation not permitted]
02-04 23:27:37.839 31587 31587 I ServiceManager: Waiting for service AtCmdFwd...
02-04 23:27:39.858 31587 31587 I chatty  : uid=1000(system) /vendor/bin/ATFWD-daemon identical 2 lines
02-04 23:27:40.868 31587 31587 I ServiceManager: Waiting for service AtCmdFwd...
02-04 23:27:41.873 31587 31587 W Atfwd_Sendcmd: AtCmdFwd service not published, waiting... retryCnt : 1
02-04 23:27:44.265   571   940 E QC-QMI  : linux_qmi_qmux_io_wake_lock: Err in writing wakelock=qmuxd_port_wl_0, error [1:Operation not permitted]
02-04 23:27:44.265   571   940 E QC-QMI  : linux_qmi_qmux_io_wake_unlock: Err in writing wakelock=qmuxd_port_wl_0, error [1:Operation not permitted]
02-04 23:27:46.820   571   940 E QC-QMI  : linux_qmi_qmux_io_wake_lock: Err in writing wakelock=qmuxd_port_wl_0, error [1:Operation not permitted]
02-04 23:27:46.822   571   940 E QC-QMI  : linux_qmi_qmux_io_wake_unlock: Err in writing wakelock=qmuxd_port_wl_0, error [1:Operation not permitted]
02-04 23:27:46.876 31587 31587 I ServiceManager: Waiting for service AtCmdFwd...
02-04 23:27:48.880 31587 31587 I chatty  : uid=1000(system) /vendor/bin/ATFWD-daemon identical 2 lines
02-04 23:27:49.884 31587 31587 I ServiceManager: Waiting for service AtCmdFwd...
02-04 23:27:50.894 31587 31587 W Atfwd_Sendcmd: AtCmdFwd service not published, waiting... retryCnt : 2
02-04 23:27:59.618   571   940 E QC-QMI  : linux_qmi_qmux_io_wake_lock: Err in writing wakelock=qmuxd_port_wl_0, error [1:Operation not permitted]
02-04 23:27:59.619   571   940 E QC-QMI  : linux_qmi_qmux_io_wake_unlock: Err in writing wakelock=qmuxd_port_wl_0, error [1:Operation not permitted]
02-04 23:28:00.896 31587 31587 I ServiceManager: Waiting for service AtCmdFwd...
02-04 23:28:02.906 31587 31587 I chatty  : uid=1000(system) /vendor/bin/ATFWD-daemon identical 2 lines
02-04 23:28:03.914 31587 31587 I ServiceManager: Waiting for service AtCmdFwd...
02-04 23:28:04.923 31587 31587 W Atfwd_Sendcmd: AtCmdFwd service not published, waiting... retryCnt : 3
02-04 23:28:07.307   571   940 E QC-QMI  : linux_qmi_qmux_io_wake_lock: Err in writing wakelock=qmuxd_port_wl_0, error [1:Operation not permitted]
02-04 23:28:07.307   571   940 E QC-QMI  : linux_qmi_qmux_io_wake_unlock: Err in writing wakelock=qmuxd_port_wl_0, error [1:Operation not permitted]
02-04 23:28:14.982   571   940 E QC-QMI  : linux_qmi_qmux_io_wake_lock: Err in writing wakelock=qmuxd_port_wl_0, error [1:Operation not permitted]
02-04 23:28:14.982   571   940 E QC-QMI  : linux_qmi_qmux_io_wake_unlock: Err in writing wakelock=qmuxd_port_wl_0, error [1:Operation not permitted]
02-04 23:28:17.537   571   940 E QC-QMI  : linux_qmi_qmux_io_wake_lock: Err in writing wakelock=qmuxd_port_wl_0, error [1:Operation not permitted]
02-04 23:28:17.540   571   940 E QC-QMI  : linux_qmi_qmux_io_wake_unlock: Err in writing wakelock=qmuxd_port_wl_0, error [1:Operation not permitted]
02-04 23:28:19.929 31587 31587 I ServiceManager: Waiting for service AtCmdFwd...
02-04 23:28:21.940 31587 31587 I chatty  : uid=1000(system) /vendor/bin/ATFWD-daemon identical 2 lines
02-04 23:28:22.944 31587 31587 I ServiceManager: Waiting for service AtCmdFwd...
02-04 23:28:23.948 31587 31587 W Atfwd_Sendcmd: AtCmdFwd service not published, waiting... retryCnt : 4
02-04 23:28:30.343   571   940 E QC-QMI  : linux_qmi_qmux_io_wake_lock: Err in writing wakelock=qmuxd_port_wl_0, error [1:Operation not permitted]
02-04 23:28:30.344   571   940 E QC-QMI  : linux_qmi_qmux_io_wake_unlock: Err in writing wakelock=qmuxd_port_wl_0, error [1:Operation not permitted]
02-04 23:28:35.386  3552  3552 W SceneBgThread: type=1400 audit(0.0:2914): avc: denied { read } for name="stat" dev="proc" ino=4026548033 scontext=u:r:untrusted_app_25:s0:c512,c768 tcontext=u:object_r:proc_stat:s0 tclass=file permissive=0
02-04 23:28:38.024   571   940 E QC-QMI  : linux_qmi_qmux_io_wake_lock: Err in writing wakelock=qmuxd_port_wl_0, error [1:Operation not permitted]
02-04 23:28:38.024   571   940 E QC-QMI  : linux_qmi_qmux_io_wake_unlock: Err in writing wakelock=qmuxd_port_wl_0, error [1:Operation not permitted]
02-04 23:28:40.400  3552  3552 W SceneBgThread: type=1400 audit(0.0:2915): avc: denied { read } for name="stat" dev="proc" ino=4026548033 scontext=u:r:untrusted_app_25:s0:c512,c768 tcontext=u:object_r:proc_stat:s0 tclass=file permissive=0
02-04 23:28:43.958 31587 31587 I ServiceManager: Waiting for service AtCmdFwd...
02-04 23:28:44.976 31587 31587 I ServiceManager: Waiting for service AtCmdFwd...
02-04 23:28:45.413  3552  3552 W SceneBgThread: type=1400 audit(0.0:2916): avc: denied { read } for name="stat" dev="proc" ino=4026548033 scontext=u:r:untrusted_app_25:s0:c512,c768 tcontext=u:object_r:proc_stat:s0 tclass=file permissive=0
02-04 23:28:45.700   571   940 E QC-QMI  : linux_qmi_qmux_io_wake_lock: Err in writing wakelock=qmuxd_port_wl_0, error [1:Operation not permitted]
02-04 23:28:45.701   571   940 E QC-QMI  : linux_qmi_qmux_io_wake_unlock: Err in writing wakelock=qmuxd_port_wl_0, error [1:Operation not permitted]
02-04 23:28:45.984 31587 31587 I ServiceManager: Waiting for service AtCmdFwd...
02-04 23:28:46.987 31587 31587 I ServiceManager: Waiting for service AtCmdFwd...
02-04 23:28:47.988 31587 31587 W Atfwd_Sendcmd: AtCmdFwd service not published, waiting... retryCnt : 5
02-04 23:28:48.267   571   940 E QC-QMI  : linux_qmi_qmux_io_wake_lock: Err in writing wakelock=qmuxd_port_wl_0, error [1:Operation not permitted]
02-04 23:28:48.267   571   940 E QC-QMI  : linux_qmi_qmux_io_wake_unlock: Err in writing wakelock=qmuxd_port_wl_0, error [1:Operation not permitted]
02-04 23:29:01.063   571   940 E QC-QMI  : linux_qmi_qmux_io_wake_lock: Err in writing wakelock=qmuxd_port_wl_0, error [1:Operation not permitted]
02-04 23:29:01.063   571   940 E QC-QMI  : linux_qmi_qmux_io_wake_unlock: Err in writing wakelock=qmuxd_port_wl_0, error [1:Operation not permitted]
02-04 23:29:03.619   571   940 E QC-QMI  : linux_qmi_qmux_io_wake_lock: Err in writing wakelock=qmuxd_port_wl_0, error [1:Operation not permitted]
02-04 23:29:03.620   571   940 E QC-QMI  : linux_qmi_qmux_io_wake_unlock: Err in writing wakelock=qmuxd_port_wl_0, error [1:Operation not permitted]
02-04 23:29:11.304   571   940 E QC-QMI  : linux_qmi_qmux_io_wake_lock: Err in writing wakelock=qmuxd_port_wl_0, error [1:Operation not permitted]
02-04 23:29:11.304   571   940 E QC-QMI  : linux_qmi_qmux_io_wake_unlock: Err in writing wakelock=qmuxd_port_wl_0, error [1:Operation not permitted]
02-04 23:29:13.002 31587 31587 I Atfwd_Sendcmd: AtCmdFwd service not ready - Exhausted retry attempts - :6
02-04 23:29:13.003 31587 31587 I Atfwd_Daemon: result : -1 	 ,Init step :2 	 ,qmiErrorCode: 0
02-04 23:29:18.984   571   940 E QC-QMI  : linux_qmi_qmux_io_wake_lock: Err in writing wakelock=qmuxd_port_wl_0, error [1:Operation not permitted]
02-04 23:29:18.985   571   940 E QC-QMI  : linux_qmi_qmux_io_wake_unlock: Err in writing wakelock=qmuxd_port_wl_0, error [1:Operation not permitted]
02-04 23:29:24.105   571   940 E QC-QMI  : linux_qmi_qmux_io_wake_lock: Err in writing wakelock=qmuxd_port_wl_0, error [1:Operation not permitted]
02-04 23:29:24.105   571   940 E QC-QMI  : linux_qmi_qmux_io_wake_unlock: Err in writing wakelock=qmuxd_port_wl_0, error [1:Operation not permitted]
02-04 23:29:31.780   571   940 E QC-QMI  : linux_qmi_qmux_io_wake_lock: Err in writing wakelock=qmuxd_port_wl_0, error [1:Operation not permitted]
02-04 23:29:31.781   571   940 E QC-QMI  : linux_qmi_qmux_io_wake_unlock: Err in writing wakelock=qmuxd_port_wl_0, error [1:Operation not permitted]
02-04 23:29:34.346   571   940 E QC-QMI  : linux_qmi_qmux_io_wake_lock: Err in writing wakelock=qmuxd_port_wl_0, error [1:Operation not permitted]
02-04 23:29:34.347   571   940 E QC-QMI  : linux_qmi_qmux_io_wake_unlock: Err in writing wakelock=qmuxd_port_wl_0, error [1:Operation not permitted]
02-04 23:29:38.024 31587 31590 E QC-QMI  : qmi_client [31587] d1: failed to locate client data
02-04 23:29:38.026   571   571 E QC-QMI  : qmuxd: RX on fd=20 returned error=0 errno[2:No such file or directory]
02-04 23:29:38.026   571   571 E QC-QMI  : QMUX qmux_client_id=d1 not found in qmux client list, unable to remove
02-04 23:29:38.029 31587 31587 I Atfwd_Daemon: Stop the daemon....
02-04 23:29:38.102 31639 31639 I libmdmdetect: ESOC framework not supported
02-04 23:29:38.103 31639 31639 I libmdmdetect: Found internal modem: modem
02-04 23:29:38.113 31639 31639 I Atfwd_Daemon: result : 255 	 ,Init step :0 	 ,qmiErrorCode: 0
02-04 23:29:38.113 31639 31639 I Atfwd_Daemon: result : 0 	 ,Init step :1 	 ,qmiErrorCode: 0
02-04 23:29:38.114 31639 31639 I ServiceManager: Waiting for service AtCmdFwd...
02-04 23:29:39.125 31639 31639 I ServiceManager: Waiting for service AtCmdFwd...
02-04 23:29:39.464   571   940 E QC-QMI  : linux_qmi_qmux_io_wake_lock: Err in writing wakelock=qmuxd_port_wl_0, error [1:Operation not permitted]
02-04 23:29:39.465   571   940 E QC-QMI  : linux_qmi_qmux_io_wake_unlock: Err in writing wakelock=qmuxd_port_wl_0, error [1:Operation not permitted]
02-04 23:29:40.139 31639 31639 I ServiceManager: Waiting for service AtCmdFwd...
02-04 23:29:41.153 31639 31639 I ServiceManager: Waiting for service AtCmdFwd...
02-04 23:29:42.024   571   940 E QC-QMI  : linux_qmi_qmux_io_wake_lock: Err in writing wakelock=qmuxd_port_wl_0, error [1:Operation not permitted]
02-04 23:29:42.027   571   940 E QC-QMI  : linux_qmi_qmux_io_wake_unlock: Err in writing wakelock=qmuxd_port_wl_0, error [1:Operation not permitted]
02-04 23:29:42.155 31639 31639 W Atfwd_Sendcmd: AtCmdFwd service not published, waiting... retryCnt : 1
02-04 23:29:47.144   571   940 E QC-QMI  : linux_qmi_qmux_io_wake_lock: Err in writing wakelock=qmuxd_port_wl_0, error [1:Operation not permitted]
02-04 23:29:47.145   571   940 E QC-QMI  : linux_qmi_qmux_io_wake_unlock: Err in writing wakelock=qmuxd_port_wl_0, error [1:Operation not permitted]
02-04 23:29:47.157 31639 31639 I ServiceManager: Waiting for service AtCmdFwd...
02-04 23:29:48.162 31639 31639 I chatty  : uid=1000(system) /vendor/bin/ATFWD-daemon identical 1 line
02-04 23:29:49.164 31639 31639 I ServiceManager: Waiting for service AtCmdFwd...
02-04 23:29:49.701   571   940 E QC-QMI  : linux_qmi_qmux_io_wake_lock: Err in writing wakelock=qmuxd_port_wl_0, error [1:Operation not permitted]
02-04 23:29:49.702   571   940 E QC-QMI  : linux_qmi_qmux_io_wake_unlock: Err in writing wakelock=qmuxd_port_wl_0, error [1:Operation not permitted]
02-04 23:29:50.167 31639 31639 I ServiceManager: Waiting for service AtCmdFwd...
02-04 23:29:51.180 31639 31639 W Atfwd_Sendcmd: AtCmdFwd service not published, waiting... retryCnt : 2
02-04 23:29:54.822   571   940 E QC-QMI  : linux_qmi_qmux_io_wake_lock: Err in writing wakelock=qmuxd_port_wl_0, error [1:Operation not permitted]
02-04 23:29:54.826   571   940 E QC-QMI  : linux_qmi_qmux_io_wake_unlock: Err in writing wakelock=qmuxd_port_wl_0, error [1:Operation not permitted]
02-04 23:29:57.387   571   940 E QC-QMI  : linux_qmi_qmux_io_wake_lock: Err in writing wakelock=qmuxd_port_wl_0, error [1:Operation not permitted]
02-04 23:29:57.390   571   940 E QC-QMI  : linux_qmi_qmux_io_wake_unlock: Err in writing wakelock=qmuxd_port_wl_0, error [1:Operation not permitted]
02-04 23:30:00.061   816   816 D ConditionProviders.SCP: onReceive ScheduleConditionProvider.EVALUATE
02-04 23:30:00.062   816   816 D ConditionProviders.SCP: notifyCondition condition://android/schedule?days=6.7&start=23.30&end=10.0&exitAtAlarm=false STATE_TRUE reason=meetsSchedule
02-04 23:30:00.063   816   816 D ConditionProviders.SCP: notifyCondition condition://android/schedule?days=1.2.3.4.5&start=22.0&end=7.0&exitAtAlarm=false STATE_FALSE reason=!meetsSchedule
02-04 23:30:00.064   816   816 D ConditionProviders.SCP: Scheduling evaluate for Sat Feb 05 07:00:00 GMT+00:00 1972 (66121200000), in +7h29m59s939ms, now=Fri Feb 04 23:30:00 GMT+00:00 1972 (66094200061)
02-04 23:30:00.071   816   816 D ZenLog  : config: conditionChanged,ZenModeConfig[user=0,allowCalls=true,allowRepeatCallers=false,allowMessages=false,allowCallsFrom=contacts,allowMessagesFrom=contacts,allowReminders=true,allowEvents=true,allowWhenScreenOff=true,allowWhenScreenOn=true,automaticRules={fac2fcd2b08948a7adfe251d4e0d6763=ZenRule[enabled=false,snoozing=false,name=Weekend,zenMode=ZEN_MODE_ALARMS,conditionId=condition://android/schedule?days=6.7&start=23.30&end=10.0&exitAtAlarm=false,condition=Condition[id=condition://android/schedule?days=6.7&start=23.30&end=10.0&exitAtAlarm=false,summary=...,line1=...,line2=...,icon=0,state=STATE_TRUE,flags=2],component=ComponentInfo{android/com.android.server.notification.ScheduleConditionProvider},id=fac2fcd2b08948a7adfe251d4e0d6763,creationTime=65726929246,enabler=null], b462c7ed0a7c4dd3a4d44f91b45879d8=ZenRule[enabled=false,snoozing=false,name=Weeknight,zenMode=ZEN_MODE_ALARMS,conditionId=condition://android/schedule?days=1.2.3.4.5&start=22.0&end=7.0&exitAtAlarm=false,condition=Condition[id=condition://android/schedule?days=1.2.3.4.5&start=22.0&end=7.0&exitAtAlarm=false,summary=...,line1=...,line2=...,icon=0,state=STATE_FALSE,flags=2],component=ComponentInfo{android/com.android.server.notification.ScheduleConditionProvider},id=b462c7ed0a7c4dd3a4d44f91b45879d8,creationTime=65726929246,enabler=null], 421391c62ead4cc09323c73edd2db020=ZenRule[enabled=false,snoozing=false,name=Event,zenMode=ZEN_MODE_ALARMS,conditionId=condition://android/event?userId=-10000&calendar=&reply=1,condition=Condition[id=condition://android/event?userId=-10000&calendar=&reply=1,summary=...,line1=...,line2=...,icon=0,state=STATE_FALSE,flags=2],component=ComponentInfo{android/com.android.server.notification.EventConditionProvider},id=421391c62ead4cc09323c73edd2db020,creationTime=65726929247,enabler=null]},manualRule=null],Diff[automaticRule[fac2fcd2b08948a7adfe251d4e0d6763].condition:Condition[id=condition://android/schedule?days=6.7&start=23.30&end=10.0&exitAtAlarm=false,summary=...,line1=...,line2=...,icon=0,state=STATE_FALSE,flags=2]->Condition[id=condition://android/schedule?days=6.7&start=23.30&end=10.0&exitAtAlarm=false,summary=...,line1=...,line2=...,icon=0,state=STATE_TRUE,flags=2]]
02-04 23:30:00.198   816   816 D ZenLog  : set_zen_mode: off,conditionChanged
02-04 23:30:01.183 31639 31639 I ServiceManager: Waiting for service AtCmdFwd...
02-04 23:30:03.198 31639 31639 I chatty  : uid=1000(system) /vendor/bin/ATFWD-daemon identical 2 lines
02-04 23:30:04.202 31639 31639 I ServiceManager: Waiting for service AtCmdFwd...
02-04 23:30:05.204 31639 31639 W Atfwd_Sendcmd: AtCmdFwd service not published, waiting... retryCnt : 3
02-04 23:30:10.187   571   940 E QC-QMI  : linux_qmi_qmux_io_wake_lock: Err in writing wakelock=qmuxd_port_wl_0, error [1:Operation not permitted]
02-04 23:30:10.187   571   940 E QC-QMI  : linux_qmi_qmux_io_wake_unlock: Err in writing wakelock=qmuxd_port_wl_0, error [1:Operation not permitted]
02-04 23:30:12.730   571   940 E QC-QMI  : linux_qmi_qmux_io_wake_lock: Err in writing wakelock=qmuxd_port_wl_0, error [1:Operation not permitted]
02-04 23:30:12.733   571   940 E QC-QMI  : linux_qmi_qmux_io_wake_unlock: Err in writing wakelock=qmuxd_port_wl_0, error [1:Operation not permitted]
02-04 23:30:17.862   571   940 E QC-QMI  : linux_qmi_qmux_io_wake_lock: Err in writing wakelock=qmuxd_port_wl_0, error [1:Operation not permitted]
02-04 23:30:17.863   571   940 E QC-QMI  : linux_qmi_qmux_io_wake_unlock: Err in writing wakelock=qmuxd_port_wl_0, error [1:Operation not permitted]
02-04 23:30:20.214 31639 31639 I ServiceManager: Waiting for service AtCmdFwd...
02-04 23:30:22.227 31639 31639 I chatty  : uid=1000(system) /vendor/bin/ATFWD-daemon identical 2 lines
02-04 23:30:23.237 31639 31639 I ServiceManager: Waiting for service AtCmdFwd...
02-04 23:30:24.241 31639 31639 W Atfwd_Sendcmd: AtCmdFwd service not published, waiting... retryCnt : 4
02-04 23:30:35.467  3552  3552 W SceneBgThread: type=1400 audit(0.0:2917): avc: denied { read } for name="stat" dev="proc" ino=4026548033 scontext=u:r:untrusted_app_25:s0:c512,c768 tcontext=u:object_r:proc_stat:s0 tclass=file permissive=0
02-04 23:30:40.480  3552  3552 W SceneBgThread: type=1400 audit(0.0:2918): avc: denied { read } for name="stat" dev="proc" ino=4026548033 scontext=u:r:untrusted_app_25:s0:c512,c768 tcontext=u:object_r:proc_stat:s0 tclass=file permissive=0
02-04 23:30:43.459   571   940 E QC-QMI  : linux_qmi_qmux_io_wake_lock: Err in writing wakelock=qmuxd_port_wl_0, error [1:Operation not permitted]
02-04 23:30:43.460   571   940 E QC-QMI  : linux_qmi_qmux_io_wake_unlock: Err in writing wakelock=qmuxd_port_wl_0, error [1:Operation not permitted]
02-04 23:30:44.246 31639 31639 I ServiceManager: Waiting for service AtCmdFwd...
02-04 23:30:45.250 31639 31639 I ServiceManager: Waiting for service AtCmdFwd...
02-04 23:30:45.493  3552  3552 W SceneBgThread: type=1400 audit(0.0:2919): avc: denied { read } for name="stat" dev="proc" ino=4026548033 scontext=u:r:untrusted_app_25:s0:c512,c768 tcontext=u:object_r:proc_stat:s0 tclass=file permissive=0
02-04 23:30:46.254 31639 31639 I ServiceManager: Waiting for service AtCmdFwd...
02-04 23:30:47.260 31639 31639 I ServiceManager: Waiting for service AtCmdFwd...
02-04 23:30:48.266 31639 31639 W Atfwd_Sendcmd: AtCmdFwd service not published, waiting... retryCnt : 5
02-04 23:31:13.268 31639 31639 I Atfwd_Sendcmd: AtCmdFwd service not ready - Exhausted retry attempts - :6
02-04 23:31:13.268 31639 31639 I Atfwd_Daemon: result : -1 	 ,Init step :2 	 ,qmiErrorCode: 0
02-04 23:31:14.188   571   940 E QC-QMI  : linux_qmi_qmux_io_wake_lock: Err in writing wakelock=qmuxd_port_wl_0, error [1:Operation not permitted]
02-04 23:31:14.189   571   940 E QC-QMI  : linux_qmi_qmux_io_wake_unlock: Err in writing wakelock=qmuxd_port_wl_0, error [1:Operation not permitted]
02-04 23:31:18.287 31639 31639 I ServiceManager: Waiting for service AtCmdFwd...
02-04 23:31:20.308 31639 31639 I chatty  : uid=1000(system) /vendor/bin/ATFWD-daemon identical 2 lines
02-04 23:31:21.313 31639 31639 I ServiceManager: Waiting for service AtCmdFwd...
02-04 23:31:22.333 31639 31639 W Atfwd_Sendcmd: AtCmdFwd service not published, waiting... retryCnt : 1
02-04 23:31:26.984   571   940 E QC-QMI  : linux_qmi_qmux_io_wake_lock: Err in writing wakelock=qmuxd_port_wl_0, error [1:Operation not permitted]
02-04 23:31:26.985   571   940 E QC-QMI  : linux_qmi_qmux_io_wake_unlock: Err in writing wakelock=qmuxd_port_wl_0, error [1:Operation not permitted]
02-04 23:31:27.339 31639 31639 I ServiceManager: Waiting for service AtCmdFwd...
02-04 23:31:29.365 31639 31639 I chatty  : uid=1000(system) /vendor/bin/ATFWD-daemon identical 2 lines
02-04 23:31:30.372 31639 31639 I ServiceManager: Waiting for service AtCmdFwd...
02-04 23:31:31.376 31639 31639 W Atfwd_Sendcmd: AtCmdFwd service not published, waiting... retryCnt : 2
02-04 23:31:34.661   571   940 E QC-QMI  : linux_qmi_qmux_io_wake_lock: Err in writing wakelock=qmuxd_port_wl_0, error [1:Operation not permitted]
02-04 23:31:34.661   571   940 E QC-QMI  : linux_qmi_qmux_io_wake_unlock: Err in writing wakelock=qmuxd_port_wl_0, error [1:Operation not permitted]
02-04 23:31:41.384 31639 31639 I ServiceManager: Waiting for service AtCmdFwd...
02-04 23:31:42.350   571   940 E QC-QMI  : linux_qmi_qmux_io_wake_lock: Err in writing wakelock=qmuxd_port_wl_0, error [1:Operation not permitted]
02-04 23:31:42.350   571   940 E QC-QMI  : linux_qmi_qmux_io_wake_unlock: Err in writing wakelock=qmuxd_port_wl_0, error [1:Operation not permitted]
02-04 23:31:42.387 31639 31639 I ServiceManager: Waiting for service AtCmdFwd...
02-04 23:31:43.393 31639 31639 I chatty  : uid=1000(system) /vendor/bin/ATFWD-daemon identical 1 line
02-04 23:31:44.400 31639 31639 I ServiceManager: Waiting for service AtCmdFwd...
02-04 23:31:45.407 31639 31639 W Atfwd_Sendcmd: AtCmdFwd service not published, waiting... retryCnt : 3
02-04 23:31:52.583   571   940 E QC-QMI  : linux_qmi_qmux_io_wake_lock: Err in writing wakelock=qmuxd_port_wl_0, error [1:Operation not permitted]
02-04 23:31:52.583   571   940 E QC-QMI  : linux_qmi_qmux_io_wake_unlock: Err in writing wakelock=qmuxd_port_wl_0, error [1:Operation not permitted]
02-04 23:32:00.409 31639 31639 I ServiceManager: Waiting for service AtCmdFwd...
02-04 23:32:02.418 31639 31639 I chatty  : uid=1000(system) /vendor/bin/ATFWD-daemon identical 2 lines
02-04 23:32:03.433 31639 31639 I ServiceManager: Waiting for service AtCmdFwd...
02-04 23:32:04.447 31639 31639 W Atfwd_Sendcmd: AtCmdFwd service not published, waiting... retryCnt : 4
02-04 23:32:05.379   571   940 E QC-QMI  : linux_qmi_qmux_io_wake_lock: Err in writing wakelock=qmuxd_port_wl_0, error [1:Operation not permitted]
02-04 23:32:05.380   571   940 E QC-QMI  : linux_qmi_qmux_io_wake_unlock: Err in writing wakelock=qmuxd_port_wl_0, error [1:Operation not permitted]
02-04 23:32:13.067   571   940 E QC-QMI  : linux_qmi_qmux_io_wake_lock: Err in writing wakelock=qmuxd_port_wl_0, error [1:Operation not permitted]
02-04 23:32:13.068   571   940 E QC-QMI  : linux_qmi_qmux_io_wake_unlock: Err in writing wakelock=qmuxd_port_wl_0, error [1:Operation not permitted]
02-04 23:32:24.458 31639 31639 I ServiceManager: Waiting for service AtCmdFwd...
02-04 23:32:26.471 31639 31639 I chatty  : uid=1000(system) /vendor/bin/ATFWD-daemon identical 2 lines
02-04 23:32:27.484 31639 31639 I ServiceManager: Waiting for service AtCmdFwd...
02-04 23:32:28.495 31639 31639 W Atfwd_Sendcmd: AtCmdFwd service not published, waiting... retryCnt : 5
02-04 23:32:35.566  3552  3552 W SceneBgThread: type=1400 audit(0.0:2920): avc: denied { read } for name="stat" dev="proc" ino=4026548033 scontext=u:r:untrusted_app_25:s0:c512,c768 tcontext=u:object_r:proc_stat:s0 tclass=file permissive=0
02-04 23:32:40.580  3552  3552 I chatty  : uid=10063(u0_a63) SceneBgThread identical 1 line
02-04 23:32:45.593  3552  3552 W SceneBgThread: type=1400 audit(0.0:2922): avc: denied { read } for name="stat" dev="proc" ino=4026548033 scontext=u:r:untrusted_app_25:s0:c512,c768 tcontext=u:object_r:proc_stat:s0 tclass=file permissive=0
02-04 23:32:53.503 31639 31639 I Atfwd_Sendcmd: AtCmdFwd service not ready - Exhausted retry attempts - :6
02-04 23:32:53.503 31639 31639 I Atfwd_Daemon: result : -1 	 ,Init step :2 	 ,qmiErrorCode: 0
02-04 23:33:01.694   571   940 E QC-QMI  : linux_qmi_qmux_io_wake_lock: Err in writing wakelock=qmuxd_port_wl_0, error [1:Operation not permitted]
02-04 23:33:01.694   571   940 E QC-QMI  : linux_qmi_qmux_io_wake_unlock: Err in writing wakelock=qmuxd_port_wl_0, error [1:Operation not permitted]
02-04 23:33:03.504 31639 31639 I ServiceManager: Waiting for service AtCmdFwd...
02-04 23:33:05.516 31639 31639 I chatty  : uid=1000(system) /vendor/bin/ATFWD-daemon identical 2 lines
02-04 23:33:06.520 31639 31639 I ServiceManager: Waiting for service AtCmdFwd...
02-04 23:33:07.522 31639 31639 W Atfwd_Sendcmd: AtCmdFwd service not published, waiting... retryCnt : 1
02-04 23:33:12.526 31639 31639 I ServiceManager: Waiting for service AtCmdFwd...
02-04 23:33:14.537 31639 31639 I chatty  : uid=1000(system) /vendor/bin/ATFWD-daemon identical 2 lines
02-04 23:33:15.540 31639 31639 I ServiceManager: Waiting for service AtCmdFwd...
02-04 23:33:16.544 31639 31639 W Atfwd_Sendcmd: AtCmdFwd service not published, waiting... retryCnt : 2
02-04 23:33:26.548 31639 31639 I ServiceManager: Waiting for service AtCmdFwd...
02-04 23:33:28.553 31639 31639 I chatty  : uid=1000(system) /vendor/bin/ATFWD-daemon identical 2 lines
02-04 23:33:29.555 31639 31639 I ServiceManager: Waiting for service AtCmdFwd...
02-04 23:33:30.556 31639 31639 W Atfwd_Sendcmd: AtCmdFwd service not published, waiting... retryCnt : 3
02-04 23:33:45.563 31639 31639 I ServiceManager: Waiting for service AtCmdFwd...
02-04 23:33:47.570 31639 31639 I chatty  : uid=1000(system) /vendor/bin/ATFWD-daemon identical 2 lines
02-04 23:33:48.585 31639 31639 I ServiceManager: Waiting for service AtCmdFwd...
02-04 23:33:49.591 31639 31639 W Atfwd_Sendcmd: AtCmdFwd service not published, waiting... retryCnt : 4
02-04 23:34:03.147   571   940 E QC-QMI  : linux_qmi_qmux_io_wake_lock: Err in writing wakelock=qmuxd_port_wl_0, error [1:Operation not permitted]
02-04 23:34:03.148   571   940 E QC-QMI  : linux_qmi_qmux_io_wake_unlock: Err in writing wakelock=qmuxd_port_wl_0, error [1:Operation not permitted]
02-04 23:34:05.248   816   906 E HalDeviceManager: Should have at least 1 chip!
02-04 23:34:05.249   816   906 E HalDeviceManager: getSupportedIfaceTypesInternal: no chip info found
02-04 23:34:05.253   816   838 E BatteryStatsService: no controller energy info supplied
02-04 23:34:05.272   571   940 E QC-QMI  : linux_qmi_qmux_io_wake_lock: Err in writing wakelock=qmuxd_port_wl_0, error [1:Operation not permitted]
02-04 23:34:05.273   571   940 E QC-QMI  : linux_qmi_qmux_io_wake_unlock: Err in writing wakelock=qmuxd_port_wl_0, error [1:Operation not permitted]
02-04 23:34:05.273   571   940 E QC-QMI  : linux_qmi_qmux_io_wake_lock: Err in writing wakelock=qmuxd_port_wl_0, error [1:Operation not permitted]
02-04 23:34:05.273   571   940 E QC-QMI  : linux_qmi_qmux_io_wake_unlock: Err in writing wakelock=qmuxd_port_wl_0, error [1:Operation not permitted]
02-04 23:34:09.594 31639 31639 I ServiceManager: Waiting for service AtCmdFwd...
02-04 23:34:11.600 31639 31639 I chatty  : uid=1000(system) /vendor/bin/ATFWD-daemon identical 2 lines
02-04 23:34:12.604 31639 31639 I ServiceManager: Waiting for service AtCmdFwd...
02-04 23:34:13.609 31639 31639 W Atfwd_Sendcmd: AtCmdFwd service not published, waiting... retryCnt : 5
02-04 23:34:15.943   571   940 E QC-QMI  : linux_qmi_qmux_io_wake_lock: Err in writing wakelock=qmuxd_port_wl_0, error [1:Operation not permitted]
02-04 23:34:15.944   571   940 E QC-QMI  : linux_qmi_qmux_io_wake_unlock: Err in writing wakelock=qmuxd_port_wl_0, error [1:Operation not permitted]
02-04 23:34:35.606  3552  3552 W SceneBgThread: type=1400 audit(0.0:2923): avc: denied { read } for name="stat" dev="proc" ino=4026548033 scontext=u:r:untrusted_app_25:s0:c512,c768 tcontext=u:object_r:proc_stat:s0 tclass=file permissive=0
02-04 23:34:38.619 31639 31639 I Atfwd_Sendcmd: AtCmdFwd service not ready - Exhausted retry attempts - :6
02-04 23:34:38.619 31639 31639 I Atfwd_Daemon: result : -1 	 ,Init step :2 	 ,qmiErrorCode: 0
02-04 23:34:40.623  3552  3552 W SceneBgThread: type=1400 audit(0.0:2924): avc: denied { read } for name="stat" dev="proc" ino=4026548033 scontext=u:r:untrusted_app_25:s0:c512,c768 tcontext=u:object_r:proc_stat:s0 tclass=file permissive=0
02-04 23:34:41.541   571   940 E QC-QMI  : linux_qmi_qmux_io_wake_lock: Err in writing wakelock=qmuxd_port_wl_0, error [1:Operation not permitted]
02-04 23:34:41.542   571   940 E QC-QMI  : linux_qmi_qmux_io_wake_unlock: Err in writing wakelock=qmuxd_port_wl_0, error [1:Operation not permitted]
02-04 23:34:45.633  3552  3552 W SceneBgThread: type=1400 audit(0.0:2925): avc: denied { read } for name="stat" dev="proc" ino=4026548033 scontext=u:r:untrusted_app_25:s0:c512,c768 tcontext=u:object_r:proc_stat:s0 tclass=file permissive=0
02-04 23:34:49.220   571   940 E QC-QMI  : linux_qmi_qmux_io_wake_lock: Err in writing wakelock=qmuxd_port_wl_0, error [1:Operation not permitted]
02-04 23:34:49.220   571   940 E QC-QMI  : linux_qmi_qmux_io_wake_unlock: Err in writing wakelock=qmuxd_port_wl_0, error [1:Operation not permitted]
02-04 23:34:53.623 31639 31639 I ServiceManager: Waiting for service AtCmdFwd...
02-04 23:34:54.340   571   940 E QC-QMI  : linux_qmi_qmux_io_wake_lock: Err in writing wakelock=qmuxd_port_wl_0, error [1:Operation not permitted]
02-04 23:34:54.341   571   940 E QC-QMI  : linux_qmi_qmux_io_wake_unlock: Err in writing wakelock=qmuxd_port_wl_0, error [1:Operation not permitted]
02-04 23:34:54.630 31639 31639 I ServiceManager: Waiting for service AtCmdFwd...
02-04 23:34:55.636 31639 31639 I chatty  : uid=1000(system) /vendor/bin/ATFWD-daemon identical 1 line
02-04 23:34:56.641 31639 31639 I ServiceManager: Waiting for service AtCmdFwd...
02-04 23:34:56.905   571   940 E QC-QMI  : linux_qmi_qmux_io_wake_lock: Err in writing wakelock=qmuxd_port_wl_0, error [1:Operation not permitted]
02-04 23:34:56.906   571   940 E QC-QMI  : linux_qmi_qmux_io_wake_unlock: Err in writing wakelock=qmuxd_port_wl_0, error [1:Operation not permitted]
02-04 23:34:57.645 31639 31639 W Atfwd_Sendcmd: AtCmdFwd service not published, waiting... retryCnt : 1
02-04 23:35:02.648 31639 31639 I ServiceManager: Waiting for service AtCmdFwd...
02-04 23:35:04.658 31639 31639 I chatty  : uid=1000(system) /vendor/bin/ATFWD-daemon identical 2 lines
02-04 23:35:05.662 31639 31639 I ServiceManager: Waiting for service AtCmdFwd...
02-04 23:35:06.669 31639 31639 W Atfwd_Sendcmd: AtCmdFwd service not published, waiting... retryCnt : 2
02-04 23:35:16.674 31639 31639 I ServiceManager: Waiting for service AtCmdFwd...
02-04 23:35:17.381   571   940 E QC-QMI  : linux_qmi_qmux_io_wake_lock: Err in writing wakelock=qmuxd_port_wl_0, error [1:Operation not permitted]
02-04 23:35:17.381   571   940 E QC-QMI  : linux_qmi_qmux_io_wake_unlock: Err in writing wakelock=qmuxd_port_wl_0, error [1:Operation not permitted]
02-04 23:35:17.678 31639 31639 I ServiceManager: Waiting for service AtCmdFwd...
02-04 23:35:18.683 31639 31639 I chatty  : uid=1000(system) /vendor/bin/ATFWD-daemon identical 1 line
02-04 23:35:19.688 31639 31639 I ServiceManager: Waiting for service AtCmdFwd...
02-04 23:35:19.944   571   940 E QC-QMI  : linux_qmi_qmux_io_wake_lock: Err in writing wakelock=qmuxd_port_wl_0, error [1:Operation not permitted]
02-04 23:35:19.947   571   940 E QC-QMI  : linux_qmi_qmux_io_wake_unlock: Err in writing wakelock=qmuxd_port_wl_0, error [1:Operation not permitted]
02-04 23:35:20.693 31639 31639 W Atfwd_Sendcmd: AtCmdFwd service not published, waiting... retryCnt : 3
02-04 23:35:27.624   571   940 E QC-QMI  : linux_qmi_qmux_io_wake_lock: Err in writing wakelock=qmuxd_port_wl_0, error [1:Operation not permitted]
02-04 23:35:27.625   571   940 E QC-QMI  : linux_qmi_qmux_io_wake_unlock: Err in writing wakelock=qmuxd_port_wl_0, error [1:Operation not permitted]
02-04 23:35:32.744   571   940 E QC-QMI  : linux_qmi_qmux_io_wake_lock: Err in writing wakelock=qmuxd_port_wl_0, error [1:Operation not permitted]
02-04 23:35:32.745   571   940 E QC-QMI  : linux_qmi_qmux_io_wake_unlock: Err in writing wakelock=qmuxd_port_wl_0, error [1:Operation not permitted]
02-04 23:35:35.697 31639 31639 I ServiceManager: Waiting for service AtCmdFwd...
02-04 23:35:37.711 31639 31639 I chatty  : uid=1000(system) /vendor/bin/ATFWD-daemon identical 2 lines
02-04 23:35:38.733 31639 31639 I ServiceManager: Waiting for service AtCmdFwd...
02-04 23:35:39.739 31639 31639 W Atfwd_Sendcmd: AtCmdFwd service not published, waiting... retryCnt : 4
02-04 23:35:42.987   571   940 E QC-QMI  : linux_qmi_qmux_io_wake_lock: Err in writing wakelock=qmuxd_port_wl_0, error [1:Operation not permitted]
02-04 23:35:42.987   571   940 E QC-QMI  : linux_qmi_qmux_io_wake_unlock: Err in writing wakelock=qmuxd_port_wl_0, error [1:Operation not permitted]
02-04 23:35:50.664   571   940 E QC-QMI  : linux_qmi_qmux_io_wake_lock: Err in writing wakelock=qmuxd_port_wl_0, error [1:Operation not permitted]
02-04 23:35:50.665   571   940 E QC-QMI  : linux_qmi_qmux_io_wake_unlock: Err in writing wakelock=qmuxd_port_wl_0, error [1:Operation not permitted]
02-04 23:35:59.746 31639 31639 I ServiceManager: Waiting for service AtCmdFwd...
02-04 23:36:01.771 31639 31639 I chatty  : uid=1000(system) /vendor/bin/ATFWD-daemon identical 2 lines
02-04 23:36:02.777 31639 31639 I ServiceManager: Waiting for service AtCmdFwd...
02-04 23:36:03.784 31639 31639 W Atfwd_Sendcmd: AtCmdFwd service not published, waiting... retryCnt : 5
02-04 23:36:28.796 31639 31639 I Atfwd_Sendcmd: AtCmdFwd service not ready - Exhausted retry attempts - :6
02-04 23:36:28.796 31639 31639 I Atfwd_Daemon: result : -1 	 ,Init step :2 	 ,qmiErrorCode: 0
02-04 23:36:35.680  3552  3552 W SceneBgThread: type=1400 audit(0.0:2926): avc: denied { read } for name="stat" dev="proc" ino=4026548033 scontext=u:r:untrusted_app_25:s0:c512,c768 tcontext=u:object_r:proc_stat:s0 tclass=file permissive=0
02-04 23:36:40.693  3552  3552 I chatty  : uid=10063(u0_a63) SceneBgThread identical 1 line
02-04 23:36:45.703  3552  3552 W SceneBgThread: type=1400 audit(0.0:2928): avc: denied { read } for name="stat" dev="proc" ino=4026548033 scontext=u:r:untrusted_app_25:s0:c512,c768 tcontext=u:object_r:proc_stat:s0 tclass=file permissive=0
02-04 23:36:48.805 31639 31639 I ServiceManager: Waiting for service AtCmdFwd...
02-04 23:36:50.818 31639 31639 I chatty  : uid=1000(system) /vendor/bin/ATFWD-daemon identical 2 lines
02-04 23:36:51.827 31639 31639 I ServiceManager: Waiting for service AtCmdFwd...
02-04 23:36:52.833 31639 31639 W Atfwd_Sendcmd: AtCmdFwd service not published, waiting... retryCnt : 1
02-04 23:36:57.840 31639 31639 I ServiceManager: Waiting for service AtCmdFwd...
02-04 23:36:59.855 31639 31639 I chatty  : uid=1000(system) /vendor/bin/ATFWD-daemon identical 2 lines
02-04 23:37:00.857 31639 31639 I ServiceManager: Waiting for service AtCmdFwd...
02-04 23:37:01.865 31639 31639 W Atfwd_Sendcmd: AtCmdFwd service not published, waiting... retryCnt : 2
02-04 23:37:11.870 31639 31639 I ServiceManager: Waiting for service AtCmdFwd...
02-04 23:37:13.877 31639 31639 I chatty  : uid=1000(system) /vendor/bin/ATFWD-daemon identical 2 lines
02-04 23:37:14.884 31639 31639 I ServiceManager: Waiting for service AtCmdFwd...
02-04 23:37:15.890 31639 31639 W Atfwd_Sendcmd: AtCmdFwd service not published, waiting... retryCnt : 3
02-04 23:37:21.393   816   906 E HalDeviceManager: Should have at least 1 chip!
02-04 23:37:21.393   816   906 E HalDeviceManager: getSupportedIfaceTypesInternal: no chip info found
02-04 23:34:05.253   816   838 E BatteryStatsService: no controller energy info supplied
02-04 23:37:21.397   816   838 E BatteryStatsService: no controller energy info supplied
02-04 23:37:21.406   571   940 E QC-QMI  : linux_qmi_qmux_io_wake_lock: Err in writing wakelock=qmuxd_port_wl_0, error [1:Operation not permitted]
02-04 23:37:21.407   571   940 E QC-QMI  : linux_qmi_qmux_io_wake_unlock: Err in writing wakelock=qmuxd_port_wl_0, error [1:Operation not permitted]
02-04 23:37:21.407   571   940 E QC-QMI  : linux_qmi_qmux_io_wake_lock: Err in writing wakelock=qmuxd_port_wl_0, error [1:Operation not permitted]
02-04 23:37:21.407   571   940 E QC-QMI  : linux_qmi_qmux_io_wake_unlock: Err in writing wakelock=qmuxd_port_wl_0, error [1:Operation not permitted]
02-04 23:37:30.894 31639 31639 I ServiceManager: Waiting for service AtCmdFwd...
02-04 23:37:32.901 31639 31639 I chatty  : uid=1000(system) /vendor/bin/ATFWD-daemon identical 2 lines
02-04 23:37:33.905 31639 31639 I ServiceManager: Waiting for service AtCmdFwd...
02-04 23:37:34.908 31639 31639 W Atfwd_Sendcmd: AtCmdFwd service not published, waiting... retryCnt : 4
02-04 23:37:53.544   571   940 E QC-QMI  : linux_qmi_qmux_io_wake_lock: Err in writing wakelock=qmuxd_port_wl_0, error [1:Operation not permitted]
02-04 23:37:53.545   571   940 E QC-QMI  : linux_qmi_qmux_io_wake_unlock: Err in writing wakelock=qmuxd_port_wl_0, error [1:Operation not permitted]
02-04 23:37:54.914 31639 31639 I ServiceManager: Waiting for service AtCmdFwd...
02-04 23:37:56.926 31639 31639 I chatty  : uid=1000(system) /vendor/bin/ATFWD-daemon identical 2 lines
02-04 23:37:57.934 31639 31639 I ServiceManager: Waiting for service AtCmdFwd...
02-04 23:37:58.950 31639 31639 W Atfwd_Sendcmd: AtCmdFwd service not published, waiting... retryCnt : 5
02-04 23:38:23.959 31639 31639 I Atfwd_Sendcmd: AtCmdFwd service not ready - Exhausted retry attempts - :6
02-04 23:38:23.959 31639 31639 I Atfwd_Daemon: result : -1 	 ,Init step :2 	 ,qmiErrorCode: 0
02-04 23:38:24.259   571   940 E QC-QMI  : linux_qmi_qmux_io_wake_lock: Err in writing wakelock=qmuxd_port_wl_0, error [1:Operation not permitted]
02-04 23:38:24.260   571   940 E QC-QMI  : linux_qmi_qmux_io_wake_unlock: Err in writing wakelock=qmuxd_port_wl_0, error [1:Operation not permitted]
02-04 23:38:35.783  3552  3552 W SceneBgThread: type=1400 audit(0.0:2929): avc: denied { read } for name="stat" dev="proc" ino=4026548033 scontext=u:r:untrusted_app_25:s0:c512,c768 tcontext=u:object_r:proc_stat:s0 tclass=file permissive=0
02-04 23:38:37.060   571   940 E QC-QMI  : linux_qmi_qmux_io_wake_lock: Err in writing wakelock=qmuxd_port_wl_0, error [1:Operation not permitted]
02-04 23:38:37.060   571   940 E QC-QMI  : linux_qmi_qmux_io_wake_unlock: Err in writing wakelock=qmuxd_port_wl_0, error [1:Operation not permitted]
02-04 23:38:40.800  3552  3552 W SceneBgThread: type=1400 audit(0.0:2930): avc: denied { read } for name="stat" dev="proc" ino=4026548033 scontext=u:r:untrusted_app_25:s0:c512,c768 tcontext=u:object_r:proc_stat:s0 tclass=file permissive=0
02-04 23:38:45.817  3552  3552 W SceneBgThread: type=1400 audit(0.0:2931): avc: denied { read } for name="stat" dev="proc" ino=4026548033 scontext=u:r:untrusted_app_25:s0:c512,c768 tcontext=u:object_r:proc_stat:s0 tclass=file permissive=0
02-04 23:38:47.303   571   940 E QC-QMI  : linux_qmi_qmux_io_wake_lock: Err in writing wakelock=qmuxd_port_wl_0, error [1:Operation not permitted]
02-04 23:38:47.303   571   940 E QC-QMI  : linux_qmi_qmux_io_wake_unlock: Err in writing wakelock=qmuxd_port_wl_0, error [1:Operation not permitted]
02-04 23:38:48.978 31639 31642 E QC-QMI  : qmi_client [31639] d2: failed to locate client data
02-04 23:38:48.981   571   571 E QC-QMI  : qmuxd: RX on fd=20 returned error=0 errno[2:No such file or directory]
02-04 23:38:48.981   571   571 E QC-QMI  : QMUX qmux_client_id=d2 not found in qmux client list, unable to remove
02-04 23:38:48.984 31639 31639 I Atfwd_Daemon: Stop the daemon....
02-04 23:38:49.044 31691 31691 I libmdmdetect: ESOC framework not supported
02-04 23:38:49.045 31691 31691 I libmdmdetect: Found internal modem: modem
02-04 23:38:49.055 31691 31691 I Atfwd_Daemon: result : 255 	 ,Init step :0 	 ,qmiErrorCode: 0
02-04 23:38:49.056 31691 31691 I Atfwd_Daemon: result : 0 	 ,Init step :1 	 ,qmiErrorCode: 0
02-04 23:38:49.057 31691 31691 I ServiceManager: Waiting for service AtCmdFwd...
02-04 23:38:51.076 31691 31691 I chatty  : uid=1000(system) /vendor/bin/ATFWD-daemon identical 2 lines
02-04 23:38:52.089 31691 31691 I ServiceManager: Waiting for service AtCmdFwd...
02-04 23:38:53.098 31691 31691 W Atfwd_Sendcmd: AtCmdFwd service not published, waiting... retryCnt : 1
02-04 23:38:58.099 31691 31691 I ServiceManager: Waiting for service AtCmdFwd...
02-04 23:39:00.109 31691 31691 I chatty  : uid=1000(system) /vendor/bin/ATFWD-daemon identical 2 lines
02-04 23:39:01.111 31691 31691 I ServiceManager: Waiting for service AtCmdFwd...
02-04 23:39:02.113 31691 31691 W Atfwd_Sendcmd: AtCmdFwd service not published, waiting... retryCnt : 2
02-04 23:39:12.121 31691 31691 I ServiceManager: Waiting for service AtCmdFwd...
02-04 23:37:21.398   816   838 E BatteryStatsService: no controller energy info supplied
02-04 23:39:14.915   816   845 I PowerManagerService: Going to sleep due to screen timeout (uid 1000)...
02-04 23:39:14.140 31691 31691 I chatty  : uid=1000(system) /vendor/bin/ATFWD-daemon identical 2 lines
02-04 23:39:15.141 31691 31691 I ServiceManager: Waiting for service AtCmdFwd...
02-04 23:39:15.431   816   845 I DisplayPowerController: Blocking screen off
02-04 23:39:15.444   816   845 I DisplayPowerController: Unblocked screen off after 13 ms
02-04 23:39:15.475   816   845 I QCOMPowerHAL: Got set_interactive hint
02-04 23:39:15.528   816   845 I DreamManagerService: Entering dreamland.
02-04 23:39:15.528   816   843 I DisplayManagerService: Display device changed state: "Built-in Screen", OFF
02-04 23:39:15.533   816   845 I PowerManagerService: Dozing...
