--------- beginning of system
02-05 01:17:21.385   816  2337 I ActivityManager: Force stopping com.dolby.qa.featuretest appid=10074 user=0: from pid 6510
02-05 01:17:21.385   816  2337 I ActivityManager: Killing 6420:com.dolby.qa.featuretest/u0a74 (adj 0): stop com.dolby.qa.featuretest
02-05 01:17:21.386   816  2337 W ActivityManager: Force removing ActivityRecord{a8064ac u0 com.dolby.qa.featuretest/.MainActivity t276}: app died, no saved state
02-05 01:17:21.392   816  2337 I WindowManager: Failed to capture screenshot of Token{5f7575 ActivityRecord{a8064ac u0 com.dolby.qa.featuretest/.MainActivity t276 f}} appWin=Window{b628512 u0 com.dolby.qa.featuretest/com.dolby.qa.featuretest.MainActivity} drawState=4
--------- beginning of main
02-05 01:17:21.414   589   589 D NuPlayerDriver: reset(0xe57324d0) at state 5
02-05 01:17:21.417   816   894 W InputDispatcher: channel '6167a17 Toast (server)' ~ Consumer closed input channel or an error occurred.  events=0x9
02-05 01:17:21.417   816   894 E InputDispatcher: channel '6167a17 Toast (server)' ~ Channel is unrecoverably broken and will be disposed!
02-05 01:17:21.417   589   589 D NuPlayerDriver: notifyListener_l(0xe57324d0), (8, 0, 0, -1), loop setting(0, 1)
02-05 01:17:21.421   816  1084 I WindowManager: WIN DEATH: Window{6167a17 u0 Toast}
02-05 01:17:21.421   816  1084 W InputDispatcher: Attempted to unregister already unregistered input channel '6167a17 Toast (server)'
02-05 01:17:21.426   589  6472 D NuPlayerDriver: notifyResetComplete(0xe57324d0)
02-05 01:17:21.428   589   589 D AudioTrack: stop() called with 0 frames delivered
02-05 01:17:21.434  1232  1232 D CarrierSvcBindHelper: No carrier app for: 0
02-05 01:17:21.440  2298  2298 D RegisteredNfcFServicesCache: Service unchanged, not updating
02-05 01:17:21.499   816  2356 I ActivityManager: START u0 {flg=0x10000000 cmp=com.dolby.qa.featuretest/.MainActivity} from uid 2000
02-05 01:17:21.525  6516  6516 I zygote64: Late-enabling -Xcheck:jni
02-05 01:17:21.525   816  2363 I ActivityManager: Start proc 6516:com.dolby.qa.featuretest/u0a74 for activity com.dolby.qa.featuretest/.MainActivity
02-05 01:17:21.734  6516  6516 D featureTest: onCreate
02-05 01:17:21.741   581  5142 W AudioFlinger: createTrack_l(): mismatch between requested flags (00000008) and output flags (00000000)
02-05 01:17:21.742  6516  6516 D AudioTrack: Client defaulted notificationFrames to 3916 for frameCount 11748
02-05 01:17:21.748  6516  6516 W AudioTrack: Use of stream types is deprecated for operations other than volume control
02-05 01:17:21.749  6516  6516 W AudioTrack: See the documentation of AudioTrack() for what to use instead with android.media.AudioAttributes to qualify your playback use case
02-05 01:17:21.755  6516  6516 W DolbyAudioEffect: WARNING: attaching a DolbyAudioEffect to global output mix is deprecated!
02-05 01:17:21.761  6516  6516 D featureTest: onResume
02-05 01:17:21.770   571   940 E QC-QMI  : linux_qmi_qmux_io_wake_lock: Err in writing wakelock=qmuxd_port_wl_0, error [1:Operation not permitted]
02-05 01:17:21.771   571   940 E QC-QMI  : linux_qmi_qmux_io_wake_unlock: Err in writing wakelock=qmuxd_port_wl_0, error [1:Operation not permitted]
02-05 01:17:21.775  6516  6534 D OpenGLRenderer: HWUI GL Pipeline
02-05 01:17:21.863  6516  6534 I Adreno  : QUALCOMM build                   : 7142022, Ib5823dd10c
02-05 01:17:21.863  6516  6534 I Adreno  : Build Date                       : 06/23/17
02-05 01:17:21.863  6516  6534 I Adreno  : OpenGL ES Shader Compiler Version: EV031.18.00.00
02-05 01:17:21.863  6516  6534 I Adreno  : Local Branch                     : O11A
02-05 01:17:21.863  6516  6534 I Adreno  : Remote Branch                    : 
02-05 01:17:21.863  6516  6534 I Adreno  : Remote Branch                    : 
02-05 01:17:21.863  6516  6534 I Adreno  : Reconstruct Branch               : 
02-05 01:17:21.864  6516  6534 I vndksupport: sphal namespace is not configured for this process. Loading /vendor/lib64/hw/gralloc.msm8994.so from the current namespace instead.
02-05 01:17:21.875  6516  6534 I Adreno  : PFP: 0x00000000, ME: 0x00000000
02-05 01:17:21.881  6516  6534 I OpenGLRenderer: Initialized EGL, version 1.4
02-05 01:17:21.882  6516  6534 D OpenGLRenderer: Swap behavior 2
02-05 01:17:21.943   365   365 W /system/bin/hwservicemanager: getTransportFromManifest: Cannot find entry android.hardware.graphics.mapper@2.0::IMapper in either framework or device manifest, using default transport.
02-05 01:17:21.947  6516  6534 I vndksupport: sphal namespace is not configured for this process. Loading /vendor/lib64/hw/gralloc.msm8994.so from the current namespace instead.
02-05 01:17:21.960   816   843 W ActivityManager: setHasOverlayUi called on unknown pid: 6420
02-05 01:17:21.979   816   843 I ActivityManager: Displayed com.dolby.qa.featuretest/.MainActivity: +464ms
02-05 01:17:22.340  2401  2517 W OpenGLRenderer: Incorrectly called buildLayer on View: ShortcutAndWidgetContainer, destroying layer...
02-05 01:17:22.594  6516  6516 D featureTest: receive broadcast , playing content location :/sdcard/featureTest/chopper_5.1_180_420.wav
02-05 01:17:22.603  6516  6516 D featureTest: mMediaPlayer.getAudioSessionId(): 5857
02-05 01:17:22.603  6516  6516 D featureTest: Playing file: /sdcard/featureTest/chopper_5.1_180_420.wav
02-05 01:17:22.605   589  1170 D NuPlayerDriver: NuPlayerDriver(0xe57327e0) created, clientPid(6516)
02-05 01:17:22.607  6546  6546 W generic : type=1400 audit(0.0:3066): avc: denied { read } for path="/storage/emulated/0/featuretest/chopper_5.1_180_420.wav" dev="sdcardfs" ino=523304 scontext=u:r:mediaextractor:s0 tcontext=u:object_r:sdcardfs:s0 tclass=file permissive=0
02-05 01:17:22.607  6516  6516 W MediaPlayer: Use of stream types is deprecated for operations other than volume control
02-05 01:17:22.607  6516  6516 W MediaPlayer: See the documentation of setAudioStreamType() for what to use instead with android.media.AudioAttributes to qualify your playback use case
02-05 01:17:22.609   589  6546 D GenericSource: FileSource remote
02-05 01:17:22.610   589  6546 W GenericSource: extractor service cannot make data source
02-05 01:17:22.610   589  6546 D GenericSource: FileSource local
02-05 01:17:22.612   587  3762 W WAVExtractor: More than 2 channels (6) in non-WAVE_EXT, unknown channel mask
02-05 01:17:22.638   587  3762 W WAVExtractor: More than 2 channels (6) in non-WAVE_EXT, unknown channel mask
02-05 01:17:22.640   587   587 D MediaBufferGroup: creating MemoryDealer
02-05 01:17:22.640   589  6545 D NuPlayerDriver: notifyListener_l(0xe57327e0), (1, 0, 0, -1), loop setting(0, 0)
02-05 01:17:22.651   589  1170 D NuPlayerDriver: start(0xe57327e0), state is 4, eos is 0
02-05 01:17:22.651   589  6545 I GenericSource: start
02-05 01:17:22.657  6516  6516 W DolbyAudioEffect: WARNING: attaching a DolbyAudioEffect to global output mix is deprecated!
02-05 01:17:22.659   593   593 I OMXMaster: makeComponentInstance(OMX.google.raw.decoder) in android.hardwar process
02-05 01:17:22.664   593   712 E OMXNodeInstance: setConfig(0xf10a3200:google.raw.decoder, ConfigPriority(0x6f800002)) ERROR: Undefined(0x80001001)
02-05 01:17:22.665   589  6553 I ACodec  : codec does not support config priority (err -2147483648)
02-05 01:17:22.665   593  1187 E OMXNodeInstance: getConfig(0xf10a3200:google.raw.decoder, ConfigAndroidVendorExtension(0x6f100004)) ERROR: Undefined(0x80001001)
02-05 01:17:22.665  6516  6516 D featureTest: receive broadcast , change ds status :0
02-05 01:17:22.666   589  6553 I MediaCodec: MediaCodec will operate in async mode
02-05 01:17:22.681   581  5110 W AudioFlinger: createTrack_l(): mismatch between requested flags (00000008) and output flags (00000000)
02-05 01:17:22.684   365   365 W /system/bin/hwservicemanager: getTransportFromManifest: Cannot find entry android.hardware.audio.effect@2.0::IEffectsFactory in either framework or device manifest, using default transport.
02-05 01:17:22.686   581  5143 D DlbDlbEffect: handle_EFFECT_CMD_SET_PARAM()
02-05 01:17:22.690   416   416 W /system/bin/hw/android.hidl.allocator@1.0-service: ashmem_create_region(3072) returning hidl_memory(0x7590c2c2e0, 3072)
02-05 01:17:22.692   416   416 W /system/bin/hw/android.hidl.allocator@1.0-service: ashmem_create_region(1024) returning hidl_memory(0x7590c2c2e0, 1024)
02-05 01:17:22.693   581  5110 E EffectHalHidl: Buffer provider callbacks are not supported
02-05 01:17:22.693   589  6551 D AudioTrack: Client defaulted notificationFrames to 8125 for frameCount 24375
02-05 01:17:22.695   589  6545 D NuPlayerDriver: notifyListener_l(0xe57327e0), (6, 0, 0, -1), loop setting(0, 1)
02-05 01:17:22.718   581  5115 D DlbDapCrossfadeProcess: setEnabled transitioning from DAP_ACTIVE state to FADE_TO_BYPASS
02-05 01:17:22.737   816   816 W NotificationService: Object died trying to hide notification android.app.ITransientNotification$Stub$Proxy@14eda00 in package com.dolby.qa.featuretest
02-05 01:17:22.737   816   816 W WindowManager: removeWindowToken: Attempted to remove non-existing token: android.os.Binder@271f472
02-05 01:17:22.737   816   816 W ActivityManager: setProcessForeground called on unknown pid: 6420
02-05 01:17:22.737   816   816 W NotificationService: Object died trying to show notification android.app.ITransientNotification$Stub$Proxy@ff0239 in package com.dolby.qa.featuretest
02-05 01:17:22.737   816   816 W ActivityManager: setProcessForeground called on unknown pid: 6420
02-05 01:17:22.737   816   816 W NotificationService: Object died trying to show notification android.app.ITransientNotification$Stub$Proxy@57807e in package com.dolby.qa.featuretest
02-05 01:17:22.768  6516  6516 D featureTest: receive broadcast , change ds profile id :2
02-05 01:17:22.808   581  5115 D DlbDapCrossfadeProcess: process transitioning from FADE_TO_BYPASS state to DAP_BYPASSED
02-05 01:17:22.808   581  5356 D DlbDlbEffect: handle_EFFECT_CMD_SET_PARAM()
02-05 01:17:22.809   421   460 I DapController: Profile Changed to Music
02-05 01:17:22.833   581  5115 D DlbDapEndpointParamCache: commitChangedParams()
02-05 01:17:22.833   581  5115 D DlbDapEndpointParamCache: commit() Applying parameters for device 0x40000000
02-05 01:17:22.833   581  5115 D DlbDap2Process: setParam(iea = #1[10])
02-05 01:17:22.833   581  5115 D DlbDap2Process: setParam(msce = #1[0])
02-05 01:17:22.833   581  5115 D DlbDap2Process: setParam(mdee = #1[0])
02-05 01:17:22.833   581  5115 D DlbDap2Process: setParam(miee = #1[0])
02-05 01:17:22.833   581  5115 D DlbDap2Process: setParam(mdle = #1[0])
02-05 01:17:22.833   581  5115 D DlbDap2Process: setParam(dvle = #1[1])
02-05 01:17:22.833   581  5115 D DlbDap2Process: setParam(mave = #1[0])
02-05 01:17:22.833   581  5115 D DlbDap2Process: setParam(vcbf = #20[47, 141, 234, 328, 469, 656, 844, 1031, 1313, 1688, 2250, 3000, 3750, 4688, 5813, 7125, 9000, 11250, 13875, 19688])
02-05 01:17:22.833   581  5115 D DlbDap2Process: setParam(vbon = #1[0])
02-05 01:17:22.833   581  5115 D DlbDap2Process: setParam(beon = #1[0])
02-05 01:17:22.833   581  5115 D DlbDap2Process: setParam(geon = #1[0])
02-05 01:17:22.833   581  5115 D DlbDap2Process: setParam(ieon = #1[1])
02-05 01:17:22.833   581  5115 D DlbDap2Process: setParam(gebs = #41[20, 47, 141, 234, 328, 469, 656, 844, 1031, 1313, 1688, 2250, 3000, 3750, 4688, 5813, 7125, 9000, 11250, 13875, 19688, 0, 0, 0, 0, 0, 0, 0, 0, 0, 0, 0, 0, 0, 0, 0, 0, 0, 0, 0, 0])
02-05 01:17:22.834   581  5115 D DlbDap2Process: setParam(iebs = #41[20, 65, 136, 223, 332, 467, 634, 841, 1098, 1416, 1812, 2302, 2909, 3663, 4598, 5756, 7194, 8976, 11186, 13927, 17326, 117, 133, 188, 176, 141, 149, 175, 185, 185, 200, 236, 242, 228, 213, 182, 132, 110, 68, -27, -240])
02-05 01:17:22.834   581  5115 D DlbDapEndpointParamCache: doCommit() Committed 15 parameters out of 16.
02-05 01:17:22.834   581  5115 D DlbDapEndpointParamCache: commit() Overriding parameters for current device 0x00000080
02-05 01:17:22.834   581  5115 D DlbDap2Process: setParam(dea = #1[7])
02-05 01:17:22.834   581  5115 D DlbDap2Process: setParam(dsa = #1[10])
02-05 01:17:22.834   581  5115 D DlbDap2Process: setParam(beb = #1[192])
02-05 01:17:22.834   581  5115 D DlbDap2Process: setParam(plb = #1[0])
02-05 01:17:22.834   581  5115 D DlbDap2Process: setParam(vmb = #1[144])
02-05 01:17:22.834   581  5115 D DlbDap2Process: setParam(dsb = #1[0])
02-05 01:17:22.834   581  5115 D DlbDap2Process: setParam(ded = #1[0])
02-05 01:17:22.834   581  5115 D DlbDap2Process: setParam(vbm = #1[0])
02-05 01:17:22.834   581  5115 D DlbDap2Process: setParam(dom = #1[0])
02-05 01:17:22.834   581  5115 D DlbDap2Process: setParam(bew = #1[16])
02-05 01:17:22.834   581  5115 D DlbDap2Process: setParam(dvla = #1[4])
02-05 01:17:22.835   581  5115 D DlbDap2Process: setParam(arra = #1[96])
02-05 01:17:22.835   581  5115 D DlbDap2Process: setParam(dfsa = #1[10])
02-05 01:17:22.835   581  5115 D DlbDap2Process: setParam(dhsa = #1[10])
02-05 01:17:22.835   581  5115 D DlbDap2Process: setParam(dvmc = #1[0])
02-05 01:17:22.835   581  5115 D DlbDap2Process: setParam(arod = #1[0])
02-05 01:17:22.835   581  5115 D DlbDap2Process: setParam(arde = #1[0])
02-05 01:17:22.835   581  5115 D DlbDap2Process: setParam(dvle = #1[1])
02-05 01:17:22.835   581  5115 D DlbDap2Process: setParam(dvme = #1[0])
02-05 01:17:22.835   581  5115 D DlbDap2Process: setParam(becf = #1[200])
02-05 01:17:22.835   581  5115 D DlbDap2Process: setParam(vbmf = #2[94, 469])
02-05 01:17:22.835   581  5115 D DlbDap2Process: setParam(vbsf = #2[35, 160])
02-05 01:17:22.835   581  5115 D DlbDap2Process: setParam(vbhg = #3[-32, -144, -192])
02-05 01:17:22.835   581  5115 D DlbDap2Process: setParam(vbog = #1[0])
02-05 01:17:22.835   581  5115 D DlbDap2Process: setParam(vbsg = #1[0])
02-05 01:17:22.835   581  5115 D DlbDap2Process: setParam(dvli = #1[-320])
02-05 01:17:22.835   581  5115 D DlbDap2Process: setParam(dhfm = #1[0])
02-05 01:17:22.835   581  5115 D DlbDap2Process: setParam(vbon = #1[0])
02-05 01:17:22.835   581  5115 D DlbDap2Process: setParam(beon = #1[0])
02-05 01:17:22.836   581  5115 D DlbDap2Process: setParam(deon = #1[0])
02-05 01:17:22.836   581  5115 D DlbDap2Process: setParam(ngon = #1[1])
02-05 01:17:22.836   581  5115 D DlbDap2Process: setParam(aoon = #1[0])
02-05 01:17:22.836   581  5115 D DlbDap2Process: setParam(aron = #1[1])
02-05 01:17:22.836   581  5115 D DlbDap2Process: setParam(dvlo = #1[-320])
02-05 01:17:22.836   581  5115 D DlbDap2Process: setParam(artp = #1[12])
02-05 01:17:22.836   581  5115 D DlbDap2Process: setParam(aobs = #222[20, 10, 47, 141, 234, 328, 469, 656, 844, 1031, 1313, 1688, 2250, 3000, 3750, 4688, 5813, 7125, 9000, 11250, 13875, 19688, 0, 0, 0, 0, 0, 0, 0, 0, 0, 0, 0, 0, 0, 0, 0, 0, 0, 0, 0, 0, 0, 0, 0, 0, 0, 0, 0, 0, 0, 0, 0, 0, 0, 0, 0, 0, 0, 0, 0, 0, 0, 0, 0, 0, 0, 0, 0, 0, 0, 0, 0, 0, 0, 0, 0, 0, 0, 0, 0, 0, 0, 0, 0, 0, 0, 0, 0, 0, 0, 0, 0, 0, 0, 0, 0, 0, 0, 0, 0, 0, 0, 0, 0, 0, 0, 0, 0, 0, 0, 0, 0, 0, 0, 0, 0, 0, 0, 0, 0, 0, 0, 0, 0, 0, 0, 0, 0, 0, 0, 0, 0, 0, 0, 0, 0, 0, 0, 0, 0, 0, 0, 0, 0, 0, 0, 0, 0, 0, 0, 0, 0, 0, 0, 0, 0, 0, 0, 0, 0, 0, 0, 0, 0, 0, 0, 0, 0, 0, 0, 0, 0, 0, 0, 0, 0, 0, 0, 0, 0, 0, 0, 0, 0, 0, 0, 0, 0, 0, 0, 0, 0, 0, 0, 0, 0, 0, 0, 0, 0, 0, 0, 0, 0, 0, 0, 0, 0, 0, 0, 0, 0, 0, 0, 0, 0, 0, 0, 0, 0, 0])
02-05 01:17:22.837   581  5115 D DlbDap2Process: setParam(arbs = #81[20, 47, 141, 234, 328, 469, 656, 844, 1031, 1313, 1688, 2250, 3000, 3750, 4688, 5813, 7125, 9000, 11250, 13875, 19688, -192, -192, -192, -192, -192, -192, -192, -192, -192, -192, -192, -192, -192, -192, -192, -192, -192, -192, -192, -192, 0, 0, 0, 0, 0, 0, 0, 0, 0, 0, 0, 0, 0, 0, 0, 0, 0, 0, 0, 0, 0, 0, 0, 0, 0, 0, 0, 0, 0, 0, 0, 0, 0, 0, 0, 0, 0, 0, 0, 0])
02-05 01:17:22.837   581  5115 D DlbDapEndpointParamCache: doCommit() Committed 37 parameters out of 37.
02-05 01:17:22.852  6516  6516 D featureTest: receive broadcast , playing content location :/sdcard/featureTest/chopper_5.1_180_420.wav
02-05 01:17:22.858   589 26717 D NuPlayerDriver: stop(0xe57327e0)
02-05 01:17:22.858   589 26717 D NuPlayerDriver: notifyListener_l(0xe57327e0), (8, 0, 0, -1), loop setting(0, 1)
02-05 01:17:22.860   589   589 D NuPlayerDriver: reset(0xe57327e0) at state 8
02-05 01:17:22.867   589  6545 D NuPlayerDriver: notifyResetComplete(0xe57327e0)
02-05 01:17:22.868   589   589 D NuPlayerDriver: reset(0xe57327e0) at state 0
02-05 01:17:22.871  6516  6516 V MediaPlayer: resetDrmState:  mDrmInfo=null mDrmProvisioningThread=null mPrepareDrmInProgress=false mActiveDrmScheme=false
02-05 01:17:22.872  6516  6516 V MediaPlayer: cleanDrmObj: mDrmObj=null mDrmSessionId=null
02-05 01:17:22.873  6516  6516 V MediaPlayer: resetDrmState:  mDrmInfo=null mDrmProvisioningThread=null mPrepareDrmInProgress=false mActiveDrmScheme=false
02-05 01:17:22.873  6516  6516 V MediaPlayer: cleanDrmObj: mDrmObj=null mDrmSessionId=null
02-05 01:17:22.879  6516  6516 D featureTest: mMediaPlayer.getAudioSessionId(): 5865
02-05 01:17:22.879  6516  6516 D featureTest: Playing file: /sdcard/featureTest/chopper_5.1_180_420.wav
02-05 01:17:22.880  6571  6571 W generic : type=1400 audit(0.0:3067): avc: denied { read } for path="/storage/emulated/0/featuretest/chopper_5.1_180_420.wav" dev="sdcardfs" ino=523304 scontext=u:r:mediaextractor:s0 tcontext=u:object_r:sdcardfs:s0 tclass=file permissive=0
02-05 01:17:22.880   589  1170 D NuPlayerDriver: NuPlayerDriver(0xe57328c0) created, clientPid(6516)
02-05 01:17:22.883  6516  6516 W MediaPlayer: Use of stream types is deprecated for operations other than volume control
02-05 01:17:22.883  6516  6516 W MediaPlayer: See the documentation of setAudioStreamType() for what to use instead with android.media.AudioAttributes to qualify your playback use case
02-05 01:17:22.885   589  6571 D GenericSource: FileSource remote
02-05 01:17:22.885   589  6571 W GenericSource: extractor service cannot make data source
02-05 01:17:22.885   589  6571 D GenericSource: FileSource local
02-05 01:17:22.887   587   693 W WAVExtractor: More than 2 channels (6) in non-WAVE_EXT, unknown channel mask
02-05 01:17:22.912   587   693 W WAVExtractor: More than 2 channels (6) in non-WAVE_EXT, unknown channel mask
02-05 01:17:22.913   587   587 D MediaBufferGroup: creating MemoryDealer
02-05 01:17:22.914   589  6570 D NuPlayerDriver: notifyListener_l(0xe57328c0), (1, 0, 0, -1), loop setting(0, 0)
02-05 01:17:22.919   589  1170 D NuPlayerDriver: start(0xe57328c0), state is 4, eos is 0
02-05 01:17:22.919   589  6570 I GenericSource: start
02-05 01:17:22.923  6516  6516 W DolbyAudioEffect: WARNING: attaching a DolbyAudioEffect to global output mix is deprecated!
02-05 01:17:22.927   593  1162 I OMXMaster: makeComponentInstance(OMX.google.raw.decoder) in android.hardwar process
02-05 01:17:22.928  6516  6516 D featureTest: receive broadcast , change ds status :1
02-05 01:17:22.931   593 20514 E OMXNodeInstance: setConfig(0xf10a3260:google.raw.decoder, ConfigPriority(0x6f800002)) ERROR: Undefined(0x80001001)
02-05 01:17:22.931   589  6577 I ACodec  : codec does not support config priority (err -2147483648)
02-05 01:17:22.932   593 20870 E OMXNodeInstance: getConfig(0xf10a3260:google.raw.decoder, ConfigAndroidVendorExtension(0x6f100004)) ERROR: Undefined(0x80001001)
02-05 01:17:22.933   589  6577 I MediaCodec: MediaCodec will operate in async mode
02-05 01:17:22.942   581  7829 D DlbDlbEffect: handle_EFFECT_CMD_SET_PARAM()
02-05 01:17:22.951   581  4435 W AudioFlinger: createTrack_l(): mismatch between requested flags (00000008) and output flags (00000000)
02-05 01:17:22.952   365   365 W /system/bin/hwservicemanager: getTransportFromManifest: Cannot find entry android.hardware.audio.effect@2.0::IEffectsFactory in either framework or device manifest, using default transport.
02-05 01:17:22.960   416   416 W /system/bin/hw/android.hidl.allocator@1.0-service: ashmem_create_region(3072) returning hidl_memory(0x7590c2c2e0, 3072)
02-05 01:17:22.962   416   416 W /system/bin/hw/android.hidl.allocator@1.0-service: ashmem_create_region(1024) returning hidl_memory(0x7590c2c2e0, 1024)
02-05 01:17:22.962   581  4435 E EffectHalHidl: Buffer provider callbacks are not supported
02-05 01:17:22.963   589  6575 D AudioTrack: Client defaulted notificationFrames to 8125 for frameCount 24375
02-05 01:17:22.964   589  6570 D NuPlayerDriver: notifyListener_l(0xe57328c0), (6, 0, 0, -1), loop setting(0, 1)
02-05 01:17:22.965   581  5115 D DlbDapCrossfadeProcess: setEnabled transitioning from DAP_BYPASSED state to PREROLL_ACTIVE
02-05 01:17:22.965   581  5115 D DlbDap2Process: setMave(mave = 0)
02-05 01:17:22.993   581  5115 D DlbDapCrossfadeProcess: process transitioning from PREROLL_ACTIVE state to FADE_TO_ACTIVE
02-05 01:17:23.014  6516  6516 D featureTest: receive broadcast , change ds profile id :5
02-05 01:17:23.028   581  5355 D DlbDlbEffect: handle_EFFECT_CMD_SET_PARAM()
02-05 01:17:23.029   421   460 I DapController: Profile Changed to Custom
02-05 01:17:23.041   581  5115 D DlbDapEndpointParamCache: commitChangedParams()
02-05 01:17:23.041   581  5115 D DlbDapEndpointParamCache: commit() Applying parameters for device 0x40000000
02-05 01:17:23.041   581  5115 D DlbDap2Process: setParam(iea = #1[10])
02-05 01:17:23.041   581  5115 D DlbDap2Process: setParam(msce = #1[0])
02-05 01:17:23.041   581  5115 D DlbDap2Process: setParam(mdee = #1[0])
02-05 01:17:23.042   581  5115 D DlbDap2Process: setParam(miee = #1[0])
02-05 01:17:23.042   581  5115 D DlbDap2Process: setParam(mdle = #1[0])
02-05 01:17:23.042   581  5115 D DlbDap2Process: setParam(dvle = #1[1])
02-05 01:17:23.042   581  5115 D DlbDap2Process: setParam(mave = #1[0])
02-05 01:17:23.042   581  5115 D DlbDap2Process: setParam(vcbf = #20[47, 141, 234, 328, 469, 656, 844, 1031, 1313, 1688, 2250, 3000, 3750, 4688, 5813, 7125, 9000, 11250, 13875, 19688])
02-05 01:17:23.042   581  5115 D DlbDap2Process: setParam(vbon = #1[0])
02-05 01:17:23.042   581  5115 D DlbDap2Process: setParam(beon = #1[0])
02-05 01:17:23.042   581  5115 D DlbDap2Process: setParam(geon = #1[0])
02-05 01:17:23.042   581  5115 D DlbDap2Process: setParam(ieon = #1[0])
02-05 01:17:23.043   581  5115 D DlbDap2Process: setParam(gebs = #41[20, 47, 141, 234, 328, 469, 656, 844, 1031, 1313, 1688, 2250, 3000, 3750, 4688, 5813, 7125, 9000, 11250, 13875, 19688, 0, 0, 0, 0, 0, 0, 0, 0, 0, 0, 0, 0, 0, 0, 0, 0, 0, 0, 0, 0])
02-05 01:17:23.043   581  5115 D DlbDap2Process: setParam(iebs = #41[20, 65, 136, 223, 332, 467, 634, 841, 1098, 1416, 1812, 2302, 2909, 3663, 4598, 5756, 7194, 8976, 11186, 13927, 17326, 117, 133, 188, 176, 141, 149, 175, 185, 185, 200, 236, 242, 228, 213, 182, 132, 110, 68, -27, -240])
02-05 01:17:23.043   581  5115 D DlbDapEndpointParamCache: doCommit() Committed 15 parameters out of 16.
02-05 01:17:23.043   581  5115 D DlbDapEndpointParamCache: commit() Overriding parameters for current device 0x00000080
02-05 01:17:23.043   581  5115 D DlbDap2Process: setParam(dea = #1[7])
02-05 01:17:23.043   581  5115 D DlbDap2Process: setParam(dsa = #1[10])
02-05 01:17:23.043   581  5115 D DlbDap2Process: setParam(beb = #1[192])
02-05 01:17:23.043   581  5115 D DlbDap2Process: setParam(plb = #1[0])
02-05 01:17:23.043   581  5115 D DlbDap2Process: setParam(vmb = #1[144])
02-05 01:17:23.043   581  5115 D DlbDap2Process: setParam(dsb = #1[0])
02-05 01:17:23.043   581  5115 D DlbDap2Process: setParam(ded = #1[0])
02-05 01:17:23.043   581  5115 D DlbDap2Process: setParam(vbm = #1[0])
02-05 01:17:23.043   581  5115 D DlbDap2Process: setParam(dom = #1[0])
02-05 01:17:23.043   581  5115 D DlbDap2Process: setParam(bew = #1[16])
02-05 01:17:23.043   581  5115 D DlbDap2Process: setParam(dvla = #1[5])
02-05 01:17:23.043   581  5115 D DlbDap2Process: setParam(arra = #1[96])
02-05 01:17:23.043   581  5115 D DlbDap2Process: setParam(dfsa = #1[10])
02-05 01:17:23.044   581  5115 D DlbDap2Process: setParam(dhsa = #1[10])
02-05 01:17:23.044   581  5115 D DlbDap2Process: setParam(dvmc = #1[0])
02-05 01:17:23.044   581  5115 D DlbDap2Process: setParam(arod = #1[0])
02-05 01:17:23.044   581  5115 D DlbDap2Process: setParam(arde = #1[0])
02-05 01:17:23.044   581  5115 D DlbDap2Process: setParam(dvle = #1[1])
02-05 01:17:23.044   581  5115 D DlbDap2Process: setParam(dvme = #1[0])
02-05 01:17:23.044   581  5115 D DlbDap2Process: setParam(becf = #1[200])
02-05 01:17:23.044   581  5115 D DlbDap2Process: setParam(vbmf = #2[94, 469])
02-05 01:17:23.044   581  5115 D DlbDap2Process: setParam(vbsf = #2[35, 160])
02-05 01:17:23.044   581  5115 D DlbDap2Process: setParam(vbhg = #3[-32, -144, -192])
02-05 01:17:23.044   581  5115 D DlbDap2Process: setParam(vbog = #1[0])
02-05 01:17:23.044   581  5115 D DlbDap2Process: setParam(vbsg = #1[0])
02-05 01:17:23.044   581  5115 D DlbDap2Process: setParam(dvli = #1[-320])
02-05 01:17:23.044   581  5115 D DlbDap2Process: setParam(dhfm = #1[0])
02-05 01:17:23.044   581  5115 D DlbDap2Process: setParam(vbon = #1[0])
02-05 01:17:23.044   581  5115 D DlbDap2Process: setParam(beon = #1[0])
02-05 01:17:23.044   581  5115 D DlbDap2Process: setParam(deon = #1[0])
02-05 01:17:23.044   581  5115 D DlbDap2Process: setParam(ngon = #1[1])
02-05 01:17:23.044   581  5115 D DlbDap2Process: setParam(aoon = #1[0])
02-05 01:17:23.044   581  5115 D DlbDap2Process: setParam(aron = #1[1])
02-05 01:17:23.044   581  5115 D DlbDap2Process: setParam(dvlo = #1[-320])
02-05 01:17:23.044   581  5115 D DlbDap2Process: setParam(artp = #1[12])
02-05 01:17:23.045   581  5115 D DlbDap2Process: setParam(aobs = #222[20, 10, 47, 141, 234, 328, 469, 656, 844, 1031, 1313, 1688, 2250, 3000, 3750, 4688, 5813, 7125, 9000, 11250, 13875, 19688, 0, 0, 0, 0, 0, 0, 0, 0, 0, 0, 0, 0, 0, 0, 0, 0, 0, 0, 0, 0, 0, 0, 0, 0, 0, 0, 0, 0, 0, 0, 0, 0, 0, 0, 0, 0, 0, 0, 0, 0, 0, 0, 0, 0, 0, 0, 0, 0, 0, 0, 0, 0, 0, 0, 0, 0, 0, 0, 0, 0, 0, 0, 0, 0, 0, 0, 0, 0, 0, 0, 0, 0, 0, 0, 0, 0, 0, 0, 0, 0, 0, 0, 0, 0, 0, 0, 0, 0, 0, 0, 0, 0, 0, 0, 0, 0, 0, 0, 0, 0, 0, 0, 0, 0, 0, 0, 0, 0, 0, 0, 0, 0, 0, 0, 0, 0, 0, 0, 0, 0, 0, 0, 0, 0, 0, 0, 0, 0, 0, 0, 0, 0, 0, 0, 0, 0, 0, 0, 0, 0, 0, 0, 0, 0, 0, 0, 0, 0, 0, 0, 0, 0, 0, 0, 0, 0, 0, 0, 0, 0, 0, 0, 0, 0, 0, 0, 0, 0, 0, 0, 0, 0, 0, 0, 0, 0, 0, 0, 0, 0, 0, 0, 0, 0, 0, 0, 0, 0, 0, 0, 0, 0, 0, 0, 0, 0, 0, 0, 0, 0])
02-05 01:17:23.045   581  5115 D DlbDap2Process: setParam(arbs = #81[20, 47, 141, 234, 328, 469, 656, 844, 1031, 1313, 1688, 2250, 3000, 3750, 4688, 5813, 7125, 9000, 11250, 13875, 19688, -192, -192, -192, -192, -192, -192, -192, -192, -192, -192, -192, -192, -192, -192, -192, -192, -192, -192, -192, -192, 0, 0, 0, 0, 0, 0, 0, 0, 0, 0, 0, 0, 0, 0, 0, 0, 0, 0, 0, 0, 0, 0, 0, 0, 0, 0, 0, 0, 0, 0, 0, 0, 0, 0, 0, 0, 0, 0, 0, 0])
02-05 01:17:23.045   581  5115 D DlbDapEndpointParamCache: doCommit() Committed 37 parameters out of 37.
02-05 01:17:23.045   581  5115 D DlbDap2Process: setMave(mave = 0)
02-05 01:17:23.094  6516  6516 D featureTest: receive broadcast , change virtual speaker  virtualizer :1
02-05 01:17:23.108   581   730 D DlbDlbEffect: handle_EFFECT_CMD_SET_PARAM()
02-05 01:17:23.120   581  5115 D DlbDapEndpointParamCache: commitChangedParams()
02-05 01:17:23.122   581  5115 D DlbDapEndpointParamCache: commit() Applying parameters for device 0x40000000
02-05 01:17:23.122   581  5115 D DlbDap2Process: setParam(iea = #1[10])
02-05 01:17:23.122   581  5115 D DlbDap2Process: setParam(msce = #1[0])
02-05 01:17:23.123   581  5115 D DlbDap2Process: setParam(mdee = #1[0])
02-05 01:17:23.123   581  5115 D DlbDap2Process: setParam(miee = #1[0])
02-05 01:17:23.123   581  5115 D DlbDap2Process: setParam(mdle = #1[0])
02-05 01:17:23.123   581  5115 D DlbDap2Process: setParam(dvle = #1[1])
02-05 01:17:23.123   581  5115 D DlbDap2Process: setParam(mave = #1[0])
02-05 01:17:23.123   581  5115 D DlbDap2Process: setParam(vcbf = #20[47, 141, 234, 328, 469, 656, 844, 1031, 1313, 1688, 2250, 3000, 3750, 4688, 5813, 7125, 9000, 11250, 13875, 19688])
02-05 01:17:23.123   581  5115 D DlbDap2Process: setParam(vbon = #1[0])
02-05 01:17:23.123   581  5115 D DlbDap2Process: setParam(beon = #1[0])
02-05 01:17:23.123   581  5115 D DlbDap2Process: setParam(geon = #1[0])
02-05 01:17:23.123   581  5115 D DlbDap2Process: setParam(ieon = #1[0])
02-05 01:17:23.123   581  5115 D DlbDap2Process: setParam(gebs = #41[20, 47, 141, 234, 328, 469, 656, 844, 1031, 1313, 1688, 2250, 3000, 3750, 4688, 5813, 7125, 9000, 11250, 13875, 19688, 0, 0, 0, 0, 0, 0, 0, 0, 0, 0, 0, 0, 0, 0, 0, 0, 0, 0, 0, 0])
02-05 01:17:23.123   581  5115 D DlbDap2Process: setParam(iebs = #41[20, 65, 136, 223, 332, 467, 634, 841, 1098, 1416, 1812, 2302, 2909, 3663, 4598, 5756, 7194, 8976, 11186, 13927, 17326, 117, 133, 188, 176, 141, 149, 175, 185, 185, 200, 236, 242, 228, 213, 182, 132, 110, 68, -27, -240])
02-05 01:17:23.123   581  5115 D DlbDapEndpointParamCache: doCommit() Committed 15 parameters out of 16.
02-05 01:17:23.123   581  5115 D DlbDapEndpointParamCache: commit() Overriding parameters for current device 0x00000080
02-05 01:17:23.123   581  5115 D DlbDap2Process: setParam(dea = #1[7])
02-05 01:17:23.123   581  5115 D DlbDap2Process: setParam(dsa = #1[10])
02-05 01:17:23.123   581  5115 D DlbDap2Process: setParam(beb = #1[192])
02-05 01:17:23.124   581  5115 D DlbDap2Process: setParam(plb = #1[0])
02-05 01:17:23.124   581  5115 D DlbDap2Process: setParam(vmb = #1[144])
02-05 01:17:23.124   581  5115 D DlbDap2Process: setParam(dsb = #1[0])
02-05 01:17:23.124   581  5115 D DlbDap2Process: setParam(ded = #1[0])
02-05 01:17:23.124   581  5115 D DlbDap2Process: setParam(vbm = #1[0])
02-05 01:17:23.124   581  5115 D DlbDap2Process: setParam(dom = #1[0])
02-05 01:17:23.124   581  5115 D DlbDap2Process: setParam(bew = #1[16])
02-05 01:17:23.124   581  5115 D DlbDap2Process: setParam(dvla = #1[5])
02-05 01:17:23.124   581  5115 D DlbDap2Process: setParam(arra = #1[96])
02-05 01:17:23.124   581  5115 D DlbDap2Process: setParam(dfsa = #1[10])
02-05 01:17:23.124   581  5115 D DlbDap2Process: setParam(dhsa = #1[10])
02-05 01:17:23.124   581  5115 D DlbDap2Process: setParam(dvmc = #1[0])
02-05 01:17:23.124   581  5115 D DlbDap2Process: setParam(arod = #1[0])
02-05 01:17:23.124   581  5115 D DlbDap2Process: setParam(arde = #1[0])
02-05 01:17:23.124   581  5115 D DlbDap2Process: setParam(dvle = #1[1])
02-05 01:17:23.124   581  5115 D DlbDap2Process: setParam(dvme = #1[0])
02-05 01:17:23.124   581  5115 D DlbDap2Process: setParam(becf = #1[200])
02-05 01:17:23.124   581  5115 D DlbDap2Process: setParam(vbmf = #2[94, 469])
02-05 01:17:23.124   581  5115 D DlbDap2Process: setParam(vbsf = #2[35, 160])
02-05 01:17:23.124   581  5115 D DlbDap2Process: setParam(vbhg = #3[-32, -144, -192])
02-05 01:17:23.124   581  5115 D DlbDap2Process: setParam(vbog = #1[0])
02-05 01:17:23.124   581  5115 D DlbDap2Process: setParam(vbsg = #1[0])
02-05 01:17:23.124   581  5115 D DlbDap2Process: setParam(dvli = #1[-320])
02-05 01:17:23.124   581  5115 D DlbDap2Process: setParam(dhfm = #1[0])
02-05 01:17:23.124   581  5115 D DlbDap2Process: setParam(vbon = #1[0])
02-05 01:17:23.124   581  5115 D DlbDap2Process: setParam(beon = #1[0])
02-05 01:17:23.124   581  5115 D DlbDap2Process: setParam(deon = #1[0])
02-05 01:17:23.124   581  5115 D DlbDap2Process: setParam(ngon = #1[1])
02-05 01:17:23.124   581  5115 D DlbDap2Process: setParam(aoon = #1[0])
02-05 01:17:23.124   581  5115 D DlbDap2Process: setParam(aron = #1[1])
02-05 01:17:23.124   581  5115 D DlbDap2Process: setParam(dvlo = #1[-320])
02-05 01:17:23.124   581  5115 D DlbDap2Process: setParam(artp = #1[12])
02-05 01:17:23.125   581  5115 D DlbDap2Process: setParam(aobs = #222[20, 10, 47, 141, 234, 328, 469, 656, 844, 1031, 1313, 1688, 2250, 3000, 3750, 4688, 5813, 7125, 9000, 11250, 13875, 19688, 0, 0, 0, 0, 0, 0, 0, 0, 0, 0, 0, 0, 0, 0, 0, 0, 0, 0, 0, 0, 0, 0, 0, 0, 0, 0, 0, 0, 0, 0, 0, 0, 0, 0, 0, 0, 0, 0, 0, 0, 0, 0, 0, 0, 0, 0, 0, 0, 0, 0, 0, 0, 0, 0, 0, 0, 0, 0, 0, 0, 0, 0, 0, 0, 0, 0, 0, 0, 0, 0, 0, 0, 0, 0, 0, 0, 0, 0, 0, 0, 0, 0, 0, 0, 0, 0, 0, 0, 0, 0, 0, 0, 0, 0, 0, 0, 0, 0, 0, 0, 0, 0, 0, 0, 0, 0, 0, 0, 0, 0, 0, 0, 0, 0, 0, 0, 0, 0, 0, 0, 0, 0, 0, 0, 0, 0, 0, 0, 0, 0, 0, 0, 0, 0, 0, 0, 0, 0, 0, 0, 0, 0, 0, 0, 0, 0, 0, 0, 0, 0, 0, 0, 0, 0, 0, 0, 0, 0, 0, 0, 0, 0, 0, 0, 0, 0, 0, 0, 0, 0, 0, 0, 0, 0, 0, 0, 0, 0, 0, 0, 0, 0, 0, 0, 0, 0, 0, 0, 0, 0, 0, 0, 0, 0, 0, 0, 0, 0, 0, 0])
02-05 01:17:23.125   581  5115 D DlbDap2Process: setParam(arbs = #81[20, 47, 141, 234, 328, 469, 656, 844, 1031, 1313, 1688, 2250, 3000, 3750, 4688, 5813, 7125, 9000, 11250, 13875, 19688, -192, -192, -192, -192, -192, -192, -192, -192, -192, -192, -192, -192, -192, -192, -192, -192, -192, -192, -192, -192, 0, 0, 0, 0, 0, 0, 0, 0, 0, 0, 0, 0, 0, 0, 0, 0, 0, 0, 0, 0, 0, 0, 0, 0, 0, 0, 0, 0, 0, 0, 0, 0, 0, 0, 0, 0, 0, 0, 0, 0])
02-05 01:17:23.125   581  5115 D DlbDapEndpointParamCache: doCommit() Committed 37 parameters out of 37.
02-05 01:17:23.125   581  5115 D DlbDap2Process: setMave(mave = 0)
02-05 01:17:23.126   581  5115 D DlbDapCrossfadeProcess: process transitioning from FADE_TO_ACTIVE state to DAP_ACTIVE
02-05 01:17:23.166  6516  6516 D featureTest: receive broadcast , record log :0
02-05 01:17:23.200  6516  6521 I zygote64: Do partial code cache collection, code=8KB, data=14KB
02-05 01:17:23.200  6516  6521 I zygote64: After code cache collection, code=8KB, data=14KB
02-05 01:17:23.200  6516  6521 I zygote64: Increasing code cache capacity to 128KB
02-05 01:17:23.201  6516  6521 I zygote64: Do partial code cache collection, code=8KB, data=33KB
02-05 01:17:23.201  6516  6521 I zygote64: After code cache collection, code=8KB, data=33KB
02-05 01:17:23.201  6516  6521 I zygote64: Increasing code cache capacity to 256KB
02-05 01:17:23.201  6516  6521 I zygote64: Compiler allocated 8MB to compile void android.widget.TextView.<init>(android.content.Context, android.util.AttributeSet, int, int)
02-05 01:17:23.806   581  5115 D DlbDap2Process: process() called [448500] times
02-05 01:17:24.765   816   816 W WindowManager: removeWindowToken: Attempted to remove non-existing token: android.os.Binder@cb1a883
02-05 01:17:24.822   429   429 D SurfaceFlinger: duplicate layer name: changing Toast to Toast#1
02-05 01:17:26.721   581  5115 D DlbDap2Process: process() called [449000] times
02-05 01:17:26.792   816   816 W WindowManager: removeWindowToken: Attempted to remove non-existing token: android.os.Binder@be7268a
