--------- beginning of system
02-05 01:17:11.191   816  3431 I ActivityManager: Force stopping com.dolby.qa.featuretest appid=10074 user=0: from pid 6414
02-05 01:17:11.191   816  3431 I ActivityManager: Killing 6317:com.dolby.qa.featuretest/u0a74 (adj 0): stop com.dolby.qa.featuretest
02-05 01:17:11.192   816  3431 W ActivityManager: Force removing ActivityRecord{f530d53 u0 com.dolby.qa.featuretest/.MainActivity t275}: app died, no saved state
02-05 01:17:11.198   816  3431 I WindowManager: Failed to capture screenshot of Token{59e2690 ActivityRecord{f530d53 u0 com.dolby.qa.featuretest/.MainActivity t275 f}} appWin=Window{d972e31 u0 com.dolby.qa.featuretest/com.dolby.qa.featuretest.MainActivity} drawState=4
--------- beginning of main
02-05 01:17:11.204   816   843 E JavaBinder: !!! FAILED BINDER TRANSACTION !!!  (parcel size = 60)
02-05 01:17:11.211   589   589 D NuPlayerDriver: reset(0xe57324d0) at state 5
02-05 01:17:11.212   816  2337 I WindowManager: WIN DEATH: Window{328c38b u0 Toast}
02-05 01:17:11.214   589   589 D NuPlayerDriver: notifyListener_l(0xe57324d0), (8, 0, 0, -1), loop setting(0, 1)
02-05 01:17:11.228   589  6368 D NuPlayerDriver: notifyResetComplete(0xe57324d0)
02-05 01:17:11.229   589   589 D AudioTrack: stop() called with 0 frames delivered
02-05 01:17:11.240  1232  1232 D CarrierSvcBindHelper: No carrier app for: 0
02-05 01:17:11.242  2298  2298 D RegisteredNfcFServicesCache: Service unchanged, not updating
02-05 01:17:11.304   816  4855 I ActivityManager: START u0 {flg=0x10000000 cmp=com.dolby.qa.featuretest/.MainActivity} from uid 2000
02-05 01:17:11.333  6420  6420 I zygote64: Late-enabling -Xcheck:jni
02-05 01:17:11.335   816   828 I ActivityManager: Start proc 6420:com.dolby.qa.featuretest/u0a74 for activity com.dolby.qa.featuretest/.MainActivity
02-05 01:17:11.527   571   940 E QC-QMI  : linux_qmi_qmux_io_wake_lock: Err in writing wakelock=qmuxd_port_wl_0, error [1:Operation not permitted]
02-05 01:17:11.527   571   940 E QC-QMI  : linux_qmi_qmux_io_wake_unlock: Err in writing wakelock=qmuxd_port_wl_0, error [1:Operation not permitted]
02-05 01:17:11.561  6420  6420 D featureTest: onCreate
02-05 01:17:11.569   581  7829 W AudioFlinger: createTrack_l(): mismatch between requested flags (00000008) and output flags (00000000)
02-05 01:17:11.569  6420  6420 D AudioTrack: Client defaulted notificationFrames to 3916 for frameCount 11748
02-05 01:17:11.576  6420  6420 W AudioTrack: Use of stream types is deprecated for operations other than volume control
02-05 01:17:11.576  6420  6420 W AudioTrack: See the documentation of AudioTrack() for what to use instead with android.media.AudioAttributes to qualify your playback use case
02-05 01:17:11.582  6420  6420 W DolbyAudioEffect: WARNING: attaching a DolbyAudioEffect to global output mix is deprecated!
02-05 01:17:11.588  6420  6420 D featureTest: onResume
02-05 01:17:11.605  6420  6438 D OpenGLRenderer: HWUI GL Pipeline
02-05 01:17:11.679  6420  6438 I Adreno  : QUALCOMM build                   : 7142022, Ib5823dd10c
02-05 01:17:11.679  6420  6438 I Adreno  : Build Date                       : 06/23/17
02-05 01:17:11.679  6420  6438 I Adreno  : OpenGL ES Shader Compiler Version: EV031.18.00.00
02-05 01:17:11.679  6420  6438 I Adreno  : Local Branch                     : O11A
02-05 01:17:11.679  6420  6438 I Adreno  : Remote Branch                    : 
02-05 01:17:11.679  6420  6438 I Adreno  : Remote Branch                    : 
02-05 01:17:11.679  6420  6438 I Adreno  : Reconstruct Branch               : 
02-05 01:17:11.679  6420  6438 I vndksupport: sphal namespace is not configured for this process. Loading /vendor/lib64/hw/gralloc.msm8994.so from the current namespace instead.
02-05 01:17:11.692  6420  6438 I Adreno  : PFP: 0x00000000, ME: 0x00000000
02-05 01:17:11.699  6420  6438 I OpenGLRenderer: Initialized EGL, version 1.4
02-05 01:17:11.699  6420  6438 D OpenGLRenderer: Swap behavior 2
02-05 01:17:11.717   365   365 W /system/bin/hwservicemanager: getTransportFromManifest: Cannot find entry android.hardware.graphics.mapper@2.0::IMapper in either framework or device manifest, using default transport.
02-05 01:17:11.721  6420  6438 I vndksupport: sphal namespace is not configured for this process. Loading /vendor/lib64/hw/gralloc.msm8994.so from the current namespace instead.
02-05 01:17:11.748   816   843 W ActivityManager: setHasOverlayUi called on unknown pid: 6317
02-05 01:17:11.763   816   843 I ActivityManager: Displayed com.dolby.qa.featuretest/.MainActivity: +440ms
02-05 01:17:11.939   581  5115 D DlbDap2Process: process() called [446500] times
02-05 01:17:12.140  2401  2517 W OpenGLRenderer: Incorrectly called buildLayer on View: ShortcutAndWidgetContainer, destroying layer...
02-05 01:17:12.402  6420  6420 D featureTest: receive broadcast , playing content location :/sdcard/featureTest/chopper_2.0_180_420_02.wav
02-05 01:17:12.412  6420  6420 D featureTest: mMediaPlayer.getAudioSessionId(): 5833
02-05 01:17:12.412  6420  6420 D featureTest: Playing file: /sdcard/featureTest/chopper_2.0_180_420_02.wav
02-05 01:17:12.413   589   709 D NuPlayerDriver: NuPlayerDriver(0xe5732230) created, clientPid(6420)
02-05 01:17:12.417  6453  6453 W generic : type=1400 audit(0.0:3064): avc: denied { read } for path="/storage/emulated/0/featuretest/chopper_2.0_180_420_02.wav" dev="sdcardfs" ino=523303 scontext=u:r:mediaextractor:s0 tcontext=u:object_r:sdcardfs:s0 tclass=file permissive=0
02-05 01:17:12.417  6420  6420 W MediaPlayer: Use of stream types is deprecated for operations other than volume control
02-05 01:17:12.417  6420  6420 W MediaPlayer: See the documentation of setAudioStreamType() for what to use instead with android.media.AudioAttributes to qualify your playback use case
02-05 01:17:12.420   589  6453 D GenericSource: FileSource remote
02-05 01:17:12.420   589  6453 W GenericSource: extractor service cannot make data source
02-05 01:17:12.420   589  6453 D GenericSource: FileSource local
02-05 01:17:12.437   587  1118 D MediaBufferGroup: creating MemoryDealer
02-05 01:17:12.438   589  6451 D NuPlayerDriver: notifyListener_l(0xe5732230), (1, 0, 0, -1), loop setting(0, 0)
02-05 01:17:12.449   589   709 D NuPlayerDriver: start(0xe5732230), state is 4, eos is 0
02-05 01:17:12.449   589  6451 I GenericSource: start
02-05 01:17:12.457  6420  6420 W DolbyAudioEffect: WARNING: attaching a DolbyAudioEffect to global output mix is deprecated!
02-05 01:17:12.458   593  1187 I OMXMaster: makeComponentInstance(OMX.google.raw.decoder) in android.hardwar process
02-05 01:17:12.465  6420  6420 D featureTest: receive broadcast , change ds status :0
02-05 01:17:12.466   593  1188 E OMXNodeInstance: setConfig(0xf10a3200:google.raw.decoder, ConfigPriority(0x6f800002)) ERROR: Undefined(0x80001001)
02-05 01:17:12.466   589  6458 I ACodec  : codec does not support config priority (err -2147483648)
02-05 01:17:12.466   593   712 E OMXNodeInstance: getConfig(0xf10a3200:google.raw.decoder, ConfigAndroidVendorExtension(0x6f100004)) ERROR: Undefined(0x80001001)
02-05 01:17:12.467   589  6458 I MediaCodec: MediaCodec will operate in async mode
02-05 01:17:12.478   581  7829 W AudioFlinger: createTrack_l(): mismatch between requested flags (00000008) and output flags (00000000)
02-05 01:17:12.479   589  6456 D AudioTrack: Client defaulted notificationFrames to 11200 for frameCount 22400
02-05 01:17:12.481   589  6451 D NuPlayerDriver: notifyListener_l(0xe5732230), (6, 0, 0, -1), loop setting(0, 1)
02-05 01:17:12.492   581  4435 D DlbDlbEffect: handle_EFFECT_CMD_SET_PARAM()
02-05 01:17:12.518   581  5115 D DlbDapCrossfadeProcess: setEnabled transitioning from DAP_ACTIVE state to FADE_TO_BYPASS
02-05 01:17:12.548  6420  6420 D featureTest: receive broadcast , change ds profile id :2
02-05 01:17:12.556   581  5110 D DlbDlbEffect: handle_EFFECT_CMD_SET_PARAM()
02-05 01:17:12.556   421   460 I DapController: Profile Changed to Music
02-05 01:17:12.573   581  5115 D DlbDapEndpointParamCache: commitChangedParams()
02-05 01:17:12.573   581  5115 D DlbDapEndpointParamCache: commit() Applying parameters for device 0x40000000
02-05 01:17:12.573   581  5115 D DlbDap2Process: setParam(iea = #1[10])
02-05 01:17:12.573   581  5115 D DlbDap2Process: setParam(msce = #1[0])
02-05 01:17:12.573   581  5115 D DlbDap2Process: setParam(mdee = #1[0])
02-05 01:17:12.573   581  5115 D DlbDap2Process: setParam(miee = #1[0])
02-05 01:17:12.573   581  5115 D DlbDap2Process: setParam(mdle = #1[0])
02-05 01:17:12.573   581  5115 D DlbDap2Process: setParam(dvle = #1[1])
02-05 01:17:12.573   581  5115 D DlbDap2Process: setParam(mave = #1[0])
02-05 01:17:12.573   581  5115 D DlbDap2Process: setParam(vcbf = #20[47, 141, 234, 328, 469, 656, 844, 1031, 1313, 1688, 2250, 3000, 3750, 4688, 5813, 7125, 9000, 11250, 13875, 19688])
02-05 01:17:12.573   581  5115 D DlbDap2Process: setParam(vbon = #1[0])
02-05 01:17:12.573   581  5115 D DlbDap2Process: setParam(beon = #1[0])
02-05 01:17:12.573   581  5115 D DlbDap2Process: setParam(geon = #1[0])
02-05 01:17:12.573   581  5115 D DlbDap2Process: setParam(ieon = #1[1])
02-05 01:17:12.573   581  5115 D DlbDap2Process: setParam(gebs = #41[20, 47, 141, 234, 328, 469, 656, 844, 1031, 1313, 1688, 2250, 3000, 3750, 4688, 5813, 7125, 9000, 11250, 13875, 19688, 0, 0, 0, 0, 0, 0, 0, 0, 0, 0, 0, 0, 0, 0, 0, 0, 0, 0, 0, 0])
02-05 01:17:12.573   581  5115 D DlbDap2Process: setParam(iebs = #41[20, 65, 136, 223, 332, 467, 634, 841, 1098, 1416, 1812, 2302, 2909, 3663, 4598, 5756, 7194, 8976, 11186, 13927, 17326, 117, 133, 188, 176, 141, 149, 175, 185, 185, 200, 236, 242, 228, 213, 182, 132, 110, 68, -27, -240])
02-05 01:17:12.573   581  5115 D DlbDapEndpointParamCache: doCommit() Committed 15 parameters out of 16.
02-05 01:17:12.574   581  5115 D DlbDapEndpointParamCache: commit() Overriding parameters for current device 0x00000080
02-05 01:17:12.574   581  5115 D DlbDap2Process: setParam(dea = #1[7])
02-05 01:17:12.574   581  5115 D DlbDap2Process: setParam(dsa = #1[10])
02-05 01:17:12.574   581  5115 D DlbDap2Process: setParam(beb = #1[192])
02-05 01:17:12.574   581  5115 D DlbDap2Process: setParam(plb = #1[0])
02-05 01:17:12.574   581  5115 D DlbDap2Process: setParam(vmb = #1[144])
02-05 01:17:12.574   581  5115 D DlbDap2Process: setParam(dsb = #1[0])
02-05 01:17:12.574   581  5115 D DlbDap2Process: setParam(ded = #1[0])
02-05 01:17:12.574   581  5115 D DlbDap2Process: setParam(vbm = #1[0])
02-05 01:17:12.574   581  5115 D DlbDap2Process: setParam(dom = #1[0])
02-05 01:17:12.574   581  5115 D DlbDap2Process: setParam(bew = #1[16])
02-05 01:17:12.574   581  5115 D DlbDap2Process: setParam(dvla = #1[4])
02-05 01:17:12.574   581  5115 D DlbDap2Process: setParam(arra = #1[96])
02-05 01:17:12.574   581  5115 D DlbDap2Process: setParam(dfsa = #1[10])
02-05 01:17:12.574   581  5115 D DlbDap2Process: setParam(dhsa = #1[10])
02-05 01:17:12.574   581  5115 D DlbDap2Process: setParam(dvmc = #1[0])
02-05 01:17:12.574   581  5115 D DlbDap2Process: setParam(arod = #1[0])
02-05 01:17:12.574   581  5115 D DlbDap2Process: setParam(arde = #1[0])
02-05 01:17:12.574   581  5115 D DlbDap2Process: setParam(dvle = #1[1])
02-05 01:17:12.574   581  5115 D DlbDap2Process: setParam(dvme = #1[0])
02-05 01:17:12.574   581  5115 D DlbDap2Process: setParam(becf = #1[200])
02-05 01:17:12.574   581  5115 D DlbDap2Process: setParam(vbmf = #2[94, 469])
02-05 01:17:12.574   581  5115 D DlbDap2Process: setParam(vbsf = #2[35, 160])
02-05 01:17:12.574   581  5115 D DlbDap2Process: setParam(vbhg = #3[-32, -144, -192])
02-05 01:17:12.574   581  5115 D DlbDap2Process: setParam(vbog = #1[0])
02-05 01:17:12.574   581  5115 D DlbDap2Process: setParam(vbsg = #1[0])
02-05 01:17:12.574   581  5115 D DlbDap2Process: setParam(dvli = #1[-320])
02-05 01:17:12.574   581  5115 D DlbDap2Process: setParam(dhfm = #1[0])
02-05 01:17:12.574   581  5115 D DlbDap2Process: setParam(vbon = #1[0])
02-05 01:17:12.574   581  5115 D DlbDap2Process: setParam(beon = #1[0])
02-05 01:17:12.574   581  5115 D DlbDap2Process: setParam(deon = #1[0])
02-05 01:17:12.574   581  5115 D DlbDap2Process: setParam(ngon = #1[1])
02-05 01:17:12.574   581  5115 D DlbDap2Process: setParam(aoon = #1[0])
02-05 01:17:12.574   581  5115 D DlbDap2Process: setParam(aron = #1[1])
02-05 01:17:12.574   581  5115 D DlbDap2Process: setParam(dvlo = #1[-320])
02-05 01:17:12.574   581  5115 D DlbDap2Process: setParam(artp = #1[12])
02-05 01:17:12.575   581  5115 D DlbDap2Process: setParam(aobs = #222[20, 10, 47, 141, 234, 328, 469, 656, 844, 1031, 1313, 1688, 2250, 3000, 3750, 4688, 5813, 7125, 9000, 11250, 13875, 19688, 0, 0, 0, 0, 0, 0, 0, 0, 0, 0, 0, 0, 0, 0, 0, 0, 0, 0, 0, 0, 0, 0, 0, 0, 0, 0, 0, 0, 0, 0, 0, 0, 0, 0, 0, 0, 0, 0, 0, 0, 0, 0, 0, 0, 0, 0, 0, 0, 0, 0, 0, 0, 0, 0, 0, 0, 0, 0, 0, 0, 0, 0, 0, 0, 0, 0, 0, 0, 0, 0, 0, 0, 0, 0, 0, 0, 0, 0, 0, 0, 0, 0, 0, 0, 0, 0, 0, 0, 0, 0, 0, 0, 0, 0, 0, 0, 0, 0, 0, 0, 0, 0, 0, 0, 0, 0, 0, 0, 0, 0, 0, 0, 0, 0, 0, 0, 0, 0, 0, 0, 0, 0, 0, 0, 0, 0, 0, 0, 0, 0, 0, 0, 0, 0, 0, 0, 0, 0, 0, 0, 0, 0, 0, 0, 0, 0, 0, 0, 0, 0, 0, 0, 0, 0, 0, 0, 0, 0, 0, 0, 0, 0, 0, 0, 0, 0, 0, 0, 0, 0, 0, 0, 0, 0, 0, 0, 0, 0, 0, 0, 0, 0, 0, 0, 0, 0, 0, 0, 0, 0, 0, 0, 0, 0, 0, 0, 0, 0, 0, 0])
02-05 01:17:12.575   581  5115 D DlbDap2Process: setParam(arbs = #81[20, 47, 141, 234, 328, 469, 656, 844, 1031, 1313, 1688, 2250, 3000, 3750, 4688, 5813, 7125, 9000, 11250, 13875, 19688, -192, -192, -192, -192, -192, -192, -192, -192, -192, -192, -192, -192, -192, -192, -192, -192, -192, -192, -192, -192, 0, 0, 0, 0, 0, 0, 0, 0, 0, 0, 0, 0, 0, 0, 0, 0, 0, 0, 0, 0, 0, 0, 0, 0, 0, 0, 0, 0, 0, 0, 0, 0, 0, 0, 0, 0, 0, 0, 0, 0])
02-05 01:17:12.575   581  5115 D DlbDapEndpointParamCache: doCommit() Committed 37 parameters out of 37.
02-05 01:17:12.575   581  5115 D DlbDap2Process: setMave(mave = 0)
02-05 01:17:12.620   581  5115 D DlbDapCrossfadeProcess: process transitioning from FADE_TO_BYPASS state to DAP_BYPASSED
02-05 01:17:12.621  6420  6420 D featureTest: receive broadcast , playing content location :/sdcard/featureTest/chopper_2.0_180_420_02.wav
02-05 01:17:12.623   589   589 D NuPlayerDriver: stop(0xe5732230)
02-05 01:17:12.623   589   589 D NuPlayerDriver: notifyListener_l(0xe5732230), (8, 0, 0, -1), loop setting(0, 1)
02-05 01:17:12.624   589  1170 D NuPlayerDriver: reset(0xe5732230) at state 8
02-05 01:17:12.629   816   816 W NotificationService: Object died trying to hide notification android.app.ITransientNotification$Stub$Proxy@7166010 in package com.dolby.qa.featuretest
02-05 01:17:12.630   816   816 W WindowManager: removeWindowToken: Attempted to remove non-existing token: android.os.Binder@66ea538
02-05 01:17:12.630   816   816 W ActivityManager: setProcessForeground called on unknown pid: 6317
02-05 01:17:12.630   816   816 W NotificationService: Object died trying to show notification android.app.ITransientNotification$Stub$Proxy@22bf709 in package com.dolby.qa.featuretest
02-05 01:17:12.630   816   816 W ActivityManager: setProcessForeground called on unknown pid: 6317
02-05 01:17:12.631   816   816 W NotificationService: Object died trying to show notification android.app.ITransientNotification$Stub$Proxy@bf31d0e in package com.dolby.qa.featuretest
02-05 01:17:12.631   589  6451 D NuPlayerDriver: notifyResetComplete(0xe5732230)
02-05 01:17:12.631   589  1183 D NuPlayerDriver: reset(0xe5732230) at state 0
02-05 01:17:12.632  6420  6420 V MediaPlayer: resetDrmState:  mDrmInfo=null mDrmProvisioningThread=null mPrepareDrmInProgress=false mActiveDrmScheme=false
02-05 01:17:12.632  6420  6420 V MediaPlayer: cleanDrmObj: mDrmObj=null mDrmSessionId=null
02-05 01:17:12.633  6420  6420 V MediaPlayer: resetDrmState:  mDrmInfo=null mDrmProvisioningThread=null mPrepareDrmInProgress=false mActiveDrmScheme=false
02-05 01:17:12.633  6420  6420 V MediaPlayer: cleanDrmObj: mDrmObj=null mDrmSessionId=null
02-05 01:17:12.638  6420  6420 D featureTest: mMediaPlayer.getAudioSessionId(): 5841
02-05 01:17:12.638  6420  6420 D featureTest: Playing file: /sdcard/featureTest/chopper_2.0_180_420_02.wav
02-05 01:17:12.640  6473  6473 W generic : type=1400 audit(0.0:3065): avc: denied { read } for path="/storage/emulated/0/featuretest/chopper_2.0_180_420_02.wav" dev="sdcardfs" ino=523303 scontext=u:r:mediaextractor:s0 tcontext=u:object_r:sdcardfs:s0 tclass=file permissive=0
02-05 01:17:12.640   589   589 D NuPlayerDriver: NuPlayerDriver(0xe57324d0) created, clientPid(6420)
02-05 01:17:12.642  6420  6420 W MediaPlayer: Use of stream types is deprecated for operations other than volume control
02-05 01:17:12.642  6420  6420 W MediaPlayer: See the documentation of setAudioStreamType() for what to use instead with android.media.AudioAttributes to qualify your playback use case
02-05 01:17:12.644   589  6473 D GenericSource: FileSource remote
02-05 01:17:12.644   589  6473 W GenericSource: extractor service cannot make data source
02-05 01:17:12.644   589  6473 D GenericSource: FileSource local
02-05 01:17:12.660   587   587 D MediaBufferGroup: creating MemoryDealer
02-05 01:17:12.661   589  6472 D NuPlayerDriver: notifyListener_l(0xe57324d0), (1, 0, 0, -1), loop setting(0, 0)
02-05 01:17:12.666   589   589 D NuPlayerDriver: start(0xe57324d0), state is 4, eos is 0
02-05 01:17:12.667   589  6472 I GenericSource: start
02-05 01:17:12.670  6420  6420 W DolbyAudioEffect: WARNING: attaching a DolbyAudioEffect to global output mix is deprecated!
02-05 01:17:12.676   593  1162 I OMXMaster: makeComponentInstance(OMX.google.raw.decoder) in android.hardwar process
02-05 01:17:12.680   593   712 E OMXNodeInstance: setConfig(0xf10a30e0:google.raw.decoder, ConfigPriority(0x6f800002)) ERROR: Undefined(0x80001001)
02-05 01:17:12.680   589  6478 I ACodec  : codec does not support config priority (err -2147483648)
02-05 01:17:12.681   593  5353 E OMXNodeInstance: getConfig(0xf10a30e0:google.raw.decoder, ConfigAndroidVendorExtension(0x6f100004)) ERROR: Undefined(0x80001001)
02-05 01:17:12.683   589  6478 I MediaCodec: MediaCodec will operate in async mode
02-05 01:17:12.693   581  7829 W AudioFlinger: createTrack_l(): mismatch between requested flags (00000008) and output flags (00000000)
02-05 01:17:12.694   589  6476 D AudioTrack: Client defaulted notificationFrames to 11200 for frameCount 22400
02-05 01:17:12.695   589  6472 D NuPlayerDriver: notifyListener_l(0xe57324d0), (6, 0, 0, -1), loop setting(0, 1)
02-05 01:17:12.723  6420  6420 D featureTest: receive broadcast , change ds status :1
02-05 01:17:12.753   581  5143 D DlbDlbEffect: handle_EFFECT_CMD_SET_PARAM()
02-05 01:17:12.777   581  5115 D DlbDapCrossfadeProcess: setEnabled transitioning from DAP_BYPASSED state to PREROLL_ACTIVE
02-05 01:17:12.810  6420  6420 D featureTest: receive broadcast , change ds profile id :5
02-05 01:17:12.821   581  5115 D DlbDapCrossfadeProcess: process transitioning from PREROLL_ACTIVE state to FADE_TO_ACTIVE
02-05 01:17:12.825   581  5356 D DlbDlbEffect: handle_EFFECT_CMD_SET_PARAM()
02-05 01:17:12.826   421   460 I DapController: Profile Changed to Custom
02-05 01:17:12.833   581  5115 D DlbDapEndpointParamCache: commitChangedParams()
02-05 01:17:12.833   581  5115 D DlbDapEndpointParamCache: commit() Applying parameters for device 0x40000000
02-05 01:17:12.833   581  5115 D DlbDap2Process: setParam(iea = #1[10])
02-05 01:17:12.833   581  5115 D DlbDap2Process: setParam(msce = #1[0])
02-05 01:17:12.833   581  5115 D DlbDap2Process: setParam(mdee = #1[0])
02-05 01:17:12.833   581  5115 D DlbDap2Process: setParam(miee = #1[0])
02-05 01:17:12.833   581  5115 D DlbDap2Process: setParam(mdle = #1[0])
02-05 01:17:12.833   581  5115 D DlbDap2Process: setParam(dvle = #1[1])
02-05 01:17:12.833   581  5115 D DlbDap2Process: setParam(mave = #1[0])
02-05 01:17:12.833   581  5115 D DlbDap2Process: setParam(vcbf = #20[47, 141, 234, 328, 469, 656, 844, 1031, 1313, 1688, 2250, 3000, 3750, 4688, 5813, 7125, 9000, 11250, 13875, 19688])
02-05 01:17:12.833   581  5115 D DlbDap2Process: setParam(vbon = #1[0])
02-05 01:17:12.833   581  5115 D DlbDap2Process: setParam(beon = #1[0])
02-05 01:17:12.833   581  5115 D DlbDap2Process: setParam(geon = #1[0])
02-05 01:17:12.833   581  5115 D DlbDap2Process: setParam(ieon = #1[0])
02-05 01:17:12.833   581  5115 D DlbDap2Process: setParam(gebs = #41[20, 47, 141, 234, 328, 469, 656, 844, 1031, 1313, 1688, 2250, 3000, 3750, 4688, 5813, 7125, 9000, 11250, 13875, 19688, 0, 0, 0, 0, 0, 0, 0, 0, 0, 0, 0, 0, 0, 0, 0, 0, 0, 0, 0, 0])
02-05 01:17:12.834   581  5115 D DlbDap2Process: setParam(iebs = #41[20, 65, 136, 223, 332, 467, 634, 841, 1098, 1416, 1812, 2302, 2909, 3663, 4598, 5756, 7194, 8976, 11186, 13927, 17326, 117, 133, 188, 176, 141, 149, 175, 185, 185, 200, 236, 242, 228, 213, 182, 132, 110, 68, -27, -240])
02-05 01:17:12.834   581  5115 D DlbDapEndpointParamCache: doCommit() Committed 15 parameters out of 16.
02-05 01:17:12.834   581  5115 D DlbDapEndpointParamCache: commit() Overriding parameters for current device 0x00000080
02-05 01:17:12.834   581  5115 D DlbDap2Process: setParam(dea = #1[7])
02-05 01:17:12.834   581  5115 D DlbDap2Process: setParam(dsa = #1[10])
02-05 01:17:12.834   581  5115 D DlbDap2Process: setParam(beb = #1[192])
02-05 01:17:12.834   581  5115 D DlbDap2Process: setParam(plb = #1[0])
02-05 01:17:12.834   581  5115 D DlbDap2Process: setParam(vmb = #1[144])
02-05 01:17:12.834   581  5115 D DlbDap2Process: setParam(dsb = #1[0])
02-05 01:17:12.834   581  5115 D DlbDap2Process: setParam(ded = #1[0])
02-05 01:17:12.834   581  5115 D DlbDap2Process: setParam(vbm = #1[0])
02-05 01:17:12.834   581  5115 D DlbDap2Process: setParam(dom = #1[0])
02-05 01:17:12.834   581  5115 D DlbDap2Process: setParam(bew = #1[16])
02-05 01:17:12.834   581  5115 D DlbDap2Process: setParam(dvla = #1[5])
02-05 01:17:12.834   581  5115 D DlbDap2Process: setParam(arra = #1[96])
02-05 01:17:12.834   581  5115 D DlbDap2Process: setParam(dfsa = #1[10])
02-05 01:17:12.834   581  5115 D DlbDap2Process: setParam(dhsa = #1[10])
02-05 01:17:12.834   581  5115 D DlbDap2Process: setParam(dvmc = #1[0])
02-05 01:17:12.834   581  5115 D DlbDap2Process: setParam(arod = #1[0])
02-05 01:17:12.834   581  5115 D DlbDap2Process: setParam(arde = #1[0])
02-05 01:17:12.834   581  5115 D DlbDap2Process: setParam(dvle = #1[1])
02-05 01:17:12.834   581  5115 D DlbDap2Process: setParam(dvme = #1[0])
02-05 01:17:12.834   581  5115 D DlbDap2Process: setParam(becf = #1[200])
02-05 01:17:12.834   581  5115 D DlbDap2Process: setParam(vbmf = #2[94, 469])
02-05 01:17:12.834   581  5115 D DlbDap2Process: setParam(vbsf = #2[35, 160])
02-05 01:17:12.834   581  5115 D DlbDap2Process: setParam(vbhg = #3[-32, -144, -192])
02-05 01:17:12.834   581  5115 D DlbDap2Process: setParam(vbog = #1[0])
02-05 01:17:12.834   581  5115 D DlbDap2Process: setParam(vbsg = #1[0])
02-05 01:17:12.834   581  5115 D DlbDap2Process: setParam(dvli = #1[-320])
02-05 01:17:12.834   581  5115 D DlbDap2Process: setParam(dhfm = #1[0])
02-05 01:17:12.834   581  5115 D DlbDap2Process: setParam(vbon = #1[0])
02-05 01:17:12.834   581  5115 D DlbDap2Process: setParam(beon = #1[0])
02-05 01:17:12.834   581  5115 D DlbDap2Process: setParam(deon = #1[0])
02-05 01:17:12.835   581  5115 D DlbDap2Process: setParam(ngon = #1[1])
02-05 01:17:12.835   581  5115 D DlbDap2Process: setParam(aoon = #1[0])
02-05 01:17:12.835   581  5115 D DlbDap2Process: setParam(aron = #1[1])
02-05 01:17:12.835   581  5115 D DlbDap2Process: setParam(dvlo = #1[-320])
02-05 01:17:12.835   581  5115 D DlbDap2Process: setParam(artp = #1[12])
02-05 01:17:12.835   581  5115 D DlbDap2Process: setParam(aobs = #222[20, 10, 47, 141, 234, 328, 469, 656, 844, 1031, 1313, 1688, 2250, 3000, 3750, 4688, 5813, 7125, 9000, 11250, 13875, 19688, 0, 0, 0, 0, 0, 0, 0, 0, 0, 0, 0, 0, 0, 0, 0, 0, 0, 0, 0, 0, 0, 0, 0, 0, 0, 0, 0, 0, 0, 0, 0, 0, 0, 0, 0, 0, 0, 0, 0, 0, 0, 0, 0, 0, 0, 0, 0, 0, 0, 0, 0, 0, 0, 0, 0, 0, 0, 0, 0, 0, 0, 0, 0, 0, 0, 0, 0, 0, 0, 0, 0, 0, 0, 0, 0, 0, 0, 0, 0, 0, 0, 0, 0, 0, 0, 0, 0, 0, 0, 0, 0, 0, 0, 0, 0, 0, 0, 0, 0, 0, 0, 0, 0, 0, 0, 0, 0, 0, 0, 0, 0, 0, 0, 0, 0, 0, 0, 0, 0, 0, 0, 0, 0, 0, 0, 0, 0, 0, 0, 0, 0, 0, 0, 0, 0, 0, 0, 0, 0, 0, 0, 0, 0, 0, 0, 0, 0, 0, 0, 0, 0, 0, 0, 0, 0, 0, 0, 0, 0, 0, 0, 0, 0, 0, 0, 0, 0, 0, 0, 0, 0, 0, 0, 0, 0, 0, 0, 0, 0, 0, 0, 0, 0, 0, 0, 0, 0, 0, 0, 0, 0, 0, 0, 0, 0, 0, 0, 0, 0, 0])
02-05 01:17:12.836   581  5115 D DlbDap2Process: setParam(arbs = #81[20, 47, 141, 234, 328, 469, 656, 844, 1031, 1313, 1688, 2250, 3000, 3750, 4688, 5813, 7125, 9000, 11250, 13875, 19688, -192, -192, -192, -192, -192, -192, -192, -192, -192, -192, -192, -192, -192, -192, -192, -192, -192, -192, -192, -192, 0, 0, 0, 0, 0, 0, 0, 0, 0, 0, 0, 0, 0, 0, 0, 0, 0, 0, 0, 0, 0, 0, 0, 0, 0, 0, 0, 0, 0, 0, 0, 0, 0, 0, 0, 0, 0, 0, 0, 0])
02-05 01:17:12.836   581  5115 D DlbDapEndpointParamCache: doCommit() Committed 37 parameters out of 37.
02-05 01:17:12.836   581  5115 D DlbDap2Process: setMave(mave = 0)
02-05 01:17:12.896  6420  6420 D featureTest: receive broadcast , change virtual speaker  virtualizer :1
02-05 01:17:12.915   581   731 D DlbDlbEffect: handle_EFFECT_CMD_SET_PARAM()
02-05 01:17:12.938   581  5115 D DlbDapEndpointParamCache: commitChangedParams()
02-05 01:17:12.938   581  5115 D DlbDapEndpointParamCache: commit() Applying parameters for device 0x40000000
02-05 01:17:12.938   581  5115 D DlbDap2Process: setParam(iea = #1[10])
02-05 01:17:12.938   581  5115 D DlbDap2Process: setParam(msce = #1[0])
02-05 01:17:12.938   581  5115 D DlbDap2Process: setParam(mdee = #1[0])
02-05 01:17:12.938   581  5115 D DlbDap2Process: setParam(miee = #1[0])
02-05 01:17:12.938   581  5115 D DlbDap2Process: setParam(mdle = #1[0])
02-05 01:17:12.938   581  5115 D DlbDap2Process: setParam(dvle = #1[1])
02-05 01:17:12.938   581  5115 D DlbDap2Process: setParam(mave = #1[0])
02-05 01:17:12.938   581  5115 D DlbDap2Process: setParam(vcbf = #20[47, 141, 234, 328, 469, 656, 844, 1031, 1313, 1688, 2250, 3000, 3750, 4688, 5813, 7125, 9000, 11250, 13875, 19688])
02-05 01:17:12.938   581  5115 D DlbDap2Process: setParam(vbon = #1[0])
02-05 01:17:12.938   581  5115 D DlbDap2Process: setParam(beon = #1[0])
02-05 01:17:12.938   581  5115 D DlbDap2Process: setParam(geon = #1[0])
02-05 01:17:12.938   581  5115 D DlbDap2Process: setParam(ieon = #1[0])
02-05 01:17:12.938   581  5115 D DlbDap2Process: setParam(gebs = #41[20, 47, 141, 234, 328, 469, 656, 844, 1031, 1313, 1688, 2250, 3000, 3750, 4688, 5813, 7125, 9000, 11250, 13875, 19688, 0, 0, 0, 0, 0, 0, 0, 0, 0, 0, 0, 0, 0, 0, 0, 0, 0, 0, 0, 0])
02-05 01:17:12.938   581  5115 D DlbDap2Process: setParam(iebs = #41[20, 65, 136, 223, 332, 467, 634, 841, 1098, 1416, 1812, 2302, 2909, 3663, 4598, 5756, 7194, 8976, 11186, 13927, 17326, 117, 133, 188, 176, 141, 149, 175, 185, 185, 200, 236, 242, 228, 213, 182, 132, 110, 68, -27, -240])
02-05 01:17:12.938   581  5115 D DlbDapEndpointParamCache: doCommit() Committed 15 parameters out of 16.
02-05 01:17:12.938   581  5115 D DlbDapEndpointParamCache: commit() Overriding parameters for current device 0x00000080
02-05 01:17:12.938   581  5115 D DlbDap2Process: setParam(dea = #1[7])
02-05 01:17:12.938   581  5115 D DlbDap2Process: setParam(dsa = #1[10])
02-05 01:17:12.938   581  5115 D DlbDap2Process: setParam(beb = #1[192])
02-05 01:17:12.939   581  5115 D DlbDap2Process: setParam(plb = #1[0])
02-05 01:17:12.939   581  5115 D DlbDap2Process: setParam(vmb = #1[144])
02-05 01:17:12.939   581  5115 D DlbDap2Process: setParam(dsb = #1[0])
02-05 01:17:12.939   581  5115 D DlbDap2Process: setParam(ded = #1[0])
02-05 01:17:12.939   581  5115 D DlbDap2Process: setParam(vbm = #1[0])
02-05 01:17:12.939   581  5115 D DlbDap2Process: setParam(dom = #1[0])
02-05 01:17:12.939   581  5115 D DlbDap2Process: setParam(bew = #1[16])
02-05 01:17:12.939   581  5115 D DlbDap2Process: setParam(dvla = #1[5])
02-05 01:17:12.939   581  5115 D DlbDap2Process: setParam(arra = #1[96])
02-05 01:17:12.939   581  5115 D DlbDap2Process: setParam(dfsa = #1[10])
02-05 01:17:12.939   581  5115 D DlbDap2Process: setParam(dhsa = #1[10])
02-05 01:17:12.939   581  5115 D DlbDap2Process: setParam(dvmc = #1[0])
02-05 01:17:12.939   581  5115 D DlbDap2Process: setParam(arod = #1[0])
02-05 01:17:12.939   581  5115 D DlbDap2Process: setParam(arde = #1[0])
02-05 01:17:12.939   581  5115 D DlbDap2Process: setParam(dvle = #1[1])
02-05 01:17:12.939   581  5115 D DlbDap2Process: setParam(dvme = #1[0])
02-05 01:17:12.939   581  5115 D DlbDap2Process: setParam(becf = #1[200])
02-05 01:17:12.939   581  5115 D DlbDap2Process: setParam(vbmf = #2[94, 469])
02-05 01:17:12.939   581  5115 D DlbDap2Process: setParam(vbsf = #2[35, 160])
02-05 01:17:12.939   581  5115 D DlbDap2Process: setParam(vbhg = #3[-32, -144, -192])
02-05 01:17:12.939   581  5115 D DlbDap2Process: setParam(vbog = #1[0])
02-05 01:17:12.939   581  5115 D DlbDap2Process: setParam(vbsg = #1[0])
02-05 01:17:12.939   581  5115 D DlbDap2Process: setParam(dvli = #1[-320])
02-05 01:17:12.939   581  5115 D DlbDap2Process: setParam(dhfm = #1[0])
02-05 01:17:12.939   581  5115 D DlbDap2Process: setParam(vbon = #1[0])
02-05 01:17:12.939   581  5115 D DlbDap2Process: setParam(beon = #1[0])
02-05 01:17:12.939   581  5115 D DlbDap2Process: setParam(deon = #1[0])
02-05 01:17:12.939   581  5115 D DlbDap2Process: setParam(ngon = #1[1])
02-05 01:17:12.939   581  5115 D DlbDap2Process: setParam(aoon = #1[0])
02-05 01:17:12.939   581  5115 D DlbDap2Process: setParam(aron = #1[1])
02-05 01:17:12.939   581  5115 D DlbDap2Process: setParam(dvlo = #1[-320])
02-05 01:17:12.939   581  5115 D DlbDap2Process: setParam(artp = #1[12])
02-05 01:17:12.940   581  5115 D DlbDap2Process: setParam(aobs = #222[20, 10, 47, 141, 234, 328, 469, 656, 844, 1031, 1313, 1688, 2250, 3000, 3750, 4688, 5813, 7125, 9000, 11250, 13875, 19688, 0, 0, 0, 0, 0, 0, 0, 0, 0, 0, 0, 0, 0, 0, 0, 0, 0, 0, 0, 0, 0, 0, 0, 0, 0, 0, 0, 0, 0, 0, 0, 0, 0, 0, 0, 0, 0, 0, 0, 0, 0, 0, 0, 0, 0, 0, 0, 0, 0, 0, 0, 0, 0, 0, 0, 0, 0, 0, 0, 0, 0, 0, 0, 0, 0, 0, 0, 0, 0, 0, 0, 0, 0, 0, 0, 0, 0, 0, 0, 0, 0, 0, 0, 0, 0, 0, 0, 0, 0, 0, 0, 0, 0, 0, 0, 0, 0, 0, 0, 0, 0, 0, 0, 0, 0, 0, 0, 0, 0, 0, 0, 0, 0, 0, 0, 0, 0, 0, 0, 0, 0, 0, 0, 0, 0, 0, 0, 0, 0, 0, 0, 0, 0, 0, 0, 0, 0, 0, 0, 0, 0, 0, 0, 0, 0, 0, 0, 0, 0, 0, 0, 0, 0, 0, 0, 0, 0, 0, 0, 0, 0, 0, 0, 0, 0, 0, 0, 0, 0, 0, 0, 0, 0, 0, 0, 0, 0, 0, 0, 0, 0, 0, 0, 0, 0, 0, 0, 0, 0, 0, 0, 0, 0, 0, 0, 0, 0, 0, 0, 0])
02-05 01:17:12.940   581  5115 D DlbDap2Process: setParam(arbs = #81[20, 47, 141, 234, 328, 469, 656, 844, 1031, 1313, 1688, 2250, 3000, 3750, 4688, 5813, 7125, 9000, 11250, 13875, 19688, -192, -192, -192, -192, -192, -192, -192, -192, -192, -192, -192, -192, -192, -192, -192, -192, -192, -192, -192, -192, 0, 0, 0, 0, 0, 0, 0, 0, 0, 0, 0, 0, 0, 0, 0, 0, 0, 0, 0, 0, 0, 0, 0, 0, 0, 0, 0, 0, 0, 0, 0, 0, 0, 0, 0, 0, 0, 0, 0, 0])
02-05 01:17:12.940   581  5115 D DlbDapEndpointParamCache: doCommit() Committed 37 parameters out of 37.
02-05 01:17:12.940   581  5115 D DlbDap2Process: setMave(mave = 0)
02-05 01:17:12.942   581  5115 D DlbDapCrossfadeProcess: process transitioning from FADE_TO_ACTIVE state to DAP_ACTIVE
02-05 01:17:12.969  6420  6420 D featureTest: receive broadcast , record log :0
02-05 01:17:12.994  6420  6425 I zygote64: Do partial code cache collection, code=8KB, data=14KB
02-05 01:17:12.995  6420  6425 I zygote64: After code cache collection, code=8KB, data=14KB
02-05 01:17:12.995  6420  6425 I zygote64: Increasing code cache capacity to 128KB
02-05 01:17:12.995  6420  6425 I zygote64: Do partial code cache collection, code=8KB, data=33KB
02-05 01:17:12.995  6420  6425 I zygote64: After code cache collection, code=8KB, data=33KB
02-05 01:17:12.995  6420  6425 I zygote64: Increasing code cache capacity to 256KB
02-05 01:17:12.996  6420  6425 I zygote64: Compiler allocated 8MB to compile void android.widget.TextView.<init>(android.content.Context, android.util.AttributeSet, int, int)
02-05 01:17:14.094   571   940 E QC-QMI  : linux_qmi_qmux_io_wake_lock: Err in writing wakelock=qmuxd_port_wl_0, error [1:Operation not permitted]
02-05 01:17:14.095   571   940 E QC-QMI  : linux_qmi_qmux_io_wake_unlock: Err in writing wakelock=qmuxd_port_wl_0, error [1:Operation not permitted]
02-05 01:17:14.653   816   816 W WindowManager: removeWindowToken: Attempted to remove non-existing token: android.os.Binder@6d40da4
02-05 01:17:14.702   429   429 D SurfaceFlinger: duplicate layer name: changing Toast to Toast#1
02-05 01:17:14.965   581  5115 D DlbDap2Process: process() called [447000] times
02-05 01:17:15.840  6064  6064 I ServiceManager: Waiting for service AtCmdFwd...
02-05 01:17:16.678   816   816 W WindowManager: removeWindowToken: Attempted to remove non-existing token: android.os.Binder@ad256c2
02-05 01:17:16.840  6064  6064 I chatty  : uid=1000(system) /vendor/bin/ATFWD-daemon identical 1 line
02-05 01:17:17.841  6064  6064 I ServiceManager: Waiting for service AtCmdFwd...
02-05 01:17:17.871   581  5115 D DlbDap2Process: process() called [447500] times
