--------- beginning of system
02-05 01:17:41.677   816  2363 I ActivityManager: Force stopping com.dolby.qa.featuretest appid=10074 user=0: from pid 6711
02-05 01:17:41.677   816  2363 I ActivityManager: Killing 6616:com.dolby.qa.featuretest/u0a74 (adj 0): stop com.dolby.qa.featuretest
02-05 01:17:41.678   816  2363 W ActivityManager: Force removing ActivityRecord{6accbb7 u0 com.dolby.qa.featuretest/.MainActivity t278}: app died, no saved state
02-05 01:17:41.685   816  2363 I WindowManager: Failed to capture screenshot of Token{42eaf24 ActivityRecord{6accbb7 u0 com.dolby.qa.featuretest/.MainActivity t278 f}} appWin=Window{826b2b5 u0 com.dolby.qa.featuretest/com.dolby.qa.featuretest.MainActivity} drawState=4
--------- beginning of main
02-05 01:17:41.708   589   589 D NuPlayerDriver: reset(0xe57329a0) at state 5
02-05 01:17:41.708   816   964 I WindowManager: WIN DEATH: Window{de05049 u0 Toast}
02-05 01:17:41.709   589   589 D NuPlayerDriver: notifyListener_l(0xe57329a0), (8, 0, 0, -1), loop setting(0, 1)
02-05 01:17:41.715   589  6670 D NuPlayerDriver: notifyResetComplete(0xe57329a0)
02-05 01:17:41.716   589   589 D AudioTrack: stop() called with 0 frames delivered
02-05 01:17:41.722  1232  1232 D CarrierSvcBindHelper: No carrier app for: 0
02-05 01:17:41.725  2298  2298 D RegisteredNfcFServicesCache: Service unchanged, not updating
02-05 01:17:41.788   816  3434 I ActivityManager: START u0 {flg=0x10000000 cmp=com.dolby.qa.featuretest/.MainActivity} from uid 2000
02-05 01:17:41.812   816  3431 I ActivityManager: Start proc 6717:com.dolby.qa.featuretest/u0a74 for activity com.dolby.qa.featuretest/.MainActivity
02-05 01:17:41.813  6717  6717 I zygote64: Late-enabling -Xcheck:jni
02-05 01:17:41.849  6064  6064 I ServiceManager: Waiting for service AtCmdFwd...
02-05 01:17:42.002  6717  6717 D featureTest: onCreate
02-05 01:17:42.007   581   731 W AudioFlinger: createTrack_l(): mismatch between requested flags (00000008) and output flags (00000000)
02-05 01:17:42.007  6717  6717 D AudioTrack: Client defaulted notificationFrames to 3916 for frameCount 11748
02-05 01:17:42.011  6717  6717 W AudioTrack: Use of stream types is deprecated for operations other than volume control
02-05 01:17:42.012  6717  6717 W AudioTrack: See the documentation of AudioTrack() for what to use instead with android.media.AudioAttributes to qualify your playback use case
02-05 01:17:42.018  6717  6717 W DolbyAudioEffect: WARNING: attaching a DolbyAudioEffect to global output mix is deprecated!
02-05 01:17:42.024  6717  6717 D featureTest: onResume
02-05 01:17:42.037  6717  6734 D OpenGLRenderer: HWUI GL Pipeline
02-05 01:17:42.082  6717  6734 I Adreno  : QUALCOMM build                   : 7142022, Ib5823dd10c
02-05 01:17:42.082  6717  6734 I Adreno  : Build Date                       : 06/23/17
02-05 01:17:42.082  6717  6734 I Adreno  : OpenGL ES Shader Compiler Version: EV031.18.00.00
02-05 01:17:42.082  6717  6734 I Adreno  : Local Branch                     : O11A
02-05 01:17:42.082  6717  6734 I Adreno  : Remote Branch                    : 
02-05 01:17:42.082  6717  6734 I Adreno  : Remote Branch                    : 
02-05 01:17:42.082  6717  6734 I Adreno  : Reconstruct Branch               : 
02-05 01:17:42.082  6717  6734 I vndksupport: sphal namespace is not configured for this process. Loading /vendor/lib64/hw/gralloc.msm8994.so from the current namespace instead.
02-05 01:17:42.093  6717  6734 I Adreno  : PFP: 0x00000000, ME: 0x00000000
02-05 01:17:42.100  6717  6734 I OpenGLRenderer: Initialized EGL, version 1.4
02-05 01:17:42.100  6717  6734 D OpenGLRenderer: Swap behavior 2
02-05 01:17:42.116   365   365 W /system/bin/hwservicemanager: getTransportFromManifest: Cannot find entry android.hardware.graphics.mapper@2.0::IMapper in either framework or device manifest, using default transport.
02-05 01:17:42.120  6717  6734 I vndksupport: sphal namespace is not configured for this process. Loading /vendor/lib64/hw/gralloc.msm8994.so from the current namespace instead.
02-05 01:17:42.156   816   843 I ActivityManager: Displayed com.dolby.qa.featuretest/.MainActivity: +351ms
02-05 01:17:42.261   816   843 W ActivityManager: setHasOverlayUi called on unknown pid: 6616
02-05 01:17:42.619  2401  2517 W OpenGLRenderer: Incorrectly called buildLayer on View: ShortcutAndWidgetContainer, destroying layer...
02-05 01:17:42.850  6064  6064 I ServiceManager: Waiting for service AtCmdFwd...
02-05 01:17:42.886  6717  6717 D featureTest: receive broadcast , playing content location :/sdcard/featureTest/2ch_dd_25fps_channel_id.mp4
02-05 01:17:42.897  6717  6717 D featureTest: mMediaPlayer.getAudioSessionId(): 5905
02-05 01:17:42.897  6717  6717 D featureTest: Playing file: /sdcard/featureTest/2ch_dd_25fps_channel_id.mp4
02-05 01:17:42.899   589   589 D NuPlayerDriver: NuPlayerDriver(0xe57329a0) created, clientPid(6717)
02-05 01:17:42.900  6746  6746 W generic : type=1400 audit(0.0:3070): avc: denied { read } for path="/storage/emulated/0/featuretest/2ch_dd_25fps_channel_id.mp4" dev="sdcardfs" ino=523355 scontext=u:r:mediaextractor:s0 tcontext=u:object_r:sdcardfs:s0 tclass=file permissive=0
02-05 01:17:42.900  6717  6717 W MediaPlayer: Use of stream types is deprecated for operations other than volume control
02-05 01:17:42.900  6717  6717 W MediaPlayer: See the documentation of setAudioStreamType() for what to use instead with android.media.AudioAttributes to qualify your playback use case
02-05 01:17:42.903   589  6746 D GenericSource: FileSource remote
02-05 01:17:42.903   589  6746 W GenericSource: extractor service cannot make data source
02-05 01:17:42.903   589  6746 D GenericSource: FileSource local
02-05 01:17:42.917   589  6745 D NuPlayerDriver: notifyListener_l(0xe57329a0), (1, 0, 0, -1), loop setting(0, 0)
02-05 01:17:42.927   589   589 D NuPlayerDriver: start(0xe57329a0), state is 4, eos is 0
02-05 01:17:42.927   589  6745 I GenericSource: start
02-05 01:17:42.932  6717  6717 W DolbyAudioEffect: WARNING: attaching a DolbyAudioEffect to global output mix is deprecated!
02-05 01:17:42.941   593  1188 I OMXMaster: makeComponentInstance(OMX.dolby.ac3.decoder) in android.hardwar process
02-05 01:17:42.958   816   816 W NotificationService: Object died trying to hide notification android.app.ITransientNotification$Stub$Proxy@4ba8c0c in package com.dolby.qa.featuretest
02-05 01:17:42.958   816   816 W WindowManager: removeWindowToken: Attempted to remove non-existing token: android.os.Binder@ffab34c
02-05 01:17:42.958   816   816 W ActivityManager: setProcessForeground called on unknown pid: 6616
02-05 01:17:42.959   816   816 W NotificationService: Object died trying to show notification android.app.ITransientNotification$Stub$Proxy@7617955 in package com.dolby.qa.featuretest
02-05 01:17:42.959   816   816 W ActivityManager: setProcessForeground called on unknown pid: 6616
02-05 01:17:42.960  6717  6717 D featureTest: receive broadcast , change ds status :0
02-05 01:17:42.962   816   816 W NotificationService: Object died trying to show notification android.app.ITransientNotification$Stub$Proxy@f9dfc5b in package com.dolby.qa.featuretest
02-05 01:17:42.985   581   731 D DlbDlbEffect: handle_EFFECT_CMD_SET_PARAM()
02-05 01:17:42.996   593  1188 I DDP_JOCDecoder: -> init name OMX.dolby.ac3.decoder
02-05 01:17:43.001   593  1188 I DDP_JOCDecoder: <- init
02-05 01:17:43.001   593  1188 D DDP_JOCDecoder: initPorts
02-05 01:17:43.004   593  1188 E OMXNodeInstance: setConfig(0xf10a33e0:dolby.ac3.decoder, ConfigPriority(0x6f800002)) ERROR: Undefined(0x80001001)
02-05 01:17:43.004   589  6753 I ACodec  : codec does not support config priority (err -2147483648)
02-05 01:17:43.005   593   712 E OMXNodeInstance: getConfig(0xf10a33e0:dolby.ac3.decoder, ConfigAndroidVendorExtension(0x6f100004)) ERROR: Undefined(0x80001001)
02-05 01:17:43.006   589  6753 I MediaCodec: MediaCodec will operate in async mode
02-05 01:17:43.006   589  6753 I ACodec  : setDolbyParameterOnProcessedAudio() Received dolby_processed_audio=1
02-05 01:17:43.006   589  6752 I NuPlayerDecoder: setDolbyMessage() Notifying player that Codec supports dolby_processed_audio flag
02-05 01:17:43.006   589  6745 I NuPlayer: onDolbyMessageReceived() Setting dolby_processed_audio flag on audio sink
02-05 01:17:43.006   589  6745 I MediaPlayerService: setDolbyParameters() Marking audio output as having dolby_processed_audio
02-05 01:17:43.007   581  5115 D DlbDapCrossfadeProcess: setEnabled transitioning from DAP_ACTIVE state to FADE_TO_BYPASS
02-05 01:17:43.009   593  1162 D DDP_JOCDecoder: internalSetParameter() Instantiating ARenderer for content processing in decoder
02-05 01:17:43.009   593  1162 I DlbDap2QmfProcess: Dap2Process()
02-05 01:17:43.009   593  1162 I ARenderer: ARenderer
02-05 01:17:43.009   593  1162 I evo_parser: evo_parser_init
02-05 01:17:43.009   593  1162 I DlbDap2QmfProcess: init()
02-05 01:17:43.009   593  1162 I DlbDap2QmfProcess: open()
02-05 01:17:43.011   593  1162 I DlbDap2QmfProcess: loadLicense() no license check!
02-05 01:17:43.011   593  1162 I DlbDap2QmfProcess: validateLicense() no license check!
02-05 01:17:43.011   593  1162 I DlbDap2QmfProcess: init() DAP opened
02-05 01:17:43.011   593  1162 I DlbDap2QmfProcess: DAP library version: 2.5.1-P2.0
02-05 01:17:43.011   593  1162 D DlbDap2QmfProcess: DAP output mode set to 1 with 2 output channels and null mix matrix.
02-05 01:17:43.011   589  6753 I ACodec  : setDolbyParameterOnProcessedAudio() Content processing enabled in decoder
02-05 01:17:43.016   593  6757 I DDP_JOCDecoder: -> start
02-05 01:17:43.016   593  6757 I EndpConfig: DAP state has changed from -1 to 0
02-05 01:17:43.016   593  6757 D DDP_JOCDecoder: Setting Max Output Channels to 2
02-05 01:17:43.017   593  6757 D DDP_JOCDecoder: setMultiChannelPCMOutDownmix mConfig->jocForceDownmixMode 1
02-05 01:17:43.017   593  6757 I udc_user: 
02-05 01:17:43.017   593  6757 I udc_user: *** DDPlus Unified Decoder Simulation  Version 1.7.3 ***
02-05 01:17:43.017   593  6757 I udc_user: 
02-05 01:17:43.017   593  6757 I udc_user: 7.1-channel decoder-converter, 
02-05 01:17:43.017   593  6757 I udc_user: 
02-05 01:17:43.017   593  6757 I udc_user: 5.1-channel dual-decoder-converter, 
02-05 01:17:43.017   593  6757 I udc_user: Karaoke unsupported, 
02-05 01:17:43.017   593  6757 I udc_user: TPNP supported. 
02-05 01:17:43.017   593  6757 I udc_user: 
02-05 01:17:43.017   593  6757 I udc_user: Unpublished work.  Copyright 2003-2014 Dolby Laboratories, Inc. and
02-05 01:17:43.017   593  6757 I udc_user: Dolby Laboratories Licensing Corporation.  All Rights Reserved.
02-05 01:17:43.017   593  6757 I udc_user: 
02-05 01:17:43.017   593  6757 I udc_user: USE OF THIS SOFTWARE IS SUBJECT TO A LEGAL AGREEMENT BETWEEN YOU AND DOLBY
02-05 01:17:43.017   593  6757 I udc_user: LABORATORIES. DO NOT USE THIS SOFTWARE UNLESS YOU AGREE TO THE TERMS AND 
02-05 01:17:43.017   593  6757 I udc_user: CONDITIONS IN THE AGREEMENT.  BY USING THIS SOFTWARE, YOU ACKNOWLEDGE THAT 
02-05 01:17:43.017   593  6757 I udc_user: YOU HAVE READ THE AGREEMENT AND THAT YOU AGREE TO BE BOUND BY ITS TERMS. 
02-05 01:17:43.017   593  6757 I udc_user: 
02-05 01:17:43.018   593  6757 I ddpdec_client_joc: ddpdec_open JOCD_MODE Buffer assignment
02-05 01:17:43.018   593  6757 D DDP_JOCDecoder: mStarted = 1
02-05 01:17:43.018   593  6757 I DDP_JOCDecoder: <- start
02-05 01:17:43.018   593  6757 D ddpdec_client_joc: ddpdec_client.c|int configDecoder()
02-05 01:17:43.020   593  6757 D DDP_JOCDecoder: Setting Max Output Channels to 2
02-05 01:17:43.020   593  6757 I DlbDap2QmfProcess: close()
02-05 01:17:43.020   593  6757 I DlbDap2QmfProcess: init()
02-05 01:17:43.020   593  6757 I DlbDap2QmfProcess: open()
02-05 01:17:43.020   593  6757 I DlbDap2QmfProcess: loadLicense() no license check!
02-05 01:17:43.020   593  6757 I DlbDap2QmfProcess: validateLicense() no license check!
02-05 01:17:43.020   593  6757 I DlbDap2QmfProcess: init() DAP opened
02-05 01:17:43.020   593  6757 I DlbDap2QmfProcess: DAP library version: 2.5.1-P2.0
02-05 01:17:43.020   593  6757 D DlbDap2QmfProcess: DAP output mode set to 1 with 2 output channels and null mix matrix.
02-05 01:17:43.020   593  6757 D ARenderer: checkAndUpdateConfig: DAP reinitialized because of sample rate change
02-05 01:17:43.020   593  6757 D ARenderer: updateDapConfig: Updating DAP configuration
02-05 01:17:43.020   593  6757 I ARenderer: updateDapConfig: Disable content processing in decoder-ARenderer
02-05 01:17:43.020   593  6757 D DlbDap2QmfProcess: setParam(deon = #1[0])
02-05 01:17:43.020   593  6757 D DlbDap2QmfProcess: setParam(dvle = #1[0])
02-05 01:17:43.020   593  6757 D DlbDap2QmfProcess: setParam(ieon = #1[0])
02-05 01:17:43.020   593  6757 D DlbDap2QmfProcess: setParam(dvme = #1[0])
02-05 01:17:43.020   593  6757 D DlbDap2QmfProcess: setParam(dom = #1[0])
02-05 01:17:43.020   593  6757 D DlbDap2QmfProcess: setParam(msce = #1[0])
02-05 01:17:43.020   593  6757 D DlbDap2QmfProcess: setParam(miee = #1[0])
02-05 01:17:43.021   593  6757 D DlbDap2QmfProcess: setParam(mdle = #1[0])
02-05 01:17:43.021   593  6757 D DlbDap2QmfProcess: setParam(mdee = #1[0])
02-05 01:17:43.021   593  6757 D DlbDap2QmfProcess: setParam(mave = #1[0])
02-05 01:17:43.021   593  6757 D DlbDap2QmfProcess: setParam(ngon = #1[0])
02-05 01:17:43.021   593  6757 D DlbDap2QmfProcess: setParam(dvle = #1[1])
02-05 01:17:43.021   593  6757 D DlbDap2QmfProcess: setParam(dvli = #1[-496])
02-05 01:17:43.021   593  6757 D DlbDap2QmfProcess: setParam(dvlo = #1[-224])
02-05 01:17:43.021   593  6757 D ARenderer: updateDapVolumeLeveler: Setting output level to -14.00dB
02-05 01:17:43.021   593  6757 D DlbDap2QmfProcess: setParam(vmb = #1[0])
02-05 01:17:43.021   593  6757 D DlbDap2QmfProcess: setParam(preg = #1[-384])
02-05 01:17:43.021   593  6757 D DlbDap2QmfProcess: setParam(vol = #1[384])
02-05 01:17:43.021   593  6757 D DlbDlbBufferProvider: setConfig() Updating buffer configuration.
02-05 01:17:43.021   593  6757 D DlbDap2QmfProcess: processQmf() called [0] times
02-05 01:17:43.021   593  6757 D DlbDap2QmfProcess: setMave(mave = 0)
02-05 01:17:43.031   589  6751 D AudioTrack: Client defaulted notificationFrames to 8125 for frameCount 24375
02-05 01:17:43.032   581   581 I AudioFlinger: attachAuxEffect(): Marking track 793 as containing processed audio
02-05 01:17:43.033   581   581 D AudioFlinger: trackContainsProcessedAudio() Track id 793 contains processed audio
02-05 01:17:43.033   581  5355 D AudioFlinger: trackStateChanged() Track id 793 state changed to 6
02-05 01:17:43.033   581  5355 I AudioFlinger: updateProcessedAudioState() Changing content processing in effect to 1
02-05 01:17:43.033   581  5355 D DlbDlbEffect: handle_EFFECT_CMD_SET_PARAM()
02-05 01:17:43.035   581  5355 I DlbEffectContext: setContentProcEnabled() Disabling content processing in effect
02-05 01:17:43.036   581  5355 D DlbDapEndpointParamCache: commitChangedParams()
02-05 01:17:43.036   581  5355 D DlbDapEndpointParamCache: commit() Applying parameters for device 0x40000000
02-05 01:17:43.036   581  5355 D DlbDap2Process: setParam(msce = #1[0])
02-05 01:17:43.036   581  5355 D DlbDap2Process: setParam(mdee = #1[0])
02-05 01:17:43.036   581  5355 D DlbDap2Process: setParam(miee = #1[0])
02-05 01:17:43.036   581  5355 D DlbDap2Process: setParam(mdle = #1[0])
02-05 01:17:43.036   581  5355 D DlbDap2Process: setParam(dvle = #1[0])
02-05 01:17:43.036   581  5355 D DlbDap2Process: setParam(mave = #1[0])
02-05 01:17:43.036   581  5355 D DlbDap2Process: setParam(ieon = #1[0])
02-05 01:17:43.036   581  5355 D DlbDapEndpointParamCache: doCommit() Committed 7 parameters out of 16.
02-05 01:17:43.036   581  5355 D DlbDapEndpointParamCache: commit() Overriding parameters for current device 0x00000080
02-05 01:17:43.036   581  5355 D DlbDap2Process: setParam(dom = #1[0])
02-05 01:17:43.036   581  5355 D DlbDap2Process: setParam(dvle = #1[0])
02-05 01:17:43.036   581  5355 D DlbDap2Process: setParam(dvme = #1[0])
02-05 01:17:43.036   581  5355 D DlbDap2Process: setParam(deon = #1[0])
02-05 01:17:43.036   581  5355 D DlbDap2Process: setParam(ngon = #1[0])
02-05 01:17:43.036   581  5355 D DlbDapEndpointParamCache: doCommit() Committed 5 parameters out of 37.
02-05 01:17:43.037   589  6745 D NuPlayerDriver: notifyListener_l(0xe57329a0), (6, 0, 0, -1), loop setting(0, 1)
02-05 01:17:43.037  6717  6717 D featureTest: receive broadcast , change ds profile id :2
02-05 01:17:43.037   581  5115 D DlbDap2Process: setMave(mave = 0)
02-05 01:17:43.048   581  7829 D DlbDlbEffect: handle_EFFECT_CMD_SET_PARAM()
02-05 01:17:43.048   421   460 I DapController: Profile Changed to Music
02-05 01:17:43.048   589   709 W MediaClock: reject anchor time since it is negative.
02-05 01:17:43.081   581  5115 D DlbDapEndpointParamCache: commitChangedParams()
02-05 01:17:43.081   581  5115 D DlbDapEndpointParamCache: commit() Applying parameters for device 0x40000000
02-05 01:17:43.081   581  5115 D DlbDap2Process: setParam(iea = #1[10])
02-05 01:17:43.081   581  5115 D DlbDap2Process: setParam(vcbf = #20[47, 141, 234, 328, 469, 656, 844, 1031, 1313, 1688, 2250, 3000, 3750, 4688, 5813, 7125, 9000, 11250, 13875, 19688])
02-05 01:17:43.081   581  5115 D DlbDap2Process: setParam(vbon = #1[0])
02-05 01:17:43.081   581  5115 D DlbDap2Process: setParam(beon = #1[0])
02-05 01:17:43.081   581  5115 D DlbDap2Process: setParam(geon = #1[0])
02-05 01:17:43.082   581  5115 D DlbDap2Process: setParam(gebs = #41[20, 47, 141, 234, 328, 469, 656, 844, 1031, 1313, 1688, 2250, 3000, 3750, 4688, 5813, 7125, 9000, 11250, 13875, 19688, 0, 0, 0, 0, 0, 0, 0, 0, 0, 0, 0, 0, 0, 0, 0, 0, 0, 0, 0, 0])
02-05 01:17:43.082   581  5115 D DlbDap2Process: setParam(iebs = #41[20, 65, 136, 223, 332, 467, 634, 841, 1098, 1416, 1812, 2302, 2909, 3663, 4598, 5756, 7194, 8976, 11186, 13927, 17326, 117, 133, 188, 176, 141, 149, 175, 185, 185, 200, 236, 242, 228, 213, 182, 132, 110, 68, -27, -240])
02-05 01:17:43.082   581  5115 D DlbDapEndpointParamCache: doCommit() Committed 8 parameters out of 16.
02-05 01:17:43.082   581  5115 D DlbDapEndpointParamCache: commit() Overriding parameters for current device 0x00000080
02-05 01:17:43.082   581  5115 D DlbDap2Process: setParam(dea = #1[7])
02-05 01:17:43.082   581  5115 D DlbDap2Process: setParam(dsa = #1[10])
02-05 01:17:43.082   581  5115 D DlbDap2Process: setParam(beb = #1[192])
02-05 01:17:43.082   581  5115 D DlbDap2Process: setParam(plb = #1[0])
02-05 01:17:43.082   581  5115 D DlbDap2Process: setParam(vmb = #1[144])
02-05 01:17:43.082   581  5115 D DlbDap2Process: setParam(dsb = #1[0])
02-05 01:17:43.083   581  5115 D DlbDap2Process: setParam(ded = #1[0])
02-05 01:17:43.083   581  5115 D DlbDap2Process: setParam(vbm = #1[0])
02-05 01:17:43.083   581  5115 D DlbDap2Process: setParam(bew = #1[16])
02-05 01:17:43.083   581  5115 D DlbDap2Process: setParam(dvla = #1[4])
02-05 01:17:43.083   581  5115 D DlbDap2Process: setParam(arra = #1[96])
02-05 01:17:43.083   581  5115 D DlbDap2Process: setParam(dfsa = #1[10])
02-05 01:17:43.083   581  5115 D DlbDap2Process: setParam(dhsa = #1[10])
02-05 01:17:43.083   581  5115 D DlbDap2Process: setParam(dvmc = #1[0])
02-05 01:17:43.083   581  5115 D DlbDap2Process: setParam(arod = #1[0])
02-05 01:17:43.083   581  5115 D DlbDap2Process: setParam(arde = #1[0])
02-05 01:17:43.083   581  5115 D DlbDap2Process: setParam(becf = #1[200])
02-05 01:17:43.083   581  5115 D DlbDap2Process: setParam(vbmf = #2[94, 469])
02-05 01:17:43.083   581  5115 D DlbDap2Process: setParam(vbsf = #2[35, 160])
02-05 01:17:43.083   581  5115 D DlbDap2Process: setParam(vbhg = #3[-32, -144, -192])
02-05 01:17:43.083   581  5115 D DlbDap2Process: setParam(vbog = #1[0])
02-05 01:17:43.083   581  5115 D DlbDap2Process: setParam(vbsg = #1[0])
02-05 01:17:43.083   581  5115 D DlbDap2Process: setParam(dvli = #1[-320])
02-05 01:17:43.083   581  5115 D DlbDap2Process: setParam(dhfm = #1[0])
02-05 01:17:43.083   581  5115 D DlbDap2Process: setParam(vbon = #1[0])
02-05 01:17:43.083   581  5115 D DlbDap2Process: setParam(beon = #1[0])
02-05 01:17:43.083   581  5115 D DlbDap2Process: setParam(aoon = #1[0])
02-05 01:17:43.083   581  5115 D DlbDap2Process: setParam(aron = #1[1])
02-05 01:17:43.083   581  5115 D DlbDap2Process: setParam(dvlo = #1[-320])
02-05 01:17:43.083   581  5115 D DlbDap2Process: setParam(artp = #1[12])
02-05 01:17:43.084   581  5115 D DlbDap2Process: setParam(aobs = #222[20, 10, 47, 141, 234, 328, 469, 656, 844, 1031, 1313, 1688, 2250, 3000, 3750, 4688, 5813, 7125, 9000, 11250, 13875, 19688, 0, 0, 0, 0, 0, 0, 0, 0, 0, 0, 0, 0, 0, 0, 0, 0, 0, 0, 0, 0, 0, 0, 0, 0, 0, 0, 0, 0, 0, 0, 0, 0, 0, 0, 0, 0, 0, 0, 0, 0, 0, 0, 0, 0, 0, 0, 0, 0, 0, 0, 0, 0, 0, 0, 0, 0, 0, 0, 0, 0, 0, 0, 0, 0, 0, 0, 0, 0, 0, 0, 0, 0, 0, 0, 0, 0, 0, 0, 0, 0, 0, 0, 0, 0, 0, 0, 0, 0, 0, 0, 0, 0, 0, 0, 0, 0, 0, 0, 0, 0, 0, 0, 0, 0, 0, 0, 0, 0, 0, 0, 0, 0, 0, 0, 0, 0, 0, 0, 0, 0, 0, 0, 0, 0, 0, 0, 0, 0, 0, 0, 0, 0, 0, 0, 0, 0, 0, 0, 0, 0, 0, 0, 0, 0, 0, 0, 0, 0, 0, 0, 0, 0, 0, 0, 0, 0, 0, 0, 0, 0, 0, 0, 0, 0, 0, 0, 0, 0, 0, 0, 0, 0, 0, 0, 0, 0, 0, 0, 0, 0, 0, 0, 0, 0, 0, 0, 0, 0, 0, 0, 0, 0, 0, 0, 0, 0, 0, 0, 0, 0])
02-05 01:17:43.084   581  5115 D DlbDap2Process: setParam(arbs = #81[20, 47, 141, 234, 328, 469, 656, 844, 1031, 1313, 1688, 2250, 3000, 3750, 4688, 5813, 7125, 9000, 11250, 13875, 19688, -192, -192, -192, -192, -192, -192, -192, -192, -192, -192, -192, -192, -192, -192, -192, -192, -192, -192, -192, -192, 0, 0, 0, 0, 0, 0, 0, 0, 0, 0, 0, 0, 0, 0, 0, 0, 0, 0, 0, 0, 0, 0, 0, 0, 0, 0, 0, 0, 0, 0, 0, 0, 0, 0, 0, 0, 0, 0, 0, 0])
02-05 01:17:43.084   581  5115 D DlbDapEndpointParamCache: doCommit() Committed 32 parameters out of 37.
02-05 01:17:43.096  6717  6717 D featureTest: receive broadcast , playing content location :/sdcard/featureTest/2ch_dd_25fps_channel_id.mp4
02-05 01:17:43.099   589  1170 D NuPlayerDriver: stop(0xe57329a0)
02-05 01:17:43.099   589  1170 D NuPlayerDriver: notifyListener_l(0xe57329a0), (8, 0, 0, -1), loop setting(0, 1)
02-05 01:17:43.101   589   709 D NuPlayerDriver: reset(0xe57329a0) at state 8
02-05 01:17:43.105   593   593 I DDP_JOCDecoder: -> ~DDPDecoder
02-05 01:17:43.105   593   593 I DDP_JOCDecoder: -> stop
02-05 01:17:43.105   593   593 I DDP_JOCDecoder: <- stop
02-05 01:17:43.105   593   593 I ARenderer: ~ARenderer
02-05 01:17:43.105   593   593 I evo_parser: evo_parser_close
02-05 01:17:43.105   593   593 I DlbDap2QmfProcess: ~Dap2Process()
02-05 01:17:43.105   593   593 I DlbDap2QmfProcess: close()
02-05 01:17:43.105   593   593 I DDP_JOCDecoder: <- ~DDPDecoder
02-05 01:17:43.113   589  6745 D NuPlayerDriver: notifyResetComplete(0xe57329a0)
02-05 01:17:43.114   589  1183 D NuPlayerDriver: reset(0xe57329a0) at state 0
02-05 01:17:43.115  6717  6717 V MediaPlayer: resetDrmState:  mDrmInfo=null mDrmProvisioningThread=null mPrepareDrmInProgress=false mActiveDrmScheme=false
02-05 01:17:43.115  6717  6717 V MediaPlayer: cleanDrmObj: mDrmObj=null mDrmSessionId=null
02-05 01:17:43.116  6717  6717 V MediaPlayer: resetDrmState:  mDrmInfo=null mDrmProvisioningThread=null mPrepareDrmInProgress=false mActiveDrmScheme=false
02-05 01:17:43.117  6717  6717 V MediaPlayer: cleanDrmObj: mDrmObj=null mDrmSessionId=null
02-05 01:17:43.123  6769  6769 W generic : type=1400 audit(0.0:3071): avc: denied { read } for path="/storage/emulated/0/featuretest/2ch_dd_25fps_channel_id.mp4" dev="sdcardfs" ino=523355 scontext=u:r:mediaextractor:s0 tcontext=u:object_r:sdcardfs:s0 tclass=file permissive=0
02-05 01:17:43.123  6717  6717 D featureTest: mMediaPlayer.getAudioSessionId(): 5913
02-05 01:17:43.123  6717  6717 D featureTest: Playing file: /sdcard/featureTest/2ch_dd_25fps_channel_id.mp4
02-05 01:17:43.124   589  1183 D NuPlayerDriver: NuPlayerDriver(0xe5732a10) created, clientPid(6717)
02-05 01:17:43.125  6717  6717 W MediaPlayer: Use of stream types is deprecated for operations other than volume control
02-05 01:17:43.126  6717  6717 W MediaPlayer: See the documentation of setAudioStreamType() for what to use instead with android.media.AudioAttributes to qualify your playback use case
02-05 01:17:43.128   581  5115 D DlbDapCrossfadeProcess: process transitioning from FADE_TO_BYPASS state to DAP_BYPASSED
02-05 01:17:43.128   589  6769 D GenericSource: FileSource remote
02-05 01:17:43.128   589  6769 W GenericSource: extractor service cannot make data source
02-05 01:17:43.128   589  6769 D GenericSource: FileSource local
02-05 01:17:43.142   589  6767 D NuPlayerDriver: notifyListener_l(0xe5732a10), (1, 0, 0, -1), loop setting(0, 0)
02-05 01:17:43.148   589  1170 D NuPlayerDriver: start(0xe5732a10), state is 4, eos is 0
02-05 01:17:43.148   589  6767 I GenericSource: start
02-05 01:17:43.151  6717  6717 W DolbyAudioEffect: WARNING: attaching a DolbyAudioEffect to global output mix is deprecated!
02-05 01:17:43.158  6717  6717 D featureTest: receive broadcast , change ds status :1
02-05 01:17:43.159   593  1162 I OMXMaster: makeComponentInstance(OMX.dolby.ac3.decoder) in android.hardwar process
02-05 01:17:43.171   581  7829 D DlbDlbEffect: handle_EFFECT_CMD_SET_PARAM()
02-05 01:17:43.200   593  1162 I DDP_JOCDecoder: -> init name OMX.dolby.ac3.decoder
02-05 01:17:43.201   593  1162 I DDP_JOCDecoder: <- init
02-05 01:17:43.201   593  1162 D DDP_JOCDecoder: initPorts
02-05 01:17:43.204   593  1162 E OMXNodeInstance: setConfig(0xf10a3560:dolby.ac3.decoder, ConfigPriority(0x6f800002)) ERROR: Undefined(0x80001001)
02-05 01:17:43.204   589  6774 I ACodec  : codec does not support config priority (err -2147483648)
02-05 01:17:43.204   593  1188 E OMXNodeInstance: getConfig(0xf10a3560:dolby.ac3.decoder, ConfigAndroidVendorExtension(0x6f100004)) ERROR: Undefined(0x80001001)
02-05 01:17:43.205   589  6774 I MediaCodec: MediaCodec will operate in async mode
02-05 01:17:43.205   589  6774 I ACodec  : setDolbyParameterOnProcessedAudio() Received dolby_processed_audio=1
02-05 01:17:43.205   589  6773 I NuPlayerDecoder: setDolbyMessage() Notifying player that Codec supports dolby_processed_audio flag
02-05 01:17:43.205   589  6767 I NuPlayer: onDolbyMessageReceived() Setting dolby_processed_audio flag on audio sink
02-05 01:17:43.205   589  6767 I MediaPlayerService: setDolbyParameters() Marking audio output as having dolby_processed_audio
02-05 01:17:43.206   593 20514 D DDP_JOCDecoder: internalSetParameter() Instantiating ARenderer for content processing in decoder
02-05 01:17:43.206   593 20514 I DlbDap2QmfProcess: Dap2Process()
02-05 01:17:43.206   593 20514 I ARenderer: ARenderer
02-05 01:17:43.206   593 20514 I evo_parser: evo_parser_init
02-05 01:17:43.206   593 20514 I DlbDap2QmfProcess: init()
02-05 01:17:43.206   593 20514 I DlbDap2QmfProcess: open()
02-05 01:17:43.207   593 20514 I DlbDap2QmfProcess: loadLicense() no license check!
02-05 01:17:43.207   593 20514 I DlbDap2QmfProcess: validateLicense() no license check!
02-05 01:17:43.207   593 20514 I DlbDap2QmfProcess: init() DAP opened
02-05 01:17:43.207   593 20514 I DlbDap2QmfProcess: DAP library version: 2.5.1-P2.0
02-05 01:17:43.207   593 20514 D DlbDap2QmfProcess: DAP output mode set to 1 with 2 output channels and null mix matrix.
02-05 01:17:43.208   589  6774 I ACodec  : setDolbyParameterOnProcessedAudio() Content processing enabled in decoder
02-05 01:17:43.210   581  5115 D DlbDapCrossfadeProcess: setEnabled transitioning from DAP_BYPASSED state to PREROLL_ACTIVE
02-05 01:17:43.211   593  6777 I DDP_JOCDecoder: -> start
02-05 01:17:43.212   593  6777 I EndpConfig: DAP state has changed from -1 to 1
02-05 01:17:43.212   593  6777 D DDP_JOCDecoder: Setting Max Output Channels to 2
02-05 01:17:43.212   593  6777 D DDP_JOCDecoder: setMultiChannelPCMOutDownmix mConfig->jocForceDownmixMode 1
02-05 01:17:43.212   593  6777 I udc_user: 
02-05 01:17:43.212   593  6777 I udc_user: *** DDPlus Unified Decoder Simulation  Version 1.7.3 ***
02-05 01:17:43.212   593  6777 I udc_user: 
02-05 01:17:43.212   593  6777 I udc_user: 7.1-channel decoder-converter, 
02-05 01:17:43.212   593  6777 I udc_user: 
02-05 01:17:43.212   593  6777 I udc_user: 5.1-channel dual-decoder-converter, 
02-05 01:17:43.212   593  6777 I udc_user: Karaoke unsupported, 
02-05 01:17:43.212   593  6777 I udc_user: TPNP supported. 
02-05 01:17:43.213   593  6777 I udc_user: 
02-05 01:17:43.213   593  6777 I udc_user: Unpublished work.  Copyright 2003-2014 Dolby Laboratories, Inc. and
02-05 01:17:43.213   593  6777 I udc_user: Dolby Laboratories Licensing Corporation.  All Rights Reserved.
02-05 01:17:43.213   593  6777 I udc_user: 
02-05 01:17:43.213   593  6777 I udc_user: USE OF THIS SOFTWARE IS SUBJECT TO A LEGAL AGREEMENT BETWEEN YOU AND DOLBY
02-05 01:17:43.213   593  6777 I udc_user: LABORATORIES. DO NOT USE THIS SOFTWARE UNLESS YOU AGREE TO THE TERMS AND 
02-05 01:17:43.213   593  6777 I udc_user: CONDITIONS IN THE AGREEMENT.  BY USING THIS SOFTWARE, YOU ACKNOWLEDGE THAT 
02-05 01:17:43.213   593  6777 I udc_user: YOU HAVE READ THE AGREEMENT AND THAT YOU AGREE TO BE BOUND BY ITS TERMS. 
02-05 01:17:43.213   593  6777 I udc_user: 
02-05 01:17:43.213   593  6777 I ddpdec_client_joc: ddpdec_open JOCD_MODE Buffer assignment
02-05 01:17:43.213   593  6777 D DDP_JOCDecoder: mStarted = 1
02-05 01:17:43.213   593  6777 I DDP_JOCDecoder: <- start
02-05 01:17:43.214   593  6777 D ddpdec_client_joc: ddpdec_client.c|int configDecoder()
02-05 01:17:43.216   593  6777 D DDP_JOCDecoder: Setting Max Output Channels to 2
02-05 01:17:43.218   593  6777 I DlbDap2QmfProcess: close()
02-05 01:17:43.218   593  6777 I DlbDap2QmfProcess: init()
02-05 01:17:43.218   593  6777 I DlbDap2QmfProcess: open()
02-05 01:17:43.218   593  6777 I DlbDap2QmfProcess: loadLicense() no license check!
02-05 01:17:43.218   593  6777 I DlbDap2QmfProcess: validateLicense() no license check!
02-05 01:17:43.218   593  6777 I DlbDap2QmfProcess: init() DAP opened
02-05 01:17:43.218   593  6777 I DlbDap2QmfProcess: DAP library version: 2.5.1-P2.0
02-05 01:17:43.218   593  6777 D DlbDap2QmfProcess: DAP output mode set to 1 with 2 output channels and null mix matrix.
02-05 01:17:43.218   593  6777 D ARenderer: checkAndUpdateConfig: DAP reinitialized because of sample rate change
02-05 01:17:43.218   593  6777 D ARenderer: updateDapConfig: Updating DAP configuration
02-05 01:17:43.219   593  6777 D DlbDap2QmfProcess: setParam(iea = #1[10])
02-05 01:17:43.219   593  6777 D DlbDap2QmfProcess: setParam(msce = #1[0])
02-05 01:17:43.219   593  6777 D DlbDap2QmfProcess: setParam(mdee = #1[0])
02-05 01:17:43.219   593  6777 D DlbDap2QmfProcess: setParam(miee = #1[0])
02-05 01:17:43.219   593  6777 D DlbDap2QmfProcess: setParam(mdle = #1[0])
02-05 01:17:43.219   593  6777 D DlbDap2QmfProcess: setParam(dvle = #1[1])
02-05 01:17:43.219   593  6777 D DlbDap2QmfProcess: setParam(mave = #1[0])
02-05 01:17:43.219   593  6777 D DlbDap2QmfProcess: setParam(vcbf = #20[47, 141, 234, 328, 469, 656, 844, 1031, 1313, 1688, 2250, 3000, 3750, 4688, 5813, 7125, 9000, 11250, 13875, 19688])
02-05 01:17:43.219   593  6777 D DlbDap2QmfProcess: setParam(ieon = #1[1])
02-05 01:17:43.219   593  6777 D DlbDap2QmfProcess: setParam(gebs = #41[20, 47, 141, 234, 328, 469, 656, 844, 1031, 1313, 1688, 2250, 3000, 3750, 4688, 5813, 7125, 9000, 11250, 13875, 19688, 0, 0, 0, 0, 0, 0, 0, 0, 0, 0, 0, 0, 0, 0, 0, 0, 0, 0, 0, 0])
02-05 01:17:43.219   593  6777 D DlbDap2QmfProcess: setParam(iebs = #41[20, 65, 136, 223, 332, 467, 634, 841, 1098, 1416, 1812, 2302, 2909, 3663, 4598, 5756, 7194, 8976, 11186, 13927, 17326, 117, 133, 188, 176, 141, 149, 175, 185, 185, 200, 236, 242, 228, 213, 182, 132, 110, 68, -27, -240])
02-05 01:17:43.219   593  6777 D DlbDap2QmfProcess: setParam(dea = #1[7])
02-05 01:17:43.219   593  6777 D DlbDap2QmfProcess: setParam(dsa = #1[10])
02-05 01:17:43.219   593  6777 D DlbDap2QmfProcess: setParam(beb = #1[192])
02-05 01:17:43.219   593  6777 D DlbDap2QmfProcess: setParam(plb = #1[0])
02-05 01:17:43.219   593  6777 D DlbDap2QmfProcess: setParam(vmb = #1[144])
02-05 01:17:43.220   593  6777 D DlbDap2QmfProcess: setParam(dsb = #1[0])
02-05 01:17:43.220   593  6777 D DlbDap2QmfProcess: setParam(ded = #1[0])
02-05 01:17:43.220   593  6777 D DlbDap2QmfProcess: setParam(dom = #1[0])
02-05 01:17:43.220   593  6777 D DlbDap2QmfProcess: setParam(bew = #1[16])
02-05 01:17:43.220   593  6777 D DlbDap2QmfProcess: setParam(dvla = #1[4])
02-05 01:17:43.220   593  6777 D DlbDap2QmfProcess: setParam(dfsa = #1[10])
02-05 01:17:43.220   593  6777 D DlbDap2QmfProcess: setParam(dhsa = #1[10])
02-05 01:17:43.220   593  6777 D DlbDap2QmfProcess: setParam(dvmc = #1[0])
02-05 01:17:43.220   593  6777 D DlbDap2QmfProcess: setParam(dvle = #1[1])
02-05 01:17:43.220   593  6777 D DlbDap2QmfProcess: setParam(dvme = #1[0])
02-05 01:17:43.220   593  6777 D DlbDap2QmfProcess: setParam(becf = #1[200])
02-05 01:17:43.220   593  6777 D DlbDap2QmfProcess: setParam(vbmf = #2[94, 469])
02-05 01:17:43.220   593  6777 D DlbDap2QmfProcess: setParam(vbsf = #2[35, 160])
02-05 01:17:43.220   593  6777 D DlbDap2QmfProcess: setParam(vbhg = #3[-32, -144, -192])
02-05 01:17:43.220   593  6777 D DlbDap2QmfProcess: setParam(vbog = #1[0])
02-05 01:17:43.220   593  6777 D DlbDap2QmfProcess: setParam(vbsg = #1[0])
02-05 01:17:43.220   593  6777 D DlbDap2QmfProcess: setParam(dvli = #1[-320])
02-05 01:17:43.220   593  6777 D DlbDap2QmfProcess: setParam(dhfm = #1[0])
02-05 01:17:43.220   593  6777 D DlbDap2QmfProcess: setParam(deon = #1[0])
02-05 01:17:43.220   593  6777 D DlbDap2QmfProcess: setParam(ngon = #1[1])
02-05 01:17:43.220   593  6777 D DlbDap2QmfProcess: setParam(dvlo = #1[-320])
02-05 01:17:43.221   593  6777 D DlbDap2QmfProcess: setParam(aobs = #222[20, 10, 47, 141, 234, 328, 469, 656, 844, 1031, 1313, 1688, 2250, 3000, 3750, 4688, 5813, 7125, 9000, 11250, 13875, 19688, 0, 0, 0, 0, 0, 0, 0, 0, 0, 0, 0, 0, 0, 0, 0, 0, 0, 0, 0, 0, 0, 0, 0, 0, 0, 0, 0, 0, 0, 0, 0, 0, 0, 0, 0, 0, 0, 0, 0, 0, 0, 0, 0, 0, 0, 0, 0, 0, 0, 0, 0, 0, 0, 0, 0, 0, 0, 0, 0, 0, 0, 0, 0, 0, 0, 0, 0, 0, 0, 0, 0, 0, 0, 0, 0, 0, 0, 0, 0, 0, 0, 0, 0, 0, 0, 0, 0, 0, 0, 0, 0, 0, 0, 0, 0, 0, 0, 0, 0, 0, 0, 0, 0, 0, 0, 0, 0, 0, 0, 0, 0, 0, 0, 0, 0, 0, 0, 0, 0, 0, 0, 0, 0, 0, 0, 0, 0, 0, 0, 0, 0, 0, 0, 0, 0, 0, 0, 0, 0, 0, 0, 0, 0, 0, 0, 0, 0, 0, 0, 0, 0, 0, 0, 0, 0, 0, 0, 0, 0, 0, 0, 0, 0, 0, 0, 0, 0, 0, 0, 0, 0, 0, 0, 0, 0, 0, 0, 0, 0, 0, 0, 0, 0, 0, 0, 0, 0, 0, 0, 0, 0, 0, 0, 0, 0, 0, 0, 0, 0, 0])
02-05 01:17:43.221   593  6777 D DlbDap2QmfProcess: setParam(dvle = #1[1])
02-05 01:17:43.221   593  6777 D DlbDap2QmfProcess: setParam(dvli = #1[-496])
02-05 01:17:43.221   593  6777 D DlbDap2QmfProcess: setParam(dvlo = #1[-176])
02-05 01:17:43.221   593  6777 D ARenderer: updateDapVolumeLeveler: Setting output level to -11.00dB
02-05 01:17:43.221   593  6777 D DlbDap2QmfProcess: setParam(vmb = #1[0])
02-05 01:17:43.221   593  6777 D DlbDap2QmfProcess: setParam(preg = #1[-384])
02-05 01:17:43.221   593  6777 D DlbDap2QmfProcess: setParam(vol = #1[384])
02-05 01:17:43.221   593  6777 D DlbDlbBufferProvider: setConfig() Updating buffer configuration.
02-05 01:17:43.221   593  6777 D DlbDap2QmfProcess: processQmf() called [0] times
02-05 01:17:43.221   593  6777 D DlbDap2QmfProcess: setMave(mave = 0)
02-05 01:17:43.225  6717  6717 D featureTest: receive broadcast , change ds profile id :5
02-05 01:17:43.234   581  5115 D DlbDapCrossfadeProcess: process transitioning from PREROLL_ACTIVE state to FADE_TO_ACTIVE
02-05 01:17:43.237   589  6772 D AudioTrack: Client defaulted notificationFrames to 8125 for frameCount 24375
02-05 01:17:43.237   581   730 I AudioFlinger: attachAuxEffect(): Marking track 794 as containing processed audio
02-05 01:17:43.237   581   730 D AudioFlinger: trackContainsProcessedAudio() Track id 794 contains processed audio
02-05 01:17:43.238   581  4435 D AudioFlinger: trackStateChanged() Track id 794 state changed to 6
02-05 01:17:43.238   589  6767 D NuPlayerDriver: notifyListener_l(0xe5732a10), (6, 0, 0, -1), loop setting(0, 1)
02-05 01:17:43.240   581  5355 D DlbDlbEffect: handle_EFFECT_CMD_SET_PARAM()
02-05 01:17:43.240   421   460 I DapController: Profile Changed to Custom
02-05 01:17:43.242   593  6777 D ARenderer: updateDapConfig: Updating DAP configuration
02-05 01:17:43.242   593  6777 D DlbDap2QmfProcess: setParam(iea = #1[10])
02-05 01:17:43.242   593  6777 D DlbDap2QmfProcess: setParam(msce = #1[0])
02-05 01:17:43.242   593  6777 D DlbDap2QmfProcess: setParam(mdee = #1[0])
02-05 01:17:43.242   593  6777 D DlbDap2QmfProcess: setParam(miee = #1[0])
02-05 01:17:43.242   593  6777 D DlbDap2QmfProcess: setParam(mdle = #1[0])
02-05 01:17:43.243   593  6777 D DlbDap2QmfProcess: setParam(dvle = #1[1])
02-05 01:17:43.243   593  6777 D DlbDap2QmfProcess: setParam(mave = #1[0])
02-05 01:17:43.243   593  6777 D DlbDap2QmfProcess: setParam(vcbf = #20[47, 141, 234, 328, 469, 656, 844, 1031, 1313, 1688, 2250, 3000, 3750, 4688, 5813, 7125, 9000, 11250, 13875, 19688])
02-05 01:17:43.243   593  6777 D DlbDap2QmfProcess: setParam(ieon = #1[0])
02-05 01:17:43.243   593  6777 D DlbDap2QmfProcess: setParam(gebs = #41[20, 47, 141, 234, 328, 469, 656, 844, 1031, 1313, 1688, 2250, 3000, 3750, 4688, 5813, 7125, 9000, 11250, 13875, 19688, 0, 0, 0, 0, 0, 0, 0, 0, 0, 0, 0, 0, 0, 0, 0, 0, 0, 0, 0, 0])
02-05 01:17:43.243   593  6777 D DlbDap2QmfProcess: setParam(iebs = #41[20, 65, 136, 223, 332, 467, 634, 841, 1098, 1416, 1812, 2302, 2909, 3663, 4598, 5756, 7194, 8976, 11186, 13927, 17326, 117, 133, 188, 176, 141, 149, 175, 185, 185, 200, 236, 242, 228, 213, 182, 132, 110, 68, -27, -240])
02-05 01:17:43.243   593  6777 D DlbDap2QmfProcess: setParam(dea = #1[7])
02-05 01:17:43.243   593  6777 D DlbDap2QmfProcess: setParam(dsa = #1[10])
02-05 01:17:43.243   593  6777 D DlbDap2QmfProcess: setParam(beb = #1[192])
02-05 01:17:43.243   593  6777 D DlbDap2QmfProcess: setParam(plb = #1[0])
02-05 01:17:43.243   593  6777 D DlbDap2QmfProcess: setParam(vmb = #1[144])
02-05 01:17:43.243   593  6777 D DlbDap2QmfProcess: setParam(dsb = #1[0])
02-05 01:17:43.243   593  6777 D DlbDap2QmfProcess: setParam(ded = #1[0])
02-05 01:17:43.243   593  6777 D DlbDap2QmfProcess: setParam(dom = #1[0])
02-05 01:17:43.243   593  6777 D DlbDap2QmfProcess: setParam(bew = #1[16])
02-05 01:17:43.243   593  6777 D DlbDap2QmfProcess: setParam(dvla = #1[5])
02-05 01:17:43.243   593  6777 D DlbDap2QmfProcess: setParam(dfsa = #1[10])
02-05 01:17:43.243   593  6777 D DlbDap2QmfProcess: setParam(dhsa = #1[10])
02-05 01:17:43.243   593  6777 D DlbDap2QmfProcess: setParam(dvmc = #1[0])
02-05 01:17:43.243   593  6777 D DlbDap2QmfProcess: setParam(dvle = #1[1])
02-05 01:17:43.243   593  6777 D DlbDap2QmfProcess: setParam(dvme = #1[0])
02-05 01:17:43.243   593  6777 D DlbDap2QmfProcess: setParam(becf = #1[200])
02-05 01:17:43.243   593  6777 D DlbDap2QmfProcess: setParam(vbmf = #2[94, 469])
02-05 01:17:43.243   593  6777 D DlbDap2QmfProcess: setParam(vbsf = #2[35, 160])
02-05 01:17:43.243   593  6777 D DlbDap2QmfProcess: setParam(vbhg = #3[-32, -144, -192])
02-05 01:17:43.243   593  6777 D DlbDap2QmfProcess: setParam(vbog = #1[0])
02-05 01:17:43.243   593  6777 D DlbDap2QmfProcess: setParam(vbsg = #1[0])
02-05 01:17:43.243   593  6777 D DlbDap2QmfProcess: setParam(dvli = #1[-320])
02-05 01:17:43.243   593  6777 D DlbDap2QmfProcess: setParam(dhfm = #1[0])
02-05 01:17:43.243   593  6777 D DlbDap2QmfProcess: setParam(deon = #1[0])
02-05 01:17:43.243   593  6777 D DlbDap2QmfProcess: setParam(ngon = #1[1])
02-05 01:17:43.243   593  6777 D DlbDap2QmfProcess: setParam(dvlo = #1[-320])
02-05 01:17:43.244   593  6777 D DlbDap2QmfProcess: setParam(aobs = #222[20, 10, 47, 141, 234, 328, 469, 656, 844, 1031, 1313, 1688, 2250, 3000, 3750, 4688, 5813, 7125, 9000, 11250, 13875, 19688, 0, 0, 0, 0, 0, 0, 0, 0, 0, 0, 0, 0, 0, 0, 0, 0, 0, 0, 0, 0, 0, 0, 0, 0, 0, 0, 0, 0, 0, 0, 0, 0, 0, 0, 0, 0, 0, 0, 0, 0, 0, 0, 0, 0, 0, 0, 0, 0, 0, 0, 0, 0, 0, 0, 0, 0, 0, 0, 0, 0, 0, 0, 0, 0, 0, 0, 0, 0, 0, 0, 0, 0, 0, 0, 0, 0, 0, 0, 0, 0, 0, 0, 0, 0, 0, 0, 0, 0, 0, 0, 0, 0, 0, 0, 0, 0, 0, 0, 0, 0, 0, 0, 0, 0, 0, 0, 0, 0, 0, 0, 0, 0, 0, 0, 0, 0, 0, 0, 0, 0, 0, 0, 0, 0, 0, 0, 0, 0, 0, 0, 0, 0, 0, 0, 0, 0, 0, 0, 0, 0, 0, 0, 0, 0, 0, 0, 0, 0, 0, 0, 0, 0, 0, 0, 0, 0, 0, 0, 0, 0, 0, 0, 0, 0, 0, 0, 0, 0, 0, 0, 0, 0, 0, 0, 0, 0, 0, 0, 0, 0, 0, 0, 0, 0, 0, 0, 0, 0, 0, 0, 0, 0, 0, 0, 0, 0, 0, 0, 0, 0])
02-05 01:17:43.244   593  6777 D DlbDap2QmfProcess: setParam(dvle = #1[1])
02-05 01:17:43.244   593  6777 D DlbDap2QmfProcess: setParam(dvli = #1[-496])
02-05 01:17:43.244   593  6777 D DlbDap2QmfProcess: setParam(dvlo = #1[-176])
02-05 01:17:43.244   593  6777 D ARenderer: updateDapVolumeLeveler: Setting output level to -11.00dB
02-05 01:17:43.244   593  6777 D DlbDap2QmfProcess: setParam(vmb = #1[0])
02-05 01:17:43.244   593  6777 D DlbDap2QmfProcess: setParam(preg = #1[-384])
02-05 01:17:43.244   593  6777 D DlbDap2QmfProcess: setParam(vol = #1[384])
02-05 01:17:43.244   593  6777 D DlbDap2QmfProcess: setMave(mave = 0)
02-05 01:17:43.259   589 26717 W MediaClock: reject anchor time since it is negative.
02-05 01:17:43.276   581  5115 D DlbDapEndpointParamCache: commitChangedParams()
02-05 01:17:43.276   581  5115 D DlbDapEndpointParamCache: commit() Applying parameters for device 0x40000000
02-05 01:17:43.277   581  5115 D DlbDap2Process: setParam(iea = #1[10])
02-05 01:17:43.277   581  5115 D DlbDap2Process: setParam(vcbf = #20[47, 141, 234, 328, 469, 656, 844, 1031, 1313, 1688, 2250, 3000, 3750, 4688, 5813, 7125, 9000, 11250, 13875, 19688])
02-05 01:17:43.277   581  5115 D DlbDap2Process: setParam(vbon = #1[0])
02-05 01:17:43.277   581  5115 D DlbDap2Process: setParam(beon = #1[0])
02-05 01:17:43.277   581  5115 D DlbDap2Process: setParam(geon = #1[0])
02-05 01:17:43.277   581  5115 D DlbDap2Process: setParam(gebs = #41[20, 47, 141, 234, 328, 469, 656, 844, 1031, 1313, 1688, 2250, 3000, 3750, 4688, 5813, 7125, 9000, 11250, 13875, 19688, 0, 0, 0, 0, 0, 0, 0, 0, 0, 0, 0, 0, 0, 0, 0, 0, 0, 0, 0, 0])
02-05 01:17:43.277   581  5115 D DlbDap2Process: setParam(iebs = #41[20, 65, 136, 223, 332, 467, 634, 841, 1098, 1416, 1812, 2302, 2909, 3663, 4598, 5756, 7194, 8976, 11186, 13927, 17326, 117, 133, 188, 176, 141, 149, 175, 185, 185, 200, 236, 242, 228, 213, 182, 132, 110, 68, -27, -240])
02-05 01:17:43.277   581  5115 D DlbDapEndpointParamCache: doCommit() Committed 8 parameters out of 16.
02-05 01:17:43.277   581  5115 D DlbDapEndpointParamCache: commit() Overriding parameters for current device 0x00000080
02-05 01:17:43.277   581  5115 D DlbDap2Process: setParam(dea = #1[7])
02-05 01:17:43.277   581  5115 D DlbDap2Process: setParam(dsa = #1[10])
02-05 01:17:43.277   581  5115 D DlbDap2Process: setParam(beb = #1[192])
02-05 01:17:43.277   581  5115 D DlbDap2Process: setParam(plb = #1[0])
02-05 01:17:43.277   581  5115 D DlbDap2Process: setParam(vmb = #1[144])
02-05 01:17:43.277   581  5115 D DlbDap2Process: setParam(dsb = #1[0])
02-05 01:17:43.277   581  5115 D DlbDap2Process: setParam(ded = #1[0])
02-05 01:17:43.277   581  5115 D DlbDap2Process: setParam(vbm = #1[0])
02-05 01:17:43.277   581  5115 D DlbDap2Process: setParam(bew = #1[16])
02-05 01:17:43.277   581  5115 D DlbDap2Process: setParam(dvla = #1[5])
02-05 01:17:43.277   581  5115 D DlbDap2Process: setParam(arra = #1[96])
02-05 01:17:43.277   581  5115 D DlbDap2Process: setParam(dfsa = #1[10])
02-05 01:17:43.277   581  5115 D DlbDap2Process: setParam(dhsa = #1[10])
02-05 01:17:43.277   581  5115 D DlbDap2Process: setParam(dvmc = #1[0])
02-05 01:17:43.277   581  5115 D DlbDap2Process: setParam(arod = #1[0])
02-05 01:17:43.277   581  5115 D DlbDap2Process: setParam(arde = #1[0])
02-05 01:17:43.277   581  5115 D DlbDap2Process: setParam(becf = #1[200])
02-05 01:17:43.277   581  5115 D DlbDap2Process: setParam(vbmf = #2[94, 469])
02-05 01:17:43.277   581  5115 D DlbDap2Process: setParam(vbsf = #2[35, 160])
02-05 01:17:43.277   581  5115 D DlbDap2Process: setParam(vbhg = #3[-32, -144, -192])
02-05 01:17:43.277   581  5115 D DlbDap2Process: setParam(vbog = #1[0])
02-05 01:17:43.278   581  5115 D DlbDap2Process: setParam(vbsg = #1[0])
02-05 01:17:43.278   581  5115 D DlbDap2Process: setParam(dvli = #1[-320])
02-05 01:17:43.278   581  5115 D DlbDap2Process: setParam(dhfm = #1[0])
02-05 01:17:43.278   581  5115 D DlbDap2Process: setParam(vbon = #1[0])
02-05 01:17:43.278   581  5115 D DlbDap2Process: setParam(beon = #1[0])
02-05 01:17:43.278   581  5115 D DlbDap2Process: setParam(aoon = #1[0])
02-05 01:17:43.278   581  5115 D DlbDap2Process: setParam(aron = #1[1])
02-05 01:17:43.278   581  5115 D DlbDap2Process: setParam(dvlo = #1[-320])
02-05 01:17:43.278   581  5115 D DlbDap2Process: setParam(artp = #1[12])
02-05 01:17:43.278   581  5115 D DlbDap2Process: setParam(aobs = #222[20, 10, 47, 141, 234, 328, 469, 656, 844, 1031, 1313, 1688, 2250, 3000, 3750, 4688, 5813, 7125, 9000, 11250, 13875, 19688, 0, 0, 0, 0, 0, 0, 0, 0, 0, 0, 0, 0, 0, 0, 0, 0, 0, 0, 0, 0, 0, 0, 0, 0, 0, 0, 0, 0, 0, 0, 0, 0, 0, 0, 0, 0, 0, 0, 0, 0, 0, 0, 0, 0, 0, 0, 0, 0, 0, 0, 0, 0, 0, 0, 0, 0, 0, 0, 0, 0, 0, 0, 0, 0, 0, 0, 0, 0, 0, 0, 0, 0, 0, 0, 0, 0, 0, 0, 0, 0, 0, 0, 0, 0, 0, 0, 0, 0, 0, 0, 0, 0, 0, 0, 0, 0, 0, 0, 0, 0, 0, 0, 0, 0, 0, 0, 0, 0, 0, 0, 0, 0, 0, 0, 0, 0, 0, 0, 0, 0, 0, 0, 0, 0, 0, 0, 0, 0, 0, 0, 0, 0, 0, 0, 0, 0, 0, 0, 0, 0, 0, 0, 0, 0, 0, 0, 0, 0, 0, 0, 0, 0, 0, 0, 0, 0, 0, 0, 0, 0, 0, 0, 0, 0, 0, 0, 0, 0, 0, 0, 0, 0, 0, 0, 0, 0, 0, 0, 0, 0, 0, 0, 0, 0, 0, 0, 0, 0, 0, 0, 0, 0, 0, 0, 0, 0, 0, 0, 0, 0])
02-05 01:17:43.278   581  5115 D DlbDap2Process: setParam(arbs = #81[20, 47, 141, 234, 328, 469, 656, 844, 1031, 1313, 1688, 2250, 3000, 3750, 4688, 5813, 7125, 9000, 11250, 13875, 19688, -192, -192, -192, -192, -192, -192, -192, -192, -192, -192, -192, -192, -192, -192, -192, -192, -192, -192, -192, -192, 0, 0, 0, 0, 0, 0, 0, 0, 0, 0, 0, 0, 0, 0, 0, 0, 0, 0, 0, 0, 0, 0, 0, 0, 0, 0, 0, 0, 0, 0, 0, 0, 0, 0, 0, 0, 0, 0, 0, 0])
02-05 01:17:43.278   581  5115 D DlbDapEndpointParamCache: doCommit() Committed 32 parameters out of 37.
02-05 01:17:43.293  6717  6717 D featureTest: receive broadcast , change virtual speaker  virtualizer :1
02-05 01:17:43.307   581  5110 D DlbDlbEffect: handle_EFFECT_CMD_SET_PARAM()
02-05 01:17:43.323   581  5115 D DlbDapEndpointParamCache: commitChangedParams()
02-05 01:17:43.323   581  5115 D DlbDapEndpointParamCache: commit() Applying parameters for device 0x40000000
02-05 01:17:43.324   581  5115 D DlbDap2Process: setParam(iea = #1[10])
02-05 01:17:43.324   581  5115 D DlbDap2Process: setParam(vcbf = #20[47, 141, 234, 328, 469, 656, 844, 1031, 1313, 1688, 2250, 3000, 3750, 4688, 5813, 7125, 9000, 11250, 13875, 19688])
02-05 01:17:43.324   581  5115 D DlbDap2Process: setParam(vbon = #1[0])
02-05 01:17:43.324   581  5115 D DlbDap2Process: setParam(beon = #1[0])
02-05 01:17:43.324   581  5115 D DlbDap2Process: setParam(geon = #1[0])
02-05 01:17:43.324   581  5115 D DlbDap2Process: setParam(gebs = #41[20, 47, 141, 234, 328, 469, 656, 844, 1031, 1313, 1688, 2250, 3000, 3750, 4688, 5813, 7125, 9000, 11250, 13875, 19688, 0, 0, 0, 0, 0, 0, 0, 0, 0, 0, 0, 0, 0, 0, 0, 0, 0, 0, 0, 0])
02-05 01:17:43.324   581  5115 D DlbDap2Process: setParam(iebs = #41[20, 65, 136, 223, 332, 467, 634, 841, 1098, 1416, 1812, 2302, 2909, 3663, 4598, 5756, 7194, 8976, 11186, 13927, 17326, 117, 133, 188, 176, 141, 149, 175, 185, 185, 200, 236, 242, 228, 213, 182, 132, 110, 68, -27, -240])
02-05 01:17:43.324   581  5115 D DlbDapEndpointParamCache: doCommit() Committed 8 parameters out of 16.
02-05 01:17:43.324   581  5115 D DlbDapEndpointParamCache: commit() Overriding parameters for current device 0x00000080
02-05 01:17:43.324   581  5115 D DlbDap2Process: setParam(dea = #1[7])
02-05 01:17:43.324   581  5115 D DlbDap2Process: setParam(dsa = #1[10])
02-05 01:17:43.324   581  5115 D DlbDap2Process: setParam(beb = #1[192])
02-05 01:17:43.324   581  5115 D DlbDap2Process: setParam(plb = #1[0])
02-05 01:17:43.324   581  5115 D DlbDap2Process: setParam(vmb = #1[144])
02-05 01:17:43.324   581  5115 D DlbDap2Process: setParam(dsb = #1[0])
02-05 01:17:43.324   581  5115 D DlbDap2Process: setParam(ded = #1[0])
02-05 01:17:43.324   581  5115 D DlbDap2Process: setParam(vbm = #1[0])
02-05 01:17:43.324   581  5115 D DlbDap2Process: setParam(bew = #1[16])
02-05 01:17:43.324   581  5115 D DlbDap2Process: setParam(dvla = #1[5])
02-05 01:17:43.324   581  5115 D DlbDap2Process: setParam(arra = #1[96])
02-05 01:17:43.324   581  5115 D DlbDap2Process: setParam(dfsa = #1[10])
02-05 01:17:43.325   581  5115 D DlbDap2Process: setParam(dhsa = #1[10])
02-05 01:17:43.325   581  5115 D DlbDap2Process: setParam(dvmc = #1[0])
02-05 01:17:43.325   581  5115 D DlbDap2Process: setParam(arod = #1[0])
02-05 01:17:43.325   581  5115 D DlbDap2Process: setParam(arde = #1[0])
02-05 01:17:43.325   581  5115 D DlbDap2Process: setParam(becf = #1[200])
02-05 01:17:43.325   581  5115 D DlbDap2Process: setParam(vbmf = #2[94, 469])
02-05 01:17:43.325   581  5115 D DlbDap2Process: setParam(vbsf = #2[35, 160])
02-05 01:17:43.325   581  5115 D DlbDap2Process: setParam(vbhg = #3[-32, -144, -192])
02-05 01:17:43.325   581  5115 D DlbDap2Process: setParam(vbog = #1[0])
02-05 01:17:43.325   581  5115 D DlbDap2Process: setParam(vbsg = #1[0])
02-05 01:17:43.325   581  5115 D DlbDap2Process: setParam(dvli = #1[-320])
02-05 01:17:43.325   581  5115 D DlbDap2Process: setParam(dhfm = #1[0])
02-05 01:17:43.325   581  5115 D DlbDap2Process: setParam(vbon = #1[0])
02-05 01:17:43.325   581  5115 D DlbDap2Process: setParam(beon = #1[0])
02-05 01:17:43.325   581  5115 D DlbDap2Process: setParam(aoon = #1[0])
02-05 01:17:43.325   581  5115 D DlbDap2Process: setParam(aron = #1[1])
02-05 01:17:43.325   581  5115 D DlbDap2Process: setParam(dvlo = #1[-320])
02-05 01:17:43.325   581  5115 D DlbDap2Process: setParam(artp = #1[12])
