--------- beginning of system
02-05 01:14:55.126   816  4855 I ActivityManager: Force stopping com.dolby.qa.featuretest appid=10074 user=0: from pid 5109
02-05 01:14:55.126   816  4855 I ActivityManager: Killing 5020:com.dolby.qa.featuretest/u0a74 (adj 0): stop com.dolby.qa.featuretest
02-05 01:14:55.128   816  4855 W ActivityManager: Force removing ActivityRecord{89d2cc u0 com.dolby.qa.featuretest/.MainActivity t262}: app died, no saved state
02-05 01:14:55.134   816  4855 I WindowManager: Failed to capture screenshot of Token{eb11915 ActivityRecord{89d2cc u0 com.dolby.qa.featuretest/.MainActivity t262 f}} appWin=Window{f46db00 u0 com.dolby.qa.featuretest/com.dolby.qa.featuretest.MainActivity} drawState=4
--------- beginning of main
02-05 01:14:55.177  2298  2298 D RegisteredNfcFServicesCache: Service unchanged, not updating
02-05 01:14:55.178  1232  1232 D CarrierSvcBindHelper: No carrier app for: 0
02-05 01:14:55.183   589  1170 D NuPlayerDriver: reset(0xe5732380) at state 5
02-05 01:14:55.184   589  1170 D NuPlayerDriver: notifyListener_l(0xe5732380), (8, 0, 0, -1), loop setting(0, 1)
02-05 01:14:55.184   816  3431 I WindowManager: WIN DEATH: Window{d9758bf u0 Toast}
02-05 01:14:55.185   816   894 W Looper  : Ignoring unexpected epoll events 0x11 on fd 249 that is no longer registered.
02-05 01:14:55.187   581  7829 D AudioFlinger: trackStateChanged() Track id 744 state changed to 6
02-05 01:14:55.206   593 20870 I DDP_JOCDecoder: -> ~DDPDecoder
02-05 01:14:55.206   593 20870 I DDP_JOCDecoder: -> stop
02-05 01:14:55.206   593 20870 I DDP_JOCDecoder: <- stop
02-05 01:14:55.206   593 20870 I ARenderer: ~ARenderer
02-05 01:14:55.206   593 20870 I evo_parser: evo_parser_close
02-05 01:14:55.207   593 20870 I DlbDap2QmfProcess: ~Dap2Process()
02-05 01:14:55.207   593 20870 I DlbDap2QmfProcess: close()
02-05 01:14:55.207   593 20870 I DDP_JOCDecoder: <- ~DDPDecoder
02-05 01:14:55.214   589  5051 D NuPlayerDriver: notifyResetComplete(0xe5732380)
02-05 01:14:55.214   589  1170 D AudioTrack: stop() called with 0 frames delivered
02-05 01:14:55.234   816  2363 I ActivityManager: START u0 {flg=0x10000000 cmp=com.dolby.qa.featuretest/.MainActivity} from uid 2000
02-05 01:14:55.260  5118  5118 I zygote64: Late-enabling -Xcheck:jni
02-05 01:14:55.264   816  2337 I ActivityManager: Start proc 5118:com.dolby.qa.featuretest/u0a74 for activity com.dolby.qa.featuretest/.MainActivity
02-05 01:14:55.465  5118  5118 D featureTest: onCreate
02-05 01:14:55.470   581  3572 D AudioFlinger: trackStateChanged() Track id 744 state changed to 2
02-05 01:14:55.470   581  3572 I AudioFlinger: updateProcessedAudioState() Changing content processing in effect to 0
02-05 01:14:55.470   581  3572 D DlbDlbEffect: handle_EFFECT_CMD_SET_PARAM()
02-05 01:14:55.472   581  7829 W AudioFlinger: createTrack_l(): mismatch between requested flags (00000008) and output flags (00000000)
02-05 01:14:55.473   581  3572 I DlbEffectContext: setContentProcEnabled() Enabling content processing in global effect
02-05 01:14:55.473   581  3572 D DlbDapEndpointParamCache: commitChangedParams()
02-05 01:14:55.473   581  3572 D DlbDapEndpointParamCache: commit() Applying parameters for device 0x40000000
02-05 01:14:55.473   581  3572 D DlbDap2Process: setParam(iea = #1[10])
02-05 01:14:55.473   581  3572 D DlbDap2Process: setParam(msce = #1[1])
02-05 01:14:55.473   581  3572 D DlbDap2Process: setParam(mdee = #1[1])
02-05 01:14:55.473   581  3572 D DlbDap2Process: setParam(miee = #1[1])
02-05 01:14:55.473   581  3572 D DlbDap2Process: setParam(mdle = #1[1])
02-05 01:14:55.473   581  3572 D DlbDap2Process: setParam(dvle = #1[1])
02-05 01:14:55.474   581  3572 D DlbDap2Process: setParam(mave = #1[1])
02-05 01:14:55.474   581  3572 D DlbDap2Process: setParam(vcbf = #20[47, 141, 234, 328, 469, 656, 844, 1031, 1313, 1688, 2250, 3000, 3750, 4688, 5813, 7125, 9000, 11250, 13875, 19688])
02-05 01:14:55.474   581  3572 D DlbDap2Process: setParam(vbon = #1[0])
02-05 01:14:55.474   581  3572 D DlbDap2Process: setParam(beon = #1[0])
02-05 01:14:55.474   581  3572 D DlbDap2Process: setParam(geon = #1[0])
02-05 01:14:55.474   581  3572 D DlbDap2Process: setParam(ieon = #1[1])
02-05 01:14:55.474   581  3572 D DlbDap2Process: setParam(gebs = #41[20, 47, 141, 234, 328, 469, 656, 844, 1031, 1313, 1688, 2250, 3000, 3750, 4688, 5813, 7125, 9000, 11250, 13875, 19688, 0, 0, 0, 0, 0, 0, 0, 0, 0, 0, 0, 0, 0, 0, 0, 0, 0, 0, 0, 0])
02-05 01:14:55.474   581  3572 D DlbDap2Process: setParam(iebs = #41[20, 65, 136, 223, 332, 467, 634, 841, 1098, 1416, 1812, 2302, 2909, 3663, 4598, 5756, 7194, 8976, 11186, 13927, 17326, 117, 133, 188, 176, 141, 149, 175, 185, 185, 200, 236, 242, 228, 213, 182, 132, 110, 68, -27, -240])
02-05 01:14:55.474   581  3572 D DlbDapEndpointParamCache: doCommit() Committed 15 parameters out of 16.
02-05 01:14:55.474   581  3572 D DlbDapEndpointParamCache: commit() Overriding parameters for current device 0x00000080
02-05 01:14:55.474   581  3572 D DlbDap2Process: setParam(dea = #1[10])
02-05 01:14:55.474   581  3572 D DlbDap2Process: setParam(dsa = #1[10])
02-05 01:14:55.474   581  3572 D DlbDap2Process: setParam(beb = #1[192])
02-05 01:14:55.474   581  3572 D DlbDap2Process: setParam(plb = #1[0])
02-05 01:14:55.474   581  3572 D DlbDap2Process: setParam(vmb = #1[144])
02-05 01:14:55.474   581  3572 D DlbDap2Process: setParam(dsb = #1[0])
02-05 01:14:55.474   581  3572 D DlbDap2Process: setParam(ded = #1[0])
02-05 01:14:55.474   581  3572 D DlbDap2Process: setParam(vbm = #1[0])
02-05 01:14:55.474   581  3572 D DlbDap2Process: setParam(dom = #1[0])
02-05 01:14:55.474   581  3572 D DlbDap2Process: setParam(bew = #1[16])
02-05 01:14:55.474   581  3572 D DlbDap2Process: setParam(dvla = #1[7])
02-05 01:14:55.474   581  3572 D DlbDap2Process: setParam(arra = #1[96])
02-05 01:14:55.475   581  3572 D DlbDap2Process: setParam(dfsa = #1[10])
02-05 01:14:55.475   581  3572 D DlbDap2Process: setParam(dhsa = #1[10])
02-05 01:14:55.475   581  3572 D DlbDap2Process: setParam(dvmc = #1[0])
02-05 01:14:55.475   581  3572 D DlbDap2Process: setParam(arod = #1[0])
02-05 01:14:55.475   581  3572 D DlbDap2Process: setParam(arde = #1[0])
02-05 01:14:55.475   581  3572 D DlbDap2Process: setParam(dvle = #1[1])
02-05 01:14:55.475   581  3572 D DlbDap2Process: setParam(dvme = #1[0])
02-05 01:14:55.475   581  3572 D DlbDap2Process: setParam(becf = #1[200])
02-05 01:14:55.475   581  3572 D DlbDap2Process: setParam(vbmf = #2[94, 469])
02-05 01:14:55.475   581  3572 D DlbDap2Process: setParam(vbsf = #2[35, 160])
02-05 01:14:55.475   581  3572 D DlbDap2Process: setParam(vbhg = #3[-32, -144, -192])
02-05 01:14:55.475   581  3572 D DlbDap2Process: setParam(vbog = #1[0])
02-05 01:14:55.475   581  3572 D DlbDap2Process: setParam(vbsg = #1[0])
02-05 01:14:55.475   581  3572 D DlbDap2Process: setParam(dvli = #1[-320])
02-05 01:14:55.475   581  3572 D DlbDap2Process: setParam(dhfm = #1[0])
02-05 01:14:55.475   581  3572 D DlbDap2Process: setParam(vbon = #1[0])
02-05 01:14:55.475   581  3572 D DlbDap2Process: setParam(beon = #1[0])
02-05 01:14:55.475   581  3572 D DlbDap2Process: setParam(deon = #1[1])
02-05 01:14:55.475   581  3572 D DlbDap2Process: setParam(ngon = #1[1])
02-05 01:14:55.475   581  3572 D DlbDap2Process: setParam(aoon = #1[0])
02-05 01:14:55.475   581  3572 D DlbDap2Process: setParam(aron = #1[1])
02-05 01:14:55.475   581  3572 D DlbDap2Process: setParam(dvlo = #1[-320])
02-05 01:14:55.475   581  3572 D DlbDap2Process: setParam(artp = #1[12])
02-05 01:14:55.476   581  3572 D DlbDap2Process: setParam(aobs = #222[20, 10, 47, 141, 234, 328, 469, 656, 844, 1031, 1313, 1688, 2250, 3000, 3750, 4688, 5813, 7125, 9000, 11250, 13875, 19688, 0, 0, 0, 0, 0, 0, 0, 0, 0, 0, 0, 0, 0, 0, 0, 0, 0, 0, 0, 0, 0, 0, 0, 0, 0, 0, 0, 0, 0, 0, 0, 0, 0, 0, 0, 0, 0, 0, 0, 0, 0, 0, 0, 0, 0, 0, 0, 0, 0, 0, 0, 0, 0, 0, 0, 0, 0, 0, 0, 0, 0, 0, 0, 0, 0, 0, 0, 0, 0, 0, 0, 0, 0, 0, 0, 0, 0, 0, 0, 0, 0, 0, 0, 0, 0, 0, 0, 0, 0, 0, 0, 0, 0, 0, 0, 0, 0, 0, 0, 0, 0, 0, 0, 0, 0, 0, 0, 0, 0, 0, 0, 0, 0, 0, 0, 0, 0, 0, 0, 0, 0, 0, 0, 0, 0, 0, 0, 0, 0, 0, 0, 0, 0, 0, 0, 0, 0, 0, 0, 0, 0, 0, 0, 0, 0, 0, 0, 0, 0, 0, 0, 0, 0, 0, 0, 0, 0, 0, 0, 0, 0, 0, 0, 0, 0, 0, 0, 0, 0, 0, 0, 0, 0, 0, 0, 0, 0, 0, 0, 0, 0, 0, 0, 0, 0, 0, 0, 0, 0, 0, 0, 0, 0, 0, 0, 0, 0, 0, 0, 0])
02-05 01:14:55.476   581  3572 D DlbDap2Process: setParam(arbs = #81[20, 47, 141, 234, 328, 469, 656, 844, 1031, 1313, 1688, 2250, 3000, 3750, 4688, 5813, 7125, 9000, 11250, 13875, 19688, -192, -192, -192, -192, -192, -192, -192, -192, -192, -192, -192, -192, -192, -192, -192, -192, -192, -192, -192, -192, 0, 0, 0, 0, 0, 0, 0, 0, 0, 0, 0, 0, 0, 0, 0, 0, 0, 0, 0, 0, 0, 0, 0, 0, 0, 0, 0, 0, 0, 0, 0, 0, 0, 0, 0, 0, 0, 0, 0, 0])
02-05 01:14:55.476   581  3572 D DlbDapEndpointParamCache: doCommit() Committed 37 parameters out of 37.
02-05 01:14:55.478  5118  5118 D AudioTrack: Client defaulted notificationFrames to 3916 for frameCount 11748
02-05 01:14:55.484  5118  5118 W AudioTrack: Use of stream types is deprecated for operations other than volume control
02-05 01:14:55.484  5118  5118 W AudioTrack: See the documentation of AudioTrack() for what to use instead with android.media.AudioAttributes to qualify your playback use case
02-05 01:14:55.487   581  3572 D AudioFlinger: trackDestroyed() Track id 744 no longer contains processed audio
02-05 01:14:55.488   581  5115 D DlbDap2Process: setMave(mave = 1)
02-05 01:14:55.492  5118  5118 W DolbyAudioEffect: WARNING: attaching a DolbyAudioEffect to global output mix is deprecated!
02-05 01:14:55.499  5118  5118 D featureTest: onResume
02-05 01:14:55.514  5118  5135 D OpenGLRenderer: HWUI GL Pipeline
02-05 01:14:55.565  5118  5135 I Adreno  : QUALCOMM build                   : 7142022, Ib5823dd10c
02-05 01:14:55.565  5118  5135 I Adreno  : Build Date                       : 06/23/17
02-05 01:14:55.565  5118  5135 I Adreno  : OpenGL ES Shader Compiler Version: EV031.18.00.00
02-05 01:14:55.565  5118  5135 I Adreno  : Local Branch                     : O11A
02-05 01:14:55.565  5118  5135 I Adreno  : Remote Branch                    : 
02-05 01:14:55.565  5118  5135 I Adreno  : Remote Branch                    : 
02-05 01:14:55.565  5118  5135 I Adreno  : Reconstruct Branch               : 
02-05 01:14:55.566  5118  5135 I vndksupport: sphal namespace is not configured for this process. Loading /vendor/lib64/hw/gralloc.msm8994.so from the current namespace instead.
02-05 01:14:55.576  5118  5135 I Adreno  : PFP: 0x00000000, ME: 0x00000000
02-05 01:14:55.584  5118  5135 I OpenGLRenderer: Initialized EGL, version 1.4
02-05 01:14:55.584  5118  5135 D OpenGLRenderer: Swap behavior 2
02-05 01:14:55.600   365   365 W /system/bin/hwservicemanager: getTransportFromManifest: Cannot find entry android.hardware.graphics.mapper@2.0::IMapper in either framework or device manifest, using default transport.
02-05 01:14:55.604  5118  5135 I vndksupport: sphal namespace is not configured for this process. Loading /vendor/lib64/hw/gralloc.msm8994.so from the current namespace instead.
02-05 01:14:55.637   816   843 I ActivityManager: Displayed com.dolby.qa.featuretest/.MainActivity: +381ms
02-05 01:14:55.724   816   843 W ActivityManager: setHasOverlayUi called on unknown pid: 5020
02-05 01:14:55.890   816   816 W NotificationService: Object died trying to hide notification android.app.ITransientNotification$Stub$Proxy@b6cf18f in package com.dolby.qa.featuretest
02-05 01:14:55.890   816   816 W WindowManager: removeWindowToken: Attempted to remove non-existing token: android.os.Binder@cb6fe19
02-05 01:14:56.068  2401  2517 W OpenGLRenderer: Incorrectly called buildLayer on View: ShortcutAndWidgetContainer, destroying layer...
02-05 01:14:56.325  5118  5118 D featureTest: receive broadcast , playing content location :/sdcard/featureTest/2ch_channel_id.wav
02-05 01:14:56.332  5118  5118 D featureTest: mMediaPlayer.getAudioSessionId(): 5529
02-05 01:14:56.332  5118  5118 D featureTest: Playing file: /sdcard/featureTest/2ch_channel_id.wav
02-05 01:14:56.334   589   709 D NuPlayerDriver: NuPlayerDriver(0xe5732850) created, clientPid(5118)
02-05 01:14:56.337  5151  5151 W generic : type=1400 audit(0.0:3036): avc: denied { read } for path="/storage/emulated/0/featuretest/2ch_channel_id.wav" dev="sdcardfs" ino=523313 scontext=u:r:mediaextractor:s0 tcontext=u:object_r:sdcardfs:s0 tclass=file permissive=0
02-05 01:14:56.337  5118  5118 W MediaPlayer: Use of stream types is deprecated for operations other than volume control
02-05 01:14:56.337  5118  5118 W MediaPlayer: See the documentation of setAudioStreamType() for what to use instead with android.media.AudioAttributes to qualify your playback use case
02-05 01:14:56.339   589  5151 D GenericSource: FileSource remote
02-05 01:14:56.339   589  5151 W GenericSource: extractor service cannot make data source
02-05 01:14:56.339   589  5151 D GenericSource: FileSource local
02-05 01:14:56.361   587  1118 D MediaBufferGroup: creating MemoryDealer
02-05 01:14:56.361   589  5150 D NuPlayerDriver: notifyListener_l(0xe5732850), (1, 0, 0, -1), loop setting(0, 0)
02-05 01:14:56.371   589   709 D NuPlayerDriver: start(0xe5732850), state is 4, eos is 0
02-05 01:14:56.371   589  5150 I GenericSource: start
02-05 01:14:56.376  5118  5118 W DolbyAudioEffect: WARNING: attaching a DolbyAudioEffect to global output mix is deprecated!
02-05 01:14:56.381   593  1162 I OMXMaster: makeComponentInstance(OMX.google.raw.decoder) in android.hardwar process
02-05 01:14:56.385   593  1187 E OMXNodeInstance: setConfig(0xf10a3860:google.raw.decoder, ConfigPriority(0x6f800002)) ERROR: Undefined(0x80001001)
02-05 01:14:56.385   589  5156 I ACodec  : codec does not support config priority (err -2147483648)
02-05 01:14:56.385   593   712 E OMXNodeInstance: getConfig(0xf10a3860:google.raw.decoder, ConfigAndroidVendorExtension(0x6f100004)) ERROR: Undefined(0x80001001)
02-05 01:14:56.387   589  5156 I MediaCodec: MediaCodec will operate in async mode
02-05 01:14:56.391  5118  5118 D featureTest: receive broadcast , change ds status :1
02-05 01:14:56.400   581  5356 W AudioFlinger: createTrack_l(): mismatch between requested flags (00000008) and output flags (00000000)
02-05 01:14:56.401   589  5154 D AudioTrack: Client defaulted notificationFrames to 8125 for frameCount 24375
02-05 01:14:56.403   589  5150 D NuPlayerDriver: notifyListener_l(0xe5732850), (6, 0, 0, -1), loop setting(0, 1)
02-05 01:14:56.409   581  4435 D DlbDlbEffect: handle_EFFECT_CMD_SET_PARAM()
02-05 01:14:56.481  5118  5118 D featureTest: receive broadcast , change ds profile id :0
02-05 01:14:56.492   581  5142 D DlbDlbEffect: handle_EFFECT_CMD_SET_PARAM()
02-05 01:14:56.551  5118  5118 D featureTest: receive broadcast , record log :0
02-05 01:14:56.714  3150  3150 I ServiceManager: Waiting for service AtCmdFwd...
02-05 01:14:57.185  3485  3532 V Avrcp   : MSG_NATIVE_REQ_PASS_THROUGH: id=70 st=1
02-05 01:14:57.187   816  2363 D MediaSessionService: Sending KeyEvent { action=ACTION_DOWN, keyCode=KEYCODE_MEDIA_PAUSE, scanCode=0, metaState=0, flags=0x0, repeatCount=0, eventTime=0, downTime=0, deviceId=-1, source=0x0 } to the restored intent ComponentInfo{com.estrongs.android.pop/com.estrongs.android.pop.app.AudioPlayerService$MediaButtonReceiver}
02-05 01:14:57.190  3485  3485 V Avrcp   : recordKeyDispatched: KeyEvent { action=ACTION_DOWN, keyCode=KEYCODE_MEDIA_PAUSE, scanCode=0, metaState=0, flags=0x0, repeatCount=0, eventTime=0, downTime=0, deviceId=-1, source=0x0 } dispatched to com.estrongs.android.pop
02-05 01:14:57.190  3485  3485 V Avrcp   : Player 2 package: com.estrongs.android.pop
02-05 01:14:57.229  3485  3532 V Avrcp   : MSG_NATIVE_REQ_PASS_THROUGH: id=70 st=0
02-05 01:14:57.230   816  2356 D MediaSessionService: Sending KeyEvent { action=ACTION_UP, keyCode=KEYCODE_MEDIA_PAUSE, scanCode=0, metaState=0, flags=0x0, repeatCount=0, eventTime=0, downTime=0, deviceId=-1, source=0x0 } to the restored intent ComponentInfo{com.estrongs.android.pop/com.estrongs.android.pop.app.AudioPlayerService$MediaButtonReceiver}
02-05 01:14:57.233  3485  3485 V Avrcp   : recordKeyDispatched: KeyEvent { action=ACTION_UP, keyCode=KEYCODE_MEDIA_PAUSE, scanCode=0, metaState=0, flags=0x0, repeatCount=0, eventTime=0, downTime=0, deviceId=-1, source=0x0 } dispatched to com.estrongs.android.pop
02-05 01:14:57.233  3485  3485 V Avrcp   : Player 2 package: com.estrongs.android.pop
02-05 01:14:57.243  3485  3532 V Avrcp   : MSG_NATIVE_REQ_PASS_THROUGH: id=70 st=1
02-05 01:14:57.244   816   828 D MediaSessionService: Sending KeyEvent { action=ACTION_DOWN, keyCode=KEYCODE_MEDIA_PAUSE, scanCode=0, metaState=0, flags=0x0, repeatCount=0, eventTime=0, downTime=0, deviceId=-1, source=0x0 } to the restored intent ComponentInfo{com.estrongs.android.pop/com.estrongs.android.pop.app.AudioPlayerService$MediaButtonReceiver}
02-05 01:14:57.245  3485  3485 V Avrcp   : recordKeyDispatched: KeyEvent { action=ACTION_DOWN, keyCode=KEYCODE_MEDIA_PAUSE, scanCode=0, metaState=0, flags=0x0, repeatCount=0, eventTime=0, downTime=0, deviceId=-1, source=0x0 } dispatched to com.estrongs.android.pop
02-05 01:14:57.245  3485  3485 V Avrcp   : Player 2 package: com.estrongs.android.pop
02-05 01:14:57.257  3485  3532 V Avrcp   : MSG_NATIVE_REQ_PASS_THROUGH: id=70 st=0
02-05 01:14:57.258   816   975 D MediaSessionService: Sending KeyEvent { action=ACTION_UP, keyCode=KEYCODE_MEDIA_PAUSE, scanCode=0, metaState=0, flags=0x0, repeatCount=0, eventTime=0, downTime=0, deviceId=-1, source=0x0 } to the restored intent ComponentInfo{com.estrongs.android.pop/com.estrongs.android.pop.app.AudioPlayerService$MediaButtonReceiver}
02-05 01:14:57.259  3485  3485 V Avrcp   : recordKeyDispatched: KeyEvent { action=ACTION_UP, keyCode=KEYCODE_MEDIA_PAUSE, scanCode=0, metaState=0, flags=0x0, repeatCount=0, eventTime=0, downTime=0, deviceId=-1, source=0x0 } dispatched to com.estrongs.android.pop
02-05 01:14:57.259  3485  3485 V Avrcp   : Player 2 package: com.estrongs.android.pop
02-05 01:14:57.341   581  5115 D DlbDap2Process: process() called [423500] times
02-05 01:14:57.715  3150  3150 I ServiceManager: Waiting for service AtCmdFwd...
02-05 01:14:58.429   816   816 W WindowManager: removeWindowToken: Attempted to remove non-existing token: android.os.Binder@a7f5e08
02-05 01:14:58.461   429   429 D SurfaceFlinger: duplicate layer name: changing Toast to Toast#1
02-05 01:14:58.716  3150  3150 I ServiceManager: Waiting for service AtCmdFwd...
02-05 01:14:59.717  3150  3150 I ServiceManager: Waiting for service AtCmdFwd...
02-05 01:15:00.245   581  5115 D DlbDap2Process: process() called [424000] times
02-05 01:15:00.452   816   816 W WindowManager: removeWindowToken: Attempted to remove non-existing token: android.os.Binder@7d64a52
02-05 01:15:00.719  3150  3150 W Atfwd_Sendcmd: AtCmdFwd service not published, waiting... retryCnt : 3
02-05 01:15:00.971   571   940 E QC-QMI  : linux_qmi_qmux_io_wake_lock: Err in writing wakelock=qmuxd_port_wl_0, error [1:Operation not permitted]
02-05 01:15:00.972   571   940 E QC-QMI  : linux_qmi_qmux_io_wake_unlock: Err in writing wakelock=qmuxd_port_wl_0, error [1:Operation not permitted]
