02-05 01:13:55.679   589  1183 D NuPlayerDriver: reset(0xe57325b0) at state 5
02-05 01:13:55.680   589  1183 D NuPlayerDriver: notifyListener_l(0xe57325b0), (8, 0, 0, -1), loop setting(0, 1)
02-05 01:13:55.691   589  4625 D NuPlayerDriver: notifyResetComplete(0xe57325b0)
02-05 01:13:55.692   589  1183 D AudioTrack: stop() called with 0 frames delivered
02-05 01:13:56.003  4669  4669 D featureTest: onCreate
02-05 01:13:56.009   581  4435 W AudioFlinger: createTrack_l(): mismatch between requested flags (00000008) and output flags (00000000)
02-05 01:13:56.009  4669  4669 D AudioTrack: Client defaulted notificationFrames to 3916 for frameCount 11748
02-05 01:13:56.013  4669  4669 W AudioTrack: Use of stream types is deprecated for operations other than volume control
02-05 01:13:56.013  4669  4669 W AudioTrack: See the documentation of AudioTrack() for what to use instead with android.media.AudioAttributes to qualify your playback use case
02-05 01:13:56.028  4669  4669 D featureTest: onResume
02-05 01:13:56.392   581  5115 D DlbDap2Process: process() called [413000] times
02-05 01:13:56.853  4669  4669 D featureTest: receive broadcast , playing content location :/sdcard/featureTest/stereo_dd_25fps_channel_id.m4a
02-05 01:13:56.864  4669  4669 D featureTest: mMediaPlayer.getAudioSessionId(): 5449
02-05 01:13:56.864  4669  4669 D featureTest: Playing file: /sdcard/featureTest/stereo_dd_25fps_channel_id.m4a
02-05 01:13:56.866   589   589 D NuPlayerDriver: NuPlayerDriver(0xe5732770) created, clientPid(4669)
02-05 01:13:56.886   589  4703 D NuPlayerDriver: notifyListener_l(0xe5732770), (1, 0, 0, -1), loop setting(0, 0)
02-05 01:13:56.895   589   589 D NuPlayerDriver: start(0xe5732770), state is 4, eos is 0
02-05 01:13:56.906   593   712 I OMXMaster: makeComponentInstance(OMX.dolby.ac3.decoder) in android.hardwar process
02-05 01:13:56.921  4669  4669 D featureTest: receive broadcast , change ds status :1
02-05 01:13:56.941   581  5356 D DlbDlbEffect: handle_EFFECT_CMD_SET_PARAM()
02-05 01:13:56.957   593   712 I DDP_JOCDecoder: -> init name OMX.dolby.ac3.decoder
02-05 01:13:56.959   593   712 I DDP_JOCDecoder: <- init
02-05 01:13:56.959   593   712 D DDP_JOCDecoder: initPorts
02-05 01:13:56.961   589  4709 I ACodec  : codec does not support config priority (err -2147483648)
02-05 01:13:56.962   589  4709 I MediaCodec: MediaCodec will operate in async mode
02-05 01:13:56.962   589  4709 I ACodec  : setDolbyParameterOnProcessedAudio() Received dolby_processed_audio=1
02-05 01:13:56.962   589  4708 I NuPlayerDecoder: setDolbyMessage() Notifying player that Codec supports dolby_processed_audio flag
02-05 01:13:56.962   589  4703 I NuPlayer: onDolbyMessageReceived() Setting dolby_processed_audio flag on audio sink
02-05 01:13:56.966   593   593 D DDP_JOCDecoder: internalSetParameter() Instantiating ARenderer for content processing in decoder
02-05 01:13:56.966   593   593 I DlbDap2QmfProcess: Dap2Process()
02-05 01:13:56.966   593   593 I ARenderer: ARenderer
02-05 01:13:56.966   593   593 I evo_parser: evo_parser_init
02-05 01:13:56.966   593   593 I DlbDap2QmfProcess: init()
02-05 01:13:56.966   593   593 I DlbDap2QmfProcess: open()
02-05 01:13:56.967   593   593 I DlbDap2QmfProcess: loadLicense() no license check!
02-05 01:13:56.967   593   593 I DlbDap2QmfProcess: validateLicense() no license check!
02-05 01:13:56.967   593   593 I DlbDap2QmfProcess: init() DAP opened
02-05 01:13:56.967   593   593 I DlbDap2QmfProcess: DAP library version: 2.5.1-P2.0
02-05 01:13:56.967   593   593 D DlbDap2QmfProcess: DAP output mode set to 1 with 2 output channels and null mix matrix.
02-05 01:13:56.967   589  4709 I ACodec  : setDolbyParameterOnProcessedAudio() Content processing enabled in decoder
02-05 01:13:56.971   593  4713 I DDP_JOCDecoder: -> start
02-05 01:13:56.971   593  4713 D DDP_JOCDecoder: Setting Max Output Channels to 2
02-05 01:13:56.971   593  4713 D DDP_JOCDecoder: setMultiChannelPCMOutDownmix mConfig->jocForceDownmixMode 1
02-05 01:13:56.971   593  4713 I udc_user: 
02-05 01:13:56.971   593  4713 I udc_user: *** DDPlus Unified Decoder Simulation  Version 1.7.3 ***
02-05 01:13:56.971   593  4713 I udc_user: 
02-05 01:13:56.971   593  4713 I udc_user: 7.1-channel decoder-converter, 
02-05 01:13:56.971   593  4713 I udc_user: 
02-05 01:13:56.971   593  4713 I udc_user: 5.1-channel dual-decoder-converter, 
02-05 01:13:56.971   593  4713 I udc_user: Karaoke unsupported, 
02-05 01:13:56.971   593  4713 I udc_user: TPNP supported. 
02-05 01:13:56.971   593  4713 I udc_user: 
02-05 01:13:56.971   593  4713 I udc_user: Unpublished work.  Copyright 2003-2014 Dolby Laboratories, Inc. and
02-05 01:13:56.971   593  4713 I udc_user: Dolby Laboratories Licensing Corporation.  All Rights Reserved.
02-05 01:13:56.971   593  4713 I udc_user: 
02-05 01:13:56.971   593  4713 I udc_user: USE OF THIS SOFTWARE IS SUBJECT TO A LEGAL AGREEMENT BETWEEN YOU AND DOLBY
02-05 01:13:56.971   593  4713 I udc_user: LABORATORIES. DO NOT USE THIS SOFTWARE UNLESS YOU AGREE TO THE TERMS AND 
02-05 01:13:56.971   593  4713 I udc_user: CONDITIONS IN THE AGREEMENT.  BY USING THIS SOFTWARE, YOU ACKNOWLEDGE THAT 
02-05 01:13:56.971   593  4713 I udc_user: YOU HAVE READ THE AGREEMENT AND THAT YOU AGREE TO BE BOUND BY ITS TERMS. 
02-05 01:13:56.971   593  4713 I udc_user: 
02-05 01:13:56.972   593  4713 I ddpdec_client_joc: ddpdec_open JOCD_MODE Buffer assignment
02-05 01:13:56.972   593  4713 D DDP_JOCDecoder: mStarted = 1
02-05 01:13:56.972   593  4713 I DDP_JOCDecoder: <- start
02-05 01:13:56.973   593  4713 D ddpdec_client_joc: ddpdec_client.c|int configDecoder()
02-05 01:13:56.974   593  4713 D DDP_JOCDecoder: Setting Max Output Channels to 2
02-05 01:13:56.975   593  4713 I DlbDap2QmfProcess: close()
02-05 01:13:56.975   593  4713 I DlbDap2QmfProcess: init()
02-05 01:13:56.975   593  4713 I DlbDap2QmfProcess: open()
02-05 01:13:56.975   593  4713 I DlbDap2QmfProcess: loadLicense() no license check!
02-05 01:13:56.975   593  4713 I DlbDap2QmfProcess: validateLicense() no license check!
02-05 01:13:56.975   593  4713 I DlbDap2QmfProcess: init() DAP opened
02-05 01:13:56.975   593  4713 I DlbDap2QmfProcess: DAP library version: 2.5.1-P2.0
02-05 01:13:56.975   593  4713 D DlbDap2QmfProcess: DAP output mode set to 1 with 2 output channels and null mix matrix.
02-05 01:13:56.976   593  4713 D ARenderer: checkAndUpdateConfig: DAP reinitialized because of sample rate change
02-05 01:13:56.976   593  4713 D ARenderer: updateDapConfig: Updating DAP configuration
02-05 01:13:56.976   593  4713 D DlbDap2QmfProcess: setParam(iea = #1[10])
02-05 01:13:56.976   593  4713 D DlbDap2QmfProcess: setParam(msce = #1[0])
02-05 01:13:56.976   593  4713 D DlbDap2QmfProcess: setParam(mdee = #1[0])
02-05 01:13:56.976   593  4713 D DlbDap2QmfProcess: setParam(miee = #1[0])
02-05 01:13:56.976   593  4713 D DlbDap2QmfProcess: setParam(mdle = #1[0])
02-05 01:13:56.976   593  4713 D DlbDap2QmfProcess: setParam(dvle = #1[1])
02-05 01:13:56.976   593  4713 D DlbDap2QmfProcess: setParam(mave = #1[0])
02-05 01:13:56.976   593  4713 D DlbDap2QmfProcess: setParam(vcbf = #20[47, 141, 234, 328, 469, 656, 844, 1031, 1313, 1688, 2250, 3000, 3750, 4688, 5813, 7125, 9000, 11250, 13875, 19688])
02-05 01:13:56.976   593  4713 D DlbDap2QmfProcess: setParam(ieon = #1[0])
02-05 01:13:56.976   593  4713 D DlbDap2QmfProcess: setParam(gebs = #41[20, 47, 141, 234, 328, 469, 656, 844, 1031, 1313, 1688, 2250, 3000, 3750, 4688, 5813, 7125, 9000, 11250, 13875, 19688, 0, 0, 0, 0, 0, 0, 0, 0, 0, 0, 0, 0, 0, 0, 0, 0, 0, 0, 0, 0])
02-05 01:13:56.976   593  4713 D DlbDap2QmfProcess: setParam(iebs = #41[20, 65, 136, 223, 332, 467, 634, 841, 1098, 1416, 1812, 2302, 2909, 3663, 4598, 5756, 7194, 8976, 11186, 13927, 17326, 117, 133, 188, 176, 141, 149, 175, 185, 185, 200, 236, 242, 228, 213, 182, 132, 110, 68, -27, -240])
02-05 01:13:56.976   593  4713 D DlbDap2QmfProcess: setParam(dea = #1[7])
02-05 01:13:56.976   593  4713 D DlbDap2QmfProcess: setParam(dsa = #1[10])
02-05 01:13:56.976   593  4713 D DlbDap2QmfProcess: setParam(beb = #1[192])
02-05 01:13:56.976   593  4713 D DlbDap2QmfProcess: setParam(plb = #1[0])
02-05 01:13:56.976   593  4713 D DlbDap2QmfProcess: setParam(vmb = #1[144])
02-05 01:13:56.976   593  4713 D DlbDap2QmfProcess: setParam(dsb = #1[0])
02-05 01:13:56.976   593  4713 D DlbDap2QmfProcess: setParam(ded = #1[0])
02-05 01:13:56.976   593  4713 D DlbDap2QmfProcess: setParam(dom = #1[0])
02-05 01:13:56.976   593  4713 D DlbDap2QmfProcess: setParam(bew = #1[16])
02-05 01:13:56.976   593  4713 D DlbDap2QmfProcess: setParam(dvla = #1[5])
02-05 01:13:56.976   593  4713 D DlbDap2QmfProcess: setParam(dfsa = #1[10])
02-05 01:13:56.976   593  4713 D DlbDap2QmfProcess: setParam(dhsa = #1[10])
02-05 01:13:56.976   593  4713 D DlbDap2QmfProcess: setParam(dvmc = #1[0])
02-05 01:13:56.976   593  4713 D DlbDap2QmfProcess: setParam(dvle = #1[1])
02-05 01:13:56.976   593  4713 D DlbDap2QmfProcess: setParam(dvme = #1[0])
02-05 01:13:56.976   593  4713 D DlbDap2QmfProcess: setParam(becf = #1[200])
02-05 01:13:56.976   593  4713 D DlbDap2QmfProcess: setParam(vbmf = #2[94, 469])
02-05 01:13:56.977   593  4713 D DlbDap2QmfProcess: setParam(vbsf = #2[35, 160])
02-05 01:13:56.977   593  4713 D DlbDap2QmfProcess: setParam(vbhg = #3[-32, -144, -192])
02-05 01:13:56.977   593  4713 D DlbDap2QmfProcess: setParam(vbog = #1[0])
02-05 01:13:56.977   593  4713 D DlbDap2QmfProcess: setParam(vbsg = #1[0])
02-05 01:13:56.977   593  4713 D DlbDap2QmfProcess: setParam(dvli = #1[-320])
02-05 01:13:56.977   593  4713 D DlbDap2QmfProcess: setParam(dhfm = #1[0])
02-05 01:13:56.977   593  4713 D DlbDap2QmfProcess: setParam(deon = #1[0])
02-05 01:13:56.977   593  4713 D DlbDap2QmfProcess: setParam(ngon = #1[1])
02-05 01:13:56.977   593  4713 D DlbDap2QmfProcess: setParam(dvlo = #1[-320])
02-05 01:13:56.977   593  4713 D DlbDap2QmfProcess: setParam(aobs = #222[20, 10, 47, 141, 234, 328, 469, 656, 844, 1031, 1313, 1688, 2250, 3000, 3750, 4688, 5813, 7125, 9000, 11250, 13875, 19688, 0, 0, 0, 0, 0, 0, 0, 0, 0, 0, 0, 0, 0, 0, 0, 0, 0, 0, 0, 0, 0, 0, 0, 0, 0, 0, 0, 0, 0, 0, 0, 0, 0, 0, 0, 0, 0, 0, 0, 0, 0, 0, 0, 0, 0, 0, 0, 0, 0, 0, 0, 0, 0, 0, 0, 0, 0, 0, 0, 0, 0, 0, 0, 0, 0, 0, 0, 0, 0, 0, 0, 0, 0, 0, 0, 0, 0, 0, 0, 0, 0, 0, 0, 0, 0, 0, 0, 0, 0, 0, 0, 0, 0, 0, 0, 0, 0, 0, 0, 0, 0, 0, 0, 0, 0, 0, 0, 0, 0, 0, 0, 0, 0, 0, 0, 0, 0, 0, 0, 0, 0, 0, 0, 0, 0, 0, 0, 0, 0, 0, 0, 0, 0, 0, 0, 0, 0, 0, 0, 0, 0, 0, 0, 0, 0, 0, 0, 0, 0, 0, 0, 0, 0, 0, 0, 0, 0, 0, 0, 0, 0, 0, 0, 0, 0, 0, 0, 0, 0, 0, 0, 0, 0, 0, 0, 0, 0, 0, 0, 0, 0, 0, 0, 0, 0, 0, 0, 0, 0, 0, 0, 0, 0, 0, 0, 0, 0, 0, 0, 0])
02-05 01:13:56.977   593  4713 D DlbDap2QmfProcess: setParam(dvle = #1[1])
02-05 01:13:56.977   593  4713 D DlbDap2QmfProcess: setParam(dvli = #1[-496])
02-05 01:13:56.977   593  4713 D DlbDap2QmfProcess: setParam(dvlo = #1[-176])
02-05 01:13:56.977   593  4713 D ARenderer: updateDapVolumeLeveler: Setting output level to -11.00dB
02-05 01:13:56.977   593  4713 D DlbDap2QmfProcess: setParam(vmb = #1[0])
02-05 01:13:56.977   593  4713 D DlbDap2QmfProcess: setParam(preg = #1[-384])
02-05 01:13:56.977   593  4713 D DlbDap2QmfProcess: setParam(vol = #1[384])
02-05 01:13:56.977   593  4713 D DlbDap2QmfProcess: processQmf() called [0] times
02-05 01:13:56.977   593  4713 D DlbDap2QmfProcess: setMave(mave = 0)
02-05 01:13:56.989   589  4707 D AudioTrack: Client defaulted notificationFrames to 8125 for frameCount 24375
02-05 01:13:56.989   581   730 I AudioFlinger: attachAuxEffect(): Marking track 736 as containing processed audio
02-05 01:13:56.989   581   730 D AudioFlinger: trackContainsProcessedAudio() Track id 736 contains processed audio
02-05 01:13:56.990   581   731 D AudioFlinger: trackStateChanged() Track id 736 state changed to 6
02-05 01:13:56.990   581   731 I AudioFlinger: updateProcessedAudioState() Changing content processing in effect to 1
02-05 01:13:56.990   581   731 D DlbDlbEffect: handle_EFFECT_CMD_SET_PARAM()
02-05 01:13:56.991   581   731 I DlbEffectContext: setContentProcEnabled() Disabling content processing in effect
02-05 01:13:56.992   581   731 D DlbDapEndpointParamCache: commitChangedParams()
02-05 01:13:56.992   581   731 D DlbDapEndpointParamCache: commit() Applying parameters for device 0x40000000
02-05 01:13:56.992   581   731 D DlbDap2Process: setParam(msce = #1[0])
02-05 01:13:56.992   581   731 D DlbDap2Process: setParam(mdee = #1[0])
02-05 01:13:56.992   581   731 D DlbDap2Process: setParam(miee = #1[0])
02-05 01:13:56.992   581   731 D DlbDap2Process: setParam(mdle = #1[0])
02-05 01:13:56.992   581   731 D DlbDap2Process: setParam(dvle = #1[0])
02-05 01:13:56.992   581   731 D DlbDap2Process: setParam(mave = #1[0])
02-05 01:13:56.992   581   731 D DlbDap2Process: setParam(ieon = #1[0])
02-05 01:13:56.992   581   731 D DlbDapEndpointParamCache: doCommit() Committed 7 parameters out of 16.
02-05 01:13:56.992   581   731 D DlbDapEndpointParamCache: commit() Overriding parameters for current device 0x00000080
02-05 01:13:56.992   581   731 D DlbDap2Process: setParam(dom = #1[0])
02-05 01:13:56.992   581   731 D DlbDap2Process: setParam(dvle = #1[0])
02-05 01:13:56.992   581   731 D DlbDap2Process: setParam(dvme = #1[0])
02-05 01:13:56.992   581   731 D DlbDap2Process: setParam(deon = #1[0])
02-05 01:13:56.992   581   731 D DlbDap2Process: setParam(ngon = #1[0])
02-05 01:13:56.992   581   731 D DlbDapEndpointParamCache: doCommit() Committed 5 parameters out of 37.
02-05 01:13:56.993   589  4703 D NuPlayerDriver: notifyListener_l(0xe5732770), (6, 0, 0, -1), loop setting(0, 1)
02-05 01:13:57.000  4669  4669 D featureTest: receive broadcast , change ds profile id :1
02-05 01:13:57.012   581  5110 D DlbDlbEffect: handle_EFFECT_CMD_SET_PARAM()
02-05 01:13:57.012   421   460 I DapController: Profile Changed to Movie
02-05 01:13:57.015   593  4713 D ARenderer: updateDapConfig: Updating DAP configuration
02-05 01:13:57.015   593  4713 D DlbDap2QmfProcess: setParam(iea = #1[10])
02-05 01:13:57.015   593  4713 D DlbDap2QmfProcess: setParam(msce = #1[0])
02-05 01:13:57.016   593  4713 D DlbDap2QmfProcess: setParam(mdee = #1[0])
02-05 01:13:57.016   593  4713 D DlbDap2QmfProcess: setParam(miee = #1[0])
02-05 01:13:57.016   593  4713 D DlbDap2QmfProcess: setParam(mdle = #1[0])
02-05 01:13:57.016   593  4713 D DlbDap2QmfProcess: setParam(dvle = #1[1])
02-05 01:13:57.016   593  4713 D DlbDap2QmfProcess: setParam(mave = #1[0])
02-05 01:13:57.016   593  4713 D DlbDap2QmfProcess: setParam(vcbf = #20[47, 141, 234, 328, 469, 656, 844, 1031, 1313, 1688, 2250, 3000, 3750, 4688, 5813, 7125, 9000, 11250, 13875, 19688])
02-05 01:13:57.016   593  4713 D DlbDap2QmfProcess: setParam(ieon = #1[0])
02-05 01:13:57.016   593  4713 D DlbDap2QmfProcess: setParam(gebs = #41[20, 47, 141, 234, 328, 469, 656, 844, 1031, 1313, 1688, 2250, 3000, 3750, 4688, 5813, 7125, 9000, 11250, 13875, 19688, 0, 0, 0, 0, 0, 0, 0, 0, 0, 0, 0, 0, 0, 0, 0, 0, 0, 0, 0, 0])
02-05 01:13:57.016   593  4713 D DlbDap2QmfProcess: setParam(iebs = #41[20, 65, 136, 223, 332, 467, 634, 841, 1098, 1416, 1812, 2302, 2909, 3663, 4598, 5756, 7194, 8976, 11186, 13927, 17326, 117, 133, 188, 176, 141, 149, 175, 185, 185, 200, 236, 242, 228, 213, 182, 132, 110, 68, -27, -240])
02-05 01:13:57.016   593  4713 D DlbDap2QmfProcess: setParam(dea = #1[5])
02-05 01:13:57.016   593  4713 D DlbDap2QmfProcess: setParam(dsa = #1[10])
02-05 01:13:57.016   593  4713 D DlbDap2QmfProcess: setParam(beb = #1[192])
02-05 01:13:57.016   593  4713 D DlbDap2QmfProcess: setParam(plb = #1[0])
02-05 01:13:57.016   593  4713 D DlbDap2QmfProcess: setParam(vmb = #1[144])
02-05 01:13:57.016   593  4713 D DlbDap2QmfProcess: setParam(dsb = #1[0])
02-05 01:13:57.016   593  4713 D DlbDap2QmfProcess: setParam(ded = #1[0])
02-05 01:13:57.016   593  4713 D DlbDap2QmfProcess: setParam(dom = #1[0])
02-05 01:13:57.016   593  4713 D DlbDap2QmfProcess: setParam(bew = #1[16])
02-05 01:13:57.016   593  4713 D DlbDap2QmfProcess: setParam(dvla = #1[7])
02-05 01:13:57.016   593  4713 D DlbDap2QmfProcess: setParam(dfsa = #1[10])
02-05 01:13:57.016   593  4713 D DlbDap2QmfProcess: setParam(dhsa = #1[10])
02-05 01:13:57.016   593  4713 D DlbDap2QmfProcess: setParam(dvmc = #1[0])
02-05 01:13:57.016   593  4713 D DlbDap2QmfProcess: setParam(dvle = #1[1])
02-05 01:13:57.016   593  4713 D DlbDap2QmfProcess: setParam(dvme = #1[0])
02-05 01:13:57.016   593  4713 D DlbDap2QmfProcess: setParam(becf = #1[200])
02-05 01:13:57.016   593  4713 D DlbDap2QmfProcess: setParam(vbmf = #2[94, 469])
02-05 01:13:57.016   593  4713 D DlbDap2QmfProcess: setParam(vbsf = #2[35, 160])
02-05 01:13:57.016   593  4713 D DlbDap2QmfProcess: setParam(vbhg = #3[-32, -144, -192])
02-05 01:13:57.016   593  4713 D DlbDap2QmfProcess: setParam(vbog = #1[0])
02-05 01:13:57.016   593  4713 D DlbDap2QmfProcess: setParam(vbsg = #1[0])
02-05 01:13:57.016   593  4713 D DlbDap2QmfProcess: setParam(dvli = #1[-320])
02-05 01:13:57.016   593  4713 D DlbDap2QmfProcess: setParam(dhfm = #1[0])
02-05 01:13:57.016   593  4713 D DlbDap2QmfProcess: setParam(deon = #1[1])
02-05 01:13:57.016   593  4713 D DlbDap2QmfProcess: setParam(ngon = #1[1])
02-05 01:13:57.016   593  4713 D DlbDap2QmfProcess: setParam(dvlo = #1[-320])
02-05 01:13:57.017   593  4713 D DlbDap2QmfProcess: setParam(aobs = #222[20, 10, 47, 141, 234, 328, 469, 656, 844, 1031, 1313, 1688, 2250, 3000, 3750, 4688, 5813, 7125, 9000, 11250, 13875, 19688, 0, 0, 0, 0, 0, 0, 0, 0, 0, 0, 0, 0, 0, 0, 0, 0, 0, 0, 0, 0, 0, 0, 0, 0, 0, 0, 0, 0, 0, 0, 0, 0, 0, 0, 0, 0, 0, 0, 0, 0, 0, 0, 0, 0, 0, 0, 0, 0, 0, 0, 0, 0, 0, 0, 0, 0, 0, 0, 0, 0, 0, 0, 0, 0, 0, 0, 0, 0, 0, 0, 0, 0, 0, 0, 0, 0, 0, 0, 0, 0, 0, 0, 0, 0, 0, 0, 0, 0, 0, 0, 0, 0, 0, 0, 0, 0, 0, 0, 0, 0, 0, 0, 0, 0, 0, 0, 0, 0, 0, 0, 0, 0, 0, 0, 0, 0, 0, 0, 0, 0, 0, 0, 0, 0, 0, 0, 0, 0, 0, 0, 0, 0, 0, 0, 0, 0, 0, 0, 0, 0, 0, 0, 0, 0, 0, 0, 0, 0, 0, 0, 0, 0, 0, 0, 0, 0, 0, 0, 0, 0, 0, 0, 0, 0, 0, 0, 0, 0, 0, 0, 0, 0, 0, 0, 0, 0, 0, 0, 0, 0, 0, 0, 0, 0, 0, 0, 0, 0, 0, 0, 0, 0, 0, 0, 0, 0, 0, 0, 0, 0])
02-05 01:13:57.017   593  4713 D DlbDap2QmfProcess: setParam(dvle = #1[1])
02-05 01:13:57.017   593  4713 D DlbDap2QmfProcess: setParam(dvli = #1[-496])
02-05 01:13:57.017   593  4713 D DlbDap2QmfProcess: setParam(dvlo = #1[-176])
02-05 01:13:57.017   593  4713 D ARenderer: updateDapVolumeLeveler: Setting output level to -11.00dB
02-05 01:13:57.017   593  4713 D DlbDap2QmfProcess: setParam(vmb = #1[0])
02-05 01:13:57.017   593  4713 D DlbDap2QmfProcess: setParam(preg = #1[-384])
02-05 01:13:57.017   593  4713 D DlbDap2QmfProcess: setParam(vol = #1[384])
02-05 01:13:57.017   593  4713 D DlbDap2QmfProcess: setMave(mave = 0)
02-05 01:13:57.030   581  5115 D DlbDapEndpointParamCache: commitChangedParams()
02-05 01:13:57.031   581  5115 D DlbDapEndpointParamCache: commit() Applying parameters for device 0x40000000
02-05 01:13:57.031   581  5115 D DlbDap2Process: setParam(iea = #1[10])
02-05 01:13:57.031   581  5115 D DlbDap2Process: setParam(vcbf = #20[47, 141, 234, 328, 469, 656, 844, 1031, 1313, 1688, 2250, 3000, 3750, 4688, 5813, 7125, 9000, 11250, 13875, 19688])
02-05 01:13:57.031   581  5115 D DlbDap2Process: setParam(vbon = #1[0])
02-05 01:13:57.031   581  5115 D DlbDap2Process: setParam(beon = #1[0])
02-05 01:13:57.031   581  5115 D DlbDap2Process: setParam(geon = #1[0])
02-05 01:13:57.031   581  5115 D DlbDap2Process: setParam(gebs = #41[20, 47, 141, 234, 328, 469, 656, 844, 1031, 1313, 1688, 2250, 3000, 3750, 4688, 5813, 7125, 9000, 11250, 13875, 19688, 0, 0, 0, 0, 0, 0, 0, 0, 0, 0, 0, 0, 0, 0, 0, 0, 0, 0, 0, 0])
02-05 01:13:57.031   581  5115 D DlbDap2Process: setParam(iebs = #41[20, 65, 136, 223, 332, 467, 634, 841, 1098, 1416, 1812, 2302, 2909, 3663, 4598, 5756, 7194, 8976, 11186, 13927, 17326, 117, 133, 188, 176, 141, 149, 175, 185, 185, 200, 236, 242, 228, 213, 182, 132, 110, 68, -27, -240])
02-05 01:13:57.031   581  5115 D DlbDapEndpointParamCache: doCommit() Committed 8 parameters out of 16.
02-05 01:13:57.031   581  5115 D DlbDapEndpointParamCache: commit() Overriding parameters for current device 0x00000080
02-05 01:13:57.031   581  5115 D DlbDap2Process: setParam(dea = #1[5])
02-05 01:13:57.031   581  5115 D DlbDap2Process: setParam(dsa = #1[10])
02-05 01:13:57.031   581  5115 D DlbDap2Process: setParam(beb = #1[192])
02-05 01:13:57.031   581  5115 D DlbDap2Process: setParam(plb = #1[0])
02-05 01:13:57.031   581  5115 D DlbDap2Process: setParam(vmb = #1[144])
02-05 01:13:57.031   581  5115 D DlbDap2Process: setParam(dsb = #1[0])
02-05 01:13:57.031   581  5115 D DlbDap2Process: setParam(ded = #1[0])
02-05 01:13:57.031   581  5115 D DlbDap2Process: setParam(vbm = #1[0])
02-05 01:13:57.031   581  5115 D DlbDap2Process: setParam(bew = #1[16])
02-05 01:13:57.031   581  5115 D DlbDap2Process: setParam(dvla = #1[7])
02-05 01:13:57.031   581  5115 D DlbDap2Process: setParam(arra = #1[96])
02-05 01:13:57.031   581  5115 D DlbDap2Process: setParam(dfsa = #1[10])
02-05 01:13:57.031   581  5115 D DlbDap2Process: setParam(dhsa = #1[10])
02-05 01:13:57.031   581  5115 D DlbDap2Process: setParam(dvmc = #1[0])
02-05 01:13:57.032   581  5115 D DlbDap2Process: setParam(arod = #1[0])
02-05 01:13:57.032   581  5115 D DlbDap2Process: setParam(arde = #1[0])
02-05 01:13:57.032   581  5115 D DlbDap2Process: setParam(becf = #1[200])
02-05 01:13:57.032   581  5115 D DlbDap2Process: setParam(vbmf = #2[94, 469])
02-05 01:13:57.032   581  5115 D DlbDap2Process: setParam(vbsf = #2[35, 160])
02-05 01:13:57.032   581  5115 D DlbDap2Process: setParam(vbhg = #3[-32, -144, -192])
02-05 01:13:57.032   581  5115 D DlbDap2Process: setParam(vbog = #1[0])
02-05 01:13:57.032   581  5115 D DlbDap2Process: setParam(vbsg = #1[0])
02-05 01:13:57.032   581  5115 D DlbDap2Process: setParam(dvli = #1[-320])
02-05 01:13:57.032   581  5115 D DlbDap2Process: setParam(dhfm = #1[0])
02-05 01:13:57.032   581  5115 D DlbDap2Process: setParam(vbon = #1[0])
02-05 01:13:57.032   581  5115 D DlbDap2Process: setParam(beon = #1[0])
02-05 01:13:57.032   581  5115 D DlbDap2Process: setParam(aoon = #1[0])
02-05 01:13:57.032   581  5115 D DlbDap2Process: setParam(aron = #1[1])
02-05 01:13:57.032   581  5115 D DlbDap2Process: setParam(dvlo = #1[-320])
02-05 01:13:57.032   581  5115 D DlbDap2Process: setParam(artp = #1[12])
02-05 01:13:57.033   581  5115 D DlbDap2Process: setParam(aobs = #222[20, 10, 47, 141, 234, 328, 469, 656, 844, 1031, 1313, 1688, 2250, 3000, 3750, 4688, 5813, 7125, 9000, 11250, 13875, 19688, 0, 0, 0, 0, 0, 0, 0, 0, 0, 0, 0, 0, 0, 0, 0, 0, 0, 0, 0, 0, 0, 0, 0, 0, 0, 0, 0, 0, 0, 0, 0, 0, 0, 0, 0, 0, 0, 0, 0, 0, 0, 0, 0, 0, 0, 0, 0, 0, 0, 0, 0, 0, 0, 0, 0, 0, 0, 0, 0, 0, 0, 0, 0, 0, 0, 0, 0, 0, 0, 0, 0, 0, 0, 0, 0, 0, 0, 0, 0, 0, 0, 0, 0, 0, 0, 0, 0, 0, 0, 0, 0, 0, 0, 0, 0, 0, 0, 0, 0, 0, 0, 0, 0, 0, 0, 0, 0, 0, 0, 0, 0, 0, 0, 0, 0, 0, 0, 0, 0, 0, 0, 0, 0, 0, 0, 0, 0, 0, 0, 0, 0, 0, 0, 0, 0, 0, 0, 0, 0, 0, 0, 0, 0, 0, 0, 0, 0, 0, 0, 0, 0, 0, 0, 0, 0, 0, 0, 0, 0, 0, 0, 0, 0, 0, 0, 0, 0, 0, 0, 0, 0, 0, 0, 0, 0, 0, 0, 0, 0, 0, 0, 0, 0, 0, 0, 0, 0, 0, 0, 0, 0, 0, 0, 0, 0, 0, 0, 0, 0, 0])
02-05 01:13:57.033   581  5115 D DlbDap2Process: setParam(arbs = #81[20, 47, 141, 234, 328, 469, 656, 844, 1031, 1313, 1688, 2250, 3000, 3750, 4688, 5813, 7125, 9000, 11250, 13875, 19688, -192, -192, -192, -192, -192, -192, -192, -192, -192, -192, -192, -192, -192, -192, -192, -192, -192, -192, -192, -192, 0, 0, 0, 0, 0, 0, 0, 0, 0, 0, 0, 0, 0, 0, 0, 0, 0, 0, 0, 0, 0, 0, 0, 0, 0, 0, 0, 0, 0, 0, 0, 0, 0, 0, 0, 0, 0, 0, 0, 0])
02-05 01:13:57.033   581  5115 D DlbDapEndpointParamCache: doCommit() Committed 32 parameters out of 37.
02-05 01:13:57.033   581  5115 D DlbDap2Process: setMave(mave = 0)
02-05 01:13:57.052  4669  4669 D featureTest: receive broadcast , record log :0
02-05 01:13:59.281   581  5115 D DlbDap2Process: process() called [413500] times
02-05 01:14:01.317   589  4708 I NuPlayerDecoder: [audio] saw output EOS
02-05 01:14:01.317   589  4707 D AudioTrack: stop() called with 230400 frames delivered
02-05 01:14:02.044   589  4703 D NuPlayerDriver: notifyListener_l(0xe5732770), (2, 0, 0, -1), loop setting(0, 1)
02-05 01:14:02.044   581   581 D AudioFlinger: trackStateChanged() Track id 736 state changed to 6
02-05 01:14:02.045   581  7829 D AudioFlinger: trackStateChanged() Track id 736 state changed to 6
02-05 01:14:02.068   589  4703 D NuPlayerDriver: notifyListener_l(0xe5732770), (6, 0, 0, -1), loop setting(0, 1)
