--------- beginning of system
02-05 01:15:10.130   816  3434 I ActivityManager: Force stopping com.dolby.qa.featuretest appid=10074 user=0: from pid 5210
02-05 01:15:10.130   816  3434 I ActivityManager: Killing 5118:com.dolby.qa.featuretest/u0a74 (adj 0): stop com.dolby.qa.featuretest
02-05 01:15:10.131   816  3434 W ActivityManager: Force removing ActivityRecord{1e85a90 u0 com.dolby.qa.featuretest/.MainActivity t263}: app died, no saved state
02-05 01:15:10.140   816  3434 I WindowManager: Failed to capture screenshot of Token{6e69f89 ActivityRecord{1e85a90 u0 com.dolby.qa.featuretest/.MainActivity t263 f}} appWin=Window{599c084 u0 com.dolby.qa.featuretest/com.dolby.qa.featuretest.MainActivity} drawState=4
--------- beginning of main
02-05 01:15:10.162  1232  1232 D CarrierSvcBindHelper: No carrier app for: 0
02-05 01:15:10.165   816   894 W InputDispatcher: channel 'f228068 Toast (server)' ~ Consumer closed input channel or an error occurred.  events=0x9
02-05 01:15:10.165   816   894 E InputDispatcher: channel 'f228068 Toast (server)' ~ Channel is unrecoverably broken and will be disposed!
02-05 01:15:10.168   589   709 D NuPlayerDriver: reset(0xe5732850) at state 5
02-05 01:15:10.168   589   709 D NuPlayerDriver: notifyListener_l(0xe5732850), (8, 0, 0, -1), loop setting(0, 1)
02-05 01:15:10.169   816   964 I WindowManager: WIN DEATH: Window{f228068 u0 Toast}
02-05 01:15:10.170   816   964 W InputDispatcher: Attempted to unregister already unregistered input channel 'f228068 Toast (server)'
02-05 01:15:10.170  2298  2298 D RegisteredNfcFServicesCache: Service unchanged, not updating
02-05 01:15:10.181   589  5150 D NuPlayerDriver: notifyResetComplete(0xe5732850)
02-05 01:15:10.185   589   709 D AudioTrack: stop() called with 0 frames delivered
02-05 01:15:10.236   816   964 I ActivityManager: START u0 {flg=0x10000000 cmp=com.dolby.qa.featuretest/.MainActivity} from uid 2000
02-05 01:15:10.263   816  2347 I ActivityManager: Start proc 5216:com.dolby.qa.featuretest/u0a74 for activity com.dolby.qa.featuretest/.MainActivity
02-05 01:15:10.263  5216  5216 I zygote64: Late-enabling -Xcheck:jni
02-05 01:15:10.470  5216  5216 D featureTest: onCreate
02-05 01:15:10.477   581  7829 W AudioFlinger: createTrack_l(): mismatch between requested flags (00000008) and output flags (00000000)
02-05 01:15:10.479  5216  5216 D AudioTrack: Client defaulted notificationFrames to 3916 for frameCount 11748
02-05 01:15:10.484  5216  5216 W AudioTrack: Use of stream types is deprecated for operations other than volume control
02-05 01:15:10.484  5216  5216 W AudioTrack: See the documentation of AudioTrack() for what to use instead with android.media.AudioAttributes to qualify your playback use case
02-05 01:15:10.493  5216  5216 W DolbyAudioEffect: WARNING: attaching a DolbyAudioEffect to global output mix is deprecated!
02-05 01:15:10.499  5216  5216 D featureTest: onResume
02-05 01:15:10.517  5216  5234 D OpenGLRenderer: HWUI GL Pipeline
02-05 01:15:10.570  5216  5234 I Adreno  : QUALCOMM build                   : 7142022, Ib5823dd10c
02-05 01:15:10.570  5216  5234 I Adreno  : Build Date                       : 06/23/17
02-05 01:15:10.570  5216  5234 I Adreno  : OpenGL ES Shader Compiler Version: EV031.18.00.00
02-05 01:15:10.570  5216  5234 I Adreno  : Local Branch                     : O11A
02-05 01:15:10.570  5216  5234 I Adreno  : Remote Branch                    : 
02-05 01:15:10.570  5216  5234 I Adreno  : Remote Branch                    : 
02-05 01:15:10.570  5216  5234 I Adreno  : Reconstruct Branch               : 
02-05 01:15:10.571  5216  5234 I vndksupport: sphal namespace is not configured for this process. Loading /vendor/lib64/hw/gralloc.msm8994.so from the current namespace instead.
02-05 01:15:10.584  5216  5234 I Adreno  : PFP: 0x00000000, ME: 0x00000000
02-05 01:15:10.593  5216  5234 I OpenGLRenderer: Initialized EGL, version 1.4
02-05 01:15:10.593  5216  5234 D OpenGLRenderer: Swap behavior 2
02-05 01:15:10.614   365   365 W /system/bin/hwservicemanager: getTransportFromManifest: Cannot find entry android.hardware.graphics.mapper@2.0::IMapper in either framework or device manifest, using default transport.
02-05 01:15:10.617  5216  5234 I vndksupport: sphal namespace is not configured for this process. Loading /vendor/lib64/hw/gralloc.msm8994.so from the current namespace instead.
02-05 01:15:10.662   816   843 I ActivityManager: Displayed com.dolby.qa.featuretest/.MainActivity: +402ms
02-05 01:15:10.703   816   843 W ActivityManager: setHasOverlayUi called on unknown pid: 5118
02-05 01:15:10.908   816   816 W NotificationService: Object died trying to hide notification android.app.ITransientNotification$Stub$Proxy@897fdf8 in package com.dolby.qa.featuretest
02-05 01:15:10.909   816   816 W WindowManager: removeWindowToken: Attempted to remove non-existing token: android.os.Binder@74a587c
02-05 01:15:11.064  2401  2517 W OpenGLRenderer: Incorrectly called buildLayer on View: ShortcutAndWidgetContainer, destroying layer...
02-05 01:15:11.325  5216  5216 D featureTest: receive broadcast , playing content location :/sdcard/featureTest/chopper_1.0_180_420_02.wav
02-05 01:15:11.335  5216  5216 D featureTest: mMediaPlayer.getAudioSessionId(): 5545
02-05 01:15:11.335  5216  5216 D featureTest: Playing file: /sdcard/featureTest/chopper_1.0_180_420_02.wav
02-05 01:15:11.337   589  1183 D NuPlayerDriver: NuPlayerDriver(0xe3e79070) created, clientPid(5216)
02-05 01:15:11.339  5216  5216 W MediaPlayer: Use of stream types is deprecated for operations other than volume control
02-05 01:15:11.339  5216  5216 W MediaPlayer: See the documentation of setAudioStreamType() for what to use instead with android.media.AudioAttributes to qualify your playback use case
02-05 01:15:11.340  5249  5249 W generic : type=1400 audit(0.0:3037): avc: denied { read } for path="/storage/emulated/0/featuretest/chopper_1.0_180_420_02.wav" dev="sdcardfs" ino=523357 scontext=u:r:mediaextractor:s0 tcontext=u:object_r:sdcardfs:s0 tclass=file permissive=0
02-05 01:15:11.342   589  5249 D GenericSource: FileSource remote
02-05 01:15:11.343   589  5249 W GenericSource: extractor service cannot make data source
02-05 01:15:11.343   589  5249 D GenericSource: FileSource local
02-05 01:15:11.361   587   587 D MediaBufferGroup: creating MemoryDealer
02-05 01:15:11.363   589  5247 D NuPlayerDriver: notifyListener_l(0xe3e79070), (1, 0, 0, -1), loop setting(0, 0)
02-05 01:15:11.373   589  1183 D NuPlayerDriver: start(0xe3e79070), state is 4, eos is 0
02-05 01:15:11.373   589  5247 I GenericSource: start
02-05 01:15:11.378  5216  5216 W DolbyAudioEffect: WARNING: attaching a DolbyAudioEffect to global output mix is deprecated!
02-05 01:15:11.386   593  1187 I OMXMaster: makeComponentInstance(OMX.google.raw.decoder) in android.hardwar process
02-05 01:15:11.389   593  1162 E OMXNodeInstance: setConfig(0xf0d07060:google.raw.decoder, ConfigPriority(0x6f800002)) ERROR: Undefined(0x80001001)
02-05 01:15:11.390   589  5254 I ACodec  : codec does not support config priority (err -2147483648)
02-05 01:15:11.391   593 20514 E OMXNodeInstance: getConfig(0xf0d07060:google.raw.decoder, ConfigAndroidVendorExtension(0x6f100004)) ERROR: Undefined(0x80001001)
02-05 01:15:11.393   589  5254 I MediaCodec: MediaCodec will operate in async mode
02-05 01:15:11.395  5216  5216 D featureTest: receive broadcast , change ds status :0
02-05 01:15:11.404   581  5110 W AudioFlinger: createTrack_l(): mismatch between requested flags (00000008) and output flags (00000000)
02-05 01:15:11.405   589  5252 D AudioTrack: Client defaulted notificationFrames to 11200 for frameCount 22400
02-05 01:15:11.410   589  5247 D NuPlayerDriver: notifyListener_l(0xe3e79070), (6, 0, 0, -1), loop setting(0, 1)
02-05 01:15:11.419   581   730 D DlbDlbEffect: handle_EFFECT_CMD_SET_PARAM()
02-05 01:15:11.434   581  5115 D DlbDapCrossfadeProcess: setEnabled transitioning from DAP_ACTIVE state to FADE_TO_BYPASS
02-05 01:15:11.486  5216  5216 D featureTest: receive broadcast , change ds profile id :2
02-05 01:15:11.497   581  4435 D DlbDlbEffect: handle_EFFECT_CMD_SET_PARAM()
02-05 01:15:11.497   421   460 I DapController: Profile Changed to Music
02-05 01:15:11.501   581  5115 D DlbDapEndpointParamCache: commitChangedParams()
02-05 01:15:11.501   581  5115 D DlbDapEndpointParamCache: commit() Applying parameters for device 0x40000000
02-05 01:15:11.501   581  5115 D DlbDap2Process: setParam(iea = #1[10])
02-05 01:15:11.501   581  5115 D DlbDap2Process: setParam(msce = #1[0])
02-05 01:15:11.501   581  5115 D DlbDap2Process: setParam(mdee = #1[0])
02-05 01:15:11.501   581  5115 D DlbDap2Process: setParam(miee = #1[0])
02-05 01:15:11.501   581  5115 D DlbDap2Process: setParam(mdle = #1[0])
02-05 01:15:11.501   581  5115 D DlbDap2Process: setParam(dvle = #1[1])
02-05 01:15:11.501   581  5115 D DlbDap2Process: setParam(mave = #1[0])
02-05 01:15:11.501   581  5115 D DlbDap2Process: setParam(vcbf = #20[47, 141, 234, 328, 469, 656, 844, 1031, 1313, 1688, 2250, 3000, 3750, 4688, 5813, 7125, 9000, 11250, 13875, 19688])
02-05 01:15:11.501   581  5115 D DlbDap2Process: setParam(vbon = #1[0])
02-05 01:15:11.501   581  5115 D DlbDap2Process: setParam(beon = #1[0])
02-05 01:15:11.501   581  5115 D DlbDap2Process: setParam(geon = #1[0])
02-05 01:15:11.501   581  5115 D DlbDap2Process: setParam(ieon = #1[1])
02-05 01:15:11.502   581  5115 D DlbDap2Process: setParam(gebs = #41[20, 47, 141, 234, 328, 469, 656, 844, 1031, 1313, 1688, 2250, 3000, 3750, 4688, 5813, 7125, 9000, 11250, 13875, 19688, 0, 0, 0, 0, 0, 0, 0, 0, 0, 0, 0, 0, 0, 0, 0, 0, 0, 0, 0, 0])
02-05 01:15:11.502   581  5115 D DlbDap2Process: setParam(iebs = #41[20, 65, 136, 223, 332, 467, 634, 841, 1098, 1416, 1812, 2302, 2909, 3663, 4598, 5756, 7194, 8976, 11186, 13927, 17326, 117, 133, 188, 176, 141, 149, 175, 185, 185, 200, 236, 242, 228, 213, 182, 132, 110, 68, -27, -240])
02-05 01:15:11.502   581  5115 D DlbDapEndpointParamCache: doCommit() Committed 15 parameters out of 16.
02-05 01:15:11.502   581  5115 D DlbDapEndpointParamCache: commit() Overriding parameters for current device 0x00000080
02-05 01:15:11.502   581  5115 D DlbDap2Process: setParam(dea = #1[7])
02-05 01:15:11.502   581  5115 D DlbDap2Process: setParam(dsa = #1[10])
02-05 01:15:11.502   581  5115 D DlbDap2Process: setParam(beb = #1[192])
02-05 01:15:11.502   581  5115 D DlbDap2Process: setParam(plb = #1[0])
02-05 01:15:11.502   581  5115 D DlbDap2Process: setParam(vmb = #1[144])
02-05 01:15:11.502   581  5115 D DlbDap2Process: setParam(dsb = #1[0])
02-05 01:15:11.502   581  5115 D DlbDap2Process: setParam(ded = #1[0])
02-05 01:15:11.502   581  5115 D DlbDap2Process: setParam(vbm = #1[0])
02-05 01:15:11.502   581  5115 D DlbDap2Process: setParam(dom = #1[0])
02-05 01:15:11.502   581  5115 D DlbDap2Process: setParam(bew = #1[16])
02-05 01:15:11.502   581  5115 D DlbDap2Process: setParam(dvla = #1[4])
02-05 01:15:11.502   581  5115 D DlbDap2Process: setParam(arra = #1[96])
02-05 01:15:11.502   581  5115 D DlbDap2Process: setParam(dfsa = #1[10])
02-05 01:15:11.502   581  5115 D DlbDap2Process: setParam(dhsa = #1[10])
02-05 01:15:11.502   581  5115 D DlbDap2Process: setParam(dvmc = #1[0])
02-05 01:15:11.502   581  5115 D DlbDap2Process: setParam(arod = #1[0])
02-05 01:15:11.502   581  5115 D DlbDap2Process: setParam(arde = #1[0])
02-05 01:15:11.502   581  5115 D DlbDap2Process: setParam(dvle = #1[1])
02-05 01:15:11.502   581  5115 D DlbDap2Process: setParam(dvme = #1[0])
02-05 01:15:11.502   581  5115 D DlbDap2Process: setParam(becf = #1[200])
02-05 01:15:11.502   581  5115 D DlbDap2Process: setParam(vbmf = #2[94, 469])
02-05 01:15:11.502   581  5115 D DlbDap2Process: setParam(vbsf = #2[35, 160])
02-05 01:15:11.502   581  5115 D DlbDap2Process: setParam(vbhg = #3[-32, -144, -192])
02-05 01:15:11.502   581  5115 D DlbDap2Process: setParam(vbog = #1[0])
02-05 01:15:11.502   581  5115 D DlbDap2Process: setParam(vbsg = #1[0])
02-05 01:15:11.502   581  5115 D DlbDap2Process: setParam(dvli = #1[-320])
02-05 01:15:11.502   581  5115 D DlbDap2Process: setParam(dhfm = #1[0])
02-05 01:15:11.502   581  5115 D DlbDap2Process: setParam(vbon = #1[0])
02-05 01:15:11.502   581  5115 D DlbDap2Process: setParam(beon = #1[0])
02-05 01:15:11.502   581  5115 D DlbDap2Process: setParam(deon = #1[0])
02-05 01:15:11.502   581  5115 D DlbDap2Process: setParam(ngon = #1[1])
02-05 01:15:11.502   581  5115 D DlbDap2Process: setParam(aoon = #1[0])
02-05 01:15:11.502   581  5115 D DlbDap2Process: setParam(aron = #1[1])
02-05 01:15:11.502   581  5115 D DlbDap2Process: setParam(dvlo = #1[-320])
02-05 01:15:11.502   581  5115 D DlbDap2Process: setParam(artp = #1[12])
02-05 01:15:11.503   581  5115 D DlbDap2Process: setParam(aobs = #222[20, 10, 47, 141, 234, 328, 469, 656, 844, 1031, 1313, 1688, 2250, 3000, 3750, 4688, 5813, 7125, 9000, 11250, 13875, 19688, 0, 0, 0, 0, 0, 0, 0, 0, 0, 0, 0, 0, 0, 0, 0, 0, 0, 0, 0, 0, 0, 0, 0, 0, 0, 0, 0, 0, 0, 0, 0, 0, 0, 0, 0, 0, 0, 0, 0, 0, 0, 0, 0, 0, 0, 0, 0, 0, 0, 0, 0, 0, 0, 0, 0, 0, 0, 0, 0, 0, 0, 0, 0, 0, 0, 0, 0, 0, 0, 0, 0, 0, 0, 0, 0, 0, 0, 0, 0, 0, 0, 0, 0, 0, 0, 0, 0, 0, 0, 0, 0, 0, 0, 0, 0, 0, 0, 0, 0, 0, 0, 0, 0, 0, 0, 0, 0, 0, 0, 0, 0, 0, 0, 0, 0, 0, 0, 0, 0, 0, 0, 0, 0, 0, 0, 0, 0, 0, 0, 0, 0, 0, 0, 0, 0, 0, 0, 0, 0, 0, 0, 0, 0, 0, 0, 0, 0, 0, 0, 0, 0, 0, 0, 0, 0, 0, 0, 0, 0, 0, 0, 0, 0, 0, 0, 0, 0, 0, 0, 0, 0, 0, 0, 0, 0, 0, 0, 0, 0, 0, 0, 0, 0, 0, 0, 0, 0, 0, 0, 0, 0, 0, 0, 0, 0, 0, 0, 0, 0, 0])
02-05 01:15:11.503   581  5115 D DlbDap2Process: setParam(arbs = #81[20, 47, 141, 234, 328, 469, 656, 844, 1031, 1313, 1688, 2250, 3000, 3750, 4688, 5813, 7125, 9000, 11250, 13875, 19688, -192, -192, -192, -192, -192, -192, -192, -192, -192, -192, -192, -192, -192, -192, -192, -192, -192, -192, -192, -192, 0, 0, 0, 0, 0, 0, 0, 0, 0, 0, 0, 0, 0, 0, 0, 0, 0, 0, 0, 0, 0, 0, 0, 0, 0, 0, 0, 0, 0, 0, 0, 0, 0, 0, 0, 0, 0, 0, 0, 0])
02-05 01:15:11.503   581  5115 D DlbDapEndpointParamCache: doCommit() Committed 37 parameters out of 37.
02-05 01:15:11.503   581  5115 D DlbDap2Process: setMave(mave = 0)
02-05 01:15:11.543   581  5115 D DlbDapCrossfadeProcess: process transitioning from FADE_TO_BYPASS state to DAP_BYPASSED
02-05 01:15:11.556  5216  5216 D featureTest: receive broadcast , playing content location :/sdcard/featureTest/chopper_1.0_180_420_02.wav
02-05 01:15:11.559   589 26717 D NuPlayerDriver: stop(0xe3e79070)
02-05 01:15:11.559   589 26717 D NuPlayerDriver: notifyListener_l(0xe3e79070), (8, 0, 0, -1), loop setting(0, 1)
02-05 01:15:11.560   589   709 D NuPlayerDriver: reset(0xe3e79070) at state 8
02-05 01:15:11.571   589  5247 D NuPlayerDriver: notifyResetComplete(0xe3e79070)
02-05 01:15:11.571   589 26717 D NuPlayerDriver: reset(0xe3e79070) at state 0
02-05 01:15:11.573  5216  5216 V MediaPlayer: resetDrmState:  mDrmInfo=null mDrmProvisioningThread=null mPrepareDrmInProgress=false mActiveDrmScheme=false
02-05 01:15:11.573  5216  5216 V MediaPlayer: cleanDrmObj: mDrmObj=null mDrmSessionId=null
02-05 01:15:11.574  5216  5216 V MediaPlayer: resetDrmState:  mDrmInfo=null mDrmProvisioningThread=null mPrepareDrmInProgress=false mActiveDrmScheme=false
02-05 01:15:11.574  5216  5216 V MediaPlayer: cleanDrmObj: mDrmObj=null mDrmSessionId=null
02-05 01:15:11.579  5216  5216 D featureTest: mMediaPlayer.getAudioSessionId(): 5553
02-05 01:15:11.579  5216  5216 D featureTest: Playing file: /sdcard/featureTest/chopper_1.0_180_420_02.wav
02-05 01:15:11.580  5270  5270 W generic : type=1400 audit(0.0:3038): avc: denied { read } for path="/storage/emulated/0/featuretest/chopper_1.0_180_420_02.wav" dev="sdcardfs" ino=523357 scontext=u:r:mediaextractor:s0 tcontext=u:object_r:sdcardfs:s0 tclass=file permissive=0
02-05 01:15:11.580   589  1170 D NuPlayerDriver: NuPlayerDriver(0xe5732380) created, clientPid(5216)
02-05 01:15:11.583  5216  5216 W MediaPlayer: Use of stream types is deprecated for operations other than volume control
02-05 01:15:11.583  5216  5216 W MediaPlayer: See the documentation of setAudioStreamType() for what to use instead with android.media.AudioAttributes to qualify your playback use case
02-05 01:15:11.585   589  5270 D GenericSource: FileSource remote
02-05 01:15:11.586   589  5270 W GenericSource: extractor service cannot make data source
02-05 01:15:11.586   589  5270 D GenericSource: FileSource local
02-05 01:15:11.600   587   693 D MediaBufferGroup: creating MemoryDealer
02-05 01:15:11.601   589  5269 D NuPlayerDriver: notifyListener_l(0xe5732380), (1, 0, 0, -1), loop setting(0, 0)
02-05 01:15:11.606   589  1170 D NuPlayerDriver: start(0xe5732380), state is 4, eos is 0
02-05 01:15:11.606   589  5269 I GenericSource: start
02-05 01:15:11.611  5216  5216 W DolbyAudioEffect: WARNING: attaching a DolbyAudioEffect to global output mix is deprecated!
02-05 01:15:11.614   593  5352 I OMXMaster: makeComponentInstance(OMX.google.raw.decoder) in android.hardwar process
02-05 01:15:11.618   593  1188 E OMXNodeInstance: setConfig(0xf10a3260:google.raw.decoder, ConfigPriority(0x6f800002)) ERROR: Undefined(0x80001001)
02-05 01:15:11.618   589  5275 I ACodec  : codec does not support config priority (err -2147483648)
02-05 01:15:11.619   593  5353 E OMXNodeInstance: getConfig(0xf10a3260:google.raw.decoder, ConfigAndroidVendorExtension(0x6f100004)) ERROR: Undefined(0x80001001)
02-05 01:15:11.620   589  5275 I MediaCodec: MediaCodec will operate in async mode
02-05 01:15:11.632   581  5143 W AudioFlinger: createTrack_l(): mismatch between requested flags (00000008) and output flags (00000000)
02-05 01:15:11.633   589  5273 D AudioTrack: Client defaulted notificationFrames to 11200 for frameCount 22400
02-05 01:15:11.634  5216  5216 D featureTest: receive broadcast , change ds status :1
02-05 01:15:11.634   589  5269 D NuPlayerDriver: notifyListener_l(0xe5732380), (6, 0, 0, -1), loop setting(0, 1)
02-05 01:15:11.648   581  5110 D DlbDlbEffect: handle_EFFECT_CMD_SET_PARAM()
02-05 01:15:11.698   581  5115 D DlbDapCrossfadeProcess: setEnabled transitioning from DAP_BYPASSED state to PREROLL_ACTIVE
02-05 01:15:11.720   581  5115 D DlbDapCrossfadeProcess: process transitioning from PREROLL_ACTIVE state to FADE_TO_ACTIVE
02-05 01:15:11.720  5216  5216 D featureTest: receive broadcast , change ds profile id :5
02-05 01:15:11.734   581   731 D DlbDlbEffect: handle_EFFECT_CMD_SET_PARAM()
02-05 01:15:11.735   421   460 I DapController: Profile Changed to Custom
02-05 01:15:11.763   581  5115 D DlbDapEndpointParamCache: commitChangedParams()
02-05 01:15:11.763   581  5115 D DlbDapEndpointParamCache: commit() Applying parameters for device 0x40000000
02-05 01:15:11.763   581  5115 D DlbDap2Process: setParam(iea = #1[10])
02-05 01:15:11.763   581  5115 D DlbDap2Process: setParam(msce = #1[0])
02-05 01:15:11.763   581  5115 D DlbDap2Process: setParam(mdee = #1[0])
02-05 01:15:11.763   581  5115 D DlbDap2Process: setParam(miee = #1[0])
02-05 01:15:11.763   581  5115 D DlbDap2Process: setParam(mdle = #1[0])
02-05 01:15:11.764   581  5115 D DlbDap2Process: setParam(dvle = #1[1])
02-05 01:15:11.764   581  5115 D DlbDap2Process: setParam(mave = #1[0])
02-05 01:15:11.764   581  5115 D DlbDap2Process: setParam(vcbf = #20[47, 141, 234, 328, 469, 656, 844, 1031, 1313, 1688, 2250, 3000, 3750, 4688, 5813, 7125, 9000, 11250, 13875, 19688])
02-05 01:15:11.764   581  5115 D DlbDap2Process: setParam(vbon = #1[0])
02-05 01:15:11.764   581  5115 D DlbDap2Process: setParam(beon = #1[0])
02-05 01:15:11.764   581  5115 D DlbDap2Process: setParam(geon = #1[0])
02-05 01:15:11.764   581  5115 D DlbDap2Process: setParam(ieon = #1[0])
02-05 01:15:11.764   581  5115 D DlbDap2Process: setParam(gebs = #41[20, 47, 141, 234, 328, 469, 656, 844, 1031, 1313, 1688, 2250, 3000, 3750, 4688, 5813, 7125, 9000, 11250, 13875, 19688, 0, 0, 0, 0, 0, 0, 0, 0, 0, 0, 0, 0, 0, 0, 0, 0, 0, 0, 0, 0])
02-05 01:15:11.764   581  5115 D DlbDap2Process: setParam(iebs = #41[20, 65, 136, 223, 332, 467, 634, 841, 1098, 1416, 1812, 2302, 2909, 3663, 4598, 5756, 7194, 8976, 11186, 13927, 17326, 117, 133, 188, 176, 141, 149, 175, 185, 185, 200, 236, 242, 228, 213, 182, 132, 110, 68, -27, -240])
02-05 01:15:11.764   581  5115 D DlbDapEndpointParamCache: doCommit() Committed 15 parameters out of 16.
02-05 01:15:11.764   581  5115 D DlbDapEndpointParamCache: commit() Overriding parameters for current device 0x00000080
02-05 01:15:11.764   581  5115 D DlbDap2Process: setParam(dea = #1[7])
02-05 01:15:11.764   581  5115 D DlbDap2Process: setParam(dsa = #1[10])
02-05 01:15:11.764   581  5115 D DlbDap2Process: setParam(beb = #1[192])
02-05 01:15:11.764   581  5115 D DlbDap2Process: setParam(plb = #1[0])
02-05 01:15:11.764   581  5115 D DlbDap2Process: setParam(vmb = #1[144])
02-05 01:15:11.764   581  5115 D DlbDap2Process: setParam(dsb = #1[0])
02-05 01:15:11.764   581  5115 D DlbDap2Process: setParam(ded = #1[0])
02-05 01:15:11.764   581  5115 D DlbDap2Process: setParam(vbm = #1[0])
02-05 01:15:11.764   581  5115 D DlbDap2Process: setParam(dom = #1[0])
02-05 01:15:11.764   581  5115 D DlbDap2Process: setParam(bew = #1[16])
02-05 01:15:11.764   581  5115 D DlbDap2Process: setParam(dvla = #1[5])
02-05 01:15:11.764   581  5115 D DlbDap2Process: setParam(arra = #1[96])
02-05 01:15:11.764   581  5115 D DlbDap2Process: setParam(dfsa = #1[10])
02-05 01:15:11.764   581  5115 D DlbDap2Process: setParam(dhsa = #1[10])
02-05 01:15:11.764   581  5115 D DlbDap2Process: setParam(dvmc = #1[0])
02-05 01:15:11.764   581  5115 D DlbDap2Process: setParam(arod = #1[0])
02-05 01:15:11.765   581  5115 D DlbDap2Process: setParam(arde = #1[0])
02-05 01:15:11.765   581  5115 D DlbDap2Process: setParam(dvle = #1[1])
02-05 01:15:11.765   581  5115 D DlbDap2Process: setParam(dvme = #1[0])
02-05 01:15:11.765   581  5115 D DlbDap2Process: setParam(becf = #1[200])
02-05 01:15:11.765   581  5115 D DlbDap2Process: setParam(vbmf = #2[94, 469])
02-05 01:15:11.765   581  5115 D DlbDap2Process: setParam(vbsf = #2[35, 160])
02-05 01:15:11.765   581  5115 D DlbDap2Process: setParam(vbhg = #3[-32, -144, -192])
02-05 01:15:11.765   581  5115 D DlbDap2Process: setParam(vbog = #1[0])
02-05 01:15:11.765   581  5115 D DlbDap2Process: setParam(vbsg = #1[0])
02-05 01:15:11.765   581  5115 D DlbDap2Process: setParam(dvli = #1[-320])
02-05 01:15:11.765   581  5115 D DlbDap2Process: setParam(dhfm = #1[0])
02-05 01:15:11.765   581  5115 D DlbDap2Process: setParam(vbon = #1[0])
02-05 01:15:11.765   581  5115 D DlbDap2Process: setParam(beon = #1[0])
02-05 01:15:11.765   581  5115 D DlbDap2Process: setParam(deon = #1[0])
02-05 01:15:11.765   581  5115 D DlbDap2Process: setParam(ngon = #1[1])
02-05 01:15:11.765   581  5115 D DlbDap2Process: setParam(aoon = #1[0])
02-05 01:15:11.765   581  5115 D DlbDap2Process: setParam(aron = #1[1])
02-05 01:15:11.765   581  5115 D DlbDap2Process: setParam(dvlo = #1[-320])
02-05 01:15:11.765   581  5115 D DlbDap2Process: setParam(artp = #1[12])
02-05 01:15:11.766   581  5115 D DlbDap2Process: setParam(aobs = #222[20, 10, 47, 141, 234, 328, 469, 656, 844, 1031, 1313, 1688, 2250, 3000, 3750, 4688, 5813, 7125, 9000, 11250, 13875, 19688, 0, 0, 0, 0, 0, 0, 0, 0, 0, 0, 0, 0, 0, 0, 0, 0, 0, 0, 0, 0, 0, 0, 0, 0, 0, 0, 0, 0, 0, 0, 0, 0, 0, 0, 0, 0, 0, 0, 0, 0, 0, 0, 0, 0, 0, 0, 0, 0, 0, 0, 0, 0, 0, 0, 0, 0, 0, 0, 0, 0, 0, 0, 0, 0, 0, 0, 0, 0, 0, 0, 0, 0, 0, 0, 0, 0, 0, 0, 0, 0, 0, 0, 0, 0, 0, 0, 0, 0, 0, 0, 0, 0, 0, 0, 0, 0, 0, 0, 0, 0, 0, 0, 0, 0, 0, 0, 0, 0, 0, 0, 0, 0, 0, 0, 0, 0, 0, 0, 0, 0, 0, 0, 0, 0, 0, 0, 0, 0, 0, 0, 0, 0, 0, 0, 0, 0, 0, 0, 0, 0, 0, 0, 0, 0, 0, 0, 0, 0, 0, 0, 0, 0, 0, 0, 0, 0, 0, 0, 0, 0, 0, 0, 0, 0, 0, 0, 0, 0, 0, 0, 0, 0, 0, 0, 0, 0, 0, 0, 0, 0, 0, 0, 0, 0, 0, 0, 0, 0, 0, 0, 0, 0, 0, 0, 0, 0, 0, 0, 0, 0])
02-05 01:15:11.766   581  5115 D DlbDap2Process: setParam(arbs = #81[20, 47, 141, 234, 328, 469, 656, 844, 1031, 1313, 1688, 2250, 3000, 3750, 4688, 5813, 7125, 9000, 11250, 13875, 19688, -192, -192, -192, -192, -192, -192, -192, -192, -192, -192, -192, -192, -192, -192, -192, -192, -192, -192, -192, -192, 0, 0, 0, 0, 0, 0, 0, 0, 0, 0, 0, 0, 0, 0, 0, 0, 0, 0, 0, 0, 0, 0, 0, 0, 0, 0, 0, 0, 0, 0, 0, 0, 0, 0, 0, 0, 0, 0, 0, 0])
02-05 01:15:11.766   581  5115 D DlbDapEndpointParamCache: doCommit() Committed 37 parameters out of 37.
02-05 01:15:11.766   581  5115 D DlbDap2Process: setMave(mave = 0)
02-05 01:15:11.800  5216  5216 D featureTest: receive broadcast , change virtual speaker  virtualizer :0
02-05 01:15:11.818   581   730 D DlbDlbEffect: handle_EFFECT_CMD_SET_PARAM()
02-05 01:15:11.851   581  5115 D DlbDapCrossfadeProcess: process transitioning from FADE_TO_ACTIVE state to DAP_ACTIVE
02-05 01:15:11.874  5216  5216 D featureTest: receive broadcast , record log :0
02-05 01:15:11.902  5216  5221 I zygote64: Do partial code cache collection, code=8KB, data=14KB
02-05 01:15:11.902  5216  5221 I zygote64: After code cache collection, code=8KB, data=14KB
02-05 01:15:11.902  5216  5221 I zygote64: Increasing code cache capacity to 128KB
02-05 01:15:11.903  5216  5221 I zygote64: Do partial code cache collection, code=8KB, data=33KB
02-05 01:15:11.903  5216  5221 I zygote64: After code cache collection, code=8KB, data=33KB
02-05 01:15:11.903  5216  5221 I zygote64: Increasing code cache capacity to 256KB
02-05 01:15:11.903  5216  5221 I zygote64: Compiler allocated 8MB to compile void android.widget.TextView.<init>(android.content.Context, android.util.AttributeSet, int, int)
02-05 01:15:11.968   581  5115 D DlbDap2Process: process() called [426000] times
02-05 01:15:13.435   816   816 W WindowManager: removeWindowToken: Attempted to remove non-existing token: android.os.Binder@a47db0d
02-05 01:15:13.473   429   429 D SurfaceFlinger: duplicate layer name: changing Toast to Toast#1
02-05 01:15:13.621  3485  3532 V Avrcp   : MSG_NATIVE_REQ_PASS_THROUGH: id=70 st=1
02-05 01:15:13.623   816  3543 D MediaSessionService: Sending KeyEvent { action=ACTION_DOWN, keyCode=KEYCODE_MEDIA_PAUSE, scanCode=0, metaState=0, flags=0x0, repeatCount=0, eventTime=0, downTime=0, deviceId=-1, source=0x0 } to the restored intent ComponentInfo{com.estrongs.android.pop/com.estrongs.android.pop.app.AudioPlayerService$MediaButtonReceiver}
02-05 01:15:13.625  3485  3485 V Avrcp   : recordKeyDispatched: KeyEvent { action=ACTION_DOWN, keyCode=KEYCODE_MEDIA_PAUSE, scanCode=0, metaState=0, flags=0x0, repeatCount=0, eventTime=0, downTime=0, deviceId=-1, source=0x0 } dispatched to com.estrongs.android.pop
02-05 01:15:13.625  3485  3485 V Avrcp   : Player 2 package: com.estrongs.android.pop
02-05 01:15:13.650  3485  3532 V Avrcp   : MSG_NATIVE_REQ_PASS_THROUGH: id=70 st=0
02-05 01:15:13.652   816   975 D MediaSessionService: Sending KeyEvent { action=ACTION_UP, keyCode=KEYCODE_MEDIA_PAUSE, scanCode=0, metaState=0, flags=0x0, repeatCount=0, eventTime=0, downTime=0, deviceId=-1, source=0x0 } to the restored intent ComponentInfo{com.estrongs.android.pop/com.estrongs.android.pop.app.AudioPlayerService$MediaButtonReceiver}
02-05 01:15:13.654  3485  3485 V Avrcp   : recordKeyDispatched: KeyEvent { action=ACTION_UP, keyCode=KEYCODE_MEDIA_PAUSE, scanCode=0, metaState=0, flags=0x0, repeatCount=0, eventTime=0, downTime=0, deviceId=-1, source=0x0 } dispatched to com.estrongs.android.pop
02-05 01:15:13.655  3485  3485 V Avrcp   : Player 2 package: com.estrongs.android.pop
02-05 01:15:14.872   581  5115 D DlbDap2Process: process() called [426500] times
02-05 01:15:15.465   816   816 W WindowManager: removeWindowToken: Attempted to remove non-existing token: android.os.Binder@3a0972f
02-05 01:15:15.720  3150  3150 I ServiceManager: Waiting for service AtCmdFwd...
