02-05 01:14:15.308   589   589 D NuPlayerDriver: reset(0xe57327e0) at state 5
02-05 01:14:15.312   589   589 D NuPlayerDriver: notifyListener_l(0xe57327e0), (8, 0, 0, -1), loop setting(0, 1)
02-05 01:14:15.326   589  4788 D NuPlayerDriver: notifyResetComplete(0xe57327e0)
02-05 01:14:15.326   589   589 D AudioTrack: stop() called with 0 frames delivered
02-05 01:14:15.560  4841  4841 D featureTest: onCreate
02-05 01:14:15.567   581  4435 W AudioFlinger: createTrack_l(): mismatch between requested flags (00000008) and output flags (00000000)
02-05 01:14:15.568  4841  4841 D AudioTrack: Client defaulted notificationFrames to 3916 for frameCount 11748
02-05 01:14:15.572  4841  4841 W AudioTrack: Use of stream types is deprecated for operations other than volume control
02-05 01:14:15.572  4841  4841 W AudioTrack: See the documentation of AudioTrack() for what to use instead with android.media.AudioAttributes to qualify your playback use case
02-05 01:14:15.584  4841  4841 D featureTest: onResume
02-05 01:14:16.455  4841  4841 D featureTest: receive broadcast , playing content location :/sdcard/featureTest/7ch_ddp_25fps_diff_music_01.mp4
02-05 01:14:16.466  4841  4841 D featureTest: mMediaPlayer.getAudioSessionId(): 5481
02-05 01:14:16.467  4841  4841 D featureTest: Playing file: /sdcard/featureTest/7ch_ddp_25fps_diff_music_01.mp4
02-05 01:14:16.468   589  1183 D NuPlayerDriver: NuPlayerDriver(0xe5732850) created, clientPid(4841)
02-05 01:14:16.488   589  4870 D NuPlayerDriver: notifyListener_l(0xe5732850), (1, 0, 0, -1), loop setting(0, 0)
02-05 01:14:16.498   589  1183 D NuPlayerDriver: start(0xe5732850), state is 4, eos is 0
02-05 01:14:16.511   593   712 I OMXMaster: makeComponentInstance(OMX.dolby.eac3.decoder) in android.hardwar process
02-05 01:14:16.533  4841  4841 D featureTest: receive broadcast , change ds status :1
02-05 01:14:16.562   593   712 I DDP_JOCDecoder: -> init name OMX.dolby.eac3.decoder
02-05 01:14:16.565   581  5110 D DlbDlbEffect: handle_EFFECT_CMD_SET_PARAM()
02-05 01:14:16.568   593   712 I DDP_JOCDecoder: <- init
02-05 01:14:16.568   593   712 D DDP_JOCDecoder: initPorts
02-05 01:14:16.572   589  4878 I ACodec  : codec does not support config priority (err -2147483648)
02-05 01:14:16.573   589  4878 I MediaCodec: MediaCodec will operate in async mode
02-05 01:14:16.573   589  4878 I ACodec  : setDolbyParameterOnProcessedAudio() Received dolby_processed_audio=1
02-05 01:14:16.573   589  4877 I NuPlayerDecoder: setDolbyMessage() Notifying player that Codec supports dolby_processed_audio flag
02-05 01:14:16.574   589  4870 I NuPlayer: onDolbyMessageReceived() Setting dolby_processed_audio flag on audio sink
02-05 01:14:16.575   593 20514 D DDP_JOCDecoder: internalSetParameter() Instantiating ARenderer for content processing in decoder
02-05 01:14:16.575   593 20514 I DlbDap2QmfProcess: Dap2Process()
02-05 01:14:16.575   593 20514 I ARenderer: ARenderer
02-05 01:14:16.575   593 20514 I evo_parser: evo_parser_init
02-05 01:14:16.575   593 20514 I DlbDap2QmfProcess: init()
02-05 01:14:16.575   593 20514 I DlbDap2QmfProcess: open()
02-05 01:14:16.576   593 20514 I DlbDap2QmfProcess: loadLicense() no license check!
02-05 01:14:16.576   593 20514 I DlbDap2QmfProcess: validateLicense() no license check!
02-05 01:14:16.576   593 20514 I DlbDap2QmfProcess: init() DAP opened
02-05 01:14:16.576   593 20514 I DlbDap2QmfProcess: DAP library version: 2.5.1-P2.0
02-05 01:14:16.576   593 20514 D DlbDap2QmfProcess: DAP output mode set to 1 with 2 output channels and null mix matrix.
02-05 01:14:16.576   589  4878 I ACodec  : setDolbyParameterOnProcessedAudio() Content processing enabled in decoder
02-05 01:14:16.580   593  4882 I DDP_JOCDecoder: -> start
02-05 01:14:16.580   593  4882 D DDP_JOCDecoder: Setting Max Output Channels to 2
02-05 01:14:16.580   593  4882 D DDP_JOCDecoder: setMultiChannelPCMOutDownmix mConfig->jocForceDownmixMode 1
02-05 01:14:16.581   593  4882 I udc_user: 
02-05 01:14:16.581   593  4882 I udc_user: *** DDPlus Unified Decoder Simulation  Version 1.7.3 ***
02-05 01:14:16.581   593  4882 I udc_user: 
02-05 01:14:16.581   593  4882 I udc_user: 7.1-channel decoder-converter, 
02-05 01:14:16.581   593  4882 I udc_user: 
02-05 01:14:16.581   593  4882 I udc_user: 5.1-channel dual-decoder-converter, 
02-05 01:14:16.581   593  4882 I udc_user: Karaoke unsupported, 
02-05 01:14:16.581   593  4882 I udc_user: TPNP supported. 
02-05 01:14:16.581   593  4882 I udc_user: 
02-05 01:14:16.581   593  4882 I udc_user: Unpublished work.  Copyright 2003-2014 Dolby Laboratories, Inc. and
02-05 01:14:16.581   593  4882 I udc_user: Dolby Laboratories Licensing Corporation.  All Rights Reserved.
02-05 01:14:16.581   593  4882 I udc_user: 
02-05 01:14:16.581   593  4882 I udc_user: USE OF THIS SOFTWARE IS SUBJECT TO A LEGAL AGREEMENT BETWEEN YOU AND DOLBY
02-05 01:14:16.581   593  4882 I udc_user: LABORATORIES. DO NOT USE THIS SOFTWARE UNLESS YOU AGREE TO THE TERMS AND 
02-05 01:14:16.581   593  4882 I udc_user: CONDITIONS IN THE AGREEMENT.  BY USING THIS SOFTWARE, YOU ACKNOWLEDGE THAT 
02-05 01:14:16.581   593  4882 I udc_user: YOU HAVE READ THE AGREEMENT AND THAT YOU AGREE TO BE BOUND BY ITS TERMS. 
02-05 01:14:16.581   593  4882 I udc_user: 
02-05 01:14:16.581   593  4882 I ddpdec_client_joc: ddpdec_open JOCD_MODE Buffer assignment
02-05 01:14:16.581   593  4882 D DDP_JOCDecoder: mStarted = 1
02-05 01:14:16.581   593  4882 I DDP_JOCDecoder: <- start
02-05 01:14:16.582   593  4882 D ddpdec_client_joc: ddpdec_client.c|int configDecoder()
02-05 01:14:16.583   593  4882 D DDP_JOCDecoder: Setting Max Output Channels to 2
02-05 01:14:16.584   593  4882 I DlbDap2QmfProcess: close()
02-05 01:14:16.584   593  4882 I DlbDap2QmfProcess: init()
02-05 01:14:16.584   593  4882 I DlbDap2QmfProcess: open()
02-05 01:14:16.585   593  4882 I DlbDap2QmfProcess: loadLicense() no license check!
02-05 01:14:16.585   593  4882 I DlbDap2QmfProcess: validateLicense() no license check!
02-05 01:14:16.585   593  4882 I DlbDap2QmfProcess: init() DAP opened
02-05 01:14:16.585   593  4882 I DlbDap2QmfProcess: DAP library version: 2.5.1-P2.0
02-05 01:14:16.585   593  4882 D DlbDap2QmfProcess: DAP output mode set to 1 with 2 output channels and null mix matrix.
02-05 01:14:16.585   593  4882 D ARenderer: checkAndUpdateConfig: DAP reinitialized because of sample rate change
02-05 01:14:16.585   593  4882 D ARenderer: updateDapConfig: Updating DAP configuration
02-05 01:14:16.585   593  4882 D DlbDap2QmfProcess: setParam(iea = #1[10])
02-05 01:14:16.585   593  4882 D DlbDap2QmfProcess: setParam(msce = #1[0])
02-05 01:14:16.585   593  4882 D DlbDap2QmfProcess: setParam(mdee = #1[0])
02-05 01:14:16.585   593  4882 D DlbDap2QmfProcess: setParam(miee = #1[0])
02-05 01:14:16.585   593  4882 D DlbDap2QmfProcess: setParam(mdle = #1[0])
02-05 01:14:16.585   593  4882 D DlbDap2QmfProcess: setParam(dvle = #1[1])
02-05 01:14:16.585   593  4882 D DlbDap2QmfProcess: setParam(mave = #1[0])
02-05 01:14:16.585   593  4882 D DlbDap2QmfProcess: setParam(vcbf = #20[47, 141, 234, 328, 469, 656, 844, 1031, 1313, 1688, 2250, 3000, 3750, 4688, 5813, 7125, 9000, 11250, 13875, 19688])
02-05 01:14:16.585   593  4882 D DlbDap2QmfProcess: setParam(ieon = #1[1])
02-05 01:14:16.585   593  4882 D DlbDap2QmfProcess: setParam(gebs = #41[20, 47, 141, 234, 328, 469, 656, 844, 1031, 1313, 1688, 2250, 3000, 3750, 4688, 5813, 7125, 9000, 11250, 13875, 19688, 0, 0, 0, 0, 0, 0, 0, 0, 0, 0, 0, 0, 0, 0, 0, 0, 0, 0, 0, 0])
02-05 01:14:16.585   593  4882 D DlbDap2QmfProcess: setParam(iebs = #41[20, 65, 136, 223, 332, 467, 634, 841, 1098, 1416, 1812, 2302, 2909, 3663, 4598, 5756, 7194, 8976, 11186, 13927, 17326, 117, 133, 188, 176, 141, 149, 175, 185, 185, 200, 236, 242, 228, 213, 182, 132, 110, 68, -27, -240])
02-05 01:14:16.585   593  4882 D DlbDap2QmfProcess: setParam(dea = #1[7])
02-05 01:14:16.585   593  4882 D DlbDap2QmfProcess: setParam(dsa = #1[10])
02-05 01:14:16.585   593  4882 D DlbDap2QmfProcess: setParam(beb = #1[192])
02-05 01:14:16.585   593  4882 D DlbDap2QmfProcess: setParam(plb = #1[0])
02-05 01:14:16.585   593  4882 D DlbDap2QmfProcess: setParam(vmb = #1[144])
02-05 01:14:16.585   593  4882 D DlbDap2QmfProcess: setParam(dsb = #1[0])
02-05 01:14:16.585   593  4882 D DlbDap2QmfProcess: setParam(ded = #1[0])
02-05 01:14:16.585   593  4882 D DlbDap2QmfProcess: setParam(dom = #1[0])
02-05 01:14:16.586   593  4882 D DlbDap2QmfProcess: setParam(bew = #1[16])
02-05 01:14:16.586   593  4882 D DlbDap2QmfProcess: setParam(dvla = #1[4])
02-05 01:14:16.586   593  4882 D DlbDap2QmfProcess: setParam(dfsa = #1[10])
02-05 01:14:16.586   593  4882 D DlbDap2QmfProcess: setParam(dhsa = #1[10])
02-05 01:14:16.586   593  4882 D DlbDap2QmfProcess: setParam(dvmc = #1[0])
02-05 01:14:16.586   593  4882 D DlbDap2QmfProcess: setParam(dvle = #1[1])
02-05 01:14:16.586   593  4882 D DlbDap2QmfProcess: setParam(dvme = #1[0])
02-05 01:14:16.586   593  4882 D DlbDap2QmfProcess: setParam(becf = #1[200])
02-05 01:14:16.586   593  4882 D DlbDap2QmfProcess: setParam(vbmf = #2[94, 469])
02-05 01:14:16.586   593  4882 D DlbDap2QmfProcess: setParam(vbsf = #2[35, 160])
02-05 01:14:16.586   593  4882 D DlbDap2QmfProcess: setParam(vbhg = #3[-32, -144, -192])
02-05 01:14:16.586   593  4882 D DlbDap2QmfProcess: setParam(vbog = #1[0])
02-05 01:14:16.586   593  4882 D DlbDap2QmfProcess: setParam(vbsg = #1[0])
02-05 01:14:16.586   593  4882 D DlbDap2QmfProcess: setParam(dvli = #1[-320])
02-05 01:14:16.586   593  4882 D DlbDap2QmfProcess: setParam(dhfm = #1[0])
02-05 01:14:16.586   593  4882 D DlbDap2QmfProcess: setParam(deon = #1[0])
02-05 01:14:16.586   593  4882 D DlbDap2QmfProcess: setParam(ngon = #1[1])
02-05 01:14:16.586   593  4882 D DlbDap2QmfProcess: setParam(dvlo = #1[-320])
02-05 01:14:16.586   593  4882 D DlbDap2QmfProcess: setParam(aobs = #222[20, 10, 47, 141, 234, 328, 469, 656, 844, 1031, 1313, 1688, 2250, 3000, 3750, 4688, 5813, 7125, 9000, 11250, 13875, 19688, 0, 0, 0, 0, 0, 0, 0, 0, 0, 0, 0, 0, 0, 0, 0, 0, 0, 0, 0, 0, 0, 0, 0, 0, 0, 0, 0, 0, 0, 0, 0, 0, 0, 0, 0, 0, 0, 0, 0, 0, 0, 0, 0, 0, 0, 0, 0, 0, 0, 0, 0, 0, 0, 0, 0, 0, 0, 0, 0, 0, 0, 0, 0, 0, 0, 0, 0, 0, 0, 0, 0, 0, 0, 0, 0, 0, 0, 0, 0, 0, 0, 0, 0, 0, 0, 0, 0, 0, 0, 0, 0, 0, 0, 0, 0, 0, 0, 0, 0, 0, 0, 0, 0, 0, 0, 0, 0, 0, 0, 0, 0, 0, 0, 0, 0, 0, 0, 0, 0, 0, 0, 0, 0, 0, 0, 0, 0, 0, 0, 0, 0, 0, 0, 0, 0, 0, 0, 0, 0, 0, 0, 0, 0, 0, 0, 0, 0, 0, 0, 0, 0, 0, 0, 0, 0, 0, 0, 0, 0, 0, 0, 0, 0, 0, 0, 0, 0, 0, 0, 0, 0, 0, 0, 0, 0, 0, 0, 0, 0, 0, 0, 0, 0, 0, 0, 0, 0, 0, 0, 0, 0, 0, 0, 0, 0, 0, 0, 0, 0, 0])
02-05 01:14:16.586   593  4882 D DlbDap2QmfProcess: setParam(dvle = #1[1])
02-05 01:14:16.586   593  4882 D DlbDap2QmfProcess: setParam(dvli = #1[-496])
02-05 01:14:16.586   593  4882 D DlbDap2QmfProcess: setParam(dvlo = #1[-176])
02-05 01:14:16.586   593  4882 D ARenderer: updateDapVolumeLeveler: Setting output level to -11.00dB
02-05 01:14:16.586   593  4882 D DlbDap2QmfProcess: setParam(vmb = #1[0])
02-05 01:14:16.586   593  4882 D DlbDap2QmfProcess: setParam(preg = #1[-384])
02-05 01:14:16.586   593  4882 D DlbDap2QmfProcess: setParam(vol = #1[384])
02-05 01:14:16.587   593  4882 D DlbDap2QmfProcess: processQmf() called [0] times
02-05 01:14:16.587   593  4882 D DlbDap2QmfProcess: setMave(mave = 0)
02-05 01:14:16.598   581   731 W AudioFlinger: createTrack_l(): mismatch between requested flags (00000008) and output flags (00000000)
02-05 01:14:16.599   589  4876 D AudioTrack: Client defaulted notificationFrames to 8125 for frameCount 24375
02-05 01:14:16.600   581  7829 I AudioFlinger: attachAuxEffect(): Marking track 740 as containing processed audio
02-05 01:14:16.600   581  7829 D AudioFlinger: trackContainsProcessedAudio() Track id 740 contains processed audio
02-05 01:14:16.600   581  5143 D AudioFlinger: trackStateChanged() Track id 740 state changed to 6
02-05 01:14:16.600   581  5143 I AudioFlinger: updateProcessedAudioState() Changing content processing in effect to 1
02-05 01:14:16.600   581  5143 D DlbDlbEffect: handle_EFFECT_CMD_SET_PARAM()
02-05 01:14:16.602   581  5143 I DlbEffectContext: setContentProcEnabled() Disabling content processing in effect
02-05 01:14:16.602   581  5143 D DlbDapEndpointParamCache: commitChangedParams()
02-05 01:14:16.602   581  5143 D DlbDapEndpointParamCache: commit() Applying parameters for device 0x40000000
02-05 01:14:16.602   581  5143 D DlbDap2Process: setParam(msce = #1[0])
02-05 01:14:16.602   581  5143 D DlbDap2Process: setParam(mdee = #1[0])
02-05 01:14:16.602   581  5143 D DlbDap2Process: setParam(miee = #1[0])
02-05 01:14:16.602   581  5143 D DlbDap2Process: setParam(mdle = #1[0])
02-05 01:14:16.602   581  5143 D DlbDap2Process: setParam(dvle = #1[0])
02-05 01:14:16.602   581  5143 D DlbDap2Process: setParam(mave = #1[0])
02-05 01:14:16.602   581  5143 D DlbDap2Process: setParam(ieon = #1[0])
02-05 01:14:16.603   581  5143 D DlbDapEndpointParamCache: doCommit() Committed 7 parameters out of 16.
02-05 01:14:16.603   581  5143 D DlbDapEndpointParamCache: commit() Overriding parameters for current device 0x00000080
02-05 01:14:16.603   581  5143 D DlbDap2Process: setParam(dom = #1[0])
02-05 01:14:16.603   581  5143 D DlbDap2Process: setParam(dvle = #1[0])
02-05 01:14:16.603   581  5143 D DlbDap2Process: setParam(dvme = #1[0])
02-05 01:14:16.603   581  5143 D DlbDap2Process: setParam(deon = #1[0])
02-05 01:14:16.603   581  5143 D DlbDap2Process: setParam(ngon = #1[0])
02-05 01:14:16.603   581  5143 D DlbDapEndpointParamCache: doCommit() Committed 5 parameters out of 37.
02-05 01:14:16.603   589  4870 D NuPlayerDriver: notifyListener_l(0xe5732850), (6, 0, 0, -1), loop setting(0, 1)
02-05 01:14:16.604   581  5115 D DlbDap2Process: setMave(mave = 0)
02-05 01:14:16.623  4841  4841 D featureTest: receive broadcast , change ds profile id :5
02-05 01:14:16.637   581   730 D DlbDlbEffect: handle_EFFECT_CMD_SET_PARAM()
02-05 01:14:16.637   421   460 I DapController: Profile Changed to Custom
02-05 01:14:16.660   581  5115 D DlbDapEndpointParamCache: commitChangedParams()
02-05 01:14:16.660   581  5115 D DlbDapEndpointParamCache: commit() Applying parameters for device 0x40000000
02-05 01:14:16.660   581  5115 D DlbDap2Process: setParam(iea = #1[10])
02-05 01:14:16.660   581  5115 D DlbDap2Process: setParam(vcbf = #20[47, 141, 234, 328, 469, 656, 844, 1031, 1313, 1688, 2250, 3000, 3750, 4688, 5813, 7125, 9000, 11250, 13875, 19688])
02-05 01:14:16.660   581  5115 D DlbDap2Process: setParam(vbon = #1[0])
02-05 01:14:16.660   581  5115 D DlbDap2Process: setParam(beon = #1[0])
02-05 01:14:16.660   581  5115 D DlbDap2Process: setParam(geon = #1[0])
02-05 01:14:16.660   581  5115 D DlbDap2Process: setParam(gebs = #41[20, 47, 141, 234, 328, 469, 656, 844, 1031, 1313, 1688, 2250, 3000, 3750, 4688, 5813, 7125, 9000, 11250, 13875, 19688, 0, 0, 0, 0, 0, 0, 0, 0, 0, 0, 0, 0, 0, 0, 0, 0, 0, 0, 0, 0])
02-05 01:14:16.660   581  5115 D DlbDap2Process: setParam(iebs = #41[20, 65, 136, 223, 332, 467, 634, 841, 1098, 1416, 1812, 2302, 2909, 3663, 4598, 5756, 7194, 8976, 11186, 13927, 17326, 117, 133, 188, 176, 141, 149, 175, 185, 185, 200, 236, 242, 228, 213, 182, 132, 110, 68, -27, -240])
02-05 01:14:16.660   581  5115 D DlbDapEndpointParamCache: doCommit() Committed 8 parameters out of 16.
02-05 01:14:16.660   581  5115 D DlbDapEndpointParamCache: commit() Overriding parameters for current device 0x00000080
02-05 01:14:16.660   581  5115 D DlbDap2Process: setParam(dea = #1[7])
02-05 01:14:16.660   581  5115 D DlbDap2Process: setParam(dsa = #1[10])
02-05 01:14:16.660   581  5115 D DlbDap2Process: setParam(beb = #1[192])
02-05 01:14:16.661   581  5115 D DlbDap2Process: setParam(plb = #1[0])
02-05 01:14:16.661   581  5115 D DlbDap2Process: setParam(vmb = #1[144])
02-05 01:14:16.661   581  5115 D DlbDap2Process: setParam(dsb = #1[0])
02-05 01:14:16.661   581  5115 D DlbDap2Process: setParam(ded = #1[0])
02-05 01:14:16.661   581  5115 D DlbDap2Process: setParam(vbm = #1[0])
02-05 01:14:16.661   581  5115 D DlbDap2Process: setParam(bew = #1[16])
02-05 01:14:16.661   581  5115 D DlbDap2Process: setParam(dvla = #1[5])
02-05 01:14:16.661   581  5115 D DlbDap2Process: setParam(arra = #1[96])
02-05 01:14:16.661   581  5115 D DlbDap2Process: setParam(dfsa = #1[10])
02-05 01:14:16.661   581  5115 D DlbDap2Process: setParam(dhsa = #1[10])
02-05 01:14:16.661   581  5115 D DlbDap2Process: setParam(dvmc = #1[0])
02-05 01:14:16.661   581  5115 D DlbDap2Process: setParam(arod = #1[0])
02-05 01:14:16.661   581  5115 D DlbDap2Process: setParam(arde = #1[0])
02-05 01:14:16.661   581  5115 D DlbDap2Process: setParam(becf = #1[200])
02-05 01:14:16.661   581  5115 D DlbDap2Process: setParam(vbmf = #2[94, 469])
02-05 01:14:16.661   581  5115 D DlbDap2Process: setParam(vbsf = #2[35, 160])
02-05 01:14:16.661   581  5115 D DlbDap2Process: setParam(vbhg = #3[-32, -144, -192])
02-05 01:14:16.661   581  5115 D DlbDap2Process: setParam(vbog = #1[0])
02-05 01:14:16.661   581  5115 D DlbDap2Process: setParam(vbsg = #1[0])
02-05 01:14:16.661   581  5115 D DlbDap2Process: setParam(dvli = #1[-320])
02-05 01:14:16.661   581  5115 D DlbDap2Process: setParam(dhfm = #1[0])
02-05 01:14:16.661   581  5115 D DlbDap2Process: setParam(vbon = #1[0])
02-05 01:14:16.661   581  5115 D DlbDap2Process: setParam(beon = #1[0])
02-05 01:14:16.661   581  5115 D DlbDap2Process: setParam(aoon = #1[0])
02-05 01:14:16.661   581  5115 D DlbDap2Process: setParam(aron = #1[1])
02-05 01:14:16.661   581  5115 D DlbDap2Process: setParam(dvlo = #1[-320])
02-05 01:14:16.661   581  5115 D DlbDap2Process: setParam(artp = #1[12])
02-05 01:14:16.662   581  5115 D DlbDap2Process: setParam(aobs = #222[20, 10, 47, 141, 234, 328, 469, 656, 844, 1031, 1313, 1688, 2250, 3000, 3750, 4688, 5813, 7125, 9000, 11250, 13875, 19688, 0, 0, 0, 0, 0, 0, 0, 0, 0, 0, 0, 0, 0, 0, 0, 0, 0, 0, 0, 0, 0, 0, 0, 0, 0, 0, 0, 0, 0, 0, 0, 0, 0, 0, 0, 0, 0, 0, 0, 0, 0, 0, 0, 0, 0, 0, 0, 0, 0, 0, 0, 0, 0, 0, 0, 0, 0, 0, 0, 0, 0, 0, 0, 0, 0, 0, 0, 0, 0, 0, 0, 0, 0, 0, 0, 0, 0, 0, 0, 0, 0, 0, 0, 0, 0, 0, 0, 0, 0, 0, 0, 0, 0, 0, 0, 0, 0, 0, 0, 0, 0, 0, 0, 0, 0, 0, 0, 0, 0, 0, 0, 0, 0, 0, 0, 0, 0, 0, 0, 0, 0, 0, 0, 0, 0, 0, 0, 0, 0, 0, 0, 0, 0, 0, 0, 0, 0, 0, 0, 0, 0, 0, 0, 0, 0, 0, 0, 0, 0, 0, 0, 0, 0, 0, 0, 0, 0, 0, 0, 0, 0, 0, 0, 0, 0, 0, 0, 0, 0, 0, 0, 0, 0, 0, 0, 0, 0, 0, 0, 0, 0, 0, 0, 0, 0, 0, 0, 0, 0, 0, 0, 0, 0, 0, 0, 0, 0, 0, 0, 0])
02-05 01:14:16.663   581  5115 D DlbDap2Process: setParam(arbs = #81[20, 47, 141, 234, 328, 469, 656, 844, 1031, 1313, 1688, 2250, 3000, 3750, 4688, 5813, 7125, 9000, 11250, 13875, 19688, -192, -192, -192, -192, -192, -192, -192, -192, -192, -192, -192, -192, -192, -192, -192, -192, -192, -192, -192, -192, 0, 0, 0, 0, 0, 0, 0, 0, 0, 0, 0, 0, 0, 0, 0, 0, 0, 0, 0, 0, 0, 0, 0, 0, 0, 0, 0, 0, 0, 0, 0, 0, 0, 0, 0, 0, 0, 0, 0, 0])
02-05 01:14:16.663   581  5115 D DlbDapEndpointParamCache: doCommit() Committed 32 parameters out of 37.
02-05 01:14:16.675  4841  4841 D featureTest: receive broadcast , record log :0
02-05 01:14:16.689   581  5115 D DlbDap2Process: process() called [416500] times
02-05 01:14:16.892   593  4882 D ARenderer: updateDapConfig: Updating DAP configuration
02-05 01:14:16.892   593  4882 D DlbDap2QmfProcess: setParam(iea = #1[10])
02-05 01:14:16.892   593  4882 D DlbDap2QmfProcess: setParam(msce = #1[0])
02-05 01:14:16.892   593  4882 D DlbDap2QmfProcess: setParam(mdee = #1[0])
02-05 01:14:16.892   593  4882 D DlbDap2QmfProcess: setParam(miee = #1[0])
02-05 01:14:16.892   593  4882 D DlbDap2QmfProcess: setParam(mdle = #1[0])
02-05 01:14:16.892   593  4882 D DlbDap2QmfProcess: setParam(dvle = #1[1])
02-05 01:14:16.892   593  4882 D DlbDap2QmfProcess: setParam(mave = #1[0])
02-05 01:14:16.893   593  4882 D DlbDap2QmfProcess: setParam(vcbf = #20[47, 141, 234, 328, 469, 656, 844, 1031, 1313, 1688, 2250, 3000, 3750, 4688, 5813, 7125, 9000, 11250, 13875, 19688])
02-05 01:14:16.893   593  4882 D DlbDap2QmfProcess: setParam(ieon = #1[0])
02-05 01:14:16.893   593  4882 D DlbDap2QmfProcess: setParam(gebs = #41[20, 47, 141, 234, 328, 469, 656, 844, 1031, 1313, 1688, 2250, 3000, 3750, 4688, 5813, 7125, 9000, 11250, 13875, 19688, 0, 0, 0, 0, 0, 0, 0, 0, 0, 0, 0, 0, 0, 0, 0, 0, 0, 0, 0, 0])
02-05 01:14:16.893   593  4882 D DlbDap2QmfProcess: setParam(iebs = #41[20, 65, 136, 223, 332, 467, 634, 841, 1098, 1416, 1812, 2302, 2909, 3663, 4598, 5756, 7194, 8976, 11186, 13927, 17326, 117, 133, 188, 176, 141, 149, 175, 185, 185, 200, 236, 242, 228, 213, 182, 132, 110, 68, -27, -240])
02-05 01:14:16.893   593  4882 D DlbDap2QmfProcess: setParam(dea = #1[7])
02-05 01:14:16.893   593  4882 D DlbDap2QmfProcess: setParam(dsa = #1[10])
02-05 01:14:16.893   593  4882 D DlbDap2QmfProcess: setParam(beb = #1[192])
02-05 01:14:16.893   593  4882 D DlbDap2QmfProcess: setParam(plb = #1[0])
02-05 01:14:16.893   593  4882 D DlbDap2QmfProcess: setParam(vmb = #1[144])
02-05 01:14:16.893   593  4882 D DlbDap2QmfProcess: setParam(dsb = #1[0])
02-05 01:14:16.893   593  4882 D DlbDap2QmfProcess: setParam(ded = #1[0])
02-05 01:14:16.893   593  4882 D DlbDap2QmfProcess: setParam(dom = #1[0])
02-05 01:14:16.893   593  4882 D DlbDap2QmfProcess: setParam(bew = #1[16])
02-05 01:14:16.893   593  4882 D DlbDap2QmfProcess: setParam(dvla = #1[5])
02-05 01:14:16.894   593  4882 D DlbDap2QmfProcess: setParam(dfsa = #1[10])
02-05 01:14:16.894   593  4882 D DlbDap2QmfProcess: setParam(dhsa = #1[10])
02-05 01:14:16.894   593  4882 D DlbDap2QmfProcess: setParam(dvmc = #1[0])
02-05 01:14:16.894   593  4882 D DlbDap2QmfProcess: setParam(dvle = #1[1])
02-05 01:14:16.894   593  4882 D DlbDap2QmfProcess: setParam(dvme = #1[0])
02-05 01:14:16.894   593  4882 D DlbDap2QmfProcess: setParam(becf = #1[200])
02-05 01:14:16.894   593  4882 D DlbDap2QmfProcess: setParam(vbmf = #2[94, 469])
02-05 01:14:16.894   593  4882 D DlbDap2QmfProcess: setParam(vbsf = #2[35, 160])
02-05 01:14:16.894   593  4882 D DlbDap2QmfProcess: setParam(vbhg = #3[-32, -144, -192])
02-05 01:14:16.894   593  4882 D DlbDap2QmfProcess: setParam(vbog = #1[0])
02-05 01:14:16.894   593  4882 D DlbDap2QmfProcess: setParam(vbsg = #1[0])
02-05 01:14:16.894   593  4882 D DlbDap2QmfProcess: setParam(dvli = #1[-320])
02-05 01:14:16.894   593  4882 D DlbDap2QmfProcess: setParam(dhfm = #1[0])
02-05 01:14:16.894   593  4882 D DlbDap2QmfProcess: setParam(deon = #1[0])
02-05 01:14:16.894   593  4882 D DlbDap2QmfProcess: setParam(ngon = #1[1])
02-05 01:14:16.895   593  4882 D DlbDap2QmfProcess: setParam(dvlo = #1[-320])
02-05 01:14:16.895   593  4882 D DlbDap2QmfProcess: setParam(aobs = #222[20, 10, 47, 141, 234, 328, 469, 656, 844, 1031, 1313, 1688, 2250, 3000, 3750, 4688, 5813, 7125, 9000, 11250, 13875, 19688, 0, 0, 0, 0, 0, 0, 0, 0, 0, 0, 0, 0, 0, 0, 0, 0, 0, 0, 0, 0, 0, 0, 0, 0, 0, 0, 0, 0, 0, 0, 0, 0, 0, 0, 0, 0, 0, 0, 0, 0, 0, 0, 0, 0, 0, 0, 0, 0, 0, 0, 0, 0, 0, 0, 0, 0, 0, 0, 0, 0, 0, 0, 0, 0, 0, 0, 0, 0, 0, 0, 0, 0, 0, 0, 0, 0, 0, 0, 0, 0, 0, 0, 0, 0, 0, 0, 0, 0, 0, 0, 0, 0, 0, 0, 0, 0, 0, 0, 0, 0, 0, 0, 0, 0, 0, 0, 0, 0, 0, 0, 0, 0, 0, 0, 0, 0, 0, 0, 0, 0, 0, 0, 0, 0, 0, 0, 0, 0, 0, 0, 0, 0, 0, 0, 0, 0, 0, 0, 0, 0, 0, 0, 0, 0, 0, 0, 0, 0, 0, 0, 0, 0, 0, 0, 0, 0, 0, 0, 0, 0, 0, 0, 0, 0, 0, 0, 0, 0, 0, 0, 0, 0, 0, 0, 0, 0, 0, 0, 0, 0, 0, 0, 0, 0, 0, 0, 0, 0, 0, 0, 0, 0, 0, 0, 0, 0, 0, 0, 0, 0])
02-05 01:14:16.895   593  4882 D DlbDap2QmfProcess: setParam(dvle = #1[1])
02-05 01:14:16.895   593  4882 D DlbDap2QmfProcess: setParam(dvli = #1[-496])
02-05 01:14:16.895   593  4882 D DlbDap2QmfProcess: setParam(dvlo = #1[-176])
02-05 01:14:16.895   593  4882 D ARenderer: updateDapVolumeLeveler: Setting output level to -11.00dB
02-05 01:14:16.895   593  4882 D DlbDap2QmfProcess: setParam(vmb = #1[0])
02-05 01:14:16.896   593  4882 D DlbDap2QmfProcess: setParam(preg = #1[-384])
02-05 01:14:16.896   593  4882 D DlbDap2QmfProcess: setParam(vol = #1[384])
02-05 01:14:16.896   593  4882 D DlbDap2QmfProcess: setMave(mave = 0)
02-05 01:14:19.603   581  5115 D DlbDap2Process: process() called [417000] times
