--------- beginning of system
02-05 01:15:50.631   816  2363 I ActivityManager: Force stopping com.dolby.qa.featuretest appid=10074 user=0: from pid 5604
02-05 01:15:50.632   816  2363 I ActivityManager: Killing 5511:com.dolby.qa.featuretest/u0a74 (adj 0): stop com.dolby.qa.featuretest
02-05 01:15:50.632   816  2363 W ActivityManager: Force removing ActivityRecord{25e155f u0 com.dolby.qa.featuretest/.MainActivity t267}: app died, no saved state
02-05 01:15:50.643   816  2363 I WindowManager: Failed to capture screenshot of Token{30c3bac ActivityRecord{25e155f u0 com.dolby.qa.featuretest/.MainActivity t267 f}} appWin=Window{b43579d u0 com.dolby.qa.featuretest/com.dolby.qa.featuretest.MainActivity} drawState=4
--------- beginning of main
02-05 01:15:50.668  1232  1232 D CarrierSvcBindHelper: No carrier app for: 0
02-05 01:15:50.676   589 26717 D NuPlayerDriver: reset(0xe3e79150) at state 5
02-05 01:15:50.676   816   975 I WindowManager: WIN DEATH: Window{6ffb4b1 u0 Toast}
02-05 01:15:50.676   589 26717 D NuPlayerDriver: notifyListener_l(0xe3e79150), (8, 0, 0, -1), loop setting(0, 1)
02-05 01:15:50.680  2298  2298 D RegisteredNfcFServicesCache: Service unchanged, not updating
02-05 01:15:50.689   589  5564 D NuPlayerDriver: notifyResetComplete(0xe3e79150)
02-05 01:15:50.690   589 26717 D AudioTrack: stop() called with 0 frames delivered
02-05 01:15:50.728   816  2337 I ActivityManager: START u0 {flg=0x10000000 cmp=com.dolby.qa.featuretest/.MainActivity} from uid 2000
02-05 01:15:50.754   816  2356 I ActivityManager: Start proc 5610:com.dolby.qa.featuretest/u0a74 for activity com.dolby.qa.featuretest/.MainActivity
02-05 01:15:50.755  5610  5610 I zygote64: Late-enabling -Xcheck:jni
02-05 01:15:50.950  5610  5610 D featureTest: onCreate
02-05 01:15:50.957   581   581 W AudioFlinger: createTrack_l(): mismatch between requested flags (00000008) and output flags (00000000)
02-05 01:15:50.958  5610  5610 D AudioTrack: Client defaulted notificationFrames to 3916 for frameCount 11748
02-05 01:15:50.963  5610  5610 W AudioTrack: Use of stream types is deprecated for operations other than volume control
02-05 01:15:50.963  5610  5610 W AudioTrack: See the documentation of AudioTrack() for what to use instead with android.media.AudioAttributes to qualify your playback use case
02-05 01:15:50.969  5610  5610 W DolbyAudioEffect: WARNING: attaching a DolbyAudioEffect to global output mix is deprecated!
02-05 01:15:50.974  5610  5610 D featureTest: onResume
02-05 01:15:50.988  5610  5627 D OpenGLRenderer: HWUI GL Pipeline
02-05 01:15:51.029  5610  5627 I Adreno  : QUALCOMM build                   : 7142022, Ib5823dd10c
02-05 01:15:51.029  5610  5627 I Adreno  : Build Date                       : 06/23/17
02-05 01:15:51.029  5610  5627 I Adreno  : OpenGL ES Shader Compiler Version: EV031.18.00.00
02-05 01:15:51.029  5610  5627 I Adreno  : Local Branch                     : O11A
02-05 01:15:51.029  5610  5627 I Adreno  : Remote Branch                    : 
02-05 01:15:51.029  5610  5627 I Adreno  : Remote Branch                    : 
02-05 01:15:51.029  5610  5627 I Adreno  : Reconstruct Branch               : 
02-05 01:15:51.029  5610  5627 I vndksupport: sphal namespace is not configured for this process. Loading /vendor/lib64/hw/gralloc.msm8994.so from the current namespace instead.
02-05 01:15:51.040  5610  5627 I Adreno  : PFP: 0x00000000, ME: 0x00000000
02-05 01:15:51.047  5610  5627 I OpenGLRenderer: Initialized EGL, version 1.4
02-05 01:15:51.048  5610  5627 D OpenGLRenderer: Swap behavior 2
02-05 01:15:51.070   365   365 W /system/bin/hwservicemanager: getTransportFromManifest: Cannot find entry android.hardware.graphics.mapper@2.0::IMapper in either framework or device manifest, using default transport.
02-05 01:15:51.074  5610  5627 I vndksupport: sphal namespace is not configured for this process. Loading /vendor/lib64/hw/gralloc.msm8994.so from the current namespace instead.
02-05 01:15:51.117   816   843 I ActivityManager: Displayed com.dolby.qa.featuretest/.MainActivity: +365ms
02-05 01:15:51.218   816   843 W ActivityManager: setHasOverlayUi called on unknown pid: 5511
02-05 01:15:51.561  2401  2517 W OpenGLRenderer: Incorrectly called buildLayer on View: ShortcutAndWidgetContainer, destroying layer...
02-05 01:15:51.814  5610  5610 D featureTest: receive broadcast , playing content location :/sdcard/featureTest/2ch_dd_25fps_channel_id.mp4
02-05 01:15:51.821  5610  5610 D featureTest: mMediaPlayer.getAudioSessionId(): 5641
02-05 01:15:51.821  5610  5610 D featureTest: Playing file: /sdcard/featureTest/2ch_dd_25fps_channel_id.mp4
02-05 01:15:51.823   589  1183 D NuPlayerDriver: NuPlayerDriver(0xe57324d0) created, clientPid(5610)
02-05 01:15:51.826  5610  5610 W MediaPlayer: Use of stream types is deprecated for operations other than volume control
02-05 01:15:51.826  5610  5610 W MediaPlayer: See the documentation of setAudioStreamType() for what to use instead with android.media.AudioAttributes to qualify your playback use case
02-05 01:15:51.827  5642  5642 W generic : type=1400 audit(0.0:3045): avc: denied { read } for path="/storage/emulated/0/featuretest/2ch_dd_25fps_channel_id.mp4" dev="sdcardfs" ino=523355 scontext=u:r:mediaextractor:s0 tcontext=u:object_r:sdcardfs:s0 tclass=file permissive=0
02-05 01:15:51.829   589  5642 D GenericSource: FileSource remote
02-05 01:15:51.829   589  5642 W GenericSource: extractor service cannot make data source
02-05 01:15:51.829   589  5642 D GenericSource: FileSource local
02-05 01:15:51.844   589  5640 D NuPlayerDriver: notifyListener_l(0xe57324d0), (1, 0, 0, -1), loop setting(0, 0)
02-05 01:15:51.853   589  1183 D NuPlayerDriver: start(0xe57324d0), state is 4, eos is 0
02-05 01:15:51.853   589  5640 I GenericSource: start
02-05 01:15:51.858  5610  5610 W DolbyAudioEffect: WARNING: attaching a DolbyAudioEffect to global output mix is deprecated!
02-05 01:15:51.868   593  1187 I OMXMaster: makeComponentInstance(OMX.dolby.ac3.decoder) in android.hardwar process
02-05 01:15:51.869  5610  5610 D featureTest: receive broadcast , change ds status :0
02-05 01:15:51.887   581   730 D DlbDlbEffect: handle_EFFECT_CMD_SET_PARAM()
02-05 01:15:51.900   581  5115 D DlbDapCrossfadeProcess: setEnabled transitioning from DAP_ACTIVE state to FADE_TO_BYPASS
02-05 01:15:51.912   593  1187 I DDP_JOCDecoder: -> init name OMX.dolby.ac3.decoder
02-05 01:15:51.913   593  1187 I DDP_JOCDecoder: <- init
02-05 01:15:51.913   593  1187 D DDP_JOCDecoder: initPorts
02-05 01:15:51.915   593  1187 E OMXNodeInstance: setConfig(0xf0d074e0:dolby.ac3.decoder, ConfigPriority(0x6f800002)) ERROR: Undefined(0x80001001)
02-05 01:15:51.915   589  5647 I ACodec  : codec does not support config priority (err -2147483648)
02-05 01:15:51.916   593 20870 E OMXNodeInstance: getConfig(0xf0d074e0:dolby.ac3.decoder, ConfigAndroidVendorExtension(0x6f100004)) ERROR: Undefined(0x80001001)
02-05 01:15:51.917   589  5647 I MediaCodec: MediaCodec will operate in async mode
02-05 01:15:51.917   589  5647 I ACodec  : setDolbyParameterOnProcessedAudio() Received dolby_processed_audio=1
02-05 01:15:51.917   589  5646 I NuPlayerDecoder: setDolbyMessage() Notifying player that Codec supports dolby_processed_audio flag
02-05 01:15:51.917   589  5640 I NuPlayer: onDolbyMessageReceived() Setting dolby_processed_audio flag on audio sink
02-05 01:15:51.917   589  5640 I MediaPlayerService: setDolbyParameters() Marking audio output as having dolby_processed_audio
02-05 01:15:51.918   593 20514 D DDP_JOCDecoder: internalSetParameter() Instantiating ARenderer for content processing in decoder
02-05 01:15:51.918   593 20514 I DlbDap2QmfProcess: Dap2Process()
02-05 01:15:51.918   593 20514 I ARenderer: ARenderer
02-05 01:15:51.918   593 20514 I evo_parser: evo_parser_init
02-05 01:15:51.918   593 20514 I DlbDap2QmfProcess: init()
02-05 01:15:51.918   593 20514 I DlbDap2QmfProcess: open()
02-05 01:15:51.919   593 20514 I DlbDap2QmfProcess: loadLicense() no license check!
02-05 01:15:51.919   593 20514 I DlbDap2QmfProcess: validateLicense() no license check!
02-05 01:15:51.919   593 20514 I DlbDap2QmfProcess: init() DAP opened
02-05 01:15:51.919   593 20514 I DlbDap2QmfProcess: DAP library version: 2.5.1-P2.0
02-05 01:15:51.919   593 20514 D DlbDap2QmfProcess: DAP output mode set to 1 with 2 output channels and null mix matrix.
02-05 01:15:51.919   589  5647 I ACodec  : setDolbyParameterOnProcessedAudio() Content processing enabled in decoder
02-05 01:15:51.922   593  5651 I DDP_JOCDecoder: -> start
02-05 01:15:51.922   593  5651 I EndpConfig: DAP state has changed from -1 to 0
02-05 01:15:51.922   593  5651 D DDP_JOCDecoder: Setting Max Output Channels to 2
02-05 01:15:51.922   593  5651 D DDP_JOCDecoder: setMultiChannelPCMOutDownmix mConfig->jocForceDownmixMode 1
02-05 01:15:51.922   593  5651 I udc_user: 
02-05 01:15:51.922   593  5651 I udc_user: *** DDPlus Unified Decoder Simulation  Version 1.7.3 ***
02-05 01:15:51.923   593  5651 I udc_user: 
02-05 01:15:51.923   593  5651 I udc_user: 7.1-channel decoder-converter, 
02-05 01:15:51.923   593  5651 I udc_user: 
02-05 01:15:51.923   593  5651 I udc_user: 5.1-channel dual-decoder-converter, 
02-05 01:15:51.923   593  5651 I udc_user: Karaoke unsupported, 
02-05 01:15:51.923   593  5651 I udc_user: TPNP supported. 
02-05 01:15:51.923   593  5651 I udc_user: 
02-05 01:15:51.923   593  5651 I udc_user: Unpublished work.  Copyright 2003-2014 Dolby Laboratories, Inc. and
02-05 01:15:51.923   593  5651 I udc_user: Dolby Laboratories Licensing Corporation.  All Rights Reserved.
02-05 01:15:51.923   593  5651 I udc_user: 
02-05 01:15:51.923   593  5651 I udc_user: USE OF THIS SOFTWARE IS SUBJECT TO A LEGAL AGREEMENT BETWEEN YOU AND DOLBY
02-05 01:15:51.923   593  5651 I udc_user: LABORATORIES. DO NOT USE THIS SOFTWARE UNLESS YOU AGREE TO THE TERMS AND 
02-05 01:15:51.923   593  5651 I udc_user: CONDITIONS IN THE AGREEMENT.  BY USING THIS SOFTWARE, YOU ACKNOWLEDGE THAT 
02-05 01:15:51.923   593  5651 I udc_user: YOU HAVE READ THE AGREEMENT AND THAT YOU AGREE TO BE BOUND BY ITS TERMS. 
02-05 01:15:51.923   593  5651 I udc_user: 
02-05 01:15:51.923   593  5651 I ddpdec_client_joc: ddpdec_open JOCD_MODE Buffer assignment
02-05 01:15:51.923   593  5651 D DDP_JOCDecoder: mStarted = 1
02-05 01:15:51.923   593  5651 I DDP_JOCDecoder: <- start
02-05 01:15:51.924   593  5651 D ddpdec_client_joc: ddpdec_client.c|int configDecoder()
02-05 01:15:51.924   816   816 W NotificationService: Object died trying to hide notification android.app.ITransientNotification$Stub$Proxy@aceb232 in package com.dolby.qa.featuretest
02-05 01:15:51.924   816   816 W WindowManager: removeWindowToken: Attempted to remove non-existing token: android.os.Binder@75b1ed4
02-05 01:15:51.924   816   816 W ActivityManager: setProcessForeground called on unknown pid: 5511
02-05 01:15:51.924   816   816 W NotificationService: Object died trying to show notification android.app.ITransientNotification$Stub$Proxy@8f94b83 in package com.dolby.qa.featuretest
02-05 01:15:51.925   816   816 W ActivityManager: setProcessForeground called on unknown pid: 5511
02-05 01:15:51.925   593  5651 D DDP_JOCDecoder: Setting Max Output Channels to 2
02-05 01:15:51.925   593  5651 I DlbDap2QmfProcess: close()
02-05 01:15:51.925   816   816 W NotificationService: Object died trying to show notification android.app.ITransientNotification$Stub$Proxy@1794100 in package com.dolby.qa.featuretest
02-05 01:15:51.925   593  5651 I DlbDap2QmfProcess: init()
02-05 01:15:51.925   593  5651 I DlbDap2QmfProcess: open()
02-05 01:15:51.925   593  5651 I DlbDap2QmfProcess: loadLicense() no license check!
02-05 01:15:51.925   593  5651 I DlbDap2QmfProcess: validateLicense() no license check!
02-05 01:15:51.925   593  5651 I DlbDap2QmfProcess: init() DAP opened
02-05 01:15:51.925   593  5651 I DlbDap2QmfProcess: DAP library version: 2.5.1-P2.0
02-05 01:15:51.925   593  5651 D DlbDap2QmfProcess: DAP output mode set to 1 with 2 output channels and null mix matrix.
02-05 01:15:51.925   593  5651 D ARenderer: checkAndUpdateConfig: DAP reinitialized because of sample rate change
02-05 01:15:51.925   593  5651 D ARenderer: updateDapConfig: Updating DAP configuration
02-05 01:15:51.925   593  5651 I ARenderer: updateDapConfig: Disable content processing in decoder-ARenderer
02-05 01:15:51.925   593  5651 D DlbDap2QmfProcess: setParam(deon = #1[0])
02-05 01:15:51.925   593  5651 D DlbDap2QmfProcess: setParam(dvle = #1[0])
02-05 01:15:51.925   593  5651 D DlbDap2QmfProcess: setParam(ieon = #1[0])
02-05 01:15:51.925   593  5651 D DlbDap2QmfProcess: setParam(dvme = #1[0])
02-05 01:15:51.925   593  5651 D DlbDap2QmfProcess: setParam(dom = #1[0])
02-05 01:15:51.925   593  5651 D DlbDap2QmfProcess: setParam(msce = #1[0])
02-05 01:15:51.925   593  5651 D DlbDap2QmfProcess: setParam(miee = #1[0])
02-05 01:15:51.925   593  5651 D DlbDap2QmfProcess: setParam(mdle = #1[0])
02-05 01:15:51.925   593  5651 D DlbDap2QmfProcess: setParam(mdee = #1[0])
02-05 01:15:51.925   593  5651 D DlbDap2QmfProcess: setParam(mave = #1[0])
02-05 01:15:51.925   593  5651 D DlbDap2QmfProcess: setParam(ngon = #1[0])
02-05 01:15:51.925   593  5651 D DlbDap2QmfProcess: setParam(dvle = #1[1])
02-05 01:15:51.926   593  5651 D DlbDap2QmfProcess: setParam(dvli = #1[-496])
02-05 01:15:51.926   593  5651 D DlbDap2QmfProcess: setParam(dvlo = #1[-224])
02-05 01:15:51.926   593  5651 D ARenderer: updateDapVolumeLeveler: Setting output level to -14.00dB
02-05 01:15:51.926   593  5651 D DlbDap2QmfProcess: setParam(vmb = #1[0])
02-05 01:15:51.926   593  5651 D DlbDap2QmfProcess: setParam(preg = #1[-384])
02-05 01:15:51.926   593  5651 D DlbDap2QmfProcess: setParam(vol = #1[384])
02-05 01:15:51.926   593  5651 D DlbDlbBufferProvider: setConfig() Updating buffer configuration.
02-05 01:15:51.926   593  5651 D DlbDap2QmfProcess: processQmf() called [0] times
02-05 01:15:51.926   593  5651 D DlbDap2QmfProcess: setMave(mave = 0)
02-05 01:15:51.936   589  5645 D AudioTrack: Client defaulted notificationFrames to 8125 for frameCount 24375
02-05 01:15:51.937   581  5110 I AudioFlinger: attachAuxEffect(): Marking track 760 as containing processed audio
02-05 01:15:51.937   581  5110 D AudioFlinger: trackContainsProcessedAudio() Track id 760 contains processed audio
02-05 01:15:51.937   581  5110 D AudioFlinger: trackStateChanged() Track id 760 state changed to 6
02-05 01:15:51.937   581  5110 I AudioFlinger: updateProcessedAudioState() Changing content processing in effect to 1
02-05 01:15:51.937   581  5110 D DlbDlbEffect: handle_EFFECT_CMD_SET_PARAM()
02-05 01:15:51.939   581  5110 I DlbEffectContext: setContentProcEnabled() Disabling content processing in effect
02-05 01:15:51.940   581  5110 D DlbDapEndpointParamCache: commitChangedParams()
02-05 01:15:51.940   581  5110 D DlbDapEndpointParamCache: commit() Applying parameters for device 0x40000000
02-05 01:15:51.940   581  5110 D DlbDap2Process: setParam(msce = #1[0])
02-05 01:15:51.940   581  5110 D DlbDap2Process: setParam(mdee = #1[0])
02-05 01:15:51.940   581  5110 D DlbDap2Process: setParam(miee = #1[0])
02-05 01:15:51.940   581  5110 D DlbDap2Process: setParam(mdle = #1[0])
02-05 01:15:51.940   581  5110 D DlbDap2Process: setParam(dvle = #1[0])
02-05 01:15:51.940   581  5110 D DlbDap2Process: setParam(mave = #1[0])
02-05 01:15:51.940   581  5110 D DlbDap2Process: setParam(ieon = #1[0])
02-05 01:15:51.940   581  5110 D DlbDapEndpointParamCache: doCommit() Committed 7 parameters out of 16.
02-05 01:15:51.940   581  5110 D DlbDapEndpointParamCache: commit() Overriding parameters for current device 0x00000080
02-05 01:15:51.940   581  5110 D DlbDap2Process: setParam(dom = #1[0])
02-05 01:15:51.940   581  5110 D DlbDap2Process: setParam(dvle = #1[0])
02-05 01:15:51.940   581  5110 D DlbDap2Process: setParam(dvme = #1[0])
02-05 01:15:51.940   581  5110 D DlbDap2Process: setParam(deon = #1[0])
02-05 01:15:51.940   581  5110 D DlbDap2Process: setParam(ngon = #1[0])
02-05 01:15:51.940   581  5110 D DlbDapEndpointParamCache: doCommit() Committed 5 parameters out of 37.
02-05 01:15:51.941   589  5640 D NuPlayerDriver: notifyListener_l(0xe57324d0), (6, 0, 0, -1), loop setting(0, 1)
02-05 01:15:51.941   581  5115 D DlbDap2Process: setMave(mave = 0)
02-05 01:15:51.948  5610  5610 D featureTest: receive broadcast , change ds profile id :2
02-05 01:15:51.972   581  5142 D DlbDlbEffect: handle_EFFECT_CMD_SET_PARAM()
02-05 01:15:51.972   421   460 I DapController: Profile Changed to Music
02-05 01:15:51.972   589   709 W MediaClock: reject anchor time since it is negative.
02-05 01:15:51.985   581  5115 D DlbDapEndpointParamCache: commitChangedParams()
02-05 01:15:51.985   581  5115 D DlbDapEndpointParamCache: commit() Applying parameters for device 0x40000000
02-05 01:15:51.985   581  5115 D DlbDap2Process: setParam(iea = #1[10])
02-05 01:15:51.985   581  5115 D DlbDap2Process: setParam(vcbf = #20[47, 141, 234, 328, 469, 656, 844, 1031, 1313, 1688, 2250, 3000, 3750, 4688, 5813, 7125, 9000, 11250, 13875, 19688])
02-05 01:15:51.985   581  5115 D DlbDap2Process: setParam(vbon = #1[0])
02-05 01:15:51.985   581  5115 D DlbDap2Process: setParam(beon = #1[0])
02-05 01:15:51.985   581  5115 D DlbDap2Process: setParam(geon = #1[0])
02-05 01:15:51.985   581  5115 D DlbDap2Process: setParam(gebs = #41[20, 47, 141, 234, 328, 469, 656, 844, 1031, 1313, 1688, 2250, 3000, 3750, 4688, 5813, 7125, 9000, 11250, 13875, 19688, 0, 0, 0, 0, 0, 0, 0, 0, 0, 0, 0, 0, 0, 0, 0, 0, 0, 0, 0, 0])
02-05 01:15:51.985   581  5115 D DlbDap2Process: setParam(iebs = #41[20, 65, 136, 223, 332, 467, 634, 841, 1098, 1416, 1812, 2302, 2909, 3663, 4598, 5756, 7194, 8976, 11186, 13927, 17326, 117, 133, 188, 176, 141, 149, 175, 185, 185, 200, 236, 242, 228, 213, 182, 132, 110, 68, -27, -240])
02-05 01:15:51.985   581  5115 D DlbDapEndpointParamCache: doCommit() Committed 8 parameters out of 16.
02-05 01:15:51.985   581  5115 D DlbDapEndpointParamCache: commit() Overriding parameters for current device 0x00000080
02-05 01:15:51.985   581  5115 D DlbDap2Process: setParam(dea = #1[7])
02-05 01:15:51.985   581  5115 D DlbDap2Process: setParam(dsa = #1[10])
02-05 01:15:51.985   581  5115 D DlbDap2Process: setParam(beb = #1[192])
02-05 01:15:51.985   581  5115 D DlbDap2Process: setParam(plb = #1[0])
02-05 01:15:51.985   581  5115 D DlbDap2Process: setParam(vmb = #1[144])
02-05 01:15:51.985   581  5115 D DlbDap2Process: setParam(dsb = #1[0])
02-05 01:15:51.985   581  5115 D DlbDap2Process: setParam(ded = #1[0])
02-05 01:15:51.985   581  5115 D DlbDap2Process: setParam(vbm = #1[0])
02-05 01:15:51.985   581  5115 D DlbDap2Process: setParam(bew = #1[16])
02-05 01:15:51.985   581  5115 D DlbDap2Process: setParam(dvla = #1[4])
02-05 01:15:51.985   581  5115 D DlbDap2Process: setParam(arra = #1[96])
02-05 01:15:51.985   581  5115 D DlbDap2Process: setParam(dfsa = #1[10])
02-05 01:15:51.985   581  5115 D DlbDap2Process: setParam(dhsa = #1[10])
02-05 01:15:51.985   581  5115 D DlbDap2Process: setParam(dvmc = #1[0])
02-05 01:15:51.986   581  5115 D DlbDap2Process: setParam(arod = #1[0])
02-05 01:15:51.986   581  5115 D DlbDap2Process: setParam(arde = #1[0])
02-05 01:15:51.986   581  5115 D DlbDap2Process: setParam(becf = #1[200])
02-05 01:15:51.986   581  5115 D DlbDap2Process: setParam(vbmf = #2[94, 469])
02-05 01:15:51.986   581  5115 D DlbDap2Process: setParam(vbsf = #2[35, 160])
02-05 01:15:51.986   581  5115 D DlbDap2Process: setParam(vbhg = #3[-32, -144, -192])
02-05 01:15:51.986   581  5115 D DlbDap2Process: setParam(vbog = #1[0])
02-05 01:15:51.986   581  5115 D DlbDap2Process: setParam(vbsg = #1[0])
02-05 01:15:51.986   581  5115 D DlbDap2Process: setParam(dvli = #1[-320])
02-05 01:15:51.986   581  5115 D DlbDap2Process: setParam(dhfm = #1[0])
02-05 01:15:51.986   581  5115 D DlbDap2Process: setParam(vbon = #1[0])
02-05 01:15:51.986   581  5115 D DlbDap2Process: setParam(beon = #1[0])
02-05 01:15:51.986   581  5115 D DlbDap2Process: setParam(aoon = #1[0])
02-05 01:15:51.986   581  5115 D DlbDap2Process: setParam(aron = #1[1])
02-05 01:15:51.986   581  5115 D DlbDap2Process: setParam(dvlo = #1[-320])
02-05 01:15:51.986   581  5115 D DlbDap2Process: setParam(artp = #1[12])
02-05 01:15:51.986   581  5115 D DlbDap2Process: setParam(aobs = #222[20, 10, 47, 141, 234, 328, 469, 656, 844, 1031, 1313, 1688, 2250, 3000, 3750, 4688, 5813, 7125, 9000, 11250, 13875, 19688, 0, 0, 0, 0, 0, 0, 0, 0, 0, 0, 0, 0, 0, 0, 0, 0, 0, 0, 0, 0, 0, 0, 0, 0, 0, 0, 0, 0, 0, 0, 0, 0, 0, 0, 0, 0, 0, 0, 0, 0, 0, 0, 0, 0, 0, 0, 0, 0, 0, 0, 0, 0, 0, 0, 0, 0, 0, 0, 0, 0, 0, 0, 0, 0, 0, 0, 0, 0, 0, 0, 0, 0, 0, 0, 0, 0, 0, 0, 0, 0, 0, 0, 0, 0, 0, 0, 0, 0, 0, 0, 0, 0, 0, 0, 0, 0, 0, 0, 0, 0, 0, 0, 0, 0, 0, 0, 0, 0, 0, 0, 0, 0, 0, 0, 0, 0, 0, 0, 0, 0, 0, 0, 0, 0, 0, 0, 0, 0, 0, 0, 0, 0, 0, 0, 0, 0, 0, 0, 0, 0, 0, 0, 0, 0, 0, 0, 0, 0, 0, 0, 0, 0, 0, 0, 0, 0, 0, 0, 0, 0, 0, 0, 0, 0, 0, 0, 0, 0, 0, 0, 0, 0, 0, 0, 0, 0, 0, 0, 0, 0, 0, 0, 0, 0, 0, 0, 0, 0, 0, 0, 0, 0, 0, 0, 0, 0, 0, 0, 0, 0])
02-05 01:15:51.987   581  5115 D DlbDap2Process: setParam(arbs = #81[20, 47, 141, 234, 328, 469, 656, 844, 1031, 1313, 1688, 2250, 3000, 3750, 4688, 5813, 7125, 9000, 11250, 13875, 19688, -192, -192, -192, -192, -192, -192, -192, -192, -192, -192, -192, -192, -192, -192, -192, -192, -192, -192, -192, -192, 0, 0, 0, 0, 0, 0, 0, 0, 0, 0, 0, 0, 0, 0, 0, 0, 0, 0, 0, 0, 0, 0, 0, 0, 0, 0, 0, 0, 0, 0, 0, 0, 0, 0, 0, 0, 0, 0, 0, 0])
02-05 01:15:51.987   581  5115 D DlbDapEndpointParamCache: doCommit() Committed 32 parameters out of 37.
02-05 01:15:51.999   581  5115 D DlbDapCrossfadeProcess: process transitioning from FADE_TO_BYPASS state to DAP_BYPASSED
02-05 01:15:52.005  5610  5610 D featureTest: receive broadcast , playing content location :/sdcard/featureTest/2ch_dd_25fps_channel_id.mp4
02-05 01:15:52.006   589  1183 D NuPlayerDriver: stop(0xe57324d0)
02-05 01:15:52.006   589  1183 D NuPlayerDriver: notifyListener_l(0xe57324d0), (8, 0, 0, -1), loop setting(0, 1)
02-05 01:15:52.007   589  1170 D NuPlayerDriver: reset(0xe57324d0) at state 8
02-05 01:15:52.011   593   712 I DDP_JOCDecoder: -> ~DDPDecoder
02-05 01:15:52.011   593   712 I DDP_JOCDecoder: -> stop
02-05 01:15:52.011   593   712 I DDP_JOCDecoder: <- stop
02-05 01:15:52.011   593   712 I ARenderer: ~ARenderer
02-05 01:15:52.011   593   712 I evo_parser: evo_parser_close
02-05 01:15:52.012   593   712 I DlbDap2QmfProcess: ~Dap2Process()
02-05 01:15:52.012   593   712 I DlbDap2QmfProcess: close()
02-05 01:15:52.012   593   712 I DDP_JOCDecoder: <- ~DDPDecoder
02-05 01:15:52.018   589  5640 D NuPlayerDriver: notifyResetComplete(0xe57324d0)
02-05 01:15:52.018   589   589 D NuPlayerDriver: reset(0xe57324d0) at state 0
02-05 01:15:52.019  5610  5610 V MediaPlayer: resetDrmState:  mDrmInfo=null mDrmProvisioningThread=null mPrepareDrmInProgress=false mActiveDrmScheme=false
02-05 01:15:52.020  5610  5610 V MediaPlayer: cleanDrmObj: mDrmObj=null mDrmSessionId=null
02-05 01:15:52.021  5610  5610 V MediaPlayer: resetDrmState:  mDrmInfo=null mDrmProvisioningThread=null mPrepareDrmInProgress=false mActiveDrmScheme=false
02-05 01:15:52.021  5610  5610 V MediaPlayer: cleanDrmObj: mDrmObj=null mDrmSessionId=null
02-05 01:15:52.025  5610  5610 D featureTest: mMediaPlayer.getAudioSessionId(): 5649
02-05 01:15:52.025  5610  5610 D featureTest: Playing file: /sdcard/featureTest/2ch_dd_25fps_channel_id.mp4
02-05 01:15:52.026   589  1170 D NuPlayerDriver: NuPlayerDriver(0xe3e79070) created, clientPid(5610)
02-05 01:15:52.027  5662  5662 W generic : type=1400 audit(0.0:3046): avc: denied { read } for path="/storage/emulated/0/featuretest/2ch_dd_25fps_channel_id.mp4" dev="sdcardfs" ino=523355 scontext=u:r:mediaextractor:s0 tcontext=u:object_r:sdcardfs:s0 tclass=file permissive=0
02-05 01:15:52.028  5610  5610 W MediaPlayer: Use of stream types is deprecated for operations other than volume control
02-05 01:15:52.028  5610  5610 W MediaPlayer: See the documentation of setAudioStreamType() for what to use instead with android.media.AudioAttributes to qualify your playback use case
02-05 01:15:52.030   589  5662 D GenericSource: FileSource remote
02-05 01:15:52.030   589  5662 W GenericSource: extractor service cannot make data source
02-05 01:15:52.030   589  5662 D GenericSource: FileSource local
02-05 01:15:52.046   589  5661 D NuPlayerDriver: notifyListener_l(0xe3e79070), (1, 0, 0, -1), loop setting(0, 0)
02-05 01:15:52.049   589  1170 D NuPlayerDriver: start(0xe3e79070), state is 4, eos is 0
02-05 01:15:52.049   589  5661 I GenericSource: start
02-05 01:15:52.052  5610  5610 W DolbyAudioEffect: WARNING: attaching a DolbyAudioEffect to global output mix is deprecated!
02-05 01:15:52.064  5610  5610 D featureTest: receive broadcast , change ds status :1
02-05 01:15:52.065   593   593 I OMXMaster: makeComponentInstance(OMX.dolby.ac3.decoder) in android.hardwar process
02-05 01:15:52.078   581  5143 D DlbDlbEffect: handle_EFFECT_CMD_SET_PARAM()
02-05 01:15:52.112   581  5115 D DlbDapCrossfadeProcess: setEnabled transitioning from DAP_BYPASSED state to PREROLL_ACTIVE
02-05 01:15:52.127   593   593 I DDP_JOCDecoder: -> init name OMX.dolby.ac3.decoder
02-05 01:15:52.129   593   593 I DDP_JOCDecoder: <- init
02-05 01:15:52.129   593   593 D DDP_JOCDecoder: initPorts
02-05 01:15:52.131   593   593 E OMXNodeInstance: setConfig(0xf0d07300:dolby.ac3.decoder, ConfigPriority(0x6f800002)) ERROR: Undefined(0x80001001)
02-05 01:15:52.131   589  5668 I ACodec  : codec does not support config priority (err -2147483648)
02-05 01:15:52.131   593 20870 E OMXNodeInstance: getConfig(0xf0d07300:dolby.ac3.decoder, ConfigAndroidVendorExtension(0x6f100004)) ERROR: Undefined(0x80001001)
02-05 01:15:52.132   589  5668 I MediaCodec: MediaCodec will operate in async mode
02-05 01:15:52.132   589  5668 I ACodec  : setDolbyParameterOnProcessedAudio() Received dolby_processed_audio=1
02-05 01:15:52.132   589  5667 I NuPlayerDecoder: setDolbyMessage() Notifying player that Codec supports dolby_processed_audio flag
02-05 01:15:52.132   589  5661 I NuPlayer: onDolbyMessageReceived() Setting dolby_processed_audio flag on audio sink
02-05 01:15:52.133   589  5661 I MediaPlayerService: setDolbyParameters() Marking audio output as having dolby_processed_audio
02-05 01:15:52.134   593  1162 D DDP_JOCDecoder: internalSetParameter() Instantiating ARenderer for content processing in decoder
02-05 01:15:52.134   593  1162 I DlbDap2QmfProcess: Dap2Process()
02-05 01:15:52.135   593  1162 I ARenderer: ARenderer
02-05 01:15:52.135   593  1162 I evo_parser: evo_parser_init
02-05 01:15:52.135   593  1162 I DlbDap2QmfProcess: init()
02-05 01:15:52.135   593  1162 I DlbDap2QmfProcess: open()
02-05 01:15:52.135  5610  5610 D featureTest: receive broadcast , change ds profile id :5
02-05 01:15:52.135   593  1162 I DlbDap2QmfProcess: loadLicense() no license check!
02-05 01:15:52.135   593  1162 I DlbDap2QmfProcess: validateLicense() no license check!
02-05 01:15:52.135   593  1162 I DlbDap2QmfProcess: init() DAP opened
02-05 01:15:52.135   593  1162 I DlbDap2QmfProcess: DAP library version: 2.5.1-P2.0
02-05 01:15:52.135   593  1162 D DlbDap2QmfProcess: DAP output mode set to 1 with 2 output channels and null mix matrix.
02-05 01:15:52.136   589  5668 I ACodec  : setDolbyParameterOnProcessedAudio() Content processing enabled in decoder
02-05 01:15:52.143   593  5672 I DDP_JOCDecoder: -> start
02-05 01:15:52.143   593  5672 I EndpConfig: DAP state has changed from -1 to 1
02-05 01:15:52.143   593  5672 D DDP_JOCDecoder: Setting Max Output Channels to 2
02-05 01:15:52.143   593  5672 D DDP_JOCDecoder: setMultiChannelPCMOutDownmix mConfig->jocForceDownmixMode 1
02-05 01:15:52.143   593  5672 I udc_user: 
02-05 01:15:52.143   593  5672 I udc_user: *** DDPlus Unified Decoder Simulation  Version 1.7.3 ***
02-05 01:15:52.143   593  5672 I udc_user: 
02-05 01:15:52.143   593  5672 I udc_user: 7.1-channel decoder-converter, 
02-05 01:15:52.143   593  5672 I udc_user: 
02-05 01:15:52.143   593  5672 I udc_user: 5.1-channel dual-decoder-converter, 
02-05 01:15:52.143   593  5672 I udc_user: Karaoke unsupported, 
02-05 01:15:52.143   593  5672 I udc_user: TPNP supported. 
02-05 01:15:52.143   593  5672 I udc_user: 
02-05 01:15:52.143   593  5672 I udc_user: Unpublished work.  Copyright 2003-2014 Dolby Laboratories, Inc. and
02-05 01:15:52.143   593  5672 I udc_user: Dolby Laboratories Licensing Corporation.  All Rights Reserved.
02-05 01:15:52.143   593  5672 I udc_user: 
02-05 01:15:52.143   593  5672 I udc_user: USE OF THIS SOFTWARE IS SUBJECT TO A LEGAL AGREEMENT BETWEEN YOU AND DOLBY
02-05 01:15:52.143   593  5672 I udc_user: LABORATORIES. DO NOT USE THIS SOFTWARE UNLESS YOU AGREE TO THE TERMS AND 
02-05 01:15:52.143   593  5672 I udc_user: CONDITIONS IN THE AGREEMENT.  BY USING THIS SOFTWARE, YOU ACKNOWLEDGE THAT 
02-05 01:15:52.143   593  5672 I udc_user: YOU HAVE READ THE AGREEMENT AND THAT YOU AGREE TO BE BOUND BY ITS TERMS. 
02-05 01:15:52.143   593  5672 I udc_user: 
02-05 01:15:52.144   593  5672 I ddpdec_client_joc: ddpdec_open JOCD_MODE Buffer assignment
02-05 01:15:52.144   593  5672 D DDP_JOCDecoder: mStarted = 1
02-05 01:15:52.144   593  5672 I DDP_JOCDecoder: <- start
02-05 01:15:52.145   593  5672 D ddpdec_client_joc: ddpdec_client.c|int configDecoder()
02-05 01:15:52.146   593  5672 D DDP_JOCDecoder: Setting Max Output Channels to 2
02-05 01:15:52.147   593  5672 I DlbDap2QmfProcess: close()
02-05 01:15:52.148   593  5672 I DlbDap2QmfProcess: init()
02-05 01:15:52.148   593  5672 I DlbDap2QmfProcess: open()
02-05 01:15:52.148   593  5672 I DlbDap2QmfProcess: loadLicense() no license check!
02-05 01:15:52.148   593  5672 I DlbDap2QmfProcess: validateLicense() no license check!
02-05 01:15:52.148   593  5672 I DlbDap2QmfProcess: init() DAP opened
02-05 01:15:52.148   593  5672 I DlbDap2QmfProcess: DAP library version: 2.5.1-P2.0
02-05 01:15:52.148   593  5672 D DlbDap2QmfProcess: DAP output mode set to 1 with 2 output channels and null mix matrix.
02-05 01:15:52.148   593  5672 D ARenderer: checkAndUpdateConfig: DAP reinitialized because of sample rate change
02-05 01:15:52.148   593  5672 D ARenderer: updateDapConfig: Updating DAP configuration
02-05 01:15:52.148   593  5672 D DlbDap2QmfProcess: setParam(iea = #1[10])
02-05 01:15:52.148   593  5672 D DlbDap2QmfProcess: setParam(msce = #1[0])
02-05 01:15:52.148   593  5672 D DlbDap2QmfProcess: setParam(mdee = #1[0])
02-05 01:15:52.148   593  5672 D DlbDap2QmfProcess: setParam(miee = #1[0])
02-05 01:15:52.148   593  5672 D DlbDap2QmfProcess: setParam(mdle = #1[0])
02-05 01:15:52.148   593  5672 D DlbDap2QmfProcess: setParam(dvle = #1[1])
02-05 01:15:52.149   593  5672 D DlbDap2QmfProcess: setParam(mave = #1[0])
02-05 01:15:52.149   593  5672 D DlbDap2QmfProcess: setParam(vcbf = #20[47, 141, 234, 328, 469, 656, 844, 1031, 1313, 1688, 2250, 3000, 3750, 4688, 5813, 7125, 9000, 11250, 13875, 19688])
02-05 01:15:52.149   581  4435 D DlbDlbEffect: handle_EFFECT_CMD_SET_PARAM()
02-05 01:15:52.149   593  5672 D DlbDap2QmfProcess: setParam(ieon = #1[1])
02-05 01:15:52.149   593  5672 D DlbDap2QmfProcess: setParam(gebs = #41[20, 47, 141, 234, 328, 469, 656, 844, 1031, 1313, 1688, 2250, 3000, 3750, 4688, 5813, 7125, 9000, 11250, 13875, 19688, 0, 0, 0, 0, 0, 0, 0, 0, 0, 0, 0, 0, 0, 0, 0, 0, 0, 0, 0, 0])
02-05 01:15:52.149   593  5672 D DlbDap2QmfProcess: setParam(iebs = #41[20, 65, 136, 223, 332, 467, 634, 841, 1098, 1416, 1812, 2302, 2909, 3663, 4598, 5756, 7194, 8976, 11186, 13927, 17326, 117, 133, 188, 176, 141, 149, 175, 185, 185, 200, 236, 242, 228, 213, 182, 132, 110, 68, -27, -240])
02-05 01:15:52.149   421   460 I DapController: Profile Changed to Custom
02-05 01:15:52.149   593  5672 D DlbDap2QmfProcess: setParam(dea = #1[7])
02-05 01:15:52.149   593  5672 D DlbDap2QmfProcess: setParam(dsa = #1[10])
02-05 01:15:52.149   593  5672 D DlbDap2QmfProcess: setParam(beb = #1[192])
02-05 01:15:52.149   593  5672 D DlbDap2QmfProcess: setParam(plb = #1[0])
02-05 01:15:52.149   593  5672 D DlbDap2QmfProcess: setParam(vmb = #1[144])
02-05 01:15:52.149   593  5672 D DlbDap2QmfProcess: setParam(dsb = #1[0])
02-05 01:15:52.149   593  5672 D DlbDap2QmfProcess: setParam(ded = #1[0])
02-05 01:15:52.149   593  5672 D DlbDap2QmfProcess: setParam(dom = #1[0])
02-05 01:15:52.149   593  5672 D DlbDap2QmfProcess: setParam(bew = #1[16])
02-05 01:15:52.149   593  5672 D DlbDap2QmfProcess: setParam(dvla = #1[4])
02-05 01:15:52.149   593  5672 D DlbDap2QmfProcess: setParam(dfsa = #1[10])
02-05 01:15:52.149   593  5672 D DlbDap2QmfProcess: setParam(dhsa = #1[10])
02-05 01:15:52.149   593  5672 D DlbDap2QmfProcess: setParam(dvmc = #1[0])
02-05 01:15:52.149   593  5672 D DlbDap2QmfProcess: setParam(dvle = #1[1])
02-05 01:15:52.149   593  5672 D DlbDap2QmfProcess: setParam(dvme = #1[0])
02-05 01:15:52.149   593  5672 D DlbDap2QmfProcess: setParam(becf = #1[200])
02-05 01:15:52.149   593  5672 D DlbDap2QmfProcess: setParam(vbmf = #2[94, 469])
02-05 01:15:52.149   593  5672 D DlbDap2QmfProcess: setParam(vbsf = #2[35, 160])
02-05 01:15:52.149   593  5672 D DlbDap2QmfProcess: setParam(vbhg = #3[-32, -144, -192])
02-05 01:15:52.149   593  5672 D DlbDap2QmfProcess: setParam(vbog = #1[0])
02-05 01:15:52.149   593  5672 D DlbDap2QmfProcess: setParam(vbsg = #1[0])
02-05 01:15:52.150   593  5672 D DlbDap2QmfProcess: setParam(dvli = #1[-320])
02-05 01:15:52.150   593  5672 D DlbDap2QmfProcess: setParam(dhfm = #1[0])
02-05 01:15:52.150   593  5672 D DlbDap2QmfProcess: setParam(deon = #1[0])
02-05 01:15:52.150   593  5672 D DlbDap2QmfProcess: setParam(ngon = #1[1])
02-05 01:15:52.150   593  5672 D DlbDap2QmfProcess: setParam(dvlo = #1[-320])
02-05 01:15:52.150   593  5672 D DlbDap2QmfProcess: setParam(aobs = #222[20, 10, 47, 141, 234, 328, 469, 656, 844, 1031, 1313, 1688, 2250, 3000, 3750, 4688, 5813, 7125, 9000, 11250, 13875, 19688, 0, 0, 0, 0, 0, 0, 0, 0, 0, 0, 0, 0, 0, 0, 0, 0, 0, 0, 0, 0, 0, 0, 0, 0, 0, 0, 0, 0, 0, 0, 0, 0, 0, 0, 0, 0, 0, 0, 0, 0, 0, 0, 0, 0, 0, 0, 0, 0, 0, 0, 0, 0, 0, 0, 0, 0, 0, 0, 0, 0, 0, 0, 0, 0, 0, 0, 0, 0, 0, 0, 0, 0, 0, 0, 0, 0, 0, 0, 0, 0, 0, 0, 0, 0, 0, 0, 0, 0, 0, 0, 0, 0, 0, 0, 0, 0, 0, 0, 0, 0, 0, 0, 0, 0, 0, 0, 0, 0, 0, 0, 0, 0, 0, 0, 0, 0, 0, 0, 0, 0, 0, 0, 0, 0, 0, 0, 0, 0, 0, 0, 0, 0, 0, 0, 0, 0, 0, 0, 0, 0, 0, 0, 0, 0, 0, 0, 0, 0, 0, 0, 0, 0, 0, 0, 0, 0, 0, 0, 0, 0, 0, 0, 0, 0, 0, 0, 0, 0, 0, 0, 0, 0, 0, 0, 0, 0, 0, 0, 0, 0, 0, 0, 0, 0, 0, 0, 0, 0, 0, 0, 0, 0, 0, 0, 0, 0, 0, 0, 0, 0])
02-05 01:15:52.150   593  5672 D DlbDap2QmfProcess: setParam(dvle = #1[1])
02-05 01:15:52.150   593  5672 D DlbDap2QmfProcess: setParam(dvli = #1[-496])
02-05 01:15:52.150   593  5672 D DlbDap2QmfProcess: setParam(dvlo = #1[-176])
02-05 01:15:52.150   593  5672 D ARenderer: updateDapVolumeLeveler: Setting output level to -11.00dB
02-05 01:15:52.150   593  5672 D DlbDap2QmfProcess: setParam(vmb = #1[0])
02-05 01:15:52.150   593  5672 D DlbDap2QmfProcess: setParam(preg = #1[-384])
02-05 01:15:52.150   593  5672 D DlbDap2QmfProcess: setParam(vol = #1[384])
02-05 01:15:52.150   593  5672 D DlbDlbBufferProvider: setConfig() Updating buffer configuration.
02-05 01:15:52.150   593  5672 D DlbDap2QmfProcess: processQmf() called [0] times
02-05 01:15:52.150   593  5672 D DlbDap2QmfProcess: setMave(mave = 0)
02-05 01:15:52.154   593  5672 D ARenderer: updateDapConfig: Updating DAP configuration
02-05 01:15:52.154   593  5672 D DlbDap2QmfProcess: setParam(iea = #1[10])
02-05 01:15:52.154   593  5672 D DlbDap2QmfProcess: setParam(msce = #1[0])
02-05 01:15:52.154   593  5672 D DlbDap2QmfProcess: setParam(mdee = #1[0])
02-05 01:15:52.154   593  5672 D DlbDap2QmfProcess: setParam(miee = #1[0])
02-05 01:15:52.154   593  5672 D DlbDap2QmfProcess: setParam(mdle = #1[0])
02-05 01:15:52.154   593  5672 D DlbDap2QmfProcess: setParam(dvle = #1[1])
02-05 01:15:52.154   593  5672 D DlbDap2QmfProcess: setParam(mave = #1[0])
02-05 01:15:52.154   593  5672 D DlbDap2QmfProcess: setParam(vcbf = #20[47, 141, 234, 328, 469, 656, 844, 1031, 1313, 1688, 2250, 3000, 3750, 4688, 5813, 7125, 9000, 11250, 13875, 19688])
02-05 01:15:52.154   593  5672 D DlbDap2QmfProcess: setParam(ieon = #1[0])
02-05 01:15:52.154   593  5672 D DlbDap2QmfProcess: setParam(gebs = #41[20, 47, 141, 234, 328, 469, 656, 844, 1031, 1313, 1688, 2250, 3000, 3750, 4688, 5813, 7125, 9000, 11250, 13875, 19688, 0, 0, 0, 0, 0, 0, 0, 0, 0, 0, 0, 0, 0, 0, 0, 0, 0, 0, 0, 0])
02-05 01:15:52.155   593  5672 D DlbDap2QmfProcess: setParam(iebs = #41[20, 65, 136, 223, 332, 467, 634, 841, 1098, 1416, 1812, 2302, 2909, 3663, 4598, 5756, 7194, 8976, 11186, 13927, 17326, 117, 133, 188, 176, 141, 149, 175, 185, 185, 200, 236, 242, 228, 213, 182, 132, 110, 68, -27, -240])
02-05 01:15:52.155   593  5672 D DlbDap2QmfProcess: setParam(dea = #1[7])
02-05 01:15:52.155   593  5672 D DlbDap2QmfProcess: setParam(dsa = #1[10])
02-05 01:15:52.155   593  5672 D DlbDap2QmfProcess: setParam(beb = #1[192])
02-05 01:15:52.155   593  5672 D DlbDap2QmfProcess: setParam(plb = #1[0])
02-05 01:15:52.155   593  5672 D DlbDap2QmfProcess: setParam(vmb = #1[144])
02-05 01:15:52.155   593  5672 D DlbDap2QmfProcess: setParam(dsb = #1[0])
02-05 01:15:52.155   593  5672 D DlbDap2QmfProcess: setParam(ded = #1[0])
02-05 01:15:52.155   593  5672 D DlbDap2QmfProcess: setParam(dom = #1[0])
02-05 01:15:52.155   593  5672 D DlbDap2QmfProcess: setParam(bew = #1[16])
02-05 01:15:52.155   593  5672 D DlbDap2QmfProcess: setParam(dvla = #1[5])
02-05 01:15:52.155   593  5672 D DlbDap2QmfProcess: setParam(dfsa = #1[10])
02-05 01:15:52.155   593  5672 D DlbDap2QmfProcess: setParam(dhsa = #1[10])
02-05 01:15:52.155   593  5672 D DlbDap2QmfProcess: setParam(dvmc = #1[0])
02-05 01:15:52.155   593  5672 D DlbDap2QmfProcess: setParam(dvle = #1[1])
02-05 01:15:52.155   593  5672 D DlbDap2QmfProcess: setParam(dvme = #1[0])
02-05 01:15:52.155   593  5672 D DlbDap2QmfProcess: setParam(becf = #1[200])
02-05 01:15:52.155   593  5672 D DlbDap2QmfProcess: setParam(vbmf = #2[94, 469])
02-05 01:15:52.155   593  5672 D DlbDap2QmfProcess: setParam(vbsf = #2[35, 160])
02-05 01:15:52.155   593  5672 D DlbDap2QmfProcess: setParam(vbhg = #3[-32, -144, -192])
02-05 01:15:52.156   593  5672 D DlbDap2QmfProcess: setParam(vbog = #1[0])
02-05 01:15:52.156   593  5672 D DlbDap2QmfProcess: setParam(vbsg = #1[0])
02-05 01:15:52.156   593  5672 D DlbDap2QmfProcess: setParam(dvli = #1[-320])
02-05 01:15:52.156   593  5672 D DlbDap2QmfProcess: setParam(dhfm = #1[0])
02-05 01:15:52.156   593  5672 D DlbDap2QmfProcess: setParam(deon = #1[0])
02-05 01:15:52.156   593  5672 D DlbDap2QmfProcess: setParam(ngon = #1[1])
02-05 01:15:52.156   593  5672 D DlbDap2QmfProcess: setParam(dvlo = #1[-320])
02-05 01:15:52.156   593  5672 D DlbDap2QmfProcess: setParam(aobs = #222[20, 10, 47, 141, 234, 328, 469, 656, 844, 1031, 1313, 1688, 2250, 3000, 3750, 4688, 5813, 7125, 9000, 11250, 13875, 19688, 0, 0, 0, 0, 0, 0, 0, 0, 0, 0, 0, 0, 0, 0, 0, 0, 0, 0, 0, 0, 0, 0, 0, 0, 0, 0, 0, 0, 0, 0, 0, 0, 0, 0, 0, 0, 0, 0, 0, 0, 0, 0, 0, 0, 0, 0, 0, 0, 0, 0, 0, 0, 0, 0, 0, 0, 0, 0, 0, 0, 0, 0, 0, 0, 0, 0, 0, 0, 0, 0, 0, 0, 0, 0, 0, 0, 0, 0, 0, 0, 0, 0, 0, 0, 0, 0, 0, 0, 0, 0, 0, 0, 0, 0, 0, 0, 0, 0, 0, 0, 0, 0, 0, 0, 0, 0, 0, 0, 0, 0, 0, 0, 0, 0, 0, 0, 0, 0, 0, 0, 0, 0, 0, 0, 0, 0, 0, 0, 0, 0, 0, 0, 0, 0, 0, 0, 0, 0, 0, 0, 0, 0, 0, 0, 0, 0, 0, 0, 0, 0, 0, 0, 0, 0, 0, 0, 0, 0, 0, 0, 0, 0, 0, 0, 0, 0, 0, 0, 0, 0, 0, 0, 0, 0, 0, 0, 0, 0, 0, 0, 0, 0, 0, 0, 0, 0, 0, 0, 0, 0, 0, 0, 0, 0, 0, 0, 0, 0, 0, 0])
02-05 01:15:52.156   593  5672 D DlbDap2QmfProcess: setParam(dvle = #1[1])
02-05 01:15:52.156   593  5672 D DlbDap2QmfProcess: setParam(dvli = #1[-496])
02-05 01:15:52.156   593  5672 D DlbDap2QmfProcess: setParam(dvlo = #1[-176])
02-05 01:15:52.156   593  5672 D ARenderer: updateDapVolumeLeveler: Setting output level to -11.00dB
02-05 01:15:52.156   593  5672 D DlbDap2QmfProcess: setParam(vmb = #1[0])
02-05 01:15:52.156   593  5672 D DlbDap2QmfProcess: setParam(preg = #1[-384])
02-05 01:15:52.156   593  5672 D DlbDap2QmfProcess: setParam(vol = #1[384])
02-05 01:15:52.156   593  5672 D DlbDap2QmfProcess: setMave(mave = 0)
02-05 01:15:52.158   581  5115 D DlbDapEndpointParamCache: commitChangedParams()
02-05 01:15:52.158   581  5115 D DlbDapEndpointParamCache: commit() Applying parameters for device 0x40000000
02-05 01:15:52.158   581  5115 D DlbDap2Process: setParam(iea = #1[10])
02-05 01:15:52.158   581  5115 D DlbDap2Process: setParam(vcbf = #20[47, 141, 234, 328, 469, 656, 844, 1031, 1313, 1688, 2250, 3000, 3750, 4688, 5813, 7125, 9000, 11250, 13875, 19688])
02-05 01:15:52.158   581  5115 D DlbDap2Process: setParam(vbon = #1[0])
02-05 01:15:52.158   581  5115 D DlbDap2Process: setParam(beon = #1[0])
02-05 01:15:52.158   581  5115 D DlbDap2Process: setParam(geon = #1[0])
02-05 01:15:52.158   581  5115 D DlbDap2Process: setParam(gebs = #41[20, 47, 141, 234, 328, 469, 656, 844, 1031, 1313, 1688, 2250, 3000, 3750, 4688, 5813, 7125, 9000, 11250, 13875, 19688, 0, 0, 0, 0, 0, 0, 0, 0, 0, 0, 0, 0, 0, 0, 0, 0, 0, 0, 0, 0])
02-05 01:15:52.159   581  5115 D DlbDap2Process: setParam(iebs = #41[20, 65, 136, 223, 332, 467, 634, 841, 1098, 1416, 1812, 2302, 2909, 3663, 4598, 5756, 7194, 8976, 11186, 13927, 17326, 117, 133, 188, 176, 141, 149, 175, 185, 185, 200, 236, 242, 228, 213, 182, 132, 110, 68, -27, -240])
02-05 01:15:52.159   581  5115 D DlbDapEndpointParamCache: doCommit() Committed 8 parameters out of 16.
02-05 01:15:52.159   581  5115 D DlbDapEndpointParamCache: commit() Overriding parameters for current device 0x00000080
02-05 01:15:52.159   581  5115 D DlbDap2Process: setParam(dea = #1[7])
02-05 01:15:52.159   581  5115 D DlbDap2Process: setParam(dsa = #1[10])
02-05 01:15:52.159   581  5115 D DlbDap2Process: setParam(beb = #1[192])
02-05 01:15:52.159   581  5115 D DlbDap2Process: setParam(plb = #1[0])
02-05 01:15:52.159   581  5115 D DlbDap2Process: setParam(vmb = #1[144])
02-05 01:15:52.159   581  5115 D DlbDap2Process: setParam(dsb = #1[0])
02-05 01:15:52.159   581  5115 D DlbDap2Process: setParam(ded = #1[0])
02-05 01:15:52.159   581  5115 D DlbDap2Process: setParam(vbm = #1[0])
02-05 01:15:52.159   581  5115 D DlbDap2Process: setParam(bew = #1[16])
02-05 01:15:52.159   581  5115 D DlbDap2Process: setParam(dvla = #1[5])
02-05 01:15:52.159   581  5115 D DlbDap2Process: setParam(arra = #1[96])
02-05 01:15:52.159   581  5115 D DlbDap2Process: setParam(dfsa = #1[10])
02-05 01:15:52.159   581  5115 D DlbDap2Process: setParam(dhsa = #1[10])
02-05 01:15:52.159   581  5115 D DlbDap2Process: setParam(dvmc = #1[0])
02-05 01:15:52.159   581  5115 D DlbDap2Process: setParam(arod = #1[0])
02-05 01:15:52.159   581  5115 D DlbDap2Process: setParam(arde = #1[0])
02-05 01:15:52.159   581  5115 D DlbDap2Process: setParam(becf = #1[200])
02-05 01:15:52.159   581  5115 D DlbDap2Process: setParam(vbmf = #2[94, 469])
02-05 01:15:52.159   581  5115 D DlbDap2Process: setParam(vbsf = #2[35, 160])
02-05 01:15:52.159   581  5115 D DlbDap2Process: setParam(vbhg = #3[-32, -144, -192])
02-05 01:15:52.159   581  5115 D DlbDap2Process: setParam(vbog = #1[0])
02-05 01:15:52.159   581  5115 D DlbDap2Process: setParam(vbsg = #1[0])
02-05 01:15:52.159   581  5115 D DlbDap2Process: setParam(dvli = #1[-320])
02-05 01:15:52.159   581  5115 D DlbDap2Process: setParam(dhfm = #1[0])
02-05 01:15:52.159   581  5115 D DlbDap2Process: setParam(vbon = #1[0])
02-05 01:15:52.159   581  5115 D DlbDap2Process: setParam(beon = #1[0])
02-05 01:15:52.160   581  5115 D DlbDap2Process: setParam(aoon = #1[0])
02-05 01:15:52.160   581  5115 D DlbDap2Process: setParam(aron = #1[1])
02-05 01:15:52.160   581  5115 D DlbDap2Process: setParam(dvlo = #1[-320])
02-05 01:15:52.160   581  5115 D DlbDap2Process: setParam(artp = #1[12])
02-05 01:15:52.160   581  5115 D DlbDap2Process: setParam(aobs = #222[20, 10, 47, 141, 234, 328, 469, 656, 844, 1031, 1313, 1688, 2250, 3000, 3750, 4688, 5813, 7125, 9000, 11250, 13875, 19688, 0, 0, 0, 0, 0, 0, 0, 0, 0, 0, 0, 0, 0, 0, 0, 0, 0, 0, 0, 0, 0, 0, 0, 0, 0, 0, 0, 0, 0, 0, 0, 0, 0, 0, 0, 0, 0, 0, 0, 0, 0, 0, 0, 0, 0, 0, 0, 0, 0, 0, 0, 0, 0, 0, 0, 0, 0, 0, 0, 0, 0, 0, 0, 0, 0, 0, 0, 0, 0, 0, 0, 0, 0, 0, 0, 0, 0, 0, 0, 0, 0, 0, 0, 0, 0, 0, 0, 0, 0, 0, 0, 0, 0, 0, 0, 0, 0, 0, 0, 0, 0, 0, 0, 0, 0, 0, 0, 0, 0, 0, 0, 0, 0, 0, 0, 0, 0, 0, 0, 0, 0, 0, 0, 0, 0, 0, 0, 0, 0, 0, 0, 0, 0, 0, 0, 0, 0, 0, 0, 0, 0, 0, 0, 0, 0, 0, 0, 0, 0, 0, 0, 0, 0, 0, 0, 0, 0, 0, 0, 0, 0, 0, 0, 0, 0, 0, 0, 0, 0, 0, 0, 0, 0, 0, 0, 0, 0, 0, 0, 0, 0, 0, 0, 0, 0, 0, 0, 0, 0, 0, 0, 0, 0, 0, 0, 0, 0, 0, 0, 0])
02-05 01:15:52.160   581  5115 D DlbDap2Process: setParam(arbs = #81[20, 47, 141, 234, 328, 469, 656, 844, 1031, 1313, 1688, 2250, 3000, 3750, 4688, 5813, 7125, 9000, 11250, 13875, 19688, -192, -192, -192, -192, -192, -192, -192, -192, -192, -192, -192, -192, -192, -192, -192, -192, -192, -192, -192, -192, 0, 0, 0, 0, 0, 0, 0, 0, 0, 0, 0, 0, 0, 0, 0, 0, 0, 0, 0, 0, 0, 0, 0, 0, 0, 0, 0, 0, 0, 0, 0, 0, 0, 0, 0, 0, 0, 0, 0, 0])
02-05 01:15:52.160   581  5115 D DlbDapEndpointParamCache: doCommit() Committed 32 parameters out of 37.
02-05 01:15:52.161   581  5115 D DlbDapCrossfadeProcess: process transitioning from PREROLL_ACTIVE state to FADE_TO_ACTIVE
02-05 01:15:52.168   589  5666 D AudioTrack: Client defaulted notificationFrames to 8125 for frameCount 24375
02-05 01:15:52.169   581  5355 I AudioFlinger: attachAuxEffect(): Marking track 761 as containing processed audio
02-05 01:15:52.169   581  5355 D AudioFlinger: trackContainsProcessedAudio() Track id 761 contains processed audio
02-05 01:15:52.169   581   731 D AudioFlinger: trackStateChanged() Track id 761 state changed to 6
02-05 01:15:52.170   589  5661 D NuPlayerDriver: notifyListener_l(0xe3e79070), (6, 0, 0, -1), loop setting(0, 1)
02-05 01:15:52.170   589   589 W MediaClock: reject anchor time since it is negative.
02-05 01:15:52.205  5610  5610 D featureTest: receive broadcast , change virtual speaker  virtualizer :0
02-05 01:15:52.219   581  5142 D DlbDlbEffect: handle_EFFECT_CMD_SET_PARAM()
02-05 01:15:52.255   581  3572 D AudioFlinger: trackStateChanged() Track id 760 state changed to 2
02-05 01:15:52.256   581  5115 D DlbDapCrossfadeProcess: process transitioning from FADE_TO_ACTIVE state to DAP_ACTIVE
02-05 01:15:52.274  5610  5610 D featureTest: receive broadcast , record log :0
02-05 01:15:52.286  5610  5615 I zygote64: Do partial code cache collection, code=8KB, data=14KB
02-05 01:15:52.287  5610  5615 I zygote64: After code cache collection, code=8KB, data=14KB
02-05 01:15:52.287  5610  5615 I zygote64: Increasing code cache capacity to 128KB
02-05 01:15:52.287  5610  5615 I zygote64: Do partial code cache collection, code=8KB, data=33KB
02-05 01:15:52.287  5610  5615 I zygote64: After code cache collection, code=8KB, data=33KB
02-05 01:15:52.288  5610  5615 I zygote64: Increasing code cache capacity to 256KB
02-05 01:15:52.288  5610  5615 I zygote64: Compiler allocated 8MB to compile void android.widget.TextView.<init>(android.content.Context, android.util.AttributeSet, int, int)
02-05 01:15:52.296   581  3572 D AudioFlinger: trackDestroyed() Track id 760 no longer contains processed audio
02-05 01:15:52.460   589  5666 W MediaClock: reject anchor time since it is negative.
02-05 01:15:52.987   581  5115 D DlbDap2Process: process() called [433000] times
02-05 01:15:53.946   816   816 W WindowManager: removeWindowToken: Attempted to remove non-existing token: android.os.Binder@fb9da3d
02-05 01:15:54.003   429   429 D SurfaceFlinger: duplicate layer name: changing Toast to Toast#1
02-05 01:15:54.729   571   940 E QC-QMI  : linux_qmi_qmux_io_wake_lock: Err in writing wakelock=qmuxd_port_wl_0, error [1:Operation not permitted]
02-05 01:15:54.729   571   940 E QC-QMI  : linux_qmi_qmux_io_wake_unlock: Err in writing wakelock=qmuxd_port_wl_0, error [1:Operation not permitted]
02-05 01:15:55.183  3485  3532 V Avrcp   : MSG_NATIVE_REQ_PASS_THROUGH: id=70 st=1
02-05 01:15:55.185   816   975 D MediaSessionService: Sending KeyEvent { action=ACTION_DOWN, keyCode=KEYCODE_MEDIA_PAUSE, scanCode=0, metaState=0, flags=0x0, repeatCount=0, eventTime=0, downTime=0, deviceId=-1, source=0x0 } to the restored intent ComponentInfo{com.estrongs.android.pop/com.estrongs.android.pop.app.AudioPlayerService$MediaButtonReceiver}
02-05 01:15:55.195  3485  3532 V Avrcp   : MSG_NATIVE_REQ_PASS_THROUGH: id=70 st=0
02-05 01:15:55.197   816  4855 D MediaSessionService: Sending KeyEvent { action=ACTION_UP, keyCode=KEYCODE_MEDIA_PAUSE, scanCode=0, metaState=0, flags=0x0, repeatCount=0, eventTime=0, downTime=0, deviceId=-1, source=0x0 } to the restored intent ComponentInfo{com.estrongs.android.pop/com.estrongs.android.pop.app.AudioPlayerService$MediaButtonReceiver}
02-05 01:15:55.200  3485  3485 V Avrcp   : recordKeyDispatched: KeyEvent { action=ACTION_DOWN, keyCode=KEYCODE_MEDIA_PAUSE, scanCode=0, metaState=0, flags=0x0, repeatCount=0, eventTime=0, downTime=0, deviceId=-1, source=0x0 } dispatched to com.estrongs.android.pop
02-05 01:15:55.201  3485  3485 V Avrcp   : Player 2 package: com.estrongs.android.pop
02-05 01:15:55.201  3485  3485 V Avrcp   : recordKeyDispatched: KeyEvent { action=ACTION_UP, keyCode=KEYCODE_MEDIA_PAUSE, scanCode=0, metaState=0, flags=0x0, repeatCount=0, eventTime=0, downTime=0, deviceId=-1, source=0x0 } dispatched to com.estrongs.android.pop
02-05 01:15:55.201  3485  3485 V Avrcp   : Player 2 package: com.estrongs.android.pop
02-05 01:15:55.883   581  5115 D DlbDap2Process: process() called [433500] times
02-05 01:15:55.956   816   816 W WindowManager: removeWindowToken: Attempted to remove non-existing token: android.os.Binder@cb16d2c
02-05 01:15:56.492   589  5667 I NuPlayerDecoder: [audio] saw output EOS
02-05 01:15:56.493   589  5666 D AudioTrack: stop() called with 230400 frames delivered
02-05 01:15:57.227   589  5661 D NuPlayerDriver: notifyListener_l(0xe3e79070), (2, 0, 0, -1), loop setting(0, 1)
02-05 01:15:57.228   581  5143 D AudioFlinger: trackStateChanged() Track id 761 state changed to 6
