02-05 01:15:20.308   589   589 D NuPlayerDriver: reset(0xe5732380) at state 5
02-05 01:15:20.310   589   589 D NuPlayerDriver: notifyListener_l(0xe5732380), (8, 0, 0, -1), loop setting(0, 1)
02-05 01:15:20.322   589  5269 D NuPlayerDriver: notifyResetComplete(0xe5732380)
02-05 01:15:20.323   589   589 D AudioTrack: stop() called with 0 frames delivered
02-05 01:15:20.652  5312  5312 D featureTest: onCreate
02-05 01:15:20.659   581  5142 W AudioFlinger: createTrack_l(): mismatch between requested flags (00000008) and output flags (00000000)
02-05 01:15:20.659  5312  5312 D AudioTrack: Client defaulted notificationFrames to 3916 for frameCount 11748
02-05 01:15:20.665  5312  5312 W AudioTrack: Use of stream types is deprecated for operations other than volume control
02-05 01:15:20.665  5312  5312 W AudioTrack: See the documentation of AudioTrack() for what to use instead with android.media.AudioAttributes to qualify your playback use case
02-05 01:15:20.678  5312  5312 D featureTest: onResume
02-05 01:15:20.699   581  5115 D DlbDap2Process: process() called [427500] times
02-05 01:15:21.478  5312  5312 D featureTest: receive broadcast , playing content location :/sdcard/featureTest/chopper_2.0_180_420_02.wav
02-05 01:15:21.487  5312  5312 D featureTest: mMediaPlayer.getAudioSessionId(): 5569
02-05 01:15:21.488  5312  5312 D featureTest: Playing file: /sdcard/featureTest/chopper_2.0_180_420_02.wav
02-05 01:15:21.489   589   589 D NuPlayerDriver: NuPlayerDriver(0xe5732700) created, clientPid(5312)
02-05 01:15:21.512   589  5341 D NuPlayerDriver: notifyListener_l(0xe5732700), (1, 0, 0, -1), loop setting(0, 0)
02-05 01:15:21.522   589   589 D NuPlayerDriver: start(0xe5732700), state is 4, eos is 0
02-05 01:15:21.531   593  1162 I OMXMaster: makeComponentInstance(OMX.google.raw.decoder) in android.hardwar process
02-05 01:15:21.536   589  5349 I ACodec  : codec does not support config priority (err -2147483648)
02-05 01:15:21.538   589  5349 I MediaCodec: MediaCodec will operate in async mode
02-05 01:15:21.547   581  5110 W AudioFlinger: createTrack_l(): mismatch between requested flags (00000008) and output flags (00000000)
02-05 01:15:21.548   589  5347 D AudioTrack: Client defaulted notificationFrames to 11200 for frameCount 22400
02-05 01:15:21.550   589  5341 D NuPlayerDriver: notifyListener_l(0xe5732700), (6, 0, 0, -1), loop setting(0, 1)
02-05 01:15:21.561  5312  5312 D featureTest: receive broadcast , change ds status :0
02-05 01:15:21.582   581  5143 D DlbDlbEffect: handle_EFFECT_CMD_SET_PARAM()
02-05 01:15:21.616   581  5115 D DlbDapCrossfadeProcess: setEnabled transitioning from DAP_ACTIVE state to FADE_TO_BYPASS
02-05 01:15:21.641  5312  5312 D featureTest: receive broadcast , change ds profile id :2
02-05 01:15:21.654   581  5142 D DlbDlbEffect: handle_EFFECT_CMD_SET_PARAM()
02-05 01:15:21.655   421   460 I DapController: Profile Changed to Music
02-05 01:15:21.659   581  5115 D DlbDapEndpointParamCache: commitChangedParams()
02-05 01:15:21.659   581  5115 D DlbDapEndpointParamCache: commit() Applying parameters for device 0x40000000
02-05 01:15:21.659   581  5115 D DlbDap2Process: setParam(iea = #1[10])
02-05 01:15:21.659   581  5115 D DlbDap2Process: setParam(msce = #1[0])
02-05 01:15:21.659   581  5115 D DlbDap2Process: setParam(mdee = #1[0])
02-05 01:15:21.659   581  5115 D DlbDap2Process: setParam(miee = #1[0])
02-05 01:15:21.659   581  5115 D DlbDap2Process: setParam(mdle = #1[0])
02-05 01:15:21.659   581  5115 D DlbDap2Process: setParam(dvle = #1[1])
02-05 01:15:21.659   581  5115 D DlbDap2Process: setParam(mave = #1[0])
02-05 01:15:21.660   581  5115 D DlbDap2Process: setParam(vcbf = #20[47, 141, 234, 328, 469, 656, 844, 1031, 1313, 1688, 2250, 3000, 3750, 4688, 5813, 7125, 9000, 11250, 13875, 19688])
02-05 01:15:21.660   581  5115 D DlbDap2Process: setParam(vbon = #1[0])
02-05 01:15:21.660   581  5115 D DlbDap2Process: setParam(beon = #1[0])
02-05 01:15:21.660   581  5115 D DlbDap2Process: setParam(geon = #1[0])
02-05 01:15:21.660   581  5115 D DlbDap2Process: setParam(ieon = #1[1])
02-05 01:15:21.660   581  5115 D DlbDap2Process: setParam(gebs = #41[20, 47, 141, 234, 328, 469, 656, 844, 1031, 1313, 1688, 2250, 3000, 3750, 4688, 5813, 7125, 9000, 11250, 13875, 19688, 0, 0, 0, 0, 0, 0, 0, 0, 0, 0, 0, 0, 0, 0, 0, 0, 0, 0, 0, 0])
02-05 01:15:21.660   581  5115 D DlbDap2Process: setParam(iebs = #41[20, 65, 136, 223, 332, 467, 634, 841, 1098, 1416, 1812, 2302, 2909, 3663, 4598, 5756, 7194, 8976, 11186, 13927, 17326, 117, 133, 188, 176, 141, 149, 175, 185, 185, 200, 236, 242, 228, 213, 182, 132, 110, 68, -27, -240])
02-05 01:15:21.660   581  5115 D DlbDapEndpointParamCache: doCommit() Committed 15 parameters out of 16.
02-05 01:15:21.660   581  5115 D DlbDapEndpointParamCache: commit() Overriding parameters for current device 0x00000080
02-05 01:15:21.660   581  5115 D DlbDap2Process: setParam(dea = #1[7])
02-05 01:15:21.660   581  5115 D DlbDap2Process: setParam(dsa = #1[10])
02-05 01:15:21.660   581  5115 D DlbDap2Process: setParam(beb = #1[192])
02-05 01:15:21.660   581  5115 D DlbDap2Process: setParam(plb = #1[0])
02-05 01:15:21.660   581  5115 D DlbDap2Process: setParam(vmb = #1[144])
02-05 01:15:21.660   581  5115 D DlbDap2Process: setParam(dsb = #1[0])
02-05 01:15:21.660   581  5115 D DlbDap2Process: setParam(ded = #1[0])
02-05 01:15:21.660   581  5115 D DlbDap2Process: setParam(vbm = #1[0])
02-05 01:15:21.660   581  5115 D DlbDap2Process: setParam(dom = #1[0])
02-05 01:15:21.660   581  5115 D DlbDap2Process: setParam(bew = #1[16])
02-05 01:15:21.660   581  5115 D DlbDap2Process: setParam(dvla = #1[4])
02-05 01:15:21.660   581  5115 D DlbDap2Process: setParam(arra = #1[96])
02-05 01:15:21.660   581  5115 D DlbDap2Process: setParam(dfsa = #1[10])
02-05 01:15:21.660   581  5115 D DlbDap2Process: setParam(dhsa = #1[10])
02-05 01:15:21.660   581  5115 D DlbDap2Process: setParam(dvmc = #1[0])
02-05 01:15:21.660   581  5115 D DlbDap2Process: setParam(arod = #1[0])
02-05 01:15:21.660   581  5115 D DlbDap2Process: setParam(arde = #1[0])
02-05 01:15:21.660   581  5115 D DlbDap2Process: setParam(dvle = #1[1])
02-05 01:15:21.660   581  5115 D DlbDap2Process: setParam(dvme = #1[0])
02-05 01:15:21.660   581  5115 D DlbDap2Process: setParam(becf = #1[200])
02-05 01:15:21.661   581  5115 D DlbDap2Process: setParam(vbmf = #2[94, 469])
02-05 01:15:21.661   581  5115 D DlbDap2Process: setParam(vbsf = #2[35, 160])
02-05 01:15:21.661   581  5115 D DlbDap2Process: setParam(vbhg = #3[-32, -144, -192])
02-05 01:15:21.661   581  5115 D DlbDap2Process: setParam(vbog = #1[0])
02-05 01:15:21.661   581  5115 D DlbDap2Process: setParam(vbsg = #1[0])
02-05 01:15:21.661   581  5115 D DlbDap2Process: setParam(dvli = #1[-320])
02-05 01:15:21.661   581  5115 D DlbDap2Process: setParam(dhfm = #1[0])
02-05 01:15:21.661   581  5115 D DlbDap2Process: setParam(vbon = #1[0])
02-05 01:15:21.661   581  5115 D DlbDap2Process: setParam(beon = #1[0])
02-05 01:15:21.661   581  5115 D DlbDap2Process: setParam(deon = #1[0])
02-05 01:15:21.661   581  5115 D DlbDap2Process: setParam(ngon = #1[1])
02-05 01:15:21.661   581  5115 D DlbDap2Process: setParam(aoon = #1[0])
02-05 01:15:21.661   581  5115 D DlbDap2Process: setParam(aron = #1[1])
02-05 01:15:21.661   581  5115 D DlbDap2Process: setParam(dvlo = #1[-320])
02-05 01:15:21.661   581  5115 D DlbDap2Process: setParam(artp = #1[12])
02-05 01:15:21.661   581  5115 D DlbDap2Process: setParam(aobs = #222[20, 10, 47, 141, 234, 328, 469, 656, 844, 1031, 1313, 1688, 2250, 3000, 3750, 4688, 5813, 7125, 9000, 11250, 13875, 19688, 0, 0, 0, 0, 0, 0, 0, 0, 0, 0, 0, 0, 0, 0, 0, 0, 0, 0, 0, 0, 0, 0, 0, 0, 0, 0, 0, 0, 0, 0, 0, 0, 0, 0, 0, 0, 0, 0, 0, 0, 0, 0, 0, 0, 0, 0, 0, 0, 0, 0, 0, 0, 0, 0, 0, 0, 0, 0, 0, 0, 0, 0, 0, 0, 0, 0, 0, 0, 0, 0, 0, 0, 0, 0, 0, 0, 0, 0, 0, 0, 0, 0, 0, 0, 0, 0, 0, 0, 0, 0, 0, 0, 0, 0, 0, 0, 0, 0, 0, 0, 0, 0, 0, 0, 0, 0, 0, 0, 0, 0, 0, 0, 0, 0, 0, 0, 0, 0, 0, 0, 0, 0, 0, 0, 0, 0, 0, 0, 0, 0, 0, 0, 0, 0, 0, 0, 0, 0, 0, 0, 0, 0, 0, 0, 0, 0, 0, 0, 0, 0, 0, 0, 0, 0, 0, 0, 0, 0, 0, 0, 0, 0, 0, 0, 0, 0, 0, 0, 0, 0, 0, 0, 0, 0, 0, 0, 0, 0, 0, 0, 0, 0, 0, 0, 0, 0, 0, 0, 0, 0, 0, 0, 0, 0, 0, 0, 0, 0, 0, 0])
02-05 01:15:21.661   581  5115 D DlbDap2Process: setParam(arbs = #81[20, 47, 141, 234, 328, 469, 656, 844, 1031, 1313, 1688, 2250, 3000, 3750, 4688, 5813, 7125, 9000, 11250, 13875, 19688, -192, -192, -192, -192, -192, -192, -192, -192, -192, -192, -192, -192, -192, -192, -192, -192, -192, -192, -192, -192, 0, 0, 0, 0, 0, 0, 0, 0, 0, 0, 0, 0, 0, 0, 0, 0, 0, 0, 0, 0, 0, 0, 0, 0, 0, 0, 0, 0, 0, 0, 0, 0, 0, 0, 0, 0, 0, 0, 0, 0])
02-05 01:15:21.661   581  5115 D DlbDapEndpointParamCache: doCommit() Committed 37 parameters out of 37.
02-05 01:15:21.661   581  5115 D DlbDap2Process: setMave(mave = 0)
02-05 01:15:21.722  5312  5312 D featureTest: receive broadcast , playing content location :/sdcard/featureTest/chopper_2.0_180_420_02.wav
02-05 01:15:21.724   589  1170 D NuPlayerDriver: stop(0xe5732700)
02-05 01:15:21.724   589  1170 D NuPlayerDriver: notifyListener_l(0xe5732700), (8, 0, 0, -1), loop setting(0, 1)
02-05 01:15:21.725   589  1183 D NuPlayerDriver: reset(0xe5732700) at state 8
02-05 01:15:21.732   581  5115 D DlbDapCrossfadeProcess: process transitioning from FADE_TO_BYPASS state to DAP_BYPASSED
02-05 01:15:21.734   589  5341 D NuPlayerDriver: notifyResetComplete(0xe5732700)
02-05 01:15:21.734   589   709 D NuPlayerDriver: reset(0xe5732700) at state 0
02-05 01:15:21.743  5312  5312 D featureTest: mMediaPlayer.getAudioSessionId(): 5577
02-05 01:15:21.744  5312  5312 D featureTest: Playing file: /sdcard/featureTest/chopper_2.0_180_420_02.wav
02-05 01:15:21.745   589   589 D NuPlayerDriver: NuPlayerDriver(0xe3e79150) created, clientPid(5312)
02-05 01:15:21.767   589  5367 D NuPlayerDriver: notifyListener_l(0xe3e79150), (1, 0, 0, -1), loop setting(0, 0)
02-05 01:15:21.771   589   589 D NuPlayerDriver: start(0xe3e79150), state is 4, eos is 0
02-05 01:15:21.777   593   593 I OMXMaster: makeComponentInstance(OMX.google.raw.decoder) in android.hardwar process
02-05 01:15:21.782   589  5373 I ACodec  : codec does not support config priority (err -2147483648)
02-05 01:15:21.783   589  5373 I MediaCodec: MediaCodec will operate in async mode
02-05 01:15:21.791   581  4435 W AudioFlinger: createTrack_l(): mismatch between requested flags (00000008) and output flags (00000000)
02-05 01:15:21.792   589  5371 D AudioTrack: Client defaulted notificationFrames to 11200 for frameCount 22400
02-05 01:15:21.794   589  5367 D NuPlayerDriver: notifyListener_l(0xe3e79150), (6, 0, 0, -1), loop setting(0, 1)
02-05 01:15:21.795  5312  5312 D featureTest: receive broadcast , change ds status :1
02-05 01:15:21.807   581  5356 D DlbDlbEffect: handle_EFFECT_CMD_SET_PARAM()
02-05 01:15:21.856   581  5115 D DlbDapCrossfadeProcess: setEnabled transitioning from DAP_BYPASSED state to PREROLL_ACTIVE
02-05 01:15:21.859  5312  5312 D featureTest: receive broadcast , change ds profile id :5
02-05 01:15:21.871   581  5142 D DlbDlbEffect: handle_EFFECT_CMD_SET_PARAM()
02-05 01:15:21.871   421   460 I DapController: Profile Changed to Custom
02-05 01:15:21.879   581  5115 D DlbDapEndpointParamCache: commitChangedParams()
02-05 01:15:21.879   581  5115 D DlbDapEndpointParamCache: commit() Applying parameters for device 0x40000000
02-05 01:15:21.880   581  5115 D DlbDap2Process: setParam(iea = #1[10])
02-05 01:15:21.880   581  5115 D DlbDap2Process: setParam(msce = #1[0])
02-05 01:15:21.880   581  5115 D DlbDap2Process: setParam(mdee = #1[0])
02-05 01:15:21.880   581  5115 D DlbDap2Process: setParam(miee = #1[0])
02-05 01:15:21.880   581  5115 D DlbDap2Process: setParam(mdle = #1[0])
02-05 01:15:21.880   581  5115 D DlbDap2Process: setParam(dvle = #1[1])
02-05 01:15:21.880   581  5115 D DlbDap2Process: setParam(mave = #1[0])
02-05 01:15:21.880   581  5115 D DlbDap2Process: setParam(vcbf = #20[47, 141, 234, 328, 469, 656, 844, 1031, 1313, 1688, 2250, 3000, 3750, 4688, 5813, 7125, 9000, 11250, 13875, 19688])
02-05 01:15:21.880   581  5115 D DlbDap2Process: setParam(vbon = #1[0])
02-05 01:15:21.880   581  5115 D DlbDap2Process: setParam(beon = #1[0])
02-05 01:15:21.880   581  5115 D DlbDap2Process: setParam(geon = #1[0])
02-05 01:15:21.880   581  5115 D DlbDap2Process: setParam(ieon = #1[0])
02-05 01:15:21.880   581  5115 D DlbDap2Process: setParam(gebs = #41[20, 47, 141, 234, 328, 469, 656, 844, 1031, 1313, 1688, 2250, 3000, 3750, 4688, 5813, 7125, 9000, 11250, 13875, 19688, 0, 0, 0, 0, 0, 0, 0, 0, 0, 0, 0, 0, 0, 0, 0, 0, 0, 0, 0, 0])
02-05 01:15:21.880   581  5115 D DlbDap2Process: setParam(iebs = #41[20, 65, 136, 223, 332, 467, 634, 841, 1098, 1416, 1812, 2302, 2909, 3663, 4598, 5756, 7194, 8976, 11186, 13927, 17326, 117, 133, 188, 176, 141, 149, 175, 185, 185, 200, 236, 242, 228, 213, 182, 132, 110, 68, -27, -240])
02-05 01:15:21.880   581  5115 D DlbDapEndpointParamCache: doCommit() Committed 15 parameters out of 16.
02-05 01:15:21.880   581  5115 D DlbDapEndpointParamCache: commit() Overriding parameters for current device 0x00000080
02-05 01:15:21.880   581  5115 D DlbDap2Process: setParam(dea = #1[7])
02-05 01:15:21.880   581  5115 D DlbDap2Process: setParam(dsa = #1[10])
02-05 01:15:21.880   581  5115 D DlbDap2Process: setParam(beb = #1[192])
02-05 01:15:21.880   581  5115 D DlbDap2Process: setParam(plb = #1[0])
02-05 01:15:21.880   581  5115 D DlbDap2Process: setParam(vmb = #1[144])
02-05 01:15:21.880   581  5115 D DlbDap2Process: setParam(dsb = #1[0])
02-05 01:15:21.880   581  5115 D DlbDap2Process: setParam(ded = #1[0])
02-05 01:15:21.880   581  5115 D DlbDap2Process: setParam(vbm = #1[0])
02-05 01:15:21.880   581  5115 D DlbDap2Process: setParam(dom = #1[0])
02-05 01:15:21.881   581  5115 D DlbDap2Process: setParam(bew = #1[16])
02-05 01:15:21.881   581  5115 D DlbDap2Process: setParam(dvla = #1[5])
02-05 01:15:21.881   581  5115 D DlbDap2Process: setParam(arra = #1[96])
02-05 01:15:21.881   581  5115 D DlbDap2Process: setParam(dfsa = #1[10])
02-05 01:15:21.881   581  5115 D DlbDap2Process: setParam(dhsa = #1[10])
02-05 01:15:21.881   581  5115 D DlbDap2Process: setParam(dvmc = #1[0])
02-05 01:15:21.881   581  5115 D DlbDap2Process: setParam(arod = #1[0])
02-05 01:15:21.881   581  5115 D DlbDap2Process: setParam(arde = #1[0])
02-05 01:15:21.881   581  5115 D DlbDap2Process: setParam(dvle = #1[1])
02-05 01:15:21.881   581  5115 D DlbDap2Process: setParam(dvme = #1[0])
02-05 01:15:21.881   581  5115 D DlbDap2Process: setParam(becf = #1[200])
02-05 01:15:21.881   581  5115 D DlbDap2Process: setParam(vbmf = #2[94, 469])
02-05 01:15:21.881   581  5115 D DlbDap2Process: setParam(vbsf = #2[35, 160])
02-05 01:15:21.881   581  5115 D DlbDap2Process: setParam(vbhg = #3[-32, -144, -192])
02-05 01:15:21.881   581  5115 D DlbDap2Process: setParam(vbog = #1[0])
02-05 01:15:21.881   581  5115 D DlbDap2Process: setParam(vbsg = #1[0])
02-05 01:15:21.881   581  5115 D DlbDap2Process: setParam(dvli = #1[-320])
02-05 01:15:21.881   581  5115 D DlbDap2Process: setParam(dhfm = #1[0])
02-05 01:15:21.881   581  5115 D DlbDap2Process: setParam(vbon = #1[0])
02-05 01:15:21.881   581  5115 D DlbDap2Process: setParam(beon = #1[0])
02-05 01:15:21.881   581  5115 D DlbDap2Process: setParam(deon = #1[0])
02-05 01:15:21.881   581  5115 D DlbDap2Process: setParam(ngon = #1[1])
02-05 01:15:21.881   581  5115 D DlbDap2Process: setParam(aoon = #1[0])
02-05 01:15:21.881   581  5115 D DlbDap2Process: setParam(aron = #1[1])
02-05 01:15:21.881   581  5115 D DlbDap2Process: setParam(dvlo = #1[-320])
02-05 01:15:21.881   581  5115 D DlbDap2Process: setParam(artp = #1[12])
02-05 01:15:21.882   581  5115 D DlbDap2Process: setParam(aobs = #222[20, 10, 47, 141, 234, 328, 469, 656, 844, 1031, 1313, 1688, 2250, 3000, 3750, 4688, 5813, 7125, 9000, 11250, 13875, 19688, 0, 0, 0, 0, 0, 0, 0, 0, 0, 0, 0, 0, 0, 0, 0, 0, 0, 0, 0, 0, 0, 0, 0, 0, 0, 0, 0, 0, 0, 0, 0, 0, 0, 0, 0, 0, 0, 0, 0, 0, 0, 0, 0, 0, 0, 0, 0, 0, 0, 0, 0, 0, 0, 0, 0, 0, 0, 0, 0, 0, 0, 0, 0, 0, 0, 0, 0, 0, 0, 0, 0, 0, 0, 0, 0, 0, 0, 0, 0, 0, 0, 0, 0, 0, 0, 0, 0, 0, 0, 0, 0, 0, 0, 0, 0, 0, 0, 0, 0, 0, 0, 0, 0, 0, 0, 0, 0, 0, 0, 0, 0, 0, 0, 0, 0, 0, 0, 0, 0, 0, 0, 0, 0, 0, 0, 0, 0, 0, 0, 0, 0, 0, 0, 0, 0, 0, 0, 0, 0, 0, 0, 0, 0, 0, 0, 0, 0, 0, 0, 0, 0, 0, 0, 0, 0, 0, 0, 0, 0, 0, 0, 0, 0, 0, 0, 0, 0, 0, 0, 0, 0, 0, 0, 0, 0, 0, 0, 0, 0, 0, 0, 0, 0, 0, 0, 0, 0, 0, 0, 0, 0, 0, 0, 0, 0, 0, 0, 0, 0, 0])
02-05 01:15:21.882   581  5115 D DlbDap2Process: setParam(arbs = #81[20, 47, 141, 234, 328, 469, 656, 844, 1031, 1313, 1688, 2250, 3000, 3750, 4688, 5813, 7125, 9000, 11250, 13875, 19688, -192, -192, -192, -192, -192, -192, -192, -192, -192, -192, -192, -192, -192, -192, -192, -192, -192, -192, -192, -192, 0, 0, 0, 0, 0, 0, 0, 0, 0, 0, 0, 0, 0, 0, 0, 0, 0, 0, 0, 0, 0, 0, 0, 0, 0, 0, 0, 0, 0, 0, 0, 0, 0, 0, 0, 0, 0, 0, 0, 0])
02-05 01:15:21.882   581  5115 D DlbDapEndpointParamCache: doCommit() Committed 37 parameters out of 37.
02-05 01:15:21.882   581  5115 D DlbDap2Process: setMave(mave = 0)
02-05 01:15:21.884   581  5115 D DlbDapCrossfadeProcess: process transitioning from PREROLL_ACTIVE state to FADE_TO_ACTIVE
02-05 01:15:21.937  5312  5312 D featureTest: receive broadcast , change virtual speaker  virtualizer :0
02-05 01:15:21.954   581  5355 D DlbDlbEffect: handle_EFFECT_CMD_SET_PARAM()
02-05 01:15:22.016   581  5115 D DlbDapCrossfadeProcess: process transitioning from FADE_TO_ACTIVE state to DAP_ACTIVE
02-05 01:15:22.017  5312  5312 D featureTest: receive broadcast , record log :0
02-05 01:15:23.699   581  5115 D DlbDap2Process: process() called [428000] times
02-05 01:15:26.596   581  5115 D DlbDap2Process: process() called [428500] times
