--------- beginning of system
02-05 01:14:15.270   816   964 I ActivityManager: Force stopping com.dolby.qa.featuretest appid=10074 user=0: from pid 4835
02-05 01:14:15.271   816   964 I ActivityManager: Killing 4760:com.dolby.qa.featuretest/u0a74 (adj 0): stop com.dolby.qa.featuretest
02-05 01:14:15.272   816   964 W ActivityManager: Force removing ActivityRecord{d93aafb u0 com.dolby.qa.featuretest/.MainActivity t259}: app died, no saved state
02-05 01:14:15.279   816   964 I WindowManager: Failed to capture screenshot of Token{f1a7718 ActivityRecord{d93aafb u0 com.dolby.qa.featuretest/.MainActivity t259 f}} appWin=Window{f88c9bf u0 com.dolby.qa.featuretest/com.dolby.qa.featuretest.MainActivity} drawState=4
--------- beginning of main
02-05 01:14:15.304  1232  1232 D CarrierSvcBindHelper: No carrier app for: 0
02-05 01:14:15.308   816   894 W InputDispatcher: channel 'b8f593e Toast (server)' ~ Consumer closed input channel or an error occurred.  events=0x9
02-05 01:14:15.308   816   894 E InputDispatcher: channel 'b8f593e Toast (server)' ~ Channel is unrecoverably broken and will be disposed!
02-05 01:14:15.308   589   589 D NuPlayerDriver: reset(0xe57327e0) at state 5
02-05 01:14:15.311  2298  2298 D RegisteredNfcFServicesCache: Service unchanged, not updating
02-05 01:14:15.312   816  2363 I WindowManager: WIN DEATH: Window{b8f593e u0 Toast}
02-05 01:14:15.312   816  2363 W InputDispatcher: Attempted to unregister already unregistered input channel 'b8f593e Toast (server)'
02-05 01:14:15.312   589   589 D NuPlayerDriver: notifyListener_l(0xe57327e0), (8, 0, 0, -1), loop setting(0, 1)
02-05 01:14:15.326   589  4788 D NuPlayerDriver: notifyResetComplete(0xe57327e0)
02-05 01:14:15.326   589   589 D AudioTrack: stop() called with 0 frames delivered
02-05 01:14:15.367   816  2347 I ActivityManager: START u0 {flg=0x10000000 cmp=com.dolby.qa.featuretest/.MainActivity} from uid 2000
02-05 01:14:15.394   816  2356 I ActivityManager: Start proc 4841:com.dolby.qa.featuretest/u0a74 for activity com.dolby.qa.featuretest/.MainActivity
02-05 01:14:15.395  4841  4841 I zygote64: Late-enabling -Xcheck:jni
02-05 01:14:15.560  4841  4841 D featureTest: onCreate
02-05 01:14:15.567   581  4435 W AudioFlinger: createTrack_l(): mismatch between requested flags (00000008) and output flags (00000000)
02-05 01:14:15.568  4841  4841 D AudioTrack: Client defaulted notificationFrames to 3916 for frameCount 11748
02-05 01:14:15.572  4841  4841 W AudioTrack: Use of stream types is deprecated for operations other than volume control
02-05 01:14:15.572  4841  4841 W AudioTrack: See the documentation of AudioTrack() for what to use instead with android.media.AudioAttributes to qualify your playback use case
02-05 01:14:15.578  4841  4841 W DolbyAudioEffect: WARNING: attaching a DolbyAudioEffect to global output mix is deprecated!
02-05 01:14:15.584  4841  4841 D featureTest: onResume
02-05 01:14:15.603  4841  4859 D OpenGLRenderer: HWUI GL Pipeline
02-05 01:14:15.651  4841  4859 I Adreno  : QUALCOMM build                   : 7142022, Ib5823dd10c
02-05 01:14:15.651  4841  4859 I Adreno  : Build Date                       : 06/23/17
02-05 01:14:15.651  4841  4859 I Adreno  : OpenGL ES Shader Compiler Version: EV031.18.00.00
02-05 01:14:15.651  4841  4859 I Adreno  : Local Branch                     : O11A
02-05 01:14:15.651  4841  4859 I Adreno  : Remote Branch                    : 
02-05 01:14:15.651  4841  4859 I Adreno  : Remote Branch                    : 
02-05 01:14:15.651  4841  4859 I Adreno  : Reconstruct Branch               : 
02-05 01:14:15.652  4841  4859 I vndksupport: sphal namespace is not configured for this process. Loading /vendor/lib64/hw/gralloc.msm8994.so from the current namespace instead.
02-05 01:14:15.663  4841  4859 I Adreno  : PFP: 0x00000000, ME: 0x00000000
02-05 01:14:15.672  4841  4859 I OpenGLRenderer: Initialized EGL, version 1.4
02-05 01:14:15.672  4841  4859 D OpenGLRenderer: Swap behavior 2
02-05 01:14:15.688   365   365 W /system/bin/hwservicemanager: getTransportFromManifest: Cannot find entry android.hardware.graphics.mapper@2.0::IMapper in either framework or device manifest, using default transport.
02-05 01:14:15.692  4841  4859 I vndksupport: sphal namespace is not configured for this process. Loading /vendor/lib64/hw/gralloc.msm8994.so from the current namespace instead.
02-05 01:14:15.740   816   843 I ActivityManager: Displayed com.dolby.qa.featuretest/.MainActivity: +348ms
02-05 01:14:15.838   816   843 W ActivityManager: setHasOverlayUi called on unknown pid: 4760
02-05 01:14:16.058   816   816 W NotificationService: Object died trying to hide notification android.app.ITransientNotification$Stub$Proxy@52f9b4e in package com.dolby.qa.featuretest
02-05 01:14:16.058   816   816 W WindowManager: removeWindowToken: Attempted to remove non-existing token: android.os.Binder@5cd54c0
02-05 01:14:16.188  2401  2517 W OpenGLRenderer: Incorrectly called buildLayer on View: ShortcutAndWidgetContainer, destroying layer...
02-05 01:14:16.455  4841  4841 D featureTest: receive broadcast , playing content location :/sdcard/featureTest/7ch_ddp_25fps_diff_music_01.mp4
02-05 01:14:16.466  4841  4841 D featureTest: mMediaPlayer.getAudioSessionId(): 5481
02-05 01:14:16.467  4841  4841 D featureTest: Playing file: /sdcard/featureTest/7ch_ddp_25fps_diff_music_01.mp4
02-05 01:14:16.468   589  1183 D NuPlayerDriver: NuPlayerDriver(0xe5732850) created, clientPid(4841)
02-05 01:14:16.470  4873  4873 W generic : type=1400 audit(0.0:3033): avc: denied { read } for path="/storage/emulated/0/featuretest/7ch_ddp_25fps_diff_music_01.mp4" dev="sdcardfs" ino=523299 scontext=u:r:mediaextractor:s0 tcontext=u:object_r:sdcardfs:s0 tclass=file permissive=0
02-05 01:14:16.471  4841  4841 W MediaPlayer: Use of stream types is deprecated for operations other than volume control
02-05 01:14:16.471  4841  4841 W MediaPlayer: See the documentation of setAudioStreamType() for what to use instead with android.media.AudioAttributes to qualify your playback use case
02-05 01:14:16.473   589  4873 D GenericSource: FileSource remote
02-05 01:14:16.473   589  4873 W GenericSource: extractor service cannot make data source
02-05 01:14:16.473   589  4873 D GenericSource: FileSource local
02-05 01:14:16.488   589  4870 D NuPlayerDriver: notifyListener_l(0xe5732850), (1, 0, 0, -1), loop setting(0, 0)
02-05 01:14:16.498   589  1183 D NuPlayerDriver: start(0xe5732850), state is 4, eos is 0
02-05 01:14:16.498   589  4870 I GenericSource: start
02-05 01:14:16.506  4841  4841 W DolbyAudioEffect: WARNING: attaching a DolbyAudioEffect to global output mix is deprecated!
02-05 01:14:16.511   593   712 I OMXMaster: makeComponentInstance(OMX.dolby.eac3.decoder) in android.hardwar process
02-05 01:14:16.533  4841  4841 D featureTest: receive broadcast , change ds status :1
02-05 01:14:16.562   593   712 I DDP_JOCDecoder: -> init name OMX.dolby.eac3.decoder
02-05 01:14:16.565   581  5110 D DlbDlbEffect: handle_EFFECT_CMD_SET_PARAM()
02-05 01:14:16.568   593   712 I DDP_JOCDecoder: <- init
02-05 01:14:16.568   593   712 D DDP_JOCDecoder: initPorts
02-05 01:14:16.571   593   712 E OMXNodeInstance: setConfig(0xf0d070c0:dolby.eac3.decoder, ConfigPriority(0x6f800002)) ERROR: Undefined(0x80001001)
02-05 01:14:16.572   589  4878 I ACodec  : codec does not support config priority (err -2147483648)
02-05 01:14:16.572   593  1187 E OMXNodeInstance: getConfig(0xf0d070c0:dolby.eac3.decoder, ConfigAndroidVendorExtension(0x6f100004)) ERROR: Undefined(0x80001001)
02-05 01:14:16.573   589  4878 I MediaCodec: MediaCodec will operate in async mode
02-05 01:14:16.573   589  4878 I ACodec  : setDolbyParameterOnProcessedAudio() Received dolby_processed_audio=1
02-05 01:14:16.573   589  4877 I NuPlayerDecoder: setDolbyMessage() Notifying player that Codec supports dolby_processed_audio flag
02-05 01:14:16.574   589  4870 I NuPlayer: onDolbyMessageReceived() Setting dolby_processed_audio flag on audio sink
02-05 01:14:16.574   589  4870 I MediaPlayerService: setDolbyParameters() Marking audio output as having dolby_processed_audio
02-05 01:14:16.575   593 20514 D DDP_JOCDecoder: internalSetParameter() Instantiating ARenderer for content processing in decoder
02-05 01:14:16.575   593 20514 I DlbDap2QmfProcess: Dap2Process()
02-05 01:14:16.575   593 20514 I ARenderer: ARenderer
02-05 01:14:16.575   593 20514 I evo_parser: evo_parser_init
02-05 01:14:16.575   593 20514 I DlbDap2QmfProcess: init()
02-05 01:14:16.575   593 20514 I DlbDap2QmfProcess: open()
02-05 01:14:16.576   593 20514 I DlbDap2QmfProcess: loadLicense() no license check!
02-05 01:14:16.576   593 20514 I DlbDap2QmfProcess: validateLicense() no license check!
02-05 01:14:16.576   593 20514 I DlbDap2QmfProcess: init() DAP opened
02-05 01:14:16.576   593 20514 I DlbDap2QmfProcess: DAP library version: 2.5.1-P2.0
02-05 01:14:16.576   593 20514 D DlbDap2QmfProcess: DAP output mode set to 1 with 2 output channels and null mix matrix.
02-05 01:14:16.576   589  4878 I ACodec  : setDolbyParameterOnProcessedAudio() Content processing enabled in decoder
02-05 01:14:16.580   593  4882 I DDP_JOCDecoder: -> start
02-05 01:14:16.580   593  4882 I EndpConfig: DAP state has changed from -1 to 1
02-05 01:14:16.580   593  4882 D DDP_JOCDecoder: Setting Max Output Channels to 2
02-05 01:14:16.580   593  4882 D DDP_JOCDecoder: setMultiChannelPCMOutDownmix mConfig->jocForceDownmixMode 1
02-05 01:14:16.581   593  4882 I udc_user: 
02-05 01:14:16.581   593  4882 I udc_user: *** DDPlus Unified Decoder Simulation  Version 1.7.3 ***
02-05 01:14:16.581   593  4882 I udc_user: 
02-05 01:14:16.581   593  4882 I udc_user: 7.1-channel decoder-converter, 
02-05 01:14:16.581   593  4882 I udc_user: 
02-05 01:14:16.581   593  4882 I udc_user: 5.1-channel dual-decoder-converter, 
02-05 01:14:16.581   593  4882 I udc_user: Karaoke unsupported, 
02-05 01:14:16.581   593  4882 I udc_user: TPNP supported. 
02-05 01:14:16.581   593  4882 I udc_user: 
02-05 01:14:16.581   593  4882 I udc_user: Unpublished work.  Copyright 2003-2014 Dolby Laboratories, Inc. and
02-05 01:14:16.581   593  4882 I udc_user: Dolby Laboratories Licensing Corporation.  All Rights Reserved.
02-05 01:14:16.581   593  4882 I udc_user: 
02-05 01:14:16.581   593  4882 I udc_user: USE OF THIS SOFTWARE IS SUBJECT TO A LEGAL AGREEMENT BETWEEN YOU AND DOLBY
02-05 01:14:16.581   593  4882 I udc_user: LABORATORIES. DO NOT USE THIS SOFTWARE UNLESS YOU AGREE TO THE TERMS AND 
02-05 01:14:16.581   593  4882 I udc_user: CONDITIONS IN THE AGREEMENT.  BY USING THIS SOFTWARE, YOU ACKNOWLEDGE THAT 
02-05 01:14:16.581   593  4882 I udc_user: YOU HAVE READ THE AGREEMENT AND THAT YOU AGREE TO BE BOUND BY ITS TERMS. 
02-05 01:14:16.581   593  4882 I udc_user: 
02-05 01:14:16.581   593  4882 I ddpdec_client_joc: ddpdec_open JOCD_MODE Buffer assignment
02-05 01:14:16.581   593  4882 D DDP_JOCDecoder: mStarted = 1
02-05 01:14:16.581   593  4882 I DDP_JOCDecoder: <- start
02-05 01:14:16.582   593  4882 D ddpdec_client_joc: ddpdec_client.c|int configDecoder()
02-05 01:14:16.583   593  4882 D DDP_JOCDecoder: Setting Max Output Channels to 2
02-05 01:14:16.584   593  4882 I DlbDap2QmfProcess: close()
02-05 01:14:16.584   593  4882 I DlbDap2QmfProcess: init()
02-05 01:14:16.584   593  4882 I DlbDap2QmfProcess: open()
02-05 01:14:16.585   593  4882 I DlbDap2QmfProcess: loadLicense() no license check!
02-05 01:14:16.585   593  4882 I DlbDap2QmfProcess: validateLicense() no license check!
02-05 01:14:16.585   593  4882 I DlbDap2QmfProcess: init() DAP opened
02-05 01:14:16.585   593  4882 I DlbDap2QmfProcess: DAP library version: 2.5.1-P2.0
02-05 01:14:16.585   593  4882 D DlbDap2QmfProcess: DAP output mode set to 1 with 2 output channels and null mix matrix.
02-05 01:14:16.585   593  4882 D ARenderer: checkAndUpdateConfig: DAP reinitialized because of sample rate change
02-05 01:14:16.585   593  4882 D ARenderer: updateDapConfig: Updating DAP configuration
02-05 01:14:16.585   593  4882 D DlbDap2QmfProcess: setParam(iea = #1[10])
02-05 01:14:16.585   593  4882 D DlbDap2QmfProcess: setParam(msce = #1[0])
02-05 01:14:16.585   593  4882 D DlbDap2QmfProcess: setParam(mdee = #1[0])
02-05 01:14:16.585   593  4882 D DlbDap2QmfProcess: setParam(miee = #1[0])
02-05 01:14:16.585   593  4882 D DlbDap2QmfProcess: setParam(mdle = #1[0])
02-05 01:14:16.585   593  4882 D DlbDap2QmfProcess: setParam(dvle = #1[1])
02-05 01:14:16.585   593  4882 D DlbDap2QmfProcess: setParam(mave = #1[0])
02-05 01:14:16.585   593  4882 D DlbDap2QmfProcess: setParam(vcbf = #20[47, 141, 234, 328, 469, 656, 844, 1031, 1313, 1688, 2250, 3000, 3750, 4688, 5813, 7125, 9000, 11250, 13875, 19688])
02-05 01:14:16.585   593  4882 D DlbDap2QmfProcess: setParam(ieon = #1[1])
02-05 01:14:16.585   593  4882 D DlbDap2QmfProcess: setParam(gebs = #41[20, 47, 141, 234, 328, 469, 656, 844, 1031, 1313, 1688, 2250, 3000, 3750, 4688, 5813, 7125, 9000, 11250, 13875, 19688, 0, 0, 0, 0, 0, 0, 0, 0, 0, 0, 0, 0, 0, 0, 0, 0, 0, 0, 0, 0])
02-05 01:14:16.585   593  4882 D DlbDap2QmfProcess: setParam(iebs = #41[20, 65, 136, 223, 332, 467, 634, 841, 1098, 1416, 1812, 2302, 2909, 3663, 4598, 5756, 7194, 8976, 11186, 13927, 17326, 117, 133, 188, 176, 141, 149, 175, 185, 185, 200, 236, 242, 228, 213, 182, 132, 110, 68, -27, -240])
02-05 01:14:16.585   593  4882 D DlbDap2QmfProcess: setParam(dea = #1[7])
02-05 01:14:16.585   593  4882 D DlbDap2QmfProcess: setParam(dsa = #1[10])
02-05 01:14:16.585   593  4882 D DlbDap2QmfProcess: setParam(beb = #1[192])
02-05 01:14:16.585   593  4882 D DlbDap2QmfProcess: setParam(plb = #1[0])
02-05 01:14:16.585   593  4882 D DlbDap2QmfProcess: setParam(vmb = #1[144])
02-05 01:14:16.585   593  4882 D DlbDap2QmfProcess: setParam(dsb = #1[0])
02-05 01:14:16.585   593  4882 D DlbDap2QmfProcess: setParam(ded = #1[0])
02-05 01:14:16.585   593  4882 D DlbDap2QmfProcess: setParam(dom = #1[0])
02-05 01:14:16.586   593  4882 D DlbDap2QmfProcess: setParam(bew = #1[16])
02-05 01:14:16.586   593  4882 D DlbDap2QmfProcess: setParam(dvla = #1[4])
02-05 01:14:16.586   593  4882 D DlbDap2QmfProcess: setParam(dfsa = #1[10])
02-05 01:14:16.586   593  4882 D DlbDap2QmfProcess: setParam(dhsa = #1[10])
02-05 01:14:16.586   593  4882 D DlbDap2QmfProcess: setParam(dvmc = #1[0])
02-05 01:14:16.586   593  4882 D DlbDap2QmfProcess: setParam(dvle = #1[1])
02-05 01:14:16.586   593  4882 D DlbDap2QmfProcess: setParam(dvme = #1[0])
02-05 01:14:16.586   593  4882 D DlbDap2QmfProcess: setParam(becf = #1[200])
02-05 01:14:16.586   593  4882 D DlbDap2QmfProcess: setParam(vbmf = #2[94, 469])
02-05 01:14:16.586   593  4882 D DlbDap2QmfProcess: setParam(vbsf = #2[35, 160])
02-05 01:14:16.586   593  4882 D DlbDap2QmfProcess: setParam(vbhg = #3[-32, -144, -192])
02-05 01:14:16.586   593  4882 D DlbDap2QmfProcess: setParam(vbog = #1[0])
02-05 01:14:16.586   593  4882 D DlbDap2QmfProcess: setParam(vbsg = #1[0])
02-05 01:14:16.586   593  4882 D DlbDap2QmfProcess: setParam(dvli = #1[-320])
02-05 01:14:16.586   593  4882 D DlbDap2QmfProcess: setParam(dhfm = #1[0])
02-05 01:14:16.586   593  4882 D DlbDap2QmfProcess: setParam(deon = #1[0])
02-05 01:14:16.586   593  4882 D DlbDap2QmfProcess: setParam(ngon = #1[1])
02-05 01:14:16.586   593  4882 D DlbDap2QmfProcess: setParam(dvlo = #1[-320])
02-05 01:14:16.586   593  4882 D DlbDap2QmfProcess: setParam(aobs = #222[20, 10, 47, 141, 234, 328, 469, 656, 844, 1031, 1313, 1688, 2250, 3000, 3750, 4688, 5813, 7125, 9000, 11250, 13875, 19688, 0, 0, 0, 0, 0, 0, 0, 0, 0, 0, 0, 0, 0, 0, 0, 0, 0, 0, 0, 0, 0, 0, 0, 0, 0, 0, 0, 0, 0, 0, 0, 0, 0, 0, 0, 0, 0, 0, 0, 0, 0, 0, 0, 0, 0, 0, 0, 0, 0, 0, 0, 0, 0, 0, 0, 0, 0, 0, 0, 0, 0, 0, 0, 0, 0, 0, 0, 0, 0, 0, 0, 0, 0, 0, 0, 0, 0, 0, 0, 0, 0, 0, 0, 0, 0, 0, 0, 0, 0, 0, 0, 0, 0, 0, 0, 0, 0, 0, 0, 0, 0, 0, 0, 0, 0, 0, 0, 0, 0, 0, 0, 0, 0, 0, 0, 0, 0, 0, 0, 0, 0, 0, 0, 0, 0, 0, 0, 0, 0, 0, 0, 0, 0, 0, 0, 0, 0, 0, 0, 0, 0, 0, 0, 0, 0, 0, 0, 0, 0, 0, 0, 0, 0, 0, 0, 0, 0, 0, 0, 0, 0, 0, 0, 0, 0, 0, 0, 0, 0, 0, 0, 0, 0, 0, 0, 0, 0, 0, 0, 0, 0, 0, 0, 0, 0, 0, 0, 0, 0, 0, 0, 0, 0, 0, 0, 0, 0, 0, 0, 0])
02-05 01:14:16.586   593  4882 D DlbDap2QmfProcess: setParam(dvle = #1[1])
02-05 01:14:16.586   593  4882 D DlbDap2QmfProcess: setParam(dvli = #1[-496])
02-05 01:14:16.586   593  4882 D DlbDap2QmfProcess: setParam(dvlo = #1[-176])
02-05 01:14:16.586   593  4882 D ARenderer: updateDapVolumeLeveler: Setting output level to -11.00dB
02-05 01:14:16.586   593  4882 D DlbDap2QmfProcess: setParam(vmb = #1[0])
02-05 01:14:16.586   593  4882 D DlbDap2QmfProcess: setParam(preg = #1[-384])
02-05 01:14:16.586   593  4882 D DlbDap2QmfProcess: setParam(vol = #1[384])
02-05 01:14:16.586   593  4882 D DlbDlbBufferProvider: setConfig() Updating buffer configuration.
02-05 01:14:16.587   593  4882 D DlbDap2QmfProcess: processQmf() called [0] times
02-05 01:14:16.587   593  4882 D DlbDap2QmfProcess: setMave(mave = 0)
02-05 01:14:16.598   581   731 W AudioFlinger: createTrack_l(): mismatch between requested flags (00000008) and output flags (00000000)
02-05 01:14:16.599   589  4876 D AudioTrack: Client defaulted notificationFrames to 8125 for frameCount 24375
02-05 01:14:16.600   581  7829 I AudioFlinger: attachAuxEffect(): Marking track 740 as containing processed audio
02-05 01:14:16.600   581  7829 D AudioFlinger: trackContainsProcessedAudio() Track id 740 contains processed audio
02-05 01:14:16.600   581  5143 D AudioFlinger: trackStateChanged() Track id 740 state changed to 6
02-05 01:14:16.600   581  5143 I AudioFlinger: updateProcessedAudioState() Changing content processing in effect to 1
02-05 01:14:16.600   581  5143 D DlbDlbEffect: handle_EFFECT_CMD_SET_PARAM()
02-05 01:14:16.602   581  5143 I DlbEffectContext: setContentProcEnabled() Disabling content processing in effect
02-05 01:14:16.602   581  5143 D DlbDapEndpointParamCache: commitChangedParams()
02-05 01:14:16.602   581  5143 D DlbDapEndpointParamCache: commit() Applying parameters for device 0x40000000
02-05 01:14:16.602   581  5143 D DlbDap2Process: setParam(msce = #1[0])
02-05 01:14:16.602   581  5143 D DlbDap2Process: setParam(mdee = #1[0])
02-05 01:14:16.602   581  5143 D DlbDap2Process: setParam(miee = #1[0])
02-05 01:14:16.602   581  5143 D DlbDap2Process: setParam(mdle = #1[0])
02-05 01:14:16.602   581  5143 D DlbDap2Process: setParam(dvle = #1[0])
02-05 01:14:16.602   581  5143 D DlbDap2Process: setParam(mave = #1[0])
02-05 01:14:16.602   581  5143 D DlbDap2Process: setParam(ieon = #1[0])
02-05 01:14:16.603   581  5143 D DlbDapEndpointParamCache: doCommit() Committed 7 parameters out of 16.
02-05 01:14:16.603   581  5143 D DlbDapEndpointParamCache: commit() Overriding parameters for current device 0x00000080
02-05 01:14:16.603   581  5143 D DlbDap2Process: setParam(dom = #1[0])
02-05 01:14:16.603   581  5143 D DlbDap2Process: setParam(dvle = #1[0])
02-05 01:14:16.603   581  5143 D DlbDap2Process: setParam(dvme = #1[0])
02-05 01:14:16.603   581  5143 D DlbDap2Process: setParam(deon = #1[0])
02-05 01:14:16.603   581  5143 D DlbDap2Process: setParam(ngon = #1[0])
02-05 01:14:16.603   581  5143 D DlbDapEndpointParamCache: doCommit() Committed 5 parameters out of 37.
02-05 01:14:16.603   589  4870 D NuPlayerDriver: notifyListener_l(0xe5732850), (6, 0, 0, -1), loop setting(0, 1)
02-05 01:14:16.604   581  5115 D DlbDap2Process: setMave(mave = 0)
02-05 01:14:16.623  4841  4841 D featureTest: receive broadcast , change ds profile id :5
02-05 01:14:16.637   581   730 D DlbDlbEffect: handle_EFFECT_CMD_SET_PARAM()
02-05 01:14:16.637   421   460 I DapController: Profile Changed to Custom
02-05 01:14:16.638   589   589 W MediaClock: reject anchor time since it is negative.
02-05 01:14:16.660   581  5115 D DlbDapEndpointParamCache: commitChangedParams()
02-05 01:14:16.660   581  5115 D DlbDapEndpointParamCache: commit() Applying parameters for device 0x40000000
02-05 01:14:16.660   581  5115 D DlbDap2Process: setParam(iea = #1[10])
02-05 01:14:16.660   581  5115 D DlbDap2Process: setParam(vcbf = #20[47, 141, 234, 328, 469, 656, 844, 1031, 1313, 1688, 2250, 3000, 3750, 4688, 5813, 7125, 9000, 11250, 13875, 19688])
02-05 01:14:16.660   581  5115 D DlbDap2Process: setParam(vbon = #1[0])
02-05 01:14:16.660   581  5115 D DlbDap2Process: setParam(beon = #1[0])
02-05 01:14:16.660   581  5115 D DlbDap2Process: setParam(geon = #1[0])
02-05 01:14:16.660   581  5115 D DlbDap2Process: setParam(gebs = #41[20, 47, 141, 234, 328, 469, 656, 844, 1031, 1313, 1688, 2250, 3000, 3750, 4688, 5813, 7125, 9000, 11250, 13875, 19688, 0, 0, 0, 0, 0, 0, 0, 0, 0, 0, 0, 0, 0, 0, 0, 0, 0, 0, 0, 0])
02-05 01:14:16.660   581  5115 D DlbDap2Process: setParam(iebs = #41[20, 65, 136, 223, 332, 467, 634, 841, 1098, 1416, 1812, 2302, 2909, 3663, 4598, 5756, 7194, 8976, 11186, 13927, 17326, 117, 133, 188, 176, 141, 149, 175, 185, 185, 200, 236, 242, 228, 213, 182, 132, 110, 68, -27, -240])
02-05 01:14:16.660   581  5115 D DlbDapEndpointParamCache: doCommit() Committed 8 parameters out of 16.
02-05 01:14:16.660   581  5115 D DlbDapEndpointParamCache: commit() Overriding parameters for current device 0x00000080
02-05 01:14:16.660   581  5115 D DlbDap2Process: setParam(dea = #1[7])
02-05 01:14:16.660   581  5115 D DlbDap2Process: setParam(dsa = #1[10])
02-05 01:14:16.660   581  5115 D DlbDap2Process: setParam(beb = #1[192])
02-05 01:14:16.661   581  5115 D DlbDap2Process: setParam(plb = #1[0])
02-05 01:14:16.661   581  5115 D DlbDap2Process: setParam(vmb = #1[144])
02-05 01:14:16.661   581  5115 D DlbDap2Process: setParam(dsb = #1[0])
02-05 01:14:16.661   581  5115 D DlbDap2Process: setParam(ded = #1[0])
02-05 01:14:16.661   581  5115 D DlbDap2Process: setParam(vbm = #1[0])
02-05 01:14:16.661   581  5115 D DlbDap2Process: setParam(bew = #1[16])
02-05 01:14:16.661   581  5115 D DlbDap2Process: setParam(dvla = #1[5])
02-05 01:14:16.661   581  5115 D DlbDap2Process: setParam(arra = #1[96])
02-05 01:14:16.661   581  5115 D DlbDap2Process: setParam(dfsa = #1[10])
02-05 01:14:16.661   581  5115 D DlbDap2Process: setParam(dhsa = #1[10])
02-05 01:14:16.661   581  5115 D DlbDap2Process: setParam(dvmc = #1[0])
02-05 01:14:16.661   581  5115 D DlbDap2Process: setParam(arod = #1[0])
02-05 01:14:16.661   581  5115 D DlbDap2Process: setParam(arde = #1[0])
02-05 01:14:16.661   581  5115 D DlbDap2Process: setParam(becf = #1[200])
02-05 01:14:16.661   581  5115 D DlbDap2Process: setParam(vbmf = #2[94, 469])
02-05 01:14:16.661   581  5115 D DlbDap2Process: setParam(vbsf = #2[35, 160])
02-05 01:14:16.661   581  5115 D DlbDap2Process: setParam(vbhg = #3[-32, -144, -192])
02-05 01:14:16.661   581  5115 D DlbDap2Process: setParam(vbog = #1[0])
02-05 01:14:16.661   581  5115 D DlbDap2Process: setParam(vbsg = #1[0])
02-05 01:14:16.661   581  5115 D DlbDap2Process: setParam(dvli = #1[-320])
02-05 01:14:16.661   581  5115 D DlbDap2Process: setParam(dhfm = #1[0])
02-05 01:14:16.661   581  5115 D DlbDap2Process: setParam(vbon = #1[0])
02-05 01:14:16.661   581  5115 D DlbDap2Process: setParam(beon = #1[0])
02-05 01:14:16.661   581  5115 D DlbDap2Process: setParam(aoon = #1[0])
02-05 01:14:16.661   581  5115 D DlbDap2Process: setParam(aron = #1[1])
02-05 01:14:16.661   581  5115 D DlbDap2Process: setParam(dvlo = #1[-320])
02-05 01:14:16.661   581  5115 D DlbDap2Process: setParam(artp = #1[12])
02-05 01:14:16.662   581  5115 D DlbDap2Process: setParam(aobs = #222[20, 10, 47, 141, 234, 328, 469, 656, 844, 1031, 1313, 1688, 2250, 3000, 3750, 4688, 5813, 7125, 9000, 11250, 13875, 19688, 0, 0, 0, 0, 0, 0, 0, 0, 0, 0, 0, 0, 0, 0, 0, 0, 0, 0, 0, 0, 0, 0, 0, 0, 0, 0, 0, 0, 0, 0, 0, 0, 0, 0, 0, 0, 0, 0, 0, 0, 0, 0, 0, 0, 0, 0, 0, 0, 0, 0, 0, 0, 0, 0, 0, 0, 0, 0, 0, 0, 0, 0, 0, 0, 0, 0, 0, 0, 0, 0, 0, 0, 0, 0, 0, 0, 0, 0, 0, 0, 0, 0, 0, 0, 0, 0, 0, 0, 0, 0, 0, 0, 0, 0, 0, 0, 0, 0, 0, 0, 0, 0, 0, 0, 0, 0, 0, 0, 0, 0, 0, 0, 0, 0, 0, 0, 0, 0, 0, 0, 0, 0, 0, 0, 0, 0, 0, 0, 0, 0, 0, 0, 0, 0, 0, 0, 0, 0, 0, 0, 0, 0, 0, 0, 0, 0, 0, 0, 0, 0, 0, 0, 0, 0, 0, 0, 0, 0, 0, 0, 0, 0, 0, 0, 0, 0, 0, 0, 0, 0, 0, 0, 0, 0, 0, 0, 0, 0, 0, 0, 0, 0, 0, 0, 0, 0, 0, 0, 0, 0, 0, 0, 0, 0, 0, 0, 0, 0, 0, 0])
02-05 01:14:16.663   581  5115 D DlbDap2Process: setParam(arbs = #81[20, 47, 141, 234, 328, 469, 656, 844, 1031, 1313, 1688, 2250, 3000, 3750, 4688, 5813, 7125, 9000, 11250, 13875, 19688, -192, -192, -192, -192, -192, -192, -192, -192, -192, -192, -192, -192, -192, -192, -192, -192, -192, -192, -192, -192, 0, 0, 0, 0, 0, 0, 0, 0, 0, 0, 0, 0, 0, 0, 0, 0, 0, 0, 0, 0, 0, 0, 0, 0, 0, 0, 0, 0, 0, 0, 0, 0, 0, 0, 0, 0, 0, 0, 0, 0])
02-05 01:14:16.663   581  5115 D DlbDapEndpointParamCache: doCommit() Committed 32 parameters out of 37.
02-05 01:14:16.675  4841  4841 D featureTest: receive broadcast , record log :0
02-05 01:14:16.689   581  5115 D DlbDap2Process: process() called [416500] times
02-05 01:14:16.892   593  4882 D ARenderer: updateDapConfig: Updating DAP configuration
02-05 01:14:16.892   593  4882 D DlbDap2QmfProcess: setParam(iea = #1[10])
02-05 01:14:16.892   593  4882 D DlbDap2QmfProcess: setParam(msce = #1[0])
02-05 01:14:16.892   593  4882 D DlbDap2QmfProcess: setParam(mdee = #1[0])
02-05 01:14:16.892   593  4882 D DlbDap2QmfProcess: setParam(miee = #1[0])
02-05 01:14:16.892   593  4882 D DlbDap2QmfProcess: setParam(mdle = #1[0])
02-05 01:14:16.892   593  4882 D DlbDap2QmfProcess: setParam(dvle = #1[1])
02-05 01:14:16.892   593  4882 D DlbDap2QmfProcess: setParam(mave = #1[0])
02-05 01:14:16.893   593  4882 D DlbDap2QmfProcess: setParam(vcbf = #20[47, 141, 234, 328, 469, 656, 844, 1031, 1313, 1688, 2250, 3000, 3750, 4688, 5813, 7125, 9000, 11250, 13875, 19688])
02-05 01:14:16.893   593  4882 D DlbDap2QmfProcess: setParam(ieon = #1[0])
02-05 01:14:16.893   593  4882 D DlbDap2QmfProcess: setParam(gebs = #41[20, 47, 141, 234, 328, 469, 656, 844, 1031, 1313, 1688, 2250, 3000, 3750, 4688, 5813, 7125, 9000, 11250, 13875, 19688, 0, 0, 0, 0, 0, 0, 0, 0, 0, 0, 0, 0, 0, 0, 0, 0, 0, 0, 0, 0])
02-05 01:14:16.893   593  4882 D DlbDap2QmfProcess: setParam(iebs = #41[20, 65, 136, 223, 332, 467, 634, 841, 1098, 1416, 1812, 2302, 2909, 3663, 4598, 5756, 7194, 8976, 11186, 13927, 17326, 117, 133, 188, 176, 141, 149, 175, 185, 185, 200, 236, 242, 228, 213, 182, 132, 110, 68, -27, -240])
02-05 01:14:16.893   593  4882 D DlbDap2QmfProcess: setParam(dea = #1[7])
02-05 01:14:16.893   593  4882 D DlbDap2QmfProcess: setParam(dsa = #1[10])
02-05 01:14:16.893   593  4882 D DlbDap2QmfProcess: setParam(beb = #1[192])
02-05 01:14:16.893   593  4882 D DlbDap2QmfProcess: setParam(plb = #1[0])
02-05 01:14:16.893   593  4882 D DlbDap2QmfProcess: setParam(vmb = #1[144])
02-05 01:14:16.893   593  4882 D DlbDap2QmfProcess: setParam(dsb = #1[0])
02-05 01:14:16.893   593  4882 D DlbDap2QmfProcess: setParam(ded = #1[0])
02-05 01:14:16.893   593  4882 D DlbDap2QmfProcess: setParam(dom = #1[0])
02-05 01:14:16.893   593  4882 D DlbDap2QmfProcess: setParam(bew = #1[16])
02-05 01:14:16.893   593  4882 D DlbDap2QmfProcess: setParam(dvla = #1[5])
02-05 01:14:16.894   593  4882 D DlbDap2QmfProcess: setParam(dfsa = #1[10])
02-05 01:14:16.894   593  4882 D DlbDap2QmfProcess: setParam(dhsa = #1[10])
02-05 01:14:16.894   593  4882 D DlbDap2QmfProcess: setParam(dvmc = #1[0])
02-05 01:14:16.894   593  4882 D DlbDap2QmfProcess: setParam(dvle = #1[1])
02-05 01:14:16.894   593  4882 D DlbDap2QmfProcess: setParam(dvme = #1[0])
02-05 01:14:16.894   593  4882 D DlbDap2QmfProcess: setParam(becf = #1[200])
02-05 01:14:16.894   593  4882 D DlbDap2QmfProcess: setParam(vbmf = #2[94, 469])
02-05 01:14:16.894   593  4882 D DlbDap2QmfProcess: setParam(vbsf = #2[35, 160])
02-05 01:14:16.894   593  4882 D DlbDap2QmfProcess: setParam(vbhg = #3[-32, -144, -192])
02-05 01:14:16.894   593  4882 D DlbDap2QmfProcess: setParam(vbog = #1[0])
02-05 01:14:16.894   593  4882 D DlbDap2QmfProcess: setParam(vbsg = #1[0])
02-05 01:14:16.894   593  4882 D DlbDap2QmfProcess: setParam(dvli = #1[-320])
02-05 01:14:16.894   593  4882 D DlbDap2QmfProcess: setParam(dhfm = #1[0])
02-05 01:14:16.894   593  4882 D DlbDap2QmfProcess: setParam(deon = #1[0])
02-05 01:14:16.894   593  4882 D DlbDap2QmfProcess: setParam(ngon = #1[1])
02-05 01:14:16.895   593  4882 D DlbDap2QmfProcess: setParam(dvlo = #1[-320])
02-05 01:14:16.895   593  4882 D DlbDap2QmfProcess: setParam(aobs = #222[20, 10, 47, 141, 234, 328, 469, 656, 844, 1031, 1313, 1688, 2250, 3000, 3750, 4688, 5813, 7125, 9000, 11250, 13875, 19688, 0, 0, 0, 0, 0, 0, 0, 0, 0, 0, 0, 0, 0, 0, 0, 0, 0, 0, 0, 0, 0, 0, 0, 0, 0, 0, 0, 0, 0, 0, 0, 0, 0, 0, 0, 0, 0, 0, 0, 0, 0, 0, 0, 0, 0, 0, 0, 0, 0, 0, 0, 0, 0, 0, 0, 0, 0, 0, 0, 0, 0, 0, 0, 0, 0, 0, 0, 0, 0, 0, 0, 0, 0, 0, 0, 0, 0, 0, 0, 0, 0, 0, 0, 0, 0, 0, 0, 0, 0, 0, 0, 0, 0, 0, 0, 0, 0, 0, 0, 0, 0, 0, 0, 0, 0, 0, 0, 0, 0, 0, 0, 0, 0, 0, 0, 0, 0, 0, 0, 0, 0, 0, 0, 0, 0, 0, 0, 0, 0, 0, 0, 0, 0, 0, 0, 0, 0, 0, 0, 0, 0, 0, 0, 0, 0, 0, 0, 0, 0, 0, 0, 0, 0, 0, 0, 0, 0, 0, 0, 0, 0, 0, 0, 0, 0, 0, 0, 0, 0, 0, 0, 0, 0, 0, 0, 0, 0, 0, 0, 0, 0, 0, 0, 0, 0, 0, 0, 0, 0, 0, 0, 0, 0, 0, 0, 0, 0, 0, 0, 0])
02-05 01:14:16.895   593  4882 D DlbDap2QmfProcess: setParam(dvle = #1[1])
02-05 01:14:16.895   593  4882 D DlbDap2QmfProcess: setParam(dvli = #1[-496])
02-05 01:14:16.895   593  4882 D DlbDap2QmfProcess: setParam(dvlo = #1[-176])
02-05 01:14:16.895   593  4882 D ARenderer: updateDapVolumeLeveler: Setting output level to -11.00dB
02-05 01:14:16.895   593  4882 D DlbDap2QmfProcess: setParam(vmb = #1[0])
02-05 01:14:16.896   593  4882 D DlbDap2QmfProcess: setParam(preg = #1[-384])
02-05 01:14:16.896   593  4882 D DlbDap2QmfProcess: setParam(vol = #1[384])
02-05 01:14:16.896   593  4882 D DlbDap2QmfProcess: setMave(mave = 0)
02-05 01:14:17.457   571   940 E QC-QMI  : linux_qmi_qmux_io_wake_lock: Err in writing wakelock=qmuxd_port_wl_0, error [1:Operation not permitted]
02-05 01:14:17.458   571   940 E QC-QMI  : linux_qmi_qmux_io_wake_unlock: Err in writing wakelock=qmuxd_port_wl_0, error [1:Operation not permitted]
02-05 01:14:18.577   816   816 W WindowManager: removeWindowToken: Attempted to remove non-existing token: android.os.Binder@c3cad68
02-05 01:14:18.625   429   429 D SurfaceFlinger: duplicate layer name: changing Toast to Toast#1
02-05 01:14:19.603   581  5115 D DlbDap2Process: process() called [417000] times
02-05 01:14:20.606   816   816 W WindowManager: removeWindowToken: Attempted to remove non-existing token: android.os.Binder@5721eb2
