--------- beginning of system
02-05 01:14:05.423   816  2337 I ActivityManager: Force stopping com.dolby.qa.featuretest appid=10074 user=0: from pid 4753
02-05 01:14:05.423   816  2337 I ActivityManager: Killing 4669:com.dolby.qa.featuretest/u0a74 (adj 0): stop com.dolby.qa.featuretest
02-05 01:14:05.426   816  2337 W ActivityManager: Force removing ActivityRecord{eda15d4 u0 com.dolby.qa.featuretest/.MainActivity t258}: app died, no saved state
02-05 01:14:05.432   816  2337 I WindowManager: Failed to capture screenshot of Token{b7a137d ActivityRecord{eda15d4 u0 com.dolby.qa.featuretest/.MainActivity t258 f}} appWin=Window{93f6d7a u0 com.dolby.qa.featuretest/com.dolby.qa.featuretest.MainActivity} drawState=4
--------- beginning of main
02-05 01:14:05.454   589 26717 D NuPlayerDriver: reset(0xe5732770) at state 5
02-05 01:14:05.455   589 26717 D NuPlayerDriver: notifyListener_l(0xe5732770), (8, 0, 0, -1), loop setting(0, 1)
02-05 01:14:05.456   816  3428 I WindowManager: WIN DEATH: Window{a0b80a6 u0 Toast}
02-05 01:14:05.458   581  4435 D AudioFlinger: trackStateChanged() Track id 736 state changed to 6
02-05 01:14:05.463   593  1162 I DDP_JOCDecoder: -> ~DDPDecoder
02-05 01:14:05.463   593  1162 I DDP_JOCDecoder: -> stop
02-05 01:14:05.464   593  1162 I DDP_JOCDecoder: <- stop
02-05 01:14:05.464   593  1162 I ARenderer: ~ARenderer
02-05 01:14:05.464   593  1162 I evo_parser: evo_parser_close
02-05 01:14:05.464   593  1162 I DlbDap2QmfProcess: ~Dap2Process()
02-05 01:14:05.464   593  1162 I DlbDap2QmfProcess: close()
02-05 01:14:05.464   593  1162 I DDP_JOCDecoder: <- ~DDPDecoder
02-05 01:14:05.473  1232  1232 D CarrierSvcBindHelper: No carrier app for: 0
02-05 01:14:05.474   589  4703 D NuPlayerDriver: notifyResetComplete(0xe5732770)
02-05 01:14:05.474   589 26717 D AudioTrack: stop() called with 0 frames delivered
02-05 01:14:05.474   581  3572 D AudioFlinger: trackStateChanged() Track id 736 state changed to 2
02-05 01:14:05.474   581  3572 I AudioFlinger: updateProcessedAudioState() Changing content processing in effect to 0
02-05 01:14:05.474   581  3572 D DlbDlbEffect: handle_EFFECT_CMD_SET_PARAM()
02-05 01:14:05.475  2298  2298 D RegisteredNfcFServicesCache: Service unchanged, not updating
02-05 01:14:05.476   581  3572 I DlbEffectContext: setContentProcEnabled() Enabling content processing in global effect
02-05 01:14:05.477   581  3572 D DlbDapEndpointParamCache: commitChangedParams()
02-05 01:14:05.477   581  3572 D DlbDapEndpointParamCache: commit() Applying parameters for device 0x40000000
02-05 01:14:05.477   581  3572 D DlbDap2Process: setParam(iea = #1[10])
02-05 01:14:05.477   581  3572 D DlbDap2Process: setParam(msce = #1[0])
02-05 01:14:05.477   581  3572 D DlbDap2Process: setParam(mdee = #1[0])
02-05 01:14:05.477   581  3572 D DlbDap2Process: setParam(miee = #1[0])
02-05 01:14:05.477   581  3572 D DlbDap2Process: setParam(mdle = #1[0])
02-05 01:14:05.477   581  3572 D DlbDap2Process: setParam(dvle = #1[1])
02-05 01:14:05.477   581  3572 D DlbDap2Process: setParam(mave = #1[0])
02-05 01:14:05.477   581  3572 D DlbDap2Process: setParam(vcbf = #20[47, 141, 234, 328, 469, 656, 844, 1031, 1313, 1688, 2250, 3000, 3750, 4688, 5813, 7125, 9000, 11250, 13875, 19688])
02-05 01:14:05.477   581  3572 D DlbDap2Process: setParam(vbon = #1[0])
02-05 01:14:05.477   581  3572 D DlbDap2Process: setParam(beon = #1[0])
02-05 01:14:05.477   581  3572 D DlbDap2Process: setParam(geon = #1[0])
02-05 01:14:05.477   581  3572 D DlbDap2Process: setParam(ieon = #1[0])
02-05 01:14:05.477   581  3572 D DlbDap2Process: setParam(gebs = #41[20, 47, 141, 234, 328, 469, 656, 844, 1031, 1313, 1688, 2250, 3000, 3750, 4688, 5813, 7125, 9000, 11250, 13875, 19688, 0, 0, 0, 0, 0, 0, 0, 0, 0, 0, 0, 0, 0, 0, 0, 0, 0, 0, 0, 0])
02-05 01:14:05.477   581  3572 D DlbDap2Process: setParam(iebs = #41[20, 65, 136, 223, 332, 467, 634, 841, 1098, 1416, 1812, 2302, 2909, 3663, 4598, 5756, 7194, 8976, 11186, 13927, 17326, 117, 133, 188, 176, 141, 149, 175, 185, 185, 200, 236, 242, 228, 213, 182, 132, 110, 68, -27, -240])
02-05 01:14:05.477   581  3572 D DlbDapEndpointParamCache: doCommit() Committed 15 parameters out of 16.
02-05 01:14:05.478   581  3572 D DlbDapEndpointParamCache: commit() Overriding parameters for current device 0x00000080
02-05 01:14:05.478   581  3572 D DlbDap2Process: setParam(dea = #1[5])
02-05 01:14:05.478   581  3572 D DlbDap2Process: setParam(dsa = #1[10])
02-05 01:14:05.478   581  3572 D DlbDap2Process: setParam(beb = #1[192])
02-05 01:14:05.478   581  3572 D DlbDap2Process: setParam(plb = #1[0])
02-05 01:14:05.478   581  3572 D DlbDap2Process: setParam(vmb = #1[144])
02-05 01:14:05.478   581  3572 D DlbDap2Process: setParam(dsb = #1[0])
02-05 01:14:05.478   581  3572 D DlbDap2Process: setParam(ded = #1[0])
02-05 01:14:05.478   581  3572 D DlbDap2Process: setParam(vbm = #1[0])
02-05 01:14:05.478   581  3572 D DlbDap2Process: setParam(dom = #1[0])
02-05 01:14:05.478   581  3572 D DlbDap2Process: setParam(bew = #1[16])
02-05 01:14:05.478   581  3572 D DlbDap2Process: setParam(dvla = #1[7])
02-05 01:14:05.478   581  3572 D DlbDap2Process: setParam(arra = #1[96])
02-05 01:14:05.478   581  3572 D DlbDap2Process: setParam(dfsa = #1[10])
02-05 01:14:05.478   581  3572 D DlbDap2Process: setParam(dhsa = #1[10])
02-05 01:14:05.478   581  3572 D DlbDap2Process: setParam(dvmc = #1[0])
02-05 01:14:05.478   581  3572 D DlbDap2Process: setParam(arod = #1[0])
02-05 01:14:05.478   581  3572 D DlbDap2Process: setParam(arde = #1[0])
02-05 01:14:05.478   581  3572 D DlbDap2Process: setParam(dvle = #1[1])
02-05 01:14:05.478   581  3572 D DlbDap2Process: setParam(dvme = #1[0])
02-05 01:14:05.478   581  3572 D DlbDap2Process: setParam(becf = #1[200])
02-05 01:14:05.478   581  3572 D DlbDap2Process: setParam(vbmf = #2[94, 469])
02-05 01:14:05.478   581  3572 D DlbDap2Process: setParam(vbsf = #2[35, 160])
02-05 01:14:05.478   581  3572 D DlbDap2Process: setParam(vbhg = #3[-32, -144, -192])
02-05 01:14:05.478   581  3572 D DlbDap2Process: setParam(vbog = #1[0])
02-05 01:14:05.478   581  3572 D DlbDap2Process: setParam(vbsg = #1[0])
02-05 01:14:05.478   581  3572 D DlbDap2Process: setParam(dvli = #1[-320])
02-05 01:14:05.478   581  3572 D DlbDap2Process: setParam(dhfm = #1[0])
02-05 01:14:05.478   581  3572 D DlbDap2Process: setParam(vbon = #1[0])
02-05 01:14:05.478   581  3572 D DlbDap2Process: setParam(beon = #1[0])
02-05 01:14:05.478   581  3572 D DlbDap2Process: setParam(deon = #1[1])
02-05 01:14:05.478   581  3572 D DlbDap2Process: setParam(ngon = #1[1])
02-05 01:14:05.478   581  3572 D DlbDap2Process: setParam(aoon = #1[0])
02-05 01:14:05.478   581  3572 D DlbDap2Process: setParam(aron = #1[1])
02-05 01:14:05.478   581  3572 D DlbDap2Process: setParam(dvlo = #1[-320])
02-05 01:14:05.478   581  3572 D DlbDap2Process: setParam(artp = #1[12])
02-05 01:14:05.479   581  3572 D DlbDap2Process: setParam(aobs = #222[20, 10, 47, 141, 234, 328, 469, 656, 844, 1031, 1313, 1688, 2250, 3000, 3750, 4688, 5813, 7125, 9000, 11250, 13875, 19688, 0, 0, 0, 0, 0, 0, 0, 0, 0, 0, 0, 0, 0, 0, 0, 0, 0, 0, 0, 0, 0, 0, 0, 0, 0, 0, 0, 0, 0, 0, 0, 0, 0, 0, 0, 0, 0, 0, 0, 0, 0, 0, 0, 0, 0, 0, 0, 0, 0, 0, 0, 0, 0, 0, 0, 0, 0, 0, 0, 0, 0, 0, 0, 0, 0, 0, 0, 0, 0, 0, 0, 0, 0, 0, 0, 0, 0, 0, 0, 0, 0, 0, 0, 0, 0, 0, 0, 0, 0, 0, 0, 0, 0, 0, 0, 0, 0, 0, 0, 0, 0, 0, 0, 0, 0, 0, 0, 0, 0, 0, 0, 0, 0, 0, 0, 0, 0, 0, 0, 0, 0, 0, 0, 0, 0, 0, 0, 0, 0, 0, 0, 0, 0, 0, 0, 0, 0, 0, 0, 0, 0, 0, 0, 0, 0, 0, 0, 0, 0, 0, 0, 0, 0, 0, 0, 0, 0, 0, 0, 0, 0, 0, 0, 0, 0, 0, 0, 0, 0, 0, 0, 0, 0, 0, 0, 0, 0, 0, 0, 0, 0, 0, 0, 0, 0, 0, 0, 0, 0, 0, 0, 0, 0, 0, 0, 0, 0, 0, 0, 0])
02-05 01:14:05.479   581  3572 D DlbDap2Process: setParam(arbs = #81[20, 47, 141, 234, 328, 469, 656, 844, 1031, 1313, 1688, 2250, 3000, 3750, 4688, 5813, 7125, 9000, 11250, 13875, 19688, -192, -192, -192, -192, -192, -192, -192, -192, -192, -192, -192, -192, -192, -192, -192, -192, -192, -192, -192, -192, 0, 0, 0, 0, 0, 0, 0, 0, 0, 0, 0, 0, 0, 0, 0, 0, 0, 0, 0, 0, 0, 0, 0, 0, 0, 0, 0, 0, 0, 0, 0, 0, 0, 0, 0, 0, 0, 0, 0, 0])
02-05 01:14:05.479   581  3572 D DlbDapEndpointParamCache: doCommit() Committed 37 parameters out of 37.
02-05 01:14:05.480   581  5115 D DlbDap2Process: setMave(mave = 0)
02-05 01:14:05.481   581  3572 D AudioFlinger: trackDestroyed() Track id 736 no longer contains processed audio
02-05 01:14:05.543   816  2356 I ActivityManager: START u0 {flg=0x10000000 cmp=com.dolby.qa.featuretest/.MainActivity} from uid 2000
02-05 01:14:05.566   816   828 I ActivityManager: Start proc 4760:com.dolby.qa.featuretest/u0a74 for activity com.dolby.qa.featuretest/.MainActivity
02-05 01:14:05.567  4760  4760 I zygote64: Late-enabling -Xcheck:jni
02-05 01:14:05.763  4760  4760 D featureTest: onCreate
02-05 01:14:05.771   581  7829 W AudioFlinger: createTrack_l(): mismatch between requested flags (00000008) and output flags (00000000)
02-05 01:14:05.773  4760  4760 D AudioTrack: Client defaulted notificationFrames to 3916 for frameCount 11748
02-05 01:14:05.777  4760  4760 W AudioTrack: Use of stream types is deprecated for operations other than volume control
02-05 01:14:05.777  4760  4760 W AudioTrack: See the documentation of AudioTrack() for what to use instead with android.media.AudioAttributes to qualify your playback use case
02-05 01:14:05.784  4760  4760 W DolbyAudioEffect: WARNING: attaching a DolbyAudioEffect to global output mix is deprecated!
02-05 01:14:05.790  4760  4760 D featureTest: onResume
02-05 01:14:05.803  4760  4777 D OpenGLRenderer: HWUI GL Pipeline
02-05 01:14:05.846  4760  4777 I Adreno  : QUALCOMM build                   : 7142022, Ib5823dd10c
02-05 01:14:05.846  4760  4777 I Adreno  : Build Date                       : 06/23/17
02-05 01:14:05.846  4760  4777 I Adreno  : OpenGL ES Shader Compiler Version: EV031.18.00.00
02-05 01:14:05.846  4760  4777 I Adreno  : Local Branch                     : O11A
02-05 01:14:05.846  4760  4777 I Adreno  : Remote Branch                    : 
02-05 01:14:05.846  4760  4777 I Adreno  : Remote Branch                    : 
02-05 01:14:05.846  4760  4777 I Adreno  : Reconstruct Branch               : 
02-05 01:14:05.847  4760  4777 I vndksupport: sphal namespace is not configured for this process. Loading /vendor/lib64/hw/gralloc.msm8994.so from the current namespace instead.
02-05 01:14:05.854  4760  4777 I Adreno  : PFP: 0x00000000, ME: 0x00000000
02-05 01:14:05.860  4760  4777 I OpenGLRenderer: Initialized EGL, version 1.4
02-05 01:14:05.860  4760  4777 D OpenGLRenderer: Swap behavior 2
02-05 01:14:05.888   365   365 W /system/bin/hwservicemanager: getTransportFromManifest: Cannot find entry android.hardware.graphics.mapper@2.0::IMapper in either framework or device manifest, using default transport.
02-05 01:14:05.895  4760  4777 I vndksupport: sphal namespace is not configured for this process. Loading /vendor/lib64/hw/gralloc.msm8994.so from the current namespace instead.
02-05 01:14:05.933   816   843 I ActivityManager: Displayed com.dolby.qa.featuretest/.MainActivity: +372ms
02-05 01:14:05.985   816   843 W ActivityManager: setHasOverlayUi called on unknown pid: 4669
02-05 01:14:06.215   816   816 W NotificationService: Object died trying to hide notification android.app.ITransientNotification$Stub$Proxy@f4d40b6 in package com.dolby.qa.featuretest
02-05 01:14:06.215   816   816 W WindowManager: removeWindowToken: Attempted to remove non-existing token: android.os.Binder@fda43e8
02-05 01:14:06.384  2401  2517 W OpenGLRenderer: Incorrectly called buildLayer on View: ShortcutAndWidgetContainer, destroying layer...
02-05 01:14:06.637  4760  4760 D featureTest: receive broadcast , playing content location :/sdcard/featureTest/2ch_channel_id.wav
02-05 01:14:06.647  4760  4760 D featureTest: mMediaPlayer.getAudioSessionId(): 5465
02-05 01:14:06.647  4760  4760 D featureTest: Playing file: /sdcard/featureTest/2ch_channel_id.wav
02-05 01:14:06.648   589  1170 D NuPlayerDriver: NuPlayerDriver(0xe57327e0) created, clientPid(4760)
02-05 01:14:06.650  4789  4789 W generic : type=1400 audit(0.0:3031): avc: denied { read } for path="/storage/emulated/0/featuretest/2ch_channel_id.wav" dev="sdcardfs" ino=523313 scontext=u:r:mediaextractor:s0 tcontext=u:object_r:sdcardfs:s0 tclass=file permissive=0
02-05 01:14:06.650  4760  4760 W MediaPlayer: Use of stream types is deprecated for operations other than volume control
02-05 01:14:06.651  4760  4760 W MediaPlayer: See the documentation of setAudioStreamType() for what to use instead with android.media.AudioAttributes to qualify your playback use case
02-05 01:14:06.653   589  4789 D GenericSource: FileSource remote
02-05 01:14:06.653   589  4789 W GenericSource: extractor service cannot make data source
02-05 01:14:06.653   589  4789 D GenericSource: FileSource local
02-05 01:14:06.675   587  3738 D MediaBufferGroup: creating MemoryDealer
02-05 01:14:06.676   589  4788 D NuPlayerDriver: notifyListener_l(0xe57327e0), (1, 0, 0, -1), loop setting(0, 0)
02-05 01:14:06.685   589  1170 D NuPlayerDriver: start(0xe57327e0), state is 4, eos is 0
02-05 01:14:06.685   589  4788 I GenericSource: start
02-05 01:14:06.691  4760  4760 W DolbyAudioEffect: WARNING: attaching a DolbyAudioEffect to global output mix is deprecated!
02-05 01:14:06.691   593  1188 I OMXMaster: makeComponentInstance(OMX.google.raw.decoder) in android.hardwar process
02-05 01:14:06.695   593  5353 E OMXNodeInstance: setConfig(0xf0d07240:google.raw.decoder, ConfigPriority(0x6f800002)) ERROR: Undefined(0x80001001)
02-05 01:14:06.695   589  4796 I ACodec  : codec does not support config priority (err -2147483648)
02-05 01:14:06.695   593 20870 E OMXNodeInstance: getConfig(0xf0d07240:google.raw.decoder, ConfigAndroidVendorExtension(0x6f100004)) ERROR: Undefined(0x80001001)
02-05 01:14:06.696   589  4796 I MediaCodec: MediaCodec will operate in async mode
02-05 01:14:06.705   581   581 W AudioFlinger: createTrack_l(): mismatch between requested flags (00000008) and output flags (00000000)
02-05 01:14:06.707   589  4794 D AudioTrack: Client defaulted notificationFrames to 8125 for frameCount 24375
02-05 01:14:06.709   589  4788 D NuPlayerDriver: notifyListener_l(0xe57327e0), (6, 0, 0, -1), loop setting(0, 1)
02-05 01:14:06.713  4760  4760 D featureTest: receive broadcast , change ds status :1
02-05 01:14:06.742   581   730 D DlbDlbEffect: handle_EFFECT_CMD_SET_PARAM()
02-05 01:14:06.797  4760  4760 D featureTest: receive broadcast , change ds profile id :2
02-05 01:14:06.807   581  7829 D DlbDlbEffect: handle_EFFECT_CMD_SET_PARAM()
02-05 01:14:06.807   421   460 I DapController: Profile Changed to Music
02-05 01:14:06.818   581  5115 D DlbDapEndpointParamCache: commitChangedParams()
02-05 01:14:06.818   581  5115 D DlbDapEndpointParamCache: commit() Applying parameters for device 0x40000000
02-05 01:14:06.818   581  5115 D DlbDap2Process: setParam(iea = #1[10])
02-05 01:14:06.818   581  5115 D DlbDap2Process: setParam(msce = #1[0])
02-05 01:14:06.818   581  5115 D DlbDap2Process: setParam(mdee = #1[0])
02-05 01:14:06.818   581  5115 D DlbDap2Process: setParam(miee = #1[0])
02-05 01:14:06.818   581  5115 D DlbDap2Process: setParam(mdle = #1[0])
02-05 01:14:06.818   581  5115 D DlbDap2Process: setParam(dvle = #1[1])
02-05 01:14:06.818   581  5115 D DlbDap2Process: setParam(mave = #1[0])
02-05 01:14:06.818   581  5115 D DlbDap2Process: setParam(vcbf = #20[47, 141, 234, 328, 469, 656, 844, 1031, 1313, 1688, 2250, 3000, 3750, 4688, 5813, 7125, 9000, 11250, 13875, 19688])
02-05 01:14:06.818   581  5115 D DlbDap2Process: setParam(vbon = #1[0])
02-05 01:14:06.818   581  5115 D DlbDap2Process: setParam(beon = #1[0])
02-05 01:14:06.818   581  5115 D DlbDap2Process: setParam(geon = #1[0])
02-05 01:14:06.818   581  5115 D DlbDap2Process: setParam(ieon = #1[1])
02-05 01:14:06.819   581  5115 D DlbDap2Process: setParam(gebs = #41[20, 47, 141, 234, 328, 469, 656, 844, 1031, 1313, 1688, 2250, 3000, 3750, 4688, 5813, 7125, 9000, 11250, 13875, 19688, 0, 0, 0, 0, 0, 0, 0, 0, 0, 0, 0, 0, 0, 0, 0, 0, 0, 0, 0, 0])
02-05 01:14:06.819   581  5115 D DlbDap2Process: setParam(iebs = #41[20, 65, 136, 223, 332, 467, 634, 841, 1098, 1416, 1812, 2302, 2909, 3663, 4598, 5756, 7194, 8976, 11186, 13927, 17326, 117, 133, 188, 176, 141, 149, 175, 185, 185, 200, 236, 242, 228, 213, 182, 132, 110, 68, -27, -240])
02-05 01:14:06.819   581  5115 D DlbDapEndpointParamCache: doCommit() Committed 15 parameters out of 16.
02-05 01:14:06.819   581  5115 D DlbDapEndpointParamCache: commit() Overriding parameters for current device 0x00000080
02-05 01:14:06.819   581  5115 D DlbDap2Process: setParam(dea = #1[7])
02-05 01:14:06.819   581  5115 D DlbDap2Process: setParam(dsa = #1[10])
02-05 01:14:06.819   581  5115 D DlbDap2Process: setParam(beb = #1[192])
02-05 01:14:06.819   581  5115 D DlbDap2Process: setParam(plb = #1[0])
02-05 01:14:06.819   581  5115 D DlbDap2Process: setParam(vmb = #1[144])
02-05 01:14:06.819   581  5115 D DlbDap2Process: setParam(dsb = #1[0])
02-05 01:14:06.819   581  5115 D DlbDap2Process: setParam(ded = #1[0])
02-05 01:14:06.819   581  5115 D DlbDap2Process: setParam(vbm = #1[0])
02-05 01:14:06.819   581  5115 D DlbDap2Process: setParam(dom = #1[0])
02-05 01:14:06.819   581  5115 D DlbDap2Process: setParam(bew = #1[16])
02-05 01:14:06.819   581  5115 D DlbDap2Process: setParam(dvla = #1[4])
02-05 01:14:06.819   581  5115 D DlbDap2Process: setParam(arra = #1[96])
02-05 01:14:06.819   581  5115 D DlbDap2Process: setParam(dfsa = #1[10])
02-05 01:14:06.819   581  5115 D DlbDap2Process: setParam(dhsa = #1[10])
02-05 01:14:06.819   581  5115 D DlbDap2Process: setParam(dvmc = #1[0])
02-05 01:14:06.819   581  5115 D DlbDap2Process: setParam(arod = #1[0])
02-05 01:14:06.819   581  5115 D DlbDap2Process: setParam(arde = #1[0])
02-05 01:14:06.819   581  5115 D DlbDap2Process: setParam(dvle = #1[1])
02-05 01:14:06.819   581  5115 D DlbDap2Process: setParam(dvme = #1[0])
02-05 01:14:06.819   581  5115 D DlbDap2Process: setParam(becf = #1[200])
02-05 01:14:06.819   581  5115 D DlbDap2Process: setParam(vbmf = #2[94, 469])
02-05 01:14:06.819   581  5115 D DlbDap2Process: setParam(vbsf = #2[35, 160])
02-05 01:14:06.819   581  5115 D DlbDap2Process: setParam(vbhg = #3[-32, -144, -192])
02-05 01:14:06.820   581  5115 D DlbDap2Process: setParam(vbog = #1[0])
02-05 01:14:06.820   581  5115 D DlbDap2Process: setParam(vbsg = #1[0])
02-05 01:14:06.820   581  5115 D DlbDap2Process: setParam(dvli = #1[-320])
02-05 01:14:06.820   581  5115 D DlbDap2Process: setParam(dhfm = #1[0])
02-05 01:14:06.820   581  5115 D DlbDap2Process: setParam(vbon = #1[0])
02-05 01:14:06.820   581  5115 D DlbDap2Process: setParam(beon = #1[0])
02-05 01:14:06.820   581  5115 D DlbDap2Process: setParam(deon = #1[0])
02-05 01:14:06.820   581  5115 D DlbDap2Process: setParam(ngon = #1[1])
02-05 01:14:06.820   581  5115 D DlbDap2Process: setParam(aoon = #1[0])
02-05 01:14:06.820   581  5115 D DlbDap2Process: setParam(aron = #1[1])
02-05 01:14:06.820   581  5115 D DlbDap2Process: setParam(dvlo = #1[-320])
02-05 01:14:06.820   581  5115 D DlbDap2Process: setParam(artp = #1[12])
02-05 01:14:06.820   581  5115 D DlbDap2Process: setParam(aobs = #222[20, 10, 47, 141, 234, 328, 469, 656, 844, 1031, 1313, 1688, 2250, 3000, 3750, 4688, 5813, 7125, 9000, 11250, 13875, 19688, 0, 0, 0, 0, 0, 0, 0, 0, 0, 0, 0, 0, 0, 0, 0, 0, 0, 0, 0, 0, 0, 0, 0, 0, 0, 0, 0, 0, 0, 0, 0, 0, 0, 0, 0, 0, 0, 0, 0, 0, 0, 0, 0, 0, 0, 0, 0, 0, 0, 0, 0, 0, 0, 0, 0, 0, 0, 0, 0, 0, 0, 0, 0, 0, 0, 0, 0, 0, 0, 0, 0, 0, 0, 0, 0, 0, 0, 0, 0, 0, 0, 0, 0, 0, 0, 0, 0, 0, 0, 0, 0, 0, 0, 0, 0, 0, 0, 0, 0, 0, 0, 0, 0, 0, 0, 0, 0, 0, 0, 0, 0, 0, 0, 0, 0, 0, 0, 0, 0, 0, 0, 0, 0, 0, 0, 0, 0, 0, 0, 0, 0, 0, 0, 0, 0, 0, 0, 0, 0, 0, 0, 0, 0, 0, 0, 0, 0, 0, 0, 0, 0, 0, 0, 0, 0, 0, 0, 0, 0, 0, 0, 0, 0, 0, 0, 0, 0, 0, 0, 0, 0, 0, 0, 0, 0, 0, 0, 0, 0, 0, 0, 0, 0, 0, 0, 0, 0, 0, 0, 0, 0, 0, 0, 0, 0, 0, 0, 0, 0, 0])
02-05 01:14:06.821   581  5115 D DlbDap2Process: setParam(arbs = #81[20, 47, 141, 234, 328, 469, 656, 844, 1031, 1313, 1688, 2250, 3000, 3750, 4688, 5813, 7125, 9000, 11250, 13875, 19688, -192, -192, -192, -192, -192, -192, -192, -192, -192, -192, -192, -192, -192, -192, -192, -192, -192, -192, -192, -192, 0, 0, 0, 0, 0, 0, 0, 0, 0, 0, 0, 0, 0, 0, 0, 0, 0, 0, 0, 0, 0, 0, 0, 0, 0, 0, 0, 0, 0, 0, 0, 0, 0, 0, 0, 0, 0, 0, 0, 0])
02-05 01:14:06.821   581  5115 D DlbDapEndpointParamCache: doCommit() Committed 37 parameters out of 37.
02-05 01:14:06.821   581  5115 D DlbDap2Process: setMave(mave = 0)
02-05 01:14:06.862  4760  4760 D featureTest: receive broadcast , record log :0
02-05 01:14:08.000   581  5115 D DlbDap2Process: process() called [415000] times
02-05 01:14:08.755   816   816 W WindowManager: removeWindowToken: Attempted to remove non-existing token: android.os.Binder@1bc3253
02-05 01:14:08.806   429   429 D SurfaceFlinger: duplicate layer name: changing Toast to Toast#1
02-05 01:14:10.357  3552  3552 W SceneBgThread: type=1400 audit(0.0:3032): avc: denied { read } for name="stat" dev="proc" ino=4026548033 scontext=u:r:untrusted_app_25:s0:c512,c768 tcontext=u:object_r:proc_stat:s0 tclass=file permissive=0
02-05 01:14:10.780   816   816 W WindowManager: removeWindowToken: Attempted to remove non-existing token: android.os.Binder@f9a4445
02-05 01:14:10.902   581  5115 D DlbDap2Process: process() called [415500] times
