--------- beginning of system
02-05 01:15:30.397   816  3428 I ActivityManager: Force stopping com.dolby.qa.featuretest appid=10074 user=0: from pid 5404
02-05 01:15:30.397   816  3428 I ActivityManager: Killing 5312:com.dolby.qa.featuretest/u0a74 (adj 0): stop com.dolby.qa.featuretest
02-05 01:15:30.398   816  3428 W ActivityManager: Force removing ActivityRecord{3295b07 u0 com.dolby.qa.featuretest/.MainActivity t265}: app died, no saved state
02-05 01:15:30.404   816  3428 I WindowManager: Failed to capture screenshot of Token{c21434 ActivityRecord{3295b07 u0 com.dolby.qa.featuretest/.MainActivity t265 f}} appWin=Window{d7ed885 u0 com.dolby.qa.featuretest/com.dolby.qa.featuretest.MainActivity} drawState=4
--------- beginning of main
02-05 01:15:30.437  1232  1232 D CarrierSvcBindHelper: No carrier app for: 0
02-05 01:15:30.440  2298  2298 D RegisteredNfcFServicesCache: Service unchanged, not updating
02-05 01:15:30.442   816   964 I WindowManager: WIN DEATH: Window{841e7bf u0 Toast}
02-05 01:15:30.442   589  1183 D NuPlayerDriver: reset(0xe3e79150) at state 5
02-05 01:15:30.443   589  1183 D NuPlayerDriver: notifyListener_l(0xe3e79150), (8, 0, 0, -1), loop setting(0, 1)
02-05 01:15:30.456   589  5367 D NuPlayerDriver: notifyResetComplete(0xe3e79150)
02-05 01:15:30.459   589  1183 D AudioTrack: stop() called with 0 frames delivered
02-05 01:15:30.508   816   964 I ActivityManager: START u0 {flg=0x10000000 cmp=com.dolby.qa.featuretest/.MainActivity} from uid 2000
02-05 01:15:30.530   816  3431 I ActivityManager: Start proc 5410:com.dolby.qa.featuretest/u0a74 for activity com.dolby.qa.featuretest/.MainActivity
02-05 01:15:30.531  5410  5410 I zygote64: Late-enabling -Xcheck:jni
02-05 01:15:30.744  5410  5410 D featureTest: onCreate
02-05 01:15:30.754   581  5355 W AudioFlinger: createTrack_l(): mismatch between requested flags (00000008) and output flags (00000000)
02-05 01:15:30.754  5410  5410 D AudioTrack: Client defaulted notificationFrames to 3916 for frameCount 11748
02-05 01:15:30.760  5410  5410 W AudioTrack: Use of stream types is deprecated for operations other than volume control
02-05 01:15:30.761  5410  5410 W AudioTrack: See the documentation of AudioTrack() for what to use instead with android.media.AudioAttributes to qualify your playback use case
02-05 01:15:30.773  5410  5410 W DolbyAudioEffect: WARNING: attaching a DolbyAudioEffect to global output mix is deprecated!
02-05 01:15:30.779  5410  5410 D featureTest: onResume
02-05 01:15:30.801  5410  5427 D OpenGLRenderer: HWUI GL Pipeline
02-05 01:15:30.875  5410  5427 I Adreno  : QUALCOMM build                   : 7142022, Ib5823dd10c
02-05 01:15:30.875  5410  5427 I Adreno  : Build Date                       : 06/23/17
02-05 01:15:30.875  5410  5427 I Adreno  : OpenGL ES Shader Compiler Version: EV031.18.00.00
02-05 01:15:30.875  5410  5427 I Adreno  : Local Branch                     : O11A
02-05 01:15:30.875  5410  5427 I Adreno  : Remote Branch                    : 
02-05 01:15:30.875  5410  5427 I Adreno  : Remote Branch                    : 
02-05 01:15:30.875  5410  5427 I Adreno  : Reconstruct Branch               : 
02-05 01:15:30.875  5410  5427 I vndksupport: sphal namespace is not configured for this process. Loading /vendor/lib64/hw/gralloc.msm8994.so from the current namespace instead.
02-05 01:15:30.887  5410  5427 I Adreno  : PFP: 0x00000000, ME: 0x00000000
02-05 01:15:30.892  5410  5427 I OpenGLRenderer: Initialized EGL, version 1.4
02-05 01:15:30.892  5410  5427 D OpenGLRenderer: Swap behavior 2
02-05 01:15:30.943   365   365 W /system/bin/hwservicemanager: getTransportFromManifest: Cannot find entry android.hardware.graphics.mapper@2.0::IMapper in either framework or device manifest, using default transport.
02-05 01:15:30.950  5410  5427 I vndksupport: sphal namespace is not configured for this process. Loading /vendor/lib64/hw/gralloc.msm8994.so from the current namespace instead.
02-05 01:15:31.008   816   843 I ActivityManager: Displayed com.dolby.qa.featuretest/.MainActivity: +467ms
02-05 01:15:31.008   816   843 W ActivityManager: setHasOverlayUi called on unknown pid: 5312
02-05 01:15:31.339  2401  2517 W OpenGLRenderer: Incorrectly called buildLayer on View: ShortcutAndWidgetContainer, destroying layer...
02-05 01:15:31.600  5410  5410 D featureTest: receive broadcast , playing content location :/sdcard/featureTest/chopper_5.1_180_420.wav
02-05 01:15:31.609  5410  5410 D featureTest: mMediaPlayer.getAudioSessionId(): 5593
02-05 01:15:31.609  5410  5410 D featureTest: Playing file: /sdcard/featureTest/chopper_5.1_180_420.wav
02-05 01:15:31.611   589   709 D NuPlayerDriver: NuPlayerDriver(0xe5732380) created, clientPid(5410)
02-05 01:15:31.612  5410  5410 W MediaPlayer: Use of stream types is deprecated for operations other than volume control
02-05 01:15:31.613  5440  5440 W generic : type=1400 audit(0.0:3041): avc: denied { read } for path="/storage/emulated/0/featuretest/chopper_5.1_180_420.wav" dev="sdcardfs" ino=523304 scontext=u:r:mediaextractor:s0 tcontext=u:object_r:sdcardfs:s0 tclass=file permissive=0
02-05 01:15:31.613  5410  5410 W MediaPlayer: See the documentation of setAudioStreamType() for what to use instead with android.media.AudioAttributes to qualify your playback use case
02-05 01:15:31.615   589  5440 D GenericSource: FileSource remote
02-05 01:15:31.616   589  5440 W GenericSource: extractor service cannot make data source
02-05 01:15:31.616   589  5440 D GenericSource: FileSource local
02-05 01:15:31.618   587  1118 W WAVExtractor: More than 2 channels (6) in non-WAVE_EXT, unknown channel mask
02-05 01:15:31.641   587  1118 W WAVExtractor: More than 2 channels (6) in non-WAVE_EXT, unknown channel mask
02-05 01:15:31.642   587  3738 D MediaBufferGroup: creating MemoryDealer
02-05 01:15:31.643   589  5438 D NuPlayerDriver: notifyListener_l(0xe5732380), (1, 0, 0, -1), loop setting(0, 0)
02-05 01:15:31.653   589   709 D NuPlayerDriver: start(0xe5732380), state is 4, eos is 0
02-05 01:15:31.653   589  5438 I GenericSource: start
02-05 01:15:31.659  5410  5410 W DolbyAudioEffect: WARNING: attaching a DolbyAudioEffect to global output mix is deprecated!
02-05 01:15:31.661   593  1188 I OMXMaster: makeComponentInstance(OMX.google.raw.decoder) in android.hardwar process
02-05 01:15:31.666   593 20870 E OMXNodeInstance: setConfig(0xf10a2f60:google.raw.decoder, ConfigPriority(0x6f800002)) ERROR: Undefined(0x80001001)
02-05 01:15:31.666   589  5446 I ACodec  : codec does not support config priority (err -2147483648)
02-05 01:15:31.668   593  1162 E OMXNodeInstance: getConfig(0xf10a2f60:google.raw.decoder, ConfigAndroidVendorExtension(0x6f100004)) ERROR: Undefined(0x80001001)
02-05 01:15:31.668  5410  5410 D featureTest: receive broadcast , change ds status :0
02-05 01:15:31.670   589  5446 I MediaCodec: MediaCodec will operate in async mode
02-05 01:15:31.679   816   816 W NotificationService: Object died trying to hide notification android.app.ITransientNotification$Stub$Proxy@1bed6ab in package com.dolby.qa.featuretest
02-05 01:15:31.679   816   816 W WindowManager: removeWindowToken: Attempted to remove non-existing token: android.os.Binder@cacda3a
02-05 01:15:31.679   816   816 W ActivityManager: setProcessForeground called on unknown pid: 5312
02-05 01:15:31.679   816   816 W NotificationService: Object died trying to show notification android.app.ITransientNotification$Stub$Proxy@6ebb108 in package com.dolby.qa.featuretest
02-05 01:15:31.679   816   816 W ActivityManager: setProcessForeground called on unknown pid: 5312
02-05 01:15:31.679   816   816 W NotificationService: Object died trying to show notification android.app.ITransientNotification$Stub$Proxy@67b00a1 in package com.dolby.qa.featuretest
02-05 01:15:31.681   581   581 W AudioFlinger: createTrack_l(): mismatch between requested flags (00000008) and output flags (00000000)
02-05 01:15:31.684   365   365 W /system/bin/hwservicemanager: getTransportFromManifest: Cannot find entry android.hardware.audio.effect@2.0::IEffectsFactory in either framework or device manifest, using default transport.
02-05 01:15:31.688   581  5142 D DlbDlbEffect: handle_EFFECT_CMD_SET_PARAM()
02-05 01:15:31.689   571   940 E QC-QMI  : linux_qmi_qmux_io_wake_lock: Err in writing wakelock=qmuxd_port_wl_0, error [1:Operation not permitted]
02-05 01:15:31.689   571   940 E QC-QMI  : linux_qmi_qmux_io_wake_unlock: Err in writing wakelock=qmuxd_port_wl_0, error [1:Operation not permitted]
02-05 01:15:31.695   416   416 W /system/bin/hw/android.hidl.allocator@1.0-service: ashmem_create_region(3072) returning hidl_memory(0x7590c2c2e0, 3072)
02-05 01:15:31.697   416   416 W /system/bin/hw/android.hidl.allocator@1.0-service: ashmem_create_region(1024) returning hidl_memory(0x7590c2c2e0, 1024)
02-05 01:15:31.698   581   581 E EffectHalHidl: Buffer provider callbacks are not supported
02-05 01:15:31.698   589  5444 D AudioTrack: Client defaulted notificationFrames to 8125 for frameCount 24375
02-05 01:15:31.700   589  5438 D NuPlayerDriver: notifyListener_l(0xe5732380), (6, 0, 0, -1), loop setting(0, 1)
02-05 01:15:31.718   581  5115 D DlbDapCrossfadeProcess: setEnabled transitioning from DAP_ACTIVE state to FADE_TO_BYPASS
02-05 01:15:31.760  5410  5410 D featureTest: receive broadcast , change ds profile id :2
02-05 01:15:31.773   581  5142 D DlbDlbEffect: handle_EFFECT_CMD_SET_PARAM()
02-05 01:15:31.774   421   460 I DapController: Profile Changed to Music
02-05 01:15:31.785   581  5115 D DlbDapEndpointParamCache: commitChangedParams()
02-05 01:15:31.785   581  5115 D DlbDapEndpointParamCache: commit() Applying parameters for device 0x40000000
02-05 01:15:31.785   581  5115 D DlbDap2Process: setParam(iea = #1[10])
02-05 01:15:31.785   581  5115 D DlbDap2Process: setParam(msce = #1[0])
02-05 01:15:31.785   581  5115 D DlbDap2Process: setParam(mdee = #1[0])
02-05 01:15:31.785   581  5115 D DlbDap2Process: setParam(miee = #1[0])
02-05 01:15:31.785   581  5115 D DlbDap2Process: setParam(mdle = #1[0])
02-05 01:15:31.785   581  5115 D DlbDap2Process: setParam(dvle = #1[1])
02-05 01:15:31.785   581  5115 D DlbDap2Process: setParam(mave = #1[0])
02-05 01:15:31.785   581  5115 D DlbDap2Process: setParam(vcbf = #20[47, 141, 234, 328, 469, 656, 844, 1031, 1313, 1688, 2250, 3000, 3750, 4688, 5813, 7125, 9000, 11250, 13875, 19688])
02-05 01:15:31.785   581  5115 D DlbDap2Process: setParam(vbon = #1[0])
02-05 01:15:31.785   581  5115 D DlbDap2Process: setParam(beon = #1[0])
02-05 01:15:31.785   581  5115 D DlbDap2Process: setParam(geon = #1[0])
02-05 01:15:31.785   581  5115 D DlbDap2Process: setParam(ieon = #1[1])
02-05 01:15:31.785   581  5115 D DlbDap2Process: setParam(gebs = #41[20, 47, 141, 234, 328, 469, 656, 844, 1031, 1313, 1688, 2250, 3000, 3750, 4688, 5813, 7125, 9000, 11250, 13875, 19688, 0, 0, 0, 0, 0, 0, 0, 0, 0, 0, 0, 0, 0, 0, 0, 0, 0, 0, 0, 0])
02-05 01:15:31.785   581  5115 D DlbDap2Process: setParam(iebs = #41[20, 65, 136, 223, 332, 467, 634, 841, 1098, 1416, 1812, 2302, 2909, 3663, 4598, 5756, 7194, 8976, 11186, 13927, 17326, 117, 133, 188, 176, 141, 149, 175, 185, 185, 200, 236, 242, 228, 213, 182, 132, 110, 68, -27, -240])
02-05 01:15:31.785   581  5115 D DlbDapEndpointParamCache: doCommit() Committed 15 parameters out of 16.
02-05 01:15:31.786   581  5115 D DlbDapEndpointParamCache: commit() Overriding parameters for current device 0x00000080
02-05 01:15:31.786   581  5115 D DlbDap2Process: setParam(dea = #1[7])
02-05 01:15:31.786   581  5115 D DlbDap2Process: setParam(dsa = #1[10])
02-05 01:15:31.786   581  5115 D DlbDap2Process: setParam(beb = #1[192])
02-05 01:15:31.786   581  5115 D DlbDap2Process: setParam(plb = #1[0])
02-05 01:15:31.786   581  5115 D DlbDap2Process: setParam(vmb = #1[144])
02-05 01:15:31.786   581  5115 D DlbDap2Process: setParam(dsb = #1[0])
02-05 01:15:31.786   581  5115 D DlbDap2Process: setParam(ded = #1[0])
02-05 01:15:31.786   581  5115 D DlbDap2Process: setParam(vbm = #1[0])
02-05 01:15:31.786   581  5115 D DlbDap2Process: setParam(dom = #1[0])
02-05 01:15:31.786   581  5115 D DlbDap2Process: setParam(bew = #1[16])
02-05 01:15:31.786   581  5115 D DlbDap2Process: setParam(dvla = #1[4])
02-05 01:15:31.786   581  5115 D DlbDap2Process: setParam(arra = #1[96])
02-05 01:15:31.786   581  5115 D DlbDap2Process: setParam(dfsa = #1[10])
02-05 01:15:31.786   581  5115 D DlbDap2Process: setParam(dhsa = #1[10])
02-05 01:15:31.786   581  5115 D DlbDap2Process: setParam(dvmc = #1[0])
02-05 01:15:31.786   581  5115 D DlbDap2Process: setParam(arod = #1[0])
02-05 01:15:31.786   581  5115 D DlbDap2Process: setParam(arde = #1[0])
02-05 01:15:31.786   581  5115 D DlbDap2Process: setParam(dvle = #1[1])
02-05 01:15:31.786   581  5115 D DlbDap2Process: setParam(dvme = #1[0])
02-05 01:15:31.786   581  5115 D DlbDap2Process: setParam(becf = #1[200])
02-05 01:15:31.786   581  5115 D DlbDap2Process: setParam(vbmf = #2[94, 469])
02-05 01:15:31.786   581  5115 D DlbDap2Process: setParam(vbsf = #2[35, 160])
02-05 01:15:31.786   581  5115 D DlbDap2Process: setParam(vbhg = #3[-32, -144, -192])
02-05 01:15:31.786   581  5115 D DlbDap2Process: setParam(vbog = #1[0])
02-05 01:15:31.786   581  5115 D DlbDap2Process: setParam(vbsg = #1[0])
02-05 01:15:31.786   581  5115 D DlbDap2Process: setParam(dvli = #1[-320])
02-05 01:15:31.786   581  5115 D DlbDap2Process: setParam(dhfm = #1[0])
02-05 01:15:31.786   581  5115 D DlbDap2Process: setParam(vbon = #1[0])
02-05 01:15:31.786   581  5115 D DlbDap2Process: setParam(beon = #1[0])
02-05 01:15:31.786   581  5115 D DlbDap2Process: setParam(deon = #1[0])
02-05 01:15:31.786   581  5115 D DlbDap2Process: setParam(ngon = #1[1])
02-05 01:15:31.786   581  5115 D DlbDap2Process: setParam(aoon = #1[0])
02-05 01:15:31.786   581  5115 D DlbDap2Process: setParam(aron = #1[1])
02-05 01:15:31.786   581  5115 D DlbDap2Process: setParam(dvlo = #1[-320])
02-05 01:15:31.787   581  5115 D DlbDap2Process: setParam(artp = #1[12])
02-05 01:15:31.787   581  5115 D DlbDap2Process: setParam(aobs = #222[20, 10, 47, 141, 234, 328, 469, 656, 844, 1031, 1313, 1688, 2250, 3000, 3750, 4688, 5813, 7125, 9000, 11250, 13875, 19688, 0, 0, 0, 0, 0, 0, 0, 0, 0, 0, 0, 0, 0, 0, 0, 0, 0, 0, 0, 0, 0, 0, 0, 0, 0, 0, 0, 0, 0, 0, 0, 0, 0, 0, 0, 0, 0, 0, 0, 0, 0, 0, 0, 0, 0, 0, 0, 0, 0, 0, 0, 0, 0, 0, 0, 0, 0, 0, 0, 0, 0, 0, 0, 0, 0, 0, 0, 0, 0, 0, 0, 0, 0, 0, 0, 0, 0, 0, 0, 0, 0, 0, 0, 0, 0, 0, 0, 0, 0, 0, 0, 0, 0, 0, 0, 0, 0, 0, 0, 0, 0, 0, 0, 0, 0, 0, 0, 0, 0, 0, 0, 0, 0, 0, 0, 0, 0, 0, 0, 0, 0, 0, 0, 0, 0, 0, 0, 0, 0, 0, 0, 0, 0, 0, 0, 0, 0, 0, 0, 0, 0, 0, 0, 0, 0, 0, 0, 0, 0, 0, 0, 0, 0, 0, 0, 0, 0, 0, 0, 0, 0, 0, 0, 0, 0, 0, 0, 0, 0, 0, 0, 0, 0, 0, 0, 0, 0, 0, 0, 0, 0, 0, 0, 0, 0, 0, 0, 0, 0, 0, 0, 0, 0, 0, 0, 0, 0, 0, 0, 0])
02-05 01:15:31.787   581  5115 D DlbDap2Process: setParam(arbs = #81[20, 47, 141, 234, 328, 469, 656, 844, 1031, 1313, 1688, 2250, 3000, 3750, 4688, 5813, 7125, 9000, 11250, 13875, 19688, -192, -192, -192, -192, -192, -192, -192, -192, -192, -192, -192, -192, -192, -192, -192, -192, -192, -192, -192, -192, 0, 0, 0, 0, 0, 0, 0, 0, 0, 0, 0, 0, 0, 0, 0, 0, 0, 0, 0, 0, 0, 0, 0, 0, 0, 0, 0, 0, 0, 0, 0, 0, 0, 0, 0, 0, 0, 0, 0, 0])
02-05 01:15:31.787   581  5115 D DlbDapEndpointParamCache: doCommit() Committed 37 parameters out of 37.
02-05 01:15:31.787   581  5115 D DlbDap2Process: setMave(mave = 0)
02-05 01:15:31.810   581  5115 D DlbDapCrossfadeProcess: process transitioning from FADE_TO_BYPASS state to DAP_BYPASSED
02-05 01:15:31.835  5410  5410 D featureTest: receive broadcast , playing content location :/sdcard/featureTest/chopper_5.1_180_420.wav
02-05 01:15:31.837   589  1170 D NuPlayerDriver: stop(0xe5732380)
02-05 01:15:31.837   589  1170 D NuPlayerDriver: notifyListener_l(0xe5732380), (8, 0, 0, -1), loop setting(0, 1)
02-05 01:15:31.838   589   589 D NuPlayerDriver: reset(0xe5732380) at state 8
02-05 01:15:31.846   589  5438 D NuPlayerDriver: notifyResetComplete(0xe5732380)
02-05 01:15:31.847   589  1170 D NuPlayerDriver: reset(0xe5732380) at state 0
02-05 01:15:31.848  5410  5410 V MediaPlayer: resetDrmState:  mDrmInfo=null mDrmProvisioningThread=null mPrepareDrmInProgress=false mActiveDrmScheme=false
02-05 01:15:31.848  5410  5410 V MediaPlayer: cleanDrmObj: mDrmObj=null mDrmSessionId=null
02-05 01:15:31.850  5410  5410 V MediaPlayer: resetDrmState:  mDrmInfo=null mDrmProvisioningThread=null mPrepareDrmInProgress=false mActiveDrmScheme=false
02-05 01:15:31.850  5410  5410 V MediaPlayer: cleanDrmObj: mDrmObj=null mDrmSessionId=null
02-05 01:15:31.855  5410  5410 D featureTest: mMediaPlayer.getAudioSessionId(): 5601
02-05 01:15:31.855  5410  5410 D featureTest: Playing file: /sdcard/featureTest/chopper_5.1_180_420.wav
02-05 01:15:31.856   589 26717 D NuPlayerDriver: NuPlayerDriver(0xe5732310) created, clientPid(5410)
02-05 01:15:31.857  5465  5465 W generic : type=1400 audit(0.0:3042): avc: denied { read } for path="/storage/emulated/0/featuretest/chopper_5.1_180_420.wav" dev="sdcardfs" ino=523304 scontext=u:r:mediaextractor:s0 tcontext=u:object_r:sdcardfs:s0 tclass=file permissive=0
02-05 01:15:31.858  5410  5410 W MediaPlayer: Use of stream types is deprecated for operations other than volume control
02-05 01:15:31.858  5410  5410 W MediaPlayer: See the documentation of setAudioStreamType() for what to use instead with android.media.AudioAttributes to qualify your playback use case
02-05 01:15:31.860   589  5465 D GenericSource: FileSource remote
02-05 01:15:31.860   589  5465 W GenericSource: extractor service cannot make data source
02-05 01:15:31.860   589  5465 D GenericSource: FileSource local
02-05 01:15:31.862   587  1118 W WAVExtractor: More than 2 channels (6) in non-WAVE_EXT, unknown channel mask
02-05 01:15:31.894   587  1118 W WAVExtractor: More than 2 channels (6) in non-WAVE_EXT, unknown channel mask
02-05 01:15:31.895   587   587 D MediaBufferGroup: creating MemoryDealer
02-05 01:15:31.895   589  5464 D NuPlayerDriver: notifyListener_l(0xe5732310), (1, 0, 0, -1), loop setting(0, 0)
02-05 01:15:31.901   589 26717 D NuPlayerDriver: start(0xe5732310), state is 4, eos is 0
02-05 01:15:31.901   589  5464 I GenericSource: start
02-05 01:15:31.906  5410  5410 W DolbyAudioEffect: WARNING: attaching a DolbyAudioEffect to global output mix is deprecated!
02-05 01:15:31.912   593  5352 I OMXMaster: makeComponentInstance(OMX.google.raw.decoder) in android.hardwar process
02-05 01:15:31.912  5410  5410 D featureTest: receive broadcast , change ds status :1
02-05 01:15:31.916   593  1162 E OMXNodeInstance: setConfig(0xf10a3260:google.raw.decoder, ConfigPriority(0x6f800002)) ERROR: Undefined(0x80001001)
02-05 01:15:31.916   589  5471 I ACodec  : codec does not support config priority (err -2147483648)
02-05 01:15:31.916   593 20514 E OMXNodeInstance: getConfig(0xf10a3260:google.raw.decoder, ConfigAndroidVendorExtension(0x6f100004)) ERROR: Undefined(0x80001001)
02-05 01:15:31.920   589  5471 I MediaCodec: MediaCodec will operate in async mode
02-05 01:15:31.925   581   581 D DlbDlbEffect: handle_EFFECT_CMD_SET_PARAM()
02-05 01:15:31.927   581   731 W AudioFlinger: createTrack_l(): mismatch between requested flags (00000008) and output flags (00000000)
02-05 01:15:31.930   365   365 W /system/bin/hwservicemanager: getTransportFromManifest: Cannot find entry android.hardware.audio.effect@2.0::IEffectsFactory in either framework or device manifest, using default transport.
02-05 01:15:31.936   416   416 W /system/bin/hw/android.hidl.allocator@1.0-service: ashmem_create_region(3072) returning hidl_memory(0x7590c2c2e0, 3072)
02-05 01:15:31.939   416   416 W /system/bin/hw/android.hidl.allocator@1.0-service: ashmem_create_region(1024) returning hidl_memory(0x7590c2c2e0, 1024)
02-05 01:15:31.939   581   731 E EffectHalHidl: Buffer provider callbacks are not supported
02-05 01:15:31.940   581  5115 D DlbDapCrossfadeProcess: setEnabled transitioning from DAP_BYPASSED state to PREROLL_ACTIVE
02-05 01:15:31.940   589  5469 D AudioTrack: Client defaulted notificationFrames to 8125 for frameCount 24375
02-05 01:15:31.941   589  5464 D NuPlayerDriver: notifyListener_l(0xe5732310), (6, 0, 0, -1), loop setting(0, 1)
02-05 01:15:31.980  5410  5410 D featureTest: receive broadcast , change ds profile id :5
02-05 01:15:31.988   581  4435 D DlbDlbEffect: handle_EFFECT_CMD_SET_PARAM()
02-05 01:15:31.988   421   460 I DapController: Profile Changed to Custom
02-05 01:15:31.994   581  5115 D DlbDapEndpointParamCache: commitChangedParams()
02-05 01:15:31.994   581  5115 D DlbDapEndpointParamCache: commit() Applying parameters for device 0x40000000
02-05 01:15:31.994   581  5115 D DlbDap2Process: setParam(iea = #1[10])
02-05 01:15:31.994   581  5115 D DlbDap2Process: setParam(msce = #1[0])
02-05 01:15:31.994   581  5115 D DlbDap2Process: setParam(mdee = #1[0])
02-05 01:15:31.994   581  5115 D DlbDap2Process: setParam(miee = #1[0])
02-05 01:15:31.994   581  5115 D DlbDap2Process: setParam(mdle = #1[0])
02-05 01:15:31.994   581  5115 D DlbDap2Process: setParam(dvle = #1[1])
02-05 01:15:31.995   581  5115 D DlbDap2Process: setParam(mave = #1[0])
02-05 01:15:31.995   581  5115 D DlbDap2Process: setParam(vcbf = #20[47, 141, 234, 328, 469, 656, 844, 1031, 1313, 1688, 2250, 3000, 3750, 4688, 5813, 7125, 9000, 11250, 13875, 19688])
02-05 01:15:31.995   581  5115 D DlbDap2Process: setParam(vbon = #1[0])
02-05 01:15:31.995   581  5115 D DlbDap2Process: setParam(beon = #1[0])
02-05 01:15:31.995   581  5115 D DlbDap2Process: setParam(geon = #1[0])
02-05 01:15:31.995   581  5115 D DlbDap2Process: setParam(ieon = #1[0])
02-05 01:15:31.995   581  5115 D DlbDap2Process: setParam(gebs = #41[20, 47, 141, 234, 328, 469, 656, 844, 1031, 1313, 1688, 2250, 3000, 3750, 4688, 5813, 7125, 9000, 11250, 13875, 19688, 0, 0, 0, 0, 0, 0, 0, 0, 0, 0, 0, 0, 0, 0, 0, 0, 0, 0, 0, 0])
02-05 01:15:31.995   581  5115 D DlbDap2Process: setParam(iebs = #41[20, 65, 136, 223, 332, 467, 634, 841, 1098, 1416, 1812, 2302, 2909, 3663, 4598, 5756, 7194, 8976, 11186, 13927, 17326, 117, 133, 188, 176, 141, 149, 175, 185, 185, 200, 236, 242, 228, 213, 182, 132, 110, 68, -27, -240])
02-05 01:15:31.995   581  5115 D DlbDapEndpointParamCache: doCommit() Committed 15 parameters out of 16.
02-05 01:15:31.995   581  5115 D DlbDapEndpointParamCache: commit() Overriding parameters for current device 0x00000080
02-05 01:15:31.995   581  5115 D DlbDap2Process: setParam(dea = #1[7])
02-05 01:15:31.995   581  5115 D DlbDap2Process: setParam(dsa = #1[10])
02-05 01:15:31.995   581  5115 D DlbDap2Process: setParam(beb = #1[192])
02-05 01:15:31.995   581  5115 D DlbDap2Process: setParam(plb = #1[0])
02-05 01:15:31.995   581  5115 D DlbDap2Process: setParam(vmb = #1[144])
02-05 01:15:31.995   581  5115 D DlbDap2Process: setParam(dsb = #1[0])
02-05 01:15:31.995   581  5115 D DlbDap2Process: setParam(ded = #1[0])
02-05 01:15:31.995   581  5115 D DlbDap2Process: setParam(vbm = #1[0])
02-05 01:15:31.995   581  5115 D DlbDap2Process: setParam(dom = #1[0])
02-05 01:15:31.995   581  5115 D DlbDap2Process: setParam(bew = #1[16])
02-05 01:15:31.995   581  5115 D DlbDap2Process: setParam(dvla = #1[5])
02-05 01:15:31.995   581  5115 D DlbDap2Process: setParam(arra = #1[96])
02-05 01:15:31.995   581  5115 D DlbDap2Process: setParam(dfsa = #1[10])
02-05 01:15:31.995   581  5115 D DlbDap2Process: setParam(dhsa = #1[10])
02-05 01:15:31.995   581  5115 D DlbDap2Process: setParam(dvmc = #1[0])
02-05 01:15:31.995   581  5115 D DlbDap2Process: setParam(arod = #1[0])
02-05 01:15:31.995   581  5115 D DlbDap2Process: setParam(arde = #1[0])
02-05 01:15:31.995   581  5115 D DlbDap2Process: setParam(dvle = #1[1])
02-05 01:15:31.995   581  5115 D DlbDap2Process: setParam(dvme = #1[0])
02-05 01:15:31.995   581  5115 D DlbDap2Process: setParam(becf = #1[200])
02-05 01:15:31.995   581  5115 D DlbDap2Process: setParam(vbmf = #2[94, 469])
02-05 01:15:31.996   581  5115 D DlbDap2Process: setParam(vbsf = #2[35, 160])
02-05 01:15:31.996   581  5115 D DlbDap2Process: setParam(vbhg = #3[-32, -144, -192])
02-05 01:15:31.996   581  5115 D DlbDap2Process: setParam(vbog = #1[0])
02-05 01:15:31.996   581  5115 D DlbDap2Process: setParam(vbsg = #1[0])
02-05 01:15:31.996   581  5115 D DlbDap2Process: setParam(dvli = #1[-320])
02-05 01:15:31.996   581  5115 D DlbDap2Process: setParam(dhfm = #1[0])
02-05 01:15:31.996   581  5115 D DlbDap2Process: setParam(vbon = #1[0])
02-05 01:15:31.996   581  5115 D DlbDap2Process: setParam(beon = #1[0])
02-05 01:15:31.996   581  5115 D DlbDap2Process: setParam(deon = #1[0])
02-05 01:15:31.996   581  5115 D DlbDap2Process: setParam(ngon = #1[1])
02-05 01:15:31.996   581  5115 D DlbDap2Process: setParam(aoon = #1[0])
02-05 01:15:31.996   581  5115 D DlbDap2Process: setParam(aron = #1[1])
02-05 01:15:31.996   581  5115 D DlbDap2Process: setParam(dvlo = #1[-320])
02-05 01:15:31.996   581  5115 D DlbDap2Process: setParam(artp = #1[12])
02-05 01:15:31.997   581  5115 D DlbDap2Process: setParam(aobs = #222[20, 10, 47, 141, 234, 328, 469, 656, 844, 1031, 1313, 1688, 2250, 3000, 3750, 4688, 5813, 7125, 9000, 11250, 13875, 19688, 0, 0, 0, 0, 0, 0, 0, 0, 0, 0, 0, 0, 0, 0, 0, 0, 0, 0, 0, 0, 0, 0, 0, 0, 0, 0, 0, 0, 0, 0, 0, 0, 0, 0, 0, 0, 0, 0, 0, 0, 0, 0, 0, 0, 0, 0, 0, 0, 0, 0, 0, 0, 0, 0, 0, 0, 0, 0, 0, 0, 0, 0, 0, 0, 0, 0, 0, 0, 0, 0, 0, 0, 0, 0, 0, 0, 0, 0, 0, 0, 0, 0, 0, 0, 0, 0, 0, 0, 0, 0, 0, 0, 0, 0, 0, 0, 0, 0, 0, 0, 0, 0, 0, 0, 0, 0, 0, 0, 0, 0, 0, 0, 0, 0, 0, 0, 0, 0, 0, 0, 0, 0, 0, 0, 0, 0, 0, 0, 0, 0, 0, 0, 0, 0, 0, 0, 0, 0, 0, 0, 0, 0, 0, 0, 0, 0, 0, 0, 0, 0, 0, 0, 0, 0, 0, 0, 0, 0, 0, 0, 0, 0, 0, 0, 0, 0, 0, 0, 0, 0, 0, 0, 0, 0, 0, 0, 0, 0, 0, 0, 0, 0, 0, 0, 0, 0, 0, 0, 0, 0, 0, 0, 0, 0, 0, 0, 0, 0, 0, 0])
02-05 01:15:31.997   581  5115 D DlbDap2Process: setParam(arbs = #81[20, 47, 141, 234, 328, 469, 656, 844, 1031, 1313, 1688, 2250, 3000, 3750, 4688, 5813, 7125, 9000, 11250, 13875, 19688, -192, -192, -192, -192, -192, -192, -192, -192, -192, -192, -192, -192, -192, -192, -192, -192, -192, -192, -192, -192, 0, 0, 0, 0, 0, 0, 0, 0, 0, 0, 0, 0, 0, 0, 0, 0, 0, 0, 0, 0, 0, 0, 0, 0, 0, 0, 0, 0, 0, 0, 0, 0, 0, 0, 0, 0, 0, 0, 0, 0])
02-05 01:15:31.997   581  5115 D DlbDapEndpointParamCache: doCommit() Committed 37 parameters out of 37.
02-05 01:15:31.997   581  5115 D DlbDap2Process: setMave(mave = 0)
02-05 01:15:31.998   581  5115 D DlbDapCrossfadeProcess: process transitioning from PREROLL_ACTIVE state to FADE_TO_ACTIVE
02-05 01:15:32.043  5410  5410 D featureTest: receive broadcast , change virtual speaker  virtualizer :0
02-05 01:15:32.059   581  7829 D DlbDlbEffect: handle_EFFECT_CMD_SET_PARAM()
02-05 01:15:32.110  5410  5410 D featureTest: receive broadcast , record log :0
02-05 01:15:32.118   581  5115 D DlbDapCrossfadeProcess: process transitioning from FADE_TO_ACTIVE state to DAP_ACTIVE
02-05 01:15:32.130  5410  5415 I zygote64: Do partial code cache collection, code=8KB, data=14KB
02-05 01:15:32.131  5410  5415 I zygote64: After code cache collection, code=8KB, data=14KB
02-05 01:15:32.131  5410  5415 I zygote64: Increasing code cache capacity to 128KB
02-05 01:15:32.131  5410  5415 I zygote64: Do partial code cache collection, code=8KB, data=33KB
02-05 01:15:32.131  5410  5415 I zygote64: After code cache collection, code=8KB, data=33KB
02-05 01:15:32.131  5410  5415 I zygote64: Increasing code cache capacity to 256KB
02-05 01:15:32.132  5410  5415 I zygote64: Compiler allocated 8MB to compile void android.widget.TextView.<init>(android.content.Context, android.util.AttributeSet, int, int)
02-05 01:15:32.515   581  5115 D DlbDap2Process: process() called [429500] times
02-05 01:15:33.711   816   816 W WindowManager: removeWindowToken: Attempted to remove non-existing token: android.os.Binder@a1682c6
02-05 01:15:33.765   429   429 D SurfaceFlinger: duplicate layer name: changing Toast to Toast#1
02-05 01:15:35.425   581  5115 D DlbDap2Process: process() called [430000] times
02-05 01:15:35.736   816   816 W WindowManager: removeWindowToken: Attempted to remove non-existing token: android.os.Binder@c9d9920
