02-05 01:16:42.647   581  5115 D DlbDap2Process: setParam(vbmf = #2[94, 469])
02-05 01:16:42.647   581  5115 D DlbDap2Process: setParam(vbsf = #2[35, 160])
02-05 01:16:42.647   581  5115 D DlbDap2Process: setParam(vbhg = #3[-32, -144, -192])
02-05 01:16:42.647   581  5115 D DlbDap2Process: setParam(vbog = #1[0])
02-05 01:16:42.647   581  5115 D DlbDap2Process: setParam(vbsg = #1[0])
02-05 01:16:42.647   581  5115 D DlbDap2Process: setParam(dvli = #1[-320])
02-05 01:16:42.647   581  5115 D DlbDap2Process: setParam(dhfm = #1[0])
02-05 01:16:42.647   581  5115 D DlbDap2Process: setParam(vbon = #1[0])
02-05 01:16:42.648   581  5115 D DlbDap2Process: setParam(beon = #1[0])
02-05 01:16:42.648   581  5115 D DlbDap2Process: setParam(aoon = #1[0])
02-05 01:16:42.648   581  5115 D DlbDap2Process: setParam(aron = #1[1])
02-05 01:16:42.648   581  5115 D DlbDap2Process: setParam(dvlo = #1[-320])
02-05 01:16:42.648   581  5115 D DlbDap2Process: setParam(artp = #1[12])
02-05 01:16:42.648   581  5115 D DlbDap2Process: setParam(aobs = #222[20, 10, 47, 141, 234, 328, 469, 656, 844, 1031, 1313, 1688, 2250, 3000, 3750, 4688, 5813, 7125, 9000, 11250, 13875, 19688, 0, 0, 0, 0, 0, 0, 0, 0, 0, 0, 0, 0, 0, 0, 0, 0, 0, 0, 0, 0, 0, 0, 0, 0, 0, 0, 0, 0, 0, 0, 0, 0, 0, 0, 0, 0, 0, 0, 0, 0, 0, 0, 0, 0, 0, 0, 0, 0, 0, 0, 0, 0, 0, 0, 0, 0, 0, 0, 0, 0, 0, 0, 0, 0, 0, 0, 0, 0, 0, 0, 0, 0, 0, 0, 0, 0, 0, 0, 0, 0, 0, 0, 0, 0, 0, 0, 0, 0, 0, 0, 0, 0, 0, 0, 0, 0, 0, 0, 0, 0, 0, 0, 0, 0, 0, 0, 0, 0, 0, 0, 0, 0, 0, 0, 0, 0, 0, 0, 0, 0, 0, 0, 0, 0, 0, 0, 0, 0, 0, 0, 0, 0, 0, 0, 0, 0, 0, 0, 0, 0, 0, 0, 0, 0, 0, 0, 0, 0, 0, 0, 0, 0, 0, 0, 0, 0, 0, 0, 0, 0, 0, 0, 0, 0, 0, 0, 0, 0, 0, 0, 0, 0, 0, 0, 0, 0, 0, 0, 0, 0, 0, 0, 0, 0, 0, 0, 0, 0, 0, 0, 0, 0, 0, 0, 0, 0, 0, 0, 0, 0])
02-05 01:16:42.648   581  5115 D DlbDap2Process: setParam(arbs = #81[20, 47, 141, 234, 328, 469, 656, 844, 1031, 1313, 1688, 2250, 3000, 3750, 4688, 5813, 7125, 9000, 11250, 13875, 19688, -192, -192, -192, -192, -192, -192, -192, -192, -192, -192, -192, -192, -192, -192, -192, -192, -192, -192, -192, -192, 0, 0, 0, 0, 0, 0, 0, 0, 0, 0, 0, 0, 0, 0, 0, 0, 0, 0, 0, 0, 0, 0, 0, 0, 0, 0, 0, 0, 0, 0, 0, 0, 0, 0, 0, 0, 0, 0, 0, 0])
02-05 01:16:42.648   581  5115 D DlbDapEndpointParamCache: doCommit() Committed 32 parameters out of 37.
02-05 01:16:42.650   581  5115 D DlbDapCrossfadeProcess: process transitioning from PREROLL_ACTIVE state to FADE_TO_ACTIVE
02-05 01:16:42.659   581  5142 W AudioFlinger: createTrack_l(): mismatch between requested flags (00000008) and output flags (00000000)
02-05 01:16:42.660   589  6146 D AudioTrack: Client defaulted notificationFrames to 8125 for frameCount 24375
02-05 01:16:42.662   581  5356 I AudioFlinger: attachAuxEffect(): Marking track 776 as containing processed audio
02-05 01:16:42.662   581  5356 D AudioFlinger: trackContainsProcessedAudio() Track id 776 contains processed audio
02-05 01:16:42.663   581   730 D AudioFlinger: trackStateChanged() Track id 776 state changed to 6
02-05 01:16:42.663   589  6141 D NuPlayerDriver: notifyListener_l(0xe5732700), (6, 0, 0, -1), loop setting(0, 1)
02-05 01:16:42.682  6091  6091 D featureTest: receive broadcast , change virtual speaker  virtualizer :0
02-05 01:16:42.695   581  5142 D DlbDlbEffect: handle_EFFECT_CMD_SET_PARAM()
02-05 01:16:42.726   581  5115 D DlbDap2Process: process() called [441500] times
02-05 01:16:42.744  6091  6091 D featureTest: receive broadcast , record log :0
02-05 01:16:42.758  6091  6096 I zygote64: Do partial code cache collection, code=9KB, data=14KB
02-05 01:16:42.758   581  5115 D DlbDapCrossfadeProcess: process transitioning from FADE_TO_ACTIVE state to DAP_ACTIVE
02-05 01:16:42.758  6091  6096 I zygote64: After code cache collection, code=9KB, data=14KB
02-05 01:16:42.758  6091  6096 I zygote64: Increasing code cache capacity to 128KB
02-05 01:16:42.759  6091  6096 I zygote64: Do partial code cache collection, code=9KB, data=34KB
02-05 01:16:42.759  6091  6096 I zygote64: After code cache collection, code=9KB, data=34KB
02-05 01:16:42.759  6091  6096 I zygote64: Increasing code cache capacity to 256KB
02-05 01:16:42.760  6091  6096 I zygote64: Compiler allocated 8MB to compile void android.widget.TextView.<init>(android.content.Context, android.util.AttributeSet, int, int)
02-05 01:16:42.779   581  3572 D AudioFlinger: trackStateChanged() Track id 775 state changed to 2
02-05 01:16:42.801   581  3572 D AudioFlinger: trackDestroyed() Track id 775 no longer contains processed audio
02-05 01:16:42.832  6064  6064 I ServiceManager: Waiting for service AtCmdFwd...
02-05 01:16:42.943   589  6146 W MediaClock: reject anchor time since it is negative.
02-05 01:16:43.833  6064  6064 I ServiceManager: Waiting for service AtCmdFwd...
02-05 01:16:44.406   816   816 W WindowManager: removeWindowToken: Attempted to remove non-existing token: android.os.Binder@74f700d
02-05 01:16:44.448   429   429 D SurfaceFlinger: duplicate layer name: changing Toast to Toast#1
02-05 01:16:44.515   816  1084 D MediaSessionService: dispatchVolumeKeyEvent, pid=6091, uid=10074, event=KeyEvent { action=ACTION_DOWN, keyCode=KEYCODE_VOLUME_UP, scanCode=115, metaState=0, flags=0x8, repeatCount=0, eventTime=100199190, downTime=100199190, deviceId=7, source=0x101 }
02-05 01:16:44.515   816  1084 D MediaSessionService: Adjusting null by 1. flags=4113, suggestedStream=-2147483648, preferSuggestedStream=false
02-05 01:16:44.517   816   816 D BluetoothA2dp: adjustAvrcpAbsoluteVolume
02-05 01:16:44.519  3485  3532 D Avrcp   : MSG_ADJUST_VOLUME: direction=1
02-05 01:16:44.519  3485  3532 D Avrcp   : Adjusting volume to  2
02-05 01:16:44.519  3485  3532 D Avrcp   : set volume from local volume 2-17
02-05 01:16:44.524   958  1189 I vol.Events: writeEvent active_stream_changed STREAM_MUSIC
02-05 01:16:44.526   958  1189 I vol.Events: writeEvent level_changed STREAM_MUSIC 2
02-05 01:16:44.527   958  1189 I vol.Events: writeEvent key STREAM_MUSIC 2
02-05 01:16:44.530  3485  3532 V Avrcp   : MSG_NATIVE_REQ_VOLUME_CHANGE: volume=17 ctype=9
02-05 01:16:44.530  3485  3532 V Avrcp   : remember volume mapping 2-17
02-05 01:16:44.531  3485  3532 E Avrcp   : percent volume changed: 13%
02-05 01:16:44.535   958   958 I vol.Events: writeEvent show_dialog volume_changed keyguard=false
02-05 01:16:44.542   581  3572 D DlbDlbEffect: handle_EFFECT_CMD_SET_PARAM()
02-05 01:16:44.544   581  3572 D DlbEffectContext: setPregain(volume=3178494)
02-05 01:16:44.544   581  3572 D DlbEffectContext: transformExternalGain() fVol:0.189453 extVal:-231
02-05 01:16:44.544   581  3572 D DlbDapEndpointParamCache: commitChangedParams()
02-05 01:16:44.544   581  3572 D DlbDapEndpointParamCache: commit() Applying parameters for device 0x40000000
02-05 01:16:44.544   581  3572 D DlbDap2Process: setParam(preg = #1[-231])
02-05 01:16:44.544   581  3572 D DlbDapEndpointParamCache: doCommit() Committed 1 parameters out of 16.
02-05 01:16:44.544   581  3572 D DlbDapEndpointParamCache: commit() Overriding parameters for current device 0x00000080
02-05 01:16:44.544   581  3572 D DlbDapEndpointParamCache: doCommit() Committed 0 parameters out of 37.
02-05 01:16:44.718   816  1084 D MediaSessionService: dispatchVolumeKeyEvent, pid=6091, uid=10074, event=KeyEvent { action=ACTION_UP, keyCode=KEYCODE_VOLUME_UP, scanCode=115, metaState=0, flags=0x8, repeatCount=0, eventTime=100199403, downTime=100199190, deviceId=7, source=0x101 }
02-05 01:16:44.718   816  1084 D MediaSessionService: Adjusting null by 0. flags=4116, suggestedStream=-2147483648, preferSuggestedStream=false
02-05 01:16:44.834  6064  6064 I ServiceManager: Waiting for service AtCmdFwd...
02-05 01:16:45.180  3485  3532 V Avrcp   : MSG_NATIVE_REQ_PASS_THROUGH: id=70 st=1
02-05 01:16:45.181   816  3428 D MediaSessionService: Sending KeyEvent { action=ACTION_DOWN, keyCode=KEYCODE_MEDIA_PAUSE, scanCode=0, metaState=0, flags=0x0, repeatCount=0, eventTime=0, downTime=0, deviceId=-1, source=0x0 } to the restored intent ComponentInfo{com.estrongs.android.pop/com.estrongs.android.pop.app.AudioPlayerService$MediaButtonReceiver}
02-05 01:16:45.182  3485  3485 V Avrcp   : recordKeyDispatched: KeyEvent { action=ACTION_DOWN, keyCode=KEYCODE_MEDIA_PAUSE, scanCode=0, metaState=0, flags=0x0, repeatCount=0, eventTime=0, downTime=0, deviceId=-1, source=0x0 } dispatched to com.estrongs.android.pop
02-05 01:16:45.182  3485  3485 V Avrcp   : Player 2 package: com.estrongs.android.pop
02-05 01:16:45.199  3485  3532 V Avrcp   : MSG_NATIVE_REQ_PASS_THROUGH: id=70 st=0
02-05 01:16:45.200   816  2363 D MediaSessionService: Sending KeyEvent { action=ACTION_UP, keyCode=KEYCODE_MEDIA_PAUSE, scanCode=0, metaState=0, flags=0x0, repeatCount=0, eventTime=0, downTime=0, deviceId=-1, source=0x0 } to the restored intent ComponentInfo{com.estrongs.android.pop/com.estrongs.android.pop.app.AudioPlayerService$MediaButtonReceiver}
02-05 01:16:45.202  3485  3485 V Avrcp   : recordKeyDispatched: KeyEvent { action=ACTION_UP, keyCode=KEYCODE_MEDIA_PAUSE, scanCode=0, metaState=0, flags=0x0, repeatCount=0, eventTime=0, downTime=0, deviceId=-1, source=0x0 } dispatched to com.estrongs.android.pop
02-05 01:16:45.202  3485  3485 V Avrcp   : Player 2 package: com.estrongs.android.pop
02-05 01:16:45.557   816  2356 D MediaSessionService: dispatchVolumeKeyEvent, pid=6091, uid=10074, event=KeyEvent { action=ACTION_DOWN, keyCode=KEYCODE_VOLUME_UP, scanCode=115, metaState=0, flags=0x8, repeatCount=0, eventTime=100200226, downTime=100200226, deviceId=7, source=0x101 }
02-05 01:16:45.557   816  2356 D MediaSessionService: Adjusting null by 1. flags=4113, suggestedStream=-2147483648, preferSuggestedStream=false
02-05 01:16:45.561   816   816 D BluetoothA2dp: adjustAvrcpAbsoluteVolume
02-05 01:16:45.564  3485  3532 D Avrcp   : MSG_ADJUST_VOLUME: direction=1
02-05 01:16:45.564  3485  3532 D Avrcp   : Adjusting volume to  3
02-05 01:16:45.564  3485  3532 D Avrcp   : set volume from local volume 3-26
02-05 01:16:45.570   581  3572 D DlbDlbEffect: handle_EFFECT_CMD_SET_PARAM()
02-05 01:16:45.570   581  3572 D DlbEffectContext: setPregain(volume=6305519)
02-05 01:16:45.570   581  3572 D DlbEffectContext: transformExternalGain() fVol:0.375838 extVal:-135
02-05 01:16:45.570   581  3572 D DlbDapEndpointParamCache: commitChangedParams()
02-05 01:16:45.570   581  3572 D DlbDapEndpointParamCache: commit() Applying parameters for device 0x40000000
02-05 01:16:45.570   581  3572 D DlbDap2Process: setParam(preg = #1[-135])
02-05 01:16:45.570   581  3572 D DlbDapEndpointParamCache: doCommit() Committed 1 parameters out of 16.
02-05 01:16:45.570   581  3572 D DlbDapEndpointParamCache: commit() Overriding parameters for current device 0x00000080
02-05 01:16:45.570   581  3572 D DlbDapEndpointParamCache: doCommit() Committed 0 parameters out of 37.
02-05 01:16:45.571   958  1189 I vol.Events: writeEvent level_changed STREAM_MUSIC 3
02-05 01:16:45.572   958  1189 I vol.Events: writeEvent key STREAM_MUSIC 3
02-05 01:16:45.587  3485  3532 V Avrcp   : MSG_NATIVE_REQ_VOLUME_CHANGE: volume=26 ctype=9
02-05 01:16:45.587  3485  3532 V Avrcp   : remember volume mapping 3-26
02-05 01:16:45.589  3485  3532 E Avrcp   : percent volume changed: 20%
02-05 01:16:45.624   581  5115 D DlbDap2Process: process() called [442000] times
02-05 01:16:45.705   816  2363 D MediaSessionService: dispatchVolumeKeyEvent, pid=6091, uid=10074, event=KeyEvent { action=ACTION_UP, keyCode=KEYCODE_VOLUME_UP, scanCode=115, metaState=0, flags=0x8, repeatCount=0, eventTime=100200390, downTime=100200226, deviceId=7, source=0x101 }
02-05 01:16:45.705   816  2363 D MediaSessionService: Adjusting null by 0. flags=4116, suggestedStream=-2147483648, preferSuggestedStream=false
02-05 01:16:45.834  6064  6064 I ServiceManager: Waiting for service AtCmdFwd...
02-05 01:16:46.170   816  3543 D MediaSessionService: dispatchVolumeKeyEvent, pid=6091, uid=10074, event=KeyEvent { action=ACTION_DOWN, keyCode=KEYCODE_VOLUME_UP, scanCode=115, metaState=0, flags=0x8, repeatCount=0, eventTime=100200850, downTime=100200850, deviceId=7, source=0x101 }
02-05 01:16:46.170   816  3543 D MediaSessionService: Adjusting null by 1. flags=4113, suggestedStream=-2147483648, preferSuggestedStream=false
02-05 01:16:46.173   816   816 D BluetoothA2dp: adjustAvrcpAbsoluteVolume
02-05 01:16:46.175  3485  3532 D Avrcp   : MSG_ADJUST_VOLUME: direction=1
02-05 01:16:46.175  3485  3532 D Avrcp   : Adjusting volume to  4
02-05 01:16:46.175  3485  3532 D Avrcp   : set volume from local volume 4-34
02-05 01:16:46.185  3485  3532 V Avrcp   : MSG_NATIVE_REQ_VOLUME_CHANGE: volume=34 ctype=9
02-05 01:16:46.185  3485  3532 V Avrcp   : remember volume mapping 4-34
02-05 01:16:46.185   958  1189 I vol.Events: writeEvent level_changed STREAM_MUSIC 4
02-05 01:16:46.186   958  1189 I vol.Events: writeEvent key STREAM_MUSIC 4
02-05 01:16:46.186  3485  3532 E Avrcp   : percent volume changed: 26%
02-05 01:16:46.192   581  3572 D DlbDlbEffect: handle_EFFECT_CMD_SET_PARAM()
02-05 01:16:46.192   581  3572 D DlbEffectContext: setPregain(volume=16777216)
02-05 01:16:46.192   581  3572 D DlbEffectContext: transformExternalGain() fVol:1.000000 extVal:0
02-05 01:16:46.193   581  3572 D DlbDapEndpointParamCache: commitChangedParams()
02-05 01:16:46.193   581  3572 D DlbDapEndpointParamCache: commit() Applying parameters for device 0x40000000
02-05 01:16:46.193   581  3572 D DlbDap2Process: setParam(preg = #1[0])
02-05 01:16:46.193   581  3572 D DlbDapEndpointParamCache: doCommit() Committed 1 parameters out of 16.
02-05 01:16:46.193   581  3572 D DlbDapEndpointParamCache: commit() Overriding parameters for current device 0x00000080
02-05 01:16:46.193   581  3572 D DlbDapEndpointParamCache: doCommit() Committed 0 parameters out of 37.
02-05 01:16:46.402   816  2347 D MediaSessionService: dispatchVolumeKeyEvent, pid=6091, uid=10074, event=KeyEvent { action=ACTION_UP, keyCode=KEYCODE_VOLUME_UP, scanCode=115, metaState=0, flags=0x8, repeatCount=0, eventTime=100201086, downTime=100200850, deviceId=7, source=0x101 }
02-05 01:16:46.402   816  2347 D MediaSessionService: Adjusting null by 0. flags=4116, suggestedStream=-2147483648, preferSuggestedStream=false
02-05 01:16:46.414   816   816 W WindowManager: removeWindowToken: Attempted to remove non-existing token: android.os.Binder@fa3842f
02-05 01:16:46.628   816  2347 D MediaSessionService: dispatchVolumeKeyEvent, pid=6091, uid=10074, event=KeyEvent { action=ACTION_DOWN, keyCode=KEYCODE_VOLUME_UP, scanCode=115, metaState=0, flags=0x8, repeatCount=0, eventTime=100201310, downTime=100201310, deviceId=7, source=0x101 }
02-05 01:16:46.628   816  2347 D MediaSessionService: Adjusting null by 1. flags=4113, suggestedStream=-2147483648, preferSuggestedStream=false
02-05 01:16:46.630   816   816 D BluetoothA2dp: adjustAvrcpAbsoluteVolume
02-05 01:16:46.634  3485  3532 D Avrcp   : MSG_ADJUST_VOLUME: direction=1
02-05 01:16:46.634  3485  3532 D Avrcp   : Adjusting volume to  5
02-05 01:16:46.634  3485  3532 D Avrcp   : set volume from local volume 5-43
02-05 01:16:46.640   958  1189 I vol.Events: writeEvent level_changed STREAM_MUSIC 5
02-05 01:16:46.640   958  1189 I vol.Events: writeEvent key STREAM_MUSIC 5
02-05 01:16:46.651  3485  3532 V Avrcp   : MSG_NATIVE_REQ_VOLUME_CHANGE: volume=43 ctype=9
02-05 01:16:46.651  3485  3532 V Avrcp   : remember volume mapping 5-43
02-05 01:16:46.652  3485  3532 E Avrcp   : percent volume changed: 33%
02-05 01:16:46.835  6064  6064 W Atfwd_Sendcmd: AtCmdFwd service not published, waiting... retryCnt : 2
02-05 01:16:46.869   816  3543 D MediaSessionService: dispatchVolumeKeyEvent, pid=6091, uid=10074, event=KeyEvent { action=ACTION_UP, keyCode=KEYCODE_VOLUME_UP, scanCode=115, metaState=0, flags=0x8, repeatCount=0, eventTime=100201553, downTime=100201310, deviceId=7, source=0x101 }
02-05 01:16:46.869   816  3543 D MediaSessionService: Adjusting null by 0. flags=4116, suggestedStream=-2147483648, preferSuggestedStream=false
02-05 01:16:47.007   816  4855 D MediaSessionService: dispatchVolumeKeyEvent, pid=6091, uid=10074, event=KeyEvent { action=ACTION_DOWN, keyCode=KEYCODE_VOLUME_UP, scanCode=115, metaState=0, flags=0x8, repeatCount=0, eventTime=100201686, downTime=100201686, deviceId=7, source=0x101 }
02-05 01:16:47.007   816  4855 D MediaSessionService: Adjusting null by 1. flags=4113, suggestedStream=-2147483648, preferSuggestedStream=false
02-05 01:16:47.009   816   816 D BluetoothA2dp: adjustAvrcpAbsoluteVolume
02-05 01:16:47.011  3485  3532 D Avrcp   : MSG_ADJUST_VOLUME: direction=1
02-05 01:16:47.011  3485  3532 D Avrcp   : Adjusting volume to  6
02-05 01:16:47.011  3485  3532 D Avrcp   : set volume from local volume 6-51
02-05 01:16:47.017   958  1189 I vol.Events: writeEvent level_changed STREAM_MUSIC 6
02-05 01:16:47.018   958  1189 I vol.Events: writeEvent key STREAM_MUSIC 6
02-05 01:16:47.035  3485  3532 V Avrcp   : MSG_NATIVE_REQ_VOLUME_CHANGE: volume=51 ctype=9
02-05 01:16:47.035  3485  3532 V Avrcp   : remember volume mapping 6-51
02-05 01:16:47.036  3485  3532 E Avrcp   : percent volume changed: 40%
02-05 01:16:47.223   816  1084 D MediaSessionService: dispatchVolumeKeyEvent, pid=6091, uid=10074, event=KeyEvent { action=ACTION_UP, keyCode=KEYCODE_VOLUME_UP, scanCode=115, metaState=0, flags=0x8, repeatCount=0, eventTime=100201906, downTime=100201686, deviceId=7, source=0x101 }
02-05 01:16:47.223   816  1084 D MediaSessionService: Adjusting null by 0. flags=4116, suggestedStream=-2147483648, preferSuggestedStream=false
02-05 01:16:47.367   816   964 D MediaSessionService: dispatchVolumeKeyEvent, pid=6091, uid=10074, event=KeyEvent { action=ACTION_DOWN, keyCode=KEYCODE_VOLUME_UP, scanCode=115, metaState=0, flags=0x8, repeatCount=0, eventTime=100202046, downTime=100202046, deviceId=7, source=0x101 }
02-05 01:16:47.367   816   964 D MediaSessionService: Adjusting null by 1. flags=4113, suggestedStream=-2147483648, preferSuggestedStream=false
02-05 01:16:47.370   816   816 D BluetoothA2dp: adjustAvrcpAbsoluteVolume
02-05 01:16:47.372  3485  3532 D Avrcp   : MSG_ADJUST_VOLUME: direction=1
02-05 01:16:47.372  3485  3532 D Avrcp   : Adjusting volume to  7
02-05 01:16:47.372  3485  3532 D Avrcp   : set volume from local volume 7-60
02-05 01:16:47.379   958  1189 I vol.Events: writeEvent level_changed STREAM_MUSIC 7
02-05 01:16:47.380   958  1189 I vol.Events: writeEvent key STREAM_MUSIC 7
02-05 01:16:47.395  3485  3532 V Avrcp   : MSG_NATIVE_REQ_VOLUME_CHANGE: volume=60 ctype=9
02-05 01:16:47.396  3485  3532 V Avrcp   : remember volume mapping 7-60
02-05 01:16:47.397  3485  3532 E Avrcp   : percent volume changed: 47%
02-05 01:16:47.555   816   964 D MediaSessionService: dispatchVolumeKeyEvent, pid=6091, uid=10074, event=KeyEvent { action=ACTION_UP, keyCode=KEYCODE_VOLUME_UP, scanCode=115, metaState=0, flags=0x8, repeatCount=0, eventTime=100202240, downTime=100202046, deviceId=7, source=0x101 }
02-05 01:16:47.555   816   964 D MediaSessionService: Adjusting null by 0. flags=4116, suggestedStream=-2147483648, preferSuggestedStream=false
02-05 01:16:47.791   816   975 D MediaSessionService: dispatchVolumeKeyEvent, pid=6091, uid=10074, event=KeyEvent { action=ACTION_DOWN, keyCode=KEYCODE_VOLUME_UP, scanCode=115, metaState=0, flags=0x8, repeatCount=0, eventTime=100202466, downTime=100202466, deviceId=7, source=0x101 }
02-05 01:16:47.791   816   975 D MediaSessionService: Adjusting null by 1. flags=4113, suggestedStream=-2147483648, preferSuggestedStream=false
02-05 01:16:47.793   816   816 D BluetoothA2dp: adjustAvrcpAbsoluteVolume
02-05 01:16:47.794  3485  3532 D Avrcp   : MSG_ADJUST_VOLUME: direction=1
02-05 01:16:47.794  3485  3532 D Avrcp   : Adjusting volume to  8
02-05 01:16:47.794  3485  3532 D Avrcp   : set volume from local volume 8-68
02-05 01:16:47.799   958  1189 I vol.Events: writeEvent level_changed STREAM_MUSIC 8
02-05 01:16:47.811  3485  3532 V Avrcp   : MSG_NATIVE_REQ_VOLUME_CHANGE: volume=68 ctype=9
02-05 01:16:47.812  3485  3532 V Avrcp   : remember volume mapping 8-68
02-05 01:16:47.813  3485  3532 E Avrcp   : percent volume changed: 53%
