--------- beginning of system
02-05 01:13:24.909   816   975 I ActivityManager: Force stopping com.dolby.qa.featuretest appid=10074 user=0: from pid 4349
02-05 01:13:24.909   816   975 I ActivityManager: Killing 4255:com.dolby.qa.featuretest/u0a74 (adj 0): stop com.dolby.qa.featuretest
02-05 01:13:24.911   816   975 W ActivityManager: Force removing ActivityRecord{beb9b4c u0 com.dolby.qa.featuretest/.MainActivity t254}: app died, no saved state
02-05 01:13:24.917   816   975 I WindowManager: Failed to capture screenshot of Token{56a7795 ActivityRecord{beb9b4c u0 com.dolby.qa.featuretest/.MainActivity t254 f}} appWin=Window{157a8b2 u0 com.dolby.qa.featuretest/com.dolby.qa.featuretest.MainActivity} drawState=4
--------- beginning of main
02-05 01:13:24.938   589   709 D NuPlayerDriver: reset(0xe5732230) at state 5
02-05 01:13:24.939   589   709 D NuPlayerDriver: notifyListener_l(0xe5732230), (8, 0, 0, -1), loop setting(0, 1)
02-05 01:13:24.940   816   894 W InputDispatcher: channel '18b1036 Toast (server)' ~ Consumer closed input channel or an error occurred.  events=0x9
02-05 01:13:24.940   816   894 E InputDispatcher: channel '18b1036 Toast (server)' ~ Channel is unrecoverably broken and will be disposed!
02-05 01:13:24.943   816  3543 I WindowManager: WIN DEATH: Window{18b1036 u0 Toast}
02-05 01:13:24.943   816  3543 W InputDispatcher: Attempted to unregister already unregistered input channel '18b1036 Toast (server)'
02-05 01:13:24.943   816   837 W zygote64: kill(4255, 9) failed: No such process
02-05 01:13:24.947   589  4310 D NuPlayerDriver: notifyResetComplete(0xe5732230)
02-05 01:13:24.947   589   709 D AudioTrack: stop() called with 0 frames delivered
02-05 01:13:24.961  1232  1232 D CarrierSvcBindHelper: No carrier app for: 0
02-05 01:13:24.963  2298  2298 D RegisteredNfcFServicesCache: Service unchanged, not updating
02-05 01:13:25.026   816   828 I ActivityManager: START u0 {flg=0x10000000 cmp=com.dolby.qa.featuretest/.MainActivity} from uid 2000
02-05 01:13:25.050   816  2337 I ActivityManager: Start proc 4355:com.dolby.qa.featuretest/u0a74 for activity com.dolby.qa.featuretest/.MainActivity
02-05 01:13:25.051  4355  4355 I zygote64: Late-enabling -Xcheck:jni
02-05 01:13:25.267  4355  4355 D featureTest: onCreate
02-05 01:13:25.271   581  7829 W AudioFlinger: createTrack_l(): mismatch between requested flags (00000008) and output flags (00000000)
02-05 01:13:25.272  4355  4355 D AudioTrack: Client defaulted notificationFrames to 3916 for frameCount 11748
02-05 01:13:25.277  4355  4355 W AudioTrack: Use of stream types is deprecated for operations other than volume control
02-05 01:13:25.277  4355  4355 W AudioTrack: See the documentation of AudioTrack() for what to use instead with android.media.AudioAttributes to qualify your playback use case
02-05 01:13:25.283  4355  4355 W DolbyAudioEffect: WARNING: attaching a DolbyAudioEffect to global output mix is deprecated!
02-05 01:13:25.289  4355  4355 D featureTest: onResume
02-05 01:13:25.303  4355  4376 D OpenGLRenderer: HWUI GL Pipeline
02-05 01:13:25.355  4355  4376 I Adreno  : QUALCOMM build                   : 7142022, Ib5823dd10c
02-05 01:13:25.355  4355  4376 I Adreno  : Build Date                       : 06/23/17
02-05 01:13:25.355  4355  4376 I Adreno  : OpenGL ES Shader Compiler Version: EV031.18.00.00
02-05 01:13:25.355  4355  4376 I Adreno  : Local Branch                     : O11A
02-05 01:13:25.355  4355  4376 I Adreno  : Remote Branch                    : 
02-05 01:13:25.355  4355  4376 I Adreno  : Remote Branch                    : 
02-05 01:13:25.355  4355  4376 I Adreno  : Reconstruct Branch               : 
02-05 01:13:25.355  4355  4376 I vndksupport: sphal namespace is not configured for this process. Loading /vendor/lib64/hw/gralloc.msm8994.so from the current namespace instead.
02-05 01:13:25.367  4355  4376 I Adreno  : PFP: 0x00000000, ME: 0x00000000
02-05 01:13:25.375  4355  4376 I OpenGLRenderer: Initialized EGL, version 1.4
02-05 01:13:25.375  4355  4376 D OpenGLRenderer: Swap behavior 2
02-05 01:13:25.414   365   365 W /system/bin/hwservicemanager: getTransportFromManifest: Cannot find entry android.hardware.graphics.mapper@2.0::IMapper in either framework or device manifest, using default transport.
02-05 01:13:25.416  4355  4376 I vndksupport: sphal namespace is not configured for this process. Loading /vendor/lib64/hw/gralloc.msm8994.so from the current namespace instead.
02-05 01:13:25.455   816   843 I ActivityManager: Displayed com.dolby.qa.featuretest/.MainActivity: +409ms
02-05 01:13:25.468   816   843 W ActivityManager: setHasOverlayUi called on unknown pid: 4255
02-05 01:13:25.870  2401  2517 W OpenGLRenderer: Incorrectly called buildLayer on View: ShortcutAndWidgetContainer, destroying layer...
02-05 01:13:26.004   816   816 W NotificationService: Object died trying to hide notification android.app.ITransientNotification$Stub$Proxy@788dc46 in package com.dolby.qa.featuretest
02-05 01:13:26.005   816   816 W WindowManager: removeWindowToken: Attempted to remove non-existing token: android.os.Binder@4f95a61
02-05 01:13:26.005   816   816 W ActivityManager: setProcessForeground called on unknown pid: 4255
02-05 01:13:26.005   816   816 W NotificationService: Object died trying to show notification android.app.ITransientNotification$Stub$Proxy@c874e07 in package com.dolby.qa.featuretest
02-05 01:13:26.005   816   816 W ActivityManager: setProcessForeground called on unknown pid: 4255
02-05 01:13:26.005   816   816 W NotificationService: Object died trying to show notification android.app.ITransientNotification$Stub$Proxy@fcc8b34 in package com.dolby.qa.featuretest
02-05 01:13:26.005   816   816 W ActivityManager: setProcessForeground called on unknown pid: 4255
02-05 01:13:26.005   816   816 W NotificationService: Object died trying to show notification android.app.ITransientNotification$Stub$Proxy@ab94d5d in package com.dolby.qa.featuretest
02-05 01:13:26.125  4355  4355 D featureTest: receive broadcast , playing content location :/sdcard/featureTest/stereo_dd_25fps_channel_id.m4a
02-05 01:13:26.135  4355  4355 D featureTest: mMediaPlayer.getAudioSessionId(): 5377
02-05 01:13:26.136  4355  4355 D featureTest: Playing file: /sdcard/featureTest/stereo_dd_25fps_channel_id.m4a
02-05 01:13:26.137   589  1183 D NuPlayerDriver: NuPlayerDriver(0xe3e79000) created, clientPid(4355)
02-05 01:13:26.139  4355  4355 W MediaPlayer: Use of stream types is deprecated for operations other than volume control
02-05 01:13:26.139  4355  4355 W MediaPlayer: See the documentation of setAudioStreamType() for what to use instead with android.media.AudioAttributes to qualify your playback use case
02-05 01:13:26.140  4392  4392 W generic : type=1400 audit(0.0:3022): avc: denied { read } for path="/storage/emulated/0/featuretest/stereo_dd_25fps_channel_id.m4a" dev="sdcardfs" ino=523311 scontext=u:r:mediaextractor:s0 tcontext=u:object_r:sdcardfs:s0 tclass=file permissive=0
02-05 01:13:26.143   589  4392 D GenericSource: FileSource remote
02-05 01:13:26.143   589  4392 W GenericSource: extractor service cannot make data source
02-05 01:13:26.143   589  4392 D GenericSource: FileSource local
02-05 01:13:26.157   589  4389 D NuPlayerDriver: notifyListener_l(0xe3e79000), (1, 0, 0, -1), loop setting(0, 0)
02-05 01:13:26.167   589  1183 D NuPlayerDriver: start(0xe3e79000), state is 4, eos is 0
02-05 01:13:26.168   589  4389 I GenericSource: start
02-05 01:13:26.173  4355  4355 W DolbyAudioEffect: WARNING: attaching a DolbyAudioEffect to global output mix is deprecated!
02-05 01:13:26.180   593   712 I OMXMaster: makeComponentInstance(OMX.dolby.ac3.decoder) in android.hardwar process
02-05 01:13:26.196  4355  4355 D featureTest: receive broadcast , change ds status :1
02-05 01:13:26.215   581  5356 D DlbDlbEffect: handle_EFFECT_CMD_SET_PARAM()
02-05 01:13:26.229   593   712 I DDP_JOCDecoder: -> init name OMX.dolby.ac3.decoder
02-05 01:13:26.232   593   712 I DDP_JOCDecoder: <- init
02-05 01:13:26.232   593   712 D DDP_JOCDecoder: initPorts
02-05 01:13:26.235   593   712 E OMXNodeInstance: setConfig(0xf0d07300:dolby.ac3.decoder, ConfigPriority(0x6f800002)) ERROR: Undefined(0x80001001)
02-05 01:13:26.235   589  4397 I ACodec  : codec does not support config priority (err -2147483648)
02-05 01:13:26.236   593  1187 E OMXNodeInstance: getConfig(0xf0d07300:dolby.ac3.decoder, ConfigAndroidVendorExtension(0x6f100004)) ERROR: Undefined(0x80001001)
02-05 01:13:26.237   589  4397 I MediaCodec: MediaCodec will operate in async mode
02-05 01:13:26.237   589  4397 I ACodec  : setDolbyParameterOnProcessedAudio() Received dolby_processed_audio=1
02-05 01:13:26.237   589  4396 I NuPlayerDecoder: setDolbyMessage() Notifying player that Codec supports dolby_processed_audio flag
02-05 01:13:26.237   589  4389 I NuPlayer: onDolbyMessageReceived() Setting dolby_processed_audio flag on audio sink
02-05 01:13:26.238   589  4389 I MediaPlayerService: setDolbyParameters() Marking audio output as having dolby_processed_audio
02-05 01:13:26.239   593  5352 D DDP_JOCDecoder: internalSetParameter() Instantiating ARenderer for content processing in decoder
02-05 01:13:26.239   593  5352 I DlbDap2QmfProcess: Dap2Process()
02-05 01:13:26.239   593  5352 I ARenderer: ARenderer
02-05 01:13:26.239   593  5352 I evo_parser: evo_parser_init
02-05 01:13:26.239   593  5352 I DlbDap2QmfProcess: init()
02-05 01:13:26.239   593  5352 I DlbDap2QmfProcess: open()
02-05 01:13:26.240   593  5352 I DlbDap2QmfProcess: loadLicense() no license check!
02-05 01:13:26.240   593  5352 I DlbDap2QmfProcess: validateLicense() no license check!
02-05 01:13:26.240   593  5352 I DlbDap2QmfProcess: init() DAP opened
02-05 01:13:26.240   593  5352 I DlbDap2QmfProcess: DAP library version: 2.5.1-P2.0
02-05 01:13:26.240   593  5352 D DlbDap2QmfProcess: DAP output mode set to 1 with 2 output channels and null mix matrix.
02-05 01:13:26.240   589  4397 I ACodec  : setDolbyParameterOnProcessedAudio() Content processing enabled in decoder
02-05 01:13:26.247   593  4401 I DDP_JOCDecoder: -> start
02-05 01:13:26.248   593  4401 I EndpConfig: DAP state has changed from -1 to 1
02-05 01:13:26.248   593  4401 D DDP_JOCDecoder: Setting Max Output Channels to 2
02-05 01:13:26.248   593  4401 D DDP_JOCDecoder: setMultiChannelPCMOutDownmix mConfig->jocForceDownmixMode 1
02-05 01:13:26.248   593  4401 I udc_user: 
02-05 01:13:26.248   593  4401 I udc_user: *** DDPlus Unified Decoder Simulation  Version 1.7.3 ***
02-05 01:13:26.248   593  4401 I udc_user: 
02-05 01:13:26.248   593  4401 I udc_user: 7.1-channel decoder-converter, 
02-05 01:13:26.248   593  4401 I udc_user: 
02-05 01:13:26.248   593  4401 I udc_user: 5.1-channel dual-decoder-converter, 
02-05 01:13:26.248   593  4401 I udc_user: Karaoke unsupported, 
02-05 01:13:26.248   593  4401 I udc_user: TPNP supported. 
02-05 01:13:26.248   593  4401 I udc_user: 
02-05 01:13:26.248   593  4401 I udc_user: Unpublished work.  Copyright 2003-2014 Dolby Laboratories, Inc. and
02-05 01:13:26.248   593  4401 I udc_user: Dolby Laboratories Licensing Corporation.  All Rights Reserved.
02-05 01:13:26.248   593  4401 I udc_user: 
02-05 01:13:26.248   593  4401 I udc_user: USE OF THIS SOFTWARE IS SUBJECT TO A LEGAL AGREEMENT BETWEEN YOU AND DOLBY
02-05 01:13:26.248   593  4401 I udc_user: LABORATORIES. DO NOT USE THIS SOFTWARE UNLESS YOU AGREE TO THE TERMS AND 
02-05 01:13:26.248   593  4401 I udc_user: CONDITIONS IN THE AGREEMENT.  BY USING THIS SOFTWARE, YOU ACKNOWLEDGE THAT 
02-05 01:13:26.248   593  4401 I udc_user: YOU HAVE READ THE AGREEMENT AND THAT YOU AGREE TO BE BOUND BY ITS TERMS. 
02-05 01:13:26.248   593  4401 I udc_user: 
02-05 01:13:26.249   593  4401 I ddpdec_client_joc: ddpdec_open JOCD_MODE Buffer assignment
02-05 01:13:26.249   593  4401 D DDP_JOCDecoder: mStarted = 1
02-05 01:13:26.249   593  4401 I DDP_JOCDecoder: <- start
02-05 01:13:26.250   593  4401 D ddpdec_client_joc: ddpdec_client.c|int configDecoder()
02-05 01:13:26.250   593  4401 D DDP_JOCDecoder: Setting Max Output Channels to 2
02-05 01:13:26.251   593  4401 I DlbDap2QmfProcess: close()
02-05 01:13:26.252   593  4401 I DlbDap2QmfProcess: init()
02-05 01:13:26.252   593  4401 I DlbDap2QmfProcess: open()
02-05 01:13:26.252   593  4401 I DlbDap2QmfProcess: loadLicense() no license check!
02-05 01:13:26.252   593  4401 I DlbDap2QmfProcess: validateLicense() no license check!
02-05 01:13:26.252   593  4401 I DlbDap2QmfProcess: init() DAP opened
02-05 01:13:26.252   593  4401 I DlbDap2QmfProcess: DAP library version: 2.5.1-P2.0
02-05 01:13:26.252   593  4401 D DlbDap2QmfProcess: DAP output mode set to 1 with 2 output channels and null mix matrix.
02-05 01:13:26.252   593  4401 D ARenderer: checkAndUpdateConfig: DAP reinitialized because of sample rate change
02-05 01:13:26.252   593  4401 D ARenderer: updateDapConfig: Updating DAP configuration
02-05 01:13:26.252   593  4401 D DlbDap2QmfProcess: setParam(iea = #1[10])
02-05 01:13:26.252   593  4401 D DlbDap2QmfProcess: setParam(msce = #1[0])
02-05 01:13:26.252   593  4401 D DlbDap2QmfProcess: setParam(mdee = #1[0])
02-05 01:13:26.252   593  4401 D DlbDap2QmfProcess: setParam(miee = #1[0])
02-05 01:13:26.252   593  4401 D DlbDap2QmfProcess: setParam(mdle = #1[0])
02-05 01:13:26.252   593  4401 D DlbDap2QmfProcess: setParam(dvle = #1[1])
02-05 01:13:26.252   593  4401 D DlbDap2QmfProcess: setParam(mave = #1[0])
02-05 01:13:26.253   593  4401 D DlbDap2QmfProcess: setParam(vcbf = #20[47, 141, 234, 328, 469, 656, 844, 1031, 1313, 1688, 2250, 3000, 3750, 4688, 5813, 7125, 9000, 11250, 13875, 19688])
02-05 01:13:26.253   593  4401 D DlbDap2QmfProcess: setParam(ieon = #1[0])
02-05 01:13:26.253   593  4401 D DlbDap2QmfProcess: setParam(gebs = #41[20, 47, 141, 234, 328, 469, 656, 844, 1031, 1313, 1688, 2250, 3000, 3750, 4688, 5813, 7125, 9000, 11250, 13875, 19688, 0, 0, 0, 0, 0, 0, 0, 0, 0, 0, 0, 0, 0, 0, 0, 0, 0, 0, 0, 0])
02-05 01:13:26.253   593  4401 D DlbDap2QmfProcess: setParam(iebs = #41[20, 65, 136, 223, 332, 467, 634, 841, 1098, 1416, 1812, 2302, 2909, 3663, 4598, 5756, 7194, 8976, 11186, 13927, 17326, 117, 133, 188, 176, 141, 149, 175, 185, 185, 200, 236, 242, 228, 213, 182, 132, 110, 68, -27, -240])
02-05 01:13:26.253   593  4401 D DlbDap2QmfProcess: setParam(dea = #1[7])
02-05 01:13:26.253   593  4401 D DlbDap2QmfProcess: setParam(dsa = #1[10])
02-05 01:13:26.253   593  4401 D DlbDap2QmfProcess: setParam(beb = #1[192])
02-05 01:13:26.253   593  4401 D DlbDap2QmfProcess: setParam(plb = #1[0])
02-05 01:13:26.253   593  4401 D DlbDap2QmfProcess: setParam(vmb = #1[144])
02-05 01:13:26.253   593  4401 D DlbDap2QmfProcess: setParam(dsb = #1[0])
02-05 01:13:26.253   593  4401 D DlbDap2QmfProcess: setParam(ded = #1[0])
02-05 01:13:26.253   593  4401 D DlbDap2QmfProcess: setParam(dom = #1[0])
02-05 01:13:26.253   593  4401 D DlbDap2QmfProcess: setParam(bew = #1[16])
02-05 01:13:26.253   593  4401 D DlbDap2QmfProcess: setParam(dvla = #1[5])
02-05 01:13:26.253   593  4401 D DlbDap2QmfProcess: setParam(dfsa = #1[10])
02-05 01:13:26.253   593  4401 D DlbDap2QmfProcess: setParam(dhsa = #1[10])
02-05 01:13:26.253   593  4401 D DlbDap2QmfProcess: setParam(dvmc = #1[0])
02-05 01:13:26.253   593  4401 D DlbDap2QmfProcess: setParam(dvle = #1[1])
02-05 01:13:26.253   593  4401 D DlbDap2QmfProcess: setParam(dvme = #1[0])
02-05 01:13:26.253   593  4401 D DlbDap2QmfProcess: setParam(becf = #1[200])
02-05 01:13:26.253   593  4401 D DlbDap2QmfProcess: setParam(vbmf = #2[94, 469])
02-05 01:13:26.253   593  4401 D DlbDap2QmfProcess: setParam(vbsf = #2[35, 160])
02-05 01:13:26.253   593  4401 D DlbDap2QmfProcess: setParam(vbhg = #3[-32, -144, -192])
02-05 01:13:26.253   593  4401 D DlbDap2QmfProcess: setParam(vbog = #1[0])
02-05 01:13:26.253   593  4401 D DlbDap2QmfProcess: setParam(vbsg = #1[0])
02-05 01:13:26.253   593  4401 D DlbDap2QmfProcess: setParam(dvli = #1[-320])
02-05 01:13:26.253   593  4401 D DlbDap2QmfProcess: setParam(dhfm = #1[0])
02-05 01:13:26.253   593  4401 D DlbDap2QmfProcess: setParam(deon = #1[0])
02-05 01:13:26.253   593  4401 D DlbDap2QmfProcess: setParam(ngon = #1[1])
02-05 01:13:26.253   593  4401 D DlbDap2QmfProcess: setParam(dvlo = #1[-320])
02-05 01:13:26.254   593  4401 D DlbDap2QmfProcess: setParam(aobs = #222[20, 10, 47, 141, 234, 328, 469, 656, 844, 1031, 1313, 1688, 2250, 3000, 3750, 4688, 5813, 7125, 9000, 11250, 13875, 19688, 0, 0, 0, 0, 0, 0, 0, 0, 0, 0, 0, 0, 0, 0, 0, 0, 0, 0, 0, 0, 0, 0, 0, 0, 0, 0, 0, 0, 0, 0, 0, 0, 0, 0, 0, 0, 0, 0, 0, 0, 0, 0, 0, 0, 0, 0, 0, 0, 0, 0, 0, 0, 0, 0, 0, 0, 0, 0, 0, 0, 0, 0, 0, 0, 0, 0, 0, 0, 0, 0, 0, 0, 0, 0, 0, 0, 0, 0, 0, 0, 0, 0, 0, 0, 0, 0, 0, 0, 0, 0, 0, 0, 0, 0, 0, 0, 0, 0, 0, 0, 0, 0, 0, 0, 0, 0, 0, 0, 0, 0, 0, 0, 0, 0, 0, 0, 0, 0, 0, 0, 0, 0, 0, 0, 0, 0, 0, 0, 0, 0, 0, 0, 0, 0, 0, 0, 0, 0, 0, 0, 0, 0, 0, 0, 0, 0, 0, 0, 0, 0, 0, 0, 0, 0, 0, 0, 0, 0, 0, 0, 0, 0, 0, 0, 0, 0, 0, 0, 0, 0, 0, 0, 0, 0, 0, 0, 0, 0, 0, 0, 0, 0, 0, 0, 0, 0, 0, 0, 0, 0, 0, 0, 0, 0, 0, 0, 0, 0, 0, 0])
02-05 01:13:26.254   593  4401 D DlbDap2QmfProcess: setParam(dvle = #1[1])
02-05 01:13:26.254   593  4401 D DlbDap2QmfProcess: setParam(dvli = #1[-496])
02-05 01:13:26.254   593  4401 D DlbDap2QmfProcess: setParam(dvlo = #1[-176])
02-05 01:13:26.254   593  4401 D ARenderer: updateDapVolumeLeveler: Setting output level to -11.00dB
02-05 01:13:26.254   593  4401 D DlbDap2QmfProcess: setParam(vmb = #1[0])
02-05 01:13:26.254   593  4401 D DlbDap2QmfProcess: setParam(preg = #1[-384])
02-05 01:13:26.254   593  4401 D DlbDap2QmfProcess: setParam(vol = #1[384])
02-05 01:13:26.254   593  4401 D DlbDlbBufferProvider: setConfig() Updating buffer configuration.
02-05 01:13:26.254   593  4401 D DlbDap2QmfProcess: processQmf() called [0] times
02-05 01:13:26.254   593  4401 D DlbDap2QmfProcess: setMave(mave = 0)
02-05 01:13:26.265   589  4395 D AudioTrack: Client defaulted notificationFrames to 8125 for frameCount 24375
02-05 01:13:26.265   581   730 I AudioFlinger: attachAuxEffect(): Marking track 727 as containing processed audio
02-05 01:13:26.266   581   730 D AudioFlinger: trackContainsProcessedAudio() Track id 727 contains processed audio
02-05 01:13:26.266   581   581 D AudioFlinger: trackStateChanged() Track id 727 state changed to 6
02-05 01:13:26.266   581   581 I AudioFlinger: updateProcessedAudioState() Changing content processing in effect to 1
02-05 01:13:26.266   581   581 D DlbDlbEffect: handle_EFFECT_CMD_SET_PARAM()
02-05 01:13:26.267   581   581 I DlbEffectContext: setContentProcEnabled() Disabling content processing in effect
02-05 01:13:26.267   581   581 D DlbDapEndpointParamCache: commitChangedParams()
02-05 01:13:26.267   581   581 D DlbDapEndpointParamCache: commit() Applying parameters for device 0x40000000
02-05 01:13:26.267   581   581 D DlbDap2Process: setParam(msce = #1[0])
02-05 01:13:26.267   581   581 D DlbDap2Process: setParam(mdee = #1[0])
02-05 01:13:26.267   581   581 D DlbDap2Process: setParam(miee = #1[0])
02-05 01:13:26.267   581   581 D DlbDap2Process: setParam(mdle = #1[0])
02-05 01:13:26.267   581   581 D DlbDap2Process: setParam(dvle = #1[0])
02-05 01:13:26.267   581   581 D DlbDap2Process: setParam(mave = #1[0])
02-05 01:13:26.267   581   581 D DlbDap2Process: setParam(ieon = #1[0])
02-05 01:13:26.267   581   581 D DlbDapEndpointParamCache: doCommit() Committed 7 parameters out of 16.
02-05 01:13:26.267   581   581 D DlbDapEndpointParamCache: commit() Overriding parameters for current device 0x00000080
02-05 01:13:26.267   581   581 D DlbDap2Process: setParam(dom = #1[0])
02-05 01:13:26.267   581   581 D DlbDap2Process: setParam(dvle = #1[0])
02-05 01:13:26.267   581   581 D DlbDap2Process: setParam(dvme = #1[0])
02-05 01:13:26.267   581   581 D DlbDap2Process: setParam(deon = #1[0])
02-05 01:13:26.267   581   581 D DlbDap2Process: setParam(ngon = #1[0])
02-05 01:13:26.267   581   581 D DlbDapEndpointParamCache: doCommit() Committed 5 parameters out of 37.
02-05 01:13:26.268   589  4389 D NuPlayerDriver: notifyListener_l(0xe3e79000), (6, 0, 0, -1), loop setting(0, 1)
02-05 01:13:26.271  4355  4355 D featureTest: receive broadcast , change ds profile id :5
02-05 01:13:26.283   581  5356 D DlbDlbEffect: handle_EFFECT_CMD_SET_PARAM()
02-05 01:13:26.305   581  5115 D DlbDap2Process: setMave(mave = 0)
02-05 01:13:26.332  4355  4355 D featureTest: receive broadcast , change bass enable :0
02-05 01:13:26.339   581  5143 D DlbDlbEffect: handle_EFFECT_CMD_SET_PARAM()
02-05 01:13:26.386  4355  4355 D featureTest: receive broadcast , record log :0
02-05 01:13:26.455  4355  4355 D featureTest: receive broadcast , playing content location :/sdcard/featureTest/stereo_dd_25fps_channel_id.m4a
02-05 01:13:26.457   589   589 D NuPlayerDriver: stop(0xe3e79000)
02-05 01:13:26.457   589   589 D NuPlayerDriver: notifyListener_l(0xe3e79000), (8, 0, 0, -1), loop setting(0, 1)
02-05 01:13:26.458   589  1183 D NuPlayerDriver: reset(0xe3e79000) at state 8
02-05 01:13:26.464   593  5352 I DDP_JOCDecoder: -> ~DDPDecoder
02-05 01:13:26.464   593  5352 I DDP_JOCDecoder: -> stop
02-05 01:13:26.465   593  5352 I DDP_JOCDecoder: <- stop
02-05 01:13:26.465   593  5352 I ARenderer: ~ARenderer
02-05 01:13:26.465   593  5352 I evo_parser: evo_parser_close
02-05 01:13:26.465   593  5352 I DlbDap2QmfProcess: ~Dap2Process()
02-05 01:13:26.465   593  5352 I DlbDap2QmfProcess: close()
02-05 01:13:26.465   593  5352 I DDP_JOCDecoder: <- ~DDPDecoder
02-05 01:13:26.473   589  4389 D NuPlayerDriver: notifyResetComplete(0xe3e79000)
02-05 01:13:26.474   589  1170 D NuPlayerDriver: reset(0xe3e79000) at state 0
02-05 01:13:26.475  4355  4355 V MediaPlayer: resetDrmState:  mDrmInfo=null mDrmProvisioningThread=null mPrepareDrmInProgress=false mActiveDrmScheme=false
02-05 01:13:26.476  4355  4355 V MediaPlayer: cleanDrmObj: mDrmObj=null mDrmSessionId=null
02-05 01:13:26.477  4355  4355 V MediaPlayer: resetDrmState:  mDrmInfo=null mDrmProvisioningThread=null mPrepareDrmInProgress=false mActiveDrmScheme=false
02-05 01:13:26.477  4355  4355 V MediaPlayer: cleanDrmObj: mDrmObj=null mDrmSessionId=null
02-05 01:13:26.483  4420  4420 W generic : type=1400 audit(0.0:3023): avc: denied { read } for path="/storage/emulated/0/featuretest/stereo_dd_25fps_channel_id.m4a" dev="sdcardfs" ino=523311 scontext=u:r:mediaextractor:s0 tcontext=u:object_r:sdcardfs:s0 tclass=file permissive=0
02-05 01:13:26.484  4355  4355 D featureTest: mMediaPlayer.getAudioSessionId(): 5385
02-05 01:13:26.484  4355  4355 D featureTest: Playing file: /sdcard/featureTest/stereo_dd_25fps_channel_id.m4a
02-05 01:13:26.485   589   709 D NuPlayerDriver: NuPlayerDriver(0xe5732230) created, clientPid(4355)
02-05 01:13:26.486  4355  4355 W MediaPlayer: Use of stream types is deprecated for operations other than volume control
02-05 01:13:26.486  4355  4355 W MediaPlayer: See the documentation of setAudioStreamType() for what to use instead with android.media.AudioAttributes to qualify your playback use case
02-05 01:13:26.489   589  4420 D GenericSource: FileSource remote
02-05 01:13:26.489   589  4420 W GenericSource: extractor service cannot make data source
02-05 01:13:26.489   589  4420 D GenericSource: FileSource local
02-05 01:13:26.505   589  4419 D NuPlayerDriver: notifyListener_l(0xe5732230), (1, 0, 0, -1), loop setting(0, 0)
02-05 01:13:26.509   589  1183 D NuPlayerDriver: start(0xe5732230), state is 4, eos is 0
02-05 01:13:26.509   589  4419 I GenericSource: start
02-05 01:13:26.513  4355  4355 W DolbyAudioEffect: WARNING: attaching a DolbyAudioEffect to global output mix is deprecated!
02-05 01:13:26.523   593 20870 I OMXMaster: makeComponentInstance(OMX.dolby.ac3.decoder) in android.hardwar process
02-05 01:13:26.528  4355  4355 D featureTest: receive broadcast , change ds status :1
02-05 01:13:26.540   581  5355 D DlbDlbEffect: handle_EFFECT_CMD_SET_PARAM()
02-05 01:13:26.583   593 20870 I DDP_JOCDecoder: -> init name OMX.dolby.ac3.decoder
02-05 01:13:26.584   593 20870 I DDP_JOCDecoder: <- init
02-05 01:13:26.584   593 20870 D DDP_JOCDecoder: initPorts
02-05 01:13:26.586   593 20870 E OMXNodeInstance: setConfig(0xf10a3620:dolby.ac3.decoder, ConfigPriority(0x6f800002)) ERROR: Undefined(0x80001001)
02-05 01:13:26.586   589  4425 I ACodec  : codec does not support config priority (err -2147483648)
02-05 01:13:26.587   593  5353 E OMXNodeInstance: getConfig(0xf10a3620:dolby.ac3.decoder, ConfigAndroidVendorExtension(0x6f100004)) ERROR: Undefined(0x80001001)
02-05 01:13:26.587   589  4425 I MediaCodec: MediaCodec will operate in async mode
02-05 01:13:26.588   589  4425 I ACodec  : setDolbyParameterOnProcessedAudio() Received dolby_processed_audio=1
02-05 01:13:26.588   589  4424 I NuPlayerDecoder: setDolbyMessage() Notifying player that Codec supports dolby_processed_audio flag
02-05 01:13:26.588   589  4419 I NuPlayer: onDolbyMessageReceived() Setting dolby_processed_audio flag on audio sink
02-05 01:13:26.588   589  4419 I MediaPlayerService: setDolbyParameters() Marking audio output as having dolby_processed_audio
02-05 01:13:26.589   593   712 D DDP_JOCDecoder: internalSetParameter() Instantiating ARenderer for content processing in decoder
02-05 01:13:26.589   593   712 I DlbDap2QmfProcess: Dap2Process()
02-05 01:13:26.589   593   712 I ARenderer: ARenderer
02-05 01:13:26.589   593   712 I evo_parser: evo_parser_init
02-05 01:13:26.589   593   712 I DlbDap2QmfProcess: init()
02-05 01:13:26.589   593   712 I DlbDap2QmfProcess: open()
02-05 01:13:26.590   593   712 I DlbDap2QmfProcess: loadLicense() no license check!
02-05 01:13:26.590   593   712 I DlbDap2QmfProcess: validateLicense() no license check!
02-05 01:13:26.590   593   712 I DlbDap2QmfProcess: init() DAP opened
02-05 01:13:26.590   593   712 I DlbDap2QmfProcess: DAP library version: 2.5.1-P2.0
02-05 01:13:26.590   593   712 D DlbDap2QmfProcess: DAP output mode set to 1 with 2 output channels and null mix matrix.
02-05 01:13:26.590   589  4425 I ACodec  : setDolbyParameterOnProcessedAudio() Content processing enabled in decoder
02-05 01:13:26.596   593  4430 I DDP_JOCDecoder: -> start
02-05 01:13:26.596   593  4430 I EndpConfig: DAP state has changed from -1 to 1
02-05 01:13:26.596   593  4430 D DDP_JOCDecoder: Setting Max Output Channels to 2
02-05 01:13:26.597   593  4430 D DDP_JOCDecoder: setMultiChannelPCMOutDownmix mConfig->jocForceDownmixMode 1
02-05 01:13:26.597   593  4430 I udc_user: 
02-05 01:13:26.597   593  4430 I udc_user: *** DDPlus Unified Decoder Simulation  Version 1.7.3 ***
02-05 01:13:26.597   593  4430 I udc_user: 
02-05 01:13:26.597   593  4430 I udc_user: 7.1-channel decoder-converter, 
02-05 01:13:26.597   593  4430 I udc_user: 
02-05 01:13:26.597   593  4430 I udc_user: 5.1-channel dual-decoder-converter, 
02-05 01:13:26.597   593  4430 I udc_user: Karaoke unsupported, 
02-05 01:13:26.597   593  4430 I udc_user: TPNP supported. 
02-05 01:13:26.597   593  4430 I udc_user: 
02-05 01:13:26.597   593  4430 I udc_user: Unpublished work.  Copyright 2003-2014 Dolby Laboratories, Inc. and
02-05 01:13:26.597   593  4430 I udc_user: Dolby Laboratories Licensing Corporation.  All Rights Reserved.
02-05 01:13:26.597   593  4430 I udc_user: 
02-05 01:13:26.597   593  4430 I udc_user: USE OF THIS SOFTWARE IS SUBJECT TO A LEGAL AGREEMENT BETWEEN YOU AND DOLBY
02-05 01:13:26.597   593  4430 I udc_user: LABORATORIES. DO NOT USE THIS SOFTWARE UNLESS YOU AGREE TO THE TERMS AND 
02-05 01:13:26.597   593  4430 I udc_user: CONDITIONS IN THE AGREEMENT.  BY USING THIS SOFTWARE, YOU ACKNOWLEDGE THAT 
02-05 01:13:26.597   593  4430 I udc_user: YOU HAVE READ THE AGREEMENT AND THAT YOU AGREE TO BE BOUND BY ITS TERMS. 
02-05 01:13:26.597   593  4430 I udc_user: 
02-05 01:13:26.597  4355  4355 D featureTest: receive broadcast , change ds profile id :5
02-05 01:13:26.598   593  4430 I ddpdec_client_joc: ddpdec_open JOCD_MODE Buffer assignment
02-05 01:13:26.598   593  4430 D DDP_JOCDecoder: mStarted = 1
02-05 01:13:26.598   593  4430 I DDP_JOCDecoder: <- start
02-05 01:13:26.599   593  4430 D ddpdec_client_joc: ddpdec_client.c|int configDecoder()
02-05 01:13:26.600   593  4430 D DDP_JOCDecoder: Setting Max Output Channels to 2
02-05 01:13:26.606   593  4430 I DlbDap2QmfProcess: close()
02-05 01:13:26.606   593  4430 I DlbDap2QmfProcess: init()
02-05 01:13:26.606   593  4430 I DlbDap2QmfProcess: open()
02-05 01:13:26.607   593  4430 I DlbDap2QmfProcess: loadLicense() no license check!
02-05 01:13:26.607   593  4430 I DlbDap2QmfProcess: validateLicense() no license check!
02-05 01:13:26.607   593  4430 I DlbDap2QmfProcess: init() DAP opened
02-05 01:13:26.607   593  4430 I DlbDap2QmfProcess: DAP library version: 2.5.1-P2.0
02-05 01:13:26.607   593  4430 D DlbDap2QmfProcess: DAP output mode set to 1 with 2 output channels and null mix matrix.
02-05 01:13:26.607   593  4430 D ARenderer: checkAndUpdateConfig: DAP reinitialized because of sample rate change
02-05 01:13:26.607   593  4430 D ARenderer: updateDapConfig: Updating DAP configuration
02-05 01:13:26.607   593  4430 D DlbDap2QmfProcess: setParam(iea = #1[10])
02-05 01:13:26.607   593  4430 D DlbDap2QmfProcess: setParam(msce = #1[0])
02-05 01:13:26.607   593  4430 D DlbDap2QmfProcess: setParam(mdee = #1[0])
02-05 01:13:26.607   593  4430 D DlbDap2QmfProcess: setParam(miee = #1[0])
02-05 01:13:26.607   593  4430 D DlbDap2QmfProcess: setParam(mdle = #1[0])
02-05 01:13:26.607   593  4430 D DlbDap2QmfProcess: setParam(dvle = #1[1])
02-05 01:13:26.607   593  4430 D DlbDap2QmfProcess: setParam(mave = #1[0])
02-05 01:13:26.607   593  4430 D DlbDap2QmfProcess: setParam(vcbf = #20[47, 141, 234, 328, 469, 656, 844, 1031, 1313, 1688, 2250, 3000, 3750, 4688, 5813, 7125, 9000, 11250, 13875, 19688])
02-05 01:13:26.607   593  4430 D DlbDap2QmfProcess: setParam(ieon = #1[0])
02-05 01:13:26.607   593  4430 D DlbDap2QmfProcess: setParam(gebs = #41[20, 47, 141, 234, 328, 469, 656, 844, 1031, 1313, 1688, 2250, 3000, 3750, 4688, 5813, 7125, 9000, 11250, 13875, 19688, 0, 0, 0, 0, 0, 0, 0, 0, 0, 0, 0, 0, 0, 0, 0, 0, 0, 0, 0, 0])
02-05 01:13:26.607   593  4430 D DlbDap2QmfProcess: setParam(iebs = #41[20, 65, 136, 223, 332, 467, 634, 841, 1098, 1416, 1812, 2302, 2909, 3663, 4598, 5756, 7194, 8976, 11186, 13927, 17326, 117, 133, 188, 176, 141, 149, 175, 185, 185, 200, 236, 242, 228, 213, 182, 132, 110, 68, -27, -240])
02-05 01:13:26.607   593  4430 D DlbDap2QmfProcess: setParam(dea = #1[7])
02-05 01:13:26.607   593  4430 D DlbDap2QmfProcess: setParam(dsa = #1[10])
02-05 01:13:26.607   593  4430 D DlbDap2QmfProcess: setParam(beb = #1[192])
02-05 01:13:26.608   593  4430 D DlbDap2QmfProcess: setParam(plb = #1[0])
02-05 01:13:26.608   593  4430 D DlbDap2QmfProcess: setParam(vmb = #1[144])
02-05 01:13:26.608   593  4430 D DlbDap2QmfProcess: setParam(dsb = #1[0])
02-05 01:13:26.608   593  4430 D DlbDap2QmfProcess: setParam(ded = #1[0])
02-05 01:13:26.608   593  4430 D DlbDap2QmfProcess: setParam(dom = #1[0])
02-05 01:13:26.608   593  4430 D DlbDap2QmfProcess: setParam(bew = #1[16])
02-05 01:13:26.608   593  4430 D DlbDap2QmfProcess: setParam(dvla = #1[5])
02-05 01:13:26.608   593  4430 D DlbDap2QmfProcess: setParam(dfsa = #1[10])
02-05 01:13:26.608   593  4430 D DlbDap2QmfProcess: setParam(dhsa = #1[10])
02-05 01:13:26.608   593  4430 D DlbDap2QmfProcess: setParam(dvmc = #1[0])
02-05 01:13:26.608   593  4430 D DlbDap2QmfProcess: setParam(dvle = #1[1])
02-05 01:13:26.608   593  4430 D DlbDap2QmfProcess: setParam(dvme = #1[0])
02-05 01:13:26.608   593  4430 D DlbDap2QmfProcess: setParam(becf = #1[200])
02-05 01:13:26.608   593  4430 D DlbDap2QmfProcess: setParam(vbmf = #2[94, 469])
02-05 01:13:26.608   593  4430 D DlbDap2QmfProcess: setParam(vbsf = #2[35, 160])
02-05 01:13:26.608   593  4430 D DlbDap2QmfProcess: setParam(vbhg = #3[-32, -144, -192])
02-05 01:13:26.608   593  4430 D DlbDap2QmfProcess: setParam(vbog = #1[0])
02-05 01:13:26.608   593  4430 D DlbDap2QmfProcess: setParam(vbsg = #1[0])
02-05 01:13:26.608   593  4430 D DlbDap2QmfProcess: setParam(dvli = #1[-320])
02-05 01:13:26.608   593  4430 D DlbDap2QmfProcess: setParam(dhfm = #1[0])
02-05 01:13:26.608   593  4430 D DlbDap2QmfProcess: setParam(deon = #1[0])
02-05 01:13:26.608   593  4430 D DlbDap2QmfProcess: setParam(ngon = #1[1])
02-05 01:13:26.608   593  4430 D DlbDap2QmfProcess: setParam(dvlo = #1[-320])
02-05 01:13:26.609   593  4430 D DlbDap2QmfProcess: setParam(aobs = #222[20, 10, 47, 141, 234, 328, 469, 656, 844, 1031, 1313, 1688, 2250, 3000, 3750, 4688, 5813, 7125, 9000, 11250, 13875, 19688, 0, 0, 0, 0, 0, 0, 0, 0, 0, 0, 0, 0, 0, 0, 0, 0, 0, 0, 0, 0, 0, 0, 0, 0, 0, 0, 0, 0, 0, 0, 0, 0, 0, 0, 0, 0, 0, 0, 0, 0, 0, 0, 0, 0, 0, 0, 0, 0, 0, 0, 0, 0, 0, 0, 0, 0, 0, 0, 0, 0, 0, 0, 0, 0, 0, 0, 0, 0, 0, 0, 0, 0, 0, 0, 0, 0, 0, 0, 0, 0, 0, 0, 0, 0, 0, 0, 0, 0, 0, 0, 0, 0, 0, 0, 0, 0, 0, 0, 0, 0, 0, 0, 0, 0, 0, 0, 0, 0, 0, 0, 0, 0, 0, 0, 0, 0, 0, 0, 0, 0, 0, 0, 0, 0, 0, 0, 0, 0, 0, 0, 0, 0, 0, 0, 0, 0, 0, 0, 0, 0, 0, 0, 0, 0, 0, 0, 0, 0, 0, 0, 0, 0, 0, 0, 0, 0, 0, 0, 0, 0, 0, 0, 0, 0, 0, 0, 0, 0, 0, 0, 0, 0, 0, 0, 0, 0, 0, 0, 0, 0, 0, 0, 0, 0, 0, 0, 0, 0, 0, 0, 0, 0, 0, 0, 0, 0, 0, 0, 0, 0])
02-05 01:13:26.609   593  4430 D DlbDap2QmfProcess: setParam(dvle = #1[1])
02-05 01:13:26.610   593  4430 D DlbDap2QmfProcess: setParam(dvli = #1[-496])
02-05 01:13:26.610   593  4430 D DlbDap2QmfProcess: setParam(dvlo = #1[-176])
02-05 01:13:26.610   593  4430 D ARenderer: updateDapVolumeLeveler: Setting output level to -11.00dB
02-05 01:13:26.610   593  4430 D DlbDap2QmfProcess: setParam(vmb = #1[0])
02-05 01:13:26.610   593  4430 D DlbDap2QmfProcess: setParam(preg = #1[-384])
02-05 01:13:26.610   593  4430 D DlbDap2QmfProcess: setParam(vol = #1[384])
02-05 01:13:26.610   593  4430 D DlbDlbBufferProvider: setConfig() Updating buffer configuration.
02-05 01:13:26.610   593  4430 D DlbDap2QmfProcess: processQmf() called [0] times
02-05 01:13:26.610   593  4430 D DlbDap2QmfProcess: setMave(mave = 0)
02-05 01:13:26.610   581  7829 D DlbDlbEffect: handle_EFFECT_CMD_SET_PARAM()
02-05 01:13:26.622   589  4423 D AudioTrack: Client defaulted notificationFrames to 8125 for frameCount 24375
02-05 01:13:26.624   581  7829 I AudioFlinger: attachAuxEffect(): Marking track 728 as containing processed audio
02-05 01:13:26.624   581  7829 D AudioFlinger: trackContainsProcessedAudio() Track id 728 contains processed audio
02-05 01:13:26.625   581  5355 D AudioFlinger: trackStateChanged() Track id 728 state changed to 6
02-05 01:13:26.625   589  4419 D NuPlayerDriver: notifyListener_l(0xe5732230), (6, 0, 0, -1), loop setting(0, 1)
02-05 01:13:26.628   589  1170 W MediaClock: reject anchor time since it is negative.
02-05 01:13:26.670  4355  4355 D featureTest: receive broadcast , change bass enable :1
02-05 01:13:26.681   581  5356 D DlbDlbEffect: handle_EFFECT_CMD_SET_PARAM()
02-05 01:13:26.686  4355  4360 I zygote64: Do partial code cache collection, code=9KB, data=14KB
02-05 01:13:26.686  4355  4360 I zygote64: After code cache collection, code=9KB, data=14KB
02-05 01:13:26.686  4355  4360 I zygote64: Increasing code cache capacity to 128KB
02-05 01:13:26.687  4355  4360 I zygote64: Do partial code cache collection, code=9KB, data=34KB
02-05 01:13:26.687  4355  4360 I zygote64: After code cache collection, code=9KB, data=34KB
02-05 01:13:26.687  4355  4360 I zygote64: Increasing code cache capacity to 256KB
02-05 01:13:26.687  4355  4360 I zygote64: Compiler allocated 8MB to compile void android.widget.TextView.<init>(android.content.Context, android.util.AttributeSet, int, int)
02-05 01:13:26.702   581  5115 D DlbDapEndpointParamCache: commitChangedParams()
02-05 01:13:26.703   581  5115 D DlbDapEndpointParamCache: commit() Applying parameters for device 0x40000000
02-05 01:13:26.703   581  5115 D DlbDap2Process: setParam(iea = #1[10])
02-05 01:13:26.703   581  5115 D DlbDap2Process: setParam(vcbf = #20[47, 141, 234, 328, 469, 656, 844, 1031, 1313, 1688, 2250, 3000, 3750, 4688, 5813, 7125, 9000, 11250, 13875, 19688])
02-05 01:13:26.703   581  5115 D DlbDap2Process: setParam(vbon = #1[1])
02-05 01:13:26.703   581  5115 D DlbDap2Process: setParam(beon = #1[1])
02-05 01:13:26.703   581  5115 D DlbDap2Process: setParam(geon = #1[0])
02-05 01:13:26.703   581  5115 D DlbDap2Process: setParam(gebs = #41[20, 47, 141, 234, 328, 469, 656, 844, 1031, 1313, 1688, 2250, 3000, 3750, 4688, 5813, 7125, 9000, 11250, 13875, 19688, 0, 0, 0, 0, 0, 0, 0, 0, 0, 0, 0, 0, 0, 0, 0, 0, 0, 0, 0, 0])
02-05 01:13:26.703   581  5115 D DlbDap2Process: setParam(iebs = #41[20, 65, 136, 223, 332, 467, 634, 841, 1098, 1416, 1812, 2302, 2909, 3663, 4598, 5756, 7194, 8976, 11186, 13927, 17326, 117, 133, 188, 176, 141, 149, 175, 185, 185, 200, 236, 242, 228, 213, 182, 132, 110, 68, -27, -240])
02-05 01:13:26.703   581  5115 D DlbDapEndpointParamCache: doCommit() Committed 8 parameters out of 16.
02-05 01:13:26.703   581  5115 D DlbDapEndpointParamCache: commit() Overriding parameters for current device 0x00000080
02-05 01:13:26.703   581  5115 D DlbDap2Process: setParam(dea = #1[7])
02-05 01:13:26.703   581  5115 D DlbDap2Process: setParam(dsa = #1[10])
02-05 01:13:26.703   581  5115 D DlbDap2Process: setParam(beb = #1[192])
02-05 01:13:26.703   581  5115 D DlbDap2Process: setParam(plb = #1[0])
02-05 01:13:26.703   581  5115 D DlbDap2Process: setParam(vmb = #1[144])
02-05 01:13:26.703   581  5115 D DlbDap2Process: setParam(dsb = #1[0])
02-05 01:13:26.703   581  5115 D DlbDap2Process: setParam(ded = #1[0])
02-05 01:13:26.703   581  5115 D DlbDap2Process: setParam(vbm = #1[0])
02-05 01:13:26.703   581  5115 D DlbDap2Process: setParam(bew = #1[16])
02-05 01:13:26.703   581  5115 D DlbDap2Process: setParam(dvla = #1[5])
02-05 01:13:26.703   581  5115 D DlbDap2Process: setParam(arra = #1[96])
02-05 01:13:26.703   581  5115 D DlbDap2Process: setParam(dfsa = #1[10])
02-05 01:13:26.703   581  5115 D DlbDap2Process: setParam(dhsa = #1[10])
02-05 01:13:26.703   581  5115 D DlbDap2Process: setParam(dvmc = #1[0])
02-05 01:13:26.703   581  5115 D DlbDap2Process: setParam(arod = #1[0])
02-05 01:13:26.703   581  5115 D DlbDap2Process: setParam(arde = #1[0])
02-05 01:13:26.704   581  5115 D DlbDap2Process: setParam(becf = #1[200])
02-05 01:13:26.704   581  5115 D DlbDap2Process: setParam(vbmf = #2[94, 469])
02-05 01:13:26.704   581  5115 D DlbDap2Process: setParam(vbsf = #2[35, 160])
02-05 01:13:26.704   581  5115 D DlbDap2Process: setParam(vbhg = #3[-32, -144, -192])
02-05 01:13:26.704   581  5115 D DlbDap2Process: setParam(vbog = #1[0])
02-05 01:13:26.704   581  5115 D DlbDap2Process: setParam(vbsg = #1[0])
02-05 01:13:26.704   581  5115 D DlbDap2Process: setParam(dvli = #1[-320])
02-05 01:13:26.704   581  5115 D DlbDap2Process: setParam(dhfm = #1[0])
02-05 01:13:26.704   581  5115 D DlbDap2Process: setParam(vbon = #1[0])
02-05 01:13:26.704   581  5115 D DlbDap2Process: setParam(beon = #1[1])
02-05 01:13:26.704   581  5115 D DlbDap2Process: setParam(aoon = #1[0])
02-05 01:13:26.704   581  5115 D DlbDap2Process: setParam(aron = #1[1])
02-05 01:13:26.704   581  5115 D DlbDap2Process: setParam(dvlo = #1[-320])
02-05 01:13:26.704   581  5115 D DlbDap2Process: setParam(artp = #1[12])
02-05 01:13:26.704   581  5115 D DlbDap2Process: setParam(aobs = #222[20, 10, 47, 141, 234, 328, 469, 656, 844, 1031, 1313, 1688, 2250, 3000, 3750, 4688, 5813, 7125, 9000, 11250, 13875, 19688, 0, 0, 0, 0, 0, 0, 0, 0, 0, 0, 0, 0, 0, 0, 0, 0, 0, 0, 0, 0, 0, 0, 0, 0, 0, 0, 0, 0, 0, 0, 0, 0, 0, 0, 0, 0, 0, 0, 0, 0, 0, 0, 0, 0, 0, 0, 0, 0, 0, 0, 0, 0, 0, 0, 0, 0, 0, 0, 0, 0, 0, 0, 0, 0, 0, 0, 0, 0, 0, 0, 0, 0, 0, 0, 0, 0, 0, 0, 0, 0, 0, 0, 0, 0, 0, 0, 0, 0, 0, 0, 0, 0, 0, 0, 0, 0, 0, 0, 0, 0, 0, 0, 0, 0, 0, 0, 0, 0, 0, 0, 0, 0, 0, 0, 0, 0, 0, 0, 0, 0, 0, 0, 0, 0, 0, 0, 0, 0, 0, 0, 0, 0, 0, 0, 0, 0, 0, 0, 0, 0, 0, 0, 0, 0, 0, 0, 0, 0, 0, 0, 0, 0, 0, 0, 0, 0, 0, 0, 0, 0, 0, 0, 0, 0, 0, 0, 0, 0, 0, 0, 0, 0, 0, 0, 0, 0, 0, 0, 0, 0, 0, 0, 0, 0, 0, 0, 0, 0, 0, 0, 0, 0, 0, 0, 0, 0, 0, 0, 0, 0])
02-05 01:13:26.705   581  5115 D DlbDap2Process: setParam(arbs = #81[20, 47, 141, 234, 328, 469, 656, 844, 1031, 1313, 1688, 2250, 3000, 3750, 4688, 5813, 7125, 9000, 11250, 13875, 19688, -192, -192, -192, -192, -192, -192, -192, -192, -192, -192, -192, -192, -192, -192, -192, -192, -192, -192, -192, -192, 0, 0, 0, 0, 0, 0, 0, 0, 0, 0, 0, 0, 0, 0, 0, 0, 0, 0, 0, 0, 0, 0, 0, 0, 0, 0, 0, 0, 0, 0, 0, 0, 0, 0, 0, 0, 0, 0, 0, 0])
02-05 01:13:26.705   581  5115 D DlbDapEndpointParamCache: doCommit() Committed 32 parameters out of 37.
02-05 01:13:26.732   581  3572 D AudioFlinger: trackStateChanged() Track id 727 state changed to 2
02-05 01:13:26.733  4355  4355 D featureTest: receive broadcast , record log :0
02-05 01:13:26.754   581  3572 D AudioFlinger: trackDestroyed() Track id 727 no longer contains processed audio
02-05 01:13:26.907   589  4423 W MediaClock: reject anchor time since it is negative.
02-05 01:13:26.914   593  4430 D ARenderer: updateDapConfig: Updating DAP configuration
02-05 01:13:26.914   593  4430 D DlbDap2QmfProcess: setParam(iea = #1[10])
02-05 01:13:26.914   593  4430 D DlbDap2QmfProcess: setParam(msce = #1[0])
02-05 01:13:26.914   593  4430 D DlbDap2QmfProcess: setParam(mdee = #1[0])
02-05 01:13:26.914   593  4430 D DlbDap2QmfProcess: setParam(miee = #1[0])
02-05 01:13:26.914   593  4430 D DlbDap2QmfProcess: setParam(mdle = #1[0])
02-05 01:13:26.914   593  4430 D DlbDap2QmfProcess: setParam(dvle = #1[1])
02-05 01:13:26.914   593  4430 D DlbDap2QmfProcess: setParam(mave = #1[0])
02-05 01:13:26.914   593  4430 D DlbDap2QmfProcess: setParam(vcbf = #20[47, 141, 234, 328, 469, 656, 844, 1031, 1313, 1688, 2250, 3000, 3750, 4688, 5813, 7125, 9000, 11250, 13875, 19688])
02-05 01:13:26.914   593  4430 D DlbDap2QmfProcess: setParam(ieon = #1[0])
02-05 01:13:26.914   593  4430 D DlbDap2QmfProcess: setParam(gebs = #41[20, 47, 141, 234, 328, 469, 656, 844, 1031, 1313, 1688, 2250, 3000, 3750, 4688, 5813, 7125, 9000, 11250, 13875, 19688, 0, 0, 0, 0, 0, 0, 0, 0, 0, 0, 0, 0, 0, 0, 0, 0, 0, 0, 0, 0])
02-05 01:13:26.915   593  4430 D DlbDap2QmfProcess: setParam(iebs = #41[20, 65, 136, 223, 332, 467, 634, 841, 1098, 1416, 1812, 2302, 2909, 3663, 4598, 5756, 7194, 8976, 11186, 13927, 17326, 117, 133, 188, 176, 141, 149, 175, 185, 185, 200, 236, 242, 228, 213, 182, 132, 110, 68, -27, -240])
02-05 01:13:26.915   593  4430 D DlbDap2QmfProcess: setParam(dea = #1[7])
02-05 01:13:26.915   593  4430 D DlbDap2QmfProcess: setParam(dsa = #1[10])
02-05 01:13:26.915   593  4430 D DlbDap2QmfProcess: setParam(beb = #1[192])
02-05 01:13:26.915   593  4430 D DlbDap2QmfProcess: setParam(plb = #1[0])
02-05 01:13:26.915   593  4430 D DlbDap2QmfProcess: setParam(vmb = #1[144])
02-05 01:13:26.915   593  4430 D DlbDap2QmfProcess: setParam(dsb = #1[0])
02-05 01:13:26.915   593  4430 D DlbDap2QmfProcess: setParam(ded = #1[0])
02-05 01:13:26.915   593  4430 D DlbDap2QmfProcess: setParam(dom = #1[0])
02-05 01:13:26.915   593  4430 D DlbDap2QmfProcess: setParam(bew = #1[16])
02-05 01:13:26.915   593  4430 D DlbDap2QmfProcess: setParam(dvla = #1[5])
02-05 01:13:26.915   593  4430 D DlbDap2QmfProcess: setParam(dfsa = #1[10])
02-05 01:13:26.915   593  4430 D DlbDap2QmfProcess: setParam(dhsa = #1[10])
02-05 01:13:26.915   593  4430 D DlbDap2QmfProcess: setParam(dvmc = #1[0])
02-05 01:13:26.915   593  4430 D DlbDap2QmfProcess: setParam(dvle = #1[1])
02-05 01:13:26.915   593  4430 D DlbDap2QmfProcess: setParam(dvme = #1[0])
02-05 01:13:26.916   593  4430 D DlbDap2QmfProcess: setParam(becf = #1[200])
02-05 01:13:26.916   593  4430 D DlbDap2QmfProcess: setParam(vbmf = #2[94, 469])
02-05 01:13:26.916   593  4430 D DlbDap2QmfProcess: setParam(vbsf = #2[35, 160])
02-05 01:13:26.916   593  4430 D DlbDap2QmfProcess: setParam(vbhg = #3[-32, -144, -192])
02-05 01:13:26.916   593  4430 D DlbDap2QmfProcess: setParam(vbog = #1[0])
02-05 01:13:26.916   593  4430 D DlbDap2QmfProcess: setParam(vbsg = #1[0])
02-05 01:13:26.916   593  4430 D DlbDap2QmfProcess: setParam(dvli = #1[-320])
02-05 01:13:26.916   593  4430 D DlbDap2QmfProcess: setParam(dhfm = #1[0])
02-05 01:13:26.916   593  4430 D DlbDap2QmfProcess: setParam(deon = #1[0])
02-05 01:13:26.916   593  4430 D DlbDap2QmfProcess: setParam(ngon = #1[1])
02-05 01:13:26.916   593  4430 D DlbDap2QmfProcess: setParam(dvlo = #1[-320])
02-05 01:13:26.917   593  4430 D DlbDap2QmfProcess: setParam(aobs = #222[20, 10, 47, 141, 234, 328, 469, 656, 844, 1031, 1313, 1688, 2250, 3000, 3750, 4688, 5813, 7125, 9000, 11250, 13875, 19688, 0, 0, 0, 0, 0, 0, 0, 0, 0, 0, 0, 0, 0, 0, 0, 0, 0, 0, 0, 0, 0, 0, 0, 0, 0, 0, 0, 0, 0, 0, 0, 0, 0, 0, 0, 0, 0, 0, 0, 0, 0, 0, 0, 0, 0, 0, 0, 0, 0, 0, 0, 0, 0, 0, 0, 0, 0, 0, 0, 0, 0, 0, 0, 0, 0, 0, 0, 0, 0, 0, 0, 0, 0, 0, 0, 0, 0, 0, 0, 0, 0, 0, 0, 0, 0, 0, 0, 0, 0, 0, 0, 0, 0, 0, 0, 0, 0, 0, 0, 0, 0, 0, 0, 0, 0, 0, 0, 0, 0, 0, 0, 0, 0, 0, 0, 0, 0, 0, 0, 0, 0, 0, 0, 0, 0, 0, 0, 0, 0, 0, 0, 0, 0, 0, 0, 0, 0, 0, 0, 0, 0, 0, 0, 0, 0, 0, 0, 0, 0, 0, 0, 0, 0, 0, 0, 0, 0, 0, 0, 0, 0, 0, 0, 0, 0, 0, 0, 0, 0, 0, 0, 0, 0, 0, 0, 0, 0, 0, 0, 0, 0, 0, 0, 0, 0, 0, 0, 0, 0, 0, 0, 0, 0, 0, 0, 0, 0, 0, 0, 0])
02-05 01:13:26.917   593  4430 D DlbDap2QmfProcess: setParam(dvle = #1[1])
02-05 01:13:26.917   593  4430 D DlbDap2QmfProcess: setParam(dvli = #1[-496])
02-05 01:13:26.917   593  4430 D DlbDap2QmfProcess: setParam(dvlo = #1[-176])
02-05 01:13:26.917   593  4430 D ARenderer: updateDapVolumeLeveler: Setting output level to -11.00dB
02-05 01:13:26.917   593  4430 D DlbDap2QmfProcess: setParam(vmb = #1[0])
02-05 01:13:26.917   593  4430 D DlbDap2QmfProcess: setParam(preg = #1[-384])
02-05 01:13:26.918   593  4430 D DlbDap2QmfProcess: setParam(vol = #1[384])
02-05 01:13:26.918   593  4430 D DlbDap2QmfProcess: setMave(mave = 0)
02-05 01:13:26.928   589  4423 W MediaClock: reject anchor time since it is negative.
02-05 01:13:27.356   581  5115 D DlbDap2Process: process() called [408000] times
02-05 01:13:28.221   816   816 W WindowManager: removeWindowToken: Attempted to remove non-existing token: android.os.Binder@112e1e
02-05 01:13:28.246   429   429 D SurfaceFlinger: duplicate layer name: changing Toast to Toast#1
02-05 01:13:30.245   816   816 W WindowManager: removeWindowToken: Attempted to remove non-existing token: android.os.Binder@54929b8
02-05 01:13:30.247   581  5115 D DlbDap2Process: process() called [408500] times
02-05 01:13:30.926   589  4424 I NuPlayerDecoder: [audio] saw output EOS
02-05 01:13:31.180   589  4423 D AudioTrack: stop() called with 230400 frames delivered
02-05 01:13:31.375   571   940 E QC-QMI  : linux_qmi_qmux_io_wake_lock: Err in writing wakelock=qmuxd_port_wl_0, error [1:Operation not permitted]
02-05 01:13:31.375   571   940 E QC-QMI  : linux_qmi_qmux_io_wake_unlock: Err in writing wakelock=qmuxd_port_wl_0, error [1:Operation not permitted]
02-05 01:13:31.689   589  4419 D NuPlayerDriver: notifyListener_l(0xe5732230), (2, 0, 0, -1), loop setting(0, 1)
02-05 01:13:31.690   581   581 D AudioFlinger: trackStateChanged() Track id 728 state changed to 6
02-05 01:13:31.693   581  7829 D AudioFlinger: trackStateChanged() Track id 728 state changed to 6
02-05 01:13:31.737   589  4419 D NuPlayerDriver: notifyListener_l(0xe5732230), (6, 0, 0, -1), loop setting(0, 1)
02-05 01:13:31.746   589 26717 W MediaClock: reject anchor time since it is negative.
