02-05 01:13:14.914  4255  4255 D featureTest: onCreate
02-05 01:13:14.926   581  5355 W AudioFlinger: createTrack_l(): mismatch between requested flags (00000008) and output flags (00000000)
02-05 01:13:14.927  4255  4255 D AudioTrack: Client defaulted notificationFrames to 3916 for frameCount 11748
02-05 01:13:14.931  4255  4255 W AudioTrack: Use of stream types is deprecated for operations other than volume control
02-05 01:13:14.932  4255  4255 W AudioTrack: See the documentation of AudioTrack() for what to use instead with android.media.AudioAttributes to qualify your playback use case
02-05 01:13:14.944  4255  4255 D featureTest: onResume
02-05 01:13:15.804  4255  4255 D featureTest: receive broadcast , playing content location :/sdcard/featureTest/stereo_channel_id.wav
02-05 01:13:15.815  4255  4255 D featureTest: mMediaPlayer.getAudioSessionId(): 5353
02-05 01:13:15.815  4255  4255 D featureTest: Playing file: /sdcard/featureTest/stereo_channel_id.wav
02-05 01:13:15.817   589   589 D NuPlayerDriver: NuPlayerDriver(0xe57323f0) created, clientPid(4255)
02-05 01:13:15.845   589  4279 D NuPlayerDriver: notifyListener_l(0xe57323f0), (1, 0, 0, -1), loop setting(0, 0)
02-05 01:13:15.859   589   589 D NuPlayerDriver: start(0xe57323f0), state is 4, eos is 0
02-05 01:13:15.868   593 20514 I OMXMaster: makeComponentInstance(OMX.google.raw.decoder) in android.hardwar process
02-05 01:13:15.873   589  4287 I ACodec  : codec does not support config priority (err -2147483648)
02-05 01:13:15.875   589  4287 I MediaCodec: MediaCodec will operate in async mode
02-05 01:13:15.881  4255  4255 D featureTest: receive broadcast , change ds status :1
02-05 01:13:15.887   581  5110 W AudioFlinger: createTrack_l(): mismatch between requested flags (00000008) and output flags (00000000)
02-05 01:13:15.888   589  4285 D AudioTrack: Client defaulted notificationFrames to 8125 for frameCount 24375
02-05 01:13:15.890   589  4279 D NuPlayerDriver: notifyListener_l(0xe57323f0), (6, 0, 0, -1), loop setting(0, 1)
02-05 01:13:15.911   581   731 D DlbDlbEffect: handle_EFFECT_CMD_SET_PARAM()
02-05 01:13:15.968  4255  4255 D featureTest: receive broadcast , change ds profile id :5
02-05 01:13:15.982   581  5142 D DlbDlbEffect: handle_EFFECT_CMD_SET_PARAM()
02-05 01:13:16.044  4255  4255 D featureTest: receive broadcast , change bass enable :0
02-05 01:13:16.059   581  5143 D DlbDlbEffect: handle_EFFECT_CMD_SET_PARAM()
02-05 01:13:16.124  4255  4255 D featureTest: receive broadcast , record log :0
02-05 01:13:16.195  4255  4255 D featureTest: receive broadcast , playing content location :/sdcard/featureTest/stereo_channel_id.wav
02-05 01:13:16.197   589 26717 D NuPlayerDriver: stop(0xe57323f0)
02-05 01:13:16.198   589 26717 D NuPlayerDriver: notifyListener_l(0xe57323f0), (8, 0, 0, -1), loop setting(0, 1)
02-05 01:13:16.199   589  1170 D NuPlayerDriver: reset(0xe57323f0) at state 8
02-05 01:13:16.209   589  4279 D NuPlayerDriver: notifyResetComplete(0xe57323f0)
02-05 01:13:16.209   589   589 D NuPlayerDriver: reset(0xe57323f0) at state 0
02-05 01:13:16.218  4255  4255 D featureTest: mMediaPlayer.getAudioSessionId(): 5361
02-05 01:13:16.219  4255  4255 D featureTest: Playing file: /sdcard/featureTest/stereo_channel_id.wav
02-05 01:13:16.220   589  1170 D NuPlayerDriver: NuPlayerDriver(0xe5732230) created, clientPid(4255)
02-05 01:13:16.249   589  4310 D NuPlayerDriver: notifyListener_l(0xe5732230), (1, 0, 0, -1), loop setting(0, 0)
02-05 01:13:16.254   589  1170 D NuPlayerDriver: start(0xe5732230), state is 4, eos is 0
02-05 01:13:16.264   593   712 I OMXMaster: makeComponentInstance(OMX.google.raw.decoder) in android.hardwar process
02-05 01:13:16.268   589  4316 I ACodec  : codec does not support config priority (err -2147483648)
02-05 01:13:16.269   589  4316 I MediaCodec: MediaCodec will operate in async mode
02-05 01:13:16.271  4255  4255 D featureTest: receive broadcast , change ds status :1
02-05 01:13:16.283   581   730 W AudioFlinger: createTrack_l(): mismatch between requested flags (00000008) and output flags (00000000)
02-05 01:13:16.284   589  4314 D AudioTrack: Client defaulted notificationFrames to 8125 for frameCount 24375
02-05 01:13:16.285   589  4310 D NuPlayerDriver: notifyListener_l(0xe5732230), (6, 0, 0, -1), loop setting(0, 1)
02-05 01:13:16.287   581  5142 D DlbDlbEffect: handle_EFFECT_CMD_SET_PARAM()
02-05 01:13:16.358  4255  4255 D featureTest: receive broadcast , change ds profile id :5
02-05 01:13:16.370   581   730 D DlbDlbEffect: handle_EFFECT_CMD_SET_PARAM()
02-05 01:13:16.434  4255  4255 D featureTest: receive broadcast , change bass enable :1
02-05 01:13:16.447   581  5143 D DlbDlbEffect: handle_EFFECT_CMD_SET_PARAM()
02-05 01:13:16.500  4255  4255 D featureTest: receive broadcast , record log :0
02-05 01:13:16.680   581  3572 W AudioFlinger: write blocked for 787 msecs, 2 delayed writes, thread 0xf018a700
02-05 01:13:16.680   581  3572 D DlbDlbEffect: handle_EFFECT_CMD_SET_PARAM()
02-05 01:13:16.681   581  3572 D DlbEffectContext: setPregain(volume=938042)
02-05 01:13:16.681   581  3572 D DlbEffectContext: transformExternalGain() fVol:0.055912 extVal:-400
02-05 01:13:16.681   581  3572 D DlbDapEndpointParamCache: commitChangedParams()
02-05 01:13:16.682   581  3572 D DlbDapEndpointParamCache: commit() Applying parameters for device 0x40000000
02-05 01:13:16.682   581  3572 D DlbDap2Process: setParam(preg = #1[-400])
02-05 01:13:16.682   581  3572 D DlbDapEndpointParamCache: doCommit() Committed 1 parameters out of 16.
02-05 01:13:16.682   581  3572 D DlbDapEndpointParamCache: commit() Overriding parameters for current device 0x00000080
02-05 01:13:16.682   581  3572 D DlbDapEndpointParamCache: doCommit() Committed 0 parameters out of 37.
02-05 01:13:16.693   581  5115 D DlbDapEndpointParamCache: commitChangedParams()
02-05 01:13:16.693   581  5115 D DlbDapEndpointParamCache: commit() Applying parameters for device 0x40000000
02-05 01:13:16.693   581  5115 D DlbDap2Process: setParam(iea = #1[10])
02-05 01:13:16.693   581  5115 D DlbDap2Process: setParam(msce = #1[0])
02-05 01:13:16.693   581  5115 D DlbDap2Process: setParam(mdee = #1[0])
02-05 01:13:16.694   581  5115 D DlbDap2Process: setParam(miee = #1[0])
02-05 01:13:16.694   581  5115 D DlbDap2Process: setParam(mdle = #1[0])
02-05 01:13:16.694   581  5115 D DlbDap2Process: setParam(dvle = #1[1])
02-05 01:13:16.694   581  5115 D DlbDap2Process: setParam(mave = #1[0])
02-05 01:13:16.694   581  5115 D DlbDap2Process: setParam(vcbf = #20[47, 141, 234, 328, 469, 656, 844, 1031, 1313, 1688, 2250, 3000, 3750, 4688, 5813, 7125, 9000, 11250, 13875, 19688])
02-05 01:13:16.694   581  5115 D DlbDap2Process: setParam(vbon = #1[1])
02-05 01:13:16.694   581  5115 D DlbDap2Process: setParam(beon = #1[1])
02-05 01:13:16.695   581  5115 D DlbDap2Process: setParam(geon = #1[0])
02-05 01:13:16.695   581  5115 D DlbDap2Process: setParam(ieon = #1[0])
02-05 01:13:16.695   581  5115 D DlbDap2Process: setParam(gebs = #41[20, 47, 141, 234, 328, 469, 656, 844, 1031, 1313, 1688, 2250, 3000, 3750, 4688, 5813, 7125, 9000, 11250, 13875, 19688, 0, 0, 0, 0, 0, 0, 0, 0, 0, 0, 0, 0, 0, 0, 0, 0, 0, 0, 0, 0])
02-05 01:13:16.696   581  5115 D DlbDap2Process: setParam(iebs = #41[20, 65, 136, 223, 332, 467, 634, 841, 1098, 1416, 1812, 2302, 2909, 3663, 4598, 5756, 7194, 8976, 11186, 13927, 17326, 117, 133, 188, 176, 141, 149, 175, 185, 185, 200, 236, 242, 228, 213, 182, 132, 110, 68, -27, -240])
02-05 01:13:16.696   581  5115 D DlbDapEndpointParamCache: doCommit() Committed 15 parameters out of 16.
02-05 01:13:16.696   581  5115 D DlbDapEndpointParamCache: commit() Overriding parameters for current device 0x00000080
02-05 01:13:16.696   581  5115 D DlbDap2Process: setParam(dea = #1[7])
02-05 01:13:16.696   581  5115 D DlbDap2Process: setParam(dsa = #1[10])
02-05 01:13:16.696   581  5115 D DlbDap2Process: setParam(beb = #1[192])
02-05 01:13:16.696   581  5115 D DlbDap2Process: setParam(plb = #1[0])
02-05 01:13:16.696   581  5115 D DlbDap2Process: setParam(vmb = #1[144])
02-05 01:13:16.697   581  5115 D DlbDap2Process: setParam(dsb = #1[0])
02-05 01:13:16.697   581  5115 D DlbDap2Process: setParam(ded = #1[0])
02-05 01:13:16.697   581  5115 D DlbDap2Process: setParam(vbm = #1[0])
02-05 01:13:16.697   581  5115 D DlbDap2Process: setParam(dom = #1[0])
02-05 01:13:16.697   581  5115 D DlbDap2Process: setParam(bew = #1[16])
02-05 01:13:16.697   581  5115 D DlbDap2Process: setParam(dvla = #1[5])
02-05 01:13:16.697   581  5115 D DlbDap2Process: setParam(arra = #1[96])
02-05 01:13:16.697   581  5115 D DlbDap2Process: setParam(dfsa = #1[10])
02-05 01:13:16.697   581  5115 D DlbDap2Process: setParam(dhsa = #1[10])
02-05 01:13:16.697   581  5115 D DlbDap2Process: setParam(dvmc = #1[0])
02-05 01:13:16.697   581  5115 D DlbDap2Process: setParam(arod = #1[0])
02-05 01:13:16.697   581  5115 D DlbDap2Process: setParam(arde = #1[0])
02-05 01:13:16.697   581  5115 D DlbDap2Process: setParam(dvle = #1[1])
02-05 01:13:16.697   581  5115 D DlbDap2Process: setParam(dvme = #1[0])
02-05 01:13:16.698   581  5115 D DlbDap2Process: setParam(becf = #1[200])
02-05 01:13:16.698   581  5115 D DlbDap2Process: setParam(vbmf = #2[94, 469])
02-05 01:13:16.698   581  5115 D DlbDap2Process: setParam(vbsf = #2[35, 160])
02-05 01:13:16.698   581  5115 D DlbDap2Process: setParam(vbhg = #3[-32, -144, -192])
02-05 01:13:16.698   581  5115 D DlbDap2Process: setParam(vbog = #1[0])
02-05 01:13:16.698   581  5115 D DlbDap2Process: setParam(vbsg = #1[0])
02-05 01:13:16.698   581  5115 D DlbDap2Process: setParam(dvli = #1[-320])
02-05 01:13:16.698   581  5115 D DlbDap2Process: setParam(dhfm = #1[0])
02-05 01:13:16.698   581  5115 D DlbDap2Process: setParam(vbon = #1[0])
02-05 01:13:16.698   581  5115 D DlbDap2Process: setParam(beon = #1[1])
02-05 01:13:16.698   581  5115 D DlbDap2Process: setParam(deon = #1[0])
02-05 01:13:16.698   581  5115 D DlbDap2Process: setParam(ngon = #1[1])
02-05 01:13:16.699   581  5115 D DlbDap2Process: setParam(aoon = #1[0])
02-05 01:13:16.699   581  5115 D DlbDap2Process: setParam(aron = #1[1])
02-05 01:13:16.699   581  5115 D DlbDap2Process: setParam(dvlo = #1[-320])
02-05 01:13:16.699   581  5115 D DlbDap2Process: setParam(artp = #1[12])
02-05 01:13:16.701   581  5115 D DlbDap2Process: setParam(aobs = #222[20, 10, 47, 141, 234, 328, 469, 656, 844, 1031, 1313, 1688, 2250, 3000, 3750, 4688, 5813, 7125, 9000, 11250, 13875, 19688, 0, 0, 0, 0, 0, 0, 0, 0, 0, 0, 0, 0, 0, 0, 0, 0, 0, 0, 0, 0, 0, 0, 0, 0, 0, 0, 0, 0, 0, 0, 0, 0, 0, 0, 0, 0, 0, 0, 0, 0, 0, 0, 0, 0, 0, 0, 0, 0, 0, 0, 0, 0, 0, 0, 0, 0, 0, 0, 0, 0, 0, 0, 0, 0, 0, 0, 0, 0, 0, 0, 0, 0, 0, 0, 0, 0, 0, 0, 0, 0, 0, 0, 0, 0, 0, 0, 0, 0, 0, 0, 0, 0, 0, 0, 0, 0, 0, 0, 0, 0, 0, 0, 0, 0, 0, 0, 0, 0, 0, 0, 0, 0, 0, 0, 0, 0, 0, 0, 0, 0, 0, 0, 0, 0, 0, 0, 0, 0, 0, 0, 0, 0, 0, 0, 0, 0, 0, 0, 0, 0, 0, 0, 0, 0, 0, 0, 0, 0, 0, 0, 0, 0, 0, 0, 0, 0, 0, 0, 0, 0, 0, 0, 0, 0, 0, 0, 0, 0, 0, 0, 0, 0, 0, 0, 0, 0, 0, 0, 0, 0, 0, 0, 0, 0, 0, 0, 0, 0, 0, 0, 0, 0, 0, 0, 0, 0, 0, 0, 0, 0])
02-05 01:13:16.702   581  5115 D DlbDap2Process: setParam(arbs = #81[20, 47, 141, 234, 328, 469, 656, 844, 1031, 1313, 1688, 2250, 3000, 3750, 4688, 5813, 7125, 9000, 11250, 13875, 19688, -192, -192, -192, -192, -192, -192, -192, -192, -192, -192, -192, -192, -192, -192, -192, -192, -192, -192, -192, -192, 0, 0, 0, 0, 0, 0, 0, 0, 0, 0, 0, 0, 0, 0, 0, 0, 0, 0, 0, 0, 0, 0, 0, 0, 0, 0, 0, 0, 0, 0, 0, 0, 0, 0, 0, 0, 0, 0, 0, 0])
02-05 01:13:16.702   581  5115 D DlbDapEndpointParamCache: doCommit() Committed 37 parameters out of 37.
02-05 01:13:16.702   581  5115 D DlbDap2Process: setMave(mave = 0)
02-05 01:13:18.638   581  5115 D DlbDap2Process: process() called [406500] times
02-05 01:13:21.545   581  5115 D DlbDap2Process: process() called [407000] times
