--------- beginning of system
02-05 01:14:40.108   816  3543 I ActivityManager: Force stopping com.dolby.qa.featuretest appid=10074 user=0: from pid 5014
02-05 01:14:40.109   816  3543 I ActivityManager: Killing 4926:com.dolby.qa.featuretest/u0a74 (adj 0): stop com.dolby.qa.featuretest
02-05 01:14:40.109   816  3543 W ActivityManager: Force removing ActivityRecord{cfaffc8 u0 com.dolby.qa.featuretest/.MainActivity t261}: app died, no saved state
02-05 01:14:40.117   816  3543 I WindowManager: Failed to capture screenshot of Token{d7e0861 ActivityRecord{cfaffc8 u0 com.dolby.qa.featuretest/.MainActivity t261 f}} appWin=Window{9d13e3c u0 com.dolby.qa.featuretest/com.dolby.qa.featuretest.MainActivity} drawState=4
--------- beginning of main
02-05 01:14:40.134   589  1183 D NuPlayerDriver: reset(0xe3e79150) at state 5
02-05 01:14:40.135   589  1183 D NuPlayerDriver: notifyListener_l(0xe3e79150), (8, 0, 0, -1), loop setting(0, 1)
02-05 01:14:40.135   581  5110 D AudioFlinger: trackStateChanged() Track id 742 state changed to 6
02-05 01:14:40.140  1232  1232 D CarrierSvcBindHelper: No carrier app for: 0
02-05 01:14:40.141   816   894 W InputDispatcher: channel '29cb82b Toast (server)' ~ Consumer closed input channel or an error occurred.  events=0x9
02-05 01:14:40.141   816   894 E InputDispatcher: channel '29cb82b Toast (server)' ~ Channel is unrecoverably broken and will be disposed!
02-05 01:14:40.141   816  3431 I WindowManager: WIN DEATH: Window{29cb82b u0 Toast}
02-05 01:14:40.141   816  3431 W InputDispatcher: Attempted to unregister already unregistered input channel '29cb82b Toast (server)'
02-05 01:14:40.146   593  5353 I DDP_JOCDecoder: -> ~DDPDecoder
02-05 01:14:40.146   593  5353 I DDP_JOCDecoder: -> stop
02-05 01:14:40.147   593  5353 I DDP_JOCDecoder: <- stop
02-05 01:14:40.147   593  5353 I ARenderer: ~ARenderer
02-05 01:14:40.147   593  5353 I evo_parser: evo_parser_close
02-05 01:14:40.147   593  5353 I DlbDap2QmfProcess: ~Dap2Process()
02-05 01:14:40.147   593  5353 I DlbDap2QmfProcess: close()
02-05 01:14:40.150   593  5353 I DDP_JOCDecoder: <- ~DDPDecoder
02-05 01:14:40.152  2298  2298 D RegisteredNfcFServicesCache: Service unchanged, not updating
02-05 01:14:40.155   589  4955 D NuPlayerDriver: notifyResetComplete(0xe3e79150)
02-05 01:14:40.155   589  1183 D AudioTrack: stop() called with 0 frames delivered
02-05 01:14:40.156   581  3572 D AudioFlinger: trackStateChanged() Track id 742 state changed to 2
02-05 01:14:40.156   581  3572 I AudioFlinger: updateProcessedAudioState() Changing content processing in effect to 0
02-05 01:14:40.156   581  3572 D DlbDlbEffect: handle_EFFECT_CMD_SET_PARAM()
02-05 01:14:40.158   581  3572 I DlbEffectContext: setContentProcEnabled() Enabling content processing in global effect
02-05 01:14:40.158   581  3572 D DlbDapEndpointParamCache: commitChangedParams()
02-05 01:14:40.158   581  3572 D DlbDapEndpointParamCache: commit() Applying parameters for device 0x40000000
02-05 01:14:40.159   581  3572 D DlbDap2Process: setParam(iea = #1[10])
02-05 01:14:40.159   581  3572 D DlbDap2Process: setParam(msce = #1[1])
02-05 01:14:40.159   581  3572 D DlbDap2Process: setParam(mdee = #1[1])
02-05 01:14:40.159   581  3572 D DlbDap2Process: setParam(miee = #1[1])
02-05 01:14:40.159   581  3572 D DlbDap2Process: setParam(mdle = #1[1])
02-05 01:14:40.159   581  3572 D DlbDap2Process: setParam(dvle = #1[1])
02-05 01:14:40.159   581  3572 D DlbDap2Process: setParam(mave = #1[1])
02-05 01:14:40.159   581  3572 D DlbDap2Process: setParam(vcbf = #20[47, 141, 234, 328, 469, 656, 844, 1031, 1313, 1688, 2250, 3000, 3750, 4688, 5813, 7125, 9000, 11250, 13875, 19688])
02-05 01:14:40.159   581  3572 D DlbDap2Process: setParam(vbon = #1[0])
02-05 01:14:40.159   581  3572 D DlbDap2Process: setParam(beon = #1[0])
02-05 01:14:40.159   581  3572 D DlbDap2Process: setParam(geon = #1[0])
02-05 01:14:40.159   581  3572 D DlbDap2Process: setParam(ieon = #1[1])
02-05 01:14:40.159   581  3572 D DlbDap2Process: setParam(gebs = #41[20, 47, 141, 234, 328, 469, 656, 844, 1031, 1313, 1688, 2250, 3000, 3750, 4688, 5813, 7125, 9000, 11250, 13875, 19688, 0, 0, 0, 0, 0, 0, 0, 0, 0, 0, 0, 0, 0, 0, 0, 0, 0, 0, 0, 0])
02-05 01:14:40.159   581  3572 D DlbDap2Process: setParam(iebs = #41[20, 65, 136, 223, 332, 467, 634, 841, 1098, 1416, 1812, 2302, 2909, 3663, 4598, 5756, 7194, 8976, 11186, 13927, 17326, 117, 133, 188, 176, 141, 149, 175, 185, 185, 200, 236, 242, 228, 213, 182, 132, 110, 68, -27, -240])
02-05 01:14:40.159   581  3572 D DlbDapEndpointParamCache: doCommit() Committed 15 parameters out of 16.
02-05 01:14:40.159   581  3572 D DlbDapEndpointParamCache: commit() Overriding parameters for current device 0x00000080
02-05 01:14:40.159   581  3572 D DlbDap2Process: setParam(dea = #1[10])
02-05 01:14:40.159   581  3572 D DlbDap2Process: setParam(dsa = #1[10])
02-05 01:14:40.159   581  3572 D DlbDap2Process: setParam(beb = #1[192])
02-05 01:14:40.160   581  3572 D DlbDap2Process: setParam(plb = #1[0])
02-05 01:14:40.160   581  3572 D DlbDap2Process: setParam(vmb = #1[144])
02-05 01:14:40.160   581  3572 D DlbDap2Process: setParam(dsb = #1[0])
02-05 01:14:40.160   581  3572 D DlbDap2Process: setParam(ded = #1[0])
02-05 01:14:40.160   581  3572 D DlbDap2Process: setParam(vbm = #1[0])
02-05 01:14:40.160   581  3572 D DlbDap2Process: setParam(dom = #1[0])
02-05 01:14:40.160   581  3572 D DlbDap2Process: setParam(bew = #1[16])
02-05 01:14:40.160   581  3572 D DlbDap2Process: setParam(dvla = #1[7])
02-05 01:14:40.160   581  3572 D DlbDap2Process: setParam(arra = #1[96])
02-05 01:14:40.160   581  3572 D DlbDap2Process: setParam(dfsa = #1[10])
02-05 01:14:40.160   581  3572 D DlbDap2Process: setParam(dhsa = #1[10])
02-05 01:14:40.160   581  3572 D DlbDap2Process: setParam(dvmc = #1[0])
02-05 01:14:40.160   581  3572 D DlbDap2Process: setParam(arod = #1[0])
02-05 01:14:40.160   581  3572 D DlbDap2Process: setParam(arde = #1[0])
02-05 01:14:40.160   581  3572 D DlbDap2Process: setParam(dvle = #1[1])
02-05 01:14:40.160   581  3572 D DlbDap2Process: setParam(dvme = #1[0])
02-05 01:14:40.160   581  3572 D DlbDap2Process: setParam(becf = #1[200])
02-05 01:14:40.160   581  3572 D DlbDap2Process: setParam(vbmf = #2[94, 469])
02-05 01:14:40.160   581  3572 D DlbDap2Process: setParam(vbsf = #2[35, 160])
02-05 01:14:40.160   581  3572 D DlbDap2Process: setParam(vbhg = #3[-32, -144, -192])
02-05 01:14:40.160   581  3572 D DlbDap2Process: setParam(vbog = #1[0])
02-05 01:14:40.160   581  3572 D DlbDap2Process: setParam(vbsg = #1[0])
02-05 01:14:40.160   581  3572 D DlbDap2Process: setParam(dvli = #1[-320])
02-05 01:14:40.160   581  3572 D DlbDap2Process: setParam(dhfm = #1[0])
02-05 01:14:40.160   581  3572 D DlbDap2Process: setParam(vbon = #1[0])
02-05 01:14:40.160   581  3572 D DlbDap2Process: setParam(beon = #1[0])
02-05 01:14:40.160   581  3572 D DlbDap2Process: setParam(deon = #1[1])
02-05 01:14:40.160   581  3572 D DlbDap2Process: setParam(ngon = #1[1])
02-05 01:14:40.160   581  3572 D DlbDap2Process: setParam(aoon = #1[0])
02-05 01:14:40.160   581  3572 D DlbDap2Process: setParam(aron = #1[1])
02-05 01:14:40.160   581  3572 D DlbDap2Process: setParam(dvlo = #1[-320])
02-05 01:14:40.160   581  3572 D DlbDap2Process: setParam(artp = #1[12])
02-05 01:14:40.161   581  3572 D DlbDap2Process: setParam(aobs = #222[20, 10, 47, 141, 234, 328, 469, 656, 844, 1031, 1313, 1688, 2250, 3000, 3750, 4688, 5813, 7125, 9000, 11250, 13875, 19688, 0, 0, 0, 0, 0, 0, 0, 0, 0, 0, 0, 0, 0, 0, 0, 0, 0, 0, 0, 0, 0, 0, 0, 0, 0, 0, 0, 0, 0, 0, 0, 0, 0, 0, 0, 0, 0, 0, 0, 0, 0, 0, 0, 0, 0, 0, 0, 0, 0, 0, 0, 0, 0, 0, 0, 0, 0, 0, 0, 0, 0, 0, 0, 0, 0, 0, 0, 0, 0, 0, 0, 0, 0, 0, 0, 0, 0, 0, 0, 0, 0, 0, 0, 0, 0, 0, 0, 0, 0, 0, 0, 0, 0, 0, 0, 0, 0, 0, 0, 0, 0, 0, 0, 0, 0, 0, 0, 0, 0, 0, 0, 0, 0, 0, 0, 0, 0, 0, 0, 0, 0, 0, 0, 0, 0, 0, 0, 0, 0, 0, 0, 0, 0, 0, 0, 0, 0, 0, 0, 0, 0, 0, 0, 0, 0, 0, 0, 0, 0, 0, 0, 0, 0, 0, 0, 0, 0, 0, 0, 0, 0, 0, 0, 0, 0, 0, 0, 0, 0, 0, 0, 0, 0, 0, 0, 0, 0, 0, 0, 0, 0, 0, 0, 0, 0, 0, 0, 0, 0, 0, 0, 0, 0, 0, 0, 0, 0, 0, 0, 0])
02-05 01:14:40.161   581  3572 D DlbDap2Process: setParam(arbs = #81[20, 47, 141, 234, 328, 469, 656, 844, 1031, 1313, 1688, 2250, 3000, 3750, 4688, 5813, 7125, 9000, 11250, 13875, 19688, -192, -192, -192, -192, -192, -192, -192, -192, -192, -192, -192, -192, -192, -192, -192, -192, -192, -192, -192, -192, 0, 0, 0, 0, 0, 0, 0, 0, 0, 0, 0, 0, 0, 0, 0, 0, 0, 0, 0, 0, 0, 0, 0, 0, 0, 0, 0, 0, 0, 0, 0, 0, 0, 0, 0, 0, 0, 0, 0, 0])
02-05 01:14:40.161   581  3572 D DlbDapEndpointParamCache: doCommit() Committed 37 parameters out of 37.
02-05 01:14:40.162   581  5115 D DlbDap2Process: setMave(mave = 1)
02-05 01:14:40.183   581  3572 D AudioFlinger: trackDestroyed() Track id 742 no longer contains processed audio
02-05 01:14:40.204   816  2363 I ActivityManager: START u0 {flg=0x10000000 cmp=com.dolby.qa.featuretest/.MainActivity} from uid 2000
02-05 01:14:40.228   816  2347 I ActivityManager: Start proc 5020:com.dolby.qa.featuretest/u0a74 for activity com.dolby.qa.featuretest/.MainActivity
02-05 01:14:40.230  5020  5020 I zygote64: Late-enabling -Xcheck:jni
02-05 01:14:40.430  5020  5020 D featureTest: onCreate
02-05 01:14:40.437   581  5143 W AudioFlinger: createTrack_l(): mismatch between requested flags (00000008) and output flags (00000000)
02-05 01:14:40.438  5020  5020 D AudioTrack: Client defaulted notificationFrames to 3916 for frameCount 11748
02-05 01:14:40.441  5020  5020 W AudioTrack: Use of stream types is deprecated for operations other than volume control
02-05 01:14:40.442  5020  5020 W AudioTrack: See the documentation of AudioTrack() for what to use instead with android.media.AudioAttributes to qualify your playback use case
02-05 01:14:40.451  5020  5020 W DolbyAudioEffect: WARNING: attaching a DolbyAudioEffect to global output mix is deprecated!
02-05 01:14:40.456  5020  5020 D featureTest: onResume
02-05 01:14:40.472  5020  5037 D OpenGLRenderer: HWUI GL Pipeline
02-05 01:14:40.518  5020  5037 I Adreno  : QUALCOMM build                   : 7142022, Ib5823dd10c
02-05 01:14:40.518  5020  5037 I Adreno  : Build Date                       : 06/23/17
02-05 01:14:40.518  5020  5037 I Adreno  : OpenGL ES Shader Compiler Version: EV031.18.00.00
02-05 01:14:40.518  5020  5037 I Adreno  : Local Branch                     : O11A
02-05 01:14:40.518  5020  5037 I Adreno  : Remote Branch                    : 
02-05 01:14:40.518  5020  5037 I Adreno  : Remote Branch                    : 
02-05 01:14:40.518  5020  5037 I Adreno  : Reconstruct Branch               : 
02-05 01:14:40.518  5020  5037 I vndksupport: sphal namespace is not configured for this process. Loading /vendor/lib64/hw/gralloc.msm8994.so from the current namespace instead.
02-05 01:14:40.528  5020  5037 I Adreno  : PFP: 0x00000000, ME: 0x00000000
02-05 01:14:40.536  5020  5037 I OpenGLRenderer: Initialized EGL, version 1.4
02-05 01:14:40.536  5020  5037 D OpenGLRenderer: Swap behavior 2
02-05 01:14:40.552   365   365 W /system/bin/hwservicemanager: getTransportFromManifest: Cannot find entry android.hardware.graphics.mapper@2.0::IMapper in either framework or device manifest, using default transport.
02-05 01:14:40.557  5020  5037 I vndksupport: sphal namespace is not configured for this process. Loading /vendor/lib64/hw/gralloc.msm8994.so from the current namespace instead.
02-05 01:14:40.596   816   843 I ActivityManager: Displayed com.dolby.qa.featuretest/.MainActivity: +372ms
02-05 01:14:40.670   816   843 W ActivityManager: setHasOverlayUi called on unknown pid: 4926
02-05 01:14:40.857   816   816 W NotificationService: Object died trying to hide notification android.app.ITransientNotification$Stub$Proxy@b10a9fb in package com.dolby.qa.featuretest
02-05 01:14:40.857   816   816 W WindowManager: removeWindowToken: Attempted to remove non-existing token: android.os.Binder@5ebca5
02-05 01:14:41.032  2401  2517 W OpenGLRenderer: Incorrectly called buildLayer on View: ShortcutAndWidgetContainer, destroying layer...
02-05 01:14:41.284  5020  5020 D featureTest: receive broadcast , playing content location :/sdcard/featureTest/7ch_ddp_25fps_diff_music_01.mp4
02-05 01:14:41.294  5020  5020 D featureTest: mMediaPlayer.getAudioSessionId(): 5513
02-05 01:14:41.294  5020  5020 D featureTest: Playing file: /sdcard/featureTest/7ch_ddp_25fps_diff_music_01.mp4
02-05 01:14:41.296   589  1183 D NuPlayerDriver: NuPlayerDriver(0xe5732380) created, clientPid(5020)
02-05 01:14:41.297  5053  5053 W generic : type=1400 audit(0.0:3035): avc: denied { read } for path="/storage/emulated/0/featuretest/7ch_ddp_25fps_diff_music_01.mp4" dev="sdcardfs" ino=523299 scontext=u:r:mediaextractor:s0 tcontext=u:object_r:sdcardfs:s0 tclass=file permissive=0
02-05 01:14:41.298  5020  5020 W MediaPlayer: Use of stream types is deprecated for operations other than volume control
02-05 01:14:41.298  5020  5020 W MediaPlayer: See the documentation of setAudioStreamType() for what to use instead with android.media.AudioAttributes to qualify your playback use case
02-05 01:14:41.300   589  5053 D GenericSource: FileSource remote
02-05 01:14:41.300   589  5053 W GenericSource: extractor service cannot make data source
02-05 01:14:41.300   589  5053 D GenericSource: FileSource local
02-05 01:14:41.316   589  5051 D NuPlayerDriver: notifyListener_l(0xe5732380), (1, 0, 0, -1), loop setting(0, 0)
02-05 01:14:41.325   589  1183 D NuPlayerDriver: start(0xe5732380), state is 4, eos is 0
02-05 01:14:41.325   589  5051 I GenericSource: start
02-05 01:14:41.331  5020  5020 W DolbyAudioEffect: WARNING: attaching a DolbyAudioEffect to global output mix is deprecated!
02-05 01:14:41.338   593   712 I OMXMaster: makeComponentInstance(OMX.dolby.eac3.decoder) in android.hardwar process
02-05 01:14:41.345  5020  5020 D featureTest: receive broadcast , change ds status :1
02-05 01:14:41.356   581  5142 D DlbDlbEffect: handle_EFFECT_CMD_SET_PARAM()
02-05 01:14:41.389   593   712 I DDP_JOCDecoder: -> init name OMX.dolby.eac3.decoder
02-05 01:14:41.390   593   712 I DDP_JOCDecoder: <- init
02-05 01:14:41.390   593   712 D DDP_JOCDecoder: initPorts
02-05 01:14:41.392   593   712 E OMXNodeInstance: setConfig(0xf0d07360:dolby.eac3.decoder, ConfigPriority(0x6f800002)) ERROR: Undefined(0x80001001)
02-05 01:14:41.392   589  5058 I ACodec  : codec does not support config priority (err -2147483648)
02-05 01:14:41.392   593 20514 E OMXNodeInstance: getConfig(0xf0d07360:dolby.eac3.decoder, ConfigAndroidVendorExtension(0x6f100004)) ERROR: Undefined(0x80001001)
02-05 01:14:41.393   589  5058 I MediaCodec: MediaCodec will operate in async mode
02-05 01:14:41.393   589  5058 I ACodec  : setDolbyParameterOnProcessedAudio() Received dolby_processed_audio=1
02-05 01:14:41.393   589  5057 I NuPlayerDecoder: setDolbyMessage() Notifying player that Codec supports dolby_processed_audio flag
02-05 01:14:41.393   589  5051 I NuPlayer: onDolbyMessageReceived() Setting dolby_processed_audio flag on audio sink
02-05 01:14:41.393   589  5051 I MediaPlayerService: setDolbyParameters() Marking audio output as having dolby_processed_audio
02-05 01:14:41.395   593  1187 D DDP_JOCDecoder: internalSetParameter() Instantiating ARenderer for content processing in decoder
02-05 01:14:41.395   593  1187 I DlbDap2QmfProcess: Dap2Process()
02-05 01:14:41.395   593  1187 I ARenderer: ARenderer
02-05 01:14:41.395   593  1187 I evo_parser: evo_parser_init
02-05 01:14:41.395   593  1187 I DlbDap2QmfProcess: init()
02-05 01:14:41.395   593  1187 I DlbDap2QmfProcess: open()
02-05 01:14:41.397   593  1187 I DlbDap2QmfProcess: loadLicense() no license check!
02-05 01:14:41.397   593  1187 I DlbDap2QmfProcess: validateLicense() no license check!
02-05 01:14:41.397   593  1187 I DlbDap2QmfProcess: init() DAP opened
02-05 01:14:41.397   593  1187 I DlbDap2QmfProcess: DAP library version: 2.5.1-P2.0
02-05 01:14:41.397   593  1187 D DlbDap2QmfProcess: DAP output mode set to 1 with 2 output channels and null mix matrix.
02-05 01:14:41.397   589  5058 I ACodec  : setDolbyParameterOnProcessedAudio() Content processing enabled in decoder
02-05 01:14:41.403   593  5063 I DDP_JOCDecoder: -> start
02-05 01:14:41.403   593  5063 I EndpConfig: DAP state has changed from -1 to 1
02-05 01:14:41.403   593  5063 D DDP_JOCDecoder: Setting Max Output Channels to 2
02-05 01:14:41.403   593  5063 D DDP_JOCDecoder: setMultiChannelPCMOutDownmix mConfig->jocForceDownmixMode 1
02-05 01:14:41.403   593  5063 I udc_user: 
02-05 01:14:41.403   593  5063 I udc_user: *** DDPlus Unified Decoder Simulation  Version 1.7.3 ***
02-05 01:14:41.403   593  5063 I udc_user: 
02-05 01:14:41.403   593  5063 I udc_user: 7.1-channel decoder-converter, 
02-05 01:14:41.403   593  5063 I udc_user: 
02-05 01:14:41.403   593  5063 I udc_user: 5.1-channel dual-decoder-converter, 
02-05 01:14:41.403   593  5063 I udc_user: Karaoke unsupported, 
02-05 01:14:41.403   593  5063 I udc_user: TPNP supported. 
02-05 01:14:41.403   593  5063 I udc_user: 
02-05 01:14:41.403   593  5063 I udc_user: Unpublished work.  Copyright 2003-2014 Dolby Laboratories, Inc. and
02-05 01:14:41.403   593  5063 I udc_user: Dolby Laboratories Licensing Corporation.  All Rights Reserved.
02-05 01:14:41.403   593  5063 I udc_user: 
02-05 01:14:41.403   593  5063 I udc_user: USE OF THIS SOFTWARE IS SUBJECT TO A LEGAL AGREEMENT BETWEEN YOU AND DOLBY
02-05 01:14:41.403   593  5063 I udc_user: LABORATORIES. DO NOT USE THIS SOFTWARE UNLESS YOU AGREE TO THE TERMS AND 
02-05 01:14:41.403   593  5063 I udc_user: CONDITIONS IN THE AGREEMENT.  BY USING THIS SOFTWARE, YOU ACKNOWLEDGE THAT 
02-05 01:14:41.403   593  5063 I udc_user: YOU HAVE READ THE AGREEMENT AND THAT YOU AGREE TO BE BOUND BY ITS TERMS. 
02-05 01:14:41.403   593  5063 I udc_user: 
02-05 01:14:41.404   593  5063 I ddpdec_client_joc: ddpdec_open JOCD_MODE Buffer assignment
02-05 01:14:41.404   593  5063 D DDP_JOCDecoder: mStarted = 1
02-05 01:14:41.404   593  5063 I DDP_JOCDecoder: <- start
02-05 01:14:41.405   593  5063 D ddpdec_client_joc: ddpdec_client.c|int configDecoder()
02-05 01:14:41.406   593  5063 D DDP_JOCDecoder: Setting Max Output Channels to 2
02-05 01:14:41.408   593  5063 I DlbDap2QmfProcess: close()
02-05 01:14:41.408   593  5063 I DlbDap2QmfProcess: init()
02-05 01:14:41.408   593  5063 I DlbDap2QmfProcess: open()
02-05 01:14:41.408  5020  5020 D featureTest: receive broadcast , change ds profile id :0
02-05 01:14:41.408   593  5063 I DlbDap2QmfProcess: loadLicense() no license check!
02-05 01:14:41.408   593  5063 I DlbDap2QmfProcess: validateLicense() no license check!
02-05 01:14:41.408   593  5063 I DlbDap2QmfProcess: init() DAP opened
02-05 01:14:41.408   593  5063 I DlbDap2QmfProcess: DAP library version: 2.5.1-P2.0
02-05 01:14:41.408   593  5063 D DlbDap2QmfProcess: DAP output mode set to 1 with 2 output channels and null mix matrix.
02-05 01:14:41.408   593  5063 D ARenderer: checkAndUpdateConfig: DAP reinitialized because of sample rate change
02-05 01:14:41.408   593  5063 D ARenderer: updateDapConfig: Updating DAP configuration
02-05 01:14:41.408   593  5063 D DlbDap2QmfProcess: setParam(iea = #1[10])
02-05 01:14:41.408   593  5063 D DlbDap2QmfProcess: setParam(msce = #1[1])
02-05 01:14:41.409   593  5063 D DlbDap2QmfProcess: setParam(mdee = #1[1])
02-05 01:14:41.409   593  5063 D DlbDap2QmfProcess: setParam(miee = #1[1])
02-05 01:14:41.409   593  5063 D DlbDap2QmfProcess: setParam(mdle = #1[1])
02-05 01:14:41.409   593  5063 D DlbDap2QmfProcess: setParam(dvle = #1[1])
02-05 01:14:41.409   593  5063 D DlbDap2QmfProcess: setParam(mave = #1[1])
02-05 01:14:41.409   593  5063 D DlbDap2QmfProcess: setParam(vcbf = #20[47, 141, 234, 328, 469, 656, 844, 1031, 1313, 1688, 2250, 3000, 3750, 4688, 5813, 7125, 9000, 11250, 13875, 19688])
02-05 01:14:41.409   593  5063 D DlbDap2QmfProcess: setParam(ieon = #1[1])
02-05 01:14:41.409   593  5063 D DlbDap2QmfProcess: setParam(gebs = #41[20, 47, 141, 234, 328, 469, 656, 844, 1031, 1313, 1688, 2250, 3000, 3750, 4688, 5813, 7125, 9000, 11250, 13875, 19688, 0, 0, 0, 0, 0, 0, 0, 0, 0, 0, 0, 0, 0, 0, 0, 0, 0, 0, 0, 0])
02-05 01:14:41.409   593  5063 D DlbDap2QmfProcess: setParam(iebs = #41[20, 65, 136, 223, 332, 467, 634, 841, 1098, 1416, 1812, 2302, 2909, 3663, 4598, 5756, 7194, 8976, 11186, 13927, 17326, 117, 133, 188, 176, 141, 149, 175, 185, 185, 200, 236, 242, 228, 213, 182, 132, 110, 68, -27, -240])
02-05 01:14:41.409   593  5063 D DlbDap2QmfProcess: setParam(dea = #1[10])
02-05 01:14:41.409   593  5063 D DlbDap2QmfProcess: setParam(dsa = #1[10])
02-05 01:14:41.409   593  5063 D DlbDap2QmfProcess: setParam(beb = #1[192])
02-05 01:14:41.409   593  5063 D DlbDap2QmfProcess: setParam(plb = #1[0])
02-05 01:14:41.409   593  5063 D DlbDap2QmfProcess: setParam(vmb = #1[144])
02-05 01:14:41.409   593  5063 D DlbDap2QmfProcess: setParam(dsb = #1[0])
02-05 01:14:41.409   593  5063 D DlbDap2QmfProcess: setParam(ded = #1[0])
02-05 01:14:41.409   593  5063 D DlbDap2QmfProcess: setParam(dom = #1[0])
02-05 01:14:41.409   593  5063 D DlbDap2QmfProcess: setParam(bew = #1[16])
02-05 01:14:41.409   593  5063 D DlbDap2QmfProcess: setParam(dvla = #1[7])
02-05 01:14:41.409   593  5063 D DlbDap2QmfProcess: setParam(dfsa = #1[10])
02-05 01:14:41.409   593  5063 D DlbDap2QmfProcess: setParam(dhsa = #1[10])
02-05 01:14:41.410   593  5063 D DlbDap2QmfProcess: setParam(dvmc = #1[0])
02-05 01:14:41.410   593  5063 D DlbDap2QmfProcess: setParam(dvle = #1[1])
02-05 01:14:41.410   593  5063 D DlbDap2QmfProcess: setParam(dvme = #1[0])
02-05 01:14:41.410   593  5063 D DlbDap2QmfProcess: setParam(becf = #1[200])
02-05 01:14:41.410   593  5063 D DlbDap2QmfProcess: setParam(vbmf = #2[94, 469])
02-05 01:14:41.410   593  5063 D DlbDap2QmfProcess: setParam(vbsf = #2[35, 160])
02-05 01:14:41.410   593  5063 D DlbDap2QmfProcess: setParam(vbhg = #3[-32, -144, -192])
02-05 01:14:41.410   593  5063 D DlbDap2QmfProcess: setParam(vbog = #1[0])
02-05 01:14:41.410   593  5063 D DlbDap2QmfProcess: setParam(vbsg = #1[0])
02-05 01:14:41.410   593  5063 D DlbDap2QmfProcess: setParam(dvli = #1[-320])
02-05 01:14:41.410   593  5063 D DlbDap2QmfProcess: setParam(dhfm = #1[0])
02-05 01:14:41.410   593  5063 D DlbDap2QmfProcess: setParam(deon = #1[1])
02-05 01:14:41.410   593  5063 D DlbDap2QmfProcess: setParam(ngon = #1[1])
02-05 01:14:41.410   593  5063 D DlbDap2QmfProcess: setParam(dvlo = #1[-320])
02-05 01:14:41.410   593  5063 D DlbDap2QmfProcess: setParam(aobs = #222[20, 10, 47, 141, 234, 328, 469, 656, 844, 1031, 1313, 1688, 2250, 3000, 3750, 4688, 5813, 7125, 9000, 11250, 13875, 19688, 0, 0, 0, 0, 0, 0, 0, 0, 0, 0, 0, 0, 0, 0, 0, 0, 0, 0, 0, 0, 0, 0, 0, 0, 0, 0, 0, 0, 0, 0, 0, 0, 0, 0, 0, 0, 0, 0, 0, 0, 0, 0, 0, 0, 0, 0, 0, 0, 0, 0, 0, 0, 0, 0, 0, 0, 0, 0, 0, 0, 0, 0, 0, 0, 0, 0, 0, 0, 0, 0, 0, 0, 0, 0, 0, 0, 0, 0, 0, 0, 0, 0, 0, 0, 0, 0, 0, 0, 0, 0, 0, 0, 0, 0, 0, 0, 0, 0, 0, 0, 0, 0, 0, 0, 0, 0, 0, 0, 0, 0, 0, 0, 0, 0, 0, 0, 0, 0, 0, 0, 0, 0, 0, 0, 0, 0, 0, 0, 0, 0, 0, 0, 0, 0, 0, 0, 0, 0, 0, 0, 0, 0, 0, 0, 0, 0, 0, 0, 0, 0, 0, 0, 0, 0, 0, 0, 0, 0, 0, 0, 0, 0, 0, 0, 0, 0, 0, 0, 0, 0, 0, 0, 0, 0, 0, 0, 0, 0, 0, 0, 0, 0, 0, 0, 0, 0, 0, 0, 0, 0, 0, 0, 0, 0, 0, 0, 0, 0, 0, 0])
02-05 01:14:41.410   593  5063 D DlbDap2QmfProcess: setParam(dvle = #1[1])
02-05 01:14:41.410   593  5063 D DlbDap2QmfProcess: setParam(dvli = #1[-496])
02-05 01:14:41.410   593  5063 D DlbDap2QmfProcess: setParam(dvlo = #1[-176])
02-05 01:14:41.410   593  5063 D ARenderer: updateDapVolumeLeveler: Setting output level to -11.00dB
02-05 01:14:41.410   593  5063 D DlbDap2QmfProcess: setParam(vmb = #1[0])
02-05 01:14:41.410   593  5063 D DlbDap2QmfProcess: setParam(preg = #1[-384])
02-05 01:14:41.410   593  5063 D DlbDap2QmfProcess: setParam(vol = #1[384])
02-05 01:14:41.410   593  5063 D DlbDlbBufferProvider: setConfig() Updating buffer configuration.
02-05 01:14:41.410   593  5063 D DlbDap2QmfProcess: processQmf() called [0] times
02-05 01:14:41.411   593  5063 D DlbDap2QmfProcess: setMave(mave = 0)
02-05 01:14:41.417   581  4435 D DlbDlbEffect: handle_EFFECT_CMD_SET_PARAM()
02-05 01:14:41.424   581  5356 W AudioFlinger: createTrack_l(): mismatch between requested flags (00000008) and output flags (00000000)
02-05 01:14:41.425   589  5056 D AudioTrack: Client defaulted notificationFrames to 8125 for frameCount 24375
02-05 01:14:41.425   581   730 I AudioFlinger: attachAuxEffect(): Marking track 744 as containing processed audio
02-05 01:14:41.425   581   730 D AudioFlinger: trackContainsProcessedAudio() Track id 744 contains processed audio
02-05 01:14:41.425   581   730 D AudioFlinger: trackStateChanged() Track id 744 state changed to 6
02-05 01:14:41.425   581   730 I AudioFlinger: updateProcessedAudioState() Changing content processing in effect to 1
02-05 01:14:41.425   581   730 D DlbDlbEffect: handle_EFFECT_CMD_SET_PARAM()
02-05 01:14:41.427   581   730 I DlbEffectContext: setContentProcEnabled() Disabling content processing in effect
02-05 01:14:41.427   581   730 D DlbDapEndpointParamCache: commitChangedParams()
02-05 01:14:41.428   581   730 D DlbDapEndpointParamCache: commit() Applying parameters for device 0x40000000
02-05 01:14:41.428   581   730 D DlbDap2Process: setParam(msce = #1[0])
02-05 01:14:41.428   581   730 D DlbDap2Process: setParam(mdee = #1[0])
02-05 01:14:41.428   581   730 D DlbDap2Process: setParam(miee = #1[0])
02-05 01:14:41.428   581   730 D DlbDap2Process: setParam(mdle = #1[0])
02-05 01:14:41.428   581   730 D DlbDap2Process: setParam(dvle = #1[0])
02-05 01:14:41.428   581   730 D DlbDap2Process: setParam(mave = #1[0])
02-05 01:14:41.428   581   730 D DlbDap2Process: setParam(ieon = #1[0])
02-05 01:14:41.428   581   730 D DlbDapEndpointParamCache: doCommit() Committed 7 parameters out of 16.
02-05 01:14:41.428   581   730 D DlbDapEndpointParamCache: commit() Overriding parameters for current device 0x00000080
02-05 01:14:41.428   581   730 D DlbDap2Process: setParam(dom = #1[0])
02-05 01:14:41.428   581   730 D DlbDap2Process: setParam(dvle = #1[0])
02-05 01:14:41.428   581   730 D DlbDap2Process: setParam(dvme = #1[0])
02-05 01:14:41.428   581   730 D DlbDap2Process: setParam(deon = #1[0])
02-05 01:14:41.428   581   730 D DlbDap2Process: setParam(ngon = #1[0])
02-05 01:14:41.428   581   730 D DlbDapEndpointParamCache: doCommit() Committed 5 parameters out of 37.
02-05 01:14:41.429   589  5051 D NuPlayerDriver: notifyListener_l(0xe5732380), (6, 0, 0, -1), loop setting(0, 1)
02-05 01:14:41.429   589   709 W MediaClock: reject anchor time since it is negative.
02-05 01:14:41.430   581  5115 D DlbDap2Process: setMave(mave = 0)
02-05 01:14:41.475  5020  5020 D featureTest: receive broadcast , record log :0
02-05 01:14:42.713  3150  3150 I ServiceManager: Waiting for service AtCmdFwd...
02-05 01:14:42.841   581  5115 D DlbDap2Process: process() called [421000] times
02-05 01:14:43.372   816   816 W WindowManager: removeWindowToken: Attempted to remove non-existing token: android.os.Binder@4cafc4
02-05 01:14:43.404   429   429 D SurfaceFlinger: duplicate layer name: changing Toast to Toast#1
02-05 01:14:43.713  3150  3150 I ServiceManager: Waiting for service AtCmdFwd...
02-05 01:14:44.713  3150  3150 I chatty  : uid=1000(system) /vendor/bin/ATFWD-daemon identical 1 line
02-05 01:14:45.386   816   816 W WindowManager: removeWindowToken: Attempted to remove non-existing token: android.os.Binder@4e1ae2e
02-05 01:14:45.714  3150  3150 I ServiceManager: Waiting for service AtCmdFwd...
02-05 01:14:45.732   581  5115 D DlbDap2Process: process() called [421500] times
