02-05 01:15:10.168   589   709 D NuPlayerDriver: reset(0xe5732850) at state 5
02-05 01:15:10.168   589   709 D NuPlayerDriver: notifyListener_l(0xe5732850), (8, 0, 0, -1), loop setting(0, 1)
02-05 01:15:10.181   589  5150 D NuPlayerDriver: notifyResetComplete(0xe5732850)
02-05 01:15:10.185   589   709 D AudioTrack: stop() called with 0 frames delivered
02-05 01:15:10.470  5216  5216 D featureTest: onCreate
02-05 01:15:10.477   581  7829 W AudioFlinger: createTrack_l(): mismatch between requested flags (00000008) and output flags (00000000)
02-05 01:15:10.479  5216  5216 D AudioTrack: Client defaulted notificationFrames to 3916 for frameCount 11748
02-05 01:15:10.484  5216  5216 W AudioTrack: Use of stream types is deprecated for operations other than volume control
02-05 01:15:10.484  5216  5216 W AudioTrack: See the documentation of AudioTrack() for what to use instead with android.media.AudioAttributes to qualify your playback use case
02-05 01:15:10.499  5216  5216 D featureTest: onResume
02-05 01:15:11.325  5216  5216 D featureTest: receive broadcast , playing content location :/sdcard/featureTest/chopper_1.0_180_420_02.wav
02-05 01:15:11.335  5216  5216 D featureTest: mMediaPlayer.getAudioSessionId(): 5545
02-05 01:15:11.335  5216  5216 D featureTest: Playing file: /sdcard/featureTest/chopper_1.0_180_420_02.wav
02-05 01:15:11.337   589  1183 D NuPlayerDriver: NuPlayerDriver(0xe3e79070) created, clientPid(5216)
02-05 01:15:11.363   589  5247 D NuPlayerDriver: notifyListener_l(0xe3e79070), (1, 0, 0, -1), loop setting(0, 0)
02-05 01:15:11.373   589  1183 D NuPlayerDriver: start(0xe3e79070), state is 4, eos is 0
02-05 01:15:11.386   593  1187 I OMXMaster: makeComponentInstance(OMX.google.raw.decoder) in android.hardwar process
02-05 01:15:11.390   589  5254 I ACodec  : codec does not support config priority (err -2147483648)
02-05 01:15:11.393   589  5254 I MediaCodec: MediaCodec will operate in async mode
02-05 01:15:11.395  5216  5216 D featureTest: receive broadcast , change ds status :0
02-05 01:15:11.404   581  5110 W AudioFlinger: createTrack_l(): mismatch between requested flags (00000008) and output flags (00000000)
02-05 01:15:11.405   589  5252 D AudioTrack: Client defaulted notificationFrames to 11200 for frameCount 22400
02-05 01:15:11.410   589  5247 D NuPlayerDriver: notifyListener_l(0xe3e79070), (6, 0, 0, -1), loop setting(0, 1)
02-05 01:15:11.419   581   730 D DlbDlbEffect: handle_EFFECT_CMD_SET_PARAM()
02-05 01:15:11.434   581  5115 D DlbDapCrossfadeProcess: setEnabled transitioning from DAP_ACTIVE state to FADE_TO_BYPASS
02-05 01:15:11.486  5216  5216 D featureTest: receive broadcast , change ds profile id :2
02-05 01:15:11.497   581  4435 D DlbDlbEffect: handle_EFFECT_CMD_SET_PARAM()
02-05 01:15:11.497   421   460 I DapController: Profile Changed to Music
02-05 01:15:11.501   581  5115 D DlbDapEndpointParamCache: commitChangedParams()
02-05 01:15:11.501   581  5115 D DlbDapEndpointParamCache: commit() Applying parameters for device 0x40000000
02-05 01:15:11.501   581  5115 D DlbDap2Process: setParam(iea = #1[10])
02-05 01:15:11.501   581  5115 D DlbDap2Process: setParam(msce = #1[0])
02-05 01:15:11.501   581  5115 D DlbDap2Process: setParam(mdee = #1[0])
02-05 01:15:11.501   581  5115 D DlbDap2Process: setParam(miee = #1[0])
02-05 01:15:11.501   581  5115 D DlbDap2Process: setParam(mdle = #1[0])
02-05 01:15:11.501   581  5115 D DlbDap2Process: setParam(dvle = #1[1])
02-05 01:15:11.501   581  5115 D DlbDap2Process: setParam(mave = #1[0])
02-05 01:15:11.501   581  5115 D DlbDap2Process: setParam(vcbf = #20[47, 141, 234, 328, 469, 656, 844, 1031, 1313, 1688, 2250, 3000, 3750, 4688, 5813, 7125, 9000, 11250, 13875, 19688])
02-05 01:15:11.501   581  5115 D DlbDap2Process: setParam(vbon = #1[0])
02-05 01:15:11.501   581  5115 D DlbDap2Process: setParam(beon = #1[0])
02-05 01:15:11.501   581  5115 D DlbDap2Process: setParam(geon = #1[0])
02-05 01:15:11.501   581  5115 D DlbDap2Process: setParam(ieon = #1[1])
02-05 01:15:11.502   581  5115 D DlbDap2Process: setParam(gebs = #41[20, 47, 141, 234, 328, 469, 656, 844, 1031, 1313, 1688, 2250, 3000, 3750, 4688, 5813, 7125, 9000, 11250, 13875, 19688, 0, 0, 0, 0, 0, 0, 0, 0, 0, 0, 0, 0, 0, 0, 0, 0, 0, 0, 0, 0])
02-05 01:15:11.502   581  5115 D DlbDap2Process: setParam(iebs = #41[20, 65, 136, 223, 332, 467, 634, 841, 1098, 1416, 1812, 2302, 2909, 3663, 4598, 5756, 7194, 8976, 11186, 13927, 17326, 117, 133, 188, 176, 141, 149, 175, 185, 185, 200, 236, 242, 228, 213, 182, 132, 110, 68, -27, -240])
02-05 01:15:11.502   581  5115 D DlbDapEndpointParamCache: doCommit() Committed 15 parameters out of 16.
02-05 01:15:11.502   581  5115 D DlbDapEndpointParamCache: commit() Overriding parameters for current device 0x00000080
02-05 01:15:11.502   581  5115 D DlbDap2Process: setParam(dea = #1[7])
02-05 01:15:11.502   581  5115 D DlbDap2Process: setParam(dsa = #1[10])
02-05 01:15:11.502   581  5115 D DlbDap2Process: setParam(beb = #1[192])
02-05 01:15:11.502   581  5115 D DlbDap2Process: setParam(plb = #1[0])
02-05 01:15:11.502   581  5115 D DlbDap2Process: setParam(vmb = #1[144])
02-05 01:15:11.502   581  5115 D DlbDap2Process: setParam(dsb = #1[0])
02-05 01:15:11.502   581  5115 D DlbDap2Process: setParam(ded = #1[0])
02-05 01:15:11.502   581  5115 D DlbDap2Process: setParam(vbm = #1[0])
02-05 01:15:11.502   581  5115 D DlbDap2Process: setParam(dom = #1[0])
02-05 01:15:11.502   581  5115 D DlbDap2Process: setParam(bew = #1[16])
02-05 01:15:11.502   581  5115 D DlbDap2Process: setParam(dvla = #1[4])
02-05 01:15:11.502   581  5115 D DlbDap2Process: setParam(arra = #1[96])
02-05 01:15:11.502   581  5115 D DlbDap2Process: setParam(dfsa = #1[10])
02-05 01:15:11.502   581  5115 D DlbDap2Process: setParam(dhsa = #1[10])
02-05 01:15:11.502   581  5115 D DlbDap2Process: setParam(dvmc = #1[0])
02-05 01:15:11.502   581  5115 D DlbDap2Process: setParam(arod = #1[0])
02-05 01:15:11.502   581  5115 D DlbDap2Process: setParam(arde = #1[0])
02-05 01:15:11.502   581  5115 D DlbDap2Process: setParam(dvle = #1[1])
02-05 01:15:11.502   581  5115 D DlbDap2Process: setParam(dvme = #1[0])
02-05 01:15:11.502   581  5115 D DlbDap2Process: setParam(becf = #1[200])
02-05 01:15:11.502   581  5115 D DlbDap2Process: setParam(vbmf = #2[94, 469])
02-05 01:15:11.502   581  5115 D DlbDap2Process: setParam(vbsf = #2[35, 160])
02-05 01:15:11.502   581  5115 D DlbDap2Process: setParam(vbhg = #3[-32, -144, -192])
02-05 01:15:11.502   581  5115 D DlbDap2Process: setParam(vbog = #1[0])
02-05 01:15:11.502   581  5115 D DlbDap2Process: setParam(vbsg = #1[0])
02-05 01:15:11.502   581  5115 D DlbDap2Process: setParam(dvli = #1[-320])
02-05 01:15:11.502   581  5115 D DlbDap2Process: setParam(dhfm = #1[0])
02-05 01:15:11.502   581  5115 D DlbDap2Process: setParam(vbon = #1[0])
02-05 01:15:11.502   581  5115 D DlbDap2Process: setParam(beon = #1[0])
02-05 01:15:11.502   581  5115 D DlbDap2Process: setParam(deon = #1[0])
02-05 01:15:11.502   581  5115 D DlbDap2Process: setParam(ngon = #1[1])
02-05 01:15:11.502   581  5115 D DlbDap2Process: setParam(aoon = #1[0])
02-05 01:15:11.502   581  5115 D DlbDap2Process: setParam(aron = #1[1])
02-05 01:15:11.502   581  5115 D DlbDap2Process: setParam(dvlo = #1[-320])
02-05 01:15:11.502   581  5115 D DlbDap2Process: setParam(artp = #1[12])
02-05 01:15:11.503   581  5115 D DlbDap2Process: setParam(aobs = #222[20, 10, 47, 141, 234, 328, 469, 656, 844, 1031, 1313, 1688, 2250, 3000, 3750, 4688, 5813, 7125, 9000, 11250, 13875, 19688, 0, 0, 0, 0, 0, 0, 0, 0, 0, 0, 0, 0, 0, 0, 0, 0, 0, 0, 0, 0, 0, 0, 0, 0, 0, 0, 0, 0, 0, 0, 0, 0, 0, 0, 0, 0, 0, 0, 0, 0, 0, 0, 0, 0, 0, 0, 0, 0, 0, 0, 0, 0, 0, 0, 0, 0, 0, 0, 0, 0, 0, 0, 0, 0, 0, 0, 0, 0, 0, 0, 0, 0, 0, 0, 0, 0, 0, 0, 0, 0, 0, 0, 0, 0, 0, 0, 0, 0, 0, 0, 0, 0, 0, 0, 0, 0, 0, 0, 0, 0, 0, 0, 0, 0, 0, 0, 0, 0, 0, 0, 0, 0, 0, 0, 0, 0, 0, 0, 0, 0, 0, 0, 0, 0, 0, 0, 0, 0, 0, 0, 0, 0, 0, 0, 0, 0, 0, 0, 0, 0, 0, 0, 0, 0, 0, 0, 0, 0, 0, 0, 0, 0, 0, 0, 0, 0, 0, 0, 0, 0, 0, 0, 0, 0, 0, 0, 0, 0, 0, 0, 0, 0, 0, 0, 0, 0, 0, 0, 0, 0, 0, 0, 0, 0, 0, 0, 0, 0, 0, 0, 0, 0, 0, 0, 0, 0, 0, 0, 0, 0])
02-05 01:15:11.503   581  5115 D DlbDap2Process: setParam(arbs = #81[20, 47, 141, 234, 328, 469, 656, 844, 1031, 1313, 1688, 2250, 3000, 3750, 4688, 5813, 7125, 9000, 11250, 13875, 19688, -192, -192, -192, -192, -192, -192, -192, -192, -192, -192, -192, -192, -192, -192, -192, -192, -192, -192, -192, -192, 0, 0, 0, 0, 0, 0, 0, 0, 0, 0, 0, 0, 0, 0, 0, 0, 0, 0, 0, 0, 0, 0, 0, 0, 0, 0, 0, 0, 0, 0, 0, 0, 0, 0, 0, 0, 0, 0, 0, 0])
02-05 01:15:11.503   581  5115 D DlbDapEndpointParamCache: doCommit() Committed 37 parameters out of 37.
02-05 01:15:11.503   581  5115 D DlbDap2Process: setMave(mave = 0)
02-05 01:15:11.543   581  5115 D DlbDapCrossfadeProcess: process transitioning from FADE_TO_BYPASS state to DAP_BYPASSED
02-05 01:15:11.556  5216  5216 D featureTest: receive broadcast , playing content location :/sdcard/featureTest/chopper_1.0_180_420_02.wav
02-05 01:15:11.559   589 26717 D NuPlayerDriver: stop(0xe3e79070)
02-05 01:15:11.559   589 26717 D NuPlayerDriver: notifyListener_l(0xe3e79070), (8, 0, 0, -1), loop setting(0, 1)
02-05 01:15:11.560   589   709 D NuPlayerDriver: reset(0xe3e79070) at state 8
02-05 01:15:11.571   589  5247 D NuPlayerDriver: notifyResetComplete(0xe3e79070)
02-05 01:15:11.571   589 26717 D NuPlayerDriver: reset(0xe3e79070) at state 0
02-05 01:15:11.579  5216  5216 D featureTest: mMediaPlayer.getAudioSessionId(): 5553
02-05 01:15:11.579  5216  5216 D featureTest: Playing file: /sdcard/featureTest/chopper_1.0_180_420_02.wav
02-05 01:15:11.580   589  1170 D NuPlayerDriver: NuPlayerDriver(0xe5732380) created, clientPid(5216)
02-05 01:15:11.601   589  5269 D NuPlayerDriver: notifyListener_l(0xe5732380), (1, 0, 0, -1), loop setting(0, 0)
02-05 01:15:11.606   589  1170 D NuPlayerDriver: start(0xe5732380), state is 4, eos is 0
02-05 01:15:11.614   593  5352 I OMXMaster: makeComponentInstance(OMX.google.raw.decoder) in android.hardwar process
02-05 01:15:11.618   589  5275 I ACodec  : codec does not support config priority (err -2147483648)
02-05 01:15:11.620   589  5275 I MediaCodec: MediaCodec will operate in async mode
02-05 01:15:11.632   581  5143 W AudioFlinger: createTrack_l(): mismatch between requested flags (00000008) and output flags (00000000)
02-05 01:15:11.633   589  5273 D AudioTrack: Client defaulted notificationFrames to 11200 for frameCount 22400
02-05 01:15:11.634  5216  5216 D featureTest: receive broadcast , change ds status :1
02-05 01:15:11.634   589  5269 D NuPlayerDriver: notifyListener_l(0xe5732380), (6, 0, 0, -1), loop setting(0, 1)
02-05 01:15:11.648   581  5110 D DlbDlbEffect: handle_EFFECT_CMD_SET_PARAM()
02-05 01:15:11.698   581  5115 D DlbDapCrossfadeProcess: setEnabled transitioning from DAP_BYPASSED state to PREROLL_ACTIVE
02-05 01:15:11.720   581  5115 D DlbDapCrossfadeProcess: process transitioning from PREROLL_ACTIVE state to FADE_TO_ACTIVE
02-05 01:15:11.720  5216  5216 D featureTest: receive broadcast , change ds profile id :5
02-05 01:15:11.734   581   731 D DlbDlbEffect: handle_EFFECT_CMD_SET_PARAM()
02-05 01:15:11.735   421   460 I DapController: Profile Changed to Custom
02-05 01:15:11.763   581  5115 D DlbDapEndpointParamCache: commitChangedParams()
02-05 01:15:11.763   581  5115 D DlbDapEndpointParamCache: commit() Applying parameters for device 0x40000000
02-05 01:15:11.763   581  5115 D DlbDap2Process: setParam(iea = #1[10])
02-05 01:15:11.763   581  5115 D DlbDap2Process: setParam(msce = #1[0])
02-05 01:15:11.763   581  5115 D DlbDap2Process: setParam(mdee = #1[0])
02-05 01:15:11.763   581  5115 D DlbDap2Process: setParam(miee = #1[0])
02-05 01:15:11.763   581  5115 D DlbDap2Process: setParam(mdle = #1[0])
02-05 01:15:11.764   581  5115 D DlbDap2Process: setParam(dvle = #1[1])
02-05 01:15:11.764   581  5115 D DlbDap2Process: setParam(mave = #1[0])
02-05 01:15:11.764   581  5115 D DlbDap2Process: setParam(vcbf = #20[47, 141, 234, 328, 469, 656, 844, 1031, 1313, 1688, 2250, 3000, 3750, 4688, 5813, 7125, 9000, 11250, 13875, 19688])
02-05 01:15:11.764   581  5115 D DlbDap2Process: setParam(vbon = #1[0])
02-05 01:15:11.764   581  5115 D DlbDap2Process: setParam(beon = #1[0])
02-05 01:15:11.764   581  5115 D DlbDap2Process: setParam(geon = #1[0])
02-05 01:15:11.764   581  5115 D DlbDap2Process: setParam(ieon = #1[0])
02-05 01:15:11.764   581  5115 D DlbDap2Process: setParam(gebs = #41[20, 47, 141, 234, 328, 469, 656, 844, 1031, 1313, 1688, 2250, 3000, 3750, 4688, 5813, 7125, 9000, 11250, 13875, 19688, 0, 0, 0, 0, 0, 0, 0, 0, 0, 0, 0, 0, 0, 0, 0, 0, 0, 0, 0, 0])
02-05 01:15:11.764   581  5115 D DlbDap2Process: setParam(iebs = #41[20, 65, 136, 223, 332, 467, 634, 841, 1098, 1416, 1812, 2302, 2909, 3663, 4598, 5756, 7194, 8976, 11186, 13927, 17326, 117, 133, 188, 176, 141, 149, 175, 185, 185, 200, 236, 242, 228, 213, 182, 132, 110, 68, -27, -240])
02-05 01:15:11.764   581  5115 D DlbDapEndpointParamCache: doCommit() Committed 15 parameters out of 16.
02-05 01:15:11.764   581  5115 D DlbDapEndpointParamCache: commit() Overriding parameters for current device 0x00000080
02-05 01:15:11.764   581  5115 D DlbDap2Process: setParam(dea = #1[7])
02-05 01:15:11.764   581  5115 D DlbDap2Process: setParam(dsa = #1[10])
02-05 01:15:11.764   581  5115 D DlbDap2Process: setParam(beb = #1[192])
02-05 01:15:11.764   581  5115 D DlbDap2Process: setParam(plb = #1[0])
02-05 01:15:11.764   581  5115 D DlbDap2Process: setParam(vmb = #1[144])
02-05 01:15:11.764   581  5115 D DlbDap2Process: setParam(dsb = #1[0])
02-05 01:15:11.764   581  5115 D DlbDap2Process: setParam(ded = #1[0])
02-05 01:15:11.764   581  5115 D DlbDap2Process: setParam(vbm = #1[0])
02-05 01:15:11.764   581  5115 D DlbDap2Process: setParam(dom = #1[0])
02-05 01:15:11.764   581  5115 D DlbDap2Process: setParam(bew = #1[16])
02-05 01:15:11.764   581  5115 D DlbDap2Process: setParam(dvla = #1[5])
02-05 01:15:11.764   581  5115 D DlbDap2Process: setParam(arra = #1[96])
02-05 01:15:11.764   581  5115 D DlbDap2Process: setParam(dfsa = #1[10])
02-05 01:15:11.764   581  5115 D DlbDap2Process: setParam(dhsa = #1[10])
02-05 01:15:11.764   581  5115 D DlbDap2Process: setParam(dvmc = #1[0])
02-05 01:15:11.764   581  5115 D DlbDap2Process: setParam(arod = #1[0])
02-05 01:15:11.765   581  5115 D DlbDap2Process: setParam(arde = #1[0])
02-05 01:15:11.765   581  5115 D DlbDap2Process: setParam(dvle = #1[1])
02-05 01:15:11.765   581  5115 D DlbDap2Process: setParam(dvme = #1[0])
02-05 01:15:11.765   581  5115 D DlbDap2Process: setParam(becf = #1[200])
02-05 01:15:11.765   581  5115 D DlbDap2Process: setParam(vbmf = #2[94, 469])
02-05 01:15:11.765   581  5115 D DlbDap2Process: setParam(vbsf = #2[35, 160])
02-05 01:15:11.765   581  5115 D DlbDap2Process: setParam(vbhg = #3[-32, -144, -192])
02-05 01:15:11.765   581  5115 D DlbDap2Process: setParam(vbog = #1[0])
02-05 01:15:11.765   581  5115 D DlbDap2Process: setParam(vbsg = #1[0])
02-05 01:15:11.765   581  5115 D DlbDap2Process: setParam(dvli = #1[-320])
02-05 01:15:11.765   581  5115 D DlbDap2Process: setParam(dhfm = #1[0])
02-05 01:15:11.765   581  5115 D DlbDap2Process: setParam(vbon = #1[0])
02-05 01:15:11.765   581  5115 D DlbDap2Process: setParam(beon = #1[0])
02-05 01:15:11.765   581  5115 D DlbDap2Process: setParam(deon = #1[0])
02-05 01:15:11.765   581  5115 D DlbDap2Process: setParam(ngon = #1[1])
02-05 01:15:11.765   581  5115 D DlbDap2Process: setParam(aoon = #1[0])
02-05 01:15:11.765   581  5115 D DlbDap2Process: setParam(aron = #1[1])
02-05 01:15:11.765   581  5115 D DlbDap2Process: setParam(dvlo = #1[-320])
02-05 01:15:11.765   581  5115 D DlbDap2Process: setParam(artp = #1[12])
02-05 01:15:11.766   581  5115 D DlbDap2Process: setParam(aobs = #222[20, 10, 47, 141, 234, 328, 469, 656, 844, 1031, 1313, 1688, 2250, 3000, 3750, 4688, 5813, 7125, 9000, 11250, 13875, 19688, 0, 0, 0, 0, 0, 0, 0, 0, 0, 0, 0, 0, 0, 0, 0, 0, 0, 0, 0, 0, 0, 0, 0, 0, 0, 0, 0, 0, 0, 0, 0, 0, 0, 0, 0, 0, 0, 0, 0, 0, 0, 0, 0, 0, 0, 0, 0, 0, 0, 0, 0, 0, 0, 0, 0, 0, 0, 0, 0, 0, 0, 0, 0, 0, 0, 0, 0, 0, 0, 0, 0, 0, 0, 0, 0, 0, 0, 0, 0, 0, 0, 0, 0, 0, 0, 0, 0, 0, 0, 0, 0, 0, 0, 0, 0, 0, 0, 0, 0, 0, 0, 0, 0, 0, 0, 0, 0, 0, 0, 0, 0, 0, 0, 0, 0, 0, 0, 0, 0, 0, 0, 0, 0, 0, 0, 0, 0, 0, 0, 0, 0, 0, 0, 0, 0, 0, 0, 0, 0, 0, 0, 0, 0, 0, 0, 0, 0, 0, 0, 0, 0, 0, 0, 0, 0, 0, 0, 0, 0, 0, 0, 0, 0, 0, 0, 0, 0, 0, 0, 0, 0, 0, 0, 0, 0, 0, 0, 0, 0, 0, 0, 0, 0, 0, 0, 0, 0, 0, 0, 0, 0, 0, 0, 0, 0, 0, 0, 0, 0, 0])
02-05 01:15:11.766   581  5115 D DlbDap2Process: setParam(arbs = #81[20, 47, 141, 234, 328, 469, 656, 844, 1031, 1313, 1688, 2250, 3000, 3750, 4688, 5813, 7125, 9000, 11250, 13875, 19688, -192, -192, -192, -192, -192, -192, -192, -192, -192, -192, -192, -192, -192, -192, -192, -192, -192, -192, -192, -192, 0, 0, 0, 0, 0, 0, 0, 0, 0, 0, 0, 0, 0, 0, 0, 0, 0, 0, 0, 0, 0, 0, 0, 0, 0, 0, 0, 0, 0, 0, 0, 0, 0, 0, 0, 0, 0, 0, 0, 0])
02-05 01:15:11.766   581  5115 D DlbDapEndpointParamCache: doCommit() Committed 37 parameters out of 37.
02-05 01:15:11.766   581  5115 D DlbDap2Process: setMave(mave = 0)
02-05 01:15:11.800  5216  5216 D featureTest: receive broadcast , change virtual speaker  virtualizer :0
02-05 01:15:11.818   581   730 D DlbDlbEffect: handle_EFFECT_CMD_SET_PARAM()
02-05 01:15:11.851   581  5115 D DlbDapCrossfadeProcess: process transitioning from FADE_TO_ACTIVE state to DAP_ACTIVE
02-05 01:15:11.874  5216  5216 D featureTest: receive broadcast , record log :0
02-05 01:15:11.968   581  5115 D DlbDap2Process: process() called [426000] times
02-05 01:15:14.872   581  5115 D DlbDap2Process: process() called [426500] times
