--------- beginning of system
02-05 01:17:31.584   816  2363 I ActivityManager: Force stopping com.dolby.qa.featuretest appid=10074 user=0: from pid 6610
02-05 01:17:31.584   816  2363 I ActivityManager: Killing 6516:com.dolby.qa.featuretest/u0a74 (adj 0): stop com.dolby.qa.featuretest
02-05 01:17:31.585   816  2363 W ActivityManager: Force removing ActivityRecord{d815388 u0 com.dolby.qa.featuretest/.MainActivity t277}: app died, no saved state
02-05 01:17:31.590   816  2363 I WindowManager: Failed to capture screenshot of Token{ab43121 ActivityRecord{d815388 u0 com.dolby.qa.featuretest/.MainActivity t277 f}} appWin=Window{1387ce u0 com.dolby.qa.featuretest/com.dolby.qa.featuretest.MainActivity} drawState=4
--------- beginning of main
02-05 01:17:31.618   589   589 D NuPlayerDriver: reset(0xe57328c0) at state 5
02-05 01:17:31.618   816  1084 I WindowManager: WIN DEATH: Window{7036292 u0 Toast}
02-05 01:17:31.620   589   589 D NuPlayerDriver: notifyListener_l(0xe57328c0), (8, 0, 0, -1), loop setting(0, 1)
02-05 01:17:31.624  1232  1232 D CarrierSvcBindHelper: No carrier app for: 0
02-05 01:17:31.629  2298  2298 D RegisteredNfcFServicesCache: Service unchanged, not updating
02-05 01:17:31.634   589  6570 D NuPlayerDriver: notifyResetComplete(0xe57328c0)
02-05 01:17:31.634   589   589 D AudioTrack: stop() called with 0 frames delivered
02-05 01:17:31.695   816  1084 I ActivityManager: START u0 {flg=0x10000000 cmp=com.dolby.qa.featuretest/.MainActivity} from uid 2000
02-05 01:17:31.718   816  2363 I ActivityManager: Start proc 6616:com.dolby.qa.featuretest/u0a74 for activity com.dolby.qa.featuretest/.MainActivity
02-05 01:17:31.719  6616  6616 I zygote64: Late-enabling -Xcheck:jni
02-05 01:17:31.928  6616  6616 D featureTest: onCreate
02-05 01:17:31.936   581  4435 W AudioFlinger: createTrack_l(): mismatch between requested flags (00000008) and output flags (00000000)
02-05 01:17:31.937  6616  6616 D AudioTrack: Client defaulted notificationFrames to 3916 for frameCount 11748
02-05 01:17:31.941  6616  6616 W AudioTrack: Use of stream types is deprecated for operations other than volume control
02-05 01:17:31.942  6616  6616 W AudioTrack: See the documentation of AudioTrack() for what to use instead with android.media.AudioAttributes to qualify your playback use case
02-05 01:17:31.948  6616  6616 W DolbyAudioEffect: WARNING: attaching a DolbyAudioEffect to global output mix is deprecated!
02-05 01:17:31.954  6616  6616 D featureTest: onResume
02-05 01:17:31.969  6616  6633 D OpenGLRenderer: HWUI GL Pipeline
02-05 01:17:32.014  6616  6633 I Adreno  : QUALCOMM build                   : 7142022, Ib5823dd10c
02-05 01:17:32.014  6616  6633 I Adreno  : Build Date                       : 06/23/17
02-05 01:17:32.014  6616  6633 I Adreno  : OpenGL ES Shader Compiler Version: EV031.18.00.00
02-05 01:17:32.014  6616  6633 I Adreno  : Local Branch                     : O11A
02-05 01:17:32.014  6616  6633 I Adreno  : Remote Branch                    : 
02-05 01:17:32.014  6616  6633 I Adreno  : Remote Branch                    : 
02-05 01:17:32.014  6616  6633 I Adreno  : Reconstruct Branch               : 
02-05 01:17:32.015  6616  6633 I vndksupport: sphal namespace is not configured for this process. Loading /vendor/lib64/hw/gralloc.msm8994.so from the current namespace instead.
02-05 01:17:32.025  6616  6633 I Adreno  : PFP: 0x00000000, ME: 0x00000000
02-05 01:17:32.033  6616  6633 I OpenGLRenderer: Initialized EGL, version 1.4
02-05 01:17:32.033  6616  6633 D OpenGLRenderer: Swap behavior 2
02-05 01:17:32.050   365   365 W /system/bin/hwservicemanager: getTransportFromManifest: Cannot find entry android.hardware.graphics.mapper@2.0::IMapper in either framework or device manifest, using default transport.
02-05 01:17:32.053  6616  6633 I vndksupport: sphal namespace is not configured for this process. Loading /vendor/lib64/hw/gralloc.msm8994.so from the current namespace instead.
02-05 01:17:32.087   816   843 I ActivityManager: Displayed com.dolby.qa.featuretest/.MainActivity: +376ms
02-05 01:17:32.149   816   843 W ActivityManager: setHasOverlayUi called on unknown pid: 6516
02-05 01:17:32.533  2401  2517 W OpenGLRenderer: Incorrectly called buildLayer on View: ShortcutAndWidgetContainer, destroying layer...
02-05 01:17:32.541   581  5115 D DlbDap2Process: process() called [450000] times
02-05 01:17:32.775  6616  6616 D featureTest: receive broadcast , playing content location :/sdcard/featureTest/7ch_25fps.wav
02-05 01:17:32.785  6616  6616 D featureTest: mMediaPlayer.getAudioSessionId(): 5881
02-05 01:17:32.785  6616  6616 D featureTest: Playing file: /sdcard/featureTest/7ch_25fps.wav
02-05 01:17:32.786   589   589 D NuPlayerDriver: NuPlayerDriver(0xe57328c0) created, clientPid(6616)
02-05 01:17:32.787  6646  6646 W generic : type=1400 audit(0.0:3068): avc: denied { read } for path="/storage/emulated/0/featuretest/7ch_25fps.wav" dev="sdcardfs" ino=523298 scontext=u:r:mediaextractor:s0 tcontext=u:object_r:sdcardfs:s0 tclass=file permissive=0
02-05 01:17:32.788  6616  6616 W MediaPlayer: Use of stream types is deprecated for operations other than volume control
02-05 01:17:32.788  6616  6616 W MediaPlayer: See the documentation of setAudioStreamType() for what to use instead with android.media.AudioAttributes to qualify your playback use case
02-05 01:17:32.791   589  6646 D GenericSource: FileSource remote
02-05 01:17:32.791   589  6646 W GenericSource: extractor service cannot make data source
02-05 01:17:32.791   589  6646 D GenericSource: FileSource local
02-05 01:17:32.805   587  3762 D MediaBufferGroup: creating MemoryDealer
02-05 01:17:32.806   589  6645 D NuPlayerDriver: notifyListener_l(0xe57328c0), (1, 0, 0, -1), loop setting(0, 0)
02-05 01:17:32.815   589   589 D NuPlayerDriver: start(0xe57328c0), state is 4, eos is 0
02-05 01:17:32.815   589  6645 I GenericSource: start
02-05 01:17:32.821  6616  6616 W DolbyAudioEffect: WARNING: attaching a DolbyAudioEffect to global output mix is deprecated!
02-05 01:17:32.825   593  5353 I OMXMaster: makeComponentInstance(OMX.google.raw.decoder) in android.hardwar process
02-05 01:17:32.829   593   593 E OMXNodeInstance: setConfig(0xf10a3200:google.raw.decoder, ConfigPriority(0x6f800002)) ERROR: Undefined(0x80001001)
02-05 01:17:32.829   589  6653 I ACodec  : codec does not support config priority (err -2147483648)
02-05 01:17:32.830   593   712 E OMXNodeInstance: getConfig(0xf10a3200:google.raw.decoder, ConfigAndroidVendorExtension(0x6f100004)) ERROR: Undefined(0x80001001)
02-05 01:17:32.831   589  6653 I MediaCodec: MediaCodec will operate in async mode
02-05 01:17:32.839   581  5356 W AudioFlinger: createTrack_l(): mismatch between requested flags (00000008) and output flags (00000000)
02-05 01:17:32.841   365   365 W /system/bin/hwservicemanager: getTransportFromManifest: Cannot find entry android.hardware.audio.effect@2.0::IEffectsFactory in either framework or device manifest, using default transport.
02-05 01:17:32.843   816   816 W NotificationService: Object died trying to hide notification android.app.ITransientNotification$Stub$Proxy@ca5e969 in package com.dolby.qa.featuretest
02-05 01:17:32.843   816   816 W WindowManager: removeWindowToken: Attempted to remove non-existing token: android.os.Binder@dc7eba9
02-05 01:17:32.843   816   816 W ActivityManager: setProcessForeground called on unknown pid: 6516
02-05 01:17:32.844   816   816 W NotificationService: Object died trying to show notification android.app.ITransientNotification$Stub$Proxy@ff88fee in package com.dolby.qa.featuretest
02-05 01:17:32.844   816   816 W ActivityManager: setProcessForeground called on unknown pid: 6516
02-05 01:17:32.844   816   816 W NotificationService: Object died trying to show notification android.app.ITransientNotification$Stub$Proxy@8c3fc8f in package com.dolby.qa.featuretest
02-05 01:17:32.846   416   416 W /system/bin/hw/android.hidl.allocator@1.0-service: ashmem_create_region(4096) returning hidl_memory(0x7590c2c2e0, 4096)
02-05 01:17:32.848   416   416 W /system/bin/hw/android.hidl.allocator@1.0-service: ashmem_create_region(1024) returning hidl_memory(0x7590c2c2e0, 1024)
02-05 01:17:32.848   581  5356 E EffectHalHidl: Buffer provider callbacks are not supported
02-05 01:17:32.849   589  6651 D AudioTrack: Client defaulted notificationFrames to 8125 for frameCount 24375
02-05 01:17:32.850   589  6645 D NuPlayerDriver: notifyListener_l(0xe57328c0), (6, 0, 0, -1), loop setting(0, 1)
02-05 01:17:32.855  6616  6616 D featureTest: receive broadcast , change ds status :0
02-05 01:17:32.867   581  5110 D DlbDlbEffect: handle_EFFECT_CMD_SET_PARAM()
02-05 01:17:32.894   581  5115 D DlbDapCrossfadeProcess: setEnabled transitioning from DAP_ACTIVE state to FADE_TO_BYPASS
02-05 01:17:32.932  6616  6616 D featureTest: receive broadcast , change ds profile id :2
02-05 01:17:32.943   581   731 D DlbDlbEffect: handle_EFFECT_CMD_SET_PARAM()
02-05 01:17:32.944   421   460 I DapController: Profile Changed to Music
02-05 01:17:32.952   581  5115 D DlbDapEndpointParamCache: commitChangedParams()
02-05 01:17:32.952   581  5115 D DlbDapEndpointParamCache: commit() Applying parameters for device 0x40000000
02-05 01:17:32.952   581  5115 D DlbDap2Process: setParam(iea = #1[10])
02-05 01:17:32.952   581  5115 D DlbDap2Process: setParam(msce = #1[0])
02-05 01:17:32.952   581  5115 D DlbDap2Process: setParam(mdee = #1[0])
02-05 01:17:32.952   581  5115 D DlbDap2Process: setParam(miee = #1[0])
02-05 01:17:32.952   581  5115 D DlbDap2Process: setParam(mdle = #1[0])
02-05 01:17:32.952   581  5115 D DlbDap2Process: setParam(dvle = #1[1])
02-05 01:17:32.952   581  5115 D DlbDap2Process: setParam(mave = #1[0])
02-05 01:17:32.952   581  5115 D DlbDap2Process: setParam(vcbf = #20[47, 141, 234, 328, 469, 656, 844, 1031, 1313, 1688, 2250, 3000, 3750, 4688, 5813, 7125, 9000, 11250, 13875, 19688])
02-05 01:17:32.952   581  5115 D DlbDap2Process: setParam(vbon = #1[0])
02-05 01:17:32.952   581  5115 D DlbDap2Process: setParam(beon = #1[0])
02-05 01:17:32.952   581  5115 D DlbDap2Process: setParam(geon = #1[0])
02-05 01:17:32.952   581  5115 D DlbDap2Process: setParam(ieon = #1[1])
02-05 01:17:32.952   581  5115 D DlbDap2Process: setParam(gebs = #41[20, 47, 141, 234, 328, 469, 656, 844, 1031, 1313, 1688, 2250, 3000, 3750, 4688, 5813, 7125, 9000, 11250, 13875, 19688, 0, 0, 0, 0, 0, 0, 0, 0, 0, 0, 0, 0, 0, 0, 0, 0, 0, 0, 0, 0])
02-05 01:17:32.952   581  5115 D DlbDap2Process: setParam(iebs = #41[20, 65, 136, 223, 332, 467, 634, 841, 1098, 1416, 1812, 2302, 2909, 3663, 4598, 5756, 7194, 8976, 11186, 13927, 17326, 117, 133, 188, 176, 141, 149, 175, 185, 185, 200, 236, 242, 228, 213, 182, 132, 110, 68, -27, -240])
02-05 01:17:32.952   581  5115 D DlbDapEndpointParamCache: doCommit() Committed 15 parameters out of 16.
02-05 01:17:32.953   581  5115 D DlbDapEndpointParamCache: commit() Overriding parameters for current device 0x00000080
02-05 01:17:32.953   581  5115 D DlbDap2Process: setParam(dea = #1[7])
02-05 01:17:32.953   581  5115 D DlbDap2Process: setParam(dsa = #1[10])
02-05 01:17:32.953   581  5115 D DlbDap2Process: setParam(beb = #1[192])
02-05 01:17:32.953   581  5115 D DlbDap2Process: setParam(plb = #1[0])
02-05 01:17:32.953   581  5115 D DlbDap2Process: setParam(vmb = #1[144])
02-05 01:17:32.953   581  5115 D DlbDap2Process: setParam(dsb = #1[0])
02-05 01:17:32.953   581  5115 D DlbDap2Process: setParam(ded = #1[0])
02-05 01:17:32.953   581  5115 D DlbDap2Process: setParam(vbm = #1[0])
02-05 01:17:32.953   581  5115 D DlbDap2Process: setParam(dom = #1[0])
02-05 01:17:32.953   581  5115 D DlbDap2Process: setParam(bew = #1[16])
02-05 01:17:32.953   581  5115 D DlbDap2Process: setParam(dvla = #1[4])
02-05 01:17:32.953   581  5115 D DlbDap2Process: setParam(arra = #1[96])
02-05 01:17:32.953   581  5115 D DlbDap2Process: setParam(dfsa = #1[10])
02-05 01:17:32.953   581  5115 D DlbDap2Process: setParam(dhsa = #1[10])
02-05 01:17:32.953   581  5115 D DlbDap2Process: setParam(dvmc = #1[0])
02-05 01:17:32.953   581  5115 D DlbDap2Process: setParam(arod = #1[0])
02-05 01:17:32.953   581  5115 D DlbDap2Process: setParam(arde = #1[0])
02-05 01:17:32.953   581  5115 D DlbDap2Process: setParam(dvle = #1[1])
02-05 01:17:32.953   581  5115 D DlbDap2Process: setParam(dvme = #1[0])
02-05 01:17:32.953   581  5115 D DlbDap2Process: setParam(becf = #1[200])
02-05 01:17:32.953   581  5115 D DlbDap2Process: setParam(vbmf = #2[94, 469])
02-05 01:17:32.953   581  5115 D DlbDap2Process: setParam(vbsf = #2[35, 160])
02-05 01:17:32.953   581  5115 D DlbDap2Process: setParam(vbhg = #3[-32, -144, -192])
02-05 01:17:32.953   581  5115 D DlbDap2Process: setParam(vbog = #1[0])
02-05 01:17:32.953   581  5115 D DlbDap2Process: setParam(vbsg = #1[0])
02-05 01:17:32.953   581  5115 D DlbDap2Process: setParam(dvli = #1[-320])
02-05 01:17:32.953   581  5115 D DlbDap2Process: setParam(dhfm = #1[0])
02-05 01:17:32.953   581  5115 D DlbDap2Process: setParam(vbon = #1[0])
02-05 01:17:32.953   581  5115 D DlbDap2Process: setParam(beon = #1[0])
02-05 01:17:32.953   581  5115 D DlbDap2Process: setParam(deon = #1[0])
02-05 01:17:32.953   581  5115 D DlbDap2Process: setParam(ngon = #1[1])
02-05 01:17:32.953   581  5115 D DlbDap2Process: setParam(aoon = #1[0])
02-05 01:17:32.953   581  5115 D DlbDap2Process: setParam(aron = #1[1])
02-05 01:17:32.953   581  5115 D DlbDap2Process: setParam(dvlo = #1[-320])
02-05 01:17:32.953   581  5115 D DlbDap2Process: setParam(artp = #1[12])
02-05 01:17:32.954   581  5115 D DlbDap2Process: setParam(aobs = #222[20, 10, 47, 141, 234, 328, 469, 656, 844, 1031, 1313, 1688, 2250, 3000, 3750, 4688, 5813, 7125, 9000, 11250, 13875, 19688, 0, 0, 0, 0, 0, 0, 0, 0, 0, 0, 0, 0, 0, 0, 0, 0, 0, 0, 0, 0, 0, 0, 0, 0, 0, 0, 0, 0, 0, 0, 0, 0, 0, 0, 0, 0, 0, 0, 0, 0, 0, 0, 0, 0, 0, 0, 0, 0, 0, 0, 0, 0, 0, 0, 0, 0, 0, 0, 0, 0, 0, 0, 0, 0, 0, 0, 0, 0, 0, 0, 0, 0, 0, 0, 0, 0, 0, 0, 0, 0, 0, 0, 0, 0, 0, 0, 0, 0, 0, 0, 0, 0, 0, 0, 0, 0, 0, 0, 0, 0, 0, 0, 0, 0, 0, 0, 0, 0, 0, 0, 0, 0, 0, 0, 0, 0, 0, 0, 0, 0, 0, 0, 0, 0, 0, 0, 0, 0, 0, 0, 0, 0, 0, 0, 0, 0, 0, 0, 0, 0, 0, 0, 0, 0, 0, 0, 0, 0, 0, 0, 0, 0, 0, 0, 0, 0, 0, 0, 0, 0, 0, 0, 0, 0, 0, 0, 0, 0, 0, 0, 0, 0, 0, 0, 0, 0, 0, 0, 0, 0, 0, 0, 0, 0, 0, 0, 0, 0, 0, 0, 0, 0, 0, 0, 0, 0, 0, 0, 0, 0])
02-05 01:17:32.954   581  5115 D DlbDap2Process: setParam(arbs = #81[20, 47, 141, 234, 328, 469, 656, 844, 1031, 1313, 1688, 2250, 3000, 3750, 4688, 5813, 7125, 9000, 11250, 13875, 19688, -192, -192, -192, -192, -192, -192, -192, -192, -192, -192, -192, -192, -192, -192, -192, -192, -192, -192, -192, -192, 0, 0, 0, 0, 0, 0, 0, 0, 0, 0, 0, 0, 0, 0, 0, 0, 0, 0, 0, 0, 0, 0, 0, 0, 0, 0, 0, 0, 0, 0, 0, 0, 0, 0, 0, 0, 0, 0, 0, 0])
02-05 01:17:32.954   581  5115 D DlbDapEndpointParamCache: doCommit() Committed 37 parameters out of 37.
02-05 01:17:32.954   581  5115 D DlbDap2Process: setMave(mave = 0)
02-05 01:17:32.999   581  5115 D DlbDapCrossfadeProcess: process transitioning from FADE_TO_BYPASS state to DAP_BYPASSED
02-05 01:17:33.015  6616  6616 D featureTest: receive broadcast , playing content location :/sdcard/featureTest/7ch_25fps.wav
02-05 01:17:33.018   589  1170 D NuPlayerDriver: stop(0xe57328c0)
02-05 01:17:33.018   589  1170 D NuPlayerDriver: notifyListener_l(0xe57328c0), (8, 0, 0, -1), loop setting(0, 1)
02-05 01:17:33.019   589 26717 D NuPlayerDriver: reset(0xe57328c0) at state 8
02-05 01:17:33.027   589  6645 D NuPlayerDriver: notifyResetComplete(0xe57328c0)
02-05 01:17:33.027   589  1183 D NuPlayerDriver: reset(0xe57328c0) at state 0
02-05 01:17:33.029  6616  6616 V MediaPlayer: resetDrmState:  mDrmInfo=null mDrmProvisioningThread=null mPrepareDrmInProgress=false mActiveDrmScheme=false
02-05 01:17:33.029  6616  6616 V MediaPlayer: cleanDrmObj: mDrmObj=null mDrmSessionId=null
02-05 01:17:33.031  6616  6616 V MediaPlayer: resetDrmState:  mDrmInfo=null mDrmProvisioningThread=null mPrepareDrmInProgress=false mActiveDrmScheme=false
02-05 01:17:33.031  6616  6616 V MediaPlayer: cleanDrmObj: mDrmObj=null mDrmSessionId=null
02-05 01:17:33.039  6616  6616 D featureTest: mMediaPlayer.getAudioSessionId(): 5889
02-05 01:17:33.039  6616  6616 D featureTest: Playing file: /sdcard/featureTest/7ch_25fps.wav
02-05 01:17:33.043  6671  6671 W generic : type=1400 audit(0.0:3069): avc: denied { read } for path="/storage/emulated/0/featuretest/7ch_25fps.wav" dev="sdcardfs" ino=523298 scontext=u:r:mediaextractor:s0 tcontext=u:object_r:sdcardfs:s0 tclass=file permissive=0
02-05 01:17:33.043   589  1170 D NuPlayerDriver: NuPlayerDriver(0xe57329a0) created, clientPid(6616)
02-05 01:17:33.045  6616  6616 W MediaPlayer: Use of stream types is deprecated for operations other than volume control
02-05 01:17:33.046  6616  6616 W MediaPlayer: See the documentation of setAudioStreamType() for what to use instead with android.media.AudioAttributes to qualify your playback use case
02-05 01:17:33.048   589  6671 D GenericSource: FileSource remote
02-05 01:17:33.048   589  6671 W GenericSource: extractor service cannot make data source
02-05 01:17:33.048   589  6671 D GenericSource: FileSource local
02-05 01:17:33.065   587  1118 D MediaBufferGroup: creating MemoryDealer
02-05 01:17:33.065   589  6670 D NuPlayerDriver: notifyListener_l(0xe57329a0), (1, 0, 0, -1), loop setting(0, 0)
02-05 01:17:33.069   589  1170 D NuPlayerDriver: start(0xe57329a0), state is 4, eos is 0
02-05 01:17:33.069   589  6670 I GenericSource: start
02-05 01:17:33.072  6616  6616 W DolbyAudioEffect: WARNING: attaching a DolbyAudioEffect to global output mix is deprecated!
02-05 01:17:33.076   593  5353 I OMXMaster: makeComponentInstance(OMX.google.raw.decoder) in android.hardwar process
02-05 01:17:33.082   593  1188 E OMXNodeInstance: setConfig(0xf0d07060:google.raw.decoder, ConfigPriority(0x6f800002)) ERROR: Undefined(0x80001001)
02-05 01:17:33.082  6616  6616 D featureTest: receive broadcast , change ds status :1
02-05 01:17:33.082   589  6676 I ACodec  : codec does not support config priority (err -2147483648)
02-05 01:17:33.083   593   593 E OMXNodeInstance: getConfig(0xf0d07060:google.raw.decoder, ConfigAndroidVendorExtension(0x6f100004)) ERROR: Undefined(0x80001001)
02-05 01:17:33.084   589  6676 I MediaCodec: MediaCodec will operate in async mode
02-05 01:17:33.094   581  5110 W AudioFlinger: createTrack_l(): mismatch between requested flags (00000008) and output flags (00000000)
02-05 01:17:33.094   581   731 D DlbDlbEffect: handle_EFFECT_CMD_SET_PARAM()
02-05 01:17:33.096   365   365 W /system/bin/hwservicemanager: getTransportFromManifest: Cannot find entry android.hardware.audio.effect@2.0::IEffectsFactory in either framework or device manifest, using default transport.
02-05 01:17:33.101   416   416 W /system/bin/hw/android.hidl.allocator@1.0-service: ashmem_create_region(4096) returning hidl_memory(0x7590c2c2e0, 4096)
02-05 01:17:33.103   416   416 W /system/bin/hw/android.hidl.allocator@1.0-service: ashmem_create_region(1024) returning hidl_memory(0x7590c2c2e0, 1024)
02-05 01:17:33.104   581  5110 E EffectHalHidl: Buffer provider callbacks are not supported
02-05 01:17:33.105   589  6674 D AudioTrack: Client defaulted notificationFrames to 8125 for frameCount 24375
02-05 01:17:33.106   589  6670 D NuPlayerDriver: notifyListener_l(0xe57329a0), (6, 0, 0, -1), loop setting(0, 1)
02-05 01:17:33.127   581  5115 D DlbDapCrossfadeProcess: setEnabled transitioning from DAP_BYPASSED state to PREROLL_ACTIVE
02-05 01:17:33.144  6616  6616 D featureTest: receive broadcast , change ds profile id :5
02-05 01:17:33.149   581   731 D DlbDlbEffect: handle_EFFECT_CMD_SET_PARAM()
02-05 01:17:33.150   421   460 I DapController: Profile Changed to Custom
02-05 01:17:33.174   581  5115 D DlbDapEndpointParamCache: commitChangedParams()
02-05 01:17:33.174   581  5115 D DlbDapEndpointParamCache: commit() Applying parameters for device 0x40000000
02-05 01:17:33.174   581  5115 D DlbDap2Process: setParam(iea = #1[10])
02-05 01:17:33.174   581  5115 D DlbDap2Process: setParam(msce = #1[0])
02-05 01:17:33.174   581  5115 D DlbDap2Process: setParam(mdee = #1[0])
02-05 01:17:33.174   581  5115 D DlbDap2Process: setParam(miee = #1[0])
02-05 01:17:33.174   581  5115 D DlbDap2Process: setParam(mdle = #1[0])
02-05 01:17:33.174   581  5115 D DlbDap2Process: setParam(dvle = #1[1])
02-05 01:17:33.174   581  5115 D DlbDap2Process: setParam(mave = #1[0])
02-05 01:17:33.174   581  5115 D DlbDap2Process: setParam(vcbf = #20[47, 141, 234, 328, 469, 656, 844, 1031, 1313, 1688, 2250, 3000, 3750, 4688, 5813, 7125, 9000, 11250, 13875, 19688])
02-05 01:17:33.174   581  5115 D DlbDap2Process: setParam(vbon = #1[0])
02-05 01:17:33.174   581  5115 D DlbDap2Process: setParam(beon = #1[0])
02-05 01:17:33.174   581  5115 D DlbDap2Process: setParam(geon = #1[0])
02-05 01:17:33.174   581  5115 D DlbDap2Process: setParam(ieon = #1[0])
02-05 01:17:33.175   581  5115 D DlbDap2Process: setParam(gebs = #41[20, 47, 141, 234, 328, 469, 656, 844, 1031, 1313, 1688, 2250, 3000, 3750, 4688, 5813, 7125, 9000, 11250, 13875, 19688, 0, 0, 0, 0, 0, 0, 0, 0, 0, 0, 0, 0, 0, 0, 0, 0, 0, 0, 0, 0])
02-05 01:17:33.175   581  5115 D DlbDap2Process: setParam(iebs = #41[20, 65, 136, 223, 332, 467, 634, 841, 1098, 1416, 1812, 2302, 2909, 3663, 4598, 5756, 7194, 8976, 11186, 13927, 17326, 117, 133, 188, 176, 141, 149, 175, 185, 185, 200, 236, 242, 228, 213, 182, 132, 110, 68, -27, -240])
02-05 01:17:33.175   581  5115 D DlbDapEndpointParamCache: doCommit() Committed 15 parameters out of 16.
02-05 01:17:33.175   581  5115 D DlbDapEndpointParamCache: commit() Overriding parameters for current device 0x00000080
02-05 01:17:33.175   581  5115 D DlbDap2Process: setParam(dea = #1[7])
02-05 01:17:33.175   581  5115 D DlbDap2Process: setParam(dsa = #1[10])
02-05 01:17:33.175   581  5115 D DlbDap2Process: setParam(beb = #1[192])
02-05 01:17:33.175   581  5115 D DlbDap2Process: setParam(plb = #1[0])
02-05 01:17:33.175   581  5115 D DlbDap2Process: setParam(vmb = #1[144])
02-05 01:17:33.175   581  5115 D DlbDap2Process: setParam(dsb = #1[0])
02-05 01:17:33.175   581  5115 D DlbDap2Process: setParam(ded = #1[0])
02-05 01:17:33.175   581  5115 D DlbDap2Process: setParam(vbm = #1[0])
02-05 01:17:33.175   581  5115 D DlbDap2Process: setParam(dom = #1[0])
02-05 01:17:33.175   581  5115 D DlbDap2Process: setParam(bew = #1[16])
02-05 01:17:33.175   581  5115 D DlbDap2Process: setParam(dvla = #1[5])
02-05 01:17:33.175   581  5115 D DlbDap2Process: setParam(arra = #1[96])
02-05 01:17:33.175   581  5115 D DlbDap2Process: setParam(dfsa = #1[10])
02-05 01:17:33.175   581  5115 D DlbDap2Process: setParam(dhsa = #1[10])
02-05 01:17:33.175   581  5115 D DlbDap2Process: setParam(dvmc = #1[0])
02-05 01:17:33.175   581  5115 D DlbDap2Process: setParam(arod = #1[0])
02-05 01:17:33.175   581  5115 D DlbDap2Process: setParam(arde = #1[0])
02-05 01:17:33.175   581  5115 D DlbDap2Process: setParam(dvle = #1[1])
02-05 01:17:33.175   581  5115 D DlbDap2Process: setParam(dvme = #1[0])
02-05 01:17:33.175   581  5115 D DlbDap2Process: setParam(becf = #1[200])
02-05 01:17:33.175   581  5115 D DlbDap2Process: setParam(vbmf = #2[94, 469])
02-05 01:17:33.175   581  5115 D DlbDap2Process: setParam(vbsf = #2[35, 160])
02-05 01:17:33.175   581  5115 D DlbDap2Process: setParam(vbhg = #3[-32, -144, -192])
02-05 01:17:33.175   581  5115 D DlbDap2Process: setParam(vbog = #1[0])
02-05 01:17:33.175   581  5115 D DlbDap2Process: setParam(vbsg = #1[0])
02-05 01:17:33.175   581  5115 D DlbDap2Process: setParam(dvli = #1[-320])
02-05 01:17:33.175   581  5115 D DlbDap2Process: setParam(dhfm = #1[0])
02-05 01:17:33.175   581  5115 D DlbDap2Process: setParam(vbon = #1[0])
02-05 01:17:33.175   581  5115 D DlbDap2Process: setParam(beon = #1[0])
02-05 01:17:33.175   581  5115 D DlbDap2Process: setParam(deon = #1[0])
02-05 01:17:33.175   581  5115 D DlbDap2Process: setParam(ngon = #1[1])
02-05 01:17:33.175   581  5115 D DlbDap2Process: setParam(aoon = #1[0])
02-05 01:17:33.176   581  5115 D DlbDap2Process: setParam(aron = #1[1])
02-05 01:17:33.176   581  5115 D DlbDap2Process: setParam(dvlo = #1[-320])
02-05 01:17:33.176   581  5115 D DlbDap2Process: setParam(artp = #1[12])
02-05 01:17:33.176   581  5115 D DlbDap2Process: setParam(aobs = #222[20, 10, 47, 141, 234, 328, 469, 656, 844, 1031, 1313, 1688, 2250, 3000, 3750, 4688, 5813, 7125, 9000, 11250, 13875, 19688, 0, 0, 0, 0, 0, 0, 0, 0, 0, 0, 0, 0, 0, 0, 0, 0, 0, 0, 0, 0, 0, 0, 0, 0, 0, 0, 0, 0, 0, 0, 0, 0, 0, 0, 0, 0, 0, 0, 0, 0, 0, 0, 0, 0, 0, 0, 0, 0, 0, 0, 0, 0, 0, 0, 0, 0, 0, 0, 0, 0, 0, 0, 0, 0, 0, 0, 0, 0, 0, 0, 0, 0, 0, 0, 0, 0, 0, 0, 0, 0, 0, 0, 0, 0, 0, 0, 0, 0, 0, 0, 0, 0, 0, 0, 0, 0, 0, 0, 0, 0, 0, 0, 0, 0, 0, 0, 0, 0, 0, 0, 0, 0, 0, 0, 0, 0, 0, 0, 0, 0, 0, 0, 0, 0, 0, 0, 0, 0, 0, 0, 0, 0, 0, 0, 0, 0, 0, 0, 0, 0, 0, 0, 0, 0, 0, 0, 0, 0, 0, 0, 0, 0, 0, 0, 0, 0, 0, 0, 0, 0, 0, 0, 0, 0, 0, 0, 0, 0, 0, 0, 0, 0, 0, 0, 0, 0, 0, 0, 0, 0, 0, 0, 0, 0, 0, 0, 0, 0, 0, 0, 0, 0, 0, 0, 0, 0, 0, 0, 0, 0])
02-05 01:17:33.177   581  5115 D DlbDap2Process: setParam(arbs = #81[20, 47, 141, 234, 328, 469, 656, 844, 1031, 1313, 1688, 2250, 3000, 3750, 4688, 5813, 7125, 9000, 11250, 13875, 19688, -192, -192, -192, -192, -192, -192, -192, -192, -192, -192, -192, -192, -192, -192, -192, -192, -192, -192, -192, -192, 0, 0, 0, 0, 0, 0, 0, 0, 0, 0, 0, 0, 0, 0, 0, 0, 0, 0, 0, 0, 0, 0, 0, 0, 0, 0, 0, 0, 0, 0, 0, 0, 0, 0, 0, 0, 0, 0, 0, 0])
02-05 01:17:33.177   581  5115 D DlbDapEndpointParamCache: doCommit() Committed 37 parameters out of 37.
02-05 01:17:33.177   581  5115 D DlbDap2Process: setMave(mave = 0)
02-05 01:17:33.178   581  5115 D DlbDapCrossfadeProcess: process transitioning from PREROLL_ACTIVE state to FADE_TO_ACTIVE
02-05 01:17:33.205  6616  6616 D featureTest: receive broadcast , change virtual speaker  virtualizer :1
02-05 01:17:33.226   581   730 D DlbDlbEffect: handle_EFFECT_CMD_SET_PARAM()
02-05 01:17:33.233   581  5115 D DlbDapEndpointParamCache: commitChangedParams()
02-05 01:17:33.233   581  5115 D DlbDapEndpointParamCache: commit() Applying parameters for device 0x40000000
02-05 01:17:33.233   581  5115 D DlbDap2Process: setParam(iea = #1[10])
02-05 01:17:33.233   581  5115 D DlbDap2Process: setParam(msce = #1[0])
02-05 01:17:33.233   581  5115 D DlbDap2Process: setParam(mdee = #1[0])
02-05 01:17:33.233   581  5115 D DlbDap2Process: setParam(miee = #1[0])
02-05 01:17:33.233   581  5115 D DlbDap2Process: setParam(mdle = #1[0])
02-05 01:17:33.233   581  5115 D DlbDap2Process: setParam(dvle = #1[1])
02-05 01:17:33.233   581  5115 D DlbDap2Process: setParam(mave = #1[0])
02-05 01:17:33.233   581  5115 D DlbDap2Process: setParam(vcbf = #20[47, 141, 234, 328, 469, 656, 844, 1031, 1313, 1688, 2250, 3000, 3750, 4688, 5813, 7125, 9000, 11250, 13875, 19688])
02-05 01:17:33.234   581  5115 D DlbDap2Process: setParam(vbon = #1[0])
02-05 01:17:33.234   581  5115 D DlbDap2Process: setParam(beon = #1[0])
02-05 01:17:33.234   581  5115 D DlbDap2Process: setParam(geon = #1[0])
02-05 01:17:33.234   581  5115 D DlbDap2Process: setParam(ieon = #1[0])
02-05 01:17:33.234   581  5115 D DlbDap2Process: setParam(gebs = #41[20, 47, 141, 234, 328, 469, 656, 844, 1031, 1313, 1688, 2250, 3000, 3750, 4688, 5813, 7125, 9000, 11250, 13875, 19688, 0, 0, 0, 0, 0, 0, 0, 0, 0, 0, 0, 0, 0, 0, 0, 0, 0, 0, 0, 0])
02-05 01:17:33.234   581  5115 D DlbDap2Process: setParam(iebs = #41[20, 65, 136, 223, 332, 467, 634, 841, 1098, 1416, 1812, 2302, 2909, 3663, 4598, 5756, 7194, 8976, 11186, 13927, 17326, 117, 133, 188, 176, 141, 149, 175, 185, 185, 200, 236, 242, 228, 213, 182, 132, 110, 68, -27, -240])
02-05 01:17:33.234   581  5115 D DlbDapEndpointParamCache: doCommit() Committed 15 parameters out of 16.
02-05 01:17:33.234   581  5115 D DlbDapEndpointParamCache: commit() Overriding parameters for current device 0x00000080
02-05 01:17:33.234   581  5115 D DlbDap2Process: setParam(dea = #1[7])
02-05 01:17:33.234   581  5115 D DlbDap2Process: setParam(dsa = #1[10])
02-05 01:17:33.234   581  5115 D DlbDap2Process: setParam(beb = #1[192])
02-05 01:17:33.234   581  5115 D DlbDap2Process: setParam(plb = #1[0])
02-05 01:17:33.234   581  5115 D DlbDap2Process: setParam(vmb = #1[144])
02-05 01:17:33.234   581  5115 D DlbDap2Process: setParam(dsb = #1[0])
02-05 01:17:33.234   581  5115 D DlbDap2Process: setParam(ded = #1[0])
02-05 01:17:33.234   581  5115 D DlbDap2Process: setParam(vbm = #1[0])
02-05 01:17:33.234   581  5115 D DlbDap2Process: setParam(dom = #1[0])
02-05 01:17:33.234   581  5115 D DlbDap2Process: setParam(bew = #1[16])
02-05 01:17:33.234   581  5115 D DlbDap2Process: setParam(dvla = #1[5])
02-05 01:17:33.234   581  5115 D DlbDap2Process: setParam(arra = #1[96])
02-05 01:17:33.234   581  5115 D DlbDap2Process: setParam(dfsa = #1[10])
02-05 01:17:33.235   581  5115 D DlbDap2Process: setParam(dhsa = #1[10])
02-05 01:17:33.235   581  5115 D DlbDap2Process: setParam(dvmc = #1[0])
02-05 01:17:33.235   581  5115 D DlbDap2Process: setParam(arod = #1[0])
02-05 01:17:33.235   581  5115 D DlbDap2Process: setParam(arde = #1[0])
02-05 01:17:33.235   581  5115 D DlbDap2Process: setParam(dvle = #1[1])
02-05 01:17:33.235   581  5115 D DlbDap2Process: setParam(dvme = #1[0])
02-05 01:17:33.235   581  5115 D DlbDap2Process: setParam(becf = #1[200])
02-05 01:17:33.235   581  5115 D DlbDap2Process: setParam(vbmf = #2[94, 469])
02-05 01:17:33.235   581  5115 D DlbDap2Process: setParam(vbsf = #2[35, 160])
02-05 01:17:33.235   581  5115 D DlbDap2Process: setParam(vbhg = #3[-32, -144, -192])
02-05 01:17:33.235   581  5115 D DlbDap2Process: setParam(vbog = #1[0])
02-05 01:17:33.235   581  5115 D DlbDap2Process: setParam(vbsg = #1[0])
02-05 01:17:33.235   581  5115 D DlbDap2Process: setParam(dvli = #1[-320])
02-05 01:17:33.235   581  5115 D DlbDap2Process: setParam(dhfm = #1[0])
02-05 01:17:33.235   581  5115 D DlbDap2Process: setParam(vbon = #1[0])
02-05 01:17:33.235   581  5115 D DlbDap2Process: setParam(beon = #1[0])
02-05 01:17:33.235   581  5115 D DlbDap2Process: setParam(deon = #1[0])
02-05 01:17:33.235   581  5115 D DlbDap2Process: setParam(ngon = #1[1])
02-05 01:17:33.235   581  5115 D DlbDap2Process: setParam(aoon = #1[0])
02-05 01:17:33.235   581  5115 D DlbDap2Process: setParam(aron = #1[1])
02-05 01:17:33.235   581  5115 D DlbDap2Process: setParam(dvlo = #1[-320])
02-05 01:17:33.235   581  5115 D DlbDap2Process: setParam(artp = #1[12])
02-05 01:17:33.236   581  5115 D DlbDap2Process: setParam(aobs = #222[20, 10, 47, 141, 234, 328, 469, 656, 844, 1031, 1313, 1688, 2250, 3000, 3750, 4688, 5813, 7125, 9000, 11250, 13875, 19688, 0, 0, 0, 0, 0, 0, 0, 0, 0, 0, 0, 0, 0, 0, 0, 0, 0, 0, 0, 0, 0, 0, 0, 0, 0, 0, 0, 0, 0, 0, 0, 0, 0, 0, 0, 0, 0, 0, 0, 0, 0, 0, 0, 0, 0, 0, 0, 0, 0, 0, 0, 0, 0, 0, 0, 0, 0, 0, 0, 0, 0, 0, 0, 0, 0, 0, 0, 0, 0, 0, 0, 0, 0, 0, 0, 0, 0, 0, 0, 0, 0, 0, 0, 0, 0, 0, 0, 0, 0, 0, 0, 0, 0, 0, 0, 0, 0, 0, 0, 0, 0, 0, 0, 0, 0, 0, 0, 0, 0, 0, 0, 0, 0, 0, 0, 0, 0, 0, 0, 0, 0, 0, 0, 0, 0, 0, 0, 0, 0, 0, 0, 0, 0, 0, 0, 0, 0, 0, 0, 0, 0, 0, 0, 0, 0, 0, 0, 0, 0, 0, 0, 0, 0, 0, 0, 0, 0, 0, 0, 0, 0, 0, 0, 0, 0, 0, 0, 0, 0, 0, 0, 0, 0, 0, 0, 0, 0, 0, 0, 0, 0, 0, 0, 0, 0, 0, 0, 0, 0, 0, 0, 0, 0, 0, 0, 0, 0, 0, 0, 0])
02-05 01:17:33.237   581  5115 D DlbDap2Process: setParam(arbs = #81[20, 47, 141, 234, 328, 469, 656, 844, 1031, 1313, 1688, 2250, 3000, 3750, 4688, 5813, 7125, 9000, 11250, 13875, 19688, -192, -192, -192, -192, -192, -192, -192, -192, -192, -192, -192, -192, -192, -192, -192, -192, -192, -192, -192, -192, 0, 0, 0, 0, 0, 0, 0, 0, 0, 0, 0, 0, 0, 0, 0, 0, 0, 0, 0, 0, 0, 0, 0, 0, 0, 0, 0, 0, 0, 0, 0, 0, 0, 0, 0, 0, 0, 0, 0, 0])
02-05 01:17:33.237   581  5115 D DlbDapEndpointParamCache: doCommit() Committed 37 parameters out of 37.
02-05 01:17:33.237   581  5115 D DlbDap2Process: setMave(mave = 0)
02-05 01:17:33.273  6616  6616 D featureTest: receive broadcast , record log :0
02-05 01:17:33.293   581  5115 D DlbDapCrossfadeProcess: process transitioning from FADE_TO_ACTIVE state to DAP_ACTIVE
02-05 01:17:33.294  6616  6621 I zygote64: Do partial code cache collection, code=8KB, data=14KB
02-05 01:17:33.294  6616  6621 I zygote64: After code cache collection, code=8KB, data=14KB
02-05 01:17:33.294  6616  6621 I zygote64: Increasing code cache capacity to 128KB
02-05 01:17:33.295  6616  6621 I zygote64: Do partial code cache collection, code=8KB, data=33KB
02-05 01:17:33.295  6616  6621 I zygote64: After code cache collection, code=8KB, data=33KB
02-05 01:17:33.295  6616  6621 I zygote64: Increasing code cache capacity to 256KB
02-05 01:17:33.295  6616  6621 I zygote64: Compiler allocated 8MB to compile void android.widget.TextView.<init>(android.content.Context, android.util.AttributeSet, int, int)
02-05 01:17:34.891   816   816 W WindowManager: removeWindowToken: Attempted to remove non-existing token: android.os.Binder@2aab325
02-05 01:17:34.936   429   429 D SurfaceFlinger: duplicate layer name: changing Toast to Toast#1
02-05 01:17:35.538   581  5115 D DlbDap2Process: process() called [450500] times
02-05 01:17:36.911   816   816 W WindowManager: removeWindowToken: Attempted to remove non-existing token: android.os.Binder@fd4ee87
