--------- beginning of main
02-05 01:13:01.695  3150  3150 I ServiceManager: Waiting for service AtCmdFwd...
02-05 01:13:03.697  3150  3150 I chatty  : uid=1000(system) /vendor/bin/ATFWD-daemon identical 2 lines
02-05 01:13:04.699  3150  3150 I ServiceManager: Waiting for service AtCmdFwd...
02-05 01:13:05.700  3150  3150 W Atfwd_Sendcmd: AtCmdFwd service not published, waiting... retryCnt : 3
02-05 01:13:05.779   571   940 E QC-QMI  : linux_qmi_qmux_io_wake_lock: Err in writing wakelock=qmuxd_port_wl_0, error [1:Operation not permitted]
02-05 01:13:05.779   571   940 E QC-QMI  : linux_qmi_qmux_io_wake_unlock: Err in writing wakelock=qmuxd_port_wl_0, error [1:Operation not permitted]
02-05 01:13:13.455   571   940 E QC-QMI  : linux_qmi_qmux_io_wake_lock: Err in writing wakelock=qmuxd_port_wl_0, error [1:Operation not permitted]
02-05 01:13:13.456   571   940 E QC-QMI  : linux_qmi_qmux_io_wake_unlock: Err in writing wakelock=qmuxd_port_wl_0, error [1:Operation not permitted]
--------- beginning of system
02-05 01:13:14.669   816  3543 I ActivityManager: START u0 {flg=0x10000000 cmp=com.dolby.qa.featuretest/.MainActivity} from uid 2000
02-05 01:13:14.701  4255  4255 I zygote64: Late-enabling -Xcheck:jni
02-05 01:13:14.701   816  2363 I ActivityManager: Start proc 4255:com.dolby.qa.featuretest/u0a74 for activity com.dolby.qa.featuretest/.MainActivity
02-05 01:13:14.914  4255  4255 D featureTest: onCreate
02-05 01:13:14.926   581  5355 W AudioFlinger: createTrack_l(): mismatch between requested flags (00000008) and output flags (00000000)
02-05 01:13:14.927  4255  4255 D AudioTrack: Client defaulted notificationFrames to 3916 for frameCount 11748
02-05 01:13:14.931  4255  4255 W AudioTrack: Use of stream types is deprecated for operations other than volume control
02-05 01:13:14.932  4255  4255 W AudioTrack: See the documentation of AudioTrack() for what to use instead with android.media.AudioAttributes to qualify your playback use case
02-05 01:13:14.938  4255  4255 W DolbyAudioEffect: WARNING: attaching a DolbyAudioEffect to global output mix is deprecated!
02-05 01:13:14.944  4255  4255 D featureTest: onResume
02-05 01:13:14.959  4255  4272 D OpenGLRenderer: HWUI GL Pipeline
02-05 01:13:15.016  4255  4272 I Adreno  : QUALCOMM build                   : 7142022, Ib5823dd10c
02-05 01:13:15.016  4255  4272 I Adreno  : Build Date                       : 06/23/17
02-05 01:13:15.016  4255  4272 I Adreno  : OpenGL ES Shader Compiler Version: EV031.18.00.00
02-05 01:13:15.016  4255  4272 I Adreno  : Local Branch                     : O11A
02-05 01:13:15.016  4255  4272 I Adreno  : Remote Branch                    : 
02-05 01:13:15.016  4255  4272 I Adreno  : Remote Branch                    : 
02-05 01:13:15.016  4255  4272 I Adreno  : Reconstruct Branch               : 
02-05 01:13:15.017  4255  4272 I vndksupport: sphal namespace is not configured for this process. Loading /vendor/lib64/hw/gralloc.msm8994.so from the current namespace instead.
02-05 01:13:15.032  4255  4272 I Adreno  : PFP: 0x00000000, ME: 0x00000000
02-05 01:13:15.042  4255  4272 I OpenGLRenderer: Initialized EGL, version 1.4
02-05 01:13:15.042  4255  4272 D OpenGLRenderer: Swap behavior 2
02-05 01:13:15.065   365   365 W /system/bin/hwservicemanager: getTransportFromManifest: Cannot find entry android.hardware.graphics.mapper@2.0::IMapper in either framework or device manifest, using default transport.
02-05 01:13:15.068  4255  4272 I vndksupport: sphal namespace is not configured for this process. Loading /vendor/lib64/hw/gralloc.msm8994.so from the current namespace instead.
02-05 01:13:15.112   816   843 I ActivityManager: Displayed com.dolby.qa.featuretest/.MainActivity: +418ms
02-05 01:13:15.804  4255  4255 D featureTest: receive broadcast , playing content location :/sdcard/featureTest/stereo_channel_id.wav
02-05 01:13:15.815  4255  4255 D featureTest: mMediaPlayer.getAudioSessionId(): 5353
02-05 01:13:15.815  4255  4255 D featureTest: Playing file: /sdcard/featureTest/stereo_channel_id.wav
02-05 01:13:15.817  4280  4280 W generic : type=1400 audit(0.0:3020): avc: denied { read } for path="/storage/emulated/0/featuretest/stereo_channel_id.wav" dev="sdcardfs" ino=523295 scontext=u:r:mediaextractor:s0 tcontext=u:object_r:sdcardfs:s0 tclass=file permissive=0
02-05 01:13:15.817   589   589 D NuPlayerDriver: NuPlayerDriver(0xe57323f0) created, clientPid(4255)
02-05 01:13:15.819  4255  4255 W MediaPlayer: Use of stream types is deprecated for operations other than volume control
02-05 01:13:15.820  4255  4255 W MediaPlayer: See the documentation of setAudioStreamType() for what to use instead with android.media.AudioAttributes to qualify your playback use case
02-05 01:13:15.822   589  4280 D GenericSource: FileSource remote
02-05 01:13:15.823   589  4280 W GenericSource: extractor service cannot make data source
02-05 01:13:15.823   589  4280 D GenericSource: FileSource local
02-05 01:13:15.844   587   693 D MediaBufferGroup: creating MemoryDealer
02-05 01:13:15.845   589  4279 D NuPlayerDriver: notifyListener_l(0xe57323f0), (1, 0, 0, -1), loop setting(0, 0)
02-05 01:13:15.859   589   589 D NuPlayerDriver: start(0xe57323f0), state is 4, eos is 0
02-05 01:13:15.859   589  4279 I GenericSource: start
02-05 01:13:15.865  4255  4255 W DolbyAudioEffect: WARNING: attaching a DolbyAudioEffect to global output mix is deprecated!
02-05 01:13:15.868   593 20514 I OMXMaster: makeComponentInstance(OMX.google.raw.decoder) in android.hardwar process
02-05 01:13:15.873   593  1162 E OMXNodeInstance: setConfig(0xf0d07060:google.raw.decoder, ConfigPriority(0x6f800002)) ERROR: Undefined(0x80001001)
02-05 01:13:15.873   589  4287 I ACodec  : codec does not support config priority (err -2147483648)
02-05 01:13:15.873   593  1187 E OMXNodeInstance: getConfig(0xf0d07060:google.raw.decoder, ConfigAndroidVendorExtension(0x6f100004)) ERROR: Undefined(0x80001001)
02-05 01:13:15.875   589  4287 I MediaCodec: MediaCodec will operate in async mode
02-05 01:13:15.881  4255  4255 D featureTest: receive broadcast , change ds status :1
02-05 01:13:15.887   581  5110 W AudioFlinger: createTrack_l(): mismatch between requested flags (00000008) and output flags (00000000)
02-05 01:13:15.888   589  4285 D AudioTrack: Client defaulted notificationFrames to 8125 for frameCount 24375
02-05 01:13:15.890   589  4279 D NuPlayerDriver: notifyListener_l(0xe57323f0), (6, 0, 0, -1), loop setting(0, 1)
02-05 01:13:15.892   581  3572 I bt_a2dp_hw: start_audio_datapath: state 5
02-05 01:13:15.893  3485  3534 D a2dp_sbc_encoder: a2dp_sbc_encoder_update: sample_rate=44100 bits_per_sample=16 channel_count=2
02-05 01:13:15.893  3485  3525 W bt_btif : bta_dm_rm_cback:2, status:7
02-05 01:13:15.893  3485  3534 D a2dp_sbc_encoder: a2dp_sbc_encoder_update: MTU=660, peer_mtu=660 min_bitpool=2 max_bitpool=53
02-05 01:13:15.893  3485  3534 D a2dp_sbc_encoder: a2dp_sbc_encoder_update: ChannelMode=3, NumOfSubBands=8, NumOfBlocks=16, AllocationMethod=0, BitRate=328, SamplingFreq=44100 BitPool=0
02-05 01:13:15.893  3485  3534 D a2dp_sbc_encoder: a2dp_sbc_encoder_update: bitpool candidate: 53 (328 kbps)
02-05 01:13:15.893  3485  3534 D a2dp_sbc_encoder: a2dp_sbc_encoder_update: final bit rate 328, final bit pool 53
02-05 01:13:15.911   581   731 D DlbDlbEffect: handle_EFFECT_CMD_SET_PARAM()
02-05 01:13:15.968  4255  4255 D featureTest: receive broadcast , change ds profile id :5
02-05 01:13:15.982   581  5142 D DlbDlbEffect: handle_EFFECT_CMD_SET_PARAM()
02-05 01:13:16.010   571   940 E QC-QMI  : linux_qmi_qmux_io_wake_lock: Err in writing wakelock=qmuxd_port_wl_0, error [1:Operation not permitted]
02-05 01:13:16.010   571   940 E QC-QMI  : linux_qmi_qmux_io_wake_unlock: Err in writing wakelock=qmuxd_port_wl_0, error [1:Operation not permitted]
02-05 01:13:16.044  4255  4255 D featureTest: receive broadcast , change bass enable :0
02-05 01:13:16.059   581  5143 D DlbDlbEffect: handle_EFFECT_CMD_SET_PARAM()
02-05 01:13:16.124  4255  4255 D featureTest: receive broadcast , record log :0
02-05 01:13:16.195  4255  4255 D featureTest: receive broadcast , playing content location :/sdcard/featureTest/stereo_channel_id.wav
02-05 01:13:16.197   589 26717 D NuPlayerDriver: stop(0xe57323f0)
02-05 01:13:16.198   589 26717 D NuPlayerDriver: notifyListener_l(0xe57323f0), (8, 0, 0, -1), loop setting(0, 1)
02-05 01:13:16.199   589  1170 D NuPlayerDriver: reset(0xe57323f0) at state 8
02-05 01:13:16.209   589  4279 D NuPlayerDriver: notifyResetComplete(0xe57323f0)
02-05 01:13:16.209   589   589 D NuPlayerDriver: reset(0xe57323f0) at state 0
02-05 01:13:16.210  4255  4255 V MediaPlayer: resetDrmState:  mDrmInfo=null mDrmProvisioningThread=null mPrepareDrmInProgress=false mActiveDrmScheme=false
02-05 01:13:16.210  4255  4255 V MediaPlayer: cleanDrmObj: mDrmObj=null mDrmSessionId=null
02-05 01:13:16.212  4255  4255 V MediaPlayer: resetDrmState:  mDrmInfo=null mDrmProvisioningThread=null mPrepareDrmInProgress=false mActiveDrmScheme=false
02-05 01:13:16.212  4255  4255 V MediaPlayer: cleanDrmObj: mDrmObj=null mDrmSessionId=null
02-05 01:13:16.218  4255  4255 D featureTest: mMediaPlayer.getAudioSessionId(): 5361
02-05 01:13:16.219  4255  4255 D featureTest: Playing file: /sdcard/featureTest/stereo_channel_id.wav
02-05 01:13:16.220   589  1170 D NuPlayerDriver: NuPlayerDriver(0xe5732230) created, clientPid(4255)
02-05 01:13:16.223  4311  4311 W generic : type=1400 audit(0.0:3021): avc: denied { read } for path="/storage/emulated/0/featuretest/stereo_channel_id.wav" dev="sdcardfs" ino=523295 scontext=u:r:mediaextractor:s0 tcontext=u:object_r:sdcardfs:s0 tclass=file permissive=0
02-05 01:13:16.224  4255  4255 W MediaPlayer: Use of stream types is deprecated for operations other than volume control
02-05 01:13:16.224  4255  4255 W MediaPlayer: See the documentation of setAudioStreamType() for what to use instead with android.media.AudioAttributes to qualify your playback use case
02-05 01:13:16.227   589  4311 D GenericSource: FileSource remote
02-05 01:13:16.227   589  4311 W GenericSource: extractor service cannot make data source
02-05 01:13:16.227   589  4311 D GenericSource: FileSource local
02-05 01:13:16.248   587  3738 D MediaBufferGroup: creating MemoryDealer
02-05 01:13:16.249   589  4310 D NuPlayerDriver: notifyListener_l(0xe5732230), (1, 0, 0, -1), loop setting(0, 0)
02-05 01:13:16.254   589  1170 D NuPlayerDriver: start(0xe5732230), state is 4, eos is 0
02-05 01:13:16.254   589  4310 I GenericSource: start
02-05 01:13:16.259  4255  4255 W DolbyAudioEffect: WARNING: attaching a DolbyAudioEffect to global output mix is deprecated!
02-05 01:13:16.264   593   712 I OMXMaster: makeComponentInstance(OMX.google.raw.decoder) in android.hardwar process
02-05 01:13:16.268   593  1162 E OMXNodeInstance: setConfig(0xf10a3bc0:google.raw.decoder, ConfigPriority(0x6f800002)) ERROR: Undefined(0x80001001)
02-05 01:13:16.268   589  4316 I ACodec  : codec does not support config priority (err -2147483648)
02-05 01:13:16.268   593  5353 E OMXNodeInstance: getConfig(0xf10a3bc0:google.raw.decoder, ConfigAndroidVendorExtension(0x6f100004)) ERROR: Undefined(0x80001001)
02-05 01:13:16.269   589  4316 I MediaCodec: MediaCodec will operate in async mode
02-05 01:13:16.271  4255  4255 D featureTest: receive broadcast , change ds status :1
02-05 01:13:16.283   581   730 W AudioFlinger: createTrack_l(): mismatch between requested flags (00000008) and output flags (00000000)
02-05 01:13:16.284   589  4314 D AudioTrack: Client defaulted notificationFrames to 8125 for frameCount 24375
02-05 01:13:16.285   589  4310 D NuPlayerDriver: notifyListener_l(0xe5732230), (6, 0, 0, -1), loop setting(0, 1)
02-05 01:13:16.287   581  5142 D DlbDlbEffect: handle_EFFECT_CMD_SET_PARAM()
02-05 01:13:16.358  4255  4255 D featureTest: receive broadcast , change ds profile id :5
02-05 01:13:16.370   581   730 D DlbDlbEffect: handle_EFFECT_CMD_SET_PARAM()
02-05 01:13:16.434  4255  4255 D featureTest: receive broadcast , change bass enable :1
02-05 01:13:16.447   581  5143 D DlbDlbEffect: handle_EFFECT_CMD_SET_PARAM()
02-05 01:13:16.462  4255  4260 I zygote64: Do partial code cache collection, code=8KB, data=14KB
02-05 01:13:16.462  4255  4260 I zygote64: After code cache collection, code=8KB, data=14KB
02-05 01:13:16.462  4255  4260 I zygote64: Increasing code cache capacity to 128KB
02-05 01:13:16.463  4255  4260 I zygote64: Do partial code cache collection, code=8KB, data=33KB
02-05 01:13:16.463  4255  4260 I zygote64: After code cache collection, code=8KB, data=33KB
02-05 01:13:16.463  4255  4260 I zygote64: Increasing code cache capacity to 256KB
02-05 01:13:16.463  4255  4260 I zygote64: Compiler allocated 8MB to compile void android.widget.TextView.<init>(android.content.Context, android.util.AttributeSet, int, int)
02-05 01:13:16.500  4255  4255 D featureTest: receive broadcast , record log :0
02-05 01:13:16.676  3485  3525 I bt_bta_av: bta_av_link_role_ok hndl:x41 role:1 conn_audio:x1 bits:1 features:x825b
02-05 01:13:16.676  3485  3525 W bt_btif : bta_dm_rm_cback:2, status:0
02-05 01:13:16.676  3485  3525 W bt_btif : bta_dm_rm_cback:2, status:7
02-05 01:13:16.677   581  3572 I bt_a2dp_hw: skt_connect: connect to /data/misc/bluedroid/.a2dp_data (sz 7168)
02-05 01:13:16.678  3485  3508 I BluetoothA2dpServiceJni: bta2dp_audio_state_callback
02-05 01:13:16.679  3485  3534 D a2dp_sbc_encoder: a2dp_sbc_feeding_reset: PCM bytes per tick 3528
02-05 01:13:16.680   581  3572 I bt_a2dp_hw: skt_connect: connected to stack fd = 70
02-05 01:13:16.680   581  3572 W AudioFlinger: write blocked for 787 msecs, 2 delayed writes, thread 0xf018a700
02-05 01:13:16.680  3485  3533 D A2dpStateMachine: Connected process message: 101
02-05 01:13:16.680   581  3572 D DlbDlbEffect: handle_EFFECT_CMD_SET_PARAM()
02-05 01:13:16.681   581  3572 D DlbEffectContext: setPregain(volume=938042)
02-05 01:13:16.681   581  3572 D DlbEffectContext: transformExternalGain() fVol:0.055912 extVal:-400
02-05 01:13:16.681   581  3572 D DlbDapEndpointParamCache: commitChangedParams()
02-05 01:13:16.682   581  3572 D DlbDapEndpointParamCache: commit() Applying parameters for device 0x40000000
02-05 01:13:16.682   581  3572 D DlbDap2Process: setParam(preg = #1[-400])
02-05 01:13:16.682   581  3572 D DlbDapEndpointParamCache: doCommit() Committed 1 parameters out of 16.
02-05 01:13:16.682  3485  3532 V Avrcp   : MSG_SET_A2DP_AUDIO_STATE:10
02-05 01:13:16.682   581  3572 D DlbDapEndpointParamCache: commit() Overriding parameters for current device 0x00000080
02-05 01:13:16.682   581  3572 D DlbDapEndpointParamCache: doCommit() Committed 0 parameters out of 37.
02-05 01:13:16.684  3485  3533 D A2dpStateMachine: A2DP Playing state : device: FC:A8:9A:CF:E4:B0 State:11->10
02-05 01:13:16.693   581  5115 D DlbDapEndpointParamCache: commitChangedParams()
02-05 01:13:16.693   581  5115 D DlbDapEndpointParamCache: commit() Applying parameters for device 0x40000000
02-05 01:13:16.693   581  5115 D DlbDap2Process: setParam(iea = #1[10])
02-05 01:13:16.693   581  5115 D DlbDap2Process: setParam(msce = #1[0])
02-05 01:13:16.693   581  5115 D DlbDap2Process: setParam(mdee = #1[0])
02-05 01:13:16.694   581  5115 D DlbDap2Process: setParam(miee = #1[0])
02-05 01:13:16.694   581  5115 D DlbDap2Process: setParam(mdle = #1[0])
02-05 01:13:16.694   581  5115 D DlbDap2Process: setParam(dvle = #1[1])
02-05 01:13:16.694   581  5115 D DlbDap2Process: setParam(mave = #1[0])
02-05 01:13:16.694   581  5115 D DlbDap2Process: setParam(vcbf = #20[47, 141, 234, 328, 469, 656, 844, 1031, 1313, 1688, 2250, 3000, 3750, 4688, 5813, 7125, 9000, 11250, 13875, 19688])
02-05 01:13:16.694   581  5115 D DlbDap2Process: setParam(vbon = #1[1])
02-05 01:13:16.694   581  5115 D DlbDap2Process: setParam(beon = #1[1])
02-05 01:13:16.695   581  5115 D DlbDap2Process: setParam(geon = #1[0])
02-05 01:13:16.695   581  5115 D DlbDap2Process: setParam(ieon = #1[0])
02-05 01:13:16.695   581  5115 D DlbDap2Process: setParam(gebs = #41[20, 47, 141, 234, 328, 469, 656, 844, 1031, 1313, 1688, 2250, 3000, 3750, 4688, 5813, 7125, 9000, 11250, 13875, 19688, 0, 0, 0, 0, 0, 0, 0, 0, 0, 0, 0, 0, 0, 0, 0, 0, 0, 0, 0, 0])
02-05 01:13:16.696   581  5115 D DlbDap2Process: setParam(iebs = #41[20, 65, 136, 223, 332, 467, 634, 841, 1098, 1416, 1812, 2302, 2909, 3663, 4598, 5756, 7194, 8976, 11186, 13927, 17326, 117, 133, 188, 176, 141, 149, 175, 185, 185, 200, 236, 242, 228, 213, 182, 132, 110, 68, -27, -240])
02-05 01:13:16.696   581  5115 D DlbDapEndpointParamCache: doCommit() Committed 15 parameters out of 16.
02-05 01:13:16.696   581  5115 D DlbDapEndpointParamCache: commit() Overriding parameters for current device 0x00000080
02-05 01:13:16.696   581  5115 D DlbDap2Process: setParam(dea = #1[7])
02-05 01:13:16.696   581  5115 D DlbDap2Process: setParam(dsa = #1[10])
02-05 01:13:16.696   581  5115 D DlbDap2Process: setParam(beb = #1[192])
02-05 01:13:16.696   581  5115 D DlbDap2Process: setParam(plb = #1[0])
02-05 01:13:16.696   581  5115 D DlbDap2Process: setParam(vmb = #1[144])
02-05 01:13:16.697   581  5115 D DlbDap2Process: setParam(dsb = #1[0])
02-05 01:13:16.697   581  5115 D DlbDap2Process: setParam(ded = #1[0])
02-05 01:13:16.697   581  5115 D DlbDap2Process: setParam(vbm = #1[0])
02-05 01:13:16.697   581  5115 D DlbDap2Process: setParam(dom = #1[0])
02-05 01:13:16.697   581  5115 D DlbDap2Process: setParam(bew = #1[16])
02-05 01:13:16.697   581  5115 D DlbDap2Process: setParam(dvla = #1[5])
02-05 01:13:16.697   581  5115 D DlbDap2Process: setParam(arra = #1[96])
02-05 01:13:16.697   581  5115 D DlbDap2Process: setParam(dfsa = #1[10])
02-05 01:13:16.697   581  5115 D DlbDap2Process: setParam(dhsa = #1[10])
02-05 01:13:16.697   581  5115 D DlbDap2Process: setParam(dvmc = #1[0])
02-05 01:13:16.697   581  5115 D DlbDap2Process: setParam(arod = #1[0])
02-05 01:13:16.697   581  5115 D DlbDap2Process: setParam(arde = #1[0])
02-05 01:13:16.697   581  5115 D DlbDap2Process: setParam(dvle = #1[1])
02-05 01:13:16.697   581  5115 D DlbDap2Process: setParam(dvme = #1[0])
02-05 01:13:16.698   581  5115 D DlbDap2Process: setParam(becf = #1[200])
02-05 01:13:16.698   581  5115 D DlbDap2Process: setParam(vbmf = #2[94, 469])
02-05 01:13:16.698   581  5115 D DlbDap2Process: setParam(vbsf = #2[35, 160])
02-05 01:13:16.698   581  5115 D DlbDap2Process: setParam(vbhg = #3[-32, -144, -192])
02-05 01:13:16.698   581  5115 D DlbDap2Process: setParam(vbog = #1[0])
02-05 01:13:16.698   581  5115 D DlbDap2Process: setParam(vbsg = #1[0])
02-05 01:13:16.698   581  5115 D DlbDap2Process: setParam(dvli = #1[-320])
02-05 01:13:16.698   581  5115 D DlbDap2Process: setParam(dhfm = #1[0])
02-05 01:13:16.698   581  5115 D DlbDap2Process: setParam(vbon = #1[0])
02-05 01:13:16.698   581  5115 D DlbDap2Process: setParam(beon = #1[1])
02-05 01:13:16.698   581  5115 D DlbDap2Process: setParam(deon = #1[0])
02-05 01:13:16.698   581  5115 D DlbDap2Process: setParam(ngon = #1[1])
02-05 01:13:16.699   581  5115 D DlbDap2Process: setParam(aoon = #1[0])
02-05 01:13:16.699   581  5115 D DlbDap2Process: setParam(aron = #1[1])
02-05 01:13:16.699   581  5115 D DlbDap2Process: setParam(dvlo = #1[-320])
02-05 01:13:16.699   581  5115 D DlbDap2Process: setParam(artp = #1[12])
02-05 01:13:16.701   581  5115 D DlbDap2Process: setParam(aobs = #222[20, 10, 47, 141, 234, 328, 469, 656, 844, 1031, 1313, 1688, 2250, 3000, 3750, 4688, 5813, 7125, 9000, 11250, 13875, 19688, 0, 0, 0, 0, 0, 0, 0, 0, 0, 0, 0, 0, 0, 0, 0, 0, 0, 0, 0, 0, 0, 0, 0, 0, 0, 0, 0, 0, 0, 0, 0, 0, 0, 0, 0, 0, 0, 0, 0, 0, 0, 0, 0, 0, 0, 0, 0, 0, 0, 0, 0, 0, 0, 0, 0, 0, 0, 0, 0, 0, 0, 0, 0, 0, 0, 0, 0, 0, 0, 0, 0, 0, 0, 0, 0, 0, 0, 0, 0, 0, 0, 0, 0, 0, 0, 0, 0, 0, 0, 0, 0, 0, 0, 0, 0, 0, 0, 0, 0, 0, 0, 0, 0, 0, 0, 0, 0, 0, 0, 0, 0, 0, 0, 0, 0, 0, 0, 0, 0, 0, 0, 0, 0, 0, 0, 0, 0, 0, 0, 0, 0, 0, 0, 0, 0, 0, 0, 0, 0, 0, 0, 0, 0, 0, 0, 0, 0, 0, 0, 0, 0, 0, 0, 0, 0, 0, 0, 0, 0, 0, 0, 0, 0, 0, 0, 0, 0, 0, 0, 0, 0, 0, 0, 0, 0, 0, 0, 0, 0, 0, 0, 0, 0, 0, 0, 0, 0, 0, 0, 0, 0, 0, 0, 0, 0, 0, 0, 0, 0, 0])
02-05 01:13:16.702   581  5115 D DlbDap2Process: setParam(arbs = #81[20, 47, 141, 234, 328, 469, 656, 844, 1031, 1313, 1688, 2250, 3000, 3750, 4688, 5813, 7125, 9000, 11250, 13875, 19688, -192, -192, -192, -192, -192, -192, -192, -192, -192, -192, -192, -192, -192, -192, -192, -192, -192, -192, -192, -192, 0, 0, 0, 0, 0, 0, 0, 0, 0, 0, 0, 0, 0, 0, 0, 0, 0, 0, 0, 0, 0, 0, 0, 0, 0, 0, 0, 0, 0, 0, 0, 0, 0, 0, 0, 0, 0, 0, 0, 0])
02-05 01:13:16.702   581  5115 D DlbDapEndpointParamCache: doCommit() Committed 37 parameters out of 37.
02-05 01:13:16.702   581  5115 D DlbDap2Process: setMave(mave = 0)
02-05 01:13:17.684  3485  3532 V Avrcp   : MSG_UPDATE_MEDIA
02-05 01:13:17.687  3485  3532 V Avrcp   : updatePlaybackState (0): 0➡1(PlaybackState {state=3, position=-1, buffered position=0, speed=1.0, updated=110440463, actions=0, custom actions=[], active item id=-1, error=null})
02-05 01:13:17.688  3485  3532 V Avrcp   : Media update: id -1➡-1? [MediaAttributes: none]
02-05 01:13:17.690  3485  3532 D Avrcp   : sendPlayPosNotificationRsp: Not registered or requesting.
02-05 01:13:17.712  3485  3532 V Avrcp   : MSG_NATIVE_REQ_REGISTER_NOTIFICATION:event=1 param=0
02-05 01:13:17.713  3485  3532 V Avrcp   : updatePlaybackState (1): 1➡1(PlaybackState {state=3, position=-1, buffered position=0, speed=1.0, updated=110440490, actions=0, custom actions=[], active item id=-1, error=null})
02-05 01:13:17.926   816   816 W WindowManager: removeWindowToken: Attempted to remove non-existing token: android.os.Binder@cded2f1
02-05 01:13:17.988   429   429 D SurfaceFlinger: duplicate layer name: changing Toast to Toast#1
02-05 01:13:18.638   581  5115 D DlbDap2Process: process() called [406500] times
02-05 01:13:19.954   816   816 W WindowManager: removeWindowToken: Attempted to remove non-existing token: android.os.Binder@aa62ff3
02-05 01:13:20.702  3150  3150 I ServiceManager: Waiting for service AtCmdFwd...
02-05 01:13:21.545   581  5115 D DlbDap2Process: process() called [407000] times
