02-05 01:17:11.211   589   589 D NuPlayerDriver: reset(0xe57324d0) at state 5
02-05 01:17:11.214   589   589 D NuPlayerDriver: notifyListener_l(0xe57324d0), (8, 0, 0, -1), loop setting(0, 1)
02-05 01:17:11.228   589  6368 D NuPlayerDriver: notifyResetComplete(0xe57324d0)
02-05 01:17:11.229   589   589 D AudioTrack: stop() called with 0 frames delivered
02-05 01:17:11.561  6420  6420 D featureTest: onCreate
02-05 01:17:11.569   581  7829 W AudioFlinger: createTrack_l(): mismatch between requested flags (00000008) and output flags (00000000)
02-05 01:17:11.569  6420  6420 D AudioTrack: Client defaulted notificationFrames to 3916 for frameCount 11748
02-05 01:17:11.576  6420  6420 W AudioTrack: Use of stream types is deprecated for operations other than volume control
02-05 01:17:11.576  6420  6420 W AudioTrack: See the documentation of AudioTrack() for what to use instead with android.media.AudioAttributes to qualify your playback use case
02-05 01:17:11.588  6420  6420 D featureTest: onResume
02-05 01:17:11.939   581  5115 D DlbDap2Process: process() called [446500] times
02-05 01:17:12.402  6420  6420 D featureTest: receive broadcast , playing content location :/sdcard/featureTest/chopper_2.0_180_420_02.wav
02-05 01:17:12.412  6420  6420 D featureTest: mMediaPlayer.getAudioSessionId(): 5833
02-05 01:17:12.412  6420  6420 D featureTest: Playing file: /sdcard/featureTest/chopper_2.0_180_420_02.wav
02-05 01:17:12.413   589   709 D NuPlayerDriver: NuPlayerDriver(0xe5732230) created, clientPid(6420)
02-05 01:17:12.438   589  6451 D NuPlayerDriver: notifyListener_l(0xe5732230), (1, 0, 0, -1), loop setting(0, 0)
02-05 01:17:12.449   589   709 D NuPlayerDriver: start(0xe5732230), state is 4, eos is 0
02-05 01:17:12.458   593  1187 I OMXMaster: makeComponentInstance(OMX.google.raw.decoder) in android.hardwar process
02-05 01:17:12.465  6420  6420 D featureTest: receive broadcast , change ds status :0
02-05 01:17:12.466   589  6458 I ACodec  : codec does not support config priority (err -2147483648)
02-05 01:17:12.467   589  6458 I MediaCodec: MediaCodec will operate in async mode
02-05 01:17:12.478   581  7829 W AudioFlinger: createTrack_l(): mismatch between requested flags (00000008) and output flags (00000000)
02-05 01:17:12.479   589  6456 D AudioTrack: Client defaulted notificationFrames to 11200 for frameCount 22400
02-05 01:17:12.481   589  6451 D NuPlayerDriver: notifyListener_l(0xe5732230), (6, 0, 0, -1), loop setting(0, 1)
02-05 01:17:12.492   581  4435 D DlbDlbEffect: handle_EFFECT_CMD_SET_PARAM()
02-05 01:17:12.518   581  5115 D DlbDapCrossfadeProcess: setEnabled transitioning from DAP_ACTIVE state to FADE_TO_BYPASS
02-05 01:17:12.548  6420  6420 D featureTest: receive broadcast , change ds profile id :2
02-05 01:17:12.556   581  5110 D DlbDlbEffect: handle_EFFECT_CMD_SET_PARAM()
02-05 01:17:12.556   421   460 I DapController: Profile Changed to Music
02-05 01:17:12.573   581  5115 D DlbDapEndpointParamCache: commitChangedParams()
02-05 01:17:12.573   581  5115 D DlbDapEndpointParamCache: commit() Applying parameters for device 0x40000000
02-05 01:17:12.573   581  5115 D DlbDap2Process: setParam(iea = #1[10])
02-05 01:17:12.573   581  5115 D DlbDap2Process: setParam(msce = #1[0])
02-05 01:17:12.573   581  5115 D DlbDap2Process: setParam(mdee = #1[0])
02-05 01:17:12.573   581  5115 D DlbDap2Process: setParam(miee = #1[0])
02-05 01:17:12.573   581  5115 D DlbDap2Process: setParam(mdle = #1[0])
02-05 01:17:12.573   581  5115 D DlbDap2Process: setParam(dvle = #1[1])
02-05 01:17:12.573   581  5115 D DlbDap2Process: setParam(mave = #1[0])
02-05 01:17:12.573   581  5115 D DlbDap2Process: setParam(vcbf = #20[47, 141, 234, 328, 469, 656, 844, 1031, 1313, 1688, 2250, 3000, 3750, 4688, 5813, 7125, 9000, 11250, 13875, 19688])
02-05 01:17:12.573   581  5115 D DlbDap2Process: setParam(vbon = #1[0])
02-05 01:17:12.573   581  5115 D DlbDap2Process: setParam(beon = #1[0])
02-05 01:17:12.573   581  5115 D DlbDap2Process: setParam(geon = #1[0])
02-05 01:17:12.573   581  5115 D DlbDap2Process: setParam(ieon = #1[1])
02-05 01:17:12.573   581  5115 D DlbDap2Process: setParam(gebs = #41[20, 47, 141, 234, 328, 469, 656, 844, 1031, 1313, 1688, 2250, 3000, 3750, 4688, 5813, 7125, 9000, 11250, 13875, 19688, 0, 0, 0, 0, 0, 0, 0, 0, 0, 0, 0, 0, 0, 0, 0, 0, 0, 0, 0, 0])
02-05 01:17:12.573   581  5115 D DlbDap2Process: setParam(iebs = #41[20, 65, 136, 223, 332, 467, 634, 841, 1098, 1416, 1812, 2302, 2909, 3663, 4598, 5756, 7194, 8976, 11186, 13927, 17326, 117, 133, 188, 176, 141, 149, 175, 185, 185, 200, 236, 242, 228, 213, 182, 132, 110, 68, -27, -240])
02-05 01:17:12.573   581  5115 D DlbDapEndpointParamCache: doCommit() Committed 15 parameters out of 16.
02-05 01:17:12.574   581  5115 D DlbDapEndpointParamCache: commit() Overriding parameters for current device 0x00000080
02-05 01:17:12.574   581  5115 D DlbDap2Process: setParam(dea = #1[7])
02-05 01:17:12.574   581  5115 D DlbDap2Process: setParam(dsa = #1[10])
02-05 01:17:12.574   581  5115 D DlbDap2Process: setParam(beb = #1[192])
02-05 01:17:12.574   581  5115 D DlbDap2Process: setParam(plb = #1[0])
02-05 01:17:12.574   581  5115 D DlbDap2Process: setParam(vmb = #1[144])
02-05 01:17:12.574   581  5115 D DlbDap2Process: setParam(dsb = #1[0])
02-05 01:17:12.574   581  5115 D DlbDap2Process: setParam(ded = #1[0])
02-05 01:17:12.574   581  5115 D DlbDap2Process: setParam(vbm = #1[0])
02-05 01:17:12.574   581  5115 D DlbDap2Process: setParam(dom = #1[0])
02-05 01:17:12.574   581  5115 D DlbDap2Process: setParam(bew = #1[16])
02-05 01:17:12.574   581  5115 D DlbDap2Process: setParam(dvla = #1[4])
02-05 01:17:12.574   581  5115 D DlbDap2Process: setParam(arra = #1[96])
02-05 01:17:12.574   581  5115 D DlbDap2Process: setParam(dfsa = #1[10])
02-05 01:17:12.574   581  5115 D DlbDap2Process: setParam(dhsa = #1[10])
02-05 01:17:12.574   581  5115 D DlbDap2Process: setParam(dvmc = #1[0])
02-05 01:17:12.574   581  5115 D DlbDap2Process: setParam(arod = #1[0])
02-05 01:17:12.574   581  5115 D DlbDap2Process: setParam(arde = #1[0])
02-05 01:17:12.574   581  5115 D DlbDap2Process: setParam(dvle = #1[1])
02-05 01:17:12.574   581  5115 D DlbDap2Process: setParam(dvme = #1[0])
02-05 01:17:12.574   581  5115 D DlbDap2Process: setParam(becf = #1[200])
02-05 01:17:12.574   581  5115 D DlbDap2Process: setParam(vbmf = #2[94, 469])
02-05 01:17:12.574   581  5115 D DlbDap2Process: setParam(vbsf = #2[35, 160])
02-05 01:17:12.574   581  5115 D DlbDap2Process: setParam(vbhg = #3[-32, -144, -192])
02-05 01:17:12.574   581  5115 D DlbDap2Process: setParam(vbog = #1[0])
02-05 01:17:12.574   581  5115 D DlbDap2Process: setParam(vbsg = #1[0])
02-05 01:17:12.574   581  5115 D DlbDap2Process: setParam(dvli = #1[-320])
02-05 01:17:12.574   581  5115 D DlbDap2Process: setParam(dhfm = #1[0])
02-05 01:17:12.574   581  5115 D DlbDap2Process: setParam(vbon = #1[0])
02-05 01:17:12.574   581  5115 D DlbDap2Process: setParam(beon = #1[0])
02-05 01:17:12.574   581  5115 D DlbDap2Process: setParam(deon = #1[0])
02-05 01:17:12.574   581  5115 D DlbDap2Process: setParam(ngon = #1[1])
02-05 01:17:12.574   581  5115 D DlbDap2Process: setParam(aoon = #1[0])
02-05 01:17:12.574   581  5115 D DlbDap2Process: setParam(aron = #1[1])
02-05 01:17:12.574   581  5115 D DlbDap2Process: setParam(dvlo = #1[-320])
02-05 01:17:12.574   581  5115 D DlbDap2Process: setParam(artp = #1[12])
02-05 01:17:12.575   581  5115 D DlbDap2Process: setParam(aobs = #222[20, 10, 47, 141, 234, 328, 469, 656, 844, 1031, 1313, 1688, 2250, 3000, 3750, 4688, 5813, 7125, 9000, 11250, 13875, 19688, 0, 0, 0, 0, 0, 0, 0, 0, 0, 0, 0, 0, 0, 0, 0, 0, 0, 0, 0, 0, 0, 0, 0, 0, 0, 0, 0, 0, 0, 0, 0, 0, 0, 0, 0, 0, 0, 0, 0, 0, 0, 0, 0, 0, 0, 0, 0, 0, 0, 0, 0, 0, 0, 0, 0, 0, 0, 0, 0, 0, 0, 0, 0, 0, 0, 0, 0, 0, 0, 0, 0, 0, 0, 0, 0, 0, 0, 0, 0, 0, 0, 0, 0, 0, 0, 0, 0, 0, 0, 0, 0, 0, 0, 0, 0, 0, 0, 0, 0, 0, 0, 0, 0, 0, 0, 0, 0, 0, 0, 0, 0, 0, 0, 0, 0, 0, 0, 0, 0, 0, 0, 0, 0, 0, 0, 0, 0, 0, 0, 0, 0, 0, 0, 0, 0, 0, 0, 0, 0, 0, 0, 0, 0, 0, 0, 0, 0, 0, 0, 0, 0, 0, 0, 0, 0, 0, 0, 0, 0, 0, 0, 0, 0, 0, 0, 0, 0, 0, 0, 0, 0, 0, 0, 0, 0, 0, 0, 0, 0, 0, 0, 0, 0, 0, 0, 0, 0, 0, 0, 0, 0, 0, 0, 0, 0, 0, 0, 0, 0, 0])
02-05 01:17:12.575   581  5115 D DlbDap2Process: setParam(arbs = #81[20, 47, 141, 234, 328, 469, 656, 844, 1031, 1313, 1688, 2250, 3000, 3750, 4688, 5813, 7125, 9000, 11250, 13875, 19688, -192, -192, -192, -192, -192, -192, -192, -192, -192, -192, -192, -192, -192, -192, -192, -192, -192, -192, -192, -192, 0, 0, 0, 0, 0, 0, 0, 0, 0, 0, 0, 0, 0, 0, 0, 0, 0, 0, 0, 0, 0, 0, 0, 0, 0, 0, 0, 0, 0, 0, 0, 0, 0, 0, 0, 0, 0, 0, 0, 0])
02-05 01:17:12.575   581  5115 D DlbDapEndpointParamCache: doCommit() Committed 37 parameters out of 37.
02-05 01:17:12.575   581  5115 D DlbDap2Process: setMave(mave = 0)
02-05 01:17:12.620   581  5115 D DlbDapCrossfadeProcess: process transitioning from FADE_TO_BYPASS state to DAP_BYPASSED
02-05 01:17:12.621  6420  6420 D featureTest: receive broadcast , playing content location :/sdcard/featureTest/chopper_2.0_180_420_02.wav
02-05 01:17:12.623   589   589 D NuPlayerDriver: stop(0xe5732230)
02-05 01:17:12.623   589   589 D NuPlayerDriver: notifyListener_l(0xe5732230), (8, 0, 0, -1), loop setting(0, 1)
02-05 01:17:12.624   589  1170 D NuPlayerDriver: reset(0xe5732230) at state 8
02-05 01:17:12.631   589  6451 D NuPlayerDriver: notifyResetComplete(0xe5732230)
02-05 01:17:12.631   589  1183 D NuPlayerDriver: reset(0xe5732230) at state 0
02-05 01:17:12.638  6420  6420 D featureTest: mMediaPlayer.getAudioSessionId(): 5841
02-05 01:17:12.638  6420  6420 D featureTest: Playing file: /sdcard/featureTest/chopper_2.0_180_420_02.wav
02-05 01:17:12.640   589   589 D NuPlayerDriver: NuPlayerDriver(0xe57324d0) created, clientPid(6420)
02-05 01:17:12.661   589  6472 D NuPlayerDriver: notifyListener_l(0xe57324d0), (1, 0, 0, -1), loop setting(0, 0)
02-05 01:17:12.666   589   589 D NuPlayerDriver: start(0xe57324d0), state is 4, eos is 0
02-05 01:17:12.676   593  1162 I OMXMaster: makeComponentInstance(OMX.google.raw.decoder) in android.hardwar process
02-05 01:17:12.680   589  6478 I ACodec  : codec does not support config priority (err -2147483648)
02-05 01:17:12.683   589  6478 I MediaCodec: MediaCodec will operate in async mode
02-05 01:17:12.693   581  7829 W AudioFlinger: createTrack_l(): mismatch between requested flags (00000008) and output flags (00000000)
02-05 01:17:12.694   589  6476 D AudioTrack: Client defaulted notificationFrames to 11200 for frameCount 22400
02-05 01:17:12.695   589  6472 D NuPlayerDriver: notifyListener_l(0xe57324d0), (6, 0, 0, -1), loop setting(0, 1)
02-05 01:17:12.723  6420  6420 D featureTest: receive broadcast , change ds status :1
02-05 01:17:12.753   581  5143 D DlbDlbEffect: handle_EFFECT_CMD_SET_PARAM()
02-05 01:17:12.777   581  5115 D DlbDapCrossfadeProcess: setEnabled transitioning from DAP_BYPASSED state to PREROLL_ACTIVE
02-05 01:17:12.810  6420  6420 D featureTest: receive broadcast , change ds profile id :5
02-05 01:17:12.821   581  5115 D DlbDapCrossfadeProcess: process transitioning from PREROLL_ACTIVE state to FADE_TO_ACTIVE
02-05 01:17:12.825   581  5356 D DlbDlbEffect: handle_EFFECT_CMD_SET_PARAM()
02-05 01:17:12.826   421   460 I DapController: Profile Changed to Custom
02-05 01:17:12.833   581  5115 D DlbDapEndpointParamCache: commitChangedParams()
02-05 01:17:12.833   581  5115 D DlbDapEndpointParamCache: commit() Applying parameters for device 0x40000000
02-05 01:17:12.833   581  5115 D DlbDap2Process: setParam(iea = #1[10])
02-05 01:17:12.833   581  5115 D DlbDap2Process: setParam(msce = #1[0])
02-05 01:17:12.833   581  5115 D DlbDap2Process: setParam(mdee = #1[0])
02-05 01:17:12.833   581  5115 D DlbDap2Process: setParam(miee = #1[0])
02-05 01:17:12.833   581  5115 D DlbDap2Process: setParam(mdle = #1[0])
02-05 01:17:12.833   581  5115 D DlbDap2Process: setParam(dvle = #1[1])
02-05 01:17:12.833   581  5115 D DlbDap2Process: setParam(mave = #1[0])
02-05 01:17:12.833   581  5115 D DlbDap2Process: setParam(vcbf = #20[47, 141, 234, 328, 469, 656, 844, 1031, 1313, 1688, 2250, 3000, 3750, 4688, 5813, 7125, 9000, 11250, 13875, 19688])
02-05 01:17:12.833   581  5115 D DlbDap2Process: setParam(vbon = #1[0])
02-05 01:17:12.833   581  5115 D DlbDap2Process: setParam(beon = #1[0])
02-05 01:17:12.833   581  5115 D DlbDap2Process: setParam(geon = #1[0])
02-05 01:17:12.833   581  5115 D DlbDap2Process: setParam(ieon = #1[0])
02-05 01:17:12.833   581  5115 D DlbDap2Process: setParam(gebs = #41[20, 47, 141, 234, 328, 469, 656, 844, 1031, 1313, 1688, 2250, 3000, 3750, 4688, 5813, 7125, 9000, 11250, 13875, 19688, 0, 0, 0, 0, 0, 0, 0, 0, 0, 0, 0, 0, 0, 0, 0, 0, 0, 0, 0, 0])
02-05 01:17:12.834   581  5115 D DlbDap2Process: setParam(iebs = #41[20, 65, 136, 223, 332, 467, 634, 841, 1098, 1416, 1812, 2302, 2909, 3663, 4598, 5756, 7194, 8976, 11186, 13927, 17326, 117, 133, 188, 176, 141, 149, 175, 185, 185, 200, 236, 242, 228, 213, 182, 132, 110, 68, -27, -240])
02-05 01:17:12.834   581  5115 D DlbDapEndpointParamCache: doCommit() Committed 15 parameters out of 16.
02-05 01:17:12.834   581  5115 D DlbDapEndpointParamCache: commit() Overriding parameters for current device 0x00000080
02-05 01:17:12.834   581  5115 D DlbDap2Process: setParam(dea = #1[7])
02-05 01:17:12.834   581  5115 D DlbDap2Process: setParam(dsa = #1[10])
02-05 01:17:12.834   581  5115 D DlbDap2Process: setParam(beb = #1[192])
02-05 01:17:12.834   581  5115 D DlbDap2Process: setParam(plb = #1[0])
02-05 01:17:12.834   581  5115 D DlbDap2Process: setParam(vmb = #1[144])
02-05 01:17:12.834   581  5115 D DlbDap2Process: setParam(dsb = #1[0])
02-05 01:17:12.834   581  5115 D DlbDap2Process: setParam(ded = #1[0])
02-05 01:17:12.834   581  5115 D DlbDap2Process: setParam(vbm = #1[0])
02-05 01:17:12.834   581  5115 D DlbDap2Process: setParam(dom = #1[0])
02-05 01:17:12.834   581  5115 D DlbDap2Process: setParam(bew = #1[16])
02-05 01:17:12.834   581  5115 D DlbDap2Process: setParam(dvla = #1[5])
02-05 01:17:12.834   581  5115 D DlbDap2Process: setParam(arra = #1[96])
02-05 01:17:12.834   581  5115 D DlbDap2Process: setParam(dfsa = #1[10])
02-05 01:17:12.834   581  5115 D DlbDap2Process: setParam(dhsa = #1[10])
02-05 01:17:12.834   581  5115 D DlbDap2Process: setParam(dvmc = #1[0])
02-05 01:17:12.834   581  5115 D DlbDap2Process: setParam(arod = #1[0])
02-05 01:17:12.834   581  5115 D DlbDap2Process: setParam(arde = #1[0])
02-05 01:17:12.834   581  5115 D DlbDap2Process: setParam(dvle = #1[1])
02-05 01:17:12.834   581  5115 D DlbDap2Process: setParam(dvme = #1[0])
02-05 01:17:12.834   581  5115 D DlbDap2Process: setParam(becf = #1[200])
02-05 01:17:12.834   581  5115 D DlbDap2Process: setParam(vbmf = #2[94, 469])
02-05 01:17:12.834   581  5115 D DlbDap2Process: setParam(vbsf = #2[35, 160])
02-05 01:17:12.834   581  5115 D DlbDap2Process: setParam(vbhg = #3[-32, -144, -192])
02-05 01:17:12.834   581  5115 D DlbDap2Process: setParam(vbog = #1[0])
02-05 01:17:12.834   581  5115 D DlbDap2Process: setParam(vbsg = #1[0])
02-05 01:17:12.834   581  5115 D DlbDap2Process: setParam(dvli = #1[-320])
02-05 01:17:12.834   581  5115 D DlbDap2Process: setParam(dhfm = #1[0])
02-05 01:17:12.834   581  5115 D DlbDap2Process: setParam(vbon = #1[0])
02-05 01:17:12.834   581  5115 D DlbDap2Process: setParam(beon = #1[0])
02-05 01:17:12.834   581  5115 D DlbDap2Process: setParam(deon = #1[0])
02-05 01:17:12.835   581  5115 D DlbDap2Process: setParam(ngon = #1[1])
02-05 01:17:12.835   581  5115 D DlbDap2Process: setParam(aoon = #1[0])
02-05 01:17:12.835   581  5115 D DlbDap2Process: setParam(aron = #1[1])
02-05 01:17:12.835   581  5115 D DlbDap2Process: setParam(dvlo = #1[-320])
02-05 01:17:12.835   581  5115 D DlbDap2Process: setParam(artp = #1[12])
02-05 01:17:12.835   581  5115 D DlbDap2Process: setParam(aobs = #222[20, 10, 47, 141, 234, 328, 469, 656, 844, 1031, 1313, 1688, 2250, 3000, 3750, 4688, 5813, 7125, 9000, 11250, 13875, 19688, 0, 0, 0, 0, 0, 0, 0, 0, 0, 0, 0, 0, 0, 0, 0, 0, 0, 0, 0, 0, 0, 0, 0, 0, 0, 0, 0, 0, 0, 0, 0, 0, 0, 0, 0, 0, 0, 0, 0, 0, 0, 0, 0, 0, 0, 0, 0, 0, 0, 0, 0, 0, 0, 0, 0, 0, 0, 0, 0, 0, 0, 0, 0, 0, 0, 0, 0, 0, 0, 0, 0, 0, 0, 0, 0, 0, 0, 0, 0, 0, 0, 0, 0, 0, 0, 0, 0, 0, 0, 0, 0, 0, 0, 0, 0, 0, 0, 0, 0, 0, 0, 0, 0, 0, 0, 0, 0, 0, 0, 0, 0, 0, 0, 0, 0, 0, 0, 0, 0, 0, 0, 0, 0, 0, 0, 0, 0, 0, 0, 0, 0, 0, 0, 0, 0, 0, 0, 0, 0, 0, 0, 0, 0, 0, 0, 0, 0, 0, 0, 0, 0, 0, 0, 0, 0, 0, 0, 0, 0, 0, 0, 0, 0, 0, 0, 0, 0, 0, 0, 0, 0, 0, 0, 0, 0, 0, 0, 0, 0, 0, 0, 0, 0, 0, 0, 0, 0, 0, 0, 0, 0, 0, 0, 0, 0, 0, 0, 0, 0, 0])
02-05 01:17:12.836   581  5115 D DlbDap2Process: setParam(arbs = #81[20, 47, 141, 234, 328, 469, 656, 844, 1031, 1313, 1688, 2250, 3000, 3750, 4688, 5813, 7125, 9000, 11250, 13875, 19688, -192, -192, -192, -192, -192, -192, -192, -192, -192, -192, -192, -192, -192, -192, -192, -192, -192, -192, -192, -192, 0, 0, 0, 0, 0, 0, 0, 0, 0, 0, 0, 0, 0, 0, 0, 0, 0, 0, 0, 0, 0, 0, 0, 0, 0, 0, 0, 0, 0, 0, 0, 0, 0, 0, 0, 0, 0, 0, 0, 0])
02-05 01:17:12.836   581  5115 D DlbDapEndpointParamCache: doCommit() Committed 37 parameters out of 37.
02-05 01:17:12.836   581  5115 D DlbDap2Process: setMave(mave = 0)
02-05 01:17:12.896  6420  6420 D featureTest: receive broadcast , change virtual speaker  virtualizer :1
02-05 01:17:12.915   581   731 D DlbDlbEffect: handle_EFFECT_CMD_SET_PARAM()
02-05 01:17:12.938   581  5115 D DlbDapEndpointParamCache: commitChangedParams()
02-05 01:17:12.938   581  5115 D DlbDapEndpointParamCache: commit() Applying parameters for device 0x40000000
02-05 01:17:12.938   581  5115 D DlbDap2Process: setParam(iea = #1[10])
02-05 01:17:12.938   581  5115 D DlbDap2Process: setParam(msce = #1[0])
02-05 01:17:12.938   581  5115 D DlbDap2Process: setParam(mdee = #1[0])
02-05 01:17:12.938   581  5115 D DlbDap2Process: setParam(miee = #1[0])
02-05 01:17:12.938   581  5115 D DlbDap2Process: setParam(mdle = #1[0])
02-05 01:17:12.938   581  5115 D DlbDap2Process: setParam(dvle = #1[1])
02-05 01:17:12.938   581  5115 D DlbDap2Process: setParam(mave = #1[0])
02-05 01:17:12.938   581  5115 D DlbDap2Process: setParam(vcbf = #20[47, 141, 234, 328, 469, 656, 844, 1031, 1313, 1688, 2250, 3000, 3750, 4688, 5813, 7125, 9000, 11250, 13875, 19688])
02-05 01:17:12.938   581  5115 D DlbDap2Process: setParam(vbon = #1[0])
02-05 01:17:12.938   581  5115 D DlbDap2Process: setParam(beon = #1[0])
02-05 01:17:12.938   581  5115 D DlbDap2Process: setParam(geon = #1[0])
02-05 01:17:12.938   581  5115 D DlbDap2Process: setParam(ieon = #1[0])
02-05 01:17:12.938   581  5115 D DlbDap2Process: setParam(gebs = #41[20, 47, 141, 234, 328, 469, 656, 844, 1031, 1313, 1688, 2250, 3000, 3750, 4688, 5813, 7125, 9000, 11250, 13875, 19688, 0, 0, 0, 0, 0, 0, 0, 0, 0, 0, 0, 0, 0, 0, 0, 0, 0, 0, 0, 0])
02-05 01:17:12.938   581  5115 D DlbDap2Process: setParam(iebs = #41[20, 65, 136, 223, 332, 467, 634, 841, 1098, 1416, 1812, 2302, 2909, 3663, 4598, 5756, 7194, 8976, 11186, 13927, 17326, 117, 133, 188, 176, 141, 149, 175, 185, 185, 200, 236, 242, 228, 213, 182, 132, 110, 68, -27, -240])
02-05 01:17:12.938   581  5115 D DlbDapEndpointParamCache: doCommit() Committed 15 parameters out of 16.
02-05 01:17:12.938   581  5115 D DlbDapEndpointParamCache: commit() Overriding parameters for current device 0x00000080
02-05 01:17:12.938   581  5115 D DlbDap2Process: setParam(dea = #1[7])
02-05 01:17:12.938   581  5115 D DlbDap2Process: setParam(dsa = #1[10])
02-05 01:17:12.938   581  5115 D DlbDap2Process: setParam(beb = #1[192])
02-05 01:17:12.939   581  5115 D DlbDap2Process: setParam(plb = #1[0])
02-05 01:17:12.939   581  5115 D DlbDap2Process: setParam(vmb = #1[144])
02-05 01:17:12.939   581  5115 D DlbDap2Process: setParam(dsb = #1[0])
02-05 01:17:12.939   581  5115 D DlbDap2Process: setParam(ded = #1[0])
02-05 01:17:12.939   581  5115 D DlbDap2Process: setParam(vbm = #1[0])
02-05 01:17:12.939   581  5115 D DlbDap2Process: setParam(dom = #1[0])
02-05 01:17:12.939   581  5115 D DlbDap2Process: setParam(bew = #1[16])
02-05 01:17:12.939   581  5115 D DlbDap2Process: setParam(dvla = #1[5])
02-05 01:17:12.939   581  5115 D DlbDap2Process: setParam(arra = #1[96])
02-05 01:17:12.939   581  5115 D DlbDap2Process: setParam(dfsa = #1[10])
02-05 01:17:12.939   581  5115 D DlbDap2Process: setParam(dhsa = #1[10])
02-05 01:17:12.939   581  5115 D DlbDap2Process: setParam(dvmc = #1[0])
02-05 01:17:12.939   581  5115 D DlbDap2Process: setParam(arod = #1[0])
02-05 01:17:12.939   581  5115 D DlbDap2Process: setParam(arde = #1[0])
02-05 01:17:12.939   581  5115 D DlbDap2Process: setParam(dvle = #1[1])
02-05 01:17:12.939   581  5115 D DlbDap2Process: setParam(dvme = #1[0])
02-05 01:17:12.939   581  5115 D DlbDap2Process: setParam(becf = #1[200])
02-05 01:17:12.939   581  5115 D DlbDap2Process: setParam(vbmf = #2[94, 469])
02-05 01:17:12.939   581  5115 D DlbDap2Process: setParam(vbsf = #2[35, 160])
02-05 01:17:12.939   581  5115 D DlbDap2Process: setParam(vbhg = #3[-32, -144, -192])
02-05 01:17:12.939   581  5115 D DlbDap2Process: setParam(vbog = #1[0])
02-05 01:17:12.939   581  5115 D DlbDap2Process: setParam(vbsg = #1[0])
02-05 01:17:12.939   581  5115 D DlbDap2Process: setParam(dvli = #1[-320])
02-05 01:17:12.939   581  5115 D DlbDap2Process: setParam(dhfm = #1[0])
02-05 01:17:12.939   581  5115 D DlbDap2Process: setParam(vbon = #1[0])
02-05 01:17:12.939   581  5115 D DlbDap2Process: setParam(beon = #1[0])
02-05 01:17:12.939   581  5115 D DlbDap2Process: setParam(deon = #1[0])
02-05 01:17:12.939   581  5115 D DlbDap2Process: setParam(ngon = #1[1])
02-05 01:17:12.939   581  5115 D DlbDap2Process: setParam(aoon = #1[0])
02-05 01:17:12.939   581  5115 D DlbDap2Process: setParam(aron = #1[1])
02-05 01:17:12.939   581  5115 D DlbDap2Process: setParam(dvlo = #1[-320])
02-05 01:17:12.939   581  5115 D DlbDap2Process: setParam(artp = #1[12])
02-05 01:17:12.940   581  5115 D DlbDap2Process: setParam(aobs = #222[20, 10, 47, 141, 234, 328, 469, 656, 844, 1031, 1313, 1688, 2250, 3000, 3750, 4688, 5813, 7125, 9000, 11250, 13875, 19688, 0, 0, 0, 0, 0, 0, 0, 0, 0, 0, 0, 0, 0, 0, 0, 0, 0, 0, 0, 0, 0, 0, 0, 0, 0, 0, 0, 0, 0, 0, 0, 0, 0, 0, 0, 0, 0, 0, 0, 0, 0, 0, 0, 0, 0, 0, 0, 0, 0, 0, 0, 0, 0, 0, 0, 0, 0, 0, 0, 0, 0, 0, 0, 0, 0, 0, 0, 0, 0, 0, 0, 0, 0, 0, 0, 0, 0, 0, 0, 0, 0, 0, 0, 0, 0, 0, 0, 0, 0, 0, 0, 0, 0, 0, 0, 0, 0, 0, 0, 0, 0, 0, 0, 0, 0, 0, 0, 0, 0, 0, 0, 0, 0, 0, 0, 0, 0, 0, 0, 0, 0, 0, 0, 0, 0, 0, 0, 0, 0, 0, 0, 0, 0, 0, 0, 0, 0, 0, 0, 0, 0, 0, 0, 0, 0, 0, 0, 0, 0, 0, 0, 0, 0, 0, 0, 0, 0, 0, 0, 0, 0, 0, 0, 0, 0, 0, 0, 0, 0, 0, 0, 0, 0, 0, 0, 0, 0, 0, 0, 0, 0, 0, 0, 0, 0, 0, 0, 0, 0, 0, 0, 0, 0, 0, 0, 0, 0, 0, 0, 0])
02-05 01:17:12.940   581  5115 D DlbDap2Process: setParam(arbs = #81[20, 47, 141, 234, 328, 469, 656, 844, 1031, 1313, 1688, 2250, 3000, 3750, 4688, 5813, 7125, 9000, 11250, 13875, 19688, -192, -192, -192, -192, -192, -192, -192, -192, -192, -192, -192, -192, -192, -192, -192, -192, -192, -192, -192, -192, 0, 0, 0, 0, 0, 0, 0, 0, 0, 0, 0, 0, 0, 0, 0, 0, 0, 0, 0, 0, 0, 0, 0, 0, 0, 0, 0, 0, 0, 0, 0, 0, 0, 0, 0, 0, 0, 0, 0, 0])
02-05 01:17:12.940   581  5115 D DlbDapEndpointParamCache: doCommit() Committed 37 parameters out of 37.
02-05 01:17:12.940   581  5115 D DlbDap2Process: setMave(mave = 0)
02-05 01:17:12.942   581  5115 D DlbDapCrossfadeProcess: process transitioning from FADE_TO_ACTIVE state to DAP_ACTIVE
02-05 01:17:12.969  6420  6420 D featureTest: receive broadcast , record log :0
02-05 01:17:14.965   581  5115 D DlbDap2Process: process() called [447000] times
02-05 01:17:17.871   581  5115 D DlbDap2Process: process() called [447500] times
