--------- beginning of system
01-17 09:23:25.458   945  1508 I ActivityManager: Force stopping com.dolby.qa.featuretest appid=10073 user=0: from pid 30790
01-17 09:23:25.460   945  1508 I ActivityManager: Killing 30703:com.dolby.qa.featuretest/u0a73 (adj 0): stop com.dolby.qa.featuretest
01-17 09:23:25.461   945  1508 W ActivityManager: Force removing ActivityRecord{2f6480d u0 com.dolby.qa.featuretest/.MainActivity t265}: app died, no saved state
01-17 09:23:25.470   945  1508 I WindowManager: Failed to capture screenshot of Token{3ded3c2 ActivityRecord{2f6480d u0 com.dolby.qa.featuretest/.MainActivity t265 f}} appWin=Window{6903ab1 u0 com.dolby.qa.featuretest/com.dolby.qa.featuretest.MainActivity} drawState=4
--------- beginning of main
01-17 09:23:25.489   710  1419 D NuPlayerDriver: reset(0xe6bcbbd0) at state 5
01-17 09:23:25.490   710  1419 D NuPlayerDriver: notifyListener_l(0xe6bcbbd0), (8, 0, 0, -1), loop setting(0, 1)
01-17 09:23:25.491   684  3653 D AudioFlinger: trackStateChanged() Track id 751 state changed to 6
01-17 09:23:25.494   945  6310 I WindowManager: WIN DEATH: Window{7883c0b u0 Toast}
01-17 09:23:25.496   717  5783 I DDP_JOCDecoder: -> ~DDPDecoder
01-17 09:23:25.497   717  5783 I DDP_JOCDecoder: -> stop
01-17 09:23:25.497   645   645 I DMSService: unregisterClient type = 4, uid = e7f0fb70
01-17 09:23:25.523   645   645 D DatabaseHelper: failed to prepare SQL : INSERT INTO profiles VALUES(15
01-17 09:23:25.523   645   645 D DatabaseHelper: ,'custom','user2','user2','off','off')
01-17 09:23:25.523   645   645 D DatabaseHelper: failed to prepare SQL : INSERT INTO profile_endpoints VALUES(57
01-17 09:23:25.523   645   645 D DatabaseHelper: ,'custom','user2','speaker')
01-17 09:23:25.523   645   645 D DatabaseHelper: failed to prepare SQL : INSERT INTO profile_endpoints VALUES(57
01-17 09:23:25.523   645   645 D DatabaseHelper: ,'custom','user2','headphone')
01-17 09:23:25.523   645   645 D DatabaseHelper: failed to prepare SQL : INSERT INTO profile_endpoints VALUES(57
01-17 09:23:25.523   645   645 D DatabaseHelper: ,'custom','user2','passthrough')
01-17 09:23:25.524   645   645 D DatabaseHelper: failed to prepare SQL : INSERT INTO profile_endpoints VALUES(57
01-17 09:23:25.524   645   645 D DatabaseHelper: ,'custom','user2','other')
01-17 09:23:25.524   645   645 D DatabaseHelper: failed to prepare SQL : INSERT INTO profile_ports VALUES(85
01-17 09:23:25.524   645   645 D DatabaseHelper: ,'custom','user2','internal_speaker')
01-17 09:23:25.524   645   645 D DatabaseHelper: failed to prepare SQL : INSERT INTO profile_ports VALUES(85
01-17 09:23:25.524   645   645 D DatabaseHelper: ,'custom','user2','hdmi')
01-17 09:23:25.524   645   645 D DatabaseHelper: failed to prepare SQL : INSERT INTO profile_ports VALUES(85
01-17 09:23:25.524   645   645 D DatabaseHelper: ,'custom','user2','miracast')
01-17 09:23:25.524   645   645 D DatabaseHelper: failed to prepare SQL : INSERT INTO profile_ports VALUES(85
01-17 09:23:25.524   645   645 D DatabaseHelper: ,'custom','user2','headphone_port')
01-17 09:23:25.524   645   645 D DatabaseHelper: failed to prepare SQL : INSERT INTO profile_ports VALUES(85
01-17 09:23:25.524   645   645 D DatabaseHelper: ,'custom','user2','bluetooth')
01-17 09:23:25.524   645   645 D DatabaseHelper: failed to prepare SQL : INSERT INTO profile_ports VALUES(85
01-17 09:23:25.524   645   645 D DatabaseHelper: ,'custom','user2','usb')
01-17 09:23:25.524   645   645 D DatabaseHelper: failed to prepare SQL : INSERT INTO geq_presets VALUES(57
01-17 09:23:25.524   645   645 D DatabaseHelper: ,'custom','off','user2')
01-17 09:23:25.525   645   645 D DatabaseHelper: failed to prepare SQL : INSERT INTO geq_presets VALUES(57
01-17 09:23:25.525   645   645 D DatabaseHelper: ,'custom','open','user2')
01-17 09:23:25.525   645   645 D DatabaseHelper: failed to prepare SQL : INSERT INTO geq_presets VALUES(57
01-17 09:23:25.525   645   645 D DatabaseHelper: ,'custom','rich','user2')
01-17 09:23:25.525   645   645 D DatabaseHelper: failed to prepare SQL : INSERT INTO geq_presets VALUES(57
01-17 09:23:25.525   645   645 D DatabaseHelper: ,'custom','focused','user2')
01-17 09:23:25.547   717  5783 I DDP_JOCDecoder: <- stop
01-17 09:23:25.547   717  5783 I ARenderer: ~ARenderer
01-17 09:23:25.548   717  5783 I evo_parser: evo_parser_close
01-17 09:23:25.548   717  5783 I DlbDap2QmfProcess: ~Dap2Process()
01-17 09:23:25.548   717  5783 I DlbDap2QmfProcess: close()
01-17 09:23:25.548   717  5783 I DDP_JOCDecoder: <- ~DDPDecoder
01-17 09:23:25.553  1499  1499 D CarrierSvcBindHelper: No carrier app for: 0
01-17 09:23:25.554  2010  2010 D RegisteredNfcFServicesCache: Service unchanged, not updating
01-17 09:23:25.560   710 30754 D NuPlayerDriver: notifyResetComplete(0xe6bcbbd0)
01-17 09:23:25.561   710  1419 D AudioTrack: stop() called with 0 frames delivered
01-17 09:23:25.563   627  3892 I DlbEffectContext: setContentProcEnabled() Enabling content processing in global effect
01-17 09:23:25.563   627  3892 D DlbDapEndpointParamCache: commitChangedParams()
01-17 09:23:25.563   627  3892 D DlbDapEndpointParamCache: commit() Applying parameters for device 0x40000000
01-17 09:23:25.563   627  3892 D DlbDap2Process: setParam(iea = #1[10])
01-17 09:23:25.563   627  3892 D DlbDap2Process: setParam(msce = #1[0])
01-17 09:23:25.563   627  3892 D DlbDap2Process: setParam(mdee = #1[0])
01-17 09:23:25.563   627  3892 D DlbDap2Process: setParam(miee = #1[0])
01-17 09:23:25.563   627  3892 D DlbDap2Process: setParam(mdle = #1[0])
01-17 09:23:25.563   627  3892 D DlbDap2Process: setParam(dvle = #1[1])
01-17 09:23:25.564   627  3892 D DlbDap2Process: setParam(mave = #1[0])
01-17 09:23:25.564   627  3892 D DlbDap2Process: setParam(vcbf = #20[47, 141, 234, 328, 469, 656, 844, 1031, 1313, 1688, 2250, 3000, 3750, 4688, 5813, 7125, 9000, 11250, 13875, 19688])
01-17 09:23:25.564   627  3892 D DlbDap2Process: setParam(vbon = #1[0])
01-17 09:23:25.564   627  3892 D DlbDap2Process: setParam(beon = #1[0])
01-17 09:23:25.564   627  3892 D DlbDap2Process: setParam(geon = #1[0])
01-17 09:23:25.564   627  3892 D DlbDap2Process: setParam(ieon = #1[0])
01-17 09:23:25.564   627  3892 D DlbDap2Process: setParam(gebs = #41[20, 47, 141, 234, 328, 469, 656, 844, 1031, 1313, 1688, 2250, 3000, 3750, 4688, 5813, 7125, 9000, 11250, 13875, 19688, 0, 0, 0, 0, 0, 0, 0, 0, 0, 0, 0, 0, 0, 0, 0, 0, 0, 0, 0, 0])
01-17 09:23:25.564   627  3892 D DlbDap2Process: setParam(iebs = #41[20, 65, 136, 223, 332, 467, 634, 841, 1098, 1416, 1812, 2302, 2909, 3663, 4598, 5756, 7194, 8976, 11186, 13927, 17326, 117, 133, 188, 176, 141, 149, 175, 185, 185, 200, 236, 242, 228, 213, 182, 132, 110, 68, -27, -240])
01-17 09:23:25.564   627  3892 D DlbDapEndpointParamCache: doCommit() Committed 15 parameters out of 16.
01-17 09:23:25.564   627  3892 D DlbDapEndpointParamCache: commit() Overriding parameters for current device 0x00000002
01-17 09:23:25.564   627  3892 D DlbDap2Process: setParam(dea = #1[7])
01-17 09:23:25.564   627  3892 D DlbDap2Process: setParam(dsa = #1[10])
01-17 09:23:25.564   627  3892 D DlbDap2Process: setParam(beb = #1[192])
01-17 09:23:25.564   627  3892 D DlbDap2Process: setParam(plb = #1[0])
01-17 09:23:25.564   627  3892 D DlbDap2Process: setParam(vmb = #1[144])
01-17 09:23:25.564   627  3892 D DlbDap2Process: setParam(dsb = #1[48])
01-17 09:23:25.564   627  3892 D DlbDap2Process: setParam(ded = #1[0])
01-17 09:23:25.564   627  3892 D DlbDap2Process: setParam(vbm = #1[3])
01-17 09:23:25.564   627  3892 D DlbDap2Process: setParam(dom = #1[0])
01-17 09:23:25.565   627  3892 D DlbDap2Process: setParam(bew = #1[16])
01-17 09:23:25.565   627  3892 D DlbDap2Process: setParam(dvla = #1[5])
01-17 09:23:25.565   945   989 W Looper  : Dispatch took 105ms on android.ui, h=Handler (com.android.server.am.ActivityManagerService$UiHandler) {a52c7ca} cb=null msg=53
01-17 09:23:25.565   627  3892 D DlbDap2Process: setParam(arra = #1[96])
01-17 09:23:25.565   627  3892 D DlbDap2Process: setParam(dfsa = #1[10])
01-17 09:23:25.565   627  3892 D DlbDap2Process: setParam(dhsa = #1[10])
01-17 09:23:25.565   627  3892 D DlbDap2Process: setParam(dvmc = #1[0])
01-17 09:23:25.565   627  3892 D DlbDap2Process: setParam(arod = #1[0])
01-17 09:23:25.565   627  3892 D DlbDap2Process: setParam(arde = #1[1])
01-17 09:23:25.565   627  3892 D DlbDap2Process: setParam(dvle = #1[1])
01-17 09:23:25.565   627  3892 D DlbDap2Process: setParam(dvme = #1[0])
01-17 09:23:25.565   627  3892 D DlbDap2Process: setParam(becf = #1[200])
01-17 09:23:25.565   627  3892 D DlbDap2Process: setParam(vbmf = #2[94, 469])
01-17 09:23:25.565   627  3892 D DlbDap2Process: setParam(vbsf = #2[35, 160])
01-17 09:23:25.565   627  3892 D DlbDap2Process: setParam(vbhg = #3[-32, -144, -192])
01-17 09:23:25.565   627  3892 D DlbDap2Process: setParam(vbog = #1[0])
01-17 09:23:25.565   627  3892 D DlbDap2Process: setParam(vbsg = #1[0])
01-17 09:23:25.565   627  3892 D DlbDap2Process: setParam(dvli = #1[-320])
01-17 09:23:25.565   627  3892 D DlbDap2Process: setParam(dhfm = #1[2])
01-17 09:23:25.565   627  3892 D DlbDap2Process: setParam(vbon = #1[0])
01-17 09:23:25.565   627  3892 D DlbDap2Process: setParam(beon = #1[0])
01-17 09:23:25.565   627  3892 D DlbDap2Process: setParam(deon = #1[0])
01-17 09:23:25.565   627  3892 D DlbDap2Process: setParam(ngon = #1[1])
01-17 09:23:25.565   627  3892 D DlbDap2Process: setParam(aoon = #1[1])
01-17 09:23:25.565   627  3892 D DlbDap2Process: setParam(aron = #1[1])
01-17 09:23:25.565   627  3892 D DlbDap2Process: setParam(dvlo = #1[-320])
01-17 09:23:25.565   627  3892 D DlbDap2Process: setParam(artp = #1[12])
01-17 09:23:25.566   627  3892 D DlbDap2Process: setParam(aobs = #222[20, 10, 47, 141, 234, 328, 469, 656, 844, 1031, 1313, 1688, 2250, 3000, 3750, 4688, 5813, 7125, 9000, 11250, 13875, 19688, 0, 0, 0, 0, 0, 0, 0, 0, 0, 0, 0, 0, 0, 0, 0, 0, 0, 0, 0, 0, 0, 0, 0, 0, 0, 0, 0, 0, 0, 0, 0, 0, 0, 0, 0, 0, 0, 0, 0, 0, 0, 0, 0, 0, 0, 0, 0, 0, 0, 0, 0, 0, 0, 0, 0, 0, 0, 0, 0, 0, 0, 0, 0, 0, 0, 0, 0, 0, 0, 0, 0, 0, 0, 0, 0, 0, 0, 0, 0, 0, 0, 0, 0, 0, 0, 0, 0, 0, 0, 0, 0, 0, 0, 0, 0, 0, 0, 0, 0, 0, 0, 0, 0, 0, 0, 0, 0, 0, 0, 0, 0, 0, 0, 0, 0, 0, 0, 0, 0, 0, 0, 0, 0, 0, 0, 0, 0, 0, 0, 0, 0, 0, 0, 0, 0, 0, 0, 0, 0, 0, 0, 0, 0, 0, 0, 0, 0, 0, 0, 0, 0, 0, 0, 0, 0, 0, 0, 0, 0, 0, 0, 0, 0, 0, 0, 0, 0, 0, 0, 0, 0, 0, 0, 0, 0, 0, 0, 0, 0, 0, 0, 0, 0, 0, 0, 0, 0, 0, 0, 0, 0, 0, 0, 0, 0, 0, 0, 0, 0, 0])
01-17 09:23:25.566   627  3892 D DlbDap2Process: setParam(arbs = #81[20, 47, 141, 234, 328, 469, 656, 844, 1031, 1313, 1688, 2250, 3000, 3750, 4688, 5813, 7125, 9000, 11250, 13875, 19688, -192, -192, -192, -192, -192, -192, -192, -192, -192, -192, -192, -192, -192, -192, -192, -192, -192, -192, -192, -192, 0, 0, 0, 0, 0, 0, 0, 0, 0, 0, 0, 0, 0, 0, 0, 0, 0, 0, 0, 0, 0, 0, 0, 0, 0, 0, 0, 0, 0, 0, 0, 0, 0, 0, 0, 0, 0, 0, 0, 0])
01-17 09:23:25.566   627  3892 D DlbDapEndpointParamCache: doCommit() Committed 37 parameters out of 37.
01-17 09:23:25.566   627  3892 D DlbDap2Process: setMave(mave = 0)
01-17 09:23:25.612   684  1061 D AudioFlinger: trackStateChanged() Track id 751 state changed to 2
01-17 09:23:25.612   684  1061 I AudioFlinger: updateProcessedAudioState() Changing content processing in effect to 0
01-17 09:23:25.612   627  3512 D DlbDlbEffect: handle_EFFECT_CMD_SET_PARAM()
01-17 09:23:25.633   684  1061 D AudioFlinger: trackDestroyed() Track id 751 no longer contains processed audio
01-17 09:23:25.635   684   928 W AudioFlinger::EffectModule: EffectModule 0xee09e380 destructor called with unreleased interface
01-17 09:23:25.636   684   928 W AudioFlinger::EffectHandle: disconnect Effect handle 0xee0a6780 disconnected after thread destruction
01-17 09:23:25.636   627   627 D DlbDlbEffect: handle_EFFECT_CMD_DISABLE()
01-17 09:23:25.636   627   627 D DlbDapCrossfadeProcess: setEnabled transitioning from DAP_ACTIVE state to FADE_TO_BYPASS
01-17 09:23:25.638   626   626 W /system/bin/hw/android.hidl.allocator@1.0-service: ashmem_create_region(3840) returning hidl_memory(0x7b7102c330, 3840)
01-17 09:23:25.638   627   627 D DlbDlbEffect: handle_EFFECT_CMD_SET_CONFIG()
01-17 09:23:25.639   945  1508 I ActivityManager: START u0 {flg=0x10000000 cmp=com.dolby.qa.featuretest/.MainActivity} from uid 2000
01-17 09:23:25.639   627  3512 D DlbDapEndpointParamCache: setDevice(device=0x00000002)
01-17 09:23:25.639   645   645 D DMSService: setActiveDevice called with device = 0x2
01-17 09:23:25.640   627  3512 D DlbDlbEffect: handle_EFFECT_CMD_ENABLE()
01-17 09:23:25.640   627  3512 D DlbDapCrossfadeProcess: setEnabled transitioning from FADE_TO_BYPASS state to FADE_TO_ACTIVE
01-17 09:23:25.665   945  6310 I ActivityManager: Start proc 30797:com.dolby.qa.featuretest/u0a73 for activity com.dolby.qa.featuretest/.MainActivity
01-17 09:23:25.668 30797 30797 I zygote64: Late-enabling -Xcheck:jni
01-17 09:23:25.844 30797 30797 D featureTest: onCreate
01-17 09:23:25.848 30797 30797 D AudioTrack: Client defaulted notificationFrames to 962 for frameCount 1924
01-17 09:23:25.851 30797 30797 W AudioTrack: Use of stream types is deprecated for operations other than volume control
01-17 09:23:25.851 30797 30797 W AudioTrack: See the documentation of AudioTrack() for what to use instead with android.media.AudioAttributes to qualify your playback use case
01-17 09:23:25.857 30797 30797 W DolbyAudioEffect: WARNING: attaching a DolbyAudioEffect to global output mix is deprecated!
01-17 09:23:25.863 30797 30797 D featureTest: onResume
01-17 09:23:25.873 30797 30814 D OpenGLRenderer: HWUI GL Pipeline
01-17 09:23:25.907 30797 30814 I Adreno  : QUALCOMM build                   : 7142022, Ib5823dd10c
01-17 09:23:25.907 30797 30814 I Adreno  : Build Date                       : 06/23/17
01-17 09:23:25.907 30797 30814 I Adreno  : OpenGL ES Shader Compiler Version: EV031.18.00.00
01-17 09:23:25.907 30797 30814 I Adreno  : Local Branch                     : O11A
01-17 09:23:25.907 30797 30814 I Adreno  : Remote Branch                    : 
01-17 09:23:25.907 30797 30814 I Adreno  : Remote Branch                    : 
01-17 09:23:25.907 30797 30814 I Adreno  : Reconstruct Branch               : 
01-17 09:23:25.913 30797 30814 I Adreno  : PFP: 0x005ff087, ME: 0x005ff063
01-17 09:23:25.917 30797 30814 I OpenGLRenderer: Initialized EGL, version 1.4
01-17 09:23:25.917 30797 30814 D OpenGLRenderer: Swap behavior 2
01-17 09:23:25.959   945   998 I ActivityManager: Displayed com.dolby.qa.featuretest/.MainActivity: +302ms
01-17 09:23:26.082   945   998 W ActivityManager: setHasOverlayUi called on unknown pid: 30703
01-17 09:23:26.085   475   508 E SurfaceFlinger: Failed to find layer (Toast#0) in layer parent (no-parent).
01-17 09:23:26.462  2103  2230 W OpenGLRenderer: Incorrectly called buildLayer on View: ShortcutAndWidgetContainer, destroying layer...
01-17 09:23:26.595   945   945 W NotificationService: Object died trying to hide notification android.app.ITransientNotification$Stub$Proxy@561a553 in package com.dolby.qa.featuretest
01-17 09:23:26.596   945   945 W WindowManager: removeWindowToken: Attempted to remove non-existing token: android.os.Binder@d061cf6
01-17 09:23:26.596   945   945 W ActivityManager: setProcessForeground called on unknown pid: 30703
01-17 09:23:26.596   945   945 W NotificationService: Object died trying to show notification android.app.ITransientNotification$Stub$Proxy@c24de90 in package com.dolby.qa.featuretest
01-17 09:23:26.596   945   945 W ActivityManager: setProcessForeground called on unknown pid: 30703
01-17 09:23:26.596   945   945 W NotificationService: Object died trying to show notification android.app.ITransientNotification$Stub$Proxy@ae2d389 in package com.dolby.qa.featuretest
01-17 09:23:26.713 30797 30797 D featureTest: receive broadcast , playing content location :/sdcard/featureTest/2ch_ddp_25fps_ref_level.mp4
01-17 09:23:26.721 30797 30797 D featureTest: mMediaPlayer.getAudioSessionId(): 5625
01-17 09:23:26.721 30797 30797 D featureTest: Playing file: /sdcard/featureTest/2ch_ddp_25fps_ref_level.mp4
01-17 09:23:26.723   710  1419 D NuPlayerDriver: NuPlayerDriver(0xe6bcbbd0) created, clientPid(30797)
01-17 09:23:26.726 30824 30824 W generic : type=1400 audit(0.0:465): avc: denied { read } for path="/storage/emulated/0/featuretest/2ch_ddp_25fps_ref_level.mp4" dev="sdcardfs" ino=1310759 scontext=u:r:mediaextractor:s0 tcontext=u:object_r:sdcardfs:s0 tclass=file permissive=0
01-17 09:23:26.727 30797 30797 W MediaPlayer: Use of stream types is deprecated for operations other than volume control
01-17 09:23:26.727 30797 30797 W MediaPlayer: See the documentation of setAudioStreamType() for what to use instead with android.media.AudioAttributes to qualify your playback use case
01-17 09:23:26.729   710 30824 D GenericSource: FileSource remote
01-17 09:23:26.729   710 30824 W GenericSource: extractor service cannot make data source
01-17 09:23:26.729   710 30824 D GenericSource: FileSource local
01-17 09:23:26.744   710 30823 D NuPlayerDriver: notifyListener_l(0xe6bcbbd0), (5, 1280, 720, -1), loop setting(0, 0)
01-17 09:23:26.744   700   897 D MediaBufferGroup: creating MemoryDealer
01-17 09:23:26.745   710 30823 D NuPlayerDriver: notifyListener_l(0xe6bcbbd0), (1, 0, 0, -1), loop setting(0, 0)
01-17 09:23:26.756   710  1419 D NuPlayerDriver: start(0xe6bcbbd0), state is 4, eos is 0
01-17 09:23:26.756   710 30823 I GenericSource: start
01-17 09:23:26.761 30797 30797 W DolbyAudioEffect: WARNING: attaching a DolbyAudioEffect to global output mix is deprecated!
01-17 09:23:26.778 30797 30797 D featureTest: receive broadcast , change ds status :0
01-17 09:23:26.778   710 30832 I OMXClient: Treble IOmx obtained
01-17 09:23:26.778   717  5783 I OMXMaster: makeComponentInstance(OMX.dolby.eac3.decoder) in omx@1.0-service process
01-17 09:23:26.792   627  3512 D DlbDlbEffect: handle_EFFECT_CMD_SET_PARAM()
01-17 09:23:26.807   717  5783 I DDP_JOCDecoder: -> init name OMX.dolby.eac3.decoder
01-17 09:23:26.809   645   645 I DMSService: registerClient type = 0, uid = e7f0fb70
01-17 09:23:26.809   645   645 V DolbyMemoryService: registerClient() client 0x710ec74380, uid -403637392
01-17 09:23:26.809   717  5783 I DDP_JOCDecoder: <- init
01-17 09:23:26.809   717  5783 D DDP_JOCDecoder: initPorts
01-17 09:23:26.812   717 20091 E OMXNodeInstance: setConfig(0xe7b0a660:dolby.eac3.decoder, ConfigPriority(0x6f800002)) ERROR: Undefined(0x80001001)
01-17 09:23:26.812   710 30832 I ACodec  : codec does not support config priority (err -2147483648)
01-17 09:23:26.812   717 20091 E OMXNodeInstance: getConfig(0xe7b0a660:dolby.eac3.decoder, ConfigAndroidVendorExtension(0x6f100004)) ERROR: Undefined(0x80001001)
01-17 09:23:26.813   710 30832 I MediaCodec: MediaCodec will operate in async mode
01-17 09:23:26.813   710 30832 I ACodec  : setDolbyParameterOnProcessedAudio() Received dolby_processed_audio=1
01-17 09:23:26.813   710 30831 I NuPlayerDecoder: setDolbyMessage() Notifying player that Codec supports dolby_processed_audio flag
01-17 09:23:26.813   710 30823 I NuPlayer: onDolbyMessageReceived() Setting dolby_processed_audio flag on audio sink
01-17 09:23:26.813   710 30823 I MediaPlayerService: setDolbyParameters() Marking audio output as having dolby_processed_audio
01-17 09:23:26.814   645   645 I DMSService: unregisterClient type = 0, uid = e7f0fb70
01-17 09:23:26.833   645   645 D DatabaseHelper: failed to prepare SQL : INSERT INTO profiles VALUES(15
01-17 09:23:26.833   645   645 D DatabaseHelper: ,'custom','user2','user2','off','off')
01-17 09:23:26.833   645   645 D DatabaseHelper: failed to prepare SQL : INSERT INTO profile_endpoints VALUES(57
01-17 09:23:26.833   645   645 D DatabaseHelper: ,'custom','user2','speaker')
01-17 09:23:26.833   645   645 D DatabaseHelper: failed to prepare SQL : INSERT INTO profile_endpoints VALUES(57
01-17 09:23:26.833   645   645 D DatabaseHelper: ,'custom','user2','headphone')
01-17 09:23:26.833   645   645 D DatabaseHelper: failed to prepare SQL : INSERT INTO profile_endpoints VALUES(57
01-17 09:23:26.833   645   645 D DatabaseHelper: ,'custom','user2','passthrough')
01-17 09:23:26.834   645   645 D DatabaseHelper: failed to prepare SQL : INSERT INTO profile_endpoints VALUES(57
01-17 09:23:26.834   645   645 D DatabaseHelper: ,'custom','user2','other')
01-17 09:23:26.834   645   645 D DatabaseHelper: failed to prepare SQL : INSERT INTO profile_ports VALUES(85
01-17 09:23:26.834   645   645 D DatabaseHelper: ,'custom','user2','internal_speaker')
01-17 09:23:26.834   645   645 D DatabaseHelper: failed to prepare SQL : INSERT INTO profile_ports VALUES(85
01-17 09:23:26.834   645   645 D DatabaseHelper: ,'custom','user2','hdmi')
01-17 09:23:26.834   645   645 D DatabaseHelper: failed to prepare SQL : INSERT INTO profile_ports VALUES(85
01-17 09:23:26.834   645   645 D DatabaseHelper: ,'custom','user2','miracast')
01-17 09:23:26.834   645   645 D DatabaseHelper: failed to prepare SQL : INSERT INTO profile_ports VALUES(85
01-17 09:23:26.834   645   645 D DatabaseHelper: ,'custom','user2','headphone_port')
01-17 09:23:26.834   645   645 D DatabaseHelper: failed to prepare SQL : INSERT INTO profile_ports VALUES(85
01-17 09:23:26.834   645   645 D DatabaseHelper: ,'custom','user2','bluetooth')
01-17 09:23:26.834   645   645 D DatabaseHelper: failed to prepare SQL : INSERT INTO profile_ports VALUES(85
01-17 09:23:26.834   645   645 D DatabaseHelper: ,'custom','user2','usb')
01-17 09:23:26.834   645   645 D DatabaseHelper: failed to prepare SQL : INSERT INTO geq_presets VALUES(57
01-17 09:23:26.834   645   645 D DatabaseHelper: ,'custom','off','user2')
01-17 09:23:26.835   645   645 D DatabaseHelper: failed to prepare SQL : INSERT INTO geq_presets VALUES(57
01-17 09:23:26.835   645   645 D DatabaseHelper: ,'custom','open','user2')
01-17 09:23:26.835   645   645 D DatabaseHelper: failed to prepare SQL : INSERT INTO geq_presets VALUES(57
01-17 09:23:26.835   645   645 D DatabaseHelper: ,'custom','rich','user2')
01-17 09:23:26.835   645   645 D DatabaseHelper: failed to prepare SQL : INSERT INTO geq_presets VALUES(57
01-17 09:23:26.835   645   645 D DatabaseHelper: ,'custom','focused','user2')
01-17 09:23:26.848 30797 30797 D featureTest: receive broadcast , change ds profile id :2
01-17 09:23:26.849   645   645 I DMSService: registerClient type = 4, uid = e7f0fba0
01-17 09:23:26.849   645   645 V DolbyMemoryService: registerClient() client 0x710ec74380, uid -403637340
01-17 09:23:26.850   717 20091 D DDP_JOCDecoder: internalSetParameter() Instantiating ARenderer for content processing in decoder
01-17 09:23:26.850   717 20091 I DlbDap2QmfProcess: Dap2Process()
01-17 09:23:26.850   717 20091 I ARenderer: ARenderer
01-17 09:23:26.850   717 20091 I evo_parser: evo_parser_init
01-17 09:23:26.850   717 20091 I DlbDap2QmfProcess: init()
01-17 09:23:26.850   717 20091 I DlbDap2QmfProcess: open()
01-17 09:23:26.850   717 20091 I DlbDap2QmfProcess: loadLicense() no license check!
01-17 09:23:26.850   717 20091 I DlbDap2QmfProcess: validateLicense() no license check!
01-17 09:23:26.850   717 20091 I DlbDap2QmfProcess: init() DAP opened
01-17 09:23:26.850   717 20091 I DlbDap2QmfProcess: DAP library version: 2.5.1-P2.0
01-17 09:23:26.850   717 20091 D DlbDap2QmfProcess: DAP output mode set to 1 with 2 output channels and null mix matrix.
01-17 09:23:26.850   710 30832 I ACodec  : setDolbyParameterOnProcessedAudio() Content processing enabled in decoder
01-17 09:23:26.852   626   626 W /system/bin/hw/android.hidl.allocator@1.0-service: ashmem_create_region(8192) returning hidl_memory(0x7b7102c330, 8192)
01-17 09:23:26.853   626   626 I chatty  : uid=1000(system) allocator@1.0-s identical 2 lines
01-17 09:23:26.854   626   626 W /system/bin/hw/android.hidl.allocator@1.0-service: ashmem_create_region(8192) returning hidl_memory(0x7b7102c330, 8192)
01-17 09:23:26.855   626   626 W /system/bin/hw/android.hidl.allocator@1.0-service: ashmem_create_region(147456) returning hidl_memory(0x7b7102c330, 147456)
01-17 09:23:26.856   626   626 W /system/bin/hw/android.hidl.allocator@1.0-service: ashmem_create_region(147456) returning hidl_memory(0x7b7102c330, 147456)
01-17 09:23:26.857   627  3512 D DlbDlbEffect: handle_EFFECT_CMD_SET_PARAM()
01-17 09:23:26.857   645   713 I DapController: Profile Changed to Music
01-17 09:23:26.858   626   626 W /system/bin/hw/android.hidl.allocator@1.0-service: ashmem_create_region(147456) returning hidl_memory(0x7b7102c330, 147456)
01-17 09:23:26.859   626   626 W /system/bin/hw/android.hidl.allocator@1.0-service: ashmem_create_region(147456) returning hidl_memory(0x7b7102c330, 147456)
01-17 09:23:26.862   717 30835 I DDP_JOCDecoder: -> start
01-17 09:23:26.862   717 30835 I EndpConfig: DAP state has changed from -1 to 0
01-17 09:23:26.862   717 30835 D DDP_JOCDecoder: Setting Max Output Channels to 2
01-17 09:23:26.863   717 30835 D DDP_JOCDecoder: setMultiChannelPCMOutDownmix mConfig->jocForceDownmixMode 1
01-17 09:23:26.863   717 30835 I udc_user: 
01-17 09:23:26.863   717 30835 I udc_user: *** DDPlus Unified Decoder Simulation  Version 1.7.3 ***
01-17 09:23:26.863   717 30835 I udc_user: 
01-17 09:23:26.863   717 30835 I udc_user: 7.1-channel decoder-converter, 
01-17 09:23:26.863   717 30835 I udc_user: 
01-17 09:23:26.863   717 30835 I udc_user: 5.1-channel dual-decoder-converter, 
01-17 09:23:26.863   717 30835 I udc_user: Karaoke unsupported, 
01-17 09:23:26.863   717 30835 I udc_user: TPNP supported. 
01-17 09:23:26.863   717 30835 I udc_user: 
01-17 09:23:26.863   717 30835 I udc_user: Unpublished work.  Copyright 2003-2014 Dolby Laboratories, Inc. and
01-17 09:23:26.863   717 30835 I udc_user: Dolby Laboratories Licensing Corporation.  All Rights Reserved.
01-17 09:23:26.863   717 30835 I udc_user: 
01-17 09:23:26.863   717 30835 I udc_user: USE OF THIS SOFTWARE IS SUBJECT TO A LEGAL AGREEMENT BETWEEN YOU AND DOLBY
01-17 09:23:26.863   717 30835 I udc_user: LABORATORIES. DO NOT USE THIS SOFTWARE UNLESS YOU AGREE TO THE TERMS AND 
01-17 09:23:26.863   717 30835 I udc_user: CONDITIONS IN THE AGREEMENT.  BY USING THIS SOFTWARE, YOU ACKNOWLEDGE THAT 
01-17 09:23:26.863   717 30835 I udc_user: YOU HAVE READ THE AGREEMENT AND THAT YOU AGREE TO BE BOUND BY ITS TERMS. 
01-17 09:23:26.863   717 30835 I udc_user: 
01-17 09:23:26.864   717 30835 I ddpdec_client_joc: ddpdec_open JOCD_MODE Buffer assignment
01-17 09:23:26.864   717 30835 D DDP_JOCDecoder: mStarted = 1
01-17 09:23:26.864   717 30835 I DDP_JOCDecoder: <- start
01-17 09:23:26.866   717 30835 D ddpdec_client_joc: ddpdec_client.c|int configDecoder()
01-17 09:23:26.867   717 30835 D DDP_JOCDecoder: Setting Max Output Channels to 2
01-17 09:23:26.867   717 30835 I DlbDap2QmfProcess: close()
01-17 09:23:26.867   717 30835 I DlbDap2QmfProcess: init()
01-17 09:23:26.867   717 30835 I DlbDap2QmfProcess: open()
01-17 09:23:26.867   717 30835 I DlbDap2QmfProcess: loadLicense() no license check!
01-17 09:23:26.867   717 30835 I DlbDap2QmfProcess: validateLicense() no license check!
01-17 09:23:26.867   717 30835 I DlbDap2QmfProcess: init() DAP opened
01-17 09:23:26.867   717 30835 I DlbDap2QmfProcess: DAP library version: 2.5.1-P2.0
01-17 09:23:26.867   717 30835 D DlbDap2QmfProcess: DAP output mode set to 1 with 2 output channels and null mix matrix.
01-17 09:23:26.867   717 30835 D ARenderer: checkAndUpdateConfig: DAP reinitialized because of sample rate change
01-17 09:23:26.867   717 30835 D ARenderer: updateDapConfig: Updating DAP configuration
01-17 09:23:26.867   717 30835 I ARenderer: updateDapConfig: Disable content processing in decoder-ARenderer
01-17 09:23:26.868   717 30835 D DlbDap2QmfProcess: setParam(deon = #1[0])
01-17 09:23:26.868   717 30835 D DlbDap2QmfProcess: setParam(dvle = #1[0])
01-17 09:23:26.868   717 30835 D DlbDap2QmfProcess: setParam(ieon = #1[0])
01-17 09:23:26.868   717 30835 D DlbDap2QmfProcess: setParam(dvme = #1[0])
01-17 09:23:26.868   717 30835 D DlbDap2QmfProcess: setParam(dom = #1[0])
01-17 09:23:26.868   717 30835 D DlbDap2QmfProcess: setParam(msce = #1[0])
01-17 09:23:26.868   717 30835 D DlbDap2QmfProcess: setParam(miee = #1[0])
01-17 09:23:26.868   717 30835 D DlbDap2QmfProcess: setParam(mdle = #1[0])
01-17 09:23:26.868   717 30835 D DlbDap2QmfProcess: setParam(mdee = #1[0])
01-17 09:23:26.868   717 30835 D DlbDap2QmfProcess: setParam(mave = #1[0])
01-17 09:23:26.868   717 30835 D DlbDap2QmfProcess: setParam(ngon = #1[0])
01-17 09:23:26.868   717 30835 D DlbDap2QmfProcess: setParam(dvle = #1[1])
01-17 09:23:26.868   717 30835 D DlbDap2QmfProcess: setParam(dvli = #1[-496])
01-17 09:23:26.868   717 30835 D DlbDap2QmfProcess: setParam(dvlo = #1[-224])
01-17 09:23:26.868   717 30835 D ARenderer: updateDapVolumeLeveler: Setting output level to -14.00dB
01-17 09:23:26.868   717 30835 D DlbDap2QmfProcess: setParam(vmb = #1[0])
01-17 09:23:26.868   717 30835 D DlbDap2QmfProcess: setParam(preg = #1[-384])
01-17 09:23:26.868   717 30835 D DlbDap2QmfProcess: setParam(vol = #1[384])
01-17 09:23:26.868   717 30835 D DlbDlbBufferProvider: setConfig() Updating buffer configuration.
01-17 09:23:26.868   717 30835 D DlbDap2QmfProcess: processQmf() called [0] times
01-17 09:23:26.868   717 30835 D DlbDap2QmfProcess: setMave(mave = 0)
01-17 09:23:26.876   710 30830 D AudioTrack: Client defaulted notificationFrames to 12000 for frameCount 24000
01-17 09:23:26.876   684  3653 I AudioFlinger: attachAuxEffect(): Marking track 753 as containing processed audio
01-17 09:23:26.876   684  3653 D AudioFlinger: trackContainsProcessedAudio() Track id 753 contains processed audio
01-17 09:23:26.878   626   626 W /system/bin/hw/android.hidl.allocator@1.0-service: ashmem_create_region(7680) returning hidl_memory(0x7b7102c330, 7680)
01-17 09:23:26.879   626   626 W /system/bin/hw/android.hidl.allocator@1.0-service: ashmem_create_region(7680) returning hidl_memory(0x7b7102c330, 7680)
01-17 09:23:26.881   627   627 D DlbDlbEffect: handle_EFFECT_CMD_DISABLE()
01-17 09:23:26.881   627   627 D DlbDapCrossfadeProcess: setEnabled transitioning from FADE_TO_ACTIVE state to FADE_TO_BYPASS
01-17 09:23:26.883   626   626 W /system/bin/hw/android.hidl.allocator@1.0-service: ashmem_create_region(7680) returning hidl_memory(0x7b7102c330, 7680)
01-17 09:23:26.883   627  3512 D DlbDlbEffect: handle_EFFECT_CMD_SET_CONFIG()
01-17 09:23:26.883   627  3512 D DlbDapEndpointParamCache: setDevice(device=0x00000002)
01-17 09:23:26.884   645   645 D DMSService: setActiveDevice called with device = 0x2
01-17 09:23:26.884   627  3512 D DlbDlbEffect: handle_EFFECT_CMD_ENABLE()
01-17 09:23:26.884   627  3512 D DlbDapCrossfadeProcess: setEnabled transitioning from FADE_TO_BYPASS state to FADE_TO_ACTIVE
01-17 09:23:26.884   684  3653 W AudioFlinger: moveDolbyEffect() effect chain for session 0 not on source thread 0xee0ae580
01-17 09:23:26.884   684  3653 D AudioFlinger: trackStateChanged() Track id 753 state changed to 6
01-17 09:23:26.884   684  3653 I AudioFlinger: updateProcessedAudioState() Changing content processing in effect to 1
01-17 09:23:26.885   627  3512 D DlbDlbEffect: handle_EFFECT_CMD_SET_PARAM()
01-17 09:23:26.885   710 30823 D NuPlayerDriver: notifyListener_l(0xe6bcbbd0), (6, 0, 0, -1), loop setting(0, 1)
01-17 09:23:26.911 30797 30797 D featureTest: receive broadcast , playing content location :/sdcard/featureTest/2ch_ddp_25fps_ref_level.mp4
01-17 09:23:26.913   710  1419 D NuPlayerDriver: stop(0xe6bcbbd0)
01-17 09:23:26.913   710  1419 D NuPlayerDriver: notifyListener_l(0xe6bcbbd0), (8, 0, 0, -1), loop setting(0, 1)
01-17 09:23:26.914   710  1419 D NuPlayerDriver: reset(0xe6bcbbd0) at state 8
01-17 09:23:26.915   627  3892 I DlbEffectContext: setContentProcEnabled() Disabling content processing in effect
01-17 09:23:26.915   627  3892 D DlbDapEndpointParamCache: commitChangedParams()
01-17 09:23:26.915   627  3892 D DlbDapEndpointParamCache: commit() Applying parameters for device 0x40000000
01-17 09:23:26.915   627  3892 D DlbDap2Process: setParam(msce = #1[0])
01-17 09:23:26.915   627  3892 D DlbDap2Process: setParam(mdee = #1[0])
01-17 09:23:26.915   627  3892 D DlbDap2Process: setParam(miee = #1[0])
01-17 09:23:26.915   627  3892 D DlbDap2Process: setParam(mdle = #1[0])
01-17 09:23:26.915   627  3892 D DlbDap2Process: setParam(dvle = #1[0])
01-17 09:23:26.915   627  3892 D DlbDap2Process: setParam(mave = #1[0])
01-17 09:23:26.915   627  3892 D DlbDap2Process: setParam(ieon = #1[0])
01-17 09:23:26.915   627  3892 D DlbDapEndpointParamCache: doCommit() Committed 7 parameters out of 16.
01-17 09:23:26.916   627  3892 D DlbDapEndpointParamCache: commit() Overriding parameters for current device 0x00000002
01-17 09:23:26.916   627  3892 D DlbDap2Process: setParam(dom = #1[0])
01-17 09:23:26.916   627  3892 D DlbDap2Process: setParam(dvle = #1[0])
01-17 09:23:26.916   627  3892 D DlbDap2Process: setParam(dvme = #1[0])
01-17 09:23:26.916   627  3892 D DlbDap2Process: setParam(deon = #1[0])
01-17 09:23:26.916   627  3892 D DlbDap2Process: setParam(ngon = #1[0])
01-17 09:23:26.916   627  3892 D DlbDapEndpointParamCache: doCommit() Committed 5 parameters out of 37.
01-17 09:23:26.916   627  3892 D DlbDapCrossfadeProcess: setEnabled transitioning from FADE_TO_ACTIVE state to FADE_TO_BYPASS
01-17 09:23:26.917   627  3892 D DlbDapEndpointParamCache: commitChangedParams()
01-17 09:23:26.917   627  3892 D DlbDapEndpointParamCache: commit() Applying parameters for device 0x40000000
01-17 09:23:26.917   627  3892 D DlbDap2Process: setParam(iea = #1[10])
01-17 09:23:26.918   627  3892 D DlbDap2Process: setParam(vcbf = #20[47, 141, 234, 328, 469, 656, 844, 1031, 1313, 1688, 2250, 3000, 3750, 4688, 5813, 7125, 9000, 11250, 13875, 19688])
01-17 09:23:26.918   627  3892 D DlbDap2Process: setParam(vbon = #1[0])
01-17 09:23:26.918   627  3892 D DlbDap2Process: setParam(beon = #1[0])
01-17 09:23:26.918   627  3892 D DlbDap2Process: setParam(geon = #1[0])
01-17 09:23:26.918   627  3892 D DlbDap2Process: setParam(gebs = #41[20, 47, 141, 234, 328, 469, 656, 844, 1031, 1313, 1688, 2250, 3000, 3750, 4688, 5813, 7125, 9000, 11250, 13875, 19688, 0, 0, 0, 0, 0, 0, 0, 0, 0, 0, 0, 0, 0, 0, 0, 0, 0, 0, 0, 0])
01-17 09:23:26.918   627  3892 D DlbDap2Process: setParam(iebs = #41[20, 65, 136, 223, 332, 467, 634, 841, 1098, 1416, 1812, 2302, 2909, 3663, 4598, 5756, 7194, 8976, 11186, 13927, 17326, 117, 133, 188, 176, 141, 149, 175, 185, 185, 200, 236, 242, 228, 213, 182, 132, 110, 68, -27, -240])
01-17 09:23:26.918   627  3892 D DlbDapEndpointParamCache: doCommit() Committed 8 parameters out of 16.
01-17 09:23:26.918   627  3892 D DlbDapEndpointParamCache: commit() Overriding parameters for current device 0x00000002
01-17 09:23:26.918   627  3892 D DlbDap2Process: setParam(dea = #1[7])
01-17 09:23:26.918   627  3892 D DlbDap2Process: setParam(dsa = #1[10])
01-17 09:23:26.918   627  3892 D DlbDap2Process: setParam(beb = #1[192])
01-17 09:23:26.918   627  3892 D DlbDap2Process: setParam(plb = #1[0])
01-17 09:23:26.918   627  3892 D DlbDap2Process: setParam(vmb = #1[144])
01-17 09:23:26.918   627  3892 D DlbDap2Process: setParam(dsb = #1[0])
01-17 09:23:26.918   627  3892 D DlbDap2Process: setParam(ded = #1[0])
01-17 09:23:26.918   627  3892 D DlbDap2Process: setParam(vbm = #1[3])
01-17 09:23:26.918   627  3892 D DlbDap2Process: setParam(bew = #1[16])
01-17 09:23:26.918   627  3892 D DlbDap2Process: setParam(dvla = #1[4])
01-17 09:23:26.918   627  3892 D DlbDap2Process: setParam(arra = #1[96])
01-17 09:23:26.918   627  3892 D DlbDap2Process: setParam(dfsa = #1[10])
01-17 09:23:26.918   627  3892 D DlbDap2Process: setParam(dhsa = #1[10])
01-17 09:23:26.918   627  3892 D DlbDap2Process: setParam(dvmc = #1[0])
01-17 09:23:26.918   627  3892 D DlbDap2Process: setParam(arod = #1[0])
01-17 09:23:26.918   627  3892 D DlbDap2Process: setParam(arde = #1[1])
01-17 09:23:26.918   627  3892 D DlbDap2Process: setParam(becf = #1[200])
01-17 09:23:26.919   627  3892 D DlbDap2Process: setParam(vbmf = #2[94, 469])
01-17 09:23:26.919   627  3892 D DlbDap2Process: setParam(vbsf = #2[35, 160])
01-17 09:23:26.919   627  3892 D DlbDap2Process: setParam(vbhg = #3[-32, -144, -192])
01-17 09:23:26.919   627  3892 D DlbDap2Process: setParam(vbog = #1[0])
01-17 09:23:26.919   627  3892 D DlbDap2Process: setParam(vbsg = #1[0])
01-17 09:23:26.919   627  3892 D DlbDap2Process: setParam(dvli = #1[-320])
01-17 09:23:26.919   627  3892 D DlbDap2Process: setParam(dhfm = #1[2])
01-17 09:23:26.919   627  3892 D DlbDap2Process: setParam(vbon = #1[0])
01-17 09:23:26.919   627  3892 D DlbDap2Process: setParam(beon = #1[0])
01-17 09:23:26.919   627  3892 D DlbDap2Process: setParam(aoon = #1[1])
01-17 09:23:26.919   627  3892 D DlbDap2Process: setParam(aron = #1[1])
01-17 09:23:26.919   627  3892 D DlbDap2Process: setParam(dvlo = #1[-320])
01-17 09:23:26.919   627  3892 D DlbDap2Process: setParam(artp = #1[12])
01-17 09:23:26.919   627  3892 D DlbDap2Process: setParam(aobs = #222[20, 10, 47, 141, 234, 328, 469, 656, 844, 1031, 1313, 1688, 2250, 3000, 3750, 4688, 5813, 7125, 9000, 11250, 13875, 19688, 0, 0, 0, 0, 0, 0, 0, 0, 0, 0, 0, 0, 0, 0, 0, 0, 0, 0, 0, 0, 0, 0, 0, 0, 0, 0, 0, 0, 0, 0, 0, 0, 0, 0, 0, 0, 0, 0, 0, 0, 0, 0, 0, 0, 0, 0, 0, 0, 0, 0, 0, 0, 0, 0, 0, 0, 0, 0, 0, 0, 0, 0, 0, 0, 0, 0, 0, 0, 0, 0, 0, 0, 0, 0, 0, 0, 0, 0, 0, 0, 0, 0, 0, 0, 0, 0, 0, 0, 0, 0, 0, 0, 0, 0, 0, 0, 0, 0, 0, 0, 0, 0, 0, 0, 0, 0, 0, 0, 0, 0, 0, 0, 0, 0, 0, 0, 0, 0, 0, 0, 0, 0, 0, 0, 0, 0, 0, 0, 0, 0, 0, 0, 0, 0, 0, 0, 0, 0, 0, 0, 0, 0, 0, 0, 0, 0, 0, 0, 0, 0, 0, 0, 0, 0, 0, 0, 0, 0, 0, 0, 0, 0, 0, 0, 0, 0, 0, 0, 0, 0, 0, 0, 0, 0, 0, 0, 0, 0, 0, 0, 0, 0, 0, 0, 0, 0, 0, 0, 0, 0, 0, 0, 0, 0, 0, 0, 0, 0, 0, 0])
01-17 09:23:26.919   627  3892 D DlbDap2Process: setParam(arbs = #81[20, 47, 141, 234, 328, 469, 656, 844, 1031, 1313, 1688, 2250, 3000, 3750, 4688, 5813, 7125, 9000, 11250, 13875, 19688, -192, -192, -192, -192, -192, -192, -192, -192, -192, -192, -192, -192, -192, -192, -192, -192, -192, -192, -192, -192, 0, 0, 0, 0, 0, 0, 0, 0, 0, 0, 0, 0, 0, 0, 0, 0, 0, 0, 0, 0, 0, 0, 0, 0, 0, 0, 0, 0, 0, 0, 0, 0, 0, 0, 0, 0, 0, 0, 0, 0])
01-17 09:23:26.919   627  3892 D DlbDapEndpointParamCache: doCommit() Committed 32 parameters out of 37.
01-17 09:23:26.920   627  3892 D DlbDap2Process: setMave(mave = 0)
01-17 09:23:26.925   717  1650 I DDP_JOCDecoder: -> ~DDPDecoder
01-17 09:23:26.925   717  1650 I DDP_JOCDecoder: -> stop
01-17 09:23:26.926   645   645 I DMSService: unregisterClient type = 4, uid = e7f0fba0
01-17 09:23:26.942   645   645 D DatabaseHelper: failed to prepare SQL : INSERT INTO profiles VALUES(15
01-17 09:23:26.942   645   645 D DatabaseHelper: ,'custom','user2','user2','off','off')
01-17 09:23:26.943   645   645 D DatabaseHelper: failed to prepare SQL : INSERT INTO profile_endpoints VALUES(57
01-17 09:23:26.943   645   645 D DatabaseHelper: ,'custom','user2','speaker')
01-17 09:23:26.943   645   645 D DatabaseHelper: failed to prepare SQL : INSERT INTO profile_endpoints VALUES(57
01-17 09:23:26.943   645   645 D DatabaseHelper: ,'custom','user2','headphone')
01-17 09:23:26.943   645   645 D DatabaseHelper: failed to prepare SQL : INSERT INTO profile_endpoints VALUES(57
01-17 09:23:26.943   645   645 D DatabaseHelper: ,'custom','user2','passthrough')
01-17 09:23:26.943   645   645 D DatabaseHelper: failed to prepare SQL : INSERT INTO profile_endpoints VALUES(57
01-17 09:23:26.943   645   645 D DatabaseHelper: ,'custom','user2','other')
01-17 09:23:26.943   645   645 D DatabaseHelper: failed to prepare SQL : INSERT INTO profile_ports VALUES(85
01-17 09:23:26.943   645   645 D DatabaseHelper: ,'custom','user2','internal_speaker')
01-17 09:23:26.943   645   645 D DatabaseHelper: failed to prepare SQL : INSERT INTO profile_ports VALUES(85
01-17 09:23:26.943   645   645 D DatabaseHelper: ,'custom','user2','hdmi')
01-17 09:23:26.943   645   645 D DatabaseHelper: failed to prepare SQL : INSERT INTO profile_ports VALUES(85
01-17 09:23:26.943   645   645 D DatabaseHelper: ,'custom','user2','miracast')
01-17 09:23:26.943   645   645 D DatabaseHelper: failed to prepare SQL : INSERT INTO profile_ports VALUES(85
01-17 09:23:26.943   645   645 D DatabaseHelper: ,'custom','user2','headphone_port')
01-17 09:23:26.943   645   645 D DatabaseHelper: failed to prepare SQL : INSERT INTO profile_ports VALUES(85
01-17 09:23:26.943   645   645 D DatabaseHelper: ,'custom','user2','bluetooth')
01-17 09:23:26.943   645   645 D DatabaseHelper: failed to prepare SQL : INSERT INTO profile_ports VALUES(85
01-17 09:23:26.943   645   645 D DatabaseHelper: ,'custom','user2','usb')
01-17 09:23:26.944   645   645 D DatabaseHelper: failed to prepare SQL : INSERT INTO geq_presets VALUES(57
01-17 09:23:26.944   645   645 D DatabaseHelper: ,'custom','off','user2')
01-17 09:23:26.944   645   645 D DatabaseHelper: failed to prepare SQL : INSERT INTO geq_presets VALUES(57
01-17 09:23:26.944   645   645 D DatabaseHelper: ,'custom','open','user2')
01-17 09:23:26.944   645   645 D DatabaseHelper: failed to prepare SQL : INSERT INTO geq_presets VALUES(57
01-17 09:23:26.944   645   645 D DatabaseHelper: ,'custom','rich','user2')
01-17 09:23:26.944   645   645 D DatabaseHelper: failed to prepare SQL : INSERT INTO geq_presets VALUES(57
01-17 09:23:26.944   645   645 D DatabaseHelper: ,'custom','focused','user2')
01-17 09:23:26.955   717  1650 I DDP_JOCDecoder: <- stop
01-17 09:23:26.955   717  1650 I ARenderer: ~ARenderer
01-17 09:23:26.955   717  1650 I evo_parser: evo_parser_close
01-17 09:23:26.955   717  1650 I DlbDap2QmfProcess: ~Dap2Process()
01-17 09:23:26.955   717  1650 I DlbDap2QmfProcess: close()
01-17 09:23:26.955   717  1650 I DDP_JOCDecoder: <- ~DDPDecoder
01-17 09:23:26.961   710 30823 D NuPlayerDriver: notifyResetComplete(0xe6bcbbd0)
01-17 09:23:26.961   710  1422 D NuPlayerDriver: reset(0xe6bcbbd0) at state 0
01-17 09:23:26.962 30797 30797 V MediaPlayer: resetDrmState:  mDrmInfo=null mDrmProvisioningThread=null mPrepareDrmInProgress=false mActiveDrmScheme=false
01-17 09:23:26.962 30797 30797 V MediaPlayer: cleanDrmObj: mDrmObj=null mDrmSessionId=null
01-17 09:23:26.963 30797 30797 V MediaPlayer: resetDrmState:  mDrmInfo=null mDrmProvisioningThread=null mPrepareDrmInProgress=false mActiveDrmScheme=false
01-17 09:23:26.963 30797 30797 V MediaPlayer: cleanDrmObj: mDrmObj=null mDrmSessionId=null
01-17 09:23:26.967 30797 30797 D featureTest: mMediaPlayer.getAudioSessionId(): 5633
01-17 09:23:26.967 30797 30797 D featureTest: Playing file: /sdcard/featureTest/2ch_ddp_25fps_ref_level.mp4
01-17 09:23:26.968   710  1422 D NuPlayerDriver: NuPlayerDriver(0xe6bcb1c0) created, clientPid(30797)
01-17 09:23:26.970 30849 30849 W generic : type=1400 audit(0.0:466): avc: denied { read } for path="/storage/emulated/0/featuretest/2ch_ddp_25fps_ref_level.mp4" dev="sdcardfs" ino=1310759 scontext=u:r:mediaextractor:s0 tcontext=u:object_r:sdcardfs:s0 tclass=file permissive=0
01-17 09:23:26.970 30797 30797 W MediaPlayer: Use of stream types is deprecated for operations other than volume control
01-17 09:23:26.970 30797 30797 W MediaPlayer: See the documentation of setAudioStreamType() for what to use instead with android.media.AudioAttributes to qualify your playback use case
01-17 09:23:26.972   710 30849 D GenericSource: FileSource remote
01-17 09:23:26.972   710 30849 W GenericSource: extractor service cannot make data source
01-17 09:23:26.972   710 30849 D GenericSource: FileSource local
01-17 09:23:26.985   710 30848 D NuPlayerDriver: notifyListener_l(0xe6bcb1c0), (5, 1280, 720, -1), loop setting(0, 0)
01-17 09:23:26.985   700  1393 D MediaBufferGroup: creating MemoryDealer
01-17 09:23:26.986   710 30848 D NuPlayerDriver: notifyListener_l(0xe6bcb1c0), (1, 0, 0, -1), loop setting(0, 0)
01-17 09:23:26.990   710  1422 D NuPlayerDriver: start(0xe6bcb1c0), state is 4, eos is 0
01-17 09:23:26.990   710 30848 I GenericSource: start
01-17 09:23:26.994 30797 30797 W DolbyAudioEffect: WARNING: attaching a DolbyAudioEffect to global output mix is deprecated!
01-17 09:23:26.994   627  3892 I DlbEffectContext: setContentProcEnabled() Enabling content processing in global effect
01-17 09:23:26.994   627  3892 D DlbDapEndpointParamCache: commitChangedParams()
01-17 09:23:26.994   627  3892 D DlbDapEndpointParamCache: commit() Applying parameters for device 0x40000000
01-17 09:23:26.994   627  3892 D DlbDap2Process: setParam(iea = #1[10])
01-17 09:23:26.994   627  3892 D DlbDap2Process: setParam(msce = #1[0])
01-17 09:23:26.994   627  3892 D DlbDap2Process: setParam(mdee = #1[0])
01-17 09:23:26.994   627  3892 D DlbDap2Process: setParam(miee = #1[0])
01-17 09:23:26.994   627  3892 D DlbDap2Process: setParam(mdle = #1[0])
01-17 09:23:26.994   627  3892 D DlbDap2Process: setParam(dvle = #1[1])
01-17 09:23:26.994   627  3892 D DlbDap2Process: setParam(mave = #1[0])
01-17 09:23:26.994   627  3892 D DlbDap2Process: setParam(vcbf = #20[47, 141, 234, 328, 469, 656, 844, 1031, 1313, 1688, 2250, 3000, 3750, 4688, 5813, 7125, 9000, 11250, 13875, 19688])
01-17 09:23:26.995   627  3892 D DlbDap2Process: setParam(vbon = #1[0])
01-17 09:23:26.995   627  3892 D DlbDap2Process: setParam(beon = #1[0])
01-17 09:23:26.995   627  3892 D DlbDap2Process: setParam(geon = #1[0])
01-17 09:23:26.995   627  3892 D DlbDap2Process: setParam(ieon = #1[1])
01-17 09:23:26.995   627  3892 D DlbDap2Process: setParam(gebs = #41[20, 47, 141, 234, 328, 469, 656, 844, 1031, 1313, 1688, 2250, 3000, 3750, 4688, 5813, 7125, 9000, 11250, 13875, 19688, 0, 0, 0, 0, 0, 0, 0, 0, 0, 0, 0, 0, 0, 0, 0, 0, 0, 0, 0, 0])
01-17 09:23:26.995   627  3892 D DlbDap2Process: setParam(iebs = #41[20, 65, 136, 223, 332, 467, 634, 841, 1098, 1416, 1812, 2302, 2909, 3663, 4598, 5756, 7194, 8976, 11186, 13927, 17326, 117, 133, 188, 176, 141, 149, 175, 185, 185, 200, 236, 242, 228, 213, 182, 132, 110, 68, -27, -240])
01-17 09:23:26.995   627  3892 D DlbDapEndpointParamCache: doCommit() Committed 15 parameters out of 16.
01-17 09:23:26.995   627  3892 D DlbDapEndpointParamCache: commit() Overriding parameters for current device 0x00000002
01-17 09:23:26.995   627  3892 D DlbDap2Process: setParam(dea = #1[7])
01-17 09:23:26.995   627  3892 D DlbDap2Process: setParam(dsa = #1[10])
01-17 09:23:26.995   627  3892 D DlbDap2Process: setParam(beb = #1[192])
01-17 09:23:26.995   627  3892 D DlbDap2Process: setParam(plb = #1[0])
01-17 09:23:26.995   627  3892 D DlbDap2Process: setParam(vmb = #1[144])
01-17 09:23:26.995   627  3892 D DlbDap2Process: setParam(dsb = #1[0])
01-17 09:23:26.995   627  3892 D DlbDap2Process: setParam(ded = #1[0])
01-17 09:23:26.995   627  3892 D DlbDap2Process: setParam(vbm = #1[3])
01-17 09:23:26.995   627  3892 D DlbDap2Process: setParam(dom = #1[0])
01-17 09:23:26.995   627  3892 D DlbDap2Process: setParam(bew = #1[16])
01-17 09:23:26.995   627  3892 D DlbDap2Process: setParam(dvla = #1[4])
01-17 09:23:26.995   627  3892 D DlbDap2Process: setParam(arra = #1[96])
01-17 09:23:26.995   627  3892 D DlbDap2Process: setParam(dfsa = #1[10])
01-17 09:23:26.995   627  3892 D DlbDap2Process: setParam(dhsa = #1[10])
01-17 09:23:26.995   627  3892 D DlbDap2Process: setParam(dvmc = #1[0])
01-17 09:23:26.995   627  3892 D DlbDap2Process: setParam(arod = #1[0])
01-17 09:23:26.995   627  3892 D DlbDap2Process: setParam(arde = #1[1])
01-17 09:23:26.995   627  3892 D DlbDap2Process: setParam(dvle = #1[1])
01-17 09:23:26.995   627  3892 D DlbDap2Process: setParam(dvme = #1[0])
01-17 09:23:26.995   627  3892 D DlbDap2Process: setParam(becf = #1[200])
01-17 09:23:26.995   627  3892 D DlbDap2Process: setParam(vbmf = #2[94, 469])
01-17 09:23:26.995   627  3892 D DlbDap2Process: setParam(vbsf = #2[35, 160])
01-17 09:23:26.995   627  3892 D DlbDap2Process: setParam(vbhg = #3[-32, -144, -192])
01-17 09:23:26.996   627  3892 D DlbDap2Process: setParam(vbog = #1[0])
01-17 09:23:26.996   627  3892 D DlbDap2Process: setParam(vbsg = #1[0])
01-17 09:23:26.996   627  3892 D DlbDap2Process: setParam(dvli = #1[-320])
01-17 09:23:26.996   627  3892 D DlbDap2Process: setParam(dhfm = #1[2])
01-17 09:23:26.996   627  3892 D DlbDap2Process: setParam(vbon = #1[0])
01-17 09:23:26.996   627  3892 D DlbDap2Process: setParam(beon = #1[0])
01-17 09:23:26.996   627  3892 D DlbDap2Process: setParam(deon = #1[0])
01-17 09:23:26.996   627  3892 D DlbDap2Process: setParam(ngon = #1[1])
01-17 09:23:26.996   627  3892 D DlbDap2Process: setParam(aoon = #1[1])
01-17 09:23:26.996   627  3892 D DlbDap2Process: setParam(aron = #1[1])
01-17 09:23:26.996   627  3892 D DlbDap2Process: setParam(dvlo = #1[-320])
01-17 09:23:26.996   627  3892 D DlbDap2Process: setParam(artp = #1[12])
01-17 09:23:26.996   627  3892 D DlbDap2Process: setParam(aobs = #222[20, 10, 47, 141, 234, 328, 469, 656, 844, 1031, 1313, 1688, 2250, 3000, 3750, 4688, 5813, 7125, 9000, 11250, 13875, 19688, 0, 0, 0, 0, 0, 0, 0, 0, 0, 0, 0, 0, 0, 0, 0, 0, 0, 0, 0, 0, 0, 0, 0, 0, 0, 0, 0, 0, 0, 0, 0, 0, 0, 0, 0, 0, 0, 0, 0, 0, 0, 0, 0, 0, 0, 0, 0, 0, 0, 0, 0, 0, 0, 0, 0, 0, 0, 0, 0, 0, 0, 0, 0, 0, 0, 0, 0, 0, 0, 0, 0, 0, 0, 0, 0, 0, 0, 0, 0, 0, 0, 0, 0, 0, 0, 0, 0, 0, 0, 0, 0, 0, 0, 0, 0, 0, 0, 0, 0, 0, 0, 0, 0, 0, 0, 0, 0, 0, 0, 0, 0, 0, 0, 0, 0, 0, 0, 0, 0, 0, 0, 0, 0, 0, 0, 0, 0, 0, 0, 0, 0, 0, 0, 0, 0, 0, 0, 0, 0, 0, 0, 0, 0, 0, 0, 0, 0, 0, 0, 0, 0, 0, 0, 0, 0, 0, 0, 0, 0, 0, 0, 0, 0, 0, 0, 0, 0, 0, 0, 0, 0, 0, 0, 0, 0, 0, 0, 0, 0, 0, 0, 0, 0, 0, 0, 0, 0, 0, 0, 0, 0, 0, 0, 0, 0, 0, 0, 0, 0, 0])
01-17 09:23:26.997   627  3892 D DlbDap2Process: setParam(arbs = #81[20, 47, 141, 234, 328, 469, 656, 844, 1031, 1313, 1688, 2250, 3000, 3750, 4688, 5813, 7125, 9000, 11250, 13875, 19688, -192, -192, -192, -192, -192, -192, -192, -192, -192, -192, -192, -192, -192, -192, -192, -192, -192, -192, -192, -192, 0, 0, 0, 0, 0, 0, 0, 0, 0, 0, 0, 0, 0, 0, 0, 0, 0, 0, 0, 0, 0, 0, 0, 0, 0, 0, 0, 0, 0, 0, 0, 0, 0, 0, 0, 0, 0, 0, 0, 0])
01-17 09:23:26.997   627  3892 D DlbDapEndpointParamCache: doCommit() Committed 37 parameters out of 37.
01-17 09:23:26.997 30797 30797 D featureTest: receive broadcast , change ds status :1
