01-17 09:24:37.327   710   900 D NuPlayerDriver: reset(0xe6bcbe00) at state 5
01-17 09:24:37.327   710   900 D NuPlayerDriver: notifyListener_l(0xe6bcbe00), (8, 0, 0, -1), loop setting(0, 1)
01-17 09:24:37.341   710 31405 D NuPlayerDriver: notifyResetComplete(0xe6bcbe00)
01-17 09:24:37.342   710   900 D AudioTrack: stop() called with 0 frames delivered
01-17 09:24:37.473   684   928 W AudioFlinger::EffectModule: EffectModule 0xee09f280 destructor called with unreleased interface
01-17 09:24:37.474   684   928 W AudioFlinger::EffectHandle: disconnect Effect handle 0xee0a6780 disconnected after thread destruction
01-17 09:24:37.476   627   627 D DlbDlbEffect: handle_EFFECT_CMD_DISABLE()
01-17 09:24:37.476   627   627 D DlbDapCrossfadeProcess: setEnabled transitioning from DAP_ACTIVE state to FADE_TO_BYPASS
01-17 09:24:37.478   627   627 D DlbDlbEffect: handle_EFFECT_CMD_SET_CONFIG()
01-17 09:24:37.478   627   627 D DlbDapEndpointParamCache: setDevice(device=0x00000002)
01-17 09:24:37.478   645   645 D DMSService: setActiveDevice called with device = 0x2
01-17 09:24:37.479   627   924 D DlbDlbEffect: handle_EFFECT_CMD_ENABLE()
01-17 09:24:37.479   627   924 D DlbDapCrossfadeProcess: setEnabled transitioning from FADE_TO_BYPASS state to FADE_TO_ACTIVE
01-17 09:24:37.647 31452 31452 D featureTest: onCreate
01-17 09:24:37.651 31452 31452 D AudioTrack: Client defaulted notificationFrames to 962 for frameCount 1924
01-17 09:24:37.653 31452 31452 W AudioTrack: Use of stream types is deprecated for operations other than volume control
01-17 09:24:37.654 31452 31452 W AudioTrack: See the documentation of AudioTrack() for what to use instead with android.media.AudioAttributes to qualify your playback use case
01-17 09:24:37.666 31452 31452 D featureTest: onResume
01-17 09:24:38.504 31452 31452 D featureTest: receive broadcast , playing content location :/sdcard/featureTest/chopper_5.1_180_420.wav
01-17 09:24:38.515 31452 31452 D featureTest: mMediaPlayer.getAudioSessionId(): 5793
01-17 09:24:38.515 31452 31452 D featureTest: Playing file: /sdcard/featureTest/chopper_5.1_180_420.wav
01-17 09:24:38.517   710   900 D NuPlayerDriver: NuPlayerDriver(0xe6bcbe00) created, clientPid(31452)
01-17 09:24:38.557   710 31478 D NuPlayerDriver: notifyListener_l(0xe6bcbe00), (1, 0, 0, -1), loop setting(0, 0)
01-17 09:24:38.567   710   900 D NuPlayerDriver: start(0xe6bcbe00), state is 4, eos is 0
01-17 09:24:38.572   717  5320 I OMXMaster: makeComponentInstance(OMX.google.raw.decoder) in omx@1.0-service process
01-17 09:24:38.574   710 31487 I ACodec  : codec does not support config priority (err -2147483648)
01-17 09:24:38.576   710 31487 I MediaCodec: MediaCodec will operate in async mode
01-17 09:24:38.577 31452 31452 D featureTest: receive broadcast , change ds status :0
01-17 09:24:38.597   710 31485 D AudioTrack: Client defaulted notificationFrames to 12000 for frameCount 24000
01-17 09:24:38.599   627   627 D DlbDlbEffect: handle_EFFECT_CMD_SET_PARAM()
01-17 09:24:38.601   627   627 D DlbDlbEffect: handle_EFFECT_CMD_DISABLE()
01-17 09:24:38.601   627   627 D DlbDapCrossfadeProcess: setEnabled transitioning from FADE_TO_ACTIVE state to FADE_TO_BYPASS
01-17 09:24:38.603   627   627 D DlbDlbEffect: handle_EFFECT_CMD_SET_CONFIG()
01-17 09:24:38.603   627   922 D DlbDapEndpointParamCache: setDevice(device=0x00000002)
01-17 09:24:38.603   645   645 D DMSService: setActiveDevice called with device = 0x2
01-17 09:24:38.603   627   627 D DlbDlbEffect: handle_EFFECT_CMD_ENABLE()
01-17 09:24:38.604   627   627 D DlbDapCrossfadeProcess: setEnabled transitioning from FADE_TO_BYPASS state to FADE_TO_ACTIVE
01-17 09:24:38.604   684  3973 W AudioFlinger: moveDolbyEffect() effect chain for session 0 not on source thread 0xee0ae580
01-17 09:24:38.605   710 31478 D NuPlayerDriver: notifyListener_l(0xe6bcbe00), (6, 0, 0, -1), loop setting(0, 1)
01-17 09:24:38.646 31452 31452 D featureTest: receive broadcast , change ds profile id :2
01-17 09:24:38.656   627   922 D DlbDlbEffect: handle_EFFECT_CMD_SET_PARAM()
01-17 09:24:38.656   645   713 I DapController: Profile Changed to Music
01-17 09:24:38.663   627  3892 D DlbDapCrossfadeProcess: setEnabled transitioning from FADE_TO_ACTIVE state to FADE_TO_BYPASS
01-17 09:24:38.665   627  3892 D DlbDapEndpointParamCache: commitChangedParams()
01-17 09:24:38.665   627  3892 D DlbDapEndpointParamCache: commit() Applying parameters for device 0x40000000
01-17 09:24:38.665   627  3892 D DlbDap2Process: setParam(iea = #1[10])
01-17 09:24:38.665   627  3892 D DlbDap2Process: setParam(msce = #1[0])
01-17 09:24:38.665   627  3892 D DlbDap2Process: setParam(mdee = #1[0])
01-17 09:24:38.665   627  3892 D DlbDap2Process: setParam(miee = #1[0])
01-17 09:24:38.665   627  3892 D DlbDap2Process: setParam(mdle = #1[0])
01-17 09:24:38.665   627  3892 D DlbDap2Process: setParam(dvle = #1[1])
01-17 09:24:38.665   627  3892 D DlbDap2Process: setParam(mave = #1[0])
01-17 09:24:38.665   627  3892 D DlbDap2Process: setParam(vcbf = #20[47, 141, 234, 328, 469, 656, 844, 1031, 1313, 1688, 2250, 3000, 3750, 4688, 5813, 7125, 9000, 11250, 13875, 19688])
01-17 09:24:38.665   627  3892 D DlbDap2Process: setParam(vbon = #1[0])
01-17 09:24:38.665   627  3892 D DlbDap2Process: setParam(beon = #1[0])
01-17 09:24:38.665   627  3892 D DlbDap2Process: setParam(geon = #1[0])
01-17 09:24:38.665   627  3892 D DlbDap2Process: setParam(ieon = #1[1])
01-17 09:24:38.665   627  3892 D DlbDap2Process: setParam(gebs = #41[20, 47, 141, 234, 328, 469, 656, 844, 1031, 1313, 1688, 2250, 3000, 3750, 4688, 5813, 7125, 9000, 11250, 13875, 19688, 0, 0, 0, 0, 0, 0, 0, 0, 0, 0, 0, 0, 0, 0, 0, 0, 0, 0, 0, 0])
01-17 09:24:38.665   627  3892 D DlbDap2Process: setParam(iebs = #41[20, 65, 136, 223, 332, 467, 634, 841, 1098, 1416, 1812, 2302, 2909, 3663, 4598, 5756, 7194, 8976, 11186, 13927, 17326, 117, 133, 188, 176, 141, 149, 175, 185, 185, 200, 236, 242, 228, 213, 182, 132, 110, 68, -27, -240])
01-17 09:24:38.665   627  3892 D DlbDapEndpointParamCache: doCommit() Committed 15 parameters out of 16.
01-17 09:24:38.665   627  3892 D DlbDapEndpointParamCache: commit() Overriding parameters for current device 0x00000002
01-17 09:24:38.665   627  3892 D DlbDap2Process: setParam(dea = #1[7])
01-17 09:24:38.665   627  3892 D DlbDap2Process: setParam(dsa = #1[10])
01-17 09:24:38.665   627  3892 D DlbDap2Process: setParam(beb = #1[192])
01-17 09:24:38.665   627  3892 D DlbDap2Process: setParam(plb = #1[0])
01-17 09:24:38.665   627  3892 D DlbDap2Process: setParam(vmb = #1[144])
01-17 09:24:38.665   627  3892 D DlbDap2Process: setParam(dsb = #1[0])
01-17 09:24:38.666   627  3892 D DlbDap2Process: setParam(ded = #1[0])
01-17 09:24:38.666   627  3892 D DlbDap2Process: setParam(vbm = #1[3])
01-17 09:24:38.666   627  3892 D DlbDap2Process: setParam(dom = #1[0])
01-17 09:24:38.666   627  3892 D DlbDap2Process: setParam(bew = #1[16])
01-17 09:24:38.666   627  3892 D DlbDap2Process: setParam(dvla = #1[4])
01-17 09:24:38.666   627  3892 D DlbDap2Process: setParam(arra = #1[96])
01-17 09:24:38.666   627  3892 D DlbDap2Process: setParam(dfsa = #1[10])
01-17 09:24:38.666   627  3892 D DlbDap2Process: setParam(dhsa = #1[10])
01-17 09:24:38.666   627  3892 D DlbDap2Process: setParam(dvmc = #1[0])
01-17 09:24:38.666   627  3892 D DlbDap2Process: setParam(arod = #1[0])
01-17 09:24:38.666   627  3892 D DlbDap2Process: setParam(arde = #1[1])
01-17 09:24:38.666   627  3892 D DlbDap2Process: setParam(dvle = #1[1])
01-17 09:24:38.666   627  3892 D DlbDap2Process: setParam(dvme = #1[0])
01-17 09:24:38.666   627  3892 D DlbDap2Process: setParam(becf = #1[200])
01-17 09:24:38.666   627  3892 D DlbDap2Process: setParam(vbmf = #2[94, 469])
01-17 09:24:38.666   627  3892 D DlbDap2Process: setParam(vbsf = #2[35, 160])
01-17 09:24:38.666   627  3892 D DlbDap2Process: setParam(vbhg = #3[-32, -144, -192])
01-17 09:24:38.666   627  3892 D DlbDap2Process: setParam(vbog = #1[0])
01-17 09:24:38.666   627  3892 D DlbDap2Process: setParam(vbsg = #1[0])
01-17 09:24:38.666   627  3892 D DlbDap2Process: setParam(dvli = #1[-320])
01-17 09:24:38.666   627  3892 D DlbDap2Process: setParam(dhfm = #1[2])
01-17 09:24:38.666   627  3892 D DlbDap2Process: setParam(vbon = #1[0])
01-17 09:24:38.666   627  3892 D DlbDap2Process: setParam(beon = #1[0])
01-17 09:24:38.666   627  3892 D DlbDap2Process: setParam(deon = #1[0])
01-17 09:24:38.666   627  3892 D DlbDap2Process: setParam(ngon = #1[1])
01-17 09:24:38.666   627  3892 D DlbDap2Process: setParam(aoon = #1[1])
01-17 09:24:38.666   627  3892 D DlbDap2Process: setParam(aron = #1[1])
01-17 09:24:38.666   627  3892 D DlbDap2Process: setParam(dvlo = #1[-320])
01-17 09:24:38.666   627  3892 D DlbDap2Process: setParam(artp = #1[12])
01-17 09:24:38.666   627  3892 D DlbDap2Process: setParam(aobs = #222[20, 10, 47, 141, 234, 328, 469, 656, 844, 1031, 1313, 1688, 2250, 3000, 3750, 4688, 5813, 7125, 9000, 11250, 13875, 19688, 0, 0, 0, 0, 0, 0, 0, 0, 0, 0, 0, 0, 0, 0, 0, 0, 0, 0, 0, 0, 0, 0, 0, 0, 0, 0, 0, 0, 0, 0, 0, 0, 0, 0, 0, 0, 0, 0, 0, 0, 0, 0, 0, 0, 0, 0, 0, 0, 0, 0, 0, 0, 0, 0, 0, 0, 0, 0, 0, 0, 0, 0, 0, 0, 0, 0, 0, 0, 0, 0, 0, 0, 0, 0, 0, 0, 0, 0, 0, 0, 0, 0, 0, 0, 0, 0, 0, 0, 0, 0, 0, 0, 0, 0, 0, 0, 0, 0, 0, 0, 0, 0, 0, 0, 0, 0, 0, 0, 0, 0, 0, 0, 0, 0, 0, 0, 0, 0, 0, 0, 0, 0, 0, 0, 0, 0, 0, 0, 0, 0, 0, 0, 0, 0, 0, 0, 0, 0, 0, 0, 0, 0, 0, 0, 0, 0, 0, 0, 0, 0, 0, 0, 0, 0, 0, 0, 0, 0, 0, 0, 0, 0, 0, 0, 0, 0, 0, 0, 0, 0, 0, 0, 0, 0, 0, 0, 0, 0, 0, 0, 0, 0, 0, 0, 0, 0, 0, 0, 0, 0, 0, 0, 0, 0, 0, 0, 0, 0, 0, 0])
01-17 09:24:38.667   627  3892 D DlbDap2Process: setParam(arbs = #81[20, 47, 141, 234, 328, 469, 656, 844, 1031, 1313, 1688, 2250, 3000, 3750, 4688, 5813, 7125, 9000, 11250, 13875, 19688, -192, -192, -192, -192, -192, -192, -192, -192, -192, -192, -192, -192, -192, -192, -192, -192, -192, -192, -192, -192, 0, 0, 0, 0, 0, 0, 0, 0, 0, 0, 0, 0, 0, 0, 0, 0, 0, 0, 0, 0, 0, 0, 0, 0, 0, 0, 0, 0, 0, 0, 0, 0, 0, 0, 0, 0, 0, 0, 0, 0])
01-17 09:24:38.667   627  3892 D DlbDapEndpointParamCache: doCommit() Committed 37 parameters out of 37.
01-17 09:24:38.667   627  3892 D DlbDap2Process: setMave(mave = 0)
01-17 09:24:38.695   627  3892 D DlbDapCrossfadeProcess: process transitioning from FADE_TO_BYPASS state to DAP_BYPASSED
01-17 09:24:38.707 31452 31452 D featureTest: receive broadcast , playing content location :/sdcard/featureTest/chopper_5.1_180_420.wav
01-17 09:24:38.709   710   900 D NuPlayerDriver: stop(0xe6bcbe00)
01-17 09:24:38.709   710   900 D NuPlayerDriver: notifyListener_l(0xe6bcbe00), (8, 0, 0, -1), loop setting(0, 1)
01-17 09:24:38.710   710   900 D NuPlayerDriver: reset(0xe6bcbe00) at state 8
01-17 09:24:38.717   710 31478 D NuPlayerDriver: notifyResetComplete(0xe6bcbe00)
01-17 09:24:38.717   710   900 D NuPlayerDriver: reset(0xe6bcbe00) at state 0
01-17 09:24:38.722 31452 31452 D featureTest: mMediaPlayer.getAudioSessionId(): 5801
01-17 09:24:38.722 31452 31452 D featureTest: Playing file: /sdcard/featureTest/chopper_5.1_180_420.wav
01-17 09:24:38.723   710   900 D NuPlayerDriver: NuPlayerDriver(0xe6bcb770) created, clientPid(31452)
01-17 09:24:38.755   710 31501 D NuPlayerDriver: notifyListener_l(0xe6bcb770), (1, 0, 0, -1), loop setting(0, 0)
01-17 09:24:38.758   710  1419 D NuPlayerDriver: start(0xe6bcb770), state is 4, eos is 0
01-17 09:24:38.764   717 20091 I OMXMaster: makeComponentInstance(OMX.google.raw.decoder) in omx@1.0-service process
01-17 09:24:38.766   710 31510 I ACodec  : codec does not support config priority (err -2147483648)
01-17 09:24:38.767   710 31510 I MediaCodec: MediaCodec will operate in async mode
01-17 09:24:38.768 31452 31452 D featureTest: receive broadcast , change ds status :1
01-17 09:24:38.777   627   924 D DlbDlbEffect: handle_EFFECT_CMD_SET_PARAM()
01-17 09:24:38.784   710 31507 D AudioTrack: Client defaulted notificationFrames to 12000 for frameCount 24000
01-17 09:24:38.788   684   930 W AudioFlinger: moveDolbyEffect() effect chain for session 0 not on source thread 0xee0ae580
01-17 09:24:38.789   710 31501 D NuPlayerDriver: notifyListener_l(0xe6bcb770), (6, 0, 0, -1), loop setting(0, 1)
01-17 09:24:38.789   627  3892 D DlbDapCrossfadeProcess: setEnabled transitioning from DAP_BYPASSED state to PREROLL_ACTIVE
01-17 09:24:38.817   627  3892 D DlbDapCrossfadeProcess: process transitioning from PREROLL_ACTIVE state to FADE_TO_ACTIVE
01-17 09:24:38.830 31452 31452 D featureTest: receive broadcast , change ds profile id :5
01-17 09:24:38.839   627   627 D DlbDlbEffect: handle_EFFECT_CMD_SET_PARAM()
01-17 09:24:38.839   645   713 I DapController: Profile Changed to Custom
01-17 09:24:38.857   627  3892 D DlbDapEndpointParamCache: commitChangedParams()
01-17 09:24:38.857   627  3892 D DlbDapEndpointParamCache: commit() Applying parameters for device 0x40000000
01-17 09:24:38.857   627  3892 D DlbDap2Process: setParam(iea = #1[10])
01-17 09:24:38.857   627  3892 D DlbDap2Process: setParam(msce = #1[0])
01-17 09:24:38.857   627  3892 D DlbDap2Process: setParam(mdee = #1[0])
01-17 09:24:38.857   627  3892 D DlbDap2Process: setParam(miee = #1[0])
01-17 09:24:38.857   627  3892 D DlbDap2Process: setParam(mdle = #1[0])
01-17 09:24:38.857   627  3892 D DlbDap2Process: setParam(dvle = #1[1])
01-17 09:24:38.857   627  3892 D DlbDap2Process: setParam(mave = #1[0])
01-17 09:24:38.857   627  3892 D DlbDap2Process: setParam(vcbf = #20[47, 141, 234, 328, 469, 656, 844, 1031, 1313, 1688, 2250, 3000, 3750, 4688, 5813, 7125, 9000, 11250, 13875, 19688])
01-17 09:24:38.857   627  3892 D DlbDap2Process: setParam(vbon = #1[0])
01-17 09:24:38.857   627  3892 D DlbDap2Process: setParam(beon = #1[0])
01-17 09:24:38.857   627  3892 D DlbDap2Process: setParam(geon = #1[0])
01-17 09:24:38.857   627  3892 D DlbDap2Process: setParam(ieon = #1[0])
01-17 09:24:38.857   627  3892 D DlbDap2Process: setParam(gebs = #41[20, 47, 141, 234, 328, 469, 656, 844, 1031, 1313, 1688, 2250, 3000, 3750, 4688, 5813, 7125, 9000, 11250, 13875, 19688, 0, 0, 0, 0, 0, 0, 0, 0, 0, 0, 0, 0, 0, 0, 0, 0, 0, 0, 0, 0])
01-17 09:24:38.857   627  3892 D DlbDap2Process: setParam(iebs = #41[20, 65, 136, 223, 332, 467, 634, 841, 1098, 1416, 1812, 2302, 2909, 3663, 4598, 5756, 7194, 8976, 11186, 13927, 17326, 117, 133, 188, 176, 141, 149, 175, 185, 185, 200, 236, 242, 228, 213, 182, 132, 110, 68, -27, -240])
01-17 09:24:38.857   627  3892 D DlbDapEndpointParamCache: doCommit() Committed 15 parameters out of 16.
01-17 09:24:38.857   627  3892 D DlbDapEndpointParamCache: commit() Overriding parameters for current device 0x00000002
01-17 09:24:38.857   627  3892 D DlbDap2Process: setParam(dea = #1[7])
01-17 09:24:38.857   627  3892 D DlbDap2Process: setParam(dsa = #1[10])
01-17 09:24:38.857   627  3892 D DlbDap2Process: setParam(beb = #1[192])
01-17 09:24:38.858   627  3892 D DlbDap2Process: setParam(plb = #1[0])
01-17 09:24:38.858   627  3892 D DlbDap2Process: setParam(vmb = #1[144])
01-17 09:24:38.858   627  3892 D DlbDap2Process: setParam(dsb = #1[48])
01-17 09:24:38.858   627  3892 D DlbDap2Process: setParam(ded = #1[0])
01-17 09:24:38.858   627  3892 D DlbDap2Process: setParam(vbm = #1[3])
01-17 09:24:38.858   627  3892 D DlbDap2Process: setParam(dom = #1[0])
01-17 09:24:38.858   627  3892 D DlbDap2Process: setParam(bew = #1[16])
01-17 09:24:38.858   627  3892 D DlbDap2Process: setParam(dvla = #1[5])
01-17 09:24:38.858   627  3892 D DlbDap2Process: setParam(arra = #1[96])
01-17 09:24:38.858   627  3892 D DlbDap2Process: setParam(dfsa = #1[10])
01-17 09:24:38.858   627  3892 D DlbDap2Process: setParam(dhsa = #1[10])
01-17 09:24:38.858   627  3892 D DlbDap2Process: setParam(dvmc = #1[0])
01-17 09:24:38.858   627  3892 D DlbDap2Process: setParam(arod = #1[0])
01-17 09:24:38.858   627  3892 D DlbDap2Process: setParam(arde = #1[1])
01-17 09:24:38.858   627  3892 D DlbDap2Process: setParam(dvle = #1[1])
01-17 09:24:38.858   627  3892 D DlbDap2Process: setParam(dvme = #1[0])
01-17 09:24:38.858   627  3892 D DlbDap2Process: setParam(becf = #1[200])
01-17 09:24:38.858   627  3892 D DlbDap2Process: setParam(vbmf = #2[94, 469])
01-17 09:24:38.858   627  3892 D DlbDap2Process: setParam(vbsf = #2[35, 160])
01-17 09:24:38.858   627  3892 D DlbDap2Process: setParam(vbhg = #3[-32, -144, -192])
01-17 09:24:38.858   627  3892 D DlbDap2Process: setParam(vbog = #1[0])
01-17 09:24:38.858   627  3892 D DlbDap2Process: setParam(vbsg = #1[0])
01-17 09:24:38.858   627  3892 D DlbDap2Process: setParam(dvli = #1[-320])
01-17 09:24:38.858   627  3892 D DlbDap2Process: setParam(dhfm = #1[2])
01-17 09:24:38.858   627  3892 D DlbDap2Process: setParam(vbon = #1[0])
01-17 09:24:38.858   627  3892 D DlbDap2Process: setParam(beon = #1[0])
01-17 09:24:38.858   627  3892 D DlbDap2Process: setParam(deon = #1[0])
01-17 09:24:38.858   627  3892 D DlbDap2Process: setParam(ngon = #1[1])
01-17 09:24:38.858   627  3892 D DlbDap2Process: setParam(aoon = #1[1])
01-17 09:24:38.858   627  3892 D DlbDap2Process: setParam(aron = #1[1])
01-17 09:24:38.858   627  3892 D DlbDap2Process: setParam(dvlo = #1[-320])
01-17 09:24:38.858   627  3892 D DlbDap2Process: setParam(artp = #1[12])
01-17 09:24:38.859   627  3892 D DlbDap2Process: setParam(aobs = #222[20, 10, 47, 141, 234, 328, 469, 656, 844, 1031, 1313, 1688, 2250, 3000, 3750, 4688, 5813, 7125, 9000, 11250, 13875, 19688, 0, 0, 0, 0, 0, 0, 0, 0, 0, 0, 0, 0, 0, 0, 0, 0, 0, 0, 0, 0, 0, 0, 0, 0, 0, 0, 0, 0, 0, 0, 0, 0, 0, 0, 0, 0, 0, 0, 0, 0, 0, 0, 0, 0, 0, 0, 0, 0, 0, 0, 0, 0, 0, 0, 0, 0, 0, 0, 0, 0, 0, 0, 0, 0, 0, 0, 0, 0, 0, 0, 0, 0, 0, 0, 0, 0, 0, 0, 0, 0, 0, 0, 0, 0, 0, 0, 0, 0, 0, 0, 0, 0, 0, 0, 0, 0, 0, 0, 0, 0, 0, 0, 0, 0, 0, 0, 0, 0, 0, 0, 0, 0, 0, 0, 0, 0, 0, 0, 0, 0, 0, 0, 0, 0, 0, 0, 0, 0, 0, 0, 0, 0, 0, 0, 0, 0, 0, 0, 0, 0, 0, 0, 0, 0, 0, 0, 0, 0, 0, 0, 0, 0, 0, 0, 0, 0, 0, 0, 0, 0, 0, 0, 0, 0, 0, 0, 0, 0, 0, 0, 0, 0, 0, 0, 0, 0, 0, 0, 0, 0, 0, 0, 0, 0, 0, 0, 0, 0, 0, 0, 0, 0, 0, 0, 0, 0, 0, 0, 0, 0])
01-17 09:24:38.859   627  3892 D DlbDap2Process: setParam(arbs = #81[20, 47, 141, 234, 328, 469, 656, 844, 1031, 1313, 1688, 2250, 3000, 3750, 4688, 5813, 7125, 9000, 11250, 13875, 19688, -192, -192, -192, -192, -192, -192, -192, -192, -192, -192, -192, -192, -192, -192, -192, -192, -192, -192, -192, -192, 0, 0, 0, 0, 0, 0, 0, 0, 0, 0, 0, 0, 0, 0, 0, 0, 0, 0, 0, 0, 0, 0, 0, 0, 0, 0, 0, 0, 0, 0, 0, 0, 0, 0, 0, 0, 0, 0, 0, 0])
01-17 09:24:38.859   627  3892 D DlbDapEndpointParamCache: doCommit() Committed 37 parameters out of 37.
01-17 09:24:38.859   627  3892 D DlbDap2Process: setMave(mave = 0)
01-17 09:24:38.892   684   928 W AudioFlinger::EffectModule: EffectModule 0xee09ee00 destructor called with unreleased interface
01-17 09:24:38.893   684   928 W AudioFlinger::EffectHandle: disconnect Effect handle 0xee0a68c0 disconnected after thread destruction
01-17 09:24:38.897 31452 31452 D featureTest: receive broadcast , change virtual speaker  virtualizer :1
01-17 09:24:38.908 31452 31452 D featureTest: virtual speaker virtualizer can not be operate for mono speaker endpoint!
01-17 09:24:38.935   627  3892 D DlbDapCrossfadeProcess: process transitioning from FADE_TO_ACTIVE state to DAP_ACTIVE
01-17 09:24:38.956 31452 31452 D featureTest: receive broadcast , record log :0
01-17 09:24:41.038   627  3892 D DlbDap2Process: process() called [492000] times
01-17 09:24:43.703   627  3892 D DlbDap2Process: process() called [492500] times
