01-17 09:24:27.188   710   900 D NuPlayerDriver: reset(0xe6bcb4d0) at state 5
01-17 09:24:27.192   710   900 D NuPlayerDriver: notifyListener_l(0xe6bcb4d0), (8, 0, 0, -1), loop setting(0, 1)
01-17 09:24:27.214   710 31313 D NuPlayerDriver: notifyResetComplete(0xe6bcb4d0)
01-17 09:24:27.214   710   900 D AudioTrack: stop() called with 0 frames delivered
01-17 09:24:27.353   684   928 W AudioFlinger::EffectModule: EffectModule 0xee09eb00 destructor called with unreleased interface
01-17 09:24:27.353   684   928 W AudioFlinger::EffectHandle: disconnect Effect handle 0xee0a6480 disconnected after thread destruction
01-17 09:24:27.355   627   627 D DlbDlbEffect: handle_EFFECT_CMD_DISABLE()
01-17 09:24:27.355   627   627 D DlbDapCrossfadeProcess: setEnabled transitioning from DAP_ACTIVE state to FADE_TO_BYPASS
01-17 09:24:27.358   627   627 D DlbDlbEffect: handle_EFFECT_CMD_SET_CONFIG()
01-17 09:24:27.358   627   627 D DlbDapEndpointParamCache: setDevice(device=0x00000002)
01-17 09:24:27.358   645   645 D DMSService: setActiveDevice called with device = 0x2
01-17 09:24:27.359   627   924 D DlbDlbEffect: handle_EFFECT_CMD_ENABLE()
01-17 09:24:27.359   627   924 D DlbDapCrossfadeProcess: setEnabled transitioning from FADE_TO_BYPASS state to FADE_TO_ACTIVE
01-17 09:24:27.468 31358 31358 D featureTest: onCreate
01-17 09:24:27.472 31358 31358 D AudioTrack: Client defaulted notificationFrames to 962 for frameCount 1924
01-17 09:24:27.475 31358 31358 W AudioTrack: Use of stream types is deprecated for operations other than volume control
01-17 09:24:27.475 31358 31358 W AudioTrack: See the documentation of AudioTrack() for what to use instead with android.media.AudioAttributes to qualify your playback use case
01-17 09:24:27.487 31358 31358 D featureTest: onResume
01-17 09:24:28.334 31358 31358 D featureTest: receive broadcast , playing content location :/sdcard/featureTest/chopper_2.0_180_420_02.wav
01-17 09:24:28.341 31358 31358 D featureTest: mMediaPlayer.getAudioSessionId(): 5769
01-17 09:24:28.341 31358 31358 D featureTest: Playing file: /sdcard/featureTest/chopper_2.0_180_420_02.wav
01-17 09:24:28.343   710  1422 D NuPlayerDriver: NuPlayerDriver(0xe6bcb070) created, clientPid(31358)
01-17 09:24:28.361   710 31384 D NuPlayerDriver: notifyListener_l(0xe6bcb070), (1, 0, 0, -1), loop setting(0, 0)
01-17 09:24:28.370   710   900 D NuPlayerDriver: start(0xe6bcb070), state is 4, eos is 0
01-17 09:24:28.380   717 21044 I OMXMaster: makeComponentInstance(OMX.google.raw.decoder) in omx@1.0-service process
01-17 09:24:28.383   710 31392 I ACodec  : codec does not support config priority (err -2147483648)
01-17 09:24:28.384   710 31392 I MediaCodec: MediaCodec will operate in async mode
01-17 09:24:28.387 31358 31358 D featureTest: receive broadcast , change ds status :0
01-17 09:24:28.398   627   922 D DlbDlbEffect: handle_EFFECT_CMD_SET_PARAM()
01-17 09:24:28.402   710 31390 D AudioTrack: Client defaulted notificationFrames to 7350 for frameCount 22050
01-17 09:24:28.406   627   627 D DlbDlbEffect: handle_EFFECT_CMD_DISABLE()
01-17 09:24:28.406   627   627 D DlbDapCrossfadeProcess: setEnabled transitioning from FADE_TO_ACTIVE state to FADE_TO_BYPASS
01-17 09:24:28.407   627   922 D DlbDlbEffect: handle_EFFECT_CMD_SET_CONFIG()
01-17 09:24:28.407   627   922 D DlbDapEndpointParamCache: setDevice(device=0x00000002)
01-17 09:24:28.407   645   645 D DMSService: setActiveDevice called with device = 0x2
01-17 09:24:28.407   627   924 D DlbDlbEffect: handle_EFFECT_CMD_ENABLE()
01-17 09:24:28.408   627   924 D DlbDapCrossfadeProcess: setEnabled transitioning from FADE_TO_BYPASS state to FADE_TO_ACTIVE
01-17 09:24:28.408   684  7228 W AudioFlinger: moveDolbyEffect() effect chain for session 0 not on source thread 0xee0ae580
01-17 09:24:28.408   710 31384 D NuPlayerDriver: notifyListener_l(0xe6bcb070), (6, 0, 0, -1), loop setting(0, 1)
01-17 09:24:28.414   627  3892 D DlbDapCrossfadeProcess: setEnabled transitioning from FADE_TO_ACTIVE state to FADE_TO_BYPASS
01-17 09:24:28.453 31358 31358 D featureTest: receive broadcast , change ds profile id :2
01-17 09:24:28.460   627   924 D DlbDlbEffect: handle_EFFECT_CMD_SET_PARAM()
01-17 09:24:28.461   645   713 I DapController: Profile Changed to Music
01-17 09:24:28.494   627  3892 D DlbDapEndpointParamCache: commitChangedParams()
01-17 09:24:28.494   627  3892 D DlbDapEndpointParamCache: commit() Applying parameters for device 0x40000000
01-17 09:24:28.494   627  3892 D DlbDap2Process: setParam(iea = #1[10])
01-17 09:24:28.494   627  3892 D DlbDap2Process: setParam(msce = #1[0])
01-17 09:24:28.494   627  3892 D DlbDap2Process: setParam(mdee = #1[0])
01-17 09:24:28.494   627  3892 D DlbDap2Process: setParam(miee = #1[0])
01-17 09:24:28.494   627  3892 D DlbDap2Process: setParam(mdle = #1[0])
01-17 09:24:28.494   627  3892 D DlbDap2Process: setParam(dvle = #1[1])
01-17 09:24:28.494   627  3892 D DlbDap2Process: setParam(mave = #1[0])
01-17 09:24:28.494   627  3892 D DlbDap2Process: setParam(vcbf = #20[47, 141, 234, 328, 469, 656, 844, 1031, 1313, 1688, 2250, 3000, 3750, 4688, 5813, 7125, 9000, 11250, 13875, 19688])
01-17 09:24:28.494   627  3892 D DlbDap2Process: setParam(vbon = #1[0])
01-17 09:24:28.494   627  3892 D DlbDap2Process: setParam(beon = #1[0])
01-17 09:24:28.494   627  3892 D DlbDap2Process: setParam(geon = #1[0])
01-17 09:24:28.494   627  3892 D DlbDap2Process: setParam(ieon = #1[1])
01-17 09:24:28.494   627  3892 D DlbDap2Process: setParam(gebs = #41[20, 47, 141, 234, 328, 469, 656, 844, 1031, 1313, 1688, 2250, 3000, 3750, 4688, 5813, 7125, 9000, 11250, 13875, 19688, 0, 0, 0, 0, 0, 0, 0, 0, 0, 0, 0, 0, 0, 0, 0, 0, 0, 0, 0, 0])
01-17 09:24:28.494   627  3892 D DlbDap2Process: setParam(iebs = #41[20, 65, 136, 223, 332, 467, 634, 841, 1098, 1416, 1812, 2302, 2909, 3663, 4598, 5756, 7194, 8976, 11186, 13927, 17326, 117, 133, 188, 176, 141, 149, 175, 185, 185, 200, 236, 242, 228, 213, 182, 132, 110, 68, -27, -240])
01-17 09:24:28.495   627  3892 D DlbDapEndpointParamCache: doCommit() Committed 15 parameters out of 16.
01-17 09:24:28.495   627  3892 D DlbDapEndpointParamCache: commit() Overriding parameters for current device 0x00000002
01-17 09:24:28.495   627  3892 D DlbDap2Process: setParam(dea = #1[7])
01-17 09:24:28.495   627  3892 D DlbDap2Process: setParam(dsa = #1[10])
01-17 09:24:28.495   627  3892 D DlbDap2Process: setParam(beb = #1[192])
01-17 09:24:28.495   627  3892 D DlbDap2Process: setParam(plb = #1[0])
01-17 09:24:28.495   627  3892 D DlbDap2Process: setParam(vmb = #1[144])
01-17 09:24:28.495   627  3892 D DlbDap2Process: setParam(dsb = #1[0])
01-17 09:24:28.495   627  3892 D DlbDap2Process: setParam(ded = #1[0])
01-17 09:24:28.495   627  3892 D DlbDap2Process: setParam(vbm = #1[3])
01-17 09:24:28.495   627  3892 D DlbDap2Process: setParam(dom = #1[0])
01-17 09:24:28.495   627  3892 D DlbDap2Process: setParam(bew = #1[16])
01-17 09:24:28.495   627  3892 D DlbDap2Process: setParam(dvla = #1[4])
01-17 09:24:28.495   627  3892 D DlbDap2Process: setParam(arra = #1[96])
01-17 09:24:28.495   627  3892 D DlbDap2Process: setParam(dfsa = #1[10])
01-17 09:24:28.495   627  3892 D DlbDap2Process: setParam(dhsa = #1[10])
01-17 09:24:28.495   627  3892 D DlbDap2Process: setParam(dvmc = #1[0])
01-17 09:24:28.495   627  3892 D DlbDap2Process: setParam(arod = #1[0])
01-17 09:24:28.495   627  3892 D DlbDap2Process: setParam(arde = #1[1])
01-17 09:24:28.495   627  3892 D DlbDap2Process: setParam(dvle = #1[1])
01-17 09:24:28.495   627  3892 D DlbDap2Process: setParam(dvme = #1[0])
01-17 09:24:28.495   627  3892 D DlbDap2Process: setParam(becf = #1[200])
01-17 09:24:28.495   627  3892 D DlbDap2Process: setParam(vbmf = #2[94, 469])
01-17 09:24:28.495   627  3892 D DlbDap2Process: setParam(vbsf = #2[35, 160])
01-17 09:24:28.495   627  3892 D DlbDap2Process: setParam(vbhg = #3[-32, -144, -192])
01-17 09:24:28.495   627  3892 D DlbDap2Process: setParam(vbog = #1[0])
01-17 09:24:28.495   627  3892 D DlbDap2Process: setParam(vbsg = #1[0])
01-17 09:24:28.495   627  3892 D DlbDap2Process: setParam(dvli = #1[-320])
01-17 09:24:28.495   627  3892 D DlbDap2Process: setParam(dhfm = #1[2])
01-17 09:24:28.495   627  3892 D DlbDap2Process: setParam(vbon = #1[0])
01-17 09:24:28.495   627  3892 D DlbDap2Process: setParam(beon = #1[0])
01-17 09:24:28.495   627  3892 D DlbDap2Process: setParam(deon = #1[0])
01-17 09:24:28.495   627  3892 D DlbDap2Process: setParam(ngon = #1[1])
01-17 09:24:28.495   627  3892 D DlbDap2Process: setParam(aoon = #1[1])
01-17 09:24:28.495   627  3892 D DlbDap2Process: setParam(aron = #1[1])
01-17 09:24:28.495   627  3892 D DlbDap2Process: setParam(dvlo = #1[-320])
01-17 09:24:28.496   627  3892 D DlbDap2Process: setParam(artp = #1[12])
01-17 09:24:28.496   627  3892 D DlbDap2Process: setParam(aobs = #222[20, 10, 47, 141, 234, 328, 469, 656, 844, 1031, 1313, 1688, 2250, 3000, 3750, 4688, 5813, 7125, 9000, 11250, 13875, 19688, 0, 0, 0, 0, 0, 0, 0, 0, 0, 0, 0, 0, 0, 0, 0, 0, 0, 0, 0, 0, 0, 0, 0, 0, 0, 0, 0, 0, 0, 0, 0, 0, 0, 0, 0, 0, 0, 0, 0, 0, 0, 0, 0, 0, 0, 0, 0, 0, 0, 0, 0, 0, 0, 0, 0, 0, 0, 0, 0, 0, 0, 0, 0, 0, 0, 0, 0, 0, 0, 0, 0, 0, 0, 0, 0, 0, 0, 0, 0, 0, 0, 0, 0, 0, 0, 0, 0, 0, 0, 0, 0, 0, 0, 0, 0, 0, 0, 0, 0, 0, 0, 0, 0, 0, 0, 0, 0, 0, 0, 0, 0, 0, 0, 0, 0, 0, 0, 0, 0, 0, 0, 0, 0, 0, 0, 0, 0, 0, 0, 0, 0, 0, 0, 0, 0, 0, 0, 0, 0, 0, 0, 0, 0, 0, 0, 0, 0, 0, 0, 0, 0, 0, 0, 0, 0, 0, 0, 0, 0, 0, 0, 0, 0, 0, 0, 0, 0, 0, 0, 0, 0, 0, 0, 0, 0, 0, 0, 0, 0, 0, 0, 0, 0, 0, 0, 0, 0, 0, 0, 0, 0, 0, 0, 0, 0, 0, 0, 0, 0, 0])
01-17 09:24:28.496   627  3892 D DlbDap2Process: setParam(arbs = #81[20, 47, 141, 234, 328, 469, 656, 844, 1031, 1313, 1688, 2250, 3000, 3750, 4688, 5813, 7125, 9000, 11250, 13875, 19688, -192, -192, -192, -192, -192, -192, -192, -192, -192, -192, -192, -192, -192, -192, -192, -192, -192, -192, -192, -192, 0, 0, 0, 0, 0, 0, 0, 0, 0, 0, 0, 0, 0, 0, 0, 0, 0, 0, 0, 0, 0, 0, 0, 0, 0, 0, 0, 0, 0, 0, 0, 0, 0, 0, 0, 0, 0, 0, 0, 0])
01-17 09:24:28.496   627  3892 D DlbDapEndpointParamCache: doCommit() Committed 37 parameters out of 37.
01-17 09:24:28.496   627  3892 D DlbDap2Process: setMave(mave = 0)
01-17 09:24:28.498   627  3892 D DlbDapCrossfadeProcess: process transitioning from FADE_TO_BYPASS state to DAP_BYPASSED
01-17 09:24:28.515 31358 31358 D featureTest: receive broadcast , playing content location :/sdcard/featureTest/chopper_2.0_180_420_02.wav
01-17 09:24:28.516   710   900 D NuPlayerDriver: stop(0xe6bcb070)
01-17 09:24:28.516   710   900 D NuPlayerDriver: notifyListener_l(0xe6bcb070), (8, 0, 0, -1), loop setting(0, 1)
01-17 09:24:28.517   710   900 D NuPlayerDriver: reset(0xe6bcb070) at state 8
01-17 09:24:28.528   710 31384 D NuPlayerDriver: notifyResetComplete(0xe6bcb070)
01-17 09:24:28.528   710   900 D NuPlayerDriver: reset(0xe6bcb070) at state 0
01-17 09:24:28.535 31358 31358 D featureTest: mMediaPlayer.getAudioSessionId(): 5777
01-17 09:24:28.535 31358 31358 D featureTest: Playing file: /sdcard/featureTest/chopper_2.0_180_420_02.wav
01-17 09:24:28.536   710   710 D NuPlayerDriver: NuPlayerDriver(0xe6bcbe00) created, clientPid(31358)
01-17 09:24:28.570   710 31405 D NuPlayerDriver: notifyListener_l(0xe6bcbe00), (1, 0, 0, -1), loop setting(0, 0)
01-17 09:24:28.574   710   900 D NuPlayerDriver: start(0xe6bcbe00), state is 4, eos is 0
01-17 09:24:28.586 31358 31358 D featureTest: receive broadcast , change ds status :1
01-17 09:24:28.587   717 20091 I OMXMaster: makeComponentInstance(OMX.google.raw.decoder) in omx@1.0-service process
01-17 09:24:28.590   710 31413 I ACodec  : codec does not support config priority (err -2147483648)
01-17 09:24:28.592   710 31413 I MediaCodec: MediaCodec will operate in async mode
01-17 09:24:28.595   627   924 D DlbDlbEffect: handle_EFFECT_CMD_SET_PARAM()
01-17 09:24:28.606   710 31411 D AudioTrack: Client defaulted notificationFrames to 7350 for frameCount 22050
01-17 09:24:28.612   684  7228 W AudioFlinger: moveDolbyEffect() effect chain for session 0 not on source thread 0xee0ae580
01-17 09:24:28.613   710 31405 D NuPlayerDriver: notifyListener_l(0xe6bcbe00), (6, 0, 0, -1), loop setting(0, 1)
01-17 09:24:28.651 31358 31358 D featureTest: receive broadcast , change ds profile id :5
01-17 09:24:28.654   627  3892 D DlbDapCrossfadeProcess: setEnabled transitioning from DAP_BYPASSED state to PREROLL_ACTIVE
01-17 09:24:28.657   684   928 W AudioFlinger::EffectModule: EffectModule 0xee09e680 destructor called with unreleased interface
01-17 09:24:28.657   684   928 W AudioFlinger::EffectHandle: disconnect Effect handle 0xee0a62c0 disconnected after thread destruction
01-17 09:24:28.659   627  3892 D DlbDapCrossfadeProcess: process transitioning from PREROLL_ACTIVE state to FADE_TO_ACTIVE
01-17 09:24:28.660   627   924 D DlbDlbEffect: handle_EFFECT_CMD_SET_PARAM()
01-17 09:24:28.660   645   713 I DapController: Profile Changed to Custom
01-17 09:24:28.693   627  3892 D DlbDapEndpointParamCache: commitChangedParams()
01-17 09:24:28.693   627  3892 D DlbDapEndpointParamCache: commit() Applying parameters for device 0x40000000
01-17 09:24:28.693   627  3892 D DlbDap2Process: setParam(iea = #1[10])
01-17 09:24:28.693   627  3892 D DlbDap2Process: setParam(msce = #1[0])
01-17 09:24:28.693   627  3892 D DlbDap2Process: setParam(mdee = #1[0])
01-17 09:24:28.693   627  3892 D DlbDap2Process: setParam(miee = #1[0])
01-17 09:24:28.693   627  3892 D DlbDap2Process: setParam(mdle = #1[0])
01-17 09:24:28.693   627  3892 D DlbDap2Process: setParam(dvle = #1[1])
01-17 09:24:28.693   627  3892 D DlbDap2Process: setParam(mave = #1[0])
01-17 09:24:28.693   627  3892 D DlbDap2Process: setParam(vcbf = #20[47, 141, 234, 328, 469, 656, 844, 1031, 1313, 1688, 2250, 3000, 3750, 4688, 5813, 7125, 9000, 11250, 13875, 19688])
01-17 09:24:28.694   627  3892 D DlbDap2Process: setParam(vbon = #1[0])
01-17 09:24:28.694   627  3892 D DlbDap2Process: setParam(beon = #1[0])
01-17 09:24:28.694   627  3892 D DlbDap2Process: setParam(geon = #1[0])
01-17 09:24:28.694   627  3892 D DlbDap2Process: setParam(ieon = #1[0])
01-17 09:24:28.694   627  3892 D DlbDap2Process: setParam(gebs = #41[20, 47, 141, 234, 328, 469, 656, 844, 1031, 1313, 1688, 2250, 3000, 3750, 4688, 5813, 7125, 9000, 11250, 13875, 19688, 0, 0, 0, 0, 0, 0, 0, 0, 0, 0, 0, 0, 0, 0, 0, 0, 0, 0, 0, 0])
01-17 09:24:28.694   627  3892 D DlbDap2Process: setParam(iebs = #41[20, 65, 136, 223, 332, 467, 634, 841, 1098, 1416, 1812, 2302, 2909, 3663, 4598, 5756, 7194, 8976, 11186, 13927, 17326, 117, 133, 188, 176, 141, 149, 175, 185, 185, 200, 236, 242, 228, 213, 182, 132, 110, 68, -27, -240])
01-17 09:24:28.694   627  3892 D DlbDapEndpointParamCache: doCommit() Committed 15 parameters out of 16.
01-17 09:24:28.694   627  3892 D DlbDapEndpointParamCache: commit() Overriding parameters for current device 0x00000002
01-17 09:24:28.694   627  3892 D DlbDap2Process: setParam(dea = #1[7])
01-17 09:24:28.694   627  3892 D DlbDap2Process: setParam(dsa = #1[10])
01-17 09:24:28.694   627  3892 D DlbDap2Process: setParam(beb = #1[192])
01-17 09:24:28.694   627  3892 D DlbDap2Process: setParam(plb = #1[0])
01-17 09:24:28.694   627  3892 D DlbDap2Process: setParam(vmb = #1[144])
01-17 09:24:28.694   627  3892 D DlbDap2Process: setParam(dsb = #1[48])
01-17 09:24:28.694   627  3892 D DlbDap2Process: setParam(ded = #1[0])
01-17 09:24:28.694   627  3892 D DlbDap2Process: setParam(vbm = #1[3])
01-17 09:24:28.694   627  3892 D DlbDap2Process: setParam(dom = #1[0])
01-17 09:24:28.694   627  3892 D DlbDap2Process: setParam(bew = #1[16])
01-17 09:24:28.694   627  3892 D DlbDap2Process: setParam(dvla = #1[5])
01-17 09:24:28.694   627  3892 D DlbDap2Process: setParam(arra = #1[96])
01-17 09:24:28.694   627  3892 D DlbDap2Process: setParam(dfsa = #1[10])
01-17 09:24:28.694   627  3892 D DlbDap2Process: setParam(dhsa = #1[10])
01-17 09:24:28.694   627  3892 D DlbDap2Process: setParam(dvmc = #1[0])
01-17 09:24:28.694   627  3892 D DlbDap2Process: setParam(arod = #1[0])
01-17 09:24:28.694   627  3892 D DlbDap2Process: setParam(arde = #1[1])
01-17 09:24:28.694   627  3892 D DlbDap2Process: setParam(dvle = #1[1])
01-17 09:24:28.694   627  3892 D DlbDap2Process: setParam(dvme = #1[0])
01-17 09:24:28.694   627  3892 D DlbDap2Process: setParam(becf = #1[200])
01-17 09:24:28.694   627  3892 D DlbDap2Process: setParam(vbmf = #2[94, 469])
01-17 09:24:28.694   627  3892 D DlbDap2Process: setParam(vbsf = #2[35, 160])
01-17 09:24:28.694   627  3892 D DlbDap2Process: setParam(vbhg = #3[-32, -144, -192])
01-17 09:24:28.694   627  3892 D DlbDap2Process: setParam(vbog = #1[0])
01-17 09:24:28.694   627  3892 D DlbDap2Process: setParam(vbsg = #1[0])
01-17 09:24:28.694   627  3892 D DlbDap2Process: setParam(dvli = #1[-320])
01-17 09:24:28.694   627  3892 D DlbDap2Process: setParam(dhfm = #1[2])
01-17 09:24:28.694   627  3892 D DlbDap2Process: setParam(vbon = #1[0])
01-17 09:24:28.695   627  3892 D DlbDap2Process: setParam(beon = #1[0])
01-17 09:24:28.695   627  3892 D DlbDap2Process: setParam(deon = #1[0])
01-17 09:24:28.695   627  3892 D DlbDap2Process: setParam(ngon = #1[1])
01-17 09:24:28.695   627  3892 D DlbDap2Process: setParam(aoon = #1[1])
01-17 09:24:28.695   627  3892 D DlbDap2Process: setParam(aron = #1[1])
01-17 09:24:28.695   627  3892 D DlbDap2Process: setParam(dvlo = #1[-320])
01-17 09:24:28.695   627  3892 D DlbDap2Process: setParam(artp = #1[12])
01-17 09:24:28.695   627  3892 D DlbDap2Process: setParam(aobs = #222[20, 10, 47, 141, 234, 328, 469, 656, 844, 1031, 1313, 1688, 2250, 3000, 3750, 4688, 5813, 7125, 9000, 11250, 13875, 19688, 0, 0, 0, 0, 0, 0, 0, 0, 0, 0, 0, 0, 0, 0, 0, 0, 0, 0, 0, 0, 0, 0, 0, 0, 0, 0, 0, 0, 0, 0, 0, 0, 0, 0, 0, 0, 0, 0, 0, 0, 0, 0, 0, 0, 0, 0, 0, 0, 0, 0, 0, 0, 0, 0, 0, 0, 0, 0, 0, 0, 0, 0, 0, 0, 0, 0, 0, 0, 0, 0, 0, 0, 0, 0, 0, 0, 0, 0, 0, 0, 0, 0, 0, 0, 0, 0, 0, 0, 0, 0, 0, 0, 0, 0, 0, 0, 0, 0, 0, 0, 0, 0, 0, 0, 0, 0, 0, 0, 0, 0, 0, 0, 0, 0, 0, 0, 0, 0, 0, 0, 0, 0, 0, 0, 0, 0, 0, 0, 0, 0, 0, 0, 0, 0, 0, 0, 0, 0, 0, 0, 0, 0, 0, 0, 0, 0, 0, 0, 0, 0, 0, 0, 0, 0, 0, 0, 0, 0, 0, 0, 0, 0, 0, 0, 0, 0, 0, 0, 0, 0, 0, 0, 0, 0, 0, 0, 0, 0, 0, 0, 0, 0, 0, 0, 0, 0, 0, 0, 0, 0, 0, 0, 0, 0, 0, 0, 0, 0, 0, 0])
01-17 09:24:28.695   627  3892 D DlbDap2Process: setParam(arbs = #81[20, 47, 141, 234, 328, 469, 656, 844, 1031, 1313, 1688, 2250, 3000, 3750, 4688, 5813, 7125, 9000, 11250, 13875, 19688, -192, -192, -192, -192, -192, -192, -192, -192, -192, -192, -192, -192, -192, -192, -192, -192, -192, -192, -192, -192, 0, 0, 0, 0, 0, 0, 0, 0, 0, 0, 0, 0, 0, 0, 0, 0, 0, 0, 0, 0, 0, 0, 0, 0, 0, 0, 0, 0, 0, 0, 0, 0, 0, 0, 0, 0, 0, 0, 0, 0])
01-17 09:24:28.695   627  3892 D DlbDapEndpointParamCache: doCommit() Committed 37 parameters out of 37.
01-17 09:24:28.695   627  3892 D DlbDap2Process: setMave(mave = 0)
01-17 09:24:28.713 31358 31358 D featureTest: receive broadcast , change virtual speaker  virtualizer :1
01-17 09:24:28.724 31358 31358 D featureTest: virtual speaker virtualizer can not be operate for mono speaker endpoint!
01-17 09:24:28.771 31358 31358 D featureTest: receive broadcast , record log :0
01-17 09:24:28.773   627  3892 D DlbDapCrossfadeProcess: process transitioning from FADE_TO_ACTIVE state to DAP_ACTIVE
01-17 09:24:29.174   627  3892 D DlbDap2Process: process() called [490000] times
01-17 09:24:31.858   627  3892 D DlbDap2Process: process() called [490500] times
