--------- beginning of system
01-15 12:05:51.082   945  4689 I ActivityManager: Force stopping com.dolby.qa.featuretest appid=10072 user=0: from pid 13132
01-15 12:05:51.083   945  4689 I ActivityManager: Killing 13038:com.dolby.qa.featuretest/u0a72 (adj 0): stop com.dolby.qa.featuretest
01-15 12:05:51.085   945  4689 W ActivityManager: Force removing ActivityRecord{a608757 u0 com.dolby.qa.featuretest/.MainActivity t98}: app died, no saved state
01-15 12:05:51.096   945  4689 I WindowManager: Failed to capture screenshot of Token{8a05244 ActivityRecord{a608757 u0 com.dolby.qa.featuretest/.MainActivity t98 f}} appWin=Window{598d65b u0 com.dolby.qa.featuretest/com.dolby.qa.featuretest.MainActivity} drawState=4
--------- beginning of main
01-15 12:05:51.109   710   900 D NuPlayerDriver: reset(0xe84b2540) at state 5
01-15 12:05:51.111   710   900 D NuPlayerDriver: notifyListener_l(0xe84b2540), (8, 0, 0, -1), loop setting(0, 1)
01-15 12:05:51.112   684   684 D AudioFlinger: trackStateChanged() Track id 281 state changed to 6
01-15 12:05:51.118   717   890 I DDP_JOCDecoder: -> ~DDPDecoder
01-15 12:05:51.119   717   890 I DDP_JOCDecoder: -> stop
01-15 12:05:51.119   645   645 I DMSService: unregisterClient type = 4, uid = e8392120
01-15 12:05:51.120   945  9499 I WindowManager: WIN DEATH: Window{55e7221 u0 Toast}
01-15 12:05:51.148   645   645 D DatabaseHelper: failed to prepare SQL : INSERT INTO profiles VALUES(15
01-15 12:05:51.148   645   645 D DatabaseHelper: ,'custom','user2','user2','off','off')
01-15 12:05:51.148   645   645 D DatabaseHelper: failed to prepare SQL : INSERT INTO profile_endpoints VALUES(57
01-15 12:05:51.148   645   645 D DatabaseHelper: ,'custom','user2','speaker')
01-15 12:05:51.148   645   645 D DatabaseHelper: failed to prepare SQL : INSERT INTO profile_endpoints VALUES(57
01-15 12:05:51.148   645   645 D DatabaseHelper: ,'custom','user2','headphone')
01-15 12:05:51.148  1499  1499 D CarrierSvcBindHelper: No carrier app for: 0
01-15 12:05:51.148   645   645 D DatabaseHelper: failed to prepare SQL : INSERT INTO profile_endpoints VALUES(57
01-15 12:05:51.148   645   645 D DatabaseHelper: ,'custom','user2','passthrough')
01-15 12:05:51.148   645   645 D DatabaseHelper: failed to prepare SQL : INSERT INTO profile_endpoints VALUES(57
01-15 12:05:51.148   645   645 D DatabaseHelper: ,'custom','user2','other')
01-15 12:05:51.148   645   645 D DatabaseHelper: failed to prepare SQL : INSERT INTO profile_ports VALUES(85
01-15 12:05:51.148   645   645 D DatabaseHelper: ,'custom','user2','internal_speaker')
01-15 12:05:51.148   645   645 D DatabaseHelper: failed to prepare SQL : INSERT INTO profile_ports VALUES(85
01-15 12:05:51.148   645   645 D DatabaseHelper: ,'custom','user2','hdmi')
01-15 12:05:51.149   645   645 D DatabaseHelper: failed to prepare SQL : INSERT INTO profile_ports VALUES(85
01-15 12:05:51.149   645   645 D DatabaseHelper: ,'custom','user2','miracast')
01-15 12:05:51.149   645   645 D DatabaseHelper: failed to prepare SQL : INSERT INTO profile_ports VALUES(85
01-15 12:05:51.149   645   645 D DatabaseHelper: ,'custom','user2','headphone_port')
01-15 12:05:51.149   645   645 D DatabaseHelper: failed to prepare SQL : INSERT INTO profile_ports VALUES(85
01-15 12:05:51.149   645   645 D DatabaseHelper: ,'custom','user2','bluetooth')
01-15 12:05:51.149   645   645 D DatabaseHelper: failed to prepare SQL : INSERT INTO profile_ports VALUES(85
01-15 12:05:51.149   645   645 D DatabaseHelper: ,'custom','user2','usb')
01-15 12:05:51.150   645   645 D DatabaseHelper: failed to prepare SQL : INSERT INTO geq_presets VALUES(57
01-15 12:05:51.150   645   645 D DatabaseHelper: ,'custom','off','user2')
01-15 12:05:51.150   645   645 D DatabaseHelper: failed to prepare SQL : INSERT INTO geq_presets VALUES(57
01-15 12:05:51.150   645   645 D DatabaseHelper: ,'custom','open','user2')
01-15 12:05:51.150   645   645 D DatabaseHelper: failed to prepare SQL : INSERT INTO geq_presets VALUES(57
01-15 12:05:51.150   645   645 D DatabaseHelper: ,'custom','rich','user2')
01-15 12:05:51.150   645   645 D DatabaseHelper: failed to prepare SQL : INSERT INTO geq_presets VALUES(57
01-15 12:05:51.150   645   645 D DatabaseHelper: ,'custom','focused','user2')
01-15 12:05:51.156  2010  2010 D RegisteredNfcFServicesCache: Service unchanged, not updating
01-15 12:05:51.168   717   890 I DDP_JOCDecoder: <- stop
01-15 12:05:51.168   717   890 I ARenderer: ~ARenderer
01-15 12:05:51.168   717   890 I evo_parser: evo_parser_close
01-15 12:05:51.168   717   890 I DlbDap2QmfProcess: ~Dap2Process()
01-15 12:05:51.168   717   890 I DlbDap2QmfProcess: close()
01-15 12:05:51.169   717   890 I DDP_JOCDecoder: <- ~DDPDecoder
01-15 12:05:51.174   710 13095 D NuPlayerDriver: notifyResetComplete(0xe84b2540)
01-15 12:05:51.174   710   900 D AudioTrack: stop() called with 0 frames delivered
01-15 12:05:51.176   627  3892 I DlbEffectContext: setContentProcEnabled() Enabling content processing in global effect
01-15 12:05:51.176   627  3892 D DlbDapEndpointParamCache: commitChangedParams()
01-15 12:05:51.176   627  3892 D DlbDapEndpointParamCache: commit() Applying parameters for device 0x40000000
01-15 12:05:51.176   627  3892 D DlbDap2Process: setParam(iea = #1[10])
01-15 12:05:51.176   627  3892 D DlbDap2Process: setParam(msce = #1[0])
01-15 12:05:51.176   627  3892 D DlbDap2Process: setParam(mdee = #1[0])
01-15 12:05:51.176   627  3892 D DlbDap2Process: setParam(miee = #1[0])
01-15 12:05:51.176   627  3892 D DlbDap2Process: setParam(mdle = #1[0])
01-15 12:05:51.176   627  3892 D DlbDap2Process: setParam(dvle = #1[1])
01-15 12:05:51.176   627  3892 D DlbDap2Process: setParam(mave = #1[0])
01-15 12:05:51.177   627  3892 D DlbDap2Process: setParam(vcbf = #20[47, 141, 234, 328, 469, 656, 844, 1031, 1313, 1688, 2250, 3000, 3750, 4688, 5813, 7125, 9000, 11250, 13875, 19688])
01-15 12:05:51.177   627  3892 D DlbDap2Process: setParam(vbon = #1[0])
01-15 12:05:51.177   627  3892 D DlbDap2Process: setParam(beon = #1[0])
01-15 12:05:51.177   627  3892 D DlbDap2Process: setParam(geon = #1[0])
01-15 12:05:51.177   627  3892 D DlbDap2Process: setParam(ieon = #1[0])
01-15 12:05:51.177   627  3892 D DlbDap2Process: setParam(gebs = #41[20, 47, 141, 234, 328, 469, 656, 844, 1031, 1313, 1688, 2250, 3000, 3750, 4688, 5813, 7125, 9000, 11250, 13875, 19688, 0, 0, 0, 0, 0, 0, 0, 0, 0, 0, 0, 0, 0, 0, 0, 0, 0, 0, 0, 0])
01-15 12:05:51.177   627  3892 D DlbDap2Process: setParam(iebs = #41[20, 65, 136, 223, 332, 467, 634, 841, 1098, 1416, 1812, 2302, 2909, 3663, 4598, 5756, 7194, 8976, 11186, 13927, 17326, 117, 133, 188, 176, 141, 149, 175, 185, 185, 200, 236, 242, 228, 213, 182, 132, 110, 68, -27, -240])
01-15 12:05:51.177   627  3892 D DlbDapEndpointParamCache: doCommit() Committed 15 parameters out of 16.
01-15 12:05:51.177   627  3892 D DlbDapEndpointParamCache: commit() Overriding parameters for current device 0x00000002
01-15 12:05:51.177   627  3892 D DlbDap2Process: setParam(dea = #1[7])
01-15 12:05:51.177   627  3892 D DlbDap2Process: setParam(dsa = #1[10])
01-15 12:05:51.177   627  3892 D DlbDap2Process: setParam(beb = #1[192])
01-15 12:05:51.177   627  3892 D DlbDap2Process: setParam(plb = #1[0])
01-15 12:05:51.177   627  3892 D DlbDap2Process: setParam(vmb = #1[144])
01-15 12:05:51.177   627  3892 D DlbDap2Process: setParam(dsb = #1[48])
01-15 12:05:51.177   627  3892 D DlbDap2Process: setParam(ded = #1[0])
01-15 12:05:51.177   627  3892 D DlbDap2Process: setParam(vbm = #1[3])
01-15 12:05:51.177   627  3892 D DlbDap2Process: setParam(dom = #1[0])
01-15 12:05:51.177   627  3892 D DlbDap2Process: setParam(bew = #1[16])
01-15 12:05:51.177   627  3892 D DlbDap2Process: setParam(dvla = #1[5])
01-15 12:05:51.177   627  3892 D DlbDap2Process: setParam(arra = #1[96])
01-15 12:05:51.177   627  3892 D DlbDap2Process: setParam(dfsa = #1[10])
01-15 12:05:51.177   627  3892 D DlbDap2Process: setParam(dhsa = #1[10])
01-15 12:05:51.177   627  3892 D DlbDap2Process: setParam(dvmc = #1[0])
01-15 12:05:51.177   627  3892 D DlbDap2Process: setParam(arod = #1[0])
01-15 12:05:51.177   627  3892 D DlbDap2Process: setParam(arde = #1[1])
01-15 12:05:51.177   627  3892 D DlbDap2Process: setParam(dvle = #1[1])
01-15 12:05:51.177   627  3892 D DlbDap2Process: setParam(dvme = #1[0])
01-15 12:05:51.177   627  3892 D DlbDap2Process: setParam(becf = #1[200])
01-15 12:05:51.177   627  3892 D DlbDap2Process: setParam(vbmf = #2[94, 469])
01-15 12:05:51.177   627  3892 D DlbDap2Process: setParam(vbsf = #2[35, 160])
01-15 12:05:51.177   627  3892 D DlbDap2Process: setParam(vbhg = #3[-32, -144, -192])
01-15 12:05:51.177   627  3892 D DlbDap2Process: setParam(vbog = #1[0])
01-15 12:05:51.177   627  3892 D DlbDap2Process: setParam(vbsg = #1[0])
01-15 12:05:51.177   627  3892 D DlbDap2Process: setParam(dvli = #1[-320])
01-15 12:05:51.177   627  3892 D DlbDap2Process: setParam(dhfm = #1[2])
01-15 12:05:51.177   627  3892 D DlbDap2Process: setParam(vbon = #1[0])
01-15 12:05:51.177   627  3892 D DlbDap2Process: setParam(beon = #1[0])
01-15 12:05:51.177   627  3892 D DlbDap2Process: setParam(deon = #1[0])
01-15 12:05:51.177   627  3892 D DlbDap2Process: setParam(ngon = #1[1])
01-15 12:05:51.177   627  3892 D DlbDap2Process: setParam(aoon = #1[1])
01-15 12:05:51.177   627  3892 D DlbDap2Process: setParam(aron = #1[1])
01-15 12:05:51.178   627  3892 D DlbDap2Process: setParam(dvlo = #1[-320])
01-15 12:05:51.178   627  3892 D DlbDap2Process: setParam(artp = #1[12])
01-15 12:05:51.178   627  3892 D DlbDap2Process: setParam(aobs = #222[20, 10, 47, 141, 234, 328, 469, 656, 844, 1031, 1313, 1688, 2250, 3000, 3750, 4688, 5813, 7125, 9000, 11250, 13875, 19688, 0, 0, 0, 0, 0, 0, 0, 0, 0, 0, 0, 0, 0, 0, 0, 0, 0, 0, 0, 0, 0, 0, 0, 0, 0, 0, 0, 0, 0, 0, 0, 0, 0, 0, 0, 0, 0, 0, 0, 0, 0, 0, 0, 0, 0, 0, 0, 0, 0, 0, 0, 0, 0, 0, 0, 0, 0, 0, 0, 0, 0, 0, 0, 0, 0, 0, 0, 0, 0, 0, 0, 0, 0, 0, 0, 0, 0, 0, 0, 0, 0, 0, 0, 0, 0, 0, 0, 0, 0, 0, 0, 0, 0, 0, 0, 0, 0, 0, 0, 0, 0, 0, 0, 0, 0, 0, 0, 0, 0, 0, 0, 0, 0, 0, 0, 0, 0, 0, 0, 0, 0, 0, 0, 0, 0, 0, 0, 0, 0, 0, 0, 0, 0, 0, 0, 0, 0, 0, 0, 0, 0, 0, 0, 0, 0, 0, 0, 0, 0, 0, 0, 0, 0, 0, 0, 0, 0, 0, 0, 0, 0, 0, 0, 0, 0, 0, 0, 0, 0, 0, 0, 0, 0, 0, 0, 0, 0, 0, 0, 0, 0, 0, 0, 0, 0, 0, 0, 0, 0, 0, 0, 0, 0, 0, 0, 0, 0, 0, 0, 0])
01-15 12:05:51.178   627  3892 D DlbDap2Process: setParam(arbs = #81[20, 47, 141, 234, 328, 469, 656, 844, 1031, 1313, 1688, 2250, 3000, 3750, 4688, 5813, 7125, 9000, 11250, 13875, 19688, -192, -192, -192, -192, -192, -192, -192, -192, -192, -192, -192, -192, -192, -192, -192, -192, -192, -192, -192, -192, 0, 0, 0, 0, 0, 0, 0, 0, 0, 0, 0, 0, 0, 0, 0, 0, 0, 0, 0, 0, 0, 0, 0, 0, 0, 0, 0, 0, 0, 0, 0, 0, 0, 0, 0, 0, 0, 0, 0, 0])
01-15 12:05:51.178   627  3892 D DlbDapEndpointParamCache: doCommit() Committed 37 parameters out of 37.
01-15 12:05:51.179   627  3892 D DlbDap2Process: setMave(mave = 0)
01-15 12:05:51.245   684  1061 D AudioFlinger: trackStateChanged() Track id 281 state changed to 2
01-15 12:05:51.245   684  1061 I AudioFlinger: updateProcessedAudioState() Changing content processing in effect to 0
01-15 12:05:51.245   627  3512 D DlbDlbEffect: handle_EFFECT_CMD_SET_PARAM()
01-15 12:05:51.266   684  1061 D AudioFlinger: trackDestroyed() Track id 281 no longer contains processed audio
01-15 12:05:51.268   684   928 W AudioFlinger::EffectModule: EffectModule 0xed0e2800 destructor called with unreleased interface
01-15 12:05:51.270   684   928 W AudioFlinger::EffectHandle: disconnect Effect handle 0xee163ac0 disconnected after thread destruction
01-15 12:05:51.277   627  3512 D DlbDlbEffect: handle_EFFECT_CMD_DISABLE()
01-15 12:05:51.277   627  3512 D DlbDapCrossfadeProcess: setEnabled transitioning from DAP_ACTIVE state to FADE_TO_BYPASS
01-15 12:05:51.281   626   626 W /system/bin/hw/android.hidl.allocator@1.0-service: ashmem_create_region(3840) returning hidl_memory(0x7b7102c330, 3840)
01-15 12:05:51.284   627  3512 D DlbDlbEffect: handle_EFFECT_CMD_SET_CONFIG()
01-15 12:05:51.287   627  3512 D DlbDapEndpointParamCache: setDevice(device=0x00000002)
01-15 12:05:51.288   645   645 D DMSService: setActiveDevice called with device = 0x2
01-15 12:05:51.290   627  3512 D DlbDlbEffect: handle_EFFECT_CMD_ENABLE()
01-15 12:05:51.291   627  3512 D DlbDapCrossfadeProcess: setEnabled transitioning from FADE_TO_BYPASS state to FADE_TO_ACTIVE
01-15 12:05:51.667   945   998 W ActivityManager: setHasOverlayUi called on unknown pid: 13038
01-15 12:05:51.682  2103  2230 W OpenGLRenderer: Incorrectly called buildLayer on View: ShortcutAndWidgetContainer, destroying layer...
01-15 12:05:52.176   945   945 W NotificationService: Object died trying to hide notification android.app.ITransientNotification$Stub$Proxy@ed35cf6 in package com.dolby.qa.featuretest
01-15 12:05:52.176   945   945 W WindowManager: removeWindowToken: Attempted to remove non-existing token: android.os.Binder@55e5b96
01-15 12:05:52.176   945   945 W ActivityManager: setProcessForeground called on unknown pid: 13038
01-15 12:05:52.177   945   945 W NotificationService: Object died trying to show notification android.app.ITransientNotification$Stub$Proxy@295b8f7 in package com.dolby.qa.featuretest
01-15 12:05:52.177   945   945 W ActivityManager: setProcessForeground called on unknown pid: 13038
01-15 12:05:52.178   945   945 W NotificationService: Object died trying to show notification android.app.ITransientNotification$Stub$Proxy@e253364 in package com.dolby.qa.featuretest
01-15 12:05:52.178   945   945 W ActivityManager: setProcessForeground called on unknown pid: 13038
01-15 12:05:52.178   945   945 W NotificationService: Object died trying to show notification android.app.ITransientNotification$Stub$Proxy@ed789cd in package com.dolby.qa.featuretest
01-15 12:05:54.317   627  3512 D audio_hw_primary: disable_audio_route: usecase(0) reset and update mixer path: deep-buffer-playback speaker
01-15 12:05:54.321   627  3512 D hardware_info: hw_info_append_hw_type : device_name = speaker
01-15 12:05:54.322   627  3512 D audio_hw_primary: disable_snd_device: snd_device(2: speaker)
01-15 12:06:05.722   945  7753 I ActivityManager: START u0 {flg=0x10000000 cmp=com.dolby.qa.featuretest/.MainActivity} from uid 2000
01-15 12:06:05.756   945  4689 I ActivityManager: Start proc 13142:com.dolby.qa.featuretest/u0a72 for activity com.dolby.qa.featuretest/.MainActivity
01-15 12:06:05.758   945   999 W ProcessCpuTracker: Skipping unknown process pid 13137
01-15 12:06:05.758   945   999 W ProcessCpuTracker: Skipping unknown process pid 13139
01-15 12:06:05.763 13142 13142 I zygote64: Late-enabling -Xcheck:jni
01-15 12:06:05.819 13142 13149 E zygote64: Failed sending reply to debugger: Broken pipe
01-15 12:06:05.819 13142 13149 I zygote64: Debugger is no longer active
01-15 12:06:05.940 13142 13142 D featureTest: onCreate
01-15 12:06:05.944 13142 13142 D AudioTrack: Client defaulted notificationFrames to 962 for frameCount 1924
01-15 12:06:05.946 13142 13142 W AudioTrack: Use of stream types is deprecated for operations other than volume control
01-15 12:06:05.946 13142 13142 W AudioTrack: See the documentation of AudioTrack() for what to use instead with android.media.AudioAttributes to qualify your playback use case
01-15 12:06:05.953 13142 13142 W DolbyAudioEffect: WARNING: attaching a DolbyAudioEffect to global output mix is deprecated!
01-15 12:06:05.959 13142 13142 D featureTest: onResume
01-15 12:06:05.968 13142 13159 D OpenGLRenderer: HWUI GL Pipeline
01-15 12:06:06.001 13142 13159 I Adreno  : QUALCOMM build                   : 7142022, Ib5823dd10c
01-15 12:06:06.001 13142 13159 I Adreno  : Build Date                       : 06/23/17
01-15 12:06:06.001 13142 13159 I Adreno  : OpenGL ES Shader Compiler Version: EV031.18.00.00
01-15 12:06:06.001 13142 13159 I Adreno  : Local Branch                     : O11A
01-15 12:06:06.001 13142 13159 I Adreno  : Remote Branch                    : 
01-15 12:06:06.001 13142 13159 I Adreno  : Remote Branch                    : 
01-15 12:06:06.001 13142 13159 I Adreno  : Reconstruct Branch               : 
01-15 12:06:06.008 13142 13159 I Adreno  : PFP: 0x005ff087, ME: 0x005ff063
01-15 12:06:06.010 13142 13159 I OpenGLRenderer: Initialized EGL, version 1.4
01-15 12:06:06.010 13142 13159 D OpenGLRenderer: Swap behavior 2
01-15 12:06:06.053   945   998 I ActivityManager: Displayed com.dolby.qa.featuretest/.MainActivity: +306ms
01-15 12:06:06.909 13142 13142 D featureTest: receive broadcast , playing content location :/sdcard/featureTest/stereo_channel_id.wav
01-15 12:06:06.921 13142 13142 D featureTest: mMediaPlayer.getAudioSessionId(): 1857
01-15 12:06:06.922 13142 13142 D featureTest: Playing file: /sdcard/featureTest/stereo_channel_id.wav
01-15 12:06:06.925   710  1422 D NuPlayerDriver: NuPlayerDriver(0xe84b2380) created, clientPid(13142)
01-15 12:06:06.935 13142 13142 W MediaPlayer: Use of stream types is deprecated for operations other than volume control
01-15 12:06:06.935 13142 13142 W MediaPlayer: See the documentation of setAudioStreamType() for what to use instead with android.media.AudioAttributes to qualify your playback use case
01-15 12:06:06.936 13170 13170 W generic : type=1400 audit(0.0:157): avc: denied { read } for path="/storage/emulated/0/featuretest/stereo_channel_id.wav" dev="sdcardfs" ino=1310780 scontext=u:r:mediaextractor:s0 tcontext=u:object_r:sdcardfs:s0 tclass=file permissive=0
01-15 12:06:06.940   710 13170 D GenericSource: FileSource remote
01-15 12:06:06.941   710 13170 W GenericSource: extractor service cannot make data source
01-15 12:06:06.941   710 13170 D GenericSource: FileSource local
01-15 12:06:06.971   700  1879 D MediaBufferGroup: creating MemoryDealer
01-15 12:06:06.972   710 13167 D NuPlayerDriver: notifyListener_l(0xe84b2380), (1, 0, 0, -1), loop setting(0, 0)
01-15 12:06:06.984   710   900 D NuPlayerDriver: start(0xe84b2380), state is 4, eos is 0
01-15 12:06:06.985   710 13167 I GenericSource: start
01-15 12:06:06.990 13142 13142 W DolbyAudioEffect: WARNING: attaching a DolbyAudioEffect to global output mix is deprecated!
01-15 12:06:06.992   710 13176 I OMXClient: Treble IOmx obtained
01-15 12:06:06.993   717   890 I OMXMaster: makeComponentInstance(OMX.google.raw.decoder) in omx@1.0-service process
01-15 12:06:06.998 13142 13142 D featureTest: receive broadcast , change ds status :1
01-15 12:06:06.999   717   890 E OMXNodeInstance: setConfig(0xe7b0a360:google.raw.decoder, ConfigPriority(0x6f800002)) ERROR: Undefined(0x80001001)
01-15 12:06:06.999   710 13176 I ACodec  : codec does not support config priority (err -2147483648)
01-15 12:06:07.000   717   890 E OMXNodeInstance: getConfig(0xe7b0a360:google.raw.decoder, ConfigAndroidVendorExtension(0x6f100004)) ERROR: Undefined(0x80001001)
01-15 12:06:07.000   710 13176 I MediaCodec: MediaCodec will operate in async mode
01-15 12:06:07.002   626   626 W /system/bin/hw/android.hidl.allocator@1.0-service: ashmem_create_region(32768) returning hidl_memory(0x7b7102c330, 32768)
01-15 12:06:07.011   626   626 I chatty  : uid=1000(system) allocator@1.0-s identical 6 lines
01-15 12:06:07.011   626   626 W /system/bin/hw/android.hidl.allocator@1.0-service: ashmem_create_region(32768) returning hidl_memory(0x7b7102c330, 32768)
01-15 12:06:07.012   627  3512 D DlbDlbEffect: handle_EFFECT_CMD_SET_PARAM()
01-15 12:06:07.023   710 13174 D AudioTrack: Client defaulted notificationFrames to 12000 for frameCount 24000
01-15 12:06:07.026   626   626 W /system/bin/hw/android.hidl.allocator@1.0-service: ashmem_create_region(7680) returning hidl_memory(0x7b7102c330, 7680)
01-15 12:06:07.027   626   626 W /system/bin/hw/android.hidl.allocator@1.0-service: ashmem_create_region(7680) returning hidl_memory(0x7b7102c330, 7680)
01-15 12:06:07.028   627  4939 D DlbDlbEffect: handle_EFFECT_CMD_DISABLE()
01-15 12:06:07.028   627  4939 D DlbDapCrossfadeProcess: setEnabled transitioning from FADE_TO_ACTIVE state to FADE_TO_BYPASS
01-15 12:06:07.029   626   626 W /system/bin/hw/android.hidl.allocator@1.0-service: ashmem_create_region(7680) returning hidl_memory(0x7b7102c330, 7680)
01-15 12:06:07.029   627  3512 D DlbDlbEffect: handle_EFFECT_CMD_SET_CONFIG()
01-15 12:06:07.030   627  4939 D DlbDapEndpointParamCache: setDevice(device=0x00000002)
01-15 12:06:07.030   645   645 D DMSService: setActiveDevice called with device = 0x2
01-15 12:06:07.030   627   924 D DlbDlbEffect: handle_EFFECT_CMD_ENABLE()
01-15 12:06:07.030   627   924 D DlbDapCrossfadeProcess: setEnabled transitioning from FADE_TO_BYPASS state to FADE_TO_ACTIVE
01-15 12:06:07.030   684  7227 W AudioFlinger: moveDolbyEffect() effect chain for session 0 not on source thread 0xee0ae580
01-15 12:06:07.031   710 13167 D NuPlayerDriver: notifyListener_l(0xe84b2380), (6, 0, 0, -1), loop setting(0, 1)
01-15 12:06:07.031   627   924 E volume_listener: check_and_set_gain_dep_cal: Failed to set gain dep cal level
01-15 12:06:07.033   627  3892 D DlbDapCrossfadeProcess: process transitioning from FADE_TO_ACTIVE state to DAP_ACTIVE
01-15 12:06:07.033   627  3890 I ACDB-LOADER: ACDB AFE returned = -19
01-15 12:06:07.033   627  3890 D hardware_info: hw_info_append_hw_type : device_name = speaker
01-15 12:06:07.033   627  3890 D audio_hw_primary: enable_snd_device: snd_device(2: speaker)
01-15 12:06:07.033   627  3890 D audio_hw_primary: enable_audio_route: usecase(0) apply and update mixer path: deep-buffer-playback speaker
01-15 12:06:07.035   726   757 E ANDR-PERF-OPTSHANDLER: Warning: Resource [2, 0] not supported for core 1. Instead use resource for core 0
01-15 12:06:07.035   726   757 E ANDR-PERF-RESOURCEQS: Failed to apply optimization [2, 2, 0]
01-15 12:06:07.063   627  3890 D audio_hw_primary: out_write: retry previous failed cal level set
01-15 12:06:07.064 13142 13142 D featureTest: receive broadcast , change ds profile id :5
01-15 12:06:07.072   627  3512 D DlbDlbEffect: handle_EFFECT_CMD_SET_PARAM()
01-15 12:06:07.133 13142 13142 D featureTest: receive broadcast , change bass enable :0
01-15 12:06:07.153   627  3512 D DlbDlbEffect: handle_EFFECT_CMD_SET_PARAM()
01-15 12:06:07.160   684  1061 D AudioFlinger: mixer(0xed503800) throttle end: throttle time(41)
01-15 12:06:07.233 13142 13142 D featureTest: receive broadcast , record log :0
01-15 12:06:07.307 13142 13142 D featureTest: receive broadcast , playing content location :/sdcard/featureTest/stereo_channel_id.wav
01-15 12:06:07.310   710   900 D NuPlayerDriver: stop(0xe84b2380)
01-15 12:06:07.310   710   900 D NuPlayerDriver: notifyListener_l(0xe84b2380), (8, 0, 0, -1), loop setting(0, 1)
01-15 12:06:07.312   710   900 D NuPlayerDriver: reset(0xe84b2380) at state 8
01-15 12:06:07.327   710 13167 D NuPlayerDriver: notifyResetComplete(0xe84b2380)
01-15 12:06:07.327   710   900 D NuPlayerDriver: reset(0xe84b2380) at state 0
01-15 12:06:07.328 13142 13142 V MediaPlayer: resetDrmState:  mDrmInfo=null mDrmProvisioningThread=null mPrepareDrmInProgress=false mActiveDrmScheme=false
01-15 12:06:07.328 13142 13142 V MediaPlayer: cleanDrmObj: mDrmObj=null mDrmSessionId=null
01-15 12:06:07.331 13142 13142 V MediaPlayer: resetDrmState:  mDrmInfo=null mDrmProvisioningThread=null mPrepareDrmInProgress=false mActiveDrmScheme=false
01-15 12:06:07.331 13142 13142 V MediaPlayer: cleanDrmObj: mDrmObj=null mDrmSessionId=null
01-15 12:06:07.337 13142 13142 D featureTest: mMediaPlayer.getAudioSessionId(): 1865
01-15 12:06:07.337 13142 13142 D featureTest: Playing file: /sdcard/featureTest/stereo_channel_id.wav
01-15 12:06:07.338   710   710 D NuPlayerDriver: NuPlayerDriver(0xe84b2700) created, clientPid(13142)
01-15 12:06:07.343 13142 13142 W MediaPlayer: Use of stream types is deprecated for operations other than volume control
01-15 12:06:07.344 13142 13142 W MediaPlayer: See the documentation of setAudioStreamType() for what to use instead with android.media.AudioAttributes to qualify your playback use case
01-15 12:06:07.346 13199 13199 W generic : type=1400 audit(0.0:158): avc: denied { read } for path="/storage/emulated/0/featuretest/stereo_channel_id.wav" dev="sdcardfs" ino=1310780 scontext=u:r:mediaextractor:s0 tcontext=u:object_r:sdcardfs:s0 tclass=file permissive=0
01-15 12:06:07.349   710 13199 D GenericSource: FileSource remote
01-15 12:06:07.350   710 13199 W GenericSource: extractor service cannot make data source
01-15 12:06:07.350   710 13199 D GenericSource: FileSource local
01-15 12:06:07.390   700  1879 D MediaBufferGroup: creating MemoryDealer
01-15 12:06:07.391   710 13198 D NuPlayerDriver: notifyListener_l(0xe84b2700), (1, 0, 0, -1), loop setting(0, 0)
01-15 12:06:07.399   710   710 D NuPlayerDriver: start(0xe84b2700), state is 4, eos is 0
01-15 12:06:07.399   710 13198 I GenericSource: start
01-15 12:06:07.404 13142 13142 W DolbyAudioEffect: WARNING: attaching a DolbyAudioEffect to global output mix is deprecated!
01-15 12:06:07.415 13142 13142 D featureTest: receive broadcast , change ds status :1
01-15 12:06:07.417   710 13205 I OMXClient: Treble IOmx obtained
01-15 12:06:07.417   717  5782 I OMXMaster: makeComponentInstance(OMX.google.raw.decoder) in omx@1.0-service process
01-15 12:06:07.420   717  5782 E OMXNodeInstance: setConfig(0xe83a31a0:google.raw.decoder, ConfigPriority(0x6f800002)) ERROR: Undefined(0x80001001)
01-15 12:06:07.420   710 13205 I ACodec  : codec does not support config priority (err -2147483648)
01-15 12:06:07.421   717  5782 E OMXNodeInstance: getConfig(0xe83a31a0:google.raw.decoder, ConfigAndroidVendorExtension(0x6f100004)) ERROR: Undefined(0x80001001)
01-15 12:06:07.425   710 13205 I MediaCodec: MediaCodec will operate in async mode
01-15 12:06:07.426   626   626 W /system/bin/hw/android.hidl.allocator@1.0-service: ashmem_create_region(32768) returning hidl_memory(0x7b7102c330, 32768)
01-15 12:06:07.427   626   626 I chatty  : uid=1000(system) allocator@1.0-s identical 1 line
01-15 12:06:07.429   626   626 W /system/bin/hw/android.hidl.allocator@1.0-service: ashmem_create_region(32768) returning hidl_memory(0x7b7102c330, 32768)
01-15 12:06:07.429   627  3512 D DlbDlbEffect: handle_EFFECT_CMD_SET_PARAM()
01-15 12:06:07.429   626   626 W /system/bin/hw/android.hidl.allocator@1.0-service: ashmem_create_region(32768) returning hidl_memory(0x7b7102c330, 32768)
01-15 12:06:07.432   626   626 I chatty  : uid=1000(system) allocator@1.0-s identical 3 lines
01-15 12:06:07.433   626   626 W /system/bin/hw/android.hidl.allocator@1.0-service: ashmem_create_region(32768) returning hidl_memory(0x7b7102c330, 32768)
01-15 12:06:07.442   710 13203 D AudioTrack: Client defaulted notificationFrames to 12000 for frameCount 24000
01-15 12:06:07.444   626   626 W /system/bin/hw/android.hidl.allocator@1.0-service: ashmem_create_region(7680) returning hidl_memory(0x7b7102c330, 7680)
01-15 12:06:07.445   626   626 W /system/bin/hw/android.hidl.allocator@1.0-service: ashmem_create_region(7680) returning hidl_memory(0x7b7102c330, 7680)
01-15 12:06:07.446   684  3974 W AudioFlinger: moveDolbyEffect() effect chain for session 0 not on source thread 0xee0ae580
01-15 12:06:07.447   710 13198 D NuPlayerDriver: notifyListener_l(0xe84b2700), (6, 0, 0, -1), loop setting(0, 1)
01-15 12:06:07.447   684   928 W AudioFlinger::EffectModule: EffectModule 0xed0e2680 destructor called with unreleased interface
01-15 12:06:07.448   684   928 W AudioFlinger::EffectHandle: disconnect Effect handle 0xee163600 disconnected after thread destruction
01-15 12:06:07.484 13142 13142 D featureTest: receive broadcast , change ds profile id :5
01-15 12:06:07.502   627  3512 D DlbDlbEffect: handle_EFFECT_CMD_SET_PARAM()
01-15 12:06:07.604 13142 13142 D featureTest: receive broadcast , change bass enable :1
01-15 12:06:07.611   627  3512 D DlbDlbEffect: handle_EFFECT_CMD_SET_PARAM()
01-15 12:06:07.615 13142 13147 I zygote64: Do partial code cache collection, code=8KB, data=13KB
01-15 12:06:07.615 13142 13147 I zygote64: After code cache collection, code=8KB, data=13KB
01-15 12:06:07.615 13142 13147 I zygote64: Increasing code cache capacity to 128KB
01-15 12:06:07.616 13142 13147 I zygote64: Do partial code cache collection, code=8KB, data=32KB
01-15 12:06:07.616 13142 13147 I zygote64: After code cache collection, code=8KB, data=32KB
01-15 12:06:07.616 13142 13147 I zygote64: Increasing code cache capacity to 256KB
01-15 12:06:07.616 13142 13147 I zygote64: Compiler allocated 8MB to compile void android.widget.TextView.<init>(android.content.Context, android.util.AttributeSet, int, int)
01-15 12:06:07.643   627  3892 I DlbEffectDap: setParam() Start crossfade with VB enabled state 1
01-15 12:06:07.643   627  3892 D DlbDapCrossfadeProcess: setEnabled transitioning from DAP_ACTIVE state to FADE_TO_BYPASS
01-15 12:06:07.643   627  3892 D DlbDapEndpointParamCache: commitChangedParams()
01-15 12:06:07.643   627  3892 D DlbDapEndpointParamCache: commit() Applying parameters for device 0x40000000
01-15 12:06:07.643   627  3892 D DlbDap2Process: setParam(iea = #1[10])
01-15 12:06:07.643   627  3892 D DlbDap2Process: setParam(msce = #1[0])
01-15 12:06:07.643   627  3892 D DlbDap2Process: setParam(mdee = #1[0])
01-15 12:06:07.643   627  3892 D DlbDap2Process: setParam(miee = #1[0])
01-15 12:06:07.644   627  3892 D DlbDap2Process: setParam(mdle = #1[0])
01-15 12:06:07.644   627  3892 D DlbDap2Process: setParam(dvle = #1[1])
01-15 12:06:07.644   627  3892 D DlbDap2Process: setParam(mave = #1[0])
01-15 12:06:07.644   627  3892 D DlbDap2Process: setParam(vcbf = #20[47, 141, 234, 328, 469, 656, 844, 1031, 1313, 1688, 2250, 3000, 3750, 4688, 5813, 7125, 9000, 11250, 13875, 19688])
01-15 12:06:07.644   627  3892 D DlbDap2Process: setParam(vbon = #1[1])
01-15 12:06:07.644   627  3892 D DlbDap2Process: setParam(beon = #1[1])
01-15 12:06:07.644   627  3892 D DlbDap2Process: setParam(geon = #1[0])
01-15 12:06:07.644   627  3892 D DlbDap2Process: setParam(ieon = #1[0])
01-15 12:06:07.644   627  3892 D DlbDap2Process: setParam(gebs = #41[20, 47, 141, 234, 328, 469, 656, 844, 1031, 1313, 1688, 2250, 3000, 3750, 4688, 5813, 7125, 9000, 11250, 13875, 19688, 0, 0, 0, 0, 0, 0, 0, 0, 0, 0, 0, 0, 0, 0, 0, 0, 0, 0, 0, 0])
01-15 12:06:07.644   627  3892 D DlbDap2Process: setParam(iebs = #41[20, 65, 136, 223, 332, 467, 634, 841, 1098, 1416, 1812, 2302, 2909, 3663, 4598, 5756, 7194, 8976, 11186, 13927, 17326, 117, 133, 188, 176, 141, 149, 175, 185, 185, 200, 236, 242, 228, 213, 182, 132, 110, 68, -27, -240])
01-15 12:06:07.644   627  3892 D DlbDapEndpointParamCache: doCommit() Committed 15 parameters out of 16.
01-15 12:06:07.644   627  3892 D DlbDapEndpointParamCache: commit() Overriding parameters for current device 0x00000002
01-15 12:06:07.644   627  3892 D DlbDap2Process: setParam(dea = #1[7])
01-15 12:06:07.644   627  3892 D DlbDap2Process: setParam(dsa = #1[10])
01-15 12:06:07.644   627  3892 D DlbDap2Process: setParam(beb = #1[192])
01-15 12:06:07.644   627  3892 D DlbDap2Process: setParam(plb = #1[0])
01-15 12:06:07.644   627  3892 D DlbDap2Process: setParam(vmb = #1[144])
01-15 12:06:07.645   627  3892 D DlbDap2Process: setParam(dsb = #1[48])
01-15 12:06:07.645   627  3892 D DlbDap2Process: setParam(ded = #1[0])
01-15 12:06:07.645   627  3892 D DlbDap2Process: setParam(vbm = #1[3])
01-15 12:06:07.645   627  3892 D DlbDap2Process: setParam(dom = #1[0])
01-15 12:06:07.645   627  3892 D DlbDap2Process: setParam(bew = #1[16])
01-15 12:06:07.645   627  3892 D DlbDap2Process: setParam(dvla = #1[5])
01-15 12:06:07.645   627  3892 D DlbDap2Process: setParam(arra = #1[96])
01-15 12:06:07.645   627  3892 D DlbDap2Process: setParam(dfsa = #1[10])
01-15 12:06:07.645   627  3892 D DlbDap2Process: setParam(dhsa = #1[10])
01-15 12:06:07.645   627  3892 D DlbDap2Process: setParam(dvmc = #1[0])
01-15 12:06:07.645   627  3892 D DlbDap2Process: setParam(arod = #1[0])
01-15 12:06:07.645   627  3892 D DlbDap2Process: setParam(arde = #1[1])
01-15 12:06:07.645   627  3892 D DlbDap2Process: setParam(dvle = #1[1])
01-15 12:06:07.645   627  3892 D DlbDap2Process: setParam(dvme = #1[0])
01-15 12:06:07.645   627  3892 D DlbDap2Process: setParam(becf = #1[200])
01-15 12:06:07.645   627  3892 D DlbDap2Process: setParam(vbmf = #2[94, 469])
01-15 12:06:07.645   627  3892 D DlbDap2Process: setParam(vbsf = #2[35, 160])
01-15 12:06:07.645   627  3892 D DlbDap2Process: setParam(vbhg = #3[-32, -144, -192])
01-15 12:06:07.645   627  3892 D DlbDap2Process: setParam(vbog = #1[0])
01-15 12:06:07.645   627  3892 D DlbDap2Process: setParam(vbsg = #1[0])
01-15 12:06:07.645   627  3892 D DlbDap2Process: setParam(dvli = #1[-320])
01-15 12:06:07.645   627  3892 D DlbDap2Process: setParam(dhfm = #1[2])
01-15 12:06:07.645   627  3892 D DlbDap2Process: setParam(vbon = #1[1])
01-15 12:06:07.645   627  3892 D DlbDap2Process: setParam(beon = #1[1])
01-15 12:06:07.646   627  3892 D DlbDap2Process: setParam(deon = #1[0])
01-15 12:06:07.646   627  3892 D DlbDap2Process: setParam(ngon = #1[1])
01-15 12:06:07.646   627  3892 D DlbDap2Process: setParam(aoon = #1[1])
01-15 12:06:07.646   627  3892 D DlbDap2Process: setParam(aron = #1[1])
01-15 12:06:07.646   627  3892 D DlbDap2Process: setParam(dvlo = #1[-320])
01-15 12:06:07.646   627  3892 D DlbDap2Process: setParam(artp = #1[12])
01-15 12:06:07.646   627  3892 D DlbDap2Process: setParam(aobs = #222[20, 10, 47, 141, 234, 328, 469, 656, 844, 1031, 1313, 1688, 2250, 3000, 3750, 4688, 5813, 7125, 9000, 11250, 13875, 19688, 0, 0, 0, 0, 0, 0, 0, 0, 0, 0, 0, 0, 0, 0, 0, 0, 0, 0, 0, 0, 0, 0, 0, 0, 0, 0, 0, 0, 0, 0, 0, 0, 0, 0, 0, 0, 0, 0, 0, 0, 0, 0, 0, 0, 0, 0, 0, 0, 0, 0, 0, 0, 0, 0, 0, 0, 0, 0, 0, 0, 0, 0, 0, 0, 0, 0, 0, 0, 0, 0, 0, 0, 0, 0, 0, 0, 0, 0, 0, 0, 0, 0, 0, 0, 0, 0, 0, 0, 0, 0, 0, 0, 0, 0, 0, 0, 0, 0, 0, 0, 0, 0, 0, 0, 0, 0, 0, 0, 0, 0, 0, 0, 0, 0, 0, 0, 0, 0, 0, 0, 0, 0, 0, 0, 0, 0, 0, 0, 0, 0, 0, 0, 0, 0, 0, 0, 0, 0, 0, 0, 0, 0, 0, 0, 0, 0, 0, 0, 0, 0, 0, 0, 0, 0, 0, 0, 0, 0, 0, 0, 0, 0, 0, 0, 0, 0, 0, 0, 0, 0, 0, 0, 0, 0, 0, 0, 0, 0, 0, 0, 0, 0, 0, 0, 0, 0, 0, 0, 0, 0, 0, 0, 0, 0, 0, 0, 0, 0, 0, 0])
01-15 12:06:07.646   627  3892 D DlbDap2Process: setParam(arbs = #81[20, 47, 141, 234, 328, 469, 656, 844, 1031, 1313, 1688, 2250, 3000, 3750, 4688, 5813, 7125, 9000, 11250, 13875, 19688, -192, -192, -192, -192, -192, -192, -192, -192, -192, -192, -192, -192, -192, -192, -192, -192, -192, -192, -192, -192, 0, 0, 0, 0, 0, 0, 0, 0, 0, 0, 0, 0, 0, 0, 0, 0, 0, 0, 0, 0, 0, 0, 0, 0, 0, 0, 0, 0, 0, 0, 0, 0, 0, 0, 0, 0, 0, 0, 0, 0])
01-15 12:06:07.647   627  3892 D DlbDapEndpointParamCache: doCommit() Committed 37 parameters out of 37.
01-15 12:06:07.647   627  3892 D DlbDap2Process: setMave(mave = 0)
01-15 12:06:07.659 13142 13142 D featureTest: receive broadcast , record log :0
01-15 12:06:07.727   627  3892 D DlbDapCrossfadeProcess: process transitioning from FADE_TO_BYPASS state to DAP_BYPASSED
01-15 12:06:07.762   627  3892 I DlbEffectDap: setVbEnabled() Reset DAP with VB enabled state 1
01-15 12:06:07.762   627  3892 I DlbDapCrossfadeProcess: reset()
01-15 12:06:07.762   627  3892 I DlbDapBufferAdapter: reset()
01-15 12:06:07.763   627  3892 I DlbDap2Process: close()
01-15 12:06:07.763   627  3892 I DlbDap2Process: init()
01-15 12:06:07.764   627  3892 I DlbDap2Process: open()
01-15 12:06:07.766   627  3892 I DlbDap2Process: loadLicense() no license check!
01-15 12:06:07.767   627  3892 I DlbDap2Process: validateLicense() no license check!
01-15 12:06:07.767   627  3892 I DlbDap2Process: init() DAP opened
01-15 12:06:07.767   627  3892 I DlbDap2Process: DAP library version: 2.5.1-P2.0
01-15 12:06:07.767   627  3892 D DlbDap2Process: DAP output mode set to 1 with 2 output channels and null mix matrix.
01-15 12:06:07.767   627  3892 D DlbDapEndpointParamCache: commitAllParams()
01-15 12:06:07.767   627  3892 D DlbDapEndpointParamCache: commit() Applying parameters for device 0x40000000
01-15 12:06:07.767   627  3892 D DlbDap2Process: setParam(iea = #1[10])
01-15 12:06:07.768   627  3892 D DlbDap2Process: setParam(msce = #1[0])
01-15 12:06:07.768   627  3892 D DlbDap2Process: setParam(mdee = #1[0])
01-15 12:06:07.768   627  3892 D DlbDap2Process: setParam(miee = #1[0])
01-15 12:06:07.768   627  3892 D DlbDap2Process: setParam(mdle = #1[0])
01-15 12:06:07.768   627  3892 D DlbDap2Process: setParam(dvle = #1[1])
01-15 12:06:07.768   627  3892 D DlbDap2Process: setParam(mave = #1[0])
01-15 12:06:07.769   627  3892 D DlbDap2Process: setParam(vcbf = #20[47, 141, 234, 328, 469, 656, 844, 1031, 1313, 1688, 2250, 3000, 3750, 4688, 5813, 7125, 9000, 11250, 13875, 19688])
01-15 12:06:07.769   627  3892 D DlbDap2Process: setParam(preg = #1[-666])
01-15 12:06:07.769   627  3892 D DlbDap2Process: setParam(vbon = #1[1])
01-15 12:06:07.769   627  3892 D DlbDap2Process: setParam(beon = #1[1])
01-15 12:06:07.769   627  3892 D DlbDap2Process: setParam(geon = #1[0])
01-15 12:06:07.770   627  3892 D DlbDap2Process: setParam(ieon = #1[0])
01-15 12:06:07.770   627  3892 D DlbDap2Process: setParam(gebs = #41[20, 47, 141, 234, 328, 469, 656, 844, 1031, 1313, 1688, 2250, 3000, 3750, 4688, 5813, 7125, 9000, 11250, 13875, 19688, 0, 0, 0, 0, 0, 0, 0, 0, 0, 0, 0, 0, 0, 0, 0, 0, 0, 0, 0, 0])
01-15 12:06:07.771   627  3892 D DlbDap2Process: setParam(iebs = #41[20, 65, 136, 223, 332, 467, 634, 841, 1098, 1416, 1812, 2302, 2909, 3663, 4598, 5756, 7194, 8976, 11186, 13927, 17326, 117, 133, 188, 176, 141, 149, 175, 185, 185, 200, 236, 242, 228, 213, 182, 132, 110, 68, -27, -240])
01-15 12:06:07.771   627  3892 D DlbDapEndpointParamCache: doCommit() Committed 16 parameters out of 16.
01-15 12:06:07.771   627  3892 D DlbDapEndpointParamCache: commit() Overriding parameters for current device 0x00000002
01-15 12:06:07.771   627  3892 D DlbDap2Process: setParam(dea = #1[7])
01-15 12:06:07.771   627  3892 D DlbDap2Process: setParam(dsa = #1[10])
01-15 12:06:07.771   627  3892 D DlbDap2Process: setParam(beb = #1[192])
01-15 12:06:07.772   627  3892 D DlbDap2Process: setParam(plb = #1[0])
01-15 12:06:07.772   627  3892 D DlbDap2Process: setParam(vmb = #1[144])
01-15 12:06:07.772   627  3892 D DlbDap2Process: setParam(dsb = #1[48])
01-15 12:06:07.772   627  3892 D DlbDap2Process: setParam(ded = #1[0])
01-15 12:06:07.772   627  3892 D DlbDap2Process: setParam(vbm = #1[3])
01-15 12:06:07.772   627  3892 D DlbDap2Process: setParam(dom = #1[0])
01-15 12:06:07.772   627  3892 D DlbDap2Process: setParam(bew = #1[16])
01-15 12:06:07.773   627  3892 D DlbDap2Process: setParam(dvla = #1[5])
01-15 12:06:07.773   627  3892 D DlbDap2Process: setParam(arra = #1[96])
01-15 12:06:07.773   627  3892 D DlbDap2Process: setParam(dfsa = #1[10])
01-15 12:06:07.773   627  3892 D DlbDap2Process: setParam(dhsa = #1[10])
01-15 12:06:07.773   627  3892 D DlbDap2Process: setParam(dvmc = #1[0])
01-15 12:06:07.773   627  3892 D DlbDap2Process: setParam(arod = #1[0])
01-15 12:06:07.773   627  3892 D DlbDap2Process: setParam(arde = #1[1])
01-15 12:06:07.774   627  3892 D DlbDap2Process: setParam(dvle = #1[1])
01-15 12:06:07.774   627  3892 D DlbDap2Process: setParam(dvme = #1[0])
01-15 12:06:07.774   627  3892 D DlbDap2Process: setParam(becf = #1[200])
01-15 12:06:07.774   627  3892 D DlbDap2Process: setParam(vbmf = #2[94, 469])
01-15 12:06:07.774   627  3892 D DlbDap2Process: setParam(vbsf = #2[35, 160])
01-15 12:06:07.774   627  3892 D DlbDap2Process: setParam(vbhg = #3[-32, -144, -192])
01-15 12:06:07.774   627  3892 D DlbDap2Process: setParam(vbog = #1[0])
01-15 12:06:07.775   627  3892 D DlbDap2Process: setParam(vbsg = #1[0])
01-15 12:06:07.775   627  3892 D DlbDap2Process: setParam(dvli = #1[-320])
01-15 12:06:07.775   627  3892 D DlbDap2Process: setParam(dhfm = #1[2])
01-15 12:06:07.775   627  3892 D DlbDap2Process: setParam(vbon = #1[1])
01-15 12:06:07.775   627  3892 D DlbDap2Process: setParam(beon = #1[1])
01-15 12:06:07.775   627  3892 D DlbDap2Process: setParam(deon = #1[0])
01-15 12:06:07.776   627  3892 D DlbDap2Process: setParam(ngon = #1[1])
01-15 12:06:07.776   627  3892 D DlbDap2Process: setParam(aoon = #1[1])
01-15 12:06:07.776   627  3892 D DlbDap2Process: setParam(aron = #1[1])
01-15 12:06:07.776   627  3892 D DlbDap2Process: setParam(dvlo = #1[-320])
01-15 12:06:07.776   627  3892 D DlbDap2Process: setParam(artp = #1[12])
01-15 12:06:07.778   627  3892 D DlbDap2Process: setParam(aobs = #222[20, 10, 47, 141, 234, 328, 469, 656, 844, 1031, 1313, 1688, 2250, 3000, 3750, 4688, 5813, 7125, 9000, 11250, 13875, 19688, 0, 0, 0, 0, 0, 0, 0, 0, 0, 0, 0, 0, 0, 0, 0, 0, 0, 0, 0, 0, 0, 0, 0, 0, 0, 0, 0, 0, 0, 0, 0, 0, 0, 0, 0, 0, 0, 0, 0, 0, 0, 0, 0, 0, 0, 0, 0, 0, 0, 0, 0, 0, 0, 0, 0, 0, 0, 0, 0, 0, 0, 0, 0, 0, 0, 0, 0, 0, 0, 0, 0, 0, 0, 0, 0, 0, 0, 0, 0, 0, 0, 0, 0, 0, 0, 0, 0, 0, 0, 0, 0, 0, 0, 0, 0, 0, 0, 0, 0, 0, 0, 0, 0, 0, 0, 0, 0, 0, 0, 0, 0, 0, 0, 0, 0, 0, 0, 0, 0, 0, 0, 0, 0, 0, 0, 0, 0, 0, 0, 0, 0, 0, 0, 0, 0, 0, 0, 0, 0, 0, 0, 0, 0, 0, 0, 0, 0, 0, 0, 0, 0, 0, 0, 0, 0, 0, 0, 0, 0, 0, 0, 0, 0, 0, 0, 0, 0, 0, 0, 0, 0, 0, 0, 0, 0, 0, 0, 0, 0, 0, 0, 0, 0, 0, 0, 0, 0, 0, 0, 0, 0, 0, 0, 0, 0, 0, 0, 0, 0, 0])
01-15 12:06:07.779   627  3892 D DlbDap2Process: setParam(arbs = #81[20, 47, 141, 234, 328, 469, 656, 844, 1031, 1313, 1688, 2250, 3000, 3750, 4688, 5813, 7125, 9000, 11250, 13875, 19688, -192, -192, -192, -192, -192, -192, -192, -192, -192, -192, -192, -192, -192, -192, -192, -192, -192, -192, -192, -192, 0, 0, 0, 0, 0, 0, 0, 0, 0, 0, 0, 0, 0, 0, 0, 0, 0, 0, 0, 0, 0, 0, 0, 0, 0, 0, 0, 0, 0, 0, 0, 0, 0, 0, 0, 0, 0, 0, 0, 0])
01-15 12:06:07.779   627  3892 D DlbDapEndpointParamCache: doCommit() Committed 37 parameters out of 37.
01-15 12:06:07.779   627  3892 D DlbDapCrossfadeProcess: setEnabled transitioning from DAP_BYPASSED state to PREROLL_ACTIVE
01-15 12:06:07.802   627  3892 D DlbDap2Process: setMave(mave = 0)
01-15 12:06:07.849   627  3892 D DlbDapCrossfadeProcess: process transitioning from PREROLL_ACTIVE state to FADE_TO_ACTIVE
01-15 12:06:07.969   627  3892 D DlbDapCrossfadeProcess: process transitioning from FADE_TO_ACTIVE state to DAP_ACTIVE
01-15 12:06:08.449   627  3892 D DlbDap2Process: process() called [170500] times
01-15 12:06:09.036   945   945 W WindowManager: removeWindowToken: Attempted to remove non-existing token: android.os.Binder@d9b3906
01-15 12:06:09.094   475   475 D SurfaceFlinger: duplicate layer name: changing Toast to Toast#1
01-15 12:06:11.064   945   945 W WindowManager: removeWindowToken: Attempted to remove non-existing token: android.os.Binder@1a29d60
01-15 12:06:11.123   627  3892 D DlbDap2Process: process() called [171000] times
