--------- beginning of system
01-15 12:11:18.251   945  1518 I ActivityManager: Force stopping com.dolby.qa.featuretest appid=10072 user=0: from pid 15954
01-15 12:11:18.252   945  1518 I ActivityManager: Killing 15860:com.dolby.qa.featuretest/u0a72 (adj 0): stop com.dolby.qa.featuretest
01-15 12:11:18.253   945  1518 W ActivityManager: Force removing ActivityRecord{cc37c56 u0 com.dolby.qa.featuretest/.MainActivity t127}: app died, no saved state
01-15 12:11:18.259   945  1518 I WindowManager: Failed to capture screenshot of Token{fa254d7 ActivityRecord{cc37c56 u0 com.dolby.qa.featuretest/.MainActivity t127 f}} appWin=Window{f50dcea u0 com.dolby.qa.featuretest/com.dolby.qa.featuretest.MainActivity} drawState=4
--------- beginning of main
01-15 12:11:18.287   710  1419 D NuPlayerDriver: reset(0xe84b2af0) at state 5
01-15 12:11:18.288   710  1419 D NuPlayerDriver: notifyListener_l(0xe84b2af0), (8, 0, 0, -1), loop setting(0, 1)
01-15 12:11:18.289   945  9499 I WindowManager: WIN DEATH: Window{1ce008 u0 Toast}
01-15 12:11:18.290   684   684 D AudioFlinger: trackStateChanged() Track id 362 state changed to 6
01-15 12:11:18.297  1499  1499 D CarrierSvcBindHelper: No carrier app for: 0
01-15 12:11:18.309   717  5319 I DDP_JOCDecoder: -> ~DDPDecoder
01-15 12:11:18.310   717  5319 I DDP_JOCDecoder: -> stop
01-15 12:11:18.311   645   645 I DMSService: unregisterClient type = 4, uid = e8392330
01-15 12:11:18.320  2010  2010 D RegisteredNfcFServicesCache: Service unchanged, not updating
01-15 12:11:18.353   645   645 D DatabaseHelper: failed to prepare SQL : INSERT INTO profiles VALUES(15
01-15 12:11:18.353   645   645 D DatabaseHelper: ,'custom','user2','user2','off','off')
01-15 12:11:18.353   645   645 D DatabaseHelper: failed to prepare SQL : INSERT INTO profile_endpoints VALUES(57
01-15 12:11:18.353   645   645 D DatabaseHelper: ,'custom','user2','speaker')
01-15 12:11:18.353   645   645 D DatabaseHelper: failed to prepare SQL : INSERT INTO profile_endpoints VALUES(57
01-15 12:11:18.353   645   645 D DatabaseHelper: ,'custom','user2','headphone')
01-15 12:11:18.354   645   645 D DatabaseHelper: failed to prepare SQL : INSERT INTO profile_endpoints VALUES(57
01-15 12:11:18.354   645   645 D DatabaseHelper: ,'custom','user2','passthrough')
01-15 12:11:18.354   645   645 D DatabaseHelper: failed to prepare SQL : INSERT INTO profile_endpoints VALUES(57
01-15 12:11:18.354   645   645 D DatabaseHelper: ,'custom','user2','other')
01-15 12:11:18.354   645   645 D DatabaseHelper: failed to prepare SQL : INSERT INTO profile_ports VALUES(85
01-15 12:11:18.354   645   645 D DatabaseHelper: ,'custom','user2','internal_speaker')
01-15 12:11:18.354   645   645 D DatabaseHelper: failed to prepare SQL : INSERT INTO profile_ports VALUES(85
01-15 12:11:18.354   645   645 D DatabaseHelper: ,'custom','user2','hdmi')
01-15 12:11:18.355   645   645 D DatabaseHelper: failed to prepare SQL : INSERT INTO profile_ports VALUES(85
01-15 12:11:18.355   645   645 D DatabaseHelper: ,'custom','user2','miracast')
01-15 12:11:18.355   645   645 D DatabaseHelper: failed to prepare SQL : INSERT INTO profile_ports VALUES(85
01-15 12:11:18.355   645   645 D DatabaseHelper: ,'custom','user2','headphone_port')
01-15 12:11:18.355   645   645 D DatabaseHelper: failed to prepare SQL : INSERT INTO profile_ports VALUES(85
01-15 12:11:18.355   645   645 D DatabaseHelper: ,'custom','user2','bluetooth')
01-15 12:11:18.356   645   645 D DatabaseHelper: failed to prepare SQL : INSERT INTO profile_ports VALUES(85
01-15 12:11:18.356   645   645 D DatabaseHelper: ,'custom','user2','usb')
01-15 12:11:18.356   645   645 D DatabaseHelper: failed to prepare SQL : INSERT INTO geq_presets VALUES(57
01-15 12:11:18.356   645   645 D DatabaseHelper: ,'custom','off','user2')
01-15 12:11:18.356   645   645 D DatabaseHelper: failed to prepare SQL : INSERT INTO geq_presets VALUES(57
01-15 12:11:18.356   645   645 D DatabaseHelper: ,'custom','open','user2')
01-15 12:11:18.357   645   645 D DatabaseHelper: failed to prepare SQL : INSERT INTO geq_presets VALUES(57
01-15 12:11:18.357   645   645 D DatabaseHelper: ,'custom','rich','user2')
01-15 12:11:18.357   645   645 D DatabaseHelper: failed to prepare SQL : INSERT INTO geq_presets VALUES(57
01-15 12:11:18.357   645   645 D DatabaseHelper: ,'custom','focused','user2')
01-15 12:11:18.376   717  5319 I DDP_JOCDecoder: <- stop
01-15 12:11:18.376   717  5319 I ARenderer: ~ARenderer
01-15 12:11:18.376   717  5319 I evo_parser: evo_parser_close
01-15 12:11:18.376   717  5319 I DlbDap2QmfProcess: ~Dap2Process()
01-15 12:11:18.376   717  5319 I DlbDap2QmfProcess: close()
01-15 12:11:18.376   717  5319 I DDP_JOCDecoder: <- ~DDPDecoder
01-15 12:11:18.384   710 15917 D NuPlayerDriver: notifyResetComplete(0xe84b2af0)
01-15 12:11:18.384   710  1419 D AudioTrack: stop() called with 0 frames delivered
01-15 12:11:18.386   627  3892 I DlbEffectContext: setContentProcEnabled() Enabling content processing in global effect
01-15 12:11:18.386   627  3892 D DlbDapEndpointParamCache: commitChangedParams()
01-15 12:11:18.386   627  3892 D DlbDapEndpointParamCache: commit() Applying parameters for device 0x40000000
01-15 12:11:18.387   627  3892 D DlbDap2Process: setParam(iea = #1[10])
01-15 12:11:18.387   627  3892 D DlbDap2Process: setParam(msce = #1[0])
01-15 12:11:18.387   627  3892 D DlbDap2Process: setParam(mdee = #1[0])
01-15 12:11:18.387   627  3892 D DlbDap2Process: setParam(miee = #1[0])
01-15 12:11:18.387   627  3892 D DlbDap2Process: setParam(mdle = #1[0])
01-15 12:11:18.387   627  3892 D DlbDap2Process: setParam(dvle = #1[1])
01-15 12:11:18.387   627  3892 D DlbDap2Process: setParam(mave = #1[0])
01-15 12:11:18.387   627  3892 D DlbDap2Process: setParam(vcbf = #20[47, 141, 234, 328, 469, 656, 844, 1031, 1313, 1688, 2250, 3000, 3750, 4688, 5813, 7125, 9000, 11250, 13875, 19688])
01-15 12:11:18.387   627  3892 D DlbDap2Process: setParam(vbon = #1[0])
01-15 12:11:18.387   627  3892 D DlbDap2Process: setParam(beon = #1[0])
01-15 12:11:18.387   627  3892 D DlbDap2Process: setParam(geon = #1[0])
01-15 12:11:18.387   627  3892 D DlbDap2Process: setParam(ieon = #1[0])
01-15 12:11:18.387   627  3892 D DlbDap2Process: setParam(gebs = #41[20, 47, 141, 234, 328, 469, 656, 844, 1031, 1313, 1688, 2250, 3000, 3750, 4688, 5813, 7125, 9000, 11250, 13875, 19688, 0, 0, 0, 0, 0, 0, 0, 0, 0, 0, 0, 0, 0, 0, 0, 0, 0, 0, 0, 0])
01-15 12:11:18.387   627  3892 D DlbDap2Process: setParam(iebs = #41[20, 65, 136, 223, 332, 467, 634, 841, 1098, 1416, 1812, 2302, 2909, 3663, 4598, 5756, 7194, 8976, 11186, 13927, 17326, 117, 133, 188, 176, 141, 149, 175, 185, 185, 200, 236, 242, 228, 213, 182, 132, 110, 68, -27, -240])
01-15 12:11:18.387   627  3892 D DlbDapEndpointParamCache: doCommit() Committed 15 parameters out of 16.
01-15 12:11:18.387   627  3892 D DlbDapEndpointParamCache: commit() Overriding parameters for current device 0x00000002
01-15 12:11:18.387   627  3892 D DlbDap2Process: setParam(dea = #1[7])
01-15 12:11:18.387   627  3892 D DlbDap2Process: setParam(dsa = #1[10])
01-15 12:11:18.387   627  3892 D DlbDap2Process: setParam(beb = #1[192])
01-15 12:11:18.387   627  3892 D DlbDap2Process: setParam(plb = #1[0])
01-15 12:11:18.387   627  3892 D DlbDap2Process: setParam(vmb = #1[144])
01-15 12:11:18.387   627  3892 D DlbDap2Process: setParam(dsb = #1[48])
01-15 12:11:18.387   627  3892 D DlbDap2Process: setParam(ded = #1[0])
01-15 12:11:18.387   627  3892 D DlbDap2Process: setParam(vbm = #1[3])
01-15 12:11:18.387   627  3892 D DlbDap2Process: setParam(dom = #1[0])
01-15 12:11:18.387   627  3892 D DlbDap2Process: setParam(bew = #1[16])
01-15 12:11:18.387   627  3892 D DlbDap2Process: setParam(dvla = #1[5])
01-15 12:11:18.387   627  3892 D DlbDap2Process: setParam(arra = #1[96])
01-15 12:11:18.388   627  3892 D DlbDap2Process: setParam(dfsa = #1[10])
01-15 12:11:18.388   627  3892 D DlbDap2Process: setParam(dhsa = #1[10])
01-15 12:11:18.388   627  3892 D DlbDap2Process: setParam(dvmc = #1[0])
01-15 12:11:18.388   627  3892 D DlbDap2Process: setParam(arod = #1[0])
01-15 12:11:18.388   627  3892 D DlbDap2Process: setParam(arde = #1[1])
01-15 12:11:18.388   627  3892 D DlbDap2Process: setParam(dvle = #1[1])
01-15 12:11:18.388   627  3892 D DlbDap2Process: setParam(dvme = #1[0])
01-15 12:11:18.388   627  3892 D DlbDap2Process: setParam(becf = #1[200])
01-15 12:11:18.388   627  3892 D DlbDap2Process: setParam(vbmf = #2[94, 469])
01-15 12:11:18.388   627  3892 D DlbDap2Process: setParam(vbsf = #2[35, 160])
01-15 12:11:18.388   627  3892 D DlbDap2Process: setParam(vbhg = #3[-32, -144, -192])
01-15 12:11:18.388   627  3892 D DlbDap2Process: setParam(vbog = #1[0])
01-15 12:11:18.388   627  3892 D DlbDap2Process: setParam(vbsg = #1[0])
01-15 12:11:18.388   627  3892 D DlbDap2Process: setParam(dvli = #1[-320])
01-15 12:11:18.388   627  3892 D DlbDap2Process: setParam(dhfm = #1[2])
01-15 12:11:18.388   627  3892 D DlbDap2Process: setParam(vbon = #1[0])
01-15 12:11:18.388   627  3892 D DlbDap2Process: setParam(beon = #1[0])
01-15 12:11:18.388   627  3892 D DlbDap2Process: setParam(deon = #1[0])
01-15 12:11:18.388   627  3892 D DlbDap2Process: setParam(ngon = #1[1])
01-15 12:11:18.388   627  3892 D DlbDap2Process: setParam(aoon = #1[1])
01-15 12:11:18.388   627  3892 D DlbDap2Process: setParam(aron = #1[1])
01-15 12:11:18.388   627  3892 D DlbDap2Process: setParam(dvlo = #1[-320])
01-15 12:11:18.388   627  3892 D DlbDap2Process: setParam(artp = #1[12])
01-15 12:11:18.389   627  3892 D DlbDap2Process: setParam(aobs = #222[20, 10, 47, 141, 234, 328, 469, 656, 844, 1031, 1313, 1688, 2250, 3000, 3750, 4688, 5813, 7125, 9000, 11250, 13875, 19688, 0, 0, 0, 0, 0, 0, 0, 0, 0, 0, 0, 0, 0, 0, 0, 0, 0, 0, 0, 0, 0, 0, 0, 0, 0, 0, 0, 0, 0, 0, 0, 0, 0, 0, 0, 0, 0, 0, 0, 0, 0, 0, 0, 0, 0, 0, 0, 0, 0, 0, 0, 0, 0, 0, 0, 0, 0, 0, 0, 0, 0, 0, 0, 0, 0, 0, 0, 0, 0, 0, 0, 0, 0, 0, 0, 0, 0, 0, 0, 0, 0, 0, 0, 0, 0, 0, 0, 0, 0, 0, 0, 0, 0, 0, 0, 0, 0, 0, 0, 0, 0, 0, 0, 0, 0, 0, 0, 0, 0, 0, 0, 0, 0, 0, 0, 0, 0, 0, 0, 0, 0, 0, 0, 0, 0, 0, 0, 0, 0, 0, 0, 0, 0, 0, 0, 0, 0, 0, 0, 0, 0, 0, 0, 0, 0, 0, 0, 0, 0, 0, 0, 0, 0, 0, 0, 0, 0, 0, 0, 0, 0, 0, 0, 0, 0, 0, 0, 0, 0, 0, 0, 0, 0, 0, 0, 0, 0, 0, 0, 0, 0, 0, 0, 0, 0, 0, 0, 0, 0, 0, 0, 0, 0, 0, 0, 0, 0, 0, 0, 0])
01-15 12:11:18.389   627  3892 D DlbDap2Process: setParam(arbs = #81[20, 47, 141, 234, 328, 469, 656, 844, 1031, 1313, 1688, 2250, 3000, 3750, 4688, 5813, 7125, 9000, 11250, 13875, 19688, -192, -192, -192, -192, -192, -192, -192, -192, -192, -192, -192, -192, -192, -192, -192, -192, -192, -192, -192, -192, 0, 0, 0, 0, 0, 0, 0, 0, 0, 0, 0, 0, 0, 0, 0, 0, 0, 0, 0, 0, 0, 0, 0, 0, 0, 0, 0, 0, 0, 0, 0, 0, 0, 0, 0, 0, 0, 0, 0, 0])
01-15 12:11:18.389   627  3892 D DlbDapEndpointParamCache: doCommit() Committed 37 parameters out of 37.
01-15 12:11:18.389   627  3892 D DlbDap2Process: setMave(mave = 0)
01-15 12:11:18.389   945  1508 I ActivityManager: START u0 {flg=0x10000000 cmp=com.dolby.qa.featuretest/.MainActivity} from uid 2000
01-15 12:11:18.411 15961 15961 I zygote64: Late-enabling -Xcheck:jni
01-15 12:11:18.411   945  5020 I ActivityManager: Start proc 15961:com.dolby.qa.featuretest/u0a72 for activity com.dolby.qa.featuretest/.MainActivity
01-15 12:11:18.432   684  1061 D AudioFlinger: trackStateChanged() Track id 362 state changed to 2
01-15 12:11:18.432   684  1061 I AudioFlinger: updateProcessedAudioState() Changing content processing in effect to 0
01-15 12:11:18.433   627  3512 D DlbDlbEffect: handle_EFFECT_CMD_SET_PARAM()
01-15 12:11:18.454   684  1061 D AudioFlinger: trackDestroyed() Track id 362 no longer contains processed audio
01-15 12:11:18.456   684   928 W AudioFlinger::EffectModule: EffectModule 0xed0e2380 destructor called with unreleased interface
01-15 12:11:18.457   684   928 W AudioFlinger::EffectHandle: disconnect Effect handle 0xee163c00 disconnected after thread destruction
01-15 12:11:18.457   627  4939 D DlbDlbEffect: handle_EFFECT_CMD_DISABLE()
01-15 12:11:18.457   627  4939 D DlbDapCrossfadeProcess: setEnabled transitioning from DAP_ACTIVE state to FADE_TO_BYPASS
01-15 12:11:18.458   626   626 W /system/bin/hw/android.hidl.allocator@1.0-service: ashmem_create_region(3840) returning hidl_memory(0x7b7102c330, 3840)
01-15 12:11:18.458 15961 15968 E zygote64: Failed sending reply to debugger: Broken pipe
01-15 12:11:18.459   627  4939 D DlbDlbEffect: handle_EFFECT_CMD_SET_CONFIG()
01-15 12:11:18.459   627  4939 D DlbDapEndpointParamCache: setDevice(device=0x00000002)
01-15 12:11:18.459   645   645 D DMSService: setActiveDevice called with device = 0x2
01-15 12:11:18.459   627  4939 D DlbDlbEffect: handle_EFFECT_CMD_ENABLE()
01-15 12:11:18.460   627  4939 D DlbDapCrossfadeProcess: setEnabled transitioning from FADE_TO_BYPASS state to FADE_TO_ACTIVE
01-15 12:11:18.460 15961 15968 I zygote64: Debugger is no longer active
01-15 12:11:18.575 15961 15961 D featureTest: onCreate
01-15 12:11:18.579 15961 15961 D AudioTrack: Client defaulted notificationFrames to 962 for frameCount 1924
01-15 12:11:18.581 15961 15961 W AudioTrack: Use of stream types is deprecated for operations other than volume control
01-15 12:11:18.581 15961 15961 W AudioTrack: See the documentation of AudioTrack() for what to use instead with android.media.AudioAttributes to qualify your playback use case
01-15 12:11:18.588 15961 15961 W DolbyAudioEffect: WARNING: attaching a DolbyAudioEffect to global output mix is deprecated!
01-15 12:11:18.594 15961 15961 D featureTest: onResume
01-15 12:11:18.603 15961 15978 D OpenGLRenderer: HWUI GL Pipeline
01-15 12:11:18.637 15961 15978 I Adreno  : QUALCOMM build                   : 7142022, Ib5823dd10c
01-15 12:11:18.637 15961 15978 I Adreno  : Build Date                       : 06/23/17
01-15 12:11:18.637 15961 15978 I Adreno  : OpenGL ES Shader Compiler Version: EV031.18.00.00
01-15 12:11:18.637 15961 15978 I Adreno  : Local Branch                     : O11A
01-15 12:11:18.637 15961 15978 I Adreno  : Remote Branch                    : 
01-15 12:11:18.637 15961 15978 I Adreno  : Remote Branch                    : 
01-15 12:11:18.637 15961 15978 I Adreno  : Reconstruct Branch               : 
01-15 12:11:18.642 15961 15978 I Adreno  : PFP: 0x005ff087, ME: 0x005ff063
01-15 12:11:18.644 15961 15978 I OpenGLRenderer: Initialized EGL, version 1.4
01-15 12:11:18.644 15961 15978 D OpenGLRenderer: Swap behavior 2
01-15 12:11:18.690   945   998 I ActivityManager: Displayed com.dolby.qa.featuretest/.MainActivity: +287ms
01-15 12:11:18.801   475   475 D SurfaceFlinger: Backpressure trigger, skipping transaction & refresh!
01-15 12:11:18.867   945   998 W ActivityManager: setHasOverlayUi called on unknown pid: 15860
01-15 12:11:19.193  2103  2230 W OpenGLRenderer: Incorrectly called buildLayer on View: ShortcutAndWidgetContainer, destroying layer...
01-15 12:11:19.370   945   945 W NotificationService: Object died trying to hide notification android.app.ITransientNotification$Stub$Proxy@875bfb0 in package com.dolby.qa.featuretest
01-15 12:11:19.370   945   945 W WindowManager: removeWindowToken: Attempted to remove non-existing token: android.os.Binder@a5aac31
01-15 12:11:19.371   945   945 W ActivityManager: setProcessForeground called on unknown pid: 15860
01-15 12:11:19.371   945   945 W NotificationService: Object died trying to show notification android.app.ITransientNotification$Stub$Proxy@caa6e29 in package com.dolby.qa.featuretest
01-15 12:11:19.371   945   945 W ActivityManager: setProcessForeground called on unknown pid: 15860
01-15 12:11:19.372   945   945 W NotificationService: Object died trying to show notification android.app.ITransientNotification$Stub$Proxy@ed795ae in package com.dolby.qa.featuretest
01-15 12:11:19.372   945   945 W ActivityManager: setProcessForeground called on unknown pid: 15860
01-15 12:11:19.373   945   945 W NotificationService: Object died trying to show notification android.app.ITransientNotification$Stub$Proxy@3f9ef4f in package com.dolby.qa.featuretest
01-15 12:11:19.470 15961 15961 D featureTest: receive broadcast , playing content location :/sdcard/featureTest/7ch_ddp_25fps_diff_music_01.mp4
01-15 12:11:19.480 15961 15961 D featureTest: mMediaPlayer.getAudioSessionId(): 2505
01-15 12:11:19.480 15961 15961 D featureTest: Playing file: /sdcard/featureTest/7ch_ddp_25fps_diff_music_01.mp4
01-15 12:11:19.482   710  1419 D NuPlayerDriver: NuPlayerDriver(0xe84b2af0) created, clientPid(15961)
01-15 12:11:19.486 15989 15989 W generic : type=1400 audit(0.0:209): avc: denied { read } for path="/storage/emulated/0/featuretest/7ch_ddp_25fps_diff_music_01.mp4" dev="sdcardfs" ino=1310761 scontext=u:r:mediaextractor:s0 tcontext=u:object_r:sdcardfs:s0 tclass=file permissive=0
01-15 12:11:19.487 15961 15961 W MediaPlayer: Use of stream types is deprecated for operations other than volume control
01-15 12:11:19.487 15961 15961 W MediaPlayer: See the documentation of setAudioStreamType() for what to use instead with android.media.AudioAttributes to qualify your playback use case
01-15 12:11:19.489   710 15989 D GenericSource: FileSource remote
01-15 12:11:19.490   710 15989 W GenericSource: extractor service cannot make data source
01-15 12:11:19.490   710 15989 D GenericSource: FileSource local
01-15 12:11:19.508   710 15986 D NuPlayerDriver: notifyListener_l(0xe84b2af0), (1, 0, 0, -1), loop setting(0, 0)
01-15 12:11:19.517   710  1419 D NuPlayerDriver: start(0xe84b2af0), state is 4, eos is 0
01-15 12:11:19.517   710 15986 I GenericSource: start
01-15 12:11:19.519 15961 15961 W DolbyAudioEffect: WARNING: attaching a DolbyAudioEffect to global output mix is deprecated!
01-15 12:11:19.533   710 15994 I OMXClient: Treble IOmx obtained
01-15 12:11:19.533   717  5319 I OMXMaster: makeComponentInstance(OMX.dolby.eac3.decoder) in omx@1.0-service process
01-15 12:11:19.536 15961 15961 D featureTest: receive broadcast , change ds status :1
01-15 12:11:19.555   627  4939 D DlbDlbEffect: handle_EFFECT_CMD_SET_PARAM()
01-15 12:11:19.569   717  5319 I DDP_JOCDecoder: -> init name OMX.dolby.eac3.decoder
01-15 12:11:19.570   645   645 I DMSService: registerClient type = 0, uid = e83922e0
01-15 12:11:19.570   645   645 V DolbyMemoryService: registerClient() client 0x710ec74380, uid -398908704
01-15 12:11:19.571   717  5319 I DDP_JOCDecoder: <- init
01-15 12:11:19.571   717  5319 D DDP_JOCDecoder: initPorts
01-15 12:11:19.573   717  1621 E OMXNodeInstance: setConfig(0xe83a32c0:dolby.eac3.decoder, ConfigPriority(0x6f800002)) ERROR: Undefined(0x80001001)
01-15 12:11:19.573   710 15994 I ACodec  : codec does not support config priority (err -2147483648)
01-15 12:11:19.574   717  1621 E OMXNodeInstance: getConfig(0xe83a32c0:dolby.eac3.decoder, ConfigAndroidVendorExtension(0x6f100004)) ERROR: Undefined(0x80001001)
01-15 12:11:19.575   710 15994 I MediaCodec: MediaCodec will operate in async mode
01-15 12:11:19.575   710 15994 I ACodec  : setDolbyParameterOnProcessedAudio() Received dolby_processed_audio=1
01-15 12:11:19.576   645   645 I DMSService: unregisterClient type = 0, uid = e83922e0
01-15 12:11:19.576   710 15993 I NuPlayerDecoder: setDolbyMessage() Notifying player that Codec supports dolby_processed_audio flag
01-15 12:11:19.576   710 15986 I NuPlayer: onDolbyMessageReceived() Setting dolby_processed_audio flag on audio sink
01-15 12:11:19.576   710 15986 I MediaPlayerService: setDolbyParameters() Marking audio output as having dolby_processed_audio
01-15 12:11:19.594   645   645 D DatabaseHelper: failed to prepare SQL : INSERT INTO profiles VALUES(15
01-15 12:11:19.594   645   645 D DatabaseHelper: ,'custom','user2','user2','off','off')
01-15 12:11:19.594   645   645 D DatabaseHelper: failed to prepare SQL : INSERT INTO profile_endpoints VALUES(57
01-15 12:11:19.594   645   645 D DatabaseHelper: ,'custom','user2','speaker')
01-15 12:11:19.594   645   645 D DatabaseHelper: failed to prepare SQL : INSERT INTO profile_endpoints VALUES(57
01-15 12:11:19.594   645   645 D DatabaseHelper: ,'custom','user2','headphone')
01-15 12:11:19.594   645   645 D DatabaseHelper: failed to prepare SQL : INSERT INTO profile_endpoints VALUES(57
01-15 12:11:19.594   645   645 D DatabaseHelper: ,'custom','user2','passthrough')
01-15 12:11:19.594   645   645 D DatabaseHelper: failed to prepare SQL : INSERT INTO profile_endpoints VALUES(57
01-15 12:11:19.594   645   645 D DatabaseHelper: ,'custom','user2','other')
01-15 12:11:19.594   645   645 D DatabaseHelper: failed to prepare SQL : INSERT INTO profile_ports VALUES(85
01-15 12:11:19.594   645   645 D DatabaseHelper: ,'custom','user2','internal_speaker')
01-15 12:11:19.594   645   645 D DatabaseHelper: failed to prepare SQL : INSERT INTO profile_ports VALUES(85
01-15 12:11:19.594   645   645 D DatabaseHelper: ,'custom','user2','hdmi')
01-15 12:11:19.594   645   645 D DatabaseHelper: failed to prepare SQL : INSERT INTO profile_ports VALUES(85
01-15 12:11:19.594   645   645 D DatabaseHelper: ,'custom','user2','miracast')
01-15 12:11:19.595   645   645 D DatabaseHelper: failed to prepare SQL : INSERT INTO profile_ports VALUES(85
01-15 12:11:19.595   645   645 D DatabaseHelper: ,'custom','user2','headphone_port')
01-15 12:11:19.595   645   645 D DatabaseHelper: failed to prepare SQL : INSERT INTO profile_ports VALUES(85
01-15 12:11:19.595   645   645 D DatabaseHelper: ,'custom','user2','bluetooth')
01-15 12:11:19.595   645   645 D DatabaseHelper: failed to prepare SQL : INSERT INTO profile_ports VALUES(85
01-15 12:11:19.595   645   645 D DatabaseHelper: ,'custom','user2','usb')
01-15 12:11:19.595   645   645 D DatabaseHelper: failed to prepare SQL : INSERT INTO geq_presets VALUES(57
01-15 12:11:19.595   645   645 D DatabaseHelper: ,'custom','off','user2')
01-15 12:11:19.595   645   645 D DatabaseHelper: failed to prepare SQL : INSERT INTO geq_presets VALUES(57
01-15 12:11:19.595   645   645 D DatabaseHelper: ,'custom','open','user2')
01-15 12:11:19.595   645   645 D DatabaseHelper: failed to prepare SQL : INSERT INTO geq_presets VALUES(57
01-15 12:11:19.595   645   645 D DatabaseHelper: ,'custom','rich','user2')
01-15 12:11:19.595   645   645 D DatabaseHelper: failed to prepare SQL : INSERT INTO geq_presets VALUES(57
01-15 12:11:19.595   645   645 D DatabaseHelper: ,'custom','focused','user2')
01-15 12:11:19.596 15961 15961 D featureTest: receive broadcast , change ds profile id :2
01-15 12:11:19.606   627  4939 D DlbDlbEffect: handle_EFFECT_CMD_SET_PARAM()
01-15 12:11:19.608   645   713 I DapController: Profile Changed to Music
01-15 12:11:19.609   645   645 I DMSService: registerClient type = 4, uid = e83922a0
01-15 12:11:19.610   645   645 V DolbyMemoryService: registerClient() client 0x710ec74380, uid -398908764
01-15 12:11:19.611   717  1621 D DDP_JOCDecoder: internalSetParameter() Instantiating ARenderer for content processing in decoder
01-15 12:11:19.611   717  1621 I DlbDap2QmfProcess: Dap2Process()
01-15 12:11:19.611   717  1621 I ARenderer: ARenderer
01-15 12:11:19.611   717  1621 I evo_parser: evo_parser_init
01-15 12:11:19.611   717  1621 I DlbDap2QmfProcess: init()
01-15 12:11:19.611   717  1621 I DlbDap2QmfProcess: open()
01-15 12:11:19.611   717  1621 I DlbDap2QmfProcess: loadLicense() no license check!
01-15 12:11:19.611   717  1621 I DlbDap2QmfProcess: validateLicense() no license check!
01-15 12:11:19.611   717  1621 I DlbDap2QmfProcess: init() DAP opened
01-15 12:11:19.611   717  1621 I DlbDap2QmfProcess: DAP library version: 2.5.1-P2.0
01-15 12:11:19.611   717  1621 D DlbDap2QmfProcess: DAP output mode set to 1 with 2 output channels and null mix matrix.
01-15 12:11:19.612   710 15994 I ACodec  : setDolbyParameterOnProcessedAudio() Content processing enabled in decoder
01-15 12:11:19.614   626   626 W /system/bin/hw/android.hidl.allocator@1.0-service: ashmem_create_region(8192) returning hidl_memory(0x7b7102c330, 8192)
01-15 12:11:19.615   626   626 I chatty  : uid=1000(system) allocator@1.0-s identical 2 lines
01-15 12:11:19.615   626   626 W /system/bin/hw/android.hidl.allocator@1.0-service: ashmem_create_region(8192) returning hidl_memory(0x7b7102c330, 8192)
01-15 12:11:19.617   626   626 W /system/bin/hw/android.hidl.allocator@1.0-service: ashmem_create_region(147456) returning hidl_memory(0x7b7102c330, 147456)
01-15 12:11:19.619   626   626 I chatty  : uid=1000(system) allocator@1.0-s identical 2 lines
01-15 12:11:19.619   626   626 W /system/bin/hw/android.hidl.allocator@1.0-service: ashmem_create_region(147456) returning hidl_memory(0x7b7102c330, 147456)
01-15 12:11:19.620   717 15998 I DDP_JOCDecoder: -> start
01-15 12:11:19.620   717 15998 I EndpConfig: DAP state has changed from -1 to 1
01-15 12:11:19.621   717 15998 D DDP_JOCDecoder: Setting Max Output Channels to 2
01-15 12:11:19.621   717 15998 D DDP_JOCDecoder: setMultiChannelPCMOutDownmix mConfig->jocForceDownmixMode 1
01-15 12:11:19.621   717 15998 I udc_user: 
01-15 12:11:19.621   717 15998 I udc_user: *** DDPlus Unified Decoder Simulation  Version 1.7.3 ***
01-15 12:11:19.621   717 15998 I udc_user: 
01-15 12:11:19.621   717 15998 I udc_user: 7.1-channel decoder-converter, 
01-15 12:11:19.621   717 15998 I udc_user: 
01-15 12:11:19.621   717 15998 I udc_user: 5.1-channel dual-decoder-converter, 
01-15 12:11:19.621   717 15998 I udc_user: Karaoke unsupported, 
01-15 12:11:19.621   717 15998 I udc_user: TPNP supported. 
01-15 12:11:19.621   717 15998 I udc_user: 
01-15 12:11:19.621   717 15998 I udc_user: Unpublished work.  Copyright 2003-2014 Dolby Laboratories, Inc. and
01-15 12:11:19.621   717 15998 I udc_user: Dolby Laboratories Licensing Corporation.  All Rights Reserved.
01-15 12:11:19.621   717 15998 I udc_user: 
01-15 12:11:19.621   717 15998 I udc_user: USE OF THIS SOFTWARE IS SUBJECT TO A LEGAL AGREEMENT BETWEEN YOU AND DOLBY
01-15 12:11:19.621   717 15998 I udc_user: LABORATORIES. DO NOT USE THIS SOFTWARE UNLESS YOU AGREE TO THE TERMS AND 
01-15 12:11:19.621   717 15998 I udc_user: CONDITIONS IN THE AGREEMENT.  BY USING THIS SOFTWARE, YOU ACKNOWLEDGE THAT 
01-15 12:11:19.621   717 15998 I udc_user: YOU HAVE READ THE AGREEMENT AND THAT YOU AGREE TO BE BOUND BY ITS TERMS. 
01-15 12:11:19.621   717 15998 I udc_user: 
01-15 12:11:19.622   717 15998 I ddpdec_client_joc: ddpdec_open JOCD_MODE Buffer assignment
01-15 12:11:19.622   717 15998 D DDP_JOCDecoder: mStarted = 1
01-15 12:11:19.622   717 15998 I DDP_JOCDecoder: <- start
01-15 12:11:19.622   717 15998 D ddpdec_client_joc: ddpdec_client.c|int configDecoder()
01-15 12:11:19.623   717 15998 D DDP_JOCDecoder: Setting Max Output Channels to 2
01-15 12:11:19.625   717 15998 I DlbDap2QmfProcess: close()
01-15 12:11:19.625   717 15998 I DlbDap2QmfProcess: init()
01-15 12:11:19.625   717 15998 I DlbDap2QmfProcess: open()
01-15 12:11:19.626   717 15998 I DlbDap2QmfProcess: loadLicense() no license check!
01-15 12:11:19.626   717 15998 I DlbDap2QmfProcess: validateLicense() no license check!
01-15 12:11:19.626   717 15998 I DlbDap2QmfProcess: init() DAP opened
01-15 12:11:19.626   717 15998 I DlbDap2QmfProcess: DAP library version: 2.5.1-P2.0
01-15 12:11:19.626   717 15998 D DlbDap2QmfProcess: DAP output mode set to 1 with 2 output channels and null mix matrix.
01-15 12:11:19.626   717 15998 D ARenderer: checkAndUpdateConfig: DAP reinitialized because of sample rate change
01-15 12:11:19.626   717 15998 D ARenderer: updateDapConfig: Updating DAP configuration
01-15 12:11:19.626   717 15998 D DlbDap2QmfProcess: setParam(iea = #1[10])
01-15 12:11:19.626   717 15998 D DlbDap2QmfProcess: setParam(msce = #1[0])
01-15 12:11:19.626   717 15998 D DlbDap2QmfProcess: setParam(mdee = #1[0])
01-15 12:11:19.626   717 15998 D DlbDap2QmfProcess: setParam(miee = #1[0])
01-15 12:11:19.626   717 15998 D DlbDap2QmfProcess: setParam(mdle = #1[0])
01-15 12:11:19.626   717 15998 D DlbDap2QmfProcess: setParam(dvle = #1[1])
01-15 12:11:19.626   717 15998 D DlbDap2QmfProcess: setParam(mave = #1[0])
01-15 12:11:19.626   717 15998 D DlbDap2QmfProcess: setParam(vcbf = #20[47, 141, 234, 328, 469, 656, 844, 1031, 1313, 1688, 2250, 3000, 3750, 4688, 5813, 7125, 9000, 11250, 13875, 19688])
01-15 12:11:19.626   717 15998 D DlbDap2QmfProcess: setParam(ieon = #1[1])
01-15 12:11:19.626   717 15998 D DlbDap2QmfProcess: setParam(gebs = #41[20, 47, 141, 234, 328, 469, 656, 844, 1031, 1313, 1688, 2250, 3000, 3750, 4688, 5813, 7125, 9000, 11250, 13875, 19688, 0, 0, 0, 0, 0, 0, 0, 0, 0, 0, 0, 0, 0, 0, 0, 0, 0, 0, 0, 0])
01-15 12:11:19.626   717 15998 D DlbDap2QmfProcess: setParam(iebs = #41[20, 65, 136, 223, 332, 467, 634, 841, 1098, 1416, 1812, 2302, 2909, 3663, 4598, 5756, 7194, 8976, 11186, 13927, 17326, 117, 133, 188, 176, 141, 149, 175, 185, 185, 200, 236, 242, 228, 213, 182, 132, 110, 68, -27, -240])
01-15 12:11:19.626   717 15998 D DlbDap2QmfProcess: setParam(dea = #1[7])
01-15 12:11:19.626   717 15998 D DlbDap2QmfProcess: setParam(dsa = #1[10])
01-15 12:11:19.626   717 15998 D DlbDap2QmfProcess: setParam(beb = #1[192])
01-15 12:11:19.626   717 15998 D DlbDap2QmfProcess: setParam(plb = #1[0])
01-15 12:11:19.626   717 15998 D DlbDap2QmfProcess: setParam(vmb = #1[144])
01-15 12:11:19.626   717 15998 D DlbDap2QmfProcess: setParam(dsb = #1[0])
01-15 12:11:19.627   717 15998 D DlbDap2QmfProcess: setParam(ded = #1[0])
01-15 12:11:19.627   717 15998 D DlbDap2QmfProcess: setParam(dom = #1[0])
01-15 12:11:19.627   717 15998 D DlbDap2QmfProcess: setParam(bew = #1[16])
01-15 12:11:19.627   717 15998 D DlbDap2QmfProcess: setParam(dvla = #1[4])
01-15 12:11:19.627   717 15998 D DlbDap2QmfProcess: setParam(dfsa = #1[10])
01-15 12:11:19.627   717 15998 D DlbDap2QmfProcess: setParam(dhsa = #1[10])
01-15 12:11:19.627   717 15998 D DlbDap2QmfProcess: setParam(dvmc = #1[0])
01-15 12:11:19.627   717 15998 D DlbDap2QmfProcess: setParam(dvle = #1[1])
01-15 12:11:19.627   717 15998 D DlbDap2QmfProcess: setParam(dvme = #1[0])
01-15 12:11:19.627   717 15998 D DlbDap2QmfProcess: setParam(becf = #1[200])
01-15 12:11:19.627   717 15998 D DlbDap2QmfProcess: setParam(vbmf = #2[94, 469])
01-15 12:11:19.627   717 15998 D DlbDap2QmfProcess: setParam(vbsf = #2[35, 160])
01-15 12:11:19.627   717 15998 D DlbDap2QmfProcess: setParam(vbhg = #3[-32, -144, -192])
01-15 12:11:19.627   717 15998 D DlbDap2QmfProcess: setParam(vbog = #1[0])
01-15 12:11:19.627   717 15998 D DlbDap2QmfProcess: setParam(vbsg = #1[0])
01-15 12:11:19.627   717 15998 D DlbDap2QmfProcess: setParam(dvli = #1[-320])
01-15 12:11:19.627   717 15998 D DlbDap2QmfProcess: setParam(dhfm = #1[2])
01-15 12:11:19.627   717 15998 D DlbDap2QmfProcess: setParam(deon = #1[0])
01-15 12:11:19.627   717 15998 D DlbDap2QmfProcess: setParam(ngon = #1[1])
01-15 12:11:19.627   717 15998 D DlbDap2QmfProcess: setParam(dvlo = #1[-320])
01-15 12:11:19.627   717 15998 D DlbDap2QmfProcess: setParam(aobs = #222[20, 10, 47, 141, 234, 328, 469, 656, 844, 1031, 1313, 1688, 2250, 3000, 3750, 4688, 5813, 7125, 9000, 11250, 13875, 19688, 0, 0, 0, 0, 0, 0, 0, 0, 0, 0, 0, 0, 0, 0, 0, 0, 0, 0, 0, 0, 0, 0, 0, 0, 0, 0, 0, 0, 0, 0, 0, 0, 0, 0, 0, 0, 0, 0, 0, 0, 0, 0, 0, 0, 0, 0, 0, 0, 0, 0, 0, 0, 0, 0, 0, 0, 0, 0, 0, 0, 0, 0, 0, 0, 0, 0, 0, 0, 0, 0, 0, 0, 0, 0, 0, 0, 0, 0, 0, 0, 0, 0, 0, 0, 0, 0, 0, 0, 0, 0, 0, 0, 0, 0, 0, 0, 0, 0, 0, 0, 0, 0, 0, 0, 0, 0, 0, 0, 0, 0, 0, 0, 0, 0, 0, 0, 0, 0, 0, 0, 0, 0, 0, 0, 0, 0, 0, 0, 0, 0, 0, 0, 0, 0, 0, 0, 0, 0, 0, 0, 0, 0, 0, 0, 0, 0, 0, 0, 0, 0, 0, 0, 0, 0, 0, 0, 0, 0, 0, 0, 0, 0, 0, 0, 0, 0, 0, 0, 0, 0, 0, 0, 0, 0, 0, 0, 0, 0, 0, 0, 0, 0, 0, 0, 0, 0, 0, 0, 0, 0, 0, 0, 0, 0, 0, 0, 0, 0, 0, 0])
01-15 12:11:19.627   717 15998 D DlbDap2QmfProcess: setParam(dvle = #1[1])
01-15 12:11:19.627   717 15998 D DlbDap2QmfProcess: setParam(dvli = #1[-496])
01-15 12:11:19.627   717 15998 D DlbDap2QmfProcess: setParam(dvlo = #1[-176])
01-15 12:11:19.627   717 15998 D ARenderer: updateDapVolumeLeveler: Setting output level to -11.00dB
01-15 12:11:19.627   717 15998 D DlbDap2QmfProcess: setParam(vmb = #1[0])
01-15 12:11:19.627   717 15998 D DlbDap2QmfProcess: setParam(preg = #1[-384])
01-15 12:11:19.627   717 15998 D DlbDap2QmfProcess: setParam(vol = #1[384])
01-15 12:11:19.627   717 15998 D DlbDlbBufferProvider: setConfig() Updating buffer configuration.
01-15 12:11:19.628   717 15998 D DlbDap2QmfProcess: processQmf() called [0] times
01-15 12:11:19.628   717 15998 D DlbDap2QmfProcess: setMave(mave = 0)
01-15 12:11:19.635   710 15992 D AudioTrack: Client defaulted notificationFrames to 12000 for frameCount 24000
01-15 12:11:19.635   684   930 I AudioFlinger: attachAuxEffect(): Marking track 364 as containing processed audio
01-15 12:11:19.635   684   930 D AudioFlinger: trackContainsProcessedAudio() Track id 364 contains processed audio
01-15 12:11:19.637   626   626 W /system/bin/hw/android.hidl.allocator@1.0-service: ashmem_create_region(7680) returning hidl_memory(0x7b7102c330, 7680)
01-15 12:11:19.639   626   626 W /system/bin/hw/android.hidl.allocator@1.0-service: ashmem_create_region(7680) returning hidl_memory(0x7b7102c330, 7680)
01-15 12:11:19.640   627   922 D DlbDlbEffect: handle_EFFECT_CMD_DISABLE()
01-15 12:11:19.640   627   922 D DlbDapCrossfadeProcess: setEnabled transitioning from FADE_TO_ACTIVE state to FADE_TO_BYPASS
01-15 12:11:19.643   626   626 W /system/bin/hw/android.hidl.allocator@1.0-service: ashmem_create_region(7680) returning hidl_memory(0x7b7102c330, 7680)
01-15 12:11:19.643   627   922 D DlbDlbEffect: handle_EFFECT_CMD_SET_CONFIG()
01-15 12:11:19.643   627   922 D DlbDapEndpointParamCache: setDevice(device=0x00000002)
01-15 12:11:19.643   645   645 D DMSService: setActiveDevice called with device = 0x2
01-15 12:11:19.644   627   922 D DlbDlbEffect: handle_EFFECT_CMD_ENABLE()
01-15 12:11:19.644   627   922 D DlbDapCrossfadeProcess: setEnabled transitioning from FADE_TO_BYPASS state to FADE_TO_ACTIVE
01-15 12:11:19.644   684  7228 W AudioFlinger: moveDolbyEffect() effect chain for session 0 not on source thread 0xee0ae580
01-15 12:11:19.644   684  7228 D AudioFlinger: trackStateChanged() Track id 364 state changed to 6
01-15 12:11:19.644   684  7228 I AudioFlinger: updateProcessedAudioState() Changing content processing in effect to 1
01-15 12:11:19.644   627   922 D DlbDlbEffect: handle_EFFECT_CMD_SET_PARAM()
01-15 12:11:19.645   710 15986 D NuPlayerDriver: notifyListener_l(0xe84b2af0), (6, 0, 0, -1), loop setting(0, 1)
01-15 12:11:19.648   627  3892 I DlbEffectContext: setContentProcEnabled() Disabling content processing in effect
01-15 12:11:19.648   627  3892 D DlbDapEndpointParamCache: commitChangedParams()
01-15 12:11:19.648   627  3892 D DlbDapEndpointParamCache: commit() Applying parameters for device 0x40000000
01-15 12:11:19.648   627  3892 D DlbDap2Process: setParam(msce = #1[0])
01-15 12:11:19.648   627  3892 D DlbDap2Process: setParam(mdee = #1[0])
01-15 12:11:19.648   627  3892 D DlbDap2Process: setParam(miee = #1[0])
01-15 12:11:19.648   627  3892 D DlbDap2Process: setParam(mdle = #1[0])
01-15 12:11:19.648   627  3892 D DlbDap2Process: setParam(dvle = #1[0])
01-15 12:11:19.648   627  3892 D DlbDap2Process: setParam(mave = #1[0])
01-15 12:11:19.648   627  3892 D DlbDap2Process: setParam(ieon = #1[0])
01-15 12:11:19.648   627  3892 D DlbDapEndpointParamCache: doCommit() Committed 7 parameters out of 16.
01-15 12:11:19.648   627  3892 D DlbDapEndpointParamCache: commit() Overriding parameters for current device 0x00000002
01-15 12:11:19.648   627  3892 D DlbDap2Process: setParam(dom = #1[0])
01-15 12:11:19.648   627  3892 D DlbDap2Process: setParam(dvle = #1[0])
01-15 12:11:19.648   627  3892 D DlbDap2Process: setParam(dvme = #1[0])
01-15 12:11:19.648   627  3892 D DlbDap2Process: setParam(deon = #1[0])
01-15 12:11:19.648   627  3892 D DlbDap2Process: setParam(ngon = #1[0])
01-15 12:11:19.648   627  3892 D DlbDapEndpointParamCache: doCommit() Committed 5 parameters out of 37.
01-15 12:11:19.649   627  3892 D DlbDapEndpointParamCache: commitChangedParams()
01-15 12:11:19.649   627  3892 D DlbDapEndpointParamCache: commit() Applying parameters for device 0x40000000
01-15 12:11:19.649   627  3892 D DlbDap2Process: setParam(iea = #1[10])
01-15 12:11:19.650   627  3892 D DlbDap2Process: setParam(vcbf = #20[47, 141, 234, 328, 469, 656, 844, 1031, 1313, 1688, 2250, 3000, 3750, 4688, 5813, 7125, 9000, 11250, 13875, 19688])
01-15 12:11:19.650   627  3892 D DlbDap2Process: setParam(vbon = #1[0])
01-15 12:11:19.650   627  3892 D DlbDap2Process: setParam(beon = #1[0])
01-15 12:11:19.650   627  3892 D DlbDap2Process: setParam(geon = #1[0])
01-15 12:11:19.650   627  3892 D DlbDap2Process: setParam(gebs = #41[20, 47, 141, 234, 328, 469, 656, 844, 1031, 1313, 1688, 2250, 3000, 3750, 4688, 5813, 7125, 9000, 11250, 13875, 19688, 0, 0, 0, 0, 0, 0, 0, 0, 0, 0, 0, 0, 0, 0, 0, 0, 0, 0, 0, 0])
01-15 12:11:19.650   627  3892 D DlbDap2Process: setParam(iebs = #41[20, 65, 136, 223, 332, 467, 634, 841, 1098, 1416, 1812, 2302, 2909, 3663, 4598, 5756, 7194, 8976, 11186, 13927, 17326, 117, 133, 188, 176, 141, 149, 175, 185, 185, 200, 236, 242, 228, 213, 182, 132, 110, 68, -27, -240])
01-15 12:11:19.650   627  3892 D DlbDapEndpointParamCache: doCommit() Committed 8 parameters out of 16.
01-15 12:11:19.650   627  3892 D DlbDapEndpointParamCache: commit() Overriding parameters for current device 0x00000002
01-15 12:11:19.650   627  3892 D DlbDap2Process: setParam(dea = #1[7])
01-15 12:11:19.650   627  3892 D DlbDap2Process: setParam(dsa = #1[10])
01-15 12:11:19.650   627  3892 D DlbDap2Process: setParam(beb = #1[192])
01-15 12:11:19.650   627  3892 D DlbDap2Process: setParam(plb = #1[0])
01-15 12:11:19.650   627  3892 D DlbDap2Process: setParam(vmb = #1[144])
01-15 12:11:19.650   627  3892 D DlbDap2Process: setParam(dsb = #1[0])
01-15 12:11:19.650   627  3892 D DlbDap2Process: setParam(ded = #1[0])
01-15 12:11:19.650   627  3892 D DlbDap2Process: setParam(vbm = #1[3])
01-15 12:11:19.650   627  3892 D DlbDap2Process: setParam(bew = #1[16])
01-15 12:11:19.650   627  3892 D DlbDap2Process: setParam(dvla = #1[4])
01-15 12:11:19.650   627  3892 D DlbDap2Process: setParam(arra = #1[96])
01-15 12:11:19.650   627  3892 D DlbDap2Process: setParam(dfsa = #1[10])
01-15 12:11:19.650   627  3892 D DlbDap2Process: setParam(dhsa = #1[10])
01-15 12:11:19.650   627  3892 D DlbDap2Process: setParam(dvmc = #1[0])
01-15 12:11:19.650   627  3892 D DlbDap2Process: setParam(arod = #1[0])
01-15 12:11:19.650   627  3892 D DlbDap2Process: setParam(arde = #1[1])
01-15 12:11:19.650   627  3892 D DlbDap2Process: setParam(becf = #1[200])
01-15 12:11:19.650   627  3892 D DlbDap2Process: setParam(vbmf = #2[94, 469])
01-15 12:11:19.650   627  3892 D DlbDap2Process: setParam(vbsf = #2[35, 160])
01-15 12:11:19.650   627  3892 D DlbDap2Process: setParam(vbhg = #3[-32, -144, -192])
01-15 12:11:19.650   627  3892 D DlbDap2Process: setParam(vbog = #1[0])
01-15 12:11:19.650   627  3892 D DlbDap2Process: setParam(vbsg = #1[0])
01-15 12:11:19.650   627  3892 D DlbDap2Process: setParam(dvli = #1[-320])
01-15 12:11:19.650   627  3892 D DlbDap2Process: setParam(dhfm = #1[2])
01-15 12:11:19.650   627  3892 D DlbDap2Process: setParam(vbon = #1[0])
01-15 12:11:19.651   627  3892 D DlbDap2Process: setParam(beon = #1[0])
01-15 12:11:19.651   627  3892 D DlbDap2Process: setParam(aoon = #1[1])
01-15 12:11:19.651   627  3892 D DlbDap2Process: setParam(aron = #1[1])
01-15 12:11:19.651   627  3892 D DlbDap2Process: setParam(dvlo = #1[-320])
01-15 12:11:19.651   627  3892 D DlbDap2Process: setParam(artp = #1[12])
01-15 12:11:19.651   627  3892 D DlbDap2Process: setParam(aobs = #222[20, 10, 47, 141, 234, 328, 469, 656, 844, 1031, 1313, 1688, 2250, 3000, 3750, 4688, 5813, 7125, 9000, 11250, 13875, 19688, 0, 0, 0, 0, 0, 0, 0, 0, 0, 0, 0, 0, 0, 0, 0, 0, 0, 0, 0, 0, 0, 0, 0, 0, 0, 0, 0, 0, 0, 0, 0, 0, 0, 0, 0, 0, 0, 0, 0, 0, 0, 0, 0, 0, 0, 0, 0, 0, 0, 0, 0, 0, 0, 0, 0, 0, 0, 0, 0, 0, 0, 0, 0, 0, 0, 0, 0, 0, 0, 0, 0, 0, 0, 0, 0, 0, 0, 0, 0, 0, 0, 0, 0, 0, 0, 0, 0, 0, 0, 0, 0, 0, 0, 0, 0, 0, 0, 0, 0, 0, 0, 0, 0, 0, 0, 0, 0, 0, 0, 0, 0, 0, 0, 0, 0, 0, 0, 0, 0, 0, 0, 0, 0, 0, 0, 0, 0, 0, 0, 0, 0, 0, 0, 0, 0, 0, 0, 0, 0, 0, 0, 0, 0, 0, 0, 0, 0, 0, 0, 0, 0, 0, 0, 0, 0, 0, 0, 0, 0, 0, 0, 0, 0, 0, 0, 0, 0, 0, 0, 0, 0, 0, 0, 0, 0, 0, 0, 0, 0, 0, 0, 0, 0, 0, 0, 0, 0, 0, 0, 0, 0, 0, 0, 0, 0, 0, 0, 0, 0, 0])
01-15 12:11:19.651   627  3892 D DlbDap2Process: setParam(arbs = #81[20, 47, 141, 234, 328, 469, 656, 844, 1031, 1313, 1688, 2250, 3000, 3750, 4688, 5813, 7125, 9000, 11250, 13875, 19688, -192, -192, -192, -192, -192, -192, -192, -192, -192, -192, -192, -192, -192, -192, -192, -192, -192, -192, -192, -192, 0, 0, 0, 0, 0, 0, 0, 0, 0, 0, 0, 0, 0, 0, 0, 0, 0, 0, 0, 0, 0, 0, 0, 0, 0, 0, 0, 0, 0, 0, 0, 0, 0, 0, 0, 0, 0, 0, 0, 0])
01-15 12:11:19.651   627  3892 D DlbDapEndpointParamCache: doCommit() Committed 32 parameters out of 37.
01-15 12:11:19.651   627  3892 D DlbDap2Process: setMave(mave = 0)
01-15 12:11:19.651   627  3892 D DlbDapCrossfadeProcess: process transitioning from FADE_TO_ACTIVE state to DAP_ACTIVE
01-15 12:11:19.664 15961 15961 D featureTest: receive broadcast , change virtual speaker  virtualizer :0
01-15 12:11:19.675 15961 15961 W System.err: java.lang.UnsupportedOperationException
01-15 12:11:19.676 15961 15961 W System.err: 	at com.dolby.dax.DolbyAudioEffect.setDolbyVirtualSpeakerVirtualizerEnabled(DolbyAudioEffect.java:323)
01-15 12:11:19.677 15961 15961 W System.err: 	at com.dolby.qa.featuretest.MainActivity$1.handleMessage(MainActivity.java:139)
01-15 12:11:19.677 15961 15961 W System.err: 	at android.os.Handler.dispatchMessage(Handler.java:105)
01-15 12:11:19.677 15961 15961 W System.err: 	at android.os.Looper.loop(Looper.java:164)
01-15 12:11:19.677 15961 15961 W System.err: 	at android.app.ActivityThread.main(ActivityThread.java:6541)
01-15 12:11:19.679 15961 15961 W System.err: 	at java.lang.reflect.Method.invoke(Native Method)
01-15 12:11:19.679 15961 15961 W System.err: 	at com.android.internal.os.Zygote$MethodAndArgsCaller.run(Zygote.java:240)
01-15 12:11:19.679 15961 15961 W System.err: 	at com.android.internal.os.ZygoteInit.main(ZygoteInit.java:767)
01-15 12:11:19.680 15961 15961 D featureTest: virtual speaker virtualizer can not be operate for mono speaker endpoint!
01-15 12:11:19.718 15961 15961 D featureTest: receive broadcast , record log :0
01-15 12:11:19.767 15961 15961 D featureTest: receive broadcast , playing content location :/sdcard/featureTest/7ch_ddp_25fps_diff_music_01.mp4
01-15 12:11:19.769   710  1419 D NuPlayerDriver: stop(0xe84b2af0)
01-15 12:11:19.769   710  1419 D NuPlayerDriver: notifyListener_l(0xe84b2af0), (8, 0, 0, -1), loop setting(0, 1)
01-15 12:11:19.770   710  1419 D NuPlayerDriver: reset(0xe84b2af0) at state 8
01-15 12:11:19.777   717  4054 I DDP_JOCDecoder: -> ~DDPDecoder
01-15 12:11:19.777   717  4054 I DDP_JOCDecoder: -> stop
01-15 12:11:19.778   645   645 I DMSService: unregisterClient type = 4, uid = e83922a0
01-15 12:11:19.798   645   645 D DatabaseHelper: failed to prepare SQL : INSERT INTO profiles VALUES(15
01-15 12:11:19.798   645   645 D DatabaseHelper: ,'custom','user2','user2','off','off')
01-15 12:11:19.798   645   645 D DatabaseHelper: failed to prepare SQL : INSERT INTO profile_endpoints VALUES(57
01-15 12:11:19.798   645   645 D DatabaseHelper: ,'custom','user2','speaker')
01-15 12:11:19.798   645   645 D DatabaseHelper: failed to prepare SQL : INSERT INTO profile_endpoints VALUES(57
01-15 12:11:19.798   645   645 D DatabaseHelper: ,'custom','user2','headphone')
01-15 12:11:19.798   645   645 D DatabaseHelper: failed to prepare SQL : INSERT INTO profile_endpoints VALUES(57
01-15 12:11:19.798   645   645 D DatabaseHelper: ,'custom','user2','passthrough')
01-15 12:11:19.798   645   645 D DatabaseHelper: failed to prepare SQL : INSERT INTO profile_endpoints VALUES(57
01-15 12:11:19.798   645   645 D DatabaseHelper: ,'custom','user2','other')
01-15 12:11:19.798   645   645 D DatabaseHelper: failed to prepare SQL : INSERT INTO profile_ports VALUES(85
01-15 12:11:19.798   645   645 D DatabaseHelper: ,'custom','user2','internal_speaker')
01-15 12:11:19.799   645   645 D DatabaseHelper: failed to prepare SQL : INSERT INTO profile_ports VALUES(85
01-15 12:11:19.799   645   645 D DatabaseHelper: ,'custom','user2','hdmi')
01-15 12:11:19.799   645   645 D DatabaseHelper: failed to prepare SQL : INSERT INTO profile_ports VALUES(85
01-15 12:11:19.799   645   645 D DatabaseHelper: ,'custom','user2','miracast')
01-15 12:11:19.799   645   645 D DatabaseHelper: failed to prepare SQL : INSERT INTO profile_ports VALUES(85
01-15 12:11:19.799   645   645 D DatabaseHelper: ,'custom','user2','headphone_port')
01-15 12:11:19.799   645   645 D DatabaseHelper: failed to prepare SQL : INSERT INTO profile_ports VALUES(85
01-15 12:11:19.799   645   645 D DatabaseHelper: ,'custom','user2','bluetooth')
01-15 12:11:19.799   645   645 D DatabaseHelper: failed to prepare SQL : INSERT INTO profile_ports VALUES(85
01-15 12:11:19.799   645   645 D DatabaseHelper: ,'custom','user2','usb')
01-15 12:11:19.799   645   645 D DatabaseHelper: failed to prepare SQL : INSERT INTO geq_presets VALUES(57
01-15 12:11:19.799   645   645 D DatabaseHelper: ,'custom','off','user2')
01-15 12:11:19.799   645   645 D DatabaseHelper: failed to prepare SQL : INSERT INTO geq_presets VALUES(57
01-15 12:11:19.799   645   645 D DatabaseHelper: ,'custom','open','user2')
01-15 12:11:19.799   645   645 D DatabaseHelper: failed to prepare SQL : INSERT INTO geq_presets VALUES(57
01-15 12:11:19.799   645   645 D DatabaseHelper: ,'custom','rich','user2')
01-15 12:11:19.799   645   645 D DatabaseHelper: failed to prepare SQL : INSERT INTO geq_presets VALUES(57
01-15 12:11:19.799   645   645 D DatabaseHelper: ,'custom','focused','user2')
01-15 12:11:19.813   717  4054 I DDP_JOCDecoder: <- stop
01-15 12:11:19.813   717  4054 I ARenderer: ~ARenderer
01-15 12:11:19.813   717  4054 I evo_parser: evo_parser_close
01-15 12:11:19.813   717  4054 I DlbDap2QmfProcess: ~Dap2Process()
01-15 12:11:19.813   717  4054 I DlbDap2QmfProcess: close()
01-15 12:11:19.813   717  4054 I DDP_JOCDecoder: <- ~DDPDecoder
01-15 12:11:19.819   710 15986 D NuPlayerDriver: notifyResetComplete(0xe84b2af0)
01-15 12:11:19.819   710   710 D NuPlayerDriver: reset(0xe84b2af0) at state 0
01-15 12:11:19.821 15961 15961 V MediaPlayer: resetDrmState:  mDrmInfo=null mDrmProvisioningThread=null mPrepareDrmInProgress=false mActiveDrmScheme=false
01-15 12:11:19.821 15961 15961 V MediaPlayer: cleanDrmObj: mDrmObj=null mDrmSessionId=null
01-15 12:11:19.822 15961 15961 V MediaPlayer: resetDrmState:  mDrmInfo=null mDrmProvisioningThread=null mPrepareDrmInProgress=false mActiveDrmScheme=false
01-15 12:11:19.822 15961 15961 V MediaPlayer: cleanDrmObj: mDrmObj=null mDrmSessionId=null
01-15 12:11:19.828 15961 15961 D featureTest: mMediaPlayer.getAudioSessionId(): 2513
01-15 12:11:19.828 15961 15961 D featureTest: Playing file: /sdcard/featureTest/7ch_ddp_25fps_diff_music_01.mp4
01-15 12:11:19.829   710   710 D NuPlayerDriver: NuPlayerDriver(0xe84b2af0) created, clientPid(15961)
01-15 12:11:19.836 16019 16019 W generic : type=1400 audit(0.0:210): avc: denied { read } for path="/storage/emulated/0/featuretest/7ch_ddp_25fps_diff_music_01.mp4" dev="sdcardfs" ino=1310761 scontext=u:r:mediaextractor:s0 tcontext=u:object_r:sdcardfs:s0 tclass=file permissive=0
01-15 12:11:19.836 15961 15961 W MediaPlayer: Use of stream types is deprecated for operations other than volume control
01-15 12:11:19.836 15961 15961 W MediaPlayer: See the documentation of setAudioStreamType() for what to use instead with android.media.AudioAttributes to qualify your playback use case
01-15 12:11:19.838   710 16019 D GenericSource: FileSource remote
01-15 12:11:19.839   710 16019 W GenericSource: extractor service cannot make data source
01-15 12:11:19.839   710 16019 D GenericSource: FileSource local
01-15 12:11:19.853   627  3892 I DlbEffectContext: setContentProcEnabled() Enabling content processing in global effect
01-15 12:11:19.853   627  3892 D DlbDapEndpointParamCache: commitChangedParams()
01-15 12:11:19.853   627  3892 D DlbDapEndpointParamCache: commit() Applying parameters for device 0x40000000
01-15 12:11:19.853   627  3892 D DlbDap2Process: setParam(iea = #1[10])
01-15 12:11:19.853   627  3892 D DlbDap2Process: setParam(msce = #1[0])
01-15 12:11:19.853   627  3892 D DlbDap2Process: setParam(mdee = #1[0])
01-15 12:11:19.853   627  3892 D DlbDap2Process: setParam(miee = #1[0])
01-15 12:11:19.853   627  3892 D DlbDap2Process: setParam(mdle = #1[0])
01-15 12:11:19.853   627  3892 D DlbDap2Process: setParam(dvle = #1[1])
01-15 12:11:19.853   627  3892 D DlbDap2Process: setParam(mave = #1[0])
01-15 12:11:19.853   627  3892 D DlbDap2Process: setParam(vcbf = #20[47, 141, 234, 328, 469, 656, 844, 1031, 1313, 1688, 2250, 3000, 3750, 4688, 5813, 7125, 9000, 11250, 13875, 19688])
01-15 12:11:19.853   627  3892 D DlbDap2Process: setParam(vbon = #1[0])
01-15 12:11:19.854   627  3892 D DlbDap2Process: setParam(beon = #1[0])
01-15 12:11:19.854   627  3892 D DlbDap2Process: setParam(geon = #1[0])
01-15 12:11:19.854   627  3892 D DlbDap2Process: setParam(ieon = #1[1])
01-15 12:11:19.854   627  3892 D DlbDap2Process: setParam(gebs = #41[20, 47, 141, 234, 328, 469, 656, 844, 1031, 1313, 1688, 2250, 3000, 3750, 4688, 5813, 7125, 9000, 11250, 13875, 19688, 0, 0, 0, 0, 0, 0, 0, 0, 0, 0, 0, 0, 0, 0, 0, 0, 0, 0, 0, 0])
01-15 12:11:19.854   627  3892 D DlbDap2Process: setParam(iebs = #41[20, 65, 136, 223, 332, 467, 634, 841, 1098, 1416, 1812, 2302, 2909, 3663, 4598, 5756, 7194, 8976, 11186, 13927, 17326, 117, 133, 188, 176, 141, 149, 175, 185, 185, 200, 236, 242, 228, 213, 182, 132, 110, 68, -27, -240])
01-15 12:11:19.854   627  3892 D DlbDapEndpointParamCache: doCommit() Committed 15 parameters out of 16.
01-15 12:11:19.854   627  3892 D DlbDapEndpointParamCache: commit() Overriding parameters for current device 0x00000002
01-15 12:11:19.854   627  3892 D DlbDap2Process: setParam(dea = #1[7])
01-15 12:11:19.854   627  3892 D DlbDap2Process: setParam(dsa = #1[10])
01-15 12:11:19.854   627  3892 D DlbDap2Process: setParam(beb = #1[192])
