--------- beginning of system
01-17 09:25:59.109   945  2092 I ActivityManager: Force stopping com.dolby.qa.featuretest appid=10073 user=0: from pid 32200
01-17 09:25:59.109   945  2092 I ActivityManager: Killing 32114:com.dolby.qa.featuretest/u0a73 (adj 0): stop com.dolby.qa.featuretest
01-17 09:25:59.133   945  2092 W ActivityManager: Force removing ActivityRecord{610fcf5 u0 com.dolby.qa.featuretest/.MainActivity t280}: app died, no saved state
--------- beginning of main
01-17 09:25:59.135   945  1197 W InputDispatcher: channel '26d4519 com.dolby.qa.featuretest/com.dolby.qa.featuretest.MainActivity (server)' ~ Consumer closed input channel or an error occurred.  events=0x9
01-17 09:25:59.136   945  1197 E InputDispatcher: channel '26d4519 com.dolby.qa.featuretest/com.dolby.qa.featuretest.MainActivity (server)' ~ Channel is unrecoverably broken and will be disposed!
01-17 09:25:59.144   945  2092 I WindowManager: Failed to capture screenshot of Token{ccc8a8a ActivityRecord{610fcf5 u0 com.dolby.qa.featuretest/.MainActivity t280 f}} appWin=Window{26d4519 u0 com.dolby.qa.featuretest/com.dolby.qa.featuretest.MainActivity} drawState=4
01-17 09:25:59.144   945  2092 W InputDispatcher: Attempted to unregister already unregistered input channel '26d4519 com.dolby.qa.featuretest/com.dolby.qa.featuretest.MainActivity (server)'
01-17 09:25:59.165   710   900 D NuPlayerDriver: reset(0xe6bcb850) at state 5
01-17 09:25:59.166   710   900 D NuPlayerDriver: notifyListener_l(0xe6bcb850), (8, 0, 0, -1), loop setting(0, 1)
01-17 09:25:59.167   684  3973 D AudioFlinger: trackStateChanged() Track id 795 state changed to 6
01-17 09:25:59.168   945  1324 I WindowManager: WIN DEATH: Window{8b0a433 u0 Toast}
01-17 09:25:59.173   717  5783 I DDP_JOCDecoder: -> ~DDPDecoder
01-17 09:25:59.173   717  5783 I DDP_JOCDecoder: -> stop
01-17 09:25:59.174   645   645 I DMSService: unregisterClient type = 4, uid = e7f0fbf0
01-17 09:25:59.200   645   645 D DatabaseHelper: failed to prepare SQL : INSERT INTO profiles VALUES(15
01-17 09:25:59.200   645   645 D DatabaseHelper: ,'custom','user2','user2','off','off')
01-17 09:25:59.201   645   645 D DatabaseHelper: failed to prepare SQL : INSERT INTO profile_endpoints VALUES(57
01-17 09:25:59.201   645   645 D DatabaseHelper: ,'custom','user2','speaker')
01-17 09:25:59.201   645   645 D DatabaseHelper: failed to prepare SQL : INSERT INTO profile_endpoints VALUES(57
01-17 09:25:59.201   645   645 D DatabaseHelper: ,'custom','user2','headphone')
01-17 09:25:59.201   645   645 D DatabaseHelper: failed to prepare SQL : INSERT INTO profile_endpoints VALUES(57
01-17 09:25:59.201   645   645 D DatabaseHelper: ,'custom','user2','passthrough')
01-17 09:25:59.201   645   645 D DatabaseHelper: failed to prepare SQL : INSERT INTO profile_endpoints VALUES(57
01-17 09:25:59.201   645   645 D DatabaseHelper: ,'custom','user2','other')
01-17 09:25:59.201   645   645 D DatabaseHelper: failed to prepare SQL : INSERT INTO profile_ports VALUES(85
01-17 09:25:59.201   645   645 D DatabaseHelper: ,'custom','user2','internal_speaker')
01-17 09:25:59.201   645   645 D DatabaseHelper: failed to prepare SQL : INSERT INTO profile_ports VALUES(85
01-17 09:25:59.201   645   645 D DatabaseHelper: ,'custom','user2','hdmi')
01-17 09:25:59.202   645   645 D DatabaseHelper: failed to prepare SQL : INSERT INTO profile_ports VALUES(85
01-17 09:25:59.202   645   645 D DatabaseHelper: ,'custom','user2','miracast')
01-17 09:25:59.202   645   645 D DatabaseHelper: failed to prepare SQL : INSERT INTO profile_ports VALUES(85
01-17 09:25:59.202   645   645 D DatabaseHelper: ,'custom','user2','headphone_port')
01-17 09:25:59.202   645   645 D DatabaseHelper: failed to prepare SQL : INSERT INTO profile_ports VALUES(85
01-17 09:25:59.202   645   645 D DatabaseHelper: ,'custom','user2','bluetooth')
01-17 09:25:59.202   645   645 D DatabaseHelper: failed to prepare SQL : INSERT INTO profile_ports VALUES(85
01-17 09:25:59.202   645   645 D DatabaseHelper: ,'custom','user2','usb')
01-17 09:25:59.202   645   645 D DatabaseHelper: failed to prepare SQL : INSERT INTO geq_presets VALUES(57
01-17 09:25:59.202   645   645 D DatabaseHelper: ,'custom','off','user2')
01-17 09:25:59.202   645   645 D DatabaseHelper: failed to prepare SQL : INSERT INTO geq_presets VALUES(57
01-17 09:25:59.202   645   645 D DatabaseHelper: ,'custom','open','user2')
01-17 09:25:59.203   645   645 D DatabaseHelper: failed to prepare SQL : INSERT INTO geq_presets VALUES(57
01-17 09:25:59.203   645   645 D DatabaseHelper: ,'custom','rich','user2')
01-17 09:25:59.203   645   645 D DatabaseHelper: failed to prepare SQL : INSERT INTO geq_presets VALUES(57
01-17 09:25:59.203   645   645 D DatabaseHelper: ,'custom','focused','user2')
01-17 09:25:59.214  1499  1499 D CarrierSvcBindHelper: No carrier app for: 0
01-17 09:25:59.215  2010  2010 D RegisteredNfcFServicesCache: Service unchanged, not updating
01-17 09:25:59.217   717  5783 I DDP_JOCDecoder: <- stop
01-17 09:25:59.217   717  5783 I ARenderer: ~ARenderer
01-17 09:25:59.217   717  5783 I evo_parser: evo_parser_close
01-17 09:25:59.217   717  5783 I DlbDap2QmfProcess: ~Dap2Process()
01-17 09:25:59.217   717  5783 I DlbDap2QmfProcess: close()
01-17 09:25:59.217   717  5783 I DDP_JOCDecoder: <- ~DDPDecoder
01-17 09:25:59.220   945   989 W Looper  : Dispatch took 110ms on android.ui, h=Handler (com.android.server.am.ActivityManagerService$UiHandler) {a52c7ca} cb=null msg=53
01-17 09:25:59.224   710 32164 D NuPlayerDriver: notifyResetComplete(0xe6bcb850)
01-17 09:25:59.225   710   900 D AudioTrack: stop() called with 0 frames delivered
01-17 09:25:59.226   627  3892 I DlbEffectContext: setContentProcEnabled() Enabling content processing in global effect
01-17 09:25:59.227   627  3892 D DlbDapEndpointParamCache: commitChangedParams()
01-17 09:25:59.227   627  3892 D DlbDapEndpointParamCache: commit() Applying parameters for device 0x40000000
01-17 09:25:59.227   627  3892 D DlbDap2Process: setParam(iea = #1[10])
01-17 09:25:59.227   627  3892 D DlbDap2Process: setParam(msce = #1[0])
01-17 09:25:59.227   627  3892 D DlbDap2Process: setParam(mdee = #1[0])
01-17 09:25:59.227   627  3892 D DlbDap2Process: setParam(miee = #1[0])
01-17 09:25:59.227   627  3892 D DlbDap2Process: setParam(mdle = #1[0])
01-17 09:25:59.227   627  3892 D DlbDap2Process: setParam(dvle = #1[1])
01-17 09:25:59.227   627  3892 D DlbDap2Process: setParam(mave = #1[0])
01-17 09:25:59.227   627  3892 D DlbDap2Process: setParam(vcbf = #20[47, 141, 234, 328, 469, 656, 844, 1031, 1313, 1688, 2250, 3000, 3750, 4688, 5813, 7125, 9000, 11250, 13875, 19688])
01-17 09:25:59.228   627  3892 D DlbDap2Process: setParam(vbon = #1[0])
01-17 09:25:59.228   627  3892 D DlbDap2Process: setParam(beon = #1[0])
01-17 09:25:59.228   627  3892 D DlbDap2Process: setParam(geon = #1[0])
01-17 09:25:59.228   627  3892 D DlbDap2Process: setParam(ieon = #1[0])
01-17 09:25:59.228   627  3892 D DlbDap2Process: setParam(gebs = #41[20, 47, 141, 234, 328, 469, 656, 844, 1031, 1313, 1688, 2250, 3000, 3750, 4688, 5813, 7125, 9000, 11250, 13875, 19688, 0, 0, 0, 0, 0, 0, 0, 0, 0, 0, 0, 0, 0, 0, 0, 0, 0, 0, 0, 0])
01-17 09:25:59.228   627  3892 D DlbDap2Process: setParam(iebs = #41[20, 65, 136, 223, 332, 467, 634, 841, 1098, 1416, 1812, 2302, 2909, 3663, 4598, 5756, 7194, 8976, 11186, 13927, 17326, 117, 133, 188, 176, 141, 149, 175, 185, 185, 200, 236, 242, 228, 213, 182, 132, 110, 68, -27, -240])
01-17 09:25:59.229   627  3892 D DlbDapEndpointParamCache: doCommit() Committed 15 parameters out of 16.
01-17 09:25:59.229   627  3892 D DlbDapEndpointParamCache: commit() Overriding parameters for current device 0x00000002
01-17 09:25:59.229   627  3892 D DlbDap2Process: setParam(dea = #1[7])
01-17 09:25:59.229   627  3892 D DlbDap2Process: setParam(dsa = #1[10])
01-17 09:25:59.229   627  3892 D DlbDap2Process: setParam(beb = #1[192])
01-17 09:25:59.229   627  3892 D DlbDap2Process: setParam(plb = #1[0])
01-17 09:25:59.229   627  3892 D DlbDap2Process: setParam(vmb = #1[144])
01-17 09:25:59.229   627  3892 D DlbDap2Process: setParam(dsb = #1[48])
01-17 09:25:59.229   627  3892 D DlbDap2Process: setParam(ded = #1[0])
01-17 09:25:59.229   627  3892 D DlbDap2Process: setParam(vbm = #1[3])
01-17 09:25:59.229   627  3892 D DlbDap2Process: setParam(dom = #1[0])
01-17 09:25:59.229   627  3892 D DlbDap2Process: setParam(bew = #1[16])
01-17 09:25:59.229   627  3892 D DlbDap2Process: setParam(dvla = #1[5])
01-17 09:25:59.229   627  3892 D DlbDap2Process: setParam(arra = #1[96])
01-17 09:25:59.229   627  3892 D DlbDap2Process: setParam(dfsa = #1[10])
01-17 09:25:59.229   627  3892 D DlbDap2Process: setParam(dhsa = #1[10])
01-17 09:25:59.229   627  3892 D DlbDap2Process: setParam(dvmc = #1[0])
01-17 09:25:59.229   627  3892 D DlbDap2Process: setParam(arod = #1[0])
01-17 09:25:59.230   627  3892 D DlbDap2Process: setParam(arde = #1[1])
01-17 09:25:59.230   627  3892 D DlbDap2Process: setParam(dvle = #1[1])
01-17 09:25:59.230   627  3892 D DlbDap2Process: setParam(dvme = #1[0])
01-17 09:25:59.230   627  3892 D DlbDap2Process: setParam(becf = #1[200])
01-17 09:25:59.230   627  3892 D DlbDap2Process: setParam(vbmf = #2[94, 469])
01-17 09:25:59.230   627  3892 D DlbDap2Process: setParam(vbsf = #2[35, 160])
01-17 09:25:59.230   627  3892 D DlbDap2Process: setParam(vbhg = #3[-32, -144, -192])
01-17 09:25:59.230   627  3892 D DlbDap2Process: setParam(vbog = #1[0])
01-17 09:25:59.230   627  3892 D DlbDap2Process: setParam(vbsg = #1[0])
01-17 09:25:59.230   627  3892 D DlbDap2Process: setParam(dvli = #1[-320])
01-17 09:25:59.230   627  3892 D DlbDap2Process: setParam(dhfm = #1[2])
01-17 09:25:59.230   627  3892 D DlbDap2Process: setParam(vbon = #1[0])
01-17 09:25:59.230   627  3892 D DlbDap2Process: setParam(beon = #1[0])
01-17 09:25:59.230   627  3892 D DlbDap2Process: setParam(deon = #1[0])
01-17 09:25:59.230   627  3892 D DlbDap2Process: setParam(ngon = #1[1])
01-17 09:25:59.230   627  3892 D DlbDap2Process: setParam(aoon = #1[1])
01-17 09:25:59.230   627  3892 D DlbDap2Process: setParam(aron = #1[1])
01-17 09:25:59.230   627  3892 D DlbDap2Process: setParam(dvlo = #1[-320])
01-17 09:25:59.230   627  3892 D DlbDap2Process: setParam(artp = #1[12])
01-17 09:25:59.231   627  3892 D DlbDap2Process: setParam(aobs = #222[20, 10, 47, 141, 234, 328, 469, 656, 844, 1031, 1313, 1688, 2250, 3000, 3750, 4688, 5813, 7125, 9000, 11250, 13875, 19688, 0, 0, 0, 0, 0, 0, 0, 0, 0, 0, 0, 0, 0, 0, 0, 0, 0, 0, 0, 0, 0, 0, 0, 0, 0, 0, 0, 0, 0, 0, 0, 0, 0, 0, 0, 0, 0, 0, 0, 0, 0, 0, 0, 0, 0, 0, 0, 0, 0, 0, 0, 0, 0, 0, 0, 0, 0, 0, 0, 0, 0, 0, 0, 0, 0, 0, 0, 0, 0, 0, 0, 0, 0, 0, 0, 0, 0, 0, 0, 0, 0, 0, 0, 0, 0, 0, 0, 0, 0, 0, 0, 0, 0, 0, 0, 0, 0, 0, 0, 0, 0, 0, 0, 0, 0, 0, 0, 0, 0, 0, 0, 0, 0, 0, 0, 0, 0, 0, 0, 0, 0, 0, 0, 0, 0, 0, 0, 0, 0, 0, 0, 0, 0, 0, 0, 0, 0, 0, 0, 0, 0, 0, 0, 0, 0, 0, 0, 0, 0, 0, 0, 0, 0, 0, 0, 0, 0, 0, 0, 0, 0, 0, 0, 0, 0, 0, 0, 0, 0, 0, 0, 0, 0, 0, 0, 0, 0, 0, 0, 0, 0, 0, 0, 0, 0, 0, 0, 0, 0, 0, 0, 0, 0, 0, 0, 0, 0, 0, 0, 0])
01-17 09:25:59.231   627  3892 D DlbDap2Process: setParam(arbs = #81[20, 47, 141, 234, 328, 469, 656, 844, 1031, 1313, 1688, 2250, 3000, 3750, 4688, 5813, 7125, 9000, 11250, 13875, 19688, -192, -192, -192, -192, -192, -192, -192, -192, -192, -192, -192, -192, -192, -192, -192, -192, -192, -192, -192, -192, 0, 0, 0, 0, 0, 0, 0, 0, 0, 0, 0, 0, 0, 0, 0, 0, 0, 0, 0, 0, 0, 0, 0, 0, 0, 0, 0, 0, 0, 0, 0, 0, 0, 0, 0, 0, 0, 0, 0, 0])
01-17 09:25:59.231   627  3892 D DlbDapEndpointParamCache: doCommit() Committed 37 parameters out of 37.
01-17 09:25:59.232   627  3892 D DlbDap2Process: setMave(mave = 0)
01-17 09:25:59.260   945  1324 I ActivityManager: START u0 {flg=0x10000000 cmp=com.dolby.qa.featuretest/.MainActivity} from uid 2000
01-17 09:25:59.283   945  5020 I ActivityManager: Start proc 32207:com.dolby.qa.featuretest/u0a73 for activity com.dolby.qa.featuretest/.MainActivity
01-17 09:25:59.287 32207 32207 I zygote64: Late-enabling -Xcheck:jni
01-17 09:25:59.295   684  1061 D AudioFlinger: trackStateChanged() Track id 795 state changed to 2
01-17 09:25:59.295   684  1061 I AudioFlinger: updateProcessedAudioState() Changing content processing in effect to 0
01-17 09:25:59.296   627   924 D DlbDlbEffect: handle_EFFECT_CMD_SET_PARAM()
01-17 09:25:59.317   684  1061 D AudioFlinger: trackDestroyed() Track id 795 no longer contains processed audio
01-17 09:25:59.317   684   928 W AudioFlinger::EffectModule: EffectModule 0xee09e980 destructor called with unreleased interface
01-17 09:25:59.318   684   928 W AudioFlinger::EffectHandle: disconnect Effect handle 0xee531e40 disconnected after thread destruction
01-17 09:25:59.319   627   924 D DlbDlbEffect: handle_EFFECT_CMD_DISABLE()
01-17 09:25:59.319   627   924 D DlbDapCrossfadeProcess: setEnabled transitioning from DAP_ACTIVE state to FADE_TO_BYPASS
01-17 09:25:59.321   626   626 W /system/bin/hw/android.hidl.allocator@1.0-service: ashmem_create_region(3840) returning hidl_memory(0x7b7102c330, 3840)
01-17 09:25:59.321   627   924 D DlbDlbEffect: handle_EFFECT_CMD_SET_CONFIG()
01-17 09:25:59.322   627   924 D DlbDapEndpointParamCache: setDevice(device=0x00000002)
01-17 09:25:59.322   645   645 D DMSService: setActiveDevice called with device = 0x2
01-17 09:25:59.322   627  3512 D DlbDlbEffect: handle_EFFECT_CMD_ENABLE()
01-17 09:25:59.322   627  3512 D DlbDapCrossfadeProcess: setEnabled transitioning from FADE_TO_BYPASS state to FADE_TO_ACTIVE
01-17 09:25:59.460 32207 32207 D featureTest: onCreate
01-17 09:25:59.464 32207 32207 D AudioTrack: Client defaulted notificationFrames to 962 for frameCount 1924
01-17 09:25:59.466 32207 32207 W AudioTrack: Use of stream types is deprecated for operations other than volume control
01-17 09:25:59.466 32207 32207 W AudioTrack: See the documentation of AudioTrack() for what to use instead with android.media.AudioAttributes to qualify your playback use case
01-17 09:25:59.472 32207 32207 W DolbyAudioEffect: WARNING: attaching a DolbyAudioEffect to global output mix is deprecated!
01-17 09:25:59.479 32207 32207 D featureTest: onResume
01-17 09:25:59.488 32207 32224 D OpenGLRenderer: HWUI GL Pipeline
01-17 09:25:59.519 32207 32224 I Adreno  : QUALCOMM build                   : 7142022, Ib5823dd10c
01-17 09:25:59.519 32207 32224 I Adreno  : Build Date                       : 06/23/17
01-17 09:25:59.519 32207 32224 I Adreno  : OpenGL ES Shader Compiler Version: EV031.18.00.00
01-17 09:25:59.519 32207 32224 I Adreno  : Local Branch                     : O11A
01-17 09:25:59.519 32207 32224 I Adreno  : Remote Branch                    : 
01-17 09:25:59.519 32207 32224 I Adreno  : Remote Branch                    : 
01-17 09:25:59.519 32207 32224 I Adreno  : Reconstruct Branch               : 
01-17 09:25:59.523 32207 32224 I Adreno  : PFP: 0x005ff087, ME: 0x005ff063
01-17 09:25:59.525 32207 32224 I OpenGLRenderer: Initialized EGL, version 1.4
01-17 09:25:59.525 32207 32224 D OpenGLRenderer: Swap behavior 2
01-17 09:25:59.579   945   998 I ActivityManager: Displayed com.dolby.qa.featuretest/.MainActivity: +300ms
01-17 09:25:59.699   475   475 D SurfaceFlinger: Backpressure trigger, skipping transaction & refresh!
01-17 09:25:59.751   945   998 W ActivityManager: setHasOverlayUi called on unknown pid: 32114
01-17 09:26:00.091  2103  2230 W OpenGLRenderer: Incorrectly called buildLayer on View: ShortcutAndWidgetContainer, destroying layer...
01-17 09:26:00.316   945   945 W NotificationService: Object died trying to hide notification android.app.ITransientNotification$Stub$Proxy@3c7b698 in package com.dolby.qa.featuretest
01-17 09:26:00.316   945   945 W WindowManager: removeWindowToken: Attempted to remove non-existing token: android.os.Binder@39bff3e
01-17 09:26:00.316   945   945 W ActivityManager: setProcessForeground called on unknown pid: 32114
01-17 09:26:00.317   945   945 W NotificationService: Object died trying to show notification android.app.ITransientNotification$Stub$Proxy@73b3ef1 in package com.dolby.qa.featuretest
01-17 09:26:00.317   945   945 W ActivityManager: setProcessForeground called on unknown pid: 32114
01-17 09:26:00.317   945   945 W NotificationService: Object died trying to show notification android.app.ITransientNotification$Stub$Proxy@cd6ad6 in package com.dolby.qa.featuretest
01-17 09:26:00.338 32207 32207 D featureTest: receive broadcast , playing content location :/sdcard/featureTest/ChID_voices_71_640_ddp_joc.mp4
01-17 09:26:00.348 32207 32207 D featureTest: mMediaPlayer.getAudioSessionId(): 5985
01-17 09:26:00.348 32207 32207 D featureTest: Playing file: /sdcard/featureTest/ChID_voices_71_640_ddp_joc.mp4
01-17 09:26:00.350   710   900 D NuPlayerDriver: NuPlayerDriver(0xe6bcb850) created, clientPid(32207)
01-17 09:26:00.353 32235 32235 W generic : type=1400 audit(0.0:495): avc: denied { read } for path="/storage/emulated/0/featuretest/ChID_voices_71_640_ddp_joc.mp4" dev="sdcardfs" ino=1310766 scontext=u:r:mediaextractor:s0 tcontext=u:object_r:sdcardfs:s0 tclass=file permissive=0
01-17 09:26:00.353 32207 32207 W MediaPlayer: Use of stream types is deprecated for operations other than volume control
01-17 09:26:00.353 32207 32207 W MediaPlayer: See the documentation of setAudioStreamType() for what to use instead with android.media.AudioAttributes to qualify your playback use case
01-17 09:26:00.356   710 32235 D GenericSource: FileSource remote
01-17 09:26:00.356   710 32235 W GenericSource: extractor service cannot make data source
01-17 09:26:00.356   710 32235 D GenericSource: FileSource local
01-17 09:26:00.370   700   700 I SampleTable: There are reordered frames present.
01-17 09:26:00.373   710 32232 D NuPlayerDriver: notifyListener_l(0xe6bcb850), (5, 1920, 1080, -1), loop setting(0, 0)
01-17 09:26:00.373   700  1879 D MediaBufferGroup: creating MemoryDealer
01-17 09:26:00.373   710 32232 D NuPlayerDriver: notifyListener_l(0xe6bcb850), (1, 0, 0, -1), loop setting(0, 0)
01-17 09:26:00.383   710   900 D NuPlayerDriver: start(0xe6bcb850), state is 4, eos is 0
01-17 09:26:00.383   710 32232 I GenericSource: start
01-17 09:26:00.390 32207 32207 W DolbyAudioEffect: WARNING: attaching a DolbyAudioEffect to global output mix is deprecated!
01-17 09:26:00.402   710 32241 I OMXClient: Treble IOmx obtained
01-17 09:26:00.402   717  5783 I OMXMaster: makeComponentInstance(OMX.dolby.eac3.decoder) in omx@1.0-service process
01-17 09:26:00.406 32207 32207 D featureTest: receive broadcast , change ds status :0
01-17 09:26:00.420   627  3512 D DlbDlbEffect: handle_EFFECT_CMD_SET_PARAM()
01-17 09:26:00.443   717  5783 I DDP_JOCDecoder: -> init name OMX.dolby.eac3.decoder
01-17 09:26:00.444   645   645 I DMSService: registerClient type = 0, uid = e7f0fbe0
01-17 09:26:00.445   645   645 V DolbyMemoryService: registerClient() client 0x710ec74380, uid -403637280
01-17 09:26:00.445   717  5783 I DDP_JOCDecoder: <- init
01-17 09:26:00.445   717  5783 D DDP_JOCDecoder: initPorts
01-17 09:26:00.446   717 21044 E OMXNodeInstance: setConfig(0xe7b0aa20:dolby.eac3.decoder, ConfigPriority(0x6f800002)) ERROR: Undefined(0x80001001)
01-17 09:26:00.446   710 32241 I ACodec  : codec does not support config priority (err -2147483648)
01-17 09:26:00.447   717  5320 E OMXNodeInstance: getConfig(0xe7b0aa20:dolby.eac3.decoder, ConfigAndroidVendorExtension(0x6f100004)) ERROR: Undefined(0x80001001)
01-17 09:26:00.448   710 32241 I MediaCodec: MediaCodec will operate in async mode
01-17 09:26:00.448   710 32241 I ACodec  : setDolbyParameterOnProcessedAudio() Received dolby_processed_audio=1
01-17 09:26:00.448   710 32240 I NuPlayerDecoder: setDolbyMessage() Notifying player that Codec supports dolby_processed_audio flag
01-17 09:26:00.448   710 32232 I NuPlayer: onDolbyMessageReceived() Setting dolby_processed_audio flag on audio sink
01-17 09:26:00.448   710 32232 I MediaPlayerService: setDolbyParameters() Marking audio output as having dolby_processed_audio
01-17 09:26:00.448   645   645 I DMSService: unregisterClient type = 0, uid = e7f0fbe0
01-17 09:26:00.463   645   645 D DatabaseHelper: failed to prepare SQL : INSERT INTO profiles VALUES(15
01-17 09:26:00.463   645   645 D DatabaseHelper: ,'custom','user2','user2','off','off')
01-17 09:26:00.464   645   645 D DatabaseHelper: failed to prepare SQL : INSERT INTO profile_endpoints VALUES(57
01-17 09:26:00.464   645   645 D DatabaseHelper: ,'custom','user2','speaker')
01-17 09:26:00.464   645   645 D DatabaseHelper: failed to prepare SQL : INSERT INTO profile_endpoints VALUES(57
01-17 09:26:00.464   645   645 D DatabaseHelper: ,'custom','user2','headphone')
01-17 09:26:00.464   645   645 D DatabaseHelper: failed to prepare SQL : INSERT INTO profile_endpoints VALUES(57
01-17 09:26:00.464   645   645 D DatabaseHelper: ,'custom','user2','passthrough')
01-17 09:26:00.464   645   645 D DatabaseHelper: failed to prepare SQL : INSERT INTO profile_endpoints VALUES(57
01-17 09:26:00.464   645   645 D DatabaseHelper: ,'custom','user2','other')
01-17 09:26:00.464   645   645 D DatabaseHelper: failed to prepare SQL : INSERT INTO profile_ports VALUES(85
01-17 09:26:00.464   645   645 D DatabaseHelper: ,'custom','user2','internal_speaker')
01-17 09:26:00.464   645   645 D DatabaseHelper: failed to prepare SQL : INSERT INTO profile_ports VALUES(85
01-17 09:26:00.464   645   645 D DatabaseHelper: ,'custom','user2','hdmi')
01-17 09:26:00.464   645   645 D DatabaseHelper: failed to prepare SQL : INSERT INTO profile_ports VALUES(85
01-17 09:26:00.464   645   645 D DatabaseHelper: ,'custom','user2','miracast')
01-17 09:26:00.464   645   645 D DatabaseHelper: failed to prepare SQL : INSERT INTO profile_ports VALUES(85
01-17 09:26:00.464   645   645 D DatabaseHelper: ,'custom','user2','headphone_port')
01-17 09:26:00.464   645   645 D DatabaseHelper: failed to prepare SQL : INSERT INTO profile_ports VALUES(85
01-17 09:26:00.464   645   645 D DatabaseHelper: ,'custom','user2','bluetooth')
01-17 09:26:00.464   645   645 D DatabaseHelper: failed to prepare SQL : INSERT INTO profile_ports VALUES(85
01-17 09:26:00.464   645   645 D DatabaseHelper: ,'custom','user2','usb')
01-17 09:26:00.465   645   645 D DatabaseHelper: failed to prepare SQL : INSERT INTO geq_presets VALUES(57
01-17 09:26:00.465   645   645 D DatabaseHelper: ,'custom','off','user2')
01-17 09:26:00.465   645   645 D DatabaseHelper: failed to prepare SQL : INSERT INTO geq_presets VALUES(57
01-17 09:26:00.465   645   645 D DatabaseHelper: ,'custom','open','user2')
01-17 09:26:00.465   645   645 D DatabaseHelper: failed to prepare SQL : INSERT INTO geq_presets VALUES(57
01-17 09:26:00.465   645   645 D DatabaseHelper: ,'custom','rich','user2')
01-17 09:26:00.465   645   645 D DatabaseHelper: failed to prepare SQL : INSERT INTO geq_presets VALUES(57
01-17 09:26:00.465   645   645 D DatabaseHelper: ,'custom','focused','user2')
01-17 09:26:00.476 32207 32207 D featureTest: receive broadcast , change ds profile id :2
01-17 09:26:00.478   645   645 I DMSService: registerClient type = 4, uid = e7f0fbd0
01-17 09:26:00.478   645   645 V DolbyMemoryService: registerClient() client 0x710ec74380, uid -403637292
01-17 09:26:00.478   717  5320 D DDP_JOCDecoder: internalSetParameter() Instantiating ARenderer for content processing in decoder
01-17 09:26:00.478   717  5320 I DlbDap2QmfProcess: Dap2Process()
01-17 09:26:00.478   717  5320 I ARenderer: ARenderer
01-17 09:26:00.478   717  5320 I evo_parser: evo_parser_init
01-17 09:26:00.478   717  5320 I DlbDap2QmfProcess: init()
01-17 09:26:00.478   717  5320 I DlbDap2QmfProcess: open()
01-17 09:26:00.479   717  5320 I DlbDap2QmfProcess: loadLicense() no license check!
01-17 09:26:00.479   717  5320 I DlbDap2QmfProcess: validateLicense() no license check!
01-17 09:26:00.479   717  5320 I DlbDap2QmfProcess: init() DAP opened
01-17 09:26:00.479   717  5320 I DlbDap2QmfProcess: DAP library version: 2.5.1-P2.0
01-17 09:26:00.479   717  5320 D DlbDap2QmfProcess: DAP output mode set to 1 with 2 output channels and null mix matrix.
01-17 09:26:00.479   710 32241 I ACodec  : setDolbyParameterOnProcessedAudio() Content processing enabled in decoder
01-17 09:26:00.481   626   626 W /system/bin/hw/android.hidl.allocator@1.0-service: ashmem_create_region(8192) returning hidl_memory(0x7b7102c330, 8192)
01-17 09:26:00.482   626   626 I chatty  : uid=1000(system) allocator@1.0-s identical 2 lines
01-17 09:26:00.483   626   626 W /system/bin/hw/android.hidl.allocator@1.0-service: ashmem_create_region(8192) returning hidl_memory(0x7b7102c330, 8192)
01-17 09:26:00.483   627  3512 D DlbDlbEffect: handle_EFFECT_CMD_SET_PARAM()
01-17 09:26:00.483   645   713 I DapController: Profile Changed to Music
01-17 09:26:00.484   626   626 W /system/bin/hw/android.hidl.allocator@1.0-service: ashmem_create_region(147456) returning hidl_memory(0x7b7102c330, 147456)
01-17 09:26:00.485   626   626 I chatty  : uid=1000(system) allocator@1.0-s identical 2 lines
01-17 09:26:00.486   626   626 W /system/bin/hw/android.hidl.allocator@1.0-service: ashmem_create_region(147456) returning hidl_memory(0x7b7102c330, 147456)
01-17 09:26:00.487   717 32244 I DDP_JOCDecoder: -> start
01-17 09:26:00.487   717 32244 I EndpConfig: DAP state has changed from -1 to 0
01-17 09:26:00.487   717 32244 D DDP_JOCDecoder: Setting Max Output Channels to 2
01-17 09:26:00.488   717 32244 D DDP_JOCDecoder: setMultiChannelPCMOutDownmix mConfig->jocForceDownmixMode 1
01-17 09:26:00.488   717 32244 I udc_user: 
01-17 09:26:00.488   717 32244 I udc_user: *** DDPlus Unified Decoder Simulation  Version 1.7.3 ***
01-17 09:26:00.488   717 32244 I udc_user: 
01-17 09:26:00.488   717 32244 I udc_user: 7.1-channel decoder-converter, 
01-17 09:26:00.488   717 32244 I udc_user: 
01-17 09:26:00.488   717 32244 I udc_user: 5.1-channel dual-decoder-converter, 
01-17 09:26:00.488   717 32244 I udc_user: Karaoke unsupported, 
01-17 09:26:00.488   717 32244 I udc_user: TPNP supported. 
01-17 09:26:00.488   717 32244 I udc_user: 
01-17 09:26:00.488   717 32244 I udc_user: Unpublished work.  Copyright 2003-2014 Dolby Laboratories, Inc. and
01-17 09:26:00.488   717 32244 I udc_user: Dolby Laboratories Licensing Corporation.  All Rights Reserved.
01-17 09:26:00.488   717 32244 I udc_user: 
01-17 09:26:00.488   717 32244 I udc_user: USE OF THIS SOFTWARE IS SUBJECT TO A LEGAL AGREEMENT BETWEEN YOU AND DOLBY
01-17 09:26:00.488   717 32244 I udc_user: LABORATORIES. DO NOT USE THIS SOFTWARE UNLESS YOU AGREE TO THE TERMS AND 
01-17 09:26:00.488   717 32244 I udc_user: CONDITIONS IN THE AGREEMENT.  BY USING THIS SOFTWARE, YOU ACKNOWLEDGE THAT 
01-17 09:26:00.488   717 32244 I udc_user: YOU HAVE READ THE AGREEMENT AND THAT YOU AGREE TO BE BOUND BY ITS TERMS. 
01-17 09:26:00.488   717 32244 I udc_user: 
01-17 09:26:00.489   717 32244 I ddpdec_client_joc: ddpdec_open JOCD_MODE Buffer assignment
01-17 09:26:00.489   717 32244 D DDP_JOCDecoder: mStarted = 1
01-17 09:26:00.489   717 32244 I DDP_JOCDecoder: <- start
01-17 09:26:00.490   717 32244 D ddpdec_client_joc: ddpdec_client.c|int configDecoder()
01-17 09:26:00.492   717 32244 D DDP_JOCDecoder: Setting Max Output Channels to 2
01-17 09:26:00.492   717 32244 I DlbDap2QmfProcess: close()
01-17 09:26:00.492   717 32244 I DlbDap2QmfProcess: init()
01-17 09:26:00.492   717 32244 I DlbDap2QmfProcess: open()
01-17 09:26:00.492   717 32244 I DlbDap2QmfProcess: loadLicense() no license check!
01-17 09:26:00.493   717 32244 I DlbDap2QmfProcess: validateLicense() no license check!
01-17 09:26:00.493   717 32244 I DlbDap2QmfProcess: init() DAP opened
01-17 09:26:00.493   717 32244 I DlbDap2QmfProcess: DAP library version: 2.5.1-P2.0
01-17 09:26:00.493   717 32244 D DlbDap2QmfProcess: DAP output mode set to 1 with 2 output channels and null mix matrix.
01-17 09:26:00.493   717 32244 D ARenderer: checkAndUpdateConfig: DAP reinitialized because of sample rate change
01-17 09:26:00.493   717 32244 D ARenderer: updateDapConfig: Updating DAP configuration
01-17 09:26:00.493   717 32244 I ARenderer: updateDapConfig: Disable content processing in decoder-ARenderer
01-17 09:26:00.493   717 32244 D DlbDap2QmfProcess: setParam(deon = #1[0])
01-17 09:26:00.493   717 32244 D DlbDap2QmfProcess: setParam(dvle = #1[0])
01-17 09:26:00.493   717 32244 D DlbDap2QmfProcess: setParam(ieon = #1[0])
01-17 09:26:00.493   717 32244 D DlbDap2QmfProcess: setParam(dvme = #1[0])
01-17 09:26:00.493   717 32244 D DlbDap2QmfProcess: setParam(dom = #1[0])
01-17 09:26:00.493   717 32244 D DlbDap2QmfProcess: setParam(msce = #1[0])
01-17 09:26:00.493   717 32244 D DlbDap2QmfProcess: setParam(miee = #1[0])
01-17 09:26:00.493   717 32244 D DlbDap2QmfProcess: setParam(mdle = #1[0])
01-17 09:26:00.493   717 32244 D DlbDap2QmfProcess: setParam(mdee = #1[0])
01-17 09:26:00.493   717 32244 D DlbDap2QmfProcess: setParam(mave = #1[0])
01-17 09:26:00.493   717 32244 D DlbDap2QmfProcess: setParam(ngon = #1[0])
01-17 09:26:00.493   717 32244 D DlbDap2QmfProcess: setParam(dvle = #1[1])
01-17 09:26:00.493   717 32244 D DlbDap2QmfProcess: setParam(dvli = #1[-496])
01-17 09:26:00.493   717 32244 D DlbDap2QmfProcess: setParam(dvlo = #1[-224])
01-17 09:26:00.493   717 32244 D ARenderer: updateDapVolumeLeveler: Setting output level to -14.00dB
01-17 09:26:00.493   717 32244 D DlbDap2QmfProcess: setParam(vmb = #1[0])
01-17 09:26:00.493   717 32244 D DlbDap2QmfProcess: setParam(preg = #1[-384])
01-17 09:26:00.493   717 32244 D DlbDap2QmfProcess: setParam(vol = #1[384])
01-17 09:26:00.493   717 32244 D DlbDlbBufferProvider: setConfig() Updating buffer configuration.
01-17 09:26:00.493   717 32244 D DlbDap2QmfProcess: processQmf() called [0] times
01-17 09:26:00.493   717 32244 D DlbDap2QmfProcess: setMave(mave = 0)
01-17 09:26:00.504   710 32238 D AudioTrack: Client defaulted notificationFrames to 12000 for frameCount 24000
01-17 09:26:00.505   684   930 I AudioFlinger: attachAuxEffect(): Marking track 797 as containing processed audio
01-17 09:26:00.505   684   930 D AudioFlinger: trackContainsProcessedAudio() Track id 797 contains processed audio
01-17 09:26:00.507   626   626 W /system/bin/hw/android.hidl.allocator@1.0-service: ashmem_create_region(7680) returning hidl_memory(0x7b7102c330, 7680)
01-17 09:26:00.508   626   626 W /system/bin/hw/android.hidl.allocator@1.0-service: ashmem_create_region(7680) returning hidl_memory(0x7b7102c330, 7680)
01-17 09:26:00.510   627  3512 D DlbDlbEffect: handle_EFFECT_CMD_DISABLE()
01-17 09:26:00.510   627  3512 D DlbDapCrossfadeProcess: setEnabled transitioning from FADE_TO_ACTIVE state to FADE_TO_BYPASS
01-17 09:26:00.511   626   626 W /system/bin/hw/android.hidl.allocator@1.0-service: ashmem_create_region(7680) returning hidl_memory(0x7b7102c330, 7680)
01-17 09:26:00.511   627  3512 D DlbDlbEffect: handle_EFFECT_CMD_SET_CONFIG()
01-17 09:26:00.511   627   924 D DlbDapEndpointParamCache: setDevice(device=0x00000002)
01-17 09:26:00.511   645   645 D DMSService: setActiveDevice called with device = 0x2
01-17 09:26:00.512   627  6441 D DlbDlbEffect: handle_EFFECT_CMD_ENABLE()
01-17 09:26:00.512   627  6441 D DlbDapCrossfadeProcess: setEnabled transitioning from FADE_TO_BYPASS state to FADE_TO_ACTIVE
01-17 09:26:00.512   684  3653 W AudioFlinger: moveDolbyEffect() effect chain for session 0 not on source thread 0xee0ae580
01-17 09:26:00.512   684  3653 D AudioFlinger: trackStateChanged() Track id 797 state changed to 6
01-17 09:26:00.512   684  3653 I AudioFlinger: updateProcessedAudioState() Changing content processing in effect to 1
01-17 09:26:00.512   627   627 D DlbDlbEffect: handle_EFFECT_CMD_SET_PARAM()
01-17 09:26:00.513   710 32232 D NuPlayerDriver: notifyListener_l(0xe6bcb850), (6, 0, 0, -1), loop setting(0, 1)
01-17 09:26:00.516   627  3892 I DlbEffectContext: setContentProcEnabled() Disabling content processing in effect
01-17 09:26:00.516   627  3892 D DlbDapEndpointParamCache: commitChangedParams()
01-17 09:26:00.516   627  3892 D DlbDapEndpointParamCache: commit() Applying parameters for device 0x40000000
01-17 09:26:00.516   627  3892 D DlbDap2Process: setParam(msce = #1[0])
01-17 09:26:00.516   627  3892 D DlbDap2Process: setParam(mdee = #1[0])
01-17 09:26:00.516   627  3892 D DlbDap2Process: setParam(miee = #1[0])
01-17 09:26:00.516   627  3892 D DlbDap2Process: setParam(mdle = #1[0])
01-17 09:26:00.516   627  3892 D DlbDap2Process: setParam(dvle = #1[0])
01-17 09:26:00.516   627  3892 D DlbDap2Process: setParam(mave = #1[0])
01-17 09:26:00.517   627  3892 D DlbDap2Process: setParam(ieon = #1[0])
01-17 09:26:00.517   627  3892 D DlbDapEndpointParamCache: doCommit() Committed 7 parameters out of 16.
01-17 09:26:00.517   627  3892 D DlbDapEndpointParamCache: commit() Overriding parameters for current device 0x00000002
01-17 09:26:00.517   627  3892 D DlbDap2Process: setParam(dom = #1[0])
01-17 09:26:00.517   627  3892 D DlbDap2Process: setParam(dvle = #1[0])
01-17 09:26:00.517   627  3892 D DlbDap2Process: setParam(dvme = #1[0])
01-17 09:26:00.517   627  3892 D DlbDap2Process: setParam(deon = #1[0])
01-17 09:26:00.517   627  3892 D DlbDap2Process: setParam(ngon = #1[0])
01-17 09:26:00.517   627  3892 D DlbDapEndpointParamCache: doCommit() Committed 5 parameters out of 37.
01-17 09:26:00.517   627  3892 D DlbDapCrossfadeProcess: setEnabled transitioning from FADE_TO_ACTIVE state to FADE_TO_BYPASS
01-17 09:26:00.518   627  3892 D DlbDapEndpointParamCache: commitChangedParams()
01-17 09:26:00.518   627  3892 D DlbDapEndpointParamCache: commit() Applying parameters for device 0x40000000
01-17 09:26:00.518   627  3892 D DlbDap2Process: setParam(iea = #1[10])
01-17 09:26:00.519   627  3892 D DlbDap2Process: setParam(vcbf = #20[47, 141, 234, 328, 469, 656, 844, 1031, 1313, 1688, 2250, 3000, 3750, 4688, 5813, 7125, 9000, 11250, 13875, 19688])
01-17 09:26:00.519   627  3892 D DlbDap2Process: setParam(vbon = #1[0])
01-17 09:26:00.519   627  3892 D DlbDap2Process: setParam(beon = #1[0])
01-17 09:26:00.519   627  3892 D DlbDap2Process: setParam(geon = #1[0])
01-17 09:26:00.519   627  3892 D DlbDap2Process: setParam(gebs = #41[20, 47, 141, 234, 328, 469, 656, 844, 1031, 1313, 1688, 2250, 3000, 3750, 4688, 5813, 7125, 9000, 11250, 13875, 19688, 0, 0, 0, 0, 0, 0, 0, 0, 0, 0, 0, 0, 0, 0, 0, 0, 0, 0, 0, 0])
01-17 09:26:00.519   627  3892 D DlbDap2Process: setParam(iebs = #41[20, 65, 136, 223, 332, 467, 634, 841, 1098, 1416, 1812, 2302, 2909, 3663, 4598, 5756, 7194, 8976, 11186, 13927, 17326, 117, 133, 188, 176, 141, 149, 175, 185, 185, 200, 236, 242, 228, 213, 182, 132, 110, 68, -27, -240])
01-17 09:26:00.519   627  3892 D DlbDapEndpointParamCache: doCommit() Committed 8 parameters out of 16.
01-17 09:26:00.519   627  3892 D DlbDapEndpointParamCache: commit() Overriding parameters for current device 0x00000002
01-17 09:26:00.519   627  3892 D DlbDap2Process: setParam(dea = #1[7])
01-17 09:26:00.519   627  3892 D DlbDap2Process: setParam(dsa = #1[10])
01-17 09:26:00.519   627  3892 D DlbDap2Process: setParam(beb = #1[192])
01-17 09:26:00.519   627  3892 D DlbDap2Process: setParam(plb = #1[0])
01-17 09:26:00.519   627  3892 D DlbDap2Process: setParam(vmb = #1[144])
01-17 09:26:00.519   627  3892 D DlbDap2Process: setParam(dsb = #1[0])
01-17 09:26:00.519   627  3892 D DlbDap2Process: setParam(ded = #1[0])
01-17 09:26:00.519   627  3892 D DlbDap2Process: setParam(vbm = #1[3])
01-17 09:26:00.519   627  3892 D DlbDap2Process: setParam(bew = #1[16])
01-17 09:26:00.519   627  3892 D DlbDap2Process: setParam(dvla = #1[4])
01-17 09:26:00.519   627  3892 D DlbDap2Process: setParam(arra = #1[96])
01-17 09:26:00.519   627  3892 D DlbDap2Process: setParam(dfsa = #1[10])
01-17 09:26:00.519   627  3892 D DlbDap2Process: setParam(dhsa = #1[10])
01-17 09:26:00.519   627  3892 D DlbDap2Process: setParam(dvmc = #1[0])
01-17 09:26:00.519   627  3892 D DlbDap2Process: setParam(arod = #1[0])
01-17 09:26:00.519   627  3892 D DlbDap2Process: setParam(arde = #1[1])
01-17 09:26:00.519   627  3892 D DlbDap2Process: setParam(becf = #1[200])
01-17 09:26:00.519   627  3892 D DlbDap2Process: setParam(vbmf = #2[94, 469])
01-17 09:26:00.519   627  3892 D DlbDap2Process: setParam(vbsf = #2[35, 160])
01-17 09:26:00.519   627  3892 D DlbDap2Process: setParam(vbhg = #3[-32, -144, -192])
01-17 09:26:00.519   627  3892 D DlbDap2Process: setParam(vbog = #1[0])
01-17 09:26:00.519   627  3892 D DlbDap2Process: setParam(vbsg = #1[0])
01-17 09:26:00.519   627  3892 D DlbDap2Process: setParam(dvli = #1[-320])
01-17 09:26:00.519   627  3892 D DlbDap2Process: setParam(dhfm = #1[2])
01-17 09:26:00.519   627  3892 D DlbDap2Process: setParam(vbon = #1[0])
01-17 09:26:00.519   627  3892 D DlbDap2Process: setParam(beon = #1[0])
01-17 09:26:00.519   627  3892 D DlbDap2Process: setParam(aoon = #1[1])
01-17 09:26:00.519   627  3892 D DlbDap2Process: setParam(aron = #1[1])
01-17 09:26:00.519   627  3892 D DlbDap2Process: setParam(dvlo = #1[-320])
01-17 09:26:00.519   627  3892 D DlbDap2Process: setParam(artp = #1[12])
01-17 09:26:00.520   627  3892 D DlbDap2Process: setParam(aobs = #222[20, 10, 47, 141, 234, 328, 469, 656, 844, 1031, 1313, 1688, 2250, 3000, 3750, 4688, 5813, 7125, 9000, 11250, 13875, 19688, 0, 0, 0, 0, 0, 0, 0, 0, 0, 0, 0, 0, 0, 0, 0, 0, 0, 0, 0, 0, 0, 0, 0, 0, 0, 0, 0, 0, 0, 0, 0, 0, 0, 0, 0, 0, 0, 0, 0, 0, 0, 0, 0, 0, 0, 0, 0, 0, 0, 0, 0, 0, 0, 0, 0, 0, 0, 0, 0, 0, 0, 0, 0, 0, 0, 0, 0, 0, 0, 0, 0, 0, 0, 0, 0, 0, 0, 0, 0, 0, 0, 0, 0, 0, 0, 0, 0, 0, 0, 0, 0, 0, 0, 0, 0, 0, 0, 0, 0, 0, 0, 0, 0, 0, 0, 0, 0, 0, 0, 0, 0, 0, 0, 0, 0, 0, 0, 0, 0, 0, 0, 0, 0, 0, 0, 0, 0, 0, 0, 0, 0, 0, 0, 0, 0, 0, 0, 0, 0, 0, 0, 0, 0, 0, 0, 0, 0, 0, 0, 0, 0, 0, 0, 0, 0, 0, 0, 0, 0, 0, 0, 0, 0, 0, 0, 0, 0, 0, 0, 0, 0, 0, 0, 0, 0, 0, 0, 0, 0, 0, 0, 0, 0, 0, 0, 0, 0, 0, 0, 0, 0, 0, 0, 0, 0, 0, 0, 0, 0, 0])
01-17 09:26:00.520   627  3892 D DlbDap2Process: setParam(arbs = #81[20, 47, 141, 234, 328, 469, 656, 844, 1031, 1313, 1688, 2250, 3000, 3750, 4688, 5813, 7125, 9000, 11250, 13875, 19688, -192, -192, -192, -192, -192, -192, -192, -192, -192, -192, -192, -192, -192, -192, -192, -192, -192, -192, -192, -192, 0, 0, 0, 0, 0, 0, 0, 0, 0, 0, 0, 0, 0, 0, 0, 0, 0, 0, 0, 0, 0, 0, 0, 0, 0, 0, 0, 0, 0, 0, 0, 0, 0, 0, 0, 0, 0, 0, 0, 0])
01-17 09:26:00.520   627  3892 D DlbDapEndpointParamCache: doCommit() Committed 32 parameters out of 37.
01-17 09:26:00.520   627  3892 D DlbDap2Process: setMave(mave = 0)
01-17 09:26:00.543 32207 32207 D featureTest: receive broadcast , playing content location :/sdcard/featureTest/ChID_voices_71_640_ddp_joc.mp4
01-17 09:26:00.546   710  1419 D NuPlayerDriver: stop(0xe6bcb850)
01-17 09:26:00.546   710  1419 D NuPlayerDriver: notifyListener_l(0xe6bcb850), (8, 0, 0, -1), loop setting(0, 1)
01-17 09:26:00.547   710  1419 D NuPlayerDriver: reset(0xe6bcb850) at state 8
01-17 09:26:00.559   717  5783 I DDP_JOCDecoder: -> ~DDPDecoder
01-17 09:26:00.559   717  5783 I DDP_JOCDecoder: -> stop
01-17 09:26:00.559   645   645 I DMSService: unregisterClient type = 4, uid = e7f0fbd0
01-17 09:26:00.573   645   645 D DatabaseHelper: failed to prepare SQL : INSERT INTO profiles VALUES(15
01-17 09:26:00.573   645   645 D DatabaseHelper: ,'custom','user2','user2','off','off')
01-17 09:26:00.573   645   645 D DatabaseHelper: failed to prepare SQL : INSERT INTO profile_endpoints VALUES(57
01-17 09:26:00.573   645   645 D DatabaseHelper: ,'custom','user2','speaker')
01-17 09:26:00.574   645   645 D DatabaseHelper: failed to prepare SQL : INSERT INTO profile_endpoints VALUES(57
01-17 09:26:00.574   645   645 D DatabaseHelper: ,'custom','user2','headphone')
01-17 09:26:00.574   645   645 D DatabaseHelper: failed to prepare SQL : INSERT INTO profile_endpoints VALUES(57
01-17 09:26:00.574   645   645 D DatabaseHelper: ,'custom','user2','passthrough')
01-17 09:26:00.574   645   645 D DatabaseHelper: failed to prepare SQL : INSERT INTO profile_endpoints VALUES(57
01-17 09:26:00.574   645   645 D DatabaseHelper: ,'custom','user2','other')
01-17 09:26:00.574   645   645 D DatabaseHelper: failed to prepare SQL : INSERT INTO profile_ports VALUES(85
01-17 09:26:00.574   645   645 D DatabaseHelper: ,'custom','user2','internal_speaker')
01-17 09:26:00.575   645   645 D DatabaseHelper: failed to prepare SQL : INSERT INTO profile_ports VALUES(85
01-17 09:26:00.575   645   645 D DatabaseHelper: ,'custom','user2','hdmi')
01-17 09:26:00.575   645   645 D DatabaseHelper: failed to prepare SQL : INSERT INTO profile_ports VALUES(85
01-17 09:26:00.575   645   645 D DatabaseHelper: ,'custom','user2','miracast')
01-17 09:26:00.575   645   645 D DatabaseHelper: failed to prepare SQL : INSERT INTO profile_ports VALUES(85
01-17 09:26:00.575   645   645 D DatabaseHelper: ,'custom','user2','headphone_port')
01-17 09:26:00.575   645   645 D DatabaseHelper: failed to prepare SQL : INSERT INTO profile_ports VALUES(85
01-17 09:26:00.575   645   645 D DatabaseHelper: ,'custom','user2','bluetooth')
01-17 09:26:00.575   645   645 D DatabaseHelper: failed to prepare SQL : INSERT INTO profile_ports VALUES(85
01-17 09:26:00.575   645   645 D DatabaseHelper: ,'custom','user2','usb')
01-17 09:26:00.575   645   645 D DatabaseHelper: failed to prepare SQL : INSERT INTO geq_presets VALUES(57
01-17 09:26:00.575   645   645 D DatabaseHelper: ,'custom','off','user2')
01-17 09:26:00.575   645   645 D DatabaseHelper: failed to prepare SQL : INSERT INTO geq_presets VALUES(57
01-17 09:26:00.575   645   645 D DatabaseHelper: ,'custom','open','user2')
01-17 09:26:00.576   645   645 D DatabaseHelper: failed to prepare SQL : INSERT INTO geq_presets VALUES(57
01-17 09:26:00.576   645   645 D DatabaseHelper: ,'custom','rich','user2')
01-17 09:26:00.576   645   645 D DatabaseHelper: failed to prepare SQL : INSERT INTO geq_presets VALUES(57
01-17 09:26:00.576   645   645 D DatabaseHelper: ,'custom','focused','user2')
01-17 09:26:00.576   627  3892 D DlbDapCrossfadeProcess: process transitioning from FADE_TO_BYPASS state to DAP_BYPASSED
01-17 09:26:00.589   717  5783 I DDP_JOCDecoder: <- stop
01-17 09:26:00.589   717  5783 I ARenderer: ~ARenderer
01-17 09:26:00.589   717  5783 I evo_parser: evo_parser_close
01-17 09:26:00.589   717  5783 I DlbDap2QmfProcess: ~Dap2Process()
01-17 09:26:00.589   717  5783 I DlbDap2QmfProcess: close()
01-17 09:26:00.589   717  5783 I DDP_JOCDecoder: <- ~DDPDecoder
01-17 09:26:00.595   710 32232 D NuPlayerDriver: notifyResetComplete(0xe6bcb850)
01-17 09:26:00.596   710  1419 D NuPlayerDriver: reset(0xe6bcb850) at state 0
01-17 09:26:00.596 32207 32207 V MediaPlayer: resetDrmState:  mDrmInfo=null mDrmProvisioningThread=null mPrepareDrmInProgress=false mActiveDrmScheme=false
01-17 09:26:00.596 32207 32207 V MediaPlayer: cleanDrmObj: mDrmObj=null mDrmSessionId=null
01-17 09:26:00.597 32207 32207 V MediaPlayer: resetDrmState:  mDrmInfo=null mDrmProvisioningThread=null mPrepareDrmInProgress=false mActiveDrmScheme=false
01-17 09:26:00.597 32207 32207 V MediaPlayer: cleanDrmObj: mDrmObj=null mDrmSessionId=null
01-17 09:26:00.602 32207 32207 D featureTest: mMediaPlayer.getAudioSessionId(): 5993
01-17 09:26:00.602 32207 32207 D featureTest: Playing file: /sdcard/featureTest/ChID_voices_71_640_ddp_joc.mp4
01-17 09:26:00.604   710  1422 D NuPlayerDriver: NuPlayerDriver(0xe6bcb1c0) created, clientPid(32207)
01-17 09:26:00.606 32258 32258 W generic : type=1400 audit(0.0:496): avc: denied { read } for path="/storage/emulated/0/featuretest/ChID_voices_71_640_ddp_joc.mp4" dev="sdcardfs" ino=1310766 scontext=u:r:mediaextractor:s0 tcontext=u:object_r:sdcardfs:s0 tclass=file permissive=0
01-17 09:26:00.607 32207 32207 W MediaPlayer: Use of stream types is deprecated for operations other than volume control
01-17 09:26:00.607 32207 32207 W MediaPlayer: See the documentation of setAudioStreamType() for what to use instead with android.media.AudioAttributes to qualify your playback use case
01-17 09:26:00.609   710 32258 D GenericSource: FileSource remote
01-17 09:26:00.609   710 32258 W GenericSource: extractor service cannot make data source
01-17 09:26:00.610   710 32258 D GenericSource: FileSource local
01-17 09:26:00.618   700  1879 I SampleTable: There are reordered frames present.
01-17 09:26:00.621   710 32257 D NuPlayerDriver: notifyListener_l(0xe6bcb1c0), (5, 1920, 1080, -1), loop setting(0, 0)
01-17 09:26:00.621   700  1879 D MediaBufferGroup: creating MemoryDealer
01-17 09:26:00.622   710 32257 D NuPlayerDriver: notifyListener_l(0xe6bcb1c0), (1, 0, 0, -1), loop setting(0, 0)
01-17 09:26:00.627   710  1419 D NuPlayerDriver: start(0xe6bcb1c0), state is 4, eos is 0
01-17 09:26:00.627   710 32257 I GenericSource: start
01-17 09:26:00.630 32207 32207 W DolbyAudioEffect: WARNING: attaching a DolbyAudioEffect to global output mix is deprecated!
01-17 09:26:00.634 32207 32207 D featureTest: receive broadcast , change ds status :1
01-17 09:26:00.637   627  3892 I DlbEffectContext: setContentProcEnabled() Enabling content processing in global effect
01-17 09:26:00.638   627  3892 D DlbDapEndpointParamCache: commitChangedParams()
01-17 09:26:00.638   627  3892 D DlbDapEndpointParamCache: commit() Applying parameters for device 0x40000000
01-17 09:26:00.638   627  3892 D DlbDap2Process: setParam(iea = #1[10])
01-17 09:26:00.638   627  3892 D DlbDap2Process: setParam(msce = #1[0])
01-17 09:26:00.638   627  3892 D DlbDap2Process: setParam(mdee = #1[0])
01-17 09:26:00.638   627  3892 D DlbDap2Process: setParam(miee = #1[0])
01-17 09:26:00.638   627  3892 D DlbDap2Process: setParam(mdle = #1[0])
01-17 09:26:00.638   627  3892 D DlbDap2Process: setParam(dvle = #1[1])
01-17 09:26:00.638   627  3892 D DlbDap2Process: setParam(mave = #1[0])
01-17 09:26:00.638   627  3892 D DlbDap2Process: setParam(vcbf = #20[47, 141, 234, 328, 469, 656, 844, 1031, 1313, 1688, 2250, 3000, 3750, 4688, 5813, 7125, 9000, 11250, 13875, 19688])
01-17 09:26:00.638   627  3892 D DlbDap2Process: setParam(vbon = #1[0])
01-17 09:26:00.638   627  3892 D DlbDap2Process: setParam(beon = #1[0])
01-17 09:26:00.638   627  3892 D DlbDap2Process: setParam(geon = #1[0])
01-17 09:26:00.638   627  3892 D DlbDap2Process: setParam(ieon = #1[1])
01-17 09:26:00.638   627  3892 D DlbDap2Process: setParam(gebs = #41[20, 47, 141, 234, 328, 469, 656, 844, 1031, 1313, 1688, 2250, 3000, 3750, 4688, 5813, 7125, 9000, 11250, 13875, 19688, 0, 0, 0, 0, 0, 0, 0, 0, 0, 0, 0, 0, 0, 0, 0, 0, 0, 0, 0, 0])
01-17 09:26:00.638   627  3892 D DlbDap2Process: setParam(iebs = #41[20, 65, 136, 223, 332, 467, 634, 841, 1098, 1416, 1812, 2302, 2909, 3663, 4598, 5756, 7194, 8976, 11186, 13927, 17326, 117, 133, 188, 176, 141, 149, 175, 185, 185, 200, 236, 242, 228, 213, 182, 132, 110, 68, -27, -240])
01-17 09:26:00.638   627  3892 D DlbDapEndpointParamCache: doCommit() Committed 15 parameters out of 16.
01-17 09:26:00.639   627  3892 D DlbDapEndpointParamCache: commit() Overriding parameters for current device 0x00000002
01-17 09:26:00.639   627  3892 D DlbDap2Process: setParam(dea = #1[7])
01-17 09:26:00.639   627  3892 D DlbDap2Process: setParam(dsa = #1[10])
01-17 09:26:00.639   627  3892 D DlbDap2Process: setParam(beb = #1[192])
01-17 09:26:00.639   627  3892 D DlbDap2Process: setParam(plb = #1[0])
01-17 09:26:00.639   627  3892 D DlbDap2Process: setParam(vmb = #1[144])
01-17 09:26:00.639   627  3892 D DlbDap2Process: setParam(dsb = #1[0])
01-17 09:26:00.639   627  3892 D DlbDap2Process: setParam(ded = #1[0])
01-17 09:26:00.640   627  3892 D DlbDap2Process: setParam(vbm = #1[3])
01-17 09:26:00.640   627  3892 D DlbDap2Process: setParam(dom = #1[0])
01-17 09:26:00.640   627  3892 D DlbDap2Process: setParam(bew = #1[16])
01-17 09:26:00.640   627  3892 D DlbDap2Process: setParam(dvla = #1[4])
01-17 09:26:00.640   627  3892 D DlbDap2Process: setParam(arra = #1[96])
01-17 09:26:00.640   627  3892 D DlbDap2Process: setParam(dfsa = #1[10])
01-17 09:26:00.640   627  3892 D DlbDap2Process: setParam(dhsa = #1[10])
01-17 09:26:00.640   627  3892 D DlbDap2Process: setParam(dvmc = #1[0])
01-17 09:26:00.640   627  3892 D DlbDap2Process: setParam(arod = #1[0])
01-17 09:26:00.641   627  3892 D DlbDap2Process: setParam(arde = #1[1])
01-17 09:26:00.641   627  3892 D DlbDap2Process: setParam(dvle = #1[1])
01-17 09:26:00.641   627  3892 D DlbDap2Process: setParam(dvme = #1[0])
01-17 09:26:00.641   627  3892 D DlbDap2Process: setParam(becf = #1[200])
01-17 09:26:00.641   627  3892 D DlbDap2Process: setParam(vbmf = #2[94, 469])
01-17 09:26:00.641   627  3892 D DlbDap2Process: setParam(vbsf = #2[35, 160])
01-17 09:26:00.641   627  3892 D DlbDap2Process: setParam(vbhg = #3[-32, -144, -192])
01-17 09:26:00.641   627  3892 D DlbDap2Process: setParam(vbog = #1[0])
01-17 09:26:00.641   627  3892 D DlbDap2Process: setParam(vbsg = #1[0])
01-17 09:26:00.641   627  3892 D DlbDap2Process: setParam(dvli = #1[-320])
01-17 09:26:00.641   627  3892 D DlbDap2Process: setParam(dhfm = #1[2])
01-17 09:26:00.641   627  3892 D DlbDap2Process: setParam(vbon = #1[0])
01-17 09:26:00.641   627  3892 D DlbDap2Process: setParam(beon = #1[0])
01-17 09:26:00.641   627  3892 D DlbDap2Process: setParam(deon = #1[0])
01-17 09:26:00.641   627  3892 D DlbDap2Process: setParam(ngon = #1[1])
01-17 09:26:00.641   627  3892 D DlbDap2Process: setParam(aoon = #1[1])
01-17 09:26:00.641   627  3892 D DlbDap2Process: setParam(aron = #1[1])
01-17 09:26:00.641   627  3892 D DlbDap2Process: setParam(dvlo = #1[-320])
01-17 09:26:00.641   627  3892 D DlbDap2Process: setParam(artp = #1[12])
