--------- beginning of system
01-15 12:10:16.470   945  3925 I ActivityManager: Force stopping com.dolby.qa.featuretest appid=10072 user=0: from pid 15339
01-15 12:10:16.471   945  3925 I ActivityManager: Killing 15244:com.dolby.qa.featuretest/u0a72 (adj 0): stop com.dolby.qa.featuretest
01-15 12:10:16.473   945  3925 W ActivityManager: Force removing ActivityRecord{5f086e9 u0 com.dolby.qa.featuretest/.MainActivity t121}: app died, no saved state
01-15 12:10:16.478   945  3925 I WindowManager: Failed to capture screenshot of Token{1ba9f6e ActivityRecord{5f086e9 u0 com.dolby.qa.featuretest/.MainActivity t121 f}} appWin=Window{633c1cd u0 com.dolby.qa.featuretest/com.dolby.qa.featuretest.MainActivity} drawState=4
--------- beginning of main
01-15 12:10:16.518  1499  1499 D CarrierSvcBindHelper: No carrier app for: 0
01-15 12:10:16.519   710  1422 D NuPlayerDriver: reset(0xe84b24d0) at state 5
01-15 12:10:16.527   710  1422 D NuPlayerDriver: notifyListener_l(0xe84b24d0), (8, 0, 0, -1), loop setting(0, 1)
01-15 12:10:16.528   945  1323 I WindowManager: WIN DEATH: Window{f83d563 u0 Toast}
01-15 12:10:16.545  2010  2010 D RegisteredNfcFServicesCache: Service unchanged, not updating
01-15 12:10:16.552   710 15301 D NuPlayerDriver: notifyResetComplete(0xe84b24d0)
01-15 12:10:16.552   710  1422 D AudioTrack: stop() called with 0 frames delivered
01-15 12:10:16.607   945  1506 I ActivityManager: START u0 {flg=0x10000000 cmp=com.dolby.qa.featuretest/.MainActivity} from uid 2000
01-15 12:10:16.628   945  1323 I ActivityManager: Start proc 15346:com.dolby.qa.featuretest/u0a72 for activity com.dolby.qa.featuretest/.MainActivity
01-15 12:10:16.630 15346 15346 I zygote64: Late-enabling -Xcheck:jni
01-15 12:10:16.684 15346 15353 I zygote64: Debugger is no longer active
01-15 12:10:16.689   684   928 W AudioFlinger::EffectModule: EffectModule 0xed0e1600 destructor called with unreleased interface
01-15 12:10:16.690   684   928 W AudioFlinger::EffectHandle: disconnect Effect handle 0xee163540 disconnected after thread destruction
01-15 12:10:16.690   627   924 D DlbDlbEffect: handle_EFFECT_CMD_DISABLE()
01-15 12:10:16.690   627   924 D DlbDapCrossfadeProcess: setEnabled transitioning from DAP_ACTIVE state to FADE_TO_BYPASS
01-15 12:10:16.692   626   626 W /system/bin/hw/android.hidl.allocator@1.0-service: ashmem_create_region(3840) returning hidl_memory(0x7b7102c330, 3840)
01-15 12:10:16.692   627   627 D DlbDlbEffect: handle_EFFECT_CMD_SET_CONFIG()
01-15 12:10:16.692   627   627 D DlbDapEndpointParamCache: setDevice(device=0x00000002)
01-15 12:10:16.693   645   645 D DMSService: setActiveDevice called with device = 0x2
01-15 12:10:16.693   627  4939 D DlbDlbEffect: handle_EFFECT_CMD_ENABLE()
01-15 12:10:16.693   627  4939 D DlbDapCrossfadeProcess: setEnabled transitioning from FADE_TO_BYPASS state to FADE_TO_ACTIVE
01-15 12:10:16.801 15346 15346 D featureTest: onCreate
01-15 12:10:16.805 15346 15346 D AudioTrack: Client defaulted notificationFrames to 962 for frameCount 1924
01-15 12:10:16.810 15346 15346 W AudioTrack: Use of stream types is deprecated for operations other than volume control
01-15 12:10:16.810 15346 15346 W AudioTrack: See the documentation of AudioTrack() for what to use instead with android.media.AudioAttributes to qualify your playback use case
01-15 12:10:16.818 15346 15346 W DolbyAudioEffect: WARNING: attaching a DolbyAudioEffect to global output mix is deprecated!
01-15 12:10:16.827 15346 15346 D featureTest: onResume
01-15 12:10:16.839 15346 15363 D OpenGLRenderer: HWUI GL Pipeline
01-15 12:10:16.889 15346 15363 I Adreno  : QUALCOMM build                   : 7142022, Ib5823dd10c
01-15 12:10:16.889 15346 15363 I Adreno  : Build Date                       : 06/23/17
01-15 12:10:16.889 15346 15363 I Adreno  : OpenGL ES Shader Compiler Version: EV031.18.00.00
01-15 12:10:16.889 15346 15363 I Adreno  : Local Branch                     : O11A
01-15 12:10:16.889 15346 15363 I Adreno  : Remote Branch                    : 
01-15 12:10:16.889 15346 15363 I Adreno  : Remote Branch                    : 
01-15 12:10:16.889 15346 15363 I Adreno  : Reconstruct Branch               : 
01-15 12:10:16.893 15346 15363 I Adreno  : PFP: 0x005ff087, ME: 0x005ff063
01-15 12:10:16.895 15346 15363 I OpenGLRenderer: Initialized EGL, version 1.4
01-15 12:10:16.895 15346 15363 D OpenGLRenderer: Swap behavior 2
01-15 12:10:16.943   945   998 I ActivityManager: Displayed com.dolby.qa.featuretest/.MainActivity: +322ms
01-15 12:10:17.077   945   998 W ActivityManager: setHasOverlayUi called on unknown pid: 15244
01-15 12:10:17.423  2103  2230 W OpenGLRenderer: Incorrectly called buildLayer on View: ShortcutAndWidgetContainer, destroying layer...
01-15 12:10:17.618   945   945 W NotificationService: Object died trying to hide notification android.app.ITransientNotification$Stub$Proxy@6b3e3ab in package com.dolby.qa.featuretest
01-15 12:10:17.619   945   945 W WindowManager: removeWindowToken: Attempted to remove non-existing token: android.os.Binder@2f46030
01-15 12:10:17.619   945   945 W ActivityManager: setProcessForeground called on unknown pid: 15244
01-15 12:10:17.619   945   945 W NotificationService: Object died trying to show notification android.app.ITransientNotification$Stub$Proxy@b383a08 in package com.dolby.qa.featuretest
01-15 12:10:17.619   945   945 W ActivityManager: setProcessForeground called on unknown pid: 15244
01-15 12:10:17.620   945   945 W NotificationService: Object died trying to show notification android.app.ITransientNotification$Stub$Proxy@2cf55a1 in package com.dolby.qa.featuretest
01-15 12:10:17.620   945   945 W ActivityManager: setProcessForeground called on unknown pid: 15244
01-15 12:10:17.620   945   945 W NotificationService: Object died trying to show notification android.app.ITransientNotification$Stub$Proxy@9e4b3c6 in package com.dolby.qa.featuretest
01-15 12:10:17.686 15346 15346 D featureTest: receive broadcast , playing content location :/sdcard/featureTest/chopper_5.1_180_420.wav
01-15 12:10:17.696 15346 15346 D featureTest: mMediaPlayer.getAudioSessionId(): 2361
01-15 12:10:17.696 15346 15346 D featureTest: Playing file: /sdcard/featureTest/chopper_5.1_180_420.wav
01-15 12:10:17.698   710   900 D NuPlayerDriver: NuPlayerDriver(0xe84b2690) created, clientPid(15346)
01-15 12:10:17.700 15374 15374 W generic : type=1400 audit(0.0:197): avc: denied { read } for path="/storage/emulated/0/featuretest/chopper_5.1_180_420.wav" dev="sdcardfs" ino=1310769 scontext=u:r:mediaextractor:s0 tcontext=u:object_r:sdcardfs:s0 tclass=file permissive=0
01-15 12:10:17.702 15346 15346 W MediaPlayer: Use of stream types is deprecated for operations other than volume control
01-15 12:10:17.702 15346 15346 W MediaPlayer: See the documentation of setAudioStreamType() for what to use instead with android.media.AudioAttributes to qualify your playback use case
01-15 12:10:17.704   710 15374 D GenericSource: FileSource remote
01-15 12:10:17.704   710 15374 W GenericSource: extractor service cannot make data source
01-15 12:10:17.704   710 15374 D GenericSource: FileSource local
01-15 12:10:17.707   700   700 W WAVExtractor: More than 2 channels (6) in non-WAVE_EXT, unknown channel mask
01-15 12:10:17.726   700   700 W WAVExtractor: More than 2 channels (6) in non-WAVE_EXT, unknown channel mask
01-15 12:10:17.727   700  1393 D MediaBufferGroup: creating MemoryDealer
01-15 12:10:17.728   710 15373 D NuPlayerDriver: notifyListener_l(0xe84b2690), (1, 0, 0, -1), loop setting(0, 0)
01-15 12:10:17.739   710  1419 D NuPlayerDriver: start(0xe84b2690), state is 4, eos is 0
01-15 12:10:17.739   710 15373 I GenericSource: start
01-15 12:10:17.742 15346 15346 W DolbyAudioEffect: WARNING: attaching a DolbyAudioEffect to global output mix is deprecated!
01-15 12:10:17.748   710 15380 I OMXClient: Treble IOmx obtained
01-15 12:10:17.749   717  5320 I OMXMaster: makeComponentInstance(OMX.google.raw.decoder) in omx@1.0-service process
01-15 12:10:17.749 15346 15346 D featureTest: receive broadcast , change ds status :1
01-15 12:10:17.753   717  5320 E OMXNodeInstance: setConfig(0xe7b0a120:google.raw.decoder, ConfigPriority(0x6f800002)) ERROR: Undefined(0x80001001)
01-15 12:10:17.753   710 15380 I ACodec  : codec does not support config priority (err -2147483648)
01-15 12:10:17.754   717  4054 E OMXNodeInstance: getConfig(0xe7b0a120:google.raw.decoder, ConfigAndroidVendorExtension(0x6f100004)) ERROR: Undefined(0x80001001)
01-15 12:10:17.755   710 15380 I MediaCodec: MediaCodec will operate in async mode
01-15 12:10:17.756   626   626 W /system/bin/hw/android.hidl.allocator@1.0-service: ashmem_create_region(32768) returning hidl_memory(0x7b7102c330, 32768)
01-15 12:10:17.761   626   626 I chatty  : uid=1000(system) allocator@1.0-s identical 5 lines
01-15 12:10:17.762   626   626 W /system/bin/hw/android.hidl.allocator@1.0-service: ashmem_create_region(32768) returning hidl_memory(0x7b7102c330, 32768)
01-15 12:10:17.763   627  4939 D DlbDlbEffect: handle_EFFECT_CMD_SET_PARAM()
01-15 12:10:17.763   626   626 W /system/bin/hw/android.hidl.allocator@1.0-service: ashmem_create_region(32768) returning hidl_memory(0x7b7102c330, 32768)
01-15 12:10:17.774   626   626 W /system/bin/hw/android.hidl.allocator@1.0-service: ashmem_create_region(3072) returning hidl_memory(0x7b7102c330, 3072)
01-15 12:10:17.776   626   626 W /system/bin/hw/android.hidl.allocator@1.0-service: ashmem_create_region(1024) returning hidl_memory(0x7b7102c330, 1024)
01-15 12:10:17.776   684   931 E EffectHalHidl: Buffer provider callbacks are not supported
01-15 12:10:17.777   710 15378 D AudioTrack: Client defaulted notificationFrames to 12000 for frameCount 24000
01-15 12:10:17.781   626   626 W /system/bin/hw/android.hidl.allocator@1.0-service: ashmem_create_region(7680) returning hidl_memory(0x7b7102c330, 7680)
01-15 12:10:17.785   626   626 W /system/bin/hw/android.hidl.allocator@1.0-service: ashmem_create_region(7680) returning hidl_memory(0x7b7102c330, 7680)
01-15 12:10:17.788   627  4939 D DlbDlbEffect: handle_EFFECT_CMD_DISABLE()
01-15 12:10:17.788   627  4939 D DlbDapCrossfadeProcess: setEnabled transitioning from FADE_TO_ACTIVE state to FADE_TO_BYPASS
01-15 12:10:17.790   626   626 W /system/bin/hw/android.hidl.allocator@1.0-service: ashmem_create_region(7680) returning hidl_memory(0x7b7102c330, 7680)
01-15 12:10:17.791   627   627 D DlbDlbEffect: handle_EFFECT_CMD_SET_CONFIG()
01-15 12:10:17.791   627  4939 D DlbDapEndpointParamCache: setDevice(device=0x00000002)
01-15 12:10:17.791   645   645 D DMSService: setActiveDevice called with device = 0x2
01-15 12:10:17.791   627   924 D DlbDlbEffect: handle_EFFECT_CMD_ENABLE()
01-15 12:10:17.791   627   924 D DlbDapCrossfadeProcess: setEnabled transitioning from FADE_TO_BYPASS state to FADE_TO_ACTIVE
01-15 12:10:17.792   684  3653 W AudioFlinger: moveDolbyEffect() effect chain for session 0 not on source thread 0xee0ae580
01-15 12:10:17.792   710 15373 D NuPlayerDriver: notifyListener_l(0xe84b2690), (6, 0, 0, -1), loop setting(0, 1)
01-15 12:10:17.796   627  3892 D DlbDapCrossfadeProcess: process transitioning from FADE_TO_ACTIVE state to DAP_ACTIVE
01-15 12:10:17.825 15346 15346 D featureTest: receive broadcast , change ds profile id :2
01-15 12:10:17.832   627   627 D DlbDlbEffect: handle_EFFECT_CMD_SET_PARAM()
01-15 12:10:17.832   645   713 I DapController: Profile Changed to Music
01-15 12:10:17.871   627  3892 D DlbDapEndpointParamCache: commitChangedParams()
01-15 12:10:17.871   627  3892 D DlbDapEndpointParamCache: commit() Applying parameters for device 0x40000000
01-15 12:10:17.871   627  3892 D DlbDap2Process: setParam(iea = #1[10])
01-15 12:10:17.871   627  3892 D DlbDap2Process: setParam(msce = #1[0])
01-15 12:10:17.872   627  3892 D DlbDap2Process: setParam(mdee = #1[0])
01-15 12:10:17.872   627  3892 D DlbDap2Process: setParam(miee = #1[0])
01-15 12:10:17.872   627  3892 D DlbDap2Process: setParam(mdle = #1[0])
01-15 12:10:17.872   627  3892 D DlbDap2Process: setParam(dvle = #1[1])
01-15 12:10:17.872   627  3892 D DlbDap2Process: setParam(mave = #1[0])
01-15 12:10:17.872   627  3892 D DlbDap2Process: setParam(vcbf = #20[47, 141, 234, 328, 469, 656, 844, 1031, 1313, 1688, 2250, 3000, 3750, 4688, 5813, 7125, 9000, 11250, 13875, 19688])
01-15 12:10:17.872   627  3892 D DlbDap2Process: setParam(vbon = #1[0])
01-15 12:10:17.872   627  3892 D DlbDap2Process: setParam(beon = #1[0])
01-15 12:10:17.872   627  3892 D DlbDap2Process: setParam(geon = #1[0])
01-15 12:10:17.872   627  3892 D DlbDap2Process: setParam(ieon = #1[1])
01-15 12:10:17.872   627  3892 D DlbDap2Process: setParam(gebs = #41[20, 47, 141, 234, 328, 469, 656, 844, 1031, 1313, 1688, 2250, 3000, 3750, 4688, 5813, 7125, 9000, 11250, 13875, 19688, 0, 0, 0, 0, 0, 0, 0, 0, 0, 0, 0, 0, 0, 0, 0, 0, 0, 0, 0, 0])
01-15 12:10:17.872   627  3892 D DlbDap2Process: setParam(iebs = #41[20, 65, 136, 223, 332, 467, 634, 841, 1098, 1416, 1812, 2302, 2909, 3663, 4598, 5756, 7194, 8976, 11186, 13927, 17326, 117, 133, 188, 176, 141, 149, 175, 185, 185, 200, 236, 242, 228, 213, 182, 132, 110, 68, -27, -240])
01-15 12:10:17.872   627  3892 D DlbDapEndpointParamCache: doCommit() Committed 15 parameters out of 16.
01-15 12:10:17.872   627  3892 D DlbDapEndpointParamCache: commit() Overriding parameters for current device 0x00000002
01-15 12:10:17.872   627  3892 D DlbDap2Process: setParam(dea = #1[7])
01-15 12:10:17.873   627  3892 D DlbDap2Process: setParam(dsa = #1[10])
01-15 12:10:17.873   627  3892 D DlbDap2Process: setParam(beb = #1[192])
01-15 12:10:17.873   627  3892 D DlbDap2Process: setParam(plb = #1[0])
01-15 12:10:17.873   627  3892 D DlbDap2Process: setParam(vmb = #1[144])
01-15 12:10:17.873   627  3892 D DlbDap2Process: setParam(dsb = #1[0])
01-15 12:10:17.873   627  3892 D DlbDap2Process: setParam(ded = #1[0])
01-15 12:10:17.873   627  3892 D DlbDap2Process: setParam(vbm = #1[3])
01-15 12:10:17.873   627  3892 D DlbDap2Process: setParam(dom = #1[0])
01-15 12:10:17.873   627  3892 D DlbDap2Process: setParam(bew = #1[16])
01-15 12:10:17.873   627  3892 D DlbDap2Process: setParam(dvla = #1[4])
01-15 12:10:17.873   627  3892 D DlbDap2Process: setParam(arra = #1[96])
01-15 12:10:17.873   627  3892 D DlbDap2Process: setParam(dfsa = #1[10])
01-15 12:10:17.873   627  3892 D DlbDap2Process: setParam(dhsa = #1[10])
01-15 12:10:17.873   627  3892 D DlbDap2Process: setParam(dvmc = #1[0])
01-15 12:10:17.873   627  3892 D DlbDap2Process: setParam(arod = #1[0])
01-15 12:10:17.873   627  3892 D DlbDap2Process: setParam(arde = #1[1])
01-15 12:10:17.873   627  3892 D DlbDap2Process: setParam(dvle = #1[1])
01-15 12:10:17.873   627  3892 D DlbDap2Process: setParam(dvme = #1[0])
01-15 12:10:17.873   627  3892 D DlbDap2Process: setParam(becf = #1[200])
01-15 12:10:17.873   627  3892 D DlbDap2Process: setParam(vbmf = #2[94, 469])
01-15 12:10:17.873   627  3892 D DlbDap2Process: setParam(vbsf = #2[35, 160])
01-15 12:10:17.873   627  3892 D DlbDap2Process: setParam(vbhg = #3[-32, -144, -192])
01-15 12:10:17.873   627  3892 D DlbDap2Process: setParam(vbog = #1[0])
01-15 12:10:17.873   627  3892 D DlbDap2Process: setParam(vbsg = #1[0])
01-15 12:10:17.873   627  3892 D DlbDap2Process: setParam(dvli = #1[-320])
01-15 12:10:17.873   627  3892 D DlbDap2Process: setParam(dhfm = #1[2])
01-15 12:10:17.873   627  3892 D DlbDap2Process: setParam(vbon = #1[0])
01-15 12:10:17.873   627  3892 D DlbDap2Process: setParam(beon = #1[0])
01-15 12:10:17.873   627  3892 D DlbDap2Process: setParam(deon = #1[0])
01-15 12:10:17.873   627  3892 D DlbDap2Process: setParam(ngon = #1[1])
01-15 12:10:17.873   627  3892 D DlbDap2Process: setParam(aoon = #1[1])
01-15 12:10:17.873   627  3892 D DlbDap2Process: setParam(aron = #1[1])
01-15 12:10:17.873   627  3892 D DlbDap2Process: setParam(dvlo = #1[-320])
01-15 12:10:17.873   627  3892 D DlbDap2Process: setParam(artp = #1[12])
01-15 12:10:17.874   627  3892 D DlbDap2Process: setParam(aobs = #222[20, 10, 47, 141, 234, 328, 469, 656, 844, 1031, 1313, 1688, 2250, 3000, 3750, 4688, 5813, 7125, 9000, 11250, 13875, 19688, 0, 0, 0, 0, 0, 0, 0, 0, 0, 0, 0, 0, 0, 0, 0, 0, 0, 0, 0, 0, 0, 0, 0, 0, 0, 0, 0, 0, 0, 0, 0, 0, 0, 0, 0, 0, 0, 0, 0, 0, 0, 0, 0, 0, 0, 0, 0, 0, 0, 0, 0, 0, 0, 0, 0, 0, 0, 0, 0, 0, 0, 0, 0, 0, 0, 0, 0, 0, 0, 0, 0, 0, 0, 0, 0, 0, 0, 0, 0, 0, 0, 0, 0, 0, 0, 0, 0, 0, 0, 0, 0, 0, 0, 0, 0, 0, 0, 0, 0, 0, 0, 0, 0, 0, 0, 0, 0, 0, 0, 0, 0, 0, 0, 0, 0, 0, 0, 0, 0, 0, 0, 0, 0, 0, 0, 0, 0, 0, 0, 0, 0, 0, 0, 0, 0, 0, 0, 0, 0, 0, 0, 0, 0, 0, 0, 0, 0, 0, 0, 0, 0, 0, 0, 0, 0, 0, 0, 0, 0, 0, 0, 0, 0, 0, 0, 0, 0, 0, 0, 0, 0, 0, 0, 0, 0, 0, 0, 0, 0, 0, 0, 0, 0, 0, 0, 0, 0, 0, 0, 0, 0, 0, 0, 0, 0, 0, 0, 0, 0, 0])
01-15 12:10:17.874   627  3892 D DlbDap2Process: setParam(arbs = #81[20, 47, 141, 234, 328, 469, 656, 844, 1031, 1313, 1688, 2250, 3000, 3750, 4688, 5813, 7125, 9000, 11250, 13875, 19688, -192, -192, -192, -192, -192, -192, -192, -192, -192, -192, -192, -192, -192, -192, -192, -192, -192, -192, -192, -192, 0, 0, 0, 0, 0, 0, 0, 0, 0, 0, 0, 0, 0, 0, 0, 0, 0, 0, 0, 0, 0, 0, 0, 0, 0, 0, 0, 0, 0, 0, 0, 0, 0, 0, 0, 0, 0, 0, 0, 0])
01-15 12:10:17.874   627  3892 D DlbDapEndpointParamCache: doCommit() Committed 37 parameters out of 37.
01-15 12:10:17.874   627  3892 D DlbDap2Process: setMave(mave = 0)
01-15 12:10:17.882 15346 15346 D featureTest: receive broadcast , change virtual speaker  virtualizer :0
01-15 12:10:17.893 15346 15346 W System.err: java.lang.UnsupportedOperationException
01-15 12:10:17.893 15346 15346 W System.err: 	at com.dolby.dax.DolbyAudioEffect.setDolbyVirtualSpeakerVirtualizerEnabled(DolbyAudioEffect.java:323)
01-15 12:10:17.893 15346 15346 W System.err: 	at com.dolby.qa.featuretest.MainActivity$1.handleMessage(MainActivity.java:139)
01-15 12:10:17.893 15346 15346 W System.err: 	at android.os.Handler.dispatchMessage(Handler.java:105)
01-15 12:10:17.894 15346 15346 W System.err: 	at android.os.Looper.loop(Looper.java:164)
01-15 12:10:17.894 15346 15346 W System.err: 	at android.app.ActivityThread.main(ActivityThread.java:6541)
01-15 12:10:17.894 15346 15346 W System.err: 	at java.lang.reflect.Method.invoke(Native Method)
01-15 12:10:17.894 15346 15346 W System.err: 	at com.android.internal.os.Zygote$MethodAndArgsCaller.run(Zygote.java:240)
01-15 12:10:17.894 15346 15346 W System.err: 	at com.android.internal.os.ZygoteInit.main(ZygoteInit.java:767)
01-15 12:10:17.894 15346 15346 D featureTest: virtual speaker virtualizer can not be operate for mono speaker endpoint!
01-15 12:10:17.944 15346 15346 D featureTest: receive broadcast , record log :0
01-15 12:10:18.005 15346 15346 D featureTest: receive broadcast , playing content location :/sdcard/featureTest/chopper_5.1_180_420.wav
01-15 12:10:18.007   710  1419 D NuPlayerDriver: stop(0xe84b2690)
01-15 12:10:18.007   710  1419 D NuPlayerDriver: notifyListener_l(0xe84b2690), (8, 0, 0, -1), loop setting(0, 1)
01-15 12:10:18.008   710  1419 D NuPlayerDriver: reset(0xe84b2690) at state 8
01-15 12:10:18.016   710 15373 D NuPlayerDriver: notifyResetComplete(0xe84b2690)
01-15 12:10:18.017   710  1419 D NuPlayerDriver: reset(0xe84b2690) at state 0
01-15 12:10:18.017 15346 15346 V MediaPlayer: resetDrmState:  mDrmInfo=null mDrmProvisioningThread=null mPrepareDrmInProgress=false mActiveDrmScheme=false
01-15 12:10:18.018 15346 15346 V MediaPlayer: cleanDrmObj: mDrmObj=null mDrmSessionId=null
01-15 12:10:18.019 15346 15346 V MediaPlayer: resetDrmState:  mDrmInfo=null mDrmProvisioningThread=null mPrepareDrmInProgress=false mActiveDrmScheme=false
01-15 12:10:18.019 15346 15346 V MediaPlayer: cleanDrmObj: mDrmObj=null mDrmSessionId=null
01-15 12:10:18.024 15346 15346 D featureTest: mMediaPlayer.getAudioSessionId(): 2369
01-15 12:10:18.024 15346 15346 D featureTest: Playing file: /sdcard/featureTest/chopper_5.1_180_420.wav
01-15 12:10:18.026   710  1419 D NuPlayerDriver: NuPlayerDriver(0xe84b2af0) created, clientPid(15346)
01-15 12:10:18.029 15346 15346 W MediaPlayer: Use of stream types is deprecated for operations other than volume control
01-15 12:10:18.029 15346 15346 W MediaPlayer: See the documentation of setAudioStreamType() for what to use instead with android.media.AudioAttributes to qualify your playback use case
01-15 12:10:18.030 15405 15405 W generic : type=1400 audit(0.0:198): avc: denied { read } for path="/storage/emulated/0/featuretest/chopper_5.1_180_420.wav" dev="sdcardfs" ino=1310769 scontext=u:r:mediaextractor:s0 tcontext=u:object_r:sdcardfs:s0 tclass=file permissive=0
01-15 12:10:18.033   710 15405 D GenericSource: FileSource remote
01-15 12:10:18.033   710 15405 W GenericSource: extractor service cannot make data source
01-15 12:10:18.033   710 15405 D GenericSource: FileSource local
01-15 12:10:18.036   700  1393 W WAVExtractor: More than 2 channels (6) in non-WAVE_EXT, unknown channel mask
01-15 12:10:18.059   700  1393 W WAVExtractor: More than 2 channels (6) in non-WAVE_EXT, unknown channel mask
01-15 12:10:18.060   700   897 D MediaBufferGroup: creating MemoryDealer
01-15 12:10:18.061   710 15404 D NuPlayerDriver: notifyListener_l(0xe84b2af0), (1, 0, 0, -1), loop setting(0, 0)
01-15 12:10:18.065   710  1419 D NuPlayerDriver: start(0xe84b2af0), state is 4, eos is 0
01-15 12:10:18.065   710 15404 I GenericSource: start
01-15 12:10:18.070 15346 15346 W DolbyAudioEffect: WARNING: attaching a DolbyAudioEffect to global output mix is deprecated!
01-15 12:10:18.074   710 15411 I OMXClient: Treble IOmx obtained
01-15 12:10:18.075   717  4054 I OMXMaster: makeComponentInstance(OMX.google.raw.decoder) in omx@1.0-service process
01-15 12:10:18.076 15346 15346 D featureTest: receive broadcast , change ds status :1
01-15 12:10:18.078   717  4054 E OMXNodeInstance: setConfig(0xe7b0a900:google.raw.decoder, ConfigPriority(0x6f800002)) ERROR: Undefined(0x80001001)
01-15 12:10:18.078   710 15411 I ACodec  : codec does not support config priority (err -2147483648)
01-15 12:10:18.079   717  4054 E OMXNodeInstance: getConfig(0xe7b0a900:google.raw.decoder, ConfigAndroidVendorExtension(0x6f100004)) ERROR: Undefined(0x80001001)
01-15 12:10:18.080   710 15411 I MediaCodec: MediaCodec will operate in async mode
01-15 12:10:18.082   626   626 W /system/bin/hw/android.hidl.allocator@1.0-service: ashmem_create_region(32768) returning hidl_memory(0x7b7102c330, 32768)
01-15 12:10:18.083   626   626 I chatty  : uid=1000(system) allocator@1.0-s identical 2 lines
01-15 12:10:18.084   626   626 W /system/bin/hw/android.hidl.allocator@1.0-service: ashmem_create_region(32768) returning hidl_memory(0x7b7102c330, 32768)
01-15 12:10:18.086   627   924 D DlbDlbEffect: handle_EFFECT_CMD_SET_PARAM()
01-15 12:10:18.086   626   626 W /system/bin/hw/android.hidl.allocator@1.0-service: ashmem_create_region(32768) returning hidl_memory(0x7b7102c330, 32768)
01-15 12:10:18.089   626   626 I chatty  : uid=1000(system) allocator@1.0-s identical 2 lines
01-15 12:10:18.090   626   626 W /system/bin/hw/android.hidl.allocator@1.0-service: ashmem_create_region(32768) returning hidl_memory(0x7b7102c330, 32768)
01-15 12:10:18.099   626   626 W /system/bin/hw/android.hidl.allocator@1.0-service: ashmem_create_region(3072) returning hidl_memory(0x7b7102c330, 3072)
01-15 12:10:18.101   626   626 W /system/bin/hw/android.hidl.allocator@1.0-service: ashmem_create_region(1024) returning hidl_memory(0x7b7102c330, 1024)
01-15 12:10:18.101   684  3653 E EffectHalHidl: Buffer provider callbacks are not supported
01-15 12:10:18.102   710 15408 D AudioTrack: Client defaulted notificationFrames to 12000 for frameCount 24000
01-15 12:10:18.104   626   626 W /system/bin/hw/android.hidl.allocator@1.0-service: ashmem_create_region(7680) returning hidl_memory(0x7b7102c330, 7680)
01-15 12:10:18.106   626   626 W /system/bin/hw/android.hidl.allocator@1.0-service: ashmem_create_region(7680) returning hidl_memory(0x7b7102c330, 7680)
01-15 12:10:18.108   684  7228 W AudioFlinger: moveDolbyEffect() effect chain for session 0 not on source thread 0xee0ae580
01-15 12:10:18.108   710 15404 D NuPlayerDriver: notifyListener_l(0xe84b2af0), (6, 0, 0, -1), loop setting(0, 1)
01-15 12:10:18.139 15346 15346 D featureTest: receive broadcast , change ds profile id :5
01-15 12:10:18.150   627  4939 D DlbDlbEffect: handle_EFFECT_CMD_SET_PARAM()
01-15 12:10:18.150   645   713 I DapController: Profile Changed to Custom
01-15 12:10:18.160   627  3892 D DlbDapEndpointParamCache: commitChangedParams()
01-15 12:10:18.160   627  3892 D DlbDapEndpointParamCache: commit() Applying parameters for device 0x40000000
01-15 12:10:18.160   627  3892 D DlbDap2Process: setParam(iea = #1[10])
01-15 12:10:18.160   627  3892 D DlbDap2Process: setParam(msce = #1[0])
01-15 12:10:18.160   627  3892 D DlbDap2Process: setParam(mdee = #1[0])
01-15 12:10:18.160   627  3892 D DlbDap2Process: setParam(miee = #1[0])
01-15 12:10:18.161   627  3892 D DlbDap2Process: setParam(mdle = #1[0])
01-15 12:10:18.161   627  3892 D DlbDap2Process: setParam(dvle = #1[1])
01-15 12:10:18.161   627  3892 D DlbDap2Process: setParam(mave = #1[0])
01-15 12:10:18.161   627  3892 D DlbDap2Process: setParam(vcbf = #20[47, 141, 234, 328, 469, 656, 844, 1031, 1313, 1688, 2250, 3000, 3750, 4688, 5813, 7125, 9000, 11250, 13875, 19688])
01-15 12:10:18.161   627  3892 D DlbDap2Process: setParam(vbon = #1[0])
01-15 12:10:18.161   627  3892 D DlbDap2Process: setParam(beon = #1[0])
01-15 12:10:18.161   627  3892 D DlbDap2Process: setParam(geon = #1[0])
01-15 12:10:18.161   627  3892 D DlbDap2Process: setParam(ieon = #1[0])
01-15 12:10:18.161   627  3892 D DlbDap2Process: setParam(gebs = #41[20, 47, 141, 234, 328, 469, 656, 844, 1031, 1313, 1688, 2250, 3000, 3750, 4688, 5813, 7125, 9000, 11250, 13875, 19688, 0, 0, 0, 0, 0, 0, 0, 0, 0, 0, 0, 0, 0, 0, 0, 0, 0, 0, 0, 0])
01-15 12:10:18.161   627  3892 D DlbDap2Process: setParam(iebs = #41[20, 65, 136, 223, 332, 467, 634, 841, 1098, 1416, 1812, 2302, 2909, 3663, 4598, 5756, 7194, 8976, 11186, 13927, 17326, 117, 133, 188, 176, 141, 149, 175, 185, 185, 200, 236, 242, 228, 213, 182, 132, 110, 68, -27, -240])
01-15 12:10:18.161   627  3892 D DlbDapEndpointParamCache: doCommit() Committed 15 parameters out of 16.
01-15 12:10:18.161   627  3892 D DlbDapEndpointParamCache: commit() Overriding parameters for current device 0x00000002
01-15 12:10:18.161   627  3892 D DlbDap2Process: setParam(dea = #1[7])
01-15 12:10:18.161   627  3892 D DlbDap2Process: setParam(dsa = #1[10])
01-15 12:10:18.161   627  3892 D DlbDap2Process: setParam(beb = #1[192])
01-15 12:10:18.161   627  3892 D DlbDap2Process: setParam(plb = #1[0])
01-15 12:10:18.161   627  3892 D DlbDap2Process: setParam(vmb = #1[144])
01-15 12:10:18.161   627  3892 D DlbDap2Process: setParam(dsb = #1[48])
01-15 12:10:18.162   627  3892 D DlbDap2Process: setParam(ded = #1[0])
01-15 12:10:18.162   627  3892 D DlbDap2Process: setParam(vbm = #1[3])
01-15 12:10:18.162   627  3892 D DlbDap2Process: setParam(dom = #1[0])
01-15 12:10:18.162   627  3892 D DlbDap2Process: setParam(bew = #1[16])
01-15 12:10:18.162   627  3892 D DlbDap2Process: setParam(dvla = #1[5])
01-15 12:10:18.162   627  3892 D DlbDap2Process: setParam(arra = #1[96])
01-15 12:10:18.162   627  3892 D DlbDap2Process: setParam(dfsa = #1[10])
01-15 12:10:18.162   627  3892 D DlbDap2Process: setParam(dhsa = #1[10])
01-15 12:10:18.162   627  3892 D DlbDap2Process: setParam(dvmc = #1[0])
01-15 12:10:18.162   627  3892 D DlbDap2Process: setParam(arod = #1[0])
01-15 12:10:18.162   627  3892 D DlbDap2Process: setParam(arde = #1[1])
01-15 12:10:18.162   627  3892 D DlbDap2Process: setParam(dvle = #1[1])
01-15 12:10:18.162   627  3892 D DlbDap2Process: setParam(dvme = #1[0])
01-15 12:10:18.162   627  3892 D DlbDap2Process: setParam(becf = #1[200])
01-15 12:10:18.162   627  3892 D DlbDap2Process: setParam(vbmf = #2[94, 469])
01-15 12:10:18.162   627  3892 D DlbDap2Process: setParam(vbsf = #2[35, 160])
01-15 12:10:18.162   627  3892 D DlbDap2Process: setParam(vbhg = #3[-32, -144, -192])
01-15 12:10:18.162   627  3892 D DlbDap2Process: setParam(vbog = #1[0])
01-15 12:10:18.162   627  3892 D DlbDap2Process: setParam(vbsg = #1[0])
01-15 12:10:18.162   627  3892 D DlbDap2Process: setParam(dvli = #1[-320])
01-15 12:10:18.162   627  3892 D DlbDap2Process: setParam(dhfm = #1[2])
01-15 12:10:18.162   627  3892 D DlbDap2Process: setParam(vbon = #1[0])
01-15 12:10:18.162   627  3892 D DlbDap2Process: setParam(beon = #1[0])
01-15 12:10:18.162   627  3892 D DlbDap2Process: setParam(deon = #1[0])
01-15 12:10:18.162   627  3892 D DlbDap2Process: setParam(ngon = #1[1])
01-15 12:10:18.162   627  3892 D DlbDap2Process: setParam(aoon = #1[1])
01-15 12:10:18.162   627  3892 D DlbDap2Process: setParam(aron = #1[1])
01-15 12:10:18.163   627  3892 D DlbDap2Process: setParam(dvlo = #1[-320])
01-15 12:10:18.163   627  3892 D DlbDap2Process: setParam(artp = #1[12])
01-15 12:10:18.163   627  3892 D DlbDap2Process: setParam(aobs = #222[20, 10, 47, 141, 234, 328, 469, 656, 844, 1031, 1313, 1688, 2250, 3000, 3750, 4688, 5813, 7125, 9000, 11250, 13875, 19688, 0, 0, 0, 0, 0, 0, 0, 0, 0, 0, 0, 0, 0, 0, 0, 0, 0, 0, 0, 0, 0, 0, 0, 0, 0, 0, 0, 0, 0, 0, 0, 0, 0, 0, 0, 0, 0, 0, 0, 0, 0, 0, 0, 0, 0, 0, 0, 0, 0, 0, 0, 0, 0, 0, 0, 0, 0, 0, 0, 0, 0, 0, 0, 0, 0, 0, 0, 0, 0, 0, 0, 0, 0, 0, 0, 0, 0, 0, 0, 0, 0, 0, 0, 0, 0, 0, 0, 0, 0, 0, 0, 0, 0, 0, 0, 0, 0, 0, 0, 0, 0, 0, 0, 0, 0, 0, 0, 0, 0, 0, 0, 0, 0, 0, 0, 0, 0, 0, 0, 0, 0, 0, 0, 0, 0, 0, 0, 0, 0, 0, 0, 0, 0, 0, 0, 0, 0, 0, 0, 0, 0, 0, 0, 0, 0, 0, 0, 0, 0, 0, 0, 0, 0, 0, 0, 0, 0, 0, 0, 0, 0, 0, 0, 0, 0, 0, 0, 0, 0, 0, 0, 0, 0, 0, 0, 0, 0, 0, 0, 0, 0, 0, 0, 0, 0, 0, 0, 0, 0, 0, 0, 0, 0, 0, 0, 0, 0, 0, 0, 0])
01-15 12:10:18.163   627  3892 D DlbDap2Process: setParam(arbs = #81[20, 47, 141, 234, 328, 469, 656, 844, 1031, 1313, 1688, 2250, 3000, 3750, 4688, 5813, 7125, 9000, 11250, 13875, 19688, -192, -192, -192, -192, -192, -192, -192, -192, -192, -192, -192, -192, -192, -192, -192, -192, -192, -192, -192, -192, 0, 0, 0, 0, 0, 0, 0, 0, 0, 0, 0, 0, 0, 0, 0, 0, 0, 0, 0, 0, 0, 0, 0, 0, 0, 0, 0, 0, 0, 0, 0, 0, 0, 0, 0, 0, 0, 0, 0, 0])
01-15 12:10:18.163   627  3892 D DlbDapEndpointParamCache: doCommit() Committed 37 parameters out of 37.
01-15 12:10:18.163   627  3892 D DlbDap2Process: setMave(mave = 0)
01-15 12:10:18.189   684   928 W AudioFlinger::EffectModule: EffectModule 0xed0e1900 destructor called with unreleased interface
01-15 12:10:18.191   684   928 W AudioFlinger::EffectHandle: disconnect Effect handle 0xee163840 disconnected after thread destruction
01-15 12:10:18.199 15346 15346 D featureTest: receive broadcast , change virtual speaker  virtualizer :1
01-15 12:10:18.211 15346 15346 W System.err: java.lang.UnsupportedOperationException
01-15 12:10:18.211 15346 15346 W System.err: 	at com.dolby.dax.DolbyAudioEffect.setDolbyVirtualSpeakerVirtualizerEnabled(DolbyAudioEffect.java:323)
01-15 12:10:18.211 15346 15346 W System.err: 	at com.dolby.qa.featuretest.MainActivity$1.handleMessage(MainActivity.java:139)
01-15 12:10:18.211 15346 15346 W System.err: 	at android.os.Handler.dispatchMessage(Handler.java:105)
01-15 12:10:18.212 15346 15346 W System.err: 	at android.os.Looper.loop(Looper.java:164)
01-15 12:10:18.212 15346 15346 W System.err: 	at android.app.ActivityThread.main(ActivityThread.java:6541)
01-15 12:10:18.212 15346 15346 W System.err: 	at java.lang.reflect.Method.invoke(Native Method)
01-15 12:10:18.212 15346 15346 W System.err: 	at com.android.internal.os.Zygote$MethodAndArgsCaller.run(Zygote.java:240)
01-15 12:10:18.212 15346 15346 W System.err: 	at com.android.internal.os.ZygoteInit.main(ZygoteInit.java:767)
01-15 12:10:18.212 15346 15346 D featureTest: virtual speaker virtualizer can not be operate for mono speaker endpoint!
01-15 12:10:18.215 15346 15351 I zygote64: Do partial code cache collection, code=9KB, data=13KB
01-15 12:10:18.215 15346 15351 I zygote64: After code cache collection, code=9KB, data=13KB
01-15 12:10:18.216 15346 15351 I zygote64: Increasing code cache capacity to 128KB
01-15 12:10:18.216 15346 15351 I zygote64: Do partial code cache collection, code=9KB, data=32KB
01-15 12:10:18.217 15346 15351 I zygote64: After code cache collection, code=9KB, data=32KB
01-15 12:10:18.217 15346 15351 I zygote64: Increasing code cache capacity to 256KB
01-15 12:10:18.217 15346 15351 I zygote64: Compiler allocated 8MB to compile void android.widget.TextView.<init>(android.content.Context, android.util.AttributeSet, int, int)
01-15 12:10:18.253 15346 15346 D featureTest: receive broadcast , record log :0
01-15 12:10:18.678   627  3892 D DlbDap2Process: process() called [213500] times
01-15 12:10:19.784   945   945 W WindowManager: removeWindowToken: Attempted to remove non-existing token: android.os.Binder@d3f1d23
01-15 12:10:19.840   475   475 D SurfaceFlinger: duplicate layer name: changing Toast to Toast#1
01-15 12:10:21.354   627  3892 D DlbDap2Process: process() called [214000] times
01-15 12:10:21.818   945   945 W WindowManager: removeWindowToken: Attempted to remove non-existing token: android.os.Binder@a7d5895
