01-17 09:23:46.055   710  1422 D NuPlayerDriver: reset(0xe6bcb1c0) at state 5
01-17 09:23:46.059   710  1422 D NuPlayerDriver: notifyListener_l(0xe6bcb1c0), (8, 0, 0, -1), loop setting(0, 1)
01-17 09:23:46.060   684  7228 D AudioFlinger: trackStateChanged() Track id 757 state changed to 6
01-17 09:23:46.066   717  5320 I DDP_JOCDecoder: -> ~DDPDecoder
01-17 09:23:46.066   717  5320 I DDP_JOCDecoder: -> stop
01-17 09:23:46.067   645   645 I DMSService: unregisterClient type = 4, uid = e7f0fbc0
01-17 09:23:46.105   717  5320 I DDP_JOCDecoder: <- stop
01-17 09:23:46.105   717  5320 I ARenderer: ~ARenderer
01-17 09:23:46.105   717  5320 I evo_parser: evo_parser_close
01-17 09:23:46.105   717  5320 I DlbDap2QmfProcess: ~Dap2Process()
01-17 09:23:46.106   717  5320 I DlbDap2QmfProcess: close()
01-17 09:23:46.106   717  5320 I DDP_JOCDecoder: <- ~DDPDecoder
01-17 09:23:46.111   710 30942 D NuPlayerDriver: notifyResetComplete(0xe6bcb1c0)
01-17 09:23:46.111   710  1422 D AudioTrack: stop() called with 0 frames delivered
01-17 09:23:46.154   627  3892 I DlbEffectContext: setContentProcEnabled() Enabling content processing in global effect
01-17 09:23:46.154   627  3892 D DlbDapEndpointParamCache: commitChangedParams()
01-17 09:23:46.154   627  3892 D DlbDapEndpointParamCache: commit() Applying parameters for device 0x40000000
01-17 09:23:46.154   627  3892 D DlbDap2Process: setParam(iea = #1[10])
01-17 09:23:46.154   627  3892 D DlbDap2Process: setParam(msce = #1[0])
01-17 09:23:46.154   627  3892 D DlbDap2Process: setParam(mdee = #1[0])
01-17 09:23:46.154   627  3892 D DlbDap2Process: setParam(miee = #1[0])
01-17 09:23:46.154   627  3892 D DlbDap2Process: setParam(mdle = #1[0])
01-17 09:23:46.154   627  3892 D DlbDap2Process: setParam(dvle = #1[1])
01-17 09:23:46.154   627  3892 D DlbDap2Process: setParam(mave = #1[0])
01-17 09:23:46.154   627  3892 D DlbDap2Process: setParam(vcbf = #20[47, 141, 234, 328, 469, 656, 844, 1031, 1313, 1688, 2250, 3000, 3750, 4688, 5813, 7125, 9000, 11250, 13875, 19688])
01-17 09:23:46.154   627  3892 D DlbDap2Process: setParam(vbon = #1[0])
01-17 09:23:46.155   627  3892 D DlbDap2Process: setParam(beon = #1[0])
01-17 09:23:46.155   627  3892 D DlbDap2Process: setParam(geon = #1[0])
01-17 09:23:46.155   627  3892 D DlbDap2Process: setParam(ieon = #1[0])
01-17 09:23:46.155   627  3892 D DlbDap2Process: setParam(gebs = #41[20, 47, 141, 234, 328, 469, 656, 844, 1031, 1313, 1688, 2250, 3000, 3750, 4688, 5813, 7125, 9000, 11250, 13875, 19688, 0, 0, 0, 0, 0, 0, 0, 0, 0, 0, 0, 0, 0, 0, 0, 0, 0, 0, 0, 0])
01-17 09:23:46.155   627  3892 D DlbDap2Process: setParam(iebs = #41[20, 65, 136, 223, 332, 467, 634, 841, 1098, 1416, 1812, 2302, 2909, 3663, 4598, 5756, 7194, 8976, 11186, 13927, 17326, 117, 133, 188, 176, 141, 149, 175, 185, 185, 200, 236, 242, 228, 213, 182, 132, 110, 68, -27, -240])
01-17 09:23:46.155   627  3892 D DlbDapEndpointParamCache: doCommit() Committed 15 parameters out of 16.
01-17 09:23:46.155   627  3892 D DlbDapEndpointParamCache: commit() Overriding parameters for current device 0x00000002
01-17 09:23:46.155   627  3892 D DlbDap2Process: setParam(dea = #1[7])
01-17 09:23:46.155   627  3892 D DlbDap2Process: setParam(dsa = #1[10])
01-17 09:23:46.155   627  3892 D DlbDap2Process: setParam(beb = #1[192])
01-17 09:23:46.155   627  3892 D DlbDap2Process: setParam(plb = #1[0])
01-17 09:23:46.155   627  3892 D DlbDap2Process: setParam(vmb = #1[144])
01-17 09:23:46.155   627  3892 D DlbDap2Process: setParam(dsb = #1[48])
01-17 09:23:46.155   627  3892 D DlbDap2Process: setParam(ded = #1[0])
01-17 09:23:46.155   627  3892 D DlbDap2Process: setParam(vbm = #1[3])
01-17 09:23:46.155   627  3892 D DlbDap2Process: setParam(dom = #1[0])
01-17 09:23:46.155   627  3892 D DlbDap2Process: setParam(bew = #1[16])
01-17 09:23:46.155   627  3892 D DlbDap2Process: setParam(dvla = #1[5])
01-17 09:23:46.155   627  3892 D DlbDap2Process: setParam(arra = #1[96])
01-17 09:23:46.155   627  3892 D DlbDap2Process: setParam(dfsa = #1[10])
01-17 09:23:46.155   627  3892 D DlbDap2Process: setParam(dhsa = #1[10])
01-17 09:23:46.155   627  3892 D DlbDap2Process: setParam(dvmc = #1[0])
01-17 09:23:46.155   627  3892 D DlbDap2Process: setParam(arod = #1[0])
01-17 09:23:46.155   627  3892 D DlbDap2Process: setParam(arde = #1[1])
01-17 09:23:46.155   627  3892 D DlbDap2Process: setParam(dvle = #1[1])
01-17 09:23:46.155   627  3892 D DlbDap2Process: setParam(dvme = #1[0])
01-17 09:23:46.156   627  3892 D DlbDap2Process: setParam(becf = #1[200])
01-17 09:23:46.156   627  3892 D DlbDap2Process: setParam(vbmf = #2[94, 469])
01-17 09:23:46.156   627  3892 D DlbDap2Process: setParam(vbsf = #2[35, 160])
01-17 09:23:46.156   627  3892 D DlbDap2Process: setParam(vbhg = #3[-32, -144, -192])
01-17 09:23:46.156   627  3892 D DlbDap2Process: setParam(vbog = #1[0])
01-17 09:23:46.156   627  3892 D DlbDap2Process: setParam(vbsg = #1[0])
01-17 09:23:46.156   627  3892 D DlbDap2Process: setParam(dvli = #1[-320])
01-17 09:23:46.156   627  3892 D DlbDap2Process: setParam(dhfm = #1[2])
01-17 09:23:46.156   627  3892 D DlbDap2Process: setParam(vbon = #1[0])
01-17 09:23:46.156   627  3892 D DlbDap2Process: setParam(beon = #1[0])
01-17 09:23:46.156   627  3892 D DlbDap2Process: setParam(deon = #1[0])
01-17 09:23:46.156   627  3892 D DlbDap2Process: setParam(ngon = #1[1])
01-17 09:23:46.156   627  3892 D DlbDap2Process: setParam(aoon = #1[1])
01-17 09:23:46.156   627  3892 D DlbDap2Process: setParam(aron = #1[1])
01-17 09:23:46.156   627  3892 D DlbDap2Process: setParam(dvlo = #1[-320])
01-17 09:23:46.156   627  3892 D DlbDap2Process: setParam(artp = #1[12])
01-17 09:23:46.156   627  3892 D DlbDap2Process: setParam(aobs = #222[20, 10, 47, 141, 234, 328, 469, 656, 844, 1031, 1313, 1688, 2250, 3000, 3750, 4688, 5813, 7125, 9000, 11250, 13875, 19688, 0, 0, 0, 0, 0, 0, 0, 0, 0, 0, 0, 0, 0, 0, 0, 0, 0, 0, 0, 0, 0, 0, 0, 0, 0, 0, 0, 0, 0, 0, 0, 0, 0, 0, 0, 0, 0, 0, 0, 0, 0, 0, 0, 0, 0, 0, 0, 0, 0, 0, 0, 0, 0, 0, 0, 0, 0, 0, 0, 0, 0, 0, 0, 0, 0, 0, 0, 0, 0, 0, 0, 0, 0, 0, 0, 0, 0, 0, 0, 0, 0, 0, 0, 0, 0, 0, 0, 0, 0, 0, 0, 0, 0, 0, 0, 0, 0, 0, 0, 0, 0, 0, 0, 0, 0, 0, 0, 0, 0, 0, 0, 0, 0, 0, 0, 0, 0, 0, 0, 0, 0, 0, 0, 0, 0, 0, 0, 0, 0, 0, 0, 0, 0, 0, 0, 0, 0, 0, 0, 0, 0, 0, 0, 0, 0, 0, 0, 0, 0, 0, 0, 0, 0, 0, 0, 0, 0, 0, 0, 0, 0, 0, 0, 0, 0, 0, 0, 0, 0, 0, 0, 0, 0, 0, 0, 0, 0, 0, 0, 0, 0, 0, 0, 0, 0, 0, 0, 0, 0, 0, 0, 0, 0, 0, 0, 0, 0, 0, 0, 0])
01-17 09:23:46.156   627  3892 D DlbDap2Process: setParam(arbs = #81[20, 47, 141, 234, 328, 469, 656, 844, 1031, 1313, 1688, 2250, 3000, 3750, 4688, 5813, 7125, 9000, 11250, 13875, 19688, -192, -192, -192, -192, -192, -192, -192, -192, -192, -192, -192, -192, -192, -192, -192, -192, -192, -192, -192, -192, 0, 0, 0, 0, 0, 0, 0, 0, 0, 0, 0, 0, 0, 0, 0, 0, 0, 0, 0, 0, 0, 0, 0, 0, 0, 0, 0, 0, 0, 0, 0, 0, 0, 0, 0, 0, 0, 0, 0, 0])
01-17 09:23:46.156   627  3892 D DlbDapEndpointParamCache: doCommit() Committed 37 parameters out of 37.
01-17 09:23:46.157   627  3892 D DlbDap2Process: setMave(mave = 0)
01-17 09:23:46.212   684  1061 D AudioFlinger: trackStateChanged() Track id 757 state changed to 2
01-17 09:23:46.212   684  1061 I AudioFlinger: updateProcessedAudioState() Changing content processing in effect to 0
01-17 09:23:46.212   627  4939 D DlbDlbEffect: handle_EFFECT_CMD_SET_PARAM()
01-17 09:23:46.233   684  1061 D AudioFlinger: trackDestroyed() Track id 757 no longer contains processed audio
01-17 09:23:46.235   684   928 W AudioFlinger::EffectModule: EffectModule 0xee09ec80 destructor called with unreleased interface
01-17 09:23:46.236   684   928 W AudioFlinger::EffectHandle: disconnect Effect handle 0xee0a6480 disconnected after thread destruction
01-17 09:23:46.236   627  6441 D DlbDlbEffect: handle_EFFECT_CMD_DISABLE()
01-17 09:23:46.236   627  6441 D DlbDapCrossfadeProcess: setEnabled transitioning from DAP_ACTIVE state to FADE_TO_BYPASS
01-17 09:23:46.238   627   627 D DlbDlbEffect: handle_EFFECT_CMD_SET_CONFIG()
01-17 09:23:46.238   627   627 D DlbDapEndpointParamCache: setDevice(device=0x00000002)
01-17 09:23:46.239   645   645 D DMSService: setActiveDevice called with device = 0x2
01-17 09:23:46.239   627  6441 D DlbDlbEffect: handle_EFFECT_CMD_ENABLE()
01-17 09:23:46.239   627  6441 D DlbDapCrossfadeProcess: setEnabled transitioning from FADE_TO_BYPASS state to FADE_TO_ACTIVE
01-17 09:23:46.344 30985 30985 D featureTest: onCreate
01-17 09:23:46.347 30985 30985 D AudioTrack: Client defaulted notificationFrames to 962 for frameCount 1924
01-17 09:23:46.350 30985 30985 W AudioTrack: Use of stream types is deprecated for operations other than volume control
01-17 09:23:46.350 30985 30985 W AudioTrack: See the documentation of AudioTrack() for what to use instead with android.media.AudioAttributes to qualify your playback use case
01-17 09:23:46.362 30985 30985 D featureTest: onResume
01-17 09:23:47.225 30985 30985 D featureTest: receive broadcast , playing content location :/sdcard/featureTest/7ch_ddp_25fps_diff_music_01.mp4
01-17 09:23:47.236 30985 30985 D featureTest: mMediaPlayer.getAudioSessionId(): 5673
01-17 09:23:47.236 30985 30985 D featureTest: Playing file: /sdcard/featureTest/7ch_ddp_25fps_diff_music_01.mp4
01-17 09:23:47.238   710  1419 D NuPlayerDriver: NuPlayerDriver(0xe6bcb7e0) created, clientPid(30985)
01-17 09:23:47.261   710 31010 D NuPlayerDriver: notifyListener_l(0xe6bcb7e0), (1, 0, 0, -1), loop setting(0, 0)
01-17 09:23:47.270   710  1419 D NuPlayerDriver: start(0xe6bcb7e0), state is 4, eos is 0
01-17 09:23:47.288 30985 30985 D featureTest: receive broadcast , change ds status :0
01-17 09:23:47.290   717  5783 I OMXMaster: makeComponentInstance(OMX.dolby.eac3.decoder) in omx@1.0-service process
01-17 09:23:47.299   627   627 D DlbDlbEffect: handle_EFFECT_CMD_SET_PARAM()
01-17 09:23:47.334   717  5783 I DDP_JOCDecoder: -> init name OMX.dolby.eac3.decoder
01-17 09:23:47.336   645   645 I DMSService: registerClient type = 0, uid = e7f0fbd0
01-17 09:23:47.336   717  5783 I DDP_JOCDecoder: <- init
01-17 09:23:47.336   717  5783 D DDP_JOCDecoder: initPorts
01-17 09:23:47.338   710 31019 I ACodec  : codec does not support config priority (err -2147483648)
01-17 09:23:47.339   710 31019 I MediaCodec: MediaCodec will operate in async mode
01-17 09:23:47.339   710 31019 I ACodec  : setDolbyParameterOnProcessedAudio() Received dolby_processed_audio=1
01-17 09:23:47.339   710 31018 I NuPlayerDecoder: setDolbyMessage() Notifying player that Codec supports dolby_processed_audio flag
01-17 09:23:47.339   710 31010 I NuPlayer: onDolbyMessageReceived() Setting dolby_processed_audio flag on audio sink
01-17 09:23:47.339   645   645 I DMSService: unregisterClient type = 0, uid = e7f0fbd0
01-17 09:23:47.355 30985 30985 D featureTest: receive broadcast , change ds profile id :2
01-17 09:23:47.367   627  6441 D DlbDlbEffect: handle_EFFECT_CMD_SET_PARAM()
01-17 09:23:47.367   645   713 I DapController: Profile Changed to Music
01-17 09:23:47.368   645   645 I DMSService: registerClient type = 4, uid = e7f0fbc0
01-17 09:23:47.368   717  5320 D DDP_JOCDecoder: internalSetParameter() Instantiating ARenderer for content processing in decoder
01-17 09:23:47.368   717  5320 I DlbDap2QmfProcess: Dap2Process()
01-17 09:23:47.368   717  5320 I ARenderer: ARenderer
01-17 09:23:47.368   717  5320 I evo_parser: evo_parser_init
01-17 09:23:47.368   717  5320 I DlbDap2QmfProcess: init()
01-17 09:23:47.368   717  5320 I DlbDap2QmfProcess: open()
01-17 09:23:47.369   717  5320 I DlbDap2QmfProcess: loadLicense() no license check!
01-17 09:23:47.369   717  5320 I DlbDap2QmfProcess: validateLicense() no license check!
01-17 09:23:47.369   717  5320 I DlbDap2QmfProcess: init() DAP opened
01-17 09:23:47.369   717  5320 I DlbDap2QmfProcess: DAP library version: 2.5.1-P2.0
01-17 09:23:47.369   717  5320 D DlbDap2QmfProcess: DAP output mode set to 1 with 2 output channels and null mix matrix.
01-17 09:23:47.369   710 31019 I ACodec  : setDolbyParameterOnProcessedAudio() Content processing enabled in decoder
01-17 09:23:47.383   717 31023 I DDP_JOCDecoder: -> start
01-17 09:23:47.384   717 31023 D DDP_JOCDecoder: Setting Max Output Channels to 2
01-17 09:23:47.385   717 31023 D DDP_JOCDecoder: setMultiChannelPCMOutDownmix mConfig->jocForceDownmixMode 1
01-17 09:23:47.385   717 31023 I udc_user: 
01-17 09:23:47.385   717 31023 I udc_user: *** DDPlus Unified Decoder Simulation  Version 1.7.3 ***
01-17 09:23:47.385   717 31023 I udc_user: 
01-17 09:23:47.385   717 31023 I udc_user: 7.1-channel decoder-converter, 
01-17 09:23:47.385   717 31023 I udc_user: 
01-17 09:23:47.385   717 31023 I udc_user: 5.1-channel dual-decoder-converter, 
01-17 09:23:47.385   717 31023 I udc_user: Karaoke unsupported, 
01-17 09:23:47.385   717 31023 I udc_user: TPNP supported. 
01-17 09:23:47.385   717 31023 I udc_user: 
01-17 09:23:47.385   717 31023 I udc_user: Unpublished work.  Copyright 2003-2014 Dolby Laboratories, Inc. and
01-17 09:23:47.385   717 31023 I udc_user: Dolby Laboratories Licensing Corporation.  All Rights Reserved.
01-17 09:23:47.385   717 31023 I udc_user: 
01-17 09:23:47.385   717 31023 I udc_user: USE OF THIS SOFTWARE IS SUBJECT TO A LEGAL AGREEMENT BETWEEN YOU AND DOLBY
01-17 09:23:47.385   717 31023 I udc_user: LABORATORIES. DO NOT USE THIS SOFTWARE UNLESS YOU AGREE TO THE TERMS AND 
01-17 09:23:47.385   717 31023 I udc_user: CONDITIONS IN THE AGREEMENT.  BY USING THIS SOFTWARE, YOU ACKNOWLEDGE THAT 
01-17 09:23:47.385   717 31023 I udc_user: YOU HAVE READ THE AGREEMENT AND THAT YOU AGREE TO BE BOUND BY ITS TERMS. 
01-17 09:23:47.385   717 31023 I udc_user: 
01-17 09:23:47.386   717 31023 I ddpdec_client_joc: ddpdec_open JOCD_MODE Buffer assignment
01-17 09:23:47.386   717 31023 D DDP_JOCDecoder: mStarted = 1
01-17 09:23:47.386   717 31023 I DDP_JOCDecoder: <- start
01-17 09:23:47.388   717 31023 D ddpdec_client_joc: ddpdec_client.c|int configDecoder()
01-17 09:23:47.389   717 31023 D DDP_JOCDecoder: Setting Max Output Channels to 2
01-17 09:23:47.389   717 31023 I DlbDap2QmfProcess: close()
01-17 09:23:47.389   717 31023 I DlbDap2QmfProcess: init()
01-17 09:23:47.389   717 31023 I DlbDap2QmfProcess: open()
01-17 09:23:47.389   717 31023 I DlbDap2QmfProcess: loadLicense() no license check!
01-17 09:23:47.389   717 31023 I DlbDap2QmfProcess: validateLicense() no license check!
01-17 09:23:47.389   717 31023 I DlbDap2QmfProcess: init() DAP opened
01-17 09:23:47.389   717 31023 I DlbDap2QmfProcess: DAP library version: 2.5.1-P2.0
01-17 09:23:47.389   717 31023 D DlbDap2QmfProcess: DAP output mode set to 1 with 2 output channels and null mix matrix.
01-17 09:23:47.390   717 31023 D ARenderer: checkAndUpdateConfig: DAP reinitialized because of sample rate change
01-17 09:23:47.390   717 31023 D ARenderer: updateDapConfig: Updating DAP configuration
01-17 09:23:47.390   717 31023 I ARenderer: updateDapConfig: Disable content processing in decoder-ARenderer
01-17 09:23:47.390   717 31023 D DlbDap2QmfProcess: setParam(deon = #1[0])
01-17 09:23:47.390   717 31023 D DlbDap2QmfProcess: setParam(dvle = #1[0])
01-17 09:23:47.390   717 31023 D DlbDap2QmfProcess: setParam(ieon = #1[0])
01-17 09:23:47.390   717 31023 D DlbDap2QmfProcess: setParam(dvme = #1[0])
01-17 09:23:47.390   717 31023 D DlbDap2QmfProcess: setParam(dom = #1[0])
01-17 09:23:47.390   717 31023 D DlbDap2QmfProcess: setParam(msce = #1[0])
01-17 09:23:47.390   717 31023 D DlbDap2QmfProcess: setParam(miee = #1[0])
01-17 09:23:47.390   717 31023 D DlbDap2QmfProcess: setParam(mdle = #1[0])
01-17 09:23:47.390   717 31023 D DlbDap2QmfProcess: setParam(mdee = #1[0])
01-17 09:23:47.390   717 31023 D DlbDap2QmfProcess: setParam(mave = #1[0])
01-17 09:23:47.390   717 31023 D DlbDap2QmfProcess: setParam(ngon = #1[0])
01-17 09:23:47.390   717 31023 D DlbDap2QmfProcess: setParam(dvle = #1[1])
01-17 09:23:47.390   717 31023 D DlbDap2QmfProcess: setParam(dvli = #1[-496])
01-17 09:23:47.390   717 31023 D DlbDap2QmfProcess: setParam(dvlo = #1[-224])
01-17 09:23:47.390   717 31023 D ARenderer: updateDapVolumeLeveler: Setting output level to -14.00dB
01-17 09:23:47.390   717 31023 D DlbDap2QmfProcess: setParam(vmb = #1[0])
01-17 09:23:47.390   717 31023 D DlbDap2QmfProcess: setParam(preg = #1[-384])
01-17 09:23:47.390   717 31023 D DlbDap2QmfProcess: setParam(vol = #1[384])
01-17 09:23:47.390   717 31023 D DlbDap2QmfProcess: processQmf() called [0] times
01-17 09:23:47.390   717 31023 D DlbDap2QmfProcess: setMave(mave = 0)
01-17 09:23:47.401   710 31017 D AudioTrack: Client defaulted notificationFrames to 12000 for frameCount 24000
01-17 09:23:47.402   684  3974 I AudioFlinger: attachAuxEffect(): Marking track 759 as containing processed audio
01-17 09:23:47.402   684  3974 D AudioFlinger: trackContainsProcessedAudio() Track id 759 contains processed audio
01-17 09:23:47.407   627  6441 D DlbDlbEffect: handle_EFFECT_CMD_DISABLE()
01-17 09:23:47.408   627  6441 D DlbDapCrossfadeProcess: setEnabled transitioning from FADE_TO_ACTIVE state to FADE_TO_BYPASS
01-17 09:23:47.410   627   627 D DlbDlbEffect: handle_EFFECT_CMD_SET_CONFIG()
01-17 09:23:47.410   627   627 D DlbDapEndpointParamCache: setDevice(device=0x00000002)
01-17 09:23:47.410   645   645 D DMSService: setActiveDevice called with device = 0x2
01-17 09:23:47.411   627  6441 D DlbDlbEffect: handle_EFFECT_CMD_ENABLE()
01-17 09:23:47.411   627  6441 D DlbDapCrossfadeProcess: setEnabled transitioning from FADE_TO_BYPASS state to FADE_TO_ACTIVE
01-17 09:23:47.411   684  3653 W AudioFlinger: moveDolbyEffect() effect chain for session 0 not on source thread 0xee0ae580
01-17 09:23:47.411   684  3653 D AudioFlinger: trackStateChanged() Track id 759 state changed to 6
01-17 09:23:47.411   684  3653 I AudioFlinger: updateProcessedAudioState() Changing content processing in effect to 1
01-17 09:23:47.411   627   627 D DlbDlbEffect: handle_EFFECT_CMD_SET_PARAM()
01-17 09:23:47.412   710 31010 D NuPlayerDriver: notifyListener_l(0xe6bcb7e0), (6, 0, 0, -1), loop setting(0, 1)
01-17 09:23:47.416 30985 30985 D featureTest: receive broadcast , playing content location :/sdcard/featureTest/7ch_ddp_25fps_diff_music_01.mp4
01-17 09:23:47.420   710  1419 D NuPlayerDriver: stop(0xe6bcb7e0)
01-17 09:23:47.421   710  1419 D NuPlayerDriver: notifyListener_l(0xe6bcb7e0), (8, 0, 0, -1), loop setting(0, 1)
01-17 09:23:47.422   710  1419 D NuPlayerDriver: reset(0xe6bcb7e0) at state 8
01-17 09:23:47.423   627  3892 I DlbEffectContext: setContentProcEnabled() Disabling content processing in effect
01-17 09:23:47.423   627  3892 D DlbDapEndpointParamCache: commitChangedParams()
01-17 09:23:47.423   627  3892 D DlbDapEndpointParamCache: commit() Applying parameters for device 0x40000000
01-17 09:23:47.423   627  3892 D DlbDap2Process: setParam(msce = #1[0])
01-17 09:23:47.424   627  3892 D DlbDap2Process: setParam(mdee = #1[0])
01-17 09:23:47.424   627  3892 D DlbDap2Process: setParam(miee = #1[0])
01-17 09:23:47.424   627  3892 D DlbDap2Process: setParam(mdle = #1[0])
01-17 09:23:47.424   627  3892 D DlbDap2Process: setParam(dvle = #1[0])
01-17 09:23:47.424   627  3892 D DlbDap2Process: setParam(mave = #1[0])
01-17 09:23:47.424   627  3892 D DlbDap2Process: setParam(ieon = #1[0])
01-17 09:23:47.424   627  3892 D DlbDapEndpointParamCache: doCommit() Committed 7 parameters out of 16.
01-17 09:23:47.424   627  3892 D DlbDapEndpointParamCache: commit() Overriding parameters for current device 0x00000002
01-17 09:23:47.424   627  3892 D DlbDap2Process: setParam(dom = #1[0])
01-17 09:23:47.424   627  3892 D DlbDap2Process: setParam(dvle = #1[0])
01-17 09:23:47.424   627  3892 D DlbDap2Process: setParam(dvme = #1[0])
01-17 09:23:47.424   627  3892 D DlbDap2Process: setParam(deon = #1[0])
01-17 09:23:47.424   627  3892 D DlbDap2Process: setParam(ngon = #1[0])
01-17 09:23:47.424   627  3892 D DlbDapEndpointParamCache: doCommit() Committed 5 parameters out of 37.
01-17 09:23:47.424   627  3892 D DlbDapCrossfadeProcess: setEnabled transitioning from FADE_TO_ACTIVE state to FADE_TO_BYPASS
01-17 09:23:47.426   627  3892 D DlbDapEndpointParamCache: commitChangedParams()
01-17 09:23:47.426   627  3892 D DlbDapEndpointParamCache: commit() Applying parameters for device 0x40000000
01-17 09:23:47.426   627  3892 D DlbDap2Process: setParam(iea = #1[10])
01-17 09:23:47.426   627  3892 D DlbDap2Process: setParam(vcbf = #20[47, 141, 234, 328, 469, 656, 844, 1031, 1313, 1688, 2250, 3000, 3750, 4688, 5813, 7125, 9000, 11250, 13875, 19688])
01-17 09:23:47.426   627  3892 D DlbDap2Process: setParam(vbon = #1[0])
01-17 09:23:47.426   627  3892 D DlbDap2Process: setParam(beon = #1[0])
01-17 09:23:47.426   627  3892 D DlbDap2Process: setParam(geon = #1[0])
01-17 09:23:47.426   627  3892 D DlbDap2Process: setParam(gebs = #41[20, 47, 141, 234, 328, 469, 656, 844, 1031, 1313, 1688, 2250, 3000, 3750, 4688, 5813, 7125, 9000, 11250, 13875, 19688, 0, 0, 0, 0, 0, 0, 0, 0, 0, 0, 0, 0, 0, 0, 0, 0, 0, 0, 0, 0])
01-17 09:23:47.426   627  3892 D DlbDap2Process: setParam(iebs = #41[20, 65, 136, 223, 332, 467, 634, 841, 1098, 1416, 1812, 2302, 2909, 3663, 4598, 5756, 7194, 8976, 11186, 13927, 17326, 117, 133, 188, 176, 141, 149, 175, 185, 185, 200, 236, 242, 228, 213, 182, 132, 110, 68, -27, -240])
01-17 09:23:47.426   627  3892 D DlbDapEndpointParamCache: doCommit() Committed 8 parameters out of 16.
01-17 09:23:47.426   627  3892 D DlbDapEndpointParamCache: commit() Overriding parameters for current device 0x00000002
01-17 09:23:47.426   627  3892 D DlbDap2Process: setParam(dea = #1[7])
01-17 09:23:47.427   627  3892 D DlbDap2Process: setParam(dsa = #1[10])
01-17 09:23:47.427   627  3892 D DlbDap2Process: setParam(beb = #1[192])
01-17 09:23:47.427   627  3892 D DlbDap2Process: setParam(plb = #1[0])
01-17 09:23:47.427   627  3892 D DlbDap2Process: setParam(vmb = #1[144])
01-17 09:23:47.427   627  3892 D DlbDap2Process: setParam(dsb = #1[0])
01-17 09:23:47.427   627  3892 D DlbDap2Process: setParam(ded = #1[0])
01-17 09:23:47.427   627  3892 D DlbDap2Process: setParam(vbm = #1[3])
01-17 09:23:47.427   627  3892 D DlbDap2Process: setParam(bew = #1[16])
01-17 09:23:47.427   627  3892 D DlbDap2Process: setParam(dvla = #1[4])
01-17 09:23:47.427   627  3892 D DlbDap2Process: setParam(arra = #1[96])
01-17 09:23:47.427   627  3892 D DlbDap2Process: setParam(dfsa = #1[10])
01-17 09:23:47.427   627  3892 D DlbDap2Process: setParam(dhsa = #1[10])
01-17 09:23:47.427   627  3892 D DlbDap2Process: setParam(dvmc = #1[0])
01-17 09:23:47.427   627  3892 D DlbDap2Process: setParam(arod = #1[0])
01-17 09:23:47.427   627  3892 D DlbDap2Process: setParam(arde = #1[1])
01-17 09:23:47.427   627  3892 D DlbDap2Process: setParam(becf = #1[200])
01-17 09:23:47.427   627  3892 D DlbDap2Process: setParam(vbmf = #2[94, 469])
01-17 09:23:47.427   627  3892 D DlbDap2Process: setParam(vbsf = #2[35, 160])
01-17 09:23:47.427   627  3892 D DlbDap2Process: setParam(vbhg = #3[-32, -144, -192])
01-17 09:23:47.427   627  3892 D DlbDap2Process: setParam(vbog = #1[0])
01-17 09:23:47.427   627  3892 D DlbDap2Process: setParam(vbsg = #1[0])
01-17 09:23:47.427   627  3892 D DlbDap2Process: setParam(dvli = #1[-320])
01-17 09:23:47.427   627  3892 D DlbDap2Process: setParam(dhfm = #1[2])
01-17 09:23:47.427   627  3892 D DlbDap2Process: setParam(vbon = #1[0])
01-17 09:23:47.427   627  3892 D DlbDap2Process: setParam(beon = #1[0])
01-17 09:23:47.427   627  3892 D DlbDap2Process: setParam(aoon = #1[1])
01-17 09:23:47.427   627  3892 D DlbDap2Process: setParam(aron = #1[1])
01-17 09:23:47.427   627  3892 D DlbDap2Process: setParam(dvlo = #1[-320])
01-17 09:23:47.427   627  3892 D DlbDap2Process: setParam(artp = #1[12])
01-17 09:23:47.428   627  3892 D DlbDap2Process: setParam(aobs = #222[20, 10, 47, 141, 234, 328, 469, 656, 844, 1031, 1313, 1688, 2250, 3000, 3750, 4688, 5813, 7125, 9000, 11250, 13875, 19688, 0, 0, 0, 0, 0, 0, 0, 0, 0, 0, 0, 0, 0, 0, 0, 0, 0, 0, 0, 0, 0, 0, 0, 0, 0, 0, 0, 0, 0, 0, 0, 0, 0, 0, 0, 0, 0, 0, 0, 0, 0, 0, 0, 0, 0, 0, 0, 0, 0, 0, 0, 0, 0, 0, 0, 0, 0, 0, 0, 0, 0, 0, 0, 0, 0, 0, 0, 0, 0, 0, 0, 0, 0, 0, 0, 0, 0, 0, 0, 0, 0, 0, 0, 0, 0, 0, 0, 0, 0, 0, 0, 0, 0, 0, 0, 0, 0, 0, 0, 0, 0, 0, 0, 0, 0, 0, 0, 0, 0, 0, 0, 0, 0, 0, 0, 0, 0, 0, 0, 0, 0, 0, 0, 0, 0, 0, 0, 0, 0, 0, 0, 0, 0, 0, 0, 0, 0, 0, 0, 0, 0, 0, 0, 0, 0, 0, 0, 0, 0, 0, 0, 0, 0, 0, 0, 0, 0, 0, 0, 0, 0, 0, 0, 0, 0, 0, 0, 0, 0, 0, 0, 0, 0, 0, 0, 0, 0, 0, 0, 0, 0, 0, 0, 0, 0, 0, 0, 0, 0, 0, 0, 0, 0, 0, 0, 0, 0, 0, 0, 0])
01-17 09:23:47.428   627  3892 D DlbDap2Process: setParam(arbs = #81[20, 47, 141, 234, 328, 469, 656, 844, 1031, 1313, 1688, 2250, 3000, 3750, 4688, 5813, 7125, 9000, 11250, 13875, 19688, -192, -192, -192, -192, -192, -192, -192, -192, -192, -192, -192, -192, -192, -192, -192, -192, -192, -192, -192, -192, 0, 0, 0, 0, 0, 0, 0, 0, 0, 0, 0, 0, 0, 0, 0, 0, 0, 0, 0, 0, 0, 0, 0, 0, 0, 0, 0, 0, 0, 0, 0, 0, 0, 0, 0, 0, 0, 0, 0, 0])
01-17 09:23:47.428   627  3892 D DlbDapEndpointParamCache: doCommit() Committed 32 parameters out of 37.
01-17 09:23:47.428   627  3892 D DlbDap2Process: setMave(mave = 0)
01-17 09:23:47.437   717  1650 I DDP_JOCDecoder: -> ~DDPDecoder
01-17 09:23:47.437   717  1650 I DDP_JOCDecoder: -> stop
01-17 09:23:47.437   645   645 I DMSService: unregisterClient type = 4, uid = e7f0fbc0
01-17 09:23:47.475   717  1650 I DDP_JOCDecoder: <- stop
01-17 09:23:47.475   717  1650 I ARenderer: ~ARenderer
01-17 09:23:47.475   717  1650 I evo_parser: evo_parser_close
01-17 09:23:47.475   717  1650 I DlbDap2QmfProcess: ~Dap2Process()
01-17 09:23:47.475   717  1650 I DlbDap2QmfProcess: close()
01-17 09:23:47.476   717  1650 I DDP_JOCDecoder: <- ~DDPDecoder
01-17 09:23:47.482   710 31010 D NuPlayerDriver: notifyResetComplete(0xe6bcb7e0)
01-17 09:23:47.482   710  1422 D NuPlayerDriver: reset(0xe6bcb7e0) at state 0
01-17 09:23:47.492 30985 30985 D featureTest: mMediaPlayer.getAudioSessionId(): 5681
01-17 09:23:47.492 30985 30985 D featureTest: Playing file: /sdcard/featureTest/7ch_ddp_25fps_diff_music_01.mp4
01-17 09:23:47.493   710  1422 D NuPlayerDriver: NuPlayerDriver(0xe6bcb850) created, clientPid(30985)
01-17 09:23:47.514   627  3892 I DlbEffectContext: setContentProcEnabled() Enabling content processing in global effect
01-17 09:23:47.514   627  3892 D DlbDapEndpointParamCache: commitChangedParams()
01-17 09:23:47.514   627  3892 D DlbDapEndpointParamCache: commit() Applying parameters for device 0x40000000
01-17 09:23:47.514   627  3892 D DlbDap2Process: setParam(iea = #1[10])
01-17 09:23:47.514   627  3892 D DlbDap2Process: setParam(msce = #1[0])
01-17 09:23:47.514   627  3892 D DlbDap2Process: setParam(mdee = #1[0])
01-17 09:23:47.514   627  3892 D DlbDap2Process: setParam(miee = #1[0])
01-17 09:23:47.514   627  3892 D DlbDap2Process: setParam(mdle = #1[0])
01-17 09:23:47.514   627  3892 D DlbDap2Process: setParam(dvle = #1[1])
01-17 09:23:47.514   627  3892 D DlbDap2Process: setParam(mave = #1[0])
01-17 09:23:47.514   627  3892 D DlbDap2Process: setParam(vcbf = #20[47, 141, 234, 328, 469, 656, 844, 1031, 1313, 1688, 2250, 3000, 3750, 4688, 5813, 7125, 9000, 11250, 13875, 19688])
01-17 09:23:47.514   627  3892 D DlbDap2Process: setParam(vbon = #1[0])
01-17 09:23:47.514   627  3892 D DlbDap2Process: setParam(beon = #1[0])
01-17 09:23:47.514   627  3892 D DlbDap2Process: setParam(geon = #1[0])
01-17 09:23:47.514   627  3892 D DlbDap2Process: setParam(ieon = #1[1])
01-17 09:23:47.514   627  3892 D DlbDap2Process: setParam(gebs = #41[20, 47, 141, 234, 328, 469, 656, 844, 1031, 1313, 1688, 2250, 3000, 3750, 4688, 5813, 7125, 9000, 11250, 13875, 19688, 0, 0, 0, 0, 0, 0, 0, 0, 0, 0, 0, 0, 0, 0, 0, 0, 0, 0, 0, 0])
01-17 09:23:47.514   627  3892 D DlbDap2Process: setParam(iebs = #41[20, 65, 136, 223, 332, 467, 634, 841, 1098, 1416, 1812, 2302, 2909, 3663, 4598, 5756, 7194, 8976, 11186, 13927, 17326, 117, 133, 188, 176, 141, 149, 175, 185, 185, 200, 236, 242, 228, 213, 182, 132, 110, 68, -27, -240])
01-17 09:23:47.514   627  3892 D DlbDapEndpointParamCache: doCommit() Committed 15 parameters out of 16.
01-17 09:23:47.514   627  3892 D DlbDapEndpointParamCache: commit() Overriding parameters for current device 0x00000002
01-17 09:23:47.514   627  3892 D DlbDap2Process: setParam(dea = #1[7])
01-17 09:23:47.515   627  3892 D DlbDap2Process: setParam(dsa = #1[10])
01-17 09:23:47.515   627  3892 D DlbDap2Process: setParam(beb = #1[192])
01-17 09:23:47.515   627  3892 D DlbDap2Process: setParam(plb = #1[0])
01-17 09:23:47.515   627  3892 D DlbDap2Process: setParam(vmb = #1[144])
01-17 09:23:47.515   627  3892 D DlbDap2Process: setParam(dsb = #1[0])
01-17 09:23:47.515   627  3892 D DlbDap2Process: setParam(ded = #1[0])
01-17 09:23:47.515   627  3892 D DlbDap2Process: setParam(vbm = #1[3])
01-17 09:23:47.515   627  3892 D DlbDap2Process: setParam(dom = #1[0])
01-17 09:23:47.515   627  3892 D DlbDap2Process: setParam(bew = #1[16])
01-17 09:23:47.515   627  3892 D DlbDap2Process: setParam(dvla = #1[4])
01-17 09:23:47.515   627  3892 D DlbDap2Process: setParam(arra = #1[96])
01-17 09:23:47.515   627  3892 D DlbDap2Process: setParam(dfsa = #1[10])
01-17 09:23:47.515   627  3892 D DlbDap2Process: setParam(dhsa = #1[10])
01-17 09:23:47.515   627  3892 D DlbDap2Process: setParam(dvmc = #1[0])
01-17 09:23:47.515   627  3892 D DlbDap2Process: setParam(arod = #1[0])
01-17 09:23:47.515   627  3892 D DlbDap2Process: setParam(arde = #1[1])
01-17 09:23:47.515   627  3892 D DlbDap2Process: setParam(dvle = #1[1])
01-17 09:23:47.515   627  3892 D DlbDap2Process: setParam(dvme = #1[0])
01-17 09:23:47.515   627  3892 D DlbDap2Process: setParam(becf = #1[200])
01-17 09:23:47.515   627  3892 D DlbDap2Process: setParam(vbmf = #2[94, 469])
01-17 09:23:47.515   627  3892 D DlbDap2Process: setParam(vbsf = #2[35, 160])
01-17 09:23:47.515   627  3892 D DlbDap2Process: setParam(vbhg = #3[-32, -144, -192])
01-17 09:23:47.515   627  3892 D DlbDap2Process: setParam(vbog = #1[0])
01-17 09:23:47.515   627  3892 D DlbDap2Process: setParam(vbsg = #1[0])
01-17 09:23:47.515   627  3892 D DlbDap2Process: setParam(dvli = #1[-320])
01-17 09:23:47.515   627  3892 D DlbDap2Process: setParam(dhfm = #1[2])
01-17 09:23:47.515   627  3892 D DlbDap2Process: setParam(vbon = #1[0])
01-17 09:23:47.515   627  3892 D DlbDap2Process: setParam(beon = #1[0])
01-17 09:23:47.515   627  3892 D DlbDap2Process: setParam(deon = #1[0])
01-17 09:23:47.515   627  3892 D DlbDap2Process: setParam(ngon = #1[1])
01-17 09:23:47.515   627  3892 D DlbDap2Process: setParam(aoon = #1[1])
01-17 09:23:47.515   627  3892 D DlbDap2Process: setParam(aron = #1[1])
01-17 09:23:47.515   627  3892 D DlbDap2Process: setParam(dvlo = #1[-320])
01-17 09:23:47.515   627  3892 D DlbDap2Process: setParam(artp = #1[12])
01-17 09:23:47.516   627  3892 D DlbDap2Process: setParam(aobs = #222[20, 10, 47, 141, 234, 328, 469, 656, 844, 1031, 1313, 1688, 2250, 3000, 3750, 4688, 5813, 7125, 9000, 11250, 13875, 19688, 0, 0, 0, 0, 0, 0, 0, 0, 0, 0, 0, 0, 0, 0, 0, 0, 0, 0, 0, 0, 0, 0, 0, 0, 0, 0, 0, 0, 0, 0, 0, 0, 0, 0, 0, 0, 0, 0, 0, 0, 0, 0, 0, 0, 0, 0, 0, 0, 0, 0, 0, 0, 0, 0, 0, 0, 0, 0, 0, 0, 0, 0, 0, 0, 0, 0, 0, 0, 0, 0, 0, 0, 0, 0, 0, 0, 0, 0, 0, 0, 0, 0, 0, 0, 0, 0, 0, 0, 0, 0, 0, 0, 0, 0, 0, 0, 0, 0, 0, 0, 0, 0, 0, 0, 0, 0, 0, 0, 0, 0, 0, 0, 0, 0, 0, 0, 0, 0, 0, 0, 0, 0, 0, 0, 0, 0, 0, 0, 0, 0, 0, 0, 0, 0, 0, 0, 0, 0, 0, 0, 0, 0, 0, 0, 0, 0, 0, 0, 0, 0, 0, 0, 0, 0, 0, 0, 0, 0, 0, 0, 0, 0, 0, 0, 0, 0, 0, 0, 0, 0, 0, 0, 0, 0, 0, 0, 0, 0, 0, 0, 0, 0, 0, 0, 0, 0, 0, 0, 0, 0, 0, 0, 0, 0, 0, 0, 0, 0, 0, 0])
01-17 09:23:47.516   627  3892 D DlbDap2Process: setParam(arbs = #81[20, 47, 141, 234, 328, 469, 656, 844, 1031, 1313, 1688, 2250, 3000, 3750, 4688, 5813, 7125, 9000, 11250, 13875, 19688, -192, -192, -192, -192, -192, -192, -192, -192, -192, -192, -192, -192, -192, -192, -192, -192, -192, -192, -192, -192, 0, 0, 0, 0, 0, 0, 0, 0, 0, 0, 0, 0, 0, 0, 0, 0, 0, 0, 0, 0, 0, 0, 0, 0, 0, 0, 0, 0, 0, 0, 0, 0, 0, 0, 0, 0, 0, 0, 0, 0])
01-17 09:23:47.516   627  3892 D DlbDapEndpointParamCache: doCommit() Committed 37 parameters out of 37.
01-17 09:23:47.516   627  3892 D DlbDap2Process: setMave(mave = 0)
01-17 09:23:47.516   710 31035 D NuPlayerDriver: notifyListener_l(0xe6bcb850), (1, 0, 0, -1), loop setting(0, 0)
01-17 09:23:47.519   627  3892 D DlbDapCrossfadeProcess: process transitioning from FADE_TO_BYPASS state to DAP_BYPASSED
01-17 09:23:47.523   710  1422 D NuPlayerDriver: start(0xe6bcb850), state is 4, eos is 0
01-17 09:23:47.530 30985 30985 D featureTest: receive broadcast , change ds status :1
01-17 09:23:47.547   627   627 D DlbDlbEffect: handle_EFFECT_CMD_SET_PARAM()
01-17 09:23:47.548   717  1650 I OMXMaster: makeComponentInstance(OMX.dolby.eac3.decoder) in omx@1.0-service process
01-17 09:23:47.572   684  1061 D AudioFlinger: trackStateChanged() Track id 759 state changed to 2
01-17 09:23:47.572   684  1061 I AudioFlinger: updateProcessedAudioState() Changing content processing in effect to 0
01-17 09:23:47.572   627   627 D DlbDlbEffect: handle_EFFECT_CMD_SET_PARAM()
01-17 09:23:47.592   717  1650 I DDP_JOCDecoder: -> init name OMX.dolby.eac3.decoder
01-17 09:23:47.593   684  1061 D AudioFlinger: trackDestroyed() Track id 759 no longer contains processed audio
01-17 09:23:47.593   645   645 I DMSService: registerClient type = 0, uid = e7f0fb90
01-17 09:23:47.594   717  1650 I DDP_JOCDecoder: <- init
01-17 09:23:47.594   717  1650 D DDP_JOCDecoder: initPorts
01-17 09:23:47.594   684   928 W AudioFlinger::EffectModule: EffectModule 0xed0e2f80 destructor called with unreleased interface
01-17 09:23:47.594   684   928 W AudioFlinger::EffectHandle: disconnect Effect handle 0xee163780 disconnected after thread destruction
01-17 09:23:47.595   627   924 D DlbDlbEffect: handle_EFFECT_CMD_DISABLE()
01-17 09:23:47.595   710 31040 I ACodec  : codec does not support config priority (err -2147483648)
01-17 09:23:47.596   710 31040 I MediaCodec: MediaCodec will operate in async mode
01-17 09:23:47.596   710 31039 I NuPlayerDecoder: setDolbyMessage() Notifying player that Codec supports dolby_processed_audio flag
01-17 09:23:47.596   710 31040 I ACodec  : setDolbyParameterOnProcessedAudio() Received dolby_processed_audio=1
01-17 09:23:47.596   710 31035 I NuPlayer: onDolbyMessageReceived() Setting dolby_processed_audio flag on audio sink
01-17 09:23:47.597   645   645 I DMSService: unregisterClient type = 0, uid = e7f0fb90
01-17 09:23:47.597   627  6441 D DlbDlbEffect: handle_EFFECT_CMD_SET_CONFIG()
01-17 09:23:47.597   627  6441 D DlbDapEndpointParamCache: setDevice(device=0x00000002)
01-17 09:23:47.603 30985 30985 D featureTest: receive broadcast , change ds profile id :5
01-17 09:23:47.627   645   645 D DMSService: setActiveDevice called with device = 0x2
01-17 09:23:47.628   627   922 D DlbDlbEffect: handle_EFFECT_CMD_ENABLE()
01-17 09:23:47.628   627   922 D DlbDapCrossfadeProcess: setEnabled transitioning from DAP_BYPASSED state to PREROLL_ACTIVE
01-17 09:23:47.628   627   922 D DlbDlbEffect: handle_EFFECT_CMD_SET_PARAM()
01-17 09:23:47.629   645   713 I DapController: Profile Changed to Custom
01-17 09:23:47.633   645   645 I DMSService: registerClient type = 4, uid = e7f0fb80
01-17 09:23:47.633   717 21044 D DDP_JOCDecoder: internalSetParameter() Instantiating ARenderer for content processing in decoder
01-17 09:23:47.633   717 21044 I DlbDap2QmfProcess: Dap2Process()
01-17 09:23:47.633   717 21044 I ARenderer: ARenderer
01-17 09:23:47.633   717 21044 I evo_parser: evo_parser_init
01-17 09:23:47.634   717 21044 I DlbDap2QmfProcess: init()
01-17 09:23:47.634   717 21044 I DlbDap2QmfProcess: open()
01-17 09:23:47.636   717 21044 I DlbDap2QmfProcess: loadLicense() no license check!
01-17 09:23:47.637   717 21044 I DlbDap2QmfProcess: validateLicense() no license check!
01-17 09:23:47.637   717 21044 I DlbDap2QmfProcess: init() DAP opened
01-17 09:23:47.637   717 21044 I DlbDap2QmfProcess: DAP library version: 2.5.1-P2.0
01-17 09:23:47.637   717 21044 D DlbDap2QmfProcess: DAP output mode set to 1 with 2 output channels and null mix matrix.
01-17 09:23:47.637   710 31040 I ACodec  : setDolbyParameterOnProcessedAudio() Content processing enabled in decoder
01-17 09:23:47.646   717 31044 I DDP_JOCDecoder: -> start
01-17 09:23:47.646   717 31044 D DDP_JOCDecoder: Setting Max Output Channels to 2
01-17 09:23:47.646   717 31044 D DDP_JOCDecoder: setMultiChannelPCMOutDownmix mConfig->jocForceDownmixMode 1
01-17 09:23:47.646   717 31044 I udc_user: 
01-17 09:23:47.646   717 31044 I udc_user: *** DDPlus Unified Decoder Simulation  Version 1.7.3 ***
01-17 09:23:47.647   717 31044 I udc_user: 
01-17 09:23:47.647   717 31044 I udc_user: 7.1-channel decoder-converter, 
01-17 09:23:47.647   717 31044 I udc_user: 
01-17 09:23:47.647   717 31044 I udc_user: 5.1-channel dual-decoder-converter, 
01-17 09:23:47.647   717 31044 I udc_user: Karaoke unsupported, 
01-17 09:23:47.647   717 31044 I udc_user: TPNP supported. 
01-17 09:23:47.647   717 31044 I udc_user: 
01-17 09:23:47.647   717 31044 I udc_user: Unpublished work.  Copyright 2003-2014 Dolby Laboratories, Inc. and
01-17 09:23:47.647   717 31044 I udc_user: Dolby Laboratories Licensing Corporation.  All Rights Reserved.
01-17 09:23:47.647   717 31044 I udc_user: 
01-17 09:23:47.647   717 31044 I udc_user: USE OF THIS SOFTWARE IS SUBJECT TO A LEGAL AGREEMENT BETWEEN YOU AND DOLBY
01-17 09:23:47.647   717 31044 I udc_user: LABORATORIES. DO NOT USE THIS SOFTWARE UNLESS YOU AGREE TO THE TERMS AND 
01-17 09:23:47.647   717 31044 I udc_user: CONDITIONS IN THE AGREEMENT.  BY USING THIS SOFTWARE, YOU ACKNOWLEDGE THAT 
01-17 09:23:47.647   717 31044 I udc_user: YOU HAVE READ THE AGREEMENT AND THAT YOU AGREE TO BE BOUND BY ITS TERMS. 
01-17 09:23:47.647   717 31044 I udc_user: 
01-17 09:23:47.647   717 31044 I ddpdec_client_joc: ddpdec_open JOCD_MODE Buffer assignment
01-17 09:23:47.647   717 31044 D DDP_JOCDecoder: mStarted = 1
01-17 09:23:47.647   717 31044 I DDP_JOCDecoder: <- start
01-17 09:23:47.648   717 31044 D ddpdec_client_joc: ddpdec_client.c|int configDecoder()
01-17 09:23:47.649   717 31044 D DDP_JOCDecoder: Setting Max Output Channels to 2
01-17 09:23:47.651   717 31044 I DlbDap2QmfProcess: close()
01-17 09:23:47.651   717 31044 I DlbDap2QmfProcess: init()
01-17 09:23:47.651   717 31044 I DlbDap2QmfProcess: open()
01-17 09:23:47.652   717 31044 I DlbDap2QmfProcess: loadLicense() no license check!
01-17 09:23:47.652   717 31044 I DlbDap2QmfProcess: validateLicense() no license check!
01-17 09:23:47.652   717 31044 I DlbDap2QmfProcess: init() DAP opened
01-17 09:23:47.652   717 31044 I DlbDap2QmfProcess: DAP library version: 2.5.1-P2.0
01-17 09:23:47.652   717 31044 D DlbDap2QmfProcess: DAP output mode set to 1 with 2 output channels and null mix matrix.
01-17 09:23:47.652   717 31044 D ARenderer: checkAndUpdateConfig: DAP reinitialized because of sample rate change
01-17 09:23:47.652   717 31044 D ARenderer: updateDapConfig: Updating DAP configuration
01-17 09:23:47.652   717 31044 D DlbDap2QmfProcess: setParam(iea = #1[10])
01-17 09:23:47.652   717 31044 D DlbDap2QmfProcess: setParam(msce = #1[0])
01-17 09:23:47.652   717 31044 D DlbDap2QmfProcess: setParam(mdee = #1[0])
01-17 09:23:47.652   717 31044 D DlbDap2QmfProcess: setParam(miee = #1[0])
01-17 09:23:47.652   717 31044 D DlbDap2QmfProcess: setParam(mdle = #1[0])
01-17 09:23:47.652   717 31044 D DlbDap2QmfProcess: setParam(dvle = #1[1])
01-17 09:23:47.652   717 31044 D DlbDap2QmfProcess: setParam(mave = #1[0])
01-17 09:23:47.653   717 31044 D DlbDap2QmfProcess: setParam(vcbf = #20[47, 141, 234, 328, 469, 656, 844, 1031, 1313, 1688, 2250, 3000, 3750, 4688, 5813, 7125, 9000, 11250, 13875, 19688])
01-17 09:23:47.653   717 31044 D DlbDap2QmfProcess: setParam(ieon = #1[0])
01-17 09:23:47.653   717 31044 D DlbDap2QmfProcess: setParam(gebs = #41[20, 47, 141, 234, 328, 469, 656, 844, 1031, 1313, 1688, 2250, 3000, 3750, 4688, 5813, 7125, 9000, 11250, 13875, 19688, 0, 0, 0, 0, 0, 0, 0, 0, 0, 0, 0, 0, 0, 0, 0, 0, 0, 0, 0, 0])
01-17 09:23:47.653   717 31044 D DlbDap2QmfProcess: setParam(iebs = #41[20, 65, 136, 223, 332, 467, 634, 841, 1098, 1416, 1812, 2302, 2909, 3663, 4598, 5756, 7194, 8976, 11186, 13927, 17326, 117, 133, 188, 176, 141, 149, 175, 185, 185, 200, 236, 242, 228, 213, 182, 132, 110, 68, -27, -240])
01-17 09:23:47.653   717 31044 D DlbDap2QmfProcess: setParam(dea = #1[7])
01-17 09:23:47.653   717 31044 D DlbDap2QmfProcess: setParam(dsa = #1[10])
01-17 09:23:47.653   717 31044 D DlbDap2QmfProcess: setParam(beb = #1[192])
01-17 09:23:47.653   717 31044 D DlbDap2QmfProcess: setParam(plb = #1[0])
01-17 09:23:47.653   717 31044 D DlbDap2QmfProcess: setParam(vmb = #1[144])
01-17 09:23:47.653   717 31044 D DlbDap2QmfProcess: setParam(dsb = #1[48])
01-17 09:23:47.653   717 31044 D DlbDap2QmfProcess: setParam(ded = #1[0])
01-17 09:23:47.653   717 31044 D DlbDap2QmfProcess: setParam(dom = #1[0])
01-17 09:23:47.653   717 31044 D DlbDap2QmfProcess: setParam(bew = #1[16])
01-17 09:23:47.653   717 31044 D DlbDap2QmfProcess: setParam(dvla = #1[5])
01-17 09:23:47.653   717 31044 D DlbDap2QmfProcess: setParam(dfsa = #1[10])
01-17 09:23:47.653   717 31044 D DlbDap2QmfProcess: setParam(dhsa = #1[10])
01-17 09:23:47.653   717 31044 D DlbDap2QmfProcess: setParam(dvmc = #1[0])
01-17 09:23:47.653   717 31044 D DlbDap2QmfProcess: setParam(dvle = #1[1])
01-17 09:23:47.653   717 31044 D DlbDap2QmfProcess: setParam(dvme = #1[0])
01-17 09:23:47.653   717 31044 D DlbDap2QmfProcess: setParam(becf = #1[200])
01-17 09:23:47.653   717 31044 D DlbDap2QmfProcess: setParam(vbmf = #2[94, 469])
01-17 09:23:47.654   717 31044 D DlbDap2QmfProcess: setParam(vbsf = #2[35, 160])
01-17 09:23:47.654   717 31044 D DlbDap2QmfProcess: setParam(vbhg = #3[-32, -144, -192])
01-17 09:23:47.654   717 31044 D DlbDap2QmfProcess: setParam(vbog = #1[0])
01-17 09:23:47.654   717 31044 D DlbDap2QmfProcess: setParam(vbsg = #1[0])
01-17 09:23:47.654   717 31044 D DlbDap2QmfProcess: setParam(dvli = #1[-320])
01-17 09:23:47.654   717 31044 D DlbDap2QmfProcess: setParam(dhfm = #1[2])
01-17 09:23:47.654   717 31044 D DlbDap2QmfProcess: setParam(deon = #1[0])
01-17 09:23:47.654   717 31044 D DlbDap2QmfProcess: setParam(ngon = #1[1])
01-17 09:23:47.654   717 31044 D DlbDap2QmfProcess: setParam(dvlo = #1[-320])
01-17 09:23:47.654   717 31044 D DlbDap2QmfProcess: setParam(aobs = #222[20, 10, 47, 141, 234, 328, 469, 656, 844, 1031, 1313, 1688, 2250, 3000, 3750, 4688, 5813, 7125, 9000, 11250, 13875, 19688, 0, 0, 0, 0, 0, 0, 0, 0, 0, 0, 0, 0, 0, 0, 0, 0, 0, 0, 0, 0, 0, 0, 0, 0, 0, 0, 0, 0, 0, 0, 0, 0, 0, 0, 0, 0, 0, 0, 0, 0, 0, 0, 0, 0, 0, 0, 0, 0, 0, 0, 0, 0, 0, 0, 0, 0, 0, 0, 0, 0, 0, 0, 0, 0, 0, 0, 0, 0, 0, 0, 0, 0, 0, 0, 0, 0, 0, 0, 0, 0, 0, 0, 0, 0, 0, 0, 0, 0, 0, 0, 0, 0, 0, 0, 0, 0, 0, 0, 0, 0, 0, 0, 0, 0, 0, 0, 0, 0, 0, 0, 0, 0, 0, 0, 0, 0, 0, 0, 0, 0, 0, 0, 0, 0, 0, 0, 0, 0, 0, 0, 0, 0, 0, 0, 0, 0, 0, 0, 0, 0, 0, 0, 0, 0, 0, 0, 0, 0, 0, 0, 0, 0, 0, 0, 0, 0, 0, 0, 0, 0, 0, 0, 0, 0, 0, 0, 0, 0, 0, 0, 0, 0, 0, 0, 0, 0, 0, 0, 0, 0, 0, 0, 0, 0, 0, 0, 0, 0, 0, 0, 0, 0, 0, 0, 0, 0, 0, 0, 0, 0])
01-17 09:23:47.654   717 31044 D DlbDap2QmfProcess: setParam(dvle = #1[1])
01-17 09:23:47.654   717 31044 D DlbDap2QmfProcess: setParam(dvli = #1[-496])
01-17 09:23:47.654   717 31044 D DlbDap2QmfProcess: setParam(dvlo = #1[-176])
01-17 09:23:47.654   717 31044 D ARenderer: updateDapVolumeLeveler: Setting output level to -11.00dB
01-17 09:23:47.654   717 31044 D DlbDap2QmfProcess: setParam(vmb = #1[0])
01-17 09:23:47.654   717 31044 D DlbDap2QmfProcess: setParam(preg = #1[-384])
01-17 09:23:47.655   717 31044 D DlbDap2QmfProcess: setParam(vol = #1[384])
01-17 09:23:47.655   717 31044 D DlbDap2QmfProcess: processQmf() called [0] times
01-17 09:23:47.655   717 31044 D DlbDap2QmfProcess: setMave(mave = 0)
01-17 09:23:47.670 30985 30985 D featureTest: receive broadcast , change virtual speaker  virtualizer :0
01-17 09:23:47.671   710 31038 D AudioTrack: Client defaulted notificationFrames to 12000 for frameCount 24000
01-17 09:23:47.671   684  3974 I AudioFlinger: attachAuxEffect(): Marking track 760 as containing processed audio
01-17 09:23:47.672   684  3974 D AudioFlinger: trackContainsProcessedAudio() Track id 760 contains processed audio
01-17 09:23:47.677   627   924 D DlbDlbEffect: handle_EFFECT_CMD_DISABLE()
01-17 09:23:47.677   627   924 D DlbDapCrossfadeProcess: setEnabled transitioning from PREROLL_ACTIVE state to DAP_BYPASSED
01-17 09:23:47.680   627   627 D DlbDlbEffect: handle_EFFECT_CMD_SET_CONFIG()
01-17 09:23:47.680   627   627 D DlbDapEndpointParamCache: setDevice(device=0x00000002)
01-17 09:23:47.680   645   645 D DMSService: setActiveDevice called with device = 0x2
01-17 09:23:47.681   627   924 D DlbDlbEffect: handle_EFFECT_CMD_ENABLE()
01-17 09:23:47.681   627   924 D DlbDapCrossfadeProcess: setEnabled transitioning from DAP_BYPASSED state to PREROLL_ACTIVE
01-17 09:23:47.681   684  3974 W AudioFlinger: moveDolbyEffect() effect chain for session 0 not on source thread 0xee0ae580
01-17 09:23:47.681   684  3974 D AudioFlinger: trackStateChanged() Track id 760 state changed to 6
01-17 09:23:47.681   684  3974 I AudioFlinger: updateProcessedAudioState() Changing content processing in effect to 1
01-17 09:23:47.681   627   924 D DlbDlbEffect: handle_EFFECT_CMD_SET_PARAM()
01-17 09:23:47.682   710 31035 D NuPlayerDriver: notifyListener_l(0xe6bcb850), (6, 0, 0, -1), loop setting(0, 1)
01-17 09:23:47.690 30985 30985 D featureTest: virtual speaker virtualizer can not be operate for mono speaker endpoint!
01-17 09:23:47.735 30985 30985 D featureTest: receive broadcast , record log :0
01-17 09:23:47.736   627  3892 I DlbEffectContext: setContentProcEnabled() Disabling content processing in effect
01-17 09:23:47.736   627  3892 D DlbDapEndpointParamCache: commitChangedParams()
01-17 09:23:47.736   627  3892 D DlbDapEndpointParamCache: commit() Applying parameters for device 0x40000000
01-17 09:23:47.736   627  3892 D DlbDap2Process: setParam(msce = #1[0])
01-17 09:23:47.736   627  3892 D DlbDap2Process: setParam(mdee = #1[0])
01-17 09:23:47.736   627  3892 D DlbDap2Process: setParam(miee = #1[0])
01-17 09:23:47.736   627  3892 D DlbDap2Process: setParam(mdle = #1[0])
01-17 09:23:47.736   627  3892 D DlbDap2Process: setParam(dvle = #1[0])
01-17 09:23:47.736   627  3892 D DlbDap2Process: setParam(mave = #1[0])
01-17 09:23:47.736   627  3892 D DlbDap2Process: setParam(ieon = #1[0])
01-17 09:23:47.736   627  3892 D DlbDapEndpointParamCache: doCommit() Committed 7 parameters out of 16.
01-17 09:23:47.736   627  3892 D DlbDapEndpointParamCache: commit() Overriding parameters for current device 0x00000002
01-17 09:23:47.736   627  3892 D DlbDap2Process: setParam(dom = #1[0])
01-17 09:23:47.736   627  3892 D DlbDap2Process: setParam(dvle = #1[0])
01-17 09:23:47.736   627  3892 D DlbDap2Process: setParam(dvme = #1[0])
01-17 09:23:47.736   627  3892 D DlbDap2Process: setParam(deon = #1[0])
01-17 09:23:47.736   627  3892 D DlbDap2Process: setParam(ngon = #1[0])
01-17 09:23:47.736   627  3892 D DlbDapEndpointParamCache: doCommit() Committed 5 parameters out of 37.
01-17 09:23:47.738   627  3892 D DlbDapEndpointParamCache: commitChangedParams()
01-17 09:23:47.738   627  3892 D DlbDapEndpointParamCache: commit() Applying parameters for device 0x40000000
01-17 09:23:47.738   627  3892 D DlbDap2Process: setParam(iea = #1[10])
01-17 09:23:47.738   627  3892 D DlbDap2Process: setParam(vcbf = #20[47, 141, 234, 328, 469, 656, 844, 1031, 1313, 1688, 2250, 3000, 3750, 4688, 5813, 7125, 9000, 11250, 13875, 19688])
01-17 09:23:47.738   627  3892 D DlbDap2Process: setParam(vbon = #1[0])
01-17 09:23:47.738   627  3892 D DlbDap2Process: setParam(beon = #1[0])
01-17 09:23:47.738   627  3892 D DlbDap2Process: setParam(geon = #1[0])
01-17 09:23:47.738   627  3892 D DlbDap2Process: setParam(gebs = #41[20, 47, 141, 234, 328, 469, 656, 844, 1031, 1313, 1688, 2250, 3000, 3750, 4688, 5813, 7125, 9000, 11250, 13875, 19688, 0, 0, 0, 0, 0, 0, 0, 0, 0, 0, 0, 0, 0, 0, 0, 0, 0, 0, 0, 0])
01-17 09:23:47.738   627  3892 D DlbDap2Process: setParam(iebs = #41[20, 65, 136, 223, 332, 467, 634, 841, 1098, 1416, 1812, 2302, 2909, 3663, 4598, 5756, 7194, 8976, 11186, 13927, 17326, 117, 133, 188, 176, 141, 149, 175, 185, 185, 200, 236, 242, 228, 213, 182, 132, 110, 68, -27, -240])
01-17 09:23:47.738   627  3892 D DlbDapEndpointParamCache: doCommit() Committed 8 parameters out of 16.
01-17 09:23:47.738   627  3892 D DlbDapEndpointParamCache: commit() Overriding parameters for current device 0x00000002
01-17 09:23:47.738   627  3892 D DlbDap2Process: setParam(dea = #1[7])
01-17 09:23:47.738   627  3892 D DlbDap2Process: setParam(dsa = #1[10])
01-17 09:23:47.738   627  3892 D DlbDap2Process: setParam(beb = #1[192])
01-17 09:23:47.738   627  3892 D DlbDap2Process: setParam(plb = #1[0])
01-17 09:23:47.738   627  3892 D DlbDap2Process: setParam(vmb = #1[144])
01-17 09:23:47.738   627  3892 D DlbDap2Process: setParam(dsb = #1[48])
01-17 09:23:47.738   627  3892 D DlbDap2Process: setParam(ded = #1[0])
01-17 09:23:47.738   627  3892 D DlbDap2Process: setParam(vbm = #1[3])
01-17 09:23:47.738   627  3892 D DlbDap2Process: setParam(bew = #1[16])
01-17 09:23:47.738   627  3892 D DlbDap2Process: setParam(dvla = #1[5])
01-17 09:23:47.738   627  3892 D DlbDap2Process: setParam(arra = #1[96])
01-17 09:23:47.738   627  3892 D DlbDap2Process: setParam(dfsa = #1[10])
01-17 09:23:47.738   627  3892 D DlbDap2Process: setParam(dhsa = #1[10])
01-17 09:23:47.738   627  3892 D DlbDap2Process: setParam(dvmc = #1[0])
01-17 09:23:47.738   627  3892 D DlbDap2Process: setParam(arod = #1[0])
01-17 09:23:47.738   627  3892 D DlbDap2Process: setParam(arde = #1[1])
01-17 09:23:47.738   627  3892 D DlbDap2Process: setParam(becf = #1[200])
01-17 09:23:47.739   627  3892 D DlbDap2Process: setParam(vbmf = #2[94, 469])
01-17 09:23:47.739   627  3892 D DlbDap2Process: setParam(vbsf = #2[35, 160])
01-17 09:23:47.739   627  3892 D DlbDap2Process: setParam(vbhg = #3[-32, -144, -192])
01-17 09:23:47.739   627  3892 D DlbDap2Process: setParam(vbog = #1[0])
