--------- beginning of system
01-15 12:06:47.296   945  1324 I ActivityManager: Force stopping com.dolby.qa.featuretest appid=10072 user=0: from pid 13542
01-15 12:06:47.297   945  1324 I ActivityManager: Killing 13447:com.dolby.qa.featuretest/u0a72 (adj 0): stop com.dolby.qa.featuretest
01-15 12:06:47.299   945  1324 W ActivityManager: Force removing ActivityRecord{22cedd7 u0 com.dolby.qa.featuretest/.MainActivity t102}: app died, no saved state
01-15 12:06:47.311   945  1324 I WindowManager: Failed to capture screenshot of Token{8e2f6c4 ActivityRecord{22cedd7 u0 com.dolby.qa.featuretest/.MainActivity t102 f}} appWin=Window{b76cb78 u0 com.dolby.qa.featuretest/com.dolby.qa.featuretest.MainActivity} drawState=4
--------- beginning of main
01-15 12:06:47.323   710   900 D NuPlayerDriver: reset(0xe84b2c40) at state 5
01-15 12:06:47.325   945  6310 I WindowManager: WIN DEATH: Window{a81f508 u0 Toast}
01-15 12:06:47.330   710   900 D NuPlayerDriver: notifyListener_l(0xe84b2c40), (8, 0, 0, -1), loop setting(0, 1)
01-15 12:06:47.341   710 13504 D NuPlayerDriver: notifyResetComplete(0xe84b2c40)
01-15 12:06:47.342   710   900 D AudioTrack: stop() called with 0 frames delivered
01-15 12:06:47.352  2103  2230 W OpenGLRenderer: Incorrectly called buildLayer on View: ShortcutAndWidgetContainer, destroying layer...
01-15 12:06:47.379  1499  1499 D CarrierSvcBindHelper: No carrier app for: 0
01-15 12:06:47.387  2010  2010 D RegisteredNfcFServicesCache: Service unchanged, not updating
01-15 12:06:47.446   945  6310 I ActivityManager: START u0 {flg=0x10000000 cmp=com.dolby.qa.featuretest/.MainActivity} from uid 2000
01-15 12:06:47.460   684   928 W AudioFlinger::EffectModule: EffectModule 0xed0e1900 destructor called with unreleased interface
01-15 12:06:47.461   684   928 W AudioFlinger::EffectHandle: disconnect Effect handle 0xee163080 disconnected after thread destruction
01-15 12:06:47.462   627  4939 D DlbDlbEffect: handle_EFFECT_CMD_DISABLE()
01-15 12:06:47.462   627  4939 D DlbDapCrossfadeProcess: setEnabled transitioning from DAP_ACTIVE state to FADE_TO_BYPASS
01-15 12:06:47.463   626   626 W /system/bin/hw/android.hidl.allocator@1.0-service: ashmem_create_region(3840) returning hidl_memory(0x7b7102c330, 3840)
01-15 12:06:47.464   627  4939 D DlbDlbEffect: handle_EFFECT_CMD_SET_CONFIG()
01-15 12:06:47.464   627  4939 D DlbDapEndpointParamCache: setDevice(device=0x00000002)
01-15 12:06:47.464   645   645 D DMSService: setActiveDevice called with device = 0x2
01-15 12:06:47.465   627  4939 D DlbDlbEffect: handle_EFFECT_CMD_ENABLE()
01-15 12:06:47.465   627  4939 D DlbDapCrossfadeProcess: setEnabled transitioning from FADE_TO_BYPASS state to FADE_TO_ACTIVE
01-15 12:06:47.468   945  7365 I ActivityManager: Start proc 13549:com.dolby.qa.featuretest/u0a72 for activity com.dolby.qa.featuretest/.MainActivity
01-15 12:06:47.473 13549 13549 I zygote64: Late-enabling -Xcheck:jni
01-15 12:06:47.518 13549 13556 E zygote64: Failed sending reply to debugger: Broken pipe
01-15 12:06:47.519 13549 13556 I zygote64: Debugger is no longer active
01-15 12:06:47.641 13549 13549 D featureTest: onCreate
01-15 12:06:47.646 13549 13549 D AudioTrack: Client defaulted notificationFrames to 962 for frameCount 1924
01-15 12:06:47.650 13549 13549 W AudioTrack: Use of stream types is deprecated for operations other than volume control
01-15 12:06:47.650 13549 13549 W AudioTrack: See the documentation of AudioTrack() for what to use instead with android.media.AudioAttributes to qualify your playback use case
01-15 12:06:47.657 13549 13549 W DolbyAudioEffect: WARNING: attaching a DolbyAudioEffect to global output mix is deprecated!
01-15 12:06:47.664 13549 13549 D featureTest: onResume
01-15 12:06:47.675 13549 13566 D OpenGLRenderer: HWUI GL Pipeline
01-15 12:06:47.714 13549 13566 I Adreno  : QUALCOMM build                   : 7142022, Ib5823dd10c
01-15 12:06:47.714 13549 13566 I Adreno  : Build Date                       : 06/23/17
01-15 12:06:47.714 13549 13566 I Adreno  : OpenGL ES Shader Compiler Version: EV031.18.00.00
01-15 12:06:47.714 13549 13566 I Adreno  : Local Branch                     : O11A
01-15 12:06:47.714 13549 13566 I Adreno  : Remote Branch                    : 
01-15 12:06:47.714 13549 13566 I Adreno  : Remote Branch                    : 
01-15 12:06:47.714 13549 13566 I Adreno  : Reconstruct Branch               : 
01-15 12:06:47.719 13549 13566 I Adreno  : PFP: 0x005ff087, ME: 0x005ff063
01-15 12:06:47.721 13549 13566 I OpenGLRenderer: Initialized EGL, version 1.4
01-15 12:06:47.721 13549 13566 D OpenGLRenderer: Swap behavior 2
01-15 12:06:47.775   945   998 I ActivityManager: Displayed com.dolby.qa.featuretest/.MainActivity: +314ms
01-15 12:06:47.854   945   998 W ActivityManager: setHasOverlayUi called on unknown pid: 13447
01-15 12:06:48.251  2103  2230 W OpenGLRenderer: Incorrectly called buildLayer on View: ShortcutAndWidgetContainer, destroying layer...
01-15 12:06:48.285   945   945 W NotificationService: Object died trying to hide notification android.app.ITransientNotification$Stub$Proxy@87e34b0 in package com.dolby.qa.featuretest
01-15 12:06:48.286   945   945 W WindowManager: removeWindowToken: Attempted to remove non-existing token: android.os.Binder@97c5d31
01-15 12:06:48.286   945   945 W ActivityManager: setProcessForeground called on unknown pid: 13447
01-15 12:06:48.286   945   945 W NotificationService: Object died trying to show notification android.app.ITransientNotification$Stub$Proxy@1ea3f29 in package com.dolby.qa.featuretest
01-15 12:06:48.286   945   945 W ActivityManager: setProcessForeground called on unknown pid: 13447
01-15 12:06:48.286   945   945 W NotificationService: Object died trying to show notification android.app.ITransientNotification$Stub$Proxy@2b192ae in package com.dolby.qa.featuretest
01-15 12:06:48.286   945   945 W ActivityManager: setProcessForeground called on unknown pid: 13447
01-15 12:06:48.287   945   945 W NotificationService: Object died trying to show notification android.app.ITransientNotification$Stub$Proxy@e0a84f in package com.dolby.qa.featuretest
01-15 12:06:48.526 13549 13549 D featureTest: receive broadcast , playing content location :/sdcard/featureTest/stereo_dd_25fps_channel_id.m4a
01-15 12:06:48.535 13549 13549 D featureTest: mMediaPlayer.getAudioSessionId(): 1953
01-15 12:06:48.535 13549 13549 D featureTest: Playing file: /sdcard/featureTest/stereo_dd_25fps_channel_id.m4a
01-15 12:06:48.536   710   900 D NuPlayerDriver: NuPlayerDriver(0xe84b2c40) created, clientPid(13549)
01-15 12:06:48.540 13578 13578 W generic : type=1400 audit(0.0:165): avc: denied { read } for path="/storage/emulated/0/featuretest/stereo_dd_25fps_channel_id.m4a" dev="sdcardfs" ino=1310783 scontext=u:r:mediaextractor:s0 tcontext=u:object_r:sdcardfs:s0 tclass=file permissive=0
01-15 12:06:48.540 13549 13549 W MediaPlayer: Use of stream types is deprecated for operations other than volume control
01-15 12:06:48.540 13549 13549 W MediaPlayer: See the documentation of setAudioStreamType() for what to use instead with android.media.AudioAttributes to qualify your playback use case
01-15 12:06:48.543   710 13578 D GenericSource: FileSource remote
01-15 12:06:48.543   710 13578 W GenericSource: extractor service cannot make data source
01-15 12:06:48.543   710 13578 D GenericSource: FileSource local
01-15 12:06:48.557   710 13576 D NuPlayerDriver: notifyListener_l(0xe84b2c40), (1, 0, 0, -1), loop setting(0, 0)
01-15 12:06:48.569   710   900 D NuPlayerDriver: start(0xe84b2c40), state is 4, eos is 0
01-15 12:06:48.569   710 13576 I GenericSource: start
01-15 12:06:48.572 13549 13549 W DolbyAudioEffect: WARNING: attaching a DolbyAudioEffect to global output mix is deprecated!
01-15 12:06:48.586 13549 13549 D featureTest: receive broadcast , change ds status :1
01-15 12:06:48.589   710 13584 I OMXClient: Treble IOmx obtained
01-15 12:06:48.590   717  4053 I OMXMaster: makeComponentInstance(OMX.dolby.ac3.decoder) in omx@1.0-service process
01-15 12:06:48.596   627  4939 D DlbDlbEffect: handle_EFFECT_CMD_SET_PARAM()
01-15 12:06:48.635   717  4053 I DDP_JOCDecoder: -> init name OMX.dolby.ac3.decoder
01-15 12:06:48.636   645   645 I DMSService: registerClient type = 0, uid = e8392160
01-15 12:06:48.636   645   645 V DolbyMemoryService: registerClient() client 0x710ec74380, uid -398909088
01-15 12:06:48.636   717  4053 I DDP_JOCDecoder: <- init
01-15 12:06:48.636   717  4053 D DDP_JOCDecoder: initPorts
01-15 12:06:48.638   717  5320 E OMXNodeInstance: setConfig(0xe7b0a540:dolby.ac3.decoder, ConfigPriority(0x6f800002)) ERROR: Undefined(0x80001001)
01-15 12:06:48.638   710 13584 I ACodec  : codec does not support config priority (err -2147483648)
01-15 12:06:48.638   717  5319 E OMXNodeInstance: getConfig(0xe7b0a540:dolby.ac3.decoder, ConfigAndroidVendorExtension(0x6f100004)) ERROR: Undefined(0x80001001)
01-15 12:06:48.639   710 13584 I MediaCodec: MediaCodec will operate in async mode
01-15 12:06:48.639   710 13583 I NuPlayerDecoder: setDolbyMessage() Notifying player that Codec supports dolby_processed_audio flag
01-15 12:06:48.639   710 13584 I ACodec  : setDolbyParameterOnProcessedAudio() Received dolby_processed_audio=1
01-15 12:06:48.639   710 13576 I NuPlayer: onDolbyMessageReceived() Setting dolby_processed_audio flag on audio sink
01-15 12:06:48.639   710 13576 I MediaPlayerService: setDolbyParameters() Marking audio output as having dolby_processed_audio
01-15 12:06:48.639   645   645 I DMSService: unregisterClient type = 0, uid = e8392160
01-15 12:06:48.653   645   645 D DatabaseHelper: failed to prepare SQL : INSERT INTO profiles VALUES(15
01-15 12:06:48.653   645   645 D DatabaseHelper: ,'custom','user2','user2','off','off')
01-15 12:06:48.653   645   645 D DatabaseHelper: failed to prepare SQL : INSERT INTO profile_endpoints VALUES(57
01-15 12:06:48.653   645   645 D DatabaseHelper: ,'custom','user2','speaker')
01-15 12:06:48.653   645   645 D DatabaseHelper: failed to prepare SQL : INSERT INTO profile_endpoints VALUES(57
01-15 12:06:48.653   645   645 D DatabaseHelper: ,'custom','user2','headphone')
01-15 12:06:48.654   645   645 D DatabaseHelper: failed to prepare SQL : INSERT INTO profile_endpoints VALUES(57
01-15 12:06:48.654   645   645 D DatabaseHelper: ,'custom','user2','passthrough')
01-15 12:06:48.654   645   645 D DatabaseHelper: failed to prepare SQL : INSERT INTO profile_endpoints VALUES(57
01-15 12:06:48.654   645   645 D DatabaseHelper: ,'custom','user2','other')
01-15 12:06:48.654   645   645 D DatabaseHelper: failed to prepare SQL : INSERT INTO profile_ports VALUES(85
01-15 12:06:48.654   645   645 D DatabaseHelper: ,'custom','user2','internal_speaker')
01-15 12:06:48.654   645   645 D DatabaseHelper: failed to prepare SQL : INSERT INTO profile_ports VALUES(85
01-15 12:06:48.654   645   645 D DatabaseHelper: ,'custom','user2','hdmi')
01-15 12:06:48.654   645   645 D DatabaseHelper: failed to prepare SQL : INSERT INTO profile_ports VALUES(85
01-15 12:06:48.654   645   645 D DatabaseHelper: ,'custom','user2','miracast')
01-15 12:06:48.654   645   645 D DatabaseHelper: failed to prepare SQL : INSERT INTO profile_ports VALUES(85
01-15 12:06:48.654   645   645 D DatabaseHelper: ,'custom','user2','headphone_port')
01-15 12:06:48.654   645   645 D DatabaseHelper: failed to prepare SQL : INSERT INTO profile_ports VALUES(85
01-15 12:06:48.654   645   645 D DatabaseHelper: ,'custom','user2','bluetooth')
01-15 12:06:48.654   645   645 D DatabaseHelper: failed to prepare SQL : INSERT INTO profile_ports VALUES(85
01-15 12:06:48.654   645   645 D DatabaseHelper: ,'custom','user2','usb')
01-15 12:06:48.654   645   645 D DatabaseHelper: failed to prepare SQL : INSERT INTO geq_presets VALUES(57
01-15 12:06:48.654   645   645 D DatabaseHelper: ,'custom','off','user2')
01-15 12:06:48.654   645   645 D DatabaseHelper: failed to prepare SQL : INSERT INTO geq_presets VALUES(57
01-15 12:06:48.654   645   645 D DatabaseHelper: ,'custom','open','user2')
01-15 12:06:48.655   645   645 D DatabaseHelper: failed to prepare SQL : INSERT INTO geq_presets VALUES(57
01-15 12:06:48.655   645   645 D DatabaseHelper: ,'custom','rich','user2')
01-15 12:06:48.655   645   645 D DatabaseHelper: failed to prepare SQL : INSERT INTO geq_presets VALUES(57
01-15 12:06:48.655   645   645 D DatabaseHelper: ,'custom','focused','user2')
01-15 12:06:48.658 13549 13549 D featureTest: receive broadcast , change ds profile id :1
01-15 12:06:48.665   645   645 I DMSService: registerClient type = 4, uid = e8392150
01-15 12:06:48.666   645   645 V DolbyMemoryService: registerClient() client 0x710ec74380, uid -398909100
01-15 12:06:48.666   717  5319 D DDP_JOCDecoder: internalSetParameter() Instantiating ARenderer for content processing in decoder
01-15 12:06:48.666   717  5319 I DlbDap2QmfProcess: Dap2Process()
01-15 12:06:48.666   717  5319 I ARenderer: ARenderer
01-15 12:06:48.666   717  5319 I evo_parser: evo_parser_init
01-15 12:06:48.666   717  5319 I DlbDap2QmfProcess: init()
01-15 12:06:48.666   717  5319 I DlbDap2QmfProcess: open()
01-15 12:06:48.667   717  5319 I DlbDap2QmfProcess: loadLicense() no license check!
01-15 12:06:48.667   717  5319 I DlbDap2QmfProcess: validateLicense() no license check!
01-15 12:06:48.667   717  5319 I DlbDap2QmfProcess: init() DAP opened
01-15 12:06:48.667   717  5319 I DlbDap2QmfProcess: DAP library version: 2.5.1-P2.0
01-15 12:06:48.667   717  5319 D DlbDap2QmfProcess: DAP output mode set to 1 with 2 output channels and null mix matrix.
01-15 12:06:48.667   710 13584 I ACodec  : setDolbyParameterOnProcessedAudio() Content processing enabled in decoder
01-15 12:06:48.669   626   626 W /system/bin/hw/android.hidl.allocator@1.0-service: ashmem_create_region(8192) returning hidl_memory(0x7b7102c330, 8192)
01-15 12:06:48.670   626   626 W /system/bin/hw/android.hidl.allocator@1.0-service: ashmem_create_region(8192) returning hidl_memory(0x7b7102c330, 8192)
01-15 12:06:48.670   627  4939 D DlbDlbEffect: handle_EFFECT_CMD_SET_PARAM()
01-15 12:06:48.670   626   626 W /system/bin/hw/android.hidl.allocator@1.0-service: ashmem_create_region(8192) returning hidl_memory(0x7b7102c330, 8192)
01-15 12:06:48.670   626   626 W /system/bin/hw/android.hidl.allocator@1.0-service: ashmem_create_region(8192) returning hidl_memory(0x7b7102c330, 8192)
01-15 12:06:48.671   645   713 I DapController: Profile Changed to Movie
01-15 12:06:48.671   626   626 W /system/bin/hw/android.hidl.allocator@1.0-service: ashmem_create_region(147456) returning hidl_memory(0x7b7102c330, 147456)
01-15 12:06:48.672   626   626 I chatty  : uid=1000(system) allocator@1.0-s identical 2 lines
01-15 12:06:48.673   626   626 W /system/bin/hw/android.hidl.allocator@1.0-service: ashmem_create_region(147456) returning hidl_memory(0x7b7102c330, 147456)
01-15 12:06:48.674   717 13588 I DDP_JOCDecoder: -> start
01-15 12:06:48.674   717 13588 I EndpConfig: DAP state has changed from -1 to 1
01-15 12:06:48.674   717 13588 D DDP_JOCDecoder: Setting Max Output Channels to 2
01-15 12:06:48.674   717 13588 D DDP_JOCDecoder: setMultiChannelPCMOutDownmix mConfig->jocForceDownmixMode 1
01-15 12:06:48.675   717 13588 I udc_user: 
01-15 12:06:48.675   717 13588 I udc_user: *** DDPlus Unified Decoder Simulation  Version 1.7.3 ***
01-15 12:06:48.676   717 13588 I udc_user: 
01-15 12:06:48.676   717 13588 I udc_user: 7.1-channel decoder-converter, 
01-15 12:06:48.676   717 13588 I udc_user: 
01-15 12:06:48.676   717 13588 I udc_user: 5.1-channel dual-decoder-converter, 
01-15 12:06:48.676   717 13588 I udc_user: Karaoke unsupported, 
01-15 12:06:48.676   717 13588 I udc_user: TPNP supported. 
01-15 12:06:48.676   717 13588 I udc_user: 
01-15 12:06:48.676   717 13588 I udc_user: Unpublished work.  Copyright 2003-2014 Dolby Laboratories, Inc. and
01-15 12:06:48.676   717 13588 I udc_user: Dolby Laboratories Licensing Corporation.  All Rights Reserved.
01-15 12:06:48.676   717 13588 I udc_user: 
01-15 12:06:48.676   717 13588 I udc_user: USE OF THIS SOFTWARE IS SUBJECT TO A LEGAL AGREEMENT BETWEEN YOU AND DOLBY
01-15 12:06:48.676   717 13588 I udc_user: LABORATORIES. DO NOT USE THIS SOFTWARE UNLESS YOU AGREE TO THE TERMS AND 
01-15 12:06:48.676   717 13588 I udc_user: CONDITIONS IN THE AGREEMENT.  BY USING THIS SOFTWARE, YOU ACKNOWLEDGE THAT 
01-15 12:06:48.676   717 13588 I udc_user: YOU HAVE READ THE AGREEMENT AND THAT YOU AGREE TO BE BOUND BY ITS TERMS. 
01-15 12:06:48.676   717 13588 I udc_user: 
01-15 12:06:48.676   717 13588 I ddpdec_client_joc: ddpdec_open JOCD_MODE Buffer assignment
01-15 12:06:48.676   717 13588 D DDP_JOCDecoder: mStarted = 1
01-15 12:06:48.676   717 13588 I DDP_JOCDecoder: <- start
01-15 12:06:48.677   717 13588 D ddpdec_client_joc: ddpdec_client.c|int configDecoder()
01-15 12:06:48.678   717 13588 D DDP_JOCDecoder: Setting Max Output Channels to 2
01-15 12:06:48.679   717 13588 I DlbDap2QmfProcess: close()
01-15 12:06:48.679   717 13588 I DlbDap2QmfProcess: init()
01-15 12:06:48.679   717 13588 I DlbDap2QmfProcess: open()
01-15 12:06:48.680   717 13588 I DlbDap2QmfProcess: loadLicense() no license check!
01-15 12:06:48.680   717 13588 I DlbDap2QmfProcess: validateLicense() no license check!
01-15 12:06:48.680   717 13588 I DlbDap2QmfProcess: init() DAP opened
01-15 12:06:48.680   717 13588 I DlbDap2QmfProcess: DAP library version: 2.5.1-P2.0
01-15 12:06:48.680   717 13588 D DlbDap2QmfProcess: DAP output mode set to 1 with 2 output channels and null mix matrix.
01-15 12:06:48.680   717 13588 D ARenderer: checkAndUpdateConfig: DAP reinitialized because of sample rate change
01-15 12:06:48.680   717 13588 D ARenderer: updateDapConfig: Updating DAP configuration
01-15 12:06:48.680   717 13588 D DlbDap2QmfProcess: setParam(iea = #1[10])
01-15 12:06:48.680   717 13588 D DlbDap2QmfProcess: setParam(msce = #1[0])
01-15 12:06:48.680   717 13588 D DlbDap2QmfProcess: setParam(mdee = #1[0])
01-15 12:06:48.680   717 13588 D DlbDap2QmfProcess: setParam(miee = #1[0])
01-15 12:06:48.680   717 13588 D DlbDap2QmfProcess: setParam(mdle = #1[0])
01-15 12:06:48.680   717 13588 D DlbDap2QmfProcess: setParam(dvle = #1[1])
01-15 12:06:48.680   717 13588 D DlbDap2QmfProcess: setParam(mave = #1[0])
01-15 12:06:48.680   717 13588 D DlbDap2QmfProcess: setParam(vcbf = #20[47, 141, 234, 328, 469, 656, 844, 1031, 1313, 1688, 2250, 3000, 3750, 4688, 5813, 7125, 9000, 11250, 13875, 19688])
01-15 12:06:48.680   717 13588 D DlbDap2QmfProcess: setParam(ieon = #1[0])
01-15 12:06:48.681   717 13588 D DlbDap2QmfProcess: setParam(gebs = #41[20, 47, 141, 234, 328, 469, 656, 844, 1031, 1313, 1688, 2250, 3000, 3750, 4688, 5813, 7125, 9000, 11250, 13875, 19688, 0, 0, 0, 0, 0, 0, 0, 0, 0, 0, 0, 0, 0, 0, 0, 0, 0, 0, 0, 0])
01-15 12:06:48.681   717 13588 D DlbDap2QmfProcess: setParam(iebs = #41[20, 65, 136, 223, 332, 467, 634, 841, 1098, 1416, 1812, 2302, 2909, 3663, 4598, 5756, 7194, 8976, 11186, 13927, 17326, 117, 133, 188, 176, 141, 149, 175, 185, 185, 200, 236, 242, 228, 213, 182, 132, 110, 68, -27, -240])
01-15 12:06:48.681   717 13588 D DlbDap2QmfProcess: setParam(dea = #1[5])
01-15 12:06:48.681   717 13588 D DlbDap2QmfProcess: setParam(dsa = #1[10])
01-15 12:06:48.681   717 13588 D DlbDap2QmfProcess: setParam(beb = #1[192])
01-15 12:06:48.681   717 13588 D DlbDap2QmfProcess: setParam(plb = #1[0])
01-15 12:06:48.681   717 13588 D DlbDap2QmfProcess: setParam(vmb = #1[144])
01-15 12:06:48.681   717 13588 D DlbDap2QmfProcess: setParam(dsb = #1[96])
01-15 12:06:48.681   717 13588 D DlbDap2QmfProcess: setParam(ded = #1[0])
01-15 12:06:48.681   717 13588 D DlbDap2QmfProcess: setParam(dom = #1[0])
01-15 12:06:48.681   717 13588 D DlbDap2QmfProcess: setParam(bew = #1[16])
01-15 12:06:48.681   717 13588 D DlbDap2QmfProcess: setParam(dvla = #1[7])
01-15 12:06:48.681   717 13588 D DlbDap2QmfProcess: setParam(dfsa = #1[10])
01-15 12:06:48.681   717 13588 D DlbDap2QmfProcess: setParam(dhsa = #1[10])
01-15 12:06:48.681   717 13588 D DlbDap2QmfProcess: setParam(dvmc = #1[0])
01-15 12:06:48.681   717 13588 D DlbDap2QmfProcess: setParam(dvle = #1[1])
01-15 12:06:48.681   717 13588 D DlbDap2QmfProcess: setParam(dvme = #1[0])
01-15 12:06:48.681   717 13588 D DlbDap2QmfProcess: setParam(becf = #1[200])
01-15 12:06:48.681   717 13588 D DlbDap2QmfProcess: setParam(vbmf = #2[94, 469])
01-15 12:06:48.681   717 13588 D DlbDap2QmfProcess: setParam(vbsf = #2[35, 160])
01-15 12:06:48.681   717 13588 D DlbDap2QmfProcess: setParam(vbhg = #3[-32, -144, -192])
01-15 12:06:48.682   717 13588 D DlbDap2QmfProcess: setParam(vbog = #1[0])
01-15 12:06:48.682   717 13588 D DlbDap2QmfProcess: setParam(vbsg = #1[0])
01-15 12:06:48.682   717 13588 D DlbDap2QmfProcess: setParam(dvli = #1[-320])
01-15 12:06:48.682   717 13588 D DlbDap2QmfProcess: setParam(dhfm = #1[2])
01-15 12:06:48.682   717 13588 D DlbDap2QmfProcess: setParam(deon = #1[1])
01-15 12:06:48.682   717 13588 D DlbDap2QmfProcess: setParam(ngon = #1[1])
01-15 12:06:48.682   717 13588 D DlbDap2QmfProcess: setParam(dvlo = #1[-320])
01-15 12:06:48.682   717 13588 D DlbDap2QmfProcess: setParam(aobs = #222[20, 10, 47, 141, 234, 328, 469, 656, 844, 1031, 1313, 1688, 2250, 3000, 3750, 4688, 5813, 7125, 9000, 11250, 13875, 19688, 0, 0, 0, 0, 0, 0, 0, 0, 0, 0, 0, 0, 0, 0, 0, 0, 0, 0, 0, 0, 0, 0, 0, 0, 0, 0, 0, 0, 0, 0, 0, 0, 0, 0, 0, 0, 0, 0, 0, 0, 0, 0, 0, 0, 0, 0, 0, 0, 0, 0, 0, 0, 0, 0, 0, 0, 0, 0, 0, 0, 0, 0, 0, 0, 0, 0, 0, 0, 0, 0, 0, 0, 0, 0, 0, 0, 0, 0, 0, 0, 0, 0, 0, 0, 0, 0, 0, 0, 0, 0, 0, 0, 0, 0, 0, 0, 0, 0, 0, 0, 0, 0, 0, 0, 0, 0, 0, 0, 0, 0, 0, 0, 0, 0, 0, 0, 0, 0, 0, 0, 0, 0, 0, 0, 0, 0, 0, 0, 0, 0, 0, 0, 0, 0, 0, 0, 0, 0, 0, 0, 0, 0, 0, 0, 0, 0, 0, 0, 0, 0, 0, 0, 0, 0, 0, 0, 0, 0, 0, 0, 0, 0, 0, 0, 0, 0, 0, 0, 0, 0, 0, 0, 0, 0, 0, 0, 0, 0, 0, 0, 0, 0, 0, 0, 0, 0, 0, 0, 0, 0, 0, 0, 0, 0, 0, 0, 0, 0, 0, 0])
01-15 12:06:48.682   717 13588 D DlbDap2QmfProcess: setParam(dvle = #1[1])
01-15 12:06:48.682   717 13588 D DlbDap2QmfProcess: setParam(dvli = #1[-496])
01-15 12:06:48.682   717 13588 D DlbDap2QmfProcess: setParam(dvlo = #1[-176])
01-15 12:06:48.682   717 13588 D ARenderer: updateDapVolumeLeveler: Setting output level to -11.00dB
01-15 12:06:48.682   717 13588 D DlbDap2QmfProcess: setParam(vmb = #1[0])
01-15 12:06:48.682   717 13588 D DlbDap2QmfProcess: setParam(preg = #1[-384])
01-15 12:06:48.683   717 13588 D DlbDap2QmfProcess: setParam(vol = #1[384])
01-15 12:06:48.684   717 13588 D DlbDlbBufferProvider: setConfig() Updating buffer configuration.
01-15 12:06:48.684   717 13588 D DlbDap2QmfProcess: processQmf() called [0] times
01-15 12:06:48.684   717 13588 D DlbDap2QmfProcess: setMave(mave = 0)
01-15 12:06:48.696   710 13582 D AudioTrack: Client defaulted notificationFrames to 12000 for frameCount 24000
01-15 12:06:48.696   684  7228 I AudioFlinger: attachAuxEffect(): Marking track 295 as containing processed audio
01-15 12:06:48.696   684  7228 D AudioFlinger: trackContainsProcessedAudio() Track id 295 contains processed audio
01-15 12:06:48.698   626   626 W /system/bin/hw/android.hidl.allocator@1.0-service: ashmem_create_region(3840) returning hidl_memory(0x7b7102c330, 3840)
01-15 12:06:48.699   626   626 W /system/bin/hw/android.hidl.allocator@1.0-service: ashmem_create_region(3840) returning hidl_memory(0x7b7102c330, 3840)
01-15 12:06:48.702   684  7227 D AudioFlinger: trackStateChanged() Track id 295 state changed to 6
01-15 12:06:48.702   684  7227 I AudioFlinger: updateProcessedAudioState() Changing content processing in effect to 1
01-15 12:06:48.702   627  3512 D DlbDlbEffect: handle_EFFECT_CMD_SET_PARAM()
01-15 12:06:48.703   710 13576 D NuPlayerDriver: notifyListener_l(0xe84b2c40), (6, 0, 0, -1), loop setting(0, 1)
01-15 12:06:48.706   627  3892 I DlbEffectContext: setContentProcEnabled() Disabling content processing in effect
01-15 12:06:48.706   627  3892 D DlbDapEndpointParamCache: commitChangedParams()
01-15 12:06:48.706   627  3892 D DlbDapEndpointParamCache: commit() Applying parameters for device 0x40000000
01-15 12:06:48.706   627  3892 D DlbDap2Process: setParam(msce = #1[0])
01-15 12:06:48.706   627  3892 D DlbDap2Process: setParam(mdee = #1[0])
01-15 12:06:48.706   627  3892 D DlbDap2Process: setParam(miee = #1[0])
01-15 12:06:48.706   627  3892 D DlbDap2Process: setParam(mdle = #1[0])
01-15 12:06:48.706   627  3892 D DlbDap2Process: setParam(dvle = #1[0])
01-15 12:06:48.706   627  3892 D DlbDap2Process: setParam(mave = #1[0])
01-15 12:06:48.706   627  3892 D DlbDap2Process: setParam(ieon = #1[0])
01-15 12:06:48.707   627  3892 D DlbDapEndpointParamCache: doCommit() Committed 7 parameters out of 16.
01-15 12:06:48.707   627  3892 D DlbDapEndpointParamCache: commit() Overriding parameters for current device 0x00000002
01-15 12:06:48.707   627  3892 D DlbDap2Process: setParam(dom = #1[0])
01-15 12:06:48.707   627  3892 D DlbDap2Process: setParam(dvle = #1[0])
01-15 12:06:48.707   627  3892 D DlbDap2Process: setParam(dvme = #1[0])
01-15 12:06:48.707   627  3892 D DlbDap2Process: setParam(deon = #1[0])
01-15 12:06:48.707   627  3892 D DlbDap2Process: setParam(ngon = #1[0])
01-15 12:06:48.707   627  3892 D DlbDapEndpointParamCache: doCommit() Committed 5 parameters out of 37.
01-15 12:06:48.707 13549 13549 D featureTest: receive broadcast , record log :0
01-15 12:06:48.708   627  3892 D DlbDapEndpointParamCache: commitChangedParams()
01-15 12:06:48.708   627  3892 D DlbDapEndpointParamCache: commit() Applying parameters for device 0x40000000
01-15 12:06:48.708   627  3892 D DlbDap2Process: setParam(iea = #1[10])
01-15 12:06:48.708   627  3892 D DlbDap2Process: setParam(vcbf = #20[47, 141, 234, 328, 469, 656, 844, 1031, 1313, 1688, 2250, 3000, 3750, 4688, 5813, 7125, 9000, 11250, 13875, 19688])
01-15 12:06:48.708   627  3892 D DlbDap2Process: setParam(vbon = #1[0])
01-15 12:06:48.708   627  3892 D DlbDap2Process: setParam(beon = #1[0])
01-15 12:06:48.708   627  3892 D DlbDap2Process: setParam(geon = #1[0])
01-15 12:06:48.709   627  3892 D DlbDap2Process: setParam(gebs = #41[20, 47, 141, 234, 328, 469, 656, 844, 1031, 1313, 1688, 2250, 3000, 3750, 4688, 5813, 7125, 9000, 11250, 13875, 19688, 0, 0, 0, 0, 0, 0, 0, 0, 0, 0, 0, 0, 0, 0, 0, 0, 0, 0, 0, 0])
01-15 12:06:48.709   627  3892 D DlbDap2Process: setParam(iebs = #41[20, 65, 136, 223, 332, 467, 634, 841, 1098, 1416, 1812, 2302, 2909, 3663, 4598, 5756, 7194, 8976, 11186, 13927, 17326, 117, 133, 188, 176, 141, 149, 175, 185, 185, 200, 236, 242, 228, 213, 182, 132, 110, 68, -27, -240])
01-15 12:06:48.709   627  3892 D DlbDapEndpointParamCache: doCommit() Committed 8 parameters out of 16.
01-15 12:06:48.709   627  3892 D DlbDapEndpointParamCache: commit() Overriding parameters for current device 0x00000002
01-15 12:06:48.709   627  3892 D DlbDap2Process: setParam(dea = #1[5])
01-15 12:06:48.709   627  3892 D DlbDap2Process: setParam(dsa = #1[10])
01-15 12:06:48.709   627  3892 D DlbDap2Process: setParam(beb = #1[192])
01-15 12:06:48.709   627  3892 D DlbDap2Process: setParam(plb = #1[0])
01-15 12:06:48.709   627  3892 D DlbDap2Process: setParam(vmb = #1[144])
01-15 12:06:48.709   627  3892 D DlbDap2Process: setParam(dsb = #1[96])
01-15 12:06:48.709   627  3892 D DlbDap2Process: setParam(ded = #1[0])
01-15 12:06:48.709   627  3892 D DlbDap2Process: setParam(vbm = #1[3])
01-15 12:06:48.709   627  3892 D DlbDap2Process: setParam(bew = #1[16])
01-15 12:06:48.709   627  3892 D DlbDap2Process: setParam(dvla = #1[7])
01-15 12:06:48.709   627  3892 D DlbDap2Process: setParam(arra = #1[96])
01-15 12:06:48.709   627  3892 D DlbDap2Process: setParam(dfsa = #1[10])
01-15 12:06:48.709   627  3892 D DlbDap2Process: setParam(dhsa = #1[10])
01-15 12:06:48.709   627  3892 D DlbDap2Process: setParam(dvmc = #1[0])
01-15 12:06:48.709   627  3892 D DlbDap2Process: setParam(arod = #1[0])
01-15 12:06:48.709   627  3892 D DlbDap2Process: setParam(arde = #1[1])
01-15 12:06:48.709   627  3892 D DlbDap2Process: setParam(becf = #1[200])
01-15 12:06:48.709   627  3892 D DlbDap2Process: setParam(vbmf = #2[94, 469])
01-15 12:06:48.709   627  3892 D DlbDap2Process: setParam(vbsf = #2[35, 160])
01-15 12:06:48.709   627  3892 D DlbDap2Process: setParam(vbhg = #3[-32, -144, -192])
01-15 12:06:48.709   627  3892 D DlbDap2Process: setParam(vbog = #1[0])
01-15 12:06:48.709   627  3892 D DlbDap2Process: setParam(vbsg = #1[0])
01-15 12:06:48.709   627  3892 D DlbDap2Process: setParam(dvli = #1[-320])
01-15 12:06:48.710   627  3892 D DlbDap2Process: setParam(dhfm = #1[2])
01-15 12:06:48.710   627  3892 D DlbDap2Process: setParam(vbon = #1[0])
01-15 12:06:48.710   627  3892 D DlbDap2Process: setParam(beon = #1[0])
01-15 12:06:48.710   627  3892 D DlbDap2Process: setParam(aoon = #1[1])
01-15 12:06:48.710   627  3892 D DlbDap2Process: setParam(aron = #1[1])
01-15 12:06:48.710   627  3892 D DlbDap2Process: setParam(dvlo = #1[-320])
01-15 12:06:48.710   627  3892 D DlbDap2Process: setParam(artp = #1[12])
01-15 12:06:48.710   627  3892 D DlbDap2Process: setParam(aobs = #222[20, 10, 47, 141, 234, 328, 469, 656, 844, 1031, 1313, 1688, 2250, 3000, 3750, 4688, 5813, 7125, 9000, 11250, 13875, 19688, 0, 0, 0, 0, 0, 0, 0, 0, 0, 0, 0, 0, 0, 0, 0, 0, 0, 0, 0, 0, 0, 0, 0, 0, 0, 0, 0, 0, 0, 0, 0, 0, 0, 0, 0, 0, 0, 0, 0, 0, 0, 0, 0, 0, 0, 0, 0, 0, 0, 0, 0, 0, 0, 0, 0, 0, 0, 0, 0, 0, 0, 0, 0, 0, 0, 0, 0, 0, 0, 0, 0, 0, 0, 0, 0, 0, 0, 0, 0, 0, 0, 0, 0, 0, 0, 0, 0, 0, 0, 0, 0, 0, 0, 0, 0, 0, 0, 0, 0, 0, 0, 0, 0, 0, 0, 0, 0, 0, 0, 0, 0, 0, 0, 0, 0, 0, 0, 0, 0, 0, 0, 0, 0, 0, 0, 0, 0, 0, 0, 0, 0, 0, 0, 0, 0, 0, 0, 0, 0, 0, 0, 0, 0, 0, 0, 0, 0, 0, 0, 0, 0, 0, 0, 0, 0, 0, 0, 0, 0, 0, 0, 0, 0, 0, 0, 0, 0, 0, 0, 0, 0, 0, 0, 0, 0, 0, 0, 0, 0, 0, 0, 0, 0, 0, 0, 0, 0, 0, 0, 0, 0, 0, 0, 0, 0, 0, 0, 0, 0, 0])
01-15 12:06:48.711   627  3892 D DlbDap2Process: setParam(arbs = #81[20, 47, 141, 234, 328, 469, 656, 844, 1031, 1313, 1688, 2250, 3000, 3750, 4688, 5813, 7125, 9000, 11250, 13875, 19688, -192, -192, -192, -192, -192, -192, -192, -192, -192, -192, -192, -192, -192, -192, -192, -192, -192, -192, -192, -192, 0, 0, 0, 0, 0, 0, 0, 0, 0, 0, 0, 0, 0, 0, 0, 0, 0, 0, 0, 0, 0, 0, 0, 0, 0, 0, 0, 0, 0, 0, 0, 0, 0, 0, 0, 0, 0, 0, 0, 0])
01-15 12:06:48.711   627  3892 D DlbDapEndpointParamCache: doCommit() Committed 32 parameters out of 37.
01-15 12:06:48.711   627  3892 D DlbDlbBufferProvider: updateCapacity(): update capacity to 960
01-15 12:06:48.711   627  3892 D DlbDap2Process: setMave(mave = 0)
01-15 12:06:48.711   627  3892 D DlbDapCrossfadeProcess: process transitioning from FADE_TO_ACTIVE state to DAP_ACTIVE
01-15 12:06:48.712   627  3977 I ACDB-LOADER: ACDB AFE returned = -19
01-15 12:06:48.712   627  3977 D audio_hw_primary: enable_audio_route: usecase(1) apply and update mixer path: low-latency-playback speaker
01-15 12:06:48.713   726   757 E ANDR-PERF-OPTSHANDLER: Warning: Resource [2, 0] not supported for core 1. Instead use resource for core 0
01-15 12:06:48.713   726   757 E ANDR-PERF-RESOURCEQS: Failed to apply optimization [2, 2, 0]
01-15 12:06:50.463   627  3512 D audio_hw_primary: disable_audio_route: usecase(0) reset and update mixer path: deep-buffer-playback speaker
01-15 12:06:50.616   945   945 W WindowManager: removeWindowToken: Attempted to remove non-existing token: android.os.Binder@137e9c8
01-15 12:06:50.663   475   475 D SurfaceFlinger: duplicate layer name: changing Toast to Toast#1
01-15 12:06:51.031   627  3892 D DlbDap2Process: process() called [178000] times
01-15 12:06:52.654   945   945 W WindowManager: removeWindowToken: Attempted to remove non-existing token: android.os.Binder@1d47812
01-15 12:06:53.111   710 13583 I NuPlayerDecoder: [audio] saw output EOS
01-15 12:06:53.113   710 13582 D AudioTrack: stop() called with 230400 frames delivered
01-15 12:06:53.600   710 13576 D NuPlayerDriver: notifyListener_l(0xe84b2c40), (2, 0, 0, -1), loop setting(0, 1)
01-15 12:06:53.600   684  7227 D AudioFlinger: trackStateChanged() Track id 295 state changed to 6
01-15 12:06:53.601   684  7228 D AudioFlinger: trackStateChanged() Track id 295 state changed to 6
01-15 12:06:53.619   710 13576 D NuPlayerDriver: notifyListener_l(0xe84b2c40), (6, 0, 0, -1), loop setting(0, 1)
01-15 12:06:53.620   710   900 W MediaClock: reject anchor time since it is negative.
01-15 12:06:53.708   627  3892 D DlbDap2Process: process() called [178500] times
