01-17 09:25:48.988   710  1419 D NuPlayerDriver: reset(0xe6bcb150) at state 5
01-17 09:25:48.992   710  1419 D NuPlayerDriver: notifyListener_l(0xe6bcb150), (8, 0, 0, -1), loop setting(0, 1)
01-17 09:25:48.993   684   930 D AudioFlinger: trackStateChanged() Track id 792 state changed to 6
01-17 09:25:48.998   717 20091 I DDP_JOCDecoder: -> ~DDPDecoder
01-17 09:25:48.998   717 20091 I DDP_JOCDecoder: -> stop
01-17 09:25:48.999   645   645 I DMSService: unregisterClient type = 4, uid = e7f0fbc0
01-17 09:25:49.039   717 20091 I DDP_JOCDecoder: <- stop
01-17 09:25:49.039   717 20091 I ARenderer: ~ARenderer
01-17 09:25:49.039   717 20091 I evo_parser: evo_parser_close
01-17 09:25:49.039   717 20091 I DlbDap2QmfProcess: ~Dap2Process()
01-17 09:25:49.040   717 20091 I DlbDap2QmfProcess: close()
01-17 09:25:49.040   717 20091 I DDP_JOCDecoder: <- ~DDPDecoder
01-17 09:25:49.045   710 32071 D NuPlayerDriver: notifyResetComplete(0xe6bcb150)
01-17 09:25:49.045   710  1419 D AudioTrack: stop() called with 0 frames delivered
01-17 09:25:49.076   627  3892 I DlbEffectContext: setContentProcEnabled() Enabling content processing in global effect
01-17 09:25:49.077   627  3892 D DlbDapEndpointParamCache: commitChangedParams()
01-17 09:25:49.077   627  3892 D DlbDapEndpointParamCache: commit() Applying parameters for device 0x40000000
01-17 09:25:49.077   627  3892 D DlbDap2Process: setParam(iea = #1[10])
01-17 09:25:49.077   627  3892 D DlbDap2Process: setParam(msce = #1[0])
01-17 09:25:49.077   627  3892 D DlbDap2Process: setParam(mdee = #1[0])
01-17 09:25:49.077   627  3892 D DlbDap2Process: setParam(miee = #1[0])
01-17 09:25:49.077   627  3892 D DlbDap2Process: setParam(mdle = #1[0])
01-17 09:25:49.077   627  3892 D DlbDap2Process: setParam(dvle = #1[1])
01-17 09:25:49.077   627  3892 D DlbDap2Process: setParam(mave = #1[0])
01-17 09:25:49.077   627  3892 D DlbDap2Process: setParam(vcbf = #20[47, 141, 234, 328, 469, 656, 844, 1031, 1313, 1688, 2250, 3000, 3750, 4688, 5813, 7125, 9000, 11250, 13875, 19688])
01-17 09:25:49.077   627  3892 D DlbDap2Process: setParam(vbon = #1[0])
01-17 09:25:49.077   627  3892 D DlbDap2Process: setParam(beon = #1[0])
01-17 09:25:49.077   627  3892 D DlbDap2Process: setParam(geon = #1[0])
01-17 09:25:49.077   627  3892 D DlbDap2Process: setParam(ieon = #1[0])
01-17 09:25:49.077   627  3892 D DlbDap2Process: setParam(gebs = #41[20, 47, 141, 234, 328, 469, 656, 844, 1031, 1313, 1688, 2250, 3000, 3750, 4688, 5813, 7125, 9000, 11250, 13875, 19688, 0, 0, 0, 0, 0, 0, 0, 0, 0, 0, 0, 0, 0, 0, 0, 0, 0, 0, 0, 0])
01-17 09:25:49.077   627  3892 D DlbDap2Process: setParam(iebs = #41[20, 65, 136, 223, 332, 467, 634, 841, 1098, 1416, 1812, 2302, 2909, 3663, 4598, 5756, 7194, 8976, 11186, 13927, 17326, 117, 133, 188, 176, 141, 149, 175, 185, 185, 200, 236, 242, 228, 213, 182, 132, 110, 68, -27, -240])
01-17 09:25:49.077   627  3892 D DlbDapEndpointParamCache: doCommit() Committed 15 parameters out of 16.
01-17 09:25:49.077   627  3892 D DlbDapEndpointParamCache: commit() Overriding parameters for current device 0x00000002
01-17 09:25:49.077   627  3892 D DlbDap2Process: setParam(dea = #1[7])
01-17 09:25:49.077   627  3892 D DlbDap2Process: setParam(dsa = #1[10])
01-17 09:25:49.077   627  3892 D DlbDap2Process: setParam(beb = #1[192])
01-17 09:25:49.077   627  3892 D DlbDap2Process: setParam(plb = #1[0])
01-17 09:25:49.077   627  3892 D DlbDap2Process: setParam(vmb = #1[144])
01-17 09:25:49.077   627  3892 D DlbDap2Process: setParam(dsb = #1[48])
01-17 09:25:49.077   627  3892 D DlbDap2Process: setParam(ded = #1[0])
01-17 09:25:49.078   627  3892 D DlbDap2Process: setParam(vbm = #1[3])
01-17 09:25:49.078   627  3892 D DlbDap2Process: setParam(dom = #1[0])
01-17 09:25:49.078   627  3892 D DlbDap2Process: setParam(bew = #1[16])
01-17 09:25:49.078   627  3892 D DlbDap2Process: setParam(dvla = #1[5])
01-17 09:25:49.078   627  3892 D DlbDap2Process: setParam(arra = #1[96])
01-17 09:25:49.078   627  3892 D DlbDap2Process: setParam(dfsa = #1[10])
01-17 09:25:49.078   627  3892 D DlbDap2Process: setParam(dhsa = #1[10])
01-17 09:25:49.078   627  3892 D DlbDap2Process: setParam(dvmc = #1[0])
01-17 09:25:49.078   627  3892 D DlbDap2Process: setParam(arod = #1[0])
01-17 09:25:49.078   627  3892 D DlbDap2Process: setParam(arde = #1[1])
01-17 09:25:49.078   627  3892 D DlbDap2Process: setParam(dvle = #1[1])
01-17 09:25:49.078   627  3892 D DlbDap2Process: setParam(dvme = #1[0])
01-17 09:25:49.078   627  3892 D DlbDap2Process: setParam(becf = #1[200])
01-17 09:25:49.078   627  3892 D DlbDap2Process: setParam(vbmf = #2[94, 469])
01-17 09:25:49.078   627  3892 D DlbDap2Process: setParam(vbsf = #2[35, 160])
01-17 09:25:49.078   627  3892 D DlbDap2Process: setParam(vbhg = #3[-32, -144, -192])
01-17 09:25:49.078   627  3892 D DlbDap2Process: setParam(vbog = #1[0])
01-17 09:25:49.078   627  3892 D DlbDap2Process: setParam(vbsg = #1[0])
01-17 09:25:49.078   627  3892 D DlbDap2Process: setParam(dvli = #1[-320])
01-17 09:25:49.078   627  3892 D DlbDap2Process: setParam(dhfm = #1[2])
01-17 09:25:49.078   627  3892 D DlbDap2Process: setParam(vbon = #1[0])
01-17 09:25:49.078   627  3892 D DlbDap2Process: setParam(beon = #1[0])
01-17 09:25:49.078   627  3892 D DlbDap2Process: setParam(deon = #1[0])
01-17 09:25:49.078   627  3892 D DlbDap2Process: setParam(ngon = #1[1])
01-17 09:25:49.078   627  3892 D DlbDap2Process: setParam(aoon = #1[1])
01-17 09:25:49.078   627  3892 D DlbDap2Process: setParam(aron = #1[1])
01-17 09:25:49.078   627  3892 D DlbDap2Process: setParam(dvlo = #1[-320])
01-17 09:25:49.078   627  3892 D DlbDap2Process: setParam(artp = #1[12])
01-17 09:25:49.078   627  3892 D DlbDap2Process: setParam(aobs = #222[20, 10, 47, 141, 234, 328, 469, 656, 844, 1031, 1313, 1688, 2250, 3000, 3750, 4688, 5813, 7125, 9000, 11250, 13875, 19688, 0, 0, 0, 0, 0, 0, 0, 0, 0, 0, 0, 0, 0, 0, 0, 0, 0, 0, 0, 0, 0, 0, 0, 0, 0, 0, 0, 0, 0, 0, 0, 0, 0, 0, 0, 0, 0, 0, 0, 0, 0, 0, 0, 0, 0, 0, 0, 0, 0, 0, 0, 0, 0, 0, 0, 0, 0, 0, 0, 0, 0, 0, 0, 0, 0, 0, 0, 0, 0, 0, 0, 0, 0, 0, 0, 0, 0, 0, 0, 0, 0, 0, 0, 0, 0, 0, 0, 0, 0, 0, 0, 0, 0, 0, 0, 0, 0, 0, 0, 0, 0, 0, 0, 0, 0, 0, 0, 0, 0, 0, 0, 0, 0, 0, 0, 0, 0, 0, 0, 0, 0, 0, 0, 0, 0, 0, 0, 0, 0, 0, 0, 0, 0, 0, 0, 0, 0, 0, 0, 0, 0, 0, 0, 0, 0, 0, 0, 0, 0, 0, 0, 0, 0, 0, 0, 0, 0, 0, 0, 0, 0, 0, 0, 0, 0, 0, 0, 0, 0, 0, 0, 0, 0, 0, 0, 0, 0, 0, 0, 0, 0, 0, 0, 0, 0, 0, 0, 0, 0, 0, 0, 0, 0, 0, 0, 0, 0, 0, 0, 0])
01-17 09:25:49.079   627  3892 D DlbDap2Process: setParam(arbs = #81[20, 47, 141, 234, 328, 469, 656, 844, 1031, 1313, 1688, 2250, 3000, 3750, 4688, 5813, 7125, 9000, 11250, 13875, 19688, -192, -192, -192, -192, -192, -192, -192, -192, -192, -192, -192, -192, -192, -192, -192, -192, -192, -192, -192, -192, 0, 0, 0, 0, 0, 0, 0, 0, 0, 0, 0, 0, 0, 0, 0, 0, 0, 0, 0, 0, 0, 0, 0, 0, 0, 0, 0, 0, 0, 0, 0, 0, 0, 0, 0, 0, 0, 0, 0, 0])
01-17 09:25:49.079   627  3892 D DlbDapEndpointParamCache: doCommit() Committed 37 parameters out of 37.
01-17 09:25:49.079   627  3892 D DlbDap2Process: setMave(mave = 0)
01-17 09:25:49.135   684  1061 D AudioFlinger: trackStateChanged() Track id 792 state changed to 2
01-17 09:25:49.135   684  1061 I AudioFlinger: updateProcessedAudioState() Changing content processing in effect to 0
01-17 09:25:49.135   627  3512 D DlbDlbEffect: handle_EFFECT_CMD_SET_PARAM()
01-17 09:25:49.156   684  1061 D AudioFlinger: trackDestroyed() Track id 792 no longer contains processed audio
01-17 09:25:49.157   684   928 W AudioFlinger::EffectModule: EffectModule 0xed0e2200 destructor called with unreleased interface
01-17 09:25:49.157   684   928 W AudioFlinger::EffectHandle: disconnect Effect handle 0xee163200 disconnected after thread destruction
01-17 09:25:49.158   627  6441 D DlbDlbEffect: handle_EFFECT_CMD_DISABLE()
01-17 09:25:49.158   627  6441 D DlbDapCrossfadeProcess: setEnabled transitioning from DAP_ACTIVE state to FADE_TO_BYPASS
01-17 09:25:49.160   627  6441 D DlbDlbEffect: handle_EFFECT_CMD_SET_CONFIG()
01-17 09:25:49.160   627  3512 D DlbDapEndpointParamCache: setDevice(device=0x00000002)
01-17 09:25:49.160   645   645 D DMSService: setActiveDevice called with device = 0x2
01-17 09:25:49.161   627  6441 D DlbDlbEffect: handle_EFFECT_CMD_ENABLE()
01-17 09:25:49.161   627  6441 D DlbDapCrossfadeProcess: setEnabled transitioning from FADE_TO_BYPASS state to FADE_TO_ACTIVE
01-17 09:25:49.273 32114 32114 D featureTest: onCreate
01-17 09:25:49.277 32114 32114 D AudioTrack: Client defaulted notificationFrames to 962 for frameCount 1924
01-17 09:25:49.280 32114 32114 W AudioTrack: Use of stream types is deprecated for operations other than volume control
01-17 09:25:49.280 32114 32114 W AudioTrack: See the documentation of AudioTrack() for what to use instead with android.media.AudioAttributes to qualify your playback use case
01-17 09:25:49.293 32114 32114 D featureTest: onResume
01-17 09:25:50.141 32114 32114 D featureTest: receive broadcast , playing content location :/sdcard/featureTest/ChID_voices_51_384_ddp_joc.mp4
01-17 09:25:50.151 32114 32114 D featureTest: mMediaPlayer.getAudioSessionId(): 5961
01-17 09:25:50.151 32114 32114 D featureTest: Playing file: /sdcard/featureTest/ChID_voices_51_384_ddp_joc.mp4
01-17 09:25:50.153   710   900 D NuPlayerDriver: NuPlayerDriver(0xe6bcb770) created, clientPid(32114)
01-17 09:25:50.177   710 32139 D NuPlayerDriver: notifyListener_l(0xe6bcb770), (1, 0, 0, -1), loop setting(0, 0)
01-17 09:25:50.186   710   900 D NuPlayerDriver: start(0xe6bcb770), state is 4, eos is 0
01-17 09:25:50.205   717 20091 I OMXMaster: makeComponentInstance(OMX.dolby.eac3_joc.decoder) in omx@1.0-service process
01-17 09:25:50.209 32114 32114 D featureTest: receive broadcast , change ds status :0
01-17 09:25:50.218   627  6441 D DlbDlbEffect: handle_EFFECT_CMD_SET_PARAM()
01-17 09:25:50.245   717 20091 I DDP_JOCDecoder: -> init name OMX.dolby.eac3_joc.decoder
01-17 09:25:50.246   645   645 I DMSService: registerClient type = 0, uid = e7f0fbe0
01-17 09:25:50.248   717 20091 I DDP_JOCDecoder: <- init
01-17 09:25:50.248   717 20091 D DDP_JOCDecoder: initPorts
01-17 09:25:50.249   710 32147 I ACodec  : codec does not support config priority (err -2147483648)
01-17 09:25:50.250   710 32147 I MediaCodec: MediaCodec will operate in async mode
01-17 09:25:50.251   710 32147 I ACodec  : setDolbyParameterOnProcessedAudio() Received dolby_processed_audio=1
01-17 09:25:50.251   710 32146 I NuPlayerDecoder: setDolbyMessage() Notifying player that Codec supports dolby_processed_audio flag
01-17 09:25:50.251   710 32139 I NuPlayer: onDolbyMessageReceived() Setting dolby_processed_audio flag on audio sink
01-17 09:25:50.251   645   645 I DMSService: unregisterClient type = 0, uid = e7f0fbe0
01-17 09:25:50.273 32114 32114 D featureTest: receive broadcast , change ds profile id :2
01-17 09:25:50.281   627  6441 D DlbDlbEffect: handle_EFFECT_CMD_SET_PARAM()
01-17 09:25:50.285   645   713 I DapController: Profile Changed to Music
01-17 09:25:50.286   645   645 I DMSService: registerClient type = 4, uid = e7f0fbd0
01-17 09:25:50.286   717  5319 D DDP_JOCDecoder: internalSetParameter() Instantiating ARenderer for content processing in decoder
01-17 09:25:50.286   717  5319 I DlbDap2QmfProcess: Dap2Process()
01-17 09:25:50.286   717  5319 I ARenderer: ARenderer
01-17 09:25:50.286   717  5319 I evo_parser: evo_parser_init
01-17 09:25:50.286   717  5319 I DlbDap2QmfProcess: init()
01-17 09:25:50.286   717  5319 I DlbDap2QmfProcess: open()
01-17 09:25:50.286   717  5319 I DlbDap2QmfProcess: loadLicense() no license check!
01-17 09:25:50.286   717  5319 I DlbDap2QmfProcess: validateLicense() no license check!
01-17 09:25:50.286   717  5319 I DlbDap2QmfProcess: init() DAP opened
01-17 09:25:50.286   717  5319 I DlbDap2QmfProcess: DAP library version: 2.5.1-P2.0
01-17 09:25:50.286   717  5319 D DlbDap2QmfProcess: DAP output mode set to 1 with 2 output channels and null mix matrix.
01-17 09:25:50.286   710 32147 I ACodec  : setDolbyParameterOnProcessedAudio() Content processing enabled in decoder
01-17 09:25:50.296   717 32151 I DDP_JOCDecoder: -> start
01-17 09:25:50.296   717 32151 D DDP_JOCDecoder: Setting Max Output Channels to 2
01-17 09:25:50.296   717 32151 D DDP_JOCDecoder: setMultiChannelPCMOutDownmix mConfig->jocForceDownmixMode 1
01-17 09:25:50.296   717 32151 I udc_user: 
01-17 09:25:50.296   717 32151 I udc_user: *** DDPlus Unified Decoder Simulation  Version 1.7.3 ***
01-17 09:25:50.296   717 32151 I udc_user: 
01-17 09:25:50.296   717 32151 I udc_user: 7.1-channel decoder-converter, 
01-17 09:25:50.296   717 32151 I udc_user: 
01-17 09:25:50.296   717 32151 I udc_user: 5.1-channel dual-decoder-converter, 
01-17 09:25:50.297   717 32151 I udc_user: Karaoke unsupported, 
01-17 09:25:50.297   717 32151 I udc_user: TPNP supported. 
01-17 09:25:50.297   717 32151 I udc_user: 
01-17 09:25:50.297   717 32151 I udc_user: Unpublished work.  Copyright 2003-2014 Dolby Laboratories, Inc. and
01-17 09:25:50.297   717 32151 I udc_user: Dolby Laboratories Licensing Corporation.  All Rights Reserved.
01-17 09:25:50.297   717 32151 I udc_user: 
01-17 09:25:50.297   717 32151 I udc_user: USE OF THIS SOFTWARE IS SUBJECT TO A LEGAL AGREEMENT BETWEEN YOU AND DOLBY
01-17 09:25:50.297   717 32151 I udc_user: LABORATORIES. DO NOT USE THIS SOFTWARE UNLESS YOU AGREE TO THE TERMS AND 
01-17 09:25:50.297   717 32151 I udc_user: CONDITIONS IN THE AGREEMENT.  BY USING THIS SOFTWARE, YOU ACKNOWLEDGE THAT 
01-17 09:25:50.297   717 32151 I udc_user: YOU HAVE READ THE AGREEMENT AND THAT YOU AGREE TO BE BOUND BY ITS TERMS. 
01-17 09:25:50.297   717 32151 I udc_user: 
01-17 09:25:50.297   717 32151 I ddpdec_client_joc: ddpdec_open JOCD_MODE Buffer assignment
01-17 09:25:50.297   717 32151 D DDP_JOCDecoder: mStarted = 1
01-17 09:25:50.297   717 32151 I DDP_JOCDecoder: <- start
01-17 09:25:50.298   717 32151 D ddpdec_client_joc: ddpdec_client.c|int configDecoder()
01-17 09:25:50.300   717 32151 D DDP_JOCDecoder: Setting Max Output Channels to 2
01-17 09:25:50.300   717 32151 I DlbDap2QmfProcess: close()
01-17 09:25:50.300   717 32151 I DlbDap2QmfProcess: init()
01-17 09:25:50.300   717 32151 I DlbDap2QmfProcess: open()
01-17 09:25:50.300   717 32151 I DlbDap2QmfProcess: loadLicense() no license check!
01-17 09:25:50.300   717 32151 I DlbDap2QmfProcess: validateLicense() no license check!
01-17 09:25:50.300   717 32151 I DlbDap2QmfProcess: init() DAP opened
01-17 09:25:50.300   717 32151 I DlbDap2QmfProcess: DAP library version: 2.5.1-P2.0
01-17 09:25:50.300   717 32151 D DlbDap2QmfProcess: DAP output mode set to 1 with 2 output channels and null mix matrix.
01-17 09:25:50.300   717 32151 D ARenderer: checkAndUpdateConfig: DAP reinitialized because of sample rate change
01-17 09:25:50.300   717 32151 D ARenderer: updateDapConfig: Updating DAP configuration
01-17 09:25:50.300   717 32151 I ARenderer: updateDapConfig: Disable content processing in decoder-ARenderer
01-17 09:25:50.301   717 32151 D DlbDap2QmfProcess: setParam(deon = #1[0])
01-17 09:25:50.301   717 32151 D DlbDap2QmfProcess: setParam(dvle = #1[0])
01-17 09:25:50.301   717 32151 D DlbDap2QmfProcess: setParam(ieon = #1[0])
01-17 09:25:50.301   717 32151 D DlbDap2QmfProcess: setParam(dvme = #1[0])
01-17 09:25:50.301   717 32151 D DlbDap2QmfProcess: setParam(dom = #1[0])
01-17 09:25:50.301   717 32151 D DlbDap2QmfProcess: setParam(msce = #1[0])
01-17 09:25:50.301   717 32151 D DlbDap2QmfProcess: setParam(miee = #1[0])
01-17 09:25:50.301   717 32151 D DlbDap2QmfProcess: setParam(mdle = #1[0])
01-17 09:25:50.301   717 32151 D DlbDap2QmfProcess: setParam(mdee = #1[0])
01-17 09:25:50.301   717 32151 D DlbDap2QmfProcess: setParam(mave = #1[0])
01-17 09:25:50.301   717 32151 D DlbDap2QmfProcess: setParam(ngon = #1[0])
01-17 09:25:50.301   717 32151 D DlbDap2QmfProcess: setParam(dvle = #1[1])
01-17 09:25:50.301   717 32151 D DlbDap2QmfProcess: setParam(dvli = #1[-496])
01-17 09:25:50.301   717 32151 D DlbDap2QmfProcess: setParam(dvlo = #1[-224])
01-17 09:25:50.301   717 32151 D ARenderer: updateDapVolumeLeveler: Setting output level to -14.00dB
01-17 09:25:50.301   717 32151 D DlbDap2QmfProcess: setParam(vmb = #1[0])
01-17 09:25:50.301   717 32151 D DlbDap2QmfProcess: setParam(preg = #1[-384])
01-17 09:25:50.301   717 32151 D DlbDap2QmfProcess: setParam(vol = #1[384])
01-17 09:25:50.301   717 32151 D DlbDap2QmfProcess: processQmf() called [0] times
01-17 09:25:50.301   717 32151 D DlbDap2QmfProcess: setMave(mave = 0)
01-17 09:25:50.312   710 32145 D AudioTrack: Client defaulted notificationFrames to 12000 for frameCount 24000
01-17 09:25:50.313   684  3974 I AudioFlinger: attachAuxEffect(): Marking track 794 as containing processed audio
01-17 09:25:50.313   684  3974 D AudioFlinger: trackContainsProcessedAudio() Track id 794 contains processed audio
01-17 09:25:50.318   627   924 D DlbDlbEffect: handle_EFFECT_CMD_DISABLE()
01-17 09:25:50.318   627   924 D DlbDapCrossfadeProcess: setEnabled transitioning from FADE_TO_ACTIVE state to FADE_TO_BYPASS
01-17 09:25:50.320   627   924 D DlbDlbEffect: handle_EFFECT_CMD_SET_CONFIG()
01-17 09:25:50.320 32114 32114 D featureTest: receive broadcast , playing content location :/sdcard/featureTest/ChID_voices_51_384_ddp_joc.mp4
01-17 09:25:50.320   627   924 D DlbDapEndpointParamCache: setDevice(device=0x00000002)
01-17 09:25:50.320   645   645 D DMSService: setActiveDevice called with device = 0x2
01-17 09:25:50.320   627   924 D DlbDlbEffect: handle_EFFECT_CMD_ENABLE()
01-17 09:25:50.320   627   924 D DlbDapCrossfadeProcess: setEnabled transitioning from FADE_TO_BYPASS state to FADE_TO_ACTIVE
01-17 09:25:50.320   684  3974 W AudioFlinger: moveDolbyEffect() effect chain for session 0 not on source thread 0xee0ae580
01-17 09:25:50.321   684  3974 D AudioFlinger: trackStateChanged() Track id 794 state changed to 6
01-17 09:25:50.321   684  3974 I AudioFlinger: updateProcessedAudioState() Changing content processing in effect to 1
01-17 09:25:50.321   627  6441 D DlbDlbEffect: handle_EFFECT_CMD_SET_PARAM()
01-17 09:25:50.322   710 32139 D NuPlayerDriver: notifyListener_l(0xe6bcb770), (6, 0, 0, -1), loop setting(0, 1)
01-17 09:25:50.323   710   900 D NuPlayerDriver: stop(0xe6bcb770)
01-17 09:25:50.323   710   900 D NuPlayerDriver: notifyListener_l(0xe6bcb770), (8, 0, 0, -1), loop setting(0, 1)
01-17 09:25:50.323   710   900 D NuPlayerDriver: reset(0xe6bcb770) at state 8
01-17 09:25:50.333   717 20091 I DDP_JOCDecoder: -> ~DDPDecoder
01-17 09:25:50.333   717 20091 I DDP_JOCDecoder: -> stop
01-17 09:25:50.333   645   645 I DMSService: unregisterClient type = 4, uid = e7f0fbd0
01-17 09:25:50.359   717 20091 I DDP_JOCDecoder: <- stop
01-17 09:25:50.359   717 20091 I ARenderer: ~ARenderer
01-17 09:25:50.359   717 20091 I evo_parser: evo_parser_close
01-17 09:25:50.359   717 20091 I DlbDap2QmfProcess: ~Dap2Process()
01-17 09:25:50.359   717 20091 I DlbDap2QmfProcess: close()
01-17 09:25:50.359   717 20091 I DDP_JOCDecoder: <- ~DDPDecoder
01-17 09:25:50.360   627  3892 D DlbDapCrossfadeProcess: setEnabled transitioning from FADE_TO_ACTIVE state to FADE_TO_BYPASS
01-17 09:25:50.361   627  3892 D DlbDapEndpointParamCache: commitChangedParams()
01-17 09:25:50.361   627  3892 D DlbDapEndpointParamCache: commit() Applying parameters for device 0x40000000
01-17 09:25:50.361   627  3892 D DlbDap2Process: setParam(iea = #1[10])
01-17 09:25:50.361   627  3892 D DlbDap2Process: setParam(msce = #1[0])
01-17 09:25:50.361   627  3892 D DlbDap2Process: setParam(mdee = #1[0])
01-17 09:25:50.361   627  3892 D DlbDap2Process: setParam(miee = #1[0])
01-17 09:25:50.361   627  3892 D DlbDap2Process: setParam(mdle = #1[0])
01-17 09:25:50.361   627  3892 D DlbDap2Process: setParam(dvle = #1[1])
01-17 09:25:50.361   627  3892 D DlbDap2Process: setParam(mave = #1[0])
01-17 09:25:50.361   627  3892 D DlbDap2Process: setParam(vcbf = #20[47, 141, 234, 328, 469, 656, 844, 1031, 1313, 1688, 2250, 3000, 3750, 4688, 5813, 7125, 9000, 11250, 13875, 19688])
01-17 09:25:50.361   627  3892 D DlbDap2Process: setParam(vbon = #1[0])
01-17 09:25:50.361   627  3892 D DlbDap2Process: setParam(beon = #1[0])
01-17 09:25:50.361   627  3892 D DlbDap2Process: setParam(geon = #1[0])
01-17 09:25:50.361   627  3892 D DlbDap2Process: setParam(ieon = #1[1])
01-17 09:25:50.361   627  3892 D DlbDap2Process: setParam(gebs = #41[20, 47, 141, 234, 328, 469, 656, 844, 1031, 1313, 1688, 2250, 3000, 3750, 4688, 5813, 7125, 9000, 11250, 13875, 19688, 0, 0, 0, 0, 0, 0, 0, 0, 0, 0, 0, 0, 0, 0, 0, 0, 0, 0, 0, 0])
01-17 09:25:50.362   627  3892 D DlbDap2Process: setParam(iebs = #41[20, 65, 136, 223, 332, 467, 634, 841, 1098, 1416, 1812, 2302, 2909, 3663, 4598, 5756, 7194, 8976, 11186, 13927, 17326, 117, 133, 188, 176, 141, 149, 175, 185, 185, 200, 236, 242, 228, 213, 182, 132, 110, 68, -27, -240])
01-17 09:25:50.362   627  3892 D DlbDapEndpointParamCache: doCommit() Committed 15 parameters out of 16.
01-17 09:25:50.362   627  3892 D DlbDapEndpointParamCache: commit() Overriding parameters for current device 0x00000002
01-17 09:25:50.362   627  3892 D DlbDap2Process: setParam(dea = #1[7])
01-17 09:25:50.362   627  3892 D DlbDap2Process: setParam(dsa = #1[10])
01-17 09:25:50.362   627  3892 D DlbDap2Process: setParam(beb = #1[192])
01-17 09:25:50.362   627  3892 D DlbDap2Process: setParam(plb = #1[0])
01-17 09:25:50.362   627  3892 D DlbDap2Process: setParam(vmb = #1[144])
01-17 09:25:50.362   627  3892 D DlbDap2Process: setParam(dsb = #1[0])
01-17 09:25:50.362   627  3892 D DlbDap2Process: setParam(ded = #1[0])
01-17 09:25:50.362   627  3892 D DlbDap2Process: setParam(vbm = #1[3])
01-17 09:25:50.362   627  3892 D DlbDap2Process: setParam(dom = #1[0])
01-17 09:25:50.362   627  3892 D DlbDap2Process: setParam(bew = #1[16])
01-17 09:25:50.362   627  3892 D DlbDap2Process: setParam(dvla = #1[4])
01-17 09:25:50.362   627  3892 D DlbDap2Process: setParam(arra = #1[96])
01-17 09:25:50.362   627  3892 D DlbDap2Process: setParam(dfsa = #1[10])
01-17 09:25:50.362   627  3892 D DlbDap2Process: setParam(dhsa = #1[10])
01-17 09:25:50.362   627  3892 D DlbDap2Process: setParam(dvmc = #1[0])
01-17 09:25:50.362   627  3892 D DlbDap2Process: setParam(arod = #1[0])
01-17 09:25:50.362   627  3892 D DlbDap2Process: setParam(arde = #1[1])
01-17 09:25:50.362   627  3892 D DlbDap2Process: setParam(dvle = #1[1])
01-17 09:25:50.362   627  3892 D DlbDap2Process: setParam(dvme = #1[0])
01-17 09:25:50.362   627  3892 D DlbDap2Process: setParam(becf = #1[200])
01-17 09:25:50.362   627  3892 D DlbDap2Process: setParam(vbmf = #2[94, 469])
01-17 09:25:50.362   627  3892 D DlbDap2Process: setParam(vbsf = #2[35, 160])
01-17 09:25:50.362   627  3892 D DlbDap2Process: setParam(vbhg = #3[-32, -144, -192])
01-17 09:25:50.362   627  3892 D DlbDap2Process: setParam(vbog = #1[0])
01-17 09:25:50.362   627  3892 D DlbDap2Process: setParam(vbsg = #1[0])
01-17 09:25:50.362   627  3892 D DlbDap2Process: setParam(dvli = #1[-320])
01-17 09:25:50.362   627  3892 D DlbDap2Process: setParam(dhfm = #1[2])
01-17 09:25:50.362   627  3892 D DlbDap2Process: setParam(vbon = #1[0])
01-17 09:25:50.362   627  3892 D DlbDap2Process: setParam(beon = #1[0])
01-17 09:25:50.362   627  3892 D DlbDap2Process: setParam(deon = #1[0])
01-17 09:25:50.362   627  3892 D DlbDap2Process: setParam(ngon = #1[1])
01-17 09:25:50.362   627  3892 D DlbDap2Process: setParam(aoon = #1[1])
01-17 09:25:50.362   627  3892 D DlbDap2Process: setParam(aron = #1[1])
01-17 09:25:50.363   627  3892 D DlbDap2Process: setParam(dvlo = #1[-320])
01-17 09:25:50.363   627  3892 D DlbDap2Process: setParam(artp = #1[12])
01-17 09:25:50.363   627  3892 D DlbDap2Process: setParam(aobs = #222[20, 10, 47, 141, 234, 328, 469, 656, 844, 1031, 1313, 1688, 2250, 3000, 3750, 4688, 5813, 7125, 9000, 11250, 13875, 19688, 0, 0, 0, 0, 0, 0, 0, 0, 0, 0, 0, 0, 0, 0, 0, 0, 0, 0, 0, 0, 0, 0, 0, 0, 0, 0, 0, 0, 0, 0, 0, 0, 0, 0, 0, 0, 0, 0, 0, 0, 0, 0, 0, 0, 0, 0, 0, 0, 0, 0, 0, 0, 0, 0, 0, 0, 0, 0, 0, 0, 0, 0, 0, 0, 0, 0, 0, 0, 0, 0, 0, 0, 0, 0, 0, 0, 0, 0, 0, 0, 0, 0, 0, 0, 0, 0, 0, 0, 0, 0, 0, 0, 0, 0, 0, 0, 0, 0, 0, 0, 0, 0, 0, 0, 0, 0, 0, 0, 0, 0, 0, 0, 0, 0, 0, 0, 0, 0, 0, 0, 0, 0, 0, 0, 0, 0, 0, 0, 0, 0, 0, 0, 0, 0, 0, 0, 0, 0, 0, 0, 0, 0, 0, 0, 0, 0, 0, 0, 0, 0, 0, 0, 0, 0, 0, 0, 0, 0, 0, 0, 0, 0, 0, 0, 0, 0, 0, 0, 0, 0, 0, 0, 0, 0, 0, 0, 0, 0, 0, 0, 0, 0, 0, 0, 0, 0, 0, 0, 0, 0, 0, 0, 0, 0, 0, 0, 0, 0, 0, 0])
01-17 09:25:50.363   627  3892 D DlbDap2Process: setParam(arbs = #81[20, 47, 141, 234, 328, 469, 656, 844, 1031, 1313, 1688, 2250, 3000, 3750, 4688, 5813, 7125, 9000, 11250, 13875, 19688, -192, -192, -192, -192, -192, -192, -192, -192, -192, -192, -192, -192, -192, -192, -192, -192, -192, -192, -192, -192, 0, 0, 0, 0, 0, 0, 0, 0, 0, 0, 0, 0, 0, 0, 0, 0, 0, 0, 0, 0, 0, 0, 0, 0, 0, 0, 0, 0, 0, 0, 0, 0, 0, 0, 0, 0, 0, 0, 0, 0])
01-17 09:25:50.363   627  3892 D DlbDapEndpointParamCache: doCommit() Committed 37 parameters out of 37.
01-17 09:25:50.363   627  3892 D DlbDap2Process: setMave(mave = 0)
01-17 09:25:50.365   710 32139 D NuPlayerDriver: notifyResetComplete(0xe6bcb770)
01-17 09:25:50.365   710   900 D NuPlayerDriver: reset(0xe6bcb770) at state 0
01-17 09:25:50.371 32114 32114 D featureTest: mMediaPlayer.getAudioSessionId(): 5969
01-17 09:25:50.371 32114 32114 D featureTest: Playing file: /sdcard/featureTest/ChID_voices_51_384_ddp_joc.mp4
01-17 09:25:50.372   710   900 D NuPlayerDriver: NuPlayerDriver(0xe6bcb850) created, clientPid(32114)
01-17 09:25:50.390   710 32164 D NuPlayerDriver: notifyListener_l(0xe6bcb850), (1, 0, 0, -1), loop setting(0, 0)
01-17 09:25:50.395   710   900 D NuPlayerDriver: start(0xe6bcb850), state is 4, eos is 0
01-17 09:25:50.403 32114 32114 D featureTest: receive broadcast , change ds status :1
01-17 09:25:50.415   627  6441 D DlbDlbEffect: handle_EFFECT_CMD_SET_PARAM()
01-17 09:25:50.415   717 20091 I OMXMaster: makeComponentInstance(OMX.dolby.eac3_joc.decoder) in omx@1.0-service process
01-17 09:25:50.435   627  3892 D DlbDapCrossfadeProcess: setEnabled transitioning from FADE_TO_BYPASS state to FADE_TO_ACTIVE
01-17 09:25:50.455   684  1061 D AudioFlinger: trackStateChanged() Track id 794 state changed to 2
01-17 09:25:50.455   684  1061 I AudioFlinger: updateProcessedAudioState() Changing content processing in effect to 0
01-17 09:25:50.455   627  6441 D DlbDlbEffect: handle_EFFECT_CMD_SET_PARAM()
01-17 09:25:50.464   717 20091 I DDP_JOCDecoder: -> init name OMX.dolby.eac3_joc.decoder
01-17 09:25:50.465   645   645 I DMSService: registerClient type = 0, uid = e7f0fc00
01-17 09:25:50.466   717 20091 I DDP_JOCDecoder: <- init
01-17 09:25:50.466   717 20091 D DDP_JOCDecoder: initPorts
01-17 09:25:50.467   710 32169 I ACodec  : codec does not support config priority (err -2147483648)
01-17 09:25:50.468   710 32169 I MediaCodec: MediaCodec will operate in async mode
01-17 09:25:50.468   710 32169 I ACodec  : setDolbyParameterOnProcessedAudio() Received dolby_processed_audio=1
01-17 09:25:50.468   710 32168 I NuPlayerDecoder: setDolbyMessage() Notifying player that Codec supports dolby_processed_audio flag
01-17 09:25:50.468   710 32164 I NuPlayer: onDolbyMessageReceived() Setting dolby_processed_audio flag on audio sink
01-17 09:25:50.468   645   645 I DMSService: unregisterClient type = 0, uid = e7f0fc00
01-17 09:25:50.471 32114 32114 D featureTest: receive broadcast , change ds profile id :5
01-17 09:25:50.476   684  1061 D AudioFlinger: trackDestroyed() Track id 794 no longer contains processed audio
01-17 09:25:50.499   627  3892 D DlbDapCrossfadeProcess: process transitioning from FADE_TO_ACTIVE state to DAP_ACTIVE
01-17 09:25:50.499   684   928 W AudioFlinger::EffectModule: EffectModule 0xed0e1f00 destructor called with unreleased interface
01-17 09:25:50.499   627  6441 D DlbDlbEffect: handle_EFFECT_CMD_SET_PARAM()
01-17 09:25:50.500   645   645 I DMSService: registerClient type = 4, uid = e7f0fbf0
01-17 09:25:50.500   717  5783 D DDP_JOCDecoder: internalSetParameter() Instantiating ARenderer for content processing in decoder
01-17 09:25:50.500   717  5783 I DlbDap2QmfProcess: Dap2Process()
01-17 09:25:50.500   717  5783 I ARenderer: ARenderer
01-17 09:25:50.500   684   928 W AudioFlinger::EffectHandle: disconnect Effect handle 0xee163240 disconnected after thread destruction
01-17 09:25:50.500   717  5783 I evo_parser: evo_parser_init
01-17 09:25:50.500   717  5783 I DlbDap2QmfProcess: init()
01-17 09:25:50.500   717  5783 I DlbDap2QmfProcess: open()
01-17 09:25:50.500   717  5783 I DlbDap2QmfProcess: loadLicense() no license check!
01-17 09:25:50.500   717  5783 I DlbDap2QmfProcess: validateLicense() no license check!
01-17 09:25:50.500   717  5783 I DlbDap2QmfProcess: init() DAP opened
01-17 09:25:50.500   717  5783 I DlbDap2QmfProcess: DAP library version: 2.5.1-P2.0
01-17 09:25:50.500   717  5783 D DlbDap2QmfProcess: DAP output mode set to 1 with 2 output channels and null mix matrix.
01-17 09:25:50.500   710 32169 I ACodec  : setDolbyParameterOnProcessedAudio() Content processing enabled in decoder
01-17 09:25:50.501   627   924 D DlbDlbEffect: handle_EFFECT_CMD_DISABLE()
01-17 09:25:50.501   645   713 I DapController: Profile Changed to Custom
01-17 09:25:50.501   627   924 D DlbDapCrossfadeProcess: setEnabled transitioning from DAP_ACTIVE state to FADE_TO_BYPASS
01-17 09:25:50.504   627  6441 D DlbDlbEffect: handle_EFFECT_CMD_SET_CONFIG()
01-17 09:25:50.504   627  6441 D DlbDapEndpointParamCache: setDevice(device=0x00000002)
01-17 09:25:50.504   645   645 D DMSService: setActiveDevice called with device = 0x2
01-17 09:25:50.504   627  6441 D DlbDlbEffect: handle_EFFECT_CMD_ENABLE()
01-17 09:25:50.505   627  6441 D DlbDapCrossfadeProcess: setEnabled transitioning from FADE_TO_BYPASS state to FADE_TO_ACTIVE
01-17 09:25:50.514   717 32173 I DDP_JOCDecoder: -> start
01-17 09:25:50.515   717 32173 D DDP_JOCDecoder: Setting Max Output Channels to 2
01-17 09:25:50.515   717 32173 D DDP_JOCDecoder: setMultiChannelPCMOutDownmix mConfig->jocForceDownmixMode 1
01-17 09:25:50.515   717 32173 I udc_user: 
01-17 09:25:50.515   717 32173 I udc_user: *** DDPlus Unified Decoder Simulation  Version 1.7.3 ***
01-17 09:25:50.515   717 32173 I udc_user: 
01-17 09:25:50.515   717 32173 I udc_user: 7.1-channel decoder-converter, 
01-17 09:25:50.515   717 32173 I udc_user: 
01-17 09:25:50.515   717 32173 I udc_user: 5.1-channel dual-decoder-converter, 
01-17 09:25:50.515   717 32173 I udc_user: Karaoke unsupported, 
01-17 09:25:50.515   717 32173 I udc_user: TPNP supported. 
01-17 09:25:50.516   717 32173 I udc_user: 
01-17 09:25:50.516   717 32173 I udc_user: Unpublished work.  Copyright 2003-2014 Dolby Laboratories, Inc. and
01-17 09:25:50.516   717 32173 I udc_user: Dolby Laboratories Licensing Corporation.  All Rights Reserved.
01-17 09:25:50.516   717 32173 I udc_user: 
01-17 09:25:50.516   717 32173 I udc_user: USE OF THIS SOFTWARE IS SUBJECT TO A LEGAL AGREEMENT BETWEEN YOU AND DOLBY
01-17 09:25:50.516   717 32173 I udc_user: LABORATORIES. DO NOT USE THIS SOFTWARE UNLESS YOU AGREE TO THE TERMS AND 
01-17 09:25:50.516   717 32173 I udc_user: CONDITIONS IN THE AGREEMENT.  BY USING THIS SOFTWARE, YOU ACKNOWLEDGE THAT 
01-17 09:25:50.516   717 32173 I udc_user: YOU HAVE READ THE AGREEMENT AND THAT YOU AGREE TO BE BOUND BY ITS TERMS. 
01-17 09:25:50.516   717 32173 I udc_user: 
01-17 09:25:50.517   717 32173 I ddpdec_client_joc: ddpdec_open JOCD_MODE Buffer assignment
01-17 09:25:50.517   717 32173 D DDP_JOCDecoder: mStarted = 1
01-17 09:25:50.517   717 32173 I DDP_JOCDecoder: <- start
01-17 09:25:50.518   717 32173 D ddpdec_client_joc: ddpdec_client.c|int configDecoder()
01-17 09:25:50.519   717 32173 D DDP_JOCDecoder: Setting Max Output Channels to 2
01-17 09:25:50.520   717 32173 I DlbDap2QmfProcess: close()
01-17 09:25:50.520   717 32173 I DlbDap2QmfProcess: init()
01-17 09:25:50.520   717 32173 I DlbDap2QmfProcess: open()
01-17 09:25:50.520   717 32173 I DlbDap2QmfProcess: loadLicense() no license check!
01-17 09:25:50.520   717 32173 I DlbDap2QmfProcess: validateLicense() no license check!
01-17 09:25:50.520   717 32173 I DlbDap2QmfProcess: init() DAP opened
01-17 09:25:50.520   717 32173 I DlbDap2QmfProcess: DAP library version: 2.5.1-P2.0
01-17 09:25:50.520   717 32173 D DlbDap2QmfProcess: DAP output mode set to 1 with 2 output channels and null mix matrix.
01-17 09:25:50.520   717 32173 D ARenderer: checkAndUpdateConfig: DAP reinitialized because of sample rate change
01-17 09:25:50.521   717 32173 D ARenderer: updateDapConfig: Updating DAP configuration
01-17 09:25:50.521   717 32173 D DlbDap2QmfProcess: setParam(iea = #1[10])
01-17 09:25:50.521   717 32173 D DlbDap2QmfProcess: setParam(msce = #1[0])
01-17 09:25:50.521   717 32173 D DlbDap2QmfProcess: setParam(mdee = #1[0])
01-17 09:25:50.521   717 32173 D DlbDap2QmfProcess: setParam(miee = #1[0])
01-17 09:25:50.521   717 32173 D DlbDap2QmfProcess: setParam(mdle = #1[0])
01-17 09:25:50.521   717 32173 D DlbDap2QmfProcess: setParam(dvle = #1[1])
01-17 09:25:50.521   717 32173 D DlbDap2QmfProcess: setParam(mave = #1[0])
01-17 09:25:50.521   717 32173 D DlbDap2QmfProcess: setParam(vcbf = #20[47, 141, 234, 328, 469, 656, 844, 1031, 1313, 1688, 2250, 3000, 3750, 4688, 5813, 7125, 9000, 11250, 13875, 19688])
01-17 09:25:50.521   717 32173 D DlbDap2QmfProcess: setParam(ieon = #1[0])
01-17 09:25:50.521   717 32173 D DlbDap2QmfProcess: setParam(gebs = #41[20, 47, 141, 234, 328, 469, 656, 844, 1031, 1313, 1688, 2250, 3000, 3750, 4688, 5813, 7125, 9000, 11250, 13875, 19688, 0, 0, 0, 0, 0, 0, 0, 0, 0, 0, 0, 0, 0, 0, 0, 0, 0, 0, 0, 0])
01-17 09:25:50.521   717 32173 D DlbDap2QmfProcess: setParam(iebs = #41[20, 65, 136, 223, 332, 467, 634, 841, 1098, 1416, 1812, 2302, 2909, 3663, 4598, 5756, 7194, 8976, 11186, 13927, 17326, 117, 133, 188, 176, 141, 149, 175, 185, 185, 200, 236, 242, 228, 213, 182, 132, 110, 68, -27, -240])
01-17 09:25:50.521   717 32173 D DlbDap2QmfProcess: setParam(dea = #1[7])
01-17 09:25:50.521   717 32173 D DlbDap2QmfProcess: setParam(dsa = #1[10])
01-17 09:25:50.521   717 32173 D DlbDap2QmfProcess: setParam(beb = #1[192])
01-17 09:25:50.521   717 32173 D DlbDap2QmfProcess: setParam(plb = #1[0])
01-17 09:25:50.521   717 32173 D DlbDap2QmfProcess: setParam(vmb = #1[144])
01-17 09:25:50.521   717 32173 D DlbDap2QmfProcess: setParam(dsb = #1[48])
01-17 09:25:50.521   717 32173 D DlbDap2QmfProcess: setParam(ded = #1[0])
01-17 09:25:50.521   717 32173 D DlbDap2QmfProcess: setParam(dom = #1[0])
01-17 09:25:50.521   717 32173 D DlbDap2QmfProcess: setParam(bew = #1[16])
01-17 09:25:50.521   717 32173 D DlbDap2QmfProcess: setParam(dvla = #1[5])
01-17 09:25:50.521   717 32173 D DlbDap2QmfProcess: setParam(dfsa = #1[10])
01-17 09:25:50.521   717 32173 D DlbDap2QmfProcess: setParam(dhsa = #1[10])
01-17 09:25:50.521   717 32173 D DlbDap2QmfProcess: setParam(dvmc = #1[0])
01-17 09:25:50.521   717 32173 D DlbDap2QmfProcess: setParam(dvle = #1[1])
01-17 09:25:50.521   717 32173 D DlbDap2QmfProcess: setParam(dvme = #1[0])
01-17 09:25:50.521   717 32173 D DlbDap2QmfProcess: setParam(becf = #1[200])
01-17 09:25:50.521   717 32173 D DlbDap2QmfProcess: setParam(vbmf = #2[94, 469])
01-17 09:25:50.521   717 32173 D DlbDap2QmfProcess: setParam(vbsf = #2[35, 160])
01-17 09:25:50.521   717 32173 D DlbDap2QmfProcess: setParam(vbhg = #3[-32, -144, -192])
01-17 09:25:50.521   717 32173 D DlbDap2QmfProcess: setParam(vbog = #1[0])
01-17 09:25:50.522   717 32173 D DlbDap2QmfProcess: setParam(vbsg = #1[0])
01-17 09:25:50.522   717 32173 D DlbDap2QmfProcess: setParam(dvli = #1[-320])
01-17 09:25:50.522   717 32173 D DlbDap2QmfProcess: setParam(dhfm = #1[2])
01-17 09:25:50.522   717 32173 D DlbDap2QmfProcess: setParam(deon = #1[0])
01-17 09:25:50.522   717 32173 D DlbDap2QmfProcess: setParam(ngon = #1[1])
01-17 09:25:50.522   717 32173 D DlbDap2QmfProcess: setParam(dvlo = #1[-320])
01-17 09:25:50.522   717 32173 D DlbDap2QmfProcess: setParam(aobs = #222[20, 10, 47, 141, 234, 328, 469, 656, 844, 1031, 1313, 1688, 2250, 3000, 3750, 4688, 5813, 7125, 9000, 11250, 13875, 19688, 0, 0, 0, 0, 0, 0, 0, 0, 0, 0, 0, 0, 0, 0, 0, 0, 0, 0, 0, 0, 0, 0, 0, 0, 0, 0, 0, 0, 0, 0, 0, 0, 0, 0, 0, 0, 0, 0, 0, 0, 0, 0, 0, 0, 0, 0, 0, 0, 0, 0, 0, 0, 0, 0, 0, 0, 0, 0, 0, 0, 0, 0, 0, 0, 0, 0, 0, 0, 0, 0, 0, 0, 0, 0, 0, 0, 0, 0, 0, 0, 0, 0, 0, 0, 0, 0, 0, 0, 0, 0, 0, 0, 0, 0, 0, 0, 0, 0, 0, 0, 0, 0, 0, 0, 0, 0, 0, 0, 0, 0, 0, 0, 0, 0, 0, 0, 0, 0, 0, 0, 0, 0, 0, 0, 0, 0, 0, 0, 0, 0, 0, 0, 0, 0, 0, 0, 0, 0, 0, 0, 0, 0, 0, 0, 0, 0, 0, 0, 0, 0, 0, 0, 0, 0, 0, 0, 0, 0, 0, 0, 0, 0, 0, 0, 0, 0, 0, 0, 0, 0, 0, 0, 0, 0, 0, 0, 0, 0, 0, 0, 0, 0, 0, 0, 0, 0, 0, 0, 0, 0, 0, 0, 0, 0, 0, 0, 0, 0, 0, 0])
01-17 09:25:50.522   717 32173 D DlbDap2QmfProcess: setParam(dvle = #1[1])
01-17 09:25:50.522   717 32173 D DlbDap2QmfProcess: setParam(dvli = #1[-496])
01-17 09:25:50.522   717 32173 D DlbDap2QmfProcess: setParam(dvlo = #1[-176])
01-17 09:25:50.522   717 32173 D ARenderer: updateDapVolumeLeveler: Setting output level to -11.00dB
01-17 09:25:50.522   717 32173 D DlbDap2QmfProcess: setParam(vmb = #1[0])
01-17 09:25:50.522   717 32173 D DlbDap2QmfProcess: setParam(preg = #1[-384])
01-17 09:25:50.522   717 32173 D DlbDap2QmfProcess: setParam(vol = #1[384])
01-17 09:25:50.522   717 32173 D DlbDap2QmfProcess: processQmf() called [0] times
01-17 09:25:50.522   717 32173 D DlbDap2QmfProcess: setMave(mave = 0)
01-17 09:25:50.534   710 32167 D AudioTrack: Client defaulted notificationFrames to 12000 for frameCount 24000
01-17 09:25:50.535   684  3974 I AudioFlinger: attachAuxEffect(): Marking track 795 as containing processed audio
01-17 09:25:50.535 32114 32114 D featureTest: receive broadcast , change virtual speaker  virtualizer :1
01-17 09:25:50.535   684  3974 D AudioFlinger: trackContainsProcessedAudio() Track id 795 contains processed audio
01-17 09:25:50.543   627  6441 D DlbDlbEffect: handle_EFFECT_CMD_DISABLE()
01-17 09:25:50.543   627  6441 D DlbDapCrossfadeProcess: setEnabled transitioning from FADE_TO_ACTIVE state to FADE_TO_BYPASS
01-17 09:25:50.547   627  6441 D DlbDlbEffect: handle_EFFECT_CMD_SET_CONFIG()
01-17 09:25:50.547 32114 32114 D featureTest: virtual speaker virtualizer can not be operate for mono speaker endpoint!
01-17 09:25:50.548   627  6441 D DlbDapEndpointParamCache: setDevice(device=0x00000002)
01-17 09:25:50.548   645   645 D DMSService: setActiveDevice called with device = 0x2
01-17 09:25:50.548   627  6441 D DlbDlbEffect: handle_EFFECT_CMD_ENABLE()
01-17 09:25:50.548   627  6441 D DlbDapCrossfadeProcess: setEnabled transitioning from FADE_TO_BYPASS state to FADE_TO_ACTIVE
01-17 09:25:50.549   684   930 W AudioFlinger: moveDolbyEffect() effect chain for session 0 not on source thread 0xee0ae580
01-17 09:25:50.549   684   930 D AudioFlinger: trackStateChanged() Track id 795 state changed to 6
01-17 09:25:50.549   684   930 I AudioFlinger: updateProcessedAudioState() Changing content processing in effect to 1
01-17 09:25:50.549   627  6441 D DlbDlbEffect: handle_EFFECT_CMD_SET_PARAM()
01-17 09:25:50.550   710 32164 D NuPlayerDriver: notifyListener_l(0xe6bcb850), (6, 0, 0, -1), loop setting(0, 1)
01-17 09:25:50.553   627  3892 I DlbEffectContext: setContentProcEnabled() Disabling content processing in effect
01-17 09:25:50.554   627  3892 D DlbDapEndpointParamCache: commitChangedParams()
01-17 09:25:50.554   627  3892 D DlbDapEndpointParamCache: commit() Applying parameters for device 0x40000000
01-17 09:25:50.554   627  3892 D DlbDap2Process: setParam(msce = #1[0])
01-17 09:25:50.554   627  3892 D DlbDap2Process: setParam(mdee = #1[0])
01-17 09:25:50.554   627  3892 D DlbDap2Process: setParam(miee = #1[0])
01-17 09:25:50.554   627  3892 D DlbDap2Process: setParam(mdle = #1[0])
01-17 09:25:50.554   627  3892 D DlbDap2Process: setParam(dvle = #1[0])
01-17 09:25:50.554   627  3892 D DlbDap2Process: setParam(mave = #1[0])
01-17 09:25:50.554   627  3892 D DlbDap2Process: setParam(ieon = #1[0])
01-17 09:25:50.554   627  3892 D DlbDapEndpointParamCache: doCommit() Committed 7 parameters out of 16.
01-17 09:25:50.554   627  3892 D DlbDapEndpointParamCache: commit() Overriding parameters for current device 0x00000002
01-17 09:25:50.554   627  3892 D DlbDap2Process: setParam(dom = #1[0])
01-17 09:25:50.554   627  3892 D DlbDap2Process: setParam(dvle = #1[0])
01-17 09:25:50.554   627  3892 D DlbDap2Process: setParam(dvme = #1[0])
01-17 09:25:50.554   627  3892 D DlbDap2Process: setParam(deon = #1[0])
01-17 09:25:50.554   627  3892 D DlbDap2Process: setParam(ngon = #1[0])
01-17 09:25:50.554   627  3892 D DlbDapEndpointParamCache: doCommit() Committed 5 parameters out of 37.
01-17 09:25:50.555   627  3892 D DlbDapEndpointParamCache: commitChangedParams()
01-17 09:25:50.555   627  3892 D DlbDapEndpointParamCache: commit() Applying parameters for device 0x40000000
01-17 09:25:50.555   627  3892 D DlbDap2Process: setParam(iea = #1[10])
01-17 09:25:50.555   627  3892 D DlbDap2Process: setParam(vcbf = #20[47, 141, 234, 328, 469, 656, 844, 1031, 1313, 1688, 2250, 3000, 3750, 4688, 5813, 7125, 9000, 11250, 13875, 19688])
01-17 09:25:50.555   627  3892 D DlbDap2Process: setParam(vbon = #1[0])
01-17 09:25:50.555   627  3892 D DlbDap2Process: setParam(beon = #1[0])
01-17 09:25:50.555   627  3892 D DlbDap2Process: setParam(geon = #1[0])
01-17 09:25:50.555   627  3892 D DlbDap2Process: setParam(gebs = #41[20, 47, 141, 234, 328, 469, 656, 844, 1031, 1313, 1688, 2250, 3000, 3750, 4688, 5813, 7125, 9000, 11250, 13875, 19688, 0, 0, 0, 0, 0, 0, 0, 0, 0, 0, 0, 0, 0, 0, 0, 0, 0, 0, 0, 0])
01-17 09:25:50.556   627  3892 D DlbDap2Process: setParam(iebs = #41[20, 65, 136, 223, 332, 467, 634, 841, 1098, 1416, 1812, 2302, 2909, 3663, 4598, 5756, 7194, 8976, 11186, 13927, 17326, 117, 133, 188, 176, 141, 149, 175, 185, 185, 200, 236, 242, 228, 213, 182, 132, 110, 68, -27, -240])
01-17 09:25:50.556   627  3892 D DlbDapEndpointParamCache: doCommit() Committed 8 parameters out of 16.
01-17 09:25:50.556   627  3892 D DlbDapEndpointParamCache: commit() Overriding parameters for current device 0x00000002
01-17 09:25:50.556   627  3892 D DlbDap2Process: setParam(dea = #1[7])
01-17 09:25:50.556   627  3892 D DlbDap2Process: setParam(dsa = #1[10])
01-17 09:25:50.556   627  3892 D DlbDap2Process: setParam(beb = #1[192])
01-17 09:25:50.556   627  3892 D DlbDap2Process: setParam(plb = #1[0])
01-17 09:25:50.556   627  3892 D DlbDap2Process: setParam(vmb = #1[144])
01-17 09:25:50.556   627  3892 D DlbDap2Process: setParam(dsb = #1[48])
01-17 09:25:50.556   627  3892 D DlbDap2Process: setParam(ded = #1[0])
01-17 09:25:50.556   627  3892 D DlbDap2Process: setParam(vbm = #1[3])
01-17 09:25:50.556   627  3892 D DlbDap2Process: setParam(bew = #1[16])
01-17 09:25:50.556   627  3892 D DlbDap2Process: setParam(dvla = #1[5])
01-17 09:25:50.556   627  3892 D DlbDap2Process: setParam(arra = #1[96])
01-17 09:25:50.556   627  3892 D DlbDap2Process: setParam(dfsa = #1[10])
01-17 09:25:50.556   627  3892 D DlbDap2Process: setParam(dhsa = #1[10])
01-17 09:25:50.556   627  3892 D DlbDap2Process: setParam(dvmc = #1[0])
01-17 09:25:50.556   627  3892 D DlbDap2Process: setParam(arod = #1[0])
01-17 09:25:50.556   627  3892 D DlbDap2Process: setParam(arde = #1[1])
01-17 09:25:50.556   627  3892 D DlbDap2Process: setParam(becf = #1[200])
01-17 09:25:50.556   627  3892 D DlbDap2Process: setParam(vbmf = #2[94, 469])
01-17 09:25:50.556   627  3892 D DlbDap2Process: setParam(vbsf = #2[35, 160])
01-17 09:25:50.556   627  3892 D DlbDap2Process: setParam(vbhg = #3[-32, -144, -192])
01-17 09:25:50.556   627  3892 D DlbDap2Process: setParam(vbog = #1[0])
01-17 09:25:50.556   627  3892 D DlbDap2Process: setParam(vbsg = #1[0])
01-17 09:25:50.556   627  3892 D DlbDap2Process: setParam(dvli = #1[-320])
01-17 09:25:50.556   627  3892 D DlbDap2Process: setParam(dhfm = #1[2])
01-17 09:25:50.556   627  3892 D DlbDap2Process: setParam(vbon = #1[0])
01-17 09:25:50.556   627  3892 D DlbDap2Process: setParam(beon = #1[0])
01-17 09:25:50.556   627  3892 D DlbDap2Process: setParam(aoon = #1[1])
01-17 09:25:50.556   627  3892 D DlbDap2Process: setParam(aron = #1[1])
01-17 09:25:50.556   627  3892 D DlbDap2Process: setParam(dvlo = #1[-320])
01-17 09:25:50.556   627  3892 D DlbDap2Process: setParam(artp = #1[12])
01-17 09:25:50.556   627  3892 D DlbDap2Process: setParam(aobs = #222[20, 10, 47, 141, 234, 328, 469, 656, 844, 1031, 1313, 1688, 2250, 3000, 3750, 4688, 5813, 7125, 9000, 11250, 13875, 19688, 0, 0, 0, 0, 0, 0, 0, 0, 0, 0, 0, 0, 0, 0, 0, 0, 0, 0, 0, 0, 0, 0, 0, 0, 0, 0, 0, 0, 0, 0, 0, 0, 0, 0, 0, 0, 0, 0, 0, 0, 0, 0, 0, 0, 0, 0, 0, 0, 0, 0, 0, 0, 0, 0, 0, 0, 0, 0, 0, 0, 0, 0, 0, 0, 0, 0, 0, 0, 0, 0, 0, 0, 0, 0, 0, 0, 0, 0, 0, 0, 0, 0, 0, 0, 0, 0, 0, 0, 0, 0, 0, 0, 0, 0, 0, 0, 0, 0, 0, 0, 0, 0, 0, 0, 0, 0, 0, 0, 0, 0, 0, 0, 0, 0, 0, 0, 0, 0, 0, 0, 0, 0, 0, 0, 0, 0, 0, 0, 0, 0, 0, 0, 0, 0, 0, 0, 0, 0, 0, 0, 0, 0, 0, 0, 0, 0, 0, 0, 0, 0, 0, 0, 0, 0, 0, 0, 0, 0, 0, 0, 0, 0, 0, 0, 0, 0, 0, 0, 0, 0, 0, 0, 0, 0, 0, 0, 0, 0, 0, 0, 0, 0, 0, 0, 0, 0, 0, 0, 0, 0, 0, 0, 0, 0, 0, 0, 0, 0, 0, 0])
01-17 09:25:50.557   627  3892 D DlbDap2Process: setParam(arbs = #81[20, 47, 141, 234, 328, 469, 656, 844, 1031, 1313, 1688, 2250, 3000, 3750, 4688, 5813, 7125, 9000, 11250, 13875, 19688, -192, -192, -192, -192, -192, -192, -192, -192, -192, -192, -192, -192, -192, -192, -192, -192, -192, -192, -192, -192, 0, 0, 0, 0, 0, 0, 0, 0, 0, 0, 0, 0, 0, 0, 0, 0, 0, 0, 0, 0, 0, 0, 0, 0, 0, 0, 0, 0, 0, 0, 0, 0, 0, 0, 0, 0, 0, 0, 0, 0])
01-17 09:25:50.557   627  3892 D DlbDapEndpointParamCache: doCommit() Committed 32 parameters out of 37.
01-17 09:25:50.557   627  3892 D DlbDap2Process: setMave(mave = 0)
01-17 09:25:50.557   627  3892 D DlbDapCrossfadeProcess: process transitioning from FADE_TO_ACTIVE state to DAP_ACTIVE
01-17 09:25:50.598 32114 32114 D featureTest: receive broadcast , record log :0
01-17 09:25:52.416   627  3892 D DlbDap2Process: process() called [504000] times
01-17 09:25:55.059   627  3892 D DlbDap2Process: process() called [504500] times
