--------- beginning of system
01-17 09:21:19.069   945  1323 I ActivityManager: Force stopping com.dolby.qa.featuretest appid=10073 user=0: from pid 29825
01-17 09:21:19.070   945  1323 I ActivityManager: Killing 29757:com.dolby.qa.featuretest/u0a73 (adj 0): stop com.dolby.qa.featuretest
01-17 09:21:19.072   945  1323 W ActivityManager: Force removing ActivityRecord{db3400b u0 com.dolby.qa.featuretest/.MainActivity t254}: app died, no saved state
01-17 09:21:19.083   945  1323 I WindowManager: Failed to capture screenshot of Token{657cee8 ActivityRecord{db3400b u0 com.dolby.qa.featuretest/.MainActivity t254 f}} appWin=Window{7b175cf u0 com.dolby.qa.featuretest/com.dolby.qa.featuretest.MainActivity} drawState=4
--------- beginning of main
01-17 09:21:19.110   710 28437 D NuPlayerDriver: reset(0xe6bcb8c0) at state 5
01-17 09:21:19.115   710 28437 D NuPlayerDriver: notifyListener_l(0xe6bcb8c0), (8, 0, 0, -1), loop setting(0, 1)
01-17 09:21:19.117   945  5020 I WindowManager: WIN DEATH: Window{e2d6fcb u0 Toast}
01-17 09:21:19.118   684  3653 D AudioFlinger: trackStateChanged() Track id 723 state changed to 6
01-17 09:21:19.131   717  1650 I DDP_JOCDecoder: -> ~DDPDecoder
01-17 09:21:19.131   717  1650 I DDP_JOCDecoder: -> stop
01-17 09:21:19.133   645   645 I DMSService: unregisterClient type = 4, uid = e7f0fb30
01-17 09:21:19.187   645   645 D DatabaseHelper: failed to prepare SQL : INSERT INTO profiles VALUES(15
01-17 09:21:19.187   645   645 D DatabaseHelper: ,'custom','user2','user2','off','off')
01-17 09:21:19.187   645   645 D DatabaseHelper: failed to prepare SQL : INSERT INTO profile_endpoints VALUES(57
01-17 09:21:19.187   645   645 D DatabaseHelper: ,'custom','user2','speaker')
01-17 09:21:19.187   645   645 D DatabaseHelper: failed to prepare SQL : INSERT INTO profile_endpoints VALUES(57
01-17 09:21:19.187   645   645 D DatabaseHelper: ,'custom','user2','headphone')
01-17 09:21:19.190   645   645 D DatabaseHelper: failed to prepare SQL : INSERT INTO profile_endpoints VALUES(57
01-17 09:21:19.190   645   645 D DatabaseHelper: ,'custom','user2','passthrough')
01-17 09:21:19.190   645   645 D DatabaseHelper: failed to prepare SQL : INSERT INTO profile_endpoints VALUES(57
01-17 09:21:19.190   645   645 D DatabaseHelper: ,'custom','user2','other')
01-17 09:21:19.190   645   645 D DatabaseHelper: failed to prepare SQL : INSERT INTO profile_ports VALUES(85
01-17 09:21:19.190   645   645 D DatabaseHelper: ,'custom','user2','internal_speaker')
01-17 09:21:19.190  1499  1499 D CarrierSvcBindHelper: No carrier app for: 0
01-17 09:21:19.190   645   645 D DatabaseHelper: failed to prepare SQL : INSERT INTO profile_ports VALUES(85
01-17 09:21:19.190   645   645 D DatabaseHelper: ,'custom','user2','hdmi')
01-17 09:21:19.191   645   645 D DatabaseHelper: failed to prepare SQL : INSERT INTO profile_ports VALUES(85
01-17 09:21:19.191   645   645 D DatabaseHelper: ,'custom','user2','miracast')
01-17 09:21:19.191   645   645 D DatabaseHelper: failed to prepare SQL : INSERT INTO profile_ports VALUES(85
01-17 09:21:19.191   645   645 D DatabaseHelper: ,'custom','user2','headphone_port')
01-17 09:21:19.191   645   645 D DatabaseHelper: failed to prepare SQL : INSERT INTO profile_ports VALUES(85
01-17 09:21:19.191   645   645 D DatabaseHelper: ,'custom','user2','bluetooth')
01-17 09:21:19.192   645   645 D DatabaseHelper: failed to prepare SQL : INSERT INTO profile_ports VALUES(85
01-17 09:21:19.192   645   645 D DatabaseHelper: ,'custom','user2','usb')
01-17 09:21:19.192   645   645 D DatabaseHelper: failed to prepare SQL : INSERT INTO geq_presets VALUES(57
01-17 09:21:19.192   645   645 D DatabaseHelper: ,'custom','off','user2')
01-17 09:21:19.193   645   645 D DatabaseHelper: failed to prepare SQL : INSERT INTO geq_presets VALUES(57
01-17 09:21:19.193   645   645 D DatabaseHelper: ,'custom','open','user2')
01-17 09:21:19.193   645   645 D DatabaseHelper: failed to prepare SQL : INSERT INTO geq_presets VALUES(57
01-17 09:21:19.193   645   645 D DatabaseHelper: ,'custom','rich','user2')
01-17 09:21:19.193   645   645 D DatabaseHelper: failed to prepare SQL : INSERT INTO geq_presets VALUES(57
01-17 09:21:19.193   645   645 D DatabaseHelper: ,'custom','focused','user2')
01-17 09:21:19.202   945   989 W Looper  : Dispatch took 133ms on android.ui, h=Handler (com.android.server.am.ActivityManagerService$UiHandler) {a52c7ca} cb=null msg=53
01-17 09:21:19.209   717  1650 I DDP_JOCDecoder: <- stop
01-17 09:21:19.209   717  1650 I ARenderer: ~ARenderer
01-17 09:21:19.209   717  1650 I evo_parser: evo_parser_close
01-17 09:21:19.210   717  1650 I DlbDap2QmfProcess: ~Dap2Process()
01-17 09:21:19.210   717  1650 I DlbDap2QmfProcess: close()
01-17 09:21:19.210   717  1650 I DDP_JOCDecoder: <- ~DDPDecoder
01-17 09:21:19.219   710 29783 D NuPlayerDriver: notifyResetComplete(0xe6bcb8c0)
01-17 09:21:19.220   710 28437 D AudioTrack: stop() called with 0 frames delivered
01-17 09:21:19.222   684  1056 D AudioFlinger: trackStateChanged() Track id 723 state changed to 2
01-17 09:21:19.222   684  1056 I AudioFlinger: updateProcessedAudioState() Changing content processing in effect to 0
01-17 09:21:19.223   627  6441 D DlbDlbEffect: handle_EFFECT_CMD_SET_PARAM()
01-17 09:21:19.232  2010  2010 D RegisteredNfcFServicesCache: Service unchanged, not updating
01-17 09:21:19.234   684  1056 D AudioFlinger: trackDestroyed() Track id 723 no longer contains processed audio
01-17 09:21:19.235   684   928 W AudioFlinger::EffectModule: EffectModule 0xee09dc00 destructor called with unreleased interface
01-17 09:21:19.236   684   928 W AudioFlinger::EffectHandle: disconnect Effect handle 0xee1639c0 disconnected after thread destruction
01-17 09:21:19.238   627  3892 I DlbEffectContext: setContentProcEnabled() Enabling content processing in global effect
01-17 09:21:19.238   627  3892 D DlbDapEndpointParamCache: commitChangedParams()
01-17 09:21:19.238   627  3892 D DlbDapEndpointParamCache: commit() Applying parameters for device 0x40000000
01-17 09:21:19.238   627  3892 D DlbDap2Process: setParam(iea = #1[10])
01-17 09:21:19.238   627  3892 D DlbDap2Process: setParam(msce = #1[0])
01-17 09:21:19.238   627  3892 D DlbDap2Process: setParam(mdee = #1[0])
01-17 09:21:19.238   627  3892 D DlbDap2Process: setParam(miee = #1[0])
01-17 09:21:19.238   627  3892 D DlbDap2Process: setParam(mdle = #1[0])
01-17 09:21:19.238   627  3892 D DlbDap2Process: setParam(dvle = #1[1])
01-17 09:21:19.238   627  3892 D DlbDap2Process: setParam(mave = #1[0])
01-17 09:21:19.238   627  3892 D DlbDap2Process: setParam(vcbf = #20[47, 141, 234, 328, 469, 656, 844, 1031, 1313, 1688, 2250, 3000, 3750, 4688, 5813, 7125, 9000, 11250, 13875, 19688])
01-17 09:21:19.238   627  3892 D DlbDap2Process: setParam(vbon = #1[0])
01-17 09:21:19.238   627  3892 D DlbDap2Process: setParam(beon = #1[0])
01-17 09:21:19.238   627  3892 D DlbDap2Process: setParam(geon = #1[0])
01-17 09:21:19.238   627  3892 D DlbDap2Process: setParam(ieon = #1[0])
01-17 09:21:19.239   627  3892 D DlbDap2Process: setParam(gebs = #41[20, 47, 141, 234, 328, 469, 656, 844, 1031, 1313, 1688, 2250, 3000, 3750, 4688, 5813, 7125, 9000, 11250, 13875, 19688, 0, 0, 0, 0, 0, 0, 0, 0, 0, 0, 0, 0, 0, 0, 0, 0, 0, 0, 0, 0])
01-17 09:21:19.239   627  3892 D DlbDap2Process: setParam(iebs = #41[20, 65, 136, 223, 332, 467, 634, 841, 1098, 1416, 1812, 2302, 2909, 3663, 4598, 5756, 7194, 8976, 11186, 13927, 17326, 117, 133, 188, 176, 141, 149, 175, 185, 185, 200, 236, 242, 228, 213, 182, 132, 110, 68, -27, -240])
01-17 09:21:19.239   627  3892 D DlbDapEndpointParamCache: doCommit() Committed 15 parameters out of 16.
01-17 09:21:19.239   627  3892 D DlbDapEndpointParamCache: commit() Overriding parameters for current device 0x00000002
01-17 09:21:19.239   627  3892 D DlbDap2Process: setParam(dea = #1[5])
01-17 09:21:19.239   627  3892 D DlbDap2Process: setParam(dsa = #1[10])
01-17 09:21:19.239   627  3892 D DlbDap2Process: setParam(beb = #1[192])
01-17 09:21:19.239   627  3892 D DlbDap2Process: setParam(plb = #1[0])
01-17 09:21:19.239   627  3892 D DlbDap2Process: setParam(vmb = #1[144])
01-17 09:21:19.239   627  3892 D DlbDap2Process: setParam(dsb = #1[96])
01-17 09:21:19.239   627  3892 D DlbDap2Process: setParam(ded = #1[0])
01-17 09:21:19.239   627  3892 D DlbDap2Process: setParam(vbm = #1[3])
01-17 09:21:19.239   627  3892 D DlbDap2Process: setParam(dom = #1[0])
01-17 09:21:19.239   627  3892 D DlbDap2Process: setParam(bew = #1[16])
01-17 09:21:19.239   627  3892 D DlbDap2Process: setParam(dvla = #1[7])
01-17 09:21:19.239   627  3892 D DlbDap2Process: setParam(arra = #1[96])
01-17 09:21:19.240   627  3892 D DlbDap2Process: setParam(dfsa = #1[10])
01-17 09:21:19.240   627  3892 D DlbDap2Process: setParam(dhsa = #1[10])
01-17 09:21:19.240   627  3892 D DlbDap2Process: setParam(dvmc = #1[0])
01-17 09:21:19.240   627  3892 D DlbDap2Process: setParam(arod = #1[0])
01-17 09:21:19.240   627  3892 D DlbDap2Process: setParam(arde = #1[1])
01-17 09:21:19.240   627  3892 D DlbDap2Process: setParam(dvle = #1[1])
01-17 09:21:19.240   627  3892 D DlbDap2Process: setParam(dvme = #1[0])
01-17 09:21:19.240   627  3892 D DlbDap2Process: setParam(becf = #1[200])
01-17 09:21:19.240   627  3892 D DlbDap2Process: setParam(vbmf = #2[94, 469])
01-17 09:21:19.240   627  3892 D DlbDap2Process: setParam(vbsf = #2[35, 160])
01-17 09:21:19.240   627  3892 D DlbDap2Process: setParam(vbhg = #3[-32, -144, -192])
01-17 09:21:19.240   627  3892 D DlbDap2Process: setParam(vbog = #1[0])
01-17 09:21:19.240   627  3892 D DlbDap2Process: setParam(vbsg = #1[0])
01-17 09:21:19.240   627  3892 D DlbDap2Process: setParam(dvli = #1[-320])
01-17 09:21:19.240   627  3892 D DlbDap2Process: setParam(dhfm = #1[2])
01-17 09:21:19.240   627  3892 D DlbDap2Process: setParam(vbon = #1[0])
01-17 09:21:19.241   627  3892 D DlbDap2Process: setParam(beon = #1[0])
01-17 09:21:19.241   627  3892 D DlbDap2Process: setParam(deon = #1[1])
01-17 09:21:19.241   627  3892 D DlbDap2Process: setParam(ngon = #1[1])
01-17 09:21:19.241   627  3892 D DlbDap2Process: setParam(aoon = #1[1])
01-17 09:21:19.241   627  3892 D DlbDap2Process: setParam(aron = #1[1])
01-17 09:21:19.241   627  3892 D DlbDap2Process: setParam(dvlo = #1[-320])
01-17 09:21:19.241   627  3892 D DlbDap2Process: setParam(artp = #1[12])
01-17 09:21:19.243   627  3892 D DlbDap2Process: setParam(aobs = #222[20, 10, 47, 141, 234, 328, 469, 656, 844, 1031, 1313, 1688, 2250, 3000, 3750, 4688, 5813, 7125, 9000, 11250, 13875, 19688, 0, 0, 0, 0, 0, 0, 0, 0, 0, 0, 0, 0, 0, 0, 0, 0, 0, 0, 0, 0, 0, 0, 0, 0, 0, 0, 0, 0, 0, 0, 0, 0, 0, 0, 0, 0, 0, 0, 0, 0, 0, 0, 0, 0, 0, 0, 0, 0, 0, 0, 0, 0, 0, 0, 0, 0, 0, 0, 0, 0, 0, 0, 0, 0, 0, 0, 0, 0, 0, 0, 0, 0, 0, 0, 0, 0, 0, 0, 0, 0, 0, 0, 0, 0, 0, 0, 0, 0, 0, 0, 0, 0, 0, 0, 0, 0, 0, 0, 0, 0, 0, 0, 0, 0, 0, 0, 0, 0, 0, 0, 0, 0, 0, 0, 0, 0, 0, 0, 0, 0, 0, 0, 0, 0, 0, 0, 0, 0, 0, 0, 0, 0, 0, 0, 0, 0, 0, 0, 0, 0, 0, 0, 0, 0, 0, 0, 0, 0, 0, 0, 0, 0, 0, 0, 0, 0, 0, 0, 0, 0, 0, 0, 0, 0, 0, 0, 0, 0, 0, 0, 0, 0, 0, 0, 0, 0, 0, 0, 0, 0, 0, 0, 0, 0, 0, 0, 0, 0, 0, 0, 0, 0, 0, 0, 0, 0, 0, 0, 0, 0])
01-17 09:21:19.243   627  3892 D DlbDap2Process: setParam(arbs = #81[20, 47, 141, 234, 328, 469, 656, 844, 1031, 1313, 1688, 2250, 3000, 3750, 4688, 5813, 7125, 9000, 11250, 13875, 19688, -192, -192, -192, -192, -192, -192, -192, -192, -192, -192, -192, -192, -192, -192, -192, -192, -192, -192, -192, -192, 0, 0, 0, 0, 0, 0, 0, 0, 0, 0, 0, 0, 0, 0, 0, 0, 0, 0, 0, 0, 0, 0, 0, 0, 0, 0, 0, 0, 0, 0, 0, 0, 0, 0, 0, 0, 0, 0, 0, 0])
01-17 09:21:19.243   627  3892 D DlbDapEndpointParamCache: doCommit() Committed 37 parameters out of 37.
01-17 09:21:19.244   627  3892 D DlbDap2Process: setMave(mave = 0)
01-17 09:21:19.283   945  1323 I ActivityManager: START u0 {flg=0x10000000 cmp=com.dolby.qa.featuretest/.MainActivity} from uid 2000
01-17 09:21:19.306   945   960 I ActivityManager: Start proc 29832:com.dolby.qa.featuretest/u0a73 for activity com.dolby.qa.featuretest/.MainActivity
01-17 09:21:19.308 29832 29832 I zygote64: Late-enabling -Xcheck:jni
01-17 09:21:19.482 29832 29832 D featureTest: onCreate
01-17 09:21:19.486 29832 29832 D AudioTrack: Client defaulted notificationFrames to 962 for frameCount 1924
01-17 09:21:19.488 29832 29832 W AudioTrack: Use of stream types is deprecated for operations other than volume control
01-17 09:21:19.488 29832 29832 W AudioTrack: See the documentation of AudioTrack() for what to use instead with android.media.AudioAttributes to qualify your playback use case
01-17 09:21:19.495 29832 29832 W DolbyAudioEffect: WARNING: attaching a DolbyAudioEffect to global output mix is deprecated!
01-17 09:21:19.502 29832 29832 D featureTest: onResume
01-17 09:21:19.512 29832 29849 D OpenGLRenderer: HWUI GL Pipeline
01-17 09:21:19.551 29832 29849 I Adreno  : QUALCOMM build                   : 7142022, Ib5823dd10c
01-17 09:21:19.551 29832 29849 I Adreno  : Build Date                       : 06/23/17
01-17 09:21:19.551 29832 29849 I Adreno  : OpenGL ES Shader Compiler Version: EV031.18.00.00
01-17 09:21:19.551 29832 29849 I Adreno  : Local Branch                     : O11A
01-17 09:21:19.551 29832 29849 I Adreno  : Remote Branch                    : 
01-17 09:21:19.551 29832 29849 I Adreno  : Remote Branch                    : 
01-17 09:21:19.551 29832 29849 I Adreno  : Reconstruct Branch               : 
01-17 09:21:19.555 29832 29849 I Adreno  : PFP: 0x005ff087, ME: 0x005ff063
01-17 09:21:19.558 29832 29849 I OpenGLRenderer: Initialized EGL, version 1.4
01-17 09:21:19.558 29832 29849 D OpenGLRenderer: Swap behavior 2
01-17 09:21:19.605   945   998 I ActivityManager: Displayed com.dolby.qa.featuretest/.MainActivity: +305ms
01-17 09:21:19.651   945   998 W ActivityManager: setHasOverlayUi called on unknown pid: 29757
01-17 09:21:19.841   945   945 W NotificationService: Object died trying to hide notification android.app.ITransientNotification$Stub$Proxy@120714d in package com.dolby.qa.featuretest
01-17 09:21:19.841   945   945 W WindowManager: removeWindowToken: Attempted to remove non-existing token: android.os.Binder@6a8345
01-17 09:21:20.105  2103  2230 W OpenGLRenderer: Incorrectly called buildLayer on View: ShortcutAndWidgetContainer, destroying layer...
01-17 09:21:20.369 29832 29832 D featureTest: receive broadcast , playing content location :/sdcard/featureTest/2ch_channel_id.wav
01-17 09:21:20.382 29832 29832 D featureTest: mMediaPlayer.getAudioSessionId(): 5401
01-17 09:21:20.382 29832 29832 D featureTest: Playing file: /sdcard/featureTest/2ch_channel_id.wav
01-17 09:21:20.384   710  1419 D NuPlayerDriver: NuPlayerDriver(0xe6bcba80) created, clientPid(29832)
01-17 09:21:20.387 29832 29832 W MediaPlayer: Use of stream types is deprecated for operations other than volume control
01-17 09:21:20.388 29832 29832 W MediaPlayer: See the documentation of setAudioStreamType() for what to use instead with android.media.AudioAttributes to qualify your playback use case
01-17 09:21:20.390 29861 29861 W generic : type=1400 audit(0.0:448): avc: denied { read } for path="/storage/emulated/0/featuretest/2ch_channel_id.wav" dev="sdcardfs" ino=1310757 scontext=u:r:mediaextractor:s0 tcontext=u:object_r:sdcardfs:s0 tclass=file permissive=0
01-17 09:21:20.392   710 29861 D GenericSource: FileSource remote
01-17 09:21:20.392   710 29861 W GenericSource: extractor service cannot make data source
01-17 09:21:20.392   710 29861 D GenericSource: FileSource local
01-17 09:21:20.418   700   700 D MediaBufferGroup: creating MemoryDealer
01-17 09:21:20.419   710 29858 D NuPlayerDriver: notifyListener_l(0xe6bcba80), (1, 0, 0, -1), loop setting(0, 0)
01-17 09:21:20.429   710  1422 D NuPlayerDriver: start(0xe6bcba80), state is 4, eos is 0
01-17 09:21:20.429   710 29858 I GenericSource: start
01-17 09:21:20.435   710 29866 I OMXClient: Treble IOmx obtained
01-17 09:21:20.435 29832 29832 W DolbyAudioEffect: WARNING: attaching a DolbyAudioEffect to global output mix is deprecated!
01-17 09:21:20.435   717 20091 I OMXMaster: makeComponentInstance(OMX.google.raw.decoder) in omx@1.0-service process
01-17 09:21:20.438   717 20091 E OMXNodeInstance: setConfig(0xe7b0a060:google.raw.decoder, ConfigPriority(0x6f800002)) ERROR: Undefined(0x80001001)
01-17 09:21:20.438   710 29866 I ACodec  : codec does not support config priority (err -2147483648)
01-17 09:21:20.438   717 20091 E OMXNodeInstance: getConfig(0xe7b0a060:google.raw.decoder, ConfigAndroidVendorExtension(0x6f100004)) ERROR: Undefined(0x80001001)
01-17 09:21:20.439   710 29866 I MediaCodec: MediaCodec will operate in async mode
01-17 09:21:20.441   626   626 W /system/bin/hw/android.hidl.allocator@1.0-service: ashmem_create_region(32768) returning hidl_memory(0x7b7102c330, 32768)
01-17 09:21:20.447   626   626 I chatty  : uid=1000(system) allocator@1.0-s identical 6 lines
01-17 09:21:20.447 29832 29832 D featureTest: receive broadcast , change ds status :1
01-17 09:21:20.447   626   626 W /system/bin/hw/android.hidl.allocator@1.0-service: ashmem_create_region(32768) returning hidl_memory(0x7b7102c330, 32768)
01-17 09:21:20.455   710 29864 D AudioTrack: Client defaulted notificationFrames to 12000 for frameCount 24000
01-17 09:21:20.457   626   626 W /system/bin/hw/android.hidl.allocator@1.0-service: ashmem_create_region(7680) returning hidl_memory(0x7b7102c330, 7680)
01-17 09:21:20.459   626   626 W /system/bin/hw/android.hidl.allocator@1.0-service: ashmem_create_region(7680) returning hidl_memory(0x7b7102c330, 7680)
01-17 09:21:20.460   627  3512 D DlbDlbEffect: handle_EFFECT_CMD_DISABLE()
01-17 09:21:20.460   627  3512 D DlbDapCrossfadeProcess: setEnabled transitioning from DAP_ACTIVE state to FADE_TO_BYPASS
01-17 09:21:20.461   626   626 W /system/bin/hw/android.hidl.allocator@1.0-service: ashmem_create_region(7680) returning hidl_memory(0x7b7102c330, 7680)
01-17 09:21:20.462   627  3512 D DlbDlbEffect: handle_EFFECT_CMD_SET_CONFIG()
01-17 09:21:20.462   627  6441 D DlbDapEndpointParamCache: setDevice(device=0x00000002)
01-17 09:21:20.462   645   645 D DMSService: setActiveDevice called with device = 0x2
01-17 09:21:20.463   627  6441 D DlbDlbEffect: handle_EFFECT_CMD_ENABLE()
01-17 09:21:20.463   627  6441 D DlbDapCrossfadeProcess: setEnabled transitioning from FADE_TO_BYPASS state to FADE_TO_ACTIVE
01-17 09:21:20.463   684  3653 W AudioFlinger: moveDolbyEffect() effect chain for session 0 not on source thread 0xee0ae580
01-17 09:21:20.464   710 29858 D NuPlayerDriver: notifyListener_l(0xe6bcba80), (6, 0, 0, -1), loop setting(0, 1)
01-17 09:21:20.466   627  3892 D DlbDlbBufferProvider: updateCapacity(): update capacity to 1920
01-17 09:21:20.466   627  3892 D DlbDlbBufferProvider: updateCapacity() Allocating new memory for the buffer.
01-17 09:21:20.468   627  3892 D DlbDapCrossfadeProcess: process transitioning from FADE_TO_ACTIVE state to DAP_ACTIVE
01-17 09:21:20.469   627  3890 I ACDB-LOADER: ACDB AFE returned = -19
01-17 09:21:20.469   627  3890 D audio_hw_primary: enable_audio_route: usecase(0) apply and update mixer path: deep-buffer-playback speaker
01-17 09:21:20.471   726   757 E ANDR-PERF-OPTSHANDLER: Warning: Resource [2, 0] not supported for core 1. Instead use resource for core 0
01-17 09:21:20.471   726   757 E ANDR-PERF-RESOURCEQS: Failed to apply optimization [2, 2, 0]
01-17 09:21:20.479   627  3512 D DlbDlbEffect: handle_EFFECT_CMD_SET_PARAM()
01-17 09:21:20.522 29832 29832 D featureTest: receive broadcast , change ds profile id :2
01-17 09:21:20.530   627  3512 D DlbDlbEffect: handle_EFFECT_CMD_SET_PARAM()
01-17 09:21:20.530   645   713 I DapController: Profile Changed to Music
01-17 09:21:20.546   627  3892 D DlbDapEndpointParamCache: commitChangedParams()
01-17 09:21:20.546   627  3892 D DlbDapEndpointParamCache: commit() Applying parameters for device 0x40000000
01-17 09:21:20.546   627  3892 D DlbDap2Process: setParam(iea = #1[10])
01-17 09:21:20.546   627  3892 D DlbDap2Process: setParam(msce = #1[0])
01-17 09:21:20.547   627  3892 D DlbDap2Process: setParam(mdee = #1[0])
01-17 09:21:20.547   627  3892 D DlbDap2Process: setParam(miee = #1[0])
01-17 09:21:20.547   627  3892 D DlbDap2Process: setParam(mdle = #1[0])
01-17 09:21:20.547   627  3892 D DlbDap2Process: setParam(dvle = #1[1])
01-17 09:21:20.547   627  3892 D DlbDap2Process: setParam(mave = #1[0])
01-17 09:21:20.547   627  3892 D DlbDap2Process: setParam(vcbf = #20[47, 141, 234, 328, 469, 656, 844, 1031, 1313, 1688, 2250, 3000, 3750, 4688, 5813, 7125, 9000, 11250, 13875, 19688])
01-17 09:21:20.547   627  3892 D DlbDap2Process: setParam(vbon = #1[0])
01-17 09:21:20.547   627  3892 D DlbDap2Process: setParam(beon = #1[0])
01-17 09:21:20.547   627  3892 D DlbDap2Process: setParam(geon = #1[0])
01-17 09:21:20.547   627  3892 D DlbDap2Process: setParam(ieon = #1[1])
01-17 09:21:20.547   627  3892 D DlbDap2Process: setParam(gebs = #41[20, 47, 141, 234, 328, 469, 656, 844, 1031, 1313, 1688, 2250, 3000, 3750, 4688, 5813, 7125, 9000, 11250, 13875, 19688, 0, 0, 0, 0, 0, 0, 0, 0, 0, 0, 0, 0, 0, 0, 0, 0, 0, 0, 0, 0])
01-17 09:21:20.547   627  3892 D DlbDap2Process: setParam(iebs = #41[20, 65, 136, 223, 332, 467, 634, 841, 1098, 1416, 1812, 2302, 2909, 3663, 4598, 5756, 7194, 8976, 11186, 13927, 17326, 117, 133, 188, 176, 141, 149, 175, 185, 185, 200, 236, 242, 228, 213, 182, 132, 110, 68, -27, -240])
01-17 09:21:20.547   627  3892 D DlbDapEndpointParamCache: doCommit() Committed 15 parameters out of 16.
01-17 09:21:20.547   627  3892 D DlbDapEndpointParamCache: commit() Overriding parameters for current device 0x00000002
01-17 09:21:20.547   627  3892 D DlbDap2Process: setParam(dea = #1[7])
01-17 09:21:20.547   627  3892 D DlbDap2Process: setParam(dsa = #1[10])
01-17 09:21:20.547   627  3892 D DlbDap2Process: setParam(beb = #1[192])
01-17 09:21:20.547   627  3892 D DlbDap2Process: setParam(plb = #1[0])
01-17 09:21:20.547   627  3892 D DlbDap2Process: setParam(vmb = #1[144])
01-17 09:21:20.547   627  3892 D DlbDap2Process: setParam(dsb = #1[0])
01-17 09:21:20.547   627  3892 D DlbDap2Process: setParam(ded = #1[0])
01-17 09:21:20.547   627  3892 D DlbDap2Process: setParam(vbm = #1[3])
01-17 09:21:20.547   627  3892 D DlbDap2Process: setParam(dom = #1[0])
01-17 09:21:20.547   627  3892 D DlbDap2Process: setParam(bew = #1[16])
01-17 09:21:20.547   627  3892 D DlbDap2Process: setParam(dvla = #1[4])
01-17 09:21:20.547   627  3892 D DlbDap2Process: setParam(arra = #1[96])
01-17 09:21:20.547   627  3892 D DlbDap2Process: setParam(dfsa = #1[10])
01-17 09:21:20.547   627  3892 D DlbDap2Process: setParam(dhsa = #1[10])
01-17 09:21:20.547   627  3892 D DlbDap2Process: setParam(dvmc = #1[0])
01-17 09:21:20.547   627  3892 D DlbDap2Process: setParam(arod = #1[0])
01-17 09:21:20.548   627  3892 D DlbDap2Process: setParam(arde = #1[1])
01-17 09:21:20.548   627  3892 D DlbDap2Process: setParam(dvle = #1[1])
01-17 09:21:20.548   627  3892 D DlbDap2Process: setParam(dvme = #1[0])
01-17 09:21:20.548   627  3892 D DlbDap2Process: setParam(becf = #1[200])
01-17 09:21:20.548   627  3892 D DlbDap2Process: setParam(vbmf = #2[94, 469])
01-17 09:21:20.548   627  3892 D DlbDap2Process: setParam(vbsf = #2[35, 160])
01-17 09:21:20.548   627  3892 D DlbDap2Process: setParam(vbhg = #3[-32, -144, -192])
01-17 09:21:20.548   627  3892 D DlbDap2Process: setParam(vbog = #1[0])
01-17 09:21:20.548   627  3892 D DlbDap2Process: setParam(vbsg = #1[0])
01-17 09:21:20.548   627  3892 D DlbDap2Process: setParam(dvli = #1[-320])
01-17 09:21:20.548   627  3892 D DlbDap2Process: setParam(dhfm = #1[2])
01-17 09:21:20.548   627  3892 D DlbDap2Process: setParam(vbon = #1[0])
01-17 09:21:20.548   627  3892 D DlbDap2Process: setParam(beon = #1[0])
01-17 09:21:20.548   627  3892 D DlbDap2Process: setParam(deon = #1[0])
01-17 09:21:20.548   627  3892 D DlbDap2Process: setParam(ngon = #1[1])
01-17 09:21:20.548   627  3892 D DlbDap2Process: setParam(aoon = #1[1])
01-17 09:21:20.548   627  3892 D DlbDap2Process: setParam(aron = #1[1])
01-17 09:21:20.548   627  3892 D DlbDap2Process: setParam(dvlo = #1[-320])
01-17 09:21:20.548   627  3892 D DlbDap2Process: setParam(artp = #1[12])
01-17 09:21:20.548   627  3892 D DlbDap2Process: setParam(aobs = #222[20, 10, 47, 141, 234, 328, 469, 656, 844, 1031, 1313, 1688, 2250, 3000, 3750, 4688, 5813, 7125, 9000, 11250, 13875, 19688, 0, 0, 0, 0, 0, 0, 0, 0, 0, 0, 0, 0, 0, 0, 0, 0, 0, 0, 0, 0, 0, 0, 0, 0, 0, 0, 0, 0, 0, 0, 0, 0, 0, 0, 0, 0, 0, 0, 0, 0, 0, 0, 0, 0, 0, 0, 0, 0, 0, 0, 0, 0, 0, 0, 0, 0, 0, 0, 0, 0, 0, 0, 0, 0, 0, 0, 0, 0, 0, 0, 0, 0, 0, 0, 0, 0, 0, 0, 0, 0, 0, 0, 0, 0, 0, 0, 0, 0, 0, 0, 0, 0, 0, 0, 0, 0, 0, 0, 0, 0, 0, 0, 0, 0, 0, 0, 0, 0, 0, 0, 0, 0, 0, 0, 0, 0, 0, 0, 0, 0, 0, 0, 0, 0, 0, 0, 0, 0, 0, 0, 0, 0, 0, 0, 0, 0, 0, 0, 0, 0, 0, 0, 0, 0, 0, 0, 0, 0, 0, 0, 0, 0, 0, 0, 0, 0, 0, 0, 0, 0, 0, 0, 0, 0, 0, 0, 0, 0, 0, 0, 0, 0, 0, 0, 0, 0, 0, 0, 0, 0, 0, 0, 0, 0, 0, 0, 0, 0, 0, 0, 0, 0, 0, 0, 0, 0, 0, 0, 0, 0])
01-17 09:21:20.548   627  3892 D DlbDap2Process: setParam(arbs = #81[20, 47, 141, 234, 328, 469, 656, 844, 1031, 1313, 1688, 2250, 3000, 3750, 4688, 5813, 7125, 9000, 11250, 13875, 19688, -192, -192, -192, -192, -192, -192, -192, -192, -192, -192, -192, -192, -192, -192, -192, -192, -192, -192, -192, -192, 0, 0, 0, 0, 0, 0, 0, 0, 0, 0, 0, 0, 0, 0, 0, 0, 0, 0, 0, 0, 0, 0, 0, 0, 0, 0, 0, 0, 0, 0, 0, 0, 0, 0, 0, 0, 0, 0, 0, 0])
01-17 09:21:20.549   627  3892 D DlbDapEndpointParamCache: doCommit() Committed 37 parameters out of 37.
01-17 09:21:20.549   627  3892 D DlbDap2Process: setMave(mave = 0)
01-17 09:21:20.575   684  1061 D AudioFlinger: mixer(0xed503800) throttle end: throttle time(47)
01-17 09:21:20.576 29832 29832 D featureTest: receive broadcast , record log :0
01-17 09:21:20.616   627  3892 D DlbDap2Process: process() called [458000] times
01-17 09:21:22.152   627  6441 D audio_hw_primary: disable_audio_route: usecase(1) reset and update mixer path: low-latency-playback speaker
01-17 09:21:22.502   945   945 W WindowManager: removeWindowToken: Attempted to remove non-existing token: android.os.Binder@cfc907c
01-17 09:21:22.564   475   475 D SurfaceFlinger: duplicate layer name: changing Toast to Toast#1
01-17 09:21:23.299   627  3892 D DlbDap2Process: process() called [458500] times
01-17 09:21:24.538   945   945 W WindowManager: removeWindowToken: Attempted to remove non-existing token: android.os.Binder@771c926
