--------- beginning of system
01-17 09:25:18.199   945  6310 I ActivityManager: Force stopping com.dolby.qa.featuretest appid=10073 user=0: from pid 31827
01-17 09:25:18.199   945  6310 I ActivityManager: Killing 31741:com.dolby.qa.featuretest/u0a73 (adj 0): stop com.dolby.qa.featuretest
01-17 09:25:18.205   945  6310 W ActivityManager: Force removing ActivityRecord{5541861 u0 com.dolby.qa.featuretest/.MainActivity t276}: app died, no saved state
01-17 09:25:18.214   945  6310 I WindowManager: Failed to capture screenshot of Token{421f86 ActivityRecord{5541861 u0 com.dolby.qa.featuretest/.MainActivity t276 f}} appWin=Window{8d307c5 u0 com.dolby.qa.featuretest/com.dolby.qa.featuretest.MainActivity} drawState=4
--------- beginning of main
01-17 09:25:18.223   710  1422 D NuPlayerDriver: reset(0xe6bcb690) at state 5
01-17 09:25:18.224   710  1422 D NuPlayerDriver: notifyListener_l(0xe6bcb690), (8, 0, 0, -1), loop setting(0, 1)
01-17 09:25:18.225   684   684 D AudioFlinger: trackStateChanged() Track id 783 state changed to 6
01-17 09:25:18.230   945  5021 I WindowManager: WIN DEATH: Window{943a4ff u0 Toast}
01-17 09:25:18.234   717 21044 I DDP_JOCDecoder: -> ~DDPDecoder
01-17 09:25:18.234   717 21044 I DDP_JOCDecoder: -> stop
01-17 09:25:18.235   645   645 I DMSService: unregisterClient type = 4, uid = e83928d0
01-17 09:25:18.256   627  3892 D DlbDap2Process: process() called [498500] times
01-17 09:25:18.276   645   645 D DatabaseHelper: failed to prepare SQL : INSERT INTO profiles VALUES(15
01-17 09:25:18.276   645   645 D DatabaseHelper: ,'custom','user2','user2','off','off')
01-17 09:25:18.276  1499  1499 D CarrierSvcBindHelper: No carrier app for: 0
01-17 09:25:18.277   645   645 D DatabaseHelper: failed to prepare SQL : INSERT INTO profile_endpoints VALUES(57
01-17 09:25:18.277   645   645 D DatabaseHelper: ,'custom','user2','speaker')
01-17 09:25:18.277   645   645 D DatabaseHelper: failed to prepare SQL : INSERT INTO profile_endpoints VALUES(57
01-17 09:25:18.277   645   645 D DatabaseHelper: ,'custom','user2','headphone')
01-17 09:25:18.277   645   645 D DatabaseHelper: failed to prepare SQL : INSERT INTO profile_endpoints VALUES(57
01-17 09:25:18.277   645   645 D DatabaseHelper: ,'custom','user2','passthrough')
01-17 09:25:18.277   645   645 D DatabaseHelper: failed to prepare SQL : INSERT INTO profile_endpoints VALUES(57
01-17 09:25:18.277   645   645 D DatabaseHelper: ,'custom','user2','other')
01-17 09:25:18.278   645   645 D DatabaseHelper: failed to prepare SQL : INSERT INTO profile_ports VALUES(85
01-17 09:25:18.278   645   645 D DatabaseHelper: ,'custom','user2','internal_speaker')
01-17 09:25:18.278   645   645 D DatabaseHelper: failed to prepare SQL : INSERT INTO profile_ports VALUES(85
01-17 09:25:18.278   645   645 D DatabaseHelper: ,'custom','user2','hdmi')
01-17 09:25:18.278   645   645 D DatabaseHelper: failed to prepare SQL : INSERT INTO profile_ports VALUES(85
01-17 09:25:18.278   645   645 D DatabaseHelper: ,'custom','user2','miracast')
01-17 09:25:18.278   645   645 D DatabaseHelper: failed to prepare SQL : INSERT INTO profile_ports VALUES(85
01-17 09:25:18.278   645   645 D DatabaseHelper: ,'custom','user2','headphone_port')
01-17 09:25:18.278   645   645 D DatabaseHelper: failed to prepare SQL : INSERT INTO profile_ports VALUES(85
01-17 09:25:18.278   645   645 D DatabaseHelper: ,'custom','user2','bluetooth')
01-17 09:25:18.278   645   645 D DatabaseHelper: failed to prepare SQL : INSERT INTO profile_ports VALUES(85
01-17 09:25:18.278   645   645 D DatabaseHelper: ,'custom','user2','usb')
01-17 09:25:18.279   645   645 D DatabaseHelper: failed to prepare SQL : INSERT INTO geq_presets VALUES(57
01-17 09:25:18.279   645   645 D DatabaseHelper: ,'custom','off','user2')
01-17 09:25:18.279   645   645 D DatabaseHelper: failed to prepare SQL : INSERT INTO geq_presets VALUES(57
01-17 09:25:18.279   645   645 D DatabaseHelper: ,'custom','open','user2')
01-17 09:25:18.279   645   645 D DatabaseHelper: failed to prepare SQL : INSERT INTO geq_presets VALUES(57
01-17 09:25:18.279   645   645 D DatabaseHelper: ,'custom','rich','user2')
01-17 09:25:18.279   645   645 D DatabaseHelper: failed to prepare SQL : INSERT INTO geq_presets VALUES(57
01-17 09:25:18.279   645   645 D DatabaseHelper: ,'custom','focused','user2')
01-17 09:25:18.288  2010  2010 D RegisteredNfcFServicesCache: Service unchanged, not updating
01-17 09:25:18.297   717 21044 I DDP_JOCDecoder: <- stop
01-17 09:25:18.298   717 21044 I ARenderer: ~ARenderer
01-17 09:25:18.298   717 21044 I evo_parser: evo_parser_close
01-17 09:25:18.298   717 21044 I DlbDap2QmfProcess: ~Dap2Process()
01-17 09:25:18.298   717 21044 I DlbDap2QmfProcess: close()
01-17 09:25:18.298   717 21044 I DDP_JOCDecoder: <- ~DDPDecoder
01-17 09:25:18.304   710 31791 D NuPlayerDriver: notifyResetComplete(0xe6bcb690)
01-17 09:25:18.304   710  1422 D AudioTrack: stop() called with 0 frames delivered
01-17 09:25:18.306   627  3892 I DlbEffectContext: setContentProcEnabled() Enabling content processing in global effect
01-17 09:25:18.306   627  3892 D DlbDapEndpointParamCache: commitChangedParams()
01-17 09:25:18.306   627  3892 D DlbDapEndpointParamCache: commit() Applying parameters for device 0x40000000
01-17 09:25:18.306   627  3892 D DlbDap2Process: setParam(iea = #1[10])
01-17 09:25:18.306   627  3892 D DlbDap2Process: setParam(msce = #1[0])
01-17 09:25:18.306   627  3892 D DlbDap2Process: setParam(mdee = #1[0])
01-17 09:25:18.307   627  3892 D DlbDap2Process: setParam(miee = #1[0])
01-17 09:25:18.307   627  3892 D DlbDap2Process: setParam(mdle = #1[0])
01-17 09:25:18.307   627  3892 D DlbDap2Process: setParam(dvle = #1[1])
01-17 09:25:18.307   627  3892 D DlbDap2Process: setParam(mave = #1[0])
01-17 09:25:18.307   627  3892 D DlbDap2Process: setParam(vcbf = #20[47, 141, 234, 328, 469, 656, 844, 1031, 1313, 1688, 2250, 3000, 3750, 4688, 5813, 7125, 9000, 11250, 13875, 19688])
01-17 09:25:18.307   627  3892 D DlbDap2Process: setParam(vbon = #1[0])
01-17 09:25:18.307   627  3892 D DlbDap2Process: setParam(beon = #1[0])
01-17 09:25:18.307   627  3892 D DlbDap2Process: setParam(geon = #1[0])
01-17 09:25:18.307   627  3892 D DlbDap2Process: setParam(ieon = #1[0])
01-17 09:25:18.307   627  3892 D DlbDap2Process: setParam(gebs = #41[20, 47, 141, 234, 328, 469, 656, 844, 1031, 1313, 1688, 2250, 3000, 3750, 4688, 5813, 7125, 9000, 11250, 13875, 19688, 0, 0, 0, 0, 0, 0, 0, 0, 0, 0, 0, 0, 0, 0, 0, 0, 0, 0, 0, 0])
01-17 09:25:18.307   627  3892 D DlbDap2Process: setParam(iebs = #41[20, 65, 136, 223, 332, 467, 634, 841, 1098, 1416, 1812, 2302, 2909, 3663, 4598, 5756, 7194, 8976, 11186, 13927, 17326, 117, 133, 188, 176, 141, 149, 175, 185, 185, 200, 236, 242, 228, 213, 182, 132, 110, 68, -27, -240])
01-17 09:25:18.307   627  3892 D DlbDapEndpointParamCache: doCommit() Committed 15 parameters out of 16.
01-17 09:25:18.307   627  3892 D DlbDapEndpointParamCache: commit() Overriding parameters for current device 0x00000002
01-17 09:25:18.307   627  3892 D DlbDap2Process: setParam(dea = #1[7])
01-17 09:25:18.307   627  3892 D DlbDap2Process: setParam(dsa = #1[10])
01-17 09:25:18.307   627  3892 D DlbDap2Process: setParam(beb = #1[192])
01-17 09:25:18.307   627  3892 D DlbDap2Process: setParam(plb = #1[0])
01-17 09:25:18.307   627  3892 D DlbDap2Process: setParam(vmb = #1[144])
01-17 09:25:18.307   627  3892 D DlbDap2Process: setParam(dsb = #1[48])
01-17 09:25:18.307   627  3892 D DlbDap2Process: setParam(ded = #1[0])
01-17 09:25:18.307   627  3892 D DlbDap2Process: setParam(vbm = #1[3])
01-17 09:25:18.307   627  3892 D DlbDap2Process: setParam(dom = #1[0])
01-17 09:25:18.307   627  3892 D DlbDap2Process: setParam(bew = #1[16])
01-17 09:25:18.307   627  3892 D DlbDap2Process: setParam(dvla = #1[5])
01-17 09:25:18.307   627  3892 D DlbDap2Process: setParam(arra = #1[96])
01-17 09:25:18.308   627  3892 D DlbDap2Process: setParam(dfsa = #1[10])
01-17 09:25:18.308   627  3892 D DlbDap2Process: setParam(dhsa = #1[10])
01-17 09:25:18.308   627  3892 D DlbDap2Process: setParam(dvmc = #1[0])
01-17 09:25:18.308   627  3892 D DlbDap2Process: setParam(arod = #1[0])
01-17 09:25:18.308   627  3892 D DlbDap2Process: setParam(arde = #1[1])
01-17 09:25:18.308   627  3892 D DlbDap2Process: setParam(dvle = #1[1])
01-17 09:25:18.308   627  3892 D DlbDap2Process: setParam(dvme = #1[0])
01-17 09:25:18.308   627  3892 D DlbDap2Process: setParam(becf = #1[200])
01-17 09:25:18.308   627  3892 D DlbDap2Process: setParam(vbmf = #2[94, 469])
01-17 09:25:18.308   627  3892 D DlbDap2Process: setParam(vbsf = #2[35, 160])
01-17 09:25:18.308   627  3892 D DlbDap2Process: setParam(vbhg = #3[-32, -144, -192])
01-17 09:25:18.308   627  3892 D DlbDap2Process: setParam(vbog = #1[0])
01-17 09:25:18.308   627  3892 D DlbDap2Process: setParam(vbsg = #1[0])
01-17 09:25:18.308   627  3892 D DlbDap2Process: setParam(dvli = #1[-320])
01-17 09:25:18.308   627  3892 D DlbDap2Process: setParam(dhfm = #1[2])
01-17 09:25:18.308   627  3892 D DlbDap2Process: setParam(vbon = #1[0])
01-17 09:25:18.308   627  3892 D DlbDap2Process: setParam(beon = #1[0])
01-17 09:25:18.308   627  3892 D DlbDap2Process: setParam(deon = #1[0])
01-17 09:25:18.308   627  3892 D DlbDap2Process: setParam(ngon = #1[1])
01-17 09:25:18.308   627  3892 D DlbDap2Process: setParam(aoon = #1[1])
01-17 09:25:18.308   627  3892 D DlbDap2Process: setParam(aron = #1[1])
01-17 09:25:18.308   627  3892 D DlbDap2Process: setParam(dvlo = #1[-320])
01-17 09:25:18.308   627  3892 D DlbDap2Process: setParam(artp = #1[12])
01-17 09:25:18.309   627  3892 D DlbDap2Process: setParam(aobs = #222[20, 10, 47, 141, 234, 328, 469, 656, 844, 1031, 1313, 1688, 2250, 3000, 3750, 4688, 5813, 7125, 9000, 11250, 13875, 19688, 0, 0, 0, 0, 0, 0, 0, 0, 0, 0, 0, 0, 0, 0, 0, 0, 0, 0, 0, 0, 0, 0, 0, 0, 0, 0, 0, 0, 0, 0, 0, 0, 0, 0, 0, 0, 0, 0, 0, 0, 0, 0, 0, 0, 0, 0, 0, 0, 0, 0, 0, 0, 0, 0, 0, 0, 0, 0, 0, 0, 0, 0, 0, 0, 0, 0, 0, 0, 0, 0, 0, 0, 0, 0, 0, 0, 0, 0, 0, 0, 0, 0, 0, 0, 0, 0, 0, 0, 0, 0, 0, 0, 0, 0, 0, 0, 0, 0, 0, 0, 0, 0, 0, 0, 0, 0, 0, 0, 0, 0, 0, 0, 0, 0, 0, 0, 0, 0, 0, 0, 0, 0, 0, 0, 0, 0, 0, 0, 0, 0, 0, 0, 0, 0, 0, 0, 0, 0, 0, 0, 0, 0, 0, 0, 0, 0, 0, 0, 0, 0, 0, 0, 0, 0, 0, 0, 0, 0, 0, 0, 0, 0, 0, 0, 0, 0, 0, 0, 0, 0, 0, 0, 0, 0, 0, 0, 0, 0, 0, 0, 0, 0, 0, 0, 0, 0, 0, 0, 0, 0, 0, 0, 0, 0, 0, 0, 0, 0, 0, 0])
01-17 09:25:18.309   627  3892 D DlbDap2Process: setParam(arbs = #81[20, 47, 141, 234, 328, 469, 656, 844, 1031, 1313, 1688, 2250, 3000, 3750, 4688, 5813, 7125, 9000, 11250, 13875, 19688, -192, -192, -192, -192, -192, -192, -192, -192, -192, -192, -192, -192, -192, -192, -192, -192, -192, -192, -192, -192, 0, 0, 0, 0, 0, 0, 0, 0, 0, 0, 0, 0, 0, 0, 0, 0, 0, 0, 0, 0, 0, 0, 0, 0, 0, 0, 0, 0, 0, 0, 0, 0, 0, 0, 0, 0, 0, 0, 0, 0])
01-17 09:25:18.309   627  3892 D DlbDapEndpointParamCache: doCommit() Committed 37 parameters out of 37.
01-17 09:25:18.310   627  3892 D DlbDap2Process: setMave(mave = 0)
01-17 09:25:18.342   945  5021 I ActivityManager: START u0 {flg=0x10000000 cmp=com.dolby.qa.featuretest/.MainActivity} from uid 2000
01-17 09:25:18.365   945  6310 I ActivityManager: Start proc 31835:com.dolby.qa.featuretest/u0a73 for activity com.dolby.qa.featuretest/.MainActivity
01-17 09:25:18.371 31835 31835 I zygote64: Late-enabling -Xcheck:jni
01-17 09:25:18.375   684  1061 D AudioFlinger: trackStateChanged() Track id 783 state changed to 2
01-17 09:25:18.375   684  1061 I AudioFlinger: updateProcessedAudioState() Changing content processing in effect to 0
01-17 09:25:18.375   627  6441 D DlbDlbEffect: handle_EFFECT_CMD_SET_PARAM()
01-17 09:25:18.396   684  1061 D AudioFlinger: trackDestroyed() Track id 783 no longer contains processed audio
01-17 09:25:18.399   684   928 W AudioFlinger::EffectModule: EffectModule 0xed0e2500 destructor called with unreleased interface
01-17 09:25:18.400   684   928 W AudioFlinger::EffectHandle: disconnect Effect handle 0xee163640 disconnected after thread destruction
01-17 09:25:18.400   627   924 D DlbDlbEffect: handle_EFFECT_CMD_DISABLE()
01-17 09:25:18.400   627   924 D DlbDapCrossfadeProcess: setEnabled transitioning from DAP_ACTIVE state to FADE_TO_BYPASS
01-17 09:25:18.402   626   626 W /system/bin/hw/android.hidl.allocator@1.0-service: ashmem_create_region(3840) returning hidl_memory(0x7b7102c330, 3840)
01-17 09:25:18.403   627   924 D DlbDlbEffect: handle_EFFECT_CMD_SET_CONFIG()
01-17 09:25:18.403   627   924 D DlbDapEndpointParamCache: setDevice(device=0x00000002)
01-17 09:25:18.403   645   645 D DMSService: setActiveDevice called with device = 0x2
01-17 09:25:18.403   627   924 D DlbDlbEffect: handle_EFFECT_CMD_ENABLE()
01-17 09:25:18.404   627   924 D DlbDapCrossfadeProcess: setEnabled transitioning from FADE_TO_BYPASS state to FADE_TO_ACTIVE
01-17 09:25:18.548 31835 31835 D featureTest: onCreate
01-17 09:25:18.552 31835 31835 D AudioTrack: Client defaulted notificationFrames to 962 for frameCount 1924
01-17 09:25:18.554 31835 31835 W AudioTrack: Use of stream types is deprecated for operations other than volume control
01-17 09:25:18.554 31835 31835 W AudioTrack: See the documentation of AudioTrack() for what to use instead with android.media.AudioAttributes to qualify your playback use case
01-17 09:25:18.561 31835 31835 W DolbyAudioEffect: WARNING: attaching a DolbyAudioEffect to global output mix is deprecated!
01-17 09:25:18.568 31835 31835 D featureTest: onResume
01-17 09:25:18.577 31835 31852 D OpenGLRenderer: HWUI GL Pipeline
01-17 09:25:18.624 31835 31852 I Adreno  : QUALCOMM build                   : 7142022, Ib5823dd10c
01-17 09:25:18.624 31835 31852 I Adreno  : Build Date                       : 06/23/17
01-17 09:25:18.624 31835 31852 I Adreno  : OpenGL ES Shader Compiler Version: EV031.18.00.00
01-17 09:25:18.624 31835 31852 I Adreno  : Local Branch                     : O11A
01-17 09:25:18.624 31835 31852 I Adreno  : Remote Branch                    : 
01-17 09:25:18.624 31835 31852 I Adreno  : Remote Branch                    : 
01-17 09:25:18.624 31835 31852 I Adreno  : Reconstruct Branch               : 
01-17 09:25:18.628 31835 31852 I Adreno  : PFP: 0x005ff087, ME: 0x005ff063
01-17 09:25:18.630 31835 31852 I OpenGLRenderer: Initialized EGL, version 1.4
01-17 09:25:18.630 31835 31852 D OpenGLRenderer: Swap behavior 2
01-17 09:25:18.678   945   998 I ActivityManager: Displayed com.dolby.qa.featuretest/.MainActivity: +320ms
01-17 09:25:18.765   945   998 W ActivityManager: setHasOverlayUi called on unknown pid: 31741
01-17 09:25:18.766   475   475 D SurfaceFlinger: Backpressure trigger, skipping transaction & refresh!
01-17 09:25:19.161  2103  2230 W OpenGLRenderer: Incorrectly called buildLayer on View: ShortcutAndWidgetContainer, destroying layer...
01-17 09:25:19.372   945   945 W NotificationService: Object died trying to hide notification android.app.ITransientNotification$Stub$Proxy@d7dc7c7 in package com.dolby.qa.featuretest
01-17 09:25:19.372   945   945 W WindowManager: removeWindowToken: Attempted to remove non-existing token: android.os.Binder@16987a
01-17 09:25:19.372   945   945 W ActivityManager: setProcessForeground called on unknown pid: 31741
01-17 09:25:19.373   945   945 W NotificationService: Object died trying to show notification android.app.ITransientNotification$Stub$Proxy@c56e1f4 in package com.dolby.qa.featuretest
01-17 09:25:19.373   945   945 W ActivityManager: setProcessForeground called on unknown pid: 31741
01-17 09:25:19.374   945   945 W NotificationService: Object died trying to show notification android.app.ITransientNotification$Stub$Proxy@8ebd1d in package com.dolby.qa.featuretest
01-17 09:25:19.418 31835 31835 D featureTest: receive broadcast , playing content location :/sdcard/featureTest/2ch_ddp_25fps_ref_level.mp4
01-17 09:25:19.427 31835 31835 D featureTest: mMediaPlayer.getAudioSessionId(): 5889
01-17 09:25:19.427 31835 31835 D featureTest: Playing file: /sdcard/featureTest/2ch_ddp_25fps_ref_level.mp4
01-17 09:25:19.429   710  1422 D NuPlayerDriver: NuPlayerDriver(0xe6bcb690) created, clientPid(31835)
01-17 09:25:19.433 31863 31863 W generic : type=1400 audit(0.0:487): avc: denied { read } for path="/storage/emulated/0/featuretest/2ch_ddp_25fps_ref_level.mp4" dev="sdcardfs" ino=1310759 scontext=u:r:mediaextractor:s0 tcontext=u:object_r:sdcardfs:s0 tclass=file permissive=0
01-17 09:25:19.433 31835 31835 W MediaPlayer: Use of stream types is deprecated for operations other than volume control
01-17 09:25:19.433 31835 31835 W MediaPlayer: See the documentation of setAudioStreamType() for what to use instead with android.media.AudioAttributes to qualify your playback use case
01-17 09:25:19.436   710 31863 D GenericSource: FileSource remote
01-17 09:25:19.436   710 31863 W GenericSource: extractor service cannot make data source
01-17 09:25:19.436   710 31863 D GenericSource: FileSource local
01-17 09:25:19.457   710 31861 D NuPlayerDriver: notifyListener_l(0xe6bcb690), (5, 1280, 720, -1), loop setting(0, 0)
01-17 09:25:19.457   700  1879 D MediaBufferGroup: creating MemoryDealer
01-17 09:25:19.457   710 31861 D NuPlayerDriver: notifyListener_l(0xe6bcb690), (1, 0, 0, -1), loop setting(0, 0)
01-17 09:25:19.468   710  1419 D NuPlayerDriver: start(0xe6bcb690), state is 4, eos is 0
01-17 09:25:19.468   710 31861 I GenericSource: start
01-17 09:25:19.473 31835 31835 W DolbyAudioEffect: WARNING: attaching a DolbyAudioEffect to global output mix is deprecated!
01-17 09:25:19.483 31835 31835 D featureTest: receive broadcast , change ds status :0
01-17 09:25:19.483   710 31869 I OMXClient: Treble IOmx obtained
01-17 09:25:19.483   717 20091 I OMXMaster: makeComponentInstance(OMX.dolby.eac3.decoder) in omx@1.0-service process
01-17 09:25:19.495   627  6441 D DlbDlbEffect: handle_EFFECT_CMD_SET_PARAM()
01-17 09:25:19.518   717 20091 I DDP_JOCDecoder: -> init name OMX.dolby.eac3.decoder
01-17 09:25:19.519   645   645 I DMSService: registerClient type = 0, uid = e7f0fb80
01-17 09:25:19.519   645   645 V DolbyMemoryService: registerClient() client 0x710ec74380, uid -403637376
01-17 09:25:19.520   717 20091 I DDP_JOCDecoder: <- init
01-17 09:25:19.520   717 20091 D DDP_JOCDecoder: initPorts
01-17 09:25:19.521   717 21044 E OMXNodeInstance: setConfig(0xe7b0aba0:dolby.eac3.decoder, ConfigPriority(0x6f800002)) ERROR: Undefined(0x80001001)
01-17 09:25:19.521   710 31869 I ACodec  : codec does not support config priority (err -2147483648)
01-17 09:25:19.522   717  5783 E OMXNodeInstance: getConfig(0xe7b0aba0:dolby.eac3.decoder, ConfigAndroidVendorExtension(0x6f100004)) ERROR: Undefined(0x80001001)
01-17 09:25:19.522   710 31869 I MediaCodec: MediaCodec will operate in async mode
01-17 09:25:19.522   710 31868 I NuPlayerDecoder: setDolbyMessage() Notifying player that Codec supports dolby_processed_audio flag
01-17 09:25:19.522   710 31869 I ACodec  : setDolbyParameterOnProcessedAudio() Received dolby_processed_audio=1
01-17 09:25:19.522   710 31861 I NuPlayer: onDolbyMessageReceived() Setting dolby_processed_audio flag on audio sink
01-17 09:25:19.522   710 31861 I MediaPlayerService: setDolbyParameters() Marking audio output as having dolby_processed_audio
01-17 09:25:19.523   645   645 I DMSService: unregisterClient type = 0, uid = e7f0fb80
01-17 09:25:19.536   645   645 D DatabaseHelper: failed to prepare SQL : INSERT INTO profiles VALUES(15
01-17 09:25:19.536   645   645 D DatabaseHelper: ,'custom','user2','user2','off','off')
01-17 09:25:19.537   645   645 D DatabaseHelper: failed to prepare SQL : INSERT INTO profile_endpoints VALUES(57
01-17 09:25:19.537   645   645 D DatabaseHelper: ,'custom','user2','speaker')
01-17 09:25:19.537   645   645 D DatabaseHelper: failed to prepare SQL : INSERT INTO profile_endpoints VALUES(57
01-17 09:25:19.537   645   645 D DatabaseHelper: ,'custom','user2','headphone')
01-17 09:25:19.537   645   645 D DatabaseHelper: failed to prepare SQL : INSERT INTO profile_endpoints VALUES(57
01-17 09:25:19.537   645   645 D DatabaseHelper: ,'custom','user2','passthrough')
01-17 09:25:19.537   645   645 D DatabaseHelper: failed to prepare SQL : INSERT INTO profile_endpoints VALUES(57
01-17 09:25:19.537   645   645 D DatabaseHelper: ,'custom','user2','other')
01-17 09:25:19.537   645   645 D DatabaseHelper: failed to prepare SQL : INSERT INTO profile_ports VALUES(85
01-17 09:25:19.537   645   645 D DatabaseHelper: ,'custom','user2','internal_speaker')
01-17 09:25:19.537   645   645 D DatabaseHelper: failed to prepare SQL : INSERT INTO profile_ports VALUES(85
01-17 09:25:19.537   645   645 D DatabaseHelper: ,'custom','user2','hdmi')
01-17 09:25:19.537   645   645 D DatabaseHelper: failed to prepare SQL : INSERT INTO profile_ports VALUES(85
01-17 09:25:19.537   645   645 D DatabaseHelper: ,'custom','user2','miracast')
01-17 09:25:19.537   645   645 D DatabaseHelper: failed to prepare SQL : INSERT INTO profile_ports VALUES(85
01-17 09:25:19.537   645   645 D DatabaseHelper: ,'custom','user2','headphone_port')
01-17 09:25:19.537   645   645 D DatabaseHelper: failed to prepare SQL : INSERT INTO profile_ports VALUES(85
01-17 09:25:19.537   645   645 D DatabaseHelper: ,'custom','user2','bluetooth')
01-17 09:25:19.537   645   645 D DatabaseHelper: failed to prepare SQL : INSERT INTO profile_ports VALUES(85
01-17 09:25:19.537   645   645 D DatabaseHelper: ,'custom','user2','usb')
01-17 09:25:19.538   645   645 D DatabaseHelper: failed to prepare SQL : INSERT INTO geq_presets VALUES(57
01-17 09:25:19.538   645   645 D DatabaseHelper: ,'custom','off','user2')
01-17 09:25:19.538   645   645 D DatabaseHelper: failed to prepare SQL : INSERT INTO geq_presets VALUES(57
01-17 09:25:19.538   645   645 D DatabaseHelper: ,'custom','open','user2')
01-17 09:25:19.538   645   645 D DatabaseHelper: failed to prepare SQL : INSERT INTO geq_presets VALUES(57
01-17 09:25:19.538   645   645 D DatabaseHelper: ,'custom','rich','user2')
01-17 09:25:19.538   645   645 D DatabaseHelper: failed to prepare SQL : INSERT INTO geq_presets VALUES(57
01-17 09:25:19.538   645   645 D DatabaseHelper: ,'custom','focused','user2')
01-17 09:25:19.553   645   645 I DMSService: registerClient type = 4, uid = e7f0fb60
01-17 09:25:19.554   645   645 V DolbyMemoryService: registerClient() client 0x710ec74380, uid -403637404
01-17 09:25:19.554   717  5320 D DDP_JOCDecoder: internalSetParameter() Instantiating ARenderer for content processing in decoder
01-17 09:25:19.554   717  5320 I DlbDap2QmfProcess: Dap2Process()
01-17 09:25:19.554   717  5320 I ARenderer: ARenderer
01-17 09:25:19.554   717  5320 I evo_parser: evo_parser_init
01-17 09:25:19.554   717  5320 I DlbDap2QmfProcess: init()
01-17 09:25:19.554   717  5320 I DlbDap2QmfProcess: open()
01-17 09:25:19.555   717  5320 I DlbDap2QmfProcess: loadLicense() no license check!
01-17 09:25:19.555   717  5320 I DlbDap2QmfProcess: validateLicense() no license check!
01-17 09:25:19.555   717  5320 I DlbDap2QmfProcess: init() DAP opened
01-17 09:25:19.555   717  5320 I DlbDap2QmfProcess: DAP library version: 2.5.1-P2.0
01-17 09:25:19.555   717  5320 D DlbDap2QmfProcess: DAP output mode set to 1 with 2 output channels and null mix matrix.
01-17 09:25:19.555   710 31869 I ACodec  : setDolbyParameterOnProcessedAudio() Content processing enabled in decoder
01-17 09:25:19.557   626   626 W /system/bin/hw/android.hidl.allocator@1.0-service: ashmem_create_region(8192) returning hidl_memory(0x7b7102c330, 8192)
01-17 09:25:19.559   626   626 I chatty  : uid=1000(system) allocator@1.0-s identical 2 lines
01-17 09:25:19.560   626   626 W /system/bin/hw/android.hidl.allocator@1.0-service: ashmem_create_region(8192) returning hidl_memory(0x7b7102c330, 8192)
01-17 09:25:19.562   626   626 W /system/bin/hw/android.hidl.allocator@1.0-service: ashmem_create_region(147456) returning hidl_memory(0x7b7102c330, 147456)
01-17 09:25:19.562   626   626 I chatty  : uid=1000(system) allocator@1.0-s identical 1 line
01-17 09:25:19.563   626   626 W /system/bin/hw/android.hidl.allocator@1.0-service: ashmem_create_region(147456) returning hidl_memory(0x7b7102c330, 147456)
01-17 09:25:19.563 31835 31835 D featureTest: receive broadcast , change ds profile id :2
01-17 09:25:19.564   626   626 W /system/bin/hw/android.hidl.allocator@1.0-service: ashmem_create_region(147456) returning hidl_memory(0x7b7102c330, 147456)
01-17 09:25:19.565   717 31872 I DDP_JOCDecoder: -> start
01-17 09:25:19.565   717 31872 I EndpConfig: DAP state has changed from -1 to 0
01-17 09:25:19.566   717 31872 D DDP_JOCDecoder: Setting Max Output Channels to 2
01-17 09:25:19.567   717 31872 D DDP_JOCDecoder: setMultiChannelPCMOutDownmix mConfig->jocForceDownmixMode 1
01-17 09:25:19.567   717 31872 I udc_user: 
01-17 09:25:19.567   717 31872 I udc_user: *** DDPlus Unified Decoder Simulation  Version 1.7.3 ***
01-17 09:25:19.567   717 31872 I udc_user: 
01-17 09:25:19.567   717 31872 I udc_user: 7.1-channel decoder-converter, 
01-17 09:25:19.567   717 31872 I udc_user: 
01-17 09:25:19.567   717 31872 I udc_user: 5.1-channel dual-decoder-converter, 
01-17 09:25:19.567   717 31872 I udc_user: Karaoke unsupported, 
01-17 09:25:19.567   717 31872 I udc_user: TPNP supported. 
01-17 09:25:19.567   717 31872 I udc_user: 
01-17 09:25:19.567   717 31872 I udc_user: Unpublished work.  Copyright 2003-2014 Dolby Laboratories, Inc. and
01-17 09:25:19.567   717 31872 I udc_user: Dolby Laboratories Licensing Corporation.  All Rights Reserved.
01-17 09:25:19.567   717 31872 I udc_user: 
01-17 09:25:19.567   717 31872 I udc_user: USE OF THIS SOFTWARE IS SUBJECT TO A LEGAL AGREEMENT BETWEEN YOU AND DOLBY
01-17 09:25:19.567   717 31872 I udc_user: LABORATORIES. DO NOT USE THIS SOFTWARE UNLESS YOU AGREE TO THE TERMS AND 
01-17 09:25:19.567   717 31872 I udc_user: CONDITIONS IN THE AGREEMENT.  BY USING THIS SOFTWARE, YOU ACKNOWLEDGE THAT 
01-17 09:25:19.567   717 31872 I udc_user: YOU HAVE READ THE AGREEMENT AND THAT YOU AGREE TO BE BOUND BY ITS TERMS. 
01-17 09:25:19.567   717 31872 I udc_user: 
01-17 09:25:19.567   717 31872 I ddpdec_client_joc: ddpdec_open JOCD_MODE Buffer assignment
01-17 09:25:19.567   717 31872 D DDP_JOCDecoder: mStarted = 1
01-17 09:25:19.567   717 31872 I DDP_JOCDecoder: <- start
01-17 09:25:19.568   717 31872 D ddpdec_client_joc: ddpdec_client.c|int configDecoder()
01-17 09:25:19.569   717 31872 D DDP_JOCDecoder: Setting Max Output Channels to 2
01-17 09:25:19.569   717 31872 I DlbDap2QmfProcess: close()
01-17 09:25:19.569   717 31872 I DlbDap2QmfProcess: init()
01-17 09:25:19.569   717 31872 I DlbDap2QmfProcess: open()
01-17 09:25:19.569   717 31872 I DlbDap2QmfProcess: loadLicense() no license check!
01-17 09:25:19.569   717 31872 I DlbDap2QmfProcess: validateLicense() no license check!
01-17 09:25:19.570   717 31872 I DlbDap2QmfProcess: init() DAP opened
01-17 09:25:19.570   717 31872 I DlbDap2QmfProcess: DAP library version: 2.5.1-P2.0
01-17 09:25:19.570   717 31872 D DlbDap2QmfProcess: DAP output mode set to 1 with 2 output channels and null mix matrix.
01-17 09:25:19.570   717 31872 D ARenderer: checkAndUpdateConfig: DAP reinitialized because of sample rate change
01-17 09:25:19.570   717 31872 D ARenderer: updateDapConfig: Updating DAP configuration
01-17 09:25:19.570   717 31872 I ARenderer: updateDapConfig: Disable content processing in decoder-ARenderer
01-17 09:25:19.570   717 31872 D DlbDap2QmfProcess: setParam(deon = #1[0])
01-17 09:25:19.570   717 31872 D DlbDap2QmfProcess: setParam(dvle = #1[0])
01-17 09:25:19.570   717 31872 D DlbDap2QmfProcess: setParam(ieon = #1[0])
01-17 09:25:19.570   717 31872 D DlbDap2QmfProcess: setParam(dvme = #1[0])
01-17 09:25:19.570   717 31872 D DlbDap2QmfProcess: setParam(dom = #1[0])
01-17 09:25:19.570   717 31872 D DlbDap2QmfProcess: setParam(msce = #1[0])
01-17 09:25:19.570   717 31872 D DlbDap2QmfProcess: setParam(miee = #1[0])
01-17 09:25:19.570   717 31872 D DlbDap2QmfProcess: setParam(mdle = #1[0])
01-17 09:25:19.570   717 31872 D DlbDap2QmfProcess: setParam(mdee = #1[0])
01-17 09:25:19.570   717 31872 D DlbDap2QmfProcess: setParam(mave = #1[0])
01-17 09:25:19.570   717 31872 D DlbDap2QmfProcess: setParam(ngon = #1[0])
01-17 09:25:19.570   717 31872 D DlbDap2QmfProcess: setParam(dvle = #1[1])
01-17 09:25:19.570   717 31872 D DlbDap2QmfProcess: setParam(dvli = #1[-496])
01-17 09:25:19.570   717 31872 D DlbDap2QmfProcess: setParam(dvlo = #1[-224])
01-17 09:25:19.570   717 31872 D ARenderer: updateDapVolumeLeveler: Setting output level to -14.00dB
01-17 09:25:19.570   717 31872 D DlbDap2QmfProcess: setParam(vmb = #1[0])
01-17 09:25:19.570   717 31872 D DlbDap2QmfProcess: setParam(preg = #1[-384])
01-17 09:25:19.570   717 31872 D DlbDap2QmfProcess: setParam(vol = #1[384])
01-17 09:25:19.570   717 31872 D DlbDlbBufferProvider: setConfig() Updating buffer configuration.
01-17 09:25:19.570   717 31872 D DlbDap2QmfProcess: processQmf() called [0] times
01-17 09:25:19.570   717 31872 D DlbDap2QmfProcess: setMave(mave = 0)
01-17 09:25:19.575   627  6441 D DlbDlbEffect: handle_EFFECT_CMD_SET_PARAM()
01-17 09:25:19.575   710 31867 D AudioTrack: Client defaulted notificationFrames to 12000 for frameCount 24000
01-17 09:25:19.575   645   713 I DapController: Profile Changed to Music
01-17 09:25:19.576   684  3973 I AudioFlinger: attachAuxEffect(): Marking track 785 as containing processed audio
01-17 09:25:19.576   684  3973 D AudioFlinger: trackContainsProcessedAudio() Track id 785 contains processed audio
01-17 09:25:19.578   626   626 W /system/bin/hw/android.hidl.allocator@1.0-service: ashmem_create_region(7680) returning hidl_memory(0x7b7102c330, 7680)
01-17 09:25:19.579   626   626 W /system/bin/hw/android.hidl.allocator@1.0-service: ashmem_create_region(7680) returning hidl_memory(0x7b7102c330, 7680)
01-17 09:25:19.581   627  3512 D DlbDlbEffect: handle_EFFECT_CMD_DISABLE()
01-17 09:25:19.581   627  3512 D DlbDapCrossfadeProcess: setEnabled transitioning from FADE_TO_ACTIVE state to FADE_TO_BYPASS
01-17 09:25:19.582   626   626 W /system/bin/hw/android.hidl.allocator@1.0-service: ashmem_create_region(7680) returning hidl_memory(0x7b7102c330, 7680)
01-17 09:25:19.583   627  3512 D DlbDlbEffect: handle_EFFECT_CMD_SET_CONFIG()
01-17 09:25:19.583   627  3512 D DlbDapEndpointParamCache: setDevice(device=0x00000002)
01-17 09:25:19.583   645   645 D DMSService: setActiveDevice called with device = 0x2
01-17 09:25:19.583   627  6441 D DlbDlbEffect: handle_EFFECT_CMD_ENABLE()
01-17 09:25:19.583   627  6441 D DlbDapCrossfadeProcess: setEnabled transitioning from FADE_TO_BYPASS state to FADE_TO_ACTIVE
01-17 09:25:19.584   684  3653 W AudioFlinger: moveDolbyEffect() effect chain for session 0 not on source thread 0xee0ae580
01-17 09:25:19.584   684  3653 D AudioFlinger: trackStateChanged() Track id 785 state changed to 6
01-17 09:25:19.584   684  3653 I AudioFlinger: updateProcessedAudioState() Changing content processing in effect to 1
01-17 09:25:19.584   627  3512 D DlbDlbEffect: handle_EFFECT_CMD_SET_PARAM()
01-17 09:25:19.585   710 31861 D NuPlayerDriver: notifyListener_l(0xe6bcb690), (6, 0, 0, -1), loop setting(0, 1)
01-17 09:25:19.587   627  3892 I DlbEffectContext: setContentProcEnabled() Disabling content processing in effect
01-17 09:25:19.587   627  3892 D DlbDapEndpointParamCache: commitChangedParams()
01-17 09:25:19.587   627  3892 D DlbDapEndpointParamCache: commit() Applying parameters for device 0x40000000
01-17 09:25:19.587   627  3892 D DlbDap2Process: setParam(msce = #1[0])
01-17 09:25:19.587   627  3892 D DlbDap2Process: setParam(mdee = #1[0])
01-17 09:25:19.588   627  3892 D DlbDap2Process: setParam(miee = #1[0])
01-17 09:25:19.588   627  3892 D DlbDap2Process: setParam(mdle = #1[0])
01-17 09:25:19.588   627  3892 D DlbDap2Process: setParam(dvle = #1[0])
01-17 09:25:19.588   627  3892 D DlbDap2Process: setParam(mave = #1[0])
01-17 09:25:19.588   627  3892 D DlbDap2Process: setParam(ieon = #1[0])
01-17 09:25:19.588   627  3892 D DlbDapEndpointParamCache: doCommit() Committed 7 parameters out of 16.
01-17 09:25:19.588   627  3892 D DlbDapEndpointParamCache: commit() Overriding parameters for current device 0x00000002
01-17 09:25:19.588   627  3892 D DlbDap2Process: setParam(dom = #1[0])
01-17 09:25:19.588   627  3892 D DlbDap2Process: setParam(dvle = #1[0])
01-17 09:25:19.588   627  3892 D DlbDap2Process: setParam(dvme = #1[0])
01-17 09:25:19.588   627  3892 D DlbDap2Process: setParam(deon = #1[0])
01-17 09:25:19.588   627  3892 D DlbDap2Process: setParam(ngon = #1[0])
01-17 09:25:19.588   627  3892 D DlbDapEndpointParamCache: doCommit() Committed 5 parameters out of 37.
01-17 09:25:19.588   627  3892 D DlbDapCrossfadeProcess: setEnabled transitioning from FADE_TO_ACTIVE state to FADE_TO_BYPASS
01-17 09:25:19.588   710  1419 W MediaClock: reject anchor time since it is negative.
01-17 09:25:19.589   627  3892 D DlbDapEndpointParamCache: commitChangedParams()
01-17 09:25:19.589   627  3892 D DlbDapEndpointParamCache: commit() Applying parameters for device 0x40000000
01-17 09:25:19.589   627  3892 D DlbDap2Process: setParam(iea = #1[10])
01-17 09:25:19.590   627  3892 D DlbDap2Process: setParam(vcbf = #20[47, 141, 234, 328, 469, 656, 844, 1031, 1313, 1688, 2250, 3000, 3750, 4688, 5813, 7125, 9000, 11250, 13875, 19688])
01-17 09:25:19.590   627  3892 D DlbDap2Process: setParam(vbon = #1[0])
01-17 09:25:19.590   627  3892 D DlbDap2Process: setParam(beon = #1[0])
01-17 09:25:19.590   627  3892 D DlbDap2Process: setParam(geon = #1[0])
01-17 09:25:19.590   627  3892 D DlbDap2Process: setParam(gebs = #41[20, 47, 141, 234, 328, 469, 656, 844, 1031, 1313, 1688, 2250, 3000, 3750, 4688, 5813, 7125, 9000, 11250, 13875, 19688, 0, 0, 0, 0, 0, 0, 0, 0, 0, 0, 0, 0, 0, 0, 0, 0, 0, 0, 0, 0])
01-17 09:25:19.590   627  3892 D DlbDap2Process: setParam(iebs = #41[20, 65, 136, 223, 332, 467, 634, 841, 1098, 1416, 1812, 2302, 2909, 3663, 4598, 5756, 7194, 8976, 11186, 13927, 17326, 117, 133, 188, 176, 141, 149, 175, 185, 185, 200, 236, 242, 228, 213, 182, 132, 110, 68, -27, -240])
01-17 09:25:19.590   627  3892 D DlbDapEndpointParamCache: doCommit() Committed 8 parameters out of 16.
01-17 09:25:19.590   627  3892 D DlbDapEndpointParamCache: commit() Overriding parameters for current device 0x00000002
01-17 09:25:19.590   627  3892 D DlbDap2Process: setParam(dea = #1[7])
01-17 09:25:19.590   627  3892 D DlbDap2Process: setParam(dsa = #1[10])
01-17 09:25:19.590   627  3892 D DlbDap2Process: setParam(beb = #1[192])
01-17 09:25:19.590   627  3892 D DlbDap2Process: setParam(plb = #1[0])
01-17 09:25:19.590   627  3892 D DlbDap2Process: setParam(vmb = #1[144])
01-17 09:25:19.590   627  3892 D DlbDap2Process: setParam(dsb = #1[0])
01-17 09:25:19.590   627  3892 D DlbDap2Process: setParam(ded = #1[0])
01-17 09:25:19.590   627  3892 D DlbDap2Process: setParam(vbm = #1[3])
01-17 09:25:19.590   627  3892 D DlbDap2Process: setParam(bew = #1[16])
01-17 09:25:19.590   627  3892 D DlbDap2Process: setParam(dvla = #1[4])
01-17 09:25:19.590   627  3892 D DlbDap2Process: setParam(arra = #1[96])
01-17 09:25:19.590   627  3892 D DlbDap2Process: setParam(dfsa = #1[10])
01-17 09:25:19.590   627  3892 D DlbDap2Process: setParam(dhsa = #1[10])
01-17 09:25:19.590   627  3892 D DlbDap2Process: setParam(dvmc = #1[0])
01-17 09:25:19.590   627  3892 D DlbDap2Process: setParam(arod = #1[0])
01-17 09:25:19.590   627  3892 D DlbDap2Process: setParam(arde = #1[1])
01-17 09:25:19.590   627  3892 D DlbDap2Process: setParam(becf = #1[200])
01-17 09:25:19.590   627  3892 D DlbDap2Process: setParam(vbmf = #2[94, 469])
01-17 09:25:19.590   627  3892 D DlbDap2Process: setParam(vbsf = #2[35, 160])
01-17 09:25:19.590   627  3892 D DlbDap2Process: setParam(vbhg = #3[-32, -144, -192])
01-17 09:25:19.590   627  3892 D DlbDap2Process: setParam(vbog = #1[0])
01-17 09:25:19.590   627  3892 D DlbDap2Process: setParam(vbsg = #1[0])
01-17 09:25:19.590   627  3892 D DlbDap2Process: setParam(dvli = #1[-320])
01-17 09:25:19.591   627  3892 D DlbDap2Process: setParam(dhfm = #1[2])
01-17 09:25:19.591   627  3892 D DlbDap2Process: setParam(vbon = #1[0])
01-17 09:25:19.591   627  3892 D DlbDap2Process: setParam(beon = #1[0])
01-17 09:25:19.591   627  3892 D DlbDap2Process: setParam(aoon = #1[1])
01-17 09:25:19.591   627  3892 D DlbDap2Process: setParam(aron = #1[1])
01-17 09:25:19.591   627  3892 D DlbDap2Process: setParam(dvlo = #1[-320])
01-17 09:25:19.591   627  3892 D DlbDap2Process: setParam(artp = #1[12])
01-17 09:25:19.591   627  3892 D DlbDap2Process: setParam(aobs = #222[20, 10, 47, 141, 234, 328, 469, 656, 844, 1031, 1313, 1688, 2250, 3000, 3750, 4688, 5813, 7125, 9000, 11250, 13875, 19688, 0, 0, 0, 0, 0, 0, 0, 0, 0, 0, 0, 0, 0, 0, 0, 0, 0, 0, 0, 0, 0, 0, 0, 0, 0, 0, 0, 0, 0, 0, 0, 0, 0, 0, 0, 0, 0, 0, 0, 0, 0, 0, 0, 0, 0, 0, 0, 0, 0, 0, 0, 0, 0, 0, 0, 0, 0, 0, 0, 0, 0, 0, 0, 0, 0, 0, 0, 0, 0, 0, 0, 0, 0, 0, 0, 0, 0, 0, 0, 0, 0, 0, 0, 0, 0, 0, 0, 0, 0, 0, 0, 0, 0, 0, 0, 0, 0, 0, 0, 0, 0, 0, 0, 0, 0, 0, 0, 0, 0, 0, 0, 0, 0, 0, 0, 0, 0, 0, 0, 0, 0, 0, 0, 0, 0, 0, 0, 0, 0, 0, 0, 0, 0, 0, 0, 0, 0, 0, 0, 0, 0, 0, 0, 0, 0, 0, 0, 0, 0, 0, 0, 0, 0, 0, 0, 0, 0, 0, 0, 0, 0, 0, 0, 0, 0, 0, 0, 0, 0, 0, 0, 0, 0, 0, 0, 0, 0, 0, 0, 0, 0, 0, 0, 0, 0, 0, 0, 0, 0, 0, 0, 0, 0, 0, 0, 0, 0, 0, 0, 0])
01-17 09:25:19.591   627  3892 D DlbDap2Process: setParam(arbs = #81[20, 47, 141, 234, 328, 469, 656, 844, 1031, 1313, 1688, 2250, 3000, 3750, 4688, 5813, 7125, 9000, 11250, 13875, 19688, -192, -192, -192, -192, -192, -192, -192, -192, -192, -192, -192, -192, -192, -192, -192, -192, -192, -192, -192, -192, 0, 0, 0, 0, 0, 0, 0, 0, 0, 0, 0, 0, 0, 0, 0, 0, 0, 0, 0, 0, 0, 0, 0, 0, 0, 0, 0, 0, 0, 0, 0, 0, 0, 0, 0, 0, 0, 0, 0, 0])
01-17 09:25:19.591   627  3892 D DlbDapEndpointParamCache: doCommit() Committed 32 parameters out of 37.
01-17 09:25:19.591   627  3892 D DlbDap2Process: setMave(mave = 0)
01-17 09:25:19.621 31835 31835 D featureTest: receive broadcast , playing content location :/sdcard/featureTest/2ch_ddp_25fps_ref_level.mp4
01-17 09:25:19.624   710  1419 D NuPlayerDriver: stop(0xe6bcb690)
01-17 09:25:19.624   710  1419 D NuPlayerDriver: notifyListener_l(0xe6bcb690), (8, 0, 0, -1), loop setting(0, 1)
01-17 09:25:19.625   710  1419 D NuPlayerDriver: reset(0xe6bcb690) at state 8
01-17 09:25:19.628   717  5320 I DDP_JOCDecoder: -> ~DDPDecoder
01-17 09:25:19.628   717  5320 I DDP_JOCDecoder: -> stop
01-17 09:25:19.629   645   645 I DMSService: unregisterClient type = 4, uid = e7f0fb60
01-17 09:25:19.642   645   645 D DatabaseHelper: failed to prepare SQL : INSERT INTO profiles VALUES(15
01-17 09:25:19.642   645   645 D DatabaseHelper: ,'custom','user2','user2','off','off')
01-17 09:25:19.642   645   645 D DatabaseHelper: failed to prepare SQL : INSERT INTO profile_endpoints VALUES(57
01-17 09:25:19.642   645   645 D DatabaseHelper: ,'custom','user2','speaker')
01-17 09:25:19.642   645   645 D DatabaseHelper: failed to prepare SQL : INSERT INTO profile_endpoints VALUES(57
01-17 09:25:19.642   645   645 D DatabaseHelper: ,'custom','user2','headphone')
01-17 09:25:19.642   645   645 D DatabaseHelper: failed to prepare SQL : INSERT INTO profile_endpoints VALUES(57
01-17 09:25:19.642   645   645 D DatabaseHelper: ,'custom','user2','passthrough')
01-17 09:25:19.642   645   645 D DatabaseHelper: failed to prepare SQL : INSERT INTO profile_endpoints VALUES(57
01-17 09:25:19.642   645   645 D DatabaseHelper: ,'custom','user2','other')
01-17 09:25:19.643   645   645 D DatabaseHelper: failed to prepare SQL : INSERT INTO profile_ports VALUES(85
01-17 09:25:19.643   645   645 D DatabaseHelper: ,'custom','user2','internal_speaker')
01-17 09:25:19.643   645   645 D DatabaseHelper: failed to prepare SQL : INSERT INTO profile_ports VALUES(85
01-17 09:25:19.643   645   645 D DatabaseHelper: ,'custom','user2','hdmi')
01-17 09:25:19.643   645   645 D DatabaseHelper: failed to prepare SQL : INSERT INTO profile_ports VALUES(85
01-17 09:25:19.643   645   645 D DatabaseHelper: ,'custom','user2','miracast')
01-17 09:25:19.643   645   645 D DatabaseHelper: failed to prepare SQL : INSERT INTO profile_ports VALUES(85
01-17 09:25:19.643   645   645 D DatabaseHelper: ,'custom','user2','headphone_port')
01-17 09:25:19.643   645   645 D DatabaseHelper: failed to prepare SQL : INSERT INTO profile_ports VALUES(85
01-17 09:25:19.643   645   645 D DatabaseHelper: ,'custom','user2','bluetooth')
01-17 09:25:19.643   645   645 D DatabaseHelper: failed to prepare SQL : INSERT INTO profile_ports VALUES(85
01-17 09:25:19.643   645   645 D DatabaseHelper: ,'custom','user2','usb')
01-17 09:25:19.643   645   645 D DatabaseHelper: failed to prepare SQL : INSERT INTO geq_presets VALUES(57
01-17 09:25:19.643   645   645 D DatabaseHelper: ,'custom','off','user2')
01-17 09:25:19.643   645   645 D DatabaseHelper: failed to prepare SQL : INSERT INTO geq_presets VALUES(57
01-17 09:25:19.643   645   645 D DatabaseHelper: ,'custom','open','user2')
01-17 09:25:19.643   645   645 D DatabaseHelper: failed to prepare SQL : INSERT INTO geq_presets VALUES(57
01-17 09:25:19.643   645   645 D DatabaseHelper: ,'custom','rich','user2')
01-17 09:25:19.643   645   645 D DatabaseHelper: failed to prepare SQL : INSERT INTO geq_presets VALUES(57
01-17 09:25:19.643   645   645 D DatabaseHelper: ,'custom','focused','user2')
01-17 09:25:19.655   717  5320 I DDP_JOCDecoder: <- stop
01-17 09:25:19.655   717  5320 I ARenderer: ~ARenderer
01-17 09:25:19.655   717  5320 I evo_parser: evo_parser_close
01-17 09:25:19.655   717  5320 I DlbDap2QmfProcess: ~Dap2Process()
01-17 09:25:19.655   717  5320 I DlbDap2QmfProcess: close()
01-17 09:25:19.655   717  5320 I DDP_JOCDecoder: <- ~DDPDecoder
01-17 09:25:19.656   627  3892 D DlbDapCrossfadeProcess: process transitioning from FADE_TO_BYPASS state to DAP_BYPASSED
01-17 09:25:19.660   710 31861 D NuPlayerDriver: notifyResetComplete(0xe6bcb690)
01-17 09:25:19.660   710  1422 D NuPlayerDriver: reset(0xe6bcb690) at state 0
01-17 09:25:19.662 31835 31835 V MediaPlayer: resetDrmState:  mDrmInfo=null mDrmProvisioningThread=null mPrepareDrmInProgress=false mActiveDrmScheme=false
01-17 09:25:19.662 31835 31835 V MediaPlayer: cleanDrmObj: mDrmObj=null mDrmSessionId=null
01-17 09:25:19.663 31835 31835 V MediaPlayer: resetDrmState:  mDrmInfo=null mDrmProvisioningThread=null mPrepareDrmInProgress=false mActiveDrmScheme=false
01-17 09:25:19.663 31835 31835 V MediaPlayer: cleanDrmObj: mDrmObj=null mDrmSessionId=null
01-17 09:25:19.666 31835 31835 D featureTest: mMediaPlayer.getAudioSessionId(): 5897
01-17 09:25:19.666 31835 31835 D featureTest: Playing file: /sdcard/featureTest/2ch_ddp_25fps_ref_level.mp4
01-17 09:25:19.666   710  1422 D NuPlayerDriver: NuPlayerDriver(0xe6bcb540) created, clientPid(31835)
01-17 09:25:19.669 31835 31835 W MediaPlayer: Use of stream types is deprecated for operations other than volume control
01-17 09:25:19.669 31835 31835 W MediaPlayer: See the documentation of setAudioStreamType() for what to use instead with android.media.AudioAttributes to qualify your playback use case
01-17 09:25:19.670 31885 31885 W generic : type=1400 audit(0.0:488): avc: denied { read } for path="/storage/emulated/0/featuretest/2ch_ddp_25fps_ref_level.mp4" dev="sdcardfs" ino=1310759 scontext=u:r:mediaextractor:s0 tcontext=u:object_r:sdcardfs:s0 tclass=file permissive=0
01-17 09:25:19.671   710 31885 D GenericSource: FileSource remote
01-17 09:25:19.671   710 31885 W GenericSource: extractor service cannot make data source
01-17 09:25:19.671   710 31885 D GenericSource: FileSource local
01-17 09:25:19.688   710 31884 D NuPlayerDriver: notifyListener_l(0xe6bcb540), (5, 1280, 720, -1), loop setting(0, 0)
01-17 09:25:19.688   700  1393 D MediaBufferGroup: creating MemoryDealer
01-17 09:25:19.689   710 31884 D NuPlayerDriver: notifyListener_l(0xe6bcb540), (1, 0, 0, -1), loop setting(0, 0)
01-17 09:25:19.695   710  1422 D NuPlayerDriver: start(0xe6bcb540), state is 4, eos is 0
01-17 09:25:19.695   710 31884 I GenericSource: start
01-17 09:25:19.699 31835 31835 W DolbyAudioEffect: WARNING: attaching a DolbyAudioEffect to global output mix is deprecated!
01-17 09:25:19.707 31835 31835 D featureTest: receive broadcast , change ds status :1
01-17 09:25:19.708   710 31890 I OMXClient: Treble IOmx obtained
01-17 09:25:19.709   717  5320 I OMXMaster: makeComponentInstance(OMX.dolby.eac3.decoder) in omx@1.0-service process
01-17 09:25:19.717   627  3892 I DlbEffectContext: setContentProcEnabled() Enabling content processing in global effect
01-17 09:25:19.718   627  3892 D DlbDapEndpointParamCache: commitChangedParams()
01-17 09:25:19.718   627  3892 D DlbDapEndpointParamCache: commit() Applying parameters for device 0x40000000
01-17 09:25:19.718   627  3892 D DlbDap2Process: setParam(iea = #1[10])
01-17 09:25:19.718   627  3892 D DlbDap2Process: setParam(msce = #1[0])
01-17 09:25:19.718   627  3892 D DlbDap2Process: setParam(mdee = #1[0])
01-17 09:25:19.718   627  3892 D DlbDap2Process: setParam(miee = #1[0])
01-17 09:25:19.718   627  3892 D DlbDap2Process: setParam(mdle = #1[0])
01-17 09:25:19.718   627  3892 D DlbDap2Process: setParam(dvle = #1[1])
01-17 09:25:19.718   627  3892 D DlbDap2Process: setParam(mave = #1[0])
01-17 09:25:19.718   627  3892 D DlbDap2Process: setParam(vcbf = #20[47, 141, 234, 328, 469, 656, 844, 1031, 1313, 1688, 2250, 3000, 3750, 4688, 5813, 7125, 9000, 11250, 13875, 19688])
01-17 09:25:19.718   627  3892 D DlbDap2Process: setParam(vbon = #1[0])
01-17 09:25:19.718   627  3892 D DlbDap2Process: setParam(beon = #1[0])
01-17 09:25:19.718   627  3892 D DlbDap2Process: setParam(geon = #1[0])
01-17 09:25:19.718   627  3892 D DlbDap2Process: setParam(ieon = #1[1])
01-17 09:25:19.718   627  3892 D DlbDap2Process: setParam(gebs = #41[20, 47, 141, 234, 328, 469, 656, 844, 1031, 1313, 1688, 2250, 3000, 3750, 4688, 5813, 7125, 9000, 11250, 13875, 19688, 0, 0, 0, 0, 0, 0, 0, 0, 0, 0, 0, 0, 0, 0, 0, 0, 0, 0, 0, 0])
01-17 09:25:19.718   627  3892 D DlbDap2Process: setParam(iebs = #41[20, 65, 136, 223, 332, 467, 634, 841, 1098, 1416, 1812, 2302, 2909, 3663, 4598, 5756, 7194, 8976, 11186, 13927, 17326, 117, 133, 188, 176, 141, 149, 175, 185, 185, 200, 236, 242, 228, 213, 182, 132, 110, 68, -27, -240])
01-17 09:25:19.718   627  3892 D DlbDapEndpointParamCache: doCommit() Committed 15 parameters out of 16.
01-17 09:25:19.719   627  3892 D DlbDapEndpointParamCache: commit() Overriding parameters for current device 0x00000002
01-17 09:25:19.719   627  3892 D DlbDap2Process: setParam(dea = #1[7])
01-17 09:25:19.719   627  3892 D DlbDap2Process: setParam(dsa = #1[10])
01-17 09:25:19.719   627  3892 D DlbDap2Process: setParam(beb = #1[192])
01-17 09:25:19.719   627  3892 D DlbDap2Process: setParam(plb = #1[0])
01-17 09:25:19.719   627  3892 D DlbDap2Process: setParam(vmb = #1[144])
01-17 09:25:19.719   627  3892 D DlbDap2Process: setParam(dsb = #1[0])
01-17 09:25:19.719   627  3892 D DlbDap2Process: setParam(ded = #1[0])
01-17 09:25:19.719   627  3892 D DlbDap2Process: setParam(vbm = #1[3])
01-17 09:25:19.719   627  3892 D DlbDap2Process: setParam(dom = #1[0])
01-17 09:25:19.719   627  3892 D DlbDap2Process: setParam(bew = #1[16])
01-17 09:25:19.719   627  3892 D DlbDap2Process: setParam(dvla = #1[4])
01-17 09:25:19.719   627  3892 D DlbDap2Process: setParam(arra = #1[96])
01-17 09:25:19.719   627  3892 D DlbDap2Process: setParam(dfsa = #1[10])
01-17 09:25:19.719   627  3892 D DlbDap2Process: setParam(dhsa = #1[10])
01-17 09:25:19.719   627  3892 D DlbDap2Process: setParam(dvmc = #1[0])
01-17 09:25:19.719   627  3892 D DlbDap2Process: setParam(arod = #1[0])
01-17 09:25:19.719   627  3892 D DlbDap2Process: setParam(arde = #1[1])
01-17 09:25:19.719   627  3892 D DlbDap2Process: setParam(dvle = #1[1])
01-17 09:25:19.719   627  3892 D DlbDap2Process: setParam(dvme = #1[0])
01-17 09:25:19.719   627  3892 D DlbDap2Process: setParam(becf = #1[200])
01-17 09:25:19.719   627  3892 D DlbDap2Process: setParam(vbmf = #2[94, 469])
01-17 09:25:19.719   627  3892 D DlbDap2Process: setParam(vbsf = #2[35, 160])
01-17 09:25:19.719   627  3892 D DlbDap2Process: setParam(vbhg = #3[-32, -144, -192])
01-17 09:25:19.719   627  3892 D DlbDap2Process: setParam(vbog = #1[0])
01-17 09:25:19.719   627  3892 D DlbDap2Process: setParam(vbsg = #1[0])
01-17 09:25:19.719   627  3892 D DlbDap2Process: setParam(dvli = #1[-320])
01-17 09:25:19.719   627  3892 D DlbDap2Process: setParam(dhfm = #1[2])
01-17 09:25:19.719   627  3892 D DlbDap2Process: setParam(vbon = #1[0])
01-17 09:25:19.719   627  3892 D DlbDap2Process: setParam(beon = #1[0])
01-17 09:25:19.720   627  3892 D DlbDap2Process: setParam(deon = #1[0])
01-17 09:25:19.720   627  3892 D DlbDap2Process: setParam(ngon = #1[1])
01-17 09:25:19.720   627  3892 D DlbDap2Process: setParam(aoon = #1[1])
01-17 09:25:19.720   627  3892 D DlbDap2Process: setParam(aron = #1[1])
01-17 09:25:19.720   627  3892 D DlbDap2Process: setParam(dvlo = #1[-320])
01-17 09:25:19.720   627  3892 D DlbDap2Process: setParam(artp = #1[12])
01-17 09:25:19.720   627  3892 D DlbDap2Process: setParam(aobs = #222[20, 10, 47, 141, 234, 328, 469, 656, 844, 1031, 1313, 1688, 2250, 3000, 3750, 4688, 5813, 7125, 9000, 11250, 13875, 19688, 0, 0, 0, 0, 0, 0, 0, 0, 0, 0, 0, 0, 0, 0, 0, 0, 0, 0, 0, 0, 0, 0, 0, 0, 0, 0, 0, 0, 0, 0, 0, 0, 0, 0, 0, 0, 0, 0, 0, 0, 0, 0, 0, 0, 0, 0, 0, 0, 0, 0, 0, 0, 0, 0, 0, 0, 0, 0, 0, 0, 0, 0, 0, 0, 0, 0, 0, 0, 0, 0, 0, 0, 0, 0, 0, 0, 0, 0, 0, 0, 0, 0, 0, 0, 0, 0, 0, 0, 0, 0, 0, 0, 0, 0, 0, 0, 0, 0, 0, 0, 0, 0, 0, 0, 0, 0, 0, 0, 0, 0, 0, 0, 0, 0, 0, 0, 0, 0, 0, 0, 0, 0, 0, 0, 0, 0, 0, 0, 0, 0, 0, 0, 0, 0, 0, 0, 0, 0, 0, 0, 0, 0, 0, 0, 0, 0, 0, 0, 0, 0, 0, 0, 0, 0, 0, 0, 0, 0, 0, 0, 0, 0, 0, 0, 0, 0, 0, 0, 0, 0, 0, 0, 0, 0, 0, 0, 0, 0, 0, 0, 0, 0, 0, 0, 0, 0, 0, 0, 0, 0, 0, 0, 0, 0, 0, 0, 0, 0, 0, 0])
