01-17 09:22:09.077   710  1419 D NuPlayerDriver: reset(0xe6bcba80) at state 5
01-17 09:22:09.079   710  1419 D NuPlayerDriver: notifyListener_l(0xe6bcba80), (8, 0, 0, -1), loop setting(0, 1)
01-17 09:22:09.080   684  7227 D AudioFlinger: trackStateChanged() Track id 731 state changed to 6
01-17 09:22:09.084   717  5320 I DDP_JOCDecoder: -> ~DDPDecoder
01-17 09:22:09.084   717  5320 I DDP_JOCDecoder: -> stop
01-17 09:22:09.085   645   645 I DMSService: unregisterClient type = 4, uid = e7f0fb20
01-17 09:22:09.144   717  5320 I DDP_JOCDecoder: <- stop
01-17 09:22:09.144   717  5320 I ARenderer: ~ARenderer
01-17 09:22:09.144   717  5320 I evo_parser: evo_parser_close
01-17 09:22:09.144   717  5320 I DlbDap2QmfProcess: ~Dap2Process()
01-17 09:22:09.145   717  5320 I DlbDap2QmfProcess: close()
01-17 09:22:09.145   717  5320 I DDP_JOCDecoder: <- ~DDPDecoder
01-17 09:22:09.152   710 30087 D NuPlayerDriver: notifyResetComplete(0xe6bcba80)
01-17 09:22:09.154   710  1419 D AudioTrack: stop() called with 0 frames delivered
01-17 09:22:09.155   627  3892 I DlbEffectContext: setContentProcEnabled() Enabling content processing in global effect
01-17 09:22:09.155   627  3892 D DlbDapEndpointParamCache: commitChangedParams()
01-17 09:22:09.155   627  3892 D DlbDapEndpointParamCache: commit() Applying parameters for device 0x40000000
01-17 09:22:09.155   627  3892 D DlbDap2Process: setParam(iea = #1[10])
01-17 09:22:09.155   627  3892 D DlbDap2Process: setParam(msce = #1[1])
01-17 09:22:09.155   627  3892 D DlbDap2Process: setParam(mdee = #1[1])
01-17 09:22:09.155   627  3892 D DlbDap2Process: setParam(miee = #1[1])
01-17 09:22:09.155   627  3892 D DlbDap2Process: setParam(mdle = #1[1])
01-17 09:22:09.155   627  3892 D DlbDap2Process: setParam(dvle = #1[1])
01-17 09:22:09.155   627  3892 D DlbDap2Process: setParam(mave = #1[1])
01-17 09:22:09.155   627  3892 D DlbDap2Process: setParam(vcbf = #20[47, 141, 234, 328, 469, 656, 844, 1031, 1313, 1688, 2250, 3000, 3750, 4688, 5813, 7125, 9000, 11250, 13875, 19688])
01-17 09:22:09.155   627  3892 D DlbDap2Process: setParam(vbon = #1[0])
01-17 09:22:09.155   627  3892 D DlbDap2Process: setParam(beon = #1[0])
01-17 09:22:09.155   627  3892 D DlbDap2Process: setParam(geon = #1[0])
01-17 09:22:09.155   627  3892 D DlbDap2Process: setParam(ieon = #1[1])
01-17 09:22:09.155   627  3892 D DlbDap2Process: setParam(gebs = #41[20, 47, 141, 234, 328, 469, 656, 844, 1031, 1313, 1688, 2250, 3000, 3750, 4688, 5813, 7125, 9000, 11250, 13875, 19688, 0, 0, 0, 0, 0, 0, 0, 0, 0, 0, 0, 0, 0, 0, 0, 0, 0, 0, 0, 0])
01-17 09:22:09.156   627  3892 D DlbDap2Process: setParam(iebs = #41[20, 65, 136, 223, 332, 467, 634, 841, 1098, 1416, 1812, 2302, 2909, 3663, 4598, 5756, 7194, 8976, 11186, 13927, 17326, 117, 133, 188, 176, 141, 149, 175, 185, 185, 200, 236, 242, 228, 213, 182, 132, 110, 68, -27, -240])
01-17 09:22:09.156   627  3892 D DlbDapEndpointParamCache: doCommit() Committed 15 parameters out of 16.
01-17 09:22:09.156   627  3892 D DlbDapEndpointParamCache: commit() Overriding parameters for current device 0x00000002
01-17 09:22:09.156   627  3892 D DlbDap2Process: setParam(dea = #1[12])
01-17 09:22:09.156   627  3892 D DlbDap2Process: setParam(dsa = #1[10])
01-17 09:22:09.156   627  3892 D DlbDap2Process: setParam(beb = #1[192])
01-17 09:22:09.156   627  3892 D DlbDap2Process: setParam(plb = #1[0])
01-17 09:22:09.156   627  3892 D DlbDap2Process: setParam(vmb = #1[144])
01-17 09:22:09.156   627  3892 D DlbDap2Process: setParam(dsb = #1[96])
01-17 09:22:09.156   627  3892 D DlbDap2Process: setParam(ded = #1[0])
01-17 09:22:09.156   627  3892 D DlbDap2Process: setParam(vbm = #1[3])
01-17 09:22:09.156   627  3892 D DlbDap2Process: setParam(dom = #1[0])
01-17 09:22:09.156   627  3892 D DlbDap2Process: setParam(bew = #1[16])
01-17 09:22:09.156   627  3892 D DlbDap2Process: setParam(dvla = #1[7])
01-17 09:22:09.156   627  3892 D DlbDap2Process: setParam(arra = #1[96])
01-17 09:22:09.156   627  3892 D DlbDap2Process: setParam(dfsa = #1[10])
01-17 09:22:09.156   627  3892 D DlbDap2Process: setParam(dhsa = #1[10])
01-17 09:22:09.156   627  3892 D DlbDap2Process: setParam(dvmc = #1[0])
01-17 09:22:09.156   627  3892 D DlbDap2Process: setParam(arod = #1[0])
01-17 09:22:09.156   627  3892 D DlbDap2Process: setParam(arde = #1[1])
01-17 09:22:09.156   627  3892 D DlbDap2Process: setParam(dvle = #1[1])
01-17 09:22:09.156   627  3892 D DlbDap2Process: setParam(dvme = #1[0])
01-17 09:22:09.156   627  3892 D DlbDap2Process: setParam(becf = #1[200])
01-17 09:22:09.156   627  3892 D DlbDap2Process: setParam(vbmf = #2[94, 469])
01-17 09:22:09.156   627  3892 D DlbDap2Process: setParam(vbsf = #2[35, 160])
01-17 09:22:09.156   627  3892 D DlbDap2Process: setParam(vbhg = #3[-32, -144, -192])
01-17 09:22:09.156   627  3892 D DlbDap2Process: setParam(vbog = #1[0])
01-17 09:22:09.156   627  3892 D DlbDap2Process: setParam(vbsg = #1[0])
01-17 09:22:09.156   627  3892 D DlbDap2Process: setParam(dvli = #1[-320])
01-17 09:22:09.156   627  3892 D DlbDap2Process: setParam(dhfm = #1[2])
01-17 09:22:09.156   627  3892 D DlbDap2Process: setParam(vbon = #1[0])
01-17 09:22:09.156   627  3892 D DlbDap2Process: setParam(beon = #1[0])
01-17 09:22:09.156   627  3892 D DlbDap2Process: setParam(deon = #1[1])
01-17 09:22:09.156   627  3892 D DlbDap2Process: setParam(ngon = #1[1])
01-17 09:22:09.156   627  3892 D DlbDap2Process: setParam(aoon = #1[1])
01-17 09:22:09.156   627  3892 D DlbDap2Process: setParam(aron = #1[1])
01-17 09:22:09.156   627  3892 D DlbDap2Process: setParam(dvlo = #1[-320])
01-17 09:22:09.156   627  3892 D DlbDap2Process: setParam(artp = #1[12])
01-17 09:22:09.157   627  3892 D DlbDap2Process: setParam(aobs = #222[20, 10, 47, 141, 234, 328, 469, 656, 844, 1031, 1313, 1688, 2250, 3000, 3750, 4688, 5813, 7125, 9000, 11250, 13875, 19688, 0, 0, 0, 0, 0, 0, 0, 0, 0, 0, 0, 0, 0, 0, 0, 0, 0, 0, 0, 0, 0, 0, 0, 0, 0, 0, 0, 0, 0, 0, 0, 0, 0, 0, 0, 0, 0, 0, 0, 0, 0, 0, 0, 0, 0, 0, 0, 0, 0, 0, 0, 0, 0, 0, 0, 0, 0, 0, 0, 0, 0, 0, 0, 0, 0, 0, 0, 0, 0, 0, 0, 0, 0, 0, 0, 0, 0, 0, 0, 0, 0, 0, 0, 0, 0, 0, 0, 0, 0, 0, 0, 0, 0, 0, 0, 0, 0, 0, 0, 0, 0, 0, 0, 0, 0, 0, 0, 0, 0, 0, 0, 0, 0, 0, 0, 0, 0, 0, 0, 0, 0, 0, 0, 0, 0, 0, 0, 0, 0, 0, 0, 0, 0, 0, 0, 0, 0, 0, 0, 0, 0, 0, 0, 0, 0, 0, 0, 0, 0, 0, 0, 0, 0, 0, 0, 0, 0, 0, 0, 0, 0, 0, 0, 0, 0, 0, 0, 0, 0, 0, 0, 0, 0, 0, 0, 0, 0, 0, 0, 0, 0, 0, 0, 0, 0, 0, 0, 0, 0, 0, 0, 0, 0, 0, 0, 0, 0, 0, 0, 0])
01-17 09:22:09.157   627  3892 D DlbDap2Process: setParam(arbs = #81[20, 47, 141, 234, 328, 469, 656, 844, 1031, 1313, 1688, 2250, 3000, 3750, 4688, 5813, 7125, 9000, 11250, 13875, 19688, -192, -192, -192, -192, -192, -192, -192, -192, -192, -192, -192, -192, -192, -192, -192, -192, -192, -192, -192, -192, 0, 0, 0, 0, 0, 0, 0, 0, 0, 0, 0, 0, 0, 0, 0, 0, 0, 0, 0, 0, 0, 0, 0, 0, 0, 0, 0, 0, 0, 0, 0, 0, 0, 0, 0, 0, 0, 0, 0, 0])
01-17 09:22:09.157   627  3892 D DlbDapEndpointParamCache: doCommit() Committed 37 parameters out of 37.
01-17 09:22:09.157   627  3892 D DlbDap2Process: setMave(mave = 1)
01-17 09:22:09.213   684  1061 D AudioFlinger: trackStateChanged() Track id 731 state changed to 2
01-17 09:22:09.213   684  1061 I AudioFlinger: updateProcessedAudioState() Changing content processing in effect to 0
01-17 09:22:09.213   627  4939 D DlbDlbEffect: handle_EFFECT_CMD_SET_PARAM()
01-17 09:22:09.234   684  1061 D AudioFlinger: trackDestroyed() Track id 731 no longer contains processed audio
01-17 09:22:09.237   684   928 W AudioFlinger::EffectModule: EffectModule 0xed0e1f00 destructor called with unreleased interface
01-17 09:22:09.238   684   928 W AudioFlinger::EffectHandle: disconnect Effect handle 0xee163180 disconnected after thread destruction
01-17 09:22:09.238   627   627 D DlbDlbEffect: handle_EFFECT_CMD_DISABLE()
01-17 09:22:09.238   627   627 D DlbDapCrossfadeProcess: setEnabled transitioning from DAP_ACTIVE state to FADE_TO_BYPASS
01-17 09:22:09.240   627   627 D DlbDlbEffect: handle_EFFECT_CMD_SET_CONFIG()
01-17 09:22:09.240   627   627 D DlbDapEndpointParamCache: setDevice(device=0x00000002)
01-17 09:22:09.240   645   645 D DMSService: setActiveDevice called with device = 0x2
01-17 09:22:09.241   627   627 D DlbDlbEffect: handle_EFFECT_CMD_ENABLE()
01-17 09:22:09.241   627   627 D DlbDapCrossfadeProcess: setEnabled transitioning from FADE_TO_BYPASS state to FADE_TO_ACTIVE
01-17 09:22:09.353 30144 30144 D featureTest: onCreate
01-17 09:22:09.358 30144 30144 D AudioTrack: Client defaulted notificationFrames to 962 for frameCount 1924
01-17 09:22:09.360 30144 30144 W AudioTrack: Use of stream types is deprecated for operations other than volume control
01-17 09:22:09.360 30144 30144 W AudioTrack: See the documentation of AudioTrack() for what to use instead with android.media.AudioAttributes to qualify your playback use case
01-17 09:22:09.373 30144 30144 D featureTest: onResume
01-17 09:22:10.234 30144 30144 D featureTest: receive broadcast , playing content location :/sdcard/featureTest/2ch_channel_id.wav
01-17 09:22:10.245 30144 30144 D featureTest: mMediaPlayer.getAudioSessionId(): 5465
01-17 09:22:10.246 30144 30144 D featureTest: Playing file: /sdcard/featureTest/2ch_channel_id.wav
01-17 09:22:10.248   710  1419 D NuPlayerDriver: NuPlayerDriver(0xe6bcba80) created, clientPid(30144)
01-17 09:22:10.272   710 30170 D NuPlayerDriver: notifyListener_l(0xe6bcba80), (1, 0, 0, -1), loop setting(0, 0)
01-17 09:22:10.284   710  1419 D NuPlayerDriver: start(0xe6bcba80), state is 4, eos is 0
01-17 09:22:10.293   717  5320 I OMXMaster: makeComponentInstance(OMX.google.raw.decoder) in omx@1.0-service process
01-17 09:22:10.297   710 30178 I ACodec  : codec does not support config priority (err -2147483648)
01-17 09:22:10.297   710 30178 I MediaCodec: MediaCodec will operate in async mode
01-17 09:22:10.303 30144 30144 D featureTest: receive broadcast , change ds status :1
01-17 09:22:10.308   710 30176 D AudioTrack: Client defaulted notificationFrames to 12000 for frameCount 24000
01-17 09:22:10.315   627  3512 D DlbDlbEffect: handle_EFFECT_CMD_DISABLE()
01-17 09:22:10.315   627  3512 D DlbDapCrossfadeProcess: setEnabled transitioning from FADE_TO_ACTIVE state to FADE_TO_BYPASS
01-17 09:22:10.317   627  3512 D DlbDlbEffect: handle_EFFECT_CMD_SET_CONFIG()
01-17 09:22:10.318   627   627 D DlbDlbEffect: handle_EFFECT_CMD_SET_PARAM()
01-17 09:22:10.318   627   627 D DlbDapEndpointParamCache: setDevice(device=0x00000002)
01-17 09:22:10.318   645   645 D DMSService: setActiveDevice called with device = 0x2
01-17 09:22:10.319   627  4939 D DlbDlbEffect: handle_EFFECT_CMD_ENABLE()
01-17 09:22:10.319   627  4939 D DlbDapCrossfadeProcess: setEnabled transitioning from FADE_TO_BYPASS state to FADE_TO_ACTIVE
01-17 09:22:10.319   684  3974 W AudioFlinger: moveDolbyEffect() effect chain for session 0 not on source thread 0xee0ae580
01-17 09:22:10.320   710 30170 D NuPlayerDriver: notifyListener_l(0xe6bcba80), (6, 0, 0, -1), loop setting(0, 1)
01-17 09:22:10.336   627  3892 D DlbDapCrossfadeProcess: process transitioning from FADE_TO_ACTIVE state to DAP_ACTIVE
01-17 09:22:10.366 30144 30144 D featureTest: receive broadcast , change ds profile id :0
01-17 09:22:10.375   627   627 D DlbDlbEffect: handle_EFFECT_CMD_SET_PARAM()
01-17 09:22:10.424 30144 30144 D featureTest: receive broadcast , record log :0
01-17 09:22:12.016   627  3892 D DlbDap2Process: process() called [467000] times
01-17 09:22:14.664   627  3892 D DlbDap2Process: process() called [467500] times
01-17 09:22:15.550 30144 30144 D featureTest: receive broadcast , change volume leveler :0
01-17 09:22:15.566   627   627 D DlbDlbEffect: handle_EFFECT_CMD_SET_PARAM()
01-17 09:22:15.575   627  3892 D DlbDapEndpointParamCache: commitChangedParams()
01-17 09:22:15.575   627  3892 D DlbDapEndpointParamCache: commit() Applying parameters for device 0x40000000
01-17 09:22:15.575   627  3892 D DlbDap2Process: setParam(iea = #1[10])
01-17 09:22:15.575   627  3892 D DlbDap2Process: setParam(msce = #1[1])
01-17 09:22:15.575   627  3892 D DlbDap2Process: setParam(mdee = #1[1])
01-17 09:22:15.575   627  3892 D DlbDap2Process: setParam(miee = #1[1])
01-17 09:22:15.575   627  3892 D DlbDap2Process: setParam(mdle = #1[1])
01-17 09:22:15.575   627  3892 D DlbDap2Process: setParam(dvle = #1[0])
01-17 09:22:15.575   627  3892 D DlbDap2Process: setParam(mave = #1[1])
01-17 09:22:15.575   627  3892 D DlbDap2Process: setParam(vcbf = #20[47, 141, 234, 328, 469, 656, 844, 1031, 1313, 1688, 2250, 3000, 3750, 4688, 5813, 7125, 9000, 11250, 13875, 19688])
01-17 09:22:15.575   627  3892 D DlbDap2Process: setParam(vbon = #1[0])
01-17 09:22:15.575   627  3892 D DlbDap2Process: setParam(beon = #1[0])
01-17 09:22:15.576   627  3892 D DlbDap2Process: setParam(geon = #1[0])
01-17 09:22:15.576   627  3892 D DlbDap2Process: setParam(ieon = #1[1])
01-17 09:22:15.576   627  3892 D DlbDap2Process: setParam(gebs = #41[20, 47, 141, 234, 328, 469, 656, 844, 1031, 1313, 1688, 2250, 3000, 3750, 4688, 5813, 7125, 9000, 11250, 13875, 19688, 0, 0, 0, 0, 0, 0, 0, 0, 0, 0, 0, 0, 0, 0, 0, 0, 0, 0, 0, 0])
01-17 09:22:15.576   627  3892 D DlbDap2Process: setParam(iebs = #41[20, 65, 136, 223, 332, 467, 634, 841, 1098, 1416, 1812, 2302, 2909, 3663, 4598, 5756, 7194, 8976, 11186, 13927, 17326, 117, 133, 188, 176, 141, 149, 175, 185, 185, 200, 236, 242, 228, 213, 182, 132, 110, 68, -27, -240])
01-17 09:22:15.576   627  3892 D DlbDapEndpointParamCache: doCommit() Committed 15 parameters out of 16.
01-17 09:22:15.576   627  3892 D DlbDapEndpointParamCache: commit() Overriding parameters for current device 0x00000002
01-17 09:22:15.576   627  3892 D DlbDap2Process: setParam(dea = #1[12])
01-17 09:22:15.576   627  3892 D DlbDap2Process: setParam(dsa = #1[10])
01-17 09:22:15.576   627  3892 D DlbDap2Process: setParam(beb = #1[192])
01-17 09:22:15.576   627  3892 D DlbDap2Process: setParam(plb = #1[0])
01-17 09:22:15.576   627  3892 D DlbDap2Process: setParam(vmb = #1[144])
01-17 09:22:15.576   627  3892 D DlbDap2Process: setParam(dsb = #1[96])
01-17 09:22:15.576   627  3892 D DlbDap2Process: setParam(ded = #1[0])
01-17 09:22:15.576   627  3892 D DlbDap2Process: setParam(vbm = #1[3])
01-17 09:22:15.576   627  3892 D DlbDap2Process: setParam(dom = #1[0])
01-17 09:22:15.576   627  3892 D DlbDap2Process: setParam(bew = #1[16])
01-17 09:22:15.576   627  3892 D DlbDap2Process: setParam(dvla = #1[7])
01-17 09:22:15.576   627  3892 D DlbDap2Process: setParam(arra = #1[96])
01-17 09:22:15.576   627  3892 D DlbDap2Process: setParam(dfsa = #1[10])
01-17 09:22:15.576   627  3892 D DlbDap2Process: setParam(dhsa = #1[10])
01-17 09:22:15.576   627  3892 D DlbDap2Process: setParam(dvmc = #1[0])
01-17 09:22:15.576   627  3892 D DlbDap2Process: setParam(arod = #1[0])
01-17 09:22:15.576   627  3892 D DlbDap2Process: setParam(arde = #1[1])
01-17 09:22:15.576   627  3892 D DlbDap2Process: setParam(dvle = #1[0])
01-17 09:22:15.576   627  3892 D DlbDap2Process: setParam(dvme = #1[0])
01-17 09:22:15.576   627  3892 D DlbDap2Process: setParam(becf = #1[200])
01-17 09:22:15.576   627  3892 D DlbDap2Process: setParam(vbmf = #2[94, 469])
01-17 09:22:15.576   627  3892 D DlbDap2Process: setParam(vbsf = #2[35, 160])
01-17 09:22:15.577   627  3892 D DlbDap2Process: setParam(vbhg = #3[-32, -144, -192])
01-17 09:22:15.577   627  3892 D DlbDap2Process: setParam(vbog = #1[0])
01-17 09:22:15.577   627  3892 D DlbDap2Process: setParam(vbsg = #1[0])
01-17 09:22:15.577   627  3892 D DlbDap2Process: setParam(dvli = #1[-320])
01-17 09:22:15.577   627  3892 D DlbDap2Process: setParam(dhfm = #1[2])
01-17 09:22:15.577   627  3892 D DlbDap2Process: setParam(vbon = #1[0])
01-17 09:22:15.577   627  3892 D DlbDap2Process: setParam(beon = #1[0])
01-17 09:22:15.577   627  3892 D DlbDap2Process: setParam(deon = #1[1])
01-17 09:22:15.577   627  3892 D DlbDap2Process: setParam(ngon = #1[1])
01-17 09:22:15.577   627  3892 D DlbDap2Process: setParam(aoon = #1[1])
01-17 09:22:15.577   627  3892 D DlbDap2Process: setParam(aron = #1[1])
01-17 09:22:15.577   627  3892 D DlbDap2Process: setParam(dvlo = #1[-320])
01-17 09:22:15.577   627  3892 D DlbDap2Process: setParam(artp = #1[12])
01-17 09:22:15.577   627  3892 D DlbDap2Process: setParam(aobs = #222[20, 10, 47, 141, 234, 328, 469, 656, 844, 1031, 1313, 1688, 2250, 3000, 3750, 4688, 5813, 7125, 9000, 11250, 13875, 19688, 0, 0, 0, 0, 0, 0, 0, 0, 0, 0, 0, 0, 0, 0, 0, 0, 0, 0, 0, 0, 0, 0, 0, 0, 0, 0, 0, 0, 0, 0, 0, 0, 0, 0, 0, 0, 0, 0, 0, 0, 0, 0, 0, 0, 0, 0, 0, 0, 0, 0, 0, 0, 0, 0, 0, 0, 0, 0, 0, 0, 0, 0, 0, 0, 0, 0, 0, 0, 0, 0, 0, 0, 0, 0, 0, 0, 0, 0, 0, 0, 0, 0, 0, 0, 0, 0, 0, 0, 0, 0, 0, 0, 0, 0, 0, 0, 0, 0, 0, 0, 0, 0, 0, 0, 0, 0, 0, 0, 0, 0, 0, 0, 0, 0, 0, 0, 0, 0, 0, 0, 0, 0, 0, 0, 0, 0, 0, 0, 0, 0, 0, 0, 0, 0, 0, 0, 0, 0, 0, 0, 0, 0, 0, 0, 0, 0, 0, 0, 0, 0, 0, 0, 0, 0, 0, 0, 0, 0, 0, 0, 0, 0, 0, 0, 0, 0, 0, 0, 0, 0, 0, 0, 0, 0, 0, 0, 0, 0, 0, 0, 0, 0, 0, 0, 0, 0, 0, 0, 0, 0, 0, 0, 0, 0, 0, 0, 0, 0, 0, 0])
01-17 09:22:15.578   627  3892 D DlbDap2Process: setParam(arbs = #81[20, 47, 141, 234, 328, 469, 656, 844, 1031, 1313, 1688, 2250, 3000, 3750, 4688, 5813, 7125, 9000, 11250, 13875, 19688, -192, -192, -192, -192, -192, -192, -192, -192, -192, -192, -192, -192, -192, -192, -192, -192, -192, -192, -192, -192, 0, 0, 0, 0, 0, 0, 0, 0, 0, 0, 0, 0, 0, 0, 0, 0, 0, 0, 0, 0, 0, 0, 0, 0, 0, 0, 0, 0, 0, 0, 0, 0, 0, 0, 0, 0, 0, 0, 0, 0])
01-17 09:22:15.578   627  3892 D DlbDapEndpointParamCache: doCommit() Committed 37 parameters out of 37.
01-17 09:22:15.578   627  3892 D DlbDap2Process: setMave(mave = 1)
01-17 09:22:17.338   627  3892 D DlbDap2Process: process() called [468000] times
01-17 09:22:20.016   627  3892 D DlbDap2Process: process() called [468500] times
