01-17 09:25:29.985   645   645 V DolbyMemoryService: registerClient() client 0x710ec74380, uid -398907360
01-17 09:25:29.985   717  5319 I DDP_JOCDecoder: <- init
01-17 09:25:29.985   717  5319 D DDP_JOCDecoder: initPorts
01-17 09:25:29.986   717 20091 E OMXNodeInstance: setConfig(0xe7b0aa20:dolby.eac3.decoder, ConfigPriority(0x6f800002)) ERROR: Undefined(0x80001001)
01-17 09:25:29.987   710 31983 I ACodec  : codec does not support config priority (err -2147483648)
01-17 09:25:29.988   717  5319 E OMXNodeInstance: getConfig(0xe7b0aa20:dolby.eac3.decoder, ConfigAndroidVendorExtension(0x6f100004)) ERROR: Undefined(0x80001001)
01-17 09:25:29.988   710 31983 I MediaCodec: MediaCodec will operate in async mode
01-17 09:25:29.988   710 31983 I ACodec  : setDolbyParameterOnProcessedAudio() Received dolby_processed_audio=1
01-17 09:25:29.988   710 31982 I NuPlayerDecoder: setDolbyMessage() Notifying player that Codec supports dolby_processed_audio flag
01-17 09:25:29.989   710 31977 I NuPlayer: onDolbyMessageReceived() Setting dolby_processed_audio flag on audio sink
01-17 09:25:29.989   710 31977 I MediaPlayerService: setDolbyParameters() Marking audio output as having dolby_processed_audio
01-17 09:25:29.989   645   645 I DMSService: unregisterClient type = 0, uid = e8392820
01-17 09:25:30.008 31928 31928 D featureTest: receive broadcast , change ds profile id :5
01-17 09:25:30.013   645   645 D DatabaseHelper: failed to prepare SQL : INSERT INTO profiles VALUES(15
01-17 09:25:30.013   645   645 D DatabaseHelper: ,'custom','user2','user2','off','off')
01-17 09:25:30.013   645   645 D DatabaseHelper: failed to prepare SQL : INSERT INTO profile_endpoints VALUES(57
01-17 09:25:30.013   645   645 D DatabaseHelper: ,'custom','user2','speaker')
01-17 09:25:30.013   645   645 D DatabaseHelper: failed to prepare SQL : INSERT INTO profile_endpoints VALUES(57
01-17 09:25:30.013   645   645 D DatabaseHelper: ,'custom','user2','headphone')
01-17 09:25:30.013   645   645 D DatabaseHelper: failed to prepare SQL : INSERT INTO profile_endpoints VALUES(57
01-17 09:25:30.013   645   645 D DatabaseHelper: ,'custom','user2','passthrough')
01-17 09:25:30.013   645   645 D DatabaseHelper: failed to prepare SQL : INSERT INTO profile_endpoints VALUES(57
01-17 09:25:30.013   645   645 D DatabaseHelper: ,'custom','user2','other')
01-17 09:25:30.013   645   645 D DatabaseHelper: failed to prepare SQL : INSERT INTO profile_ports VALUES(85
01-17 09:25:30.013   645   645 D DatabaseHelper: ,'custom','user2','internal_speaker')
01-17 09:25:30.014   645   645 D DatabaseHelper: failed to prepare SQL : INSERT INTO profile_ports VALUES(85
01-17 09:25:30.014   645   645 D DatabaseHelper: ,'custom','user2','hdmi')
01-17 09:25:30.014   645   645 D DatabaseHelper: failed to prepare SQL : INSERT INTO profile_ports VALUES(85
01-17 09:25:30.014   645   645 D DatabaseHelper: ,'custom','user2','miracast')
01-17 09:25:30.014   645   645 D DatabaseHelper: failed to prepare SQL : INSERT INTO profile_ports VALUES(85
01-17 09:25:30.014   645   645 D DatabaseHelper: ,'custom','user2','headphone_port')
01-17 09:25:30.014   645   645 D DatabaseHelper: failed to prepare SQL : INSERT INTO profile_ports VALUES(85
01-17 09:25:30.014   645   645 D DatabaseHelper: ,'custom','user2','bluetooth')
01-17 09:25:30.014   645   645 D DatabaseHelper: failed to prepare SQL : INSERT INTO profile_ports VALUES(85
01-17 09:25:30.014   645   645 D DatabaseHelper: ,'custom','user2','usb')
01-17 09:25:30.014   645   645 D DatabaseHelper: failed to prepare SQL : INSERT INTO geq_presets VALUES(57
01-17 09:25:30.014   645   645 D DatabaseHelper: ,'custom','off','user2')
01-17 09:25:30.014   645   645 D DatabaseHelper: failed to prepare SQL : INSERT INTO geq_presets VALUES(57
01-17 09:25:30.014   645   645 D DatabaseHelper: ,'custom','open','user2')
01-17 09:25:30.014   645   645 D DatabaseHelper: failed to prepare SQL : INSERT INTO geq_presets VALUES(57
01-17 09:25:30.014   645   645 D DatabaseHelper: ,'custom','rich','user2')
01-17 09:25:30.015   645   645 D DatabaseHelper: failed to prepare SQL : INSERT INTO geq_presets VALUES(57
01-17 09:25:30.015   645   645 D DatabaseHelper: ,'custom','focused','user2')
01-17 09:25:30.029   627  3892 D DlbDapCrossfadeProcess: setEnabled transitioning from DAP_BYPASSED state to PREROLL_ACTIVE
01-17 09:25:30.029   645   645 I DMSService: registerClient type = 4, uid = e8392810
01-17 09:25:30.029   645   645 V DolbyMemoryService: registerClient() client 0x710ec74380, uid -398907372
01-17 09:25:30.029   717  5319 D DDP_JOCDecoder: internalSetParameter() Instantiating ARenderer for content processing in decoder
01-17 09:25:30.029   717  5319 I DlbDap2QmfProcess: Dap2Process()
01-17 09:25:30.029   717  5319 I ARenderer: ARenderer
01-17 09:25:30.029   717  5319 I evo_parser: evo_parser_init
01-17 09:25:30.029   717  5319 I DlbDap2QmfProcess: init()
01-17 09:25:30.029   717  5319 I DlbDap2QmfProcess: open()
01-17 09:25:30.029   717  5319 I DlbDap2QmfProcess: loadLicense() no license check!
01-17 09:25:30.029   717  5319 I DlbDap2QmfProcess: validateLicense() no license check!
01-17 09:25:30.029   717  5319 I DlbDap2QmfProcess: init() DAP opened
01-17 09:25:30.029   717  5319 I DlbDap2QmfProcess: DAP library version: 2.5.1-P2.0
01-17 09:25:30.030   717  5319 D DlbDap2QmfProcess: DAP output mode set to 1 with 2 output channels and null mix matrix.
01-17 09:25:30.030   710 31983 I ACodec  : setDolbyParameterOnProcessedAudio() Content processing enabled in decoder
01-17 09:25:30.031   684  1061 D AudioFlinger: trackStateChanged() Track id 788 state changed to 2
01-17 09:25:30.031   684  1061 I AudioFlinger: updateProcessedAudioState() Changing content processing in effect to 0
01-17 09:25:30.031   627  6441 D DlbDlbEffect: handle_EFFECT_CMD_SET_PARAM()
01-17 09:25:30.032   626   626 W /system/bin/hw/android.hidl.allocator@1.0-service: ashmem_create_region(8192) returning hidl_memory(0x7b7102c330, 8192)
01-17 09:25:30.033   645   713 I DapController: Profile Changed to Custom
01-17 09:25:30.033   626   626 W /system/bin/hw/android.hidl.allocator@1.0-service: ashmem_create_region(8192) returning hidl_memory(0x7b7102c330, 8192)
01-17 09:25:30.034   626   626 I chatty  : uid=1000(system) allocator@1.0-s identical 1 line
01-17 09:25:30.035   626   626 W /system/bin/hw/android.hidl.allocator@1.0-service: ashmem_create_region(8192) returning hidl_memory(0x7b7102c330, 8192)
01-17 09:25:30.035   627   924 D DlbDlbEffect: handle_EFFECT_CMD_SET_PARAM()
01-17 09:25:30.039   626   626 W /system/bin/hw/android.hidl.allocator@1.0-service: ashmem_create_region(147456) returning hidl_memory(0x7b7102c330, 147456)
01-17 09:25:30.040   626   626 I chatty  : uid=1000(system) allocator@1.0-s identical 2 lines
01-17 09:25:30.041   626   626 W /system/bin/hw/android.hidl.allocator@1.0-service: ashmem_create_region(147456) returning hidl_memory(0x7b7102c330, 147456)
01-17 09:25:30.042   717 31986 I DDP_JOCDecoder: -> start
01-17 09:25:30.042   717 31986 I EndpConfig: DAP state has changed from -1 to 1
01-17 09:25:30.043   717 31986 D DDP_JOCDecoder: Setting Max Output Channels to 2
01-17 09:25:30.043   717 31986 D DDP_JOCDecoder: setMultiChannelPCMOutDownmix mConfig->jocForceDownmixMode 1
01-17 09:25:30.044   717 31986 I udc_user: 
01-17 09:25:30.044   717 31986 I udc_user: *** DDPlus Unified Decoder Simulation  Version 1.7.3 ***
01-17 09:25:30.044   717 31986 I udc_user: 
01-17 09:25:30.044   717 31986 I udc_user: 7.1-channel decoder-converter, 
01-17 09:25:30.044   717 31986 I udc_user: 
01-17 09:25:30.044   717 31986 I udc_user: 5.1-channel dual-decoder-converter, 
01-17 09:25:30.044   717 31986 I udc_user: Karaoke unsupported, 
01-17 09:25:30.044   717 31986 I udc_user: TPNP supported. 
01-17 09:25:30.044   717 31986 I udc_user: 
01-17 09:25:30.044   717 31986 I udc_user: Unpublished work.  Copyright 2003-2014 Dolby Laboratories, Inc. and
01-17 09:25:30.044   717 31986 I udc_user: Dolby Laboratories Licensing Corporation.  All Rights Reserved.
01-17 09:25:30.044   717 31986 I udc_user: 
01-17 09:25:30.044   717 31986 I udc_user: USE OF THIS SOFTWARE IS SUBJECT TO A LEGAL AGREEMENT BETWEEN YOU AND DOLBY
01-17 09:25:30.044   717 31986 I udc_user: LABORATORIES. DO NOT USE THIS SOFTWARE UNLESS YOU AGREE TO THE TERMS AND 
01-17 09:25:30.044   717 31986 I udc_user: CONDITIONS IN THE AGREEMENT.  BY USING THIS SOFTWARE, YOU ACKNOWLEDGE THAT 
01-17 09:25:30.044   717 31986 I udc_user: YOU HAVE READ THE AGREEMENT AND THAT YOU AGREE TO BE BOUND BY ITS TERMS. 
01-17 09:25:30.044   717 31986 I udc_user: 
01-17 09:25:30.045   717 31986 I ddpdec_client_joc: ddpdec_open JOCD_MODE Buffer assignment
01-17 09:25:30.045   717 31986 D DDP_JOCDecoder: mStarted = 1
01-17 09:25:30.045   717 31986 I DDP_JOCDecoder: <- start
01-17 09:25:30.046   717 31986 D ddpdec_client_joc: ddpdec_client.c|int configDecoder()
01-17 09:25:30.047   717 31986 D DDP_JOCDecoder: Setting Max Output Channels to 2
01-17 09:25:30.049   717 31986 I DlbDap2QmfProcess: close()
01-17 09:25:30.049   717 31986 I DlbDap2QmfProcess: init()
01-17 09:25:30.049   717 31986 I DlbDap2QmfProcess: open()
01-17 09:25:30.049   717 31986 I DlbDap2QmfProcess: loadLicense() no license check!
01-17 09:25:30.049   717 31986 I DlbDap2QmfProcess: validateLicense() no license check!
01-17 09:25:30.050   717 31986 I DlbDap2QmfProcess: init() DAP opened
01-17 09:25:30.050   717 31986 I DlbDap2QmfProcess: DAP library version: 2.5.1-P2.0
01-17 09:25:30.050   717 31986 D DlbDap2QmfProcess: DAP output mode set to 1 with 2 output channels and null mix matrix.
01-17 09:25:30.050   717 31986 D ARenderer: checkAndUpdateConfig: DAP reinitialized because of sample rate change
01-17 09:25:30.050   717 31986 D ARenderer: updateDapConfig: Updating DAP configuration
01-17 09:25:30.050   717 31986 D DlbDap2QmfProcess: setParam(iea = #1[10])
01-17 09:25:30.050   717 31986 D DlbDap2QmfProcess: setParam(msce = #1[0])
01-17 09:25:30.050   717 31986 D DlbDap2QmfProcess: setParam(mdee = #1[0])
01-17 09:25:30.050   717 31986 D DlbDap2QmfProcess: setParam(miee = #1[0])
01-17 09:25:30.050   717 31986 D DlbDap2QmfProcess: setParam(mdle = #1[0])
01-17 09:25:30.050   717 31986 D DlbDap2QmfProcess: setParam(dvle = #1[1])
01-17 09:25:30.050   717 31986 D DlbDap2QmfProcess: setParam(mave = #1[0])
01-17 09:25:30.050   717 31986 D DlbDap2QmfProcess: setParam(vcbf = #20[47, 141, 234, 328, 469, 656, 844, 1031, 1313, 1688, 2250, 3000, 3750, 4688, 5813, 7125, 9000, 11250, 13875, 19688])
01-17 09:25:30.050   717 31986 D DlbDap2QmfProcess: setParam(ieon = #1[0])
01-17 09:25:30.050   717 31986 D DlbDap2QmfProcess: setParam(gebs = #41[20, 47, 141, 234, 328, 469, 656, 844, 1031, 1313, 1688, 2250, 3000, 3750, 4688, 5813, 7125, 9000, 11250, 13875, 19688, 0, 0, 0, 0, 0, 0, 0, 0, 0, 0, 0, 0, 0, 0, 0, 0, 0, 0, 0, 0])
01-17 09:25:30.050   717 31986 D DlbDap2QmfProcess: setParam(iebs = #41[20, 65, 136, 223, 332, 467, 634, 841, 1098, 1416, 1812, 2302, 2909, 3663, 4598, 5756, 7194, 8976, 11186, 13927, 17326, 117, 133, 188, 176, 141, 149, 175, 185, 185, 200, 236, 242, 228, 213, 182, 132, 110, 68, -27, -240])
01-17 09:25:30.050   717 31986 D DlbDap2QmfProcess: setParam(dea = #1[7])
01-17 09:25:30.050   717 31986 D DlbDap2QmfProcess: setParam(dsa = #1[10])
01-17 09:25:30.050   717 31986 D DlbDap2QmfProcess: setParam(beb = #1[192])
01-17 09:25:30.050   717 31986 D DlbDap2QmfProcess: setParam(plb = #1[0])
01-17 09:25:30.051   717 31986 D DlbDap2QmfProcess: setParam(vmb = #1[144])
01-17 09:25:30.051   717 31986 D DlbDap2QmfProcess: setParam(dsb = #1[48])
01-17 09:25:30.051   717 31986 D DlbDap2QmfProcess: setParam(ded = #1[0])
01-17 09:25:30.051   717 31986 D DlbDap2QmfProcess: setParam(dom = #1[0])
01-17 09:25:30.051   717 31986 D DlbDap2QmfProcess: setParam(bew = #1[16])
01-17 09:25:30.051   717 31986 D DlbDap2QmfProcess: setParam(dvla = #1[5])
01-17 09:25:30.051   717 31986 D DlbDap2QmfProcess: setParam(dfsa = #1[10])
01-17 09:25:30.051   717 31986 D DlbDap2QmfProcess: setParam(dhsa = #1[10])
01-17 09:25:30.051   717 31986 D DlbDap2QmfProcess: setParam(dvmc = #1[0])
01-17 09:25:30.051   717 31986 D DlbDap2QmfProcess: setParam(dvle = #1[1])
01-17 09:25:30.051   717 31986 D DlbDap2QmfProcess: setParam(dvme = #1[0])
01-17 09:25:30.051   717 31986 D DlbDap2QmfProcess: setParam(becf = #1[200])
01-17 09:25:30.051   717 31986 D DlbDap2QmfProcess: setParam(vbmf = #2[94, 469])
01-17 09:25:30.051   717 31986 D DlbDap2QmfProcess: setParam(vbsf = #2[35, 160])
01-17 09:25:30.051   717 31986 D DlbDap2QmfProcess: setParam(vbhg = #3[-32, -144, -192])
01-17 09:25:30.051   717 31986 D DlbDap2QmfProcess: setParam(vbog = #1[0])
01-17 09:25:30.051   717 31986 D DlbDap2QmfProcess: setParam(vbsg = #1[0])
01-17 09:25:30.051   717 31986 D DlbDap2QmfProcess: setParam(dvli = #1[-320])
01-17 09:25:30.051   717 31986 D DlbDap2QmfProcess: setParam(dhfm = #1[2])
01-17 09:25:30.051   717 31986 D DlbDap2QmfProcess: setParam(deon = #1[0])
01-17 09:25:30.051   717 31986 D DlbDap2QmfProcess: setParam(ngon = #1[1])
01-17 09:25:30.051   717 31986 D DlbDap2QmfProcess: setParam(dvlo = #1[-320])
01-17 09:25:30.052   717 31986 D DlbDap2QmfProcess: setParam(aobs = #222[20, 10, 47, 141, 234, 328, 469, 656, 844, 1031, 1313, 1688, 2250, 3000, 3750, 4688, 5813, 7125, 9000, 11250, 13875, 19688, 0, 0, 0, 0, 0, 0, 0, 0, 0, 0, 0, 0, 0, 0, 0, 0, 0, 0, 0, 0, 0, 0, 0, 0, 0, 0, 0, 0, 0, 0, 0, 0, 0, 0, 0, 0, 0, 0, 0, 0, 0, 0, 0, 0, 0, 0, 0, 0, 0, 0, 0, 0, 0, 0, 0, 0, 0, 0, 0, 0, 0, 0, 0, 0, 0, 0, 0, 0, 0, 0, 0, 0, 0, 0, 0, 0, 0, 0, 0, 0, 0, 0, 0, 0, 0, 0, 0, 0, 0, 0, 0, 0, 0, 0, 0, 0, 0, 0, 0, 0, 0, 0, 0, 0, 0, 0, 0, 0, 0, 0, 0, 0, 0, 0, 0, 0, 0, 0, 0, 0, 0, 0, 0, 0, 0, 0, 0, 0, 0, 0, 0, 0, 0, 0, 0, 0, 0, 0, 0, 0, 0, 0, 0, 0, 0, 0, 0, 0, 0, 0, 0, 0, 0, 0, 0, 0, 0, 0, 0, 0, 0, 0, 0, 0, 0, 0, 0, 0, 0, 0, 0, 0, 0, 0, 0, 0, 0, 0, 0, 0, 0, 0, 0, 0, 0, 0, 0, 0, 0, 0, 0, 0, 0, 0, 0, 0, 0, 0, 0, 0])
01-17 09:25:30.052   717 31986 D DlbDap2QmfProcess: setParam(dvle = #1[1])
01-17 09:25:30.052   717 31986 D DlbDap2QmfProcess: setParam(dvli = #1[-496])
01-17 09:25:30.052   717 31986 D DlbDap2QmfProcess: setParam(dvlo = #1[-176])
01-17 09:25:30.052   717 31986 D ARenderer: updateDapVolumeLeveler: Setting output level to -11.00dB
01-17 09:25:30.052   717 31986 D DlbDap2QmfProcess: setParam(vmb = #1[0])
01-17 09:25:30.052   717 31986 D DlbDap2QmfProcess: setParam(preg = #1[-384])
01-17 09:25:30.052   717 31986 D DlbDap2QmfProcess: setParam(vol = #1[384])
01-17 09:25:30.052   717 31986 D DlbDlbBufferProvider: setConfig() Updating buffer configuration.
01-17 09:25:30.052   717 31986 D DlbDap2QmfProcess: processQmf() called [0] times
01-17 09:25:30.052   717 31986 D DlbDap2QmfProcess: setMave(mave = 0)
01-17 09:25:30.056   684  1061 D AudioFlinger: trackDestroyed() Track id 788 no longer contains processed audio
01-17 09:25:30.056   684   928 W AudioFlinger::EffectModule: EffectModule 0xed0e3e80 destructor called with unreleased interface
01-17 09:25:30.057   684   928 W AudioFlinger::EffectHandle: disconnect Effect handle 0xee163500 disconnected after thread destruction
01-17 09:25:30.058   627  3892 I DlbEffectContext: setContentProcEnabled() Disabling content processing in effect
01-17 09:25:30.058   627  3892 D DlbDapEndpointParamCache: commitChangedParams()
01-17 09:25:30.059   627  3892 D DlbDapEndpointParamCache: commit() Applying parameters for device 0x40000000
01-17 09:25:30.059   627  3892 D DlbDap2Process: setParam(msce = #1[0])
01-17 09:25:30.059   627  3892 D DlbDap2Process: setParam(mdee = #1[0])
01-17 09:25:30.059   627  3892 D DlbDap2Process: setParam(miee = #1[0])
01-17 09:25:30.059   627  3892 D DlbDap2Process: setParam(mdle = #1[0])
01-17 09:25:30.059   627  3892 D DlbDap2Process: setParam(dvle = #1[0])
01-17 09:25:30.059   627  3892 D DlbDap2Process: setParam(mave = #1[0])
01-17 09:25:30.059   627  3892 D DlbDap2Process: setParam(ieon = #1[0])
01-17 09:25:30.059   627  3892 D DlbDapEndpointParamCache: doCommit() Committed 7 parameters out of 16.
01-17 09:25:30.059   627  3892 D DlbDapEndpointParamCache: commit() Overriding parameters for current device 0x00000002
01-17 09:25:30.059   627  3892 D DlbDap2Process: setParam(dom = #1[0])
01-17 09:25:30.059   627  3892 D DlbDap2Process: setParam(dvle = #1[0])
01-17 09:25:30.059   627  3892 D DlbDap2Process: setParam(dvme = #1[0])
01-17 09:25:30.059   627  3892 D DlbDap2Process: setParam(deon = #1[0])
01-17 09:25:30.059   627  3892 D DlbDap2Process: setParam(ngon = #1[0])
01-17 09:25:30.059   627  3892 D DlbDapEndpointParamCache: doCommit() Committed 5 parameters out of 37.
01-17 09:25:30.061   627  3892 D DlbDapEndpointParamCache: commitChangedParams()
01-17 09:25:30.061   627  3892 D DlbDapEndpointParamCache: commit() Applying parameters for device 0x40000000
01-17 09:25:30.061   627  3892 D DlbDap2Process: setParam(iea = #1[10])
01-17 09:25:30.061   627  3892 D DlbDap2Process: setParam(vcbf = #20[47, 141, 234, 328, 469, 656, 844, 1031, 1313, 1688, 2250, 3000, 3750, 4688, 5813, 7125, 9000, 11250, 13875, 19688])
01-17 09:25:30.061   627  3892 D DlbDap2Process: setParam(vbon = #1[0])
01-17 09:25:30.061   627  3892 D DlbDap2Process: setParam(beon = #1[0])
01-17 09:25:30.061   627  3892 D DlbDap2Process: setParam(geon = #1[0])
01-17 09:25:30.061   627  3892 D DlbDap2Process: setParam(gebs = #41[20, 47, 141, 234, 328, 469, 656, 844, 1031, 1313, 1688, 2250, 3000, 3750, 4688, 5813, 7125, 9000, 11250, 13875, 19688, 0, 0, 0, 0, 0, 0, 0, 0, 0, 0, 0, 0, 0, 0, 0, 0, 0, 0, 0, 0])
01-17 09:25:30.061   627  3892 D DlbDap2Process: setParam(iebs = #41[20, 65, 136, 223, 332, 467, 634, 841, 1098, 1416, 1812, 2302, 2909, 3663, 4598, 5756, 7194, 8976, 11186, 13927, 17326, 117, 133, 188, 176, 141, 149, 175, 185, 185, 200, 236, 242, 228, 213, 182, 132, 110, 68, -27, -240])
01-17 09:25:30.061   627  3892 D DlbDapEndpointParamCache: doCommit() Committed 8 parameters out of 16.
01-17 09:25:30.062   627  3892 D DlbDapEndpointParamCache: commit() Overriding parameters for current device 0x00000002
01-17 09:25:30.062   627  3892 D DlbDap2Process: setParam(dea = #1[7])
01-17 09:25:30.062   627  3892 D DlbDap2Process: setParam(dsa = #1[10])
01-17 09:25:30.062   627  3892 D DlbDap2Process: setParam(beb = #1[192])
01-17 09:25:30.062   627  3892 D DlbDap2Process: setParam(plb = #1[0])
01-17 09:25:30.062   627  3892 D DlbDap2Process: setParam(vmb = #1[144])
01-17 09:25:30.062   627  3892 D DlbDap2Process: setParam(dsb = #1[48])
01-17 09:25:30.062   627  3892 D DlbDap2Process: setParam(ded = #1[0])
01-17 09:25:30.062   627  3892 D DlbDap2Process: setParam(vbm = #1[3])
01-17 09:25:30.062   627  3892 D DlbDap2Process: setParam(bew = #1[16])
01-17 09:25:30.062   627  3892 D DlbDap2Process: setParam(dvla = #1[5])
01-17 09:25:30.062   627  3892 D DlbDap2Process: setParam(arra = #1[96])
01-17 09:25:30.062   627  3892 D DlbDap2Process: setParam(dfsa = #1[10])
01-17 09:25:30.062   627  3892 D DlbDap2Process: setParam(dhsa = #1[10])
01-17 09:25:30.062   627  3892 D DlbDap2Process: setParam(dvmc = #1[0])
01-17 09:25:30.062   627  3892 D DlbDap2Process: setParam(arod = #1[0])
01-17 09:25:30.062   627  3892 D DlbDap2Process: setParam(arde = #1[1])
01-17 09:25:30.062   627  3892 D DlbDap2Process: setParam(becf = #1[200])
01-17 09:25:30.062   627  3892 D DlbDap2Process: setParam(vbmf = #2[94, 469])
01-17 09:25:30.062   627  3892 D DlbDap2Process: setParam(vbsf = #2[35, 160])
01-17 09:25:30.062   627  3892 D DlbDap2Process: setParam(vbhg = #3[-32, -144, -192])
01-17 09:25:30.062   627  3892 D DlbDap2Process: setParam(vbog = #1[0])
01-17 09:25:30.062   627  3892 D DlbDap2Process: setParam(vbsg = #1[0])
01-17 09:25:30.062   627  3892 D DlbDap2Process: setParam(dvli = #1[-320])
01-17 09:25:30.062   627  3892 D DlbDap2Process: setParam(dhfm = #1[2])
01-17 09:25:30.062   627  3892 D DlbDap2Process: setParam(vbon = #1[0])
01-17 09:25:30.062   627  3892 D DlbDap2Process: setParam(beon = #1[0])
01-17 09:25:30.062   627  3892 D DlbDap2Process: setParam(aoon = #1[1])
01-17 09:25:30.062   627  3892 D DlbDap2Process: setParam(aron = #1[1])
01-17 09:25:30.062   627  3892 D DlbDap2Process: setParam(dvlo = #1[-320])
01-17 09:25:30.062   627  3892 D DlbDap2Process: setParam(artp = #1[12])
01-17 09:25:30.063   627  3892 D DlbDap2Process: setParam(aobs = #222[20, 10, 47, 141, 234, 328, 469, 656, 844, 1031, 1313, 1688, 2250, 3000, 3750, 4688, 5813, 7125, 9000, 11250, 13875, 19688, 0, 0, 0, 0, 0, 0, 0, 0, 0, 0, 0, 0, 0, 0, 0, 0, 0, 0, 0, 0, 0, 0, 0, 0, 0, 0, 0, 0, 0, 0, 0, 0, 0, 0, 0, 0, 0, 0, 0, 0, 0, 0, 0, 0, 0, 0, 0, 0, 0, 0, 0, 0, 0, 0, 0, 0, 0, 0, 0, 0, 0, 0, 0, 0, 0, 0, 0, 0, 0, 0, 0, 0, 0, 0, 0, 0, 0, 0, 0, 0, 0, 0, 0, 0, 0, 0, 0, 0, 0, 0, 0, 0, 0, 0, 0, 0, 0, 0, 0, 0, 0, 0, 0, 0, 0, 0, 0, 0, 0, 0, 0, 0, 0, 0, 0, 0, 0, 0, 0, 0, 0, 0, 0, 0, 0, 0, 0, 0, 0, 0, 0, 0, 0, 0, 0, 0, 0, 0, 0, 0, 0, 0, 0, 0, 0, 0, 0, 0, 0, 0, 0, 0, 0, 0, 0, 0, 0, 0, 0, 0, 0, 0, 0, 0, 0, 0, 0, 0, 0, 0, 0, 0, 0, 0, 0, 0, 0, 0, 0, 0, 0, 0, 0, 0, 0, 0, 0, 0, 0, 0, 0, 0, 0, 0, 0, 0, 0, 0, 0, 0])
01-17 09:25:30.063   627  3892 D DlbDap2Process: setParam(arbs = #81[20, 47, 141, 234, 328, 469, 656, 844, 1031, 1313, 1688, 2250, 3000, 3750, 4688, 5813, 7125, 9000, 11250, 13875, 19688, -192, -192, -192, -192, -192, -192, -192, -192, -192, -192, -192, -192, -192, -192, -192, -192, -192, -192, -192, -192, 0, 0, 0, 0, 0, 0, 0, 0, 0, 0, 0, 0, 0, 0, 0, 0, 0, 0, 0, 0, 0, 0, 0, 0, 0, 0, 0, 0, 0, 0, 0, 0, 0, 0, 0, 0, 0, 0, 0, 0])
01-17 09:25:30.063   627  3892 D DlbDapEndpointParamCache: doCommit() Committed 32 parameters out of 37.
01-17 09:25:30.063   627  3892 D DlbDap2Process: setMave(mave = 0)
01-17 09:25:30.065   627  3892 D DlbDapCrossfadeProcess: process transitioning from PREROLL_ACTIVE state to FADE_TO_ACTIVE
01-17 09:25:30.065   627  6441 D DlbDlbEffect: handle_EFFECT_CMD_DISABLE()
01-17 09:25:30.065   627  6441 D DlbDapCrossfadeProcess: setEnabled transitioning from FADE_TO_ACTIVE state to FADE_TO_BYPASS
01-17 09:25:30.067   626   626 W /system/bin/hw/android.hidl.allocator@1.0-service: ashmem_create_region(3840) returning hidl_memory(0x7b7102c330, 3840)
01-17 09:25:30.067   627  6441 D DlbDlbEffect: handle_EFFECT_CMD_SET_CONFIG()
01-17 09:25:30.067   627  6441 D DlbDapEndpointParamCache: setDevice(device=0x00000002)
01-17 09:25:30.068   645   645 D DMSService: setActiveDevice called with device = 0x2
01-17 09:25:30.068   627  6441 D DlbDlbEffect: handle_EFFECT_CMD_ENABLE()
01-17 09:25:30.068   627  6441 D DlbDapCrossfadeProcess: setEnabled transitioning from FADE_TO_BYPASS state to FADE_TO_ACTIVE
01-17 09:25:30.069   710 31981 D AudioTrack: Client defaulted notificationFrames to 12000 for frameCount 24000
01-17 09:25:30.070   684  3974 I AudioFlinger: attachAuxEffect(): Marking track 789 as containing processed audio
01-17 09:25:30.070   684  3974 D AudioFlinger: trackContainsProcessedAudio() Track id 789 contains processed audio
01-17 09:25:30.073   626   626 W /system/bin/hw/android.hidl.allocator@1.0-service: ashmem_create_region(7680) returning hidl_memory(0x7b7102c330, 7680)
01-17 09:25:30.074   626   626 W /system/bin/hw/android.hidl.allocator@1.0-service: ashmem_create_region(7680) returning hidl_memory(0x7b7102c330, 7680)
01-17 09:25:30.076   627  6441 D DlbDlbEffect: handle_EFFECT_CMD_DISABLE()
01-17 09:25:30.076   627  6441 D DlbDapCrossfadeProcess: setEnabled transitioning from FADE_TO_ACTIVE state to FADE_TO_BYPASS
01-17 09:25:30.078   626   626 W /system/bin/hw/android.hidl.allocator@1.0-service: ashmem_create_region(7680) returning hidl_memory(0x7b7102c330, 7680)
01-17 09:25:30.078 31928 31928 D featureTest: receive broadcast , change virtual speaker  virtualizer :1
01-17 09:25:30.079   627  6441 D DlbDlbEffect: handle_EFFECT_CMD_SET_CONFIG()
01-17 09:25:30.079   627  6441 D DlbDapEndpointParamCache: setDevice(device=0x00000002)
01-17 09:25:30.079   645   645 D DMSService: setActiveDevice called with device = 0x2
01-17 09:25:30.081   627  3512 D DlbDlbEffect: handle_EFFECT_CMD_ENABLE()
01-17 09:25:30.081   627  3512 D DlbDapCrossfadeProcess: setEnabled transitioning from FADE_TO_BYPASS state to FADE_TO_ACTIVE
01-17 09:25:30.082   684   930 W AudioFlinger: moveDolbyEffect() effect chain for session 0 not on source thread 0xee0ae580
01-17 09:25:30.082   684   930 D AudioFlinger: trackStateChanged() Track id 789 state changed to 6
01-17 09:25:30.082   684   930 I AudioFlinger: updateProcessedAudioState() Changing content processing in effect to 1
01-17 09:25:30.082   627  3512 D DlbDlbEffect: handle_EFFECT_CMD_SET_PARAM()
01-17 09:25:30.082   710 31977 D NuPlayerDriver: notifyListener_l(0xe6bcb310), (6, 0, 0, -1), loop setting(0, 1)
01-17 09:25:30.093 31928 31928 W System.err: java.lang.UnsupportedOperationException
01-17 09:25:30.093 31928 31928 W System.err: 	at com.dolby.dax.DolbyAudioEffect.setDolbyVirtualSpeakerVirtualizerEnabled(DolbyAudioEffect.java:323)
01-17 09:25:30.093 31928 31928 W System.err: 	at com.dolby.qa.featuretest.MainActivity$1.handleMessage(MainActivity.java:143)
01-17 09:25:30.093 31928 31928 W System.err: 	at android.os.Handler.dispatchMessage(Handler.java:105)
01-17 09:25:30.093 31928 31928 W System.err: 	at android.os.Looper.loop(Looper.java:164)
01-17 09:25:30.094 31928 31928 W System.err: 	at android.app.ActivityThread.main(ActivityThread.java:6541)
01-17 09:25:30.094 31928 31928 W System.err: 	at java.lang.reflect.Method.invoke(Native Method)
01-17 09:25:30.094 31928 31928 W System.err: 	at com.android.internal.os.Zygote$MethodAndArgsCaller.run(Zygote.java:240)
01-17 09:25:30.094 31928 31928 W System.err: 	at com.android.internal.os.ZygoteInit.main(ZygoteInit.java:767)
01-17 09:25:30.094 31928 31928 D featureTest: virtual speaker virtualizer can not be operate for mono speaker endpoint!
01-17 09:25:30.094   710  1419 W MediaClock: reject anchor time since it is negative.
01-17 09:25:30.135 31928 31928 D featureTest: receive broadcast , record log :0
01-17 09:25:30.136   627  3892 D DlbDapCrossfadeProcess: process transitioning from FADE_TO_ACTIVE state to DAP_ACTIVE
01-17 09:25:30.164 31928 31933 I zygote64: Do partial code cache collection, code=9KB, data=13KB
01-17 09:25:30.164 31928 31933 I zygote64: After code cache collection, code=9KB, data=13KB
01-17 09:25:30.164 31928 31933 I zygote64: Increasing code cache capacity to 128KB
01-17 09:25:30.165 31928 31933 I zygote64: Do partial code cache collection, code=9KB, data=33KB
01-17 09:25:30.165 31928 31933 I zygote64: After code cache collection, code=9KB, data=33KB
01-17 09:25:30.165 31928 31933 I zygote64: Increasing code cache capacity to 256KB
01-17 09:25:30.165 31928 31933 I zygote64: Compiler allocated 8MB to compile void android.widget.TextView.<init>(android.content.Context, android.util.AttributeSet, int, int)
01-17 09:25:31.299   627  3892 D DlbDap2Process: process() called [500500] times
01-17 09:25:31.782   945   945 W WindowManager: removeWindowToken: Attempted to remove non-existing token: android.os.Binder@7077fbd
01-17 09:25:31.838   475   475 D SurfaceFlinger: duplicate layer name: changing Toast to Toast#1
01-17 09:25:33.805   945   945 W WindowManager: removeWindowToken: Attempted to remove non-existing token: android.os.Binder@23f965f
01-17 09:25:33.976   627  3892 D DlbDap2Process: process() called [501000] times
