01-17 09:25:59.165   710   900 D NuPlayerDriver: reset(0xe6bcb850) at state 5
01-17 09:25:59.166   710   900 D NuPlayerDriver: notifyListener_l(0xe6bcb850), (8, 0, 0, -1), loop setting(0, 1)
01-17 09:25:59.167   684  3973 D AudioFlinger: trackStateChanged() Track id 795 state changed to 6
01-17 09:25:59.173   717  5783 I DDP_JOCDecoder: -> ~DDPDecoder
01-17 09:25:59.173   717  5783 I DDP_JOCDecoder: -> stop
01-17 09:25:59.174   645   645 I DMSService: unregisterClient type = 4, uid = e7f0fbf0
01-17 09:25:59.217   717  5783 I DDP_JOCDecoder: <- stop
01-17 09:25:59.217   717  5783 I ARenderer: ~ARenderer
01-17 09:25:59.217   717  5783 I evo_parser: evo_parser_close
01-17 09:25:59.217   717  5783 I DlbDap2QmfProcess: ~Dap2Process()
01-17 09:25:59.217   717  5783 I DlbDap2QmfProcess: close()
01-17 09:25:59.217   717  5783 I DDP_JOCDecoder: <- ~DDPDecoder
01-17 09:25:59.224   710 32164 D NuPlayerDriver: notifyResetComplete(0xe6bcb850)
01-17 09:25:59.225   710   900 D AudioTrack: stop() called with 0 frames delivered
01-17 09:25:59.226   627  3892 I DlbEffectContext: setContentProcEnabled() Enabling content processing in global effect
01-17 09:25:59.227   627  3892 D DlbDapEndpointParamCache: commitChangedParams()
01-17 09:25:59.227   627  3892 D DlbDapEndpointParamCache: commit() Applying parameters for device 0x40000000
01-17 09:25:59.227   627  3892 D DlbDap2Process: setParam(iea = #1[10])
01-17 09:25:59.227   627  3892 D DlbDap2Process: setParam(msce = #1[0])
01-17 09:25:59.227   627  3892 D DlbDap2Process: setParam(mdee = #1[0])
01-17 09:25:59.227   627  3892 D DlbDap2Process: setParam(miee = #1[0])
01-17 09:25:59.227   627  3892 D DlbDap2Process: setParam(mdle = #1[0])
01-17 09:25:59.227   627  3892 D DlbDap2Process: setParam(dvle = #1[1])
01-17 09:25:59.227   627  3892 D DlbDap2Process: setParam(mave = #1[0])
01-17 09:25:59.227   627  3892 D DlbDap2Process: setParam(vcbf = #20[47, 141, 234, 328, 469, 656, 844, 1031, 1313, 1688, 2250, 3000, 3750, 4688, 5813, 7125, 9000, 11250, 13875, 19688])
01-17 09:25:59.228   627  3892 D DlbDap2Process: setParam(vbon = #1[0])
01-17 09:25:59.228   627  3892 D DlbDap2Process: setParam(beon = #1[0])
01-17 09:25:59.228   627  3892 D DlbDap2Process: setParam(geon = #1[0])
01-17 09:25:59.228   627  3892 D DlbDap2Process: setParam(ieon = #1[0])
01-17 09:25:59.228   627  3892 D DlbDap2Process: setParam(gebs = #41[20, 47, 141, 234, 328, 469, 656, 844, 1031, 1313, 1688, 2250, 3000, 3750, 4688, 5813, 7125, 9000, 11250, 13875, 19688, 0, 0, 0, 0, 0, 0, 0, 0, 0, 0, 0, 0, 0, 0, 0, 0, 0, 0, 0, 0])
01-17 09:25:59.228   627  3892 D DlbDap2Process: setParam(iebs = #41[20, 65, 136, 223, 332, 467, 634, 841, 1098, 1416, 1812, 2302, 2909, 3663, 4598, 5756, 7194, 8976, 11186, 13927, 17326, 117, 133, 188, 176, 141, 149, 175, 185, 185, 200, 236, 242, 228, 213, 182, 132, 110, 68, -27, -240])
01-17 09:25:59.229   627  3892 D DlbDapEndpointParamCache: doCommit() Committed 15 parameters out of 16.
01-17 09:25:59.229   627  3892 D DlbDapEndpointParamCache: commit() Overriding parameters for current device 0x00000002
01-17 09:25:59.229   627  3892 D DlbDap2Process: setParam(dea = #1[7])
01-17 09:25:59.229   627  3892 D DlbDap2Process: setParam(dsa = #1[10])
01-17 09:25:59.229   627  3892 D DlbDap2Process: setParam(beb = #1[192])
01-17 09:25:59.229   627  3892 D DlbDap2Process: setParam(plb = #1[0])
01-17 09:25:59.229   627  3892 D DlbDap2Process: setParam(vmb = #1[144])
01-17 09:25:59.229   627  3892 D DlbDap2Process: setParam(dsb = #1[48])
01-17 09:25:59.229   627  3892 D DlbDap2Process: setParam(ded = #1[0])
01-17 09:25:59.229   627  3892 D DlbDap2Process: setParam(vbm = #1[3])
01-17 09:25:59.229   627  3892 D DlbDap2Process: setParam(dom = #1[0])
01-17 09:25:59.229   627  3892 D DlbDap2Process: setParam(bew = #1[16])
01-17 09:25:59.229   627  3892 D DlbDap2Process: setParam(dvla = #1[5])
01-17 09:25:59.229   627  3892 D DlbDap2Process: setParam(arra = #1[96])
01-17 09:25:59.229   627  3892 D DlbDap2Process: setParam(dfsa = #1[10])
01-17 09:25:59.229   627  3892 D DlbDap2Process: setParam(dhsa = #1[10])
01-17 09:25:59.229   627  3892 D DlbDap2Process: setParam(dvmc = #1[0])
01-17 09:25:59.229   627  3892 D DlbDap2Process: setParam(arod = #1[0])
01-17 09:25:59.230   627  3892 D DlbDap2Process: setParam(arde = #1[1])
01-17 09:25:59.230   627  3892 D DlbDap2Process: setParam(dvle = #1[1])
01-17 09:25:59.230   627  3892 D DlbDap2Process: setParam(dvme = #1[0])
01-17 09:25:59.230   627  3892 D DlbDap2Process: setParam(becf = #1[200])
01-17 09:25:59.230   627  3892 D DlbDap2Process: setParam(vbmf = #2[94, 469])
01-17 09:25:59.230   627  3892 D DlbDap2Process: setParam(vbsf = #2[35, 160])
01-17 09:25:59.230   627  3892 D DlbDap2Process: setParam(vbhg = #3[-32, -144, -192])
01-17 09:25:59.230   627  3892 D DlbDap2Process: setParam(vbog = #1[0])
01-17 09:25:59.230   627  3892 D DlbDap2Process: setParam(vbsg = #1[0])
01-17 09:25:59.230   627  3892 D DlbDap2Process: setParam(dvli = #1[-320])
01-17 09:25:59.230   627  3892 D DlbDap2Process: setParam(dhfm = #1[2])
01-17 09:25:59.230   627  3892 D DlbDap2Process: setParam(vbon = #1[0])
01-17 09:25:59.230   627  3892 D DlbDap2Process: setParam(beon = #1[0])
01-17 09:25:59.230   627  3892 D DlbDap2Process: setParam(deon = #1[0])
01-17 09:25:59.230   627  3892 D DlbDap2Process: setParam(ngon = #1[1])
01-17 09:25:59.230   627  3892 D DlbDap2Process: setParam(aoon = #1[1])
01-17 09:25:59.230   627  3892 D DlbDap2Process: setParam(aron = #1[1])
01-17 09:25:59.230   627  3892 D DlbDap2Process: setParam(dvlo = #1[-320])
01-17 09:25:59.230   627  3892 D DlbDap2Process: setParam(artp = #1[12])
01-17 09:25:59.231   627  3892 D DlbDap2Process: setParam(aobs = #222[20, 10, 47, 141, 234, 328, 469, 656, 844, 1031, 1313, 1688, 2250, 3000, 3750, 4688, 5813, 7125, 9000, 11250, 13875, 19688, 0, 0, 0, 0, 0, 0, 0, 0, 0, 0, 0, 0, 0, 0, 0, 0, 0, 0, 0, 0, 0, 0, 0, 0, 0, 0, 0, 0, 0, 0, 0, 0, 0, 0, 0, 0, 0, 0, 0, 0, 0, 0, 0, 0, 0, 0, 0, 0, 0, 0, 0, 0, 0, 0, 0, 0, 0, 0, 0, 0, 0, 0, 0, 0, 0, 0, 0, 0, 0, 0, 0, 0, 0, 0, 0, 0, 0, 0, 0, 0, 0, 0, 0, 0, 0, 0, 0, 0, 0, 0, 0, 0, 0, 0, 0, 0, 0, 0, 0, 0, 0, 0, 0, 0, 0, 0, 0, 0, 0, 0, 0, 0, 0, 0, 0, 0, 0, 0, 0, 0, 0, 0, 0, 0, 0, 0, 0, 0, 0, 0, 0, 0, 0, 0, 0, 0, 0, 0, 0, 0, 0, 0, 0, 0, 0, 0, 0, 0, 0, 0, 0, 0, 0, 0, 0, 0, 0, 0, 0, 0, 0, 0, 0, 0, 0, 0, 0, 0, 0, 0, 0, 0, 0, 0, 0, 0, 0, 0, 0, 0, 0, 0, 0, 0, 0, 0, 0, 0, 0, 0, 0, 0, 0, 0, 0, 0, 0, 0, 0, 0])
01-17 09:25:59.231   627  3892 D DlbDap2Process: setParam(arbs = #81[20, 47, 141, 234, 328, 469, 656, 844, 1031, 1313, 1688, 2250, 3000, 3750, 4688, 5813, 7125, 9000, 11250, 13875, 19688, -192, -192, -192, -192, -192, -192, -192, -192, -192, -192, -192, -192, -192, -192, -192, -192, -192, -192, -192, -192, 0, 0, 0, 0, 0, 0, 0, 0, 0, 0, 0, 0, 0, 0, 0, 0, 0, 0, 0, 0, 0, 0, 0, 0, 0, 0, 0, 0, 0, 0, 0, 0, 0, 0, 0, 0, 0, 0, 0, 0])
01-17 09:25:59.231   627  3892 D DlbDapEndpointParamCache: doCommit() Committed 37 parameters out of 37.
01-17 09:25:59.232   627  3892 D DlbDap2Process: setMave(mave = 0)
01-17 09:25:59.295   684  1061 D AudioFlinger: trackStateChanged() Track id 795 state changed to 2
01-17 09:25:59.295   684  1061 I AudioFlinger: updateProcessedAudioState() Changing content processing in effect to 0
01-17 09:25:59.296   627   924 D DlbDlbEffect: handle_EFFECT_CMD_SET_PARAM()
01-17 09:25:59.317   684  1061 D AudioFlinger: trackDestroyed() Track id 795 no longer contains processed audio
01-17 09:25:59.317   684   928 W AudioFlinger::EffectModule: EffectModule 0xee09e980 destructor called with unreleased interface
01-17 09:25:59.318   684   928 W AudioFlinger::EffectHandle: disconnect Effect handle 0xee531e40 disconnected after thread destruction
01-17 09:25:59.319   627   924 D DlbDlbEffect: handle_EFFECT_CMD_DISABLE()
01-17 09:25:59.319   627   924 D DlbDapCrossfadeProcess: setEnabled transitioning from DAP_ACTIVE state to FADE_TO_BYPASS
01-17 09:25:59.321   627   924 D DlbDlbEffect: handle_EFFECT_CMD_SET_CONFIG()
01-17 09:25:59.322   627   924 D DlbDapEndpointParamCache: setDevice(device=0x00000002)
01-17 09:25:59.322   645   645 D DMSService: setActiveDevice called with device = 0x2
01-17 09:25:59.322   627  3512 D DlbDlbEffect: handle_EFFECT_CMD_ENABLE()
01-17 09:25:59.322   627  3512 D DlbDapCrossfadeProcess: setEnabled transitioning from FADE_TO_BYPASS state to FADE_TO_ACTIVE
01-17 09:25:59.460 32207 32207 D featureTest: onCreate
01-17 09:25:59.464 32207 32207 D AudioTrack: Client defaulted notificationFrames to 962 for frameCount 1924
01-17 09:25:59.466 32207 32207 W AudioTrack: Use of stream types is deprecated for operations other than volume control
01-17 09:25:59.466 32207 32207 W AudioTrack: See the documentation of AudioTrack() for what to use instead with android.media.AudioAttributes to qualify your playback use case
01-17 09:25:59.479 32207 32207 D featureTest: onResume
01-17 09:26:00.338 32207 32207 D featureTest: receive broadcast , playing content location :/sdcard/featureTest/ChID_voices_71_640_ddp_joc.mp4
01-17 09:26:00.348 32207 32207 D featureTest: mMediaPlayer.getAudioSessionId(): 5985
01-17 09:26:00.348 32207 32207 D featureTest: Playing file: /sdcard/featureTest/ChID_voices_71_640_ddp_joc.mp4
01-17 09:26:00.350   710   900 D NuPlayerDriver: NuPlayerDriver(0xe6bcb850) created, clientPid(32207)
01-17 09:26:00.373   710 32232 D NuPlayerDriver: notifyListener_l(0xe6bcb850), (5, 1920, 1080, -1), loop setting(0, 0)
01-17 09:26:00.373   710 32232 D NuPlayerDriver: notifyListener_l(0xe6bcb850), (1, 0, 0, -1), loop setting(0, 0)
01-17 09:26:00.383   710   900 D NuPlayerDriver: start(0xe6bcb850), state is 4, eos is 0
01-17 09:26:00.402   717  5783 I OMXMaster: makeComponentInstance(OMX.dolby.eac3.decoder) in omx@1.0-service process
01-17 09:26:00.406 32207 32207 D featureTest: receive broadcast , change ds status :0
01-17 09:26:00.420   627  3512 D DlbDlbEffect: handle_EFFECT_CMD_SET_PARAM()
01-17 09:26:00.443   717  5783 I DDP_JOCDecoder: -> init name OMX.dolby.eac3.decoder
01-17 09:26:00.444   645   645 I DMSService: registerClient type = 0, uid = e7f0fbe0
01-17 09:26:00.445   717  5783 I DDP_JOCDecoder: <- init
01-17 09:26:00.445   717  5783 D DDP_JOCDecoder: initPorts
01-17 09:26:00.446   710 32241 I ACodec  : codec does not support config priority (err -2147483648)
01-17 09:26:00.448   710 32241 I MediaCodec: MediaCodec will operate in async mode
01-17 09:26:00.448   710 32241 I ACodec  : setDolbyParameterOnProcessedAudio() Received dolby_processed_audio=1
01-17 09:26:00.448   710 32240 I NuPlayerDecoder: setDolbyMessage() Notifying player that Codec supports dolby_processed_audio flag
01-17 09:26:00.448   710 32232 I NuPlayer: onDolbyMessageReceived() Setting dolby_processed_audio flag on audio sink
01-17 09:26:00.448   645   645 I DMSService: unregisterClient type = 0, uid = e7f0fbe0
01-17 09:26:00.476 32207 32207 D featureTest: receive broadcast , change ds profile id :2
01-17 09:26:00.478   645   645 I DMSService: registerClient type = 4, uid = e7f0fbd0
01-17 09:26:00.478   717  5320 D DDP_JOCDecoder: internalSetParameter() Instantiating ARenderer for content processing in decoder
01-17 09:26:00.478   717  5320 I DlbDap2QmfProcess: Dap2Process()
01-17 09:26:00.478   717  5320 I ARenderer: ARenderer
01-17 09:26:00.478   717  5320 I evo_parser: evo_parser_init
01-17 09:26:00.478   717  5320 I DlbDap2QmfProcess: init()
01-17 09:26:00.478   717  5320 I DlbDap2QmfProcess: open()
01-17 09:26:00.479   717  5320 I DlbDap2QmfProcess: loadLicense() no license check!
01-17 09:26:00.479   717  5320 I DlbDap2QmfProcess: validateLicense() no license check!
01-17 09:26:00.479   717  5320 I DlbDap2QmfProcess: init() DAP opened
01-17 09:26:00.479   717  5320 I DlbDap2QmfProcess: DAP library version: 2.5.1-P2.0
01-17 09:26:00.479   717  5320 D DlbDap2QmfProcess: DAP output mode set to 1 with 2 output channels and null mix matrix.
01-17 09:26:00.479   710 32241 I ACodec  : setDolbyParameterOnProcessedAudio() Content processing enabled in decoder
01-17 09:26:00.483   627  3512 D DlbDlbEffect: handle_EFFECT_CMD_SET_PARAM()
01-17 09:26:00.483   645   713 I DapController: Profile Changed to Music
01-17 09:26:00.487   717 32244 I DDP_JOCDecoder: -> start
01-17 09:26:00.487   717 32244 D DDP_JOCDecoder: Setting Max Output Channels to 2
01-17 09:26:00.488   717 32244 D DDP_JOCDecoder: setMultiChannelPCMOutDownmix mConfig->jocForceDownmixMode 1
01-17 09:26:00.488   717 32244 I udc_user: 
01-17 09:26:00.488   717 32244 I udc_user: *** DDPlus Unified Decoder Simulation  Version 1.7.3 ***
01-17 09:26:00.488   717 32244 I udc_user: 
01-17 09:26:00.488   717 32244 I udc_user: 7.1-channel decoder-converter, 
01-17 09:26:00.488   717 32244 I udc_user: 
01-17 09:26:00.488   717 32244 I udc_user: 5.1-channel dual-decoder-converter, 
01-17 09:26:00.488   717 32244 I udc_user: Karaoke unsupported, 
01-17 09:26:00.488   717 32244 I udc_user: TPNP supported. 
01-17 09:26:00.488   717 32244 I udc_user: 
01-17 09:26:00.488   717 32244 I udc_user: Unpublished work.  Copyright 2003-2014 Dolby Laboratories, Inc. and
01-17 09:26:00.488   717 32244 I udc_user: Dolby Laboratories Licensing Corporation.  All Rights Reserved.
01-17 09:26:00.488   717 32244 I udc_user: 
01-17 09:26:00.488   717 32244 I udc_user: USE OF THIS SOFTWARE IS SUBJECT TO A LEGAL AGREEMENT BETWEEN YOU AND DOLBY
01-17 09:26:00.488   717 32244 I udc_user: LABORATORIES. DO NOT USE THIS SOFTWARE UNLESS YOU AGREE TO THE TERMS AND 
01-17 09:26:00.488   717 32244 I udc_user: CONDITIONS IN THE AGREEMENT.  BY USING THIS SOFTWARE, YOU ACKNOWLEDGE THAT 
01-17 09:26:00.488   717 32244 I udc_user: YOU HAVE READ THE AGREEMENT AND THAT YOU AGREE TO BE BOUND BY ITS TERMS. 
01-17 09:26:00.488   717 32244 I udc_user: 
01-17 09:26:00.489   717 32244 I ddpdec_client_joc: ddpdec_open JOCD_MODE Buffer assignment
01-17 09:26:00.489   717 32244 D DDP_JOCDecoder: mStarted = 1
01-17 09:26:00.489   717 32244 I DDP_JOCDecoder: <- start
01-17 09:26:00.490   717 32244 D ddpdec_client_joc: ddpdec_client.c|int configDecoder()
01-17 09:26:00.492   717 32244 D DDP_JOCDecoder: Setting Max Output Channels to 2
01-17 09:26:00.492   717 32244 I DlbDap2QmfProcess: close()
01-17 09:26:00.492   717 32244 I DlbDap2QmfProcess: init()
01-17 09:26:00.492   717 32244 I DlbDap2QmfProcess: open()
01-17 09:26:00.492   717 32244 I DlbDap2QmfProcess: loadLicense() no license check!
01-17 09:26:00.493   717 32244 I DlbDap2QmfProcess: validateLicense() no license check!
01-17 09:26:00.493   717 32244 I DlbDap2QmfProcess: init() DAP opened
01-17 09:26:00.493   717 32244 I DlbDap2QmfProcess: DAP library version: 2.5.1-P2.0
01-17 09:26:00.493   717 32244 D DlbDap2QmfProcess: DAP output mode set to 1 with 2 output channels and null mix matrix.
01-17 09:26:00.493   717 32244 D ARenderer: checkAndUpdateConfig: DAP reinitialized because of sample rate change
01-17 09:26:00.493   717 32244 D ARenderer: updateDapConfig: Updating DAP configuration
01-17 09:26:00.493   717 32244 I ARenderer: updateDapConfig: Disable content processing in decoder-ARenderer
01-17 09:26:00.493   717 32244 D DlbDap2QmfProcess: setParam(deon = #1[0])
01-17 09:26:00.493   717 32244 D DlbDap2QmfProcess: setParam(dvle = #1[0])
01-17 09:26:00.493   717 32244 D DlbDap2QmfProcess: setParam(ieon = #1[0])
01-17 09:26:00.493   717 32244 D DlbDap2QmfProcess: setParam(dvme = #1[0])
01-17 09:26:00.493   717 32244 D DlbDap2QmfProcess: setParam(dom = #1[0])
01-17 09:26:00.493   717 32244 D DlbDap2QmfProcess: setParam(msce = #1[0])
01-17 09:26:00.493   717 32244 D DlbDap2QmfProcess: setParam(miee = #1[0])
01-17 09:26:00.493   717 32244 D DlbDap2QmfProcess: setParam(mdle = #1[0])
01-17 09:26:00.493   717 32244 D DlbDap2QmfProcess: setParam(mdee = #1[0])
01-17 09:26:00.493   717 32244 D DlbDap2QmfProcess: setParam(mave = #1[0])
01-17 09:26:00.493   717 32244 D DlbDap2QmfProcess: setParam(ngon = #1[0])
01-17 09:26:00.493   717 32244 D DlbDap2QmfProcess: setParam(dvle = #1[1])
01-17 09:26:00.493   717 32244 D DlbDap2QmfProcess: setParam(dvli = #1[-496])
01-17 09:26:00.493   717 32244 D DlbDap2QmfProcess: setParam(dvlo = #1[-224])
01-17 09:26:00.493   717 32244 D ARenderer: updateDapVolumeLeveler: Setting output level to -14.00dB
01-17 09:26:00.493   717 32244 D DlbDap2QmfProcess: setParam(vmb = #1[0])
01-17 09:26:00.493   717 32244 D DlbDap2QmfProcess: setParam(preg = #1[-384])
01-17 09:26:00.493   717 32244 D DlbDap2QmfProcess: setParam(vol = #1[384])
01-17 09:26:00.493   717 32244 D DlbDap2QmfProcess: processQmf() called [0] times
01-17 09:26:00.493   717 32244 D DlbDap2QmfProcess: setMave(mave = 0)
01-17 09:26:00.504   710 32238 D AudioTrack: Client defaulted notificationFrames to 12000 for frameCount 24000
01-17 09:26:00.505   684   930 I AudioFlinger: attachAuxEffect(): Marking track 797 as containing processed audio
01-17 09:26:00.505   684   930 D AudioFlinger: trackContainsProcessedAudio() Track id 797 contains processed audio
01-17 09:26:00.510   627  3512 D DlbDlbEffect: handle_EFFECT_CMD_DISABLE()
01-17 09:26:00.510   627  3512 D DlbDapCrossfadeProcess: setEnabled transitioning from FADE_TO_ACTIVE state to FADE_TO_BYPASS
01-17 09:26:00.511   627  3512 D DlbDlbEffect: handle_EFFECT_CMD_SET_CONFIG()
01-17 09:26:00.511   627   924 D DlbDapEndpointParamCache: setDevice(device=0x00000002)
01-17 09:26:00.511   645   645 D DMSService: setActiveDevice called with device = 0x2
01-17 09:26:00.512   627  6441 D DlbDlbEffect: handle_EFFECT_CMD_ENABLE()
01-17 09:26:00.512   627  6441 D DlbDapCrossfadeProcess: setEnabled transitioning from FADE_TO_BYPASS state to FADE_TO_ACTIVE
01-17 09:26:00.512   684  3653 W AudioFlinger: moveDolbyEffect() effect chain for session 0 not on source thread 0xee0ae580
01-17 09:26:00.512   684  3653 D AudioFlinger: trackStateChanged() Track id 797 state changed to 6
01-17 09:26:00.512   684  3653 I AudioFlinger: updateProcessedAudioState() Changing content processing in effect to 1
01-17 09:26:00.512   627   627 D DlbDlbEffect: handle_EFFECT_CMD_SET_PARAM()
01-17 09:26:00.513   710 32232 D NuPlayerDriver: notifyListener_l(0xe6bcb850), (6, 0, 0, -1), loop setting(0, 1)
01-17 09:26:00.516   627  3892 I DlbEffectContext: setContentProcEnabled() Disabling content processing in effect
01-17 09:26:00.516   627  3892 D DlbDapEndpointParamCache: commitChangedParams()
01-17 09:26:00.516   627  3892 D DlbDapEndpointParamCache: commit() Applying parameters for device 0x40000000
01-17 09:26:00.516   627  3892 D DlbDap2Process: setParam(msce = #1[0])
01-17 09:26:00.516   627  3892 D DlbDap2Process: setParam(mdee = #1[0])
01-17 09:26:00.516   627  3892 D DlbDap2Process: setParam(miee = #1[0])
01-17 09:26:00.516   627  3892 D DlbDap2Process: setParam(mdle = #1[0])
01-17 09:26:00.516   627  3892 D DlbDap2Process: setParam(dvle = #1[0])
01-17 09:26:00.516   627  3892 D DlbDap2Process: setParam(mave = #1[0])
01-17 09:26:00.517   627  3892 D DlbDap2Process: setParam(ieon = #1[0])
01-17 09:26:00.517   627  3892 D DlbDapEndpointParamCache: doCommit() Committed 7 parameters out of 16.
01-17 09:26:00.517   627  3892 D DlbDapEndpointParamCache: commit() Overriding parameters for current device 0x00000002
01-17 09:26:00.517   627  3892 D DlbDap2Process: setParam(dom = #1[0])
01-17 09:26:00.517   627  3892 D DlbDap2Process: setParam(dvle = #1[0])
01-17 09:26:00.517   627  3892 D DlbDap2Process: setParam(dvme = #1[0])
01-17 09:26:00.517   627  3892 D DlbDap2Process: setParam(deon = #1[0])
01-17 09:26:00.517   627  3892 D DlbDap2Process: setParam(ngon = #1[0])
01-17 09:26:00.517   627  3892 D DlbDapEndpointParamCache: doCommit() Committed 5 parameters out of 37.
01-17 09:26:00.517   627  3892 D DlbDapCrossfadeProcess: setEnabled transitioning from FADE_TO_ACTIVE state to FADE_TO_BYPASS
01-17 09:26:00.518   627  3892 D DlbDapEndpointParamCache: commitChangedParams()
01-17 09:26:00.518   627  3892 D DlbDapEndpointParamCache: commit() Applying parameters for device 0x40000000
01-17 09:26:00.518   627  3892 D DlbDap2Process: setParam(iea = #1[10])
01-17 09:26:00.519   627  3892 D DlbDap2Process: setParam(vcbf = #20[47, 141, 234, 328, 469, 656, 844, 1031, 1313, 1688, 2250, 3000, 3750, 4688, 5813, 7125, 9000, 11250, 13875, 19688])
01-17 09:26:00.519   627  3892 D DlbDap2Process: setParam(vbon = #1[0])
01-17 09:26:00.519   627  3892 D DlbDap2Process: setParam(beon = #1[0])
01-17 09:26:00.519   627  3892 D DlbDap2Process: setParam(geon = #1[0])
01-17 09:26:00.519   627  3892 D DlbDap2Process: setParam(gebs = #41[20, 47, 141, 234, 328, 469, 656, 844, 1031, 1313, 1688, 2250, 3000, 3750, 4688, 5813, 7125, 9000, 11250, 13875, 19688, 0, 0, 0, 0, 0, 0, 0, 0, 0, 0, 0, 0, 0, 0, 0, 0, 0, 0, 0, 0])
01-17 09:26:00.519   627  3892 D DlbDap2Process: setParam(iebs = #41[20, 65, 136, 223, 332, 467, 634, 841, 1098, 1416, 1812, 2302, 2909, 3663, 4598, 5756, 7194, 8976, 11186, 13927, 17326, 117, 133, 188, 176, 141, 149, 175, 185, 185, 200, 236, 242, 228, 213, 182, 132, 110, 68, -27, -240])
01-17 09:26:00.519   627  3892 D DlbDapEndpointParamCache: doCommit() Committed 8 parameters out of 16.
01-17 09:26:00.519   627  3892 D DlbDapEndpointParamCache: commit() Overriding parameters for current device 0x00000002
01-17 09:26:00.519   627  3892 D DlbDap2Process: setParam(dea = #1[7])
01-17 09:26:00.519   627  3892 D DlbDap2Process: setParam(dsa = #1[10])
01-17 09:26:00.519   627  3892 D DlbDap2Process: setParam(beb = #1[192])
01-17 09:26:00.519   627  3892 D DlbDap2Process: setParam(plb = #1[0])
01-17 09:26:00.519   627  3892 D DlbDap2Process: setParam(vmb = #1[144])
01-17 09:26:00.519   627  3892 D DlbDap2Process: setParam(dsb = #1[0])
01-17 09:26:00.519   627  3892 D DlbDap2Process: setParam(ded = #1[0])
01-17 09:26:00.519   627  3892 D DlbDap2Process: setParam(vbm = #1[3])
01-17 09:26:00.519   627  3892 D DlbDap2Process: setParam(bew = #1[16])
01-17 09:26:00.519   627  3892 D DlbDap2Process: setParam(dvla = #1[4])
01-17 09:26:00.519   627  3892 D DlbDap2Process: setParam(arra = #1[96])
01-17 09:26:00.519   627  3892 D DlbDap2Process: setParam(dfsa = #1[10])
01-17 09:26:00.519   627  3892 D DlbDap2Process: setParam(dhsa = #1[10])
01-17 09:26:00.519   627  3892 D DlbDap2Process: setParam(dvmc = #1[0])
01-17 09:26:00.519   627  3892 D DlbDap2Process: setParam(arod = #1[0])
01-17 09:26:00.519   627  3892 D DlbDap2Process: setParam(arde = #1[1])
01-17 09:26:00.519   627  3892 D DlbDap2Process: setParam(becf = #1[200])
01-17 09:26:00.519   627  3892 D DlbDap2Process: setParam(vbmf = #2[94, 469])
01-17 09:26:00.519   627  3892 D DlbDap2Process: setParam(vbsf = #2[35, 160])
01-17 09:26:00.519   627  3892 D DlbDap2Process: setParam(vbhg = #3[-32, -144, -192])
01-17 09:26:00.519   627  3892 D DlbDap2Process: setParam(vbog = #1[0])
01-17 09:26:00.519   627  3892 D DlbDap2Process: setParam(vbsg = #1[0])
01-17 09:26:00.519   627  3892 D DlbDap2Process: setParam(dvli = #1[-320])
01-17 09:26:00.519   627  3892 D DlbDap2Process: setParam(dhfm = #1[2])
01-17 09:26:00.519   627  3892 D DlbDap2Process: setParam(vbon = #1[0])
01-17 09:26:00.519   627  3892 D DlbDap2Process: setParam(beon = #1[0])
01-17 09:26:00.519   627  3892 D DlbDap2Process: setParam(aoon = #1[1])
01-17 09:26:00.519   627  3892 D DlbDap2Process: setParam(aron = #1[1])
01-17 09:26:00.519   627  3892 D DlbDap2Process: setParam(dvlo = #1[-320])
01-17 09:26:00.519   627  3892 D DlbDap2Process: setParam(artp = #1[12])
01-17 09:26:00.520   627  3892 D DlbDap2Process: setParam(aobs = #222[20, 10, 47, 141, 234, 328, 469, 656, 844, 1031, 1313, 1688, 2250, 3000, 3750, 4688, 5813, 7125, 9000, 11250, 13875, 19688, 0, 0, 0, 0, 0, 0, 0, 0, 0, 0, 0, 0, 0, 0, 0, 0, 0, 0, 0, 0, 0, 0, 0, 0, 0, 0, 0, 0, 0, 0, 0, 0, 0, 0, 0, 0, 0, 0, 0, 0, 0, 0, 0, 0, 0, 0, 0, 0, 0, 0, 0, 0, 0, 0, 0, 0, 0, 0, 0, 0, 0, 0, 0, 0, 0, 0, 0, 0, 0, 0, 0, 0, 0, 0, 0, 0, 0, 0, 0, 0, 0, 0, 0, 0, 0, 0, 0, 0, 0, 0, 0, 0, 0, 0, 0, 0, 0, 0, 0, 0, 0, 0, 0, 0, 0, 0, 0, 0, 0, 0, 0, 0, 0, 0, 0, 0, 0, 0, 0, 0, 0, 0, 0, 0, 0, 0, 0, 0, 0, 0, 0, 0, 0, 0, 0, 0, 0, 0, 0, 0, 0, 0, 0, 0, 0, 0, 0, 0, 0, 0, 0, 0, 0, 0, 0, 0, 0, 0, 0, 0, 0, 0, 0, 0, 0, 0, 0, 0, 0, 0, 0, 0, 0, 0, 0, 0, 0, 0, 0, 0, 0, 0, 0, 0, 0, 0, 0, 0, 0, 0, 0, 0, 0, 0, 0, 0, 0, 0, 0, 0])
01-17 09:26:00.520   627  3892 D DlbDap2Process: setParam(arbs = #81[20, 47, 141, 234, 328, 469, 656, 844, 1031, 1313, 1688, 2250, 3000, 3750, 4688, 5813, 7125, 9000, 11250, 13875, 19688, -192, -192, -192, -192, -192, -192, -192, -192, -192, -192, -192, -192, -192, -192, -192, -192, -192, -192, -192, -192, 0, 0, 0, 0, 0, 0, 0, 0, 0, 0, 0, 0, 0, 0, 0, 0, 0, 0, 0, 0, 0, 0, 0, 0, 0, 0, 0, 0, 0, 0, 0, 0, 0, 0, 0, 0, 0, 0, 0, 0])
01-17 09:26:00.520   627  3892 D DlbDapEndpointParamCache: doCommit() Committed 32 parameters out of 37.
01-17 09:26:00.520   627  3892 D DlbDap2Process: setMave(mave = 0)
01-17 09:26:00.543 32207 32207 D featureTest: receive broadcast , playing content location :/sdcard/featureTest/ChID_voices_71_640_ddp_joc.mp4
01-17 09:26:00.546   710  1419 D NuPlayerDriver: stop(0xe6bcb850)
01-17 09:26:00.546   710  1419 D NuPlayerDriver: notifyListener_l(0xe6bcb850), (8, 0, 0, -1), loop setting(0, 1)
01-17 09:26:00.547   710  1419 D NuPlayerDriver: reset(0xe6bcb850) at state 8
01-17 09:26:00.559   717  5783 I DDP_JOCDecoder: -> ~DDPDecoder
01-17 09:26:00.559   717  5783 I DDP_JOCDecoder: -> stop
01-17 09:26:00.559   645   645 I DMSService: unregisterClient type = 4, uid = e7f0fbd0
01-17 09:26:00.576   627  3892 D DlbDapCrossfadeProcess: process transitioning from FADE_TO_BYPASS state to DAP_BYPASSED
01-17 09:26:00.589   717  5783 I DDP_JOCDecoder: <- stop
01-17 09:26:00.589   717  5783 I ARenderer: ~ARenderer
01-17 09:26:00.589   717  5783 I evo_parser: evo_parser_close
01-17 09:26:00.589   717  5783 I DlbDap2QmfProcess: ~Dap2Process()
01-17 09:26:00.589   717  5783 I DlbDap2QmfProcess: close()
01-17 09:26:00.589   717  5783 I DDP_JOCDecoder: <- ~DDPDecoder
01-17 09:26:00.595   710 32232 D NuPlayerDriver: notifyResetComplete(0xe6bcb850)
01-17 09:26:00.596   710  1419 D NuPlayerDriver: reset(0xe6bcb850) at state 0
01-17 09:26:00.602 32207 32207 D featureTest: mMediaPlayer.getAudioSessionId(): 5993
01-17 09:26:00.602 32207 32207 D featureTest: Playing file: /sdcard/featureTest/ChID_voices_71_640_ddp_joc.mp4
01-17 09:26:00.604   710  1422 D NuPlayerDriver: NuPlayerDriver(0xe6bcb1c0) created, clientPid(32207)
01-17 09:26:00.621   710 32257 D NuPlayerDriver: notifyListener_l(0xe6bcb1c0), (5, 1920, 1080, -1), loop setting(0, 0)
01-17 09:26:00.622   710 32257 D NuPlayerDriver: notifyListener_l(0xe6bcb1c0), (1, 0, 0, -1), loop setting(0, 0)
01-17 09:26:00.627   710  1419 D NuPlayerDriver: start(0xe6bcb1c0), state is 4, eos is 0
01-17 09:26:00.634 32207 32207 D featureTest: receive broadcast , change ds status :1
01-17 09:26:00.637   627  3892 I DlbEffectContext: setContentProcEnabled() Enabling content processing in global effect
01-17 09:26:00.638   627  3892 D DlbDapEndpointParamCache: commitChangedParams()
01-17 09:26:00.638   627  3892 D DlbDapEndpointParamCache: commit() Applying parameters for device 0x40000000
01-17 09:26:00.638   627  3892 D DlbDap2Process: setParam(iea = #1[10])
01-17 09:26:00.638   627  3892 D DlbDap2Process: setParam(msce = #1[0])
01-17 09:26:00.638   627  3892 D DlbDap2Process: setParam(mdee = #1[0])
01-17 09:26:00.638   627  3892 D DlbDap2Process: setParam(miee = #1[0])
01-17 09:26:00.638   627  3892 D DlbDap2Process: setParam(mdle = #1[0])
01-17 09:26:00.638   627  3892 D DlbDap2Process: setParam(dvle = #1[1])
01-17 09:26:00.638   627  3892 D DlbDap2Process: setParam(mave = #1[0])
01-17 09:26:00.638   627  3892 D DlbDap2Process: setParam(vcbf = #20[47, 141, 234, 328, 469, 656, 844, 1031, 1313, 1688, 2250, 3000, 3750, 4688, 5813, 7125, 9000, 11250, 13875, 19688])
01-17 09:26:00.638   627  3892 D DlbDap2Process: setParam(vbon = #1[0])
01-17 09:26:00.638   627  3892 D DlbDap2Process: setParam(beon = #1[0])
01-17 09:26:00.638   627  3892 D DlbDap2Process: setParam(geon = #1[0])
01-17 09:26:00.638   627  3892 D DlbDap2Process: setParam(ieon = #1[1])
01-17 09:26:00.638   627  3892 D DlbDap2Process: setParam(gebs = #41[20, 47, 141, 234, 328, 469, 656, 844, 1031, 1313, 1688, 2250, 3000, 3750, 4688, 5813, 7125, 9000, 11250, 13875, 19688, 0, 0, 0, 0, 0, 0, 0, 0, 0, 0, 0, 0, 0, 0, 0, 0, 0, 0, 0, 0])
01-17 09:26:00.638   627  3892 D DlbDap2Process: setParam(iebs = #41[20, 65, 136, 223, 332, 467, 634, 841, 1098, 1416, 1812, 2302, 2909, 3663, 4598, 5756, 7194, 8976, 11186, 13927, 17326, 117, 133, 188, 176, 141, 149, 175, 185, 185, 200, 236, 242, 228, 213, 182, 132, 110, 68, -27, -240])
01-17 09:26:00.638   627  3892 D DlbDapEndpointParamCache: doCommit() Committed 15 parameters out of 16.
01-17 09:26:00.639   627  3892 D DlbDapEndpointParamCache: commit() Overriding parameters for current device 0x00000002
01-17 09:26:00.639   627  3892 D DlbDap2Process: setParam(dea = #1[7])
01-17 09:26:00.639   627  3892 D DlbDap2Process: setParam(dsa = #1[10])
01-17 09:26:00.639   627  3892 D DlbDap2Process: setParam(beb = #1[192])
01-17 09:26:00.639   627  3892 D DlbDap2Process: setParam(plb = #1[0])
01-17 09:26:00.639   627  3892 D DlbDap2Process: setParam(vmb = #1[144])
01-17 09:26:00.639   627  3892 D DlbDap2Process: setParam(dsb = #1[0])
01-17 09:26:00.639   627  3892 D DlbDap2Process: setParam(ded = #1[0])
01-17 09:26:00.640   627  3892 D DlbDap2Process: setParam(vbm = #1[3])
01-17 09:26:00.640   627  3892 D DlbDap2Process: setParam(dom = #1[0])
01-17 09:26:00.640   627  3892 D DlbDap2Process: setParam(bew = #1[16])
01-17 09:26:00.640   627  3892 D DlbDap2Process: setParam(dvla = #1[4])
01-17 09:26:00.640   627  3892 D DlbDap2Process: setParam(arra = #1[96])
01-17 09:26:00.640   627  3892 D DlbDap2Process: setParam(dfsa = #1[10])
01-17 09:26:00.640   627  3892 D DlbDap2Process: setParam(dhsa = #1[10])
01-17 09:26:00.640   627  3892 D DlbDap2Process: setParam(dvmc = #1[0])
01-17 09:26:00.640   627  3892 D DlbDap2Process: setParam(arod = #1[0])
01-17 09:26:00.641   627  3892 D DlbDap2Process: setParam(arde = #1[1])
01-17 09:26:00.641   627  3892 D DlbDap2Process: setParam(dvle = #1[1])
01-17 09:26:00.641   627  3892 D DlbDap2Process: setParam(dvme = #1[0])
01-17 09:26:00.641   627  3892 D DlbDap2Process: setParam(becf = #1[200])
01-17 09:26:00.641   627  3892 D DlbDap2Process: setParam(vbmf = #2[94, 469])
01-17 09:26:00.641   627  3892 D DlbDap2Process: setParam(vbsf = #2[35, 160])
01-17 09:26:00.641   627  3892 D DlbDap2Process: setParam(vbhg = #3[-32, -144, -192])
01-17 09:26:00.641   627  3892 D DlbDap2Process: setParam(vbog = #1[0])
01-17 09:26:00.641   627  3892 D DlbDap2Process: setParam(vbsg = #1[0])
01-17 09:26:00.641   627  3892 D DlbDap2Process: setParam(dvli = #1[-320])
01-17 09:26:00.641   627  3892 D DlbDap2Process: setParam(dhfm = #1[2])
01-17 09:26:00.641   627  3892 D DlbDap2Process: setParam(vbon = #1[0])
01-17 09:26:00.641   627  3892 D DlbDap2Process: setParam(beon = #1[0])
01-17 09:26:00.641   627  3892 D DlbDap2Process: setParam(deon = #1[0])
01-17 09:26:00.641   627  3892 D DlbDap2Process: setParam(ngon = #1[1])
01-17 09:26:00.641   627  3892 D DlbDap2Process: setParam(aoon = #1[1])
01-17 09:26:00.641   627  3892 D DlbDap2Process: setParam(aron = #1[1])
01-17 09:26:00.641   627  3892 D DlbDap2Process: setParam(dvlo = #1[-320])
01-17 09:26:00.641   627  3892 D DlbDap2Process: setParam(artp = #1[12])
01-17 09:26:00.642   627  3892 D DlbDap2Process: setParam(aobs = #222[20, 10, 47, 141, 234, 328, 469, 656, 844, 1031, 1313, 1688, 2250, 3000, 3750, 4688, 5813, 7125, 9000, 11250, 13875, 19688, 0, 0, 0, 0, 0, 0, 0, 0, 0, 0, 0, 0, 0, 0, 0, 0, 0, 0, 0, 0, 0, 0, 0, 0, 0, 0, 0, 0, 0, 0, 0, 0, 0, 0, 0, 0, 0, 0, 0, 0, 0, 0, 0, 0, 0, 0, 0, 0, 0, 0, 0, 0, 0, 0, 0, 0, 0, 0, 0, 0, 0, 0, 0, 0, 0, 0, 0, 0, 0, 0, 0, 0, 0, 0, 0, 0, 0, 0, 0, 0, 0, 0, 0, 0, 0, 0, 0, 0, 0, 0, 0, 0, 0, 0, 0, 0, 0, 0, 0, 0, 0, 0, 0, 0, 0, 0, 0, 0, 0, 0, 0, 0, 0, 0, 0, 0, 0, 0, 0, 0, 0, 0, 0, 0, 0, 0, 0, 0, 0, 0, 0, 0, 0, 0, 0, 0, 0, 0, 0, 0, 0, 0, 0, 0, 0, 0, 0, 0, 0, 0, 0, 0, 0, 0, 0, 0, 0, 0, 0, 0, 0, 0, 0, 0, 0, 0, 0, 0, 0, 0, 0, 0, 0, 0, 0, 0, 0, 0, 0, 0, 0, 0, 0, 0, 0, 0, 0, 0, 0, 0, 0, 0, 0, 0, 0, 0, 0, 0, 0, 0])
01-17 09:26:00.642   627  3892 D DlbDap2Process: setParam(arbs = #81[20, 47, 141, 234, 328, 469, 656, 844, 1031, 1313, 1688, 2250, 3000, 3750, 4688, 5813, 7125, 9000, 11250, 13875, 19688, -192, -192, -192, -192, -192, -192, -192, -192, -192, -192, -192, -192, -192, -192, -192, -192, -192, -192, -192, -192, 0, 0, 0, 0, 0, 0, 0, 0, 0, 0, 0, 0, 0, 0, 0, 0, 0, 0, 0, 0, 0, 0, 0, 0, 0, 0, 0, 0, 0, 0, 0, 0, 0, 0, 0, 0, 0, 0, 0, 0])
01-17 09:26:00.642   627  3892 D DlbDapEndpointParamCache: doCommit() Committed 37 parameters out of 37.
01-17 09:26:00.646   717  5783 I OMXMaster: makeComponentInstance(OMX.dolby.eac3.decoder) in omx@1.0-service process
01-17 09:26:00.651   627   627 D DlbDlbEffect: handle_EFFECT_CMD_SET_PARAM()
01-17 09:26:00.676   627  3892 D DlbDapCrossfadeProcess: setEnabled transitioning from DAP_BYPASSED state to PREROLL_ACTIVE
01-17 09:26:00.676   627  3892 D DlbDap2Process: setMave(mave = 0)
01-17 09:26:00.679   717  5783 I DDP_JOCDecoder: -> init name OMX.dolby.eac3.decoder
01-17 09:26:00.680   645   645 I DMSService: registerClient type = 0, uid = e7f0fc30
01-17 09:26:00.680   717  5783 I DDP_JOCDecoder: <- init
01-17 09:26:00.680   717  5783 D DDP_JOCDecoder: initPorts
01-17 09:26:00.682   710 32262 I ACodec  : codec does not support config priority (err -2147483648)
01-17 09:26:00.682   710 32262 I MediaCodec: MediaCodec will operate in async mode
01-17 09:26:00.683   710 32261 I NuPlayerDecoder: setDolbyMessage() Notifying player that Codec supports dolby_processed_audio flag
01-17 09:26:00.683   710 32262 I ACodec  : setDolbyParameterOnProcessedAudio() Received dolby_processed_audio=1
01-17 09:26:00.683   710 32257 I NuPlayer: onDolbyMessageReceived() Setting dolby_processed_audio flag on audio sink
01-17 09:26:00.683   645   645 I DMSService: unregisterClient type = 0, uid = e7f0fc30
01-17 09:26:00.695   684  1061 D AudioFlinger: trackStateChanged() Track id 797 state changed to 2
01-17 09:26:00.695   684  1061 I AudioFlinger: updateProcessedAudioState() Changing content processing in effect to 0
01-17 09:26:00.695   627   627 D DlbDlbEffect: handle_EFFECT_CMD_SET_PARAM()
01-17 09:26:00.710   645   645 I DMSService: registerClient type = 4, uid = e7f0fc20
01-17 09:26:00.710   717  5319 D DDP_JOCDecoder: internalSetParameter() Instantiating ARenderer for content processing in decoder
01-17 09:26:00.710   717  5319 I DlbDap2QmfProcess: Dap2Process()
01-17 09:26:00.710   717  5319 I ARenderer: ARenderer
01-17 09:26:00.710   717  5319 I evo_parser: evo_parser_init
01-17 09:26:00.710   717  5319 I DlbDap2QmfProcess: init()
01-17 09:26:00.710   717  5319 I DlbDap2QmfProcess: open()
01-17 09:26:00.711   717  5319 I DlbDap2QmfProcess: loadLicense() no license check!
01-17 09:26:00.711   717  5319 I DlbDap2QmfProcess: validateLicense() no license check!
01-17 09:26:00.711   717  5319 I DlbDap2QmfProcess: init() DAP opened
01-17 09:26:00.711   717  5319 I DlbDap2QmfProcess: DAP library version: 2.5.1-P2.0
01-17 09:26:00.711   717  5319 D DlbDap2QmfProcess: DAP output mode set to 1 with 2 output channels and null mix matrix.
01-17 09:26:00.711   710 32262 I ACodec  : setDolbyParameterOnProcessedAudio() Content processing enabled in decoder
01-17 09:26:00.716   684  1061 D AudioFlinger: trackDestroyed() Track id 797 no longer contains processed audio
01-17 09:26:00.716 32207 32207 D featureTest: receive broadcast , change ds profile id :5
01-17 09:26:00.718   627  3892 I DlbEffectContext: setContentProcEnabled() Disabling content processing in effect
01-17 09:26:00.718   627  3892 D DlbDapEndpointParamCache: commitChangedParams()
01-17 09:26:00.718   627  3892 D DlbDapEndpointParamCache: commit() Applying parameters for device 0x40000000
01-17 09:26:00.718   627  3892 D DlbDap2Process: setParam(msce = #1[0])
01-17 09:26:00.718   627  3892 D DlbDap2Process: setParam(mdee = #1[0])
01-17 09:26:00.718   627  3892 D DlbDap2Process: setParam(miee = #1[0])
01-17 09:26:00.718   627  3892 D DlbDap2Process: setParam(mdle = #1[0])
01-17 09:26:00.718   627  3892 D DlbDap2Process: setParam(dvle = #1[0])
01-17 09:26:00.718   627  3892 D DlbDap2Process: setParam(mave = #1[0])
01-17 09:26:00.718   627  3892 D DlbDap2Process: setParam(ieon = #1[0])
01-17 09:26:00.718   627  3892 D DlbDapEndpointParamCache: doCommit() Committed 7 parameters out of 16.
01-17 09:26:00.718   627  3892 D DlbDapEndpointParamCache: commit() Overriding parameters for current device 0x00000002
01-17 09:26:00.718   627  3892 D DlbDap2Process: setParam(dom = #1[0])
01-17 09:26:00.718   627  3892 D DlbDap2Process: setParam(dvle = #1[0])
01-17 09:26:00.718   627  3892 D DlbDap2Process: setParam(dvme = #1[0])
01-17 09:26:00.718   627  3892 D DlbDap2Process: setParam(deon = #1[0])
01-17 09:26:00.719   627  3892 D DlbDap2Process: setParam(ngon = #1[0])
01-17 09:26:00.719   627  3892 D DlbDapEndpointParamCache: doCommit() Committed 5 parameters out of 37.
01-17 09:26:00.719   627  3892 D DlbDap2Process: setMave(mave = 0)
01-17 09:26:00.719   627  3892 D DlbDapCrossfadeProcess: process transitioning from PREROLL_ACTIVE state to FADE_TO_ACTIVE
01-17 09:26:00.719   684   928 W AudioFlinger::EffectModule: EffectModule 0xed0e2500 destructor called with unreleased interface
01-17 09:26:00.720   684   928 W AudioFlinger::EffectHandle: disconnect Effect handle 0xee163440 disconnected after thread destruction
01-17 09:26:00.720   627   924 D DlbDlbEffect: handle_EFFECT_CMD_DISABLE()
01-17 09:26:00.720   627   924 D DlbDapCrossfadeProcess: setEnabled transitioning from FADE_TO_ACTIVE state to FADE_TO_BYPASS
01-17 09:26:00.722   627  6441 D DlbDlbEffect: handle_EFFECT_CMD_SET_CONFIG()
01-17 09:26:00.722   627   922 D DlbDapEndpointParamCache: setDevice(device=0x00000002)
01-17 09:26:00.722   645   645 D DMSService: setActiveDevice called with device = 0x2
01-17 09:26:00.722   627  6441 D DlbDlbEffect: handle_EFFECT_CMD_ENABLE()
01-17 09:26:00.722   627  6441 D DlbDapCrossfadeProcess: setEnabled transitioning from FADE_TO_BYPASS state to FADE_TO_ACTIVE
01-17 09:26:00.723   717 32265 I DDP_JOCDecoder: -> start
01-17 09:26:00.724   717 32265 D DDP_JOCDecoder: Setting Max Output Channels to 2
01-17 09:26:00.725   717 32265 D DDP_JOCDecoder: setMultiChannelPCMOutDownmix mConfig->jocForceDownmixMode 1
01-17 09:26:00.725   717 32265 I udc_user: 
01-17 09:26:00.725   717 32265 I udc_user: *** DDPlus Unified Decoder Simulation  Version 1.7.3 ***
01-17 09:26:00.725   717 32265 I udc_user: 
01-17 09:26:00.725   717 32265 I udc_user: 7.1-channel decoder-converter, 
01-17 09:26:00.725   717 32265 I udc_user: 
01-17 09:26:00.725   717 32265 I udc_user: 5.1-channel dual-decoder-converter, 
01-17 09:26:00.725   717 32265 I udc_user: Karaoke unsupported, 
01-17 09:26:00.725   717 32265 I udc_user: TPNP supported. 
01-17 09:26:00.725   717 32265 I udc_user: 
01-17 09:26:00.725   717 32265 I udc_user: Unpublished work.  Copyright 2003-2014 Dolby Laboratories, Inc. and
01-17 09:26:00.725   717 32265 I udc_user: Dolby Laboratories Licensing Corporation.  All Rights Reserved.
01-17 09:26:00.725   717 32265 I udc_user: 
01-17 09:26:00.725   717 32265 I udc_user: USE OF THIS SOFTWARE IS SUBJECT TO A LEGAL AGREEMENT BETWEEN YOU AND DOLBY
01-17 09:26:00.725   717 32265 I udc_user: LABORATORIES. DO NOT USE THIS SOFTWARE UNLESS YOU AGREE TO THE TERMS AND 
01-17 09:26:00.725   717 32265 I udc_user: CONDITIONS IN THE AGREEMENT.  BY USING THIS SOFTWARE, YOU ACKNOWLEDGE THAT 
01-17 09:26:00.725   717 32265 I udc_user: YOU HAVE READ THE AGREEMENT AND THAT YOU AGREE TO BE BOUND BY ITS TERMS. 
01-17 09:26:00.725   717 32265 I udc_user: 
01-17 09:26:00.726   717 32265 I ddpdec_client_joc: ddpdec_open JOCD_MODE Buffer assignment
01-17 09:26:00.726   717 32265 D DDP_JOCDecoder: mStarted = 1
01-17 09:26:00.726   717 32265 I DDP_JOCDecoder: <- start
01-17 09:26:00.727   717 32265 D ddpdec_client_joc: ddpdec_client.c|int configDecoder()
01-17 09:26:00.729   717 32265 D DDP_JOCDecoder: Setting Max Output Channels to 2
01-17 09:26:00.730   627   922 D DlbDlbEffect: handle_EFFECT_CMD_SET_PARAM()
01-17 09:26:00.730   717 32265 I DlbDap2QmfProcess: close()
01-17 09:26:00.730   717 32265 I DlbDap2QmfProcess: init()
01-17 09:26:00.730   645   713 I DapController: Profile Changed to Custom
01-17 09:26:00.730   717 32265 I DlbDap2QmfProcess: open()
01-17 09:26:00.731   717 32265 I DlbDap2QmfProcess: loadLicense() no license check!
01-17 09:26:00.731   717 32265 I DlbDap2QmfProcess: validateLicense() no license check!
01-17 09:26:00.731   717 32265 I DlbDap2QmfProcess: init() DAP opened
01-17 09:26:00.731   717 32265 I DlbDap2QmfProcess: DAP library version: 2.5.1-P2.0
01-17 09:26:00.731   717 32265 D DlbDap2QmfProcess: DAP output mode set to 1 with 2 output channels and null mix matrix.
01-17 09:26:00.731   717 32265 D ARenderer: checkAndUpdateConfig: DAP reinitialized because of sample rate change
01-17 09:26:00.731   717 32265 D ARenderer: updateDapConfig: Updating DAP configuration
01-17 09:26:00.731   717 32265 D DlbDap2QmfProcess: setParam(iea = #1[10])
01-17 09:26:00.731   717 32265 D DlbDap2QmfProcess: setParam(msce = #1[0])
01-17 09:26:00.731   717 32265 D DlbDap2QmfProcess: setParam(mdee = #1[0])
01-17 09:26:00.731   717 32265 D DlbDap2QmfProcess: setParam(miee = #1[0])
01-17 09:26:00.731   717 32265 D DlbDap2QmfProcess: setParam(mdle = #1[0])
01-17 09:26:00.731   717 32265 D DlbDap2QmfProcess: setParam(dvle = #1[1])
01-17 09:26:00.731   717 32265 D DlbDap2QmfProcess: setParam(mave = #1[0])
01-17 09:26:00.731   717 32265 D DlbDap2QmfProcess: setParam(vcbf = #20[47, 141, 234, 328, 469, 656, 844, 1031, 1313, 1688, 2250, 3000, 3750, 4688, 5813, 7125, 9000, 11250, 13875, 19688])
01-17 09:26:00.731   717 32265 D DlbDap2QmfProcess: setParam(ieon = #1[1])
01-17 09:26:00.731   717 32265 D DlbDap2QmfProcess: setParam(gebs = #41[20, 47, 141, 234, 328, 469, 656, 844, 1031, 1313, 1688, 2250, 3000, 3750, 4688, 5813, 7125, 9000, 11250, 13875, 19688, 0, 0, 0, 0, 0, 0, 0, 0, 0, 0, 0, 0, 0, 0, 0, 0, 0, 0, 0, 0])
01-17 09:26:00.731   717 32265 D DlbDap2QmfProcess: setParam(iebs = #41[20, 65, 136, 223, 332, 467, 634, 841, 1098, 1416, 1812, 2302, 2909, 3663, 4598, 5756, 7194, 8976, 11186, 13927, 17326, 117, 133, 188, 176, 141, 149, 175, 185, 185, 200, 236, 242, 228, 213, 182, 132, 110, 68, -27, -240])
01-17 09:26:00.731   717 32265 D DlbDap2QmfProcess: setParam(dea = #1[7])
01-17 09:26:00.731   717 32265 D DlbDap2QmfProcess: setParam(dsa = #1[10])
01-17 09:26:00.731   717 32265 D DlbDap2QmfProcess: setParam(beb = #1[192])
01-17 09:26:00.731   717 32265 D DlbDap2QmfProcess: setParam(plb = #1[0])
01-17 09:26:00.731   717 32265 D DlbDap2QmfProcess: setParam(vmb = #1[144])
01-17 09:26:00.731   717 32265 D DlbDap2QmfProcess: setParam(dsb = #1[0])
01-17 09:26:00.731   717 32265 D DlbDap2QmfProcess: setParam(ded = #1[0])
01-17 09:26:00.731   717 32265 D DlbDap2QmfProcess: setParam(dom = #1[0])
01-17 09:26:00.731   717 32265 D DlbDap2QmfProcess: setParam(bew = #1[16])
01-17 09:26:00.731   717 32265 D DlbDap2QmfProcess: setParam(dvla = #1[4])
01-17 09:26:00.732   717 32265 D DlbDap2QmfProcess: setParam(dfsa = #1[10])
01-17 09:26:00.732   717 32265 D DlbDap2QmfProcess: setParam(dhsa = #1[10])
01-17 09:26:00.732   717 32265 D DlbDap2QmfProcess: setParam(dvmc = #1[0])
01-17 09:26:00.732   717 32265 D DlbDap2QmfProcess: setParam(dvle = #1[1])
01-17 09:26:00.732   717 32265 D DlbDap2QmfProcess: setParam(dvme = #1[0])
01-17 09:26:00.732   717 32265 D DlbDap2QmfProcess: setParam(becf = #1[200])
01-17 09:26:00.732   717 32265 D DlbDap2QmfProcess: setParam(vbmf = #2[94, 469])
01-17 09:26:00.732   717 32265 D DlbDap2QmfProcess: setParam(vbsf = #2[35, 160])
01-17 09:26:00.732   717 32265 D DlbDap2QmfProcess: setParam(vbhg = #3[-32, -144, -192])
01-17 09:26:00.732   717 32265 D DlbDap2QmfProcess: setParam(vbog = #1[0])
01-17 09:26:00.732   717 32265 D DlbDap2QmfProcess: setParam(vbsg = #1[0])
01-17 09:26:00.732   717 32265 D DlbDap2QmfProcess: setParam(dvli = #1[-320])
01-17 09:26:00.732   717 32265 D DlbDap2QmfProcess: setParam(dhfm = #1[2])
01-17 09:26:00.732   717 32265 D DlbDap2QmfProcess: setParam(deon = #1[0])
01-17 09:26:00.732   717 32265 D DlbDap2QmfProcess: setParam(ngon = #1[1])
01-17 09:26:00.732   717 32265 D DlbDap2QmfProcess: setParam(dvlo = #1[-320])
01-17 09:26:00.732   717 32265 D DlbDap2QmfProcess: setParam(aobs = #222[20, 10, 47, 141, 234, 328, 469, 656, 844, 1031, 1313, 1688, 2250, 3000, 3750, 4688, 5813, 7125, 9000, 11250, 13875, 19688, 0, 0, 0, 0, 0, 0, 0, 0, 0, 0, 0, 0, 0, 0, 0, 0, 0, 0, 0, 0, 0, 0, 0, 0, 0, 0, 0, 0, 0, 0, 0, 0, 0, 0, 0, 0, 0, 0, 0, 0, 0, 0, 0, 0, 0, 0, 0, 0, 0, 0, 0, 0, 0, 0, 0, 0, 0, 0, 0, 0, 0, 0, 0, 0, 0, 0, 0, 0, 0, 0, 0, 0, 0, 0, 0, 0, 0, 0, 0, 0, 0, 0, 0, 0, 0, 0, 0, 0, 0, 0, 0, 0, 0, 0, 0, 0, 0, 0, 0, 0, 0, 0, 0, 0, 0, 0, 0, 0, 0, 0, 0, 0, 0, 0, 0, 0, 0, 0, 0, 0, 0, 0, 0, 0, 0, 0, 0, 0, 0, 0, 0, 0, 0, 0, 0, 0, 0, 0, 0, 0, 0, 0, 0, 0, 0, 0, 0, 0, 0, 0, 0, 0, 0, 0, 0, 0, 0, 0, 0, 0, 0, 0, 0, 0, 0, 0, 0, 0, 0, 0, 0, 0, 0, 0, 0, 0, 0, 0, 0, 0, 0, 0, 0, 0, 0, 0, 0, 0, 0, 0, 0, 0, 0, 0, 0, 0, 0, 0, 0, 0])
01-17 09:26:00.732   717 32265 D DlbDap2QmfProcess: setParam(dvle = #1[1])
01-17 09:26:00.732   717 32265 D DlbDap2QmfProcess: setParam(dvli = #1[-496])
01-17 09:26:00.732   717 32265 D DlbDap2QmfProcess: setParam(dvlo = #1[-176])
01-17 09:26:00.732   717 32265 D ARenderer: updateDapVolumeLeveler: Setting output level to -11.00dB
01-17 09:26:00.732   717 32265 D DlbDap2QmfProcess: setParam(vmb = #1[0])
01-17 09:26:00.732   717 32265 D DlbDap2QmfProcess: setParam(preg = #1[-384])
01-17 09:26:00.732   717 32265 D DlbDap2QmfProcess: setParam(vol = #1[384])
01-17 09:26:00.732   717 32265 D DlbDap2QmfProcess: processQmf() called [0] times
01-17 09:26:00.733   717 32265 D DlbDap2QmfProcess: setMave(mave = 0)
01-17 09:26:00.737   717 32265 D ARenderer: updateDapConfig: Updating DAP configuration
01-17 09:26:00.737   717 32265 D DlbDap2QmfProcess: setParam(iea = #1[10])
01-17 09:26:00.737   717 32265 D DlbDap2QmfProcess: setParam(msce = #1[0])
01-17 09:26:00.737   717 32265 D DlbDap2QmfProcess: setParam(mdee = #1[0])
01-17 09:26:00.737   717 32265 D DlbDap2QmfProcess: setParam(miee = #1[0])
01-17 09:26:00.737   717 32265 D DlbDap2QmfProcess: setParam(mdle = #1[0])
01-17 09:26:00.737   717 32265 D DlbDap2QmfProcess: setParam(dvle = #1[1])
01-17 09:26:00.737   717 32265 D DlbDap2QmfProcess: setParam(mave = #1[0])
01-17 09:26:00.737   717 32265 D DlbDap2QmfProcess: setParam(vcbf = #20[47, 141, 234, 328, 469, 656, 844, 1031, 1313, 1688, 2250, 3000, 3750, 4688, 5813, 7125, 9000, 11250, 13875, 19688])
01-17 09:26:00.737   717 32265 D DlbDap2QmfProcess: setParam(ieon = #1[0])
01-17 09:26:00.738   710 32260 D AudioTrack: Client defaulted notificationFrames to 12000 for frameCount 24000
01-17 09:26:00.738   717 32265 D DlbDap2QmfProcess: setParam(gebs = #41[20, 47, 141, 234, 328, 469, 656, 844, 1031, 1313, 1688, 2250, 3000, 3750, 4688, 5813, 7125, 9000, 11250, 13875, 19688, 0, 0, 0, 0, 0, 0, 0, 0, 0, 0, 0, 0, 0, 0, 0, 0, 0, 0, 0, 0])
01-17 09:26:00.738   684   931 I AudioFlinger: attachAuxEffect(): Marking track 798 as containing processed audio
01-17 09:26:00.738   717 32265 D DlbDap2QmfProcess: setParam(iebs = #41[20, 65, 136, 223, 332, 467, 634, 841, 1098, 1416, 1812, 2302, 2909, 3663, 4598, 5756, 7194, 8976, 11186, 13927, 17326, 117, 133, 188, 176, 141, 149, 175, 185, 185, 200, 236, 242, 228, 213, 182, 132, 110, 68, -27, -240])
01-17 09:26:00.738   684   931 D AudioFlinger: trackContainsProcessedAudio() Track id 798 contains processed audio
01-17 09:26:00.738   717 32265 D DlbDap2QmfProcess: setParam(dea = #1[7])
01-17 09:26:00.738   717 32265 D DlbDap2QmfProcess: setParam(dsa = #1[10])
01-17 09:26:00.738   717 32265 D DlbDap2QmfProcess: setParam(beb = #1[192])
01-17 09:26:00.738   717 32265 D DlbDap2QmfProcess: setParam(plb = #1[0])
01-17 09:26:00.738   717 32265 D DlbDap2QmfProcess: setParam(vmb = #1[144])
01-17 09:26:00.738   717 32265 D DlbDap2QmfProcess: setParam(dsb = #1[48])
01-17 09:26:00.738   717 32265 D DlbDap2QmfProcess: setParam(ded = #1[0])
01-17 09:26:00.738   717 32265 D DlbDap2QmfProcess: setParam(dom = #1[0])
01-17 09:26:00.738   717 32265 D DlbDap2QmfProcess: setParam(bew = #1[16])
01-17 09:26:00.738   717 32265 D DlbDap2QmfProcess: setParam(dvla = #1[5])
01-17 09:26:00.738   717 32265 D DlbDap2QmfProcess: setParam(dfsa = #1[10])
01-17 09:26:00.738   717 32265 D DlbDap2QmfProcess: setParam(dhsa = #1[10])
01-17 09:26:00.738   717 32265 D DlbDap2QmfProcess: setParam(dvmc = #1[0])
01-17 09:26:00.738   717 32265 D DlbDap2QmfProcess: setParam(dvle = #1[1])
01-17 09:26:00.738   717 32265 D DlbDap2QmfProcess: setParam(dvme = #1[0])
01-17 09:26:00.738   717 32265 D DlbDap2QmfProcess: setParam(becf = #1[200])
01-17 09:26:00.739   717 32265 D DlbDap2QmfProcess: setParam(vbmf = #2[94, 469])
01-17 09:26:00.739   717 32265 D DlbDap2QmfProcess: setParam(vbsf = #2[35, 160])
01-17 09:26:00.739   717 32265 D DlbDap2QmfProcess: setParam(vbhg = #3[-32, -144, -192])
01-17 09:26:00.739   717 32265 D DlbDap2QmfProcess: setParam(vbog = #1[0])
01-17 09:26:00.739   717 32265 D DlbDap2QmfProcess: setParam(vbsg = #1[0])
01-17 09:26:00.739   717 32265 D DlbDap2QmfProcess: setParam(dvli = #1[-320])
01-17 09:26:00.739   717 32265 D DlbDap2QmfProcess: setParam(dhfm = #1[2])
01-17 09:26:00.739   717 32265 D DlbDap2QmfProcess: setParam(deon = #1[0])
01-17 09:26:00.739   717 32265 D DlbDap2QmfProcess: setParam(ngon = #1[1])
01-17 09:26:00.739   717 32265 D DlbDap2QmfProcess: setParam(dvlo = #1[-320])
