01-17 09:23:06.570   717 30669 D DlbDap2QmfProcess: DAP output mode set to 1 with 2 output channels and null mix matrix.
01-17 09:23:06.570   717 30669 D ARenderer: checkAndUpdateConfig: DAP reinitialized because of sample rate change
01-17 09:23:06.570   717 30669 D ARenderer: updateDapConfig: Updating DAP configuration
01-17 09:23:06.570   717 30669 D DlbDap2QmfProcess: setParam(iea = #1[10])
01-17 09:23:06.570   717 30669 D DlbDap2QmfProcess: setParam(msce = #1[0])
01-17 09:23:06.570   717 30669 D DlbDap2QmfProcess: setParam(mdee = #1[0])
01-17 09:23:06.570   717 30669 D DlbDap2QmfProcess: setParam(miee = #1[0])
01-17 09:23:06.570   717 30669 D DlbDap2QmfProcess: setParam(mdle = #1[0])
01-17 09:23:06.570   717 30669 D DlbDap2QmfProcess: setParam(dvle = #1[1])
01-17 09:23:06.570   627  3892 D DlbDap2Process: setParam(mdee = #1[0])
01-17 09:23:06.570   717 30669 D DlbDap2QmfProcess: setParam(mave = #1[0])
01-17 09:23:06.570   627  3892 D DlbDap2Process: setParam(miee = #1[0])
01-17 09:23:06.570   627  3892 D DlbDap2Process: setParam(mdle = #1[0])
01-17 09:23:06.570   627  3892 D DlbDap2Process: setParam(dvle = #1[0])
01-17 09:23:06.570   717 30669 D DlbDap2QmfProcess: setParam(vcbf = #20[47, 141, 234, 328, 469, 656, 844, 1031, 1313, 1688, 2250, 3000, 3750, 4688, 5813, 7125, 9000, 11250, 13875, 19688])
01-17 09:23:06.570   627  3892 D DlbDap2Process: setParam(mave = #1[0])
01-17 09:23:06.570   627  3892 D DlbDap2Process: setParam(ieon = #1[0])
01-17 09:23:06.570   717 30669 D DlbDap2QmfProcess: setParam(ieon = #1[0])
01-17 09:23:06.570   627  3892 D DlbDapEndpointParamCache: doCommit() Committed 7 parameters out of 16.
01-17 09:23:06.571   627  3892 D DlbDapEndpointParamCache: commit() Overriding parameters for current device 0x00000002
01-17 09:23:06.571   627  3892 D DlbDap2Process: setParam(dom = #1[0])
01-17 09:23:06.571   627  3892 D DlbDap2Process: setParam(dvle = #1[0])
01-17 09:23:06.571   627  3892 D DlbDap2Process: setParam(dvme = #1[0])
01-17 09:23:06.571   717 30669 D DlbDap2QmfProcess: setParam(gebs = #41[20, 47, 141, 234, 328, 469, 656, 844, 1031, 1313, 1688, 2250, 3000, 3750, 4688, 5813, 7125, 9000, 11250, 13875, 19688, 0, 0, 0, 0, 0, 0, 0, 0, 0, 0, 0, 0, 0, 0, 0, 0, 0, 0, 0, 0])
01-17 09:23:06.571   627  3892 D DlbDap2Process: setParam(deon = #1[0])
01-17 09:23:06.571   717 30669 D DlbDap2QmfProcess: setParam(iebs = #41[20, 65, 136, 223, 332, 467, 634, 841, 1098, 1416, 1812, 2302, 2909, 3663, 4598, 5756, 7194, 8976, 11186, 13927, 17326, 117, 133, 188, 176, 141, 149, 175, 185, 185, 200, 236, 242, 228, 213, 182, 132, 110, 68, -27, -240])
01-17 09:23:06.571   627  3892 D DlbDap2Process: setParam(ngon = #1[0])
01-17 09:23:06.571   627  3892 D DlbDapEndpointParamCache: doCommit() Committed 5 parameters out of 37.
01-17 09:23:06.571   717 30669 D DlbDap2QmfProcess: setParam(dea = #1[7])
01-17 09:23:06.571   717 30669 D DlbDap2QmfProcess: setParam(dsa = #1[10])
01-17 09:23:06.571   717 30669 D DlbDap2QmfProcess: setParam(beb = #1[192])
01-17 09:23:06.571   717 30669 D DlbDap2QmfProcess: setParam(plb = #1[0])
01-17 09:23:06.571   717 30669 D DlbDap2QmfProcess: setParam(vmb = #1[144])
01-17 09:23:06.571   717 30669 D DlbDap2QmfProcess: setParam(dsb = #1[48])
01-17 09:23:06.571   717 30669 D DlbDap2QmfProcess: setParam(ded = #1[0])
01-17 09:23:06.572   717 30669 D DlbDap2QmfProcess: setParam(dom = #1[0])
01-17 09:23:06.572   717 30669 D DlbDap2QmfProcess: setParam(bew = #1[16])
01-17 09:23:06.572   717 30669 D DlbDap2QmfProcess: setParam(dvla = #1[5])
01-17 09:23:06.572   717 30669 D DlbDap2QmfProcess: setParam(dfsa = #1[10])
01-17 09:23:06.572   717 30669 D DlbDap2QmfProcess: setParam(dhsa = #1[10])
01-17 09:23:06.572   717 30669 D DlbDap2QmfProcess: setParam(dvmc = #1[0])
01-17 09:23:06.572   717 30669 D DlbDap2QmfProcess: setParam(dvle = #1[1])
01-17 09:23:06.572   717 30669 D DlbDap2QmfProcess: setParam(dvme = #1[0])
01-17 09:23:06.572   717 30669 D DlbDap2QmfProcess: setParam(becf = #1[200])
01-17 09:23:06.572   717 30669 D DlbDap2QmfProcess: setParam(vbmf = #2[94, 469])
01-17 09:23:06.572   717 30669 D DlbDap2QmfProcess: setParam(vbsf = #2[35, 160])
01-17 09:23:06.572   717 30669 D DlbDap2QmfProcess: setParam(vbhg = #3[-32, -144, -192])
01-17 09:23:06.572   717 30669 D DlbDap2QmfProcess: setParam(vbog = #1[0])
01-17 09:23:06.572   717 30669 D DlbDap2QmfProcess: setParam(vbsg = #1[0])
01-17 09:23:06.572   717 30669 D DlbDap2QmfProcess: setParam(dvli = #1[-320])
01-17 09:23:06.572   717 30669 D DlbDap2QmfProcess: setParam(dhfm = #1[2])
01-17 09:23:06.572   717 30669 D DlbDap2QmfProcess: setParam(deon = #1[0])
01-17 09:23:06.572   717 30669 D DlbDap2QmfProcess: setParam(ngon = #1[1])
01-17 09:23:06.572   717 30669 D DlbDap2QmfProcess: setParam(dvlo = #1[-320])
01-17 09:23:06.572   627  3892 D DlbDapEndpointParamCache: commitChangedParams()
01-17 09:23:06.572   627  3892 D DlbDapEndpointParamCache: commit() Applying parameters for device 0x40000000
01-17 09:23:06.572   627  3892 D DlbDap2Process: setParam(iea = #1[10])
01-17 09:23:06.572   627  3892 D DlbDap2Process: setParam(vcbf = #20[47, 141, 234, 328, 469, 656, 844, 1031, 1313, 1688, 2250, 3000, 3750, 4688, 5813, 7125, 9000, 11250, 13875, 19688])
01-17 09:23:06.572   627  3892 D DlbDap2Process: setParam(vbon = #1[0])
01-17 09:23:06.572   627  3892 D DlbDap2Process: setParam(beon = #1[0])
01-17 09:23:06.572   627  3892 D DlbDap2Process: setParam(geon = #1[0])
01-17 09:23:06.572   627  3892 D DlbDap2Process: setParam(gebs = #41[20, 47, 141, 234, 328, 469, 656, 844, 1031, 1313, 1688, 2250, 3000, 3750, 4688, 5813, 7125, 9000, 11250, 13875, 19688, 0, 0, 0, 0, 0, 0, 0, 0, 0, 0, 0, 0, 0, 0, 0, 0, 0, 0, 0, 0])
01-17 09:23:06.573   627  3892 D DlbDap2Process: setParam(iebs = #41[20, 65, 136, 223, 332, 467, 634, 841, 1098, 1416, 1812, 2302, 2909, 3663, 4598, 5756, 7194, 8976, 11186, 13927, 17326, 117, 133, 188, 176, 141, 149, 175, 185, 185, 200, 236, 242, 228, 213, 182, 132, 110, 68, -27, -240])
01-17 09:23:06.573   627  3892 D DlbDapEndpointParamCache: doCommit() Committed 8 parameters out of 16.
01-17 09:23:06.573   627  3892 D DlbDapEndpointParamCache: commit() Overriding parameters for current device 0x00000002
01-17 09:23:06.573   627  3892 D DlbDap2Process: setParam(dea = #1[7])
01-17 09:23:06.573   627  3892 D DlbDap2Process: setParam(dsa = #1[10])
01-17 09:23:06.573   717 30669 D DlbDap2QmfProcess: setParam(aobs = #222[20, 10, 47, 141, 234, 328, 469, 656, 844, 1031, 1313, 1688, 2250, 3000, 3750, 4688, 5813, 7125, 9000, 11250, 13875, 19688, 0, 0, 0, 0, 0, 0, 0, 0, 0, 0, 0, 0, 0, 0, 0, 0, 0, 0, 0, 0, 0, 0, 0, 0, 0, 0, 0, 0, 0, 0, 0, 0, 0, 0, 0, 0, 0, 0, 0, 0, 0, 0, 0, 0, 0, 0, 0, 0, 0, 0, 0, 0, 0, 0, 0, 0, 0, 0, 0, 0, 0, 0, 0, 0, 0, 0, 0, 0, 0, 0, 0, 0, 0, 0, 0, 0, 0, 0, 0, 0, 0, 0, 0, 0, 0, 0, 0, 0, 0, 0, 0, 0, 0, 0, 0, 0, 0, 0, 0, 0, 0, 0, 0, 0, 0, 0, 0, 0, 0, 0, 0, 0, 0, 0, 0, 0, 0, 0, 0, 0, 0, 0, 0, 0, 0, 0, 0, 0, 0, 0, 0, 0, 0, 0, 0, 0, 0, 0, 0, 0, 0, 0, 0, 0, 0, 0, 0, 0, 0, 0, 0, 0, 0, 0, 0, 0, 0, 0, 0, 0, 0, 0, 0, 0, 0, 0, 0, 0, 0, 0, 0, 0, 0, 0, 0, 0, 0, 0, 0, 0, 0, 0, 0, 0, 0, 0, 0, 0, 0, 0, 0, 0, 0, 0, 0, 0, 0, 0, 0, 0])
01-17 09:23:06.573   627  3892 D DlbDap2Process: setParam(beb = #1[192])
01-17 09:23:06.573   627  3892 D DlbDap2Process: setParam(plb = #1[0])
01-17 09:23:06.573   717 30669 D DlbDap2QmfProcess: setParam(dvle = #1[1])
01-17 09:23:06.573   627  3892 D DlbDap2Process: setParam(vmb = #1[144])
01-17 09:23:06.573   627  3892 D DlbDap2Process: setParam(dsb = #1[48])
01-17 09:23:06.573   717 30669 D DlbDap2QmfProcess: setParam(dvli = #1[-496])
01-17 09:23:06.573   627  3892 D DlbDap2Process: setParam(ded = #1[0])
01-17 09:23:06.573   627  3892 D DlbDap2Process: setParam(vbm = #1[3])
01-17 09:23:06.573   717 30669 D DlbDap2QmfProcess: setParam(dvlo = #1[-176])
01-17 09:23:06.573   627  3892 D DlbDap2Process: setParam(bew = #1[16])
01-17 09:23:06.573   627  3892 D DlbDap2Process: setParam(dvla = #1[5])
01-17 09:23:06.573   627  3892 D DlbDap2Process: setParam(arra = #1[96])
01-17 09:23:06.573   717 30669 D ARenderer: updateDapVolumeLeveler: Setting output level to -11.00dB
01-17 09:23:06.573   627  3892 D DlbDap2Process: setParam(dfsa = #1[10])
01-17 09:23:06.573   627  3892 D DlbDap2Process: setParam(dhsa = #1[10])
01-17 09:23:06.573   717 30669 D DlbDap2QmfProcess: setParam(vmb = #1[0])
01-17 09:23:06.573   627  3892 D DlbDap2Process: setParam(dvmc = #1[0])
01-17 09:23:06.573   627  3892 D DlbDap2Process: setParam(arod = #1[0])
01-17 09:23:06.573   717 30669 D DlbDap2QmfProcess: setParam(preg = #1[-384])
01-17 09:23:06.573   627  3892 D DlbDap2Process: setParam(arde = #1[1])
01-17 09:23:06.573   627  3892 D DlbDap2Process: setParam(becf = #1[200])
01-17 09:23:06.573   717 30669 D DlbDap2QmfProcess: setParam(vol = #1[384])
01-17 09:23:06.573   627  3892 D DlbDap2Process: setParam(vbmf = #2[94, 469])
01-17 09:23:06.573   627  3892 D DlbDap2Process: setParam(vbsf = #2[35, 160])
01-17 09:23:06.573   717 30669 D DlbDlbBufferProvider: setConfig() Updating buffer configuration.
01-17 09:23:06.573   627  3892 D DlbDap2Process: setParam(vbhg = #3[-32, -144, -192])
01-17 09:23:06.573   717 30669 D DlbDap2QmfProcess: processQmf() called [0] times
01-17 09:23:06.573   627  3892 D DlbDap2Process: setParam(vbog = #1[0])
01-17 09:23:06.573   717 30669 D DlbDap2QmfProcess: setMave(mave = 0)
01-17 09:23:06.573   627  3892 D DlbDap2Process: setParam(vbsg = #1[0])
01-17 09:23:06.573   627  3892 D DlbDap2Process: setParam(dvli = #1[-320])
01-17 09:23:06.573   627  3892 D DlbDap2Process: setParam(dhfm = #1[2])
01-17 09:23:06.573   627  3892 D DlbDap2Process: setParam(vbon = #1[0])
01-17 09:23:06.573   627  3892 D DlbDap2Process: setParam(beon = #1[0])
01-17 09:23:06.573   627  3892 D DlbDap2Process: setParam(aoon = #1[1])
01-17 09:23:06.573   627  3892 D DlbDap2Process: setParam(aron = #1[1])
01-17 09:23:06.573   627  3892 D DlbDap2Process: setParam(dvlo = #1[-320])
01-17 09:23:06.573   627  3892 D DlbDap2Process: setParam(artp = #1[12])
01-17 09:23:06.574   627  3892 D DlbDap2Process: setParam(aobs = #222[20, 10, 47, 141, 234, 328, 469, 656, 844, 1031, 1313, 1688, 2250, 3000, 3750, 4688, 5813, 7125, 9000, 11250, 13875, 19688, 0, 0, 0, 0, 0, 0, 0, 0, 0, 0, 0, 0, 0, 0, 0, 0, 0, 0, 0, 0, 0, 0, 0, 0, 0, 0, 0, 0, 0, 0, 0, 0, 0, 0, 0, 0, 0, 0, 0, 0, 0, 0, 0, 0, 0, 0, 0, 0, 0, 0, 0, 0, 0, 0, 0, 0, 0, 0, 0, 0, 0, 0, 0, 0, 0, 0, 0, 0, 0, 0, 0, 0, 0, 0, 0, 0, 0, 0, 0, 0, 0, 0, 0, 0, 0, 0, 0, 0, 0, 0, 0, 0, 0, 0, 0, 0, 0, 0, 0, 0, 0, 0, 0, 0, 0, 0, 0, 0, 0, 0, 0, 0, 0, 0, 0, 0, 0, 0, 0, 0, 0, 0, 0, 0, 0, 0, 0, 0, 0, 0, 0, 0, 0, 0, 0, 0, 0, 0, 0, 0, 0, 0, 0, 0, 0, 0, 0, 0, 0, 0, 0, 0, 0, 0, 0, 0, 0, 0, 0, 0, 0, 0, 0, 0, 0, 0, 0, 0, 0, 0, 0, 0, 0, 0, 0, 0, 0, 0, 0, 0, 0, 0, 0, 0, 0, 0, 0, 0, 0, 0, 0, 0, 0, 0, 0, 0, 0, 0, 0, 0])
01-17 09:23:06.574   627  3892 D DlbDap2Process: setParam(arbs = #81[20, 47, 141, 234, 328, 469, 656, 844, 1031, 1313, 1688, 2250, 3000, 3750, 4688, 5813, 7125, 9000, 11250, 13875, 19688, -192, -192, -192, -192, -192, -192, -192, -192, -192, -192, -192, -192, -192, -192, -192, -192, -192, -192, -192, -192, 0, 0, 0, 0, 0, 0, 0, 0, 0, 0, 0, 0, 0, 0, 0, 0, 0, 0, 0, 0, 0, 0, 0, 0, 0, 0, 0, 0, 0, 0, 0, 0, 0, 0, 0, 0, 0, 0, 0, 0])
01-17 09:23:06.574   627  3892 D DlbDapEndpointParamCache: doCommit() Committed 32 parameters out of 37.
01-17 09:23:06.574   627  3892 D DlbDap2Process: setMave(mave = 0)
01-17 09:23:06.582   710 30663 D AudioTrack: Client defaulted notificationFrames to 12000 for frameCount 24000
01-17 09:23:06.582   684   684 I AudioFlinger: attachAuxEffect(): Marking track 748 as containing processed audio
01-17 09:23:06.582   684   684 D AudioFlinger: trackContainsProcessedAudio() Track id 748 contains processed audio
01-17 09:23:06.584   626   626 W /system/bin/hw/android.hidl.allocator@1.0-service: ashmem_create_region(3840) returning hidl_memory(0x7b7102c330, 3840)
01-17 09:23:06.585   626   626 W /system/bin/hw/android.hidl.allocator@1.0-service: ashmem_create_region(3840) returning hidl_memory(0x7b7102c330, 3840)
01-17 09:23:06.586   684  3974 D AudioFlinger: trackStateChanged() Track id 748 state changed to 6
01-17 09:23:06.586   684  3974 I AudioFlinger: updateProcessedAudioState() Changing content processing in effect to 1
01-17 09:23:06.586   627  4939 D DlbDlbEffect: handle_EFFECT_CMD_SET_PARAM()
01-17 09:23:06.588   710 30660 D NuPlayerDriver: notifyListener_l(0xe6bcb000), (6, 0, 0, -1), loop setting(0, 1)
01-17 09:23:06.599 30609 30609 D featureTest: receive broadcast , change virtual speaker  virtualizer :0
01-17 09:23:06.617   627  3892 D DlbDapCrossfadeProcess: process transitioning from FADE_TO_ACTIVE state to DAP_ACTIVE
01-17 09:23:06.623 30609 30609 W System.err: java.lang.UnsupportedOperationException
01-17 09:23:06.625 30609 30609 W System.err: 	at com.dolby.dax.DolbyAudioEffect.setDolbyVirtualSpeakerVirtualizerEnabled(DolbyAudioEffect.java:323)
01-17 09:23:06.625 30609 30609 W System.err: 	at com.dolby.qa.featuretest.MainActivity$1.handleMessage(MainActivity.java:143)
01-17 09:23:06.626 30609 30609 W System.err: 	at android.os.Handler.dispatchMessage(Handler.java:105)
01-17 09:23:06.626 30609 30609 W System.err: 	at android.os.Looper.loop(Looper.java:164)
01-17 09:23:06.627 30609 30609 W System.err: 	at android.app.ActivityThread.main(ActivityThread.java:6541)
01-17 09:23:06.627 30609 30609 W System.err: 	at java.lang.reflect.Method.invoke(Native Method)
01-17 09:23:06.628 30609 30609 W System.err: 	at com.android.internal.os.Zygote$MethodAndArgsCaller.run(Zygote.java:240)
01-17 09:23:06.628 30609 30609 W System.err: 	at com.android.internal.os.ZygoteInit.main(ZygoteInit.java:767)
01-17 09:23:06.628 30609 30609 D featureTest: virtual speaker virtualizer can not be operate for mono speaker endpoint!
01-17 09:23:06.650 30609 30609 D featureTest: receive broadcast , record log :0
01-17 09:23:06.674   945   999 W ProcessCpuTracker: Skipping unknown process pid 30677
01-17 09:23:06.675   945   999 W ProcessCpuTracker: Skipping unknown process pid 30679
01-17 09:23:06.695 30609 30614 I zygote64: Do partial code cache collection, code=9KB, data=13KB
01-17 09:23:06.695 30609 30614 I zygote64: After code cache collection, code=9KB, data=13KB
01-17 09:23:06.695 30609 30614 I zygote64: Increasing code cache capacity to 128KB
01-17 09:23:06.696 30609 30614 I zygote64: Do partial code cache collection, code=9KB, data=33KB
01-17 09:23:06.696 30609 30614 I zygote64: After code cache collection, code=9KB, data=33KB
01-17 09:23:06.696 30609 30614 I zygote64: Increasing code cache capacity to 256KB
01-17 09:23:06.697 30609 30614 I zygote64: Compiler allocated 8MB to compile void android.widget.TextView.<init>(android.content.Context, android.util.AttributeSet, int, int)
01-17 09:23:08.238   627   627 D audio_hw_primary: disable_audio_route: usecase(0) reset and update mixer path: deep-buffer-playback speaker
01-17 09:23:08.311   945   945 W WindowManager: removeWindowToken: Attempted to remove non-existing token: android.os.Binder@9bf4580
01-17 09:23:08.378   475   475 D SurfaceFlinger: duplicate layer name: changing Toast to Toast#1
01-17 09:23:08.438   627  3892 D DlbDap2Process: process() called [476500] times
01-17 09:23:10.340   945   945 W WindowManager: removeWindowToken: Attempted to remove non-existing token: android.os.Binder@7c8360a
01-17 09:23:10.943   710 30664 I NuPlayerDecoder: [audio] saw output EOS
01-17 09:23:10.944   710 30663 D AudioTrack: stop() called with 230400 frames delivered
01-17 09:23:11.118   627  3892 D DlbDap2Process: process() called [477000] times
01-17 09:23:11.442   710 30660 D NuPlayerDriver: notifyListener_l(0xe6bcb000), (2, 0, 0, -1), loop setting(0, 1)
01-17 09:23:11.443   684  3974 D AudioFlinger: trackStateChanged() Track id 748 state changed to 6
01-17 09:23:11.448   684  3974 D AudioFlinger: trackStateChanged() Track id 748 state changed to 6
01-17 09:23:11.518   710 30660 D NuPlayerDriver: notifyListener_l(0xe6bcb000), (6, 0, 0, -1), loop setting(0, 1)
01-17 09:23:11.522   710  1422 W MediaClock: reject anchor time since it is negative.
01-17 09:23:11.578   710 30663 W MediaClock: reject anchor time since it is negative.
