01-17 09:21:19.110   710 28437 D NuPlayerDriver: reset(0xe6bcb8c0) at state 5
01-17 09:21:19.115   710 28437 D NuPlayerDriver: notifyListener_l(0xe6bcb8c0), (8, 0, 0, -1), loop setting(0, 1)
01-17 09:21:19.118   684  3653 D AudioFlinger: trackStateChanged() Track id 723 state changed to 6
01-17 09:21:19.131   717  1650 I DDP_JOCDecoder: -> ~DDPDecoder
01-17 09:21:19.131   717  1650 I DDP_JOCDecoder: -> stop
01-17 09:21:19.133   645   645 I DMSService: unregisterClient type = 4, uid = e7f0fb30
01-17 09:21:19.209   717  1650 I DDP_JOCDecoder: <- stop
01-17 09:21:19.209   717  1650 I ARenderer: ~ARenderer
01-17 09:21:19.209   717  1650 I evo_parser: evo_parser_close
01-17 09:21:19.210   717  1650 I DlbDap2QmfProcess: ~Dap2Process()
01-17 09:21:19.210   717  1650 I DlbDap2QmfProcess: close()
01-17 09:21:19.210   717  1650 I DDP_JOCDecoder: <- ~DDPDecoder
01-17 09:21:19.219   710 29783 D NuPlayerDriver: notifyResetComplete(0xe6bcb8c0)
01-17 09:21:19.220   710 28437 D AudioTrack: stop() called with 0 frames delivered
01-17 09:21:19.222   684  1056 D AudioFlinger: trackStateChanged() Track id 723 state changed to 2
01-17 09:21:19.222   684  1056 I AudioFlinger: updateProcessedAudioState() Changing content processing in effect to 0
01-17 09:21:19.223   627  6441 D DlbDlbEffect: handle_EFFECT_CMD_SET_PARAM()
01-17 09:21:19.234   684  1056 D AudioFlinger: trackDestroyed() Track id 723 no longer contains processed audio
01-17 09:21:19.235   684   928 W AudioFlinger::EffectModule: EffectModule 0xee09dc00 destructor called with unreleased interface
01-17 09:21:19.236   684   928 W AudioFlinger::EffectHandle: disconnect Effect handle 0xee1639c0 disconnected after thread destruction
01-17 09:21:19.238   627  3892 I DlbEffectContext: setContentProcEnabled() Enabling content processing in global effect
01-17 09:21:19.238   627  3892 D DlbDapEndpointParamCache: commitChangedParams()
01-17 09:21:19.238   627  3892 D DlbDapEndpointParamCache: commit() Applying parameters for device 0x40000000
01-17 09:21:19.238   627  3892 D DlbDap2Process: setParam(iea = #1[10])
01-17 09:21:19.238   627  3892 D DlbDap2Process: setParam(msce = #1[0])
01-17 09:21:19.238   627  3892 D DlbDap2Process: setParam(mdee = #1[0])
01-17 09:21:19.238   627  3892 D DlbDap2Process: setParam(miee = #1[0])
01-17 09:21:19.238   627  3892 D DlbDap2Process: setParam(mdle = #1[0])
01-17 09:21:19.238   627  3892 D DlbDap2Process: setParam(dvle = #1[1])
01-17 09:21:19.238   627  3892 D DlbDap2Process: setParam(mave = #1[0])
01-17 09:21:19.238   627  3892 D DlbDap2Process: setParam(vcbf = #20[47, 141, 234, 328, 469, 656, 844, 1031, 1313, 1688, 2250, 3000, 3750, 4688, 5813, 7125, 9000, 11250, 13875, 19688])
01-17 09:21:19.238   627  3892 D DlbDap2Process: setParam(vbon = #1[0])
01-17 09:21:19.238   627  3892 D DlbDap2Process: setParam(beon = #1[0])
01-17 09:21:19.238   627  3892 D DlbDap2Process: setParam(geon = #1[0])
01-17 09:21:19.238   627  3892 D DlbDap2Process: setParam(ieon = #1[0])
01-17 09:21:19.239   627  3892 D DlbDap2Process: setParam(gebs = #41[20, 47, 141, 234, 328, 469, 656, 844, 1031, 1313, 1688, 2250, 3000, 3750, 4688, 5813, 7125, 9000, 11250, 13875, 19688, 0, 0, 0, 0, 0, 0, 0, 0, 0, 0, 0, 0, 0, 0, 0, 0, 0, 0, 0, 0])
01-17 09:21:19.239   627  3892 D DlbDap2Process: setParam(iebs = #41[20, 65, 136, 223, 332, 467, 634, 841, 1098, 1416, 1812, 2302, 2909, 3663, 4598, 5756, 7194, 8976, 11186, 13927, 17326, 117, 133, 188, 176, 141, 149, 175, 185, 185, 200, 236, 242, 228, 213, 182, 132, 110, 68, -27, -240])
01-17 09:21:19.239   627  3892 D DlbDapEndpointParamCache: doCommit() Committed 15 parameters out of 16.
01-17 09:21:19.239   627  3892 D DlbDapEndpointParamCache: commit() Overriding parameters for current device 0x00000002
01-17 09:21:19.239   627  3892 D DlbDap2Process: setParam(dea = #1[5])
01-17 09:21:19.239   627  3892 D DlbDap2Process: setParam(dsa = #1[10])
01-17 09:21:19.239   627  3892 D DlbDap2Process: setParam(beb = #1[192])
01-17 09:21:19.239   627  3892 D DlbDap2Process: setParam(plb = #1[0])
01-17 09:21:19.239   627  3892 D DlbDap2Process: setParam(vmb = #1[144])
01-17 09:21:19.239   627  3892 D DlbDap2Process: setParam(dsb = #1[96])
01-17 09:21:19.239   627  3892 D DlbDap2Process: setParam(ded = #1[0])
01-17 09:21:19.239   627  3892 D DlbDap2Process: setParam(vbm = #1[3])
01-17 09:21:19.239   627  3892 D DlbDap2Process: setParam(dom = #1[0])
01-17 09:21:19.239   627  3892 D DlbDap2Process: setParam(bew = #1[16])
01-17 09:21:19.239   627  3892 D DlbDap2Process: setParam(dvla = #1[7])
01-17 09:21:19.239   627  3892 D DlbDap2Process: setParam(arra = #1[96])
01-17 09:21:19.240   627  3892 D DlbDap2Process: setParam(dfsa = #1[10])
01-17 09:21:19.240   627  3892 D DlbDap2Process: setParam(dhsa = #1[10])
01-17 09:21:19.240   627  3892 D DlbDap2Process: setParam(dvmc = #1[0])
01-17 09:21:19.240   627  3892 D DlbDap2Process: setParam(arod = #1[0])
01-17 09:21:19.240   627  3892 D DlbDap2Process: setParam(arde = #1[1])
01-17 09:21:19.240   627  3892 D DlbDap2Process: setParam(dvle = #1[1])
01-17 09:21:19.240   627  3892 D DlbDap2Process: setParam(dvme = #1[0])
01-17 09:21:19.240   627  3892 D DlbDap2Process: setParam(becf = #1[200])
01-17 09:21:19.240   627  3892 D DlbDap2Process: setParam(vbmf = #2[94, 469])
01-17 09:21:19.240   627  3892 D DlbDap2Process: setParam(vbsf = #2[35, 160])
01-17 09:21:19.240   627  3892 D DlbDap2Process: setParam(vbhg = #3[-32, -144, -192])
01-17 09:21:19.240   627  3892 D DlbDap2Process: setParam(vbog = #1[0])
01-17 09:21:19.240   627  3892 D DlbDap2Process: setParam(vbsg = #1[0])
01-17 09:21:19.240   627  3892 D DlbDap2Process: setParam(dvli = #1[-320])
01-17 09:21:19.240   627  3892 D DlbDap2Process: setParam(dhfm = #1[2])
01-17 09:21:19.240   627  3892 D DlbDap2Process: setParam(vbon = #1[0])
01-17 09:21:19.241   627  3892 D DlbDap2Process: setParam(beon = #1[0])
01-17 09:21:19.241   627  3892 D DlbDap2Process: setParam(deon = #1[1])
01-17 09:21:19.241   627  3892 D DlbDap2Process: setParam(ngon = #1[1])
01-17 09:21:19.241   627  3892 D DlbDap2Process: setParam(aoon = #1[1])
01-17 09:21:19.241   627  3892 D DlbDap2Process: setParam(aron = #1[1])
01-17 09:21:19.241   627  3892 D DlbDap2Process: setParam(dvlo = #1[-320])
01-17 09:21:19.241   627  3892 D DlbDap2Process: setParam(artp = #1[12])
01-17 09:21:19.243   627  3892 D DlbDap2Process: setParam(aobs = #222[20, 10, 47, 141, 234, 328, 469, 656, 844, 1031, 1313, 1688, 2250, 3000, 3750, 4688, 5813, 7125, 9000, 11250, 13875, 19688, 0, 0, 0, 0, 0, 0, 0, 0, 0, 0, 0, 0, 0, 0, 0, 0, 0, 0, 0, 0, 0, 0, 0, 0, 0, 0, 0, 0, 0, 0, 0, 0, 0, 0, 0, 0, 0, 0, 0, 0, 0, 0, 0, 0, 0, 0, 0, 0, 0, 0, 0, 0, 0, 0, 0, 0, 0, 0, 0, 0, 0, 0, 0, 0, 0, 0, 0, 0, 0, 0, 0, 0, 0, 0, 0, 0, 0, 0, 0, 0, 0, 0, 0, 0, 0, 0, 0, 0, 0, 0, 0, 0, 0, 0, 0, 0, 0, 0, 0, 0, 0, 0, 0, 0, 0, 0, 0, 0, 0, 0, 0, 0, 0, 0, 0, 0, 0, 0, 0, 0, 0, 0, 0, 0, 0, 0, 0, 0, 0, 0, 0, 0, 0, 0, 0, 0, 0, 0, 0, 0, 0, 0, 0, 0, 0, 0, 0, 0, 0, 0, 0, 0, 0, 0, 0, 0, 0, 0, 0, 0, 0, 0, 0, 0, 0, 0, 0, 0, 0, 0, 0, 0, 0, 0, 0, 0, 0, 0, 0, 0, 0, 0, 0, 0, 0, 0, 0, 0, 0, 0, 0, 0, 0, 0, 0, 0, 0, 0, 0, 0])
01-17 09:21:19.243   627  3892 D DlbDap2Process: setParam(arbs = #81[20, 47, 141, 234, 328, 469, 656, 844, 1031, 1313, 1688, 2250, 3000, 3750, 4688, 5813, 7125, 9000, 11250, 13875, 19688, -192, -192, -192, -192, -192, -192, -192, -192, -192, -192, -192, -192, -192, -192, -192, -192, -192, -192, -192, -192, 0, 0, 0, 0, 0, 0, 0, 0, 0, 0, 0, 0, 0, 0, 0, 0, 0, 0, 0, 0, 0, 0, 0, 0, 0, 0, 0, 0, 0, 0, 0, 0, 0, 0, 0, 0, 0, 0, 0, 0])
01-17 09:21:19.243   627  3892 D DlbDapEndpointParamCache: doCommit() Committed 37 parameters out of 37.
01-17 09:21:19.244   627  3892 D DlbDap2Process: setMave(mave = 0)
01-17 09:21:19.482 29832 29832 D featureTest: onCreate
01-17 09:21:19.486 29832 29832 D AudioTrack: Client defaulted notificationFrames to 962 for frameCount 1924
01-17 09:21:19.488 29832 29832 W AudioTrack: Use of stream types is deprecated for operations other than volume control
01-17 09:21:19.488 29832 29832 W AudioTrack: See the documentation of AudioTrack() for what to use instead with android.media.AudioAttributes to qualify your playback use case
01-17 09:21:19.502 29832 29832 D featureTest: onResume
01-17 09:21:20.369 29832 29832 D featureTest: receive broadcast , playing content location :/sdcard/featureTest/2ch_channel_id.wav
01-17 09:21:20.382 29832 29832 D featureTest: mMediaPlayer.getAudioSessionId(): 5401
01-17 09:21:20.382 29832 29832 D featureTest: Playing file: /sdcard/featureTest/2ch_channel_id.wav
01-17 09:21:20.384   710  1419 D NuPlayerDriver: NuPlayerDriver(0xe6bcba80) created, clientPid(29832)
01-17 09:21:20.419   710 29858 D NuPlayerDriver: notifyListener_l(0xe6bcba80), (1, 0, 0, -1), loop setting(0, 0)
01-17 09:21:20.429   710  1422 D NuPlayerDriver: start(0xe6bcba80), state is 4, eos is 0
01-17 09:21:20.435   717 20091 I OMXMaster: makeComponentInstance(OMX.google.raw.decoder) in omx@1.0-service process
01-17 09:21:20.438   710 29866 I ACodec  : codec does not support config priority (err -2147483648)
01-17 09:21:20.439   710 29866 I MediaCodec: MediaCodec will operate in async mode
01-17 09:21:20.447 29832 29832 D featureTest: receive broadcast , change ds status :1
01-17 09:21:20.455   710 29864 D AudioTrack: Client defaulted notificationFrames to 12000 for frameCount 24000
01-17 09:21:20.460   627  3512 D DlbDlbEffect: handle_EFFECT_CMD_DISABLE()
01-17 09:21:20.460   627  3512 D DlbDapCrossfadeProcess: setEnabled transitioning from DAP_ACTIVE state to FADE_TO_BYPASS
01-17 09:21:20.462   627  3512 D DlbDlbEffect: handle_EFFECT_CMD_SET_CONFIG()
01-17 09:21:20.462   627  6441 D DlbDapEndpointParamCache: setDevice(device=0x00000002)
01-17 09:21:20.462   645   645 D DMSService: setActiveDevice called with device = 0x2
01-17 09:21:20.463   627  6441 D DlbDlbEffect: handle_EFFECT_CMD_ENABLE()
01-17 09:21:20.463   627  6441 D DlbDapCrossfadeProcess: setEnabled transitioning from FADE_TO_BYPASS state to FADE_TO_ACTIVE
01-17 09:21:20.463   684  3653 W AudioFlinger: moveDolbyEffect() effect chain for session 0 not on source thread 0xee0ae580
01-17 09:21:20.464   710 29858 D NuPlayerDriver: notifyListener_l(0xe6bcba80), (6, 0, 0, -1), loop setting(0, 1)
01-17 09:21:20.468   627  3892 D DlbDapCrossfadeProcess: process transitioning from FADE_TO_ACTIVE state to DAP_ACTIVE
01-17 09:21:20.479   627  3512 D DlbDlbEffect: handle_EFFECT_CMD_SET_PARAM()
01-17 09:21:20.522 29832 29832 D featureTest: receive broadcast , change ds profile id :2
01-17 09:21:20.530   627  3512 D DlbDlbEffect: handle_EFFECT_CMD_SET_PARAM()
01-17 09:21:20.530   645   713 I DapController: Profile Changed to Music
01-17 09:21:20.546   627  3892 D DlbDapEndpointParamCache: commitChangedParams()
01-17 09:21:20.546   627  3892 D DlbDapEndpointParamCache: commit() Applying parameters for device 0x40000000
01-17 09:21:20.546   627  3892 D DlbDap2Process: setParam(iea = #1[10])
01-17 09:21:20.546   627  3892 D DlbDap2Process: setParam(msce = #1[0])
01-17 09:21:20.547   627  3892 D DlbDap2Process: setParam(mdee = #1[0])
01-17 09:21:20.547   627  3892 D DlbDap2Process: setParam(miee = #1[0])
01-17 09:21:20.547   627  3892 D DlbDap2Process: setParam(mdle = #1[0])
01-17 09:21:20.547   627  3892 D DlbDap2Process: setParam(dvle = #1[1])
01-17 09:21:20.547   627  3892 D DlbDap2Process: setParam(mave = #1[0])
01-17 09:21:20.547   627  3892 D DlbDap2Process: setParam(vcbf = #20[47, 141, 234, 328, 469, 656, 844, 1031, 1313, 1688, 2250, 3000, 3750, 4688, 5813, 7125, 9000, 11250, 13875, 19688])
01-17 09:21:20.547   627  3892 D DlbDap2Process: setParam(vbon = #1[0])
01-17 09:21:20.547   627  3892 D DlbDap2Process: setParam(beon = #1[0])
01-17 09:21:20.547   627  3892 D DlbDap2Process: setParam(geon = #1[0])
01-17 09:21:20.547   627  3892 D DlbDap2Process: setParam(ieon = #1[1])
01-17 09:21:20.547   627  3892 D DlbDap2Process: setParam(gebs = #41[20, 47, 141, 234, 328, 469, 656, 844, 1031, 1313, 1688, 2250, 3000, 3750, 4688, 5813, 7125, 9000, 11250, 13875, 19688, 0, 0, 0, 0, 0, 0, 0, 0, 0, 0, 0, 0, 0, 0, 0, 0, 0, 0, 0, 0])
01-17 09:21:20.547   627  3892 D DlbDap2Process: setParam(iebs = #41[20, 65, 136, 223, 332, 467, 634, 841, 1098, 1416, 1812, 2302, 2909, 3663, 4598, 5756, 7194, 8976, 11186, 13927, 17326, 117, 133, 188, 176, 141, 149, 175, 185, 185, 200, 236, 242, 228, 213, 182, 132, 110, 68, -27, -240])
01-17 09:21:20.547   627  3892 D DlbDapEndpointParamCache: doCommit() Committed 15 parameters out of 16.
01-17 09:21:20.547   627  3892 D DlbDapEndpointParamCache: commit() Overriding parameters for current device 0x00000002
01-17 09:21:20.547   627  3892 D DlbDap2Process: setParam(dea = #1[7])
01-17 09:21:20.547   627  3892 D DlbDap2Process: setParam(dsa = #1[10])
01-17 09:21:20.547   627  3892 D DlbDap2Process: setParam(beb = #1[192])
01-17 09:21:20.547   627  3892 D DlbDap2Process: setParam(plb = #1[0])
01-17 09:21:20.547   627  3892 D DlbDap2Process: setParam(vmb = #1[144])
01-17 09:21:20.547   627  3892 D DlbDap2Process: setParam(dsb = #1[0])
01-17 09:21:20.547   627  3892 D DlbDap2Process: setParam(ded = #1[0])
01-17 09:21:20.547   627  3892 D DlbDap2Process: setParam(vbm = #1[3])
01-17 09:21:20.547   627  3892 D DlbDap2Process: setParam(dom = #1[0])
01-17 09:21:20.547   627  3892 D DlbDap2Process: setParam(bew = #1[16])
01-17 09:21:20.547   627  3892 D DlbDap2Process: setParam(dvla = #1[4])
01-17 09:21:20.547   627  3892 D DlbDap2Process: setParam(arra = #1[96])
01-17 09:21:20.547   627  3892 D DlbDap2Process: setParam(dfsa = #1[10])
01-17 09:21:20.547   627  3892 D DlbDap2Process: setParam(dhsa = #1[10])
01-17 09:21:20.547   627  3892 D DlbDap2Process: setParam(dvmc = #1[0])
01-17 09:21:20.547   627  3892 D DlbDap2Process: setParam(arod = #1[0])
01-17 09:21:20.548   627  3892 D DlbDap2Process: setParam(arde = #1[1])
01-17 09:21:20.548   627  3892 D DlbDap2Process: setParam(dvle = #1[1])
01-17 09:21:20.548   627  3892 D DlbDap2Process: setParam(dvme = #1[0])
01-17 09:21:20.548   627  3892 D DlbDap2Process: setParam(becf = #1[200])
01-17 09:21:20.548   627  3892 D DlbDap2Process: setParam(vbmf = #2[94, 469])
01-17 09:21:20.548   627  3892 D DlbDap2Process: setParam(vbsf = #2[35, 160])
01-17 09:21:20.548   627  3892 D DlbDap2Process: setParam(vbhg = #3[-32, -144, -192])
01-17 09:21:20.548   627  3892 D DlbDap2Process: setParam(vbog = #1[0])
01-17 09:21:20.548   627  3892 D DlbDap2Process: setParam(vbsg = #1[0])
01-17 09:21:20.548   627  3892 D DlbDap2Process: setParam(dvli = #1[-320])
01-17 09:21:20.548   627  3892 D DlbDap2Process: setParam(dhfm = #1[2])
01-17 09:21:20.548   627  3892 D DlbDap2Process: setParam(vbon = #1[0])
01-17 09:21:20.548   627  3892 D DlbDap2Process: setParam(beon = #1[0])
01-17 09:21:20.548   627  3892 D DlbDap2Process: setParam(deon = #1[0])
01-17 09:21:20.548   627  3892 D DlbDap2Process: setParam(ngon = #1[1])
01-17 09:21:20.548   627  3892 D DlbDap2Process: setParam(aoon = #1[1])
01-17 09:21:20.548   627  3892 D DlbDap2Process: setParam(aron = #1[1])
01-17 09:21:20.548   627  3892 D DlbDap2Process: setParam(dvlo = #1[-320])
01-17 09:21:20.548   627  3892 D DlbDap2Process: setParam(artp = #1[12])
01-17 09:21:20.548   627  3892 D DlbDap2Process: setParam(aobs = #222[20, 10, 47, 141, 234, 328, 469, 656, 844, 1031, 1313, 1688, 2250, 3000, 3750, 4688, 5813, 7125, 9000, 11250, 13875, 19688, 0, 0, 0, 0, 0, 0, 0, 0, 0, 0, 0, 0, 0, 0, 0, 0, 0, 0, 0, 0, 0, 0, 0, 0, 0, 0, 0, 0, 0, 0, 0, 0, 0, 0, 0, 0, 0, 0, 0, 0, 0, 0, 0, 0, 0, 0, 0, 0, 0, 0, 0, 0, 0, 0, 0, 0, 0, 0, 0, 0, 0, 0, 0, 0, 0, 0, 0, 0, 0, 0, 0, 0, 0, 0, 0, 0, 0, 0, 0, 0, 0, 0, 0, 0, 0, 0, 0, 0, 0, 0, 0, 0, 0, 0, 0, 0, 0, 0, 0, 0, 0, 0, 0, 0, 0, 0, 0, 0, 0, 0, 0, 0, 0, 0, 0, 0, 0, 0, 0, 0, 0, 0, 0, 0, 0, 0, 0, 0, 0, 0, 0, 0, 0, 0, 0, 0, 0, 0, 0, 0, 0, 0, 0, 0, 0, 0, 0, 0, 0, 0, 0, 0, 0, 0, 0, 0, 0, 0, 0, 0, 0, 0, 0, 0, 0, 0, 0, 0, 0, 0, 0, 0, 0, 0, 0, 0, 0, 0, 0, 0, 0, 0, 0, 0, 0, 0, 0, 0, 0, 0, 0, 0, 0, 0, 0, 0, 0, 0, 0, 0])
01-17 09:21:20.548   627  3892 D DlbDap2Process: setParam(arbs = #81[20, 47, 141, 234, 328, 469, 656, 844, 1031, 1313, 1688, 2250, 3000, 3750, 4688, 5813, 7125, 9000, 11250, 13875, 19688, -192, -192, -192, -192, -192, -192, -192, -192, -192, -192, -192, -192, -192, -192, -192, -192, -192, -192, -192, -192, 0, 0, 0, 0, 0, 0, 0, 0, 0, 0, 0, 0, 0, 0, 0, 0, 0, 0, 0, 0, 0, 0, 0, 0, 0, 0, 0, 0, 0, 0, 0, 0, 0, 0, 0, 0, 0, 0, 0, 0])
01-17 09:21:20.549   627  3892 D DlbDapEndpointParamCache: doCommit() Committed 37 parameters out of 37.
01-17 09:21:20.549   627  3892 D DlbDap2Process: setMave(mave = 0)
01-17 09:21:20.575   684  1061 D AudioFlinger: mixer(0xed503800) throttle end: throttle time(47)
01-17 09:21:20.576 29832 29832 D featureTest: receive broadcast , record log :0
01-17 09:21:20.616   627  3892 D DlbDap2Process: process() called [458000] times
01-17 09:21:23.299   627  3892 D DlbDap2Process: process() called [458500] times
