--------- beginning of system
01-15 12:09:04.292   945  1323 I ActivityManager: Force stopping com.dolby.qa.featuretest appid=10072 user=0: from pid 14626
01-15 12:09:04.296   945  1323 I ActivityManager: Killing 14532:com.dolby.qa.featuretest/u0a72 (adj 0): stop com.dolby.qa.featuretest
01-15 12:09:04.298   945  1323 W ActivityManager: Force removing ActivityRecord{7fc168e u0 com.dolby.qa.featuretest/.MainActivity t114}: app died, no saved state
01-15 12:09:04.313   945  1323 I WindowManager: Failed to capture screenshot of Token{5090eaf ActivityRecord{7fc168e u0 com.dolby.qa.featuretest/.MainActivity t114 f}} appWin=Window{2ff7fa2 u0 com.dolby.qa.featuretest/com.dolby.qa.featuretest.MainActivity} drawState=4
--------- beginning of main
01-15 12:09:04.342   710   900 D NuPlayerDriver: reset(0xe84b29a0) at state 5
01-15 12:09:04.344   710   900 D NuPlayerDriver: notifyListener_l(0xe84b29a0), (8, 0, 0, -1), loop setting(0, 1)
01-15 12:09:04.346   684  7228 D AudioFlinger: trackStateChanged() Track id 323 state changed to 6
01-15 12:09:04.346   945  5021 I WindowManager: WIN DEATH: Window{d8851b9 u0 Toast}
01-15 12:09:04.355   717  5319 I DDP_JOCDecoder: -> ~DDPDecoder
01-15 12:09:04.355   717  5319 I DDP_JOCDecoder: -> stop
01-15 12:09:04.356   645   645 I DMSService: unregisterClient type = 4, uid = e83921e0
01-15 12:09:04.371  1499  1499 D CarrierSvcBindHelper: No carrier app for: 0
01-15 12:09:04.380  2010  2010 D RegisteredNfcFServicesCache: Service unchanged, not updating
01-15 12:09:04.407   645   645 D DatabaseHelper: failed to prepare SQL : INSERT INTO profiles VALUES(15
01-15 12:09:04.407   645   645 D DatabaseHelper: ,'custom','user2','user2','off','off')
01-15 12:09:04.407   645   645 D DatabaseHelper: failed to prepare SQL : INSERT INTO profile_endpoints VALUES(57
01-15 12:09:04.407   645   645 D DatabaseHelper: ,'custom','user2','speaker')
01-15 12:09:04.407   645   645 D DatabaseHelper: failed to prepare SQL : INSERT INTO profile_endpoints VALUES(57
01-15 12:09:04.407   645   645 D DatabaseHelper: ,'custom','user2','headphone')
01-15 12:09:04.409   645   645 D DatabaseHelper: failed to prepare SQL : INSERT INTO profile_endpoints VALUES(57
01-15 12:09:04.409   645   645 D DatabaseHelper: ,'custom','user2','passthrough')
01-15 12:09:04.410   645   645 D DatabaseHelper: failed to prepare SQL : INSERT INTO profile_endpoints VALUES(57
01-15 12:09:04.410   645   645 D DatabaseHelper: ,'custom','user2','other')
01-15 12:09:04.411   645   645 D DatabaseHelper: failed to prepare SQL : INSERT INTO profile_ports VALUES(85
01-15 12:09:04.411   645   645 D DatabaseHelper: ,'custom','user2','internal_speaker')
01-15 12:09:04.411   645   645 D DatabaseHelper: failed to prepare SQL : INSERT INTO profile_ports VALUES(85
01-15 12:09:04.411   645   645 D DatabaseHelper: ,'custom','user2','hdmi')
01-15 12:09:04.411   645   645 D DatabaseHelper: failed to prepare SQL : INSERT INTO profile_ports VALUES(85
01-15 12:09:04.411   645   645 D DatabaseHelper: ,'custom','user2','miracast')
01-15 12:09:04.411   645   645 D DatabaseHelper: failed to prepare SQL : INSERT INTO profile_ports VALUES(85
01-15 12:09:04.411   645   645 D DatabaseHelper: ,'custom','user2','headphone_port')
01-15 12:09:04.411   645   645 D DatabaseHelper: failed to prepare SQL : INSERT INTO profile_ports VALUES(85
01-15 12:09:04.411   645   645 D DatabaseHelper: ,'custom','user2','bluetooth')
01-15 12:09:04.411   645   645 D DatabaseHelper: failed to prepare SQL : INSERT INTO profile_ports VALUES(85
01-15 12:09:04.411   645   645 D DatabaseHelper: ,'custom','user2','usb')
01-15 12:09:04.412   645   645 D DatabaseHelper: failed to prepare SQL : INSERT INTO geq_presets VALUES(57
01-15 12:09:04.412   645   645 D DatabaseHelper: ,'custom','off','user2')
01-15 12:09:04.412   645   645 D DatabaseHelper: failed to prepare SQL : INSERT INTO geq_presets VALUES(57
01-15 12:09:04.412   645   645 D DatabaseHelper: ,'custom','open','user2')
01-15 12:09:04.412   645   645 D DatabaseHelper: failed to prepare SQL : INSERT INTO geq_presets VALUES(57
01-15 12:09:04.412   645   645 D DatabaseHelper: ,'custom','rich','user2')
01-15 12:09:04.413   645   645 D DatabaseHelper: failed to prepare SQL : INSERT INTO geq_presets VALUES(57
01-15 12:09:04.413   645   645 D DatabaseHelper: ,'custom','focused','user2')
01-15 12:09:04.428   717  5319 I DDP_JOCDecoder: <- stop
01-15 12:09:04.428   717  5319 I ARenderer: ~ARenderer
01-15 12:09:04.428   717  5319 I evo_parser: evo_parser_close
01-15 12:09:04.428   717  5319 I DlbDap2QmfProcess: ~Dap2Process()
01-15 12:09:04.428   717  5319 I DlbDap2QmfProcess: close()
01-15 12:09:04.429   717  5319 I DDP_JOCDecoder: <- ~DDPDecoder
01-15 12:09:04.434   710 14589 D NuPlayerDriver: notifyResetComplete(0xe84b29a0)
01-15 12:09:04.435   710   900 D AudioTrack: stop() called with 0 frames delivered
01-15 12:09:04.436   627  3892 I DlbEffectContext: setContentProcEnabled() Enabling content processing in global effect
01-15 12:09:04.437   627  3892 D DlbDapEndpointParamCache: commitChangedParams()
01-15 12:09:04.437   627  3892 D DlbDapEndpointParamCache: commit() Applying parameters for device 0x40000000
01-15 12:09:04.437   627  3892 D DlbDap2Process: setParam(iea = #1[10])
01-15 12:09:04.437   627  3892 D DlbDap2Process: setParam(msce = #1[0])
01-15 12:09:04.437   627  3892 D DlbDap2Process: setParam(mdee = #1[0])
01-15 12:09:04.437   627  3892 D DlbDap2Process: setParam(miee = #1[0])
01-15 12:09:04.437   627  3892 D DlbDap2Process: setParam(mdle = #1[0])
01-15 12:09:04.437   627  3892 D DlbDap2Process: setParam(dvle = #1[1])
01-15 12:09:04.437   627  3892 D DlbDap2Process: setParam(mave = #1[0])
01-15 12:09:04.437   627  3892 D DlbDap2Process: setParam(vcbf = #20[47, 141, 234, 328, 469, 656, 844, 1031, 1313, 1688, 2250, 3000, 3750, 4688, 5813, 7125, 9000, 11250, 13875, 19688])
01-15 12:09:04.437   627  3892 D DlbDap2Process: setParam(vbon = #1[0])
01-15 12:09:04.437   627  3892 D DlbDap2Process: setParam(beon = #1[0])
01-15 12:09:04.437   627  3892 D DlbDap2Process: setParam(geon = #1[0])
01-15 12:09:04.437   627  3892 D DlbDap2Process: setParam(ieon = #1[0])
01-15 12:09:04.437   627  3892 D DlbDap2Process: setParam(gebs = #41[20, 47, 141, 234, 328, 469, 656, 844, 1031, 1313, 1688, 2250, 3000, 3750, 4688, 5813, 7125, 9000, 11250, 13875, 19688, 0, 0, 0, 0, 0, 0, 0, 0, 0, 0, 0, 0, 0, 0, 0, 0, 0, 0, 0, 0])
01-15 12:09:04.437   627  3892 D DlbDap2Process: setParam(iebs = #41[20, 65, 136, 223, 332, 467, 634, 841, 1098, 1416, 1812, 2302, 2909, 3663, 4598, 5756, 7194, 8976, 11186, 13927, 17326, 117, 133, 188, 176, 141, 149, 175, 185, 185, 200, 236, 242, 228, 213, 182, 132, 110, 68, -27, -240])
01-15 12:09:04.437   627  3892 D DlbDapEndpointParamCache: doCommit() Committed 15 parameters out of 16.
01-15 12:09:04.437   627  3892 D DlbDapEndpointParamCache: commit() Overriding parameters for current device 0x00000002
01-15 12:09:04.437   627  3892 D DlbDap2Process: setParam(dea = #1[7])
01-15 12:09:04.437   627  3892 D DlbDap2Process: setParam(dsa = #1[10])
01-15 12:09:04.437   627  3892 D DlbDap2Process: setParam(beb = #1[192])
01-15 12:09:04.437   627  3892 D DlbDap2Process: setParam(plb = #1[0])
01-15 12:09:04.437   627  3892 D DlbDap2Process: setParam(vmb = #1[144])
01-15 12:09:04.438   627  3892 D DlbDap2Process: setParam(dsb = #1[48])
01-15 12:09:04.438   627  3892 D DlbDap2Process: setParam(ded = #1[0])
01-15 12:09:04.438   627  3892 D DlbDap2Process: setParam(vbm = #1[3])
01-15 12:09:04.438   627  3892 D DlbDap2Process: setParam(dom = #1[0])
01-15 12:09:04.438   627  3892 D DlbDap2Process: setParam(bew = #1[16])
01-15 12:09:04.438   627  3892 D DlbDap2Process: setParam(dvla = #1[5])
01-15 12:09:04.438   627  3892 D DlbDap2Process: setParam(arra = #1[96])
01-15 12:09:04.438   627  3892 D DlbDap2Process: setParam(dfsa = #1[10])
01-15 12:09:04.438   627  3892 D DlbDap2Process: setParam(dhsa = #1[10])
01-15 12:09:04.438   627  3892 D DlbDap2Process: setParam(dvmc = #1[0])
01-15 12:09:04.438   627  3892 D DlbDap2Process: setParam(arod = #1[0])
01-15 12:09:04.438   627  3892 D DlbDap2Process: setParam(arde = #1[1])
01-15 12:09:04.438   627  3892 D DlbDap2Process: setParam(dvle = #1[1])
01-15 12:09:04.438   627  3892 D DlbDap2Process: setParam(dvme = #1[0])
01-15 12:09:04.438   627  3892 D DlbDap2Process: setParam(becf = #1[200])
01-15 12:09:04.438   627  3892 D DlbDap2Process: setParam(vbmf = #2[94, 469])
01-15 12:09:04.438   627  3892 D DlbDap2Process: setParam(vbsf = #2[35, 160])
01-15 12:09:04.438   627  3892 D DlbDap2Process: setParam(vbhg = #3[-32, -144, -192])
01-15 12:09:04.438   627  3892 D DlbDap2Process: setParam(vbog = #1[0])
01-15 12:09:04.438   627  3892 D DlbDap2Process: setParam(vbsg = #1[0])
01-15 12:09:04.438   627  3892 D DlbDap2Process: setParam(dvli = #1[-320])
01-15 12:09:04.438   627  3892 D DlbDap2Process: setParam(dhfm = #1[2])
01-15 12:09:04.438   627  3892 D DlbDap2Process: setParam(vbon = #1[0])
01-15 12:09:04.438   627  3892 D DlbDap2Process: setParam(beon = #1[0])
01-15 12:09:04.438   627  3892 D DlbDap2Process: setParam(deon = #1[0])
01-15 12:09:04.438   627  3892 D DlbDap2Process: setParam(ngon = #1[1])
01-15 12:09:04.438   627  3892 D DlbDap2Process: setParam(aoon = #1[1])
01-15 12:09:04.438   627  3892 D DlbDap2Process: setParam(aron = #1[1])
01-15 12:09:04.438   627  3892 D DlbDap2Process: setParam(dvlo = #1[-320])
01-15 12:09:04.438   627  3892 D DlbDap2Process: setParam(artp = #1[12])
01-15 12:09:04.439   627  3892 D DlbDap2Process: setParam(aobs = #222[20, 10, 47, 141, 234, 328, 469, 656, 844, 1031, 1313, 1688, 2250, 3000, 3750, 4688, 5813, 7125, 9000, 11250, 13875, 19688, 0, 0, 0, 0, 0, 0, 0, 0, 0, 0, 0, 0, 0, 0, 0, 0, 0, 0, 0, 0, 0, 0, 0, 0, 0, 0, 0, 0, 0, 0, 0, 0, 0, 0, 0, 0, 0, 0, 0, 0, 0, 0, 0, 0, 0, 0, 0, 0, 0, 0, 0, 0, 0, 0, 0, 0, 0, 0, 0, 0, 0, 0, 0, 0, 0, 0, 0, 0, 0, 0, 0, 0, 0, 0, 0, 0, 0, 0, 0, 0, 0, 0, 0, 0, 0, 0, 0, 0, 0, 0, 0, 0, 0, 0, 0, 0, 0, 0, 0, 0, 0, 0, 0, 0, 0, 0, 0, 0, 0, 0, 0, 0, 0, 0, 0, 0, 0, 0, 0, 0, 0, 0, 0, 0, 0, 0, 0, 0, 0, 0, 0, 0, 0, 0, 0, 0, 0, 0, 0, 0, 0, 0, 0, 0, 0, 0, 0, 0, 0, 0, 0, 0, 0, 0, 0, 0, 0, 0, 0, 0, 0, 0, 0, 0, 0, 0, 0, 0, 0, 0, 0, 0, 0, 0, 0, 0, 0, 0, 0, 0, 0, 0, 0, 0, 0, 0, 0, 0, 0, 0, 0, 0, 0, 0, 0, 0, 0, 0, 0, 0])
01-15 12:09:04.439   627  3892 D DlbDap2Process: setParam(arbs = #81[20, 47, 141, 234, 328, 469, 656, 844, 1031, 1313, 1688, 2250, 3000, 3750, 4688, 5813, 7125, 9000, 11250, 13875, 19688, -192, -192, -192, -192, -192, -192, -192, -192, -192, -192, -192, -192, -192, -192, -192, -192, -192, -192, -192, -192, 0, 0, 0, 0, 0, 0, 0, 0, 0, 0, 0, 0, 0, 0, 0, 0, 0, 0, 0, 0, 0, 0, 0, 0, 0, 0, 0, 0, 0, 0, 0, 0, 0, 0, 0, 0, 0, 0, 0, 0])
01-15 12:09:04.439   627  3892 D DlbDapEndpointParamCache: doCommit() Committed 37 parameters out of 37.
01-15 12:09:04.439   627  3892 D DlbDap2Process: setMave(mave = 0)
01-15 12:09:04.453   945  2092 I ActivityManager: START u0 {flg=0x10000000 cmp=com.dolby.qa.featuretest/.MainActivity} from uid 2000
01-15 12:09:04.474   945  1530 I ActivityManager: Start proc 14633:com.dolby.qa.featuretest/u0a72 for activity com.dolby.qa.featuretest/.MainActivity
01-15 12:09:04.474 14633 14633 I zygote64: Late-enabling -Xcheck:jni
01-15 12:09:04.508   684  1061 D AudioFlinger: trackStateChanged() Track id 323 state changed to 2
01-15 12:09:04.508   684  1061 I AudioFlinger: updateProcessedAudioState() Changing content processing in effect to 0
01-15 12:09:04.508   627  3512 D DlbDlbEffect: handle_EFFECT_CMD_SET_PARAM()
01-15 12:09:04.527 14633 14640 E zygote64: Failed sending reply to debugger: Broken pipe
01-15 12:09:04.528 14633 14640 I zygote64: Debugger is no longer active
01-15 12:09:04.529   684  1061 D AudioFlinger: trackDestroyed() Track id 323 no longer contains processed audio
01-15 12:09:04.530   684   928 W AudioFlinger::EffectModule: EffectModule 0xed0e2f80 destructor called with unreleased interface
01-15 12:09:04.530   684   928 W AudioFlinger::EffectHandle: disconnect Effect handle 0xee1634c0 disconnected after thread destruction
01-15 12:09:04.532   627  3512 D DlbDlbEffect: handle_EFFECT_CMD_DISABLE()
01-15 12:09:04.532   627  3512 D DlbDapCrossfadeProcess: setEnabled transitioning from DAP_ACTIVE state to FADE_TO_BYPASS
01-15 12:09:04.533   626   626 W /system/bin/hw/android.hidl.allocator@1.0-service: ashmem_create_region(3840) returning hidl_memory(0x7b7102c330, 3840)
01-15 12:09:04.534   627  3512 D DlbDlbEffect: handle_EFFECT_CMD_SET_CONFIG()
01-15 12:09:04.534   627  3512 D DlbDapEndpointParamCache: setDevice(device=0x00000002)
01-15 12:09:04.534   645   645 D DMSService: setActiveDevice called with device = 0x2
01-15 12:09:04.535   627  4939 D DlbDlbEffect: handle_EFFECT_CMD_ENABLE()
01-15 12:09:04.535   627  4939 D DlbDapCrossfadeProcess: setEnabled transitioning from FADE_TO_BYPASS state to FADE_TO_ACTIVE
01-15 12:09:04.645 14633 14633 D featureTest: onCreate
01-15 12:09:04.648 14633 14633 D AudioTrack: Client defaulted notificationFrames to 962 for frameCount 1924
01-15 12:09:04.651 14633 14633 W AudioTrack: Use of stream types is deprecated for operations other than volume control
01-15 12:09:04.651 14633 14633 W AudioTrack: See the documentation of AudioTrack() for what to use instead with android.media.AudioAttributes to qualify your playback use case
01-15 12:09:04.657 14633 14633 W DolbyAudioEffect: WARNING: attaching a DolbyAudioEffect to global output mix is deprecated!
01-15 12:09:04.664 14633 14633 D featureTest: onResume
01-15 12:09:04.673 14633 14650 D OpenGLRenderer: HWUI GL Pipeline
01-15 12:09:04.715 14633 14650 I Adreno  : QUALCOMM build                   : 7142022, Ib5823dd10c
01-15 12:09:04.715 14633 14650 I Adreno  : Build Date                       : 06/23/17
01-15 12:09:04.715 14633 14650 I Adreno  : OpenGL ES Shader Compiler Version: EV031.18.00.00
01-15 12:09:04.715 14633 14650 I Adreno  : Local Branch                     : O11A
01-15 12:09:04.715 14633 14650 I Adreno  : Remote Branch                    : 
01-15 12:09:04.715 14633 14650 I Adreno  : Remote Branch                    : 
01-15 12:09:04.715 14633 14650 I Adreno  : Reconstruct Branch               : 
01-15 12:09:04.719 14633 14650 I Adreno  : PFP: 0x005ff087, ME: 0x005ff063
01-15 12:09:04.721 14633 14650 I OpenGLRenderer: Initialized EGL, version 1.4
01-15 12:09:04.722 14633 14650 D OpenGLRenderer: Swap behavior 2
01-15 12:09:04.769   945   998 I ActivityManager: Displayed com.dolby.qa.featuretest/.MainActivity: +302ms
01-15 12:09:04.875   945   998 W ActivityManager: setHasOverlayUi called on unknown pid: 14532
01-15 12:09:04.878   475   475 D SurfaceFlinger: Backpressure trigger, skipping transaction & refresh!
01-15 12:09:05.255   945   945 W NotificationService: Object died trying to hide notification android.app.ITransientNotification$Stub$Proxy@a75864b in package com.dolby.qa.featuretest
01-15 12:09:05.256   945   945 W WindowManager: removeWindowToken: Attempted to remove non-existing token: android.os.Binder@802c449
01-15 12:09:05.256   945   945 W ActivityManager: setProcessForeground called on unknown pid: 14532
01-15 12:09:05.256   945   945 W NotificationService: Object died trying to show notification android.app.ITransientNotification$Stub$Proxy@bf73828 in package com.dolby.qa.featuretest
01-15 12:09:05.257   945   945 W ActivityManager: setProcessForeground called on unknown pid: 14532
01-15 12:09:05.257   945   945 W NotificationService: Object died trying to show notification android.app.ITransientNotification$Stub$Proxy@24f4941 in package com.dolby.qa.featuretest
01-15 12:09:05.257   945   945 W ActivityManager: setProcessForeground called on unknown pid: 14532
01-15 12:09:05.257   945   945 W NotificationService: Object died trying to show notification android.app.ITransientNotification$Stub$Proxy@d5a2ee6 in package com.dolby.qa.featuretest
01-15 12:09:05.271  2103  2230 W OpenGLRenderer: Incorrectly called buildLayer on View: ShortcutAndWidgetContainer, destroying layer...
01-15 12:09:05.532 14633 14633 D featureTest: receive broadcast , playing content location :/sdcard/featureTest/2ch_ddp_25fps_ref_level.mp4
01-15 12:09:05.539 14633 14633 D featureTest: mMediaPlayer.getAudioSessionId(): 2193
01-15 12:09:05.540 14633 14633 D featureTest: Playing file: /sdcard/featureTest/2ch_ddp_25fps_ref_level.mp4
01-15 12:09:05.542   710   710 D NuPlayerDriver: NuPlayerDriver(0xe84b28c0) created, clientPid(14633)
01-15 12:09:05.545 14633 14633 W MediaPlayer: Use of stream types is deprecated for operations other than volume control
01-15 12:09:05.545 14633 14633 W MediaPlayer: See the documentation of setAudioStreamType() for what to use instead with android.media.AudioAttributes to qualify your playback use case
01-15 12:09:05.546 14660 14660 W generic : type=1400 audit(0.0:183): avc: denied { read } for path="/storage/emulated/0/featuretest/2ch_ddp_25fps_ref_level.mp4" dev="sdcardfs" ino=1310759 scontext=u:r:mediaextractor:s0 tcontext=u:object_r:sdcardfs:s0 tclass=file permissive=0
01-15 12:09:05.549   710 14660 D GenericSource: FileSource remote
01-15 12:09:05.549   710 14660 W GenericSource: extractor service cannot make data source
01-15 12:09:05.549   710 14660 D GenericSource: FileSource local
01-15 12:09:05.558   710 14658 D NuPlayerDriver: notifyListener_l(0xe84b28c0), (5, 1280, 720, -1), loop setting(0, 0)
01-15 12:09:05.559   700  1879 D MediaBufferGroup: creating MemoryDealer
01-15 12:09:05.559   710 14658 D NuPlayerDriver: notifyListener_l(0xe84b28c0), (1, 0, 0, -1), loop setting(0, 0)
01-15 12:09:05.567   710   900 D NuPlayerDriver: start(0xe84b28c0), state is 4, eos is 0
01-15 12:09:05.567   710 14658 I GenericSource: start
01-15 12:09:05.571 14633 14633 W DolbyAudioEffect: WARNING: attaching a DolbyAudioEffect to global output mix is deprecated!
01-15 12:09:05.582   710 14666 I OMXClient: Treble IOmx obtained
01-15 12:09:05.583   717  5319 I OMXMaster: makeComponentInstance(OMX.dolby.eac3.decoder) in omx@1.0-service process
01-15 12:09:05.588 14633 14633 D featureTest: receive broadcast , change ds status :1
01-15 12:09:05.603   627  4939 D DlbDlbEffect: handle_EFFECT_CMD_SET_PARAM()
01-15 12:09:05.630   717  5319 I DDP_JOCDecoder: -> init name OMX.dolby.eac3.decoder
01-15 12:09:05.631   645   645 I DMSService: registerClient type = 0, uid = e83921e0
01-15 12:09:05.631   645   645 V DolbyMemoryService: registerClient() client 0x710ec74380, uid -398908960
01-15 12:09:05.632   717  5319 I DDP_JOCDecoder: <- init
01-15 12:09:05.632   717  5319 D DDP_JOCDecoder: initPorts
01-15 12:09:05.636   717  5319 E OMXNodeInstance: setConfig(0xe83a3020:dolby.eac3.decoder, ConfigPriority(0x6f800002)) ERROR: Undefined(0x80001001)
01-15 12:09:05.636   710 14666 I ACodec  : codec does not support config priority (err -2147483648)
01-15 12:09:05.636   717  5319 E OMXNodeInstance: getConfig(0xe83a3020:dolby.eac3.decoder, ConfigAndroidVendorExtension(0x6f100004)) ERROR: Undefined(0x80001001)
01-15 12:09:05.637   710 14666 I MediaCodec: MediaCodec will operate in async mode
01-15 12:09:05.637   710 14666 I ACodec  : setDolbyParameterOnProcessedAudio() Received dolby_processed_audio=1
01-15 12:09:05.637   710 14665 I NuPlayerDecoder: setDolbyMessage() Notifying player that Codec supports dolby_processed_audio flag
01-15 12:09:05.637   710 14658 I NuPlayer: onDolbyMessageReceived() Setting dolby_processed_audio flag on audio sink
01-15 12:09:05.637   710 14658 I MediaPlayerService: setDolbyParameters() Marking audio output as having dolby_processed_audio
01-15 12:09:05.637   645   645 I DMSService: unregisterClient type = 0, uid = e83921e0
01-15 12:09:05.654   645   645 D DatabaseHelper: failed to prepare SQL : INSERT INTO profiles VALUES(15
01-15 12:09:05.654   645   645 D DatabaseHelper: ,'custom','user2','user2','off','off')
01-15 12:09:05.654   645   645 D DatabaseHelper: failed to prepare SQL : INSERT INTO profile_endpoints VALUES(57
01-15 12:09:05.654   645   645 D DatabaseHelper: ,'custom','user2','speaker')
01-15 12:09:05.654   645   645 D DatabaseHelper: failed to prepare SQL : INSERT INTO profile_endpoints VALUES(57
01-15 12:09:05.654   645   645 D DatabaseHelper: ,'custom','user2','headphone')
01-15 12:09:05.654   645   645 D DatabaseHelper: failed to prepare SQL : INSERT INTO profile_endpoints VALUES(57
01-15 12:09:05.654   645   645 D DatabaseHelper: ,'custom','user2','passthrough')
01-15 12:09:05.655   645   645 D DatabaseHelper: failed to prepare SQL : INSERT INTO profile_endpoints VALUES(57
01-15 12:09:05.655   645   645 D DatabaseHelper: ,'custom','user2','other')
01-15 12:09:05.655   645   645 D DatabaseHelper: failed to prepare SQL : INSERT INTO profile_ports VALUES(85
01-15 12:09:05.655   645   645 D DatabaseHelper: ,'custom','user2','internal_speaker')
01-15 12:09:05.655   645   645 D DatabaseHelper: failed to prepare SQL : INSERT INTO profile_ports VALUES(85
01-15 12:09:05.655   645   645 D DatabaseHelper: ,'custom','user2','hdmi')
01-15 12:09:05.655   645   645 D DatabaseHelper: failed to prepare SQL : INSERT INTO profile_ports VALUES(85
01-15 12:09:05.655   645   645 D DatabaseHelper: ,'custom','user2','miracast')
01-15 12:09:05.655   645   645 D DatabaseHelper: failed to prepare SQL : INSERT INTO profile_ports VALUES(85
01-15 12:09:05.655   645   645 D DatabaseHelper: ,'custom','user2','headphone_port')
01-15 12:09:05.655   645   645 D DatabaseHelper: failed to prepare SQL : INSERT INTO profile_ports VALUES(85
01-15 12:09:05.655   645   645 D DatabaseHelper: ,'custom','user2','bluetooth')
01-15 12:09:05.655   645   645 D DatabaseHelper: failed to prepare SQL : INSERT INTO profile_ports VALUES(85
01-15 12:09:05.655   645   645 D DatabaseHelper: ,'custom','user2','usb')
01-15 12:09:05.655   645   645 D DatabaseHelper: failed to prepare SQL : INSERT INTO geq_presets VALUES(57
01-15 12:09:05.655   645   645 D DatabaseHelper: ,'custom','off','user2')
01-15 12:09:05.655   645   645 D DatabaseHelper: failed to prepare SQL : INSERT INTO geq_presets VALUES(57
01-15 12:09:05.655   645   645 D DatabaseHelper: ,'custom','open','user2')
01-15 12:09:05.656   645   645 D DatabaseHelper: failed to prepare SQL : INSERT INTO geq_presets VALUES(57
01-15 12:09:05.656   645   645 D DatabaseHelper: ,'custom','rich','user2')
01-15 12:09:05.656   645   645 D DatabaseHelper: failed to prepare SQL : INSERT INTO geq_presets VALUES(57
01-15 12:09:05.656   645   645 D DatabaseHelper: ,'custom','focused','user2')
01-15 12:09:05.657 14633 14633 D featureTest: receive broadcast , change ds profile id :2
01-15 12:09:05.666   645   645 I DMSService: registerClient type = 4, uid = e83921d0
01-15 12:09:05.666   645   645 V DolbyMemoryService: registerClient() client 0x710ec74380, uid -398908972
01-15 12:09:05.666   717  5320 D DDP_JOCDecoder: internalSetParameter() Instantiating ARenderer for content processing in decoder
01-15 12:09:05.666   717  5320 I DlbDap2QmfProcess: Dap2Process()
01-15 12:09:05.666   717  5320 I ARenderer: ARenderer
01-15 12:09:05.666   717  5320 I evo_parser: evo_parser_init
01-15 12:09:05.666   717  5320 I DlbDap2QmfProcess: init()
01-15 12:09:05.666   717  5320 I DlbDap2QmfProcess: open()
01-15 12:09:05.666   717  5320 I DlbDap2QmfProcess: loadLicense() no license check!
01-15 12:09:05.666   717  5320 I DlbDap2QmfProcess: validateLicense() no license check!
01-15 12:09:05.666   717  5320 I DlbDap2QmfProcess: init() DAP opened
01-15 12:09:05.667   717  5320 I DlbDap2QmfProcess: DAP library version: 2.5.1-P2.0
01-15 12:09:05.667   717  5320 D DlbDap2QmfProcess: DAP output mode set to 1 with 2 output channels and null mix matrix.
01-15 12:09:05.667   710 14666 I ACodec  : setDolbyParameterOnProcessedAudio() Content processing enabled in decoder
01-15 12:09:05.669   627  4939 D DlbDlbEffect: handle_EFFECT_CMD_SET_PARAM()
01-15 12:09:05.669   626   626 W /system/bin/hw/android.hidl.allocator@1.0-service: ashmem_create_region(8192) returning hidl_memory(0x7b7102c330, 8192)
01-15 12:09:05.670   645   713 I DapController: Profile Changed to Music
01-15 12:09:05.670   626   626 W /system/bin/hw/android.hidl.allocator@1.0-service: ashmem_create_region(8192) returning hidl_memory(0x7b7102c330, 8192)
01-15 12:09:05.671   626   626 I chatty  : uid=1000(system) allocator@1.0-s identical 1 line
01-15 12:09:05.672   626   626 W /system/bin/hw/android.hidl.allocator@1.0-service: ashmem_create_region(8192) returning hidl_memory(0x7b7102c330, 8192)
01-15 12:09:05.674   626   626 W /system/bin/hw/android.hidl.allocator@1.0-service: ashmem_create_region(147456) returning hidl_memory(0x7b7102c330, 147456)
01-15 12:09:05.676   626   626 I chatty  : uid=1000(system) allocator@1.0-s identical 2 lines
01-15 12:09:05.677   626   626 W /system/bin/hw/android.hidl.allocator@1.0-service: ashmem_create_region(147456) returning hidl_memory(0x7b7102c330, 147456)
01-15 12:09:05.678   717 14671 I DDP_JOCDecoder: -> start
01-15 12:09:05.679   717 14671 I EndpConfig: DAP state has changed from -1 to 1
01-15 12:09:05.679   717 14671 D DDP_JOCDecoder: Setting Max Output Channels to 2
01-15 12:09:05.679   717 14671 D DDP_JOCDecoder: setMultiChannelPCMOutDownmix mConfig->jocForceDownmixMode 1
01-15 12:09:05.679   717 14671 I udc_user: 
01-15 12:09:05.679   717 14671 I udc_user: *** DDPlus Unified Decoder Simulation  Version 1.7.3 ***
01-15 12:09:05.679   717 14671 I udc_user: 
01-15 12:09:05.679   717 14671 I udc_user: 7.1-channel decoder-converter, 
01-15 12:09:05.679   717 14671 I udc_user: 
01-15 12:09:05.679   717 14671 I udc_user: 5.1-channel dual-decoder-converter, 
01-15 12:09:05.679   717 14671 I udc_user: Karaoke unsupported, 
01-15 12:09:05.679   717 14671 I udc_user: TPNP supported. 
01-15 12:09:05.679   717 14671 I udc_user: 
01-15 12:09:05.679   717 14671 I udc_user: Unpublished work.  Copyright 2003-2014 Dolby Laboratories, Inc. and
01-15 12:09:05.679   717 14671 I udc_user: Dolby Laboratories Licensing Corporation.  All Rights Reserved.
01-15 12:09:05.679   717 14671 I udc_user: 
01-15 12:09:05.679   717 14671 I udc_user: USE OF THIS SOFTWARE IS SUBJECT TO A LEGAL AGREEMENT BETWEEN YOU AND DOLBY
01-15 12:09:05.679   717 14671 I udc_user: LABORATORIES. DO NOT USE THIS SOFTWARE UNLESS YOU AGREE TO THE TERMS AND 
01-15 12:09:05.679   717 14671 I udc_user: CONDITIONS IN THE AGREEMENT.  BY USING THIS SOFTWARE, YOU ACKNOWLEDGE THAT 
01-15 12:09:05.679   717 14671 I udc_user: YOU HAVE READ THE AGREEMENT AND THAT YOU AGREE TO BE BOUND BY ITS TERMS. 
01-15 12:09:05.679   717 14671 I udc_user: 
01-15 12:09:05.681   717 14671 I ddpdec_client_joc: ddpdec_open JOCD_MODE Buffer assignment
01-15 12:09:05.681   717 14671 D DDP_JOCDecoder: mStarted = 1
01-15 12:09:05.681   717 14671 I DDP_JOCDecoder: <- start
01-15 12:09:05.684   717 14671 D ddpdec_client_joc: ddpdec_client.c|int configDecoder()
01-15 12:09:05.686   717 14671 D DDP_JOCDecoder: Setting Max Output Channels to 2
01-15 12:09:05.688   717 14671 I DlbDap2QmfProcess: close()
01-15 12:09:05.688   717 14671 I DlbDap2QmfProcess: init()
01-15 12:09:05.688   717 14671 I DlbDap2QmfProcess: open()
01-15 12:09:05.689   717 14671 I DlbDap2QmfProcess: loadLicense() no license check!
01-15 12:09:05.689   717 14671 I DlbDap2QmfProcess: validateLicense() no license check!
01-15 12:09:05.689   717 14671 I DlbDap2QmfProcess: init() DAP opened
01-15 12:09:05.689   717 14671 I DlbDap2QmfProcess: DAP library version: 2.5.1-P2.0
01-15 12:09:05.689   717 14671 D DlbDap2QmfProcess: DAP output mode set to 1 with 2 output channels and null mix matrix.
01-15 12:09:05.689   717 14671 D ARenderer: checkAndUpdateConfig: DAP reinitialized because of sample rate change
01-15 12:09:05.689   717 14671 D ARenderer: updateDapConfig: Updating DAP configuration
01-15 12:09:05.689   717 14671 D DlbDap2QmfProcess: setParam(iea = #1[10])
01-15 12:09:05.689   717 14671 D DlbDap2QmfProcess: setParam(msce = #1[0])
01-15 12:09:05.689   717 14671 D DlbDap2QmfProcess: setParam(mdee = #1[0])
01-15 12:09:05.689   717 14671 D DlbDap2QmfProcess: setParam(miee = #1[0])
01-15 12:09:05.689   717 14671 D DlbDap2QmfProcess: setParam(mdle = #1[0])
01-15 12:09:05.689   717 14671 D DlbDap2QmfProcess: setParam(dvle = #1[1])
01-15 12:09:05.689   717 14671 D DlbDap2QmfProcess: setParam(mave = #1[0])
01-15 12:09:05.690   717 14671 D DlbDap2QmfProcess: setParam(vcbf = #20[47, 141, 234, 328, 469, 656, 844, 1031, 1313, 1688, 2250, 3000, 3750, 4688, 5813, 7125, 9000, 11250, 13875, 19688])
01-15 12:09:05.690   717 14671 D DlbDap2QmfProcess: setParam(ieon = #1[1])
01-15 12:09:05.690   717 14671 D DlbDap2QmfProcess: setParam(gebs = #41[20, 47, 141, 234, 328, 469, 656, 844, 1031, 1313, 1688, 2250, 3000, 3750, 4688, 5813, 7125, 9000, 11250, 13875, 19688, 0, 0, 0, 0, 0, 0, 0, 0, 0, 0, 0, 0, 0, 0, 0, 0, 0, 0, 0, 0])
01-15 12:09:05.690   717 14671 D DlbDap2QmfProcess: setParam(iebs = #41[20, 65, 136, 223, 332, 467, 634, 841, 1098, 1416, 1812, 2302, 2909, 3663, 4598, 5756, 7194, 8976, 11186, 13927, 17326, 117, 133, 188, 176, 141, 149, 175, 185, 185, 200, 236, 242, 228, 213, 182, 132, 110, 68, -27, -240])
01-15 12:09:05.690   717 14671 D DlbDap2QmfProcess: setParam(dea = #1[7])
01-15 12:09:05.690   717 14671 D DlbDap2QmfProcess: setParam(dsa = #1[10])
01-15 12:09:05.690   717 14671 D DlbDap2QmfProcess: setParam(beb = #1[192])
01-15 12:09:05.690   717 14671 D DlbDap2QmfProcess: setParam(plb = #1[0])
01-15 12:09:05.690   717 14671 D DlbDap2QmfProcess: setParam(vmb = #1[144])
01-15 12:09:05.690   717 14671 D DlbDap2QmfProcess: setParam(dsb = #1[0])
01-15 12:09:05.690   717 14671 D DlbDap2QmfProcess: setParam(ded = #1[0])
01-15 12:09:05.690   717 14671 D DlbDap2QmfProcess: setParam(dom = #1[0])
01-15 12:09:05.690   717 14671 D DlbDap2QmfProcess: setParam(bew = #1[16])
01-15 12:09:05.690   717 14671 D DlbDap2QmfProcess: setParam(dvla = #1[4])
01-15 12:09:05.690   717 14671 D DlbDap2QmfProcess: setParam(dfsa = #1[10])
01-15 12:09:05.690   717 14671 D DlbDap2QmfProcess: setParam(dhsa = #1[10])
01-15 12:09:05.690   717 14671 D DlbDap2QmfProcess: setParam(dvmc = #1[0])
01-15 12:09:05.690   717 14671 D DlbDap2QmfProcess: setParam(dvle = #1[1])
01-15 12:09:05.691   717 14671 D DlbDap2QmfProcess: setParam(dvme = #1[0])
01-15 12:09:05.691   717 14671 D DlbDap2QmfProcess: setParam(becf = #1[200])
01-15 12:09:05.691   717 14671 D DlbDap2QmfProcess: setParam(vbmf = #2[94, 469])
01-15 12:09:05.691   717 14671 D DlbDap2QmfProcess: setParam(vbsf = #2[35, 160])
01-15 12:09:05.691   717 14671 D DlbDap2QmfProcess: setParam(vbhg = #3[-32, -144, -192])
01-15 12:09:05.691   717 14671 D DlbDap2QmfProcess: setParam(vbog = #1[0])
01-15 12:09:05.691   717 14671 D DlbDap2QmfProcess: setParam(vbsg = #1[0])
01-15 12:09:05.691   717 14671 D DlbDap2QmfProcess: setParam(dvli = #1[-320])
01-15 12:09:05.691   717 14671 D DlbDap2QmfProcess: setParam(dhfm = #1[2])
01-15 12:09:05.691   717 14671 D DlbDap2QmfProcess: setParam(deon = #1[0])
01-15 12:09:05.691   717 14671 D DlbDap2QmfProcess: setParam(ngon = #1[1])
01-15 12:09:05.691   717 14671 D DlbDap2QmfProcess: setParam(dvlo = #1[-320])
01-15 12:09:05.691   717 14671 D DlbDap2QmfProcess: setParam(aobs = #222[20, 10, 47, 141, 234, 328, 469, 656, 844, 1031, 1313, 1688, 2250, 3000, 3750, 4688, 5813, 7125, 9000, 11250, 13875, 19688, 0, 0, 0, 0, 0, 0, 0, 0, 0, 0, 0, 0, 0, 0, 0, 0, 0, 0, 0, 0, 0, 0, 0, 0, 0, 0, 0, 0, 0, 0, 0, 0, 0, 0, 0, 0, 0, 0, 0, 0, 0, 0, 0, 0, 0, 0, 0, 0, 0, 0, 0, 0, 0, 0, 0, 0, 0, 0, 0, 0, 0, 0, 0, 0, 0, 0, 0, 0, 0, 0, 0, 0, 0, 0, 0, 0, 0, 0, 0, 0, 0, 0, 0, 0, 0, 0, 0, 0, 0, 0, 0, 0, 0, 0, 0, 0, 0, 0, 0, 0, 0, 0, 0, 0, 0, 0, 0, 0, 0, 0, 0, 0, 0, 0, 0, 0, 0, 0, 0, 0, 0, 0, 0, 0, 0, 0, 0, 0, 0, 0, 0, 0, 0, 0, 0, 0, 0, 0, 0, 0, 0, 0, 0, 0, 0, 0, 0, 0, 0, 0, 0, 0, 0, 0, 0, 0, 0, 0, 0, 0, 0, 0, 0, 0, 0, 0, 0, 0, 0, 0, 0, 0, 0, 0, 0, 0, 0, 0, 0, 0, 0, 0, 0, 0, 0, 0, 0, 0, 0, 0, 0, 0, 0, 0, 0, 0, 0, 0, 0, 0])
01-15 12:09:05.691   717 14671 D DlbDap2QmfProcess: setParam(dvle = #1[1])
01-15 12:09:05.692   717 14671 D DlbDap2QmfProcess: setParam(dvli = #1[-496])
01-15 12:09:05.692   717 14671 D DlbDap2QmfProcess: setParam(dvlo = #1[-176])
01-15 12:09:05.692   717 14671 D ARenderer: updateDapVolumeLeveler: Setting output level to -11.00dB
01-15 12:09:05.692   717 14671 D DlbDap2QmfProcess: setParam(vmb = #1[0])
01-15 12:09:05.692   717 14671 D DlbDap2QmfProcess: setParam(preg = #1[-384])
01-15 12:09:05.692   717 14671 D DlbDap2QmfProcess: setParam(vol = #1[384])
01-15 12:09:05.692   717 14671 D DlbDlbBufferProvider: setConfig() Updating buffer configuration.
01-15 12:09:05.692   717 14671 D DlbDap2QmfProcess: processQmf() called [0] times
01-15 12:09:05.692   717 14671 D DlbDap2QmfProcess: setMave(mave = 0)
01-15 12:09:05.699   710 14664 D AudioTrack: Client defaulted notificationFrames to 12000 for frameCount 24000
01-15 12:09:05.699   684  3974 I AudioFlinger: attachAuxEffect(): Marking track 325 as containing processed audio
01-15 12:09:05.699   684  3974 D AudioFlinger: trackContainsProcessedAudio() Track id 325 contains processed audio
01-15 12:09:05.701   626   626 W /system/bin/hw/android.hidl.allocator@1.0-service: ashmem_create_region(7680) returning hidl_memory(0x7b7102c330, 7680)
01-15 12:09:05.702   626   626 W /system/bin/hw/android.hidl.allocator@1.0-service: ashmem_create_region(7680) returning hidl_memory(0x7b7102c330, 7680)
01-15 12:09:05.703   627   627 D DlbDlbEffect: handle_EFFECT_CMD_DISABLE()
01-15 12:09:05.703   627   627 D DlbDapCrossfadeProcess: setEnabled transitioning from FADE_TO_ACTIVE state to FADE_TO_BYPASS
01-15 12:09:05.704   626   626 W /system/bin/hw/android.hidl.allocator@1.0-service: ashmem_create_region(7680) returning hidl_memory(0x7b7102c330, 7680)
01-15 12:09:05.704   627  3512 D DlbDlbEffect: handle_EFFECT_CMD_SET_CONFIG()
01-15 12:09:05.704   627  4939 D DlbDapEndpointParamCache: setDevice(device=0x00000002)
01-15 12:09:05.705   645   645 D DMSService: setActiveDevice called with device = 0x2
01-15 12:09:05.705   627   627 D DlbDlbEffect: handle_EFFECT_CMD_ENABLE()
01-15 12:09:05.705   627   627 D DlbDapCrossfadeProcess: setEnabled transitioning from FADE_TO_BYPASS state to FADE_TO_ACTIVE
01-15 12:09:05.705   684   684 W AudioFlinger: moveDolbyEffect() effect chain for session 0 not on source thread 0xee0ae580
01-15 12:09:05.705   684   684 D AudioFlinger: trackStateChanged() Track id 325 state changed to 6
01-15 12:09:05.705   684   684 I AudioFlinger: updateProcessedAudioState() Changing content processing in effect to 1
01-15 12:09:05.705   627  4939 D DlbDlbEffect: handle_EFFECT_CMD_SET_PARAM()
01-15 12:09:05.706   710 14658 D NuPlayerDriver: notifyListener_l(0xe84b28c0), (6, 0, 0, -1), loop setting(0, 1)
01-15 12:09:05.707 14633 14633 D featureTest: receive broadcast , change virtual speaker  virtualizer :1
01-15 12:09:05.715 14633 14633 W System.err: java.lang.UnsupportedOperationException
01-15 12:09:05.716 14633 14633 W System.err: 	at com.dolby.dax.DolbyAudioEffect.setDolbyVirtualSpeakerVirtualizerEnabled(DolbyAudioEffect.java:323)
01-15 12:09:05.716 14633 14633 W System.err: 	at com.dolby.qa.featuretest.MainActivity$1.handleMessage(MainActivity.java:139)
01-15 12:09:05.717 14633 14633 W System.err: 	at android.os.Handler.dispatchMessage(Handler.java:105)
01-15 12:09:05.717 14633 14633 W System.err: 	at android.os.Looper.loop(Looper.java:164)
01-15 12:09:05.717 14633 14633 W System.err: 	at android.app.ActivityThread.main(ActivityThread.java:6541)
01-15 12:09:05.717 14633 14633 W System.err: 	at java.lang.reflect.Method.invoke(Native Method)
01-15 12:09:05.717 14633 14633 W System.err: 	at com.android.internal.os.Zygote$MethodAndArgsCaller.run(Zygote.java:240)
01-15 12:09:05.717 14633 14633 W System.err: 	at com.android.internal.os.ZygoteInit.main(ZygoteInit.java:767)
01-15 12:09:05.717 14633 14633 D featureTest: virtual speaker virtualizer can not be operate for mono speaker endpoint!
01-15 12:09:05.722   627  3892 I DlbEffectContext: setContentProcEnabled() Disabling content processing in effect
01-15 12:09:05.723   627  3892 D DlbDapEndpointParamCache: commitChangedParams()
01-15 12:09:05.723   627  3892 D DlbDapEndpointParamCache: commit() Applying parameters for device 0x40000000
01-15 12:09:05.723   627  3892 D DlbDap2Process: setParam(msce = #1[0])
01-15 12:09:05.723   627  3892 D DlbDap2Process: setParam(mdee = #1[0])
01-15 12:09:05.723   627  3892 D DlbDap2Process: setParam(miee = #1[0])
01-15 12:09:05.723   627  3892 D DlbDap2Process: setParam(mdle = #1[0])
01-15 12:09:05.723   627  3892 D DlbDap2Process: setParam(dvle = #1[0])
01-15 12:09:05.723   627  3892 D DlbDap2Process: setParam(mave = #1[0])
01-15 12:09:05.723   627  3892 D DlbDap2Process: setParam(ieon = #1[0])
01-15 12:09:05.723   627  3892 D DlbDapEndpointParamCache: doCommit() Committed 7 parameters out of 16.
01-15 12:09:05.723   627  3892 D DlbDapEndpointParamCache: commit() Overriding parameters for current device 0x00000002
01-15 12:09:05.723   627  3892 D DlbDap2Process: setParam(dom = #1[0])
01-15 12:09:05.723   627  3892 D DlbDap2Process: setParam(dvle = #1[0])
01-15 12:09:05.723   627  3892 D DlbDap2Process: setParam(dvme = #1[0])
01-15 12:09:05.723   627  3892 D DlbDap2Process: setParam(deon = #1[0])
01-15 12:09:05.723   627  3892 D DlbDap2Process: setParam(ngon = #1[0])
01-15 12:09:05.723   627  3892 D DlbDapEndpointParamCache: doCommit() Committed 5 parameters out of 37.
01-15 12:09:05.726   627  3892 D DlbDapEndpointParamCache: commitChangedParams()
01-15 12:09:05.726   627  3892 D DlbDapEndpointParamCache: commit() Applying parameters for device 0x40000000
01-15 12:09:05.726   627  3892 D DlbDap2Process: setParam(iea = #1[10])
01-15 12:09:05.727   627  3892 D DlbDap2Process: setParam(vcbf = #20[47, 141, 234, 328, 469, 656, 844, 1031, 1313, 1688, 2250, 3000, 3750, 4688, 5813, 7125, 9000, 11250, 13875, 19688])
01-15 12:09:05.727   627  3892 D DlbDap2Process: setParam(vbon = #1[0])
01-15 12:09:05.727   627  3892 D DlbDap2Process: setParam(beon = #1[0])
01-15 12:09:05.727   627  3892 D DlbDap2Process: setParam(geon = #1[0])
01-15 12:09:05.727   627  3892 D DlbDap2Process: setParam(gebs = #41[20, 47, 141, 234, 328, 469, 656, 844, 1031, 1313, 1688, 2250, 3000, 3750, 4688, 5813, 7125, 9000, 11250, 13875, 19688, 0, 0, 0, 0, 0, 0, 0, 0, 0, 0, 0, 0, 0, 0, 0, 0, 0, 0, 0, 0])
01-15 12:09:05.727   627  3892 D DlbDap2Process: setParam(iebs = #41[20, 65, 136, 223, 332, 467, 634, 841, 1098, 1416, 1812, 2302, 2909, 3663, 4598, 5756, 7194, 8976, 11186, 13927, 17326, 117, 133, 188, 176, 141, 149, 175, 185, 185, 200, 236, 242, 228, 213, 182, 132, 110, 68, -27, -240])
01-15 12:09:05.727   627  3892 D DlbDapEndpointParamCache: doCommit() Committed 8 parameters out of 16.
01-15 12:09:05.727   627  3892 D DlbDapEndpointParamCache: commit() Overriding parameters for current device 0x00000002
01-15 12:09:05.727   627  3892 D DlbDap2Process: setParam(dea = #1[7])
01-15 12:09:05.727   627  3892 D DlbDap2Process: setParam(dsa = #1[10])
01-15 12:09:05.727   627  3892 D DlbDap2Process: setParam(beb = #1[192])
01-15 12:09:05.727   627  3892 D DlbDap2Process: setParam(plb = #1[0])
01-15 12:09:05.727   627  3892 D DlbDap2Process: setParam(vmb = #1[144])
01-15 12:09:05.727   627  3892 D DlbDap2Process: setParam(dsb = #1[0])
01-15 12:09:05.727   627  3892 D DlbDap2Process: setParam(ded = #1[0])
01-15 12:09:05.727   627  3892 D DlbDap2Process: setParam(vbm = #1[3])
01-15 12:09:05.727   627  3892 D DlbDap2Process: setParam(bew = #1[16])
01-15 12:09:05.727   627  3892 D DlbDap2Process: setParam(dvla = #1[4])
01-15 12:09:05.727   627  3892 D DlbDap2Process: setParam(arra = #1[96])
01-15 12:09:05.727   627  3892 D DlbDap2Process: setParam(dfsa = #1[10])
01-15 12:09:05.727   627  3892 D DlbDap2Process: setParam(dhsa = #1[10])
01-15 12:09:05.727   627  3892 D DlbDap2Process: setParam(dvmc = #1[0])
01-15 12:09:05.728   627  3892 D DlbDap2Process: setParam(arod = #1[0])
01-15 12:09:05.728   627  3892 D DlbDap2Process: setParam(arde = #1[1])
01-15 12:09:05.728   627  3892 D DlbDap2Process: setParam(becf = #1[200])
01-15 12:09:05.728   627  3892 D DlbDap2Process: setParam(vbmf = #2[94, 469])
01-15 12:09:05.728   627  3892 D DlbDap2Process: setParam(vbsf = #2[35, 160])
01-15 12:09:05.728   627  3892 D DlbDap2Process: setParam(vbhg = #3[-32, -144, -192])
01-15 12:09:05.728   627  3892 D DlbDap2Process: setParam(vbog = #1[0])
01-15 12:09:05.728   627  3892 D DlbDap2Process: setParam(vbsg = #1[0])
01-15 12:09:05.728   627  3892 D DlbDap2Process: setParam(dvli = #1[-320])
01-15 12:09:05.728   627  3892 D DlbDap2Process: setParam(dhfm = #1[2])
01-15 12:09:05.728   627  3892 D DlbDap2Process: setParam(vbon = #1[0])
01-15 12:09:05.728   627  3892 D DlbDap2Process: setParam(beon = #1[0])
01-15 12:09:05.728   627  3892 D DlbDap2Process: setParam(aoon = #1[1])
01-15 12:09:05.728   627  3892 D DlbDap2Process: setParam(aron = #1[1])
01-15 12:09:05.728   627  3892 D DlbDap2Process: setParam(dvlo = #1[-320])
01-15 12:09:05.728   627  3892 D DlbDap2Process: setParam(artp = #1[12])
01-15 12:09:05.728   627  3892 D DlbDap2Process: setParam(aobs = #222[20, 10, 47, 141, 234, 328, 469, 656, 844, 1031, 1313, 1688, 2250, 3000, 3750, 4688, 5813, 7125, 9000, 11250, 13875, 19688, 0, 0, 0, 0, 0, 0, 0, 0, 0, 0, 0, 0, 0, 0, 0, 0, 0, 0, 0, 0, 0, 0, 0, 0, 0, 0, 0, 0, 0, 0, 0, 0, 0, 0, 0, 0, 0, 0, 0, 0, 0, 0, 0, 0, 0, 0, 0, 0, 0, 0, 0, 0, 0, 0, 0, 0, 0, 0, 0, 0, 0, 0, 0, 0, 0, 0, 0, 0, 0, 0, 0, 0, 0, 0, 0, 0, 0, 0, 0, 0, 0, 0, 0, 0, 0, 0, 0, 0, 0, 0, 0, 0, 0, 0, 0, 0, 0, 0, 0, 0, 0, 0, 0, 0, 0, 0, 0, 0, 0, 0, 0, 0, 0, 0, 0, 0, 0, 0, 0, 0, 0, 0, 0, 0, 0, 0, 0, 0, 0, 0, 0, 0, 0, 0, 0, 0, 0, 0, 0, 0, 0, 0, 0, 0, 0, 0, 0, 0, 0, 0, 0, 0, 0, 0, 0, 0, 0, 0, 0, 0, 0, 0, 0, 0, 0, 0, 0, 0, 0, 0, 0, 0, 0, 0, 0, 0, 0, 0, 0, 0, 0, 0, 0, 0, 0, 0, 0, 0, 0, 0, 0, 0, 0, 0, 0, 0, 0, 0, 0, 0])
01-15 12:09:05.729   627  3892 D DlbDap2Process: setParam(arbs = #81[20, 47, 141, 234, 328, 469, 656, 844, 1031, 1313, 1688, 2250, 3000, 3750, 4688, 5813, 7125, 9000, 11250, 13875, 19688, -192, -192, -192, -192, -192, -192, -192, -192, -192, -192, -192, -192, -192, -192, -192, -192, -192, -192, -192, -192, 0, 0, 0, 0, 0, 0, 0, 0, 0, 0, 0, 0, 0, 0, 0, 0, 0, 0, 0, 0, 0, 0, 0, 0, 0, 0, 0, 0, 0, 0, 0, 0, 0, 0, 0, 0, 0, 0, 0, 0])
01-15 12:09:05.729   627  3892 D DlbDapEndpointParamCache: doCommit() Committed 32 parameters out of 37.
01-15 12:09:05.729   627  3892 D DlbDap2Process: setMave(mave = 0)
01-15 12:09:05.729   627  3892 D DlbDapCrossfadeProcess: process transitioning from FADE_TO_ACTIVE state to DAP_ACTIVE
01-15 12:09:05.758 14633 14633 D featureTest: receive broadcast , record log :0
01-15 12:09:05.804 14633 14633 D featureTest: receive broadcast , playing content location :/sdcard/featureTest/2ch_ddp_25fps_ref_level.mp4
01-15 12:09:05.806   710   900 D NuPlayerDriver: stop(0xe84b28c0)
01-15 12:09:05.806   710   900 D NuPlayerDriver: notifyListener_l(0xe84b28c0), (8, 0, 0, -1), loop setting(0, 1)
01-15 12:09:05.807   710   900 D NuPlayerDriver: reset(0xe84b28c0) at state 8
01-15 12:09:05.810   717  5320 I DDP_JOCDecoder: -> ~DDPDecoder
01-15 12:09:05.810   717  5320 I DDP_JOCDecoder: -> stop
01-15 12:09:05.811   645   645 I DMSService: unregisterClient type = 4, uid = e83921d0
01-15 12:09:05.830   645   645 D DatabaseHelper: failed to prepare SQL : INSERT INTO profiles VALUES(15
01-15 12:09:05.830   645   645 D DatabaseHelper: ,'custom','user2','user2','off','off')
01-15 12:09:05.830   645   645 D DatabaseHelper: failed to prepare SQL : INSERT INTO profile_endpoints VALUES(57
01-15 12:09:05.830   645   645 D DatabaseHelper: ,'custom','user2','speaker')
01-15 12:09:05.830   645   645 D DatabaseHelper: failed to prepare SQL : INSERT INTO profile_endpoints VALUES(57
01-15 12:09:05.830   645   645 D DatabaseHelper: ,'custom','user2','headphone')
01-15 12:09:05.830   645   645 D DatabaseHelper: failed to prepare SQL : INSERT INTO profile_endpoints VALUES(57
01-15 12:09:05.830   645   645 D DatabaseHelper: ,'custom','user2','passthrough')
01-15 12:09:05.830   645   645 D DatabaseHelper: failed to prepare SQL : INSERT INTO profile_endpoints VALUES(57
01-15 12:09:05.830   645   645 D DatabaseHelper: ,'custom','user2','other')
01-15 12:09:05.830   645   645 D DatabaseHelper: failed to prepare SQL : INSERT INTO profile_ports VALUES(85
01-15 12:09:05.830   645   645 D DatabaseHelper: ,'custom','user2','internal_speaker')
01-15 12:09:05.831   645   645 D DatabaseHelper: failed to prepare SQL : INSERT INTO profile_ports VALUES(85
01-15 12:09:05.831   645   645 D DatabaseHelper: ,'custom','user2','hdmi')
01-15 12:09:05.831   645   645 D DatabaseHelper: failed to prepare SQL : INSERT INTO profile_ports VALUES(85
01-15 12:09:05.831   645   645 D DatabaseHelper: ,'custom','user2','miracast')
01-15 12:09:05.831   645   645 D DatabaseHelper: failed to prepare SQL : INSERT INTO profile_ports VALUES(85
01-15 12:09:05.831   645   645 D DatabaseHelper: ,'custom','user2','headphone_port')
01-15 12:09:05.831   645   645 D DatabaseHelper: failed to prepare SQL : INSERT INTO profile_ports VALUES(85
01-15 12:09:05.831   645   645 D DatabaseHelper: ,'custom','user2','bluetooth')
01-15 12:09:05.831   645   645 D DatabaseHelper: failed to prepare SQL : INSERT INTO profile_ports VALUES(85
01-15 12:09:05.831   645   645 D DatabaseHelper: ,'custom','user2','usb')
01-15 12:09:05.831   645   645 D DatabaseHelper: failed to prepare SQL : INSERT INTO geq_presets VALUES(57
01-15 12:09:05.831   645   645 D DatabaseHelper: ,'custom','off','user2')
01-15 12:09:05.831   645   645 D DatabaseHelper: failed to prepare SQL : INSERT INTO geq_presets VALUES(57
01-15 12:09:05.831   645   645 D DatabaseHelper: ,'custom','open','user2')
01-15 12:09:05.831   645   645 D DatabaseHelper: failed to prepare SQL : INSERT INTO geq_presets VALUES(57
01-15 12:09:05.831   645   645 D DatabaseHelper: ,'custom','rich','user2')
01-15 12:09:05.832   645   645 D DatabaseHelper: failed to prepare SQL : INSERT INTO geq_presets VALUES(57
01-15 12:09:05.832   645   645 D DatabaseHelper: ,'custom','focused','user2')
01-15 12:09:05.845   717  5320 I DDP_JOCDecoder: <- stop
01-15 12:09:05.845   717  5320 I ARenderer: ~ARenderer
01-15 12:09:05.845   717  5320 I evo_parser: evo_parser_close
01-15 12:09:05.845   717  5320 I DlbDap2QmfProcess: ~Dap2Process()
01-15 12:09:05.845   717  5320 I DlbDap2QmfProcess: close()
01-15 12:09:05.846   717  5320 I DDP_JOCDecoder: <- ~DDPDecoder
01-15 12:09:05.851   710 14658 D NuPlayerDriver: notifyResetComplete(0xe84b28c0)
01-15 12:09:05.852   710   900 D NuPlayerDriver: reset(0xe84b28c0) at state 0
01-15 12:09:05.853 14633 14633 V MediaPlayer: resetDrmState:  mDrmInfo=null mDrmProvisioningThread=null mPrepareDrmInProgress=false mActiveDrmScheme=false
01-15 12:09:05.853 14633 14633 V MediaPlayer: cleanDrmObj: mDrmObj=null mDrmSessionId=null
01-15 12:09:05.855 14633 14633 V MediaPlayer: resetDrmState:  mDrmInfo=null mDrmProvisioningThread=null mPrepareDrmInProgress=false mActiveDrmScheme=false
01-15 12:09:05.855 14633 14633 V MediaPlayer: cleanDrmObj: mDrmObj=null mDrmSessionId=null
01-15 12:09:05.859 14633 14633 D featureTest: mMediaPlayer.getAudioSessionId(): 2201
01-15 12:09:05.859 14633 14633 D featureTest: Playing file: /sdcard/featureTest/2ch_ddp_25fps_ref_level.mp4
01-15 12:09:05.860 14692 14692 W generic : type=1400 audit(0.0:184): avc: denied { read } for path="/storage/emulated/0/featuretest/2ch_ddp_25fps_ref_level.mp4" dev="sdcardfs" ino=1310759 scontext=u:r:mediaextractor:s0 tcontext=u:object_r:sdcardfs:s0 tclass=file permissive=0
01-15 12:09:05.860   710  1419 D NuPlayerDriver: NuPlayerDriver(0xe84b2c40) created, clientPid(14633)
01-15 12:09:05.862 14633 14633 W MediaPlayer: Use of stream types is deprecated for operations other than volume control
01-15 12:09:05.862 14633 14633 W MediaPlayer: See the documentation of setAudioStreamType() for what to use instead with android.media.AudioAttributes to qualify your playback use case
01-15 12:09:05.864   710 14692 D GenericSource: FileSource remote
01-15 12:09:05.864   710 14692 W GenericSource: extractor service cannot make data source
01-15 12:09:05.864   710 14692 D GenericSource: FileSource local
01-15 12:09:05.877   710 14690 D NuPlayerDriver: notifyListener_l(0xe84b2c40), (5, 1280, 720, -1), loop setting(0, 0)
01-15 12:09:05.877   700  1879 D MediaBufferGroup: creating MemoryDealer
01-15 12:09:05.877   710 14690 D NuPlayerDriver: notifyListener_l(0xe84b2c40), (1, 0, 0, -1), loop setting(0, 0)
01-15 12:09:05.880   710   710 D NuPlayerDriver: start(0xe84b2c40), state is 4, eos is 0
01-15 12:09:05.881   710 14690 I GenericSource: start
01-15 12:09:05.883 14633 14633 W DolbyAudioEffect: WARNING: attaching a DolbyAudioEffect to global output mix is deprecated!
01-15 12:09:05.885 14633 14633 D featureTest: receive broadcast , change ds status :1
01-15 12:09:05.889   627  3892 I DlbEffectContext: setContentProcEnabled() Enabling content processing in global effect
01-15 12:09:05.890   627  3892 D DlbDapEndpointParamCache: commitChangedParams()
01-15 12:09:05.890   627  3892 D DlbDapEndpointParamCache: commit() Applying parameters for device 0x40000000
01-15 12:09:05.890   627  3892 D DlbDap2Process: setParam(iea = #1[10])
01-15 12:09:05.890   627  3892 D DlbDap2Process: setParam(msce = #1[0])
01-15 12:09:05.890   627  3892 D DlbDap2Process: setParam(mdee = #1[0])
01-15 12:09:05.890   627  3892 D DlbDap2Process: setParam(miee = #1[0])
01-15 12:09:05.890   627  3892 D DlbDap2Process: setParam(mdle = #1[0])
01-15 12:09:05.890   627  3892 D DlbDap2Process: setParam(dvle = #1[1])
01-15 12:09:05.890   627  3892 D DlbDap2Process: setParam(mave = #1[0])
01-15 12:09:05.890   627  3892 D DlbDap2Process: setParam(vcbf = #20[47, 141, 234, 328, 469, 656, 844, 1031, 1313, 1688, 2250, 3000, 3750, 4688, 5813, 7125, 9000, 11250, 13875, 19688])
01-15 12:09:05.890   627  3892 D DlbDap2Process: setParam(vbon = #1[0])
01-15 12:09:05.890   627  3892 D DlbDap2Process: setParam(beon = #1[0])
01-15 12:09:05.890   627  3892 D DlbDap2Process: setParam(geon = #1[0])
01-15 12:09:05.890   627  3892 D DlbDap2Process: setParam(ieon = #1[1])
