--------- beginning of system
01-17 09:21:28.999   945  1506 I ActivityManager: Force stopping com.dolby.qa.featuretest appid=10073 user=0: from pid 29899
01-17 09:21:29.000   945  1506 I ActivityManager: Killing 29832:com.dolby.qa.featuretest/u0a73 (adj 0): stop com.dolby.qa.featuretest
01-17 09:21:29.001   945  1506 W ActivityManager: Force removing ActivityRecord{a6246d8 u0 com.dolby.qa.featuretest/.MainActivity t255}: app died, no saved state
01-17 09:21:29.012   945  1506 I WindowManager: Failed to capture screenshot of Token{7e2a31 ActivityRecord{a6246d8 u0 com.dolby.qa.featuretest/.MainActivity t255 f}} appWin=Window{45fc9aa u0 com.dolby.qa.featuretest/com.dolby.qa.featuretest.MainActivity} drawState=4
--------- beginning of main
01-17 09:21:29.058   710  1419 D NuPlayerDriver: reset(0xe6bcba80) at state 5
01-17 09:21:29.059  1499  1499 D CarrierSvcBindHelper: No carrier app for: 0
01-17 09:21:29.062   945  1518 I WindowManager: WIN DEATH: Window{b29417b u0 Toast}
01-17 09:21:29.063   710  1419 D NuPlayerDriver: notifyListener_l(0xe6bcba80), (8, 0, 0, -1), loop setting(0, 1)
01-17 09:21:29.066  2010  2010 D RegisteredNfcFServicesCache: Service unchanged, not updating
01-17 09:21:29.081   710 29858 D NuPlayerDriver: notifyResetComplete(0xe6bcba80)
01-17 09:21:29.082   710  1419 D AudioTrack: stop() called with 0 frames delivered
01-17 09:21:29.122   945  1506 I ActivityManager: START u0 {flg=0x10000000 cmp=com.dolby.qa.featuretest/.MainActivity} from uid 2000
01-17 09:21:29.139   945  1518 I ActivityManager: Start proc 29906:com.dolby.qa.featuretest/u0a73 for activity com.dolby.qa.featuretest/.MainActivity
01-17 09:21:29.142 29906 29906 I zygote64: Late-enabling -Xcheck:jni
01-17 09:21:29.196   684   928 W AudioFlinger::EffectModule: EffectModule 0xed0e1d80 destructor called with unreleased interface
01-17 09:21:29.196   684   928 W AudioFlinger::EffectHandle: disconnect Effect handle 0xee163680 disconnected after thread destruction
01-17 09:21:29.196   627   627 D DlbDlbEffect: handle_EFFECT_CMD_DISABLE()
01-17 09:21:29.197   627   627 D DlbDapCrossfadeProcess: setEnabled transitioning from DAP_ACTIVE state to FADE_TO_BYPASS
01-17 09:21:29.198   626   626 W /system/bin/hw/android.hidl.allocator@1.0-service: ashmem_create_region(3840) returning hidl_memory(0x7b7102c330, 3840)
01-17 09:21:29.198   627   627 D DlbDlbEffect: handle_EFFECT_CMD_SET_CONFIG()
01-17 09:21:29.198   627   627 D DlbDapEndpointParamCache: setDevice(device=0x00000002)
01-17 09:21:29.198   645   645 D DMSService: setActiveDevice called with device = 0x2
01-17 09:21:29.199   627  4939 D DlbDlbEffect: handle_EFFECT_CMD_ENABLE()
01-17 09:21:29.199   627  4939 D DlbDapCrossfadeProcess: setEnabled transitioning from FADE_TO_BYPASS state to FADE_TO_ACTIVE
01-17 09:21:29.314 29906 29906 D featureTest: onCreate
01-17 09:21:29.318 29906 29906 D AudioTrack: Client defaulted notificationFrames to 962 for frameCount 1924
01-17 09:21:29.320 29906 29906 W AudioTrack: Use of stream types is deprecated for operations other than volume control
01-17 09:21:29.321 29906 29906 W AudioTrack: See the documentation of AudioTrack() for what to use instead with android.media.AudioAttributes to qualify your playback use case
01-17 09:21:29.327 29906 29906 W DolbyAudioEffect: WARNING: attaching a DolbyAudioEffect to global output mix is deprecated!
01-17 09:21:29.333 29906 29906 D featureTest: onResume
01-17 09:21:29.342 29906 29923 D OpenGLRenderer: HWUI GL Pipeline
01-17 09:21:29.374 29906 29923 I Adreno  : QUALCOMM build                   : 7142022, Ib5823dd10c
01-17 09:21:29.374 29906 29923 I Adreno  : Build Date                       : 06/23/17
01-17 09:21:29.374 29906 29923 I Adreno  : OpenGL ES Shader Compiler Version: EV031.18.00.00
01-17 09:21:29.374 29906 29923 I Adreno  : Local Branch                     : O11A
01-17 09:21:29.374 29906 29923 I Adreno  : Remote Branch                    : 
01-17 09:21:29.374 29906 29923 I Adreno  : Remote Branch                    : 
01-17 09:21:29.374 29906 29923 I Adreno  : Reconstruct Branch               : 
01-17 09:21:29.378 29906 29923 I Adreno  : PFP: 0x005ff087, ME: 0x005ff063
01-17 09:21:29.380 29906 29923 I OpenGLRenderer: Initialized EGL, version 1.4
01-17 09:21:29.380 29906 29923 D OpenGLRenderer: Swap behavior 2
01-17 09:21:29.429   945   998 I ActivityManager: Displayed com.dolby.qa.featuretest/.MainActivity: +296ms
01-17 09:21:29.536   475   475 D SurfaceFlinger: Backpressure trigger, skipping transaction & refresh!
01-17 09:21:29.619   945   998 W ActivityManager: setHasOverlayUi called on unknown pid: 29832
01-17 09:21:29.743   945   945 W NotificationService: Object died trying to hide notification android.app.ITransientNotification$Stub$Proxy@b5f797d in package com.dolby.qa.featuretest
01-17 09:21:29.743   945   945 W WindowManager: removeWindowToken: Attempted to remove non-existing token: android.os.Binder@92ab175
01-17 09:21:29.932  2103  2230 W OpenGLRenderer: Incorrectly called buildLayer on View: ShortcutAndWidgetContainer, destroying layer...
01-17 09:21:30.193 29906 29906 D featureTest: receive broadcast , playing content location :/sdcard/featureTest/7ch_ddp_25fps_diff_music_01.mp4
01-17 09:21:30.203 29906 29906 D featureTest: mMediaPlayer.getAudioSessionId(): 5417
01-17 09:21:30.204 29906 29906 D featureTest: Playing file: /sdcard/featureTest/7ch_ddp_25fps_diff_music_01.mp4
01-17 09:21:30.206   710  1419 D NuPlayerDriver: NuPlayerDriver(0xe6bcba80) created, clientPid(29906)
01-17 09:21:30.210 29935 29935 W generic : type=1400 audit(0.0:449): avc: denied { read } for path="/storage/emulated/0/featuretest/7ch_ddp_25fps_diff_music_01.mp4" dev="sdcardfs" ino=1310761 scontext=u:r:mediaextractor:s0 tcontext=u:object_r:sdcardfs:s0 tclass=file permissive=0
01-17 09:21:30.211 29906 29906 W MediaPlayer: Use of stream types is deprecated for operations other than volume control
01-17 09:21:30.211 29906 29906 W MediaPlayer: See the documentation of setAudioStreamType() for what to use instead with android.media.AudioAttributes to qualify your playback use case
01-17 09:21:30.213   710 29935 D GenericSource: FileSource remote
01-17 09:21:30.214   710 29935 W GenericSource: extractor service cannot make data source
01-17 09:21:30.214   710 29935 D GenericSource: FileSource local
01-17 09:21:30.222   710 29932 D NuPlayerDriver: notifyListener_l(0xe6bcba80), (1, 0, 0, -1), loop setting(0, 0)
01-17 09:21:30.229   710  1419 D NuPlayerDriver: start(0xe6bcba80), state is 4, eos is 0
01-17 09:21:30.229   710 29932 I GenericSource: start
01-17 09:21:30.236 29906 29906 W DolbyAudioEffect: WARNING: attaching a DolbyAudioEffect to global output mix is deprecated!
01-17 09:21:30.239   710 29940 I OMXClient: Treble IOmx obtained
01-17 09:21:30.239   717  1650 I OMXMaster: makeComponentInstance(OMX.dolby.eac3.decoder) in omx@1.0-service process
01-17 09:21:30.253 29906 29906 D featureTest: receive broadcast , change ds status :1
01-17 09:21:30.264   627   627 D DlbDlbEffect: handle_EFFECT_CMD_SET_PARAM()
01-17 09:21:30.270   717  1650 I DDP_JOCDecoder: -> init name OMX.dolby.eac3.decoder
01-17 09:21:30.272   645   645 I DMSService: registerClient type = 0, uid = e7f0fb40
01-17 09:21:30.272   645   645 V DolbyMemoryService: registerClient() client 0x710ec74380, uid -403637440
01-17 09:21:30.272   717  1650 I DDP_JOCDecoder: <- init
01-17 09:21:30.272   717  1650 D DDP_JOCDecoder: initPorts
01-17 09:21:30.273   717 20091 E OMXNodeInstance: setConfig(0xe83a2fc0:dolby.eac3.decoder, ConfigPriority(0x6f800002)) ERROR: Undefined(0x80001001)
01-17 09:21:30.273   710 29940 I ACodec  : codec does not support config priority (err -2147483648)
01-17 09:21:30.273   717  5783 E OMXNodeInstance: getConfig(0xe83a2fc0:dolby.eac3.decoder, ConfigAndroidVendorExtension(0x6f100004)) ERROR: Undefined(0x80001001)
01-17 09:21:30.274   710 29940 I MediaCodec: MediaCodec will operate in async mode
01-17 09:21:30.274   710 29940 I ACodec  : setDolbyParameterOnProcessedAudio() Received dolby_processed_audio=1
01-17 09:21:30.274   710 29939 I NuPlayerDecoder: setDolbyMessage() Notifying player that Codec supports dolby_processed_audio flag
01-17 09:21:30.274   710 29932 I NuPlayer: onDolbyMessageReceived() Setting dolby_processed_audio flag on audio sink
01-17 09:21:30.274   710 29932 I MediaPlayerService: setDolbyParameters() Marking audio output as having dolby_processed_audio
01-17 09:21:30.274   645   645 I DMSService: unregisterClient type = 0, uid = e7f0fb40
01-17 09:21:30.290   645   645 D DatabaseHelper: failed to prepare SQL : INSERT INTO profiles VALUES(15
01-17 09:21:30.290   645   645 D DatabaseHelper: ,'custom','user2','user2','off','off')
01-17 09:21:30.290   645   645 D DatabaseHelper: failed to prepare SQL : INSERT INTO profile_endpoints VALUES(57
01-17 09:21:30.290   645   645 D DatabaseHelper: ,'custom','user2','speaker')
01-17 09:21:30.290   645   645 D DatabaseHelper: failed to prepare SQL : INSERT INTO profile_endpoints VALUES(57
01-17 09:21:30.290   645   645 D DatabaseHelper: ,'custom','user2','headphone')
01-17 09:21:30.290   645   645 D DatabaseHelper: failed to prepare SQL : INSERT INTO profile_endpoints VALUES(57
01-17 09:21:30.290   645   645 D DatabaseHelper: ,'custom','user2','passthrough')
01-17 09:21:30.290   645   645 D DatabaseHelper: failed to prepare SQL : INSERT INTO profile_endpoints VALUES(57
01-17 09:21:30.290   645   645 D DatabaseHelper: ,'custom','user2','other')
01-17 09:21:30.290   645   645 D DatabaseHelper: failed to prepare SQL : INSERT INTO profile_ports VALUES(85
01-17 09:21:30.290   645   645 D DatabaseHelper: ,'custom','user2','internal_speaker')
01-17 09:21:30.291   645   645 D DatabaseHelper: failed to prepare SQL : INSERT INTO profile_ports VALUES(85
01-17 09:21:30.291   645   645 D DatabaseHelper: ,'custom','user2','hdmi')
01-17 09:21:30.291   645   645 D DatabaseHelper: failed to prepare SQL : INSERT INTO profile_ports VALUES(85
01-17 09:21:30.291   645   645 D DatabaseHelper: ,'custom','user2','miracast')
01-17 09:21:30.291   645   645 D DatabaseHelper: failed to prepare SQL : INSERT INTO profile_ports VALUES(85
01-17 09:21:30.291   645   645 D DatabaseHelper: ,'custom','user2','headphone_port')
01-17 09:21:30.291   645   645 D DatabaseHelper: failed to prepare SQL : INSERT INTO profile_ports VALUES(85
01-17 09:21:30.291   645   645 D DatabaseHelper: ,'custom','user2','bluetooth')
01-17 09:21:30.291   645   645 D DatabaseHelper: failed to prepare SQL : INSERT INTO profile_ports VALUES(85
01-17 09:21:30.291   645   645 D DatabaseHelper: ,'custom','user2','usb')
01-17 09:21:30.291   645   645 D DatabaseHelper: failed to prepare SQL : INSERT INTO geq_presets VALUES(57
01-17 09:21:30.291   645   645 D DatabaseHelper: ,'custom','off','user2')
01-17 09:21:30.292   645   645 D DatabaseHelper: failed to prepare SQL : INSERT INTO geq_presets VALUES(57
01-17 09:21:30.292   645   645 D DatabaseHelper: ,'custom','open','user2')
01-17 09:21:30.293   645   645 D DatabaseHelper: failed to prepare SQL : INSERT INTO geq_presets VALUES(57
01-17 09:21:30.293   645   645 D DatabaseHelper: ,'custom','rich','user2')
01-17 09:21:30.293   645   645 D DatabaseHelper: failed to prepare SQL : INSERT INTO geq_presets VALUES(57
01-17 09:21:30.293   645   645 D DatabaseHelper: ,'custom','focused','user2')
01-17 09:21:30.304   645   645 I DMSService: registerClient type = 4, uid = e7f0fb50
01-17 09:21:30.304   645   645 V DolbyMemoryService: registerClient() client 0x710ec74380, uid -403637420
01-17 09:21:30.304   717 21044 D DDP_JOCDecoder: internalSetParameter() Instantiating ARenderer for content processing in decoder
01-17 09:21:30.304   717 21044 I DlbDap2QmfProcess: Dap2Process()
01-17 09:21:30.304   717 21044 I ARenderer: ARenderer
01-17 09:21:30.304   717 21044 I evo_parser: evo_parser_init
01-17 09:21:30.304   717 21044 I DlbDap2QmfProcess: init()
01-17 09:21:30.304   717 21044 I DlbDap2QmfProcess: open()
01-17 09:21:30.305   717 21044 I DlbDap2QmfProcess: loadLicense() no license check!
01-17 09:21:30.305   717 21044 I DlbDap2QmfProcess: validateLicense() no license check!
01-17 09:21:30.305   717 21044 I DlbDap2QmfProcess: init() DAP opened
01-17 09:21:30.305   717 21044 I DlbDap2QmfProcess: DAP library version: 2.5.1-P2.0
01-17 09:21:30.305   717 21044 D DlbDap2QmfProcess: DAP output mode set to 1 with 2 output channels and null mix matrix.
01-17 09:21:30.305   710 29940 I ACodec  : setDolbyParameterOnProcessedAudio() Content processing enabled in decoder
01-17 09:21:30.306   626   626 W /system/bin/hw/android.hidl.allocator@1.0-service: ashmem_create_region(8192) returning hidl_memory(0x7b7102c330, 8192)
01-17 09:21:30.309   626   626 I chatty  : uid=1000(system) allocator@1.0-s identical 2 lines
01-17 09:21:30.310   626   626 W /system/bin/hw/android.hidl.allocator@1.0-service: ashmem_create_region(8192) returning hidl_memory(0x7b7102c330, 8192)
01-17 09:21:30.312   626   626 W /system/bin/hw/android.hidl.allocator@1.0-service: ashmem_create_region(147456) returning hidl_memory(0x7b7102c330, 147456)
01-17 09:21:30.313   626   626 I chatty  : uid=1000(system) allocator@1.0-s identical 2 lines
01-17 09:21:30.314   626   626 W /system/bin/hw/android.hidl.allocator@1.0-service: ashmem_create_region(147456) returning hidl_memory(0x7b7102c330, 147456)
01-17 09:21:30.315 29906 29906 D featureTest: receive broadcast , change ds profile id :5
01-17 09:21:30.315   717 29942 I DDP_JOCDecoder: -> start
01-17 09:21:30.317   717 29942 I EndpConfig: DAP state has changed from -1 to 1
01-17 09:21:30.318   717 29942 D DDP_JOCDecoder: Setting Max Output Channels to 2
01-17 09:21:30.318   717 29942 D DDP_JOCDecoder: setMultiChannelPCMOutDownmix mConfig->jocForceDownmixMode 1
01-17 09:21:30.318   717 29942 I udc_user: 
01-17 09:21:30.318   717 29942 I udc_user: *** DDPlus Unified Decoder Simulation  Version 1.7.3 ***
01-17 09:21:30.318   717 29942 I udc_user: 
01-17 09:21:30.318   717 29942 I udc_user: 7.1-channel decoder-converter, 
01-17 09:21:30.319   717 29942 I udc_user: 
01-17 09:21:30.319   717 29942 I udc_user: 5.1-channel dual-decoder-converter, 
01-17 09:21:30.319   717 29942 I udc_user: Karaoke unsupported, 
01-17 09:21:30.319   717 29942 I udc_user: TPNP supported. 
01-17 09:21:30.319   717 29942 I udc_user: 
01-17 09:21:30.319   717 29942 I udc_user: Unpublished work.  Copyright 2003-2014 Dolby Laboratories, Inc. and
01-17 09:21:30.319   717 29942 I udc_user: Dolby Laboratories Licensing Corporation.  All Rights Reserved.
01-17 09:21:30.319   717 29942 I udc_user: 
01-17 09:21:30.319   717 29942 I udc_user: USE OF THIS SOFTWARE IS SUBJECT TO A LEGAL AGREEMENT BETWEEN YOU AND DOLBY
01-17 09:21:30.319   717 29942 I udc_user: LABORATORIES. DO NOT USE THIS SOFTWARE UNLESS YOU AGREE TO THE TERMS AND 
01-17 09:21:30.319   717 29942 I udc_user: CONDITIONS IN THE AGREEMENT.  BY USING THIS SOFTWARE, YOU ACKNOWLEDGE THAT 
01-17 09:21:30.319   717 29942 I udc_user: YOU HAVE READ THE AGREEMENT AND THAT YOU AGREE TO BE BOUND BY ITS TERMS. 
01-17 09:21:30.319   717 29942 I udc_user: 
01-17 09:21:30.319   717 29942 I ddpdec_client_joc: ddpdec_open JOCD_MODE Buffer assignment
01-17 09:21:30.319   717 29942 D DDP_JOCDecoder: mStarted = 1
01-17 09:21:30.319   717 29942 I DDP_JOCDecoder: <- start
01-17 09:21:30.320   717 29942 D ddpdec_client_joc: ddpdec_client.c|int configDecoder()
01-17 09:21:30.321   717 29942 D DDP_JOCDecoder: Setting Max Output Channels to 2
01-17 09:21:30.323   717 29942 I DlbDap2QmfProcess: close()
01-17 09:21:30.323   717 29942 I DlbDap2QmfProcess: init()
01-17 09:21:30.323   717 29942 I DlbDap2QmfProcess: open()
01-17 09:21:30.323   627   627 D DlbDlbEffect: handle_EFFECT_CMD_SET_PARAM()
01-17 09:21:30.323   645   713 I DapController: Profile Changed to Custom
01-17 09:21:30.323   717 29942 I DlbDap2QmfProcess: loadLicense() no license check!
01-17 09:21:30.323   717 29942 I DlbDap2QmfProcess: validateLicense() no license check!
01-17 09:21:30.323   717 29942 I DlbDap2QmfProcess: init() DAP opened
01-17 09:21:30.323   717 29942 I DlbDap2QmfProcess: DAP library version: 2.5.1-P2.0
01-17 09:21:30.323   717 29942 D DlbDap2QmfProcess: DAP output mode set to 1 with 2 output channels and null mix matrix.
01-17 09:21:30.323   717 29942 D ARenderer: checkAndUpdateConfig: DAP reinitialized because of sample rate change
01-17 09:21:30.323   717 29942 D ARenderer: updateDapConfig: Updating DAP configuration
01-17 09:21:30.323   717 29942 D DlbDap2QmfProcess: setParam(iea = #1[10])
01-17 09:21:30.323   717 29942 D DlbDap2QmfProcess: setParam(msce = #1[0])
01-17 09:21:30.323   717 29942 D DlbDap2QmfProcess: setParam(mdee = #1[0])
01-17 09:21:30.323   717 29942 D DlbDap2QmfProcess: setParam(miee = #1[0])
01-17 09:21:30.323   717 29942 D DlbDap2QmfProcess: setParam(mdle = #1[0])
01-17 09:21:30.323   717 29942 D DlbDap2QmfProcess: setParam(dvle = #1[1])
01-17 09:21:30.324   717 29942 D DlbDap2QmfProcess: setParam(mave = #1[0])
01-17 09:21:30.324   717 29942 D DlbDap2QmfProcess: setParam(vcbf = #20[47, 141, 234, 328, 469, 656, 844, 1031, 1313, 1688, 2250, 3000, 3750, 4688, 5813, 7125, 9000, 11250, 13875, 19688])
01-17 09:21:30.324   717 29942 D DlbDap2QmfProcess: setParam(ieon = #1[1])
01-17 09:21:30.324   717 29942 D DlbDap2QmfProcess: setParam(gebs = #41[20, 47, 141, 234, 328, 469, 656, 844, 1031, 1313, 1688, 2250, 3000, 3750, 4688, 5813, 7125, 9000, 11250, 13875, 19688, 0, 0, 0, 0, 0, 0, 0, 0, 0, 0, 0, 0, 0, 0, 0, 0, 0, 0, 0, 0])
01-17 09:21:30.324   717 29942 D DlbDap2QmfProcess: setParam(iebs = #41[20, 65, 136, 223, 332, 467, 634, 841, 1098, 1416, 1812, 2302, 2909, 3663, 4598, 5756, 7194, 8976, 11186, 13927, 17326, 117, 133, 188, 176, 141, 149, 175, 185, 185, 200, 236, 242, 228, 213, 182, 132, 110, 68, -27, -240])
01-17 09:21:30.324   717 29942 D DlbDap2QmfProcess: setParam(dea = #1[7])
01-17 09:21:30.324   717 29942 D DlbDap2QmfProcess: setParam(dsa = #1[10])
01-17 09:21:30.324   717 29942 D DlbDap2QmfProcess: setParam(beb = #1[192])
01-17 09:21:30.324   717 29942 D DlbDap2QmfProcess: setParam(plb = #1[0])
01-17 09:21:30.324   717 29942 D DlbDap2QmfProcess: setParam(vmb = #1[144])
01-17 09:21:30.324   717 29942 D DlbDap2QmfProcess: setParam(dsb = #1[0])
01-17 09:21:30.324   717 29942 D DlbDap2QmfProcess: setParam(ded = #1[0])
01-17 09:21:30.324   717 29942 D DlbDap2QmfProcess: setParam(dom = #1[0])
01-17 09:21:30.324   717 29942 D DlbDap2QmfProcess: setParam(bew = #1[16])
01-17 09:21:30.324   717 29942 D DlbDap2QmfProcess: setParam(dvla = #1[4])
01-17 09:21:30.324   717 29942 D DlbDap2QmfProcess: setParam(dfsa = #1[10])
01-17 09:21:30.324   717 29942 D DlbDap2QmfProcess: setParam(dhsa = #1[10])
01-17 09:21:30.324   717 29942 D DlbDap2QmfProcess: setParam(dvmc = #1[0])
01-17 09:21:30.324   717 29942 D DlbDap2QmfProcess: setParam(dvle = #1[1])
01-17 09:21:30.324   717 29942 D DlbDap2QmfProcess: setParam(dvme = #1[0])
01-17 09:21:30.324   717 29942 D DlbDap2QmfProcess: setParam(becf = #1[200])
01-17 09:21:30.324   717 29942 D DlbDap2QmfProcess: setParam(vbmf = #2[94, 469])
01-17 09:21:30.324   717 29942 D DlbDap2QmfProcess: setParam(vbsf = #2[35, 160])
01-17 09:21:30.324   717 29942 D DlbDap2QmfProcess: setParam(vbhg = #3[-32, -144, -192])
01-17 09:21:30.324   717 29942 D DlbDap2QmfProcess: setParam(vbog = #1[0])
01-17 09:21:30.324   717 29942 D DlbDap2QmfProcess: setParam(vbsg = #1[0])
01-17 09:21:30.324   717 29942 D DlbDap2QmfProcess: setParam(dvli = #1[-320])
01-17 09:21:30.324   717 29942 D DlbDap2QmfProcess: setParam(dhfm = #1[2])
01-17 09:21:30.324   717 29942 D DlbDap2QmfProcess: setParam(deon = #1[0])
01-17 09:21:30.324   717 29942 D DlbDap2QmfProcess: setParam(ngon = #1[1])
01-17 09:21:30.324   717 29942 D DlbDap2QmfProcess: setParam(dvlo = #1[-320])
01-17 09:21:30.325   717 29942 D DlbDap2QmfProcess: setParam(aobs = #222[20, 10, 47, 141, 234, 328, 469, 656, 844, 1031, 1313, 1688, 2250, 3000, 3750, 4688, 5813, 7125, 9000, 11250, 13875, 19688, 0, 0, 0, 0, 0, 0, 0, 0, 0, 0, 0, 0, 0, 0, 0, 0, 0, 0, 0, 0, 0, 0, 0, 0, 0, 0, 0, 0, 0, 0, 0, 0, 0, 0, 0, 0, 0, 0, 0, 0, 0, 0, 0, 0, 0, 0, 0, 0, 0, 0, 0, 0, 0, 0, 0, 0, 0, 0, 0, 0, 0, 0, 0, 0, 0, 0, 0, 0, 0, 0, 0, 0, 0, 0, 0, 0, 0, 0, 0, 0, 0, 0, 0, 0, 0, 0, 0, 0, 0, 0, 0, 0, 0, 0, 0, 0, 0, 0, 0, 0, 0, 0, 0, 0, 0, 0, 0, 0, 0, 0, 0, 0, 0, 0, 0, 0, 0, 0, 0, 0, 0, 0, 0, 0, 0, 0, 0, 0, 0, 0, 0, 0, 0, 0, 0, 0, 0, 0, 0, 0, 0, 0, 0, 0, 0, 0, 0, 0, 0, 0, 0, 0, 0, 0, 0, 0, 0, 0, 0, 0, 0, 0, 0, 0, 0, 0, 0, 0, 0, 0, 0, 0, 0, 0, 0, 0, 0, 0, 0, 0, 0, 0, 0, 0, 0, 0, 0, 0, 0, 0, 0, 0, 0, 0, 0, 0, 0, 0, 0, 0])
01-17 09:21:30.325   717 29942 D DlbDap2QmfProcess: setParam(dvle = #1[1])
01-17 09:21:30.325   717 29942 D DlbDap2QmfProcess: setParam(dvli = #1[-496])
01-17 09:21:30.325   717 29942 D DlbDap2QmfProcess: setParam(dvlo = #1[-176])
01-17 09:21:30.325   717 29942 D ARenderer: updateDapVolumeLeveler: Setting output level to -11.00dB
01-17 09:21:30.325   717 29942 D DlbDap2QmfProcess: setParam(vmb = #1[0])
01-17 09:21:30.325   717 29942 D DlbDap2QmfProcess: setParam(preg = #1[-384])
01-17 09:21:30.325   717 29942 D DlbDap2QmfProcess: setParam(vol = #1[384])
01-17 09:21:30.325   717 29942 D DlbDlbBufferProvider: setConfig() Updating buffer configuration.
01-17 09:21:30.325   717 29942 D DlbDap2QmfProcess: processQmf() called [0] times
01-17 09:21:30.325   717 29942 D DlbDap2QmfProcess: setMave(mave = 0)
01-17 09:21:30.329   717 29942 D ARenderer: updateDapConfig: Updating DAP configuration
01-17 09:21:30.329   717 29942 D DlbDap2QmfProcess: setParam(iea = #1[10])
01-17 09:21:30.329   717 29942 D DlbDap2QmfProcess: setParam(msce = #1[0])
01-17 09:21:30.329   717 29942 D DlbDap2QmfProcess: setParam(mdee = #1[0])
01-17 09:21:30.329   717 29942 D DlbDap2QmfProcess: setParam(miee = #1[0])
01-17 09:21:30.329   717 29942 D DlbDap2QmfProcess: setParam(mdle = #1[0])
01-17 09:21:30.329   717 29942 D DlbDap2QmfProcess: setParam(dvle = #1[1])
01-17 09:21:30.329   717 29942 D DlbDap2QmfProcess: setParam(mave = #1[0])
01-17 09:21:30.329   717 29942 D DlbDap2QmfProcess: setParam(vcbf = #20[47, 141, 234, 328, 469, 656, 844, 1031, 1313, 1688, 2250, 3000, 3750, 4688, 5813, 7125, 9000, 11250, 13875, 19688])
01-17 09:21:30.329   717 29942 D DlbDap2QmfProcess: setParam(ieon = #1[0])
01-17 09:21:30.330   717 29942 D DlbDap2QmfProcess: setParam(gebs = #41[20, 47, 141, 234, 328, 469, 656, 844, 1031, 1313, 1688, 2250, 3000, 3750, 4688, 5813, 7125, 9000, 11250, 13875, 19688, 0, 0, 0, 0, 0, 0, 0, 0, 0, 0, 0, 0, 0, 0, 0, 0, 0, 0, 0, 0])
01-17 09:21:30.330   717 29942 D DlbDap2QmfProcess: setParam(iebs = #41[20, 65, 136, 223, 332, 467, 634, 841, 1098, 1416, 1812, 2302, 2909, 3663, 4598, 5756, 7194, 8976, 11186, 13927, 17326, 117, 133, 188, 176, 141, 149, 175, 185, 185, 200, 236, 242, 228, 213, 182, 132, 110, 68, -27, -240])
01-17 09:21:30.330   717 29942 D DlbDap2QmfProcess: setParam(dea = #1[7])
01-17 09:21:30.330   717 29942 D DlbDap2QmfProcess: setParam(dsa = #1[10])
01-17 09:21:30.330   717 29942 D DlbDap2QmfProcess: setParam(beb = #1[192])
01-17 09:21:30.330   717 29942 D DlbDap2QmfProcess: setParam(plb = #1[0])
01-17 09:21:30.330   717 29942 D DlbDap2QmfProcess: setParam(vmb = #1[144])
01-17 09:21:30.330   717 29942 D DlbDap2QmfProcess: setParam(dsb = #1[48])
01-17 09:21:30.330   717 29942 D DlbDap2QmfProcess: setParam(ded = #1[0])
01-17 09:21:30.330   717 29942 D DlbDap2QmfProcess: setParam(dom = #1[0])
01-17 09:21:30.330   717 29942 D DlbDap2QmfProcess: setParam(bew = #1[16])
01-17 09:21:30.330   717 29942 D DlbDap2QmfProcess: setParam(dvla = #1[5])
01-17 09:21:30.330   717 29942 D DlbDap2QmfProcess: setParam(dfsa = #1[10])
01-17 09:21:30.330   717 29942 D DlbDap2QmfProcess: setParam(dhsa = #1[10])
01-17 09:21:30.330   717 29942 D DlbDap2QmfProcess: setParam(dvmc = #1[0])
01-17 09:21:30.330   717 29942 D DlbDap2QmfProcess: setParam(dvle = #1[1])
01-17 09:21:30.330   717 29942 D DlbDap2QmfProcess: setParam(dvme = #1[0])
01-17 09:21:30.330   717 29942 D DlbDap2QmfProcess: setParam(becf = #1[200])
01-17 09:21:30.330   717 29942 D DlbDap2QmfProcess: setParam(vbmf = #2[94, 469])
01-17 09:21:30.330   717 29942 D DlbDap2QmfProcess: setParam(vbsf = #2[35, 160])
01-17 09:21:30.330   717 29942 D DlbDap2QmfProcess: setParam(vbhg = #3[-32, -144, -192])
01-17 09:21:30.330   717 29942 D DlbDap2QmfProcess: setParam(vbog = #1[0])
01-17 09:21:30.330   717 29942 D DlbDap2QmfProcess: setParam(vbsg = #1[0])
01-17 09:21:30.330   717 29942 D DlbDap2QmfProcess: setParam(dvli = #1[-320])
01-17 09:21:30.330   717 29942 D DlbDap2QmfProcess: setParam(dhfm = #1[2])
01-17 09:21:30.330   717 29942 D DlbDap2QmfProcess: setParam(deon = #1[0])
01-17 09:21:30.330   717 29942 D DlbDap2QmfProcess: setParam(ngon = #1[1])
01-17 09:21:30.330   717 29942 D DlbDap2QmfProcess: setParam(dvlo = #1[-320])
01-17 09:21:30.330   717 29942 D DlbDap2QmfProcess: setParam(aobs = #222[20, 10, 47, 141, 234, 328, 469, 656, 844, 1031, 1313, 1688, 2250, 3000, 3750, 4688, 5813, 7125, 9000, 11250, 13875, 19688, 0, 0, 0, 0, 0, 0, 0, 0, 0, 0, 0, 0, 0, 0, 0, 0, 0, 0, 0, 0, 0, 0, 0, 0, 0, 0, 0, 0, 0, 0, 0, 0, 0, 0, 0, 0, 0, 0, 0, 0, 0, 0, 0, 0, 0, 0, 0, 0, 0, 0, 0, 0, 0, 0, 0, 0, 0, 0, 0, 0, 0, 0, 0, 0, 0, 0, 0, 0, 0, 0, 0, 0, 0, 0, 0, 0, 0, 0, 0, 0, 0, 0, 0, 0, 0, 0, 0, 0, 0, 0, 0, 0, 0, 0, 0, 0, 0, 0, 0, 0, 0, 0, 0, 0, 0, 0, 0, 0, 0, 0, 0, 0, 0, 0, 0, 0, 0, 0, 0, 0, 0, 0, 0, 0, 0, 0, 0, 0, 0, 0, 0, 0, 0, 0, 0, 0, 0, 0, 0, 0, 0, 0, 0, 0, 0, 0, 0, 0, 0, 0, 0, 0, 0, 0, 0, 0, 0, 0, 0, 0, 0, 0, 0, 0, 0, 0, 0, 0, 0, 0, 0, 0, 0, 0, 0, 0, 0, 0, 0, 0, 0, 0, 0, 0, 0, 0, 0, 0, 0, 0, 0, 0, 0, 0, 0, 0, 0, 0, 0, 0])
01-17 09:21:30.330   717 29942 D DlbDap2QmfProcess: setParam(dvle = #1[1])
01-17 09:21:30.331   717 29942 D DlbDap2QmfProcess: setParam(dvli = #1[-496])
01-17 09:21:30.331   717 29942 D DlbDap2QmfProcess: setParam(dvlo = #1[-176])
01-17 09:21:30.331   717 29942 D ARenderer: updateDapVolumeLeveler: Setting output level to -11.00dB
01-17 09:21:30.331   717 29942 D DlbDap2QmfProcess: setParam(vmb = #1[0])
01-17 09:21:30.331   717 29942 D DlbDap2QmfProcess: setParam(preg = #1[-384])
01-17 09:21:30.331   717 29942 D DlbDap2QmfProcess: setParam(vol = #1[384])
01-17 09:21:30.331   717 29942 D DlbDap2QmfProcess: setMave(mave = 0)
01-17 09:21:30.339   710 29938 D AudioTrack: Client defaulted notificationFrames to 12000 for frameCount 24000
01-17 09:21:30.339   684  3653 I AudioFlinger: attachAuxEffect(): Marking track 727 as containing processed audio
01-17 09:21:30.339   684  3653 D AudioFlinger: trackContainsProcessedAudio() Track id 727 contains processed audio
01-17 09:21:30.341   626   626 W /system/bin/hw/android.hidl.allocator@1.0-service: ashmem_create_region(7680) returning hidl_memory(0x7b7102c330, 7680)
01-17 09:21:30.343   626   626 W /system/bin/hw/android.hidl.allocator@1.0-service: ashmem_create_region(7680) returning hidl_memory(0x7b7102c330, 7680)
01-17 09:21:30.344   627  4939 D DlbDlbEffect: handle_EFFECT_CMD_DISABLE()
01-17 09:21:30.344   627  4939 D DlbDapCrossfadeProcess: setEnabled transitioning from FADE_TO_ACTIVE state to FADE_TO_BYPASS
01-17 09:21:30.345   626   626 W /system/bin/hw/android.hidl.allocator@1.0-service: ashmem_create_region(7680) returning hidl_memory(0x7b7102c330, 7680)
01-17 09:21:30.345   627   627 D DlbDlbEffect: handle_EFFECT_CMD_SET_CONFIG()
01-17 09:21:30.345   627   627 D DlbDapEndpointParamCache: setDevice(device=0x00000002)
01-17 09:21:30.345   645   645 D DMSService: setActiveDevice called with device = 0x2
01-17 09:21:30.346   627   627 D DlbDlbEffect: handle_EFFECT_CMD_ENABLE()
01-17 09:21:30.346   627   627 D DlbDapCrossfadeProcess: setEnabled transitioning from FADE_TO_BYPASS state to FADE_TO_ACTIVE
01-17 09:21:30.346   684  3974 W AudioFlinger: moveDolbyEffect() effect chain for session 0 not on source thread 0xee0ae580
01-17 09:21:30.346   684  3974 D AudioFlinger: trackStateChanged() Track id 727 state changed to 6
01-17 09:21:30.346   684  3974 I AudioFlinger: updateProcessedAudioState() Changing content processing in effect to 1
01-17 09:21:30.346   627  4939 D DlbDlbEffect: handle_EFFECT_CMD_SET_PARAM()
01-17 09:21:30.346   710 29932 D NuPlayerDriver: notifyListener_l(0xe6bcba80), (6, 0, 0, -1), loop setting(0, 1)
01-17 09:21:30.349   627  3892 I DlbEffectContext: setContentProcEnabled() Disabling content processing in effect
01-17 09:21:30.349   627  3892 D DlbDapEndpointParamCache: commitChangedParams()
01-17 09:21:30.349   627  3892 D DlbDapEndpointParamCache: commit() Applying parameters for device 0x40000000
01-17 09:21:30.349   627  3892 D DlbDap2Process: setParam(msce = #1[0])
01-17 09:21:30.349   627  3892 D DlbDap2Process: setParam(mdee = #1[0])
01-17 09:21:30.349   627  3892 D DlbDap2Process: setParam(miee = #1[0])
01-17 09:21:30.349   627  3892 D DlbDap2Process: setParam(mdle = #1[0])
01-17 09:21:30.349   627  3892 D DlbDap2Process: setParam(dvle = #1[0])
01-17 09:21:30.349   627  3892 D DlbDap2Process: setParam(mave = #1[0])
01-17 09:21:30.349   627  3892 D DlbDap2Process: setParam(ieon = #1[0])
01-17 09:21:30.349   627  3892 D DlbDapEndpointParamCache: doCommit() Committed 7 parameters out of 16.
01-17 09:21:30.349   627  3892 D DlbDapEndpointParamCache: commit() Overriding parameters for current device 0x00000002
01-17 09:21:30.349   627  3892 D DlbDap2Process: setParam(dom = #1[0])
01-17 09:21:30.349   627  3892 D DlbDap2Process: setParam(dvle = #1[0])
01-17 09:21:30.349   627  3892 D DlbDap2Process: setParam(dvme = #1[0])
01-17 09:21:30.349   627  3892 D DlbDap2Process: setParam(deon = #1[0])
01-17 09:21:30.349   627  3892 D DlbDap2Process: setParam(ngon = #1[0])
01-17 09:21:30.349   627  3892 D DlbDapEndpointParamCache: doCommit() Committed 5 parameters out of 37.
01-17 09:21:30.350   627  3892 D DlbDapEndpointParamCache: commitChangedParams()
01-17 09:21:30.350   627  3892 D DlbDapEndpointParamCache: commit() Applying parameters for device 0x40000000
01-17 09:21:30.350   627  3892 D DlbDap2Process: setParam(iea = #1[10])
01-17 09:21:30.351   627  3892 D DlbDap2Process: setParam(vcbf = #20[47, 141, 234, 328, 469, 656, 844, 1031, 1313, 1688, 2250, 3000, 3750, 4688, 5813, 7125, 9000, 11250, 13875, 19688])
01-17 09:21:30.351   627  3892 D DlbDap2Process: setParam(vbon = #1[0])
01-17 09:21:30.351   627  3892 D DlbDap2Process: setParam(beon = #1[0])
01-17 09:21:30.351   627  3892 D DlbDap2Process: setParam(geon = #1[0])
01-17 09:21:30.351   627  3892 D DlbDap2Process: setParam(gebs = #41[20, 47, 141, 234, 328, 469, 656, 844, 1031, 1313, 1688, 2250, 3000, 3750, 4688, 5813, 7125, 9000, 11250, 13875, 19688, 0, 0, 0, 0, 0, 0, 0, 0, 0, 0, 0, 0, 0, 0, 0, 0, 0, 0, 0, 0])
01-17 09:21:30.351   627  3892 D DlbDap2Process: setParam(iebs = #41[20, 65, 136, 223, 332, 467, 634, 841, 1098, 1416, 1812, 2302, 2909, 3663, 4598, 5756, 7194, 8976, 11186, 13927, 17326, 117, 133, 188, 176, 141, 149, 175, 185, 185, 200, 236, 242, 228, 213, 182, 132, 110, 68, -27, -240])
01-17 09:21:30.351   627  3892 D DlbDapEndpointParamCache: doCommit() Committed 8 parameters out of 16.
01-17 09:21:30.351   627  3892 D DlbDapEndpointParamCache: commit() Overriding parameters for current device 0x00000002
01-17 09:21:30.351   627  3892 D DlbDap2Process: setParam(dea = #1[7])
01-17 09:21:30.351   627  3892 D DlbDap2Process: setParam(dsa = #1[10])
01-17 09:21:30.351   627  3892 D DlbDap2Process: setParam(beb = #1[192])
01-17 09:21:30.351   627  3892 D DlbDap2Process: setParam(plb = #1[0])
01-17 09:21:30.352   627  3892 D DlbDap2Process: setParam(vmb = #1[144])
01-17 09:21:30.352   627  3892 D DlbDap2Process: setParam(dsb = #1[48])
01-17 09:21:30.352   627  3892 D DlbDap2Process: setParam(ded = #1[0])
01-17 09:21:30.352   627  3892 D DlbDap2Process: setParam(vbm = #1[3])
01-17 09:21:30.352   627  3892 D DlbDap2Process: setParam(bew = #1[16])
01-17 09:21:30.352   627  3892 D DlbDap2Process: setParam(dvla = #1[5])
01-17 09:21:30.352   627  3892 D DlbDap2Process: setParam(arra = #1[96])
01-17 09:21:30.352   627  3892 D DlbDap2Process: setParam(dfsa = #1[10])
01-17 09:21:30.352   627  3892 D DlbDap2Process: setParam(dhsa = #1[10])
01-17 09:21:30.352   627  3892 D DlbDap2Process: setParam(dvmc = #1[0])
01-17 09:21:30.352   627  3892 D DlbDap2Process: setParam(arod = #1[0])
01-17 09:21:30.352   627  3892 D DlbDap2Process: setParam(arde = #1[1])
01-17 09:21:30.352   627  3892 D DlbDap2Process: setParam(becf = #1[200])
01-17 09:21:30.352   627  3892 D DlbDap2Process: setParam(vbmf = #2[94, 469])
01-17 09:21:30.352   627  3892 D DlbDap2Process: setParam(vbsf = #2[35, 160])
01-17 09:21:30.352   627  3892 D DlbDap2Process: setParam(vbhg = #3[-32, -144, -192])
01-17 09:21:30.352   627  3892 D DlbDap2Process: setParam(vbog = #1[0])
01-17 09:21:30.352   627  3892 D DlbDap2Process: setParam(vbsg = #1[0])
01-17 09:21:30.352   627  3892 D DlbDap2Process: setParam(dvli = #1[-320])
01-17 09:21:30.352   627  3892 D DlbDap2Process: setParam(dhfm = #1[2])
01-17 09:21:30.352   627  3892 D DlbDap2Process: setParam(vbon = #1[0])
01-17 09:21:30.352   627  3892 D DlbDap2Process: setParam(beon = #1[0])
01-17 09:21:30.352   627  3892 D DlbDap2Process: setParam(aoon = #1[1])
01-17 09:21:30.352   627  3892 D DlbDap2Process: setParam(aron = #1[1])
01-17 09:21:30.352   627  3892 D DlbDap2Process: setParam(dvlo = #1[-320])
01-17 09:21:30.352   627  3892 D DlbDap2Process: setParam(artp = #1[12])
01-17 09:21:30.352   627  3892 D DlbDap2Process: setParam(aobs = #222[20, 10, 47, 141, 234, 328, 469, 656, 844, 1031, 1313, 1688, 2250, 3000, 3750, 4688, 5813, 7125, 9000, 11250, 13875, 19688, 0, 0, 0, 0, 0, 0, 0, 0, 0, 0, 0, 0, 0, 0, 0, 0, 0, 0, 0, 0, 0, 0, 0, 0, 0, 0, 0, 0, 0, 0, 0, 0, 0, 0, 0, 0, 0, 0, 0, 0, 0, 0, 0, 0, 0, 0, 0, 0, 0, 0, 0, 0, 0, 0, 0, 0, 0, 0, 0, 0, 0, 0, 0, 0, 0, 0, 0, 0, 0, 0, 0, 0, 0, 0, 0, 0, 0, 0, 0, 0, 0, 0, 0, 0, 0, 0, 0, 0, 0, 0, 0, 0, 0, 0, 0, 0, 0, 0, 0, 0, 0, 0, 0, 0, 0, 0, 0, 0, 0, 0, 0, 0, 0, 0, 0, 0, 0, 0, 0, 0, 0, 0, 0, 0, 0, 0, 0, 0, 0, 0, 0, 0, 0, 0, 0, 0, 0, 0, 0, 0, 0, 0, 0, 0, 0, 0, 0, 0, 0, 0, 0, 0, 0, 0, 0, 0, 0, 0, 0, 0, 0, 0, 0, 0, 0, 0, 0, 0, 0, 0, 0, 0, 0, 0, 0, 0, 0, 0, 0, 0, 0, 0, 0, 0, 0, 0, 0, 0, 0, 0, 0, 0, 0, 0, 0, 0, 0, 0, 0, 0])
01-17 09:21:30.353   627  3892 D DlbDap2Process: setParam(arbs = #81[20, 47, 141, 234, 328, 469, 656, 844, 1031, 1313, 1688, 2250, 3000, 3750, 4688, 5813, 7125, 9000, 11250, 13875, 19688, -192, -192, -192, -192, -192, -192, -192, -192, -192, -192, -192, -192, -192, -192, -192, -192, -192, -192, -192, -192, 0, 0, 0, 0, 0, 0, 0, 0, 0, 0, 0, 0, 0, 0, 0, 0, 0, 0, 0, 0, 0, 0, 0, 0, 0, 0, 0, 0, 0, 0, 0, 0, 0, 0, 0, 0, 0, 0, 0, 0])
01-17 09:21:30.353   627  3892 D DlbDapEndpointParamCache: doCommit() Committed 32 parameters out of 37.
01-17 09:21:30.353   627  3892 D DlbDap2Process: setMave(mave = 0)
01-17 09:21:30.353   627  3892 D DlbDapCrossfadeProcess: process transitioning from FADE_TO_ACTIVE state to DAP_ACTIVE
01-17 09:21:30.372 29906 29906 D featureTest: receive broadcast , record log :0
01-17 09:21:32.290   945   945 W WindowManager: removeWindowToken: Attempted to remove non-existing token: android.os.Binder@1cf496c
01-17 09:21:32.348   475   475 D SurfaceFlinger: duplicate layer name: changing Toast to Toast#1
01-17 09:21:32.456   627  3892 D DlbDap2Process: process() called [460000] times
01-17 09:21:34.329   945   945 W WindowManager: removeWindowToken: Attempted to remove non-existing token: android.os.Binder@3813a96
01-17 09:21:35.135   627  3892 D DlbDap2Process: process() called [460500] times
