01-17 09:25:38.699   710  1419 D NuPlayerDriver: reset(0xe6bcb310) at state 5
01-17 09:25:38.705   710  1419 D NuPlayerDriver: notifyListener_l(0xe6bcb310), (8, 0, 0, -1), loop setting(0, 1)
01-17 09:25:38.706   684  3973 D AudioFlinger: trackStateChanged() Track id 789 state changed to 6
01-17 09:25:38.718   717  5783 I DDP_JOCDecoder: -> ~DDPDecoder
01-17 09:25:38.718   717  5783 I DDP_JOCDecoder: -> stop
01-17 09:25:38.720   645   645 I DMSService: unregisterClient type = 4, uid = e8392810
01-17 09:25:38.809   717  5783 I DDP_JOCDecoder: <- stop
01-17 09:25:38.809   717  5783 I ARenderer: ~ARenderer
01-17 09:25:38.809   717  5783 I evo_parser: evo_parser_close
01-17 09:25:38.810   717  5783 I DlbDap2QmfProcess: ~Dap2Process()
01-17 09:25:38.810   717  5783 I DlbDap2QmfProcess: close()
01-17 09:25:38.810   717  5783 I DDP_JOCDecoder: <- ~DDPDecoder
01-17 09:25:38.816   710 31977 D NuPlayerDriver: notifyResetComplete(0xe6bcb310)
01-17 09:25:38.817   710  1419 D AudioTrack: stop() called with 0 frames delivered
01-17 09:25:38.817   627  3892 I DlbEffectContext: setContentProcEnabled() Enabling content processing in global effect
01-17 09:25:38.817   627  3892 D DlbDapEndpointParamCache: commitChangedParams()
01-17 09:25:38.817   627  3892 D DlbDapEndpointParamCache: commit() Applying parameters for device 0x40000000
01-17 09:25:38.817   627  3892 D DlbDap2Process: setParam(iea = #1[10])
01-17 09:25:38.817   627  3892 D DlbDap2Process: setParam(msce = #1[0])
01-17 09:25:38.817   627  3892 D DlbDap2Process: setParam(mdee = #1[0])
01-17 09:25:38.817   627  3892 D DlbDap2Process: setParam(miee = #1[0])
01-17 09:25:38.817   627  3892 D DlbDap2Process: setParam(mdle = #1[0])
01-17 09:25:38.817   627  3892 D DlbDap2Process: setParam(dvle = #1[1])
01-17 09:25:38.817   627  3892 D DlbDap2Process: setParam(mave = #1[0])
01-17 09:25:38.818   627  3892 D DlbDap2Process: setParam(vcbf = #20[47, 141, 234, 328, 469, 656, 844, 1031, 1313, 1688, 2250, 3000, 3750, 4688, 5813, 7125, 9000, 11250, 13875, 19688])
01-17 09:25:38.818   627  3892 D DlbDap2Process: setParam(vbon = #1[0])
01-17 09:25:38.818   627  3892 D DlbDap2Process: setParam(beon = #1[0])
01-17 09:25:38.818   627  3892 D DlbDap2Process: setParam(geon = #1[0])
01-17 09:25:38.818   627  3892 D DlbDap2Process: setParam(ieon = #1[0])
01-17 09:25:38.818   627  3892 D DlbDap2Process: setParam(gebs = #41[20, 47, 141, 234, 328, 469, 656, 844, 1031, 1313, 1688, 2250, 3000, 3750, 4688, 5813, 7125, 9000, 11250, 13875, 19688, 0, 0, 0, 0, 0, 0, 0, 0, 0, 0, 0, 0, 0, 0, 0, 0, 0, 0, 0, 0])
01-17 09:25:38.818   627  3892 D DlbDap2Process: setParam(iebs = #41[20, 65, 136, 223, 332, 467, 634, 841, 1098, 1416, 1812, 2302, 2909, 3663, 4598, 5756, 7194, 8976, 11186, 13927, 17326, 117, 133, 188, 176, 141, 149, 175, 185, 185, 200, 236, 242, 228, 213, 182, 132, 110, 68, -27, -240])
01-17 09:25:38.818   627  3892 D DlbDapEndpointParamCache: doCommit() Committed 15 parameters out of 16.
01-17 09:25:38.818   627  3892 D DlbDapEndpointParamCache: commit() Overriding parameters for current device 0x00000002
01-17 09:25:38.818   627  3892 D DlbDap2Process: setParam(dea = #1[7])
01-17 09:25:38.818   627  3892 D DlbDap2Process: setParam(dsa = #1[10])
01-17 09:25:38.818   627  3892 D DlbDap2Process: setParam(beb = #1[192])
01-17 09:25:38.818   627  3892 D DlbDap2Process: setParam(plb = #1[0])
01-17 09:25:38.818   627  3892 D DlbDap2Process: setParam(vmb = #1[144])
01-17 09:25:38.818   627  3892 D DlbDap2Process: setParam(dsb = #1[48])
01-17 09:25:38.818   627  3892 D DlbDap2Process: setParam(ded = #1[0])
01-17 09:25:38.818   627  3892 D DlbDap2Process: setParam(vbm = #1[3])
01-17 09:25:38.818   627  3892 D DlbDap2Process: setParam(dom = #1[0])
01-17 09:25:38.818   627  3892 D DlbDap2Process: setParam(bew = #1[16])
01-17 09:25:38.818   627  3892 D DlbDap2Process: setParam(dvla = #1[5])
01-17 09:25:38.818   627  3892 D DlbDap2Process: setParam(arra = #1[96])
01-17 09:25:38.818   627  3892 D DlbDap2Process: setParam(dfsa = #1[10])
01-17 09:25:38.818   627  3892 D DlbDap2Process: setParam(dhsa = #1[10])
01-17 09:25:38.818   627  3892 D DlbDap2Process: setParam(dvmc = #1[0])
01-17 09:25:38.818   627  3892 D DlbDap2Process: setParam(arod = #1[0])
01-17 09:25:38.819   627  3892 D DlbDap2Process: setParam(arde = #1[1])
01-17 09:25:38.819   627  3892 D DlbDap2Process: setParam(dvle = #1[1])
01-17 09:25:38.819   627  3892 D DlbDap2Process: setParam(dvme = #1[0])
01-17 09:25:38.819   627  3892 D DlbDap2Process: setParam(becf = #1[200])
01-17 09:25:38.819   627  3892 D DlbDap2Process: setParam(vbmf = #2[94, 469])
01-17 09:25:38.819   627  3892 D DlbDap2Process: setParam(vbsf = #2[35, 160])
01-17 09:25:38.819   627  3892 D DlbDap2Process: setParam(vbhg = #3[-32, -144, -192])
01-17 09:25:38.819   627  3892 D DlbDap2Process: setParam(vbog = #1[0])
01-17 09:25:38.819   627  3892 D DlbDap2Process: setParam(vbsg = #1[0])
01-17 09:25:38.819   627  3892 D DlbDap2Process: setParam(dvli = #1[-320])
01-17 09:25:38.819   627  3892 D DlbDap2Process: setParam(dhfm = #1[2])
01-17 09:25:38.819   627  3892 D DlbDap2Process: setParam(vbon = #1[0])
01-17 09:25:38.819   627  3892 D DlbDap2Process: setParam(beon = #1[0])
01-17 09:25:38.819   627  3892 D DlbDap2Process: setParam(deon = #1[0])
01-17 09:25:38.819   627  3892 D DlbDap2Process: setParam(ngon = #1[1])
01-17 09:25:38.819   627  3892 D DlbDap2Process: setParam(aoon = #1[1])
01-17 09:25:38.819   627  3892 D DlbDap2Process: setParam(aron = #1[1])
01-17 09:25:38.819   627  3892 D DlbDap2Process: setParam(dvlo = #1[-320])
01-17 09:25:38.819   627  3892 D DlbDap2Process: setParam(artp = #1[12])
01-17 09:25:38.819   627  3892 D DlbDap2Process: setParam(aobs = #222[20, 10, 47, 141, 234, 328, 469, 656, 844, 1031, 1313, 1688, 2250, 3000, 3750, 4688, 5813, 7125, 9000, 11250, 13875, 19688, 0, 0, 0, 0, 0, 0, 0, 0, 0, 0, 0, 0, 0, 0, 0, 0, 0, 0, 0, 0, 0, 0, 0, 0, 0, 0, 0, 0, 0, 0, 0, 0, 0, 0, 0, 0, 0, 0, 0, 0, 0, 0, 0, 0, 0, 0, 0, 0, 0, 0, 0, 0, 0, 0, 0, 0, 0, 0, 0, 0, 0, 0, 0, 0, 0, 0, 0, 0, 0, 0, 0, 0, 0, 0, 0, 0, 0, 0, 0, 0, 0, 0, 0, 0, 0, 0, 0, 0, 0, 0, 0, 0, 0, 0, 0, 0, 0, 0, 0, 0, 0, 0, 0, 0, 0, 0, 0, 0, 0, 0, 0, 0, 0, 0, 0, 0, 0, 0, 0, 0, 0, 0, 0, 0, 0, 0, 0, 0, 0, 0, 0, 0, 0, 0, 0, 0, 0, 0, 0, 0, 0, 0, 0, 0, 0, 0, 0, 0, 0, 0, 0, 0, 0, 0, 0, 0, 0, 0, 0, 0, 0, 0, 0, 0, 0, 0, 0, 0, 0, 0, 0, 0, 0, 0, 0, 0, 0, 0, 0, 0, 0, 0, 0, 0, 0, 0, 0, 0, 0, 0, 0, 0, 0, 0, 0, 0, 0, 0, 0, 0])
01-17 09:25:38.820   627  3892 D DlbDap2Process: setParam(arbs = #81[20, 47, 141, 234, 328, 469, 656, 844, 1031, 1313, 1688, 2250, 3000, 3750, 4688, 5813, 7125, 9000, 11250, 13875, 19688, -192, -192, -192, -192, -192, -192, -192, -192, -192, -192, -192, -192, -192, -192, -192, -192, -192, -192, -192, -192, 0, 0, 0, 0, 0, 0, 0, 0, 0, 0, 0, 0, 0, 0, 0, 0, 0, 0, 0, 0, 0, 0, 0, 0, 0, 0, 0, 0, 0, 0, 0, 0, 0, 0, 0, 0, 0, 0, 0, 0])
01-17 09:25:38.820   627  3892 D DlbDapEndpointParamCache: doCommit() Committed 37 parameters out of 37.
01-17 09:25:38.821   627  3892 D DlbDap2Process: setMave(mave = 0)
01-17 09:25:38.895   684  1061 D AudioFlinger: trackStateChanged() Track id 789 state changed to 2
01-17 09:25:38.895   684  1061 I AudioFlinger: updateProcessedAudioState() Changing content processing in effect to 0
01-17 09:25:38.895   627  6441 D DlbDlbEffect: handle_EFFECT_CMD_SET_PARAM()
01-17 09:25:38.916   684  1061 D AudioFlinger: trackDestroyed() Track id 789 no longer contains processed audio
01-17 09:25:38.916   684   928 W AudioFlinger::EffectModule: EffectModule 0xee09fb80 destructor called with unreleased interface
01-17 09:25:38.917   684   928 W AudioFlinger::EffectHandle: disconnect Effect handle 0xee531c40 disconnected after thread destruction
01-17 09:25:38.919   627  3512 D DlbDlbEffect: handle_EFFECT_CMD_DISABLE()
01-17 09:25:38.919   627  3512 D DlbDapCrossfadeProcess: setEnabled transitioning from DAP_ACTIVE state to FADE_TO_BYPASS
01-17 09:25:38.923   627  3512 D DlbDlbEffect: handle_EFFECT_CMD_SET_CONFIG()
01-17 09:25:38.923   627  3512 D DlbDapEndpointParamCache: setDevice(device=0x00000002)
01-17 09:25:38.923   645   645 D DMSService: setActiveDevice called with device = 0x2
01-17 09:25:38.923   627  6441 D DlbDlbEffect: handle_EFFECT_CMD_ENABLE()
01-17 09:25:38.923   627  6441 D DlbDapCrossfadeProcess: setEnabled transitioning from FADE_TO_BYPASS state to FADE_TO_ACTIVE
01-17 09:25:39.028 32021 32021 D featureTest: onCreate
01-17 09:25:39.033 32021 32021 D AudioTrack: Client defaulted notificationFrames to 962 for frameCount 1924
01-17 09:25:39.035 32021 32021 W AudioTrack: Use of stream types is deprecated for operations other than volume control
01-17 09:25:39.035 32021 32021 W AudioTrack: See the documentation of AudioTrack() for what to use instead with android.media.AudioAttributes to qualify your playback use case
01-17 09:25:39.048 32021 32021 D featureTest: onResume
01-17 09:25:39.917 32021 32021 D featureTest: receive broadcast , playing content location :/sdcard/featureTest/7ch_ddp_25fps_diff_music_01.mp4
01-17 09:25:39.927 32021 32021 D featureTest: mMediaPlayer.getAudioSessionId(): 5937
01-17 09:25:39.927 32021 32021 D featureTest: Playing file: /sdcard/featureTest/7ch_ddp_25fps_diff_music_01.mp4
01-17 09:25:39.929   710  1419 D NuPlayerDriver: NuPlayerDriver(0xe6bcb310) created, clientPid(32021)
01-17 09:25:39.947   710 32046 D NuPlayerDriver: notifyListener_l(0xe6bcb310), (1, 0, 0, -1), loop setting(0, 0)
01-17 09:25:39.955   710  1419 D NuPlayerDriver: start(0xe6bcb310), state is 4, eos is 0
01-17 09:25:39.976   717  5783 I OMXMaster: makeComponentInstance(OMX.dolby.eac3.decoder) in omx@1.0-service process
01-17 09:25:39.994 32021 32021 D featureTest: receive broadcast , change ds status :0
01-17 09:25:40.012   717  5783 I DDP_JOCDecoder: -> init name OMX.dolby.eac3.decoder
01-17 09:25:40.014   645   645 I DMSService: registerClient type = 0, uid = e7f0fc30
01-17 09:25:40.015   717  5783 I DDP_JOCDecoder: <- init
01-17 09:25:40.015   717  5783 D DDP_JOCDecoder: initPorts
01-17 09:25:40.017   710 32054 I ACodec  : codec does not support config priority (err -2147483648)
01-17 09:25:40.018   627  6441 D DlbDlbEffect: handle_EFFECT_CMD_SET_PARAM()
01-17 09:25:40.018   710 32054 I MediaCodec: MediaCodec will operate in async mode
01-17 09:25:40.018   710 32054 I ACodec  : setDolbyParameterOnProcessedAudio() Received dolby_processed_audio=1
01-17 09:25:40.019   710 32053 I NuPlayerDecoder: setDolbyMessage() Notifying player that Codec supports dolby_processed_audio flag
01-17 09:25:40.019   710 32046 I NuPlayer: onDolbyMessageReceived() Setting dolby_processed_audio flag on audio sink
01-17 09:25:40.019   645   645 I DMSService: unregisterClient type = 0, uid = e7f0fc30
01-17 09:25:40.065   645   645 I DMSService: registerClient type = 4, uid = e7f0fc00
01-17 09:25:40.066   717 20091 D DDP_JOCDecoder: internalSetParameter() Instantiating ARenderer for content processing in decoder
01-17 09:25:40.066   717 20091 I DlbDap2QmfProcess: Dap2Process()
01-17 09:25:40.066   717 20091 I ARenderer: ARenderer
01-17 09:25:40.066   717 20091 I evo_parser: evo_parser_init
01-17 09:25:40.066   717 20091 I DlbDap2QmfProcess: init()
01-17 09:25:40.066   717 20091 I DlbDap2QmfProcess: open()
01-17 09:25:40.066   717 20091 I DlbDap2QmfProcess: loadLicense() no license check!
01-17 09:25:40.066   717 20091 I DlbDap2QmfProcess: validateLicense() no license check!
01-17 09:25:40.066   717 20091 I DlbDap2QmfProcess: init() DAP opened
01-17 09:25:40.066   717 20091 I DlbDap2QmfProcess: DAP library version: 2.5.1-P2.0
01-17 09:25:40.066   717 20091 D DlbDap2QmfProcess: DAP output mode set to 1 with 2 output channels and null mix matrix.
01-17 09:25:40.066   710 32054 I ACodec  : setDolbyParameterOnProcessedAudio() Content processing enabled in decoder
01-17 09:25:40.069 32021 32021 D featureTest: receive broadcast , change ds profile id :2
01-17 09:25:40.076   627  6441 D DlbDlbEffect: handle_EFFECT_CMD_SET_PARAM()
01-17 09:25:40.076   645   713 I DapController: Profile Changed to Music
01-17 09:25:40.079   717 32056 I DDP_JOCDecoder: -> start
01-17 09:25:40.080   717 32056 D DDP_JOCDecoder: Setting Max Output Channels to 2
01-17 09:25:40.080   717 32056 D DDP_JOCDecoder: setMultiChannelPCMOutDownmix mConfig->jocForceDownmixMode 1
01-17 09:25:40.081   717 32056 I udc_user: 
01-17 09:25:40.081   717 32056 I udc_user: *** DDPlus Unified Decoder Simulation  Version 1.7.3 ***
01-17 09:25:40.081   717 32056 I udc_user: 
01-17 09:25:40.081   717 32056 I udc_user: 7.1-channel decoder-converter, 
01-17 09:25:40.081   717 32056 I udc_user: 
01-17 09:25:40.081   717 32056 I udc_user: 5.1-channel dual-decoder-converter, 
01-17 09:25:40.081   717 32056 I udc_user: Karaoke unsupported, 
01-17 09:25:40.081   717 32056 I udc_user: TPNP supported. 
01-17 09:25:40.081   717 32056 I udc_user: 
01-17 09:25:40.081   717 32056 I udc_user: Unpublished work.  Copyright 2003-2014 Dolby Laboratories, Inc. and
01-17 09:25:40.081   717 32056 I udc_user: Dolby Laboratories Licensing Corporation.  All Rights Reserved.
01-17 09:25:40.081   717 32056 I udc_user: 
01-17 09:25:40.081   717 32056 I udc_user: USE OF THIS SOFTWARE IS SUBJECT TO A LEGAL AGREEMENT BETWEEN YOU AND DOLBY
01-17 09:25:40.081   717 32056 I udc_user: LABORATORIES. DO NOT USE THIS SOFTWARE UNLESS YOU AGREE TO THE TERMS AND 
01-17 09:25:40.081   717 32056 I udc_user: CONDITIONS IN THE AGREEMENT.  BY USING THIS SOFTWARE, YOU ACKNOWLEDGE THAT 
01-17 09:25:40.081   717 32056 I udc_user: YOU HAVE READ THE AGREEMENT AND THAT YOU AGREE TO BE BOUND BY ITS TERMS. 
01-17 09:25:40.081   717 32056 I udc_user: 
01-17 09:25:40.082   717 32056 I ddpdec_client_joc: ddpdec_open JOCD_MODE Buffer assignment
01-17 09:25:40.082   717 32056 D DDP_JOCDecoder: mStarted = 1
01-17 09:25:40.082   717 32056 I DDP_JOCDecoder: <- start
01-17 09:25:40.083   717 32056 D ddpdec_client_joc: ddpdec_client.c|int configDecoder()
01-17 09:25:40.084   717 32056 D DDP_JOCDecoder: Setting Max Output Channels to 2
01-17 09:25:40.084   717 32056 I DlbDap2QmfProcess: close()
01-17 09:25:40.085   717 32056 I DlbDap2QmfProcess: init()
01-17 09:25:40.085   717 32056 I DlbDap2QmfProcess: open()
01-17 09:25:40.085   717 32056 I DlbDap2QmfProcess: loadLicense() no license check!
01-17 09:25:40.085   717 32056 I DlbDap2QmfProcess: validateLicense() no license check!
01-17 09:25:40.085   717 32056 I DlbDap2QmfProcess: init() DAP opened
01-17 09:25:40.085   717 32056 I DlbDap2QmfProcess: DAP library version: 2.5.1-P2.0
01-17 09:25:40.085   717 32056 D DlbDap2QmfProcess: DAP output mode set to 1 with 2 output channels and null mix matrix.
01-17 09:25:40.085   717 32056 D ARenderer: checkAndUpdateConfig: DAP reinitialized because of sample rate change
01-17 09:25:40.085   717 32056 D ARenderer: updateDapConfig: Updating DAP configuration
01-17 09:25:40.085   717 32056 I ARenderer: updateDapConfig: Disable content processing in decoder-ARenderer
01-17 09:25:40.085   717 32056 D DlbDap2QmfProcess: setParam(deon = #1[0])
01-17 09:25:40.085   717 32056 D DlbDap2QmfProcess: setParam(dvle = #1[0])
01-17 09:25:40.085   717 32056 D DlbDap2QmfProcess: setParam(ieon = #1[0])
01-17 09:25:40.085   717 32056 D DlbDap2QmfProcess: setParam(dvme = #1[0])
01-17 09:25:40.085   717 32056 D DlbDap2QmfProcess: setParam(dom = #1[0])
01-17 09:25:40.085   717 32056 D DlbDap2QmfProcess: setParam(msce = #1[0])
01-17 09:25:40.085   717 32056 D DlbDap2QmfProcess: setParam(miee = #1[0])
01-17 09:25:40.085   717 32056 D DlbDap2QmfProcess: setParam(mdle = #1[0])
01-17 09:25:40.085   717 32056 D DlbDap2QmfProcess: setParam(mdee = #1[0])
01-17 09:25:40.085   717 32056 D DlbDap2QmfProcess: setParam(mave = #1[0])
01-17 09:25:40.085   717 32056 D DlbDap2QmfProcess: setParam(ngon = #1[0])
01-17 09:25:40.085   717 32056 D DlbDap2QmfProcess: setParam(dvle = #1[1])
01-17 09:25:40.085   717 32056 D DlbDap2QmfProcess: setParam(dvli = #1[-496])
01-17 09:25:40.085   717 32056 D DlbDap2QmfProcess: setParam(dvlo = #1[-224])
01-17 09:25:40.085   717 32056 D ARenderer: updateDapVolumeLeveler: Setting output level to -14.00dB
01-17 09:25:40.085   717 32056 D DlbDap2QmfProcess: setParam(vmb = #1[0])
01-17 09:25:40.085   717 32056 D DlbDap2QmfProcess: setParam(preg = #1[-384])
01-17 09:25:40.085   717 32056 D DlbDap2QmfProcess: setParam(vol = #1[384])
01-17 09:25:40.086   717 32056 D DlbDap2QmfProcess: processQmf() called [0] times
01-17 09:25:40.086   717 32056 D DlbDap2QmfProcess: setMave(mave = 0)
01-17 09:25:40.096   710 32052 D AudioTrack: Client defaulted notificationFrames to 12000 for frameCount 24000
01-17 09:25:40.097   684  3653 I AudioFlinger: attachAuxEffect(): Marking track 791 as containing processed audio
01-17 09:25:40.097   684  3653 D AudioFlinger: trackContainsProcessedAudio() Track id 791 contains processed audio
01-17 09:25:40.104   627  6441 D DlbDlbEffect: handle_EFFECT_CMD_DISABLE()
01-17 09:25:40.104   627  6441 D DlbDapCrossfadeProcess: setEnabled transitioning from FADE_TO_ACTIVE state to FADE_TO_BYPASS
01-17 09:25:40.106   627  6441 D DlbDlbEffect: handle_EFFECT_CMD_SET_CONFIG()
01-17 09:25:40.106   627  6441 D DlbDapEndpointParamCache: setDevice(device=0x00000002)
01-17 09:25:40.106   645   645 D DMSService: setActiveDevice called with device = 0x2
01-17 09:25:40.106   627  6441 D DlbDlbEffect: handle_EFFECT_CMD_ENABLE()
01-17 09:25:40.107   627  6441 D DlbDapCrossfadeProcess: setEnabled transitioning from FADE_TO_BYPASS state to FADE_TO_ACTIVE
01-17 09:25:40.107   684  7228 W AudioFlinger: moveDolbyEffect() effect chain for session 0 not on source thread 0xee0ae580
01-17 09:25:40.107   684  7228 D AudioFlinger: trackStateChanged() Track id 791 state changed to 6
01-17 09:25:40.107   684  7228 I AudioFlinger: updateProcessedAudioState() Changing content processing in effect to 1
01-17 09:25:40.107   627  6441 D DlbDlbEffect: handle_EFFECT_CMD_SET_PARAM()
01-17 09:25:40.108   710 32046 D NuPlayerDriver: notifyListener_l(0xe6bcb310), (6, 0, 0, -1), loop setting(0, 1)
01-17 09:25:40.111   627  3892 I DlbEffectContext: setContentProcEnabled() Disabling content processing in effect
01-17 09:25:40.112   627  3892 D DlbDapEndpointParamCache: commitChangedParams()
01-17 09:25:40.112   627  3892 D DlbDapEndpointParamCache: commit() Applying parameters for device 0x40000000
01-17 09:25:40.112   627  3892 D DlbDap2Process: setParam(msce = #1[0])
01-17 09:25:40.112   627  3892 D DlbDap2Process: setParam(mdee = #1[0])
01-17 09:25:40.112   627  3892 D DlbDap2Process: setParam(miee = #1[0])
01-17 09:25:40.112   627  3892 D DlbDap2Process: setParam(mdle = #1[0])
01-17 09:25:40.112   627  3892 D DlbDap2Process: setParam(dvle = #1[0])
01-17 09:25:40.112   627  3892 D DlbDap2Process: setParam(mave = #1[0])
01-17 09:25:40.112   627  3892 D DlbDap2Process: setParam(ieon = #1[0])
01-17 09:25:40.112   627  3892 D DlbDapEndpointParamCache: doCommit() Committed 7 parameters out of 16.
01-17 09:25:40.112   627  3892 D DlbDapEndpointParamCache: commit() Overriding parameters for current device 0x00000002
01-17 09:25:40.112   627  3892 D DlbDap2Process: setParam(dom = #1[0])
01-17 09:25:40.112   627  3892 D DlbDap2Process: setParam(dvle = #1[0])
01-17 09:25:40.112   627  3892 D DlbDap2Process: setParam(dvme = #1[0])
01-17 09:25:40.112   627  3892 D DlbDap2Process: setParam(deon = #1[0])
01-17 09:25:40.112   627  3892 D DlbDap2Process: setParam(ngon = #1[0])
01-17 09:25:40.112   627  3892 D DlbDapEndpointParamCache: doCommit() Committed 5 parameters out of 37.
01-17 09:25:40.114   627  3892 D DlbDapCrossfadeProcess: setEnabled transitioning from FADE_TO_ACTIVE state to FADE_TO_BYPASS
01-17 09:25:40.116   627  3892 D DlbDapEndpointParamCache: commitChangedParams()
01-17 09:25:40.116   627  3892 D DlbDapEndpointParamCache: commit() Applying parameters for device 0x40000000
01-17 09:25:40.116   627  3892 D DlbDap2Process: setParam(iea = #1[10])
01-17 09:25:40.116   627  3892 D DlbDap2Process: setParam(vcbf = #20[47, 141, 234, 328, 469, 656, 844, 1031, 1313, 1688, 2250, 3000, 3750, 4688, 5813, 7125, 9000, 11250, 13875, 19688])
01-17 09:25:40.116   627  3892 D DlbDap2Process: setParam(vbon = #1[0])
01-17 09:25:40.116   627  3892 D DlbDap2Process: setParam(beon = #1[0])
01-17 09:25:40.116   627  3892 D DlbDap2Process: setParam(geon = #1[0])
01-17 09:25:40.116   627  3892 D DlbDap2Process: setParam(gebs = #41[20, 47, 141, 234, 328, 469, 656, 844, 1031, 1313, 1688, 2250, 3000, 3750, 4688, 5813, 7125, 9000, 11250, 13875, 19688, 0, 0, 0, 0, 0, 0, 0, 0, 0, 0, 0, 0, 0, 0, 0, 0, 0, 0, 0, 0])
01-17 09:25:40.116   627  3892 D DlbDap2Process: setParam(iebs = #41[20, 65, 136, 223, 332, 467, 634, 841, 1098, 1416, 1812, 2302, 2909, 3663, 4598, 5756, 7194, 8976, 11186, 13927, 17326, 117, 133, 188, 176, 141, 149, 175, 185, 185, 200, 236, 242, 228, 213, 182, 132, 110, 68, -27, -240])
01-17 09:25:40.116   627  3892 D DlbDapEndpointParamCache: doCommit() Committed 8 parameters out of 16.
01-17 09:25:40.116   627  3892 D DlbDapEndpointParamCache: commit() Overriding parameters for current device 0x00000002
01-17 09:25:40.116   627  3892 D DlbDap2Process: setParam(dea = #1[7])
01-17 09:25:40.116   627  3892 D DlbDap2Process: setParam(dsa = #1[10])
01-17 09:25:40.116   627  3892 D DlbDap2Process: setParam(beb = #1[192])
01-17 09:25:40.117   627  3892 D DlbDap2Process: setParam(plb = #1[0])
01-17 09:25:40.117   627  3892 D DlbDap2Process: setParam(vmb = #1[144])
01-17 09:25:40.117   627  3892 D DlbDap2Process: setParam(dsb = #1[0])
01-17 09:25:40.117   627  3892 D DlbDap2Process: setParam(ded = #1[0])
01-17 09:25:40.117   627  3892 D DlbDap2Process: setParam(vbm = #1[3])
01-17 09:25:40.117   627  3892 D DlbDap2Process: setParam(bew = #1[16])
01-17 09:25:40.117   627  3892 D DlbDap2Process: setParam(dvla = #1[4])
01-17 09:25:40.117   627  3892 D DlbDap2Process: setParam(arra = #1[96])
01-17 09:25:40.117   627  3892 D DlbDap2Process: setParam(dfsa = #1[10])
01-17 09:25:40.117   627  3892 D DlbDap2Process: setParam(dhsa = #1[10])
01-17 09:25:40.117   627  3892 D DlbDap2Process: setParam(dvmc = #1[0])
01-17 09:25:40.117   627  3892 D DlbDap2Process: setParam(arod = #1[0])
01-17 09:25:40.117   627  3892 D DlbDap2Process: setParam(arde = #1[1])
01-17 09:25:40.117   627  3892 D DlbDap2Process: setParam(becf = #1[200])
01-17 09:25:40.117   627  3892 D DlbDap2Process: setParam(vbmf = #2[94, 469])
01-17 09:25:40.117   627  3892 D DlbDap2Process: setParam(vbsf = #2[35, 160])
01-17 09:25:40.117   627  3892 D DlbDap2Process: setParam(vbhg = #3[-32, -144, -192])
01-17 09:25:40.117   627  3892 D DlbDap2Process: setParam(vbog = #1[0])
01-17 09:25:40.117   627  3892 D DlbDap2Process: setParam(vbsg = #1[0])
01-17 09:25:40.117   627  3892 D DlbDap2Process: setParam(dvli = #1[-320])
01-17 09:25:40.117   627  3892 D DlbDap2Process: setParam(dhfm = #1[2])
01-17 09:25:40.117   627  3892 D DlbDap2Process: setParam(vbon = #1[0])
01-17 09:25:40.117   627  3892 D DlbDap2Process: setParam(beon = #1[0])
01-17 09:25:40.117   627  3892 D DlbDap2Process: setParam(aoon = #1[1])
01-17 09:25:40.117   627  3892 D DlbDap2Process: setParam(aron = #1[1])
01-17 09:25:40.117   627  3892 D DlbDap2Process: setParam(dvlo = #1[-320])
01-17 09:25:40.117   627  3892 D DlbDap2Process: setParam(artp = #1[12])
01-17 09:25:40.118   627  3892 D DlbDap2Process: setParam(aobs = #222[20, 10, 47, 141, 234, 328, 469, 656, 844, 1031, 1313, 1688, 2250, 3000, 3750, 4688, 5813, 7125, 9000, 11250, 13875, 19688, 0, 0, 0, 0, 0, 0, 0, 0, 0, 0, 0, 0, 0, 0, 0, 0, 0, 0, 0, 0, 0, 0, 0, 0, 0, 0, 0, 0, 0, 0, 0, 0, 0, 0, 0, 0, 0, 0, 0, 0, 0, 0, 0, 0, 0, 0, 0, 0, 0, 0, 0, 0, 0, 0, 0, 0, 0, 0, 0, 0, 0, 0, 0, 0, 0, 0, 0, 0, 0, 0, 0, 0, 0, 0, 0, 0, 0, 0, 0, 0, 0, 0, 0, 0, 0, 0, 0, 0, 0, 0, 0, 0, 0, 0, 0, 0, 0, 0, 0, 0, 0, 0, 0, 0, 0, 0, 0, 0, 0, 0, 0, 0, 0, 0, 0, 0, 0, 0, 0, 0, 0, 0, 0, 0, 0, 0, 0, 0, 0, 0, 0, 0, 0, 0, 0, 0, 0, 0, 0, 0, 0, 0, 0, 0, 0, 0, 0, 0, 0, 0, 0, 0, 0, 0, 0, 0, 0, 0, 0, 0, 0, 0, 0, 0, 0, 0, 0, 0, 0, 0, 0, 0, 0, 0, 0, 0, 0, 0, 0, 0, 0, 0, 0, 0, 0, 0, 0, 0, 0, 0, 0, 0, 0, 0, 0, 0, 0, 0, 0, 0])
01-17 09:25:40.118   627  3892 D DlbDap2Process: setParam(arbs = #81[20, 47, 141, 234, 328, 469, 656, 844, 1031, 1313, 1688, 2250, 3000, 3750, 4688, 5813, 7125, 9000, 11250, 13875, 19688, -192, -192, -192, -192, -192, -192, -192, -192, -192, -192, -192, -192, -192, -192, -192, -192, -192, -192, -192, -192, 0, 0, 0, 0, 0, 0, 0, 0, 0, 0, 0, 0, 0, 0, 0, 0, 0, 0, 0, 0, 0, 0, 0, 0, 0, 0, 0, 0, 0, 0, 0, 0, 0, 0, 0, 0, 0, 0, 0, 0])
01-17 09:25:40.118   627  3892 D DlbDapEndpointParamCache: doCommit() Committed 32 parameters out of 37.
01-17 09:25:40.118   627  3892 D DlbDap2Process: setMave(mave = 0)
01-17 09:25:40.127 32021 32021 D featureTest: receive broadcast , playing content location :/sdcard/featureTest/7ch_ddp_25fps_diff_music_01.mp4
01-17 09:25:40.129   710  1419 D NuPlayerDriver: stop(0xe6bcb310)
01-17 09:25:40.129   710  1419 D NuPlayerDriver: notifyListener_l(0xe6bcb310), (8, 0, 0, -1), loop setting(0, 1)
01-17 09:25:40.131   710  1419 D NuPlayerDriver: reset(0xe6bcb310) at state 8
01-17 09:25:40.141   717  5783 I DDP_JOCDecoder: -> ~DDPDecoder
01-17 09:25:40.141   717  5783 I DDP_JOCDecoder: -> stop
01-17 09:25:40.141   645   645 I DMSService: unregisterClient type = 4, uid = e7f0fc00
01-17 09:25:40.171   717  5783 I DDP_JOCDecoder: <- stop
01-17 09:25:40.171   717  5783 I ARenderer: ~ARenderer
01-17 09:25:40.171   717  5783 I evo_parser: evo_parser_close
01-17 09:25:40.171   717  5783 I DlbDap2QmfProcess: ~Dap2Process()
01-17 09:25:40.171   717  5783 I DlbDap2QmfProcess: close()
01-17 09:25:40.172   717  5783 I DDP_JOCDecoder: <- ~DDPDecoder
01-17 09:25:40.179   710 32046 D NuPlayerDriver: notifyResetComplete(0xe6bcb310)
01-17 09:25:40.180   710  1419 D NuPlayerDriver: reset(0xe6bcb310) at state 0
01-17 09:25:40.186 32021 32021 D featureTest: mMediaPlayer.getAudioSessionId(): 5945
01-17 09:25:40.186 32021 32021 D featureTest: Playing file: /sdcard/featureTest/7ch_ddp_25fps_diff_music_01.mp4
01-17 09:25:40.187   710  1422 D NuPlayerDriver: NuPlayerDriver(0xe6bcb150) created, clientPid(32021)
01-17 09:25:40.196   627  3892 I DlbEffectContext: setContentProcEnabled() Enabling content processing in global effect
01-17 09:25:40.197   627  3892 D DlbDapEndpointParamCache: commitChangedParams()
01-17 09:25:40.197   627  3892 D DlbDapEndpointParamCache: commit() Applying parameters for device 0x40000000
01-17 09:25:40.197   627  3892 D DlbDap2Process: setParam(iea = #1[10])
01-17 09:25:40.197   627  3892 D DlbDap2Process: setParam(msce = #1[0])
01-17 09:25:40.197   627  3892 D DlbDap2Process: setParam(mdee = #1[0])
01-17 09:25:40.197   627  3892 D DlbDap2Process: setParam(miee = #1[0])
01-17 09:25:40.197   627  3892 D DlbDap2Process: setParam(mdle = #1[0])
01-17 09:25:40.197   627  3892 D DlbDap2Process: setParam(dvle = #1[1])
01-17 09:25:40.197   627  3892 D DlbDap2Process: setParam(mave = #1[0])
01-17 09:25:40.197   627  3892 D DlbDap2Process: setParam(vcbf = #20[47, 141, 234, 328, 469, 656, 844, 1031, 1313, 1688, 2250, 3000, 3750, 4688, 5813, 7125, 9000, 11250, 13875, 19688])
01-17 09:25:40.197   627  3892 D DlbDap2Process: setParam(vbon = #1[0])
01-17 09:25:40.197   627  3892 D DlbDap2Process: setParam(beon = #1[0])
01-17 09:25:40.197   627  3892 D DlbDap2Process: setParam(geon = #1[0])
01-17 09:25:40.197   627  3892 D DlbDap2Process: setParam(ieon = #1[1])
01-17 09:25:40.197   627  3892 D DlbDap2Process: setParam(gebs = #41[20, 47, 141, 234, 328, 469, 656, 844, 1031, 1313, 1688, 2250, 3000, 3750, 4688, 5813, 7125, 9000, 11250, 13875, 19688, 0, 0, 0, 0, 0, 0, 0, 0, 0, 0, 0, 0, 0, 0, 0, 0, 0, 0, 0, 0])
01-17 09:25:40.197   627  3892 D DlbDap2Process: setParam(iebs = #41[20, 65, 136, 223, 332, 467, 634, 841, 1098, 1416, 1812, 2302, 2909, 3663, 4598, 5756, 7194, 8976, 11186, 13927, 17326, 117, 133, 188, 176, 141, 149, 175, 185, 185, 200, 236, 242, 228, 213, 182, 132, 110, 68, -27, -240])
01-17 09:25:40.197   627  3892 D DlbDapEndpointParamCache: doCommit() Committed 15 parameters out of 16.
01-17 09:25:40.197   627  3892 D DlbDapEndpointParamCache: commit() Overriding parameters for current device 0x00000002
01-17 09:25:40.197   627  3892 D DlbDap2Process: setParam(dea = #1[7])
01-17 09:25:40.197   627  3892 D DlbDap2Process: setParam(dsa = #1[10])
01-17 09:25:40.197   627  3892 D DlbDap2Process: setParam(beb = #1[192])
01-17 09:25:40.197   627  3892 D DlbDap2Process: setParam(plb = #1[0])
01-17 09:25:40.197   627  3892 D DlbDap2Process: setParam(vmb = #1[144])
01-17 09:25:40.197   627  3892 D DlbDap2Process: setParam(dsb = #1[0])
01-17 09:25:40.197   627  3892 D DlbDap2Process: setParam(ded = #1[0])
01-17 09:25:40.197   627  3892 D DlbDap2Process: setParam(vbm = #1[3])
01-17 09:25:40.197   627  3892 D DlbDap2Process: setParam(dom = #1[0])
01-17 09:25:40.197   627  3892 D DlbDap2Process: setParam(bew = #1[16])
01-17 09:25:40.197   627  3892 D DlbDap2Process: setParam(dvla = #1[4])
01-17 09:25:40.197   627  3892 D DlbDap2Process: setParam(arra = #1[96])
01-17 09:25:40.198   627  3892 D DlbDap2Process: setParam(dfsa = #1[10])
01-17 09:25:40.198   627  3892 D DlbDap2Process: setParam(dhsa = #1[10])
01-17 09:25:40.198   627  3892 D DlbDap2Process: setParam(dvmc = #1[0])
01-17 09:25:40.198   627  3892 D DlbDap2Process: setParam(arod = #1[0])
01-17 09:25:40.198   627  3892 D DlbDap2Process: setParam(arde = #1[1])
01-17 09:25:40.198   627  3892 D DlbDap2Process: setParam(dvle = #1[1])
01-17 09:25:40.198   627  3892 D DlbDap2Process: setParam(dvme = #1[0])
01-17 09:25:40.198   627  3892 D DlbDap2Process: setParam(becf = #1[200])
01-17 09:25:40.198   627  3892 D DlbDap2Process: setParam(vbmf = #2[94, 469])
01-17 09:25:40.198   627  3892 D DlbDap2Process: setParam(vbsf = #2[35, 160])
01-17 09:25:40.198   627  3892 D DlbDap2Process: setParam(vbhg = #3[-32, -144, -192])
01-17 09:25:40.198   627  3892 D DlbDap2Process: setParam(vbog = #1[0])
01-17 09:25:40.198   627  3892 D DlbDap2Process: setParam(vbsg = #1[0])
01-17 09:25:40.198   627  3892 D DlbDap2Process: setParam(dvli = #1[-320])
01-17 09:25:40.198   627  3892 D DlbDap2Process: setParam(dhfm = #1[2])
01-17 09:25:40.198   627  3892 D DlbDap2Process: setParam(vbon = #1[0])
01-17 09:25:40.198   627  3892 D DlbDap2Process: setParam(beon = #1[0])
01-17 09:25:40.199   627  3892 D DlbDap2Process: setParam(deon = #1[0])
01-17 09:25:40.199   627  3892 D DlbDap2Process: setParam(ngon = #1[1])
01-17 09:25:40.199   627  3892 D DlbDap2Process: setParam(aoon = #1[1])
01-17 09:25:40.199   627  3892 D DlbDap2Process: setParam(aron = #1[1])
01-17 09:25:40.199   627  3892 D DlbDap2Process: setParam(dvlo = #1[-320])
01-17 09:25:40.199   627  3892 D DlbDap2Process: setParam(artp = #1[12])
01-17 09:25:40.199   627  3892 D DlbDap2Process: setParam(aobs = #222[20, 10, 47, 141, 234, 328, 469, 656, 844, 1031, 1313, 1688, 2250, 3000, 3750, 4688, 5813, 7125, 9000, 11250, 13875, 19688, 0, 0, 0, 0, 0, 0, 0, 0, 0, 0, 0, 0, 0, 0, 0, 0, 0, 0, 0, 0, 0, 0, 0, 0, 0, 0, 0, 0, 0, 0, 0, 0, 0, 0, 0, 0, 0, 0, 0, 0, 0, 0, 0, 0, 0, 0, 0, 0, 0, 0, 0, 0, 0, 0, 0, 0, 0, 0, 0, 0, 0, 0, 0, 0, 0, 0, 0, 0, 0, 0, 0, 0, 0, 0, 0, 0, 0, 0, 0, 0, 0, 0, 0, 0, 0, 0, 0, 0, 0, 0, 0, 0, 0, 0, 0, 0, 0, 0, 0, 0, 0, 0, 0, 0, 0, 0, 0, 0, 0, 0, 0, 0, 0, 0, 0, 0, 0, 0, 0, 0, 0, 0, 0, 0, 0, 0, 0, 0, 0, 0, 0, 0, 0, 0, 0, 0, 0, 0, 0, 0, 0, 0, 0, 0, 0, 0, 0, 0, 0, 0, 0, 0, 0, 0, 0, 0, 0, 0, 0, 0, 0, 0, 0, 0, 0, 0, 0, 0, 0, 0, 0, 0, 0, 0, 0, 0, 0, 0, 0, 0, 0, 0, 0, 0, 0, 0, 0, 0, 0, 0, 0, 0, 0, 0, 0, 0, 0, 0, 0, 0])
01-17 09:25:40.199   627  3892 D DlbDap2Process: setParam(arbs = #81[20, 47, 141, 234, 328, 469, 656, 844, 1031, 1313, 1688, 2250, 3000, 3750, 4688, 5813, 7125, 9000, 11250, 13875, 19688, -192, -192, -192, -192, -192, -192, -192, -192, -192, -192, -192, -192, -192, -192, -192, -192, -192, -192, -192, -192, 0, 0, 0, 0, 0, 0, 0, 0, 0, 0, 0, 0, 0, 0, 0, 0, 0, 0, 0, 0, 0, 0, 0, 0, 0, 0, 0, 0, 0, 0, 0, 0, 0, 0, 0, 0, 0, 0, 0, 0])
01-17 09:25:40.199   627  3892 D DlbDapEndpointParamCache: doCommit() Committed 37 parameters out of 37.
01-17 09:25:40.200   627  3892 D DlbDap2Process: setMave(mave = 0)
01-17 09:25:40.201   627  3892 D DlbDapCrossfadeProcess: process transitioning from FADE_TO_BYPASS state to DAP_BYPASSED
01-17 09:25:40.205   710 32071 D NuPlayerDriver: notifyListener_l(0xe6bcb150), (1, 0, 0, -1), loop setting(0, 0)
01-17 09:25:40.209   710  1422 D NuPlayerDriver: start(0xe6bcb150), state is 4, eos is 0
01-17 09:25:40.215 32021 32021 D featureTest: receive broadcast , change ds status :1
01-17 09:25:40.224   717  5783 I OMXMaster: makeComponentInstance(OMX.dolby.eac3.decoder) in omx@1.0-service process
01-17 09:25:40.230   627  6441 D DlbDlbEffect: handle_EFFECT_CMD_SET_PARAM()
01-17 09:25:40.255   684  1061 D AudioFlinger: trackStateChanged() Track id 791 state changed to 2
01-17 09:25:40.255   684  1061 I AudioFlinger: updateProcessedAudioState() Changing content processing in effect to 0
01-17 09:25:40.255   627  6441 D DlbDlbEffect: handle_EFFECT_CMD_SET_PARAM()
01-17 09:25:40.267   717  5783 I DDP_JOCDecoder: -> init name OMX.dolby.eac3.decoder
01-17 09:25:40.269   645   645 I DMSService: registerClient type = 0, uid = e7f0fbe0
01-17 09:25:40.269   717  5783 I DDP_JOCDecoder: <- init
01-17 09:25:40.269   717  5783 D DDP_JOCDecoder: initPorts
01-17 09:25:40.270   710 32076 I ACodec  : codec does not support config priority (err -2147483648)
01-17 09:25:40.271   710 32076 I MediaCodec: MediaCodec will operate in async mode
01-17 09:25:40.271   710 32076 I ACodec  : setDolbyParameterOnProcessedAudio() Received dolby_processed_audio=1
01-17 09:25:40.271   710 32075 I NuPlayerDecoder: setDolbyMessage() Notifying player that Codec supports dolby_processed_audio flag
01-17 09:25:40.271   710 32071 I NuPlayer: onDolbyMessageReceived() Setting dolby_processed_audio flag on audio sink
01-17 09:25:40.272   645   645 I DMSService: unregisterClient type = 0, uid = e7f0fbe0
01-17 09:25:40.276   684  1061 D AudioFlinger: trackDestroyed() Track id 791 no longer contains processed audio
01-17 09:25:40.277   684   928 W AudioFlinger::EffectModule: EffectModule 0xee09e680 destructor called with unreleased interface
01-17 09:25:40.277   684   928 W AudioFlinger::EffectHandle: disconnect Effect handle 0xee0a6300 disconnected after thread destruction
01-17 09:25:40.280 32021 32021 D featureTest: receive broadcast , change ds profile id :5
01-17 09:25:40.300   627  3892 D DlbDapCrossfadeProcess: setEnabled transitioning from DAP_BYPASSED state to PREROLL_ACTIVE
01-17 09:25:40.301   645   645 I DMSService: registerClient type = 4, uid = e7f0fbc0
01-17 09:25:40.301   717 21044 D DDP_JOCDecoder: internalSetParameter() Instantiating ARenderer for content processing in decoder
01-17 09:25:40.301   627  6441 D DlbDlbEffect: handle_EFFECT_CMD_SET_PARAM()
01-17 09:25:40.302   717 21044 I DlbDap2QmfProcess: Dap2Process()
01-17 09:25:40.302   717 21044 I ARenderer: ARenderer
01-17 09:25:40.302   717 21044 I evo_parser: evo_parser_init
01-17 09:25:40.302   717 21044 I DlbDap2QmfProcess: init()
01-17 09:25:40.302   717 21044 I DlbDap2QmfProcess: open()
01-17 09:25:40.302   645   713 I DapController: Profile Changed to Custom
01-17 09:25:40.302   717 21044 I DlbDap2QmfProcess: loadLicense() no license check!
01-17 09:25:40.302   627   924 D DlbDlbEffect: handle_EFFECT_CMD_DISABLE()
01-17 09:25:40.302   627   924 D DlbDapCrossfadeProcess: setEnabled transitioning from PREROLL_ACTIVE state to DAP_BYPASSED
01-17 09:25:40.302   717 21044 I DlbDap2QmfProcess: validateLicense() no license check!
01-17 09:25:40.302   717 21044 I DlbDap2QmfProcess: init() DAP opened
01-17 09:25:40.302   717 21044 I DlbDap2QmfProcess: DAP library version: 2.5.1-P2.0
01-17 09:25:40.302   717 21044 D DlbDap2QmfProcess: DAP output mode set to 1 with 2 output channels and null mix matrix.
01-17 09:25:40.303   710 32076 I ACodec  : setDolbyParameterOnProcessedAudio() Content processing enabled in decoder
01-17 09:25:40.304   627   924 D DlbDlbEffect: handle_EFFECT_CMD_SET_CONFIG()
01-17 09:25:40.305   627  6441 D DlbDapEndpointParamCache: setDevice(device=0x00000002)
01-17 09:25:40.305   645   645 D DMSService: setActiveDevice called with device = 0x2
01-17 09:25:40.306   627  6441 D DlbDlbEffect: handle_EFFECT_CMD_ENABLE()
01-17 09:25:40.306   627  6441 D DlbDapCrossfadeProcess: setEnabled transitioning from DAP_BYPASSED state to PREROLL_ACTIVE
01-17 09:25:40.312   717 32080 I DDP_JOCDecoder: -> start
01-17 09:25:40.313   717 32080 D DDP_JOCDecoder: Setting Max Output Channels to 2
01-17 09:25:40.313   717 32080 D DDP_JOCDecoder: setMultiChannelPCMOutDownmix mConfig->jocForceDownmixMode 1
01-17 09:25:40.313   717 32080 I udc_user: 
01-17 09:25:40.313   717 32080 I udc_user: *** DDPlus Unified Decoder Simulation  Version 1.7.3 ***
01-17 09:25:40.313   717 32080 I udc_user: 
01-17 09:25:40.313   717 32080 I udc_user: 7.1-channel decoder-converter, 
01-17 09:25:40.313   717 32080 I udc_user: 
01-17 09:25:40.313   717 32080 I udc_user: 5.1-channel dual-decoder-converter, 
01-17 09:25:40.313   717 32080 I udc_user: Karaoke unsupported, 
01-17 09:25:40.313   717 32080 I udc_user: TPNP supported. 
01-17 09:25:40.313   717 32080 I udc_user: 
01-17 09:25:40.313   717 32080 I udc_user: Unpublished work.  Copyright 2003-2014 Dolby Laboratories, Inc. and
01-17 09:25:40.313   717 32080 I udc_user: Dolby Laboratories Licensing Corporation.  All Rights Reserved.
01-17 09:25:40.313   717 32080 I udc_user: 
01-17 09:25:40.313   717 32080 I udc_user: USE OF THIS SOFTWARE IS SUBJECT TO A LEGAL AGREEMENT BETWEEN YOU AND DOLBY
01-17 09:25:40.313   717 32080 I udc_user: LABORATORIES. DO NOT USE THIS SOFTWARE UNLESS YOU AGREE TO THE TERMS AND 
01-17 09:25:40.313   717 32080 I udc_user: CONDITIONS IN THE AGREEMENT.  BY USING THIS SOFTWARE, YOU ACKNOWLEDGE THAT 
01-17 09:25:40.313   717 32080 I udc_user: YOU HAVE READ THE AGREEMENT AND THAT YOU AGREE TO BE BOUND BY ITS TERMS. 
01-17 09:25:40.313   717 32080 I udc_user: 
01-17 09:25:40.314   717 32080 I ddpdec_client_joc: ddpdec_open JOCD_MODE Buffer assignment
01-17 09:25:40.314   717 32080 D DDP_JOCDecoder: mStarted = 1
01-17 09:25:40.314   717 32080 I DDP_JOCDecoder: <- start
01-17 09:25:40.314   717 32080 D ddpdec_client_joc: ddpdec_client.c|int configDecoder()
01-17 09:25:40.316   717 32080 D DDP_JOCDecoder: Setting Max Output Channels to 2
01-17 09:25:40.317   717 32080 I DlbDap2QmfProcess: close()
01-17 09:25:40.317   717 32080 I DlbDap2QmfProcess: init()
01-17 09:25:40.317   717 32080 I DlbDap2QmfProcess: open()
01-17 09:25:40.317   717 32080 I DlbDap2QmfProcess: loadLicense() no license check!
01-17 09:25:40.317   717 32080 I DlbDap2QmfProcess: validateLicense() no license check!
01-17 09:25:40.317   717 32080 I DlbDap2QmfProcess: init() DAP opened
01-17 09:25:40.317   717 32080 I DlbDap2QmfProcess: DAP library version: 2.5.1-P2.0
01-17 09:25:40.318   717 32080 D DlbDap2QmfProcess: DAP output mode set to 1 with 2 output channels and null mix matrix.
01-17 09:25:40.318   717 32080 D ARenderer: checkAndUpdateConfig: DAP reinitialized because of sample rate change
01-17 09:25:40.318   717 32080 D ARenderer: updateDapConfig: Updating DAP configuration
01-17 09:25:40.318   717 32080 D DlbDap2QmfProcess: setParam(iea = #1[10])
01-17 09:25:40.318   717 32080 D DlbDap2QmfProcess: setParam(msce = #1[0])
01-17 09:25:40.318   717 32080 D DlbDap2QmfProcess: setParam(mdee = #1[0])
01-17 09:25:40.318   717 32080 D DlbDap2QmfProcess: setParam(miee = #1[0])
01-17 09:25:40.318   717 32080 D DlbDap2QmfProcess: setParam(mdle = #1[0])
01-17 09:25:40.318   717 32080 D DlbDap2QmfProcess: setParam(dvle = #1[1])
01-17 09:25:40.318   717 32080 D DlbDap2QmfProcess: setParam(mave = #1[0])
01-17 09:25:40.318   717 32080 D DlbDap2QmfProcess: setParam(vcbf = #20[47, 141, 234, 328, 469, 656, 844, 1031, 1313, 1688, 2250, 3000, 3750, 4688, 5813, 7125, 9000, 11250, 13875, 19688])
01-17 09:25:40.318   717 32080 D DlbDap2QmfProcess: setParam(ieon = #1[0])
01-17 09:25:40.318   717 32080 D DlbDap2QmfProcess: setParam(gebs = #41[20, 47, 141, 234, 328, 469, 656, 844, 1031, 1313, 1688, 2250, 3000, 3750, 4688, 5813, 7125, 9000, 11250, 13875, 19688, 0, 0, 0, 0, 0, 0, 0, 0, 0, 0, 0, 0, 0, 0, 0, 0, 0, 0, 0, 0])
01-17 09:25:40.318   717 32080 D DlbDap2QmfProcess: setParam(iebs = #41[20, 65, 136, 223, 332, 467, 634, 841, 1098, 1416, 1812, 2302, 2909, 3663, 4598, 5756, 7194, 8976, 11186, 13927, 17326, 117, 133, 188, 176, 141, 149, 175, 185, 185, 200, 236, 242, 228, 213, 182, 132, 110, 68, -27, -240])
01-17 09:25:40.318   717 32080 D DlbDap2QmfProcess: setParam(dea = #1[7])
01-17 09:25:40.318   717 32080 D DlbDap2QmfProcess: setParam(dsa = #1[10])
01-17 09:25:40.318   717 32080 D DlbDap2QmfProcess: setParam(beb = #1[192])
01-17 09:25:40.318   717 32080 D DlbDap2QmfProcess: setParam(plb = #1[0])
01-17 09:25:40.318   717 32080 D DlbDap2QmfProcess: setParam(vmb = #1[144])
01-17 09:25:40.318   717 32080 D DlbDap2QmfProcess: setParam(dsb = #1[48])
01-17 09:25:40.318   717 32080 D DlbDap2QmfProcess: setParam(ded = #1[0])
01-17 09:25:40.318   717 32080 D DlbDap2QmfProcess: setParam(dom = #1[0])
01-17 09:25:40.318   717 32080 D DlbDap2QmfProcess: setParam(bew = #1[16])
01-17 09:25:40.318   717 32080 D DlbDap2QmfProcess: setParam(dvla = #1[5])
01-17 09:25:40.318   717 32080 D DlbDap2QmfProcess: setParam(dfsa = #1[10])
01-17 09:25:40.318   717 32080 D DlbDap2QmfProcess: setParam(dhsa = #1[10])
01-17 09:25:40.318   717 32080 D DlbDap2QmfProcess: setParam(dvmc = #1[0])
01-17 09:25:40.318   717 32080 D DlbDap2QmfProcess: setParam(dvle = #1[1])
01-17 09:25:40.318   717 32080 D DlbDap2QmfProcess: setParam(dvme = #1[0])
01-17 09:25:40.318   717 32080 D DlbDap2QmfProcess: setParam(becf = #1[200])
01-17 09:25:40.318   717 32080 D DlbDap2QmfProcess: setParam(vbmf = #2[94, 469])
01-17 09:25:40.319   717 32080 D DlbDap2QmfProcess: setParam(vbsf = #2[35, 160])
01-17 09:25:40.319   717 32080 D DlbDap2QmfProcess: setParam(vbhg = #3[-32, -144, -192])
01-17 09:25:40.319   717 32080 D DlbDap2QmfProcess: setParam(vbog = #1[0])
01-17 09:25:40.319   717 32080 D DlbDap2QmfProcess: setParam(vbsg = #1[0])
01-17 09:25:40.319   717 32080 D DlbDap2QmfProcess: setParam(dvli = #1[-320])
01-17 09:25:40.319   717 32080 D DlbDap2QmfProcess: setParam(dhfm = #1[2])
01-17 09:25:40.319   717 32080 D DlbDap2QmfProcess: setParam(deon = #1[0])
01-17 09:25:40.319   717 32080 D DlbDap2QmfProcess: setParam(ngon = #1[1])
01-17 09:25:40.319   717 32080 D DlbDap2QmfProcess: setParam(dvlo = #1[-320])
01-17 09:25:40.319   717 32080 D DlbDap2QmfProcess: setParam(aobs = #222[20, 10, 47, 141, 234, 328, 469, 656, 844, 1031, 1313, 1688, 2250, 3000, 3750, 4688, 5813, 7125, 9000, 11250, 13875, 19688, 0, 0, 0, 0, 0, 0, 0, 0, 0, 0, 0, 0, 0, 0, 0, 0, 0, 0, 0, 0, 0, 0, 0, 0, 0, 0, 0, 0, 0, 0, 0, 0, 0, 0, 0, 0, 0, 0, 0, 0, 0, 0, 0, 0, 0, 0, 0, 0, 0, 0, 0, 0, 0, 0, 0, 0, 0, 0, 0, 0, 0, 0, 0, 0, 0, 0, 0, 0, 0, 0, 0, 0, 0, 0, 0, 0, 0, 0, 0, 0, 0, 0, 0, 0, 0, 0, 0, 0, 0, 0, 0, 0, 0, 0, 0, 0, 0, 0, 0, 0, 0, 0, 0, 0, 0, 0, 0, 0, 0, 0, 0, 0, 0, 0, 0, 0, 0, 0, 0, 0, 0, 0, 0, 0, 0, 0, 0, 0, 0, 0, 0, 0, 0, 0, 0, 0, 0, 0, 0, 0, 0, 0, 0, 0, 0, 0, 0, 0, 0, 0, 0, 0, 0, 0, 0, 0, 0, 0, 0, 0, 0, 0, 0, 0, 0, 0, 0, 0, 0, 0, 0, 0, 0, 0, 0, 0, 0, 0, 0, 0, 0, 0, 0, 0, 0, 0, 0, 0, 0, 0, 0, 0, 0, 0, 0, 0, 0, 0, 0, 0])
01-17 09:25:40.319   717 32080 D DlbDap2QmfProcess: setParam(dvle = #1[1])
01-17 09:25:40.319   717 32080 D DlbDap2QmfProcess: setParam(dvli = #1[-496])
01-17 09:25:40.319   717 32080 D DlbDap2QmfProcess: setParam(dvlo = #1[-176])
01-17 09:25:40.319   717 32080 D ARenderer: updateDapVolumeLeveler: Setting output level to -11.00dB
01-17 09:25:40.319   717 32080 D DlbDap2QmfProcess: setParam(vmb = #1[0])
01-17 09:25:40.319   717 32080 D DlbDap2QmfProcess: setParam(preg = #1[-384])
01-17 09:25:40.319   717 32080 D DlbDap2QmfProcess: setParam(vol = #1[384])
01-17 09:25:40.319   717 32080 D DlbDap2QmfProcess: processQmf() called [0] times
01-17 09:25:40.319   717 32080 D DlbDap2QmfProcess: setMave(mave = 0)
01-17 09:25:40.329   710 32074 D AudioTrack: Client defaulted notificationFrames to 12000 for frameCount 24000
01-17 09:25:40.330   684  3653 I AudioFlinger: attachAuxEffect(): Marking track 792 as containing processed audio
01-17 09:25:40.330   684  3653 D AudioFlinger: trackContainsProcessedAudio() Track id 792 contains processed audio
01-17 09:25:40.335   627   924 D DlbDlbEffect: handle_EFFECT_CMD_DISABLE()
01-17 09:25:40.335   627   924 D DlbDapCrossfadeProcess: setEnabled transitioning from PREROLL_ACTIVE state to DAP_BYPASSED
01-17 09:25:40.336   627   924 D DlbDlbEffect: handle_EFFECT_CMD_SET_CONFIG()
01-17 09:25:40.336   627  3512 D DlbDapEndpointParamCache: setDevice(device=0x00000002)
01-17 09:25:40.336   645   645 D DMSService: setActiveDevice called with device = 0x2
01-17 09:25:40.337   627   924 D DlbDlbEffect: handle_EFFECT_CMD_ENABLE()
01-17 09:25:40.337   627   924 D DlbDapCrossfadeProcess: setEnabled transitioning from DAP_BYPASSED state to PREROLL_ACTIVE
01-17 09:25:40.337   684  3653 W AudioFlinger: moveDolbyEffect() effect chain for session 0 not on source thread 0xee0ae580
01-17 09:25:40.337   684  3653 D AudioFlinger: trackStateChanged() Track id 792 state changed to 6
01-17 09:25:40.337   684  3653 I AudioFlinger: updateProcessedAudioState() Changing content processing in effect to 1
01-17 09:25:40.337   627  6441 D DlbDlbEffect: handle_EFFECT_CMD_SET_PARAM()
01-17 09:25:40.337   710 32071 D NuPlayerDriver: notifyListener_l(0xe6bcb150), (6, 0, 0, -1), loop setting(0, 1)
01-17 09:25:40.340   627  3892 I DlbEffectContext: setContentProcEnabled() Disabling content processing in effect
01-17 09:25:40.340   627  3892 D DlbDapEndpointParamCache: commitChangedParams()
01-17 09:25:40.340   627  3892 D DlbDapEndpointParamCache: commit() Applying parameters for device 0x40000000
01-17 09:25:40.340   627  3892 D DlbDap2Process: setParam(msce = #1[0])
01-17 09:25:40.340   627  3892 D DlbDap2Process: setParam(mdee = #1[0])
01-17 09:25:40.340   627  3892 D DlbDap2Process: setParam(miee = #1[0])
01-17 09:25:40.340   627  3892 D DlbDap2Process: setParam(mdle = #1[0])
01-17 09:25:40.340   627  3892 D DlbDap2Process: setParam(dvle = #1[0])
01-17 09:25:40.340   627  3892 D DlbDap2Process: setParam(mave = #1[0])
01-17 09:25:40.340   627  3892 D DlbDap2Process: setParam(ieon = #1[0])
01-17 09:25:40.340   627  3892 D DlbDapEndpointParamCache: doCommit() Committed 7 parameters out of 16.
01-17 09:25:40.340   627  3892 D DlbDapEndpointParamCache: commit() Overriding parameters for current device 0x00000002
01-17 09:25:40.340   627  3892 D DlbDap2Process: setParam(dom = #1[0])
01-17 09:25:40.340   627  3892 D DlbDap2Process: setParam(dvle = #1[0])
01-17 09:25:40.340   627  3892 D DlbDap2Process: setParam(dvme = #1[0])
01-17 09:25:40.341   627  3892 D DlbDap2Process: setParam(deon = #1[0])
01-17 09:25:40.341   627  3892 D DlbDap2Process: setParam(ngon = #1[0])
01-17 09:25:40.341   627  3892 D DlbDapEndpointParamCache: doCommit() Committed 5 parameters out of 37.
01-17 09:25:40.342   627  3892 D DlbDapEndpointParamCache: commitChangedParams()
01-17 09:25:40.342   627  3892 D DlbDapEndpointParamCache: commit() Applying parameters for device 0x40000000
01-17 09:25:40.342   627  3892 D DlbDap2Process: setParam(iea = #1[10])
01-17 09:25:40.342   627  3892 D DlbDap2Process: setParam(vcbf = #20[47, 141, 234, 328, 469, 656, 844, 1031, 1313, 1688, 2250, 3000, 3750, 4688, 5813, 7125, 9000, 11250, 13875, 19688])
01-17 09:25:40.342   627  3892 D DlbDap2Process: setParam(vbon = #1[0])
01-17 09:25:40.342   627  3892 D DlbDap2Process: setParam(beon = #1[0])
01-17 09:25:40.342   627  3892 D DlbDap2Process: setParam(geon = #1[0])
01-17 09:25:40.342   627  3892 D DlbDap2Process: setParam(gebs = #41[20, 47, 141, 234, 328, 469, 656, 844, 1031, 1313, 1688, 2250, 3000, 3750, 4688, 5813, 7125, 9000, 11250, 13875, 19688, 0, 0, 0, 0, 0, 0, 0, 0, 0, 0, 0, 0, 0, 0, 0, 0, 0, 0, 0, 0])
01-17 09:25:40.342   627  3892 D DlbDap2Process: setParam(iebs = #41[20, 65, 136, 223, 332, 467, 634, 841, 1098, 1416, 1812, 2302, 2909, 3663, 4598, 5756, 7194, 8976, 11186, 13927, 17326, 117, 133, 188, 176, 141, 149, 175, 185, 185, 200, 236, 242, 228, 213, 182, 132, 110, 68, -27, -240])
01-17 09:25:40.342   627  3892 D DlbDapEndpointParamCache: doCommit() Committed 8 parameters out of 16.
01-17 09:25:40.343   627  3892 D DlbDapEndpointParamCache: commit() Overriding parameters for current device 0x00000002
01-17 09:25:40.343   627  3892 D DlbDap2Process: setParam(dea = #1[7])
01-17 09:25:40.343   627  3892 D DlbDap2Process: setParam(dsa = #1[10])
01-17 09:25:40.343   627  3892 D DlbDap2Process: setParam(beb = #1[192])
01-17 09:25:40.343   627  3892 D DlbDap2Process: setParam(plb = #1[0])
01-17 09:25:40.343   627  3892 D DlbDap2Process: setParam(vmb = #1[144])
01-17 09:25:40.343   627  3892 D DlbDap2Process: setParam(dsb = #1[48])
01-17 09:25:40.343   627  3892 D DlbDap2Process: setParam(ded = #1[0])
01-17 09:25:40.343   627  3892 D DlbDap2Process: setParam(vbm = #1[3])
01-17 09:25:40.343   627  3892 D DlbDap2Process: setParam(bew = #1[16])
01-17 09:25:40.343   627  3892 D DlbDap2Process: setParam(dvla = #1[5])
01-17 09:25:40.343   627  3892 D DlbDap2Process: setParam(arra = #1[96])
01-17 09:25:40.343   627  3892 D DlbDap2Process: setParam(dfsa = #1[10])
01-17 09:25:40.343   627  3892 D DlbDap2Process: setParam(dhsa = #1[10])
01-17 09:25:40.343   627  3892 D DlbDap2Process: setParam(dvmc = #1[0])
01-17 09:25:40.343   627  3892 D DlbDap2Process: setParam(arod = #1[0])
01-17 09:25:40.343   627  3892 D DlbDap2Process: setParam(arde = #1[1])
01-17 09:25:40.343   627  3892 D DlbDap2Process: setParam(becf = #1[200])
01-17 09:25:40.343   627  3892 D DlbDap2Process: setParam(vbmf = #2[94, 469])
01-17 09:25:40.343   627  3892 D DlbDap2Process: setParam(vbsf = #2[35, 160])
01-17 09:25:40.343   627  3892 D DlbDap2Process: setParam(vbhg = #3[-32, -144, -192])
01-17 09:25:40.343   627  3892 D DlbDap2Process: setParam(vbog = #1[0])
