--------- beginning of system
01-17 09:24:37.304   945  2092 I ActivityManager: Force stopping com.dolby.qa.featuretest appid=10073 user=0: from pid 31445
01-17 09:24:37.305   945  2092 I ActivityManager: Killing 31358:com.dolby.qa.featuretest/u0a73 (adj 0): stop com.dolby.qa.featuretest
01-17 09:24:37.307   945  2092 W ActivityManager: Force removing ActivityRecord{fa02a24 u0 com.dolby.qa.featuretest/.MainActivity t272}: app died, no saved state
01-17 09:24:37.315   945  2092 I WindowManager: Failed to capture screenshot of Token{fe1198d ActivityRecord{fa02a24 u0 com.dolby.qa.featuretest/.MainActivity t272 f}} appWin=Window{57fb8d8 u0 com.dolby.qa.featuretest/com.dolby.qa.featuretest.MainActivity} drawState=4
--------- beginning of main
01-17 09:24:37.327   710   900 D NuPlayerDriver: reset(0xe6bcbe00) at state 5
01-17 09:24:37.327   710   900 D NuPlayerDriver: notifyListener_l(0xe6bcbe00), (8, 0, 0, -1), loop setting(0, 1)
01-17 09:24:37.331   945  6310 I WindowManager: WIN DEATH: Window{d0b135a u0 Toast}
01-17 09:24:37.341   710 31405 D NuPlayerDriver: notifyResetComplete(0xe6bcbe00)
01-17 09:24:37.342   710   900 D AudioTrack: stop() called with 0 frames delivered
01-17 09:24:37.370  1499  1499 D CarrierSvcBindHelper: No carrier app for: 0
01-17 09:24:37.374  2010  2010 D RegisteredNfcFServicesCache: Service unchanged, not updating
01-17 09:24:37.427   945  6310 I ActivityManager: START u0 {flg=0x10000000 cmp=com.dolby.qa.featuretest/.MainActivity} from uid 2000
01-17 09:24:37.463   945  1530 I ActivityManager: Start proc 31452:com.dolby.qa.featuretest/u0a73 for activity com.dolby.qa.featuretest/.MainActivity
01-17 09:24:37.470 31452 31452 I zygote64: Late-enabling -Xcheck:jni
01-17 09:24:37.473   684   928 W AudioFlinger::EffectModule: EffectModule 0xee09f280 destructor called with unreleased interface
01-17 09:24:37.474   684   928 W AudioFlinger::EffectHandle: disconnect Effect handle 0xee0a6780 disconnected after thread destruction
01-17 09:24:37.476   627   627 D DlbDlbEffect: handle_EFFECT_CMD_DISABLE()
01-17 09:24:37.476   627   627 D DlbDapCrossfadeProcess: setEnabled transitioning from DAP_ACTIVE state to FADE_TO_BYPASS
01-17 09:24:37.477   626   626 W /system/bin/hw/android.hidl.allocator@1.0-service: ashmem_create_region(3840) returning hidl_memory(0x7b7102c330, 3840)
01-17 09:24:37.478   627   627 D DlbDlbEffect: handle_EFFECT_CMD_SET_CONFIG()
01-17 09:24:37.478   627   627 D DlbDapEndpointParamCache: setDevice(device=0x00000002)
01-17 09:24:37.478   645   645 D DMSService: setActiveDevice called with device = 0x2
01-17 09:24:37.479   627   924 D DlbDlbEffect: handle_EFFECT_CMD_ENABLE()
01-17 09:24:37.479   627   924 D DlbDapCrossfadeProcess: setEnabled transitioning from FADE_TO_BYPASS state to FADE_TO_ACTIVE
01-17 09:24:37.647 31452 31452 D featureTest: onCreate
01-17 09:24:37.651 31452 31452 D AudioTrack: Client defaulted notificationFrames to 962 for frameCount 1924
01-17 09:24:37.653 31452 31452 W AudioTrack: Use of stream types is deprecated for operations other than volume control
01-17 09:24:37.654 31452 31452 W AudioTrack: See the documentation of AudioTrack() for what to use instead with android.media.AudioAttributes to qualify your playback use case
01-17 09:24:37.660 31452 31452 W DolbyAudioEffect: WARNING: attaching a DolbyAudioEffect to global output mix is deprecated!
01-17 09:24:37.666 31452 31452 D featureTest: onResume
01-17 09:24:37.676 31452 31469 D OpenGLRenderer: HWUI GL Pipeline
01-17 09:24:37.725 31452 31469 I Adreno  : QUALCOMM build                   : 7142022, Ib5823dd10c
01-17 09:24:37.725 31452 31469 I Adreno  : Build Date                       : 06/23/17
01-17 09:24:37.725 31452 31469 I Adreno  : OpenGL ES Shader Compiler Version: EV031.18.00.00
01-17 09:24:37.725 31452 31469 I Adreno  : Local Branch                     : O11A
01-17 09:24:37.725 31452 31469 I Adreno  : Remote Branch                    : 
01-17 09:24:37.725 31452 31469 I Adreno  : Remote Branch                    : 
01-17 09:24:37.725 31452 31469 I Adreno  : Reconstruct Branch               : 
01-17 09:24:37.731 31452 31469 I Adreno  : PFP: 0x005ff087, ME: 0x005ff063
01-17 09:24:37.733 31452 31469 I OpenGLRenderer: Initialized EGL, version 1.4
01-17 09:24:37.733 31452 31469 D OpenGLRenderer: Swap behavior 2
01-17 09:24:37.794   945   998 I ActivityManager: Displayed com.dolby.qa.featuretest/.MainActivity: +334ms
01-17 09:24:37.866   945   998 W ActivityManager: setHasOverlayUi called on unknown pid: 31358
01-17 09:24:37.869   475   475 D SurfaceFlinger: Backpressure trigger, skipping transaction & refresh!
01-17 09:24:38.262  2103  2230 W OpenGLRenderer: Incorrectly called buildLayer on View: ShortcutAndWidgetContainer, destroying layer...
01-17 09:24:38.504 31452 31452 D featureTest: receive broadcast , playing content location :/sdcard/featureTest/chopper_5.1_180_420.wav
01-17 09:24:38.511   945   945 W NotificationService: Object died trying to hide notification android.app.ITransientNotification$Stub$Proxy@b0b92d3 in package com.dolby.qa.featuretest
01-17 09:24:38.512   945   945 W WindowManager: removeWindowToken: Attempted to remove non-existing token: android.os.Binder@cab1f11
01-17 09:24:38.512   945   945 W ActivityManager: setProcessForeground called on unknown pid: 31358
01-17 09:24:38.512   945   945 W NotificationService: Object died trying to show notification android.app.ITransientNotification$Stub$Proxy@cdbfe10 in package com.dolby.qa.featuretest
01-17 09:24:38.513   945   945 W ActivityManager: setProcessForeground called on unknown pid: 31358
01-17 09:24:38.513   945   945 W NotificationService: Object died trying to show notification android.app.ITransientNotification$Stub$Proxy@1743d09 in package com.dolby.qa.featuretest
01-17 09:24:38.515 31452 31452 D featureTest: mMediaPlayer.getAudioSessionId(): 5793
01-17 09:24:38.515 31452 31452 D featureTest: Playing file: /sdcard/featureTest/chopper_5.1_180_420.wav
01-17 09:24:38.517   710   900 D NuPlayerDriver: NuPlayerDriver(0xe6bcbe00) created, clientPid(31452)
01-17 09:24:38.521 31452 31452 W MediaPlayer: Use of stream types is deprecated for operations other than volume control
01-17 09:24:38.521 31452 31452 W MediaPlayer: See the documentation of setAudioStreamType() for what to use instead with android.media.AudioAttributes to qualify your playback use case
01-17 09:24:38.523 31480 31480 W generic : type=1400 audit(0.0:479): avc: denied { read } for path="/storage/emulated/0/featuretest/chopper_5.1_180_420.wav" dev="sdcardfs" ino=1310769 scontext=u:r:mediaextractor:s0 tcontext=u:object_r:sdcardfs:s0 tclass=file permissive=0
01-17 09:24:38.526   710 31480 D GenericSource: FileSource remote
01-17 09:24:38.526   710 31480 W GenericSource: extractor service cannot make data source
01-17 09:24:38.526   710 31480 D GenericSource: FileSource local
01-17 09:24:38.534   700   700 W WAVExtractor: More than 2 channels (6) in non-WAVE_EXT, unknown channel mask
01-17 09:24:38.556   700   700 W WAVExtractor: More than 2 channels (6) in non-WAVE_EXT, unknown channel mask
01-17 09:24:38.557   700  1393 D MediaBufferGroup: creating MemoryDealer
01-17 09:24:38.557   710 31478 D NuPlayerDriver: notifyListener_l(0xe6bcbe00), (1, 0, 0, -1), loop setting(0, 0)
01-17 09:24:38.567   710   900 D NuPlayerDriver: start(0xe6bcbe00), state is 4, eos is 0
01-17 09:24:38.567   710 31478 I GenericSource: start
01-17 09:24:38.572   710 31487 I OMXClient: Treble IOmx obtained
01-17 09:24:38.572 31452 31452 W DolbyAudioEffect: WARNING: attaching a DolbyAudioEffect to global output mix is deprecated!
01-17 09:24:38.572   717  5320 I OMXMaster: makeComponentInstance(OMX.google.raw.decoder) in omx@1.0-service process
01-17 09:24:38.574   717  5320 E OMXNodeInstance: setConfig(0xe7b0a480:google.raw.decoder, ConfigPriority(0x6f800002)) ERROR: Undefined(0x80001001)
01-17 09:24:38.574   710 31487 I ACodec  : codec does not support config priority (err -2147483648)
01-17 09:24:38.574   717  5320 E OMXNodeInstance: getConfig(0xe7b0a480:google.raw.decoder, ConfigAndroidVendorExtension(0x6f100004)) ERROR: Undefined(0x80001001)
01-17 09:24:38.576   710 31487 I MediaCodec: MediaCodec will operate in async mode
01-17 09:24:38.577 31452 31452 D featureTest: receive broadcast , change ds status :0
01-17 09:24:38.577   626   626 W /system/bin/hw/android.hidl.allocator@1.0-service: ashmem_create_region(32768) returning hidl_memory(0x7b7102c330, 32768)
01-17 09:24:38.583   626   626 I chatty  : uid=1000(system) allocator@1.0-s identical 6 lines
01-17 09:24:38.583   626   626 W /system/bin/hw/android.hidl.allocator@1.0-service: ashmem_create_region(32768) returning hidl_memory(0x7b7102c330, 32768)
01-17 09:24:38.595   626   626 W /system/bin/hw/android.hidl.allocator@1.0-service: ashmem_create_region(3072) returning hidl_memory(0x7b7102c330, 3072)
01-17 09:24:38.596   626   626 W /system/bin/hw/android.hidl.allocator@1.0-service: ashmem_create_region(1024) returning hidl_memory(0x7b7102c330, 1024)
01-17 09:24:38.596   684  3973 E EffectHalHidl: Buffer provider callbacks are not supported
01-17 09:24:38.597   710 31485 D AudioTrack: Client defaulted notificationFrames to 12000 for frameCount 24000
01-17 09:24:38.599   626   626 W /system/bin/hw/android.hidl.allocator@1.0-service: ashmem_create_region(7680) returning hidl_memory(0x7b7102c330, 7680)
01-17 09:24:38.599   627   627 D DlbDlbEffect: handle_EFFECT_CMD_SET_PARAM()
01-17 09:24:38.600   626   626 W /system/bin/hw/android.hidl.allocator@1.0-service: ashmem_create_region(7680) returning hidl_memory(0x7b7102c330, 7680)
01-17 09:24:38.601   627   627 D DlbDlbEffect: handle_EFFECT_CMD_DISABLE()
01-17 09:24:38.601   627   627 D DlbDapCrossfadeProcess: setEnabled transitioning from FADE_TO_ACTIVE state to FADE_TO_BYPASS
01-17 09:24:38.602   626   626 W /system/bin/hw/android.hidl.allocator@1.0-service: ashmem_create_region(7680) returning hidl_memory(0x7b7102c330, 7680)
01-17 09:24:38.603   627   627 D DlbDlbEffect: handle_EFFECT_CMD_SET_CONFIG()
01-17 09:24:38.603   627   922 D DlbDapEndpointParamCache: setDevice(device=0x00000002)
01-17 09:24:38.603   645   645 D DMSService: setActiveDevice called with device = 0x2
01-17 09:24:38.603   627   627 D DlbDlbEffect: handle_EFFECT_CMD_ENABLE()
01-17 09:24:38.604   627   627 D DlbDapCrossfadeProcess: setEnabled transitioning from FADE_TO_BYPASS state to FADE_TO_ACTIVE
01-17 09:24:38.604   684  3973 W AudioFlinger: moveDolbyEffect() effect chain for session 0 not on source thread 0xee0ae580
01-17 09:24:38.605   710 31478 D NuPlayerDriver: notifyListener_l(0xe6bcbe00), (6, 0, 0, -1), loop setting(0, 1)
01-17 09:24:38.646 31452 31452 D featureTest: receive broadcast , change ds profile id :2
01-17 09:24:38.656   627   922 D DlbDlbEffect: handle_EFFECT_CMD_SET_PARAM()
01-17 09:24:38.656   645   713 I DapController: Profile Changed to Music
01-17 09:24:38.663   627  3892 D DlbDapCrossfadeProcess: setEnabled transitioning from FADE_TO_ACTIVE state to FADE_TO_BYPASS
01-17 09:24:38.665   627  3892 D DlbDapEndpointParamCache: commitChangedParams()
01-17 09:24:38.665   627  3892 D DlbDapEndpointParamCache: commit() Applying parameters for device 0x40000000
01-17 09:24:38.665   627  3892 D DlbDap2Process: setParam(iea = #1[10])
01-17 09:24:38.665   627  3892 D DlbDap2Process: setParam(msce = #1[0])
01-17 09:24:38.665   627  3892 D DlbDap2Process: setParam(mdee = #1[0])
01-17 09:24:38.665   627  3892 D DlbDap2Process: setParam(miee = #1[0])
01-17 09:24:38.665   627  3892 D DlbDap2Process: setParam(mdle = #1[0])
01-17 09:24:38.665   627  3892 D DlbDap2Process: setParam(dvle = #1[1])
01-17 09:24:38.665   627  3892 D DlbDap2Process: setParam(mave = #1[0])
01-17 09:24:38.665   627  3892 D DlbDap2Process: setParam(vcbf = #20[47, 141, 234, 328, 469, 656, 844, 1031, 1313, 1688, 2250, 3000, 3750, 4688, 5813, 7125, 9000, 11250, 13875, 19688])
01-17 09:24:38.665   627  3892 D DlbDap2Process: setParam(vbon = #1[0])
01-17 09:24:38.665   627  3892 D DlbDap2Process: setParam(beon = #1[0])
01-17 09:24:38.665   627  3892 D DlbDap2Process: setParam(geon = #1[0])
01-17 09:24:38.665   627  3892 D DlbDap2Process: setParam(ieon = #1[1])
01-17 09:24:38.665   627  3892 D DlbDap2Process: setParam(gebs = #41[20, 47, 141, 234, 328, 469, 656, 844, 1031, 1313, 1688, 2250, 3000, 3750, 4688, 5813, 7125, 9000, 11250, 13875, 19688, 0, 0, 0, 0, 0, 0, 0, 0, 0, 0, 0, 0, 0, 0, 0, 0, 0, 0, 0, 0])
01-17 09:24:38.665   627  3892 D DlbDap2Process: setParam(iebs = #41[20, 65, 136, 223, 332, 467, 634, 841, 1098, 1416, 1812, 2302, 2909, 3663, 4598, 5756, 7194, 8976, 11186, 13927, 17326, 117, 133, 188, 176, 141, 149, 175, 185, 185, 200, 236, 242, 228, 213, 182, 132, 110, 68, -27, -240])
01-17 09:24:38.665   627  3892 D DlbDapEndpointParamCache: doCommit() Committed 15 parameters out of 16.
01-17 09:24:38.665   627  3892 D DlbDapEndpointParamCache: commit() Overriding parameters for current device 0x00000002
01-17 09:24:38.665   627  3892 D DlbDap2Process: setParam(dea = #1[7])
01-17 09:24:38.665   627  3892 D DlbDap2Process: setParam(dsa = #1[10])
01-17 09:24:38.665   627  3892 D DlbDap2Process: setParam(beb = #1[192])
01-17 09:24:38.665   627  3892 D DlbDap2Process: setParam(plb = #1[0])
01-17 09:24:38.665   627  3892 D DlbDap2Process: setParam(vmb = #1[144])
01-17 09:24:38.665   627  3892 D DlbDap2Process: setParam(dsb = #1[0])
01-17 09:24:38.666   627  3892 D DlbDap2Process: setParam(ded = #1[0])
01-17 09:24:38.666   627  3892 D DlbDap2Process: setParam(vbm = #1[3])
01-17 09:24:38.666   627  3892 D DlbDap2Process: setParam(dom = #1[0])
01-17 09:24:38.666   627  3892 D DlbDap2Process: setParam(bew = #1[16])
01-17 09:24:38.666   627  3892 D DlbDap2Process: setParam(dvla = #1[4])
01-17 09:24:38.666   627  3892 D DlbDap2Process: setParam(arra = #1[96])
01-17 09:24:38.666   627  3892 D DlbDap2Process: setParam(dfsa = #1[10])
01-17 09:24:38.666   627  3892 D DlbDap2Process: setParam(dhsa = #1[10])
01-17 09:24:38.666   627  3892 D DlbDap2Process: setParam(dvmc = #1[0])
01-17 09:24:38.666   627  3892 D DlbDap2Process: setParam(arod = #1[0])
01-17 09:24:38.666   627  3892 D DlbDap2Process: setParam(arde = #1[1])
01-17 09:24:38.666   627  3892 D DlbDap2Process: setParam(dvle = #1[1])
01-17 09:24:38.666   627  3892 D DlbDap2Process: setParam(dvme = #1[0])
01-17 09:24:38.666   627  3892 D DlbDap2Process: setParam(becf = #1[200])
01-17 09:24:38.666   627  3892 D DlbDap2Process: setParam(vbmf = #2[94, 469])
01-17 09:24:38.666   627  3892 D DlbDap2Process: setParam(vbsf = #2[35, 160])
01-17 09:24:38.666   627  3892 D DlbDap2Process: setParam(vbhg = #3[-32, -144, -192])
01-17 09:24:38.666   627  3892 D DlbDap2Process: setParam(vbog = #1[0])
01-17 09:24:38.666   627  3892 D DlbDap2Process: setParam(vbsg = #1[0])
01-17 09:24:38.666   627  3892 D DlbDap2Process: setParam(dvli = #1[-320])
01-17 09:24:38.666   627  3892 D DlbDap2Process: setParam(dhfm = #1[2])
01-17 09:24:38.666   627  3892 D DlbDap2Process: setParam(vbon = #1[0])
01-17 09:24:38.666   627  3892 D DlbDap2Process: setParam(beon = #1[0])
01-17 09:24:38.666   627  3892 D DlbDap2Process: setParam(deon = #1[0])
01-17 09:24:38.666   627  3892 D DlbDap2Process: setParam(ngon = #1[1])
01-17 09:24:38.666   627  3892 D DlbDap2Process: setParam(aoon = #1[1])
01-17 09:24:38.666   627  3892 D DlbDap2Process: setParam(aron = #1[1])
01-17 09:24:38.666   627  3892 D DlbDap2Process: setParam(dvlo = #1[-320])
01-17 09:24:38.666   627  3892 D DlbDap2Process: setParam(artp = #1[12])
01-17 09:24:38.666   627  3892 D DlbDap2Process: setParam(aobs = #222[20, 10, 47, 141, 234, 328, 469, 656, 844, 1031, 1313, 1688, 2250, 3000, 3750, 4688, 5813, 7125, 9000, 11250, 13875, 19688, 0, 0, 0, 0, 0, 0, 0, 0, 0, 0, 0, 0, 0, 0, 0, 0, 0, 0, 0, 0, 0, 0, 0, 0, 0, 0, 0, 0, 0, 0, 0, 0, 0, 0, 0, 0, 0, 0, 0, 0, 0, 0, 0, 0, 0, 0, 0, 0, 0, 0, 0, 0, 0, 0, 0, 0, 0, 0, 0, 0, 0, 0, 0, 0, 0, 0, 0, 0, 0, 0, 0, 0, 0, 0, 0, 0, 0, 0, 0, 0, 0, 0, 0, 0, 0, 0, 0, 0, 0, 0, 0, 0, 0, 0, 0, 0, 0, 0, 0, 0, 0, 0, 0, 0, 0, 0, 0, 0, 0, 0, 0, 0, 0, 0, 0, 0, 0, 0, 0, 0, 0, 0, 0, 0, 0, 0, 0, 0, 0, 0, 0, 0, 0, 0, 0, 0, 0, 0, 0, 0, 0, 0, 0, 0, 0, 0, 0, 0, 0, 0, 0, 0, 0, 0, 0, 0, 0, 0, 0, 0, 0, 0, 0, 0, 0, 0, 0, 0, 0, 0, 0, 0, 0, 0, 0, 0, 0, 0, 0, 0, 0, 0, 0, 0, 0, 0, 0, 0, 0, 0, 0, 0, 0, 0, 0, 0, 0, 0, 0, 0])
01-17 09:24:38.667   627  3892 D DlbDap2Process: setParam(arbs = #81[20, 47, 141, 234, 328, 469, 656, 844, 1031, 1313, 1688, 2250, 3000, 3750, 4688, 5813, 7125, 9000, 11250, 13875, 19688, -192, -192, -192, -192, -192, -192, -192, -192, -192, -192, -192, -192, -192, -192, -192, -192, -192, -192, -192, -192, 0, 0, 0, 0, 0, 0, 0, 0, 0, 0, 0, 0, 0, 0, 0, 0, 0, 0, 0, 0, 0, 0, 0, 0, 0, 0, 0, 0, 0, 0, 0, 0, 0, 0, 0, 0, 0, 0, 0, 0])
01-17 09:24:38.667   627  3892 D DlbDapEndpointParamCache: doCommit() Committed 37 parameters out of 37.
01-17 09:24:38.667   627  3892 D DlbDap2Process: setMave(mave = 0)
01-17 09:24:38.695   627  3892 D DlbDapCrossfadeProcess: process transitioning from FADE_TO_BYPASS state to DAP_BYPASSED
01-17 09:24:38.707 31452 31452 D featureTest: receive broadcast , playing content location :/sdcard/featureTest/chopper_5.1_180_420.wav
01-17 09:24:38.709   710   900 D NuPlayerDriver: stop(0xe6bcbe00)
01-17 09:24:38.709   710   900 D NuPlayerDriver: notifyListener_l(0xe6bcbe00), (8, 0, 0, -1), loop setting(0, 1)
01-17 09:24:38.710   710   900 D NuPlayerDriver: reset(0xe6bcbe00) at state 8
01-17 09:24:38.717   710 31478 D NuPlayerDriver: notifyResetComplete(0xe6bcbe00)
01-17 09:24:38.717   710   900 D NuPlayerDriver: reset(0xe6bcbe00) at state 0
01-17 09:24:38.719 31452 31452 V MediaPlayer: resetDrmState:  mDrmInfo=null mDrmProvisioningThread=null mPrepareDrmInProgress=false mActiveDrmScheme=false
01-17 09:24:38.719 31452 31452 V MediaPlayer: cleanDrmObj: mDrmObj=null mDrmSessionId=null
01-17 09:24:38.719 31452 31452 V MediaPlayer: resetDrmState:  mDrmInfo=null mDrmProvisioningThread=null mPrepareDrmInProgress=false mActiveDrmScheme=false
01-17 09:24:38.720 31452 31452 V MediaPlayer: cleanDrmObj: mDrmObj=null mDrmSessionId=null
01-17 09:24:38.722 31452 31452 D featureTest: mMediaPlayer.getAudioSessionId(): 5801
01-17 09:24:38.722 31452 31452 D featureTest: Playing file: /sdcard/featureTest/chopper_5.1_180_420.wav
01-17 09:24:38.723   710   900 D NuPlayerDriver: NuPlayerDriver(0xe6bcb770) created, clientPid(31452)
01-17 09:24:38.725 31452 31452 W MediaPlayer: Use of stream types is deprecated for operations other than volume control
01-17 09:24:38.725 31452 31452 W MediaPlayer: See the documentation of setAudioStreamType() for what to use instead with android.media.AudioAttributes to qualify your playback use case
01-17 09:24:38.726 31504 31504 W generic : type=1400 audit(0.0:480): avc: denied { read } for path="/storage/emulated/0/featuretest/chopper_5.1_180_420.wav" dev="sdcardfs" ino=1310769 scontext=u:r:mediaextractor:s0 tcontext=u:object_r:sdcardfs:s0 tclass=file permissive=0
01-17 09:24:38.728   710 31504 D GenericSource: FileSource remote
01-17 09:24:38.728   710 31504 W GenericSource: extractor service cannot make data source
01-17 09:24:38.728   710 31504 D GenericSource: FileSource local
01-17 09:24:38.732   700   700 W WAVExtractor: More than 2 channels (6) in non-WAVE_EXT, unknown channel mask
01-17 09:24:38.754   700   700 W WAVExtractor: More than 2 channels (6) in non-WAVE_EXT, unknown channel mask
01-17 09:24:38.755   700  1879 D MediaBufferGroup: creating MemoryDealer
01-17 09:24:38.755   710 31501 D NuPlayerDriver: notifyListener_l(0xe6bcb770), (1, 0, 0, -1), loop setting(0, 0)
01-17 09:24:38.758   710  1419 D NuPlayerDriver: start(0xe6bcb770), state is 4, eos is 0
01-17 09:24:38.758   710 31501 I GenericSource: start
01-17 09:24:38.762 31452 31452 W DolbyAudioEffect: WARNING: attaching a DolbyAudioEffect to global output mix is deprecated!
01-17 09:24:38.764   710 31510 I OMXClient: Treble IOmx obtained
01-17 09:24:38.764   717 20091 I OMXMaster: makeComponentInstance(OMX.google.raw.decoder) in omx@1.0-service process
01-17 09:24:38.766   717 21044 E OMXNodeInstance: setConfig(0xe7b0aba0:google.raw.decoder, ConfigPriority(0x6f800002)) ERROR: Undefined(0x80001001)
01-17 09:24:38.766   710 31510 I ACodec  : codec does not support config priority (err -2147483648)
01-17 09:24:38.766   717 21044 E OMXNodeInstance: getConfig(0xe7b0aba0:google.raw.decoder, ConfigAndroidVendorExtension(0x6f100004)) ERROR: Undefined(0x80001001)
01-17 09:24:38.767   710 31510 I MediaCodec: MediaCodec will operate in async mode
01-17 09:24:38.768   626   626 W /system/bin/hw/android.hidl.allocator@1.0-service: ashmem_create_region(32768) returning hidl_memory(0x7b7102c330, 32768)
01-17 09:24:38.768 31452 31452 D featureTest: receive broadcast , change ds status :1
01-17 09:24:38.768   626   626 W /system/bin/hw/android.hidl.allocator@1.0-service: ashmem_create_region(32768) returning hidl_memory(0x7b7102c330, 32768)
01-17 09:24:38.771   626   626 I chatty  : uid=1000(system) allocator@1.0-s identical 5 lines
01-17 09:24:38.772   626   626 W /system/bin/hw/android.hidl.allocator@1.0-service: ashmem_create_region(32768) returning hidl_memory(0x7b7102c330, 32768)
01-17 09:24:38.777   627   924 D DlbDlbEffect: handle_EFFECT_CMD_SET_PARAM()
01-17 09:24:38.782   626   626 W /system/bin/hw/android.hidl.allocator@1.0-service: ashmem_create_region(3072) returning hidl_memory(0x7b7102c330, 3072)
01-17 09:24:38.783   626   626 W /system/bin/hw/android.hidl.allocator@1.0-service: ashmem_create_region(1024) returning hidl_memory(0x7b7102c330, 1024)
01-17 09:24:38.783   684   930 E EffectHalHidl: Buffer provider callbacks are not supported
01-17 09:24:38.784   710 31507 D AudioTrack: Client defaulted notificationFrames to 12000 for frameCount 24000
01-17 09:24:38.786   626   626 W /system/bin/hw/android.hidl.allocator@1.0-service: ashmem_create_region(7680) returning hidl_memory(0x7b7102c330, 7680)
01-17 09:24:38.787   626   626 W /system/bin/hw/android.hidl.allocator@1.0-service: ashmem_create_region(7680) returning hidl_memory(0x7b7102c330, 7680)
01-17 09:24:38.788   684   930 W AudioFlinger: moveDolbyEffect() effect chain for session 0 not on source thread 0xee0ae580
01-17 09:24:38.789   710 31501 D NuPlayerDriver: notifyListener_l(0xe6bcb770), (6, 0, 0, -1), loop setting(0, 1)
01-17 09:24:38.789   627  3892 D DlbDapCrossfadeProcess: setEnabled transitioning from DAP_BYPASSED state to PREROLL_ACTIVE
01-17 09:24:38.817   627  3892 D DlbDapCrossfadeProcess: process transitioning from PREROLL_ACTIVE state to FADE_TO_ACTIVE
01-17 09:24:38.830 31452 31452 D featureTest: receive broadcast , change ds profile id :5
01-17 09:24:38.839   627   627 D DlbDlbEffect: handle_EFFECT_CMD_SET_PARAM()
01-17 09:24:38.839   645   713 I DapController: Profile Changed to Custom
01-17 09:24:38.857   627  3892 D DlbDapEndpointParamCache: commitChangedParams()
01-17 09:24:38.857   627  3892 D DlbDapEndpointParamCache: commit() Applying parameters for device 0x40000000
01-17 09:24:38.857   627  3892 D DlbDap2Process: setParam(iea = #1[10])
01-17 09:24:38.857   627  3892 D DlbDap2Process: setParam(msce = #1[0])
01-17 09:24:38.857   627  3892 D DlbDap2Process: setParam(mdee = #1[0])
01-17 09:24:38.857   627  3892 D DlbDap2Process: setParam(miee = #1[0])
01-17 09:24:38.857   627  3892 D DlbDap2Process: setParam(mdle = #1[0])
01-17 09:24:38.857   627  3892 D DlbDap2Process: setParam(dvle = #1[1])
01-17 09:24:38.857   627  3892 D DlbDap2Process: setParam(mave = #1[0])
01-17 09:24:38.857   627  3892 D DlbDap2Process: setParam(vcbf = #20[47, 141, 234, 328, 469, 656, 844, 1031, 1313, 1688, 2250, 3000, 3750, 4688, 5813, 7125, 9000, 11250, 13875, 19688])
01-17 09:24:38.857   627  3892 D DlbDap2Process: setParam(vbon = #1[0])
01-17 09:24:38.857   627  3892 D DlbDap2Process: setParam(beon = #1[0])
01-17 09:24:38.857   627  3892 D DlbDap2Process: setParam(geon = #1[0])
01-17 09:24:38.857   627  3892 D DlbDap2Process: setParam(ieon = #1[0])
01-17 09:24:38.857   627  3892 D DlbDap2Process: setParam(gebs = #41[20, 47, 141, 234, 328, 469, 656, 844, 1031, 1313, 1688, 2250, 3000, 3750, 4688, 5813, 7125, 9000, 11250, 13875, 19688, 0, 0, 0, 0, 0, 0, 0, 0, 0, 0, 0, 0, 0, 0, 0, 0, 0, 0, 0, 0])
01-17 09:24:38.857   627  3892 D DlbDap2Process: setParam(iebs = #41[20, 65, 136, 223, 332, 467, 634, 841, 1098, 1416, 1812, 2302, 2909, 3663, 4598, 5756, 7194, 8976, 11186, 13927, 17326, 117, 133, 188, 176, 141, 149, 175, 185, 185, 200, 236, 242, 228, 213, 182, 132, 110, 68, -27, -240])
01-17 09:24:38.857   627  3892 D DlbDapEndpointParamCache: doCommit() Committed 15 parameters out of 16.
01-17 09:24:38.857   627  3892 D DlbDapEndpointParamCache: commit() Overriding parameters for current device 0x00000002
01-17 09:24:38.857   627  3892 D DlbDap2Process: setParam(dea = #1[7])
01-17 09:24:38.857   627  3892 D DlbDap2Process: setParam(dsa = #1[10])
01-17 09:24:38.857   627  3892 D DlbDap2Process: setParam(beb = #1[192])
01-17 09:24:38.858   627  3892 D DlbDap2Process: setParam(plb = #1[0])
01-17 09:24:38.858   627  3892 D DlbDap2Process: setParam(vmb = #1[144])
01-17 09:24:38.858   627  3892 D DlbDap2Process: setParam(dsb = #1[48])
01-17 09:24:38.858   627  3892 D DlbDap2Process: setParam(ded = #1[0])
01-17 09:24:38.858   627  3892 D DlbDap2Process: setParam(vbm = #1[3])
01-17 09:24:38.858   627  3892 D DlbDap2Process: setParam(dom = #1[0])
01-17 09:24:38.858   627  3892 D DlbDap2Process: setParam(bew = #1[16])
01-17 09:24:38.858   627  3892 D DlbDap2Process: setParam(dvla = #1[5])
01-17 09:24:38.858   627  3892 D DlbDap2Process: setParam(arra = #1[96])
01-17 09:24:38.858   627  3892 D DlbDap2Process: setParam(dfsa = #1[10])
01-17 09:24:38.858   627  3892 D DlbDap2Process: setParam(dhsa = #1[10])
01-17 09:24:38.858   627  3892 D DlbDap2Process: setParam(dvmc = #1[0])
01-17 09:24:38.858   627  3892 D DlbDap2Process: setParam(arod = #1[0])
01-17 09:24:38.858   627  3892 D DlbDap2Process: setParam(arde = #1[1])
01-17 09:24:38.858   627  3892 D DlbDap2Process: setParam(dvle = #1[1])
01-17 09:24:38.858   627  3892 D DlbDap2Process: setParam(dvme = #1[0])
01-17 09:24:38.858   627  3892 D DlbDap2Process: setParam(becf = #1[200])
01-17 09:24:38.858   627  3892 D DlbDap2Process: setParam(vbmf = #2[94, 469])
01-17 09:24:38.858   627  3892 D DlbDap2Process: setParam(vbsf = #2[35, 160])
01-17 09:24:38.858   627  3892 D DlbDap2Process: setParam(vbhg = #3[-32, -144, -192])
01-17 09:24:38.858   627  3892 D DlbDap2Process: setParam(vbog = #1[0])
01-17 09:24:38.858   627  3892 D DlbDap2Process: setParam(vbsg = #1[0])
01-17 09:24:38.858   627  3892 D DlbDap2Process: setParam(dvli = #1[-320])
01-17 09:24:38.858   627  3892 D DlbDap2Process: setParam(dhfm = #1[2])
01-17 09:24:38.858   627  3892 D DlbDap2Process: setParam(vbon = #1[0])
01-17 09:24:38.858   627  3892 D DlbDap2Process: setParam(beon = #1[0])
01-17 09:24:38.858   627  3892 D DlbDap2Process: setParam(deon = #1[0])
01-17 09:24:38.858   627  3892 D DlbDap2Process: setParam(ngon = #1[1])
01-17 09:24:38.858   627  3892 D DlbDap2Process: setParam(aoon = #1[1])
01-17 09:24:38.858   627  3892 D DlbDap2Process: setParam(aron = #1[1])
01-17 09:24:38.858   627  3892 D DlbDap2Process: setParam(dvlo = #1[-320])
01-17 09:24:38.858   627  3892 D DlbDap2Process: setParam(artp = #1[12])
01-17 09:24:38.859   627  3892 D DlbDap2Process: setParam(aobs = #222[20, 10, 47, 141, 234, 328, 469, 656, 844, 1031, 1313, 1688, 2250, 3000, 3750, 4688, 5813, 7125, 9000, 11250, 13875, 19688, 0, 0, 0, 0, 0, 0, 0, 0, 0, 0, 0, 0, 0, 0, 0, 0, 0, 0, 0, 0, 0, 0, 0, 0, 0, 0, 0, 0, 0, 0, 0, 0, 0, 0, 0, 0, 0, 0, 0, 0, 0, 0, 0, 0, 0, 0, 0, 0, 0, 0, 0, 0, 0, 0, 0, 0, 0, 0, 0, 0, 0, 0, 0, 0, 0, 0, 0, 0, 0, 0, 0, 0, 0, 0, 0, 0, 0, 0, 0, 0, 0, 0, 0, 0, 0, 0, 0, 0, 0, 0, 0, 0, 0, 0, 0, 0, 0, 0, 0, 0, 0, 0, 0, 0, 0, 0, 0, 0, 0, 0, 0, 0, 0, 0, 0, 0, 0, 0, 0, 0, 0, 0, 0, 0, 0, 0, 0, 0, 0, 0, 0, 0, 0, 0, 0, 0, 0, 0, 0, 0, 0, 0, 0, 0, 0, 0, 0, 0, 0, 0, 0, 0, 0, 0, 0, 0, 0, 0, 0, 0, 0, 0, 0, 0, 0, 0, 0, 0, 0, 0, 0, 0, 0, 0, 0, 0, 0, 0, 0, 0, 0, 0, 0, 0, 0, 0, 0, 0, 0, 0, 0, 0, 0, 0, 0, 0, 0, 0, 0, 0])
01-17 09:24:38.859   627  3892 D DlbDap2Process: setParam(arbs = #81[20, 47, 141, 234, 328, 469, 656, 844, 1031, 1313, 1688, 2250, 3000, 3750, 4688, 5813, 7125, 9000, 11250, 13875, 19688, -192, -192, -192, -192, -192, -192, -192, -192, -192, -192, -192, -192, -192, -192, -192, -192, -192, -192, -192, -192, 0, 0, 0, 0, 0, 0, 0, 0, 0, 0, 0, 0, 0, 0, 0, 0, 0, 0, 0, 0, 0, 0, 0, 0, 0, 0, 0, 0, 0, 0, 0, 0, 0, 0, 0, 0, 0, 0, 0, 0])
01-17 09:24:38.859   627  3892 D DlbDapEndpointParamCache: doCommit() Committed 37 parameters out of 37.
01-17 09:24:38.859   627  3892 D DlbDap2Process: setMave(mave = 0)
01-17 09:24:38.892   684   928 W AudioFlinger::EffectModule: EffectModule 0xee09ee00 destructor called with unreleased interface
01-17 09:24:38.893   684   928 W AudioFlinger::EffectHandle: disconnect Effect handle 0xee0a68c0 disconnected after thread destruction
01-17 09:24:38.897 31452 31452 D featureTest: receive broadcast , change virtual speaker  virtualizer :1
01-17 09:24:38.906 31452 31452 W System.err: java.lang.UnsupportedOperationException
01-17 09:24:38.907 31452 31452 W System.err: 	at com.dolby.dax.DolbyAudioEffect.setDolbyVirtualSpeakerVirtualizerEnabled(DolbyAudioEffect.java:323)
01-17 09:24:38.907 31452 31452 W System.err: 	at com.dolby.qa.featuretest.MainActivity$1.handleMessage(MainActivity.java:143)
01-17 09:24:38.907 31452 31452 W System.err: 	at android.os.Handler.dispatchMessage(Handler.java:105)
01-17 09:24:38.907 31452 31452 W System.err: 	at android.os.Looper.loop(Looper.java:164)
01-17 09:24:38.907 31452 31452 W System.err: 	at android.app.ActivityThread.main(ActivityThread.java:6541)
01-17 09:24:38.907 31452 31452 W System.err: 	at java.lang.reflect.Method.invoke(Native Method)
01-17 09:24:38.907 31452 31452 W System.err: 	at com.android.internal.os.Zygote$MethodAndArgsCaller.run(Zygote.java:240)
01-17 09:24:38.908 31452 31452 W System.err: 	at com.android.internal.os.ZygoteInit.main(ZygoteInit.java:767)
01-17 09:24:38.908 31452 31452 D featureTest: virtual speaker virtualizer can not be operate for mono speaker endpoint!
01-17 09:24:38.935   627  3892 D DlbDapCrossfadeProcess: process transitioning from FADE_TO_ACTIVE state to DAP_ACTIVE
01-17 09:24:38.956 31452 31452 D featureTest: receive broadcast , record log :0
01-17 09:24:38.963 31452 31457 I zygote64: Do partial code cache collection, code=8KB, data=13KB
01-17 09:24:38.963 31452 31457 I zygote64: After code cache collection, code=8KB, data=13KB
01-17 09:24:38.963 31452 31457 I zygote64: Increasing code cache capacity to 128KB
01-17 09:24:38.964 31452 31457 I zygote64: Do partial code cache collection, code=8KB, data=32KB
01-17 09:24:38.964 31452 31457 I zygote64: After code cache collection, code=8KB, data=32KB
01-17 09:24:38.964 31452 31457 I zygote64: Increasing code cache capacity to 256KB
01-17 09:24:38.965 31452 31457 I zygote64: Compiler allocated 8MB to compile void android.widget.TextView.<init>(android.content.Context, android.util.AttributeSet, int, int)
01-17 09:24:40.612   945   945 W WindowManager: removeWindowToken: Attempted to remove non-existing token: android.os.Binder@59aa0c5
01-17 09:24:40.666   475   475 D SurfaceFlinger: duplicate layer name: changing Toast to Toast#1
01-17 09:24:41.038   627  3892 D DlbDap2Process: process() called [492000] times
01-17 09:24:42.651   945   945 W WindowManager: removeWindowToken: Attempted to remove non-existing token: android.os.Binder@a746f27
01-17 09:24:43.703   627  3892 D DlbDap2Process: process() called [492500] times
