01-17 09:25:09.454   684  1061 D AudioFlinger: trackDestroyed() Track id 782 no longer contains processed audio
01-17 09:25:09.456   684   928 W AudioFlinger::EffectModule: EffectModule 0xed0e2200 destructor called with unreleased interface
01-17 09:25:09.456   684   928 W AudioFlinger::EffectHandle: disconnect Effect handle 0xee163540 disconnected after thread destruction
01-17 09:25:09.457   627   924 D DlbDlbEffect: handle_EFFECT_CMD_DISABLE()
01-17 09:25:09.458   626   626 W /system/bin/hw/android.hidl.allocator@1.0-service: ashmem_create_region(3840) returning hidl_memory(0x7b7102c330, 3840)
01-17 09:25:09.459   627   924 D DlbDlbEffect: handle_EFFECT_CMD_SET_CONFIG()
01-17 09:25:09.459   627   924 D DlbDapEndpointParamCache: setDevice(device=0x00000002)
01-17 09:25:09.460   645   645 D DMSService: setActiveDevice called with device = 0x2
01-17 09:25:09.460   627   924 D DlbDlbEffect: handle_EFFECT_CMD_ENABLE()
01-17 09:25:09.460   627   924 D DlbDapCrossfadeProcess: setEnabled transitioning from DAP_BYPASSED state to PREROLL_ACTIVE
01-17 09:25:09.472   627  3892 D DlbDlbBufferProvider: updateCapacity(): update capacity to 960
01-17 09:25:09.472   627  3892 D DlbDap2Process: setMave(mave = 0)
01-17 09:25:09.481   717 21044 I DDP_JOCDecoder: -> init name OMX.dolby.ac3.decoder
01-17 09:25:09.483   645   645 I DMSService: registerClient type = 0, uid = e83928e0
01-17 09:25:09.483   645   645 V DolbyMemoryService: registerClient() client 0x710ec74380, uid -398907168
01-17 09:25:09.483   717 21044 I DDP_JOCDecoder: <- init
01-17 09:25:09.483   717 21044 D DDP_JOCDecoder: initPorts
01-17 09:25:09.484   717 21044 E OMXNodeInstance: setConfig(0xe83a2f60:dolby.ac3.decoder, ConfigPriority(0x6f800002)) ERROR: Undefined(0x80001001)
01-17 09:25:09.485   710 31796 I ACodec  : codec does not support config priority (err -2147483648)
01-17 09:25:09.485   717 21044 E OMXNodeInstance: getConfig(0xe83a2f60:dolby.ac3.decoder, ConfigAndroidVendorExtension(0x6f100004)) ERROR: Undefined(0x80001001)
01-17 09:25:09.485   710 31796 I MediaCodec: MediaCodec will operate in async mode
01-17 09:25:09.486   710 31796 I ACodec  : setDolbyParameterOnProcessedAudio() Received dolby_processed_audio=1
01-17 09:25:09.486   710 31795 I NuPlayerDecoder: setDolbyMessage() Notifying player that Codec supports dolby_processed_audio flag
01-17 09:25:09.486   710 31791 I NuPlayer: onDolbyMessageReceived() Setting dolby_processed_audio flag on audio sink
01-17 09:25:09.486   710 31791 I MediaPlayerService: setDolbyParameters() Marking audio output as having dolby_processed_audio
01-17 09:25:09.486   645   645 I DMSService: unregisterClient type = 0, uid = e83928e0
01-17 09:25:09.498 31741 31741 D featureTest: receive broadcast , change ds profile id :5
01-17 09:25:09.505   627  6441 D DlbDlbEffect: handle_EFFECT_CMD_SET_PARAM()
01-17 09:25:09.511   645   645 D DatabaseHelper: failed to prepare SQL : INSERT INTO profiles VALUES(15
01-17 09:25:09.511   645   645 D DatabaseHelper: ,'custom','user2','user2','off','off')
01-17 09:25:09.511   645   645 D DatabaseHelper: failed to prepare SQL : INSERT INTO profile_endpoints VALUES(57
01-17 09:25:09.511   645   645 D DatabaseHelper: ,'custom','user2','speaker')
01-17 09:25:09.511   645   645 D DatabaseHelper: failed to prepare SQL : INSERT INTO profile_endpoints VALUES(57
01-17 09:25:09.511   645   645 D DatabaseHelper: ,'custom','user2','headphone')
01-17 09:25:09.511   645   645 D DatabaseHelper: failed to prepare SQL : INSERT INTO profile_endpoints VALUES(57
01-17 09:25:09.511   645   645 D DatabaseHelper: ,'custom','user2','passthrough')
01-17 09:25:09.511   645   645 D DatabaseHelper: failed to prepare SQL : INSERT INTO profile_endpoints VALUES(57
01-17 09:25:09.511   645   645 D DatabaseHelper: ,'custom','user2','other')
01-17 09:25:09.511   645   645 D DatabaseHelper: failed to prepare SQL : INSERT INTO profile_ports VALUES(85
01-17 09:25:09.511   645   645 D DatabaseHelper: ,'custom','user2','internal_speaker')
01-17 09:25:09.512   645   645 D DatabaseHelper: failed to prepare SQL : INSERT INTO profile_ports VALUES(85
01-17 09:25:09.512   645   645 D DatabaseHelper: ,'custom','user2','hdmi')
01-17 09:25:09.512   645   645 D DatabaseHelper: failed to prepare SQL : INSERT INTO profile_ports VALUES(85
01-17 09:25:09.512   645   645 D DatabaseHelper: ,'custom','user2','miracast')
01-17 09:25:09.512   645   645 D DatabaseHelper: failed to prepare SQL : INSERT INTO profile_ports VALUES(85
01-17 09:25:09.512   645   645 D DatabaseHelper: ,'custom','user2','headphone_port')
01-17 09:25:09.512   645   645 D DatabaseHelper: failed to prepare SQL : INSERT INTO profile_ports VALUES(85
01-17 09:25:09.512   645   645 D DatabaseHelper: ,'custom','user2','bluetooth')
01-17 09:25:09.512   645   645 D DatabaseHelper: failed to prepare SQL : INSERT INTO profile_ports VALUES(85
01-17 09:25:09.512   645   645 D DatabaseHelper: ,'custom','user2','usb')
01-17 09:25:09.512   645   645 D DatabaseHelper: failed to prepare SQL : INSERT INTO geq_presets VALUES(57
01-17 09:25:09.512   645   645 D DatabaseHelper: ,'custom','off','user2')
01-17 09:25:09.512   645   645 D DatabaseHelper: failed to prepare SQL : INSERT INTO geq_presets VALUES(57
01-17 09:25:09.512   645   645 D DatabaseHelper: ,'custom','open','user2')
01-17 09:25:09.512   645   645 D DatabaseHelper: failed to prepare SQL : INSERT INTO geq_presets VALUES(57
01-17 09:25:09.512   645   645 D DatabaseHelper: ,'custom','rich','user2')
01-17 09:25:09.512   645   645 D DatabaseHelper: failed to prepare SQL : INSERT INTO geq_presets VALUES(57
01-17 09:25:09.512   645   645 D DatabaseHelper: ,'custom','focused','user2')
01-17 09:25:09.523   627  3892 D DlbDapCrossfadeProcess: process transitioning from PREROLL_ACTIVE state to FADE_TO_ACTIVE
01-17 09:25:09.523   645   645 I DMSService: registerClient type = 4, uid = e83928d0
01-17 09:25:09.523   645   713 I DapController: Profile Changed to Custom
01-17 09:25:09.524   645   645 V DolbyMemoryService: registerClient() client 0x710ec74380, uid -398907180
01-17 09:25:09.524   717 21044 D DDP_JOCDecoder: internalSetParameter() Instantiating ARenderer for content processing in decoder
01-17 09:25:09.524   717 21044 I DlbDap2QmfProcess: Dap2Process()
01-17 09:25:09.524   717 21044 I ARenderer: ARenderer
01-17 09:25:09.524   717 21044 I evo_parser: evo_parser_init
01-17 09:25:09.524   717 21044 I DlbDap2QmfProcess: init()
01-17 09:25:09.524   717 21044 I DlbDap2QmfProcess: open()
01-17 09:25:09.524   717 21044 I DlbDap2QmfProcess: loadLicense() no license check!
01-17 09:25:09.524   717 21044 I DlbDap2QmfProcess: validateLicense() no license check!
01-17 09:25:09.524   717 21044 I DlbDap2QmfProcess: init() DAP opened
01-17 09:25:09.524   717 21044 I DlbDap2QmfProcess: DAP library version: 2.5.1-P2.0
01-17 09:25:09.524   717 21044 D DlbDap2QmfProcess: DAP output mode set to 1 with 2 output channels and null mix matrix.
01-17 09:25:09.525   710 31796 I ACodec  : setDolbyParameterOnProcessedAudio() Content processing enabled in decoder
01-17 09:25:09.527   626   626 W /system/bin/hw/android.hidl.allocator@1.0-service: ashmem_create_region(8192) returning hidl_memory(0x7b7102c330, 8192)
01-17 09:25:09.528   626   626 I chatty  : uid=1000(system) allocator@1.0-s identical 2 lines
01-17 09:25:09.529   626   626 W /system/bin/hw/android.hidl.allocator@1.0-service: ashmem_create_region(8192) returning hidl_memory(0x7b7102c330, 8192)
01-17 09:25:09.531   626   626 W /system/bin/hw/android.hidl.allocator@1.0-service: ashmem_create_region(147456) returning hidl_memory(0x7b7102c330, 147456)
01-17 09:25:09.533   626   626 I chatty  : uid=1000(system) allocator@1.0-s identical 2 lines
01-17 09:25:09.533   626   626 W /system/bin/hw/android.hidl.allocator@1.0-service: ashmem_create_region(147456) returning hidl_memory(0x7b7102c330, 147456)
01-17 09:25:09.535   717 31799 I DDP_JOCDecoder: -> start
01-17 09:25:09.535   627  3892 I DlbEffectContext: setContentProcEnabled() Disabling content processing in effect
01-17 09:25:09.535   627  3892 D DlbDapEndpointParamCache: commitChangedParams()
01-17 09:25:09.535   627  3892 D DlbDapEndpointParamCache: commit() Applying parameters for device 0x40000000
01-17 09:25:09.535   627  3892 D DlbDap2Process: setParam(msce = #1[0])
01-17 09:25:09.535   627  3892 D DlbDap2Process: setParam(mdee = #1[0])
01-17 09:25:09.535   627  3892 D DlbDap2Process: setParam(miee = #1[0])
01-17 09:25:09.536   627  3892 D DlbDap2Process: setParam(mdle = #1[0])
01-17 09:25:09.536   627  3892 D DlbDap2Process: setParam(dvle = #1[0])
01-17 09:25:09.536   627  3892 D DlbDap2Process: setParam(mave = #1[0])
01-17 09:25:09.536   627  3892 D DlbDap2Process: setParam(ieon = #1[0])
01-17 09:25:09.536   627  3892 D DlbDapEndpointParamCache: doCommit() Committed 7 parameters out of 16.
01-17 09:25:09.536   627  3892 D DlbDapEndpointParamCache: commit() Overriding parameters for current device 0x00000002
01-17 09:25:09.536   627  3892 D DlbDap2Process: setParam(dom = #1[0])
01-17 09:25:09.536   627  3892 D DlbDap2Process: setParam(dvle = #1[0])
01-17 09:25:09.536   627  3892 D DlbDap2Process: setParam(dvme = #1[0])
01-17 09:25:09.536   627  3892 D DlbDap2Process: setParam(deon = #1[0])
01-17 09:25:09.536   627  3892 D DlbDap2Process: setParam(ngon = #1[0])
01-17 09:25:09.536   627  3892 D DlbDapEndpointParamCache: doCommit() Committed 5 parameters out of 37.
01-17 09:25:09.536   717 31799 I EndpConfig: DAP state has changed from -1 to 1
01-17 09:25:09.536   717 31799 D DDP_JOCDecoder: Setting Max Output Channels to 2
01-17 09:25:09.537   627  3892 D DlbDapEndpointParamCache: commitChangedParams()
01-17 09:25:09.537   627  3892 D DlbDapEndpointParamCache: commit() Applying parameters for device 0x40000000
01-17 09:25:09.537   627  3892 D DlbDap2Process: setParam(iea = #1[10])
01-17 09:25:09.537   627  3892 D DlbDap2Process: setParam(vcbf = #20[47, 141, 234, 328, 469, 656, 844, 1031, 1313, 1688, 2250, 3000, 3750, 4688, 5813, 7125, 9000, 11250, 13875, 19688])
01-17 09:25:09.537   627  3892 D DlbDap2Process: setParam(vbon = #1[0])
01-17 09:25:09.537   627  3892 D DlbDap2Process: setParam(beon = #1[0])
01-17 09:25:09.537   627  3892 D DlbDap2Process: setParam(geon = #1[0])
01-17 09:25:09.537   627  3892 D DlbDap2Process: setParam(gebs = #41[20, 47, 141, 234, 328, 469, 656, 844, 1031, 1313, 1688, 2250, 3000, 3750, 4688, 5813, 7125, 9000, 11250, 13875, 19688, 0, 0, 0, 0, 0, 0, 0, 0, 0, 0, 0, 0, 0, 0, 0, 0, 0, 0, 0, 0])
01-17 09:25:09.537   627  3892 D DlbDap2Process: setParam(iebs = #41[20, 65, 136, 223, 332, 467, 634, 841, 1098, 1416, 1812, 2302, 2909, 3663, 4598, 5756, 7194, 8976, 11186, 13927, 17326, 117, 133, 188, 176, 141, 149, 175, 185, 185, 200, 236, 242, 228, 213, 182, 132, 110, 68, -27, -240])
01-17 09:25:09.537   627  3892 D DlbDapEndpointParamCache: doCommit() Committed 8 parameters out of 16.
01-17 09:25:09.537   627  3892 D DlbDapEndpointParamCache: commit() Overriding parameters for current device 0x00000002
01-17 09:25:09.537   627  3892 D DlbDap2Process: setParam(dea = #1[7])
01-17 09:25:09.537   627  3892 D DlbDap2Process: setParam(dsa = #1[10])
01-17 09:25:09.537   627  3892 D DlbDap2Process: setParam(beb = #1[192])
01-17 09:25:09.537   627  3892 D DlbDap2Process: setParam(plb = #1[0])
01-17 09:25:09.537   627  3892 D DlbDap2Process: setParam(vmb = #1[144])
01-17 09:25:09.537   627  3892 D DlbDap2Process: setParam(dsb = #1[48])
01-17 09:25:09.537   627  3892 D DlbDap2Process: setParam(ded = #1[0])
01-17 09:25:09.537   627  3892 D DlbDap2Process: setParam(vbm = #1[3])
01-17 09:25:09.538   627  3892 D DlbDap2Process: setParam(bew = #1[16])
01-17 09:25:09.538   627  3892 D DlbDap2Process: setParam(dvla = #1[5])
01-17 09:25:09.538   627  3892 D DlbDap2Process: setParam(arra = #1[96])
01-17 09:25:09.538   627  3892 D DlbDap2Process: setParam(dfsa = #1[10])
01-17 09:25:09.538   627  3892 D DlbDap2Process: setParam(dhsa = #1[10])
01-17 09:25:09.538   627  3892 D DlbDap2Process: setParam(dvmc = #1[0])
01-17 09:25:09.538   627  3892 D DlbDap2Process: setParam(arod = #1[0])
01-17 09:25:09.538   627  3892 D DlbDap2Process: setParam(arde = #1[1])
01-17 09:25:09.538   627  3892 D DlbDap2Process: setParam(becf = #1[200])
01-17 09:25:09.538   627  3892 D DlbDap2Process: setParam(vbmf = #2[94, 469])
01-17 09:25:09.538   627  3892 D DlbDap2Process: setParam(vbsf = #2[35, 160])
01-17 09:25:09.538   627  3892 D DlbDap2Process: setParam(vbhg = #3[-32, -144, -192])
01-17 09:25:09.538   627  3892 D DlbDap2Process: setParam(vbog = #1[0])
01-17 09:25:09.538   627  3892 D DlbDap2Process: setParam(vbsg = #1[0])
01-17 09:25:09.538   627  3892 D DlbDap2Process: setParam(dvli = #1[-320])
01-17 09:25:09.538   627  3892 D DlbDap2Process: setParam(dhfm = #1[2])
01-17 09:25:09.538   627  3892 D DlbDap2Process: setParam(vbon = #1[0])
01-17 09:25:09.538   627  3892 D DlbDap2Process: setParam(beon = #1[0])
01-17 09:25:09.538   627  3892 D DlbDap2Process: setParam(aoon = #1[1])
01-17 09:25:09.538   627  3892 D DlbDap2Process: setParam(aron = #1[1])
01-17 09:25:09.538   627  3892 D DlbDap2Process: setParam(dvlo = #1[-320])
01-17 09:25:09.538   627  3892 D DlbDap2Process: setParam(artp = #1[12])
01-17 09:25:09.538   627  3892 D DlbDap2Process: setParam(aobs = #222[20, 10, 47, 141, 234, 328, 469, 656, 844, 1031, 1313, 1688, 2250, 3000, 3750, 4688, 5813, 7125, 9000, 11250, 13875, 19688, 0, 0, 0, 0, 0, 0, 0, 0, 0, 0, 0, 0, 0, 0, 0, 0, 0, 0, 0, 0, 0, 0, 0, 0, 0, 0, 0, 0, 0, 0, 0, 0, 0, 0, 0, 0, 0, 0, 0, 0, 0, 0, 0, 0, 0, 0, 0, 0, 0, 0, 0, 0, 0, 0, 0, 0, 0, 0, 0, 0, 0, 0, 0, 0, 0, 0, 0, 0, 0, 0, 0, 0, 0, 0, 0, 0, 0, 0, 0, 0, 0, 0, 0, 0, 0, 0, 0, 0, 0, 0, 0, 0, 0, 0, 0, 0, 0, 0, 0, 0, 0, 0, 0, 0, 0, 0, 0, 0, 0, 0, 0, 0, 0, 0, 0, 0, 0, 0, 0, 0, 0, 0, 0, 0, 0, 0, 0, 0, 0, 0, 0, 0, 0, 0, 0, 0, 0, 0, 0, 0, 0, 0, 0, 0, 0, 0, 0, 0, 0, 0, 0, 0, 0, 0, 0, 0, 0, 0, 0, 0, 0, 0, 0, 0, 0, 0, 0, 0, 0, 0, 0, 0, 0, 0, 0, 0, 0, 0, 0, 0, 0, 0, 0, 0, 0, 0, 0, 0, 0, 0, 0, 0, 0, 0, 0, 0, 0, 0, 0, 0])
01-17 09:25:09.538   627  3892 D DlbDap2Process: setParam(arbs = #81[20, 47, 141, 234, 328, 469, 656, 844, 1031, 1313, 1688, 2250, 3000, 3750, 4688, 5813, 7125, 9000, 11250, 13875, 19688, -192, -192, -192, -192, -192, -192, -192, -192, -192, -192, -192, -192, -192, -192, -192, -192, -192, -192, -192, -192, 0, 0, 0, 0, 0, 0, 0, 0, 0, 0, 0, 0, 0, 0, 0, 0, 0, 0, 0, 0, 0, 0, 0, 0, 0, 0, 0, 0, 0, 0, 0, 0, 0, 0, 0, 0, 0, 0, 0, 0])
01-17 09:25:09.538   627  3892 D DlbDapEndpointParamCache: doCommit() Committed 32 parameters out of 37.
01-17 09:25:09.538   627  3892 D DlbDap2Process: setMave(mave = 0)
01-17 09:25:09.539   717 31799 D DDP_JOCDecoder: setMultiChannelPCMOutDownmix mConfig->jocForceDownmixMode 1
01-17 09:25:09.539   717 31799 I udc_user: 
01-17 09:25:09.539   717 31799 I udc_user: *** DDPlus Unified Decoder Simulation  Version 1.7.3 ***
01-17 09:25:09.539   717 31799 I udc_user: 
01-17 09:25:09.539   717 31799 I udc_user: 7.1-channel decoder-converter, 
01-17 09:25:09.539   717 31799 I udc_user: 
01-17 09:25:09.539   717 31799 I udc_user: 5.1-channel dual-decoder-converter, 
01-17 09:25:09.539   717 31799 I udc_user: Karaoke unsupported, 
01-17 09:25:09.539   717 31799 I udc_user: TPNP supported. 
01-17 09:25:09.539   717 31799 I udc_user: 
01-17 09:25:09.539   717 31799 I udc_user: Unpublished work.  Copyright 2003-2014 Dolby Laboratories, Inc. and
01-17 09:25:09.539   717 31799 I udc_user: Dolby Laboratories Licensing Corporation.  All Rights Reserved.
01-17 09:25:09.539   717 31799 I udc_user: 
01-17 09:25:09.539   717 31799 I udc_user: USE OF THIS SOFTWARE IS SUBJECT TO A LEGAL AGREEMENT BETWEEN YOU AND DOLBY
01-17 09:25:09.539   717 31799 I udc_user: LABORATORIES. DO NOT USE THIS SOFTWARE UNLESS YOU AGREE TO THE TERMS AND 
01-17 09:25:09.539   717 31799 I udc_user: CONDITIONS IN THE AGREEMENT.  BY USING THIS SOFTWARE, YOU ACKNOWLEDGE THAT 
01-17 09:25:09.539   717 31799 I udc_user: YOU HAVE READ THE AGREEMENT AND THAT YOU AGREE TO BE BOUND BY ITS TERMS. 
01-17 09:25:09.539   717 31799 I udc_user: 
01-17 09:25:09.540   717 31799 I ddpdec_client_joc: ddpdec_open JOCD_MODE Buffer assignment
01-17 09:25:09.540   717 31799 D DDP_JOCDecoder: mStarted = 1
01-17 09:25:09.540   717 31799 I DDP_JOCDecoder: <- start
01-17 09:25:09.540   717 31799 D ddpdec_client_joc: ddpdec_client.c|int configDecoder()
01-17 09:25:09.541   717 31799 D DDP_JOCDecoder: Setting Max Output Channels to 2
01-17 09:25:09.542   717 31799 I DlbDap2QmfProcess: close()
01-17 09:25:09.542   717 31799 I DlbDap2QmfProcess: init()
01-17 09:25:09.542   717 31799 I DlbDap2QmfProcess: open()
01-17 09:25:09.542   717 31799 I DlbDap2QmfProcess: loadLicense() no license check!
01-17 09:25:09.542   717 31799 I DlbDap2QmfProcess: validateLicense() no license check!
01-17 09:25:09.542   717 31799 I DlbDap2QmfProcess: init() DAP opened
01-17 09:25:09.542   717 31799 I DlbDap2QmfProcess: DAP library version: 2.5.1-P2.0
01-17 09:25:09.542   717 31799 D DlbDap2QmfProcess: DAP output mode set to 1 with 2 output channels and null mix matrix.
01-17 09:25:09.542   717 31799 D ARenderer: checkAndUpdateConfig: DAP reinitialized because of sample rate change
01-17 09:25:09.542   717 31799 D ARenderer: updateDapConfig: Updating DAP configuration
01-17 09:25:09.542   717 31799 D DlbDap2QmfProcess: setParam(iea = #1[10])
01-17 09:25:09.542   717 31799 D DlbDap2QmfProcess: setParam(msce = #1[0])
01-17 09:25:09.543   717 31799 D DlbDap2QmfProcess: setParam(mdee = #1[0])
01-17 09:25:09.543   717 31799 D DlbDap2QmfProcess: setParam(miee = #1[0])
01-17 09:25:09.543   717 31799 D DlbDap2QmfProcess: setParam(mdle = #1[0])
01-17 09:25:09.543   717 31799 D DlbDap2QmfProcess: setParam(dvle = #1[1])
01-17 09:25:09.543   717 31799 D DlbDap2QmfProcess: setParam(mave = #1[0])
01-17 09:25:09.543   717 31799 D DlbDap2QmfProcess: setParam(vcbf = #20[47, 141, 234, 328, 469, 656, 844, 1031, 1313, 1688, 2250, 3000, 3750, 4688, 5813, 7125, 9000, 11250, 13875, 19688])
01-17 09:25:09.543   717 31799 D DlbDap2QmfProcess: setParam(ieon = #1[0])
01-17 09:25:09.543   717 31799 D DlbDap2QmfProcess: setParam(gebs = #41[20, 47, 141, 234, 328, 469, 656, 844, 1031, 1313, 1688, 2250, 3000, 3750, 4688, 5813, 7125, 9000, 11250, 13875, 19688, 0, 0, 0, 0, 0, 0, 0, 0, 0, 0, 0, 0, 0, 0, 0, 0, 0, 0, 0, 0])
01-17 09:25:09.543   717 31799 D DlbDap2QmfProcess: setParam(iebs = #41[20, 65, 136, 223, 332, 467, 634, 841, 1098, 1416, 1812, 2302, 2909, 3663, 4598, 5756, 7194, 8976, 11186, 13927, 17326, 117, 133, 188, 176, 141, 149, 175, 185, 185, 200, 236, 242, 228, 213, 182, 132, 110, 68, -27, -240])
01-17 09:25:09.543   717 31799 D DlbDap2QmfProcess: setParam(dea = #1[7])
01-17 09:25:09.543   717 31799 D DlbDap2QmfProcess: setParam(dsa = #1[10])
01-17 09:25:09.543   717 31799 D DlbDap2QmfProcess: setParam(beb = #1[192])
01-17 09:25:09.543   717 31799 D DlbDap2QmfProcess: setParam(plb = #1[0])
01-17 09:25:09.543   717 31799 D DlbDap2QmfProcess: setParam(vmb = #1[144])
01-17 09:25:09.543   717 31799 D DlbDap2QmfProcess: setParam(dsb = #1[48])
01-17 09:25:09.543   717 31799 D DlbDap2QmfProcess: setParam(ded = #1[0])
01-17 09:25:09.543   717 31799 D DlbDap2QmfProcess: setParam(dom = #1[0])
01-17 09:25:09.543   717 31799 D DlbDap2QmfProcess: setParam(bew = #1[16])
01-17 09:25:09.543   717 31799 D DlbDap2QmfProcess: setParam(dvla = #1[5])
01-17 09:25:09.543   717 31799 D DlbDap2QmfProcess: setParam(dfsa = #1[10])
01-17 09:25:09.543   717 31799 D DlbDap2QmfProcess: setParam(dhsa = #1[10])
01-17 09:25:09.543   717 31799 D DlbDap2QmfProcess: setParam(dvmc = #1[0])
01-17 09:25:09.543   717 31799 D DlbDap2QmfProcess: setParam(dvle = #1[1])
01-17 09:25:09.543   717 31799 D DlbDap2QmfProcess: setParam(dvme = #1[0])
01-17 09:25:09.543   717 31799 D DlbDap2QmfProcess: setParam(becf = #1[200])
01-17 09:25:09.543   717 31799 D DlbDap2QmfProcess: setParam(vbmf = #2[94, 469])
01-17 09:25:09.543   717 31799 D DlbDap2QmfProcess: setParam(vbsf = #2[35, 160])
01-17 09:25:09.544   717 31799 D DlbDap2QmfProcess: setParam(vbhg = #3[-32, -144, -192])
01-17 09:25:09.544   717 31799 D DlbDap2QmfProcess: setParam(vbog = #1[0])
01-17 09:25:09.544   717 31799 D DlbDap2QmfProcess: setParam(vbsg = #1[0])
01-17 09:25:09.544   717 31799 D DlbDap2QmfProcess: setParam(dvli = #1[-320])
01-17 09:25:09.544   717 31799 D DlbDap2QmfProcess: setParam(dhfm = #1[2])
01-17 09:25:09.544   717 31799 D DlbDap2QmfProcess: setParam(deon = #1[0])
01-17 09:25:09.544   717 31799 D DlbDap2QmfProcess: setParam(ngon = #1[1])
01-17 09:25:09.544   717 31799 D DlbDap2QmfProcess: setParam(dvlo = #1[-320])
01-17 09:25:09.544   717 31799 D DlbDap2QmfProcess: setParam(aobs = #222[20, 10, 47, 141, 234, 328, 469, 656, 844, 1031, 1313, 1688, 2250, 3000, 3750, 4688, 5813, 7125, 9000, 11250, 13875, 19688, 0, 0, 0, 0, 0, 0, 0, 0, 0, 0, 0, 0, 0, 0, 0, 0, 0, 0, 0, 0, 0, 0, 0, 0, 0, 0, 0, 0, 0, 0, 0, 0, 0, 0, 0, 0, 0, 0, 0, 0, 0, 0, 0, 0, 0, 0, 0, 0, 0, 0, 0, 0, 0, 0, 0, 0, 0, 0, 0, 0, 0, 0, 0, 0, 0, 0, 0, 0, 0, 0, 0, 0, 0, 0, 0, 0, 0, 0, 0, 0, 0, 0, 0, 0, 0, 0, 0, 0, 0, 0, 0, 0, 0, 0, 0, 0, 0, 0, 0, 0, 0, 0, 0, 0, 0, 0, 0, 0, 0, 0, 0, 0, 0, 0, 0, 0, 0, 0, 0, 0, 0, 0, 0, 0, 0, 0, 0, 0, 0, 0, 0, 0, 0, 0, 0, 0, 0, 0, 0, 0, 0, 0, 0, 0, 0, 0, 0, 0, 0, 0, 0, 0, 0, 0, 0, 0, 0, 0, 0, 0, 0, 0, 0, 0, 0, 0, 0, 0, 0, 0, 0, 0, 0, 0, 0, 0, 0, 0, 0, 0, 0, 0, 0, 0, 0, 0, 0, 0, 0, 0, 0, 0, 0, 0, 0, 0, 0, 0, 0, 0])
01-17 09:25:09.544   717 31799 D DlbDap2QmfProcess: setParam(dvle = #1[1])
01-17 09:25:09.544   717 31799 D DlbDap2QmfProcess: setParam(dvli = #1[-496])
01-17 09:25:09.544   717 31799 D DlbDap2QmfProcess: setParam(dvlo = #1[-176])
01-17 09:25:09.544   717 31799 D ARenderer: updateDapVolumeLeveler: Setting output level to -11.00dB
01-17 09:25:09.544   717 31799 D DlbDap2QmfProcess: setParam(vmb = #1[0])
01-17 09:25:09.544   717 31799 D DlbDap2QmfProcess: setParam(preg = #1[-384])
01-17 09:25:09.544   717 31799 D DlbDap2QmfProcess: setParam(vol = #1[384])
01-17 09:25:09.544   717 31799 D DlbDlbBufferProvider: setConfig() Updating buffer configuration.
01-17 09:25:09.544   717 31799 D DlbDap2QmfProcess: processQmf() called [0] times
01-17 09:25:09.545   717 31799 D DlbDap2QmfProcess: setMave(mave = 0)
01-17 09:25:09.555   710 31794 D AudioTrack: Client defaulted notificationFrames to 12000 for frameCount 24000
01-17 09:25:09.555   684  7227 I AudioFlinger: attachAuxEffect(): Marking track 783 as containing processed audio
01-17 09:25:09.555   684  7227 D AudioFlinger: trackContainsProcessedAudio() Track id 783 contains processed audio
01-17 09:25:09.557   626   626 W /system/bin/hw/android.hidl.allocator@1.0-service: ashmem_create_region(7680) returning hidl_memory(0x7b7102c330, 7680)
01-17 09:25:09.559   626   626 W /system/bin/hw/android.hidl.allocator@1.0-service: ashmem_create_region(7680) returning hidl_memory(0x7b7102c330, 7680)
01-17 09:25:09.559 31741 31741 D featureTest: receive broadcast , change virtual speaker  virtualizer :1
01-17 09:25:09.560   627  6441 D DlbDlbEffect: handle_EFFECT_CMD_DISABLE()
01-17 09:25:09.560   627  6441 D DlbDapCrossfadeProcess: setEnabled transitioning from FADE_TO_ACTIVE state to FADE_TO_BYPASS
01-17 09:25:09.561   626   626 W /system/bin/hw/android.hidl.allocator@1.0-service: ashmem_create_region(7680) returning hidl_memory(0x7b7102c330, 7680)
01-17 09:25:09.561   627  6441 D DlbDlbEffect: handle_EFFECT_CMD_SET_CONFIG()
01-17 09:25:09.562   627   924 D DlbDapEndpointParamCache: setDevice(device=0x00000002)
01-17 09:25:09.562   645   645 D DMSService: setActiveDevice called with device = 0x2
01-17 09:25:09.562   627   924 D DlbDlbEffect: handle_EFFECT_CMD_ENABLE()
01-17 09:25:09.562   627   924 D DlbDapCrossfadeProcess: setEnabled transitioning from FADE_TO_BYPASS state to FADE_TO_ACTIVE
01-17 09:25:09.563   684  7227 W AudioFlinger: moveDolbyEffect() effect chain for session 0 not on source thread 0xee0ae580
01-17 09:25:09.563   684  7227 D AudioFlinger: trackStateChanged() Track id 783 state changed to 6
01-17 09:25:09.563   684  7227 I AudioFlinger: updateProcessedAudioState() Changing content processing in effect to 1
01-17 09:25:09.563   627   924 D DlbDlbEffect: handle_EFFECT_CMD_SET_PARAM()
01-17 09:25:09.565   710 31791 D NuPlayerDriver: notifyListener_l(0xe6bcb690), (6, 0, 0, -1), loop setting(0, 1)
01-17 09:25:09.569 31741 31741 W System.err: java.lang.UnsupportedOperationException
01-17 09:25:09.570 31741 31741 W System.err: 	at com.dolby.dax.DolbyAudioEffect.setDolbyVirtualSpeakerVirtualizerEnabled(DolbyAudioEffect.java:323)
01-17 09:25:09.570 31741 31741 W System.err: 	at com.dolby.qa.featuretest.MainActivity$1.handleMessage(MainActivity.java:143)
01-17 09:25:09.570 31741 31741 W System.err: 	at android.os.Handler.dispatchMessage(Handler.java:105)
01-17 09:25:09.570 31741 31741 W System.err: 	at android.os.Looper.loop(Looper.java:164)
01-17 09:25:09.571 31741 31741 W System.err: 	at android.app.ActivityThread.main(ActivityThread.java:6541)
01-17 09:25:09.571 31741 31741 W System.err: 	at java.lang.reflect.Method.invoke(Native Method)
01-17 09:25:09.571 31741 31741 W System.err: 	at com.android.internal.os.Zygote$MethodAndArgsCaller.run(Zygote.java:240)
01-17 09:25:09.571 31741 31741 W System.err: 	at com.android.internal.os.ZygoteInit.main(ZygoteInit.java:767)
01-17 09:25:09.571 31741 31741 D featureTest: virtual speaker virtualizer can not be operate for mono speaker endpoint!
01-17 09:25:09.619   627  3892 D DlbDlbBufferProvider: updateCapacity(): update capacity to 1920
01-17 09:25:09.619   627  3892 D DlbDlbBufferProvider: updateCapacity() Allocating new memory for the buffer.
01-17 09:25:09.620   684  1061 D AudioFlinger: mixer(0xed503800) throttle end: throttle time(19)
01-17 09:25:09.622 31741 31741 D featureTest: receive broadcast , record log :0
01-17 09:25:09.622   627  3892 D DlbDapCrossfadeProcess: process transitioning from FADE_TO_ACTIVE state to DAP_ACTIVE
01-17 09:25:09.639 31741 31746 I zygote64: Do partial code cache collection, code=9KB, data=13KB
01-17 09:25:09.639 31741 31746 I zygote64: After code cache collection, code=9KB, data=13KB
01-17 09:25:09.639 31741 31746 I zygote64: Increasing code cache capacity to 128KB
01-17 09:25:09.640 31741 31746 I zygote64: Do partial code cache collection, code=9KB, data=33KB
01-17 09:25:09.640 31741 31746 I zygote64: After code cache collection, code=9KB, data=33KB
01-17 09:25:09.640 31741 31746 I zygote64: Increasing code cache capacity to 256KB
01-17 09:25:09.641 31741 31746 I zygote64: Compiler allocated 8MB to compile void android.widget.TextView.<init>(android.content.Context, android.util.AttributeSet, int, int)
01-17 09:25:10.261   627  3892 D DlbDap2Process: process() called [497000] times
01-17 09:25:10.990   627  6441 D audio_hw_primary: disable_audio_route: usecase(1) reset and update mixer path: low-latency-playback speaker
01-17 09:25:11.250   945   945 W WindowManager: removeWindowToken: Attempted to remove non-existing token: android.os.Binder@bb85a3b
01-17 09:25:11.317   475   475 D SurfaceFlinger: duplicate layer name: changing Toast to Toast#1
01-17 09:25:12.938   627  3892 D DlbDap2Process: process() called [497500] times
01-17 09:25:13.290   945   945 W WindowManager: removeWindowToken: Attempted to remove non-existing token: android.os.Binder@acceced
