01-17 09:06:22.452   710   900 D NuPlayerDriver: reset(0xe6bcb540) at state 5
01-17 09:06:22.455   710   900 D NuPlayerDriver: notifyListener_l(0xe6bcb540), (8, 0, 0, -1), loop setting(0, 1)
01-17 09:06:22.456   684  3973 D AudioFlinger: trackStateChanged() Track id 709 state changed to 6
01-17 09:06:22.463   717 21044 I DDP_JOCDecoder: -> ~DDPDecoder
01-17 09:06:22.463   717 21044 I DDP_JOCDecoder: -> stop
01-17 09:06:22.463   645   645 I DMSService: unregisterClient type = 4, uid = e83927d0
01-17 09:06:22.520   717 21044 I DDP_JOCDecoder: <- stop
01-17 09:06:22.520   717 21044 I ARenderer: ~ARenderer
01-17 09:06:22.520   717 21044 I evo_parser: evo_parser_close
01-17 09:06:22.520   717 21044 I DlbDap2QmfProcess: ~Dap2Process()
01-17 09:06:22.520   717 21044 I DlbDap2QmfProcess: close()
01-17 09:06:22.521   717 21044 I DDP_JOCDecoder: <- ~DDPDecoder
01-17 09:06:22.527   710 29290 D NuPlayerDriver: notifyResetComplete(0xe6bcb540)
01-17 09:06:22.527   710   900 D AudioTrack: stop() called with 0 frames delivered
01-17 09:06:22.529   627  3892 I DlbEffectContext: setContentProcEnabled() Enabling content processing in global effect
01-17 09:06:22.529   627  3892 D DlbDapEndpointParamCache: commitChangedParams()
01-17 09:06:22.529   627  3892 D DlbDapEndpointParamCache: commit() Applying parameters for device 0x40000000
01-17 09:06:22.530   627  3892 D DlbDap2Process: setParam(iea = #1[10])
01-17 09:06:22.530   627  3892 D DlbDap2Process: setParam(msce = #1[0])
01-17 09:06:22.530   627  3892 D DlbDap2Process: setParam(mdee = #1[0])
01-17 09:06:22.530   627  3892 D DlbDap2Process: setParam(miee = #1[0])
01-17 09:06:22.530   627  3892 D DlbDap2Process: setParam(mdle = #1[0])
01-17 09:06:22.530   627  3892 D DlbDap2Process: setParam(dvle = #1[1])
01-17 09:06:22.530   627  3892 D DlbDap2Process: setParam(mave = #1[0])
01-17 09:06:22.530   627  3892 D DlbDap2Process: setParam(vcbf = #20[47, 141, 234, 328, 469, 656, 844, 1031, 1313, 1688, 2250, 3000, 3750, 4688, 5813, 7125, 9000, 11250, 13875, 19688])
01-17 09:06:22.530   627  3892 D DlbDap2Process: setParam(vbon = #1[0])
01-17 09:06:22.530   627  3892 D DlbDap2Process: setParam(beon = #1[0])
01-17 09:06:22.530   627  3892 D DlbDap2Process: setParam(geon = #1[0])
01-17 09:06:22.530   627  3892 D DlbDap2Process: setParam(ieon = #1[0])
01-17 09:06:22.530   627  3892 D DlbDap2Process: setParam(gebs = #41[20, 47, 141, 234, 328, 469, 656, 844, 1031, 1313, 1688, 2250, 3000, 3750, 4688, 5813, 7125, 9000, 11250, 13875, 19688, 0, 0, 0, 0, 0, 0, 0, 0, 0, 0, 0, 0, 0, 0, 0, 0, 0, 0, 0, 0])
01-17 09:06:22.530   627  3892 D DlbDap2Process: setParam(iebs = #41[20, 65, 136, 223, 332, 467, 634, 841, 1098, 1416, 1812, 2302, 2909, 3663, 4598, 5756, 7194, 8976, 11186, 13927, 17326, 117, 133, 188, 176, 141, 149, 175, 185, 185, 200, 236, 242, 228, 213, 182, 132, 110, 68, -27, -240])
01-17 09:06:22.530   627  3892 D DlbDapEndpointParamCache: doCommit() Committed 15 parameters out of 16.
01-17 09:06:22.530   627  3892 D DlbDapEndpointParamCache: commit() Overriding parameters for current device 0x00000002
01-17 09:06:22.530   627  3892 D DlbDap2Process: setParam(dea = #1[7])
01-17 09:06:22.530   627  3892 D DlbDap2Process: setParam(dsa = #1[10])
01-17 09:06:22.530   627  3892 D DlbDap2Process: setParam(beb = #1[192])
01-17 09:06:22.530   627  3892 D DlbDap2Process: setParam(plb = #1[0])
01-17 09:06:22.530   627  3892 D DlbDap2Process: setParam(vmb = #1[144])
01-17 09:06:22.530   627  3892 D DlbDap2Process: setParam(dsb = #1[48])
01-17 09:06:22.530   627  3892 D DlbDap2Process: setParam(ded = #1[0])
01-17 09:06:22.530   627  3892 D DlbDap2Process: setParam(vbm = #1[3])
01-17 09:06:22.530   627  3892 D DlbDap2Process: setParam(dom = #1[0])
01-17 09:06:22.530   627  3892 D DlbDap2Process: setParam(bew = #1[16])
01-17 09:06:22.530   627  3892 D DlbDap2Process: setParam(dvla = #1[5])
01-17 09:06:22.530   627  3892 D DlbDap2Process: setParam(arra = #1[96])
01-17 09:06:22.530   627  3892 D DlbDap2Process: setParam(dfsa = #1[10])
01-17 09:06:22.530   627  3892 D DlbDap2Process: setParam(dhsa = #1[10])
01-17 09:06:22.530   627  3892 D DlbDap2Process: setParam(dvmc = #1[0])
01-17 09:06:22.530   627  3892 D DlbDap2Process: setParam(arod = #1[0])
01-17 09:06:22.530   627  3892 D DlbDap2Process: setParam(arde = #1[1])
01-17 09:06:22.530   627  3892 D DlbDap2Process: setParam(dvle = #1[1])
01-17 09:06:22.530   627  3892 D DlbDap2Process: setParam(dvme = #1[0])
01-17 09:06:22.530   627  3892 D DlbDap2Process: setParam(becf = #1[200])
01-17 09:06:22.530   627  3892 D DlbDap2Process: setParam(vbmf = #2[94, 469])
01-17 09:06:22.530   627  3892 D DlbDap2Process: setParam(vbsf = #2[35, 160])
01-17 09:06:22.531   627  3892 D DlbDap2Process: setParam(vbhg = #3[-32, -144, -192])
01-17 09:06:22.531   627  3892 D DlbDap2Process: setParam(vbog = #1[0])
01-17 09:06:22.531   627  3892 D DlbDap2Process: setParam(vbsg = #1[0])
01-17 09:06:22.531   627  3892 D DlbDap2Process: setParam(dvli = #1[-320])
01-17 09:06:22.531   627  3892 D DlbDap2Process: setParam(dhfm = #1[2])
01-17 09:06:22.531   627  3892 D DlbDap2Process: setParam(vbon = #1[0])
01-17 09:06:22.531   627  3892 D DlbDap2Process: setParam(beon = #1[0])
01-17 09:06:22.531   627  3892 D DlbDap2Process: setParam(deon = #1[0])
01-17 09:06:22.531   627  3892 D DlbDap2Process: setParam(ngon = #1[1])
01-17 09:06:22.531   627  3892 D DlbDap2Process: setParam(aoon = #1[1])
01-17 09:06:22.531   627  3892 D DlbDap2Process: setParam(aron = #1[1])
01-17 09:06:22.531   627  3892 D DlbDap2Process: setParam(dvlo = #1[-320])
01-17 09:06:22.531   627  3892 D DlbDap2Process: setParam(artp = #1[12])
01-17 09:06:22.531   627  3892 D DlbDap2Process: setParam(aobs = #222[20, 10, 47, 141, 234, 328, 469, 656, 844, 1031, 1313, 1688, 2250, 3000, 3750, 4688, 5813, 7125, 9000, 11250, 13875, 19688, 0, 0, 0, 0, 0, 0, 0, 0, 0, 0, 0, 0, 0, 0, 0, 0, 0, 0, 0, 0, 0, 0, 0, 0, 0, 0, 0, 0, 0, 0, 0, 0, 0, 0, 0, 0, 0, 0, 0, 0, 0, 0, 0, 0, 0, 0, 0, 0, 0, 0, 0, 0, 0, 0, 0, 0, 0, 0, 0, 0, 0, 0, 0, 0, 0, 0, 0, 0, 0, 0, 0, 0, 0, 0, 0, 0, 0, 0, 0, 0, 0, 0, 0, 0, 0, 0, 0, 0, 0, 0, 0, 0, 0, 0, 0, 0, 0, 0, 0, 0, 0, 0, 0, 0, 0, 0, 0, 0, 0, 0, 0, 0, 0, 0, 0, 0, 0, 0, 0, 0, 0, 0, 0, 0, 0, 0, 0, 0, 0, 0, 0, 0, 0, 0, 0, 0, 0, 0, 0, 0, 0, 0, 0, 0, 0, 0, 0, 0, 0, 0, 0, 0, 0, 0, 0, 0, 0, 0, 0, 0, 0, 0, 0, 0, 0, 0, 0, 0, 0, 0, 0, 0, 0, 0, 0, 0, 0, 0, 0, 0, 0, 0, 0, 0, 0, 0, 0, 0, 0, 0, 0, 0, 0, 0, 0, 0, 0, 0, 0, 0])
01-17 09:06:22.531   627  3892 D DlbDap2Process: setParam(arbs = #81[20, 47, 141, 234, 328, 469, 656, 844, 1031, 1313, 1688, 2250, 3000, 3750, 4688, 5813, 7125, 9000, 11250, 13875, 19688, -192, -192, -192, -192, -192, -192, -192, -192, -192, -192, -192, -192, -192, -192, -192, -192, -192, -192, -192, -192, 0, 0, 0, 0, 0, 0, 0, 0, 0, 0, 0, 0, 0, 0, 0, 0, 0, 0, 0, 0, 0, 0, 0, 0, 0, 0, 0, 0, 0, 0, 0, 0, 0, 0, 0, 0, 0, 0, 0, 0])
01-17 09:06:22.531   627  3892 D DlbDapEndpointParamCache: doCommit() Committed 37 parameters out of 37.
01-17 09:06:22.531   627  3892 D DlbDap2Process: setMave(mave = 0)
01-17 09:06:22.581   684  1061 D AudioFlinger: trackStateChanged() Track id 709 state changed to 2
01-17 09:06:22.581   684  1061 I AudioFlinger: updateProcessedAudioState() Changing content processing in effect to 0
01-17 09:06:22.581   627  6441 D DlbDlbEffect: handle_EFFECT_CMD_SET_PARAM()
01-17 09:06:22.603   684  1061 D AudioFlinger: trackDestroyed() Track id 709 no longer contains processed audio
01-17 09:06:22.604   684   928 W AudioFlinger::EffectModule: EffectModule 0xee09dc00 destructor called with unreleased interface
01-17 09:06:22.605   684   928 W AudioFlinger::EffectHandle: disconnect Effect handle 0xee0a6940 disconnected after thread destruction
01-17 09:06:22.613   627  3512 D DlbDlbEffect: handle_EFFECT_CMD_DISABLE()
01-17 09:06:22.613   627  3512 D DlbDapCrossfadeProcess: setEnabled transitioning from DAP_ACTIVE state to FADE_TO_BYPASS
01-17 09:06:22.616   627  3512 D DlbDlbEffect: handle_EFFECT_CMD_SET_CONFIG()
01-17 09:06:22.617   627  3512 D DlbDapEndpointParamCache: setDevice(device=0x00000002)
01-17 09:06:22.618   645   645 D DMSService: setActiveDevice called with device = 0x2
01-17 09:06:22.620   627  3512 D DlbDlbEffect: handle_EFFECT_CMD_ENABLE()
01-17 09:06:22.620   627  3512 D DlbDapCrossfadeProcess: setEnabled transitioning from FADE_TO_BYPASS state to FADE_TO_ACTIVE
01-17 09:20:27.988 29348 29348 D featureTest: onCreate
01-17 09:20:27.992 29348 29348 D AudioTrack: Client defaulted notificationFrames to 962 for frameCount 1924
01-17 09:20:27.995 29348 29348 W AudioTrack: Use of stream types is deprecated for operations other than volume control
01-17 09:20:27.995 29348 29348 W AudioTrack: See the documentation of AudioTrack() for what to use instead with android.media.AudioAttributes to qualify your playback use case
01-17 09:20:28.008 29348 29348 D featureTest: onResume
01-17 09:20:28.959 29348 29348 D featureTest: receive broadcast , playing content location :/sdcard/featureTest/stereo_channel_id.wav
01-17 09:20:28.971 29348 29348 D featureTest: mMediaPlayer.getAudioSessionId(): 5289
01-17 09:20:28.971 29348 29348 D featureTest: Playing file: /sdcard/featureTest/stereo_channel_id.wav
01-17 09:20:28.974   710   900 D NuPlayerDriver: NuPlayerDriver(0xe6bcb540) created, clientPid(29348)
01-17 09:20:29.016   710 29372 D NuPlayerDriver: notifyListener_l(0xe6bcb540), (1, 0, 0, -1), loop setting(0, 0)
01-17 09:20:29.030   710   900 D NuPlayerDriver: start(0xe6bcb540), state is 4, eos is 0
01-17 09:20:29.050   717 21044 I OMXMaster: makeComponentInstance(OMX.google.raw.decoder) in omx@1.0-service process
01-17 09:20:29.053   710 29381 I ACodec  : codec does not support config priority (err -2147483648)
01-17 09:20:29.054   710 29381 I MediaCodec: MediaCodec will operate in async mode
01-17 09:20:29.071 29348 29348 D featureTest: receive broadcast , change ds status :1
01-17 09:20:29.088   710 29379 D AudioTrack: Client defaulted notificationFrames to 12000 for frameCount 24000
01-17 09:20:29.097   627  3512 D DlbDlbEffect: handle_EFFECT_CMD_DISABLE()
01-17 09:20:29.097   627  3512 D DlbDapCrossfadeProcess: setEnabled transitioning from FADE_TO_ACTIVE state to FADE_TO_BYPASS
01-17 09:20:29.100   627  3512 D DlbDlbEffect: handle_EFFECT_CMD_SET_CONFIG()
01-17 09:20:29.100   627  3512 D DlbDapEndpointParamCache: setDevice(device=0x00000002)
01-17 09:20:29.101   645   645 D DMSService: setActiveDevice called with device = 0x2
01-17 09:20:29.102   627  3512 D DlbDlbEffect: handle_EFFECT_CMD_ENABLE()
01-17 09:20:29.102   627  3512 D DlbDapCrossfadeProcess: setEnabled transitioning from FADE_TO_BYPASS state to FADE_TO_ACTIVE
01-17 09:20:29.102   684  3974 W AudioFlinger: moveDolbyEffect() effect chain for session 0 not on source thread 0xee0ae580
01-17 09:20:29.104   710 29372 D NuPlayerDriver: notifyListener_l(0xe6bcb540), (6, 0, 0, -1), loop setting(0, 1)
01-17 09:20:29.108   627  3892 D DlbDapCrossfadeProcess: process transitioning from FADE_TO_ACTIVE state to DAP_ACTIVE
01-17 09:20:29.108   627  3512 D DlbDlbEffect: handle_EFFECT_CMD_SET_PARAM()
01-17 09:20:29.155 29348 29348 D featureTest: receive broadcast , change ds profile id :5
01-17 09:20:29.163   627  3512 D DlbDlbEffect: handle_EFFECT_CMD_SET_PARAM()
01-17 09:20:29.221 29348 29348 D featureTest: receive broadcast , change bass enable :0
01-17 09:20:29.235   684  1061 D AudioFlinger: mixer(0xed503800) throttle end: throttle time(41)
01-17 09:20:29.238   627  3512 D DlbDlbEffect: handle_EFFECT_CMD_SET_PARAM()
01-17 09:20:29.289 29348 29348 D featureTest: receive broadcast , record log :0
01-17 09:20:29.341 29348 29348 D featureTest: receive broadcast , playing content location :/sdcard/featureTest/stereo_channel_id.wav
01-17 09:20:29.346   710   900 D NuPlayerDriver: stop(0xe6bcb540)
01-17 09:20:29.346   710   900 D NuPlayerDriver: notifyListener_l(0xe6bcb540), (8, 0, 0, -1), loop setting(0, 1)
01-17 09:20:29.347   710   900 D NuPlayerDriver: reset(0xe6bcb540) at state 8
01-17 09:20:29.360   710 29372 D NuPlayerDriver: notifyResetComplete(0xe6bcb540)
01-17 09:20:29.362   710   900 D NuPlayerDriver: reset(0xe6bcb540) at state 0
01-17 09:20:29.373 29348 29348 D featureTest: mMediaPlayer.getAudioSessionId(): 5297
01-17 09:20:29.374 29348 29348 D featureTest: Playing file: /sdcard/featureTest/stereo_channel_id.wav
01-17 09:20:29.375   710   710 D NuPlayerDriver: NuPlayerDriver(0xe6bcb460) created, clientPid(29348)
01-17 09:20:29.401   710 29405 D NuPlayerDriver: notifyListener_l(0xe6bcb460), (1, 0, 0, -1), loop setting(0, 0)
01-17 09:20:29.406   710   710 D NuPlayerDriver: start(0xe6bcb460), state is 4, eos is 0
01-17 09:20:29.416   717 20091 I OMXMaster: makeComponentInstance(OMX.google.raw.decoder) in omx@1.0-service process
01-17 09:20:29.419   710 29411 I ACodec  : codec does not support config priority (err -2147483648)
01-17 09:20:29.420   710 29411 I MediaCodec: MediaCodec will operate in async mode
01-17 09:20:29.430 29348 29348 D featureTest: receive broadcast , change ds status :1
01-17 09:20:29.436   710 29409 D AudioTrack: Client defaulted notificationFrames to 12000 for frameCount 24000
01-17 09:20:29.441   627  6441 D DlbDlbEffect: handle_EFFECT_CMD_SET_PARAM()
01-17 09:20:29.443   684  3974 W AudioFlinger: moveDolbyEffect() effect chain for session 0 not on source thread 0xee0ae580
01-17 09:20:29.443   710 29405 D NuPlayerDriver: notifyListener_l(0xe6bcb460), (6, 0, 0, -1), loop setting(0, 1)
01-17 09:20:29.492 29348 29348 D featureTest: receive broadcast , change ds profile id :5
01-17 09:20:29.501   627  3512 D DlbDlbEffect: handle_EFFECT_CMD_SET_PARAM()
01-17 09:20:29.518   684   928 W AudioFlinger::EffectModule: EffectModule 0xed0e2200 destructor called with unreleased interface
01-17 09:20:29.518   684   928 W AudioFlinger::EffectHandle: disconnect Effect handle 0xee163200 disconnected after thread destruction
01-17 09:20:29.549 29348 29348 D featureTest: receive broadcast , change bass enable :1
01-17 09:20:29.559   627  6441 D DlbDlbEffect: handle_EFFECT_CMD_SET_PARAM()
01-17 09:20:29.597   627  3892 D DlbDapCrossfadeProcess: setEnabled transitioning from DAP_ACTIVE state to FADE_TO_BYPASS
01-17 09:20:29.598   627  3892 D DlbDapEndpointParamCache: commitChangedParams()
01-17 09:20:29.598   627  3892 D DlbDapEndpointParamCache: commit() Applying parameters for device 0x40000000
01-17 09:20:29.598   627  3892 D DlbDap2Process: setParam(iea = #1[10])
01-17 09:20:29.598   627  3892 D DlbDap2Process: setParam(msce = #1[0])
01-17 09:20:29.598   627  3892 D DlbDap2Process: setParam(mdee = #1[0])
01-17 09:20:29.598   627  3892 D DlbDap2Process: setParam(miee = #1[0])
01-17 09:20:29.598   627  3892 D DlbDap2Process: setParam(mdle = #1[0])
01-17 09:20:29.598   627  3892 D DlbDap2Process: setParam(dvle = #1[1])
01-17 09:20:29.598   627  3892 D DlbDap2Process: setParam(mave = #1[0])
01-17 09:20:29.598   627  3892 D DlbDap2Process: setParam(vcbf = #20[47, 141, 234, 328, 469, 656, 844, 1031, 1313, 1688, 2250, 3000, 3750, 4688, 5813, 7125, 9000, 11250, 13875, 19688])
01-17 09:20:29.598   627  3892 D DlbDap2Process: setParam(vbon = #1[1])
01-17 09:20:29.598   627  3892 D DlbDap2Process: setParam(beon = #1[1])
01-17 09:20:29.598   627  3892 D DlbDap2Process: setParam(geon = #1[0])
01-17 09:20:29.598   627  3892 D DlbDap2Process: setParam(ieon = #1[0])
01-17 09:20:29.598   627  3892 D DlbDap2Process: setParam(gebs = #41[20, 47, 141, 234, 328, 469, 656, 844, 1031, 1313, 1688, 2250, 3000, 3750, 4688, 5813, 7125, 9000, 11250, 13875, 19688, 0, 0, 0, 0, 0, 0, 0, 0, 0, 0, 0, 0, 0, 0, 0, 0, 0, 0, 0, 0])
01-17 09:20:29.598   627  3892 D DlbDap2Process: setParam(iebs = #41[20, 65, 136, 223, 332, 467, 634, 841, 1098, 1416, 1812, 2302, 2909, 3663, 4598, 5756, 7194, 8976, 11186, 13927, 17326, 117, 133, 188, 176, 141, 149, 175, 185, 185, 200, 236, 242, 228, 213, 182, 132, 110, 68, -27, -240])
01-17 09:20:29.598   627  3892 D DlbDapEndpointParamCache: doCommit() Committed 15 parameters out of 16.
01-17 09:20:29.598   627  3892 D DlbDapEndpointParamCache: commit() Overriding parameters for current device 0x00000002
01-17 09:20:29.598   627  3892 D DlbDap2Process: setParam(dea = #1[7])
01-17 09:20:29.598   627  3892 D DlbDap2Process: setParam(dsa = #1[10])
01-17 09:20:29.598   627  3892 D DlbDap2Process: setParam(beb = #1[192])
01-17 09:20:29.598   627  3892 D DlbDap2Process: setParam(plb = #1[0])
01-17 09:20:29.599   627  3892 D DlbDap2Process: setParam(vmb = #1[144])
01-17 09:20:29.599   627  3892 D DlbDap2Process: setParam(dsb = #1[48])
01-17 09:20:29.599   627  3892 D DlbDap2Process: setParam(ded = #1[0])
01-17 09:20:29.599   627  3892 D DlbDap2Process: setParam(vbm = #1[3])
01-17 09:20:29.599   627  3892 D DlbDap2Process: setParam(dom = #1[0])
01-17 09:20:29.599   627  3892 D DlbDap2Process: setParam(bew = #1[16])
01-17 09:20:29.599   627  3892 D DlbDap2Process: setParam(dvla = #1[5])
01-17 09:20:29.599   627  3892 D DlbDap2Process: setParam(arra = #1[96])
01-17 09:20:29.599   627  3892 D DlbDap2Process: setParam(dfsa = #1[10])
01-17 09:20:29.599   627  3892 D DlbDap2Process: setParam(dhsa = #1[10])
01-17 09:20:29.599   627  3892 D DlbDap2Process: setParam(dvmc = #1[0])
01-17 09:20:29.599   627  3892 D DlbDap2Process: setParam(arod = #1[0])
01-17 09:20:29.599   627  3892 D DlbDap2Process: setParam(arde = #1[1])
01-17 09:20:29.599   627  3892 D DlbDap2Process: setParam(dvle = #1[1])
01-17 09:20:29.599   627  3892 D DlbDap2Process: setParam(dvme = #1[0])
01-17 09:20:29.599   627  3892 D DlbDap2Process: setParam(becf = #1[200])
01-17 09:20:29.599   627  3892 D DlbDap2Process: setParam(vbmf = #2[94, 469])
01-17 09:20:29.599   627  3892 D DlbDap2Process: setParam(vbsf = #2[35, 160])
01-17 09:20:29.599   627  3892 D DlbDap2Process: setParam(vbhg = #3[-32, -144, -192])
01-17 09:20:29.599   627  3892 D DlbDap2Process: setParam(vbog = #1[0])
01-17 09:20:29.599   627  3892 D DlbDap2Process: setParam(vbsg = #1[0])
01-17 09:20:29.599   627  3892 D DlbDap2Process: setParam(dvli = #1[-320])
01-17 09:20:29.599   627  3892 D DlbDap2Process: setParam(dhfm = #1[2])
01-17 09:20:29.599   627  3892 D DlbDap2Process: setParam(vbon = #1[1])
01-17 09:20:29.599   627  3892 D DlbDap2Process: setParam(beon = #1[1])
01-17 09:20:29.599   627  3892 D DlbDap2Process: setParam(deon = #1[0])
01-17 09:20:29.599   627  3892 D DlbDap2Process: setParam(ngon = #1[1])
01-17 09:20:29.599   627  3892 D DlbDap2Process: setParam(aoon = #1[1])
01-17 09:20:29.599   627  3892 D DlbDap2Process: setParam(aron = #1[1])
01-17 09:20:29.599   627  3892 D DlbDap2Process: setParam(dvlo = #1[-320])
01-17 09:20:29.599   627  3892 D DlbDap2Process: setParam(artp = #1[12])
01-17 09:20:29.600   627  3892 D DlbDap2Process: setParam(aobs = #222[20, 10, 47, 141, 234, 328, 469, 656, 844, 1031, 1313, 1688, 2250, 3000, 3750, 4688, 5813, 7125, 9000, 11250, 13875, 19688, 0, 0, 0, 0, 0, 0, 0, 0, 0, 0, 0, 0, 0, 0, 0, 0, 0, 0, 0, 0, 0, 0, 0, 0, 0, 0, 0, 0, 0, 0, 0, 0, 0, 0, 0, 0, 0, 0, 0, 0, 0, 0, 0, 0, 0, 0, 0, 0, 0, 0, 0, 0, 0, 0, 0, 0, 0, 0, 0, 0, 0, 0, 0, 0, 0, 0, 0, 0, 0, 0, 0, 0, 0, 0, 0, 0, 0, 0, 0, 0, 0, 0, 0, 0, 0, 0, 0, 0, 0, 0, 0, 0, 0, 0, 0, 0, 0, 0, 0, 0, 0, 0, 0, 0, 0, 0, 0, 0, 0, 0, 0, 0, 0, 0, 0, 0, 0, 0, 0, 0, 0, 0, 0, 0, 0, 0, 0, 0, 0, 0, 0, 0, 0, 0, 0, 0, 0, 0, 0, 0, 0, 0, 0, 0, 0, 0, 0, 0, 0, 0, 0, 0, 0, 0, 0, 0, 0, 0, 0, 0, 0, 0, 0, 0, 0, 0, 0, 0, 0, 0, 0, 0, 0, 0, 0, 0, 0, 0, 0, 0, 0, 0, 0, 0, 0, 0, 0, 0, 0, 0, 0, 0, 0, 0, 0, 0, 0, 0, 0, 0])
01-17 09:20:29.600   627  3892 D DlbDap2Process: setParam(arbs = #81[20, 47, 141, 234, 328, 469, 656, 844, 1031, 1313, 1688, 2250, 3000, 3750, 4688, 5813, 7125, 9000, 11250, 13875, 19688, -192, -192, -192, -192, -192, -192, -192, -192, -192, -192, -192, -192, -192, -192, -192, -192, -192, -192, -192, -192, 0, 0, 0, 0, 0, 0, 0, 0, 0, 0, 0, 0, 0, 0, 0, 0, 0, 0, 0, 0, 0, 0, 0, 0, 0, 0, 0, 0, 0, 0, 0, 0, 0, 0, 0, 0, 0, 0, 0, 0])
01-17 09:20:29.600   627  3892 D DlbDapEndpointParamCache: doCommit() Committed 37 parameters out of 37.
01-17 09:20:29.600   627  3892 D DlbDap2Process: setMave(mave = 0)
01-17 09:20:29.607 29348 29348 D featureTest: receive broadcast , record log :0
01-17 09:20:29.684   627  3892 D DlbDapCrossfadeProcess: process transitioning from FADE_TO_BYPASS state to DAP_BYPASSED
01-17 09:20:29.717   627  3892 I DlbDapCrossfadeProcess: reset()
01-17 09:20:29.717   627  3892 I DlbDap2Process: close()
01-17 09:20:29.717   627  3892 I DlbDap2Process: init()
01-17 09:20:29.718   627  3892 I DlbDap2Process: open()
01-17 09:20:29.719   627  3892 I DlbDap2Process: loadLicense() no license check!
01-17 09:20:29.719   627  3892 I DlbDap2Process: validateLicense() no license check!
01-17 09:20:29.719   627  3892 I DlbDap2Process: init() DAP opened
01-17 09:20:29.719   627  3892 I DlbDap2Process: DAP library version: 2.5.1-P2.0
01-17 09:20:29.719   627  3892 D DlbDap2Process: DAP output mode set to 1 with 2 output channels and null mix matrix.
01-17 09:20:29.719   627  3892 D DlbDapEndpointParamCache: commitAllParams()
01-17 09:20:29.719   627  3892 D DlbDapEndpointParamCache: commit() Applying parameters for device 0x40000000
01-17 09:20:29.719   627  3892 D DlbDap2Process: setParam(iea = #1[10])
01-17 09:20:29.719   627  3892 D DlbDap2Process: setParam(msce = #1[0])
01-17 09:20:29.720   627  3892 D DlbDap2Process: setParam(mdee = #1[0])
01-17 09:20:29.720   627  3892 D DlbDap2Process: setParam(miee = #1[0])
01-17 09:20:29.720   627  3892 D DlbDap2Process: setParam(mdle = #1[0])
01-17 09:20:29.720   627  3892 D DlbDap2Process: setParam(dvle = #1[1])
01-17 09:20:29.720   627  3892 D DlbDap2Process: setParam(mave = #1[0])
01-17 09:20:29.720   627  3892 D DlbDap2Process: setParam(vcbf = #20[47, 141, 234, 328, 469, 656, 844, 1031, 1313, 1688, 2250, 3000, 3750, 4688, 5813, 7125, 9000, 11250, 13875, 19688])
01-17 09:20:29.720   627  3892 D DlbDap2Process: setParam(preg = #1[-666])
01-17 09:20:29.720   627  3892 D DlbDap2Process: setParam(vbon = #1[1])
01-17 09:20:29.720   627  3892 D DlbDap2Process: setParam(beon = #1[1])
01-17 09:20:29.720   627  3892 D DlbDap2Process: setParam(geon = #1[0])
01-17 09:20:29.720   627  3892 D DlbDap2Process: setParam(ieon = #1[0])
01-17 09:20:29.721   627  3892 D DlbDap2Process: setParam(gebs = #41[20, 47, 141, 234, 328, 469, 656, 844, 1031, 1313, 1688, 2250, 3000, 3750, 4688, 5813, 7125, 9000, 11250, 13875, 19688, 0, 0, 0, 0, 0, 0, 0, 0, 0, 0, 0, 0, 0, 0, 0, 0, 0, 0, 0, 0])
01-17 09:20:29.721   627  3892 D DlbDap2Process: setParam(iebs = #41[20, 65, 136, 223, 332, 467, 634, 841, 1098, 1416, 1812, 2302, 2909, 3663, 4598, 5756, 7194, 8976, 11186, 13927, 17326, 117, 133, 188, 176, 141, 149, 175, 185, 185, 200, 236, 242, 228, 213, 182, 132, 110, 68, -27, -240])
01-17 09:20:29.721   627  3892 D DlbDapEndpointParamCache: doCommit() Committed 16 parameters out of 16.
01-17 09:20:29.721   627  3892 D DlbDapEndpointParamCache: commit() Overriding parameters for current device 0x00000002
01-17 09:20:29.721   627  3892 D DlbDap2Process: setParam(dea = #1[7])
01-17 09:20:29.721   627  3892 D DlbDap2Process: setParam(dsa = #1[10])
01-17 09:20:29.721   627  3892 D DlbDap2Process: setParam(beb = #1[192])
01-17 09:20:29.721   627  3892 D DlbDap2Process: setParam(plb = #1[0])
01-17 09:20:29.721   627  3892 D DlbDap2Process: setParam(vmb = #1[144])
01-17 09:20:29.722   627  3892 D DlbDap2Process: setParam(dsb = #1[48])
01-17 09:20:29.722   627  3892 D DlbDap2Process: setParam(ded = #1[0])
01-17 09:20:29.722   627  3892 D DlbDap2Process: setParam(vbm = #1[3])
01-17 09:20:29.722   627  3892 D DlbDap2Process: setParam(dom = #1[0])
01-17 09:20:29.722   627  3892 D DlbDap2Process: setParam(bew = #1[16])
01-17 09:20:29.722   627  3892 D DlbDap2Process: setParam(dvla = #1[5])
01-17 09:20:29.722   627  3892 D DlbDap2Process: setParam(arra = #1[96])
01-17 09:20:29.722   627  3892 D DlbDap2Process: setParam(dfsa = #1[10])
01-17 09:20:29.722   627  3892 D DlbDap2Process: setParam(dhsa = #1[10])
01-17 09:20:29.722   627  3892 D DlbDap2Process: setParam(dvmc = #1[0])
01-17 09:20:29.722   627  3892 D DlbDap2Process: setParam(arod = #1[0])
01-17 09:20:29.722   627  3892 D DlbDap2Process: setParam(arde = #1[1])
01-17 09:20:29.722   627  3892 D DlbDap2Process: setParam(dvle = #1[1])
01-17 09:20:29.723   627  3892 D DlbDap2Process: setParam(dvme = #1[0])
01-17 09:20:29.723   627  3892 D DlbDap2Process: setParam(becf = #1[200])
01-17 09:20:29.723   627  3892 D DlbDap2Process: setParam(vbmf = #2[94, 469])
01-17 09:20:29.723   627  3892 D DlbDap2Process: setParam(vbsf = #2[35, 160])
01-17 09:20:29.723   627  3892 D DlbDap2Process: setParam(vbhg = #3[-32, -144, -192])
01-17 09:20:29.723   627  3892 D DlbDap2Process: setParam(vbog = #1[0])
01-17 09:20:29.723   627  3892 D DlbDap2Process: setParam(vbsg = #1[0])
01-17 09:20:29.723   627  3892 D DlbDap2Process: setParam(dvli = #1[-320])
01-17 09:20:29.723   627  3892 D DlbDap2Process: setParam(dhfm = #1[2])
01-17 09:20:29.723   627  3892 D DlbDap2Process: setParam(vbon = #1[1])
01-17 09:20:29.723   627  3892 D DlbDap2Process: setParam(beon = #1[1])
01-17 09:20:29.723   627  3892 D DlbDap2Process: setParam(deon = #1[0])
01-17 09:20:29.723   627  3892 D DlbDap2Process: setParam(ngon = #1[1])
01-17 09:20:29.723   627  3892 D DlbDap2Process: setParam(aoon = #1[1])
01-17 09:20:29.724   627  3892 D DlbDap2Process: setParam(aron = #1[1])
01-17 09:20:29.724   627  3892 D DlbDap2Process: setParam(dvlo = #1[-320])
01-17 09:20:29.724   627  3892 D DlbDap2Process: setParam(artp = #1[12])
01-17 09:20:29.725   627  3892 D DlbDap2Process: setParam(aobs = #222[20, 10, 47, 141, 234, 328, 469, 656, 844, 1031, 1313, 1688, 2250, 3000, 3750, 4688, 5813, 7125, 9000, 11250, 13875, 19688, 0, 0, 0, 0, 0, 0, 0, 0, 0, 0, 0, 0, 0, 0, 0, 0, 0, 0, 0, 0, 0, 0, 0, 0, 0, 0, 0, 0, 0, 0, 0, 0, 0, 0, 0, 0, 0, 0, 0, 0, 0, 0, 0, 0, 0, 0, 0, 0, 0, 0, 0, 0, 0, 0, 0, 0, 0, 0, 0, 0, 0, 0, 0, 0, 0, 0, 0, 0, 0, 0, 0, 0, 0, 0, 0, 0, 0, 0, 0, 0, 0, 0, 0, 0, 0, 0, 0, 0, 0, 0, 0, 0, 0, 0, 0, 0, 0, 0, 0, 0, 0, 0, 0, 0, 0, 0, 0, 0, 0, 0, 0, 0, 0, 0, 0, 0, 0, 0, 0, 0, 0, 0, 0, 0, 0, 0, 0, 0, 0, 0, 0, 0, 0, 0, 0, 0, 0, 0, 0, 0, 0, 0, 0, 0, 0, 0, 0, 0, 0, 0, 0, 0, 0, 0, 0, 0, 0, 0, 0, 0, 0, 0, 0, 0, 0, 0, 0, 0, 0, 0, 0, 0, 0, 0, 0, 0, 0, 0, 0, 0, 0, 0, 0, 0, 0, 0, 0, 0, 0, 0, 0, 0, 0, 0, 0, 0, 0, 0, 0, 0])
01-17 09:20:29.725   627  3892 D DlbDap2Process: setParam(arbs = #81[20, 47, 141, 234, 328, 469, 656, 844, 1031, 1313, 1688, 2250, 3000, 3750, 4688, 5813, 7125, 9000, 11250, 13875, 19688, -192, -192, -192, -192, -192, -192, -192, -192, -192, -192, -192, -192, -192, -192, -192, -192, -192, -192, -192, -192, 0, 0, 0, 0, 0, 0, 0, 0, 0, 0, 0, 0, 0, 0, 0, 0, 0, 0, 0, 0, 0, 0, 0, 0, 0, 0, 0, 0, 0, 0, 0, 0, 0, 0, 0, 0, 0, 0, 0, 0])
01-17 09:20:29.725   627  3892 D DlbDapEndpointParamCache: doCommit() Committed 37 parameters out of 37.
01-17 09:20:29.725   627  3892 D DlbDapCrossfadeProcess: setEnabled transitioning from DAP_BYPASSED state to PREROLL_ACTIVE
01-17 09:20:29.757   627  3892 D DlbDap2Process: setMave(mave = 0)
01-17 09:20:29.803   627  3892 D DlbDapCrossfadeProcess: process transitioning from PREROLL_ACTIVE state to FADE_TO_ACTIVE
01-17 09:20:29.924   627  3892 D DlbDapCrossfadeProcess: process transitioning from FADE_TO_ACTIVE state to DAP_ACTIVE
01-17 09:20:30.159   627  3892 D DlbDap2Process: process() called [449000] times
01-17 09:20:32.802   627  3892 D DlbDap2Process: process() called [449500] times
