01-17 09:24:06.664   710  1422 D NuPlayerDriver: reset(0xe6bcb7e0) at state 5
01-17 09:24:06.667   710  1422 D NuPlayerDriver: notifyListener_l(0xe6bcb7e0), (8, 0, 0, -1), loop setting(0, 1)
01-17 09:24:06.670   684  3973 D AudioFlinger: trackStateChanged() Track id 762 state changed to 6
01-17 09:24:06.676   717 21044 I DDP_JOCDecoder: -> ~DDPDecoder
01-17 09:24:06.676   717 21044 I DDP_JOCDecoder: -> stop
01-17 09:24:06.677   645   645 I DMSService: unregisterClient type = 4, uid = e7f0fb90
01-17 09:24:06.742   717 21044 I DDP_JOCDecoder: <- stop
01-17 09:24:06.742   717 21044 I ARenderer: ~ARenderer
01-17 09:24:06.742   717 21044 I evo_parser: evo_parser_close
01-17 09:24:06.742   717 21044 I DlbDap2QmfProcess: ~Dap2Process()
01-17 09:24:06.743   717 21044 I DlbDap2QmfProcess: close()
01-17 09:24:06.743   717 21044 I DDP_JOCDecoder: <- ~DDPDecoder
01-17 09:24:06.752   710 31128 D NuPlayerDriver: notifyResetComplete(0xe6bcb7e0)
01-17 09:24:06.753   710  1422 D AudioTrack: stop() called with 0 frames delivered
01-17 09:24:06.755   627  3892 I DlbEffectContext: setContentProcEnabled() Enabling content processing in global effect
01-17 09:24:06.755   627  3892 D DlbDapEndpointParamCache: commitChangedParams()
01-17 09:24:06.755   627  3892 D DlbDapEndpointParamCache: commit() Applying parameters for device 0x40000000
01-17 09:24:06.755   627  3892 D DlbDap2Process: setParam(iea = #1[10])
01-17 09:24:06.755   627  3892 D DlbDap2Process: setParam(msce = #1[0])
01-17 09:24:06.755   627  3892 D DlbDap2Process: setParam(mdee = #1[0])
01-17 09:24:06.756   627  3892 D DlbDap2Process: setParam(miee = #1[0])
01-17 09:24:06.756   627  3892 D DlbDap2Process: setParam(mdle = #1[0])
01-17 09:24:06.756   627  3892 D DlbDap2Process: setParam(dvle = #1[1])
01-17 09:24:06.756   627  3892 D DlbDap2Process: setParam(mave = #1[0])
01-17 09:24:06.756   627  3892 D DlbDap2Process: setParam(vcbf = #20[47, 141, 234, 328, 469, 656, 844, 1031, 1313, 1688, 2250, 3000, 3750, 4688, 5813, 7125, 9000, 11250, 13875, 19688])
01-17 09:24:06.756   627  3892 D DlbDap2Process: setParam(vbon = #1[0])
01-17 09:24:06.756   627  3892 D DlbDap2Process: setParam(beon = #1[0])
01-17 09:24:06.756   627  3892 D DlbDap2Process: setParam(geon = #1[0])
01-17 09:24:06.756   627  3892 D DlbDap2Process: setParam(ieon = #1[0])
01-17 09:24:06.756   627  3892 D DlbDap2Process: setParam(gebs = #41[20, 47, 141, 234, 328, 469, 656, 844, 1031, 1313, 1688, 2250, 3000, 3750, 4688, 5813, 7125, 9000, 11250, 13875, 19688, 0, 0, 0, 0, 0, 0, 0, 0, 0, 0, 0, 0, 0, 0, 0, 0, 0, 0, 0, 0])
01-17 09:24:06.756   627  3892 D DlbDap2Process: setParam(iebs = #41[20, 65, 136, 223, 332, 467, 634, 841, 1098, 1416, 1812, 2302, 2909, 3663, 4598, 5756, 7194, 8976, 11186, 13927, 17326, 117, 133, 188, 176, 141, 149, 175, 185, 185, 200, 236, 242, 228, 213, 182, 132, 110, 68, -27, -240])
01-17 09:24:06.756   627  3892 D DlbDapEndpointParamCache: doCommit() Committed 15 parameters out of 16.
01-17 09:24:06.756   627  3892 D DlbDapEndpointParamCache: commit() Overriding parameters for current device 0x00000002
01-17 09:24:06.756   627  3892 D DlbDap2Process: setParam(dea = #1[7])
01-17 09:24:06.756   627  3892 D DlbDap2Process: setParam(dsa = #1[10])
01-17 09:24:06.756   627  3892 D DlbDap2Process: setParam(beb = #1[192])
01-17 09:24:06.756   627  3892 D DlbDap2Process: setParam(plb = #1[0])
01-17 09:24:06.756   627  3892 D DlbDap2Process: setParam(vmb = #1[144])
01-17 09:24:06.756   627  3892 D DlbDap2Process: setParam(dsb = #1[48])
01-17 09:24:06.756   627  3892 D DlbDap2Process: setParam(ded = #1[0])
01-17 09:24:06.757   627  3892 D DlbDap2Process: setParam(vbm = #1[3])
01-17 09:24:06.757   627  3892 D DlbDap2Process: setParam(dom = #1[0])
01-17 09:24:06.757   627  3892 D DlbDap2Process: setParam(bew = #1[16])
01-17 09:24:06.757   627  3892 D DlbDap2Process: setParam(dvla = #1[5])
01-17 09:24:06.757   627  3892 D DlbDap2Process: setParam(arra = #1[96])
01-17 09:24:06.757   627  3892 D DlbDap2Process: setParam(dfsa = #1[10])
01-17 09:24:06.757   627  3892 D DlbDap2Process: setParam(dhsa = #1[10])
01-17 09:24:06.757   627  3892 D DlbDap2Process: setParam(dvmc = #1[0])
01-17 09:24:06.757   627  3892 D DlbDap2Process: setParam(arod = #1[0])
01-17 09:24:06.757   627  3892 D DlbDap2Process: setParam(arde = #1[1])
01-17 09:24:06.757   627  3892 D DlbDap2Process: setParam(dvle = #1[1])
01-17 09:24:06.757   627  3892 D DlbDap2Process: setParam(dvme = #1[0])
01-17 09:24:06.757   627  3892 D DlbDap2Process: setParam(becf = #1[200])
01-17 09:24:06.757   627  3892 D DlbDap2Process: setParam(vbmf = #2[94, 469])
01-17 09:24:06.757   627  3892 D DlbDap2Process: setParam(vbsf = #2[35, 160])
01-17 09:24:06.757   627  3892 D DlbDap2Process: setParam(vbhg = #3[-32, -144, -192])
01-17 09:24:06.757   627  3892 D DlbDap2Process: setParam(vbog = #1[0])
01-17 09:24:06.757   627  3892 D DlbDap2Process: setParam(vbsg = #1[0])
01-17 09:24:06.757   627  3892 D DlbDap2Process: setParam(dvli = #1[-320])
01-17 09:24:06.757   627  3892 D DlbDap2Process: setParam(dhfm = #1[2])
01-17 09:24:06.757   627  3892 D DlbDap2Process: setParam(vbon = #1[0])
01-17 09:24:06.757   627  3892 D DlbDap2Process: setParam(beon = #1[0])
01-17 09:24:06.757   627  3892 D DlbDap2Process: setParam(deon = #1[0])
01-17 09:24:06.757   627  3892 D DlbDap2Process: setParam(ngon = #1[1])
01-17 09:24:06.758   627  3892 D DlbDap2Process: setParam(aoon = #1[1])
01-17 09:24:06.758   627  3892 D DlbDap2Process: setParam(aron = #1[1])
01-17 09:24:06.758   627  3892 D DlbDap2Process: setParam(dvlo = #1[-320])
01-17 09:24:06.758   627  3892 D DlbDap2Process: setParam(artp = #1[12])
01-17 09:24:06.758   627  3892 D DlbDap2Process: setParam(aobs = #222[20, 10, 47, 141, 234, 328, 469, 656, 844, 1031, 1313, 1688, 2250, 3000, 3750, 4688, 5813, 7125, 9000, 11250, 13875, 19688, 0, 0, 0, 0, 0, 0, 0, 0, 0, 0, 0, 0, 0, 0, 0, 0, 0, 0, 0, 0, 0, 0, 0, 0, 0, 0, 0, 0, 0, 0, 0, 0, 0, 0, 0, 0, 0, 0, 0, 0, 0, 0, 0, 0, 0, 0, 0, 0, 0, 0, 0, 0, 0, 0, 0, 0, 0, 0, 0, 0, 0, 0, 0, 0, 0, 0, 0, 0, 0, 0, 0, 0, 0, 0, 0, 0, 0, 0, 0, 0, 0, 0, 0, 0, 0, 0, 0, 0, 0, 0, 0, 0, 0, 0, 0, 0, 0, 0, 0, 0, 0, 0, 0, 0, 0, 0, 0, 0, 0, 0, 0, 0, 0, 0, 0, 0, 0, 0, 0, 0, 0, 0, 0, 0, 0, 0, 0, 0, 0, 0, 0, 0, 0, 0, 0, 0, 0, 0, 0, 0, 0, 0, 0, 0, 0, 0, 0, 0, 0, 0, 0, 0, 0, 0, 0, 0, 0, 0, 0, 0, 0, 0, 0, 0, 0, 0, 0, 0, 0, 0, 0, 0, 0, 0, 0, 0, 0, 0, 0, 0, 0, 0, 0, 0, 0, 0, 0, 0, 0, 0, 0, 0, 0, 0, 0, 0, 0, 0, 0, 0])
01-17 09:24:06.758   627  3892 D DlbDap2Process: setParam(arbs = #81[20, 47, 141, 234, 328, 469, 656, 844, 1031, 1313, 1688, 2250, 3000, 3750, 4688, 5813, 7125, 9000, 11250, 13875, 19688, -192, -192, -192, -192, -192, -192, -192, -192, -192, -192, -192, -192, -192, -192, -192, -192, -192, -192, -192, -192, 0, 0, 0, 0, 0, 0, 0, 0, 0, 0, 0, 0, 0, 0, 0, 0, 0, 0, 0, 0, 0, 0, 0, 0, 0, 0, 0, 0, 0, 0, 0, 0, 0, 0, 0, 0, 0, 0, 0, 0])
01-17 09:24:06.758   627  3892 D DlbDapEndpointParamCache: doCommit() Committed 37 parameters out of 37.
01-17 09:24:06.759   627  3892 D DlbDap2Process: setMave(mave = 0)
01-17 09:24:06.812   684  1061 D AudioFlinger: trackStateChanged() Track id 762 state changed to 2
01-17 09:24:06.812   684  1061 I AudioFlinger: updateProcessedAudioState() Changing content processing in effect to 0
01-17 09:24:06.812   627   922 D DlbDlbEffect: handle_EFFECT_CMD_SET_PARAM()
01-17 09:24:06.833   684  1061 D AudioFlinger: trackDestroyed() Track id 762 no longer contains processed audio
01-17 09:24:06.835   684   928 W AudioFlinger::EffectModule: EffectModule 0xed0e2800 destructor called with unreleased interface
01-17 09:24:06.835   684   928 W AudioFlinger::EffectHandle: disconnect Effect handle 0xee163640 disconnected after thread destruction
01-17 09:24:06.836   627   922 D DlbDlbEffect: handle_EFFECT_CMD_DISABLE()
01-17 09:24:06.836   627   922 D DlbDapCrossfadeProcess: setEnabled transitioning from DAP_ACTIVE state to FADE_TO_BYPASS
01-17 09:24:06.838   627   922 D DlbDlbEffect: handle_EFFECT_CMD_SET_CONFIG()
01-17 09:24:06.838   627   922 D DlbDapEndpointParamCache: setDevice(device=0x00000002)
01-17 09:24:06.838   645   645 D DMSService: setActiveDevice called with device = 0x2
01-17 09:24:06.839   627   922 D DlbDlbEffect: handle_EFFECT_CMD_ENABLE()
01-17 09:24:06.839   627   922 D DlbDapCrossfadeProcess: setEnabled transitioning from FADE_TO_BYPASS state to FADE_TO_ACTIVE
01-17 09:24:06.980 31171 31171 D featureTest: onCreate
01-17 09:24:06.985 31171 31171 D AudioTrack: Client defaulted notificationFrames to 962 for frameCount 1924
01-17 09:24:06.987 31171 31171 W AudioTrack: Use of stream types is deprecated for operations other than volume control
01-17 09:24:06.987 31171 31171 W AudioTrack: See the documentation of AudioTrack() for what to use instead with android.media.AudioAttributes to qualify your playback use case
01-17 09:24:07.000 31171 31171 D featureTest: onResume
01-17 09:24:07.855 31171 31171 D featureTest: receive broadcast , playing content location :/sdcard/featureTest/ChID_voices_71_640_ddp_joc.mp4
01-17 09:24:07.868 31171 31171 D featureTest: mMediaPlayer.getAudioSessionId(): 5721
01-17 09:24:07.868 31171 31171 D featureTest: Playing file: /sdcard/featureTest/ChID_voices_71_640_ddp_joc.mp4
01-17 09:24:07.870   710  1422 D NuPlayerDriver: NuPlayerDriver(0xe6bcb7e0) created, clientPid(31171)
01-17 09:24:07.900   710 31199 D NuPlayerDriver: notifyListener_l(0xe6bcb7e0), (5, 1920, 1080, -1), loop setting(0, 0)
01-17 09:24:07.900   710 31199 D NuPlayerDriver: notifyListener_l(0xe6bcb7e0), (1, 0, 0, -1), loop setting(0, 0)
01-17 09:24:07.910   710  1422 D NuPlayerDriver: start(0xe6bcb7e0), state is 4, eos is 0
01-17 09:24:07.930 31171 31171 D featureTest: receive broadcast , change ds status :0
01-17 09:24:07.932   717  5320 I OMXMaster: makeComponentInstance(OMX.dolby.eac3.decoder) in omx@1.0-service process
01-17 09:24:07.952   627   922 D DlbDlbEffect: handle_EFFECT_CMD_SET_PARAM()
01-17 09:24:07.968   717  5320 I DDP_JOCDecoder: -> init name OMX.dolby.eac3.decoder
01-17 09:24:07.969   645   645 I DMSService: registerClient type = 0, uid = e7f0fb90
01-17 09:24:07.969   717  5320 I DDP_JOCDecoder: <- init
01-17 09:24:07.969   717  5320 D DDP_JOCDecoder: initPorts
01-17 09:24:07.970   710 31206 I ACodec  : codec does not support config priority (err -2147483648)
01-17 09:24:07.972   710 31206 I MediaCodec: MediaCodec will operate in async mode
01-17 09:24:07.973   710 31206 I ACodec  : setDolbyParameterOnProcessedAudio() Received dolby_processed_audio=1
01-17 09:24:07.973   710 31205 I NuPlayerDecoder: setDolbyMessage() Notifying player that Codec supports dolby_processed_audio flag
01-17 09:24:07.973   710 31199 I NuPlayer: onDolbyMessageReceived() Setting dolby_processed_audio flag on audio sink
01-17 09:24:07.974   645   645 I DMSService: unregisterClient type = 0, uid = e7f0fb90
01-17 09:24:07.996 31171 31171 D featureTest: receive broadcast , change ds profile id :2
01-17 09:24:08.006   645   645 I DMSService: registerClient type = 4, uid = e7f0fb80
01-17 09:24:08.006   717 21044 D DDP_JOCDecoder: internalSetParameter() Instantiating ARenderer for content processing in decoder
01-17 09:24:08.006   717 21044 I DlbDap2QmfProcess: Dap2Process()
01-17 09:24:08.006   717 21044 I ARenderer: ARenderer
01-17 09:24:08.006   717 21044 I evo_parser: evo_parser_init
01-17 09:24:08.006   717 21044 I DlbDap2QmfProcess: init()
01-17 09:24:08.006   717 21044 I DlbDap2QmfProcess: open()
01-17 09:24:08.007   627   922 D DlbDlbEffect: handle_EFFECT_CMD_SET_PARAM()
01-17 09:24:08.007   717 21044 I DlbDap2QmfProcess: loadLicense() no license check!
01-17 09:24:08.007   717 21044 I DlbDap2QmfProcess: validateLicense() no license check!
01-17 09:24:08.007   717 21044 I DlbDap2QmfProcess: init() DAP opened
01-17 09:24:08.007   717 21044 I DlbDap2QmfProcess: DAP library version: 2.5.1-P2.0
01-17 09:24:08.007   717 21044 D DlbDap2QmfProcess: DAP output mode set to 1 with 2 output channels and null mix matrix.
01-17 09:24:08.007   710 31206 I ACodec  : setDolbyParameterOnProcessedAudio() Content processing enabled in decoder
01-17 09:24:08.009   645   713 I DapController: Profile Changed to Music
01-17 09:24:08.017   717 31209 I DDP_JOCDecoder: -> start
01-17 09:24:08.018   717 31209 D DDP_JOCDecoder: Setting Max Output Channels to 2
01-17 09:24:08.018   717 31209 D DDP_JOCDecoder: setMultiChannelPCMOutDownmix mConfig->jocForceDownmixMode 1
01-17 09:24:08.018   717 31209 I udc_user: 
01-17 09:24:08.018   717 31209 I udc_user: *** DDPlus Unified Decoder Simulation  Version 1.7.3 ***
01-17 09:24:08.018   717 31209 I udc_user: 
01-17 09:24:08.018   717 31209 I udc_user: 7.1-channel decoder-converter, 
01-17 09:24:08.018   717 31209 I udc_user: 
01-17 09:24:08.018   717 31209 I udc_user: 5.1-channel dual-decoder-converter, 
01-17 09:24:08.018   717 31209 I udc_user: Karaoke unsupported, 
01-17 09:24:08.018   717 31209 I udc_user: TPNP supported. 
01-17 09:24:08.018   717 31209 I udc_user: 
01-17 09:24:08.018   717 31209 I udc_user: Unpublished work.  Copyright 2003-2014 Dolby Laboratories, Inc. and
01-17 09:24:08.018   717 31209 I udc_user: Dolby Laboratories Licensing Corporation.  All Rights Reserved.
01-17 09:24:08.018   717 31209 I udc_user: 
01-17 09:24:08.018   717 31209 I udc_user: USE OF THIS SOFTWARE IS SUBJECT TO A LEGAL AGREEMENT BETWEEN YOU AND DOLBY
01-17 09:24:08.018   717 31209 I udc_user: LABORATORIES. DO NOT USE THIS SOFTWARE UNLESS YOU AGREE TO THE TERMS AND 
01-17 09:24:08.018   717 31209 I udc_user: CONDITIONS IN THE AGREEMENT.  BY USING THIS SOFTWARE, YOU ACKNOWLEDGE THAT 
01-17 09:24:08.018   717 31209 I udc_user: YOU HAVE READ THE AGREEMENT AND THAT YOU AGREE TO BE BOUND BY ITS TERMS. 
01-17 09:24:08.018   717 31209 I udc_user: 
01-17 09:24:08.019   717 31209 I ddpdec_client_joc: ddpdec_open JOCD_MODE Buffer assignment
01-17 09:24:08.019   717 31209 D DDP_JOCDecoder: mStarted = 1
01-17 09:24:08.019   717 31209 I DDP_JOCDecoder: <- start
01-17 09:24:08.022   717 31209 D ddpdec_client_joc: ddpdec_client.c|int configDecoder()
01-17 09:24:08.024   717 31209 D DDP_JOCDecoder: Setting Max Output Channels to 2
01-17 09:24:08.024   717 31209 I DlbDap2QmfProcess: close()
01-17 09:24:08.024   717 31209 I DlbDap2QmfProcess: init()
01-17 09:24:08.024   717 31209 I DlbDap2QmfProcess: open()
01-17 09:24:08.025   717 31209 I DlbDap2QmfProcess: loadLicense() no license check!
01-17 09:24:08.025   717 31209 I DlbDap2QmfProcess: validateLicense() no license check!
01-17 09:24:08.025   717 31209 I DlbDap2QmfProcess: init() DAP opened
01-17 09:24:08.025   717 31209 I DlbDap2QmfProcess: DAP library version: 2.5.1-P2.0
01-17 09:24:08.025   717 31209 D DlbDap2QmfProcess: DAP output mode set to 1 with 2 output channels and null mix matrix.
01-17 09:24:08.025   717 31209 D ARenderer: checkAndUpdateConfig: DAP reinitialized because of sample rate change
01-17 09:24:08.025   717 31209 D ARenderer: updateDapConfig: Updating DAP configuration
01-17 09:24:08.025   717 31209 I ARenderer: updateDapConfig: Disable content processing in decoder-ARenderer
01-17 09:24:08.025   717 31209 D DlbDap2QmfProcess: setParam(deon = #1[0])
01-17 09:24:08.025   717 31209 D DlbDap2QmfProcess: setParam(dvle = #1[0])
01-17 09:24:08.025   717 31209 D DlbDap2QmfProcess: setParam(ieon = #1[0])
01-17 09:24:08.025   717 31209 D DlbDap2QmfProcess: setParam(dvme = #1[0])
01-17 09:24:08.025   717 31209 D DlbDap2QmfProcess: setParam(dom = #1[0])
01-17 09:24:08.025   717 31209 D DlbDap2QmfProcess: setParam(msce = #1[0])
01-17 09:24:08.025   717 31209 D DlbDap2QmfProcess: setParam(miee = #1[0])
01-17 09:24:08.025   717 31209 D DlbDap2QmfProcess: setParam(mdle = #1[0])
01-17 09:24:08.025   717 31209 D DlbDap2QmfProcess: setParam(mdee = #1[0])
01-17 09:24:08.025   717 31209 D DlbDap2QmfProcess: setParam(mave = #1[0])
01-17 09:24:08.025   717 31209 D DlbDap2QmfProcess: setParam(ngon = #1[0])
01-17 09:24:08.025   717 31209 D DlbDap2QmfProcess: setParam(dvle = #1[1])
01-17 09:24:08.026   717 31209 D DlbDap2QmfProcess: setParam(dvli = #1[-496])
01-17 09:24:08.026   717 31209 D DlbDap2QmfProcess: setParam(dvlo = #1[-224])
01-17 09:24:08.026   717 31209 D ARenderer: updateDapVolumeLeveler: Setting output level to -14.00dB
01-17 09:24:08.026   717 31209 D DlbDap2QmfProcess: setParam(vmb = #1[0])
01-17 09:24:08.026   717 31209 D DlbDap2QmfProcess: setParam(preg = #1[-384])
01-17 09:24:08.026   717 31209 D DlbDap2QmfProcess: setParam(vol = #1[384])
01-17 09:24:08.026   717 31209 D DlbDap2QmfProcess: processQmf() called [0] times
01-17 09:24:08.026   717 31209 D DlbDap2QmfProcess: setMave(mave = 0)
01-17 09:24:08.038   710 31204 D AudioTrack: Client defaulted notificationFrames to 12000 for frameCount 24000
01-17 09:24:08.038   684  7227 I AudioFlinger: attachAuxEffect(): Marking track 764 as containing processed audio
01-17 09:24:08.039   684  7227 D AudioFlinger: trackContainsProcessedAudio() Track id 764 contains processed audio
01-17 09:24:08.044   627   627 D DlbDlbEffect: handle_EFFECT_CMD_DISABLE()
01-17 09:24:08.044   627   627 D DlbDapCrossfadeProcess: setEnabled transitioning from FADE_TO_ACTIVE state to FADE_TO_BYPASS
01-17 09:24:08.046   627   627 D DlbDlbEffect: handle_EFFECT_CMD_SET_CONFIG()
01-17 09:24:08.046   627   627 D DlbDapEndpointParamCache: setDevice(device=0x00000002)
01-17 09:24:08.046   645   645 D DMSService: setActiveDevice called with device = 0x2
01-17 09:24:08.047   627   924 D DlbDlbEffect: handle_EFFECT_CMD_ENABLE()
01-17 09:24:08.047   627   924 D DlbDapCrossfadeProcess: setEnabled transitioning from FADE_TO_BYPASS state to FADE_TO_ACTIVE
01-17 09:24:08.047   684  3653 W AudioFlinger: moveDolbyEffect() effect chain for session 0 not on source thread 0xee0ae580
01-17 09:24:08.047   684  3653 D AudioFlinger: trackStateChanged() Track id 764 state changed to 6
01-17 09:24:08.047   684  3653 I AudioFlinger: updateProcessedAudioState() Changing content processing in effect to 1
01-17 09:24:08.047   627   924 D DlbDlbEffect: handle_EFFECT_CMD_SET_PARAM()
01-17 09:24:08.048   710 31199 D NuPlayerDriver: notifyListener_l(0xe6bcb7e0), (6, 0, 0, -1), loop setting(0, 1)
01-17 09:24:08.061 31171 31171 D featureTest: receive broadcast , playing content location :/sdcard/featureTest/ChID_voices_71_640_ddp_joc.mp4
01-17 09:24:08.064   710  1422 D NuPlayerDriver: stop(0xe6bcb7e0)
01-17 09:24:08.064   710  1422 D NuPlayerDriver: notifyListener_l(0xe6bcb7e0), (8, 0, 0, -1), loop setting(0, 1)
01-17 09:24:08.065   710   900 D NuPlayerDriver: reset(0xe6bcb7e0) at state 8
01-17 09:24:08.069   627  3892 I DlbEffectContext: setContentProcEnabled() Disabling content processing in effect
01-17 09:24:08.069   627  3892 D DlbDapEndpointParamCache: commitChangedParams()
01-17 09:24:08.069   627  3892 D DlbDapEndpointParamCache: commit() Applying parameters for device 0x40000000
01-17 09:24:08.069   627  3892 D DlbDap2Process: setParam(msce = #1[0])
01-17 09:24:08.069   627  3892 D DlbDap2Process: setParam(mdee = #1[0])
01-17 09:24:08.069   627  3892 D DlbDap2Process: setParam(miee = #1[0])
01-17 09:24:08.069   627  3892 D DlbDap2Process: setParam(mdle = #1[0])
01-17 09:24:08.069   627  3892 D DlbDap2Process: setParam(dvle = #1[0])
01-17 09:24:08.069   627  3892 D DlbDap2Process: setParam(mave = #1[0])
01-17 09:24:08.069   627  3892 D DlbDap2Process: setParam(ieon = #1[0])
01-17 09:24:08.069   627  3892 D DlbDapEndpointParamCache: doCommit() Committed 7 parameters out of 16.
01-17 09:24:08.069   627  3892 D DlbDapEndpointParamCache: commit() Overriding parameters for current device 0x00000002
01-17 09:24:08.069   627  3892 D DlbDap2Process: setParam(dom = #1[0])
01-17 09:24:08.069   627  3892 D DlbDap2Process: setParam(dvle = #1[0])
01-17 09:24:08.069   627  3892 D DlbDap2Process: setParam(dvme = #1[0])
01-17 09:24:08.069   627  3892 D DlbDap2Process: setParam(deon = #1[0])
01-17 09:24:08.069   627  3892 D DlbDap2Process: setParam(ngon = #1[0])
01-17 09:24:08.069   627  3892 D DlbDapEndpointParamCache: doCommit() Committed 5 parameters out of 37.
01-17 09:24:08.070   627  3892 D DlbDapCrossfadeProcess: setEnabled transitioning from FADE_TO_ACTIVE state to FADE_TO_BYPASS
01-17 09:24:08.071   627  3892 D DlbDapEndpointParamCache: commitChangedParams()
01-17 09:24:08.071   627  3892 D DlbDapEndpointParamCache: commit() Applying parameters for device 0x40000000
01-17 09:24:08.071   627  3892 D DlbDap2Process: setParam(iea = #1[10])
01-17 09:24:08.071   627  3892 D DlbDap2Process: setParam(vcbf = #20[47, 141, 234, 328, 469, 656, 844, 1031, 1313, 1688, 2250, 3000, 3750, 4688, 5813, 7125, 9000, 11250, 13875, 19688])
01-17 09:24:08.071   627  3892 D DlbDap2Process: setParam(vbon = #1[0])
01-17 09:24:08.071   627  3892 D DlbDap2Process: setParam(beon = #1[0])
01-17 09:24:08.071   627  3892 D DlbDap2Process: setParam(geon = #1[0])
01-17 09:24:08.071   627  3892 D DlbDap2Process: setParam(gebs = #41[20, 47, 141, 234, 328, 469, 656, 844, 1031, 1313, 1688, 2250, 3000, 3750, 4688, 5813, 7125, 9000, 11250, 13875, 19688, 0, 0, 0, 0, 0, 0, 0, 0, 0, 0, 0, 0, 0, 0, 0, 0, 0, 0, 0, 0])
01-17 09:24:08.072   627  3892 D DlbDap2Process: setParam(iebs = #41[20, 65, 136, 223, 332, 467, 634, 841, 1098, 1416, 1812, 2302, 2909, 3663, 4598, 5756, 7194, 8976, 11186, 13927, 17326, 117, 133, 188, 176, 141, 149, 175, 185, 185, 200, 236, 242, 228, 213, 182, 132, 110, 68, -27, -240])
01-17 09:24:08.072   627  3892 D DlbDapEndpointParamCache: doCommit() Committed 8 parameters out of 16.
01-17 09:24:08.072   627  3892 D DlbDapEndpointParamCache: commit() Overriding parameters for current device 0x00000002
01-17 09:24:08.072   627  3892 D DlbDap2Process: setParam(dea = #1[7])
01-17 09:24:08.072   627  3892 D DlbDap2Process: setParam(dsa = #1[10])
01-17 09:24:08.072   627  3892 D DlbDap2Process: setParam(beb = #1[192])
01-17 09:24:08.072   627  3892 D DlbDap2Process: setParam(plb = #1[0])
01-17 09:24:08.072   627  3892 D DlbDap2Process: setParam(vmb = #1[144])
01-17 09:24:08.072   627  3892 D DlbDap2Process: setParam(dsb = #1[0])
01-17 09:24:08.072   627  3892 D DlbDap2Process: setParam(ded = #1[0])
01-17 09:24:08.072   627  3892 D DlbDap2Process: setParam(vbm = #1[3])
01-17 09:24:08.072   627  3892 D DlbDap2Process: setParam(bew = #1[16])
01-17 09:24:08.072   627  3892 D DlbDap2Process: setParam(dvla = #1[4])
01-17 09:24:08.072   627  3892 D DlbDap2Process: setParam(arra = #1[96])
01-17 09:24:08.072   627  3892 D DlbDap2Process: setParam(dfsa = #1[10])
01-17 09:24:08.072   627  3892 D DlbDap2Process: setParam(dhsa = #1[10])
01-17 09:24:08.072   627  3892 D DlbDap2Process: setParam(dvmc = #1[0])
01-17 09:24:08.072   627  3892 D DlbDap2Process: setParam(arod = #1[0])
01-17 09:24:08.072   627  3892 D DlbDap2Process: setParam(arde = #1[1])
01-17 09:24:08.073   627  3892 D DlbDap2Process: setParam(becf = #1[200])
01-17 09:24:08.073   627  3892 D DlbDap2Process: setParam(vbmf = #2[94, 469])
01-17 09:24:08.073   627  3892 D DlbDap2Process: setParam(vbsf = #2[35, 160])
01-17 09:24:08.073   627  3892 D DlbDap2Process: setParam(vbhg = #3[-32, -144, -192])
01-17 09:24:08.073   627  3892 D DlbDap2Process: setParam(vbog = #1[0])
01-17 09:24:08.073   627  3892 D DlbDap2Process: setParam(vbsg = #1[0])
01-17 09:24:08.073   627  3892 D DlbDap2Process: setParam(dvli = #1[-320])
01-17 09:24:08.073   627  3892 D DlbDap2Process: setParam(dhfm = #1[2])
01-17 09:24:08.073   627  3892 D DlbDap2Process: setParam(vbon = #1[0])
01-17 09:24:08.073   627  3892 D DlbDap2Process: setParam(beon = #1[0])
01-17 09:24:08.073   627  3892 D DlbDap2Process: setParam(aoon = #1[1])
01-17 09:24:08.073   627  3892 D DlbDap2Process: setParam(aron = #1[1])
01-17 09:24:08.074   627  3892 D DlbDap2Process: setParam(dvlo = #1[-320])
01-17 09:24:08.074   627  3892 D DlbDap2Process: setParam(artp = #1[12])
01-17 09:24:08.074   627  3892 D DlbDap2Process: setParam(aobs = #222[20, 10, 47, 141, 234, 328, 469, 656, 844, 1031, 1313, 1688, 2250, 3000, 3750, 4688, 5813, 7125, 9000, 11250, 13875, 19688, 0, 0, 0, 0, 0, 0, 0, 0, 0, 0, 0, 0, 0, 0, 0, 0, 0, 0, 0, 0, 0, 0, 0, 0, 0, 0, 0, 0, 0, 0, 0, 0, 0, 0, 0, 0, 0, 0, 0, 0, 0, 0, 0, 0, 0, 0, 0, 0, 0, 0, 0, 0, 0, 0, 0, 0, 0, 0, 0, 0, 0, 0, 0, 0, 0, 0, 0, 0, 0, 0, 0, 0, 0, 0, 0, 0, 0, 0, 0, 0, 0, 0, 0, 0, 0, 0, 0, 0, 0, 0, 0, 0, 0, 0, 0, 0, 0, 0, 0, 0, 0, 0, 0, 0, 0, 0, 0, 0, 0, 0, 0, 0, 0, 0, 0, 0, 0, 0, 0, 0, 0, 0, 0, 0, 0, 0, 0, 0, 0, 0, 0, 0, 0, 0, 0, 0, 0, 0, 0, 0, 0, 0, 0, 0, 0, 0, 0, 0, 0, 0, 0, 0, 0, 0, 0, 0, 0, 0, 0, 0, 0, 0, 0, 0, 0, 0, 0, 0, 0, 0, 0, 0, 0, 0, 0, 0, 0, 0, 0, 0, 0, 0, 0, 0, 0, 0, 0, 0, 0, 0, 0, 0, 0, 0, 0, 0, 0, 0, 0, 0])
01-17 09:24:08.074   627  3892 D DlbDap2Process: setParam(arbs = #81[20, 47, 141, 234, 328, 469, 656, 844, 1031, 1313, 1688, 2250, 3000, 3750, 4688, 5813, 7125, 9000, 11250, 13875, 19688, -192, -192, -192, -192, -192, -192, -192, -192, -192, -192, -192, -192, -192, -192, -192, -192, -192, -192, -192, -192, 0, 0, 0, 0, 0, 0, 0, 0, 0, 0, 0, 0, 0, 0, 0, 0, 0, 0, 0, 0, 0, 0, 0, 0, 0, 0, 0, 0, 0, 0, 0, 0, 0, 0, 0, 0, 0, 0, 0, 0])
01-17 09:24:08.074   627  3892 D DlbDapEndpointParamCache: doCommit() Committed 32 parameters out of 37.
01-17 09:24:08.074   627  3892 D DlbDap2Process: setMave(mave = 0)
01-17 09:24:08.083   717 21044 I DDP_JOCDecoder: -> ~DDPDecoder
01-17 09:24:08.083   717 21044 I DDP_JOCDecoder: -> stop
01-17 09:24:08.083   645   645 I DMSService: unregisterClient type = 4, uid = e7f0fb80
01-17 09:24:08.126   717 21044 I DDP_JOCDecoder: <- stop
01-17 09:24:08.126   717 21044 I ARenderer: ~ARenderer
01-17 09:24:08.126   717 21044 I evo_parser: evo_parser_close
01-17 09:24:08.126   717 21044 I DlbDap2QmfProcess: ~Dap2Process()
01-17 09:24:08.126   717 21044 I DlbDap2QmfProcess: close()
01-17 09:24:08.126   717 21044 I DDP_JOCDecoder: <- ~DDPDecoder
01-17 09:24:08.131   710 31199 D NuPlayerDriver: notifyResetComplete(0xe6bcb7e0)
01-17 09:24:08.131   710  1422 D NuPlayerDriver: reset(0xe6bcb7e0) at state 0
01-17 09:24:08.139 31171 31171 D featureTest: mMediaPlayer.getAudioSessionId(): 5729
01-17 09:24:08.139 31171 31171 D featureTest: Playing file: /sdcard/featureTest/ChID_voices_71_640_ddp_joc.mp4
01-17 09:24:08.142   710   710 D NuPlayerDriver: NuPlayerDriver(0xe6bcbc40) created, clientPid(31171)
01-17 09:24:08.153   627  3892 I DlbEffectContext: setContentProcEnabled() Enabling content processing in global effect
01-17 09:24:08.154   627  3892 D DlbDapEndpointParamCache: commitChangedParams()
01-17 09:24:08.154   627  3892 D DlbDapEndpointParamCache: commit() Applying parameters for device 0x40000000
01-17 09:24:08.154   627  3892 D DlbDap2Process: setParam(iea = #1[10])
01-17 09:24:08.154   627  3892 D DlbDap2Process: setParam(msce = #1[0])
01-17 09:24:08.154   627  3892 D DlbDap2Process: setParam(mdee = #1[0])
01-17 09:24:08.154   627  3892 D DlbDap2Process: setParam(miee = #1[0])
01-17 09:24:08.154   627  3892 D DlbDap2Process: setParam(mdle = #1[0])
01-17 09:24:08.154   627  3892 D DlbDap2Process: setParam(dvle = #1[1])
01-17 09:24:08.154   627  3892 D DlbDap2Process: setParam(mave = #1[0])
01-17 09:24:08.154   627  3892 D DlbDap2Process: setParam(vcbf = #20[47, 141, 234, 328, 469, 656, 844, 1031, 1313, 1688, 2250, 3000, 3750, 4688, 5813, 7125, 9000, 11250, 13875, 19688])
01-17 09:24:08.154   627  3892 D DlbDap2Process: setParam(vbon = #1[0])
01-17 09:24:08.154   627  3892 D DlbDap2Process: setParam(beon = #1[0])
01-17 09:24:08.154   627  3892 D DlbDap2Process: setParam(geon = #1[0])
01-17 09:24:08.154   627  3892 D DlbDap2Process: setParam(ieon = #1[1])
01-17 09:24:08.154   627  3892 D DlbDap2Process: setParam(gebs = #41[20, 47, 141, 234, 328, 469, 656, 844, 1031, 1313, 1688, 2250, 3000, 3750, 4688, 5813, 7125, 9000, 11250, 13875, 19688, 0, 0, 0, 0, 0, 0, 0, 0, 0, 0, 0, 0, 0, 0, 0, 0, 0, 0, 0, 0])
01-17 09:24:08.154   627  3892 D DlbDap2Process: setParam(iebs = #41[20, 65, 136, 223, 332, 467, 634, 841, 1098, 1416, 1812, 2302, 2909, 3663, 4598, 5756, 7194, 8976, 11186, 13927, 17326, 117, 133, 188, 176, 141, 149, 175, 185, 185, 200, 236, 242, 228, 213, 182, 132, 110, 68, -27, -240])
01-17 09:24:08.154   627  3892 D DlbDapEndpointParamCache: doCommit() Committed 15 parameters out of 16.
01-17 09:24:08.154   627  3892 D DlbDapEndpointParamCache: commit() Overriding parameters for current device 0x00000002
01-17 09:24:08.154   627  3892 D DlbDap2Process: setParam(dea = #1[7])
01-17 09:24:08.154   627  3892 D DlbDap2Process: setParam(dsa = #1[10])
01-17 09:24:08.154   627  3892 D DlbDap2Process: setParam(beb = #1[192])
01-17 09:24:08.154   627  3892 D DlbDap2Process: setParam(plb = #1[0])
01-17 09:24:08.154   627  3892 D DlbDap2Process: setParam(vmb = #1[144])
01-17 09:24:08.154   627  3892 D DlbDap2Process: setParam(dsb = #1[0])
01-17 09:24:08.154   627  3892 D DlbDap2Process: setParam(ded = #1[0])
01-17 09:24:08.154   627  3892 D DlbDap2Process: setParam(vbm = #1[3])
01-17 09:24:08.154   627  3892 D DlbDap2Process: setParam(dom = #1[0])
01-17 09:24:08.154   627  3892 D DlbDap2Process: setParam(bew = #1[16])
01-17 09:24:08.154   627  3892 D DlbDap2Process: setParam(dvla = #1[4])
01-17 09:24:08.154   627  3892 D DlbDap2Process: setParam(arra = #1[96])
01-17 09:24:08.154   627  3892 D DlbDap2Process: setParam(dfsa = #1[10])
01-17 09:24:08.154   627  3892 D DlbDap2Process: setParam(dhsa = #1[10])
01-17 09:24:08.154   627  3892 D DlbDap2Process: setParam(dvmc = #1[0])
01-17 09:24:08.154   627  3892 D DlbDap2Process: setParam(arod = #1[0])
01-17 09:24:08.154   627  3892 D DlbDap2Process: setParam(arde = #1[1])
01-17 09:24:08.154   627  3892 D DlbDap2Process: setParam(dvle = #1[1])
01-17 09:24:08.154   627  3892 D DlbDap2Process: setParam(dvme = #1[0])
01-17 09:24:08.155   627  3892 D DlbDap2Process: setParam(becf = #1[200])
01-17 09:24:08.155   627  3892 D DlbDap2Process: setParam(vbmf = #2[94, 469])
01-17 09:24:08.155   627  3892 D DlbDap2Process: setParam(vbsf = #2[35, 160])
01-17 09:24:08.155   627  3892 D DlbDap2Process: setParam(vbhg = #3[-32, -144, -192])
01-17 09:24:08.155   627  3892 D DlbDap2Process: setParam(vbog = #1[0])
01-17 09:24:08.155   627  3892 D DlbDap2Process: setParam(vbsg = #1[0])
01-17 09:24:08.155   627  3892 D DlbDap2Process: setParam(dvli = #1[-320])
01-17 09:24:08.155   627  3892 D DlbDap2Process: setParam(dhfm = #1[2])
01-17 09:24:08.155   627  3892 D DlbDap2Process: setParam(vbon = #1[0])
01-17 09:24:08.155   627  3892 D DlbDap2Process: setParam(beon = #1[0])
01-17 09:24:08.155   627  3892 D DlbDap2Process: setParam(deon = #1[0])
01-17 09:24:08.155   627  3892 D DlbDap2Process: setParam(ngon = #1[1])
01-17 09:24:08.155   627  3892 D DlbDap2Process: setParam(aoon = #1[1])
01-17 09:24:08.155   627  3892 D DlbDap2Process: setParam(aron = #1[1])
01-17 09:24:08.155   627  3892 D DlbDap2Process: setParam(dvlo = #1[-320])
01-17 09:24:08.155   627  3892 D DlbDap2Process: setParam(artp = #1[12])
01-17 09:24:08.155   627  3892 D DlbDap2Process: setParam(aobs = #222[20, 10, 47, 141, 234, 328, 469, 656, 844, 1031, 1313, 1688, 2250, 3000, 3750, 4688, 5813, 7125, 9000, 11250, 13875, 19688, 0, 0, 0, 0, 0, 0, 0, 0, 0, 0, 0, 0, 0, 0, 0, 0, 0, 0, 0, 0, 0, 0, 0, 0, 0, 0, 0, 0, 0, 0, 0, 0, 0, 0, 0, 0, 0, 0, 0, 0, 0, 0, 0, 0, 0, 0, 0, 0, 0, 0, 0, 0, 0, 0, 0, 0, 0, 0, 0, 0, 0, 0, 0, 0, 0, 0, 0, 0, 0, 0, 0, 0, 0, 0, 0, 0, 0, 0, 0, 0, 0, 0, 0, 0, 0, 0, 0, 0, 0, 0, 0, 0, 0, 0, 0, 0, 0, 0, 0, 0, 0, 0, 0, 0, 0, 0, 0, 0, 0, 0, 0, 0, 0, 0, 0, 0, 0, 0, 0, 0, 0, 0, 0, 0, 0, 0, 0, 0, 0, 0, 0, 0, 0, 0, 0, 0, 0, 0, 0, 0, 0, 0, 0, 0, 0, 0, 0, 0, 0, 0, 0, 0, 0, 0, 0, 0, 0, 0, 0, 0, 0, 0, 0, 0, 0, 0, 0, 0, 0, 0, 0, 0, 0, 0, 0, 0, 0, 0, 0, 0, 0, 0, 0, 0, 0, 0, 0, 0, 0, 0, 0, 0, 0, 0, 0, 0, 0, 0, 0, 0])
01-17 09:24:08.155   627  3892 D DlbDap2Process: setParam(arbs = #81[20, 47, 141, 234, 328, 469, 656, 844, 1031, 1313, 1688, 2250, 3000, 3750, 4688, 5813, 7125, 9000, 11250, 13875, 19688, -192, -192, -192, -192, -192, -192, -192, -192, -192, -192, -192, -192, -192, -192, -192, -192, -192, -192, -192, -192, 0, 0, 0, 0, 0, 0, 0, 0, 0, 0, 0, 0, 0, 0, 0, 0, 0, 0, 0, 0, 0, 0, 0, 0, 0, 0, 0, 0, 0, 0, 0, 0, 0, 0, 0, 0, 0, 0, 0, 0])
01-17 09:24:08.155   627  3892 D DlbDapEndpointParamCache: doCommit() Committed 37 parameters out of 37.
01-17 09:24:08.155   627  3892 D DlbDap2Process: setMave(mave = 0)
01-17 09:24:08.157   627  3892 D DlbDapCrossfadeProcess: process transitioning from FADE_TO_BYPASS state to DAP_BYPASSED
01-17 09:24:08.164   710 31222 D NuPlayerDriver: notifyListener_l(0xe6bcbc40), (5, 1920, 1080, -1), loop setting(0, 0)
01-17 09:24:08.165   710 31222 D NuPlayerDriver: notifyListener_l(0xe6bcbc40), (1, 0, 0, -1), loop setting(0, 0)
01-17 09:24:08.169   710  1422 D NuPlayerDriver: start(0xe6bcbc40), state is 4, eos is 0
01-17 09:24:08.174 31171 31171 D featureTest: receive broadcast , change ds status :1
01-17 09:24:08.182   717 21044 I OMXMaster: makeComponentInstance(OMX.dolby.eac3.decoder) in omx@1.0-service process
01-17 09:24:08.187   627   627 D DlbDlbEffect: handle_EFFECT_CMD_SET_PARAM()
01-17 09:24:08.212   684  1061 D AudioFlinger: trackStateChanged() Track id 764 state changed to 2
01-17 09:24:08.212   684  1061 I AudioFlinger: updateProcessedAudioState() Changing content processing in effect to 0
01-17 09:24:08.212   627   627 D DlbDlbEffect: handle_EFFECT_CMD_SET_PARAM()
01-17 09:24:08.221   717 21044 I DDP_JOCDecoder: -> init name OMX.dolby.eac3.decoder
01-17 09:24:08.222   645   645 I DMSService: registerClient type = 0, uid = e83927e0
01-17 09:24:08.222   717 21044 I DDP_JOCDecoder: <- init
01-17 09:24:08.222   717 21044 D DDP_JOCDecoder: initPorts
01-17 09:24:08.224   710 31227 I ACodec  : codec does not support config priority (err -2147483648)
01-17 09:24:08.225   710 31227 I MediaCodec: MediaCodec will operate in async mode
01-17 09:24:08.225   710 31227 I ACodec  : setDolbyParameterOnProcessedAudio() Received dolby_processed_audio=1
01-17 09:24:08.225   710 31226 I NuPlayerDecoder: setDolbyMessage() Notifying player that Codec supports dolby_processed_audio flag
01-17 09:24:08.225   710 31222 I NuPlayer: onDolbyMessageReceived() Setting dolby_processed_audio flag on audio sink
01-17 09:24:08.226   645   645 I DMSService: unregisterClient type = 0, uid = e83927e0
01-17 09:24:08.233   684  1061 D AudioFlinger: trackDestroyed() Track id 764 no longer contains processed audio
01-17 09:24:08.234   684   928 W AudioFlinger::EffectModule: EffectModule 0xed0e3580 destructor called with unreleased interface
01-17 09:24:08.234   684   928 W AudioFlinger::EffectHandle: disconnect Effect handle 0xee163ac0 disconnected after thread destruction
01-17 09:24:08.237 31171 31171 D featureTest: receive broadcast , change ds profile id :5
01-17 09:24:08.259   627  3892 D DlbDapCrossfadeProcess: setEnabled transitioning from DAP_BYPASSED state to PREROLL_ACTIVE
01-17 09:24:08.259   645   645 I DMSService: registerClient type = 4, uid = e83927d0
01-17 09:24:08.259   717 20091 D DDP_JOCDecoder: internalSetParameter() Instantiating ARenderer for content processing in decoder
01-17 09:24:08.259   717 20091 I DlbDap2QmfProcess: Dap2Process()
01-17 09:24:08.259   717 20091 I ARenderer: ARenderer
01-17 09:24:08.259   717 20091 I evo_parser: evo_parser_init
01-17 09:24:08.259   717 20091 I DlbDap2QmfProcess: init()
01-17 09:24:08.259   717 20091 I DlbDap2QmfProcess: open()
01-17 09:24:08.260   717 20091 I DlbDap2QmfProcess: loadLicense() no license check!
01-17 09:24:08.260   717 20091 I DlbDap2QmfProcess: validateLicense() no license check!
01-17 09:24:08.260   717 20091 I DlbDap2QmfProcess: init() DAP opened
01-17 09:24:08.260   717 20091 I DlbDap2QmfProcess: DAP library version: 2.5.1-P2.0
01-17 09:24:08.260   717 20091 D DlbDap2QmfProcess: DAP output mode set to 1 with 2 output channels and null mix matrix.
01-17 09:24:08.260   710 31227 I ACodec  : setDolbyParameterOnProcessedAudio() Content processing enabled in decoder
01-17 09:24:08.260   627  3892 D DlbDap2Process: process() called [486500] times
01-17 09:24:08.262   627   627 D DlbDlbEffect: handle_EFFECT_CMD_SET_PARAM()
01-17 09:24:08.262   627   924 D DlbDlbEffect: handle_EFFECT_CMD_DISABLE()
01-17 09:24:08.262   627   924 D DlbDapCrossfadeProcess: setEnabled transitioning from PREROLL_ACTIVE state to DAP_BYPASSED
01-17 09:24:08.262   645   713 I DapController: Profile Changed to Custom
01-17 09:24:08.265   627   924 D DlbDlbEffect: handle_EFFECT_CMD_SET_CONFIG()
01-17 09:24:08.265   627   627 D DlbDapEndpointParamCache: setDevice(device=0x00000002)
01-17 09:24:08.265   645   645 D DMSService: setActiveDevice called with device = 0x2
01-17 09:24:08.266   627   924 D DlbDlbEffect: handle_EFFECT_CMD_ENABLE()
01-17 09:24:08.266   627   924 D DlbDapCrossfadeProcess: setEnabled transitioning from DAP_BYPASSED state to PREROLL_ACTIVE
01-17 09:24:08.267   717 31231 I DDP_JOCDecoder: -> start
01-17 09:24:08.268   717 31231 D DDP_JOCDecoder: Setting Max Output Channels to 2
01-17 09:24:08.268   717 31231 D DDP_JOCDecoder: setMultiChannelPCMOutDownmix mConfig->jocForceDownmixMode 1
01-17 09:24:08.268   717 31231 I udc_user: 
01-17 09:24:08.268   717 31231 I udc_user: *** DDPlus Unified Decoder Simulation  Version 1.7.3 ***
01-17 09:24:08.268   717 31231 I udc_user: 
01-17 09:24:08.268   717 31231 I udc_user: 7.1-channel decoder-converter, 
01-17 09:24:08.268   717 31231 I udc_user: 
01-17 09:24:08.268   717 31231 I udc_user: 5.1-channel dual-decoder-converter, 
01-17 09:24:08.268   717 31231 I udc_user: Karaoke unsupported, 
01-17 09:24:08.269   717 31231 I udc_user: TPNP supported. 
01-17 09:24:08.269   717 31231 I udc_user: 
01-17 09:24:08.269   717 31231 I udc_user: Unpublished work.  Copyright 2003-2014 Dolby Laboratories, Inc. and
01-17 09:24:08.269   717 31231 I udc_user: Dolby Laboratories Licensing Corporation.  All Rights Reserved.
01-17 09:24:08.269   717 31231 I udc_user: 
01-17 09:24:08.269   717 31231 I udc_user: USE OF THIS SOFTWARE IS SUBJECT TO A LEGAL AGREEMENT BETWEEN YOU AND DOLBY
01-17 09:24:08.269   717 31231 I udc_user: LABORATORIES. DO NOT USE THIS SOFTWARE UNLESS YOU AGREE TO THE TERMS AND 
01-17 09:24:08.269   717 31231 I udc_user: CONDITIONS IN THE AGREEMENT.  BY USING THIS SOFTWARE, YOU ACKNOWLEDGE THAT 
01-17 09:24:08.269   717 31231 I udc_user: YOU HAVE READ THE AGREEMENT AND THAT YOU AGREE TO BE BOUND BY ITS TERMS. 
01-17 09:24:08.269   717 31231 I udc_user: 
01-17 09:24:08.269   717 31231 I ddpdec_client_joc: ddpdec_open JOCD_MODE Buffer assignment
01-17 09:24:08.269   717 31231 D DDP_JOCDecoder: mStarted = 1
01-17 09:24:08.269   717 31231 I DDP_JOCDecoder: <- start
01-17 09:24:08.270   717 31231 D ddpdec_client_joc: ddpdec_client.c|int configDecoder()
01-17 09:24:08.272   717 31231 D DDP_JOCDecoder: Setting Max Output Channels to 2
01-17 09:24:08.274   717 31231 I DlbDap2QmfProcess: close()
01-17 09:24:08.274   717 31231 I DlbDap2QmfProcess: init()
01-17 09:24:08.274   717 31231 I DlbDap2QmfProcess: open()
01-17 09:24:08.275   717 31231 I DlbDap2QmfProcess: loadLicense() no license check!
01-17 09:24:08.275   717 31231 I DlbDap2QmfProcess: validateLicense() no license check!
01-17 09:24:08.275   717 31231 I DlbDap2QmfProcess: init() DAP opened
01-17 09:24:08.275   717 31231 I DlbDap2QmfProcess: DAP library version: 2.5.1-P2.0
01-17 09:24:08.275   717 31231 D DlbDap2QmfProcess: DAP output mode set to 1 with 2 output channels and null mix matrix.
01-17 09:24:08.275   717 31231 D ARenderer: checkAndUpdateConfig: DAP reinitialized because of sample rate change
01-17 09:24:08.275   717 31231 D ARenderer: updateDapConfig: Updating DAP configuration
01-17 09:24:08.275   717 31231 D DlbDap2QmfProcess: setParam(iea = #1[10])
01-17 09:24:08.276   717 31231 D DlbDap2QmfProcess: setParam(msce = #1[0])
01-17 09:24:08.276   717 31231 D DlbDap2QmfProcess: setParam(mdee = #1[0])
01-17 09:24:08.276   717 31231 D DlbDap2QmfProcess: setParam(miee = #1[0])
01-17 09:24:08.276   717 31231 D DlbDap2QmfProcess: setParam(mdle = #1[0])
01-17 09:24:08.276   717 31231 D DlbDap2QmfProcess: setParam(dvle = #1[1])
01-17 09:24:08.276   717 31231 D DlbDap2QmfProcess: setParam(mave = #1[0])
01-17 09:24:08.276   717 31231 D DlbDap2QmfProcess: setParam(vcbf = #20[47, 141, 234, 328, 469, 656, 844, 1031, 1313, 1688, 2250, 3000, 3750, 4688, 5813, 7125, 9000, 11250, 13875, 19688])
01-17 09:24:08.276   717 31231 D DlbDap2QmfProcess: setParam(ieon = #1[0])
01-17 09:24:08.276   717 31231 D DlbDap2QmfProcess: setParam(gebs = #41[20, 47, 141, 234, 328, 469, 656, 844, 1031, 1313, 1688, 2250, 3000, 3750, 4688, 5813, 7125, 9000, 11250, 13875, 19688, 0, 0, 0, 0, 0, 0, 0, 0, 0, 0, 0, 0, 0, 0, 0, 0, 0, 0, 0, 0])
01-17 09:24:08.276   717 31231 D DlbDap2QmfProcess: setParam(iebs = #41[20, 65, 136, 223, 332, 467, 634, 841, 1098, 1416, 1812, 2302, 2909, 3663, 4598, 5756, 7194, 8976, 11186, 13927, 17326, 117, 133, 188, 176, 141, 149, 175, 185, 185, 200, 236, 242, 228, 213, 182, 132, 110, 68, -27, -240])
01-17 09:24:08.276   717 31231 D DlbDap2QmfProcess: setParam(dea = #1[7])
01-17 09:24:08.277   717 31231 D DlbDap2QmfProcess: setParam(dsa = #1[10])
01-17 09:24:08.277   717 31231 D DlbDap2QmfProcess: setParam(beb = #1[192])
01-17 09:24:08.277   717 31231 D DlbDap2QmfProcess: setParam(plb = #1[0])
01-17 09:24:08.277   717 31231 D DlbDap2QmfProcess: setParam(vmb = #1[144])
01-17 09:24:08.277   717 31231 D DlbDap2QmfProcess: setParam(dsb = #1[48])
01-17 09:24:08.277   717 31231 D DlbDap2QmfProcess: setParam(ded = #1[0])
01-17 09:24:08.277   717 31231 D DlbDap2QmfProcess: setParam(dom = #1[0])
01-17 09:24:08.277   717 31231 D DlbDap2QmfProcess: setParam(bew = #1[16])
01-17 09:24:08.277   717 31231 D DlbDap2QmfProcess: setParam(dvla = #1[5])
01-17 09:24:08.277   717 31231 D DlbDap2QmfProcess: setParam(dfsa = #1[10])
01-17 09:24:08.277   717 31231 D DlbDap2QmfProcess: setParam(dhsa = #1[10])
01-17 09:24:08.277   717 31231 D DlbDap2QmfProcess: setParam(dvmc = #1[0])
01-17 09:24:08.277   717 31231 D DlbDap2QmfProcess: setParam(dvle = #1[1])
01-17 09:24:08.277   717 31231 D DlbDap2QmfProcess: setParam(dvme = #1[0])
01-17 09:24:08.277   717 31231 D DlbDap2QmfProcess: setParam(becf = #1[200])
01-17 09:24:08.277   717 31231 D DlbDap2QmfProcess: setParam(vbmf = #2[94, 469])
01-17 09:24:08.277   717 31231 D DlbDap2QmfProcess: setParam(vbsf = #2[35, 160])
01-17 09:24:08.277   717 31231 D DlbDap2QmfProcess: setParam(vbhg = #3[-32, -144, -192])
01-17 09:24:08.277   717 31231 D DlbDap2QmfProcess: setParam(vbog = #1[0])
01-17 09:24:08.277   717 31231 D DlbDap2QmfProcess: setParam(vbsg = #1[0])
01-17 09:24:08.277   717 31231 D DlbDap2QmfProcess: setParam(dvli = #1[-320])
01-17 09:24:08.278   717 31231 D DlbDap2QmfProcess: setParam(dhfm = #1[2])
01-17 09:24:08.278   717 31231 D DlbDap2QmfProcess: setParam(deon = #1[0])
01-17 09:24:08.278   717 31231 D DlbDap2QmfProcess: setParam(ngon = #1[1])
01-17 09:24:08.278   717 31231 D DlbDap2QmfProcess: setParam(dvlo = #1[-320])
01-17 09:24:08.278   717 31231 D DlbDap2QmfProcess: setParam(aobs = #222[20, 10, 47, 141, 234, 328, 469, 656, 844, 1031, 1313, 1688, 2250, 3000, 3750, 4688, 5813, 7125, 9000, 11250, 13875, 19688, 0, 0, 0, 0, 0, 0, 0, 0, 0, 0, 0, 0, 0, 0, 0, 0, 0, 0, 0, 0, 0, 0, 0, 0, 0, 0, 0, 0, 0, 0, 0, 0, 0, 0, 0, 0, 0, 0, 0, 0, 0, 0, 0, 0, 0, 0, 0, 0, 0, 0, 0, 0, 0, 0, 0, 0, 0, 0, 0, 0, 0, 0, 0, 0, 0, 0, 0, 0, 0, 0, 0, 0, 0, 0, 0, 0, 0, 0, 0, 0, 0, 0, 0, 0, 0, 0, 0, 0, 0, 0, 0, 0, 0, 0, 0, 0, 0, 0, 0, 0, 0, 0, 0, 0, 0, 0, 0, 0, 0, 0, 0, 0, 0, 0, 0, 0, 0, 0, 0, 0, 0, 0, 0, 0, 0, 0, 0, 0, 0, 0, 0, 0, 0, 0, 0, 0, 0, 0, 0, 0, 0, 0, 0, 0, 0, 0, 0, 0, 0, 0, 0, 0, 0, 0, 0, 0, 0, 0, 0, 0, 0, 0, 0, 0, 0, 0, 0, 0, 0, 0, 0, 0, 0, 0, 0, 0, 0, 0, 0, 0, 0, 0, 0, 0, 0, 0, 0, 0, 0, 0, 0, 0, 0, 0, 0, 0, 0, 0, 0, 0])
01-17 09:24:08.278   717 31231 D DlbDap2QmfProcess: setParam(dvle = #1[1])
01-17 09:24:08.278   717 31231 D DlbDap2QmfProcess: setParam(dvli = #1[-496])
01-17 09:24:08.278   717 31231 D DlbDap2QmfProcess: setParam(dvlo = #1[-176])
01-17 09:24:08.278   717 31231 D ARenderer: updateDapVolumeLeveler: Setting output level to -11.00dB
01-17 09:24:08.278   717 31231 D DlbDap2QmfProcess: setParam(vmb = #1[0])
01-17 09:24:08.278   717 31231 D DlbDap2QmfProcess: setParam(preg = #1[-384])
01-17 09:24:08.278   717 31231 D DlbDap2QmfProcess: setParam(vol = #1[384])
01-17 09:24:08.279   717 31231 D DlbDap2QmfProcess: processQmf() called [0] times
01-17 09:24:08.279   717 31231 D DlbDap2QmfProcess: setMave(mave = 0)
01-17 09:24:08.286 31171 31171 D featureTest: receive broadcast , change virtual speaker  virtualizer :0
01-17 09:24:08.297   710 31225 D AudioTrack: Client defaulted notificationFrames to 12000 for frameCount 24000
01-17 09:24:08.297   684  7227 I AudioFlinger: attachAuxEffect(): Marking track 765 as containing processed audio
01-17 09:24:08.297   684  7227 D AudioFlinger: trackContainsProcessedAudio() Track id 765 contains processed audio
01-17 09:24:08.298 31171 31171 D featureTest: virtual speaker virtualizer can not be operate for mono speaker endpoint!
01-17 09:24:08.302   627   922 D DlbDlbEffect: handle_EFFECT_CMD_DISABLE()
01-17 09:24:08.302   627   922 D DlbDapCrossfadeProcess: setEnabled transitioning from PREROLL_ACTIVE state to DAP_BYPASSED
01-17 09:24:08.303   627   922 D DlbDlbEffect: handle_EFFECT_CMD_SET_CONFIG()
01-17 09:24:08.303   627   627 D DlbDapEndpointParamCache: setDevice(device=0x00000002)
01-17 09:24:08.304   645   645 D DMSService: setActiveDevice called with device = 0x2
01-17 09:24:08.304   627   627 D DlbDlbEffect: handle_EFFECT_CMD_ENABLE()
01-17 09:24:08.304   627   627 D DlbDapCrossfadeProcess: setEnabled transitioning from DAP_BYPASSED state to PREROLL_ACTIVE
01-17 09:24:08.305   684  3653 W AudioFlinger: moveDolbyEffect() effect chain for session 0 not on source thread 0xee0ae580
01-17 09:24:08.305   684  3653 D AudioFlinger: trackStateChanged() Track id 765 state changed to 6
01-17 09:24:08.305   684  3653 I AudioFlinger: updateProcessedAudioState() Changing content processing in effect to 1
01-17 09:24:08.305   627   922 D DlbDlbEffect: handle_EFFECT_CMD_SET_PARAM()
01-17 09:24:08.306   710 31222 D NuPlayerDriver: notifyListener_l(0xe6bcbc40), (6, 0, 0, -1), loop setting(0, 1)
01-17 09:24:08.310   627  3892 I DlbEffectContext: setContentProcEnabled() Disabling content processing in effect
01-17 09:24:08.310   627  3892 D DlbDapEndpointParamCache: commitChangedParams()
01-17 09:24:08.310   627  3892 D DlbDapEndpointParamCache: commit() Applying parameters for device 0x40000000
01-17 09:24:08.310   627  3892 D DlbDap2Process: setParam(msce = #1[0])
01-17 09:24:08.310   627  3892 D DlbDap2Process: setParam(mdee = #1[0])
01-17 09:24:08.310   627  3892 D DlbDap2Process: setParam(miee = #1[0])
01-17 09:24:08.310   627  3892 D DlbDap2Process: setParam(mdle = #1[0])
01-17 09:24:08.310   627  3892 D DlbDap2Process: setParam(dvle = #1[0])
01-17 09:24:08.311   627  3892 D DlbDap2Process: setParam(mave = #1[0])
01-17 09:24:08.311   627  3892 D DlbDap2Process: setParam(ieon = #1[0])
01-17 09:24:08.311   627  3892 D DlbDapEndpointParamCache: doCommit() Committed 7 parameters out of 16.
01-17 09:24:08.311   627  3892 D DlbDapEndpointParamCache: commit() Overriding parameters for current device 0x00000002
01-17 09:24:08.311   627  3892 D DlbDap2Process: setParam(dom = #1[0])
01-17 09:24:08.311   627  3892 D DlbDap2Process: setParam(dvle = #1[0])
01-17 09:24:08.311   627  3892 D DlbDap2Process: setParam(dvme = #1[0])
01-17 09:24:08.311   627  3892 D DlbDap2Process: setParam(deon = #1[0])
01-17 09:24:08.311   627  3892 D DlbDap2Process: setParam(ngon = #1[0])
01-17 09:24:08.311   627  3892 D DlbDapEndpointParamCache: doCommit() Committed 5 parameters out of 37.
01-17 09:24:08.313   627  3892 D DlbDapEndpointParamCache: commitChangedParams()
01-17 09:24:08.313   627  3892 D DlbDapEndpointParamCache: commit() Applying parameters for device 0x40000000
01-17 09:24:08.313   627  3892 D DlbDap2Process: setParam(iea = #1[10])
01-17 09:24:08.313   627  3892 D DlbDap2Process: setParam(vcbf = #20[47, 141, 234, 328, 469, 656, 844, 1031, 1313, 1688, 2250, 3000, 3750, 4688, 5813, 7125, 9000, 11250, 13875, 19688])
01-17 09:24:08.313   627  3892 D DlbDap2Process: setParam(vbon = #1[0])
01-17 09:24:08.313   627  3892 D DlbDap2Process: setParam(beon = #1[0])
01-17 09:24:08.313   627  3892 D DlbDap2Process: setParam(geon = #1[0])
01-17 09:24:08.313   627  3892 D DlbDap2Process: setParam(gebs = #41[20, 47, 141, 234, 328, 469, 656, 844, 1031, 1313, 1688, 2250, 3000, 3750, 4688, 5813, 7125, 9000, 11250, 13875, 19688, 0, 0, 0, 0, 0, 0, 0, 0, 0, 0, 0, 0, 0, 0, 0, 0, 0, 0, 0, 0])
01-17 09:24:08.313   627  3892 D DlbDap2Process: setParam(iebs = #41[20, 65, 136, 223, 332, 467, 634, 841, 1098, 1416, 1812, 2302, 2909, 3663, 4598, 5756, 7194, 8976, 11186, 13927, 17326, 117, 133, 188, 176, 141, 149, 175, 185, 185, 200, 236, 242, 228, 213, 182, 132, 110, 68, -27, -240])
01-17 09:24:08.313   627  3892 D DlbDapEndpointParamCache: doCommit() Committed 8 parameters out of 16.
01-17 09:24:08.313   627  3892 D DlbDapEndpointParamCache: commit() Overriding parameters for current device 0x00000002
01-17 09:24:08.313   627  3892 D DlbDap2Process: setParam(dea = #1[7])
01-17 09:24:08.313   627  3892 D DlbDap2Process: setParam(dsa = #1[10])
01-17 09:24:08.313   627  3892 D DlbDap2Process: setParam(beb = #1[192])
01-17 09:24:08.313   627  3892 D DlbDap2Process: setParam(plb = #1[0])
01-17 09:24:08.313   627  3892 D DlbDap2Process: setParam(vmb = #1[144])
01-17 09:24:08.313   627  3892 D DlbDap2Process: setParam(dsb = #1[48])
01-17 09:24:08.313   627  3892 D DlbDap2Process: setParam(ded = #1[0])
01-17 09:24:08.313   627  3892 D DlbDap2Process: setParam(vbm = #1[3])
01-17 09:24:08.313   627  3892 D DlbDap2Process: setParam(bew = #1[16])
01-17 09:24:08.313   627  3892 D DlbDap2Process: setParam(dvla = #1[5])
01-17 09:24:08.313   627  3892 D DlbDap2Process: setParam(arra = #1[96])
01-17 09:24:08.313   627  3892 D DlbDap2Process: setParam(dfsa = #1[10])
01-17 09:24:08.314   627  3892 D DlbDap2Process: setParam(dhsa = #1[10])
01-17 09:24:08.314   627  3892 D DlbDap2Process: setParam(dvmc = #1[0])
