01-17 09:22:44.508   710   710 D NuPlayerDriver: reset(0xe6bcb9a0) at state 5
01-17 09:22:44.509   710   710 D NuPlayerDriver: notifyListener_l(0xe6bcb9a0), (8, 0, 0, -1), loop setting(0, 1)
01-17 09:22:44.520   710 30367 D NuPlayerDriver: notifyResetComplete(0xe6bcb9a0)
01-17 09:22:44.520   710   710 D AudioTrack: stop() called with 0 frames delivered
01-17 09:22:44.635   684   928 W AudioFlinger::EffectModule: EffectModule 0xed0e3a00 destructor called with unreleased interface
01-17 09:22:44.635   684   928 W AudioFlinger::EffectHandle: disconnect Effect handle 0xee1634c0 disconnected after thread destruction
01-17 09:22:44.637   627  4939 D DlbDlbEffect: handle_EFFECT_CMD_DISABLE()
01-17 09:22:44.637   627  4939 D DlbDapCrossfadeProcess: setEnabled transitioning from DAP_ACTIVE state to FADE_TO_BYPASS
01-17 09:22:44.641   627  4939 D DlbDlbEffect: handle_EFFECT_CMD_SET_CONFIG()
01-17 09:22:44.641   627  4939 D DlbDapEndpointParamCache: setDevice(device=0x00000002)
01-17 09:22:44.641   645   645 D DMSService: setActiveDevice called with device = 0x2
01-17 09:22:44.642   627   627 D DlbDlbEffect: handle_EFFECT_CMD_ENABLE()
01-17 09:22:44.642   627   627 D DlbDapCrossfadeProcess: setEnabled transitioning from FADE_TO_BYPASS state to FADE_TO_ACTIVE
01-17 09:22:44.803 30414 30414 D featureTest: onCreate
01-17 09:22:44.807 30414 30414 D AudioTrack: Client defaulted notificationFrames to 962 for frameCount 1924
01-17 09:22:44.811 30414 30414 W AudioTrack: Use of stream types is deprecated for operations other than volume control
01-17 09:22:44.811 30414 30414 W AudioTrack: See the documentation of AudioTrack() for what to use instead with android.media.AudioAttributes to qualify your playback use case
01-17 09:22:44.827 30414 30414 D featureTest: onResume
01-17 09:22:45.679 30414 30414 D featureTest: receive broadcast , playing content location :/sdcard/featureTest/chopper_5.1_180_420.wav
01-17 09:22:45.689 30414 30414 D featureTest: mMediaPlayer.getAudioSessionId(): 5529
01-17 09:22:45.689 30414 30414 D featureTest: Playing file: /sdcard/featureTest/chopper_5.1_180_420.wav
01-17 09:22:45.692   710   900 D NuPlayerDriver: NuPlayerDriver(0xe6bcb540) created, clientPid(30414)
01-17 09:22:45.723   710 30439 D NuPlayerDriver: notifyListener_l(0xe6bcb540), (1, 0, 0, -1), loop setting(0, 0)
01-17 09:22:45.733   710   900 D NuPlayerDriver: start(0xe6bcb540), state is 4, eos is 0
01-17 09:22:45.741   717  5320 I OMXMaster: makeComponentInstance(OMX.google.raw.decoder) in omx@1.0-service process
01-17 09:22:45.745   710 30447 I ACodec  : codec does not support config priority (err -2147483648)
01-17 09:22:45.746   710 30447 I MediaCodec: MediaCodec will operate in async mode
01-17 09:22:45.747 30414 30414 D featureTest: receive broadcast , change ds status :0
01-17 09:22:45.758   627  4939 D DlbDlbEffect: handle_EFFECT_CMD_SET_PARAM()
01-17 09:22:45.770   710 30445 D AudioTrack: Client defaulted notificationFrames to 12000 for frameCount 24000
01-17 09:22:45.775   627   627 D DlbDlbEffect: handle_EFFECT_CMD_DISABLE()
01-17 09:22:45.775   627   627 D DlbDapCrossfadeProcess: setEnabled transitioning from FADE_TO_ACTIVE state to FADE_TO_BYPASS
01-17 09:22:45.778   627   627 D DlbDlbEffect: handle_EFFECT_CMD_SET_CONFIG()
01-17 09:22:45.778   627   627 D DlbDapEndpointParamCache: setDevice(device=0x00000002)
01-17 09:22:45.778   645   645 D DMSService: setActiveDevice called with device = 0x2
01-17 09:22:45.779   627  3512 D DlbDlbEffect: handle_EFFECT_CMD_ENABLE()
01-17 09:22:45.779   627  3512 D DlbDapCrossfadeProcess: setEnabled transitioning from FADE_TO_BYPASS state to FADE_TO_ACTIVE
01-17 09:22:45.779   684  7228 W AudioFlinger: moveDolbyEffect() effect chain for session 0 not on source thread 0xee0ae580
01-17 09:22:45.780   710 30439 D NuPlayerDriver: notifyListener_l(0xe6bcb540), (6, 0, 0, -1), loop setting(0, 1)
01-17 09:22:45.782   627  3892 D DlbDapCrossfadeProcess: setEnabled transitioning from FADE_TO_ACTIVE state to FADE_TO_BYPASS
01-17 09:22:45.820 30414 30414 D featureTest: receive broadcast , change ds profile id :2
01-17 09:22:45.829   627   627 D DlbDlbEffect: handle_EFFECT_CMD_SET_PARAM()
01-17 09:22:45.829   645   713 I DapController: Profile Changed to Music
01-17 09:22:45.855   627  3892 D DlbDapEndpointParamCache: commitChangedParams()
01-17 09:22:45.856   627  3892 D DlbDapEndpointParamCache: commit() Applying parameters for device 0x40000000
01-17 09:22:45.856   627  3892 D DlbDap2Process: setParam(iea = #1[10])
01-17 09:22:45.856   627  3892 D DlbDap2Process: setParam(msce = #1[0])
01-17 09:22:45.856   627  3892 D DlbDap2Process: setParam(mdee = #1[0])
01-17 09:22:45.856   627  3892 D DlbDap2Process: setParam(miee = #1[0])
01-17 09:22:45.856   627  3892 D DlbDap2Process: setParam(mdle = #1[0])
01-17 09:22:45.856   627  3892 D DlbDap2Process: setParam(dvle = #1[1])
01-17 09:22:45.856   627  3892 D DlbDap2Process: setParam(mave = #1[0])
01-17 09:22:45.856   627  3892 D DlbDap2Process: setParam(vcbf = #20[47, 141, 234, 328, 469, 656, 844, 1031, 1313, 1688, 2250, 3000, 3750, 4688, 5813, 7125, 9000, 11250, 13875, 19688])
01-17 09:22:45.856   627  3892 D DlbDap2Process: setParam(vbon = #1[0])
01-17 09:22:45.856   627  3892 D DlbDap2Process: setParam(beon = #1[0])
01-17 09:22:45.856   627  3892 D DlbDap2Process: setParam(geon = #1[0])
01-17 09:22:45.856   627  3892 D DlbDap2Process: setParam(ieon = #1[1])
01-17 09:22:45.856   627  3892 D DlbDap2Process: setParam(gebs = #41[20, 47, 141, 234, 328, 469, 656, 844, 1031, 1313, 1688, 2250, 3000, 3750, 4688, 5813, 7125, 9000, 11250, 13875, 19688, 0, 0, 0, 0, 0, 0, 0, 0, 0, 0, 0, 0, 0, 0, 0, 0, 0, 0, 0, 0])
01-17 09:22:45.856   627  3892 D DlbDap2Process: setParam(iebs = #41[20, 65, 136, 223, 332, 467, 634, 841, 1098, 1416, 1812, 2302, 2909, 3663, 4598, 5756, 7194, 8976, 11186, 13927, 17326, 117, 133, 188, 176, 141, 149, 175, 185, 185, 200, 236, 242, 228, 213, 182, 132, 110, 68, -27, -240])
01-17 09:22:45.856   627  3892 D DlbDapEndpointParamCache: doCommit() Committed 15 parameters out of 16.
01-17 09:22:45.856   627  3892 D DlbDapEndpointParamCache: commit() Overriding parameters for current device 0x00000002
01-17 09:22:45.856   627  3892 D DlbDap2Process: setParam(dea = #1[7])
01-17 09:22:45.856   627  3892 D DlbDap2Process: setParam(dsa = #1[10])
01-17 09:22:45.856   627  3892 D DlbDap2Process: setParam(beb = #1[192])
01-17 09:22:45.856   627  3892 D DlbDap2Process: setParam(plb = #1[0])
01-17 09:22:45.856   627  3892 D DlbDap2Process: setParam(vmb = #1[144])
01-17 09:22:45.856   627  3892 D DlbDap2Process: setParam(dsb = #1[0])
01-17 09:22:45.856   627  3892 D DlbDap2Process: setParam(ded = #1[0])
01-17 09:22:45.856   627  3892 D DlbDap2Process: setParam(vbm = #1[3])
01-17 09:22:45.856   627  3892 D DlbDap2Process: setParam(dom = #1[0])
01-17 09:22:45.856   627  3892 D DlbDap2Process: setParam(bew = #1[16])
01-17 09:22:45.856   627  3892 D DlbDap2Process: setParam(dvla = #1[4])
01-17 09:22:45.856   627  3892 D DlbDap2Process: setParam(arra = #1[96])
01-17 09:22:45.856   627  3892 D DlbDap2Process: setParam(dfsa = #1[10])
01-17 09:22:45.856   627  3892 D DlbDap2Process: setParam(dhsa = #1[10])
01-17 09:22:45.856   627  3892 D DlbDap2Process: setParam(dvmc = #1[0])
01-17 09:22:45.856   627  3892 D DlbDap2Process: setParam(arod = #1[0])
01-17 09:22:45.856   627  3892 D DlbDap2Process: setParam(arde = #1[1])
01-17 09:22:45.856   627  3892 D DlbDap2Process: setParam(dvle = #1[1])
01-17 09:22:45.856   627  3892 D DlbDap2Process: setParam(dvme = #1[0])
01-17 09:22:45.856   627  3892 D DlbDap2Process: setParam(becf = #1[200])
01-17 09:22:45.856   627  3892 D DlbDap2Process: setParam(vbmf = #2[94, 469])
01-17 09:22:45.857   627  3892 D DlbDap2Process: setParam(vbsf = #2[35, 160])
01-17 09:22:45.857   627  3892 D DlbDap2Process: setParam(vbhg = #3[-32, -144, -192])
01-17 09:22:45.857   627  3892 D DlbDap2Process: setParam(vbog = #1[0])
01-17 09:22:45.857   627  3892 D DlbDap2Process: setParam(vbsg = #1[0])
01-17 09:22:45.857   627  3892 D DlbDap2Process: setParam(dvli = #1[-320])
01-17 09:22:45.857   627  3892 D DlbDap2Process: setParam(dhfm = #1[2])
01-17 09:22:45.857   627  3892 D DlbDap2Process: setParam(vbon = #1[0])
01-17 09:22:45.857   627  3892 D DlbDap2Process: setParam(beon = #1[0])
01-17 09:22:45.857   627  3892 D DlbDap2Process: setParam(deon = #1[0])
01-17 09:22:45.857   627  3892 D DlbDap2Process: setParam(ngon = #1[1])
01-17 09:22:45.857   627  3892 D DlbDap2Process: setParam(aoon = #1[1])
01-17 09:22:45.857   627  3892 D DlbDap2Process: setParam(aron = #1[1])
01-17 09:22:45.857   627  3892 D DlbDap2Process: setParam(dvlo = #1[-320])
01-17 09:22:45.857   627  3892 D DlbDap2Process: setParam(artp = #1[12])
01-17 09:22:45.857   627  3892 D DlbDap2Process: setParam(aobs = #222[20, 10, 47, 141, 234, 328, 469, 656, 844, 1031, 1313, 1688, 2250, 3000, 3750, 4688, 5813, 7125, 9000, 11250, 13875, 19688, 0, 0, 0, 0, 0, 0, 0, 0, 0, 0, 0, 0, 0, 0, 0, 0, 0, 0, 0, 0, 0, 0, 0, 0, 0, 0, 0, 0, 0, 0, 0, 0, 0, 0, 0, 0, 0, 0, 0, 0, 0, 0, 0, 0, 0, 0, 0, 0, 0, 0, 0, 0, 0, 0, 0, 0, 0, 0, 0, 0, 0, 0, 0, 0, 0, 0, 0, 0, 0, 0, 0, 0, 0, 0, 0, 0, 0, 0, 0, 0, 0, 0, 0, 0, 0, 0, 0, 0, 0, 0, 0, 0, 0, 0, 0, 0, 0, 0, 0, 0, 0, 0, 0, 0, 0, 0, 0, 0, 0, 0, 0, 0, 0, 0, 0, 0, 0, 0, 0, 0, 0, 0, 0, 0, 0, 0, 0, 0, 0, 0, 0, 0, 0, 0, 0, 0, 0, 0, 0, 0, 0, 0, 0, 0, 0, 0, 0, 0, 0, 0, 0, 0, 0, 0, 0, 0, 0, 0, 0, 0, 0, 0, 0, 0, 0, 0, 0, 0, 0, 0, 0, 0, 0, 0, 0, 0, 0, 0, 0, 0, 0, 0, 0, 0, 0, 0, 0, 0, 0, 0, 0, 0, 0, 0, 0, 0, 0, 0, 0, 0])
01-17 09:22:45.857   627  3892 D DlbDap2Process: setParam(arbs = #81[20, 47, 141, 234, 328, 469, 656, 844, 1031, 1313, 1688, 2250, 3000, 3750, 4688, 5813, 7125, 9000, 11250, 13875, 19688, -192, -192, -192, -192, -192, -192, -192, -192, -192, -192, -192, -192, -192, -192, -192, -192, -192, -192, -192, -192, 0, 0, 0, 0, 0, 0, 0, 0, 0, 0, 0, 0, 0, 0, 0, 0, 0, 0, 0, 0, 0, 0, 0, 0, 0, 0, 0, 0, 0, 0, 0, 0, 0, 0, 0, 0, 0, 0, 0, 0])
01-17 09:22:45.857   627  3892 D DlbDapEndpointParamCache: doCommit() Committed 37 parameters out of 37.
01-17 09:22:45.857   627  3892 D DlbDap2Process: setMave(mave = 0)
01-17 09:22:45.858   627  3892 D DlbDapCrossfadeProcess: process transitioning from FADE_TO_BYPASS state to DAP_BYPASSED
01-17 09:22:45.872 30414 30414 D featureTest: receive broadcast , playing content location :/sdcard/featureTest/chopper_5.1_180_420.wav
01-17 09:22:45.874   710   900 D NuPlayerDriver: stop(0xe6bcb540)
01-17 09:22:45.874   710   900 D NuPlayerDriver: notifyListener_l(0xe6bcb540), (8, 0, 0, -1), loop setting(0, 1)
01-17 09:22:45.875   710   900 D NuPlayerDriver: reset(0xe6bcb540) at state 8
01-17 09:22:45.882   710 30439 D NuPlayerDriver: notifyResetComplete(0xe6bcb540)
01-17 09:22:45.882   710   900 D NuPlayerDriver: reset(0xe6bcb540) at state 0
01-17 09:22:45.888 30414 30414 D featureTest: mMediaPlayer.getAudioSessionId(): 5537
01-17 09:22:45.888 30414 30414 D featureTest: Playing file: /sdcard/featureTest/chopper_5.1_180_420.wav
01-17 09:22:45.889   710   710 D NuPlayerDriver: NuPlayerDriver(0xe6bcb070) created, clientPid(30414)
01-17 09:22:45.922   710 30464 D NuPlayerDriver: notifyListener_l(0xe6bcb070), (1, 0, 0, -1), loop setting(0, 0)
01-17 09:22:45.926   710   710 D NuPlayerDriver: start(0xe6bcb070), state is 4, eos is 0
01-17 09:22:45.933 30414 30414 D featureTest: receive broadcast , change ds status :1
01-17 09:22:45.936   717  1650 I OMXMaster: makeComponentInstance(OMX.google.raw.decoder) in omx@1.0-service process
01-17 09:22:45.939   710 30471 I ACodec  : codec does not support config priority (err -2147483648)
01-17 09:22:45.939   710 30471 I MediaCodec: MediaCodec will operate in async mode
01-17 09:22:45.944   627  3512 D DlbDlbEffect: handle_EFFECT_CMD_SET_PARAM()
01-17 09:22:45.961   710 30469 D AudioTrack: Client defaulted notificationFrames to 12000 for frameCount 24000
01-17 09:22:45.967   684   930 W AudioFlinger: moveDolbyEffect() effect chain for session 0 not on source thread 0xee0ae580
01-17 09:22:45.967   710 30464 D NuPlayerDriver: notifyListener_l(0xe6bcb070), (6, 0, 0, -1), loop setting(0, 1)
01-17 09:22:45.988 30414 30414 D featureTest: receive broadcast , change ds profile id :5
01-17 09:22:45.995   627   627 D DlbDlbEffect: handle_EFFECT_CMD_SET_PARAM()
01-17 09:22:45.995   645   713 I DapController: Profile Changed to Custom
01-17 09:22:46.020   627  3892 D DlbDapCrossfadeProcess: setEnabled transitioning from DAP_BYPASSED state to PREROLL_ACTIVE
01-17 09:22:46.021   627  3892 D DlbDapEndpointParamCache: commitChangedParams()
01-17 09:22:46.021   627  3892 D DlbDapEndpointParamCache: commit() Applying parameters for device 0x40000000
01-17 09:22:46.021   627  3892 D DlbDap2Process: setParam(iea = #1[10])
01-17 09:22:46.021   627  3892 D DlbDap2Process: setParam(msce = #1[0])
01-17 09:22:46.021   627  3892 D DlbDap2Process: setParam(mdee = #1[0])
01-17 09:22:46.021   627  3892 D DlbDap2Process: setParam(miee = #1[0])
01-17 09:22:46.021   627  3892 D DlbDap2Process: setParam(mdle = #1[0])
01-17 09:22:46.021   627  3892 D DlbDap2Process: setParam(dvle = #1[1])
01-17 09:22:46.021   627  3892 D DlbDap2Process: setParam(mave = #1[0])
01-17 09:22:46.021   627  3892 D DlbDap2Process: setParam(vcbf = #20[47, 141, 234, 328, 469, 656, 844, 1031, 1313, 1688, 2250, 3000, 3750, 4688, 5813, 7125, 9000, 11250, 13875, 19688])
01-17 09:22:46.021   627  3892 D DlbDap2Process: setParam(vbon = #1[0])
01-17 09:22:46.021   627  3892 D DlbDap2Process: setParam(beon = #1[0])
01-17 09:22:46.021   627  3892 D DlbDap2Process: setParam(geon = #1[0])
01-17 09:22:46.021   627  3892 D DlbDap2Process: setParam(ieon = #1[0])
01-17 09:22:46.021   627  3892 D DlbDap2Process: setParam(gebs = #41[20, 47, 141, 234, 328, 469, 656, 844, 1031, 1313, 1688, 2250, 3000, 3750, 4688, 5813, 7125, 9000, 11250, 13875, 19688, 0, 0, 0, 0, 0, 0, 0, 0, 0, 0, 0, 0, 0, 0, 0, 0, 0, 0, 0, 0])
01-17 09:22:46.021   627  3892 D DlbDap2Process: setParam(iebs = #41[20, 65, 136, 223, 332, 467, 634, 841, 1098, 1416, 1812, 2302, 2909, 3663, 4598, 5756, 7194, 8976, 11186, 13927, 17326, 117, 133, 188, 176, 141, 149, 175, 185, 185, 200, 236, 242, 228, 213, 182, 132, 110, 68, -27, -240])
01-17 09:22:46.021   627  3892 D DlbDapEndpointParamCache: doCommit() Committed 15 parameters out of 16.
01-17 09:22:46.021   627  3892 D DlbDapEndpointParamCache: commit() Overriding parameters for current device 0x00000002
01-17 09:22:46.021   627  3892 D DlbDap2Process: setParam(dea = #1[7])
01-17 09:22:46.021   627  3892 D DlbDap2Process: setParam(dsa = #1[10])
01-17 09:22:46.021   627  3892 D DlbDap2Process: setParam(beb = #1[192])
01-17 09:22:46.021   627  3892 D DlbDap2Process: setParam(plb = #1[0])
01-17 09:22:46.021   627  3892 D DlbDap2Process: setParam(vmb = #1[144])
01-17 09:22:46.021   627  3892 D DlbDap2Process: setParam(dsb = #1[48])
01-17 09:22:46.021   627  3892 D DlbDap2Process: setParam(ded = #1[0])
01-17 09:22:46.021   627  3892 D DlbDap2Process: setParam(vbm = #1[3])
01-17 09:22:46.021   627  3892 D DlbDap2Process: setParam(dom = #1[0])
01-17 09:22:46.021   627  3892 D DlbDap2Process: setParam(bew = #1[16])
01-17 09:22:46.021   627  3892 D DlbDap2Process: setParam(dvla = #1[5])
01-17 09:22:46.021   627  3892 D DlbDap2Process: setParam(arra = #1[96])
01-17 09:22:46.021   627  3892 D DlbDap2Process: setParam(dfsa = #1[10])
01-17 09:22:46.022   627  3892 D DlbDap2Process: setParam(dhsa = #1[10])
01-17 09:22:46.022   627  3892 D DlbDap2Process: setParam(dvmc = #1[0])
01-17 09:22:46.022   627  3892 D DlbDap2Process: setParam(arod = #1[0])
01-17 09:22:46.022   627  3892 D DlbDap2Process: setParam(arde = #1[1])
01-17 09:22:46.022   627  3892 D DlbDap2Process: setParam(dvle = #1[1])
01-17 09:22:46.022   627  3892 D DlbDap2Process: setParam(dvme = #1[0])
01-17 09:22:46.022   627  3892 D DlbDap2Process: setParam(becf = #1[200])
01-17 09:22:46.022   627  3892 D DlbDap2Process: setParam(vbmf = #2[94, 469])
01-17 09:22:46.022   627  3892 D DlbDap2Process: setParam(vbsf = #2[35, 160])
01-17 09:22:46.022   627  3892 D DlbDap2Process: setParam(vbhg = #3[-32, -144, -192])
01-17 09:22:46.022   627  3892 D DlbDap2Process: setParam(vbog = #1[0])
01-17 09:22:46.022   627  3892 D DlbDap2Process: setParam(vbsg = #1[0])
01-17 09:22:46.022   627  3892 D DlbDap2Process: setParam(dvli = #1[-320])
01-17 09:22:46.022   627  3892 D DlbDap2Process: setParam(dhfm = #1[2])
01-17 09:22:46.022   627  3892 D DlbDap2Process: setParam(vbon = #1[0])
01-17 09:22:46.022   627  3892 D DlbDap2Process: setParam(beon = #1[0])
01-17 09:22:46.022   627  3892 D DlbDap2Process: setParam(deon = #1[0])
01-17 09:22:46.022   627  3892 D DlbDap2Process: setParam(ngon = #1[1])
01-17 09:22:46.022   627  3892 D DlbDap2Process: setParam(aoon = #1[1])
01-17 09:22:46.022   627  3892 D DlbDap2Process: setParam(aron = #1[1])
01-17 09:22:46.022   627  3892 D DlbDap2Process: setParam(dvlo = #1[-320])
01-17 09:22:46.022   627  3892 D DlbDap2Process: setParam(artp = #1[12])
01-17 09:22:46.022   627  3892 D DlbDap2Process: setParam(aobs = #222[20, 10, 47, 141, 234, 328, 469, 656, 844, 1031, 1313, 1688, 2250, 3000, 3750, 4688, 5813, 7125, 9000, 11250, 13875, 19688, 0, 0, 0, 0, 0, 0, 0, 0, 0, 0, 0, 0, 0, 0, 0, 0, 0, 0, 0, 0, 0, 0, 0, 0, 0, 0, 0, 0, 0, 0, 0, 0, 0, 0, 0, 0, 0, 0, 0, 0, 0, 0, 0, 0, 0, 0, 0, 0, 0, 0, 0, 0, 0, 0, 0, 0, 0, 0, 0, 0, 0, 0, 0, 0, 0, 0, 0, 0, 0, 0, 0, 0, 0, 0, 0, 0, 0, 0, 0, 0, 0, 0, 0, 0, 0, 0, 0, 0, 0, 0, 0, 0, 0, 0, 0, 0, 0, 0, 0, 0, 0, 0, 0, 0, 0, 0, 0, 0, 0, 0, 0, 0, 0, 0, 0, 0, 0, 0, 0, 0, 0, 0, 0, 0, 0, 0, 0, 0, 0, 0, 0, 0, 0, 0, 0, 0, 0, 0, 0, 0, 0, 0, 0, 0, 0, 0, 0, 0, 0, 0, 0, 0, 0, 0, 0, 0, 0, 0, 0, 0, 0, 0, 0, 0, 0, 0, 0, 0, 0, 0, 0, 0, 0, 0, 0, 0, 0, 0, 0, 0, 0, 0, 0, 0, 0, 0, 0, 0, 0, 0, 0, 0, 0, 0, 0, 0, 0, 0, 0, 0])
01-17 09:22:46.022   627  3892 D DlbDap2Process: setParam(arbs = #81[20, 47, 141, 234, 328, 469, 656, 844, 1031, 1313, 1688, 2250, 3000, 3750, 4688, 5813, 7125, 9000, 11250, 13875, 19688, -192, -192, -192, -192, -192, -192, -192, -192, -192, -192, -192, -192, -192, -192, -192, -192, -192, -192, -192, -192, 0, 0, 0, 0, 0, 0, 0, 0, 0, 0, 0, 0, 0, 0, 0, 0, 0, 0, 0, 0, 0, 0, 0, 0, 0, 0, 0, 0, 0, 0, 0, 0, 0, 0, 0, 0, 0, 0, 0, 0])
01-17 09:22:46.022   627  3892 D DlbDapEndpointParamCache: doCommit() Committed 37 parameters out of 37.
01-17 09:22:46.022   627  3892 D DlbDap2Process: setMave(mave = 0)
01-17 09:22:46.024   684   928 W AudioFlinger::EffectModule: EffectModule 0xee09dc00 destructor called with unreleased interface
01-17 09:22:46.025   684   928 W AudioFlinger::EffectHandle: disconnect Effect handle 0xee093300 disconnected after thread destruction
01-17 09:22:46.029   627  3892 D DlbDapCrossfadeProcess: process transitioning from PREROLL_ACTIVE state to FADE_TO_ACTIVE
01-17 09:22:46.048 30414 30414 D featureTest: receive broadcast , change virtual speaker  virtualizer :0
01-17 09:22:46.060 30414 30414 D featureTest: virtual speaker virtualizer can not be operate for mono speaker endpoint!
01-17 09:22:46.104 30414 30414 D featureTest: receive broadcast , record log :0
01-17 09:22:46.137   627  3892 D DlbDapCrossfadeProcess: process transitioning from FADE_TO_ACTIVE state to DAP_ACTIVE
01-17 09:22:47.545   627  3892 D DlbDap2Process: process() called [473000] times
01-17 09:22:50.187   627  3892 D DlbDap2Process: process() called [473500] times
