01-17 09:21:09.301   710 28437 D NuPlayerDriver: reset(0xe6bcb8c0) at state 5
01-17 09:21:09.310   710 28437 D NuPlayerDriver: notifyListener_l(0xe6bcb8c0), (8, 0, 0, -1), loop setting(0, 1)
01-17 09:21:09.327   710 29712 D NuPlayerDriver: notifyResetComplete(0xe6bcb8c0)
01-17 09:21:09.328   710 28437 D AudioTrack: stop() called with 0 frames delivered
01-17 09:21:09.462   684   928 W AudioFlinger::EffectModule: EffectModule 0xed0e3a00 destructor called with unreleased interface
01-17 09:21:09.462   684   928 W AudioFlinger::EffectHandle: disconnect Effect handle 0xee163940 disconnected after thread destruction
01-17 09:21:09.464   627  6441 D DlbDlbEffect: handle_EFFECT_CMD_DISABLE()
01-17 09:21:09.464   627  6441 D DlbDapCrossfadeProcess: setEnabled transitioning from DAP_ACTIVE state to FADE_TO_BYPASS
01-17 09:21:09.466   627  6441 D DlbDlbEffect: handle_EFFECT_CMD_SET_CONFIG()
01-17 09:21:09.467   627  6441 D DlbDapEndpointParamCache: setDevice(device=0x00000002)
01-17 09:21:09.468   645   645 D DMSService: setActiveDevice called with device = 0x2
01-17 09:21:09.468   627  3512 D DlbDlbEffect: handle_EFFECT_CMD_ENABLE()
01-17 09:21:09.468   627  3512 D DlbDapCrossfadeProcess: setEnabled transitioning from FADE_TO_BYPASS state to FADE_TO_ACTIVE
01-17 09:21:09.609 29757 29757 D featureTest: onCreate
01-17 09:21:09.613 29757 29757 D AudioTrack: Client defaulted notificationFrames to 962 for frameCount 1924
01-17 09:21:09.615 29757 29757 W AudioTrack: Use of stream types is deprecated for operations other than volume control
01-17 09:21:09.615 29757 29757 W AudioTrack: See the documentation of AudioTrack() for what to use instead with android.media.AudioAttributes to qualify your playback use case
01-17 09:21:09.629 29757 29757 D featureTest: onResume
01-17 09:21:10.485 29757 29757 D featureTest: receive broadcast , playing content location :/sdcard/featureTest/stereo_dd_25fps_channel_id.m4a
01-17 09:21:10.494 29757 29757 D featureTest: mMediaPlayer.getAudioSessionId(): 5385
01-17 09:21:10.495 29757 29757 D featureTest: Playing file: /sdcard/featureTest/stereo_dd_25fps_channel_id.m4a
01-17 09:21:10.496   710 28437 D NuPlayerDriver: NuPlayerDriver(0xe6bcb8c0) created, clientPid(29757)
01-17 09:21:10.519   710 29783 D NuPlayerDriver: notifyListener_l(0xe6bcb8c0), (1, 0, 0, -1), loop setting(0, 0)
01-17 09:21:10.530   710 28437 D NuPlayerDriver: start(0xe6bcb8c0), state is 4, eos is 0
01-17 09:21:10.543   717  1650 I OMXMaster: makeComponentInstance(OMX.dolby.ac3.decoder) in omx@1.0-service process
01-17 09:21:10.554 29757 29757 D featureTest: receive broadcast , change ds status :1
01-17 09:21:10.569   627  3512 D DlbDlbEffect: handle_EFFECT_CMD_SET_PARAM()
01-17 09:21:10.595   717  1650 I DDP_JOCDecoder: -> init name OMX.dolby.ac3.decoder
01-17 09:21:10.596   645   645 I DMSService: registerClient type = 0, uid = e7f0fb60
01-17 09:21:10.597   717  1650 I DDP_JOCDecoder: <- init
01-17 09:21:10.597   717  1650 D DDP_JOCDecoder: initPorts
01-17 09:21:10.600   710 29791 I ACodec  : codec does not support config priority (err -2147483648)
01-17 09:21:10.602   710 29791 I MediaCodec: MediaCodec will operate in async mode
01-17 09:21:10.602   710 29790 I NuPlayerDecoder: setDolbyMessage() Notifying player that Codec supports dolby_processed_audio flag
01-17 09:21:10.602   710 29791 I ACodec  : setDolbyParameterOnProcessedAudio() Received dolby_processed_audio=1
01-17 09:21:10.602   710 29783 I NuPlayer: onDolbyMessageReceived() Setting dolby_processed_audio flag on audio sink
01-17 09:21:10.602   645   645 I DMSService: unregisterClient type = 0, uid = e7f0fb60
01-17 09:21:10.604 29757 29757 D featureTest: receive broadcast , change ds profile id :1
01-17 09:21:10.614   627  3512 D DlbDlbEffect: handle_EFFECT_CMD_SET_PARAM()
01-17 09:21:10.650   645   713 I DapController: Profile Changed to Movie
01-17 09:21:10.650   645   645 I DMSService: registerClient type = 4, uid = e7f0fb30
01-17 09:21:10.650   717 21044 D DDP_JOCDecoder: internalSetParameter() Instantiating ARenderer for content processing in decoder
01-17 09:21:10.650   717 21044 I DlbDap2QmfProcess: Dap2Process()
01-17 09:21:10.650   717 21044 I ARenderer: ARenderer
01-17 09:21:10.650   717 21044 I evo_parser: evo_parser_init
01-17 09:21:10.650   717 21044 I DlbDap2QmfProcess: init()
01-17 09:21:10.650   717 21044 I DlbDap2QmfProcess: open()
01-17 09:21:10.650   717 21044 I DlbDap2QmfProcess: loadLicense() no license check!
01-17 09:21:10.650   717 21044 I DlbDap2QmfProcess: validateLicense() no license check!
01-17 09:21:10.650   717 21044 I DlbDap2QmfProcess: init() DAP opened
01-17 09:21:10.650   717 21044 I DlbDap2QmfProcess: DAP library version: 2.5.1-P2.0
01-17 09:21:10.650   717 21044 D DlbDap2QmfProcess: DAP output mode set to 1 with 2 output channels and null mix matrix.
01-17 09:21:10.651   710 29791 I ACodec  : setDolbyParameterOnProcessedAudio() Content processing enabled in decoder
01-17 09:21:10.662   717 29796 I DDP_JOCDecoder: -> start
01-17 09:21:10.662   717 29796 D DDP_JOCDecoder: Setting Max Output Channels to 2
01-17 09:21:10.662   717 29796 D DDP_JOCDecoder: setMultiChannelPCMOutDownmix mConfig->jocForceDownmixMode 1
01-17 09:21:10.662   717 29796 I udc_user: 
01-17 09:21:10.662   717 29796 I udc_user: *** DDPlus Unified Decoder Simulation  Version 1.7.3 ***
01-17 09:21:10.662   717 29796 I udc_user: 
01-17 09:21:10.662   717 29796 I udc_user: 7.1-channel decoder-converter, 
01-17 09:21:10.662   717 29796 I udc_user: 
01-17 09:21:10.662   717 29796 I udc_user: 5.1-channel dual-decoder-converter, 
01-17 09:21:10.662   717 29796 I udc_user: Karaoke unsupported, 
01-17 09:21:10.662   717 29796 I udc_user: TPNP supported. 
01-17 09:21:10.663   717 29796 I udc_user: 
01-17 09:21:10.663   717 29796 I udc_user: Unpublished work.  Copyright 2003-2014 Dolby Laboratories, Inc. and
01-17 09:21:10.663   717 29796 I udc_user: Dolby Laboratories Licensing Corporation.  All Rights Reserved.
01-17 09:21:10.663   717 29796 I udc_user: 
01-17 09:21:10.663   717 29796 I udc_user: USE OF THIS SOFTWARE IS SUBJECT TO A LEGAL AGREEMENT BETWEEN YOU AND DOLBY
01-17 09:21:10.663   717 29796 I udc_user: LABORATORIES. DO NOT USE THIS SOFTWARE UNLESS YOU AGREE TO THE TERMS AND 
01-17 09:21:10.663   717 29796 I udc_user: CONDITIONS IN THE AGREEMENT.  BY USING THIS SOFTWARE, YOU ACKNOWLEDGE THAT 
01-17 09:21:10.663   717 29796 I udc_user: YOU HAVE READ THE AGREEMENT AND THAT YOU AGREE TO BE BOUND BY ITS TERMS. 
01-17 09:21:10.663   717 29796 I udc_user: 
01-17 09:21:10.663   717 29796 I ddpdec_client_joc: ddpdec_open JOCD_MODE Buffer assignment
01-17 09:21:10.663   717 29796 D DDP_JOCDecoder: mStarted = 1
01-17 09:21:10.663   717 29796 I DDP_JOCDecoder: <- start
01-17 09:21:10.665   717 29796 D ddpdec_client_joc: ddpdec_client.c|int configDecoder()
01-17 09:21:10.665 29757 29757 D featureTest: receive broadcast , record log :0
01-17 09:21:10.666   717 29796 D DDP_JOCDecoder: Setting Max Output Channels to 2
01-17 09:21:10.667   717 29796 I DlbDap2QmfProcess: close()
01-17 09:21:10.667   717 29796 I DlbDap2QmfProcess: init()
01-17 09:21:10.667   717 29796 I DlbDap2QmfProcess: open()
01-17 09:21:10.667   717 29796 I DlbDap2QmfProcess: loadLicense() no license check!
01-17 09:21:10.667   717 29796 I DlbDap2QmfProcess: validateLicense() no license check!
01-17 09:21:10.668   717 29796 I DlbDap2QmfProcess: init() DAP opened
01-17 09:21:10.668   717 29796 I DlbDap2QmfProcess: DAP library version: 2.5.1-P2.0
01-17 09:21:10.668   717 29796 D DlbDap2QmfProcess: DAP output mode set to 1 with 2 output channels and null mix matrix.
01-17 09:21:10.668   717 29796 D ARenderer: checkAndUpdateConfig: DAP reinitialized because of sample rate change
01-17 09:21:10.668   717 29796 D ARenderer: updateDapConfig: Updating DAP configuration
01-17 09:21:10.668   717 29796 D DlbDap2QmfProcess: setParam(iea = #1[10])
01-17 09:21:10.668   717 29796 D DlbDap2QmfProcess: setParam(msce = #1[0])
01-17 09:21:10.668   717 29796 D DlbDap2QmfProcess: setParam(mdee = #1[0])
01-17 09:21:10.668   717 29796 D DlbDap2QmfProcess: setParam(miee = #1[0])
01-17 09:21:10.668   717 29796 D DlbDap2QmfProcess: setParam(mdle = #1[0])
01-17 09:21:10.668   717 29796 D DlbDap2QmfProcess: setParam(dvle = #1[1])
01-17 09:21:10.668   717 29796 D DlbDap2QmfProcess: setParam(mave = #1[0])
01-17 09:21:10.668   717 29796 D DlbDap2QmfProcess: setParam(vcbf = #20[47, 141, 234, 328, 469, 656, 844, 1031, 1313, 1688, 2250, 3000, 3750, 4688, 5813, 7125, 9000, 11250, 13875, 19688])
01-17 09:21:10.668   717 29796 D DlbDap2QmfProcess: setParam(ieon = #1[0])
01-17 09:21:10.668   717 29796 D DlbDap2QmfProcess: setParam(gebs = #41[20, 47, 141, 234, 328, 469, 656, 844, 1031, 1313, 1688, 2250, 3000, 3750, 4688, 5813, 7125, 9000, 11250, 13875, 19688, 0, 0, 0, 0, 0, 0, 0, 0, 0, 0, 0, 0, 0, 0, 0, 0, 0, 0, 0, 0])
01-17 09:21:10.668   717 29796 D DlbDap2QmfProcess: setParam(iebs = #41[20, 65, 136, 223, 332, 467, 634, 841, 1098, 1416, 1812, 2302, 2909, 3663, 4598, 5756, 7194, 8976, 11186, 13927, 17326, 117, 133, 188, 176, 141, 149, 175, 185, 185, 200, 236, 242, 228, 213, 182, 132, 110, 68, -27, -240])
01-17 09:21:10.668   717 29796 D DlbDap2QmfProcess: setParam(dea = #1[5])
01-17 09:21:10.668   717 29796 D DlbDap2QmfProcess: setParam(dsa = #1[10])
01-17 09:21:10.668   717 29796 D DlbDap2QmfProcess: setParam(beb = #1[192])
01-17 09:21:10.668   717 29796 D DlbDap2QmfProcess: setParam(plb = #1[0])
01-17 09:21:10.668   717 29796 D DlbDap2QmfProcess: setParam(vmb = #1[144])
01-17 09:21:10.668   717 29796 D DlbDap2QmfProcess: setParam(dsb = #1[96])
01-17 09:21:10.668   717 29796 D DlbDap2QmfProcess: setParam(ded = #1[0])
01-17 09:21:10.668   717 29796 D DlbDap2QmfProcess: setParam(dom = #1[0])
01-17 09:21:10.668   717 29796 D DlbDap2QmfProcess: setParam(bew = #1[16])
01-17 09:21:10.668   717 29796 D DlbDap2QmfProcess: setParam(dvla = #1[7])
01-17 09:21:10.668   717 29796 D DlbDap2QmfProcess: setParam(dfsa = #1[10])
01-17 09:21:10.668   717 29796 D DlbDap2QmfProcess: setParam(dhsa = #1[10])
01-17 09:21:10.669   717 29796 D DlbDap2QmfProcess: setParam(dvmc = #1[0])
01-17 09:21:10.669   717 29796 D DlbDap2QmfProcess: setParam(dvle = #1[1])
01-17 09:21:10.669   717 29796 D DlbDap2QmfProcess: setParam(dvme = #1[0])
01-17 09:21:10.669   717 29796 D DlbDap2QmfProcess: setParam(becf = #1[200])
01-17 09:21:10.669   717 29796 D DlbDap2QmfProcess: setParam(vbmf = #2[94, 469])
01-17 09:21:10.669   717 29796 D DlbDap2QmfProcess: setParam(vbsf = #2[35, 160])
01-17 09:21:10.669   717 29796 D DlbDap2QmfProcess: setParam(vbhg = #3[-32, -144, -192])
01-17 09:21:10.669   717 29796 D DlbDap2QmfProcess: setParam(vbog = #1[0])
01-17 09:21:10.669   717 29796 D DlbDap2QmfProcess: setParam(vbsg = #1[0])
01-17 09:21:10.669   717 29796 D DlbDap2QmfProcess: setParam(dvli = #1[-320])
01-17 09:21:10.669   717 29796 D DlbDap2QmfProcess: setParam(dhfm = #1[2])
01-17 09:21:10.669   717 29796 D DlbDap2QmfProcess: setParam(deon = #1[1])
01-17 09:21:10.669   717 29796 D DlbDap2QmfProcess: setParam(ngon = #1[1])
01-17 09:21:10.669   717 29796 D DlbDap2QmfProcess: setParam(dvlo = #1[-320])
01-17 09:21:10.669   717 29796 D DlbDap2QmfProcess: setParam(aobs = #222[20, 10, 47, 141, 234, 328, 469, 656, 844, 1031, 1313, 1688, 2250, 3000, 3750, 4688, 5813, 7125, 9000, 11250, 13875, 19688, 0, 0, 0, 0, 0, 0, 0, 0, 0, 0, 0, 0, 0, 0, 0, 0, 0, 0, 0, 0, 0, 0, 0, 0, 0, 0, 0, 0, 0, 0, 0, 0, 0, 0, 0, 0, 0, 0, 0, 0, 0, 0, 0, 0, 0, 0, 0, 0, 0, 0, 0, 0, 0, 0, 0, 0, 0, 0, 0, 0, 0, 0, 0, 0, 0, 0, 0, 0, 0, 0, 0, 0, 0, 0, 0, 0, 0, 0, 0, 0, 0, 0, 0, 0, 0, 0, 0, 0, 0, 0, 0, 0, 0, 0, 0, 0, 0, 0, 0, 0, 0, 0, 0, 0, 0, 0, 0, 0, 0, 0, 0, 0, 0, 0, 0, 0, 0, 0, 0, 0, 0, 0, 0, 0, 0, 0, 0, 0, 0, 0, 0, 0, 0, 0, 0, 0, 0, 0, 0, 0, 0, 0, 0, 0, 0, 0, 0, 0, 0, 0, 0, 0, 0, 0, 0, 0, 0, 0, 0, 0, 0, 0, 0, 0, 0, 0, 0, 0, 0, 0, 0, 0, 0, 0, 0, 0, 0, 0, 0, 0, 0, 0, 0, 0, 0, 0, 0, 0, 0, 0, 0, 0, 0, 0, 0, 0, 0, 0, 0, 0])
01-17 09:21:10.669   717 29796 D DlbDap2QmfProcess: setParam(dvle = #1[1])
01-17 09:21:10.669   717 29796 D DlbDap2QmfProcess: setParam(dvli = #1[-496])
01-17 09:21:10.669   717 29796 D DlbDap2QmfProcess: setParam(dvlo = #1[-176])
01-17 09:21:10.669   717 29796 D ARenderer: updateDapVolumeLeveler: Setting output level to -11.00dB
01-17 09:21:10.669   717 29796 D DlbDap2QmfProcess: setParam(vmb = #1[0])
01-17 09:21:10.669   717 29796 D DlbDap2QmfProcess: setParam(preg = #1[-384])
01-17 09:21:10.669   717 29796 D DlbDap2QmfProcess: setParam(vol = #1[384])
01-17 09:21:10.669   717 29796 D DlbDap2QmfProcess: processQmf() called [0] times
01-17 09:21:10.669   717 29796 D DlbDap2QmfProcess: setMave(mave = 0)
01-17 09:21:10.674   710 29789 D AudioTrack: Client defaulted notificationFrames to 12000 for frameCount 24000
01-17 09:21:10.674   684  7228 I AudioFlinger: attachAuxEffect(): Marking track 723 as containing processed audio
01-17 09:21:10.675   684  7228 D AudioFlinger: trackContainsProcessedAudio() Track id 723 contains processed audio
01-17 09:21:10.679   684   684 D AudioFlinger: trackStateChanged() Track id 723 state changed to 6
01-17 09:21:10.679   684   684 I AudioFlinger: updateProcessedAudioState() Changing content processing in effect to 1
01-17 09:21:10.679   627  6441 D DlbDlbEffect: handle_EFFECT_CMD_SET_PARAM()
01-17 09:21:10.679   710 29783 D NuPlayerDriver: notifyListener_l(0xe6bcb8c0), (6, 0, 0, -1), loop setting(0, 1)
01-17 09:21:10.681   627  3892 I DlbEffectContext: setContentProcEnabled() Disabling content processing in effect
01-17 09:21:10.682   627  3892 D DlbDapEndpointParamCache: commitChangedParams()
01-17 09:21:10.682   627  3892 D DlbDapEndpointParamCache: commit() Applying parameters for device 0x40000000
01-17 09:21:10.682   627  3892 D DlbDap2Process: setParam(msce = #1[0])
01-17 09:21:10.682   627  3892 D DlbDap2Process: setParam(mdee = #1[0])
01-17 09:21:10.682   627  3892 D DlbDap2Process: setParam(miee = #1[0])
01-17 09:21:10.682   627  3892 D DlbDap2Process: setParam(mdle = #1[0])
01-17 09:21:10.682   627  3892 D DlbDap2Process: setParam(dvle = #1[0])
01-17 09:21:10.682   627  3892 D DlbDap2Process: setParam(mave = #1[0])
01-17 09:21:10.682   627  3892 D DlbDap2Process: setParam(ieon = #1[0])
01-17 09:21:10.682   627  3892 D DlbDapEndpointParamCache: doCommit() Committed 7 parameters out of 16.
01-17 09:21:10.682   627  3892 D DlbDapEndpointParamCache: commit() Overriding parameters for current device 0x00000002
01-17 09:21:10.682   627  3892 D DlbDap2Process: setParam(dom = #1[0])
01-17 09:21:10.682   627  3892 D DlbDap2Process: setParam(dvle = #1[0])
01-17 09:21:10.682   627  3892 D DlbDap2Process: setParam(dvme = #1[0])
01-17 09:21:10.682   627  3892 D DlbDap2Process: setParam(deon = #1[0])
01-17 09:21:10.682   627  3892 D DlbDap2Process: setParam(ngon = #1[0])
01-17 09:21:10.682   627  3892 D DlbDapEndpointParamCache: doCommit() Committed 5 parameters out of 37.
01-17 09:21:10.683   627  3892 D DlbDapEndpointParamCache: commitChangedParams()
01-17 09:21:10.683   627  3892 D DlbDapEndpointParamCache: commit() Applying parameters for device 0x40000000
01-17 09:21:10.683   627  3892 D DlbDap2Process: setParam(iea = #1[10])
01-17 09:21:10.683   627  3892 D DlbDap2Process: setParam(vcbf = #20[47, 141, 234, 328, 469, 656, 844, 1031, 1313, 1688, 2250, 3000, 3750, 4688, 5813, 7125, 9000, 11250, 13875, 19688])
01-17 09:21:10.683   627  3892 D DlbDap2Process: setParam(vbon = #1[0])
01-17 09:21:10.683   627  3892 D DlbDap2Process: setParam(beon = #1[0])
01-17 09:21:10.683   627  3892 D DlbDap2Process: setParam(geon = #1[0])
01-17 09:21:10.683   627  3892 D DlbDap2Process: setParam(gebs = #41[20, 47, 141, 234, 328, 469, 656, 844, 1031, 1313, 1688, 2250, 3000, 3750, 4688, 5813, 7125, 9000, 11250, 13875, 19688, 0, 0, 0, 0, 0, 0, 0, 0, 0, 0, 0, 0, 0, 0, 0, 0, 0, 0, 0, 0])
01-17 09:21:10.683   627  3892 D DlbDap2Process: setParam(iebs = #41[20, 65, 136, 223, 332, 467, 634, 841, 1098, 1416, 1812, 2302, 2909, 3663, 4598, 5756, 7194, 8976, 11186, 13927, 17326, 117, 133, 188, 176, 141, 149, 175, 185, 185, 200, 236, 242, 228, 213, 182, 132, 110, 68, -27, -240])
01-17 09:21:10.683   627  3892 D DlbDapEndpointParamCache: doCommit() Committed 8 parameters out of 16.
01-17 09:21:10.683   627  3892 D DlbDapEndpointParamCache: commit() Overriding parameters for current device 0x00000002
01-17 09:21:10.683   627  3892 D DlbDap2Process: setParam(dea = #1[5])
01-17 09:21:10.683   627  3892 D DlbDap2Process: setParam(dsa = #1[10])
01-17 09:21:10.683   627  3892 D DlbDap2Process: setParam(beb = #1[192])
01-17 09:21:10.683   627  3892 D DlbDap2Process: setParam(plb = #1[0])
01-17 09:21:10.683   627  3892 D DlbDap2Process: setParam(vmb = #1[144])
01-17 09:21:10.683   627  3892 D DlbDap2Process: setParam(dsb = #1[96])
01-17 09:21:10.683   627  3892 D DlbDap2Process: setParam(ded = #1[0])
01-17 09:21:10.684   627  3892 D DlbDap2Process: setParam(vbm = #1[3])
01-17 09:21:10.684   627  3892 D DlbDap2Process: setParam(bew = #1[16])
01-17 09:21:10.684   627  3892 D DlbDap2Process: setParam(dvla = #1[7])
01-17 09:21:10.684   627  3892 D DlbDap2Process: setParam(arra = #1[96])
01-17 09:21:10.684   627  3892 D DlbDap2Process: setParam(dfsa = #1[10])
01-17 09:21:10.684   627  3892 D DlbDap2Process: setParam(dhsa = #1[10])
01-17 09:21:10.684   627  3892 D DlbDap2Process: setParam(dvmc = #1[0])
01-17 09:21:10.684   627  3892 D DlbDap2Process: setParam(arod = #1[0])
01-17 09:21:10.684   627  3892 D DlbDap2Process: setParam(arde = #1[1])
01-17 09:21:10.684   627  3892 D DlbDap2Process: setParam(becf = #1[200])
01-17 09:21:10.684   627  3892 D DlbDap2Process: setParam(vbmf = #2[94, 469])
01-17 09:21:10.684   627  3892 D DlbDap2Process: setParam(vbsf = #2[35, 160])
01-17 09:21:10.684   627  3892 D DlbDap2Process: setParam(vbhg = #3[-32, -144, -192])
01-17 09:21:10.684   627  3892 D DlbDap2Process: setParam(vbog = #1[0])
01-17 09:21:10.684   627  3892 D DlbDap2Process: setParam(vbsg = #1[0])
01-17 09:21:10.684   627  3892 D DlbDap2Process: setParam(dvli = #1[-320])
01-17 09:21:10.684   627  3892 D DlbDap2Process: setParam(dhfm = #1[2])
01-17 09:21:10.684   627  3892 D DlbDap2Process: setParam(vbon = #1[0])
01-17 09:21:10.684   627  3892 D DlbDap2Process: setParam(beon = #1[0])
01-17 09:21:10.684   627  3892 D DlbDap2Process: setParam(aoon = #1[1])
01-17 09:21:10.684   627  3892 D DlbDap2Process: setParam(aron = #1[1])
01-17 09:21:10.684   627  3892 D DlbDap2Process: setParam(dvlo = #1[-320])
01-17 09:21:10.684   627  3892 D DlbDap2Process: setParam(artp = #1[12])
01-17 09:21:10.685   627  3892 D DlbDap2Process: setParam(aobs = #222[20, 10, 47, 141, 234, 328, 469, 656, 844, 1031, 1313, 1688, 2250, 3000, 3750, 4688, 5813, 7125, 9000, 11250, 13875, 19688, 0, 0, 0, 0, 0, 0, 0, 0, 0, 0, 0, 0, 0, 0, 0, 0, 0, 0, 0, 0, 0, 0, 0, 0, 0, 0, 0, 0, 0, 0, 0, 0, 0, 0, 0, 0, 0, 0, 0, 0, 0, 0, 0, 0, 0, 0, 0, 0, 0, 0, 0, 0, 0, 0, 0, 0, 0, 0, 0, 0, 0, 0, 0, 0, 0, 0, 0, 0, 0, 0, 0, 0, 0, 0, 0, 0, 0, 0, 0, 0, 0, 0, 0, 0, 0, 0, 0, 0, 0, 0, 0, 0, 0, 0, 0, 0, 0, 0, 0, 0, 0, 0, 0, 0, 0, 0, 0, 0, 0, 0, 0, 0, 0, 0, 0, 0, 0, 0, 0, 0, 0, 0, 0, 0, 0, 0, 0, 0, 0, 0, 0, 0, 0, 0, 0, 0, 0, 0, 0, 0, 0, 0, 0, 0, 0, 0, 0, 0, 0, 0, 0, 0, 0, 0, 0, 0, 0, 0, 0, 0, 0, 0, 0, 0, 0, 0, 0, 0, 0, 0, 0, 0, 0, 0, 0, 0, 0, 0, 0, 0, 0, 0, 0, 0, 0, 0, 0, 0, 0, 0, 0, 0, 0, 0, 0, 0, 0, 0, 0, 0])
01-17 09:21:10.685   627  3892 D DlbDap2Process: setParam(arbs = #81[20, 47, 141, 234, 328, 469, 656, 844, 1031, 1313, 1688, 2250, 3000, 3750, 4688, 5813, 7125, 9000, 11250, 13875, 19688, -192, -192, -192, -192, -192, -192, -192, -192, -192, -192, -192, -192, -192, -192, -192, -192, -192, -192, -192, -192, 0, 0, 0, 0, 0, 0, 0, 0, 0, 0, 0, 0, 0, 0, 0, 0, 0, 0, 0, 0, 0, 0, 0, 0, 0, 0, 0, 0, 0, 0, 0, 0, 0, 0, 0, 0, 0, 0, 0, 0])
01-17 09:21:10.685   627  3892 D DlbDapEndpointParamCache: doCommit() Committed 32 parameters out of 37.
01-17 09:21:10.686   627  3892 D DlbDap2Process: setMave(mave = 0)
01-17 09:21:10.686   627  3892 D DlbDapCrossfadeProcess: process transitioning from FADE_TO_ACTIVE state to DAP_ACTIVE
01-17 09:21:12.719   627  3892 D DlbDap2Process: process() called [456500] times
01-17 09:21:15.023   710 29790 I NuPlayerDecoder: [audio] saw output EOS
01-17 09:21:15.024   710 29789 D AudioTrack: stop() called with 230400 frames delivered
01-17 09:21:15.380   627  3892 D DlbDap2Process: process() called [457000] times
01-17 09:21:15.569   710 29783 D NuPlayerDriver: notifyListener_l(0xe6bcb8c0), (2, 0, 0, -1), loop setting(0, 1)
01-17 09:21:15.569   684   684 D AudioFlinger: trackStateChanged() Track id 723 state changed to 6
01-17 09:21:15.571   684  7228 D AudioFlinger: trackStateChanged() Track id 723 state changed to 6
01-17 09:21:15.588   710 29783 D NuPlayerDriver: notifyListener_l(0xe6bcb8c0), (6, 0, 0, -1), loop setting(0, 1)
