--------- beginning of system
01-17 09:22:54.676   945  1506 I ActivityManager: Force stopping com.dolby.qa.featuretest appid=10073 user=0: from pid 30504
01-17 09:22:54.676   945  1506 I ActivityManager: Killing 30414:com.dolby.qa.featuretest/u0a73 (adj 0): stop com.dolby.qa.featuretest
01-17 09:22:54.678   945  1506 W ActivityManager: Force removing ActivityRecord{abe0547 u0 com.dolby.qa.featuretest/.MainActivity t262}: app died, no saved state
01-17 09:22:54.694   945  1506 I WindowManager: Failed to capture screenshot of Token{46e1174 ActivityRecord{abe0547 u0 com.dolby.qa.featuretest/.MainActivity t262 f}} appWin=Window{df8d4b u0 com.dolby.qa.featuretest/com.dolby.qa.featuretest.MainActivity} drawState=4
--------- beginning of main
01-17 09:22:54.705   945  1197 W InputDispatcher: channel '753e615 Toast (server)' ~ Consumer closed input channel or an error occurred.  events=0x9
01-17 09:22:54.705   945  1197 E InputDispatcher: channel '753e615 Toast (server)' ~ Channel is unrecoverably broken and will be disposed!
01-17 09:22:54.749  1499  1499 D CarrierSvcBindHelper: No carrier app for: 0
01-17 09:22:54.768  2010  2010 D RegisteredNfcFServicesCache: Service unchanged, not updating
01-17 09:22:54.790   945   961 I WindowManager: WIN DEATH: Window{753e615 u0 Toast}
01-17 09:22:54.790   945   961 W InputDispatcher: Attempted to unregister already unregistered input channel '753e615 Toast (server)'
01-17 09:22:54.791   710  1419 D NuPlayerDriver: reset(0xe6bcb070) at state 5
01-17 09:22:54.793   710  1419 D NuPlayerDriver: notifyListener_l(0xe6bcb070), (8, 0, 0, -1), loop setting(0, 1)
01-17 09:22:54.810   710 30464 D NuPlayerDriver: notifyResetComplete(0xe6bcb070)
01-17 09:22:54.812   710  1419 D AudioTrack: stop() called with 0 frames delivered
01-17 09:22:54.830   945  1518 I ActivityManager: START u0 {flg=0x10000000 cmp=com.dolby.qa.featuretest/.MainActivity} from uid 2000
01-17 09:22:54.854   945  1508 I ActivityManager: Start proc 30511:com.dolby.qa.featuretest/u0a73 for activity com.dolby.qa.featuretest/.MainActivity
01-17 09:22:54.857 30511 30511 I zygote64: Late-enabling -Xcheck:jni
01-17 09:22:54.957   684   928 W AudioFlinger::EffectModule: EffectModule 0xed0e3580 destructor called with unreleased interface
01-17 09:22:54.958   684   928 W AudioFlinger::EffectHandle: disconnect Effect handle 0xee163a80 disconnected after thread destruction
01-17 09:22:54.958   627   627 D DlbDlbEffect: handle_EFFECT_CMD_DISABLE()
01-17 09:22:54.958   627   627 D DlbDapCrossfadeProcess: setEnabled transitioning from DAP_ACTIVE state to FADE_TO_BYPASS
01-17 09:22:54.960   626   626 W /system/bin/hw/android.hidl.allocator@1.0-service: ashmem_create_region(3840) returning hidl_memory(0x7b7102c330, 3840)
01-17 09:22:54.960   627  3512 D DlbDlbEffect: handle_EFFECT_CMD_SET_CONFIG()
01-17 09:22:54.960   627  3512 D DlbDapEndpointParamCache: setDevice(device=0x00000002)
01-17 09:22:54.961   645   645 D DMSService: setActiveDevice called with device = 0x2
01-17 09:22:54.961   627   627 D DlbDlbEffect: handle_EFFECT_CMD_ENABLE()
01-17 09:22:54.962   627   627 D DlbDapCrossfadeProcess: setEnabled transitioning from FADE_TO_BYPASS state to FADE_TO_ACTIVE
01-17 09:22:55.033 30511 30511 D featureTest: onCreate
01-17 09:22:55.037 30511 30511 D AudioTrack: Client defaulted notificationFrames to 962 for frameCount 1924
01-17 09:22:55.039 30511 30511 W AudioTrack: Use of stream types is deprecated for operations other than volume control
01-17 09:22:55.040 30511 30511 W AudioTrack: See the documentation of AudioTrack() for what to use instead with android.media.AudioAttributes to qualify your playback use case
01-17 09:22:55.046 30511 30511 W DolbyAudioEffect: WARNING: attaching a DolbyAudioEffect to global output mix is deprecated!
01-17 09:22:55.052 30511 30511 D featureTest: onResume
01-17 09:22:55.062 30511 30528 D OpenGLRenderer: HWUI GL Pipeline
01-17 09:22:55.110 30511 30528 I Adreno  : QUALCOMM build                   : 7142022, Ib5823dd10c
01-17 09:22:55.110 30511 30528 I Adreno  : Build Date                       : 06/23/17
01-17 09:22:55.110 30511 30528 I Adreno  : OpenGL ES Shader Compiler Version: EV031.18.00.00
01-17 09:22:55.110 30511 30528 I Adreno  : Local Branch                     : O11A
01-17 09:22:55.110 30511 30528 I Adreno  : Remote Branch                    : 
01-17 09:22:55.110 30511 30528 I Adreno  : Remote Branch                    : 
01-17 09:22:55.110 30511 30528 I Adreno  : Reconstruct Branch               : 
01-17 09:22:55.114 30511 30528 I Adreno  : PFP: 0x005ff087, ME: 0x005ff063
01-17 09:22:55.116 30511 30528 I OpenGLRenderer: Initialized EGL, version 1.4
01-17 09:22:55.116 30511 30528 D OpenGLRenderer: Swap behavior 2
01-17 09:22:55.166   945   998 I ActivityManager: Displayed com.dolby.qa.featuretest/.MainActivity: +321ms
01-17 09:22:55.253   475   475 D SurfaceFlinger: Backpressure trigger, skipping transaction & refresh!
01-17 09:22:55.355   945   998 W ActivityManager: setHasOverlayUi called on unknown pid: 30414
01-17 09:22:55.647  2103  2230 W OpenGLRenderer: Incorrectly called buildLayer on View: ShortcutAndWidgetContainer, destroying layer...
01-17 09:22:55.891   945   945 W NotificationService: Object died trying to hide notification android.app.ITransientNotification$Stub$Proxy@7e6da1d in package com.dolby.qa.featuretest
01-17 09:22:55.892   945   945 W WindowManager: removeWindowToken: Attempted to remove non-existing token: android.os.Binder@7b26588
01-17 09:22:55.892   945   945 W ActivityManager: setProcessForeground called on unknown pid: 30414
01-17 09:22:55.893   945   945 W NotificationService: Object died trying to show notification android.app.ITransientNotification$Stub$Proxy@32de492 in package com.dolby.qa.featuretest
01-17 09:22:55.893   945   945 W ActivityManager: setProcessForeground called on unknown pid: 30414
01-17 09:22:55.893   945   945 W NotificationService: Object died trying to show notification android.app.ITransientNotification$Stub$Proxy@11afe63 in package com.dolby.qa.featuretest
01-17 09:22:55.915 30511 30511 D featureTest: receive broadcast , playing content location :/sdcard/featureTest/7ch_25fps.wav
01-17 09:22:55.922 30511 30511 D featureTest: mMediaPlayer.getAudioSessionId(): 5553
01-17 09:22:55.922 30511 30511 D featureTest: Playing file: /sdcard/featureTest/7ch_25fps.wav
01-17 09:22:55.923   710  1419 D NuPlayerDriver: NuPlayerDriver(0xe6bcb070) created, clientPid(30511)
01-17 09:22:55.926 30537 30537 W generic : type=1400 audit(0.0:459): avc: denied { read } for path="/storage/emulated/0/featuretest/7ch_25fps.wav" dev="sdcardfs" ino=1310760 scontext=u:r:mediaextractor:s0 tcontext=u:object_r:sdcardfs:s0 tclass=file permissive=0
01-17 09:22:55.926 30511 30511 W MediaPlayer: Use of stream types is deprecated for operations other than volume control
01-17 09:22:55.927 30511 30511 W MediaPlayer: See the documentation of setAudioStreamType() for what to use instead with android.media.AudioAttributes to qualify your playback use case
01-17 09:22:55.929   710 30537 D GenericSource: FileSource remote
01-17 09:22:55.929   710 30537 W GenericSource: extractor service cannot make data source
01-17 09:22:55.929   710 30537 D GenericSource: FileSource local
01-17 09:22:55.937   700   700 D MediaBufferGroup: creating MemoryDealer
01-17 09:22:55.937   710 30536 D NuPlayerDriver: notifyListener_l(0xe6bcb070), (1, 0, 0, -1), loop setting(0, 0)
01-17 09:22:55.945   710  1419 D NuPlayerDriver: start(0xe6bcb070), state is 4, eos is 0
01-17 09:22:55.946   710 30536 I GenericSource: start
01-17 09:22:55.949 30511 30511 W DolbyAudioEffect: WARNING: attaching a DolbyAudioEffect to global output mix is deprecated!
01-17 09:22:55.956   710 30544 I OMXClient: Treble IOmx obtained
01-17 09:22:55.957   717  1650 I OMXMaster: makeComponentInstance(OMX.google.raw.decoder) in omx@1.0-service process
01-17 09:22:55.959   717  1650 E OMXNodeInstance: setConfig(0xe83a31a0:google.raw.decoder, ConfigPriority(0x6f800002)) ERROR: Undefined(0x80001001)
01-17 09:22:55.959   710 30544 I ACodec  : codec does not support config priority (err -2147483648)
01-17 09:22:55.959   717  1650 E OMXNodeInstance: getConfig(0xe83a31a0:google.raw.decoder, ConfigAndroidVendorExtension(0x6f100004)) ERROR: Undefined(0x80001001)
01-17 09:22:55.960   710 30544 I MediaCodec: MediaCodec will operate in async mode
01-17 09:22:55.962   626   626 W /system/bin/hw/android.hidl.allocator@1.0-service: ashmem_create_region(32768) returning hidl_memory(0x7b7102c330, 32768)
01-17 09:22:55.967   626   626 I chatty  : uid=1000(system) allocator@1.0-s identical 6 lines
01-17 09:22:55.968   626   626 W /system/bin/hw/android.hidl.allocator@1.0-service: ashmem_create_region(32768) returning hidl_memory(0x7b7102c330, 32768)
01-17 09:22:55.975 30511 30511 D featureTest: receive broadcast , change ds status :0
01-17 09:22:55.981   626   626 W /system/bin/hw/android.hidl.allocator@1.0-service: ashmem_create_region(4096) returning hidl_memory(0x7b7102c330, 4096)
01-17 09:22:55.983   626   626 W /system/bin/hw/android.hidl.allocator@1.0-service: ashmem_create_region(1024) returning hidl_memory(0x7b7102c330, 1024)
01-17 09:22:55.983   684  3973 E EffectHalHidl: Buffer provider callbacks are not supported
01-17 09:22:55.984   710 30541 D AudioTrack: Client defaulted notificationFrames to 12000 for frameCount 24000
01-17 09:22:55.985   626   626 W /system/bin/hw/android.hidl.allocator@1.0-service: ashmem_create_region(7680) returning hidl_memory(0x7b7102c330, 7680)
01-17 09:22:55.987   626   626 W /system/bin/hw/android.hidl.allocator@1.0-service: ashmem_create_region(7680) returning hidl_memory(0x7b7102c330, 7680)
01-17 09:22:55.988   627  4939 D DlbDlbEffect: handle_EFFECT_CMD_DISABLE()
01-17 09:22:55.988   627  4939 D DlbDapCrossfadeProcess: setEnabled transitioning from FADE_TO_ACTIVE state to FADE_TO_BYPASS
01-17 09:22:55.989   626   626 W /system/bin/hw/android.hidl.allocator@1.0-service: ashmem_create_region(7680) returning hidl_memory(0x7b7102c330, 7680)
01-17 09:22:55.990   627  3512 D DlbDlbEffect: handle_EFFECT_CMD_SET_CONFIG()
01-17 09:22:55.990   627   627 D DlbDapEndpointParamCache: setDevice(device=0x00000002)
01-17 09:22:55.990   645   645 D DMSService: setActiveDevice called with device = 0x2
01-17 09:22:55.991   627  3512 D DlbDlbEffect: handle_EFFECT_CMD_ENABLE()
01-17 09:22:55.991   627  3512 D DlbDapCrossfadeProcess: setEnabled transitioning from FADE_TO_BYPASS state to FADE_TO_ACTIVE
01-17 09:22:55.991   684  3653 W AudioFlinger: moveDolbyEffect() effect chain for session 0 not on source thread 0xee0ae580
01-17 09:22:55.992   710 30536 D NuPlayerDriver: notifyListener_l(0xe6bcb070), (6, 0, 0, -1), loop setting(0, 1)
01-17 09:22:55.994   627  3892 D DlbDapCrossfadeProcess: process transitioning from FADE_TO_ACTIVE state to DAP_ACTIVE
01-17 09:22:55.998   627   627 D DlbDlbEffect: handle_EFFECT_CMD_SET_PARAM()
01-17 09:22:56.016   627  3892 D DlbDapCrossfadeProcess: setEnabled transitioning from DAP_ACTIVE state to FADE_TO_BYPASS
01-17 09:22:56.038 30511 30511 D featureTest: receive broadcast , change ds profile id :2
01-17 09:22:56.045   627  4939 D DlbDlbEffect: handle_EFFECT_CMD_SET_PARAM()
01-17 09:22:56.046   645   713 I DapController: Profile Changed to Music
01-17 09:22:56.056   627  3892 D DlbDapEndpointParamCache: commitChangedParams()
01-17 09:22:56.056   627  3892 D DlbDapEndpointParamCache: commit() Applying parameters for device 0x40000000
01-17 09:22:56.056   627  3892 D DlbDap2Process: setParam(iea = #1[10])
01-17 09:22:56.056   627  3892 D DlbDap2Process: setParam(msce = #1[0])
01-17 09:22:56.057   627  3892 D DlbDap2Process: setParam(mdee = #1[0])
01-17 09:22:56.057   627  3892 D DlbDap2Process: setParam(miee = #1[0])
01-17 09:22:56.057   627  3892 D DlbDap2Process: setParam(mdle = #1[0])
01-17 09:22:56.057   627  3892 D DlbDap2Process: setParam(dvle = #1[1])
01-17 09:22:56.057   627  3892 D DlbDap2Process: setParam(mave = #1[0])
01-17 09:22:56.057   627  3892 D DlbDap2Process: setParam(vcbf = #20[47, 141, 234, 328, 469, 656, 844, 1031, 1313, 1688, 2250, 3000, 3750, 4688, 5813, 7125, 9000, 11250, 13875, 19688])
01-17 09:22:56.057   627  3892 D DlbDap2Process: setParam(vbon = #1[0])
01-17 09:22:56.057   627  3892 D DlbDap2Process: setParam(beon = #1[0])
01-17 09:22:56.057   627  3892 D DlbDap2Process: setParam(geon = #1[0])
01-17 09:22:56.057   627  3892 D DlbDap2Process: setParam(ieon = #1[1])
01-17 09:22:56.057   627  3892 D DlbDap2Process: setParam(gebs = #41[20, 47, 141, 234, 328, 469, 656, 844, 1031, 1313, 1688, 2250, 3000, 3750, 4688, 5813, 7125, 9000, 11250, 13875, 19688, 0, 0, 0, 0, 0, 0, 0, 0, 0, 0, 0, 0, 0, 0, 0, 0, 0, 0, 0, 0])
01-17 09:22:56.057   627  3892 D DlbDap2Process: setParam(iebs = #41[20, 65, 136, 223, 332, 467, 634, 841, 1098, 1416, 1812, 2302, 2909, 3663, 4598, 5756, 7194, 8976, 11186, 13927, 17326, 117, 133, 188, 176, 141, 149, 175, 185, 185, 200, 236, 242, 228, 213, 182, 132, 110, 68, -27, -240])
01-17 09:22:56.057   627  3892 D DlbDapEndpointParamCache: doCommit() Committed 15 parameters out of 16.
01-17 09:22:56.057   627  3892 D DlbDapEndpointParamCache: commit() Overriding parameters for current device 0x00000002
01-17 09:22:56.057   627  3892 D DlbDap2Process: setParam(dea = #1[7])
01-17 09:22:56.057   627  3892 D DlbDap2Process: setParam(dsa = #1[10])
01-17 09:22:56.057   627  3892 D DlbDap2Process: setParam(beb = #1[192])
01-17 09:22:56.057   627  3892 D DlbDap2Process: setParam(plb = #1[0])
01-17 09:22:56.057   627  3892 D DlbDap2Process: setParam(vmb = #1[144])
01-17 09:22:56.057   627  3892 D DlbDap2Process: setParam(dsb = #1[0])
01-17 09:22:56.057   627  3892 D DlbDap2Process: setParam(ded = #1[0])
01-17 09:22:56.057   627  3892 D DlbDap2Process: setParam(vbm = #1[3])
01-17 09:22:56.057   627  3892 D DlbDap2Process: setParam(dom = #1[0])
01-17 09:22:56.058   627  3892 D DlbDap2Process: setParam(bew = #1[16])
01-17 09:22:56.058   627  3892 D DlbDap2Process: setParam(dvla = #1[4])
01-17 09:22:56.058   627  3892 D DlbDap2Process: setParam(arra = #1[96])
01-17 09:22:56.058   627  3892 D DlbDap2Process: setParam(dfsa = #1[10])
01-17 09:22:56.058   627  3892 D DlbDap2Process: setParam(dhsa = #1[10])
01-17 09:22:56.058   627  3892 D DlbDap2Process: setParam(dvmc = #1[0])
01-17 09:22:56.058   627  3892 D DlbDap2Process: setParam(arod = #1[0])
01-17 09:22:56.058   627  3892 D DlbDap2Process: setParam(arde = #1[1])
01-17 09:22:56.058   627  3892 D DlbDap2Process: setParam(dvle = #1[1])
01-17 09:22:56.058   627  3892 D DlbDap2Process: setParam(dvme = #1[0])
01-17 09:22:56.058   627  3892 D DlbDap2Process: setParam(becf = #1[200])
01-17 09:22:56.058   627  3892 D DlbDap2Process: setParam(vbmf = #2[94, 469])
01-17 09:22:56.058   627  3892 D DlbDap2Process: setParam(vbsf = #2[35, 160])
01-17 09:22:56.058   627  3892 D DlbDap2Process: setParam(vbhg = #3[-32, -144, -192])
01-17 09:22:56.058   627  3892 D DlbDap2Process: setParam(vbog = #1[0])
01-17 09:22:56.058   627  3892 D DlbDap2Process: setParam(vbsg = #1[0])
01-17 09:22:56.058   627  3892 D DlbDap2Process: setParam(dvli = #1[-320])
01-17 09:22:56.058   627  3892 D DlbDap2Process: setParam(dhfm = #1[2])
01-17 09:22:56.058   627  3892 D DlbDap2Process: setParam(vbon = #1[0])
01-17 09:22:56.058   627  3892 D DlbDap2Process: setParam(beon = #1[0])
01-17 09:22:56.058   627  3892 D DlbDap2Process: setParam(deon = #1[0])
01-17 09:22:56.058   627  3892 D DlbDap2Process: setParam(ngon = #1[1])
01-17 09:22:56.058   627  3892 D DlbDap2Process: setParam(aoon = #1[1])
01-17 09:22:56.058   627  3892 D DlbDap2Process: setParam(aron = #1[1])
01-17 09:22:56.058   627  3892 D DlbDap2Process: setParam(dvlo = #1[-320])
01-17 09:22:56.059   627  3892 D DlbDap2Process: setParam(artp = #1[12])
01-17 09:22:56.060   627  3892 D DlbDap2Process: setParam(aobs = #222[20, 10, 47, 141, 234, 328, 469, 656, 844, 1031, 1313, 1688, 2250, 3000, 3750, 4688, 5813, 7125, 9000, 11250, 13875, 19688, 0, 0, 0, 0, 0, 0, 0, 0, 0, 0, 0, 0, 0, 0, 0, 0, 0, 0, 0, 0, 0, 0, 0, 0, 0, 0, 0, 0, 0, 0, 0, 0, 0, 0, 0, 0, 0, 0, 0, 0, 0, 0, 0, 0, 0, 0, 0, 0, 0, 0, 0, 0, 0, 0, 0, 0, 0, 0, 0, 0, 0, 0, 0, 0, 0, 0, 0, 0, 0, 0, 0, 0, 0, 0, 0, 0, 0, 0, 0, 0, 0, 0, 0, 0, 0, 0, 0, 0, 0, 0, 0, 0, 0, 0, 0, 0, 0, 0, 0, 0, 0, 0, 0, 0, 0, 0, 0, 0, 0, 0, 0, 0, 0, 0, 0, 0, 0, 0, 0, 0, 0, 0, 0, 0, 0, 0, 0, 0, 0, 0, 0, 0, 0, 0, 0, 0, 0, 0, 0, 0, 0, 0, 0, 0, 0, 0, 0, 0, 0, 0, 0, 0, 0, 0, 0, 0, 0, 0, 0, 0, 0, 0, 0, 0, 0, 0, 0, 0, 0, 0, 0, 0, 0, 0, 0, 0, 0, 0, 0, 0, 0, 0, 0, 0, 0, 0, 0, 0, 0, 0, 0, 0, 0, 0, 0, 0, 0, 0, 0, 0])
01-17 09:22:56.060   627  3892 D DlbDap2Process: setParam(arbs = #81[20, 47, 141, 234, 328, 469, 656, 844, 1031, 1313, 1688, 2250, 3000, 3750, 4688, 5813, 7125, 9000, 11250, 13875, 19688, -192, -192, -192, -192, -192, -192, -192, -192, -192, -192, -192, -192, -192, -192, -192, -192, -192, -192, -192, -192, 0, 0, 0, 0, 0, 0, 0, 0, 0, 0, 0, 0, 0, 0, 0, 0, 0, 0, 0, 0, 0, 0, 0, 0, 0, 0, 0, 0, 0, 0, 0, 0, 0, 0, 0, 0, 0, 0, 0, 0])
01-17 09:22:56.060   627  3892 D DlbDapEndpointParamCache: doCommit() Committed 37 parameters out of 37.
01-17 09:22:56.061   627  3892 D DlbDap2Process: setMave(mave = 0)
01-17 09:22:56.097   627  3892 D DlbDapCrossfadeProcess: process transitioning from FADE_TO_BYPASS state to DAP_BYPASSED
01-17 09:22:56.107 30511 30511 D featureTest: receive broadcast , playing content location :/sdcard/featureTest/7ch_25fps.wav
01-17 09:22:56.108   710  1419 D NuPlayerDriver: stop(0xe6bcb070)
01-17 09:22:56.108   710  1419 D NuPlayerDriver: notifyListener_l(0xe6bcb070), (8, 0, 0, -1), loop setting(0, 1)
01-17 09:22:56.110   710  1419 D NuPlayerDriver: reset(0xe6bcb070) at state 8
01-17 09:22:56.117   710 30536 D NuPlayerDriver: notifyResetComplete(0xe6bcb070)
01-17 09:22:56.118   710  1422 D NuPlayerDriver: reset(0xe6bcb070) at state 0
01-17 09:22:56.118 30511 30511 V MediaPlayer: resetDrmState:  mDrmInfo=null mDrmProvisioningThread=null mPrepareDrmInProgress=false mActiveDrmScheme=false
01-17 09:22:56.119 30511 30511 V MediaPlayer: cleanDrmObj: mDrmObj=null mDrmSessionId=null
01-17 09:22:56.120 30511 30511 V MediaPlayer: resetDrmState:  mDrmInfo=null mDrmProvisioningThread=null mPrepareDrmInProgress=false mActiveDrmScheme=false
01-17 09:22:56.120 30511 30511 V MediaPlayer: cleanDrmObj: mDrmObj=null mDrmSessionId=null
01-17 09:22:56.123 30511 30511 D featureTest: mMediaPlayer.getAudioSessionId(): 5561
01-17 09:22:56.124 30511 30511 D featureTest: Playing file: /sdcard/featureTest/7ch_25fps.wav
01-17 09:22:56.124   710  1419 D NuPlayerDriver: NuPlayerDriver(0xe6bcb620) created, clientPid(30511)
01-17 09:22:56.128 30511 30511 W MediaPlayer: Use of stream types is deprecated for operations other than volume control
01-17 09:22:56.128 30511 30511 W MediaPlayer: See the documentation of setAudioStreamType() for what to use instead with android.media.AudioAttributes to qualify your playback use case
01-17 09:22:56.130 30562 30562 W generic : type=1400 audit(0.0:460): avc: denied { read } for path="/storage/emulated/0/featuretest/7ch_25fps.wav" dev="sdcardfs" ino=1310760 scontext=u:r:mediaextractor:s0 tcontext=u:object_r:sdcardfs:s0 tclass=file permissive=0
01-17 09:22:56.130   710 30562 D GenericSource: FileSource remote
01-17 09:22:56.131   710 30562 W GenericSource: extractor service cannot make data source
01-17 09:22:56.131   710 30562 D GenericSource: FileSource local
01-17 09:22:56.139   700   897 D MediaBufferGroup: creating MemoryDealer
01-17 09:22:56.140   710 30561 D NuPlayerDriver: notifyListener_l(0xe6bcb620), (1, 0, 0, -1), loop setting(0, 0)
01-17 09:22:56.144   710  1419 D NuPlayerDriver: start(0xe6bcb620), state is 4, eos is 0
01-17 09:22:56.144   710 30561 I GenericSource: start
01-17 09:22:56.146 30511 30511 W DolbyAudioEffect: WARNING: attaching a DolbyAudioEffect to global output mix is deprecated!
01-17 09:22:56.150   710 30567 I OMXClient: Treble IOmx obtained
01-17 09:22:56.151   717  5783 I OMXMaster: makeComponentInstance(OMX.google.raw.decoder) in omx@1.0-service process
01-17 09:22:56.153   717  1650 E OMXNodeInstance: setConfig(0xe83a3380:google.raw.decoder, ConfigPriority(0x6f800002)) ERROR: Undefined(0x80001001)
01-17 09:22:56.153   710 30567 I ACodec  : codec does not support config priority (err -2147483648)
01-17 09:22:56.153   717  1650 E OMXNodeInstance: getConfig(0xe83a3380:google.raw.decoder, ConfigAndroidVendorExtension(0x6f100004)) ERROR: Undefined(0x80001001)
01-17 09:22:56.154   710 30567 I MediaCodec: MediaCodec will operate in async mode
01-17 09:22:56.155   626   626 W /system/bin/hw/android.hidl.allocator@1.0-service: ashmem_create_region(32768) returning hidl_memory(0x7b7102c330, 32768)
01-17 09:22:56.158   626   626 I chatty  : uid=1000(system) allocator@1.0-s identical 6 lines
01-17 09:22:56.158   626   626 W /system/bin/hw/android.hidl.allocator@1.0-service: ashmem_create_region(32768) returning hidl_memory(0x7b7102c330, 32768)
01-17 09:22:56.164 30511 30511 D featureTest: receive broadcast , change ds status :1
01-17 09:22:56.167   626   626 W /system/bin/hw/android.hidl.allocator@1.0-service: ashmem_create_region(4096) returning hidl_memory(0x7b7102c330, 4096)
01-17 09:22:56.169   626   626 W /system/bin/hw/android.hidl.allocator@1.0-service: ashmem_create_region(1024) returning hidl_memory(0x7b7102c330, 1024)
01-17 09:22:56.169   684  7227 E EffectHalHidl: Buffer provider callbacks are not supported
01-17 09:22:56.170   710 30565 D AudioTrack: Client defaulted notificationFrames to 12000 for frameCount 24000
01-17 09:22:56.172   626   626 W /system/bin/hw/android.hidl.allocator@1.0-service: ashmem_create_region(7680) returning hidl_memory(0x7b7102c330, 7680)
01-17 09:22:56.173   626   626 W /system/bin/hw/android.hidl.allocator@1.0-service: ashmem_create_region(7680) returning hidl_memory(0x7b7102c330, 7680)
01-17 09:22:56.173   627  4939 D DlbDlbEffect: handle_EFFECT_CMD_SET_PARAM()
01-17 09:22:56.175   684   931 W AudioFlinger: moveDolbyEffect() effect chain for session 0 not on source thread 0xee0ae580
01-17 09:22:56.176   710 30561 D NuPlayerDriver: notifyListener_l(0xe6bcb620), (6, 0, 0, -1), loop setting(0, 1)
01-17 09:22:56.217   627  3892 D DlbDapCrossfadeProcess: setEnabled transitioning from DAP_BYPASSED state to PREROLL_ACTIVE
01-17 09:22:56.218 30511 30511 D featureTest: receive broadcast , change ds profile id :5
01-17 09:22:56.229   627  3512 D DlbDlbEffect: handle_EFFECT_CMD_SET_PARAM()
01-17 09:22:56.229   645   713 I DapController: Profile Changed to Custom
01-17 09:22:56.258   627  3892 D DlbDapEndpointParamCache: commitChangedParams()
01-17 09:22:56.258   627  3892 D DlbDapEndpointParamCache: commit() Applying parameters for device 0x40000000
01-17 09:22:56.258   627  3892 D DlbDap2Process: setParam(iea = #1[10])
01-17 09:22:56.258   627  3892 D DlbDap2Process: setParam(msce = #1[0])
01-17 09:22:56.258   627  3892 D DlbDap2Process: setParam(mdee = #1[0])
01-17 09:22:56.258   627  3892 D DlbDap2Process: setParam(miee = #1[0])
01-17 09:22:56.258   627  3892 D DlbDap2Process: setParam(mdle = #1[0])
01-17 09:22:56.258   627  3892 D DlbDap2Process: setParam(dvle = #1[1])
01-17 09:22:56.258   627  3892 D DlbDap2Process: setParam(mave = #1[0])
01-17 09:22:56.258   627  3892 D DlbDap2Process: setParam(vcbf = #20[47, 141, 234, 328, 469, 656, 844, 1031, 1313, 1688, 2250, 3000, 3750, 4688, 5813, 7125, 9000, 11250, 13875, 19688])
01-17 09:22:56.258   627  3892 D DlbDap2Process: setParam(vbon = #1[0])
01-17 09:22:56.258   627  3892 D DlbDap2Process: setParam(beon = #1[0])
01-17 09:22:56.258   627  3892 D DlbDap2Process: setParam(geon = #1[0])
01-17 09:22:56.258   627  3892 D DlbDap2Process: setParam(ieon = #1[0])
01-17 09:22:56.259   627  3892 D DlbDap2Process: setParam(gebs = #41[20, 47, 141, 234, 328, 469, 656, 844, 1031, 1313, 1688, 2250, 3000, 3750, 4688, 5813, 7125, 9000, 11250, 13875, 19688, 0, 0, 0, 0, 0, 0, 0, 0, 0, 0, 0, 0, 0, 0, 0, 0, 0, 0, 0, 0])
01-17 09:22:56.259   627  3892 D DlbDap2Process: setParam(iebs = #41[20, 65, 136, 223, 332, 467, 634, 841, 1098, 1416, 1812, 2302, 2909, 3663, 4598, 5756, 7194, 8976, 11186, 13927, 17326, 117, 133, 188, 176, 141, 149, 175, 185, 185, 200, 236, 242, 228, 213, 182, 132, 110, 68, -27, -240])
01-17 09:22:56.259   627  3892 D DlbDapEndpointParamCache: doCommit() Committed 15 parameters out of 16.
01-17 09:22:56.259   627  3892 D DlbDapEndpointParamCache: commit() Overriding parameters for current device 0x00000002
01-17 09:22:56.259   627  3892 D DlbDap2Process: setParam(dea = #1[7])
01-17 09:22:56.259   627  3892 D DlbDap2Process: setParam(dsa = #1[10])
01-17 09:22:56.259   627  3892 D DlbDap2Process: setParam(beb = #1[192])
01-17 09:22:56.259   627  3892 D DlbDap2Process: setParam(plb = #1[0])
01-17 09:22:56.259   627  3892 D DlbDap2Process: setParam(vmb = #1[144])
01-17 09:22:56.259   627  3892 D DlbDap2Process: setParam(dsb = #1[48])
01-17 09:22:56.259   627  3892 D DlbDap2Process: setParam(ded = #1[0])
01-17 09:22:56.259   627  3892 D DlbDap2Process: setParam(vbm = #1[3])
01-17 09:22:56.259   627  3892 D DlbDap2Process: setParam(dom = #1[0])
01-17 09:22:56.259   627  3892 D DlbDap2Process: setParam(bew = #1[16])
01-17 09:22:56.259   627  3892 D DlbDap2Process: setParam(dvla = #1[5])
01-17 09:22:56.259   627  3892 D DlbDap2Process: setParam(arra = #1[96])
01-17 09:22:56.259   627  3892 D DlbDap2Process: setParam(dfsa = #1[10])
01-17 09:22:56.259   627  3892 D DlbDap2Process: setParam(dhsa = #1[10])
01-17 09:22:56.259   627  3892 D DlbDap2Process: setParam(dvmc = #1[0])
01-17 09:22:56.259   627  3892 D DlbDap2Process: setParam(arod = #1[0])
01-17 09:22:56.259   627  3892 D DlbDap2Process: setParam(arde = #1[1])
01-17 09:22:56.259   627  3892 D DlbDap2Process: setParam(dvle = #1[1])
01-17 09:22:56.259   627  3892 D DlbDap2Process: setParam(dvme = #1[0])
01-17 09:22:56.259   627  3892 D DlbDap2Process: setParam(becf = #1[200])
01-17 09:22:56.259   627  3892 D DlbDap2Process: setParam(vbmf = #2[94, 469])
01-17 09:22:56.259   627  3892 D DlbDap2Process: setParam(vbsf = #2[35, 160])
01-17 09:22:56.259   627  3892 D DlbDap2Process: setParam(vbhg = #3[-32, -144, -192])
01-17 09:22:56.259   627  3892 D DlbDap2Process: setParam(vbog = #1[0])
01-17 09:22:56.260   627  3892 D DlbDap2Process: setParam(vbsg = #1[0])
01-17 09:22:56.260   627  3892 D DlbDap2Process: setParam(dvli = #1[-320])
01-17 09:22:56.260   627  3892 D DlbDap2Process: setParam(dhfm = #1[2])
01-17 09:22:56.260   627  3892 D DlbDap2Process: setParam(vbon = #1[0])
01-17 09:22:56.260   627  3892 D DlbDap2Process: setParam(beon = #1[0])
01-17 09:22:56.260   627  3892 D DlbDap2Process: setParam(deon = #1[0])
01-17 09:22:56.260   627  3892 D DlbDap2Process: setParam(ngon = #1[1])
01-17 09:22:56.260   627  3892 D DlbDap2Process: setParam(aoon = #1[1])
01-17 09:22:56.260   627  3892 D DlbDap2Process: setParam(aron = #1[1])
01-17 09:22:56.260   627  3892 D DlbDap2Process: setParam(dvlo = #1[-320])
01-17 09:22:56.260   627  3892 D DlbDap2Process: setParam(artp = #1[12])
01-17 09:22:56.260   627  3892 D DlbDap2Process: setParam(aobs = #222[20, 10, 47, 141, 234, 328, 469, 656, 844, 1031, 1313, 1688, 2250, 3000, 3750, 4688, 5813, 7125, 9000, 11250, 13875, 19688, 0, 0, 0, 0, 0, 0, 0, 0, 0, 0, 0, 0, 0, 0, 0, 0, 0, 0, 0, 0, 0, 0, 0, 0, 0, 0, 0, 0, 0, 0, 0, 0, 0, 0, 0, 0, 0, 0, 0, 0, 0, 0, 0, 0, 0, 0, 0, 0, 0, 0, 0, 0, 0, 0, 0, 0, 0, 0, 0, 0, 0, 0, 0, 0, 0, 0, 0, 0, 0, 0, 0, 0, 0, 0, 0, 0, 0, 0, 0, 0, 0, 0, 0, 0, 0, 0, 0, 0, 0, 0, 0, 0, 0, 0, 0, 0, 0, 0, 0, 0, 0, 0, 0, 0, 0, 0, 0, 0, 0, 0, 0, 0, 0, 0, 0, 0, 0, 0, 0, 0, 0, 0, 0, 0, 0, 0, 0, 0, 0, 0, 0, 0, 0, 0, 0, 0, 0, 0, 0, 0, 0, 0, 0, 0, 0, 0, 0, 0, 0, 0, 0, 0, 0, 0, 0, 0, 0, 0, 0, 0, 0, 0, 0, 0, 0, 0, 0, 0, 0, 0, 0, 0, 0, 0, 0, 0, 0, 0, 0, 0, 0, 0, 0, 0, 0, 0, 0, 0, 0, 0, 0, 0, 0, 0, 0, 0, 0, 0, 0, 0])
01-17 09:22:56.260   627  3892 D DlbDap2Process: setParam(arbs = #81[20, 47, 141, 234, 328, 469, 656, 844, 1031, 1313, 1688, 2250, 3000, 3750, 4688, 5813, 7125, 9000, 11250, 13875, 19688, -192, -192, -192, -192, -192, -192, -192, -192, -192, -192, -192, -192, -192, -192, -192, -192, -192, -192, -192, -192, 0, 0, 0, 0, 0, 0, 0, 0, 0, 0, 0, 0, 0, 0, 0, 0, 0, 0, 0, 0, 0, 0, 0, 0, 0, 0, 0, 0, 0, 0, 0, 0, 0, 0, 0, 0, 0, 0, 0, 0])
01-17 09:22:56.260   627  3892 D DlbDapEndpointParamCache: doCommit() Committed 37 parameters out of 37.
01-17 09:22:56.261   627  3892 D DlbDap2Process: setMave(mave = 0)
01-17 09:22:56.264   627  3892 D DlbDapCrossfadeProcess: process transitioning from PREROLL_ACTIVE state to FADE_TO_ACTIVE
01-17 09:22:56.285 30511 30511 D featureTest: receive broadcast , change virtual speaker  virtualizer :0
01-17 09:22:56.297 30511 30511 W System.err: java.lang.UnsupportedOperationException
01-17 09:22:56.298 30511 30511 W System.err: 	at com.dolby.dax.DolbyAudioEffect.setDolbyVirtualSpeakerVirtualizerEnabled(DolbyAudioEffect.java:323)
01-17 09:22:56.298 30511 30511 W System.err: 	at com.dolby.qa.featuretest.MainActivity$1.handleMessage(MainActivity.java:143)
01-17 09:22:56.299   684   928 W AudioFlinger::EffectModule: EffectModule 0xed0e2c80 destructor called with unreleased interface
01-17 09:22:56.299 30511 30511 W System.err: 	at android.os.Handler.dispatchMessage(Handler.java:105)
01-17 09:22:56.299 30511 30511 W System.err: 	at android.os.Looper.loop(Looper.java:164)
01-17 09:22:56.299   684   928 W AudioFlinger::EffectHandle: disconnect Effect handle 0xee163d40 disconnected after thread destruction
01-17 09:22:56.299 30511 30511 W System.err: 	at android.app.ActivityThread.main(ActivityThread.java:6541)
01-17 09:22:56.299 30511 30511 W System.err: 	at java.lang.reflect.Method.invoke(Native Method)
01-17 09:22:56.300 30511 30511 W System.err: 	at com.android.internal.os.Zygote$MethodAndArgsCaller.run(Zygote.java:240)
01-17 09:22:56.300 30511 30511 W System.err: 	at com.android.internal.os.ZygoteInit.main(ZygoteInit.java:767)
01-17 09:22:56.300 30511 30511 D featureTest: virtual speaker virtualizer can not be operate for mono speaker endpoint!
01-17 09:22:56.355 30511 30516 I zygote64: Do partial code cache collection, code=8KB, data=13KB
01-17 09:22:56.355 30511 30516 I zygote64: After code cache collection, code=8KB, data=13KB
01-17 09:22:56.355 30511 30516 I zygote64: Increasing code cache capacity to 128KB
01-17 09:22:56.356 30511 30516 I zygote64: Do partial code cache collection, code=8KB, data=32KB
01-17 09:22:56.357 30511 30516 I zygote64: After code cache collection, code=8KB, data=32KB
01-17 09:22:56.357 30511 30516 I zygote64: Increasing code cache capacity to 256KB
01-17 09:22:56.357 30511 30516 I zygote64: Compiler allocated 8MB to compile void android.widget.TextView.<init>(android.content.Context, android.util.AttributeSet, int, int)
01-17 09:22:56.358 30511 30511 D featureTest: receive broadcast , record log :0
01-17 09:22:56.377   627  3892 D DlbDapCrossfadeProcess: process transitioning from FADE_TO_ACTIVE state to DAP_ACTIVE
01-17 09:22:56.377   945   999 W ProcessCpuTracker: Skipping unknown process pid 30582
01-17 09:22:56.378   945   999 W ProcessCpuTracker: Skipping unknown process pid 30584
01-17 09:22:56.616   627  3892 D DlbDap2Process: process() called [474500] times
01-17 09:22:58.015   945   945 W WindowManager: removeWindowToken: Attempted to remove non-existing token: android.os.Binder@5e80c8c
01-17 09:22:58.085   475   475 D SurfaceFlinger: duplicate layer name: changing Toast to Toast#1
01-17 09:22:59.269   627  3892 D DlbDap2Process: process() called [475000] times
01-17 09:23:00.051   945   945 W WindowManager: removeWindowToken: Attempted to remove non-existing token: android.os.Binder@966e4b6
