--------- beginning of system
01-15 12:07:31.986   945  1506 I ActivityManager: Force stopping com.dolby.qa.featuretest appid=10072 user=0: from pid 13846
01-15 12:07:31.987   945  1506 I ActivityManager: Killing 13769:com.dolby.qa.featuretest/u0a72 (adj 0): stop com.dolby.qa.featuretest
01-15 12:07:31.989   945  1506 W ActivityManager: Force removing ActivityRecord{836f587 u0 com.dolby.qa.featuretest/.MainActivity t106}: app died, no saved state
01-15 12:07:31.995   945  1506 I WindowManager: Failed to capture screenshot of Token{b9fdcb4 ActivityRecord{836f587 u0 com.dolby.qa.featuretest/.MainActivity t106 f}} appWin=Window{24b2e81 u0 com.dolby.qa.featuretest/com.dolby.qa.featuretest.MainActivity} drawState=4
--------- beginning of main
01-15 12:07:32.035  1499  1499 D CarrierSvcBindHelper: No carrier app for: 0
01-15 12:07:32.037   945  1323 I WindowManager: WIN DEATH: Window{8f53312 u0 Toast}
01-15 12:07:32.039   710  1419 D NuPlayerDriver: reset(0xe84b2c40) at state 5
01-15 12:07:32.043   710  1419 D NuPlayerDriver: notifyListener_l(0xe84b2c40), (8, 0, 0, -1), loop setting(0, 1)
01-15 12:07:32.045   684  7228 D AudioFlinger: trackStateChanged() Track id 301 state changed to 6
01-15 12:07:32.049   717  5319 I DDP_JOCDecoder: -> ~DDPDecoder
01-15 12:07:32.049   717  5319 I DDP_JOCDecoder: -> stop
01-15 12:07:32.050   645   645 I DMSService: unregisterClient type = 4, uid = e83921b0
01-15 12:07:32.059  2010  2010 D RegisteredNfcFServicesCache: Service unchanged, not updating
01-15 12:07:32.080   645   645 D DatabaseHelper: failed to prepare SQL : INSERT INTO profiles VALUES(15
01-15 12:07:32.080   645   645 D DatabaseHelper: ,'custom','user2','user2','off','off')
01-15 12:07:32.080   645   645 D DatabaseHelper: failed to prepare SQL : INSERT INTO profile_endpoints VALUES(57
01-15 12:07:32.080   645   645 D DatabaseHelper: ,'custom','user2','speaker')
01-15 12:07:32.080   645   645 D DatabaseHelper: failed to prepare SQL : INSERT INTO profile_endpoints VALUES(57
01-15 12:07:32.080   645   645 D DatabaseHelper: ,'custom','user2','headphone')
01-15 12:07:32.080   645   645 D DatabaseHelper: failed to prepare SQL : INSERT INTO profile_endpoints VALUES(57
01-15 12:07:32.080   645   645 D DatabaseHelper: ,'custom','user2','passthrough')
01-15 12:07:32.081   645   645 D DatabaseHelper: failed to prepare SQL : INSERT INTO profile_endpoints VALUES(57
01-15 12:07:32.081   645   645 D DatabaseHelper: ,'custom','user2','other')
01-15 12:07:32.081   645   645 D DatabaseHelper: failed to prepare SQL : INSERT INTO profile_ports VALUES(85
01-15 12:07:32.081   645   645 D DatabaseHelper: ,'custom','user2','internal_speaker')
01-15 12:07:32.081   645   645 D DatabaseHelper: failed to prepare SQL : INSERT INTO profile_ports VALUES(85
01-15 12:07:32.081   645   645 D DatabaseHelper: ,'custom','user2','hdmi')
01-15 12:07:32.081   645   645 D DatabaseHelper: failed to prepare SQL : INSERT INTO profile_ports VALUES(85
01-15 12:07:32.081   645   645 D DatabaseHelper: ,'custom','user2','miracast')
01-15 12:07:32.081   645   645 D DatabaseHelper: failed to prepare SQL : INSERT INTO profile_ports VALUES(85
01-15 12:07:32.081   645   645 D DatabaseHelper: ,'custom','user2','headphone_port')
01-15 12:07:32.082   645   645 D DatabaseHelper: failed to prepare SQL : INSERT INTO profile_ports VALUES(85
01-15 12:07:32.082   645   645 D DatabaseHelper: ,'custom','user2','bluetooth')
01-15 12:07:32.082   645   645 D DatabaseHelper: failed to prepare SQL : INSERT INTO profile_ports VALUES(85
01-15 12:07:32.082   645   645 D DatabaseHelper: ,'custom','user2','usb')
01-15 12:07:32.082   645   645 D DatabaseHelper: failed to prepare SQL : INSERT INTO geq_presets VALUES(57
01-15 12:07:32.082   645   645 D DatabaseHelper: ,'custom','off','user2')
01-15 12:07:32.083   645   645 D DatabaseHelper: failed to prepare SQL : INSERT INTO geq_presets VALUES(57
01-15 12:07:32.083   645   645 D DatabaseHelper: ,'custom','open','user2')
01-15 12:07:32.083   645   645 D DatabaseHelper: failed to prepare SQL : INSERT INTO geq_presets VALUES(57
01-15 12:07:32.083   645   645 D DatabaseHelper: ,'custom','rich','user2')
01-15 12:07:32.083   645   645 D DatabaseHelper: failed to prepare SQL : INSERT INTO geq_presets VALUES(57
01-15 12:07:32.083   645   645 D DatabaseHelper: ,'custom','focused','user2')
01-15 12:07:32.100   717  5319 I DDP_JOCDecoder: <- stop
01-15 12:07:32.100   717  5319 I ARenderer: ~ARenderer
01-15 12:07:32.100   717  5319 I evo_parser: evo_parser_close
01-15 12:07:32.100   717  5319 I DlbDap2QmfProcess: ~Dap2Process()
01-15 12:07:32.100   717  5319 I DlbDap2QmfProcess: close()
01-15 12:07:32.101   717  5319 I DDP_JOCDecoder: <- ~DDPDecoder
01-15 12:07:32.105   710 13794 D NuPlayerDriver: notifyResetComplete(0xe84b2c40)
01-15 12:07:32.105   710  1419 D AudioTrack: stop() called with 0 frames delivered
01-15 12:07:32.107   684  1056 D AudioFlinger: trackStateChanged() Track id 301 state changed to 2
01-15 12:07:32.107   684  1056 I AudioFlinger: updateProcessedAudioState() Changing content processing in effect to 0
01-15 12:07:32.107   627  3512 D DlbDlbEffect: handle_EFFECT_CMD_SET_PARAM()
01-15 12:07:32.108   945  1518 I ActivityManager: START u0 {flg=0x10000000 cmp=com.dolby.qa.featuretest/.MainActivity} from uid 2000
01-15 12:07:32.109   627  3892 I DlbEffectContext: setContentProcEnabled() Enabling content processing in global effect
01-15 12:07:32.109   627  3892 D DlbDapEndpointParamCache: commitChangedParams()
01-15 12:07:32.109   627  3892 D DlbDapEndpointParamCache: commit() Applying parameters for device 0x40000000
01-15 12:07:32.109   627  3892 D DlbDap2Process: setParam(iea = #1[10])
01-15 12:07:32.109   627  3892 D DlbDap2Process: setParam(msce = #1[1])
01-15 12:07:32.109   627  3892 D DlbDap2Process: setParam(mdee = #1[1])
01-15 12:07:32.109   627  3892 D DlbDap2Process: setParam(miee = #1[1])
01-15 12:07:32.109   627  3892 D DlbDap2Process: setParam(mdle = #1[1])
01-15 12:07:32.109   627  3892 D DlbDap2Process: setParam(dvle = #1[1])
01-15 12:07:32.109   627  3892 D DlbDap2Process: setParam(mave = #1[1])
01-15 12:07:32.109   627  3892 D DlbDap2Process: setParam(vcbf = #20[47, 141, 234, 328, 469, 656, 844, 1031, 1313, 1688, 2250, 3000, 3750, 4688, 5813, 7125, 9000, 11250, 13875, 19688])
01-15 12:07:32.109   627  3892 D DlbDap2Process: setParam(vbon = #1[0])
01-15 12:07:32.109   627  3892 D DlbDap2Process: setParam(beon = #1[0])
01-15 12:07:32.110   627  3892 D DlbDap2Process: setParam(geon = #1[0])
01-15 12:07:32.110   627  3892 D DlbDap2Process: setParam(ieon = #1[1])
01-15 12:07:32.110   627  3892 D DlbDap2Process: setParam(gebs = #41[20, 47, 141, 234, 328, 469, 656, 844, 1031, 1313, 1688, 2250, 3000, 3750, 4688, 5813, 7125, 9000, 11250, 13875, 19688, 0, 0, 0, 0, 0, 0, 0, 0, 0, 0, 0, 0, 0, 0, 0, 0, 0, 0, 0, 0])
01-15 12:07:32.110   627  3892 D DlbDap2Process: setParam(iebs = #41[20, 65, 136, 223, 332, 467, 634, 841, 1098, 1416, 1812, 2302, 2909, 3663, 4598, 5756, 7194, 8976, 11186, 13927, 17326, 117, 133, 188, 176, 141, 149, 175, 185, 185, 200, 236, 242, 228, 213, 182, 132, 110, 68, -27, -240])
01-15 12:07:32.110   627  3892 D DlbDapEndpointParamCache: doCommit() Committed 15 parameters out of 16.
01-15 12:07:32.110   627  3892 D DlbDapEndpointParamCache: commit() Overriding parameters for current device 0x00000002
01-15 12:07:32.110   627  3892 D DlbDap2Process: setParam(dea = #1[12])
01-15 12:07:32.110   627  3892 D DlbDap2Process: setParam(dsa = #1[10])
01-15 12:07:32.110   627  3892 D DlbDap2Process: setParam(beb = #1[192])
01-15 12:07:32.110   627  3892 D DlbDap2Process: setParam(plb = #1[0])
01-15 12:07:32.110   627  3892 D DlbDap2Process: setParam(vmb = #1[144])
01-15 12:07:32.110   627  3892 D DlbDap2Process: setParam(dsb = #1[96])
01-15 12:07:32.110   627  3892 D DlbDap2Process: setParam(ded = #1[0])
01-15 12:07:32.110   627  3892 D DlbDap2Process: setParam(vbm = #1[3])
01-15 12:07:32.110   627  3892 D DlbDap2Process: setParam(dom = #1[0])
01-15 12:07:32.110   627  3892 D DlbDap2Process: setParam(bew = #1[16])
01-15 12:07:32.110   627  3892 D DlbDap2Process: setParam(dvla = #1[7])
01-15 12:07:32.110   627  3892 D DlbDap2Process: setParam(arra = #1[96])
01-15 12:07:32.110   627  3892 D DlbDap2Process: setParam(dfsa = #1[10])
01-15 12:07:32.110   627  3892 D DlbDap2Process: setParam(dhsa = #1[10])
01-15 12:07:32.110   627  3892 D DlbDap2Process: setParam(dvmc = #1[0])
01-15 12:07:32.110   627  3892 D DlbDap2Process: setParam(arod = #1[0])
01-15 12:07:32.110   627  3892 D DlbDap2Process: setParam(arde = #1[1])
01-15 12:07:32.110   627  3892 D DlbDap2Process: setParam(dvle = #1[1])
01-15 12:07:32.110   627  3892 D DlbDap2Process: setParam(dvme = #1[0])
01-15 12:07:32.110   627  3892 D DlbDap2Process: setParam(becf = #1[200])
01-15 12:07:32.110   627  3892 D DlbDap2Process: setParam(vbmf = #2[94, 469])
01-15 12:07:32.110   627  3892 D DlbDap2Process: setParam(vbsf = #2[35, 160])
01-15 12:07:32.110   627  3892 D DlbDap2Process: setParam(vbhg = #3[-32, -144, -192])
01-15 12:07:32.110   627  3892 D DlbDap2Process: setParam(vbog = #1[0])
01-15 12:07:32.110   627  3892 D DlbDap2Process: setParam(vbsg = #1[0])
01-15 12:07:32.110   627  3892 D DlbDap2Process: setParam(dvli = #1[-320])
01-15 12:07:32.110   627  3892 D DlbDap2Process: setParam(dhfm = #1[2])
01-15 12:07:32.110   627  3892 D DlbDap2Process: setParam(vbon = #1[0])
01-15 12:07:32.111   627  3892 D DlbDap2Process: setParam(beon = #1[0])
01-15 12:07:32.111   627  3892 D DlbDap2Process: setParam(deon = #1[1])
01-15 12:07:32.111   627  3892 D DlbDap2Process: setParam(ngon = #1[1])
01-15 12:07:32.111   627  3892 D DlbDap2Process: setParam(aoon = #1[1])
01-15 12:07:32.111   627  3892 D DlbDap2Process: setParam(aron = #1[1])
01-15 12:07:32.111   627  3892 D DlbDap2Process: setParam(dvlo = #1[-320])
01-15 12:07:32.111   627  3892 D DlbDap2Process: setParam(artp = #1[12])
01-15 12:07:32.112   627  3892 D DlbDap2Process: setParam(aobs = #222[20, 10, 47, 141, 234, 328, 469, 656, 844, 1031, 1313, 1688, 2250, 3000, 3750, 4688, 5813, 7125, 9000, 11250, 13875, 19688, 0, 0, 0, 0, 0, 0, 0, 0, 0, 0, 0, 0, 0, 0, 0, 0, 0, 0, 0, 0, 0, 0, 0, 0, 0, 0, 0, 0, 0, 0, 0, 0, 0, 0, 0, 0, 0, 0, 0, 0, 0, 0, 0, 0, 0, 0, 0, 0, 0, 0, 0, 0, 0, 0, 0, 0, 0, 0, 0, 0, 0, 0, 0, 0, 0, 0, 0, 0, 0, 0, 0, 0, 0, 0, 0, 0, 0, 0, 0, 0, 0, 0, 0, 0, 0, 0, 0, 0, 0, 0, 0, 0, 0, 0, 0, 0, 0, 0, 0, 0, 0, 0, 0, 0, 0, 0, 0, 0, 0, 0, 0, 0, 0, 0, 0, 0, 0, 0, 0, 0, 0, 0, 0, 0, 0, 0, 0, 0, 0, 0, 0, 0, 0, 0, 0, 0, 0, 0, 0, 0, 0, 0, 0, 0, 0, 0, 0, 0, 0, 0, 0, 0, 0, 0, 0, 0, 0, 0, 0, 0, 0, 0, 0, 0, 0, 0, 0, 0, 0, 0, 0, 0, 0, 0, 0, 0, 0, 0, 0, 0, 0, 0, 0, 0, 0, 0, 0, 0, 0, 0, 0, 0, 0, 0, 0, 0, 0, 0, 0, 0])
01-15 12:07:32.112   627  3892 D DlbDap2Process: setParam(arbs = #81[20, 47, 141, 234, 328, 469, 656, 844, 1031, 1313, 1688, 2250, 3000, 3750, 4688, 5813, 7125, 9000, 11250, 13875, 19688, -192, -192, -192, -192, -192, -192, -192, -192, -192, -192, -192, -192, -192, -192, -192, -192, -192, -192, -192, -192, 0, 0, 0, 0, 0, 0, 0, 0, 0, 0, 0, 0, 0, 0, 0, 0, 0, 0, 0, 0, 0, 0, 0, 0, 0, 0, 0, 0, 0, 0, 0, 0, 0, 0, 0, 0, 0, 0, 0, 0])
01-15 12:07:32.112   627  3892 D DlbDapEndpointParamCache: doCommit() Committed 37 parameters out of 37.
01-15 12:07:32.112   627  3892 D DlbDap2Process: setMave(mave = 1)
01-15 12:07:32.121   684  1056 D AudioFlinger: trackDestroyed() Track id 301 no longer contains processed audio
01-15 12:07:32.122   684   928 W AudioFlinger::EffectModule: EffectModule 0xee09d900 destructor called with unreleased interface
01-15 12:07:32.123   684   928 W AudioFlinger::EffectHandle: disconnect Effect handle 0xee1635c0 disconnected after thread destruction
01-15 12:07:32.129   945  5021 I ActivityManager: Start proc 13853:com.dolby.qa.featuretest/u0a72 for activity com.dolby.qa.featuretest/.MainActivity
01-15 12:07:32.129 13853 13853 I zygote64: Late-enabling -Xcheck:jni
01-15 12:07:32.304 13853 13853 D featureTest: onCreate
01-15 12:07:32.309 13853 13853 D AudioTrack: Client defaulted notificationFrames to 962 for frameCount 1924
01-15 12:07:32.313 13853 13853 W AudioTrack: Use of stream types is deprecated for operations other than volume control
01-15 12:07:32.313 13853 13853 W AudioTrack: See the documentation of AudioTrack() for what to use instead with android.media.AudioAttributes to qualify your playback use case
01-15 12:07:32.319 13853 13853 W DolbyAudioEffect: WARNING: attaching a DolbyAudioEffect to global output mix is deprecated!
01-15 12:07:32.326 13853 13853 D featureTest: onResume
01-15 12:07:32.335 13853 13870 D OpenGLRenderer: HWUI GL Pipeline
01-15 12:07:32.369 13853 13870 I Adreno  : QUALCOMM build                   : 7142022, Ib5823dd10c
01-15 12:07:32.369 13853 13870 I Adreno  : Build Date                       : 06/23/17
01-15 12:07:32.369 13853 13870 I Adreno  : OpenGL ES Shader Compiler Version: EV031.18.00.00
01-15 12:07:32.369 13853 13870 I Adreno  : Local Branch                     : O11A
01-15 12:07:32.369 13853 13870 I Adreno  : Remote Branch                    : 
01-15 12:07:32.369 13853 13870 I Adreno  : Remote Branch                    : 
01-15 12:07:32.369 13853 13870 I Adreno  : Reconstruct Branch               : 
01-15 12:07:32.373 13853 13870 I Adreno  : PFP: 0x005ff087, ME: 0x005ff063
01-15 12:07:32.376 13853 13870 I OpenGLRenderer: Initialized EGL, version 1.4
01-15 12:07:32.376 13853 13870 D OpenGLRenderer: Swap behavior 2
01-15 12:07:32.421   945   998 I ActivityManager: Displayed com.dolby.qa.featuretest/.MainActivity: +301ms
01-15 12:07:32.532   475   475 D SurfaceFlinger: Backpressure trigger, skipping transaction & refresh!
01-15 12:07:32.617   475   574 E SurfaceFlinger: Failed to find layer (Toast#1) in layer parent (no-parent).
01-15 12:07:32.621   945   998 W ActivityManager: setHasOverlayUi called on unknown pid: 13769
01-15 12:07:32.734   945   945 W NotificationService: Object died trying to hide notification android.app.ITransientNotification$Stub$Proxy@bebf79c in package com.dolby.qa.featuretest
01-15 12:07:32.734   945   945 W WindowManager: removeWindowToken: Attempted to remove non-existing token: android.os.Binder@e5b5d74
01-15 12:07:32.922  2103  2230 W OpenGLRenderer: Incorrectly called buildLayer on View: ShortcutAndWidgetContainer, destroying layer...
01-15 12:07:33.178 13853 13853 D featureTest: receive broadcast , playing content location :/sdcard/featureTest/7ch_ddp_25fps_diff_music_01.mp4
01-15 12:07:33.189 13853 13853 D featureTest: mMediaPlayer.getAudioSessionId(): 2017
01-15 12:07:33.189 13853 13853 D featureTest: Playing file: /sdcard/featureTest/7ch_ddp_25fps_diff_music_01.mp4
01-15 12:07:33.191   710  1422 D NuPlayerDriver: NuPlayerDriver(0xe84b2460) created, clientPid(13853)
01-15 12:07:33.195 13853 13853 W MediaPlayer: Use of stream types is deprecated for operations other than volume control
01-15 12:07:33.195 13853 13853 W MediaPlayer: See the documentation of setAudioStreamType() for what to use instead with android.media.AudioAttributes to qualify your playback use case
01-15 12:07:33.196 13881 13881 W generic : type=1400 audit(0.0:169): avc: denied { read } for path="/storage/emulated/0/featuretest/7ch_ddp_25fps_diff_music_01.mp4" dev="sdcardfs" ino=1310761 scontext=u:r:mediaextractor:s0 tcontext=u:object_r:sdcardfs:s0 tclass=file permissive=0
01-15 12:07:33.199   710 13881 D GenericSource: FileSource remote
01-15 12:07:33.200   710 13881 W GenericSource: extractor service cannot make data source
01-15 12:07:33.200   710 13881 D GenericSource: FileSource local
01-15 12:07:33.212   710 13878 D NuPlayerDriver: notifyListener_l(0xe84b2460), (1, 0, 0, -1), loop setting(0, 0)
01-15 12:07:33.220   710  1422 D NuPlayerDriver: start(0xe84b2460), state is 4, eos is 0
01-15 12:07:33.220   710 13878 I GenericSource: start
01-15 12:07:33.223 13853 13853 W DolbyAudioEffect: WARNING: attaching a DolbyAudioEffect to global output mix is deprecated!
01-15 12:07:33.236   710 13886 I OMXClient: Treble IOmx obtained
01-15 12:07:33.236   717  4053 I OMXMaster: makeComponentInstance(OMX.dolby.eac3.decoder) in omx@1.0-service process
01-15 12:07:33.239 13853 13853 D featureTest: receive broadcast , change ds status :1
01-15 12:07:33.250   627   924 D DlbDlbEffect: handle_EFFECT_CMD_SET_PARAM()
01-15 12:07:33.276   717  4053 I DDP_JOCDecoder: -> init name OMX.dolby.eac3.decoder
01-15 12:07:33.277   645   645 I DMSService: registerClient type = 0, uid = e8392180
01-15 12:07:33.277   645   645 V DolbyMemoryService: registerClient() client 0x710ec74380, uid -398909056
01-15 12:07:33.277   717  4053 I DDP_JOCDecoder: <- init
01-15 12:07:33.277   717  4053 D DDP_JOCDecoder: initPorts
01-15 12:07:33.279   717  4053 E OMXNodeInstance: setConfig(0xe83a2fc0:dolby.eac3.decoder, ConfigPriority(0x6f800002)) ERROR: Undefined(0x80001001)
01-15 12:07:33.279   710 13886 I ACodec  : codec does not support config priority (err -2147483648)
01-15 12:07:33.280   717  5319 E OMXNodeInstance: getConfig(0xe83a2fc0:dolby.eac3.decoder, ConfigAndroidVendorExtension(0x6f100004)) ERROR: Undefined(0x80001001)
01-15 12:07:33.280   710 13886 I MediaCodec: MediaCodec will operate in async mode
01-15 12:07:33.281   710 13885 I NuPlayerDecoder: setDolbyMessage() Notifying player that Codec supports dolby_processed_audio flag
01-15 12:07:33.281   710 13886 I ACodec  : setDolbyParameterOnProcessedAudio() Received dolby_processed_audio=1
01-15 12:07:33.281   710 13878 I NuPlayer: onDolbyMessageReceived() Setting dolby_processed_audio flag on audio sink
01-15 12:07:33.281   710 13878 I MediaPlayerService: setDolbyParameters() Marking audio output as having dolby_processed_audio
01-15 12:07:33.281   645   645 I DMSService: unregisterClient type = 0, uid = e8392180
01-15 12:07:33.289 13853 13853 D featureTest: receive broadcast , change ds profile id :0
01-15 12:07:33.309   645   645 D DatabaseHelper: failed to prepare SQL : INSERT INTO profiles VALUES(15
01-15 12:07:33.309   645   645 D DatabaseHelper: ,'custom','user2','user2','off','off')
01-15 12:07:33.309   645   645 D DatabaseHelper: failed to prepare SQL : INSERT INTO profile_endpoints VALUES(57
01-15 12:07:33.309   645   645 D DatabaseHelper: ,'custom','user2','speaker')
01-15 12:07:33.310   645   645 D DatabaseHelper: failed to prepare SQL : INSERT INTO profile_endpoints VALUES(57
01-15 12:07:33.310   645   645 D DatabaseHelper: ,'custom','user2','headphone')
01-15 12:07:33.310   645   645 D DatabaseHelper: failed to prepare SQL : INSERT INTO profile_endpoints VALUES(57
01-15 12:07:33.310   645   645 D DatabaseHelper: ,'custom','user2','passthrough')
01-15 12:07:33.310   645   645 D DatabaseHelper: failed to prepare SQL : INSERT INTO profile_endpoints VALUES(57
01-15 12:07:33.310   645   645 D DatabaseHelper: ,'custom','user2','other')
01-15 12:07:33.310   645   645 D DatabaseHelper: failed to prepare SQL : INSERT INTO profile_ports VALUES(85
01-15 12:07:33.310   645   645 D DatabaseHelper: ,'custom','user2','internal_speaker')
01-15 12:07:33.311   645   645 D DatabaseHelper: failed to prepare SQL : INSERT INTO profile_ports VALUES(85
01-15 12:07:33.311   645   645 D DatabaseHelper: ,'custom','user2','hdmi')
01-15 12:07:33.311   645   645 D DatabaseHelper: failed to prepare SQL : INSERT INTO profile_ports VALUES(85
01-15 12:07:33.311   645   645 D DatabaseHelper: ,'custom','user2','miracast')
01-15 12:07:33.311   645   645 D DatabaseHelper: failed to prepare SQL : INSERT INTO profile_ports VALUES(85
01-15 12:07:33.311   645   645 D DatabaseHelper: ,'custom','user2','headphone_port')
01-15 12:07:33.311   645   645 D DatabaseHelper: failed to prepare SQL : INSERT INTO profile_ports VALUES(85
01-15 12:07:33.311   645   645 D DatabaseHelper: ,'custom','user2','bluetooth')
01-15 12:07:33.311   645   645 D DatabaseHelper: failed to prepare SQL : INSERT INTO profile_ports VALUES(85
01-15 12:07:33.311   645   645 D DatabaseHelper: ,'custom','user2','usb')
01-15 12:07:33.311   645   645 D DatabaseHelper: failed to prepare SQL : INSERT INTO geq_presets VALUES(57
01-15 12:07:33.311   645   645 D DatabaseHelper: ,'custom','off','user2')
01-15 12:07:33.311   645   645 D DatabaseHelper: failed to prepare SQL : INSERT INTO geq_presets VALUES(57
01-15 12:07:33.311   645   645 D DatabaseHelper: ,'custom','open','user2')
01-15 12:07:33.311   645   645 D DatabaseHelper: failed to prepare SQL : INSERT INTO geq_presets VALUES(57
01-15 12:07:33.311   645   645 D DatabaseHelper: ,'custom','rich','user2')
01-15 12:07:33.311   645   645 D DatabaseHelper: failed to prepare SQL : INSERT INTO geq_presets VALUES(57
01-15 12:07:33.311   645   645 D DatabaseHelper: ,'custom','focused','user2')
01-15 12:07:33.323   645   645 I DMSService: registerClient type = 4, uid = e8392170
01-15 12:07:33.324   645   645 V DolbyMemoryService: registerClient() client 0x710ec74380, uid -398909068
01-15 12:07:33.324   717  5319 D DDP_JOCDecoder: internalSetParameter() Instantiating ARenderer for content processing in decoder
01-15 12:07:33.324   717  5319 I DlbDap2QmfProcess: Dap2Process()
01-15 12:07:33.324   717  5319 I ARenderer: ARenderer
01-15 12:07:33.324   717  5319 I evo_parser: evo_parser_init
01-15 12:07:33.324   717  5319 I DlbDap2QmfProcess: init()
01-15 12:07:33.324   717  5319 I DlbDap2QmfProcess: open()
01-15 12:07:33.324   717  5319 I DlbDap2QmfProcess: loadLicense() no license check!
01-15 12:07:33.324   717  5319 I DlbDap2QmfProcess: validateLicense() no license check!
01-15 12:07:33.324   717  5319 I DlbDap2QmfProcess: init() DAP opened
01-15 12:07:33.324   717  5319 I DlbDap2QmfProcess: DAP library version: 2.5.1-P2.0
01-15 12:07:33.324   717  5319 D DlbDap2QmfProcess: DAP output mode set to 1 with 2 output channels and null mix matrix.
01-15 12:07:33.324   710 13886 I ACodec  : setDolbyParameterOnProcessedAudio() Content processing enabled in decoder
01-15 12:07:33.324   627  3512 D DlbDlbEffect: handle_EFFECT_CMD_SET_PARAM()
01-15 12:07:33.326   626   626 W /system/bin/hw/android.hidl.allocator@1.0-service: ashmem_create_region(8192) returning hidl_memory(0x7b7102c330, 8192)
01-15 12:07:33.328   626   626 I chatty  : uid=1000(system) allocator@1.0-s identical 2 lines
01-15 12:07:33.329   626   626 W /system/bin/hw/android.hidl.allocator@1.0-service: ashmem_create_region(8192) returning hidl_memory(0x7b7102c330, 8192)
01-15 12:07:33.331   626   626 W /system/bin/hw/android.hidl.allocator@1.0-service: ashmem_create_region(147456) returning hidl_memory(0x7b7102c330, 147456)
01-15 12:07:33.333   626   626 I chatty  : uid=1000(system) allocator@1.0-s identical 2 lines
01-15 12:07:33.333   626   626 W /system/bin/hw/android.hidl.allocator@1.0-service: ashmem_create_region(147456) returning hidl_memory(0x7b7102c330, 147456)
01-15 12:07:33.334   717 13891 I DDP_JOCDecoder: -> start
01-15 12:07:33.336   627  3892 I DlbEffectContext: setContentProcEnabled() Disabling content processing in effect
01-15 12:07:33.336   627  3892 D DlbDapEndpointParamCache: commitChangedParams()
01-15 12:07:33.336   627  3892 D DlbDapEndpointParamCache: commit() Applying parameters for device 0x40000000
01-15 12:07:33.336   627  3892 D DlbDap2Process: setParam(msce = #1[0])
01-15 12:07:33.336   627  3892 D DlbDap2Process: setParam(mdee = #1[0])
01-15 12:07:33.336   627  3892 D DlbDap2Process: setParam(miee = #1[0])
01-15 12:07:33.336   627  3892 D DlbDap2Process: setParam(mdle = #1[0])
01-15 12:07:33.336   627  3892 D DlbDap2Process: setParam(dvle = #1[0])
01-15 12:07:33.336   627  3892 D DlbDap2Process: setParam(mave = #1[0])
01-15 12:07:33.336   627  3892 D DlbDap2Process: setParam(ieon = #1[0])
01-15 12:07:33.336   627  3892 D DlbDapEndpointParamCache: doCommit() Committed 7 parameters out of 16.
01-15 12:07:33.336   627  3892 D DlbDapEndpointParamCache: commit() Overriding parameters for current device 0x00000002
01-15 12:07:33.336   627  3892 D DlbDap2Process: setParam(dom = #1[0])
01-15 12:07:33.336   627  3892 D DlbDap2Process: setParam(dvle = #1[0])
01-15 12:07:33.336   627  3892 D DlbDap2Process: setParam(dvme = #1[0])
01-15 12:07:33.336   627  3892 D DlbDap2Process: setParam(deon = #1[0])
01-15 12:07:33.337   627  3892 D DlbDap2Process: setParam(ngon = #1[0])
01-15 12:07:33.337   627  3892 D DlbDapEndpointParamCache: doCommit() Committed 5 parameters out of 37.
01-15 12:07:33.337   717 13891 I EndpConfig: DAP state has changed from -1 to 1
01-15 12:07:33.337   717 13891 D DDP_JOCDecoder: Setting Max Output Channels to 2
01-15 12:07:33.337   717 13891 D DDP_JOCDecoder: setMultiChannelPCMOutDownmix mConfig->jocForceDownmixMode 1
01-15 12:07:33.338   717 13891 I udc_user: 
01-15 12:07:33.338   717 13891 I udc_user: *** DDPlus Unified Decoder Simulation  Version 1.7.3 ***
01-15 12:07:33.338   717 13891 I udc_user: 
01-15 12:07:33.338   717 13891 I udc_user: 7.1-channel decoder-converter, 
01-15 12:07:33.338   717 13891 I udc_user: 
01-15 12:07:33.338   717 13891 I udc_user: 5.1-channel dual-decoder-converter, 
01-15 12:07:33.338   717 13891 I udc_user: Karaoke unsupported, 
01-15 12:07:33.338   717 13891 I udc_user: TPNP supported. 
01-15 12:07:33.338   717 13891 I udc_user: 
01-15 12:07:33.338   717 13891 I udc_user: Unpublished work.  Copyright 2003-2014 Dolby Laboratories, Inc. and
01-15 12:07:33.338   717 13891 I udc_user: Dolby Laboratories Licensing Corporation.  All Rights Reserved.
01-15 12:07:33.338   717 13891 I udc_user: 
01-15 12:07:33.338   717 13891 I udc_user: USE OF THIS SOFTWARE IS SUBJECT TO A LEGAL AGREEMENT BETWEEN YOU AND DOLBY
01-15 12:07:33.338   717 13891 I udc_user: LABORATORIES. DO NOT USE THIS SOFTWARE UNLESS YOU AGREE TO THE TERMS AND 
01-15 12:07:33.338   717 13891 I udc_user: CONDITIONS IN THE AGREEMENT.  BY USING THIS SOFTWARE, YOU ACKNOWLEDGE THAT 
01-15 12:07:33.338   717 13891 I udc_user: YOU HAVE READ THE AGREEMENT AND THAT YOU AGREE TO BE BOUND BY ITS TERMS. 
01-15 12:07:33.338   717 13891 I udc_user: 
01-15 12:07:33.338   627  3892 D DlbDap2Process: setMave(mave = 0)
01-15 12:07:33.339   717 13891 I ddpdec_client_joc: ddpdec_open JOCD_MODE Buffer assignment
01-15 12:07:33.339   717 13891 D DDP_JOCDecoder: mStarted = 1
01-15 12:07:33.339   717 13891 I DDP_JOCDecoder: <- start
01-15 12:07:33.340   717 13891 D ddpdec_client_joc: ddpdec_client.c|int configDecoder()
01-15 12:07:33.342   717 13891 D DDP_JOCDecoder: Setting Max Output Channels to 2
01-15 12:07:33.343   717 13891 I DlbDap2QmfProcess: close()
01-15 12:07:33.343   717 13891 I DlbDap2QmfProcess: init()
01-15 12:07:33.343   717 13891 I DlbDap2QmfProcess: open()
01-15 12:07:33.344   717 13891 I DlbDap2QmfProcess: loadLicense() no license check!
01-15 12:07:33.344   717 13891 I DlbDap2QmfProcess: validateLicense() no license check!
01-15 12:07:33.344   717 13891 I DlbDap2QmfProcess: init() DAP opened
01-15 12:07:33.344   717 13891 I DlbDap2QmfProcess: DAP library version: 2.5.1-P2.0
01-15 12:07:33.344   717 13891 D DlbDap2QmfProcess: DAP output mode set to 1 with 2 output channels and null mix matrix.
01-15 12:07:33.344   717 13891 D ARenderer: checkAndUpdateConfig: DAP reinitialized because of sample rate change
01-15 12:07:33.344   717 13891 D ARenderer: updateDapConfig: Updating DAP configuration
01-15 12:07:33.344   717 13891 D DlbDap2QmfProcess: setParam(iea = #1[10])
01-15 12:07:33.344   717 13891 D DlbDap2QmfProcess: setParam(msce = #1[1])
01-15 12:07:33.344   717 13891 D DlbDap2QmfProcess: setParam(mdee = #1[1])
01-15 12:07:33.344   717 13891 D DlbDap2QmfProcess: setParam(miee = #1[1])
01-15 12:07:33.344   717 13891 D DlbDap2QmfProcess: setParam(mdle = #1[1])
01-15 12:07:33.344   717 13891 D DlbDap2QmfProcess: setParam(dvle = #1[1])
01-15 12:07:33.344   717 13891 D DlbDap2QmfProcess: setParam(mave = #1[1])
01-15 12:07:33.344   717 13891 D DlbDap2QmfProcess: setParam(vcbf = #20[47, 141, 234, 328, 469, 656, 844, 1031, 1313, 1688, 2250, 3000, 3750, 4688, 5813, 7125, 9000, 11250, 13875, 19688])
01-15 12:07:33.344   717 13891 D DlbDap2QmfProcess: setParam(ieon = #1[1])
01-15 12:07:33.345   717 13891 D DlbDap2QmfProcess: setParam(gebs = #41[20, 47, 141, 234, 328, 469, 656, 844, 1031, 1313, 1688, 2250, 3000, 3750, 4688, 5813, 7125, 9000, 11250, 13875, 19688, 0, 0, 0, 0, 0, 0, 0, 0, 0, 0, 0, 0, 0, 0, 0, 0, 0, 0, 0, 0])
01-15 12:07:33.345   717 13891 D DlbDap2QmfProcess: setParam(iebs = #41[20, 65, 136, 223, 332, 467, 634, 841, 1098, 1416, 1812, 2302, 2909, 3663, 4598, 5756, 7194, 8976, 11186, 13927, 17326, 117, 133, 188, 176, 141, 149, 175, 185, 185, 200, 236, 242, 228, 213, 182, 132, 110, 68, -27, -240])
01-15 12:07:33.345   717 13891 D DlbDap2QmfProcess: setParam(dea = #1[12])
01-15 12:07:33.345   717 13891 D DlbDap2QmfProcess: setParam(dsa = #1[10])
01-15 12:07:33.345   717 13891 D DlbDap2QmfProcess: setParam(beb = #1[192])
01-15 12:07:33.345   717 13891 D DlbDap2QmfProcess: setParam(plb = #1[0])
01-15 12:07:33.345   717 13891 D DlbDap2QmfProcess: setParam(vmb = #1[144])
01-15 12:07:33.345   717 13891 D DlbDap2QmfProcess: setParam(dsb = #1[96])
01-15 12:07:33.345   717 13891 D DlbDap2QmfProcess: setParam(ded = #1[0])
01-15 12:07:33.345   717 13891 D DlbDap2QmfProcess: setParam(dom = #1[0])
01-15 12:07:33.346   717 13891 D DlbDap2QmfProcess: setParam(bew = #1[16])
01-15 12:07:33.346   717 13891 D DlbDap2QmfProcess: setParam(dvla = #1[7])
01-15 12:07:33.346   717 13891 D DlbDap2QmfProcess: setParam(dfsa = #1[10])
01-15 12:07:33.346   717 13891 D DlbDap2QmfProcess: setParam(dhsa = #1[10])
01-15 12:07:33.346   717 13891 D DlbDap2QmfProcess: setParam(dvmc = #1[0])
01-15 12:07:33.346   717 13891 D DlbDap2QmfProcess: setParam(dvle = #1[1])
01-15 12:07:33.346   717 13891 D DlbDap2QmfProcess: setParam(dvme = #1[0])
01-15 12:07:33.346   717 13891 D DlbDap2QmfProcess: setParam(becf = #1[200])
01-15 12:07:33.346   717 13891 D DlbDap2QmfProcess: setParam(vbmf = #2[94, 469])
01-15 12:07:33.346   717 13891 D DlbDap2QmfProcess: setParam(vbsf = #2[35, 160])
01-15 12:07:33.347   717 13891 D DlbDap2QmfProcess: setParam(vbhg = #3[-32, -144, -192])
01-15 12:07:33.347   717 13891 D DlbDap2QmfProcess: setParam(vbog = #1[0])
01-15 12:07:33.347   717 13891 D DlbDap2QmfProcess: setParam(vbsg = #1[0])
01-15 12:07:33.347   717 13891 D DlbDap2QmfProcess: setParam(dvli = #1[-320])
01-15 12:07:33.347   717 13891 D DlbDap2QmfProcess: setParam(dhfm = #1[2])
01-15 12:07:33.347   717 13891 D DlbDap2QmfProcess: setParam(deon = #1[1])
01-15 12:07:33.347   717 13891 D DlbDap2QmfProcess: setParam(ngon = #1[1])
01-15 12:07:33.347   717 13891 D DlbDap2QmfProcess: setParam(dvlo = #1[-320])
01-15 12:07:33.347   717 13891 D DlbDap2QmfProcess: setParam(aobs = #222[20, 10, 47, 141, 234, 328, 469, 656, 844, 1031, 1313, 1688, 2250, 3000, 3750, 4688, 5813, 7125, 9000, 11250, 13875, 19688, 0, 0, 0, 0, 0, 0, 0, 0, 0, 0, 0, 0, 0, 0, 0, 0, 0, 0, 0, 0, 0, 0, 0, 0, 0, 0, 0, 0, 0, 0, 0, 0, 0, 0, 0, 0, 0, 0, 0, 0, 0, 0, 0, 0, 0, 0, 0, 0, 0, 0, 0, 0, 0, 0, 0, 0, 0, 0, 0, 0, 0, 0, 0, 0, 0, 0, 0, 0, 0, 0, 0, 0, 0, 0, 0, 0, 0, 0, 0, 0, 0, 0, 0, 0, 0, 0, 0, 0, 0, 0, 0, 0, 0, 0, 0, 0, 0, 0, 0, 0, 0, 0, 0, 0, 0, 0, 0, 0, 0, 0, 0, 0, 0, 0, 0, 0, 0, 0, 0, 0, 0, 0, 0, 0, 0, 0, 0, 0, 0, 0, 0, 0, 0, 0, 0, 0, 0, 0, 0, 0, 0, 0, 0, 0, 0, 0, 0, 0, 0, 0, 0, 0, 0, 0, 0, 0, 0, 0, 0, 0, 0, 0, 0, 0, 0, 0, 0, 0, 0, 0, 0, 0, 0, 0, 0, 0, 0, 0, 0, 0, 0, 0, 0, 0, 0, 0, 0, 0, 0, 0, 0, 0, 0, 0, 0, 0, 0, 0, 0, 0])
01-15 12:07:33.347   717 13891 D DlbDap2QmfProcess: setParam(dvle = #1[1])
01-15 12:07:33.347   717 13891 D DlbDap2QmfProcess: setParam(dvli = #1[-496])
01-15 12:07:33.347   717 13891 D DlbDap2QmfProcess: setParam(dvlo = #1[-176])
01-15 12:07:33.347   717 13891 D ARenderer: updateDapVolumeLeveler: Setting output level to -11.00dB
01-15 12:07:33.347   717 13891 D DlbDap2QmfProcess: setParam(vmb = #1[0])
01-15 12:07:33.347   717 13891 D DlbDap2QmfProcess: setParam(preg = #1[-384])
01-15 12:07:33.347   717 13891 D DlbDap2QmfProcess: setParam(vol = #1[384])
01-15 12:07:33.347   717 13891 D DlbDlbBufferProvider: setConfig() Updating buffer configuration.
01-15 12:07:33.347   717 13891 D DlbDap2QmfProcess: processQmf() called [0] times
01-15 12:07:33.347 13853 13853 D featureTest: receive broadcast , record log :0
01-15 12:07:33.347   717 13891 D DlbDap2QmfProcess: setMave(mave = 0)
01-15 12:07:33.354   710 13884 D AudioTrack: Client defaulted notificationFrames to 12000 for frameCount 24000
01-15 12:07:33.355   684  3973 I AudioFlinger: attachAuxEffect(): Marking track 303 as containing processed audio
01-15 12:07:33.355   684  3973 D AudioFlinger: trackContainsProcessedAudio() Track id 303 contains processed audio
01-15 12:07:33.358   626   626 W /system/bin/hw/android.hidl.allocator@1.0-service: ashmem_create_region(7680) returning hidl_memory(0x7b7102c330, 7680)
01-15 12:07:33.359   626   626 W /system/bin/hw/android.hidl.allocator@1.0-service: ashmem_create_region(7680) returning hidl_memory(0x7b7102c330, 7680)
01-15 12:07:33.361   627  3512 D DlbDlbEffect: handle_EFFECT_CMD_DISABLE()
01-15 12:07:33.361   627  3512 D DlbDapCrossfadeProcess: setEnabled transitioning from DAP_ACTIVE state to FADE_TO_BYPASS
01-15 12:07:33.362   626   626 W /system/bin/hw/android.hidl.allocator@1.0-service: ashmem_create_region(7680) returning hidl_memory(0x7b7102c330, 7680)
01-15 12:07:33.363   627  3512 D DlbDlbEffect: handle_EFFECT_CMD_SET_CONFIG()
01-15 12:07:33.363   627  3512 D DlbDapEndpointParamCache: setDevice(device=0x00000002)
01-15 12:07:33.363   645   645 D DMSService: setActiveDevice called with device = 0x2
01-15 12:07:33.364   627  3512 D DlbDlbEffect: handle_EFFECT_CMD_ENABLE()
01-15 12:07:33.364   627  3512 D DlbDapCrossfadeProcess: setEnabled transitioning from FADE_TO_BYPASS state to FADE_TO_ACTIVE
01-15 12:07:33.365   684  3974 W AudioFlinger: moveDolbyEffect() effect chain for session 0 not on source thread 0xee0ae580
01-15 12:07:33.365   684  3974 D AudioFlinger: trackStateChanged() Track id 303 state changed to 6
01-15 12:07:33.365   684  3974 I AudioFlinger: updateProcessedAudioState() Changing content processing in effect to 1
01-15 12:07:33.365   627  3512 D DlbDlbEffect: handle_EFFECT_CMD_SET_PARAM()
01-15 12:07:33.366   710 13878 D NuPlayerDriver: notifyListener_l(0xe84b2460), (6, 0, 0, -1), loop setting(0, 1)
01-15 12:07:33.367   627  3892 D DlbDlbBufferProvider: updateCapacity(): update capacity to 1920
01-15 12:07:33.368   627  3892 D DlbDlbBufferProvider: updateCapacity() Allocating new memory for the buffer.
01-15 12:07:33.368   627  3892 D DlbDapCrossfadeProcess: process transitioning from FADE_TO_ACTIVE state to DAP_ACTIVE
01-15 12:07:33.369   627  3890 I ACDB-LOADER: ACDB AFE returned = -19
01-15 12:07:33.369   627  3890 D audio_hw_primary: enable_audio_route: usecase(0) apply and update mixer path: deep-buffer-playback speaker
01-15 12:07:33.370   726   757 E ANDR-PERF-OPTSHANDLER: Warning: Resource [2, 0] not supported for core 1. Instead use resource for core 0
01-15 12:07:33.370   726   757 E ANDR-PERF-RESOURCEQS: Failed to apply optimization [2, 2, 0]
01-15 12:07:33.426   627  3892 D DlbDap2Process: process() called [185500] times
01-15 12:07:33.516   684  1061 D AudioFlinger: mixer(0xed503800) throttle end: throttle time(48)
01-15 12:07:35.101   627  3512 D audio_hw_primary: disable_audio_route: usecase(1) reset and update mixer path: low-latency-playback speaker
01-15 12:07:35.273   945   945 W WindowManager: removeWindowToken: Attempted to remove non-existing token: android.os.Binder@2dccd07
01-15 12:07:35.328   475   475 D SurfaceFlinger: duplicate layer name: changing Toast to Toast#1
01-15 12:07:36.000   627  3892 D DlbDap2Process: process() called [186000] times
01-15 12:07:37.295   945   945 W WindowManager: removeWindowToken: Attempted to remove non-existing token: android.os.Binder@ef32a3
01-15 12:07:38.487 13853 13853 D featureTest: receive broadcast , change volume leveler :0
01-15 12:07:38.509   945   999 W ProcessCpuTracker: Skipping unknown process pid 13903
01-15 12:07:38.510   945   999 W ProcessCpuTracker: Skipping unknown process pid 13905
01-15 12:07:38.512   627  3512 D DlbDlbEffect: handle_EFFECT_CMD_SET_PARAM()
01-15 12:07:38.517   627  3892 D DlbDapEndpointParamCache: commitChangedParams()
01-15 12:07:38.517   627  3892 D DlbDapEndpointParamCache: commit() Applying parameters for device 0x40000000
01-15 12:07:38.517   627  3892 D DlbDap2Process: setParam(iea = #1[10])
01-15 12:07:38.517   627  3892 D DlbDap2Process: setParam(vcbf = #20[47, 141, 234, 328, 469, 656, 844, 1031, 1313, 1688, 2250, 3000, 3750, 4688, 5813, 7125, 9000, 11250, 13875, 19688])
01-15 12:07:38.517   627  3892 D DlbDap2Process: setParam(vbon = #1[0])
01-15 12:07:38.517   627  3892 D DlbDap2Process: setParam(beon = #1[0])
01-15 12:07:38.517   627  3892 D DlbDap2Process: setParam(geon = #1[0])
01-15 12:07:38.518   627  3892 D DlbDap2Process: setParam(gebs = #41[20, 47, 141, 234, 328, 469, 656, 844, 1031, 1313, 1688, 2250, 3000, 3750, 4688, 5813, 7125, 9000, 11250, 13875, 19688, 0, 0, 0, 0, 0, 0, 0, 0, 0, 0, 0, 0, 0, 0, 0, 0, 0, 0, 0, 0])
01-15 12:07:38.518   627  3892 D DlbDap2Process: setParam(iebs = #41[20, 65, 136, 223, 332, 467, 634, 841, 1098, 1416, 1812, 2302, 2909, 3663, 4598, 5756, 7194, 8976, 11186, 13927, 17326, 117, 133, 188, 176, 141, 149, 175, 185, 185, 200, 236, 242, 228, 213, 182, 132, 110, 68, -27, -240])
01-15 12:07:38.518   627  3892 D DlbDapEndpointParamCache: doCommit() Committed 8 parameters out of 16.
01-15 12:07:38.518   627  3892 D DlbDapEndpointParamCache: commit() Overriding parameters for current device 0x00000002
01-15 12:07:38.518   627  3892 D DlbDap2Process: setParam(dea = #1[12])
01-15 12:07:38.518   627  3892 D DlbDap2Process: setParam(dsa = #1[10])
01-15 12:07:38.518   627  3892 D DlbDap2Process: setParam(beb = #1[192])
01-15 12:07:38.518   627  3892 D DlbDap2Process: setParam(plb = #1[0])
01-15 12:07:38.518   627  3892 D DlbDap2Process: setParam(vmb = #1[144])
01-15 12:07:38.518   627  3892 D DlbDap2Process: setParam(dsb = #1[96])
01-15 12:07:38.518   627  3892 D DlbDap2Process: setParam(ded = #1[0])
01-15 12:07:38.518   627  3892 D DlbDap2Process: setParam(vbm = #1[3])
01-15 12:07:38.518   627  3892 D DlbDap2Process: setParam(bew = #1[16])
01-15 12:07:38.518   627  3892 D DlbDap2Process: setParam(dvla = #1[7])
01-15 12:07:38.518   627  3892 D DlbDap2Process: setParam(arra = #1[96])
01-15 12:07:38.518   627  3892 D DlbDap2Process: setParam(dfsa = #1[10])
01-15 12:07:38.518   627  3892 D DlbDap2Process: setParam(dhsa = #1[10])
01-15 12:07:38.518   627  3892 D DlbDap2Process: setParam(dvmc = #1[0])
01-15 12:07:38.518   627  3892 D DlbDap2Process: setParam(arod = #1[0])
01-15 12:07:38.518   627  3892 D DlbDap2Process: setParam(arde = #1[1])
01-15 12:07:38.518   627  3892 D DlbDap2Process: setParam(becf = #1[200])
01-15 12:07:38.518   627  3892 D DlbDap2Process: setParam(vbmf = #2[94, 469])
01-15 12:07:38.518   627  3892 D DlbDap2Process: setParam(vbsf = #2[35, 160])
01-15 12:07:38.518   627  3892 D DlbDap2Process: setParam(vbhg = #3[-32, -144, -192])
01-15 12:07:38.518   627  3892 D DlbDap2Process: setParam(vbog = #1[0])
01-15 12:07:38.518   627  3892 D DlbDap2Process: setParam(vbsg = #1[0])
01-15 12:07:38.518   627  3892 D DlbDap2Process: setParam(dvli = #1[-320])
01-15 12:07:38.518   627  3892 D DlbDap2Process: setParam(dhfm = #1[2])
01-15 12:07:38.518   627  3892 D DlbDap2Process: setParam(vbon = #1[0])
01-15 12:07:38.518   627  3892 D DlbDap2Process: setParam(beon = #1[0])
01-15 12:07:38.518   627  3892 D DlbDap2Process: setParam(aoon = #1[1])
01-15 12:07:38.518   627  3892 D DlbDap2Process: setParam(aron = #1[1])
01-15 12:07:38.519   627  3892 D DlbDap2Process: setParam(dvlo = #1[-320])
01-15 12:07:38.519   627  3892 D DlbDap2Process: setParam(artp = #1[12])
01-15 12:07:38.519   627  3892 D DlbDap2Process: setParam(aobs = #222[20, 10, 47, 141, 234, 328, 469, 656, 844, 1031, 1313, 1688, 2250, 3000, 3750, 4688, 5813, 7125, 9000, 11250, 13875, 19688, 0, 0, 0, 0, 0, 0, 0, 0, 0, 0, 0, 0, 0, 0, 0, 0, 0, 0, 0, 0, 0, 0, 0, 0, 0, 0, 0, 0, 0, 0, 0, 0, 0, 0, 0, 0, 0, 0, 0, 0, 0, 0, 0, 0, 0, 0, 0, 0, 0, 0, 0, 0, 0, 0, 0, 0, 0, 0, 0, 0, 0, 0, 0, 0, 0, 0, 0, 0, 0, 0, 0, 0, 0, 0, 0, 0, 0, 0, 0, 0, 0, 0, 0, 0, 0, 0, 0, 0, 0, 0, 0, 0, 0, 0, 0, 0, 0, 0, 0, 0, 0, 0, 0, 0, 0, 0, 0, 0, 0, 0, 0, 0, 0, 0, 0, 0, 0, 0, 0, 0, 0, 0, 0, 0, 0, 0, 0, 0, 0, 0, 0, 0, 0, 0, 0, 0, 0, 0, 0, 0, 0, 0, 0, 0, 0, 0, 0, 0, 0, 0, 0, 0, 0, 0, 0, 0, 0, 0, 0, 0, 0, 0, 0, 0, 0, 0, 0, 0, 0, 0, 0, 0, 0, 0, 0, 0, 0, 0, 0, 0, 0, 0, 0, 0, 0, 0, 0, 0, 0, 0, 0, 0, 0, 0, 0, 0, 0, 0, 0, 0])
01-15 12:07:38.519   627  3892 D DlbDap2Process: setParam(arbs = #81[20, 47, 141, 234, 328, 469, 656, 844, 1031, 1313, 1688, 2250, 3000, 3750, 4688, 5813, 7125, 9000, 11250, 13875, 19688, -192, -192, -192, -192, -192, -192, -192, -192, -192, -192, -192, -192, -192, -192, -192, -192, -192, -192, -192, -192, 0, 0, 0, 0, 0, 0, 0, 0, 0, 0, 0, 0, 0, 0, 0, 0, 0, 0, 0, 0, 0, 0, 0, 0, 0, 0, 0, 0, 0, 0, 0, 0, 0, 0, 0, 0, 0, 0, 0, 0])
01-15 12:07:38.519   627  3892 D DlbDapEndpointParamCache: doCommit() Committed 32 parameters out of 37.
01-15 12:07:38.676   627  3892 D DlbDap2Process: process() called [186500] times
01-15 12:07:38.681   717 13891 D ARenderer: updateDapConfig: Updating DAP configuration
01-15 12:07:38.682   717 13891 D DlbDap2QmfProcess: setParam(iea = #1[10])
01-15 12:07:38.682   717 13891 D DlbDap2QmfProcess: setParam(msce = #1[1])
01-15 12:07:38.682   717 13891 D DlbDap2QmfProcess: setParam(mdee = #1[1])
01-15 12:07:38.682   717 13891 D DlbDap2QmfProcess: setParam(miee = #1[1])
01-15 12:07:38.682   717 13891 D DlbDap2QmfProcess: setParam(mdle = #1[1])
01-15 12:07:38.682   717 13891 D DlbDap2QmfProcess: setParam(dvle = #1[0])
01-15 12:07:38.682   717 13891 D DlbDap2QmfProcess: setParam(mave = #1[1])
01-15 12:07:38.682   717 13891 D DlbDap2QmfProcess: setParam(vcbf = #20[47, 141, 234, 328, 469, 656, 844, 1031, 1313, 1688, 2250, 3000, 3750, 4688, 5813, 7125, 9000, 11250, 13875, 19688])
01-15 12:07:38.682   717 13891 D DlbDap2QmfProcess: setParam(ieon = #1[1])
01-15 12:07:38.682   717 13891 D DlbDap2QmfProcess: setParam(gebs = #41[20, 47, 141, 234, 328, 469, 656, 844, 1031, 1313, 1688, 2250, 3000, 3750, 4688, 5813, 7125, 9000, 11250, 13875, 19688, 0, 0, 0, 0, 0, 0, 0, 0, 0, 0, 0, 0, 0, 0, 0, 0, 0, 0, 0, 0])
01-15 12:07:38.682   717 13891 D DlbDap2QmfProcess: setParam(iebs = #41[20, 65, 136, 223, 332, 467, 634, 841, 1098, 1416, 1812, 2302, 2909, 3663, 4598, 5756, 7194, 8976, 11186, 13927, 17326, 117, 133, 188, 176, 141, 149, 175, 185, 185, 200, 236, 242, 228, 213, 182, 132, 110, 68, -27, -240])
01-15 12:07:38.682   717 13891 D DlbDap2QmfProcess: setParam(dea = #1[12])
01-15 12:07:38.682   717 13891 D DlbDap2QmfProcess: setParam(dsa = #1[10])
01-15 12:07:38.682   717 13891 D DlbDap2QmfProcess: setParam(beb = #1[192])
01-15 12:07:38.682   717 13891 D DlbDap2QmfProcess: setParam(plb = #1[0])
01-15 12:07:38.682   717 13891 D DlbDap2QmfProcess: setParam(vmb = #1[144])
01-15 12:07:38.682   717 13891 D DlbDap2QmfProcess: setParam(dsb = #1[96])
01-15 12:07:38.682   717 13891 D DlbDap2QmfProcess: setParam(ded = #1[0])
01-15 12:07:38.683   717 13891 D DlbDap2QmfProcess: setParam(dom = #1[0])
01-15 12:07:38.683   717 13891 D DlbDap2QmfProcess: setParam(bew = #1[16])
01-15 12:07:38.683   717 13891 D DlbDap2QmfProcess: setParam(dvla = #1[7])
01-15 12:07:38.683   717 13891 D DlbDap2QmfProcess: setParam(dfsa = #1[10])
01-15 12:07:38.683   717 13891 D DlbDap2QmfProcess: setParam(dhsa = #1[10])
01-15 12:07:38.683   717 13891 D DlbDap2QmfProcess: setParam(dvmc = #1[0])
01-15 12:07:38.683   717 13891 D DlbDap2QmfProcess: setParam(dvle = #1[0])
01-15 12:07:38.683   717 13891 D DlbDap2QmfProcess: setParam(dvme = #1[0])
01-15 12:07:38.683   717 13891 D DlbDap2QmfProcess: setParam(becf = #1[200])
01-15 12:07:38.683   717 13891 D DlbDap2QmfProcess: setParam(vbmf = #2[94, 469])
01-15 12:07:38.683   717 13891 D DlbDap2QmfProcess: setParam(vbsf = #2[35, 160])
01-15 12:07:38.683   717 13891 D DlbDap2QmfProcess: setParam(vbhg = #3[-32, -144, -192])
01-15 12:07:38.683   717 13891 D DlbDap2QmfProcess: setParam(vbog = #1[0])
01-15 12:07:38.683   717 13891 D DlbDap2QmfProcess: setParam(vbsg = #1[0])
01-15 12:07:38.683   717 13891 D DlbDap2QmfProcess: setParam(dvli = #1[-320])
01-15 12:07:38.683   717 13891 D DlbDap2QmfProcess: setParam(dhfm = #1[2])
01-15 12:07:38.683   717 13891 D DlbDap2QmfProcess: setParam(deon = #1[1])
01-15 12:07:38.683   717 13891 D DlbDap2QmfProcess: setParam(ngon = #1[1])
01-15 12:07:38.683   717 13891 D DlbDap2QmfProcess: setParam(dvlo = #1[-320])
01-15 12:07:38.684   717 13891 D DlbDap2QmfProcess: setParam(aobs = #222[20, 10, 47, 141, 234, 328, 469, 656, 844, 1031, 1313, 1688, 2250, 3000, 3750, 4688, 5813, 7125, 9000, 11250, 13875, 19688, 0, 0, 0, 0, 0, 0, 0, 0, 0, 0, 0, 0, 0, 0, 0, 0, 0, 0, 0, 0, 0, 0, 0, 0, 0, 0, 0, 0, 0, 0, 0, 0, 0, 0, 0, 0, 0, 0, 0, 0, 0, 0, 0, 0, 0, 0, 0, 0, 0, 0, 0, 0, 0, 0, 0, 0, 0, 0, 0, 0, 0, 0, 0, 0, 0, 0, 0, 0, 0, 0, 0, 0, 0, 0, 0, 0, 0, 0, 0, 0, 0, 0, 0, 0, 0, 0, 0, 0, 0, 0, 0, 0, 0, 0, 0, 0, 0, 0, 0, 0, 0, 0, 0, 0, 0, 0, 0, 0, 0, 0, 0, 0, 0, 0, 0, 0, 0, 0, 0, 0, 0, 0, 0, 0, 0, 0, 0, 0, 0, 0, 0, 0, 0, 0, 0, 0, 0, 0, 0, 0, 0, 0, 0, 0, 0, 0, 0, 0, 0, 0, 0, 0, 0, 0, 0, 0, 0, 0, 0, 0, 0, 0, 0, 0, 0, 0, 0, 0, 0, 0, 0, 0, 0, 0, 0, 0, 0, 0, 0, 0, 0, 0, 0, 0, 0, 0, 0, 0, 0, 0, 0, 0, 0, 0, 0, 0, 0, 0, 0, 0])
01-15 12:07:38.684   717 13891 D DlbDap2QmfProcess: setParam(dvle = #1[1])
01-15 12:07:38.684   717 13891 D DlbDap2QmfProcess: setParam(dvli = #1[-496])
01-15 12:07:38.684   717 13891 D DlbDap2QmfProcess: setParam(dvlo = #1[-224])
01-15 12:07:38.684   717 13891 D ARenderer: updateDapVolumeLeveler: Setting output level to -14.00dB
01-15 12:07:38.684   717 13891 D DlbDap2QmfProcess: setParam(vmb = #1[0])
01-15 12:07:38.684   717 13891 D DlbDap2QmfProcess: setParam(preg = #1[-384])
01-15 12:07:38.684   717 13891 D DlbDap2QmfProcess: setParam(vol = #1[384])
01-15 12:07:38.684   717 13891 D DlbDap2QmfProcess: setMave(mave = 0)
01-15 12:07:40.532   945   945 W WindowManager: removeWindowToken: Attempted to remove non-existing token: android.os.Binder@fa5ccb8
01-15 12:07:41.317   627  3892 D DlbDap2Process: process() called [187000] times
