01-17 09:25:28.497   710  1422 D NuPlayerDriver: reset(0xe6bcb540) at state 5
01-17 09:25:28.498   710  1422 D NuPlayerDriver: notifyListener_l(0xe6bcb540), (8, 0, 0, -1), loop setting(0, 1)
01-17 09:25:28.501   684  3974 D AudioFlinger: trackStateChanged() Track id 786 state changed to 6
01-17 09:25:28.508   717  5783 I DDP_JOCDecoder: -> ~DDPDecoder
01-17 09:25:28.508   717  5783 I DDP_JOCDecoder: -> stop
01-17 09:25:28.509   645   645 I DMSService: unregisterClient type = 4, uid = e7f0fb30
01-17 09:25:28.574   717  5783 I DDP_JOCDecoder: <- stop
01-17 09:25:28.575   717  5783 I ARenderer: ~ARenderer
01-17 09:25:28.575   717  5783 I evo_parser: evo_parser_close
01-17 09:25:28.575   717  5783 I DlbDap2QmfProcess: ~Dap2Process()
01-17 09:25:28.575   717  5783 I DlbDap2QmfProcess: close()
01-17 09:25:28.576   717  5783 I DDP_JOCDecoder: <- ~DDPDecoder
01-17 09:25:28.585   710 31884 D NuPlayerDriver: notifyResetComplete(0xe6bcb540)
01-17 09:25:28.587   710  1422 D AudioTrack: stop() called with 0 frames delivered
01-17 09:25:28.589   627  3892 I DlbEffectContext: setContentProcEnabled() Enabling content processing in global effect
01-17 09:25:28.589   627  3892 D DlbDapEndpointParamCache: commitChangedParams()
01-17 09:25:28.589   627  3892 D DlbDapEndpointParamCache: commit() Applying parameters for device 0x40000000
01-17 09:25:28.589   627  3892 D DlbDap2Process: setParam(iea = #1[10])
01-17 09:25:28.589   627  3892 D DlbDap2Process: setParam(msce = #1[0])
01-17 09:25:28.589   627  3892 D DlbDap2Process: setParam(mdee = #1[0])
01-17 09:25:28.589   627  3892 D DlbDap2Process: setParam(miee = #1[0])
01-17 09:25:28.589   627  3892 D DlbDap2Process: setParam(mdle = #1[0])
01-17 09:25:28.589   627  3892 D DlbDap2Process: setParam(dvle = #1[1])
01-17 09:25:28.589   627  3892 D DlbDap2Process: setParam(mave = #1[0])
01-17 09:25:28.589   627  3892 D DlbDap2Process: setParam(vcbf = #20[47, 141, 234, 328, 469, 656, 844, 1031, 1313, 1688, 2250, 3000, 3750, 4688, 5813, 7125, 9000, 11250, 13875, 19688])
01-17 09:25:28.590   627  3892 D DlbDap2Process: setParam(vbon = #1[0])
01-17 09:25:28.590   627  3892 D DlbDap2Process: setParam(beon = #1[0])
01-17 09:25:28.590   627  3892 D DlbDap2Process: setParam(geon = #1[0])
01-17 09:25:28.590   627  3892 D DlbDap2Process: setParam(ieon = #1[0])
01-17 09:25:28.590   627  3892 D DlbDap2Process: setParam(gebs = #41[20, 47, 141, 234, 328, 469, 656, 844, 1031, 1313, 1688, 2250, 3000, 3750, 4688, 5813, 7125, 9000, 11250, 13875, 19688, 0, 0, 0, 0, 0, 0, 0, 0, 0, 0, 0, 0, 0, 0, 0, 0, 0, 0, 0, 0])
01-17 09:25:28.590   627  3892 D DlbDap2Process: setParam(iebs = #41[20, 65, 136, 223, 332, 467, 634, 841, 1098, 1416, 1812, 2302, 2909, 3663, 4598, 5756, 7194, 8976, 11186, 13927, 17326, 117, 133, 188, 176, 141, 149, 175, 185, 185, 200, 236, 242, 228, 213, 182, 132, 110, 68, -27, -240])
01-17 09:25:28.590   627  3892 D DlbDapEndpointParamCache: doCommit() Committed 15 parameters out of 16.
01-17 09:25:28.590   627  3892 D DlbDapEndpointParamCache: commit() Overriding parameters for current device 0x00000002
01-17 09:25:28.590   627  3892 D DlbDap2Process: setParam(dea = #1[7])
01-17 09:25:28.590   627  3892 D DlbDap2Process: setParam(dsa = #1[10])
01-17 09:25:28.590   627  3892 D DlbDap2Process: setParam(beb = #1[192])
01-17 09:25:28.590   627  3892 D DlbDap2Process: setParam(plb = #1[0])
01-17 09:25:28.590   627  3892 D DlbDap2Process: setParam(vmb = #1[144])
01-17 09:25:28.590   627  3892 D DlbDap2Process: setParam(dsb = #1[48])
01-17 09:25:28.590   627  3892 D DlbDap2Process: setParam(ded = #1[0])
01-17 09:25:28.590   627  3892 D DlbDap2Process: setParam(vbm = #1[3])
01-17 09:25:28.590   627  3892 D DlbDap2Process: setParam(dom = #1[0])
01-17 09:25:28.590   627  3892 D DlbDap2Process: setParam(bew = #1[16])
01-17 09:25:28.590   627  3892 D DlbDap2Process: setParam(dvla = #1[5])
01-17 09:25:28.590   627  3892 D DlbDap2Process: setParam(arra = #1[96])
01-17 09:25:28.591   627  3892 D DlbDap2Process: setParam(dfsa = #1[10])
01-17 09:25:28.591   627  3892 D DlbDap2Process: setParam(dhsa = #1[10])
01-17 09:25:28.591   627  3892 D DlbDap2Process: setParam(dvmc = #1[0])
01-17 09:25:28.591   627  3892 D DlbDap2Process: setParam(arod = #1[0])
01-17 09:25:28.591   627  3892 D DlbDap2Process: setParam(arde = #1[1])
01-17 09:25:28.591   627  3892 D DlbDap2Process: setParam(dvle = #1[1])
01-17 09:25:28.591   627  3892 D DlbDap2Process: setParam(dvme = #1[0])
01-17 09:25:28.591   627  3892 D DlbDap2Process: setParam(becf = #1[200])
01-17 09:25:28.591   627  3892 D DlbDap2Process: setParam(vbmf = #2[94, 469])
01-17 09:25:28.591   627  3892 D DlbDap2Process: setParam(vbsf = #2[35, 160])
01-17 09:25:28.591   627  3892 D DlbDap2Process: setParam(vbhg = #3[-32, -144, -192])
01-17 09:25:28.591   627  3892 D DlbDap2Process: setParam(vbog = #1[0])
01-17 09:25:28.591   627  3892 D DlbDap2Process: setParam(vbsg = #1[0])
01-17 09:25:28.591   627  3892 D DlbDap2Process: setParam(dvli = #1[-320])
01-17 09:25:28.591   627  3892 D DlbDap2Process: setParam(dhfm = #1[2])
01-17 09:25:28.591   627  3892 D DlbDap2Process: setParam(vbon = #1[0])
01-17 09:25:28.591   627  3892 D DlbDap2Process: setParam(beon = #1[0])
01-17 09:25:28.591   627  3892 D DlbDap2Process: setParam(deon = #1[0])
01-17 09:25:28.591   627  3892 D DlbDap2Process: setParam(ngon = #1[1])
01-17 09:25:28.591   627  3892 D DlbDap2Process: setParam(aoon = #1[1])
01-17 09:25:28.591   627  3892 D DlbDap2Process: setParam(aron = #1[1])
01-17 09:25:28.591   627  3892 D DlbDap2Process: setParam(dvlo = #1[-320])
01-17 09:25:28.591   627  3892 D DlbDap2Process: setParam(artp = #1[12])
01-17 09:25:28.592   627  3892 D DlbDap2Process: setParam(aobs = #222[20, 10, 47, 141, 234, 328, 469, 656, 844, 1031, 1313, 1688, 2250, 3000, 3750, 4688, 5813, 7125, 9000, 11250, 13875, 19688, 0, 0, 0, 0, 0, 0, 0, 0, 0, 0, 0, 0, 0, 0, 0, 0, 0, 0, 0, 0, 0, 0, 0, 0, 0, 0, 0, 0, 0, 0, 0, 0, 0, 0, 0, 0, 0, 0, 0, 0, 0, 0, 0, 0, 0, 0, 0, 0, 0, 0, 0, 0, 0, 0, 0, 0, 0, 0, 0, 0, 0, 0, 0, 0, 0, 0, 0, 0, 0, 0, 0, 0, 0, 0, 0, 0, 0, 0, 0, 0, 0, 0, 0, 0, 0, 0, 0, 0, 0, 0, 0, 0, 0, 0, 0, 0, 0, 0, 0, 0, 0, 0, 0, 0, 0, 0, 0, 0, 0, 0, 0, 0, 0, 0, 0, 0, 0, 0, 0, 0, 0, 0, 0, 0, 0, 0, 0, 0, 0, 0, 0, 0, 0, 0, 0, 0, 0, 0, 0, 0, 0, 0, 0, 0, 0, 0, 0, 0, 0, 0, 0, 0, 0, 0, 0, 0, 0, 0, 0, 0, 0, 0, 0, 0, 0, 0, 0, 0, 0, 0, 0, 0, 0, 0, 0, 0, 0, 0, 0, 0, 0, 0, 0, 0, 0, 0, 0, 0, 0, 0, 0, 0, 0, 0, 0, 0, 0, 0, 0, 0])
01-17 09:25:28.592   627  3892 D DlbDap2Process: setParam(arbs = #81[20, 47, 141, 234, 328, 469, 656, 844, 1031, 1313, 1688, 2250, 3000, 3750, 4688, 5813, 7125, 9000, 11250, 13875, 19688, -192, -192, -192, -192, -192, -192, -192, -192, -192, -192, -192, -192, -192, -192, -192, -192, -192, -192, -192, -192, 0, 0, 0, 0, 0, 0, 0, 0, 0, 0, 0, 0, 0, 0, 0, 0, 0, 0, 0, 0, 0, 0, 0, 0, 0, 0, 0, 0, 0, 0, 0, 0, 0, 0, 0, 0, 0, 0, 0, 0])
01-17 09:25:28.592   627  3892 D DlbDapEndpointParamCache: doCommit() Committed 37 parameters out of 37.
01-17 09:25:28.592   627  3892 D DlbDap2Process: setMave(mave = 0)
01-17 09:25:28.655   684  1061 D AudioFlinger: trackStateChanged() Track id 786 state changed to 2
01-17 09:25:28.655   684  1061 I AudioFlinger: updateProcessedAudioState() Changing content processing in effect to 0
01-17 09:25:28.655   627  6441 D DlbDlbEffect: handle_EFFECT_CMD_SET_PARAM()
01-17 09:25:28.676   684  1061 D AudioFlinger: trackDestroyed() Track id 786 no longer contains processed audio
01-17 09:25:28.679   684   928 W AudioFlinger::EffectModule: EffectModule 0xed0e1900 destructor called with unreleased interface
01-17 09:25:28.679   684   928 W AudioFlinger::EffectHandle: disconnect Effect handle 0xee163bc0 disconnected after thread destruction
01-17 09:25:28.680   627  6441 D DlbDlbEffect: handle_EFFECT_CMD_DISABLE()
01-17 09:25:28.680   627  6441 D DlbDapCrossfadeProcess: setEnabled transitioning from DAP_ACTIVE state to FADE_TO_BYPASS
01-17 09:25:28.681   627  6441 D DlbDlbEffect: handle_EFFECT_CMD_SET_CONFIG()
01-17 09:25:28.681   627  3512 D DlbDapEndpointParamCache: setDevice(device=0x00000002)
01-17 09:25:28.681   645   645 D DMSService: setActiveDevice called with device = 0x2
01-17 09:25:28.682   627   924 D DlbDlbEffect: handle_EFFECT_CMD_ENABLE()
01-17 09:25:28.682   627   924 D DlbDapCrossfadeProcess: setEnabled transitioning from FADE_TO_BYPASS state to FADE_TO_ACTIVE
01-17 09:25:28.810 31928 31928 D featureTest: onCreate
01-17 09:25:28.815 31928 31928 D AudioTrack: Client defaulted notificationFrames to 962 for frameCount 1924
01-17 09:25:28.817 31928 31928 W AudioTrack: Use of stream types is deprecated for operations other than volume control
01-17 09:25:28.818 31928 31928 W AudioTrack: See the documentation of AudioTrack() for what to use instead with android.media.AudioAttributes to qualify your playback use case
01-17 09:25:28.832 31928 31928 D featureTest: onResume
01-17 09:25:29.698 31928 31928 D featureTest: receive broadcast , playing content location :/sdcard/featureTest/Eragon_5.1_ddp_128Kbps.mp4
01-17 09:25:29.707 31928 31928 D featureTest: mMediaPlayer.getAudioSessionId(): 5913
01-17 09:25:29.707 31928 31928 D featureTest: Playing file: /sdcard/featureTest/Eragon_5.1_ddp_128Kbps.mp4
01-17 09:25:29.709   710  1422 D NuPlayerDriver: NuPlayerDriver(0xe6bcb540) created, clientPid(31928)
01-17 09:25:29.727   710 31953 D NuPlayerDriver: notifyListener_l(0xe6bcb540), (1, 0, 0, -1), loop setting(0, 0)
01-17 09:25:29.736   710  1422 D NuPlayerDriver: start(0xe6bcb540), state is 4, eos is 0
01-17 09:25:29.744   717 20091 I OMXMaster: makeComponentInstance(OMX.dolby.eac3.decoder) in omx@1.0-service process
01-17 09:25:29.756 31928 31928 D featureTest: receive broadcast , change ds status :0
01-17 09:25:29.768   627   924 D DlbDlbEffect: handle_EFFECT_CMD_SET_PARAM()
01-17 09:25:29.778   717 20091 I DDP_JOCDecoder: -> init name OMX.dolby.eac3.decoder
01-17 09:25:29.779   645   645 I DMSService: registerClient type = 0, uid = e7f0fb80
01-17 09:25:29.779   717 20091 I DDP_JOCDecoder: <- init
01-17 09:25:29.779   717 20091 D DDP_JOCDecoder: initPorts
01-17 09:25:29.780   710 31961 I ACodec  : codec does not support config priority (err -2147483648)
01-17 09:25:29.781   710 31961 I MediaCodec: MediaCodec will operate in async mode
01-17 09:25:29.781   710 31961 I ACodec  : setDolbyParameterOnProcessedAudio() Received dolby_processed_audio=1
01-17 09:25:29.781   710 31960 I NuPlayerDecoder: setDolbyMessage() Notifying player that Codec supports dolby_processed_audio flag
01-17 09:25:29.781   710 31953 I NuPlayer: onDolbyMessageReceived() Setting dolby_processed_audio flag on audio sink
01-17 09:25:29.782   645   645 I DMSService: unregisterClient type = 0, uid = e7f0fb80
01-17 09:25:29.809   645   645 I DMSService: registerClient type = 4, uid = e7f0fb60
01-17 09:25:29.809   717  5319 D DDP_JOCDecoder: internalSetParameter() Instantiating ARenderer for content processing in decoder
01-17 09:25:29.809   717  5319 I DlbDap2QmfProcess: Dap2Process()
01-17 09:25:29.809   717  5319 I ARenderer: ARenderer
01-17 09:25:29.809   717  5319 I evo_parser: evo_parser_init
01-17 09:25:29.810   717  5319 I DlbDap2QmfProcess: init()
01-17 09:25:29.810   717  5319 I DlbDap2QmfProcess: open()
01-17 09:25:29.810   717  5319 I DlbDap2QmfProcess: loadLicense() no license check!
01-17 09:25:29.810   717  5319 I DlbDap2QmfProcess: validateLicense() no license check!
01-17 09:25:29.810   717  5319 I DlbDap2QmfProcess: init() DAP opened
01-17 09:25:29.810   717  5319 I DlbDap2QmfProcess: DAP library version: 2.5.1-P2.0
01-17 09:25:29.810   717  5319 D DlbDap2QmfProcess: DAP output mode set to 1 with 2 output channels and null mix matrix.
01-17 09:25:29.810   710 31961 I ACodec  : setDolbyParameterOnProcessedAudio() Content processing enabled in decoder
01-17 09:25:29.816   717 31963 I DDP_JOCDecoder: -> start
01-17 09:25:29.817   717 31963 D DDP_JOCDecoder: Setting Max Output Channels to 2
01-17 09:25:29.817   717 31963 D DDP_JOCDecoder: setMultiChannelPCMOutDownmix mConfig->jocForceDownmixMode 1
01-17 09:25:29.817   717 31963 I udc_user: 
01-17 09:25:29.817   717 31963 I udc_user: *** DDPlus Unified Decoder Simulation  Version 1.7.3 ***
01-17 09:25:29.817   717 31963 I udc_user: 
01-17 09:25:29.817   717 31963 I udc_user: 7.1-channel decoder-converter, 
01-17 09:25:29.817   717 31963 I udc_user: 
01-17 09:25:29.817   717 31963 I udc_user: 5.1-channel dual-decoder-converter, 
01-17 09:25:29.818   717 31963 I udc_user: Karaoke unsupported, 
01-17 09:25:29.818   717 31963 I udc_user: TPNP supported. 
01-17 09:25:29.818   717 31963 I udc_user: 
01-17 09:25:29.818   717 31963 I udc_user: Unpublished work.  Copyright 2003-2014 Dolby Laboratories, Inc. and
01-17 09:25:29.818   717 31963 I udc_user: Dolby Laboratories Licensing Corporation.  All Rights Reserved.
01-17 09:25:29.818   717 31963 I udc_user: 
01-17 09:25:29.818   717 31963 I udc_user: USE OF THIS SOFTWARE IS SUBJECT TO A LEGAL AGREEMENT BETWEEN YOU AND DOLBY
01-17 09:25:29.818   717 31963 I udc_user: LABORATORIES. DO NOT USE THIS SOFTWARE UNLESS YOU AGREE TO THE TERMS AND 
01-17 09:25:29.818   717 31963 I udc_user: CONDITIONS IN THE AGREEMENT.  BY USING THIS SOFTWARE, YOU ACKNOWLEDGE THAT 
01-17 09:25:29.818   717 31963 I udc_user: YOU HAVE READ THE AGREEMENT AND THAT YOU AGREE TO BE BOUND BY ITS TERMS. 
01-17 09:25:29.818   717 31963 I udc_user: 
01-17 09:25:29.819   717 31963 I ddpdec_client_joc: ddpdec_open JOCD_MODE Buffer assignment
01-17 09:25:29.819   717 31963 D DDP_JOCDecoder: mStarted = 1
01-17 09:25:29.819   717 31963 I DDP_JOCDecoder: <- start
01-17 09:25:29.820   717 31963 D ddpdec_client_joc: ddpdec_client.c|int configDecoder()
01-17 09:25:29.821   717 31963 D DDP_JOCDecoder: Setting Max Output Channels to 2
01-17 09:25:29.821   717 31963 I DlbDap2QmfProcess: close()
01-17 09:25:29.821   717 31963 I DlbDap2QmfProcess: init()
01-17 09:25:29.821   717 31963 I DlbDap2QmfProcess: open()
01-17 09:25:29.822   717 31963 I DlbDap2QmfProcess: loadLicense() no license check!
01-17 09:25:29.822   717 31963 I DlbDap2QmfProcess: validateLicense() no license check!
01-17 09:25:29.822   717 31963 I DlbDap2QmfProcess: init() DAP opened
01-17 09:25:29.822   717 31963 I DlbDap2QmfProcess: DAP library version: 2.5.1-P2.0
01-17 09:25:29.822   717 31963 D DlbDap2QmfProcess: DAP output mode set to 1 with 2 output channels and null mix matrix.
01-17 09:25:29.822   717 31963 D ARenderer: checkAndUpdateConfig: DAP reinitialized because of sample rate change
01-17 09:25:29.822   717 31963 D ARenderer: updateDapConfig: Updating DAP configuration
01-17 09:25:29.822   717 31963 I ARenderer: updateDapConfig: Disable content processing in decoder-ARenderer
01-17 09:25:29.822   717 31963 D DlbDap2QmfProcess: setParam(deon = #1[0])
01-17 09:25:29.822   717 31963 D DlbDap2QmfProcess: setParam(dvle = #1[0])
01-17 09:25:29.822   717 31963 D DlbDap2QmfProcess: setParam(ieon = #1[0])
01-17 09:25:29.822   717 31963 D DlbDap2QmfProcess: setParam(dvme = #1[0])
01-17 09:25:29.822   717 31963 D DlbDap2QmfProcess: setParam(dom = #1[0])
01-17 09:25:29.822   717 31963 D DlbDap2QmfProcess: setParam(msce = #1[0])
01-17 09:25:29.822   717 31963 D DlbDap2QmfProcess: setParam(miee = #1[0])
01-17 09:25:29.822   717 31963 D DlbDap2QmfProcess: setParam(mdle = #1[0])
01-17 09:25:29.822   717 31963 D DlbDap2QmfProcess: setParam(mdee = #1[0])
01-17 09:25:29.822   717 31963 D DlbDap2QmfProcess: setParam(mave = #1[0])
01-17 09:25:29.822   717 31963 D DlbDap2QmfProcess: setParam(ngon = #1[0])
01-17 09:25:29.822   717 31963 D DlbDap2QmfProcess: setParam(dvle = #1[1])
01-17 09:25:29.823   717 31963 D DlbDap2QmfProcess: setParam(dvli = #1[-496])
01-17 09:25:29.823   717 31963 D DlbDap2QmfProcess: setParam(dvlo = #1[-224])
01-17 09:25:29.824   717 31963 D ARenderer: updateDapVolumeLeveler: Setting output level to -14.00dB
01-17 09:25:29.824   717 31963 D DlbDap2QmfProcess: setParam(vmb = #1[0])
01-17 09:25:29.824   717 31963 D DlbDap2QmfProcess: setParam(preg = #1[-384])
01-17 09:25:29.824   717 31963 D DlbDap2QmfProcess: setParam(vol = #1[384])
01-17 09:25:29.824   717 31963 D DlbDap2QmfProcess: processQmf() called [0] times
01-17 09:25:29.824   717 31963 D DlbDap2QmfProcess: setMave(mave = 0)
01-17 09:25:29.828   710 31959 D AudioTrack: Client defaulted notificationFrames to 12000 for frameCount 24000
01-17 09:25:29.828 31928 31928 D featureTest: receive broadcast , change ds profile id :2
01-17 09:25:29.828   684  3974 I AudioFlinger: attachAuxEffect(): Marking track 788 as containing processed audio
01-17 09:25:29.828   684  3974 D AudioFlinger: trackContainsProcessedAudio() Track id 788 contains processed audio
01-17 09:25:29.837   627   924 D DlbDlbEffect: handle_EFFECT_CMD_DISABLE()
01-17 09:25:29.837   627   924 D DlbDapCrossfadeProcess: setEnabled transitioning from FADE_TO_ACTIVE state to FADE_TO_BYPASS
01-17 09:25:29.837   627   924 D DlbDlbEffect: handle_EFFECT_CMD_SET_PARAM()
01-17 09:25:29.838   645   713 I DapController: Profile Changed to Music
01-17 09:25:29.839   627   924 D DlbDlbEffect: handle_EFFECT_CMD_SET_CONFIG()
01-17 09:25:29.839   627   924 D DlbDapEndpointParamCache: setDevice(device=0x00000002)
01-17 09:25:29.839   645   645 D DMSService: setActiveDevice called with device = 0x2
01-17 09:25:29.839   627   924 D DlbDlbEffect: handle_EFFECT_CMD_ENABLE()
01-17 09:25:29.839   627   924 D DlbDapCrossfadeProcess: setEnabled transitioning from FADE_TO_BYPASS state to FADE_TO_ACTIVE
01-17 09:25:29.840   684  3974 W AudioFlinger: moveDolbyEffect() effect chain for session 0 not on source thread 0xee0ae580
01-17 09:25:29.840   684  3974 D AudioFlinger: trackStateChanged() Track id 788 state changed to 6
01-17 09:25:29.840   684  3974 I AudioFlinger: updateProcessedAudioState() Changing content processing in effect to 1
01-17 09:25:29.840   627   924 D DlbDlbEffect: handle_EFFECT_CMD_SET_PARAM()
01-17 09:25:29.840   710 31953 D NuPlayerDriver: notifyListener_l(0xe6bcb540), (6, 0, 0, -1), loop setting(0, 1)
01-17 09:25:29.881   627  3892 I DlbEffectContext: setContentProcEnabled() Disabling content processing in effect
01-17 09:25:29.881   627  3892 D DlbDapEndpointParamCache: commitChangedParams()
01-17 09:25:29.881   627  3892 D DlbDapEndpointParamCache: commit() Applying parameters for device 0x40000000
01-17 09:25:29.881   627  3892 D DlbDap2Process: setParam(msce = #1[0])
01-17 09:25:29.881   627  3892 D DlbDap2Process: setParam(mdee = #1[0])
01-17 09:25:29.881   627  3892 D DlbDap2Process: setParam(miee = #1[0])
01-17 09:25:29.881   627  3892 D DlbDap2Process: setParam(mdle = #1[0])
01-17 09:25:29.881   627  3892 D DlbDap2Process: setParam(dvle = #1[0])
01-17 09:25:29.881   627  3892 D DlbDap2Process: setParam(mave = #1[0])
01-17 09:25:29.881   627  3892 D DlbDap2Process: setParam(ieon = #1[0])
01-17 09:25:29.881   627  3892 D DlbDapEndpointParamCache: doCommit() Committed 7 parameters out of 16.
01-17 09:25:29.881   627  3892 D DlbDapEndpointParamCache: commit() Overriding parameters for current device 0x00000002
01-17 09:25:29.881   627  3892 D DlbDap2Process: setParam(dom = #1[0])
01-17 09:25:29.881   627  3892 D DlbDap2Process: setParam(dvle = #1[0])
01-17 09:25:29.881   627  3892 D DlbDap2Process: setParam(dvme = #1[0])
01-17 09:25:29.881   627  3892 D DlbDap2Process: setParam(deon = #1[0])
01-17 09:25:29.881   627  3892 D DlbDap2Process: setParam(ngon = #1[0])
01-17 09:25:29.881   627  3892 D DlbDapEndpointParamCache: doCommit() Committed 5 parameters out of 37.
01-17 09:25:29.881   627  3892 D DlbDapCrossfadeProcess: setEnabled transitioning from FADE_TO_ACTIVE state to FADE_TO_BYPASS
01-17 09:25:29.882 31928 31928 D featureTest: receive broadcast , playing content location :/sdcard/featureTest/Eragon_5.1_ddp_128Kbps.mp4
01-17 09:25:29.882   627  3892 D DlbDapEndpointParamCache: commitChangedParams()
01-17 09:25:29.882   627  3892 D DlbDapEndpointParamCache: commit() Applying parameters for device 0x40000000
01-17 09:25:29.882   627  3892 D DlbDap2Process: setParam(iea = #1[10])
01-17 09:25:29.882   627  3892 D DlbDap2Process: setParam(vcbf = #20[47, 141, 234, 328, 469, 656, 844, 1031, 1313, 1688, 2250, 3000, 3750, 4688, 5813, 7125, 9000, 11250, 13875, 19688])
01-17 09:25:29.882   627  3892 D DlbDap2Process: setParam(vbon = #1[0])
01-17 09:25:29.882   627  3892 D DlbDap2Process: setParam(beon = #1[0])
01-17 09:25:29.882   627  3892 D DlbDap2Process: setParam(geon = #1[0])
01-17 09:25:29.883   627  3892 D DlbDap2Process: setParam(gebs = #41[20, 47, 141, 234, 328, 469, 656, 844, 1031, 1313, 1688, 2250, 3000, 3750, 4688, 5813, 7125, 9000, 11250, 13875, 19688, 0, 0, 0, 0, 0, 0, 0, 0, 0, 0, 0, 0, 0, 0, 0, 0, 0, 0, 0, 0])
01-17 09:25:29.883   627  3892 D DlbDap2Process: setParam(iebs = #41[20, 65, 136, 223, 332, 467, 634, 841, 1098, 1416, 1812, 2302, 2909, 3663, 4598, 5756, 7194, 8976, 11186, 13927, 17326, 117, 133, 188, 176, 141, 149, 175, 185, 185, 200, 236, 242, 228, 213, 182, 132, 110, 68, -27, -240])
01-17 09:25:29.883   627  3892 D DlbDapEndpointParamCache: doCommit() Committed 8 parameters out of 16.
01-17 09:25:29.883   627  3892 D DlbDapEndpointParamCache: commit() Overriding parameters for current device 0x00000002
01-17 09:25:29.883   627  3892 D DlbDap2Process: setParam(dea = #1[7])
01-17 09:25:29.883   627  3892 D DlbDap2Process: setParam(dsa = #1[10])
01-17 09:25:29.883   627  3892 D DlbDap2Process: setParam(beb = #1[192])
01-17 09:25:29.883   627  3892 D DlbDap2Process: setParam(plb = #1[0])
01-17 09:25:29.883   627  3892 D DlbDap2Process: setParam(vmb = #1[144])
01-17 09:25:29.883   627  3892 D DlbDap2Process: setParam(dsb = #1[0])
01-17 09:25:29.883   627  3892 D DlbDap2Process: setParam(ded = #1[0])
01-17 09:25:29.883   627  3892 D DlbDap2Process: setParam(vbm = #1[3])
01-17 09:25:29.883   627  3892 D DlbDap2Process: setParam(bew = #1[16])
01-17 09:25:29.883   627  3892 D DlbDap2Process: setParam(dvla = #1[4])
01-17 09:25:29.883   627  3892 D DlbDap2Process: setParam(arra = #1[96])
01-17 09:25:29.883   627  3892 D DlbDap2Process: setParam(dfsa = #1[10])
01-17 09:25:29.883   627  3892 D DlbDap2Process: setParam(dhsa = #1[10])
01-17 09:25:29.883   627  3892 D DlbDap2Process: setParam(dvmc = #1[0])
01-17 09:25:29.883   627  3892 D DlbDap2Process: setParam(arod = #1[0])
01-17 09:25:29.883   627  3892 D DlbDap2Process: setParam(arde = #1[1])
01-17 09:25:29.883   627  3892 D DlbDap2Process: setParam(becf = #1[200])
01-17 09:25:29.883   627  3892 D DlbDap2Process: setParam(vbmf = #2[94, 469])
01-17 09:25:29.883   627  3892 D DlbDap2Process: setParam(vbsf = #2[35, 160])
01-17 09:25:29.883   627  3892 D DlbDap2Process: setParam(vbhg = #3[-32, -144, -192])
01-17 09:25:29.883   627  3892 D DlbDap2Process: setParam(vbog = #1[0])
01-17 09:25:29.883   627  3892 D DlbDap2Process: setParam(vbsg = #1[0])
01-17 09:25:29.883   627  3892 D DlbDap2Process: setParam(dvli = #1[-320])
01-17 09:25:29.883   627  3892 D DlbDap2Process: setParam(dhfm = #1[2])
01-17 09:25:29.883   627  3892 D DlbDap2Process: setParam(vbon = #1[0])
01-17 09:25:29.883   627  3892 D DlbDap2Process: setParam(beon = #1[0])
01-17 09:25:29.883   627  3892 D DlbDap2Process: setParam(aoon = #1[1])
01-17 09:25:29.883   627  3892 D DlbDap2Process: setParam(aron = #1[1])
01-17 09:25:29.883   627  3892 D DlbDap2Process: setParam(dvlo = #1[-320])
01-17 09:25:29.883   627  3892 D DlbDap2Process: setParam(artp = #1[12])
01-17 09:25:29.884   627  3892 D DlbDap2Process: setParam(aobs = #222[20, 10, 47, 141, 234, 328, 469, 656, 844, 1031, 1313, 1688, 2250, 3000, 3750, 4688, 5813, 7125, 9000, 11250, 13875, 19688, 0, 0, 0, 0, 0, 0, 0, 0, 0, 0, 0, 0, 0, 0, 0, 0, 0, 0, 0, 0, 0, 0, 0, 0, 0, 0, 0, 0, 0, 0, 0, 0, 0, 0, 0, 0, 0, 0, 0, 0, 0, 0, 0, 0, 0, 0, 0, 0, 0, 0, 0, 0, 0, 0, 0, 0, 0, 0, 0, 0, 0, 0, 0, 0, 0, 0, 0, 0, 0, 0, 0, 0, 0, 0, 0, 0, 0, 0, 0, 0, 0, 0, 0, 0, 0, 0, 0, 0, 0, 0, 0, 0, 0, 0, 0, 0, 0, 0, 0, 0, 0, 0, 0, 0, 0, 0, 0, 0, 0, 0, 0, 0, 0, 0, 0, 0, 0, 0, 0, 0, 0, 0, 0, 0, 0, 0, 0, 0, 0, 0, 0, 0, 0, 0, 0, 0, 0, 0, 0, 0, 0, 0, 0, 0, 0, 0, 0, 0, 0, 0, 0, 0, 0, 0, 0, 0, 0, 0, 0, 0, 0, 0, 0, 0, 0, 0, 0, 0, 0, 0, 0, 0, 0, 0, 0, 0, 0, 0, 0, 0, 0, 0, 0, 0, 0, 0, 0, 0, 0, 0, 0, 0, 0, 0, 0, 0, 0, 0, 0, 0])
01-17 09:25:29.884   627  3892 D DlbDap2Process: setParam(arbs = #81[20, 47, 141, 234, 328, 469, 656, 844, 1031, 1313, 1688, 2250, 3000, 3750, 4688, 5813, 7125, 9000, 11250, 13875, 19688, -192, -192, -192, -192, -192, -192, -192, -192, -192, -192, -192, -192, -192, -192, -192, -192, -192, -192, -192, -192, 0, 0, 0, 0, 0, 0, 0, 0, 0, 0, 0, 0, 0, 0, 0, 0, 0, 0, 0, 0, 0, 0, 0, 0, 0, 0, 0, 0, 0, 0, 0, 0, 0, 0, 0, 0, 0, 0, 0, 0])
01-17 09:25:29.884   627  3892 D DlbDapEndpointParamCache: doCommit() Committed 32 parameters out of 37.
01-17 09:25:29.884   627  3892 D DlbDap2Process: setMave(mave = 0)
01-17 09:25:29.884   710  1422 D NuPlayerDriver: stop(0xe6bcb540)
01-17 09:25:29.884   710  1422 D NuPlayerDriver: notifyListener_l(0xe6bcb540), (8, 0, 0, -1), loop setting(0, 1)
01-17 09:25:29.885   710  1422 D NuPlayerDriver: reset(0xe6bcb540) at state 8
01-17 09:25:29.889   717  5319 I DDP_JOCDecoder: -> ~DDPDecoder
01-17 09:25:29.889   717  5319 I DDP_JOCDecoder: -> stop
01-17 09:25:29.890   645   645 I DMSService: unregisterClient type = 4, uid = e7f0fb60
01-17 09:25:29.915   717  5319 I DDP_JOCDecoder: <- stop
01-17 09:25:29.915   717  5319 I ARenderer: ~ARenderer
01-17 09:25:29.915   717  5319 I evo_parser: evo_parser_close
01-17 09:25:29.915   717  5319 I DlbDap2QmfProcess: ~Dap2Process()
01-17 09:25:29.915   717  5319 I DlbDap2QmfProcess: close()
01-17 09:25:29.915   717  5319 I DDP_JOCDecoder: <- ~DDPDecoder
01-17 09:25:29.921   710 31953 D NuPlayerDriver: notifyResetComplete(0xe6bcb540)
01-17 09:25:29.921   710  1422 D NuPlayerDriver: reset(0xe6bcb540) at state 0
01-17 09:25:29.926 31928 31928 D featureTest: mMediaPlayer.getAudioSessionId(): 5921
01-17 09:25:29.926 31928 31928 D featureTest: Playing file: /sdcard/featureTest/Eragon_5.1_ddp_128Kbps.mp4
01-17 09:25:29.927   710  1419 D NuPlayerDriver: NuPlayerDriver(0xe6bcb310) created, clientPid(31928)
01-17 09:25:29.941   710 31977 D NuPlayerDriver: notifyListener_l(0xe6bcb310), (1, 0, 0, -1), loop setting(0, 0)
01-17 09:25:29.945   710  1419 D NuPlayerDriver: start(0xe6bcb310), state is 4, eos is 0
01-17 09:25:29.952   717  5319 I OMXMaster: makeComponentInstance(OMX.dolby.eac3.decoder) in omx@1.0-service process
01-17 09:25:29.952 31928 31928 D featureTest: receive broadcast , change ds status :1
01-17 09:25:29.956   627  3892 I DlbEffectContext: setContentProcEnabled() Enabling content processing in global effect
01-17 09:25:29.956   627  3892 D DlbDapEndpointParamCache: commitChangedParams()
01-17 09:25:29.956   627  3892 D DlbDapEndpointParamCache: commit() Applying parameters for device 0x40000000
01-17 09:25:29.956   627  3892 D DlbDap2Process: setParam(iea = #1[10])
01-17 09:25:29.957   627  3892 D DlbDap2Process: setParam(msce = #1[0])
01-17 09:25:29.957   627  3892 D DlbDap2Process: setParam(mdee = #1[0])
01-17 09:25:29.957   627  3892 D DlbDap2Process: setParam(miee = #1[0])
01-17 09:25:29.957   627  3892 D DlbDap2Process: setParam(mdle = #1[0])
01-17 09:25:29.957   627  3892 D DlbDap2Process: setParam(dvle = #1[1])
01-17 09:25:29.957   627  3892 D DlbDap2Process: setParam(mave = #1[0])
01-17 09:25:29.957   627  3892 D DlbDap2Process: setParam(vcbf = #20[47, 141, 234, 328, 469, 656, 844, 1031, 1313, 1688, 2250, 3000, 3750, 4688, 5813, 7125, 9000, 11250, 13875, 19688])
01-17 09:25:29.957   627  3892 D DlbDap2Process: setParam(vbon = #1[0])
01-17 09:25:29.957   627  3892 D DlbDap2Process: setParam(beon = #1[0])
01-17 09:25:29.957   627  3892 D DlbDap2Process: setParam(geon = #1[0])
01-17 09:25:29.957   627  3892 D DlbDap2Process: setParam(ieon = #1[1])
01-17 09:25:29.957   627  3892 D DlbDap2Process: setParam(gebs = #41[20, 47, 141, 234, 328, 469, 656, 844, 1031, 1313, 1688, 2250, 3000, 3750, 4688, 5813, 7125, 9000, 11250, 13875, 19688, 0, 0, 0, 0, 0, 0, 0, 0, 0, 0, 0, 0, 0, 0, 0, 0, 0, 0, 0, 0])
01-17 09:25:29.957   627  3892 D DlbDap2Process: setParam(iebs = #41[20, 65, 136, 223, 332, 467, 634, 841, 1098, 1416, 1812, 2302, 2909, 3663, 4598, 5756, 7194, 8976, 11186, 13927, 17326, 117, 133, 188, 176, 141, 149, 175, 185, 185, 200, 236, 242, 228, 213, 182, 132, 110, 68, -27, -240])
01-17 09:25:29.957   627  3892 D DlbDapEndpointParamCache: doCommit() Committed 15 parameters out of 16.
01-17 09:25:29.957   627  3892 D DlbDapEndpointParamCache: commit() Overriding parameters for current device 0x00000002
01-17 09:25:29.957   627  3892 D DlbDap2Process: setParam(dea = #1[7])
01-17 09:25:29.957   627  3892 D DlbDap2Process: setParam(dsa = #1[10])
01-17 09:25:29.957   627  3892 D DlbDap2Process: setParam(beb = #1[192])
01-17 09:25:29.957   627  3892 D DlbDap2Process: setParam(plb = #1[0])
01-17 09:25:29.957   627  3892 D DlbDap2Process: setParam(vmb = #1[144])
01-17 09:25:29.957   627  3892 D DlbDap2Process: setParam(dsb = #1[0])
01-17 09:25:29.957   627  3892 D DlbDap2Process: setParam(ded = #1[0])
01-17 09:25:29.957   627  3892 D DlbDap2Process: setParam(vbm = #1[3])
01-17 09:25:29.957   627  3892 D DlbDap2Process: setParam(dom = #1[0])
01-17 09:25:29.957   627  3892 D DlbDap2Process: setParam(bew = #1[16])
01-17 09:25:29.957   627  3892 D DlbDap2Process: setParam(dvla = #1[4])
01-17 09:25:29.957   627  3892 D DlbDap2Process: setParam(arra = #1[96])
01-17 09:25:29.957   627  3892 D DlbDap2Process: setParam(dfsa = #1[10])
01-17 09:25:29.957   627  3892 D DlbDap2Process: setParam(dhsa = #1[10])
01-17 09:25:29.958   627  3892 D DlbDap2Process: setParam(dvmc = #1[0])
01-17 09:25:29.958   627  3892 D DlbDap2Process: setParam(arod = #1[0])
01-17 09:25:29.958   627  3892 D DlbDap2Process: setParam(arde = #1[1])
01-17 09:25:29.958   627  3892 D DlbDap2Process: setParam(dvle = #1[1])
01-17 09:25:29.958   627  3892 D DlbDap2Process: setParam(dvme = #1[0])
01-17 09:25:29.958   627  3892 D DlbDap2Process: setParam(becf = #1[200])
01-17 09:25:29.958   627  3892 D DlbDap2Process: setParam(vbmf = #2[94, 469])
01-17 09:25:29.958   627  3892 D DlbDap2Process: setParam(vbsf = #2[35, 160])
01-17 09:25:29.958   627  3892 D DlbDap2Process: setParam(vbhg = #3[-32, -144, -192])
01-17 09:25:29.958   627  3892 D DlbDap2Process: setParam(vbog = #1[0])
01-17 09:25:29.958   627  3892 D DlbDap2Process: setParam(vbsg = #1[0])
01-17 09:25:29.958   627  3892 D DlbDap2Process: setParam(dvli = #1[-320])
01-17 09:25:29.958   627  3892 D DlbDap2Process: setParam(dhfm = #1[2])
01-17 09:25:29.958   627  3892 D DlbDap2Process: setParam(vbon = #1[0])
01-17 09:25:29.958   627  3892 D DlbDap2Process: setParam(beon = #1[0])
01-17 09:25:29.958   627  3892 D DlbDap2Process: setParam(deon = #1[0])
01-17 09:25:29.958   627  3892 D DlbDap2Process: setParam(ngon = #1[1])
01-17 09:25:29.958   627  3892 D DlbDap2Process: setParam(aoon = #1[1])
01-17 09:25:29.958   627  3892 D DlbDap2Process: setParam(aron = #1[1])
01-17 09:25:29.958   627  3892 D DlbDap2Process: setParam(dvlo = #1[-320])
01-17 09:25:29.958   627  3892 D DlbDap2Process: setParam(artp = #1[12])
01-17 09:25:29.958   627  3892 D DlbDap2Process: setParam(aobs = #222[20, 10, 47, 141, 234, 328, 469, 656, 844, 1031, 1313, 1688, 2250, 3000, 3750, 4688, 5813, 7125, 9000, 11250, 13875, 19688, 0, 0, 0, 0, 0, 0, 0, 0, 0, 0, 0, 0, 0, 0, 0, 0, 0, 0, 0, 0, 0, 0, 0, 0, 0, 0, 0, 0, 0, 0, 0, 0, 0, 0, 0, 0, 0, 0, 0, 0, 0, 0, 0, 0, 0, 0, 0, 0, 0, 0, 0, 0, 0, 0, 0, 0, 0, 0, 0, 0, 0, 0, 0, 0, 0, 0, 0, 0, 0, 0, 0, 0, 0, 0, 0, 0, 0, 0, 0, 0, 0, 0, 0, 0, 0, 0, 0, 0, 0, 0, 0, 0, 0, 0, 0, 0, 0, 0, 0, 0, 0, 0, 0, 0, 0, 0, 0, 0, 0, 0, 0, 0, 0, 0, 0, 0, 0, 0, 0, 0, 0, 0, 0, 0, 0, 0, 0, 0, 0, 0, 0, 0, 0, 0, 0, 0, 0, 0, 0, 0, 0, 0, 0, 0, 0, 0, 0, 0, 0, 0, 0, 0, 0, 0, 0, 0, 0, 0, 0, 0, 0, 0, 0, 0, 0, 0, 0, 0, 0, 0, 0, 0, 0, 0, 0, 0, 0, 0, 0, 0, 0, 0, 0, 0, 0, 0, 0, 0, 0, 0, 0, 0, 0, 0, 0, 0, 0, 0, 0, 0])
01-17 09:25:29.959   627  3892 D DlbDap2Process: setParam(arbs = #81[20, 47, 141, 234, 328, 469, 656, 844, 1031, 1313, 1688, 2250, 3000, 3750, 4688, 5813, 7125, 9000, 11250, 13875, 19688, -192, -192, -192, -192, -192, -192, -192, -192, -192, -192, -192, -192, -192, -192, -192, -192, -192, -192, -192, -192, 0, 0, 0, 0, 0, 0, 0, 0, 0, 0, 0, 0, 0, 0, 0, 0, 0, 0, 0, 0, 0, 0, 0, 0, 0, 0, 0, 0, 0, 0, 0, 0, 0, 0, 0, 0, 0, 0, 0, 0])
01-17 09:25:29.959   627  3892 D DlbDapEndpointParamCache: doCommit() Committed 37 parameters out of 37.
01-17 09:25:29.959   627  3892 D DlbDap2Process: setMave(mave = 0)
01-17 09:25:29.960   627  3892 D DlbDapCrossfadeProcess: process transitioning from FADE_TO_BYPASS state to DAP_BYPASSED
01-17 09:25:29.967   627  6441 D DlbDlbEffect: handle_EFFECT_CMD_SET_PARAM()
01-17 09:25:29.981   717  5319 I DDP_JOCDecoder: -> init name OMX.dolby.eac3.decoder
01-17 09:25:29.985   645   645 I DMSService: registerClient type = 0, uid = e8392820
01-17 09:25:29.985   717  5319 I DDP_JOCDecoder: <- init
01-17 09:25:29.985   717  5319 D DDP_JOCDecoder: initPorts
01-17 09:25:29.987   710 31983 I ACodec  : codec does not support config priority (err -2147483648)
01-17 09:25:29.988   710 31983 I MediaCodec: MediaCodec will operate in async mode
01-17 09:25:29.988   710 31983 I ACodec  : setDolbyParameterOnProcessedAudio() Received dolby_processed_audio=1
01-17 09:25:29.988   710 31982 I NuPlayerDecoder: setDolbyMessage() Notifying player that Codec supports dolby_processed_audio flag
01-17 09:25:29.989   710 31977 I NuPlayer: onDolbyMessageReceived() Setting dolby_processed_audio flag on audio sink
01-17 09:25:29.989   645   645 I DMSService: unregisterClient type = 0, uid = e8392820
01-17 09:25:30.008 31928 31928 D featureTest: receive broadcast , change ds profile id :5
01-17 09:25:30.029   627  3892 D DlbDapCrossfadeProcess: setEnabled transitioning from DAP_BYPASSED state to PREROLL_ACTIVE
01-17 09:25:30.029   645   645 I DMSService: registerClient type = 4, uid = e8392810
01-17 09:25:30.029   717  5319 D DDP_JOCDecoder: internalSetParameter() Instantiating ARenderer for content processing in decoder
01-17 09:25:30.029   717  5319 I DlbDap2QmfProcess: Dap2Process()
01-17 09:25:30.029   717  5319 I ARenderer: ARenderer
01-17 09:25:30.029   717  5319 I evo_parser: evo_parser_init
01-17 09:25:30.029   717  5319 I DlbDap2QmfProcess: init()
01-17 09:25:30.029   717  5319 I DlbDap2QmfProcess: open()
01-17 09:25:30.029   717  5319 I DlbDap2QmfProcess: loadLicense() no license check!
01-17 09:25:30.029   717  5319 I DlbDap2QmfProcess: validateLicense() no license check!
01-17 09:25:30.029   717  5319 I DlbDap2QmfProcess: init() DAP opened
01-17 09:25:30.029   717  5319 I DlbDap2QmfProcess: DAP library version: 2.5.1-P2.0
01-17 09:25:30.030   717  5319 D DlbDap2QmfProcess: DAP output mode set to 1 with 2 output channels and null mix matrix.
01-17 09:25:30.030   710 31983 I ACodec  : setDolbyParameterOnProcessedAudio() Content processing enabled in decoder
01-17 09:25:30.031   684  1061 D AudioFlinger: trackStateChanged() Track id 788 state changed to 2
01-17 09:25:30.031   684  1061 I AudioFlinger: updateProcessedAudioState() Changing content processing in effect to 0
01-17 09:25:30.031   627  6441 D DlbDlbEffect: handle_EFFECT_CMD_SET_PARAM()
01-17 09:25:30.033   645   713 I DapController: Profile Changed to Custom
01-17 09:25:30.035   627   924 D DlbDlbEffect: handle_EFFECT_CMD_SET_PARAM()
01-17 09:25:30.042   717 31986 I DDP_JOCDecoder: -> start
01-17 09:25:30.043   717 31986 D DDP_JOCDecoder: Setting Max Output Channels to 2
01-17 09:25:30.043   717 31986 D DDP_JOCDecoder: setMultiChannelPCMOutDownmix mConfig->jocForceDownmixMode 1
01-17 09:25:30.044   717 31986 I udc_user: 
01-17 09:25:30.044   717 31986 I udc_user: *** DDPlus Unified Decoder Simulation  Version 1.7.3 ***
01-17 09:25:30.044   717 31986 I udc_user: 
01-17 09:25:30.044   717 31986 I udc_user: 7.1-channel decoder-converter, 
01-17 09:25:30.044   717 31986 I udc_user: 
01-17 09:25:30.044   717 31986 I udc_user: 5.1-channel dual-decoder-converter, 
01-17 09:25:30.044   717 31986 I udc_user: Karaoke unsupported, 
01-17 09:25:30.044   717 31986 I udc_user: TPNP supported. 
01-17 09:25:30.044   717 31986 I udc_user: 
01-17 09:25:30.044   717 31986 I udc_user: Unpublished work.  Copyright 2003-2014 Dolby Laboratories, Inc. and
01-17 09:25:30.044   717 31986 I udc_user: Dolby Laboratories Licensing Corporation.  All Rights Reserved.
01-17 09:25:30.044   717 31986 I udc_user: 
01-17 09:25:30.044   717 31986 I udc_user: USE OF THIS SOFTWARE IS SUBJECT TO A LEGAL AGREEMENT BETWEEN YOU AND DOLBY
01-17 09:25:30.044   717 31986 I udc_user: LABORATORIES. DO NOT USE THIS SOFTWARE UNLESS YOU AGREE TO THE TERMS AND 
01-17 09:25:30.044   717 31986 I udc_user: CONDITIONS IN THE AGREEMENT.  BY USING THIS SOFTWARE, YOU ACKNOWLEDGE THAT 
01-17 09:25:30.044   717 31986 I udc_user: YOU HAVE READ THE AGREEMENT AND THAT YOU AGREE TO BE BOUND BY ITS TERMS. 
01-17 09:25:30.044   717 31986 I udc_user: 
01-17 09:25:30.045   717 31986 I ddpdec_client_joc: ddpdec_open JOCD_MODE Buffer assignment
01-17 09:25:30.045   717 31986 D DDP_JOCDecoder: mStarted = 1
01-17 09:25:30.045   717 31986 I DDP_JOCDecoder: <- start
01-17 09:25:30.046   717 31986 D ddpdec_client_joc: ddpdec_client.c|int configDecoder()
01-17 09:25:30.047   717 31986 D DDP_JOCDecoder: Setting Max Output Channels to 2
01-17 09:25:30.049   717 31986 I DlbDap2QmfProcess: close()
01-17 09:25:30.049   717 31986 I DlbDap2QmfProcess: init()
01-17 09:25:30.049   717 31986 I DlbDap2QmfProcess: open()
01-17 09:25:30.049   717 31986 I DlbDap2QmfProcess: loadLicense() no license check!
01-17 09:25:30.049   717 31986 I DlbDap2QmfProcess: validateLicense() no license check!
01-17 09:25:30.050   717 31986 I DlbDap2QmfProcess: init() DAP opened
01-17 09:25:30.050   717 31986 I DlbDap2QmfProcess: DAP library version: 2.5.1-P2.0
01-17 09:25:30.050   717 31986 D DlbDap2QmfProcess: DAP output mode set to 1 with 2 output channels and null mix matrix.
01-17 09:25:30.050   717 31986 D ARenderer: checkAndUpdateConfig: DAP reinitialized because of sample rate change
01-17 09:25:30.050   717 31986 D ARenderer: updateDapConfig: Updating DAP configuration
01-17 09:25:30.050   717 31986 D DlbDap2QmfProcess: setParam(iea = #1[10])
01-17 09:25:30.050   717 31986 D DlbDap2QmfProcess: setParam(msce = #1[0])
01-17 09:25:30.050   717 31986 D DlbDap2QmfProcess: setParam(mdee = #1[0])
01-17 09:25:30.050   717 31986 D DlbDap2QmfProcess: setParam(miee = #1[0])
01-17 09:25:30.050   717 31986 D DlbDap2QmfProcess: setParam(mdle = #1[0])
01-17 09:25:30.050   717 31986 D DlbDap2QmfProcess: setParam(dvle = #1[1])
01-17 09:25:30.050   717 31986 D DlbDap2QmfProcess: setParam(mave = #1[0])
01-17 09:25:30.050   717 31986 D DlbDap2QmfProcess: setParam(vcbf = #20[47, 141, 234, 328, 469, 656, 844, 1031, 1313, 1688, 2250, 3000, 3750, 4688, 5813, 7125, 9000, 11250, 13875, 19688])
01-17 09:25:30.050   717 31986 D DlbDap2QmfProcess: setParam(ieon = #1[0])
01-17 09:25:30.050   717 31986 D DlbDap2QmfProcess: setParam(gebs = #41[20, 47, 141, 234, 328, 469, 656, 844, 1031, 1313, 1688, 2250, 3000, 3750, 4688, 5813, 7125, 9000, 11250, 13875, 19688, 0, 0, 0, 0, 0, 0, 0, 0, 0, 0, 0, 0, 0, 0, 0, 0, 0, 0, 0, 0])
01-17 09:25:30.050   717 31986 D DlbDap2QmfProcess: setParam(iebs = #41[20, 65, 136, 223, 332, 467, 634, 841, 1098, 1416, 1812, 2302, 2909, 3663, 4598, 5756, 7194, 8976, 11186, 13927, 17326, 117, 133, 188, 176, 141, 149, 175, 185, 185, 200, 236, 242, 228, 213, 182, 132, 110, 68, -27, -240])
01-17 09:25:30.050   717 31986 D DlbDap2QmfProcess: setParam(dea = #1[7])
01-17 09:25:30.050   717 31986 D DlbDap2QmfProcess: setParam(dsa = #1[10])
01-17 09:25:30.050   717 31986 D DlbDap2QmfProcess: setParam(beb = #1[192])
01-17 09:25:30.050   717 31986 D DlbDap2QmfProcess: setParam(plb = #1[0])
01-17 09:25:30.051   717 31986 D DlbDap2QmfProcess: setParam(vmb = #1[144])
01-17 09:25:30.051   717 31986 D DlbDap2QmfProcess: setParam(dsb = #1[48])
01-17 09:25:30.051   717 31986 D DlbDap2QmfProcess: setParam(ded = #1[0])
01-17 09:25:30.051   717 31986 D DlbDap2QmfProcess: setParam(dom = #1[0])
01-17 09:25:30.051   717 31986 D DlbDap2QmfProcess: setParam(bew = #1[16])
01-17 09:25:30.051   717 31986 D DlbDap2QmfProcess: setParam(dvla = #1[5])
01-17 09:25:30.051   717 31986 D DlbDap2QmfProcess: setParam(dfsa = #1[10])
01-17 09:25:30.051   717 31986 D DlbDap2QmfProcess: setParam(dhsa = #1[10])
01-17 09:25:30.051   717 31986 D DlbDap2QmfProcess: setParam(dvmc = #1[0])
01-17 09:25:30.051   717 31986 D DlbDap2QmfProcess: setParam(dvle = #1[1])
01-17 09:25:30.051   717 31986 D DlbDap2QmfProcess: setParam(dvme = #1[0])
01-17 09:25:30.051   717 31986 D DlbDap2QmfProcess: setParam(becf = #1[200])
01-17 09:25:30.051   717 31986 D DlbDap2QmfProcess: setParam(vbmf = #2[94, 469])
01-17 09:25:30.051   717 31986 D DlbDap2QmfProcess: setParam(vbsf = #2[35, 160])
01-17 09:25:30.051   717 31986 D DlbDap2QmfProcess: setParam(vbhg = #3[-32, -144, -192])
01-17 09:25:30.051   717 31986 D DlbDap2QmfProcess: setParam(vbog = #1[0])
01-17 09:25:30.051   717 31986 D DlbDap2QmfProcess: setParam(vbsg = #1[0])
01-17 09:25:30.051   717 31986 D DlbDap2QmfProcess: setParam(dvli = #1[-320])
01-17 09:25:30.051   717 31986 D DlbDap2QmfProcess: setParam(dhfm = #1[2])
01-17 09:25:30.051   717 31986 D DlbDap2QmfProcess: setParam(deon = #1[0])
01-17 09:25:30.051   717 31986 D DlbDap2QmfProcess: setParam(ngon = #1[1])
01-17 09:25:30.051   717 31986 D DlbDap2QmfProcess: setParam(dvlo = #1[-320])
01-17 09:25:30.052   717 31986 D DlbDap2QmfProcess: setParam(aobs = #222[20, 10, 47, 141, 234, 328, 469, 656, 844, 1031, 1313, 1688, 2250, 3000, 3750, 4688, 5813, 7125, 9000, 11250, 13875, 19688, 0, 0, 0, 0, 0, 0, 0, 0, 0, 0, 0, 0, 0, 0, 0, 0, 0, 0, 0, 0, 0, 0, 0, 0, 0, 0, 0, 0, 0, 0, 0, 0, 0, 0, 0, 0, 0, 0, 0, 0, 0, 0, 0, 0, 0, 0, 0, 0, 0, 0, 0, 0, 0, 0, 0, 0, 0, 0, 0, 0, 0, 0, 0, 0, 0, 0, 0, 0, 0, 0, 0, 0, 0, 0, 0, 0, 0, 0, 0, 0, 0, 0, 0, 0, 0, 0, 0, 0, 0, 0, 0, 0, 0, 0, 0, 0, 0, 0, 0, 0, 0, 0, 0, 0, 0, 0, 0, 0, 0, 0, 0, 0, 0, 0, 0, 0, 0, 0, 0, 0, 0, 0, 0, 0, 0, 0, 0, 0, 0, 0, 0, 0, 0, 0, 0, 0, 0, 0, 0, 0, 0, 0, 0, 0, 0, 0, 0, 0, 0, 0, 0, 0, 0, 0, 0, 0, 0, 0, 0, 0, 0, 0, 0, 0, 0, 0, 0, 0, 0, 0, 0, 0, 0, 0, 0, 0, 0, 0, 0, 0, 0, 0, 0, 0, 0, 0, 0, 0, 0, 0, 0, 0, 0, 0, 0, 0, 0, 0, 0, 0])
01-17 09:25:30.052   717 31986 D DlbDap2QmfProcess: setParam(dvle = #1[1])
01-17 09:25:30.052   717 31986 D DlbDap2QmfProcess: setParam(dvli = #1[-496])
01-17 09:25:30.052   717 31986 D DlbDap2QmfProcess: setParam(dvlo = #1[-176])
01-17 09:25:30.052   717 31986 D ARenderer: updateDapVolumeLeveler: Setting output level to -11.00dB
01-17 09:25:30.052   717 31986 D DlbDap2QmfProcess: setParam(vmb = #1[0])
01-17 09:25:30.052   717 31986 D DlbDap2QmfProcess: setParam(preg = #1[-384])
01-17 09:25:30.052   717 31986 D DlbDap2QmfProcess: setParam(vol = #1[384])
01-17 09:25:30.052   717 31986 D DlbDap2QmfProcess: processQmf() called [0] times
01-17 09:25:30.052   717 31986 D DlbDap2QmfProcess: setMave(mave = 0)
01-17 09:25:30.056   684  1061 D AudioFlinger: trackDestroyed() Track id 788 no longer contains processed audio
01-17 09:25:30.056   684   928 W AudioFlinger::EffectModule: EffectModule 0xed0e3e80 destructor called with unreleased interface
01-17 09:25:30.057   684   928 W AudioFlinger::EffectHandle: disconnect Effect handle 0xee163500 disconnected after thread destruction
01-17 09:25:30.058   627  3892 I DlbEffectContext: setContentProcEnabled() Disabling content processing in effect
01-17 09:25:30.058   627  3892 D DlbDapEndpointParamCache: commitChangedParams()
01-17 09:25:30.059   627  3892 D DlbDapEndpointParamCache: commit() Applying parameters for device 0x40000000
01-17 09:25:30.059   627  3892 D DlbDap2Process: setParam(msce = #1[0])
01-17 09:25:30.059   627  3892 D DlbDap2Process: setParam(mdee = #1[0])
01-17 09:25:30.059   627  3892 D DlbDap2Process: setParam(miee = #1[0])
01-17 09:25:30.059   627  3892 D DlbDap2Process: setParam(mdle = #1[0])
01-17 09:25:30.059   627  3892 D DlbDap2Process: setParam(dvle = #1[0])
01-17 09:25:30.059   627  3892 D DlbDap2Process: setParam(mave = #1[0])
01-17 09:25:30.059   627  3892 D DlbDap2Process: setParam(ieon = #1[0])
01-17 09:25:30.059   627  3892 D DlbDapEndpointParamCache: doCommit() Committed 7 parameters out of 16.
01-17 09:25:30.059   627  3892 D DlbDapEndpointParamCache: commit() Overriding parameters for current device 0x00000002
01-17 09:25:30.059   627  3892 D DlbDap2Process: setParam(dom = #1[0])
01-17 09:25:30.059   627  3892 D DlbDap2Process: setParam(dvle = #1[0])
01-17 09:25:30.059   627  3892 D DlbDap2Process: setParam(dvme = #1[0])
01-17 09:25:30.059   627  3892 D DlbDap2Process: setParam(deon = #1[0])
01-17 09:25:30.059   627  3892 D DlbDap2Process: setParam(ngon = #1[0])
01-17 09:25:30.059   627  3892 D DlbDapEndpointParamCache: doCommit() Committed 5 parameters out of 37.
01-17 09:25:30.061   627  3892 D DlbDapEndpointParamCache: commitChangedParams()
01-17 09:25:30.061   627  3892 D DlbDapEndpointParamCache: commit() Applying parameters for device 0x40000000
01-17 09:25:30.061   627  3892 D DlbDap2Process: setParam(iea = #1[10])
01-17 09:25:30.061   627  3892 D DlbDap2Process: setParam(vcbf = #20[47, 141, 234, 328, 469, 656, 844, 1031, 1313, 1688, 2250, 3000, 3750, 4688, 5813, 7125, 9000, 11250, 13875, 19688])
01-17 09:25:30.061   627  3892 D DlbDap2Process: setParam(vbon = #1[0])
01-17 09:25:30.061   627  3892 D DlbDap2Process: setParam(beon = #1[0])
01-17 09:25:30.061   627  3892 D DlbDap2Process: setParam(geon = #1[0])
01-17 09:25:30.061   627  3892 D DlbDap2Process: setParam(gebs = #41[20, 47, 141, 234, 328, 469, 656, 844, 1031, 1313, 1688, 2250, 3000, 3750, 4688, 5813, 7125, 9000, 11250, 13875, 19688, 0, 0, 0, 0, 0, 0, 0, 0, 0, 0, 0, 0, 0, 0, 0, 0, 0, 0, 0, 0])
01-17 09:25:30.061   627  3892 D DlbDap2Process: setParam(iebs = #41[20, 65, 136, 223, 332, 467, 634, 841, 1098, 1416, 1812, 2302, 2909, 3663, 4598, 5756, 7194, 8976, 11186, 13927, 17326, 117, 133, 188, 176, 141, 149, 175, 185, 185, 200, 236, 242, 228, 213, 182, 132, 110, 68, -27, -240])
01-17 09:25:30.061   627  3892 D DlbDapEndpointParamCache: doCommit() Committed 8 parameters out of 16.
01-17 09:25:30.062   627  3892 D DlbDapEndpointParamCache: commit() Overriding parameters for current device 0x00000002
01-17 09:25:30.062   627  3892 D DlbDap2Process: setParam(dea = #1[7])
01-17 09:25:30.062   627  3892 D DlbDap2Process: setParam(dsa = #1[10])
01-17 09:25:30.062   627  3892 D DlbDap2Process: setParam(beb = #1[192])
01-17 09:25:30.062   627  3892 D DlbDap2Process: setParam(plb = #1[0])
01-17 09:25:30.062   627  3892 D DlbDap2Process: setParam(vmb = #1[144])
01-17 09:25:30.062   627  3892 D DlbDap2Process: setParam(dsb = #1[48])
01-17 09:25:30.062   627  3892 D DlbDap2Process: setParam(ded = #1[0])
01-17 09:25:30.062   627  3892 D DlbDap2Process: setParam(vbm = #1[3])
01-17 09:25:30.062   627  3892 D DlbDap2Process: setParam(bew = #1[16])
01-17 09:25:30.062   627  3892 D DlbDap2Process: setParam(dvla = #1[5])
01-17 09:25:30.062   627  3892 D DlbDap2Process: setParam(arra = #1[96])
01-17 09:25:30.062   627  3892 D DlbDap2Process: setParam(dfsa = #1[10])
01-17 09:25:30.062   627  3892 D DlbDap2Process: setParam(dhsa = #1[10])
01-17 09:25:30.062   627  3892 D DlbDap2Process: setParam(dvmc = #1[0])
01-17 09:25:30.062   627  3892 D DlbDap2Process: setParam(arod = #1[0])
01-17 09:25:30.062   627  3892 D DlbDap2Process: setParam(arde = #1[1])
01-17 09:25:30.062   627  3892 D DlbDap2Process: setParam(becf = #1[200])
01-17 09:25:30.062   627  3892 D DlbDap2Process: setParam(vbmf = #2[94, 469])
01-17 09:25:30.062   627  3892 D DlbDap2Process: setParam(vbsf = #2[35, 160])
01-17 09:25:30.062   627  3892 D DlbDap2Process: setParam(vbhg = #3[-32, -144, -192])
01-17 09:25:30.062   627  3892 D DlbDap2Process: setParam(vbog = #1[0])
01-17 09:25:30.062   627  3892 D DlbDap2Process: setParam(vbsg = #1[0])
01-17 09:25:30.062   627  3892 D DlbDap2Process: setParam(dvli = #1[-320])
01-17 09:25:30.062   627  3892 D DlbDap2Process: setParam(dhfm = #1[2])
01-17 09:25:30.062   627  3892 D DlbDap2Process: setParam(vbon = #1[0])
01-17 09:25:30.062   627  3892 D DlbDap2Process: setParam(beon = #1[0])
01-17 09:25:30.062   627  3892 D DlbDap2Process: setParam(aoon = #1[1])
01-17 09:25:30.062   627  3892 D DlbDap2Process: setParam(aron = #1[1])
01-17 09:25:30.062   627  3892 D DlbDap2Process: setParam(dvlo = #1[-320])
01-17 09:25:30.062   627  3892 D DlbDap2Process: setParam(artp = #1[12])
01-17 09:25:30.063   627  3892 D DlbDap2Process: setParam(aobs = #222[20, 10, 47, 141, 234, 328, 469, 656, 844, 1031, 1313, 1688, 2250, 3000, 3750, 4688, 5813, 7125, 9000, 11250, 13875, 19688, 0, 0, 0, 0, 0, 0, 0, 0, 0, 0, 0, 0, 0, 0, 0, 0, 0, 0, 0, 0, 0, 0, 0, 0, 0, 0, 0, 0, 0, 0, 0, 0, 0, 0, 0, 0, 0, 0, 0, 0, 0, 0, 0, 0, 0, 0, 0, 0, 0, 0, 0, 0, 0, 0, 0, 0, 0, 0, 0, 0, 0, 0, 0, 0, 0, 0, 0, 0, 0, 0, 0, 0, 0, 0, 0, 0, 0, 0, 0, 0, 0, 0, 0, 0, 0, 0, 0, 0, 0, 0, 0, 0, 0, 0, 0, 0, 0, 0, 0, 0, 0, 0, 0, 0, 0, 0, 0, 0, 0, 0, 0, 0, 0, 0, 0, 0, 0, 0, 0, 0, 0, 0, 0, 0, 0, 0, 0, 0, 0, 0, 0, 0, 0, 0, 0, 0, 0, 0, 0, 0, 0, 0, 0, 0, 0, 0, 0, 0, 0, 0, 0, 0, 0, 0, 0, 0, 0, 0, 0, 0, 0, 0, 0, 0, 0, 0, 0, 0, 0, 0, 0, 0, 0, 0, 0, 0, 0, 0, 0, 0, 0, 0, 0, 0, 0, 0, 0, 0, 0, 0, 0, 0, 0, 0, 0, 0, 0, 0, 0, 0])
01-17 09:25:30.063   627  3892 D DlbDap2Process: setParam(arbs = #81[20, 47, 141, 234, 328, 469, 656, 844, 1031, 1313, 1688, 2250, 3000, 3750, 4688, 5813, 7125, 9000, 11250, 13875, 19688, -192, -192, -192, -192, -192, -192, -192, -192, -192, -192, -192, -192, -192, -192, -192, -192, -192, -192, -192, -192, 0, 0, 0, 0, 0, 0, 0, 0, 0, 0, 0, 0, 0, 0, 0, 0, 0, 0, 0, 0, 0, 0, 0, 0, 0, 0, 0, 0, 0, 0, 0, 0, 0, 0, 0, 0, 0, 0, 0, 0])
01-17 09:25:30.063   627  3892 D DlbDapEndpointParamCache: doCommit() Committed 32 parameters out of 37.
01-17 09:25:30.063   627  3892 D DlbDap2Process: setMave(mave = 0)
01-17 09:25:30.065   627  3892 D DlbDapCrossfadeProcess: process transitioning from PREROLL_ACTIVE state to FADE_TO_ACTIVE
01-17 09:25:30.065   627  6441 D DlbDlbEffect: handle_EFFECT_CMD_DISABLE()
