--------- beginning of system
01-17 09:22:09.059   945  7365 I ActivityManager: Force stopping com.dolby.qa.featuretest appid=10073 user=0: from pid 30136
01-17 09:22:09.059   945  7365 I ActivityManager: Killing 30062:com.dolby.qa.featuretest/u0a73 (adj 0): stop com.dolby.qa.featuretest
01-17 09:22:09.060   945  7365 W ActivityManager: Force removing ActivityRecord{11b5554 u0 com.dolby.qa.featuretest/.MainActivity t258}: app died, no saved state
01-17 09:22:09.069   945  7365 I WindowManager: Failed to capture screenshot of Token{f9b1cfd ActivityRecord{11b5554 u0 com.dolby.qa.featuretest/.MainActivity t258 f}} appWin=Window{ebafac6 u0 com.dolby.qa.featuretest/com.dolby.qa.featuretest.MainActivity} drawState=4
--------- beginning of main
01-17 09:22:09.077   710  1419 D NuPlayerDriver: reset(0xe6bcba80) at state 5
01-17 09:22:09.079   710  1419 D NuPlayerDriver: notifyListener_l(0xe6bcba80), (8, 0, 0, -1), loop setting(0, 1)
01-17 09:22:09.079   945  5021 I WindowManager: WIN DEATH: Window{ac8df80 u0 Toast}
01-17 09:22:09.080   684  7227 D AudioFlinger: trackStateChanged() Track id 731 state changed to 6
01-17 09:22:09.084   717  5320 I DDP_JOCDecoder: -> ~DDPDecoder
01-17 09:22:09.084   717  5320 I DDP_JOCDecoder: -> stop
01-17 09:22:09.085   645   645 I DMSService: unregisterClient type = 4, uid = e7f0fb20
01-17 09:22:09.105  1499  1499 D CarrierSvcBindHelper: No carrier app for: 0
01-17 09:22:09.108  2010  2010 D RegisteredNfcFServicesCache: Service unchanged, not updating
01-17 09:22:09.125   645   645 D DatabaseHelper: failed to prepare SQL : INSERT INTO profiles VALUES(15
01-17 09:22:09.125   645   645 D DatabaseHelper: ,'custom','user2','user2','off','off')
01-17 09:22:09.125   645   645 D DatabaseHelper: failed to prepare SQL : INSERT INTO profile_endpoints VALUES(57
01-17 09:22:09.125   645   645 D DatabaseHelper: ,'custom','user2','speaker')
01-17 09:22:09.125   645   645 D DatabaseHelper: failed to prepare SQL : INSERT INTO profile_endpoints VALUES(57
01-17 09:22:09.125   645   645 D DatabaseHelper: ,'custom','user2','headphone')
01-17 09:22:09.126   645   645 D DatabaseHelper: failed to prepare SQL : INSERT INTO profile_endpoints VALUES(57
01-17 09:22:09.126   645   645 D DatabaseHelper: ,'custom','user2','passthrough')
01-17 09:22:09.126   645   645 D DatabaseHelper: failed to prepare SQL : INSERT INTO profile_endpoints VALUES(57
01-17 09:22:09.126   645   645 D DatabaseHelper: ,'custom','user2','other')
01-17 09:22:09.126   645   645 D DatabaseHelper: failed to prepare SQL : INSERT INTO profile_ports VALUES(85
01-17 09:22:09.126   645   645 D DatabaseHelper: ,'custom','user2','internal_speaker')
01-17 09:22:09.127   645   645 D DatabaseHelper: failed to prepare SQL : INSERT INTO profile_ports VALUES(85
01-17 09:22:09.127   645   645 D DatabaseHelper: ,'custom','user2','hdmi')
01-17 09:22:09.127   645   645 D DatabaseHelper: failed to prepare SQL : INSERT INTO profile_ports VALUES(85
01-17 09:22:09.127   645   645 D DatabaseHelper: ,'custom','user2','miracast')
01-17 09:22:09.127   645   645 D DatabaseHelper: failed to prepare SQL : INSERT INTO profile_ports VALUES(85
01-17 09:22:09.127   645   645 D DatabaseHelper: ,'custom','user2','headphone_port')
01-17 09:22:09.128   645   645 D DatabaseHelper: failed to prepare SQL : INSERT INTO profile_ports VALUES(85
01-17 09:22:09.128   645   645 D DatabaseHelper: ,'custom','user2','bluetooth')
01-17 09:22:09.128   645   645 D DatabaseHelper: failed to prepare SQL : INSERT INTO profile_ports VALUES(85
01-17 09:22:09.128   645   645 D DatabaseHelper: ,'custom','user2','usb')
01-17 09:22:09.129   645   645 D DatabaseHelper: failed to prepare SQL : INSERT INTO geq_presets VALUES(57
01-17 09:22:09.129   645   645 D DatabaseHelper: ,'custom','off','user2')
01-17 09:22:09.129   645   645 D DatabaseHelper: failed to prepare SQL : INSERT INTO geq_presets VALUES(57
01-17 09:22:09.129   645   645 D DatabaseHelper: ,'custom','open','user2')
01-17 09:22:09.130   645   645 D DatabaseHelper: failed to prepare SQL : INSERT INTO geq_presets VALUES(57
01-17 09:22:09.130   645   645 D DatabaseHelper: ,'custom','rich','user2')
01-17 09:22:09.130   645   645 D DatabaseHelper: failed to prepare SQL : INSERT INTO geq_presets VALUES(57
01-17 09:22:09.130   645   645 D DatabaseHelper: ,'custom','focused','user2')
01-17 09:22:09.138   945   999 W ProcessCpuTracker: Skipping unknown process pid 30134
01-17 09:22:09.139   945   999 W ProcessCpuTracker: Skipping unknown process pid 30136
01-17 09:22:09.144   717  5320 I DDP_JOCDecoder: <- stop
01-17 09:22:09.144   717  5320 I ARenderer: ~ARenderer
01-17 09:22:09.144   717  5320 I evo_parser: evo_parser_close
01-17 09:22:09.144   717  5320 I DlbDap2QmfProcess: ~Dap2Process()
01-17 09:22:09.145   717  5320 I DlbDap2QmfProcess: close()
01-17 09:22:09.145   717  5320 I DDP_JOCDecoder: <- ~DDPDecoder
01-17 09:22:09.147   945  5021 I ActivityManager: START u0 {flg=0x10000000 cmp=com.dolby.qa.featuretest/.MainActivity} from uid 2000
01-17 09:22:09.152   710 30087 D NuPlayerDriver: notifyResetComplete(0xe6bcba80)
01-17 09:22:09.154   710  1419 D AudioTrack: stop() called with 0 frames delivered
01-17 09:22:09.155   627  3892 I DlbEffectContext: setContentProcEnabled() Enabling content processing in global effect
01-17 09:22:09.155   627  3892 D DlbDapEndpointParamCache: commitChangedParams()
01-17 09:22:09.155   627  3892 D DlbDapEndpointParamCache: commit() Applying parameters for device 0x40000000
01-17 09:22:09.155   627  3892 D DlbDap2Process: setParam(iea = #1[10])
01-17 09:22:09.155   627  3892 D DlbDap2Process: setParam(msce = #1[1])
01-17 09:22:09.155   627  3892 D DlbDap2Process: setParam(mdee = #1[1])
01-17 09:22:09.155   627  3892 D DlbDap2Process: setParam(miee = #1[1])
01-17 09:22:09.155   627  3892 D DlbDap2Process: setParam(mdle = #1[1])
01-17 09:22:09.155   627  3892 D DlbDap2Process: setParam(dvle = #1[1])
01-17 09:22:09.155   627  3892 D DlbDap2Process: setParam(mave = #1[1])
01-17 09:22:09.155   627  3892 D DlbDap2Process: setParam(vcbf = #20[47, 141, 234, 328, 469, 656, 844, 1031, 1313, 1688, 2250, 3000, 3750, 4688, 5813, 7125, 9000, 11250, 13875, 19688])
01-17 09:22:09.155   627  3892 D DlbDap2Process: setParam(vbon = #1[0])
01-17 09:22:09.155   627  3892 D DlbDap2Process: setParam(beon = #1[0])
01-17 09:22:09.155   627  3892 D DlbDap2Process: setParam(geon = #1[0])
01-17 09:22:09.155   627  3892 D DlbDap2Process: setParam(ieon = #1[1])
01-17 09:22:09.155   627  3892 D DlbDap2Process: setParam(gebs = #41[20, 47, 141, 234, 328, 469, 656, 844, 1031, 1313, 1688, 2250, 3000, 3750, 4688, 5813, 7125, 9000, 11250, 13875, 19688, 0, 0, 0, 0, 0, 0, 0, 0, 0, 0, 0, 0, 0, 0, 0, 0, 0, 0, 0, 0])
01-17 09:22:09.156   627  3892 D DlbDap2Process: setParam(iebs = #41[20, 65, 136, 223, 332, 467, 634, 841, 1098, 1416, 1812, 2302, 2909, 3663, 4598, 5756, 7194, 8976, 11186, 13927, 17326, 117, 133, 188, 176, 141, 149, 175, 185, 185, 200, 236, 242, 228, 213, 182, 132, 110, 68, -27, -240])
01-17 09:22:09.156   627  3892 D DlbDapEndpointParamCache: doCommit() Committed 15 parameters out of 16.
01-17 09:22:09.156   627  3892 D DlbDapEndpointParamCache: commit() Overriding parameters for current device 0x00000002
01-17 09:22:09.156   627  3892 D DlbDap2Process: setParam(dea = #1[12])
01-17 09:22:09.156   627  3892 D DlbDap2Process: setParam(dsa = #1[10])
01-17 09:22:09.156   627  3892 D DlbDap2Process: setParam(beb = #1[192])
01-17 09:22:09.156   627  3892 D DlbDap2Process: setParam(plb = #1[0])
01-17 09:22:09.156   627  3892 D DlbDap2Process: setParam(vmb = #1[144])
01-17 09:22:09.156   627  3892 D DlbDap2Process: setParam(dsb = #1[96])
01-17 09:22:09.156   627  3892 D DlbDap2Process: setParam(ded = #1[0])
01-17 09:22:09.156   627  3892 D DlbDap2Process: setParam(vbm = #1[3])
01-17 09:22:09.156   627  3892 D DlbDap2Process: setParam(dom = #1[0])
01-17 09:22:09.156   627  3892 D DlbDap2Process: setParam(bew = #1[16])
01-17 09:22:09.156   627  3892 D DlbDap2Process: setParam(dvla = #1[7])
01-17 09:22:09.156   627  3892 D DlbDap2Process: setParam(arra = #1[96])
01-17 09:22:09.156   627  3892 D DlbDap2Process: setParam(dfsa = #1[10])
01-17 09:22:09.156   627  3892 D DlbDap2Process: setParam(dhsa = #1[10])
01-17 09:22:09.156   627  3892 D DlbDap2Process: setParam(dvmc = #1[0])
01-17 09:22:09.156   627  3892 D DlbDap2Process: setParam(arod = #1[0])
01-17 09:22:09.156   627  3892 D DlbDap2Process: setParam(arde = #1[1])
01-17 09:22:09.156   627  3892 D DlbDap2Process: setParam(dvle = #1[1])
01-17 09:22:09.156   627  3892 D DlbDap2Process: setParam(dvme = #1[0])
01-17 09:22:09.156   627  3892 D DlbDap2Process: setParam(becf = #1[200])
01-17 09:22:09.156   627  3892 D DlbDap2Process: setParam(vbmf = #2[94, 469])
01-17 09:22:09.156   627  3892 D DlbDap2Process: setParam(vbsf = #2[35, 160])
01-17 09:22:09.156   627  3892 D DlbDap2Process: setParam(vbhg = #3[-32, -144, -192])
01-17 09:22:09.156   627  3892 D DlbDap2Process: setParam(vbog = #1[0])
01-17 09:22:09.156   627  3892 D DlbDap2Process: setParam(vbsg = #1[0])
01-17 09:22:09.156   627  3892 D DlbDap2Process: setParam(dvli = #1[-320])
01-17 09:22:09.156   627  3892 D DlbDap2Process: setParam(dhfm = #1[2])
01-17 09:22:09.156   627  3892 D DlbDap2Process: setParam(vbon = #1[0])
01-17 09:22:09.156   627  3892 D DlbDap2Process: setParam(beon = #1[0])
01-17 09:22:09.156   627  3892 D DlbDap2Process: setParam(deon = #1[1])
01-17 09:22:09.156   627  3892 D DlbDap2Process: setParam(ngon = #1[1])
01-17 09:22:09.156   627  3892 D DlbDap2Process: setParam(aoon = #1[1])
01-17 09:22:09.156   627  3892 D DlbDap2Process: setParam(aron = #1[1])
01-17 09:22:09.156   627  3892 D DlbDap2Process: setParam(dvlo = #1[-320])
01-17 09:22:09.156   627  3892 D DlbDap2Process: setParam(artp = #1[12])
01-17 09:22:09.157   627  3892 D DlbDap2Process: setParam(aobs = #222[20, 10, 47, 141, 234, 328, 469, 656, 844, 1031, 1313, 1688, 2250, 3000, 3750, 4688, 5813, 7125, 9000, 11250, 13875, 19688, 0, 0, 0, 0, 0, 0, 0, 0, 0, 0, 0, 0, 0, 0, 0, 0, 0, 0, 0, 0, 0, 0, 0, 0, 0, 0, 0, 0, 0, 0, 0, 0, 0, 0, 0, 0, 0, 0, 0, 0, 0, 0, 0, 0, 0, 0, 0, 0, 0, 0, 0, 0, 0, 0, 0, 0, 0, 0, 0, 0, 0, 0, 0, 0, 0, 0, 0, 0, 0, 0, 0, 0, 0, 0, 0, 0, 0, 0, 0, 0, 0, 0, 0, 0, 0, 0, 0, 0, 0, 0, 0, 0, 0, 0, 0, 0, 0, 0, 0, 0, 0, 0, 0, 0, 0, 0, 0, 0, 0, 0, 0, 0, 0, 0, 0, 0, 0, 0, 0, 0, 0, 0, 0, 0, 0, 0, 0, 0, 0, 0, 0, 0, 0, 0, 0, 0, 0, 0, 0, 0, 0, 0, 0, 0, 0, 0, 0, 0, 0, 0, 0, 0, 0, 0, 0, 0, 0, 0, 0, 0, 0, 0, 0, 0, 0, 0, 0, 0, 0, 0, 0, 0, 0, 0, 0, 0, 0, 0, 0, 0, 0, 0, 0, 0, 0, 0, 0, 0, 0, 0, 0, 0, 0, 0, 0, 0, 0, 0, 0, 0])
01-17 09:22:09.157   627  3892 D DlbDap2Process: setParam(arbs = #81[20, 47, 141, 234, 328, 469, 656, 844, 1031, 1313, 1688, 2250, 3000, 3750, 4688, 5813, 7125, 9000, 11250, 13875, 19688, -192, -192, -192, -192, -192, -192, -192, -192, -192, -192, -192, -192, -192, -192, -192, -192, -192, -192, -192, -192, 0, 0, 0, 0, 0, 0, 0, 0, 0, 0, 0, 0, 0, 0, 0, 0, 0, 0, 0, 0, 0, 0, 0, 0, 0, 0, 0, 0, 0, 0, 0, 0, 0, 0, 0, 0, 0, 0, 0, 0])
01-17 09:22:09.157   627  3892 D DlbDapEndpointParamCache: doCommit() Committed 37 parameters out of 37.
01-17 09:22:09.157   627  3892 D DlbDap2Process: setMave(mave = 1)
01-17 09:22:09.182   945   960 I ActivityManager: Start proc 30144:com.dolby.qa.featuretest/u0a73 for activity com.dolby.qa.featuretest/.MainActivity
01-17 09:22:09.183 30144 30144 I zygote64: Late-enabling -Xcheck:jni
01-17 09:22:09.213   684  1061 D AudioFlinger: trackStateChanged() Track id 731 state changed to 2
01-17 09:22:09.213   684  1061 I AudioFlinger: updateProcessedAudioState() Changing content processing in effect to 0
01-17 09:22:09.213   627  4939 D DlbDlbEffect: handle_EFFECT_CMD_SET_PARAM()
01-17 09:22:09.234   684  1061 D AudioFlinger: trackDestroyed() Track id 731 no longer contains processed audio
01-17 09:22:09.237   684   928 W AudioFlinger::EffectModule: EffectModule 0xed0e1f00 destructor called with unreleased interface
01-17 09:22:09.238   684   928 W AudioFlinger::EffectHandle: disconnect Effect handle 0xee163180 disconnected after thread destruction
01-17 09:22:09.238   627   627 D DlbDlbEffect: handle_EFFECT_CMD_DISABLE()
01-17 09:22:09.238   627   627 D DlbDapCrossfadeProcess: setEnabled transitioning from DAP_ACTIVE state to FADE_TO_BYPASS
01-17 09:22:09.240   626   626 W /system/bin/hw/android.hidl.allocator@1.0-service: ashmem_create_region(3840) returning hidl_memory(0x7b7102c330, 3840)
01-17 09:22:09.240   627   627 D DlbDlbEffect: handle_EFFECT_CMD_SET_CONFIG()
01-17 09:22:09.240   627   627 D DlbDapEndpointParamCache: setDevice(device=0x00000002)
01-17 09:22:09.240   645   645 D DMSService: setActiveDevice called with device = 0x2
01-17 09:22:09.241   627   627 D DlbDlbEffect: handle_EFFECT_CMD_ENABLE()
01-17 09:22:09.241   627   627 D DlbDapCrossfadeProcess: setEnabled transitioning from FADE_TO_BYPASS state to FADE_TO_ACTIVE
01-17 09:22:09.353 30144 30144 D featureTest: onCreate
01-17 09:22:09.358 30144 30144 D AudioTrack: Client defaulted notificationFrames to 962 for frameCount 1924
01-17 09:22:09.360 30144 30144 W AudioTrack: Use of stream types is deprecated for operations other than volume control
01-17 09:22:09.360 30144 30144 W AudioTrack: See the documentation of AudioTrack() for what to use instead with android.media.AudioAttributes to qualify your playback use case
01-17 09:22:09.367 30144 30144 W DolbyAudioEffect: WARNING: attaching a DolbyAudioEffect to global output mix is deprecated!
01-17 09:22:09.373 30144 30144 D featureTest: onResume
01-17 09:22:09.383 30144 30161 D OpenGLRenderer: HWUI GL Pipeline
01-17 09:22:09.428 30144 30161 I Adreno  : QUALCOMM build                   : 7142022, Ib5823dd10c
01-17 09:22:09.428 30144 30161 I Adreno  : Build Date                       : 06/23/17
01-17 09:22:09.428 30144 30161 I Adreno  : OpenGL ES Shader Compiler Version: EV031.18.00.00
01-17 09:22:09.428 30144 30161 I Adreno  : Local Branch                     : O11A
01-17 09:22:09.428 30144 30161 I Adreno  : Remote Branch                    : 
01-17 09:22:09.428 30144 30161 I Adreno  : Remote Branch                    : 
01-17 09:22:09.428 30144 30161 I Adreno  : Reconstruct Branch               : 
01-17 09:22:09.434 30144 30161 I Adreno  : PFP: 0x005ff087, ME: 0x005ff063
01-17 09:22:09.437 30144 30161 I OpenGLRenderer: Initialized EGL, version 1.4
01-17 09:22:09.437 30144 30161 D OpenGLRenderer: Swap behavior 2
01-17 09:22:09.482   945   998 I ActivityManager: Displayed com.dolby.qa.featuretest/.MainActivity: +307ms
01-17 09:22:09.589   475   475 D SurfaceFlinger: Backpressure trigger, skipping transaction & refresh!
01-17 09:22:09.654   945   998 W ActivityManager: setHasOverlayUi called on unknown pid: 30062
01-17 09:22:09.850   945   945 W NotificationService: Object died trying to hide notification android.app.ITransientNotification$Stub$Proxy@aa7631a in package com.dolby.qa.featuretest
01-17 09:22:09.851   945   945 W WindowManager: removeWindowToken: Attempted to remove non-existing token: android.os.Binder@48c8cb2
01-17 09:22:09.983  2103  2230 W OpenGLRenderer: Incorrectly called buildLayer on View: ShortcutAndWidgetContainer, destroying layer...
01-17 09:22:10.234 30144 30144 D featureTest: receive broadcast , playing content location :/sdcard/featureTest/2ch_channel_id.wav
01-17 09:22:10.245 30144 30144 D featureTest: mMediaPlayer.getAudioSessionId(): 5465
01-17 09:22:10.246 30144 30144 D featureTest: Playing file: /sdcard/featureTest/2ch_channel_id.wav
01-17 09:22:10.248   710  1419 D NuPlayerDriver: NuPlayerDriver(0xe6bcba80) created, clientPid(30144)
01-17 09:22:10.251 30144 30144 W MediaPlayer: Use of stream types is deprecated for operations other than volume control
01-17 09:22:10.251 30144 30144 W MediaPlayer: See the documentation of setAudioStreamType() for what to use instead with android.media.AudioAttributes to qualify your playback use case
01-17 09:22:10.253 30173 30173 W generic : type=1400 audit(0.0:452): avc: denied { read } for path="/storage/emulated/0/featuretest/2ch_channel_id.wav" dev="sdcardfs" ino=1310757 scontext=u:r:mediaextractor:s0 tcontext=u:object_r:sdcardfs:s0 tclass=file permissive=0
01-17 09:22:10.254   710 30173 D GenericSource: FileSource remote
01-17 09:22:10.255   710 30173 W GenericSource: extractor service cannot make data source
01-17 09:22:10.255   710 30173 D GenericSource: FileSource local
01-17 09:22:10.271   700   700 D MediaBufferGroup: creating MemoryDealer
01-17 09:22:10.272   710 30170 D NuPlayerDriver: notifyListener_l(0xe6bcba80), (1, 0, 0, -1), loop setting(0, 0)
01-17 09:22:10.284   710  1419 D NuPlayerDriver: start(0xe6bcba80), state is 4, eos is 0
01-17 09:22:10.284   710 30170 I GenericSource: start
01-17 09:22:10.290 30144 30144 W DolbyAudioEffect: WARNING: attaching a DolbyAudioEffect to global output mix is deprecated!
01-17 09:22:10.293   710 30178 I OMXClient: Treble IOmx obtained
01-17 09:22:10.293   717  5320 I OMXMaster: makeComponentInstance(OMX.google.raw.decoder) in omx@1.0-service process
01-17 09:22:10.296   717  5320 E OMXNodeInstance: setConfig(0xe83a31a0:google.raw.decoder, ConfigPriority(0x6f800002)) ERROR: Undefined(0x80001001)
01-17 09:22:10.297   710 30178 I ACodec  : codec does not support config priority (err -2147483648)
01-17 09:22:10.297   717  5320 E OMXNodeInstance: getConfig(0xe83a31a0:google.raw.decoder, ConfigAndroidVendorExtension(0x6f100004)) ERROR: Undefined(0x80001001)
01-17 09:22:10.297   710 30178 I MediaCodec: MediaCodec will operate in async mode
01-17 09:22:10.299   626   626 W /system/bin/hw/android.hidl.allocator@1.0-service: ashmem_create_region(32768) returning hidl_memory(0x7b7102c330, 32768)
01-17 09:22:10.302   626   626 I chatty  : uid=1000(system) allocator@1.0-s identical 6 lines
01-17 09:22:10.302   626   626 W /system/bin/hw/android.hidl.allocator@1.0-service: ashmem_create_region(32768) returning hidl_memory(0x7b7102c330, 32768)
01-17 09:22:10.303 30144 30144 D featureTest: receive broadcast , change ds status :1
01-17 09:22:10.308   710 30176 D AudioTrack: Client defaulted notificationFrames to 12000 for frameCount 24000
01-17 09:22:10.309   626   626 W /system/bin/hw/android.hidl.allocator@1.0-service: ashmem_create_region(7680) returning hidl_memory(0x7b7102c330, 7680)
01-17 09:22:10.311   626   626 W /system/bin/hw/android.hidl.allocator@1.0-service: ashmem_create_region(7680) returning hidl_memory(0x7b7102c330, 7680)
01-17 09:22:10.315   627  3512 D DlbDlbEffect: handle_EFFECT_CMD_DISABLE()
01-17 09:22:10.315   627  3512 D DlbDapCrossfadeProcess: setEnabled transitioning from FADE_TO_ACTIVE state to FADE_TO_BYPASS
01-17 09:22:10.317   626   626 W /system/bin/hw/android.hidl.allocator@1.0-service: ashmem_create_region(7680) returning hidl_memory(0x7b7102c330, 7680)
01-17 09:22:10.317   627  3512 D DlbDlbEffect: handle_EFFECT_CMD_SET_CONFIG()
01-17 09:22:10.318   627   627 D DlbDlbEffect: handle_EFFECT_CMD_SET_PARAM()
01-17 09:22:10.318   627   627 D DlbDapEndpointParamCache: setDevice(device=0x00000002)
01-17 09:22:10.318   645   645 D DMSService: setActiveDevice called with device = 0x2
01-17 09:22:10.319   627  4939 D DlbDlbEffect: handle_EFFECT_CMD_ENABLE()
01-17 09:22:10.319   627  4939 D DlbDapCrossfadeProcess: setEnabled transitioning from FADE_TO_BYPASS state to FADE_TO_ACTIVE
01-17 09:22:10.319   684  3974 W AudioFlinger: moveDolbyEffect() effect chain for session 0 not on source thread 0xee0ae580
01-17 09:22:10.320   710 30170 D NuPlayerDriver: notifyListener_l(0xe6bcba80), (6, 0, 0, -1), loop setting(0, 1)
01-17 09:22:10.336   627  3892 D DlbDapCrossfadeProcess: process transitioning from FADE_TO_ACTIVE state to DAP_ACTIVE
01-17 09:22:10.366 30144 30144 D featureTest: receive broadcast , change ds profile id :0
01-17 09:22:10.375   627   627 D DlbDlbEffect: handle_EFFECT_CMD_SET_PARAM()
01-17 09:22:10.424 30144 30144 D featureTest: receive broadcast , record log :0
01-17 09:22:12.016   627  3892 D DlbDap2Process: process() called [467000] times
01-17 09:22:12.347   945   945 W WindowManager: removeWindowToken: Attempted to remove non-existing token: android.os.Binder@b75c07d
01-17 09:22:12.408   475   475 D SurfaceFlinger: duplicate layer name: changing Toast to Toast#1
01-17 09:22:12.898   475   475 D SurfaceFlinger: Backpressure trigger, skipping transaction & refresh!
01-17 09:22:14.372   945   945 W WindowManager: removeWindowToken: Attempted to remove non-existing token: android.os.Binder@e7dd11f
01-17 09:22:14.664   627  3892 D DlbDap2Process: process() called [467500] times
