01-17 09:24:16.950   710  1422 D NuPlayerDriver: reset(0xe6bcbc40) at state 5
01-17 09:24:16.952   710  1422 D NuPlayerDriver: notifyListener_l(0xe6bcbc40), (8, 0, 0, -1), loop setting(0, 1)
01-17 09:24:16.953   684   930 D AudioFlinger: trackStateChanged() Track id 765 state changed to 6
01-17 09:24:16.996   717 21044 I DDP_JOCDecoder: -> ~DDPDecoder
01-17 09:24:16.996   717 21044 I DDP_JOCDecoder: -> stop
01-17 09:24:16.997   645   645 I DMSService: unregisterClient type = 4, uid = e83927d0
01-17 09:24:17.053   717 21044 I DDP_JOCDecoder: <- stop
01-17 09:24:17.053   717 21044 I ARenderer: ~ARenderer
01-17 09:24:17.053   717 21044 I evo_parser: evo_parser_close
01-17 09:24:17.053   717 21044 I DlbDap2QmfProcess: ~Dap2Process()
01-17 09:24:17.053   717 21044 I DlbDap2QmfProcess: close()
01-17 09:24:17.053   717 21044 I DDP_JOCDecoder: <- ~DDPDecoder
01-17 09:24:17.061   710 31222 D NuPlayerDriver: notifyResetComplete(0xe6bcbc40)
01-17 09:24:17.062   710  1422 D AudioTrack: stop() called with 0 frames delivered
01-17 09:24:17.064   627  3892 I DlbEffectContext: setContentProcEnabled() Enabling content processing in global effect
01-17 09:24:17.065   627  3892 D DlbDapEndpointParamCache: commitChangedParams()
01-17 09:24:17.065   627  3892 D DlbDapEndpointParamCache: commit() Applying parameters for device 0x40000000
01-17 09:24:17.065   627  3892 D DlbDap2Process: setParam(iea = #1[10])
01-17 09:24:17.065   627  3892 D DlbDap2Process: setParam(msce = #1[0])
01-17 09:24:17.065   627  3892 D DlbDap2Process: setParam(mdee = #1[0])
01-17 09:24:17.065   627  3892 D DlbDap2Process: setParam(miee = #1[0])
01-17 09:24:17.065   627  3892 D DlbDap2Process: setParam(mdle = #1[0])
01-17 09:24:17.065   627  3892 D DlbDap2Process: setParam(dvle = #1[1])
01-17 09:24:17.065   627  3892 D DlbDap2Process: setParam(mave = #1[0])
01-17 09:24:17.065   627  3892 D DlbDap2Process: setParam(vcbf = #20[47, 141, 234, 328, 469, 656, 844, 1031, 1313, 1688, 2250, 3000, 3750, 4688, 5813, 7125, 9000, 11250, 13875, 19688])
01-17 09:24:17.065   627  3892 D DlbDap2Process: setParam(vbon = #1[0])
01-17 09:24:17.065   627  3892 D DlbDap2Process: setParam(beon = #1[0])
01-17 09:24:17.065   627  3892 D DlbDap2Process: setParam(geon = #1[0])
01-17 09:24:17.065   627  3892 D DlbDap2Process: setParam(ieon = #1[0])
01-17 09:24:17.065   627  3892 D DlbDap2Process: setParam(gebs = #41[20, 47, 141, 234, 328, 469, 656, 844, 1031, 1313, 1688, 2250, 3000, 3750, 4688, 5813, 7125, 9000, 11250, 13875, 19688, 0, 0, 0, 0, 0, 0, 0, 0, 0, 0, 0, 0, 0, 0, 0, 0, 0, 0, 0, 0])
01-17 09:24:17.065   627  3892 D DlbDap2Process: setParam(iebs = #41[20, 65, 136, 223, 332, 467, 634, 841, 1098, 1416, 1812, 2302, 2909, 3663, 4598, 5756, 7194, 8976, 11186, 13927, 17326, 117, 133, 188, 176, 141, 149, 175, 185, 185, 200, 236, 242, 228, 213, 182, 132, 110, 68, -27, -240])
01-17 09:24:17.065   627  3892 D DlbDapEndpointParamCache: doCommit() Committed 15 parameters out of 16.
01-17 09:24:17.065   627  3892 D DlbDapEndpointParamCache: commit() Overriding parameters for current device 0x00000002
01-17 09:24:17.066   627  3892 D DlbDap2Process: setParam(dea = #1[7])
01-17 09:24:17.066   627  3892 D DlbDap2Process: setParam(dsa = #1[10])
01-17 09:24:17.066   627  3892 D DlbDap2Process: setParam(beb = #1[192])
01-17 09:24:17.066   627  3892 D DlbDap2Process: setParam(plb = #1[0])
01-17 09:24:17.066   627  3892 D DlbDap2Process: setParam(vmb = #1[144])
01-17 09:24:17.066   627  3892 D DlbDap2Process: setParam(dsb = #1[48])
01-17 09:24:17.066   627  3892 D DlbDap2Process: setParam(ded = #1[0])
01-17 09:24:17.066   627  3892 D DlbDap2Process: setParam(vbm = #1[3])
01-17 09:24:17.066   627  3892 D DlbDap2Process: setParam(dom = #1[0])
01-17 09:24:17.066   627  3892 D DlbDap2Process: setParam(bew = #1[16])
01-17 09:24:17.066   627  3892 D DlbDap2Process: setParam(dvla = #1[5])
01-17 09:24:17.066   627  3892 D DlbDap2Process: setParam(arra = #1[96])
01-17 09:24:17.066   627  3892 D DlbDap2Process: setParam(dfsa = #1[10])
01-17 09:24:17.066   627  3892 D DlbDap2Process: setParam(dhsa = #1[10])
01-17 09:24:17.066   627  3892 D DlbDap2Process: setParam(dvmc = #1[0])
01-17 09:24:17.066   627  3892 D DlbDap2Process: setParam(arod = #1[0])
01-17 09:24:17.066   627  3892 D DlbDap2Process: setParam(arde = #1[1])
01-17 09:24:17.066   627  3892 D DlbDap2Process: setParam(dvle = #1[1])
01-17 09:24:17.066   627  3892 D DlbDap2Process: setParam(dvme = #1[0])
01-17 09:24:17.066   627  3892 D DlbDap2Process: setParam(becf = #1[200])
01-17 09:24:17.066   627  3892 D DlbDap2Process: setParam(vbmf = #2[94, 469])
01-17 09:24:17.066   627  3892 D DlbDap2Process: setParam(vbsf = #2[35, 160])
01-17 09:24:17.066   627  3892 D DlbDap2Process: setParam(vbhg = #3[-32, -144, -192])
01-17 09:24:17.066   627  3892 D DlbDap2Process: setParam(vbog = #1[0])
01-17 09:24:17.066   627  3892 D DlbDap2Process: setParam(vbsg = #1[0])
01-17 09:24:17.066   627  3892 D DlbDap2Process: setParam(dvli = #1[-320])
01-17 09:24:17.066   627  3892 D DlbDap2Process: setParam(dhfm = #1[2])
01-17 09:24:17.066   627  3892 D DlbDap2Process: setParam(vbon = #1[0])
01-17 09:24:17.066   627  3892 D DlbDap2Process: setParam(beon = #1[0])
01-17 09:24:17.066   627  3892 D DlbDap2Process: setParam(deon = #1[0])
01-17 09:24:17.066   627  3892 D DlbDap2Process: setParam(ngon = #1[1])
01-17 09:24:17.067   627  3892 D DlbDap2Process: setParam(aoon = #1[1])
01-17 09:24:17.067   627  3892 D DlbDap2Process: setParam(aron = #1[1])
01-17 09:24:17.067   627  3892 D DlbDap2Process: setParam(dvlo = #1[-320])
01-17 09:24:17.067   627  3892 D DlbDap2Process: setParam(artp = #1[12])
01-17 09:24:17.067   627  3892 D DlbDap2Process: setParam(aobs = #222[20, 10, 47, 141, 234, 328, 469, 656, 844, 1031, 1313, 1688, 2250, 3000, 3750, 4688, 5813, 7125, 9000, 11250, 13875, 19688, 0, 0, 0, 0, 0, 0, 0, 0, 0, 0, 0, 0, 0, 0, 0, 0, 0, 0, 0, 0, 0, 0, 0, 0, 0, 0, 0, 0, 0, 0, 0, 0, 0, 0, 0, 0, 0, 0, 0, 0, 0, 0, 0, 0, 0, 0, 0, 0, 0, 0, 0, 0, 0, 0, 0, 0, 0, 0, 0, 0, 0, 0, 0, 0, 0, 0, 0, 0, 0, 0, 0, 0, 0, 0, 0, 0, 0, 0, 0, 0, 0, 0, 0, 0, 0, 0, 0, 0, 0, 0, 0, 0, 0, 0, 0, 0, 0, 0, 0, 0, 0, 0, 0, 0, 0, 0, 0, 0, 0, 0, 0, 0, 0, 0, 0, 0, 0, 0, 0, 0, 0, 0, 0, 0, 0, 0, 0, 0, 0, 0, 0, 0, 0, 0, 0, 0, 0, 0, 0, 0, 0, 0, 0, 0, 0, 0, 0, 0, 0, 0, 0, 0, 0, 0, 0, 0, 0, 0, 0, 0, 0, 0, 0, 0, 0, 0, 0, 0, 0, 0, 0, 0, 0, 0, 0, 0, 0, 0, 0, 0, 0, 0, 0, 0, 0, 0, 0, 0, 0, 0, 0, 0, 0, 0, 0, 0, 0, 0, 0, 0])
01-17 09:24:17.067   627  3892 D DlbDap2Process: setParam(arbs = #81[20, 47, 141, 234, 328, 469, 656, 844, 1031, 1313, 1688, 2250, 3000, 3750, 4688, 5813, 7125, 9000, 11250, 13875, 19688, -192, -192, -192, -192, -192, -192, -192, -192, -192, -192, -192, -192, -192, -192, -192, -192, -192, -192, -192, -192, 0, 0, 0, 0, 0, 0, 0, 0, 0, 0, 0, 0, 0, 0, 0, 0, 0, 0, 0, 0, 0, 0, 0, 0, 0, 0, 0, 0, 0, 0, 0, 0, 0, 0, 0, 0, 0, 0, 0, 0])
01-17 09:24:17.067   627  3892 D DlbDapEndpointParamCache: doCommit() Committed 37 parameters out of 37.
01-17 09:24:17.068   627  3892 D DlbDap2Process: setMave(mave = 0)
01-17 09:24:17.132   684  1061 D AudioFlinger: trackStateChanged() Track id 765 state changed to 2
01-17 09:24:17.132   684  1061 I AudioFlinger: updateProcessedAudioState() Changing content processing in effect to 0
01-17 09:24:17.132   627   627 D DlbDlbEffect: handle_EFFECT_CMD_SET_PARAM()
01-17 09:24:17.153   684  1061 D AudioFlinger: trackDestroyed() Track id 765 no longer contains processed audio
01-17 09:24:17.154   684   928 W AudioFlinger::EffectModule: EffectModule 0xed0e3700 destructor called with unreleased interface
01-17 09:24:17.154   684   928 W AudioFlinger::EffectHandle: disconnect Effect handle 0xee163300 disconnected after thread destruction
01-17 09:24:17.156   627   627 D DlbDlbEffect: handle_EFFECT_CMD_DISABLE()
01-17 09:24:17.156   627   627 D DlbDapCrossfadeProcess: setEnabled transitioning from DAP_ACTIVE state to FADE_TO_BYPASS
01-17 09:24:17.157   627   627 D DlbDlbEffect: handle_EFFECT_CMD_SET_CONFIG()
01-17 09:24:17.158   627   627 D DlbDapEndpointParamCache: setDevice(device=0x00000002)
01-17 09:24:17.158   645   645 D DMSService: setActiveDevice called with device = 0x2
01-17 09:24:17.158   627   924 D DlbDlbEffect: handle_EFFECT_CMD_ENABLE()
01-17 09:24:17.158   627   924 D DlbDapCrossfadeProcess: setEnabled transitioning from FADE_TO_BYPASS state to FADE_TO_ACTIVE
01-17 09:24:17.276 31265 31265 D featureTest: onCreate
01-17 09:24:17.281 31265 31265 D AudioTrack: Client defaulted notificationFrames to 962 for frameCount 1924
01-17 09:24:17.283 31265 31265 W AudioTrack: Use of stream types is deprecated for operations other than volume control
01-17 09:24:17.283 31265 31265 W AudioTrack: See the documentation of AudioTrack() for what to use instead with android.media.AudioAttributes to qualify your playback use case
01-17 09:24:17.297 31265 31265 D featureTest: onResume
01-17 09:24:18.154 31265 31265 D featureTest: receive broadcast , playing content location :/sdcard/featureTest/chopper_1.0_180_420_02.wav
01-17 09:24:18.168 31265 31265 D featureTest: mMediaPlayer.getAudioSessionId(): 5745
01-17 09:24:18.168 31265 31265 D featureTest: Playing file: /sdcard/featureTest/chopper_1.0_180_420_02.wav
01-17 09:24:18.171   710  1422 D NuPlayerDriver: NuPlayerDriver(0xe6bcbc40) created, clientPid(31265)
01-17 09:24:18.189   710 31292 D NuPlayerDriver: notifyListener_l(0xe6bcbc40), (1, 0, 0, -1), loop setting(0, 0)
01-17 09:24:18.196   710  1422 D NuPlayerDriver: start(0xe6bcbc40), state is 4, eos is 0
01-17 09:24:18.204   717  4054 I OMXMaster: makeComponentInstance(OMX.google.raw.decoder) in omx@1.0-service process
01-17 09:24:18.207   710 31298 I ACodec  : codec does not support config priority (err -2147483648)
01-17 09:24:18.210   710 31298 I MediaCodec: MediaCodec will operate in async mode
01-17 09:24:18.213 31265 31265 D featureTest: receive broadcast , change ds status :0
01-17 09:24:18.228   710 31296 D AudioTrack: Client defaulted notificationFrames to 7350 for frameCount 22050
01-17 09:24:18.232   627   627 D DlbDlbEffect: handle_EFFECT_CMD_DISABLE()
01-17 09:24:18.232   627   627 D DlbDapCrossfadeProcess: setEnabled transitioning from FADE_TO_ACTIVE state to FADE_TO_BYPASS
01-17 09:24:18.233   627   627 D DlbDlbEffect: handle_EFFECT_CMD_SET_PARAM()
01-17 09:24:18.234   627   924 D DlbDlbEffect: handle_EFFECT_CMD_SET_CONFIG()
01-17 09:24:18.234   627   924 D DlbDapEndpointParamCache: setDevice(device=0x00000002)
01-17 09:24:18.234   645   645 D DMSService: setActiveDevice called with device = 0x2
01-17 09:24:18.235   627   627 D DlbDlbEffect: handle_EFFECT_CMD_ENABLE()
01-17 09:24:18.235   627   627 D DlbDapCrossfadeProcess: setEnabled transitioning from FADE_TO_BYPASS state to FADE_TO_ACTIVE
01-17 09:24:18.235   684  3974 W AudioFlinger: moveDolbyEffect() effect chain for session 0 not on source thread 0xee0ae580
01-17 09:24:18.235   710 31292 D NuPlayerDriver: notifyListener_l(0xe6bcbc40), (6, 0, 0, -1), loop setting(0, 1)
01-17 09:24:18.255   627  3892 D DlbDapCrossfadeProcess: setEnabled transitioning from FADE_TO_ACTIVE state to FADE_TO_BYPASS
01-17 09:24:18.277 31265 31265 D featureTest: receive broadcast , change ds profile id :2
01-17 09:24:18.283   627   924 D DlbDlbEffect: handle_EFFECT_CMD_SET_PARAM()
01-17 09:24:18.285   645   713 I DapController: Profile Changed to Music
01-17 09:24:18.294   627  3892 D DlbDapEndpointParamCache: commitChangedParams()
01-17 09:24:18.294   627  3892 D DlbDapEndpointParamCache: commit() Applying parameters for device 0x40000000
01-17 09:24:18.294   627  3892 D DlbDap2Process: setParam(iea = #1[10])
01-17 09:24:18.294   627  3892 D DlbDap2Process: setParam(msce = #1[0])
01-17 09:24:18.294   627  3892 D DlbDap2Process: setParam(mdee = #1[0])
01-17 09:24:18.294   627  3892 D DlbDap2Process: setParam(miee = #1[0])
01-17 09:24:18.294   627  3892 D DlbDap2Process: setParam(mdle = #1[0])
01-17 09:24:18.294   627  3892 D DlbDap2Process: setParam(dvle = #1[1])
01-17 09:24:18.294   627  3892 D DlbDap2Process: setParam(mave = #1[0])
01-17 09:24:18.294   627  3892 D DlbDap2Process: setParam(vcbf = #20[47, 141, 234, 328, 469, 656, 844, 1031, 1313, 1688, 2250, 3000, 3750, 4688, 5813, 7125, 9000, 11250, 13875, 19688])
01-17 09:24:18.294   627  3892 D DlbDap2Process: setParam(vbon = #1[0])
01-17 09:24:18.294   627  3892 D DlbDap2Process: setParam(beon = #1[0])
01-17 09:24:18.294   627  3892 D DlbDap2Process: setParam(geon = #1[0])
01-17 09:24:18.294   627  3892 D DlbDap2Process: setParam(ieon = #1[1])
01-17 09:24:18.295   627  3892 D DlbDap2Process: setParam(gebs = #41[20, 47, 141, 234, 328, 469, 656, 844, 1031, 1313, 1688, 2250, 3000, 3750, 4688, 5813, 7125, 9000, 11250, 13875, 19688, 0, 0, 0, 0, 0, 0, 0, 0, 0, 0, 0, 0, 0, 0, 0, 0, 0, 0, 0, 0])
01-17 09:24:18.295   627  3892 D DlbDap2Process: setParam(iebs = #41[20, 65, 136, 223, 332, 467, 634, 841, 1098, 1416, 1812, 2302, 2909, 3663, 4598, 5756, 7194, 8976, 11186, 13927, 17326, 117, 133, 188, 176, 141, 149, 175, 185, 185, 200, 236, 242, 228, 213, 182, 132, 110, 68, -27, -240])
01-17 09:24:18.295   627  3892 D DlbDapEndpointParamCache: doCommit() Committed 15 parameters out of 16.
01-17 09:24:18.295   627  3892 D DlbDapEndpointParamCache: commit() Overriding parameters for current device 0x00000002
01-17 09:24:18.295   627  3892 D DlbDap2Process: setParam(dea = #1[7])
01-17 09:24:18.295   627  3892 D DlbDap2Process: setParam(dsa = #1[10])
01-17 09:24:18.295   627  3892 D DlbDap2Process: setParam(beb = #1[192])
01-17 09:24:18.295   627  3892 D DlbDap2Process: setParam(plb = #1[0])
01-17 09:24:18.295   627  3892 D DlbDap2Process: setParam(vmb = #1[144])
01-17 09:24:18.295   627  3892 D DlbDap2Process: setParam(dsb = #1[0])
01-17 09:24:18.295   627  3892 D DlbDap2Process: setParam(ded = #1[0])
01-17 09:24:18.295   627  3892 D DlbDap2Process: setParam(vbm = #1[3])
01-17 09:24:18.295   627  3892 D DlbDap2Process: setParam(dom = #1[0])
01-17 09:24:18.295   627  3892 D DlbDap2Process: setParam(bew = #1[16])
01-17 09:24:18.295   627  3892 D DlbDap2Process: setParam(dvla = #1[4])
01-17 09:24:18.295   627  3892 D DlbDap2Process: setParam(arra = #1[96])
01-17 09:24:18.295   627  3892 D DlbDap2Process: setParam(dfsa = #1[10])
01-17 09:24:18.295   627  3892 D DlbDap2Process: setParam(dhsa = #1[10])
01-17 09:24:18.295   627  3892 D DlbDap2Process: setParam(dvmc = #1[0])
01-17 09:24:18.295   627  3892 D DlbDap2Process: setParam(arod = #1[0])
01-17 09:24:18.295   627  3892 D DlbDap2Process: setParam(arde = #1[1])
01-17 09:24:18.295   627  3892 D DlbDap2Process: setParam(dvle = #1[1])
01-17 09:24:18.295   627  3892 D DlbDap2Process: setParam(dvme = #1[0])
01-17 09:24:18.295   627  3892 D DlbDap2Process: setParam(becf = #1[200])
01-17 09:24:18.295   627  3892 D DlbDap2Process: setParam(vbmf = #2[94, 469])
01-17 09:24:18.295   627  3892 D DlbDap2Process: setParam(vbsf = #2[35, 160])
01-17 09:24:18.295   627  3892 D DlbDap2Process: setParam(vbhg = #3[-32, -144, -192])
01-17 09:24:18.295   627  3892 D DlbDap2Process: setParam(vbog = #1[0])
01-17 09:24:18.295   627  3892 D DlbDap2Process: setParam(vbsg = #1[0])
01-17 09:24:18.295   627  3892 D DlbDap2Process: setParam(dvli = #1[-320])
01-17 09:24:18.295   627  3892 D DlbDap2Process: setParam(dhfm = #1[2])
01-17 09:24:18.295   627  3892 D DlbDap2Process: setParam(vbon = #1[0])
01-17 09:24:18.295   627  3892 D DlbDap2Process: setParam(beon = #1[0])
01-17 09:24:18.296   627  3892 D DlbDap2Process: setParam(deon = #1[0])
01-17 09:24:18.296   627  3892 D DlbDap2Process: setParam(ngon = #1[1])
01-17 09:24:18.296   627  3892 D DlbDap2Process: setParam(aoon = #1[1])
01-17 09:24:18.296   627  3892 D DlbDap2Process: setParam(aron = #1[1])
01-17 09:24:18.296   627  3892 D DlbDap2Process: setParam(dvlo = #1[-320])
01-17 09:24:18.296   627  3892 D DlbDap2Process: setParam(artp = #1[12])
01-17 09:24:18.296   627  3892 D DlbDap2Process: setParam(aobs = #222[20, 10, 47, 141, 234, 328, 469, 656, 844, 1031, 1313, 1688, 2250, 3000, 3750, 4688, 5813, 7125, 9000, 11250, 13875, 19688, 0, 0, 0, 0, 0, 0, 0, 0, 0, 0, 0, 0, 0, 0, 0, 0, 0, 0, 0, 0, 0, 0, 0, 0, 0, 0, 0, 0, 0, 0, 0, 0, 0, 0, 0, 0, 0, 0, 0, 0, 0, 0, 0, 0, 0, 0, 0, 0, 0, 0, 0, 0, 0, 0, 0, 0, 0, 0, 0, 0, 0, 0, 0, 0, 0, 0, 0, 0, 0, 0, 0, 0, 0, 0, 0, 0, 0, 0, 0, 0, 0, 0, 0, 0, 0, 0, 0, 0, 0, 0, 0, 0, 0, 0, 0, 0, 0, 0, 0, 0, 0, 0, 0, 0, 0, 0, 0, 0, 0, 0, 0, 0, 0, 0, 0, 0, 0, 0, 0, 0, 0, 0, 0, 0, 0, 0, 0, 0, 0, 0, 0, 0, 0, 0, 0, 0, 0, 0, 0, 0, 0, 0, 0, 0, 0, 0, 0, 0, 0, 0, 0, 0, 0, 0, 0, 0, 0, 0, 0, 0, 0, 0, 0, 0, 0, 0, 0, 0, 0, 0, 0, 0, 0, 0, 0, 0, 0, 0, 0, 0, 0, 0, 0, 0, 0, 0, 0, 0, 0, 0, 0, 0, 0, 0, 0, 0, 0, 0, 0, 0])
01-17 09:24:18.296   627  3892 D DlbDap2Process: setParam(arbs = #81[20, 47, 141, 234, 328, 469, 656, 844, 1031, 1313, 1688, 2250, 3000, 3750, 4688, 5813, 7125, 9000, 11250, 13875, 19688, -192, -192, -192, -192, -192, -192, -192, -192, -192, -192, -192, -192, -192, -192, -192, -192, -192, -192, -192, -192, 0, 0, 0, 0, 0, 0, 0, 0, 0, 0, 0, 0, 0, 0, 0, 0, 0, 0, 0, 0, 0, 0, 0, 0, 0, 0, 0, 0, 0, 0, 0, 0, 0, 0, 0, 0, 0, 0, 0, 0])
01-17 09:24:18.296   627  3892 D DlbDapEndpointParamCache: doCommit() Committed 37 parameters out of 37.
01-17 09:24:18.296   627  3892 D DlbDap2Process: setMave(mave = 0)
01-17 09:24:18.333   627  3892 D DlbDapCrossfadeProcess: process transitioning from FADE_TO_BYPASS state to DAP_BYPASSED
01-17 09:24:18.341 31265 31265 D featureTest: receive broadcast , playing content location :/sdcard/featureTest/chopper_1.0_180_420_02.wav
01-17 09:24:18.343   710  1422 D NuPlayerDriver: stop(0xe6bcbc40)
01-17 09:24:18.343   710  1422 D NuPlayerDriver: notifyListener_l(0xe6bcbc40), (8, 0, 0, -1), loop setting(0, 1)
01-17 09:24:18.344   710  1422 D NuPlayerDriver: reset(0xe6bcbc40) at state 8
01-17 09:24:18.354   710 31292 D NuPlayerDriver: notifyResetComplete(0xe6bcbc40)
01-17 09:24:18.354   710  1422 D NuPlayerDriver: reset(0xe6bcbc40) at state 0
01-17 09:24:18.363 31265 31265 D featureTest: mMediaPlayer.getAudioSessionId(): 5753
01-17 09:24:18.363 31265 31265 D featureTest: Playing file: /sdcard/featureTest/chopper_1.0_180_420_02.wav
01-17 09:24:18.364   710  1422 D NuPlayerDriver: NuPlayerDriver(0xe6bcb4d0) created, clientPid(31265)
01-17 09:24:18.391   710 31313 D NuPlayerDriver: notifyListener_l(0xe6bcb4d0), (1, 0, 0, -1), loop setting(0, 0)
01-17 09:24:18.396   710   900 D NuPlayerDriver: start(0xe6bcb4d0), state is 4, eos is 0
01-17 09:24:18.408   717 20091 I OMXMaster: makeComponentInstance(OMX.google.raw.decoder) in omx@1.0-service process
01-17 09:24:18.411   710 31319 I ACodec  : codec does not support config priority (err -2147483648)
01-17 09:24:18.412   710 31319 I MediaCodec: MediaCodec will operate in async mode
01-17 09:24:18.419 31265 31265 D featureTest: receive broadcast , change ds status :1
01-17 09:24:18.428   710 31317 D AudioTrack: Client defaulted notificationFrames to 7350 for frameCount 22050
01-17 09:24:18.429   627   924 D DlbDlbEffect: handle_EFFECT_CMD_SET_PARAM()
01-17 09:24:18.436   684  3973 W AudioFlinger: moveDolbyEffect() effect chain for session 0 not on source thread 0xee0ae580
01-17 09:24:18.437   710 31313 D NuPlayerDriver: notifyListener_l(0xe6bcb4d0), (6, 0, 0, -1), loop setting(0, 1)
01-17 09:24:18.452   627  3892 D DlbDapCrossfadeProcess: setEnabled transitioning from DAP_BYPASSED state to PREROLL_ACTIVE
01-17 09:24:18.481 31265 31265 D featureTest: receive broadcast , change ds profile id :5
01-17 09:24:18.490   627   627 D DlbDlbEffect: handle_EFFECT_CMD_SET_PARAM()
01-17 09:24:18.490   645   713 I DapController: Profile Changed to Custom
01-17 09:24:18.493   627  3892 D DlbDapEndpointParamCache: commitChangedParams()
01-17 09:24:18.493   627  3892 D DlbDapEndpointParamCache: commit() Applying parameters for device 0x40000000
01-17 09:24:18.494   627  3892 D DlbDap2Process: setParam(iea = #1[10])
01-17 09:24:18.494   627  3892 D DlbDap2Process: setParam(msce = #1[0])
01-17 09:24:18.494   627  3892 D DlbDap2Process: setParam(mdee = #1[0])
01-17 09:24:18.494   627  3892 D DlbDap2Process: setParam(miee = #1[0])
01-17 09:24:18.494   627  3892 D DlbDap2Process: setParam(mdle = #1[0])
01-17 09:24:18.494   627  3892 D DlbDap2Process: setParam(dvle = #1[1])
01-17 09:24:18.494   627  3892 D DlbDap2Process: setParam(mave = #1[0])
01-17 09:24:18.494   627  3892 D DlbDap2Process: setParam(vcbf = #20[47, 141, 234, 328, 469, 656, 844, 1031, 1313, 1688, 2250, 3000, 3750, 4688, 5813, 7125, 9000, 11250, 13875, 19688])
01-17 09:24:18.494   627  3892 D DlbDap2Process: setParam(vbon = #1[0])
01-17 09:24:18.494   627  3892 D DlbDap2Process: setParam(beon = #1[0])
01-17 09:24:18.494   627  3892 D DlbDap2Process: setParam(geon = #1[0])
01-17 09:24:18.494   627  3892 D DlbDap2Process: setParam(ieon = #1[0])
01-17 09:24:18.494   627  3892 D DlbDap2Process: setParam(gebs = #41[20, 47, 141, 234, 328, 469, 656, 844, 1031, 1313, 1688, 2250, 3000, 3750, 4688, 5813, 7125, 9000, 11250, 13875, 19688, 0, 0, 0, 0, 0, 0, 0, 0, 0, 0, 0, 0, 0, 0, 0, 0, 0, 0, 0, 0])
01-17 09:24:18.494   627  3892 D DlbDap2Process: setParam(iebs = #41[20, 65, 136, 223, 332, 467, 634, 841, 1098, 1416, 1812, 2302, 2909, 3663, 4598, 5756, 7194, 8976, 11186, 13927, 17326, 117, 133, 188, 176, 141, 149, 175, 185, 185, 200, 236, 242, 228, 213, 182, 132, 110, 68, -27, -240])
01-17 09:24:18.494   627  3892 D DlbDapEndpointParamCache: doCommit() Committed 15 parameters out of 16.
01-17 09:24:18.495   627  3892 D DlbDapEndpointParamCache: commit() Overriding parameters for current device 0x00000002
01-17 09:24:18.495   627  3892 D DlbDap2Process: setParam(dea = #1[7])
01-17 09:24:18.495   627  3892 D DlbDap2Process: setParam(dsa = #1[10])
01-17 09:24:18.495   627  3892 D DlbDap2Process: setParam(beb = #1[192])
01-17 09:24:18.495   627  3892 D DlbDap2Process: setParam(plb = #1[0])
01-17 09:24:18.495   627  3892 D DlbDap2Process: setParam(vmb = #1[144])
01-17 09:24:18.495   627  3892 D DlbDap2Process: setParam(dsb = #1[48])
01-17 09:24:18.495   627  3892 D DlbDap2Process: setParam(ded = #1[0])
01-17 09:24:18.495   627  3892 D DlbDap2Process: setParam(vbm = #1[3])
01-17 09:24:18.495   627  3892 D DlbDap2Process: setParam(dom = #1[0])
01-17 09:24:18.495   627  3892 D DlbDap2Process: setParam(bew = #1[16])
01-17 09:24:18.495   627  3892 D DlbDap2Process: setParam(dvla = #1[5])
01-17 09:24:18.495   627  3892 D DlbDap2Process: setParam(arra = #1[96])
01-17 09:24:18.495   627  3892 D DlbDap2Process: setParam(dfsa = #1[10])
01-17 09:24:18.495   627  3892 D DlbDap2Process: setParam(dhsa = #1[10])
01-17 09:24:18.495   627  3892 D DlbDap2Process: setParam(dvmc = #1[0])
01-17 09:24:18.495   627  3892 D DlbDap2Process: setParam(arod = #1[0])
01-17 09:24:18.495   627  3892 D DlbDap2Process: setParam(arde = #1[1])
01-17 09:24:18.495   627  3892 D DlbDap2Process: setParam(dvle = #1[1])
01-17 09:24:18.495   627  3892 D DlbDap2Process: setParam(dvme = #1[0])
01-17 09:24:18.495   627  3892 D DlbDap2Process: setParam(becf = #1[200])
01-17 09:24:18.495   627  3892 D DlbDap2Process: setParam(vbmf = #2[94, 469])
01-17 09:24:18.495   627  3892 D DlbDap2Process: setParam(vbsf = #2[35, 160])
01-17 09:24:18.495   627  3892 D DlbDap2Process: setParam(vbhg = #3[-32, -144, -192])
01-17 09:24:18.495   627  3892 D DlbDap2Process: setParam(vbog = #1[0])
01-17 09:24:18.495   627  3892 D DlbDap2Process: setParam(vbsg = #1[0])
01-17 09:24:18.496   627  3892 D DlbDap2Process: setParam(dvli = #1[-320])
01-17 09:24:18.496   627  3892 D DlbDap2Process: setParam(dhfm = #1[2])
01-17 09:24:18.496   627  3892 D DlbDap2Process: setParam(vbon = #1[0])
01-17 09:24:18.496   627  3892 D DlbDap2Process: setParam(beon = #1[0])
01-17 09:24:18.496   627  3892 D DlbDap2Process: setParam(deon = #1[0])
01-17 09:24:18.496   627  3892 D DlbDap2Process: setParam(ngon = #1[1])
01-17 09:24:18.496   627  3892 D DlbDap2Process: setParam(aoon = #1[1])
01-17 09:24:18.496   627  3892 D DlbDap2Process: setParam(aron = #1[1])
01-17 09:24:18.496   627  3892 D DlbDap2Process: setParam(dvlo = #1[-320])
01-17 09:24:18.496   627  3892 D DlbDap2Process: setParam(artp = #1[12])
01-17 09:24:18.496   627  3892 D DlbDap2Process: setParam(aobs = #222[20, 10, 47, 141, 234, 328, 469, 656, 844, 1031, 1313, 1688, 2250, 3000, 3750, 4688, 5813, 7125, 9000, 11250, 13875, 19688, 0, 0, 0, 0, 0, 0, 0, 0, 0, 0, 0, 0, 0, 0, 0, 0, 0, 0, 0, 0, 0, 0, 0, 0, 0, 0, 0, 0, 0, 0, 0, 0, 0, 0, 0, 0, 0, 0, 0, 0, 0, 0, 0, 0, 0, 0, 0, 0, 0, 0, 0, 0, 0, 0, 0, 0, 0, 0, 0, 0, 0, 0, 0, 0, 0, 0, 0, 0, 0, 0, 0, 0, 0, 0, 0, 0, 0, 0, 0, 0, 0, 0, 0, 0, 0, 0, 0, 0, 0, 0, 0, 0, 0, 0, 0, 0, 0, 0, 0, 0, 0, 0, 0, 0, 0, 0, 0, 0, 0, 0, 0, 0, 0, 0, 0, 0, 0, 0, 0, 0, 0, 0, 0, 0, 0, 0, 0, 0, 0, 0, 0, 0, 0, 0, 0, 0, 0, 0, 0, 0, 0, 0, 0, 0, 0, 0, 0, 0, 0, 0, 0, 0, 0, 0, 0, 0, 0, 0, 0, 0, 0, 0, 0, 0, 0, 0, 0, 0, 0, 0, 0, 0, 0, 0, 0, 0, 0, 0, 0, 0, 0, 0, 0, 0, 0, 0, 0, 0, 0, 0, 0, 0, 0, 0, 0, 0, 0, 0, 0, 0])
01-17 09:24:18.497   627  3892 D DlbDap2Process: setParam(arbs = #81[20, 47, 141, 234, 328, 469, 656, 844, 1031, 1313, 1688, 2250, 3000, 3750, 4688, 5813, 7125, 9000, 11250, 13875, 19688, -192, -192, -192, -192, -192, -192, -192, -192, -192, -192, -192, -192, -192, -192, -192, -192, -192, -192, -192, -192, 0, 0, 0, 0, 0, 0, 0, 0, 0, 0, 0, 0, 0, 0, 0, 0, 0, 0, 0, 0, 0, 0, 0, 0, 0, 0, 0, 0, 0, 0, 0, 0, 0, 0, 0, 0, 0, 0, 0, 0])
01-17 09:24:18.497   627  3892 D DlbDapEndpointParamCache: doCommit() Committed 37 parameters out of 37.
01-17 09:24:18.497   627  3892 D DlbDap2Process: setMave(mave = 0)
01-17 09:24:18.499   627  3892 D DlbDapCrossfadeProcess: process transitioning from PREROLL_ACTIVE state to FADE_TO_ACTIVE
01-17 09:24:18.533   684   928 W AudioFlinger::EffectModule: EffectModule 0xed0e3880 destructor called with unreleased interface
01-17 09:24:18.533   684   928 W AudioFlinger::EffectHandle: disconnect Effect handle 0xee0a64c0 disconnected after thread destruction
01-17 09:24:18.570 31265 31265 D featureTest: receive broadcast , change virtual speaker  virtualizer :1
01-17 09:24:18.589 31265 31265 D featureTest: virtual speaker virtualizer can not be operate for mono speaker endpoint!
01-17 09:24:18.613   627  3892 D DlbDapCrossfadeProcess: process transitioning from FADE_TO_ACTIVE state to DAP_ACTIVE
01-17 09:24:18.632 31265 31265 D featureTest: receive broadcast , record log :0
01-17 09:24:20.060   627  3892 D DlbDap2Process: process() called [488500] times
01-17 09:24:22.736   627  3892 D DlbDap2Process: process() called [489000] times
