01-17 09:24:57.712   710   900 D NuPlayerDriver: reset(0xe6bcb770) at state 5
01-17 09:24:57.713   710   900 D NuPlayerDriver: notifyListener_l(0xe6bcb770), (8, 0, 0, -1), loop setting(0, 1)
01-17 09:24:57.722   710 31600 D NuPlayerDriver: notifyResetComplete(0xe6bcb770)
01-17 09:24:57.723   710   900 D AudioTrack: stop() called with 0 frames delivered
01-17 09:24:57.836   684   928 W AudioFlinger::EffectModule: EffectModule 0xed0e3a00 destructor called with unreleased interface
01-17 09:24:57.836   684   928 W AudioFlinger::EffectHandle: disconnect Effect handle 0xee093100 disconnected after thread destruction
01-17 09:24:57.837   627   924 D DlbDlbEffect: handle_EFFECT_CMD_DISABLE()
01-17 09:24:57.837   627   924 D DlbDapCrossfadeProcess: setEnabled transitioning from DAP_ACTIVE state to FADE_TO_BYPASS
01-17 09:24:57.841   627   924 D DlbDlbEffect: handle_EFFECT_CMD_SET_CONFIG()
01-17 09:24:57.842   627  3512 D DlbDapEndpointParamCache: setDevice(device=0x00000002)
01-17 09:24:57.842   645   645 D DMSService: setActiveDevice called with device = 0x2
01-17 09:24:57.842   627  3512 D DlbDlbEffect: handle_EFFECT_CMD_ENABLE()
01-17 09:24:57.842   627  3512 D DlbDapCrossfadeProcess: setEnabled transitioning from FADE_TO_BYPASS state to FADE_TO_ACTIVE
01-17 09:24:58.003 31647 31647 D featureTest: onCreate
01-17 09:24:58.007 31647 31647 D AudioTrack: Client defaulted notificationFrames to 962 for frameCount 1924
01-17 09:24:58.010 31647 31647 W AudioTrack: Use of stream types is deprecated for operations other than volume control
01-17 09:24:58.010 31647 31647 W AudioTrack: See the documentation of AudioTrack() for what to use instead with android.media.AudioAttributes to qualify your playback use case
01-17 09:24:58.023 31647 31647 D featureTest: onResume
01-17 09:24:58.881 31647 31647 D featureTest: receive broadcast , playing content location :/sdcard/featureTest/2ch_dd_25fps_channel_id.mp4
01-17 09:24:58.892 31647 31647 D featureTest: mMediaPlayer.getAudioSessionId(): 5841
01-17 09:24:58.893 31647 31647 D featureTest: Playing file: /sdcard/featureTest/2ch_dd_25fps_channel_id.mp4
01-17 09:24:58.895   710   900 D NuPlayerDriver: NuPlayerDriver(0xe6bcb770) created, clientPid(31647)
01-17 09:24:58.921   710 31672 D NuPlayerDriver: notifyListener_l(0xe6bcb770), (1, 0, 0, -1), loop setting(0, 0)
01-17 09:24:58.932   710   900 D NuPlayerDriver: start(0xe6bcb770), state is 4, eos is 0
01-17 09:24:58.955   717  5320 I OMXMaster: makeComponentInstance(OMX.dolby.ac3.decoder) in omx@1.0-service process
01-17 09:24:58.957 31647 31647 D featureTest: receive broadcast , change ds status :0
01-17 09:24:58.975   627  3512 D DlbDlbEffect: handle_EFFECT_CMD_SET_PARAM()
01-17 09:24:58.995   717  5320 I DDP_JOCDecoder: -> init name OMX.dolby.ac3.decoder
01-17 09:24:58.996   645   645 I DMSService: registerClient type = 0, uid = e7f0fb00
01-17 09:24:58.997   717  5320 I DDP_JOCDecoder: <- init
01-17 09:24:58.997   717  5320 D DDP_JOCDecoder: initPorts
01-17 09:24:59.001   710 31680 I ACodec  : codec does not support config priority (err -2147483648)
01-17 09:24:59.002   710 31680 I MediaCodec: MediaCodec will operate in async mode
01-17 09:24:59.003   710 31680 I ACodec  : setDolbyParameterOnProcessedAudio() Received dolby_processed_audio=1
01-17 09:24:59.003   710 31679 I NuPlayerDecoder: setDolbyMessage() Notifying player that Codec supports dolby_processed_audio flag
01-17 09:24:59.003   710 31672 I NuPlayer: onDolbyMessageReceived() Setting dolby_processed_audio flag on audio sink
01-17 09:24:59.003   645   645 I DMSService: unregisterClient type = 0, uid = e7f0fb00
01-17 09:24:59.023 31647 31647 D featureTest: receive broadcast , change ds profile id :2
01-17 09:24:59.030   627  3512 D DlbDlbEffect: handle_EFFECT_CMD_SET_PARAM()
01-17 09:24:59.037   645   713 I DapController: Profile Changed to Music
01-17 09:24:59.038   645   645 I DMSService: registerClient type = 4, uid = e7f0faf0
01-17 09:24:59.039   717  4054 D DDP_JOCDecoder: internalSetParameter() Instantiating ARenderer for content processing in decoder
01-17 09:24:59.039   717  4054 I DlbDap2QmfProcess: Dap2Process()
01-17 09:24:59.039   717  4054 I ARenderer: ARenderer
01-17 09:24:59.039   717  4054 I evo_parser: evo_parser_init
01-17 09:24:59.039   717  4054 I DlbDap2QmfProcess: init()
01-17 09:24:59.039   717  4054 I DlbDap2QmfProcess: open()
01-17 09:24:59.040   717  4054 I DlbDap2QmfProcess: loadLicense() no license check!
01-17 09:24:59.040   717  4054 I DlbDap2QmfProcess: validateLicense() no license check!
01-17 09:24:59.040   717  4054 I DlbDap2QmfProcess: init() DAP opened
01-17 09:24:59.040   717  4054 I DlbDap2QmfProcess: DAP library version: 2.5.1-P2.0
01-17 09:24:59.040   717  4054 D DlbDap2QmfProcess: DAP output mode set to 1 with 2 output channels and null mix matrix.
01-17 09:24:59.040   710 31680 I ACodec  : setDolbyParameterOnProcessedAudio() Content processing enabled in decoder
01-17 09:24:59.047   717 31684 I DDP_JOCDecoder: -> start
01-17 09:24:59.047   717 31684 D DDP_JOCDecoder: Setting Max Output Channels to 2
01-17 09:24:59.047   717 31684 D DDP_JOCDecoder: setMultiChannelPCMOutDownmix mConfig->jocForceDownmixMode 1
01-17 09:24:59.048   717 31684 I udc_user: 
01-17 09:24:59.048   717 31684 I udc_user: *** DDPlus Unified Decoder Simulation  Version 1.7.3 ***
01-17 09:24:59.048   717 31684 I udc_user: 
01-17 09:24:59.048   717 31684 I udc_user: 7.1-channel decoder-converter, 
01-17 09:24:59.048   717 31684 I udc_user: 
01-17 09:24:59.048   717 31684 I udc_user: 5.1-channel dual-decoder-converter, 
01-17 09:24:59.048   717 31684 I udc_user: Karaoke unsupported, 
01-17 09:24:59.048   717 31684 I udc_user: TPNP supported. 
01-17 09:24:59.048   717 31684 I udc_user: 
01-17 09:24:59.048   717 31684 I udc_user: Unpublished work.  Copyright 2003-2014 Dolby Laboratories, Inc. and
01-17 09:24:59.048   717 31684 I udc_user: Dolby Laboratories Licensing Corporation.  All Rights Reserved.
01-17 09:24:59.048   717 31684 I udc_user: 
01-17 09:24:59.048   717 31684 I udc_user: USE OF THIS SOFTWARE IS SUBJECT TO A LEGAL AGREEMENT BETWEEN YOU AND DOLBY
01-17 09:24:59.048   717 31684 I udc_user: LABORATORIES. DO NOT USE THIS SOFTWARE UNLESS YOU AGREE TO THE TERMS AND 
01-17 09:24:59.048   717 31684 I udc_user: CONDITIONS IN THE AGREEMENT.  BY USING THIS SOFTWARE, YOU ACKNOWLEDGE THAT 
01-17 09:24:59.048   717 31684 I udc_user: YOU HAVE READ THE AGREEMENT AND THAT YOU AGREE TO BE BOUND BY ITS TERMS. 
01-17 09:24:59.048   717 31684 I udc_user: 
01-17 09:24:59.049   717 31684 I ddpdec_client_joc: ddpdec_open JOCD_MODE Buffer assignment
01-17 09:24:59.049   717 31684 D DDP_JOCDecoder: mStarted = 1
01-17 09:24:59.049   717 31684 I DDP_JOCDecoder: <- start
01-17 09:24:59.051   717 31684 D ddpdec_client_joc: ddpdec_client.c|int configDecoder()
01-17 09:24:59.052   717 31684 D DDP_JOCDecoder: Setting Max Output Channels to 2
01-17 09:24:59.052   717 31684 I DlbDap2QmfProcess: close()
01-17 09:24:59.053   717 31684 I DlbDap2QmfProcess: init()
01-17 09:24:59.053   717 31684 I DlbDap2QmfProcess: open()
01-17 09:24:59.053   717 31684 I DlbDap2QmfProcess: loadLicense() no license check!
01-17 09:24:59.053   717 31684 I DlbDap2QmfProcess: validateLicense() no license check!
01-17 09:24:59.053   717 31684 I DlbDap2QmfProcess: init() DAP opened
01-17 09:24:59.053   717 31684 I DlbDap2QmfProcess: DAP library version: 2.5.1-P2.0
01-17 09:24:59.053   717 31684 D DlbDap2QmfProcess: DAP output mode set to 1 with 2 output channels and null mix matrix.
01-17 09:24:59.053   717 31684 D ARenderer: checkAndUpdateConfig: DAP reinitialized because of sample rate change
01-17 09:24:59.053   717 31684 D ARenderer: updateDapConfig: Updating DAP configuration
01-17 09:24:59.054   717 31684 I ARenderer: updateDapConfig: Disable content processing in decoder-ARenderer
01-17 09:24:59.054   717 31684 D DlbDap2QmfProcess: setParam(deon = #1[0])
01-17 09:24:59.054   717 31684 D DlbDap2QmfProcess: setParam(dvle = #1[0])
01-17 09:24:59.054   717 31684 D DlbDap2QmfProcess: setParam(ieon = #1[0])
01-17 09:24:59.054   717 31684 D DlbDap2QmfProcess: setParam(dvme = #1[0])
01-17 09:24:59.054   717 31684 D DlbDap2QmfProcess: setParam(dom = #1[0])
01-17 09:24:59.054   717 31684 D DlbDap2QmfProcess: setParam(msce = #1[0])
01-17 09:24:59.054   717 31684 D DlbDap2QmfProcess: setParam(miee = #1[0])
01-17 09:24:59.054   717 31684 D DlbDap2QmfProcess: setParam(mdle = #1[0])
01-17 09:24:59.054   717 31684 D DlbDap2QmfProcess: setParam(mdee = #1[0])
01-17 09:24:59.054   717 31684 D DlbDap2QmfProcess: setParam(mave = #1[0])
01-17 09:24:59.054   717 31684 D DlbDap2QmfProcess: setParam(ngon = #1[0])
01-17 09:24:59.054   717 31684 D DlbDap2QmfProcess: setParam(dvle = #1[1])
01-17 09:24:59.054   717 31684 D DlbDap2QmfProcess: setParam(dvli = #1[-496])
01-17 09:24:59.054   717 31684 D DlbDap2QmfProcess: setParam(dvlo = #1[-224])
01-17 09:24:59.054   717 31684 D ARenderer: updateDapVolumeLeveler: Setting output level to -14.00dB
01-17 09:24:59.054   717 31684 D DlbDap2QmfProcess: setParam(vmb = #1[0])
01-17 09:24:59.054   717 31684 D DlbDap2QmfProcess: setParam(preg = #1[-384])
01-17 09:24:59.054   717 31684 D DlbDap2QmfProcess: setParam(vol = #1[384])
01-17 09:24:59.054   717 31684 D DlbDap2QmfProcess: processQmf() called [0] times
01-17 09:24:59.055   717 31684 D DlbDap2QmfProcess: setMave(mave = 0)
01-17 09:24:59.069   710 31678 D AudioTrack: Client defaulted notificationFrames to 12000 for frameCount 24000
01-17 09:24:59.070   684   684 I AudioFlinger: attachAuxEffect(): Marking track 779 as containing processed audio
01-17 09:24:59.070   684   684 D AudioFlinger: trackContainsProcessedAudio() Track id 779 contains processed audio
01-17 09:24:59.073   684  7227 D AudioFlinger: trackStateChanged() Track id 779 state changed to 6
01-17 09:24:59.073   684  7227 I AudioFlinger: updateProcessedAudioState() Changing content processing in effect to 1
01-17 09:24:59.073   627   924 D DlbDlbEffect: handle_EFFECT_CMD_SET_PARAM()
01-17 09:24:59.074   710 31672 D NuPlayerDriver: notifyListener_l(0xe6bcb770), (6, 0, 0, -1), loop setting(0, 1)
01-17 09:24:59.077   627  3892 I DlbEffectContext: setContentProcEnabled() Disabling content processing in effect
01-17 09:24:59.077   627  3892 D DlbDapEndpointParamCache: commitChangedParams()
01-17 09:24:59.077   627  3892 D DlbDapEndpointParamCache: commit() Applying parameters for device 0x40000000
01-17 09:24:59.077   627  3892 D DlbDap2Process: setParam(msce = #1[0])
01-17 09:24:59.077   627  3892 D DlbDap2Process: setParam(mdee = #1[0])
01-17 09:24:59.077   627  3892 D DlbDap2Process: setParam(miee = #1[0])
01-17 09:24:59.077   627  3892 D DlbDap2Process: setParam(mdle = #1[0])
01-17 09:24:59.077   627  3892 D DlbDap2Process: setParam(dvle = #1[0])
01-17 09:24:59.077   627  3892 D DlbDap2Process: setParam(mave = #1[0])
01-17 09:24:59.077   627  3892 D DlbDap2Process: setParam(ieon = #1[0])
01-17 09:24:59.077   627  3892 D DlbDapEndpointParamCache: doCommit() Committed 7 parameters out of 16.
01-17 09:24:59.077   627  3892 D DlbDapEndpointParamCache: commit() Overriding parameters for current device 0x00000002
01-17 09:24:59.077   627  3892 D DlbDap2Process: setParam(dom = #1[0])
01-17 09:24:59.077   627  3892 D DlbDap2Process: setParam(dvle = #1[0])
01-17 09:24:59.077   627  3892 D DlbDap2Process: setParam(dvme = #1[0])
01-17 09:24:59.077   627  3892 D DlbDap2Process: setParam(deon = #1[0])
01-17 09:24:59.077   627  3892 D DlbDap2Process: setParam(ngon = #1[0])
01-17 09:24:59.077   627  3892 D DlbDapEndpointParamCache: doCommit() Committed 5 parameters out of 37.
01-17 09:24:59.079   627  3892 D DlbDapCrossfadeProcess: setEnabled transitioning from FADE_TO_ACTIVE state to FADE_TO_BYPASS
01-17 09:24:59.080   627  3892 D DlbDapEndpointParamCache: commitChangedParams()
01-17 09:24:59.080   627  3892 D DlbDapEndpointParamCache: commit() Applying parameters for device 0x40000000
01-17 09:24:59.080   627  3892 D DlbDap2Process: setParam(iea = #1[10])
01-17 09:24:59.080   627  3892 D DlbDap2Process: setParam(vcbf = #20[47, 141, 234, 328, 469, 656, 844, 1031, 1313, 1688, 2250, 3000, 3750, 4688, 5813, 7125, 9000, 11250, 13875, 19688])
01-17 09:24:59.080   627  3892 D DlbDap2Process: setParam(vbon = #1[0])
01-17 09:24:59.080   627  3892 D DlbDap2Process: setParam(beon = #1[0])
01-17 09:24:59.081   627  3892 D DlbDap2Process: setParam(geon = #1[0])
01-17 09:24:59.081   627  3892 D DlbDap2Process: setParam(gebs = #41[20, 47, 141, 234, 328, 469, 656, 844, 1031, 1313, 1688, 2250, 3000, 3750, 4688, 5813, 7125, 9000, 11250, 13875, 19688, 0, 0, 0, 0, 0, 0, 0, 0, 0, 0, 0, 0, 0, 0, 0, 0, 0, 0, 0, 0])
01-17 09:24:59.081   627  3892 D DlbDap2Process: setParam(iebs = #41[20, 65, 136, 223, 332, 467, 634, 841, 1098, 1416, 1812, 2302, 2909, 3663, 4598, 5756, 7194, 8976, 11186, 13927, 17326, 117, 133, 188, 176, 141, 149, 175, 185, 185, 200, 236, 242, 228, 213, 182, 132, 110, 68, -27, -240])
01-17 09:24:59.081   627  3892 D DlbDapEndpointParamCache: doCommit() Committed 8 parameters out of 16.
01-17 09:24:59.081   627  3892 D DlbDapEndpointParamCache: commit() Overriding parameters for current device 0x00000002
01-17 09:24:59.081   627  3892 D DlbDap2Process: setParam(dea = #1[7])
01-17 09:24:59.081   627  3892 D DlbDap2Process: setParam(dsa = #1[10])
01-17 09:24:59.081   627  3892 D DlbDap2Process: setParam(beb = #1[192])
01-17 09:24:59.081   627  3892 D DlbDap2Process: setParam(plb = #1[0])
01-17 09:24:59.081   627  3892 D DlbDap2Process: setParam(vmb = #1[144])
01-17 09:24:59.081   627  3892 D DlbDap2Process: setParam(dsb = #1[0])
01-17 09:24:59.081   627  3892 D DlbDap2Process: setParam(ded = #1[0])
01-17 09:24:59.081   627  3892 D DlbDap2Process: setParam(vbm = #1[3])
01-17 09:24:59.081   627  3892 D DlbDap2Process: setParam(bew = #1[16])
01-17 09:24:59.081   627  3892 D DlbDap2Process: setParam(dvla = #1[4])
01-17 09:24:59.081   627  3892 D DlbDap2Process: setParam(arra = #1[96])
01-17 09:24:59.081   627  3892 D DlbDap2Process: setParam(dfsa = #1[10])
01-17 09:24:59.081   627  3892 D DlbDap2Process: setParam(dhsa = #1[10])
01-17 09:24:59.081   627  3892 D DlbDap2Process: setParam(dvmc = #1[0])
01-17 09:24:59.081   627  3892 D DlbDap2Process: setParam(arod = #1[0])
01-17 09:24:59.081   627  3892 D DlbDap2Process: setParam(arde = #1[1])
01-17 09:24:59.081   627  3892 D DlbDap2Process: setParam(becf = #1[200])
01-17 09:24:59.081   627  3892 D DlbDap2Process: setParam(vbmf = #2[94, 469])
01-17 09:24:59.081   627  3892 D DlbDap2Process: setParam(vbsf = #2[35, 160])
01-17 09:24:59.081   627  3892 D DlbDap2Process: setParam(vbhg = #3[-32, -144, -192])
01-17 09:24:59.081   627  3892 D DlbDap2Process: setParam(vbog = #1[0])
01-17 09:24:59.081   627  3892 D DlbDap2Process: setParam(vbsg = #1[0])
01-17 09:24:59.081   627  3892 D DlbDap2Process: setParam(dvli = #1[-320])
01-17 09:24:59.081   627  3892 D DlbDap2Process: setParam(dhfm = #1[2])
01-17 09:24:59.081   627  3892 D DlbDap2Process: setParam(vbon = #1[0])
01-17 09:24:59.081   627  3892 D DlbDap2Process: setParam(beon = #1[0])
01-17 09:24:59.081   627  3892 D DlbDap2Process: setParam(aoon = #1[1])
01-17 09:24:59.081   627  3892 D DlbDap2Process: setParam(aron = #1[1])
01-17 09:24:59.081   627  3892 D DlbDap2Process: setParam(dvlo = #1[-320])
01-17 09:24:59.081   627  3892 D DlbDap2Process: setParam(artp = #1[12])
01-17 09:24:59.082   627  3892 D DlbDap2Process: setParam(aobs = #222[20, 10, 47, 141, 234, 328, 469, 656, 844, 1031, 1313, 1688, 2250, 3000, 3750, 4688, 5813, 7125, 9000, 11250, 13875, 19688, 0, 0, 0, 0, 0, 0, 0, 0, 0, 0, 0, 0, 0, 0, 0, 0, 0, 0, 0, 0, 0, 0, 0, 0, 0, 0, 0, 0, 0, 0, 0, 0, 0, 0, 0, 0, 0, 0, 0, 0, 0, 0, 0, 0, 0, 0, 0, 0, 0, 0, 0, 0, 0, 0, 0, 0, 0, 0, 0, 0, 0, 0, 0, 0, 0, 0, 0, 0, 0, 0, 0, 0, 0, 0, 0, 0, 0, 0, 0, 0, 0, 0, 0, 0, 0, 0, 0, 0, 0, 0, 0, 0, 0, 0, 0, 0, 0, 0, 0, 0, 0, 0, 0, 0, 0, 0, 0, 0, 0, 0, 0, 0, 0, 0, 0, 0, 0, 0, 0, 0, 0, 0, 0, 0, 0, 0, 0, 0, 0, 0, 0, 0, 0, 0, 0, 0, 0, 0, 0, 0, 0, 0, 0, 0, 0, 0, 0, 0, 0, 0, 0, 0, 0, 0, 0, 0, 0, 0, 0, 0, 0, 0, 0, 0, 0, 0, 0, 0, 0, 0, 0, 0, 0, 0, 0, 0, 0, 0, 0, 0, 0, 0, 0, 0, 0, 0, 0, 0, 0, 0, 0, 0, 0, 0, 0, 0, 0, 0, 0, 0])
01-17 09:24:59.082   627  3892 D DlbDap2Process: setParam(arbs = #81[20, 47, 141, 234, 328, 469, 656, 844, 1031, 1313, 1688, 2250, 3000, 3750, 4688, 5813, 7125, 9000, 11250, 13875, 19688, -192, -192, -192, -192, -192, -192, -192, -192, -192, -192, -192, -192, -192, -192, -192, -192, -192, -192, -192, -192, 0, 0, 0, 0, 0, 0, 0, 0, 0, 0, 0, 0, 0, 0, 0, 0, 0, 0, 0, 0, 0, 0, 0, 0, 0, 0, 0, 0, 0, 0, 0, 0, 0, 0, 0, 0, 0, 0, 0, 0])
01-17 09:24:59.082   627  3892 D DlbDapEndpointParamCache: doCommit() Committed 32 parameters out of 37.
01-17 09:24:59.082   627  3892 D DlbDap2Process: setMave(mave = 0)
01-17 09:24:59.087 31647 31647 D featureTest: receive broadcast , playing content location :/sdcard/featureTest/2ch_dd_25fps_channel_id.mp4
01-17 09:24:59.089   710   900 D NuPlayerDriver: stop(0xe6bcb770)
01-17 09:24:59.090   710   900 D NuPlayerDriver: notifyListener_l(0xe6bcb770), (8, 0, 0, -1), loop setting(0, 1)
01-17 09:24:59.090   710   900 D NuPlayerDriver: reset(0xe6bcb770) at state 8
01-17 09:24:59.101   717  4054 I DDP_JOCDecoder: -> ~DDPDecoder
01-17 09:24:59.101   717  4054 I DDP_JOCDecoder: -> stop
01-17 09:24:59.102   645   645 I DMSService: unregisterClient type = 4, uid = e7f0faf0
01-17 09:24:59.146   717  4054 I DDP_JOCDecoder: <- stop
01-17 09:24:59.147   717  4054 I ARenderer: ~ARenderer
01-17 09:24:59.147   717  4054 I evo_parser: evo_parser_close
01-17 09:24:59.147   717  4054 I DlbDap2QmfProcess: ~Dap2Process()
01-17 09:24:59.147   717  4054 I DlbDap2QmfProcess: close()
01-17 09:24:59.147   717  4054 I DDP_JOCDecoder: <- ~DDPDecoder
01-17 09:24:59.153   627  3892 I DlbEffectContext: setContentProcEnabled() Enabling content processing in global effect
01-17 09:24:59.153   627  3892 D DlbDapEndpointParamCache: commitChangedParams()
01-17 09:24:59.153   627  3892 D DlbDapEndpointParamCache: commit() Applying parameters for device 0x40000000
01-17 09:24:59.153   627  3892 D DlbDap2Process: setParam(iea = #1[10])
01-17 09:24:59.153   627  3892 D DlbDap2Process: setParam(msce = #1[0])
01-17 09:24:59.153   627  3892 D DlbDap2Process: setParam(mdee = #1[0])
01-17 09:24:59.153   627  3892 D DlbDap2Process: setParam(miee = #1[0])
01-17 09:24:59.153   627  3892 D DlbDap2Process: setParam(mdle = #1[0])
01-17 09:24:59.153   627  3892 D DlbDap2Process: setParam(dvle = #1[1])
01-17 09:24:59.153   627  3892 D DlbDap2Process: setParam(mave = #1[0])
01-17 09:24:59.153   627  3892 D DlbDap2Process: setParam(vcbf = #20[47, 141, 234, 328, 469, 656, 844, 1031, 1313, 1688, 2250, 3000, 3750, 4688, 5813, 7125, 9000, 11250, 13875, 19688])
01-17 09:24:59.153   627  3892 D DlbDap2Process: setParam(vbon = #1[0])
01-17 09:24:59.153   627  3892 D DlbDap2Process: setParam(beon = #1[0])
01-17 09:24:59.153   627  3892 D DlbDap2Process: setParam(geon = #1[0])
01-17 09:24:59.154   627  3892 D DlbDap2Process: setParam(ieon = #1[1])
01-17 09:24:59.154   627  3892 D DlbDap2Process: setParam(gebs = #41[20, 47, 141, 234, 328, 469, 656, 844, 1031, 1313, 1688, 2250, 3000, 3750, 4688, 5813, 7125, 9000, 11250, 13875, 19688, 0, 0, 0, 0, 0, 0, 0, 0, 0, 0, 0, 0, 0, 0, 0, 0, 0, 0, 0, 0])
01-17 09:24:59.154   627  3892 D DlbDap2Process: setParam(iebs = #41[20, 65, 136, 223, 332, 467, 634, 841, 1098, 1416, 1812, 2302, 2909, 3663, 4598, 5756, 7194, 8976, 11186, 13927, 17326, 117, 133, 188, 176, 141, 149, 175, 185, 185, 200, 236, 242, 228, 213, 182, 132, 110, 68, -27, -240])
01-17 09:24:59.154   627  3892 D DlbDapEndpointParamCache: doCommit() Committed 15 parameters out of 16.
01-17 09:24:59.154   627  3892 D DlbDapEndpointParamCache: commit() Overriding parameters for current device 0x00000002
01-17 09:24:59.154   627  3892 D DlbDap2Process: setParam(dea = #1[7])
01-17 09:24:59.154   627  3892 D DlbDap2Process: setParam(dsa = #1[10])
01-17 09:24:59.154   627  3892 D DlbDap2Process: setParam(beb = #1[192])
01-17 09:24:59.154   627  3892 D DlbDap2Process: setParam(plb = #1[0])
01-17 09:24:59.154   627  3892 D DlbDap2Process: setParam(vmb = #1[144])
01-17 09:24:59.154   627  3892 D DlbDap2Process: setParam(dsb = #1[0])
01-17 09:24:59.154   627  3892 D DlbDap2Process: setParam(ded = #1[0])
01-17 09:24:59.154   627  3892 D DlbDap2Process: setParam(vbm = #1[3])
01-17 09:24:59.154   627  3892 D DlbDap2Process: setParam(dom = #1[0])
01-17 09:24:59.154   627  3892 D DlbDap2Process: setParam(bew = #1[16])
01-17 09:24:59.154   627  3892 D DlbDap2Process: setParam(dvla = #1[4])
01-17 09:24:59.154   627  3892 D DlbDap2Process: setParam(arra = #1[96])
01-17 09:24:59.154   627  3892 D DlbDap2Process: setParam(dfsa = #1[10])
01-17 09:24:59.154   627  3892 D DlbDap2Process: setParam(dhsa = #1[10])
01-17 09:24:59.155   627  3892 D DlbDap2Process: setParam(dvmc = #1[0])
01-17 09:24:59.155   627  3892 D DlbDap2Process: setParam(arod = #1[0])
01-17 09:24:59.155   627  3892 D DlbDap2Process: setParam(arde = #1[1])
01-17 09:24:59.155   627  3892 D DlbDap2Process: setParam(dvle = #1[1])
01-17 09:24:59.155   627  3892 D DlbDap2Process: setParam(dvme = #1[0])
01-17 09:24:59.155   627  3892 D DlbDap2Process: setParam(becf = #1[200])
01-17 09:24:59.155   627  3892 D DlbDap2Process: setParam(vbmf = #2[94, 469])
01-17 09:24:59.155   627  3892 D DlbDap2Process: setParam(vbsf = #2[35, 160])
01-17 09:24:59.155   627  3892 D DlbDap2Process: setParam(vbhg = #3[-32, -144, -192])
01-17 09:24:59.155   627  3892 D DlbDap2Process: setParam(vbog = #1[0])
01-17 09:24:59.155   627  3892 D DlbDap2Process: setParam(vbsg = #1[0])
01-17 09:24:59.155   627  3892 D DlbDap2Process: setParam(dvli = #1[-320])
01-17 09:24:59.155   627  3892 D DlbDap2Process: setParam(dhfm = #1[2])
01-17 09:24:59.155   627  3892 D DlbDap2Process: setParam(vbon = #1[0])
01-17 09:24:59.155   627  3892 D DlbDap2Process: setParam(beon = #1[0])
01-17 09:24:59.155   627  3892 D DlbDap2Process: setParam(deon = #1[0])
01-17 09:24:59.155   627  3892 D DlbDap2Process: setParam(ngon = #1[1])
01-17 09:24:59.155   627  3892 D DlbDap2Process: setParam(aoon = #1[1])
01-17 09:24:59.155   627  3892 D DlbDap2Process: setParam(aron = #1[1])
01-17 09:24:59.155   627  3892 D DlbDap2Process: setParam(dvlo = #1[-320])
01-17 09:24:59.155   627  3892 D DlbDap2Process: setParam(artp = #1[12])
01-17 09:24:59.156   627  3892 D DlbDap2Process: setParam(aobs = #222[20, 10, 47, 141, 234, 328, 469, 656, 844, 1031, 1313, 1688, 2250, 3000, 3750, 4688, 5813, 7125, 9000, 11250, 13875, 19688, 0, 0, 0, 0, 0, 0, 0, 0, 0, 0, 0, 0, 0, 0, 0, 0, 0, 0, 0, 0, 0, 0, 0, 0, 0, 0, 0, 0, 0, 0, 0, 0, 0, 0, 0, 0, 0, 0, 0, 0, 0, 0, 0, 0, 0, 0, 0, 0, 0, 0, 0, 0, 0, 0, 0, 0, 0, 0, 0, 0, 0, 0, 0, 0, 0, 0, 0, 0, 0, 0, 0, 0, 0, 0, 0, 0, 0, 0, 0, 0, 0, 0, 0, 0, 0, 0, 0, 0, 0, 0, 0, 0, 0, 0, 0, 0, 0, 0, 0, 0, 0, 0, 0, 0, 0, 0, 0, 0, 0, 0, 0, 0, 0, 0, 0, 0, 0, 0, 0, 0, 0, 0, 0, 0, 0, 0, 0, 0, 0, 0, 0, 0, 0, 0, 0, 0, 0, 0, 0, 0, 0, 0, 0, 0, 0, 0, 0, 0, 0, 0, 0, 0, 0, 0, 0, 0, 0, 0, 0, 0, 0, 0, 0, 0, 0, 0, 0, 0, 0, 0, 0, 0, 0, 0, 0, 0, 0, 0, 0, 0, 0, 0, 0, 0, 0, 0, 0, 0, 0, 0, 0, 0, 0, 0, 0, 0, 0, 0, 0, 0])
01-17 09:24:59.156   627  3892 D DlbDap2Process: setParam(arbs = #81[20, 47, 141, 234, 328, 469, 656, 844, 1031, 1313, 1688, 2250, 3000, 3750, 4688, 5813, 7125, 9000, 11250, 13875, 19688, -192, -192, -192, -192, -192, -192, -192, -192, -192, -192, -192, -192, -192, -192, -192, -192, -192, -192, -192, -192, 0, 0, 0, 0, 0, 0, 0, 0, 0, 0, 0, 0, 0, 0, 0, 0, 0, 0, 0, 0, 0, 0, 0, 0, 0, 0, 0, 0, 0, 0, 0, 0, 0, 0, 0, 0, 0, 0, 0, 0])
01-17 09:24:59.156   627  3892 D DlbDapEndpointParamCache: doCommit() Committed 37 parameters out of 37.
01-17 09:24:59.157   627  3892 D DlbDap2Process: setMave(mave = 0)
01-17 09:24:59.157   710 31672 D NuPlayerDriver: notifyResetComplete(0xe6bcb770)
01-17 09:24:59.158   710   900 D NuPlayerDriver: reset(0xe6bcb770) at state 0
01-17 09:24:59.164 31647 31647 D featureTest: mMediaPlayer.getAudioSessionId(): 5849
01-17 09:24:59.164 31647 31647 D featureTest: Playing file: /sdcard/featureTest/2ch_dd_25fps_channel_id.mp4
01-17 09:24:59.165   710   900 D NuPlayerDriver: NuPlayerDriver(0xe6bcb850) created, clientPid(31647)
01-17 09:24:59.181   710 31698 D NuPlayerDriver: notifyListener_l(0xe6bcb850), (1, 0, 0, -1), loop setting(0, 0)
01-17 09:24:59.186   710   900 D NuPlayerDriver: start(0xe6bcb850), state is 4, eos is 0
01-17 09:24:59.194 31647 31647 D featureTest: receive broadcast , change ds status :1
01-17 09:24:59.201   684  1056 D AudioFlinger: trackStateChanged() Track id 779 state changed to 2
01-17 09:24:59.201   684  1056 I AudioFlinger: updateProcessedAudioState() Changing content processing in effect to 0
01-17 09:24:59.201   627   924 D DlbDlbEffect: handle_EFFECT_CMD_SET_PARAM()
01-17 09:24:59.206   717  5320 I OMXMaster: makeComponentInstance(OMX.dolby.ac3.decoder) in omx@1.0-service process
01-17 09:24:59.212   684  1056 D AudioFlinger: trackDestroyed() Track id 779 no longer contains processed audio
01-17 09:24:59.215   627  3892 D DlbDapCrossfadeProcess: process transitioning from FADE_TO_BYPASS state to DAP_BYPASSED
01-17 09:24:59.216   627  3512 D DlbDlbEffect: handle_EFFECT_CMD_SET_PARAM()
01-17 09:24:59.216   684   928 W AudioFlinger::EffectModule: EffectModule 0xed0e1d80 destructor called with unreleased interface
01-17 09:24:59.216   684   928 W AudioFlinger::EffectHandle: disconnect Effect handle 0xee163300 disconnected after thread destruction
01-17 09:24:59.231   627  3892 D DlbDapCrossfadeProcess: setEnabled transitioning from DAP_BYPASSED state to PREROLL_ACTIVE
01-17 09:24:59.243   717  5320 I DDP_JOCDecoder: -> init name OMX.dolby.ac3.decoder
01-17 09:24:59.244   645   645 I DMSService: registerClient type = 0, uid = e7f0fb00
01-17 09:24:59.244   717  5320 I DDP_JOCDecoder: <- init
01-17 09:24:59.244   717  5320 D DDP_JOCDecoder: initPorts
01-17 09:24:59.246   710 31703 I ACodec  : codec does not support config priority (err -2147483648)
01-17 09:24:59.246   710 31703 I MediaCodec: MediaCodec will operate in async mode
01-17 09:24:59.246   710 31703 I ACodec  : setDolbyParameterOnProcessedAudio() Received dolby_processed_audio=1
01-17 09:24:59.246   710 31702 I NuPlayerDecoder: setDolbyMessage() Notifying player that Codec supports dolby_processed_audio flag
01-17 09:24:59.247   710 31698 I NuPlayer: onDolbyMessageReceived() Setting dolby_processed_audio flag on audio sink
01-17 09:24:59.247   645   645 I DMSService: unregisterClient type = 0, uid = e7f0fb00
01-17 09:24:59.265 31647 31647 D featureTest: receive broadcast , change ds profile id :5
01-17 09:24:59.283   627  3512 D DlbDlbEffect: handle_EFFECT_CMD_SET_PARAM()
01-17 09:24:59.283   645   645 I DMSService: registerClient type = 4, uid = e7f0faf0
01-17 09:24:59.283   717 21044 D DDP_JOCDecoder: internalSetParameter() Instantiating ARenderer for content processing in decoder
01-17 09:24:59.283   717 21044 I DlbDap2QmfProcess: Dap2Process()
01-17 09:24:59.283   717 21044 I ARenderer: ARenderer
01-17 09:24:59.283   717 21044 I evo_parser: evo_parser_init
01-17 09:24:59.283   717 21044 I DlbDap2QmfProcess: init()
01-17 09:24:59.283   717 21044 I DlbDap2QmfProcess: open()
01-17 09:24:59.283   717 21044 I DlbDap2QmfProcess: loadLicense() no license check!
01-17 09:24:59.283   717 21044 I DlbDap2QmfProcess: validateLicense() no license check!
01-17 09:24:59.283   717 21044 I DlbDap2QmfProcess: init() DAP opened
01-17 09:24:59.283   717 21044 I DlbDap2QmfProcess: DAP library version: 2.5.1-P2.0
01-17 09:24:59.283   717 21044 D DlbDap2QmfProcess: DAP output mode set to 1 with 2 output channels and null mix matrix.
01-17 09:24:59.284   710 31703 I ACodec  : setDolbyParameterOnProcessedAudio() Content processing enabled in decoder
01-17 09:24:59.284   645   713 I DapController: Profile Changed to Custom
01-17 09:24:59.294   627  3892 I DlbEffectContext: setContentProcEnabled() Disabling content processing in effect
01-17 09:24:59.294   627  3892 D DlbDapEndpointParamCache: commitChangedParams()
01-17 09:24:59.294   627  3892 D DlbDapEndpointParamCache: commit() Applying parameters for device 0x40000000
01-17 09:24:59.294   627  3892 D DlbDap2Process: setParam(msce = #1[0])
01-17 09:24:59.294   627  3892 D DlbDap2Process: setParam(mdee = #1[0])
01-17 09:24:59.294   627  3892 D DlbDap2Process: setParam(miee = #1[0])
01-17 09:24:59.294   627  3892 D DlbDap2Process: setParam(mdle = #1[0])
01-17 09:24:59.294   627  3892 D DlbDap2Process: setParam(dvle = #1[0])
01-17 09:24:59.294   627  3892 D DlbDap2Process: setParam(mave = #1[0])
01-17 09:24:59.294   627  3892 D DlbDap2Process: setParam(ieon = #1[0])
01-17 09:24:59.294   627  3892 D DlbDapEndpointParamCache: doCommit() Committed 7 parameters out of 16.
01-17 09:24:59.294   627  3892 D DlbDapEndpointParamCache: commit() Overriding parameters for current device 0x00000002
01-17 09:24:59.294   627  3892 D DlbDap2Process: setParam(dom = #1[0])
01-17 09:24:59.294   627  3892 D DlbDap2Process: setParam(dvle = #1[0])
01-17 09:24:59.294   627  3892 D DlbDap2Process: setParam(dvme = #1[0])
01-17 09:24:59.294   627  3892 D DlbDap2Process: setParam(deon = #1[0])
01-17 09:24:59.294   627  3892 D DlbDap2Process: setParam(ngon = #1[0])
01-17 09:24:59.294   627  3892 D DlbDapEndpointParamCache: doCommit() Committed 5 parameters out of 37.
01-17 09:24:59.296   627  3892 D DlbDapEndpointParamCache: commitChangedParams()
01-17 09:24:59.296   627  3892 D DlbDapEndpointParamCache: commit() Applying parameters for device 0x40000000
01-17 09:24:59.296   627  3892 D DlbDap2Process: setParam(iea = #1[10])
01-17 09:24:59.296   627  3892 D DlbDap2Process: setParam(vcbf = #20[47, 141, 234, 328, 469, 656, 844, 1031, 1313, 1688, 2250, 3000, 3750, 4688, 5813, 7125, 9000, 11250, 13875, 19688])
01-17 09:24:59.296   627  3892 D DlbDap2Process: setParam(vbon = #1[0])
01-17 09:24:59.296   627  3892 D DlbDap2Process: setParam(beon = #1[0])
01-17 09:24:59.296   627  3892 D DlbDap2Process: setParam(geon = #1[0])
01-17 09:24:59.296   627  3892 D DlbDap2Process: setParam(gebs = #41[20, 47, 141, 234, 328, 469, 656, 844, 1031, 1313, 1688, 2250, 3000, 3750, 4688, 5813, 7125, 9000, 11250, 13875, 19688, 0, 0, 0, 0, 0, 0, 0, 0, 0, 0, 0, 0, 0, 0, 0, 0, 0, 0, 0, 0])
01-17 09:24:59.296   627  3892 D DlbDap2Process: setParam(iebs = #41[20, 65, 136, 223, 332, 467, 634, 841, 1098, 1416, 1812, 2302, 2909, 3663, 4598, 5756, 7194, 8976, 11186, 13927, 17326, 117, 133, 188, 176, 141, 149, 175, 185, 185, 200, 236, 242, 228, 213, 182, 132, 110, 68, -27, -240])
01-17 09:24:59.296   627  3892 D DlbDapEndpointParamCache: doCommit() Committed 8 parameters out of 16.
01-17 09:24:59.296   627  3892 D DlbDapEndpointParamCache: commit() Overriding parameters for current device 0x00000002
01-17 09:24:59.296   627  3892 D DlbDap2Process: setParam(dea = #1[7])
01-17 09:24:59.296   627  3892 D DlbDap2Process: setParam(dsa = #1[10])
01-17 09:24:59.296   627  3892 D DlbDap2Process: setParam(beb = #1[192])
01-17 09:24:59.296   627  3892 D DlbDap2Process: setParam(plb = #1[0])
01-17 09:24:59.296   627  3892 D DlbDap2Process: setParam(vmb = #1[144])
01-17 09:24:59.296   627  3892 D DlbDap2Process: setParam(dsb = #1[48])
01-17 09:24:59.296   627  3892 D DlbDap2Process: setParam(ded = #1[0])
01-17 09:24:59.296   627  3892 D DlbDap2Process: setParam(vbm = #1[3])
01-17 09:24:59.296   627  3892 D DlbDap2Process: setParam(bew = #1[16])
01-17 09:24:59.296   627  3892 D DlbDap2Process: setParam(dvla = #1[5])
01-17 09:24:59.296   627  3892 D DlbDap2Process: setParam(arra = #1[96])
01-17 09:24:59.296   627  3892 D DlbDap2Process: setParam(dfsa = #1[10])
01-17 09:24:59.296   627  3892 D DlbDap2Process: setParam(dhsa = #1[10])
01-17 09:24:59.296   627  3892 D DlbDap2Process: setParam(dvmc = #1[0])
01-17 09:24:59.296   627  3892 D DlbDap2Process: setParam(arod = #1[0])
01-17 09:24:59.296   627  3892 D DlbDap2Process: setParam(arde = #1[1])
01-17 09:24:59.296   627  3892 D DlbDap2Process: setParam(becf = #1[200])
01-17 09:24:59.296   627  3892 D DlbDap2Process: setParam(vbmf = #2[94, 469])
01-17 09:24:59.296   627  3892 D DlbDap2Process: setParam(vbsf = #2[35, 160])
01-17 09:24:59.296   627  3892 D DlbDap2Process: setParam(vbhg = #3[-32, -144, -192])
01-17 09:24:59.296   627  3892 D DlbDap2Process: setParam(vbog = #1[0])
01-17 09:24:59.296   627  3892 D DlbDap2Process: setParam(vbsg = #1[0])
01-17 09:24:59.296   627  3892 D DlbDap2Process: setParam(dvli = #1[-320])
01-17 09:24:59.296   627  3892 D DlbDap2Process: setParam(dhfm = #1[2])
01-17 09:24:59.296   627  3892 D DlbDap2Process: setParam(vbon = #1[0])
01-17 09:24:59.296   717 31706 I DDP_JOCDecoder: -> start
01-17 09:24:59.296   627  3892 D DlbDap2Process: setParam(beon = #1[0])
01-17 09:24:59.296   627  3892 D DlbDap2Process: setParam(aoon = #1[1])
01-17 09:24:59.297   627  3892 D DlbDap2Process: setParam(aron = #1[1])
01-17 09:24:59.297   627  3892 D DlbDap2Process: setParam(dvlo = #1[-320])
01-17 09:24:59.297   627  3892 D DlbDap2Process: setParam(artp = #1[12])
01-17 09:24:59.297   627  3892 D DlbDap2Process: setParam(aobs = #222[20, 10, 47, 141, 234, 328, 469, 656, 844, 1031, 1313, 1688, 2250, 3000, 3750, 4688, 5813, 7125, 9000, 11250, 13875, 19688, 0, 0, 0, 0, 0, 0, 0, 0, 0, 0, 0, 0, 0, 0, 0, 0, 0, 0, 0, 0, 0, 0, 0, 0, 0, 0, 0, 0, 0, 0, 0, 0, 0, 0, 0, 0, 0, 0, 0, 0, 0, 0, 0, 0, 0, 0, 0, 0, 0, 0, 0, 0, 0, 0, 0, 0, 0, 0, 0, 0, 0, 0, 0, 0, 0, 0, 0, 0, 0, 0, 0, 0, 0, 0, 0, 0, 0, 0, 0, 0, 0, 0, 0, 0, 0, 0, 0, 0, 0, 0, 0, 0, 0, 0, 0, 0, 0, 0, 0, 0, 0, 0, 0, 0, 0, 0, 0, 0, 0, 0, 0, 0, 0, 0, 0, 0, 0, 0, 0, 0, 0, 0, 0, 0, 0, 0, 0, 0, 0, 0, 0, 0, 0, 0, 0, 0, 0, 0, 0, 0, 0, 0, 0, 0, 0, 0, 0, 0, 0, 0, 0, 0, 0, 0, 0, 0, 0, 0, 0, 0, 0, 0, 0, 0, 0, 0, 0, 0, 0, 0, 0, 0, 0, 0, 0, 0, 0, 0, 0, 0, 0, 0, 0, 0, 0, 0, 0, 0, 0, 0, 0, 0, 0, 0, 0, 0, 0, 0, 0, 0])
01-17 09:24:59.297   627  3892 D DlbDap2Process: setParam(arbs = #81[20, 47, 141, 234, 328, 469, 656, 844, 1031, 1313, 1688, 2250, 3000, 3750, 4688, 5813, 7125, 9000, 11250, 13875, 19688, -192, -192, -192, -192, -192, -192, -192, -192, -192, -192, -192, -192, -192, -192, -192, -192, -192, -192, -192, -192, 0, 0, 0, 0, 0, 0, 0, 0, 0, 0, 0, 0, 0, 0, 0, 0, 0, 0, 0, 0, 0, 0, 0, 0, 0, 0, 0, 0, 0, 0, 0, 0, 0, 0, 0, 0, 0, 0, 0, 0])
01-17 09:24:59.297   627  3892 D DlbDapEndpointParamCache: doCommit() Committed 32 parameters out of 37.
01-17 09:24:59.297   627  3892 D DlbDap2Process: setMave(mave = 0)
01-17 09:24:59.297   627  3892 D DlbDapCrossfadeProcess: process transitioning from PREROLL_ACTIVE state to FADE_TO_ACTIVE
01-17 09:24:59.298   717 31706 D DDP_JOCDecoder: Setting Max Output Channels to 2
01-17 09:24:59.298   717 31706 D DDP_JOCDecoder: setMultiChannelPCMOutDownmix mConfig->jocForceDownmixMode 1
01-17 09:24:59.298   717 31706 I udc_user: 
01-17 09:24:59.298   717 31706 I udc_user: *** DDPlus Unified Decoder Simulation  Version 1.7.3 ***
01-17 09:24:59.298   717 31706 I udc_user: 
01-17 09:24:59.298   717 31706 I udc_user: 7.1-channel decoder-converter, 
01-17 09:24:59.298   717 31706 I udc_user: 
01-17 09:24:59.298   717 31706 I udc_user: 5.1-channel dual-decoder-converter, 
01-17 09:24:59.298   717 31706 I udc_user: Karaoke unsupported, 
01-17 09:24:59.298   717 31706 I udc_user: TPNP supported. 
01-17 09:24:59.298   717 31706 I udc_user: 
01-17 09:24:59.298   717 31706 I udc_user: Unpublished work.  Copyright 2003-2014 Dolby Laboratories, Inc. and
01-17 09:24:59.298   717 31706 I udc_user: Dolby Laboratories Licensing Corporation.  All Rights Reserved.
01-17 09:24:59.298   717 31706 I udc_user: 
01-17 09:24:59.298   717 31706 I udc_user: USE OF THIS SOFTWARE IS SUBJECT TO A LEGAL AGREEMENT BETWEEN YOU AND DOLBY
01-17 09:24:59.298   717 31706 I udc_user: LABORATORIES. DO NOT USE THIS SOFTWARE UNLESS YOU AGREE TO THE TERMS AND 
01-17 09:24:59.298   717 31706 I udc_user: CONDITIONS IN THE AGREEMENT.  BY USING THIS SOFTWARE, YOU ACKNOWLEDGE THAT 
01-17 09:24:59.298   717 31706 I udc_user: YOU HAVE READ THE AGREEMENT AND THAT YOU AGREE TO BE BOUND BY ITS TERMS. 
01-17 09:24:59.298   717 31706 I udc_user: 
01-17 09:24:59.299   717 31706 I ddpdec_client_joc: ddpdec_open JOCD_MODE Buffer assignment
01-17 09:24:59.299   717 31706 D DDP_JOCDecoder: mStarted = 1
01-17 09:24:59.299   717 31706 I DDP_JOCDecoder: <- start
01-17 09:24:59.300   717 31706 D ddpdec_client_joc: ddpdec_client.c|int configDecoder()
01-17 09:24:59.302   717 31706 D DDP_JOCDecoder: Setting Max Output Channels to 2
01-17 09:24:59.303   717 31706 I DlbDap2QmfProcess: close()
01-17 09:24:59.303   717 31706 I DlbDap2QmfProcess: init()
01-17 09:24:59.303   717 31706 I DlbDap2QmfProcess: open()
01-17 09:24:59.304   717 31706 I DlbDap2QmfProcess: loadLicense() no license check!
01-17 09:24:59.304   717 31706 I DlbDap2QmfProcess: validateLicense() no license check!
01-17 09:24:59.304   717 31706 I DlbDap2QmfProcess: init() DAP opened
01-17 09:24:59.304   717 31706 I DlbDap2QmfProcess: DAP library version: 2.5.1-P2.0
01-17 09:24:59.304   717 31706 D DlbDap2QmfProcess: DAP output mode set to 1 with 2 output channels and null mix matrix.
01-17 09:24:59.304   717 31706 D ARenderer: checkAndUpdateConfig: DAP reinitialized because of sample rate change
01-17 09:24:59.304   717 31706 D ARenderer: updateDapConfig: Updating DAP configuration
01-17 09:24:59.304   717 31706 D DlbDap2QmfProcess: setParam(iea = #1[10])
01-17 09:24:59.304   717 31706 D DlbDap2QmfProcess: setParam(msce = #1[0])
01-17 09:24:59.304   717 31706 D DlbDap2QmfProcess: setParam(mdee = #1[0])
01-17 09:24:59.304   717 31706 D DlbDap2QmfProcess: setParam(miee = #1[0])
01-17 09:24:59.304   717 31706 D DlbDap2QmfProcess: setParam(mdle = #1[0])
01-17 09:24:59.304   717 31706 D DlbDap2QmfProcess: setParam(dvle = #1[1])
01-17 09:24:59.304   717 31706 D DlbDap2QmfProcess: setParam(mave = #1[0])
01-17 09:24:59.304   717 31706 D DlbDap2QmfProcess: setParam(vcbf = #20[47, 141, 234, 328, 469, 656, 844, 1031, 1313, 1688, 2250, 3000, 3750, 4688, 5813, 7125, 9000, 11250, 13875, 19688])
01-17 09:24:59.304   717 31706 D DlbDap2QmfProcess: setParam(ieon = #1[0])
01-17 09:24:59.305   717 31706 D DlbDap2QmfProcess: setParam(gebs = #41[20, 47, 141, 234, 328, 469, 656, 844, 1031, 1313, 1688, 2250, 3000, 3750, 4688, 5813, 7125, 9000, 11250, 13875, 19688, 0, 0, 0, 0, 0, 0, 0, 0, 0, 0, 0, 0, 0, 0, 0, 0, 0, 0, 0, 0])
01-17 09:24:59.305   717 31706 D DlbDap2QmfProcess: setParam(iebs = #41[20, 65, 136, 223, 332, 467, 634, 841, 1098, 1416, 1812, 2302, 2909, 3663, 4598, 5756, 7194, 8976, 11186, 13927, 17326, 117, 133, 188, 176, 141, 149, 175, 185, 185, 200, 236, 242, 228, 213, 182, 132, 110, 68, -27, -240])
01-17 09:24:59.305   717 31706 D DlbDap2QmfProcess: setParam(dea = #1[7])
01-17 09:24:59.305   717 31706 D DlbDap2QmfProcess: setParam(dsa = #1[10])
01-17 09:24:59.305   717 31706 D DlbDap2QmfProcess: setParam(beb = #1[192])
01-17 09:24:59.305   717 31706 D DlbDap2QmfProcess: setParam(plb = #1[0])
01-17 09:24:59.305   717 31706 D DlbDap2QmfProcess: setParam(vmb = #1[144])
01-17 09:24:59.305   717 31706 D DlbDap2QmfProcess: setParam(dsb = #1[48])
01-17 09:24:59.305   717 31706 D DlbDap2QmfProcess: setParam(ded = #1[0])
01-17 09:24:59.305   717 31706 D DlbDap2QmfProcess: setParam(dom = #1[0])
01-17 09:24:59.305   717 31706 D DlbDap2QmfProcess: setParam(bew = #1[16])
01-17 09:24:59.305   717 31706 D DlbDap2QmfProcess: setParam(dvla = #1[5])
01-17 09:24:59.305   717 31706 D DlbDap2QmfProcess: setParam(dfsa = #1[10])
01-17 09:24:59.305   717 31706 D DlbDap2QmfProcess: setParam(dhsa = #1[10])
01-17 09:24:59.305   717 31706 D DlbDap2QmfProcess: setParam(dvmc = #1[0])
01-17 09:24:59.305   717 31706 D DlbDap2QmfProcess: setParam(dvle = #1[1])
01-17 09:24:59.305   717 31706 D DlbDap2QmfProcess: setParam(dvme = #1[0])
01-17 09:24:59.305   717 31706 D DlbDap2QmfProcess: setParam(becf = #1[200])
01-17 09:24:59.305   717 31706 D DlbDap2QmfProcess: setParam(vbmf = #2[94, 469])
01-17 09:24:59.305   717 31706 D DlbDap2QmfProcess: setParam(vbsf = #2[35, 160])
01-17 09:24:59.305   717 31706 D DlbDap2QmfProcess: setParam(vbhg = #3[-32, -144, -192])
01-17 09:24:59.305   717 31706 D DlbDap2QmfProcess: setParam(vbog = #1[0])
01-17 09:24:59.306   717 31706 D DlbDap2QmfProcess: setParam(vbsg = #1[0])
01-17 09:24:59.306   717 31706 D DlbDap2QmfProcess: setParam(dvli = #1[-320])
01-17 09:24:59.306   717 31706 D DlbDap2QmfProcess: setParam(dhfm = #1[2])
01-17 09:24:59.306   717 31706 D DlbDap2QmfProcess: setParam(deon = #1[0])
01-17 09:24:59.306   717 31706 D DlbDap2QmfProcess: setParam(ngon = #1[1])
01-17 09:24:59.306   717 31706 D DlbDap2QmfProcess: setParam(dvlo = #1[-320])
01-17 09:24:59.306   717 31706 D DlbDap2QmfProcess: setParam(aobs = #222[20, 10, 47, 141, 234, 328, 469, 656, 844, 1031, 1313, 1688, 2250, 3000, 3750, 4688, 5813, 7125, 9000, 11250, 13875, 19688, 0, 0, 0, 0, 0, 0, 0, 0, 0, 0, 0, 0, 0, 0, 0, 0, 0, 0, 0, 0, 0, 0, 0, 0, 0, 0, 0, 0, 0, 0, 0, 0, 0, 0, 0, 0, 0, 0, 0, 0, 0, 0, 0, 0, 0, 0, 0, 0, 0, 0, 0, 0, 0, 0, 0, 0, 0, 0, 0, 0, 0, 0, 0, 0, 0, 0, 0, 0, 0, 0, 0, 0, 0, 0, 0, 0, 0, 0, 0, 0, 0, 0, 0, 0, 0, 0, 0, 0, 0, 0, 0, 0, 0, 0, 0, 0, 0, 0, 0, 0, 0, 0, 0, 0, 0, 0, 0, 0, 0, 0, 0, 0, 0, 0, 0, 0, 0, 0, 0, 0, 0, 0, 0, 0, 0, 0, 0, 0, 0, 0, 0, 0, 0, 0, 0, 0, 0, 0, 0, 0, 0, 0, 0, 0, 0, 0, 0, 0, 0, 0, 0, 0, 0, 0, 0, 0, 0, 0, 0, 0, 0, 0, 0, 0, 0, 0, 0, 0, 0, 0, 0, 0, 0, 0, 0, 0, 0, 0, 0, 0, 0, 0, 0, 0, 0, 0, 0, 0, 0, 0, 0, 0, 0, 0, 0, 0, 0, 0, 0, 0])
01-17 09:24:59.306   717 31706 D DlbDap2QmfProcess: setParam(dvle = #1[1])
01-17 09:24:59.306   717 31706 D DlbDap2QmfProcess: setParam(dvli = #1[-496])
01-17 09:24:59.306   717 31706 D DlbDap2QmfProcess: setParam(dvlo = #1[-176])
01-17 09:24:59.306   717 31706 D ARenderer: updateDapVolumeLeveler: Setting output level to -11.00dB
01-17 09:24:59.306   717 31706 D DlbDap2QmfProcess: setParam(vmb = #1[0])
01-17 09:24:59.306   717 31706 D DlbDap2QmfProcess: setParam(preg = #1[-384])
01-17 09:24:59.306   717 31706 D DlbDap2QmfProcess: setParam(vol = #1[384])
01-17 09:24:59.307   717 31706 D DlbDap2QmfProcess: processQmf() called [0] times
01-17 09:24:59.307   717 31706 D DlbDap2QmfProcess: setMave(mave = 0)
01-17 09:24:59.320   710 31701 D AudioTrack: Client defaulted notificationFrames to 12000 for frameCount 24000
01-17 09:24:59.321   684  7228 I AudioFlinger: attachAuxEffect(): Marking track 780 as containing processed audio
01-17 09:24:59.321   684  7228 D AudioFlinger: trackContainsProcessedAudio() Track id 780 contains processed audio
01-17 09:24:59.326   684   930 D AudioFlinger: trackStateChanged() Track id 780 state changed to 6
01-17 09:24:59.326   684   930 I AudioFlinger: updateProcessedAudioState() Changing content processing in effect to 1
01-17 09:24:59.327   627  6441 D DlbDlbEffect: handle_EFFECT_CMD_SET_PARAM()
01-17 09:24:59.327   710 31698 D NuPlayerDriver: notifyListener_l(0xe6bcb850), (6, 0, 0, -1), loop setting(0, 1)
01-17 09:24:59.341 31647 31647 D featureTest: receive broadcast , change virtual speaker  virtualizer :1
01-17 09:24:59.355 31647 31647 D featureTest: virtual speaker virtualizer can not be operate for mono speaker endpoint!
01-17 09:24:59.360   710 31701 W AudioTrack: getTimestamp() location moved from kernel to server
01-17 09:24:59.399   627  3892 D DlbDapCrossfadeProcess: process transitioning from FADE_TO_ACTIVE state to DAP_ACTIVE
01-17 09:24:59.413 31647 31647 D featureTest: receive broadcast , record log :0
01-17 09:24:59.499   627  3892 D DlbDap2Process: process() called [495000] times
01-17 09:25:02.160   627  3892 D DlbDap2Process: process() called [495500] times
01-17 09:25:03.743   710 31702 I NuPlayerDecoder: [audio] saw output EOS
01-17 09:25:03.744   710 31701 D AudioTrack: stop() called with 230400 frames delivered
01-17 09:25:04.225   710 31698 D NuPlayerDriver: notifyListener_l(0xe6bcb850), (2, 0, 0, -1), loop setting(0, 1)
01-17 09:25:04.226   684   930 D AudioFlinger: trackStateChanged() Track id 780 state changed to 6
01-17 09:25:04.230   684   684 D AudioFlinger: trackStateChanged() Track id 780 state changed to 6
01-17 09:25:04.305   710 31698 D NuPlayerDriver: notifyListener_l(0xe6bcb850), (6, 0, 0, -1), loop setting(0, 1)
