01-17 09:22:24.166   710 28437 D NuPlayerDriver: reset(0xe6bcba80) at state 5
01-17 09:22:24.175   710 28437 D NuPlayerDriver: notifyListener_l(0xe6bcba80), (8, 0, 0, -1), loop setting(0, 1)
01-17 09:22:24.190   710 30170 D NuPlayerDriver: notifyResetComplete(0xe6bcba80)
01-17 09:22:24.196   710 28437 D AudioTrack: stop() called with 0 frames delivered
01-17 09:22:24.235   684   928 W AudioFlinger::EffectModule: EffectModule 0xed0eb300 destructor called with unreleased interface
01-17 09:22:24.235   684   928 W AudioFlinger::EffectHandle: disconnect Effect handle 0xee163a00 disconnected after thread destruction
01-17 09:22:24.237   627   627 D DlbDlbEffect: handle_EFFECT_CMD_DISABLE()
01-17 09:22:24.237   627   627 D DlbDapCrossfadeProcess: setEnabled transitioning from DAP_ACTIVE state to FADE_TO_BYPASS
01-17 09:22:24.239   627   627 D DlbDlbEffect: handle_EFFECT_CMD_SET_CONFIG()
01-17 09:22:24.239   627  4939 D DlbDapEndpointParamCache: setDevice(device=0x00000002)
01-17 09:22:24.239   645   645 D DMSService: setActiveDevice called with device = 0x2
01-17 09:22:24.240   627  3512 D DlbDlbEffect: handle_EFFECT_CMD_ENABLE()
01-17 09:22:24.240   627  3512 D DlbDapCrossfadeProcess: setEnabled transitioning from FADE_TO_BYPASS state to FADE_TO_ACTIVE
01-17 09:22:24.443 30226 30226 D featureTest: onCreate
01-17 09:22:24.447 30226 30226 D AudioTrack: Client defaulted notificationFrames to 962 for frameCount 1924
01-17 09:22:24.450 30226 30226 W AudioTrack: Use of stream types is deprecated for operations other than volume control
01-17 09:22:24.450 30226 30226 W AudioTrack: See the documentation of AudioTrack() for what to use instead with android.media.AudioAttributes to qualify your playback use case
01-17 09:22:24.464 30226 30226 D featureTest: onResume
01-17 09:22:25.320 30226 30226 D featureTest: receive broadcast , playing content location :/sdcard/featureTest/chopper_1.0_180_420_02.wav
01-17 09:22:25.329 30226 30226 D featureTest: mMediaPlayer.getAudioSessionId(): 5481
01-17 09:22:25.329 30226 30226 D featureTest: Playing file: /sdcard/featureTest/chopper_1.0_180_420_02.wav
01-17 09:22:25.331   710 28437 D NuPlayerDriver: NuPlayerDriver(0xe6bcba80) created, clientPid(30226)
01-17 09:22:25.355   710 30251 D NuPlayerDriver: notifyListener_l(0xe6bcba80), (1, 0, 0, -1), loop setting(0, 0)
01-17 09:22:25.364   710 28437 D NuPlayerDriver: start(0xe6bcba80), state is 4, eos is 0
01-17 09:22:25.370   717  1650 I OMXMaster: makeComponentInstance(OMX.google.raw.decoder) in omx@1.0-service process
01-17 09:22:25.373   710 30259 I ACodec  : codec does not support config priority (err -2147483648)
01-17 09:22:25.373   710 30259 I MediaCodec: MediaCodec will operate in async mode
01-17 09:22:25.388 30226 30226 D featureTest: receive broadcast , change ds status :0
01-17 09:22:25.392   710 30257 D AudioTrack: Client defaulted notificationFrames to 7350 for frameCount 22050
01-17 09:22:25.399   627  4939 D DlbDlbEffect: handle_EFFECT_CMD_DISABLE()
01-17 09:22:25.399   627  4939 D DlbDapCrossfadeProcess: setEnabled transitioning from FADE_TO_ACTIVE state to FADE_TO_BYPASS
01-17 09:22:25.402   627   627 D DlbDlbEffect: handle_EFFECT_CMD_SET_CONFIG()
01-17 09:22:25.403   627   627 D DlbDapEndpointParamCache: setDevice(device=0x00000002)
01-17 09:22:25.403   645   645 D DMSService: setActiveDevice called with device = 0x2
01-17 09:22:25.403   627  4939 D DlbDlbEffect: handle_EFFECT_CMD_ENABLE()
01-17 09:22:25.403   627  4939 D DlbDapCrossfadeProcess: setEnabled transitioning from FADE_TO_BYPASS state to FADE_TO_ACTIVE
01-17 09:22:25.404   684  3653 W AudioFlinger: moveDolbyEffect() effect chain for session 0 not on source thread 0xee0ae580
01-17 09:22:25.404   710 30251 D NuPlayerDriver: notifyListener_l(0xe6bcba80), (6, 0, 0, -1), loop setting(0, 1)
01-17 09:22:25.418   627  3892 D DlbDapCrossfadeProcess: process transitioning from FADE_TO_ACTIVE state to DAP_ACTIVE
01-17 09:22:25.418   627  4939 D DlbDlbEffect: handle_EFFECT_CMD_SET_PARAM()
01-17 09:22:25.453   627  3892 D DlbDapCrossfadeProcess: setEnabled transitioning from DAP_ACTIVE state to FADE_TO_BYPASS
01-17 09:22:25.456 30226 30226 D featureTest: receive broadcast , change ds profile id :2
01-17 09:22:25.463   627  4939 D DlbDlbEffect: handle_EFFECT_CMD_SET_PARAM()
01-17 09:22:25.463   645   713 I DapController: Profile Changed to Music
01-17 09:22:25.495   627  3892 D DlbDapEndpointParamCache: commitChangedParams()
01-17 09:22:25.495   627  3892 D DlbDapEndpointParamCache: commit() Applying parameters for device 0x40000000
01-17 09:22:25.495   627  3892 D DlbDap2Process: setParam(iea = #1[10])
01-17 09:22:25.495   627  3892 D DlbDap2Process: setParam(msce = #1[0])
01-17 09:22:25.495   627  3892 D DlbDap2Process: setParam(mdee = #1[0])
01-17 09:22:25.495   627  3892 D DlbDap2Process: setParam(miee = #1[0])
01-17 09:22:25.495   627  3892 D DlbDap2Process: setParam(mdle = #1[0])
01-17 09:22:25.495   627  3892 D DlbDap2Process: setParam(dvle = #1[1])
01-17 09:22:25.495   627  3892 D DlbDap2Process: setParam(mave = #1[0])
01-17 09:22:25.495   627  3892 D DlbDap2Process: setParam(vcbf = #20[47, 141, 234, 328, 469, 656, 844, 1031, 1313, 1688, 2250, 3000, 3750, 4688, 5813, 7125, 9000, 11250, 13875, 19688])
01-17 09:22:25.495   627  3892 D DlbDap2Process: setParam(vbon = #1[0])
01-17 09:22:25.495   627  3892 D DlbDap2Process: setParam(beon = #1[0])
01-17 09:22:25.495   627  3892 D DlbDap2Process: setParam(geon = #1[0])
01-17 09:22:25.495   627  3892 D DlbDap2Process: setParam(ieon = #1[1])
01-17 09:22:25.496   627  3892 D DlbDap2Process: setParam(gebs = #41[20, 47, 141, 234, 328, 469, 656, 844, 1031, 1313, 1688, 2250, 3000, 3750, 4688, 5813, 7125, 9000, 11250, 13875, 19688, 0, 0, 0, 0, 0, 0, 0, 0, 0, 0, 0, 0, 0, 0, 0, 0, 0, 0, 0, 0])
01-17 09:22:25.496   627  3892 D DlbDap2Process: setParam(iebs = #41[20, 65, 136, 223, 332, 467, 634, 841, 1098, 1416, 1812, 2302, 2909, 3663, 4598, 5756, 7194, 8976, 11186, 13927, 17326, 117, 133, 188, 176, 141, 149, 175, 185, 185, 200, 236, 242, 228, 213, 182, 132, 110, 68, -27, -240])
01-17 09:22:25.496   627  3892 D DlbDapEndpointParamCache: doCommit() Committed 15 parameters out of 16.
01-17 09:22:25.496   627  3892 D DlbDapEndpointParamCache: commit() Overriding parameters for current device 0x00000002
01-17 09:22:25.496   627  3892 D DlbDap2Process: setParam(dea = #1[7])
01-17 09:22:25.496   627  3892 D DlbDap2Process: setParam(dsa = #1[10])
01-17 09:22:25.496   627  3892 D DlbDap2Process: setParam(beb = #1[192])
01-17 09:22:25.496   627  3892 D DlbDap2Process: setParam(plb = #1[0])
01-17 09:22:25.496   627  3892 D DlbDap2Process: setParam(vmb = #1[144])
01-17 09:22:25.496   627  3892 D DlbDap2Process: setParam(dsb = #1[0])
01-17 09:22:25.496   627  3892 D DlbDap2Process: setParam(ded = #1[0])
01-17 09:22:25.496   627  3892 D DlbDap2Process: setParam(vbm = #1[3])
01-17 09:22:25.496   627  3892 D DlbDap2Process: setParam(dom = #1[0])
01-17 09:22:25.496   627  3892 D DlbDap2Process: setParam(bew = #1[16])
01-17 09:22:25.496   627  3892 D DlbDap2Process: setParam(dvla = #1[4])
01-17 09:22:25.496   627  3892 D DlbDap2Process: setParam(arra = #1[96])
01-17 09:22:25.496   627  3892 D DlbDap2Process: setParam(dfsa = #1[10])
01-17 09:22:25.496   627  3892 D DlbDap2Process: setParam(dhsa = #1[10])
01-17 09:22:25.496   627  3892 D DlbDap2Process: setParam(dvmc = #1[0])
01-17 09:22:25.496   627  3892 D DlbDap2Process: setParam(arod = #1[0])
01-17 09:22:25.496   627  3892 D DlbDap2Process: setParam(arde = #1[1])
01-17 09:22:25.496   627  3892 D DlbDap2Process: setParam(dvle = #1[1])
01-17 09:22:25.496   627  3892 D DlbDap2Process: setParam(dvme = #1[0])
01-17 09:22:25.496   627  3892 D DlbDap2Process: setParam(becf = #1[200])
01-17 09:22:25.496   627  3892 D DlbDap2Process: setParam(vbmf = #2[94, 469])
01-17 09:22:25.496   627  3892 D DlbDap2Process: setParam(vbsf = #2[35, 160])
01-17 09:22:25.496   627  3892 D DlbDap2Process: setParam(vbhg = #3[-32, -144, -192])
01-17 09:22:25.496   627  3892 D DlbDap2Process: setParam(vbog = #1[0])
01-17 09:22:25.496   627  3892 D DlbDap2Process: setParam(vbsg = #1[0])
01-17 09:22:25.497   627  3892 D DlbDap2Process: setParam(dvli = #1[-320])
01-17 09:22:25.497   627  3892 D DlbDap2Process: setParam(dhfm = #1[2])
01-17 09:22:25.497   627  3892 D DlbDap2Process: setParam(vbon = #1[0])
01-17 09:22:25.497   627  3892 D DlbDap2Process: setParam(beon = #1[0])
01-17 09:22:25.497   627  3892 D DlbDap2Process: setParam(deon = #1[0])
01-17 09:22:25.497   627  3892 D DlbDap2Process: setParam(ngon = #1[1])
01-17 09:22:25.497   627  3892 D DlbDap2Process: setParam(aoon = #1[1])
01-17 09:22:25.497   627  3892 D DlbDap2Process: setParam(aron = #1[1])
01-17 09:22:25.497   627  3892 D DlbDap2Process: setParam(dvlo = #1[-320])
01-17 09:22:25.497   627  3892 D DlbDap2Process: setParam(artp = #1[12])
01-17 09:22:25.497   627  3892 D DlbDap2Process: setParam(aobs = #222[20, 10, 47, 141, 234, 328, 469, 656, 844, 1031, 1313, 1688, 2250, 3000, 3750, 4688, 5813, 7125, 9000, 11250, 13875, 19688, 0, 0, 0, 0, 0, 0, 0, 0, 0, 0, 0, 0, 0, 0, 0, 0, 0, 0, 0, 0, 0, 0, 0, 0, 0, 0, 0, 0, 0, 0, 0, 0, 0, 0, 0, 0, 0, 0, 0, 0, 0, 0, 0, 0, 0, 0, 0, 0, 0, 0, 0, 0, 0, 0, 0, 0, 0, 0, 0, 0, 0, 0, 0, 0, 0, 0, 0, 0, 0, 0, 0, 0, 0, 0, 0, 0, 0, 0, 0, 0, 0, 0, 0, 0, 0, 0, 0, 0, 0, 0, 0, 0, 0, 0, 0, 0, 0, 0, 0, 0, 0, 0, 0, 0, 0, 0, 0, 0, 0, 0, 0, 0, 0, 0, 0, 0, 0, 0, 0, 0, 0, 0, 0, 0, 0, 0, 0, 0, 0, 0, 0, 0, 0, 0, 0, 0, 0, 0, 0, 0, 0, 0, 0, 0, 0, 0, 0, 0, 0, 0, 0, 0, 0, 0, 0, 0, 0, 0, 0, 0, 0, 0, 0, 0, 0, 0, 0, 0, 0, 0, 0, 0, 0, 0, 0, 0, 0, 0, 0, 0, 0, 0, 0, 0, 0, 0, 0, 0, 0, 0, 0, 0, 0, 0, 0, 0, 0, 0, 0, 0])
01-17 09:22:25.497   627  3892 D DlbDap2Process: setParam(arbs = #81[20, 47, 141, 234, 328, 469, 656, 844, 1031, 1313, 1688, 2250, 3000, 3750, 4688, 5813, 7125, 9000, 11250, 13875, 19688, -192, -192, -192, -192, -192, -192, -192, -192, -192, -192, -192, -192, -192, -192, -192, -192, -192, -192, -192, -192, 0, 0, 0, 0, 0, 0, 0, 0, 0, 0, 0, 0, 0, 0, 0, 0, 0, 0, 0, 0, 0, 0, 0, 0, 0, 0, 0, 0, 0, 0, 0, 0, 0, 0, 0, 0, 0, 0, 0, 0])
01-17 09:22:25.497   627  3892 D DlbDapEndpointParamCache: doCommit() Committed 37 parameters out of 37.
01-17 09:22:25.497   627  3892 D DlbDap2Process: setMave(mave = 0)
01-17 09:22:25.515 30226 30226 D featureTest: receive broadcast , playing content location :/sdcard/featureTest/chopper_1.0_180_420_02.wav
01-17 09:22:25.516   710 28437 D NuPlayerDriver: stop(0xe6bcba80)
01-17 09:22:25.516   710 28437 D NuPlayerDriver: notifyListener_l(0xe6bcba80), (8, 0, 0, -1), loop setting(0, 1)
01-17 09:22:25.517   710 28437 D NuPlayerDriver: reset(0xe6bcba80) at state 8
01-17 09:22:25.525   710 30251 D NuPlayerDriver: notifyResetComplete(0xe6bcba80)
01-17 09:22:25.526   710  1419 D NuPlayerDriver: reset(0xe6bcba80) at state 0
01-17 09:22:25.533 30226 30226 D featureTest: mMediaPlayer.getAudioSessionId(): 5489
01-17 09:22:25.533 30226 30226 D featureTest: Playing file: /sdcard/featureTest/chopper_1.0_180_420_02.wav
01-17 09:22:25.534   710 28437 D NuPlayerDriver: NuPlayerDriver(0xe6bcb150) created, clientPid(30226)
01-17 09:22:25.555   627  3892 D DlbDapCrossfadeProcess: process transitioning from FADE_TO_BYPASS state to DAP_BYPASSED
01-17 09:22:25.558   710 30274 D NuPlayerDriver: notifyListener_l(0xe6bcb150), (1, 0, 0, -1), loop setting(0, 0)
01-17 09:22:25.562   710 28437 D NuPlayerDriver: start(0xe6bcb150), state is 4, eos is 0
01-17 09:22:25.572   717  5783 I OMXMaster: makeComponentInstance(OMX.google.raw.decoder) in omx@1.0-service process
01-17 09:22:25.572 30226 30226 D featureTest: receive broadcast , change ds status :1
01-17 09:22:25.575   710 30281 I ACodec  : codec does not support config priority (err -2147483648)
01-17 09:22:25.578   710 30281 I MediaCodec: MediaCodec will operate in async mode
01-17 09:22:25.579   627  4939 D DlbDlbEffect: handle_EFFECT_CMD_SET_PARAM()
01-17 09:22:25.594   627  3892 D DlbDapCrossfadeProcess: setEnabled transitioning from DAP_BYPASSED state to PREROLL_ACTIVE
01-17 09:22:25.597   710 30278 D AudioTrack: Client defaulted notificationFrames to 7350 for frameCount 22050
01-17 09:22:25.601   684  3973 W AudioFlinger: moveDolbyEffect() effect chain for session 0 not on source thread 0xee0ae580
01-17 09:22:25.602   710 30274 D NuPlayerDriver: notifyListener_l(0xe6bcb150), (6, 0, 0, -1), loop setting(0, 1)
01-17 09:22:25.615   627  3892 D DlbDapCrossfadeProcess: process transitioning from PREROLL_ACTIVE state to FADE_TO_ACTIVE
01-17 09:22:25.631 30226 30226 D featureTest: receive broadcast , change ds profile id :5
01-17 09:22:25.638   627  4939 D DlbDlbEffect: handle_EFFECT_CMD_SET_PARAM()
01-17 09:22:25.639   645   713 I DapController: Profile Changed to Custom
01-17 09:22:25.655   627  3892 D DlbDapEndpointParamCache: commitChangedParams()
01-17 09:22:25.655   627  3892 D DlbDapEndpointParamCache: commit() Applying parameters for device 0x40000000
01-17 09:22:25.655   627  3892 D DlbDap2Process: setParam(iea = #1[10])
01-17 09:22:25.655   627  3892 D DlbDap2Process: setParam(msce = #1[0])
01-17 09:22:25.655   627  3892 D DlbDap2Process: setParam(mdee = #1[0])
01-17 09:22:25.655   627  3892 D DlbDap2Process: setParam(miee = #1[0])
01-17 09:22:25.655   627  3892 D DlbDap2Process: setParam(mdle = #1[0])
01-17 09:22:25.655   627  3892 D DlbDap2Process: setParam(dvle = #1[1])
01-17 09:22:25.655   627  3892 D DlbDap2Process: setParam(mave = #1[0])
01-17 09:22:25.655   627  3892 D DlbDap2Process: setParam(vcbf = #20[47, 141, 234, 328, 469, 656, 844, 1031, 1313, 1688, 2250, 3000, 3750, 4688, 5813, 7125, 9000, 11250, 13875, 19688])
01-17 09:22:25.655   627  3892 D DlbDap2Process: setParam(vbon = #1[0])
01-17 09:22:25.655   627  3892 D DlbDap2Process: setParam(beon = #1[0])
01-17 09:22:25.655   627  3892 D DlbDap2Process: setParam(geon = #1[0])
01-17 09:22:25.655   627  3892 D DlbDap2Process: setParam(ieon = #1[0])
01-17 09:22:25.656   627  3892 D DlbDap2Process: setParam(gebs = #41[20, 47, 141, 234, 328, 469, 656, 844, 1031, 1313, 1688, 2250, 3000, 3750, 4688, 5813, 7125, 9000, 11250, 13875, 19688, 0, 0, 0, 0, 0, 0, 0, 0, 0, 0, 0, 0, 0, 0, 0, 0, 0, 0, 0, 0])
01-17 09:22:25.656   627  3892 D DlbDap2Process: setParam(iebs = #41[20, 65, 136, 223, 332, 467, 634, 841, 1098, 1416, 1812, 2302, 2909, 3663, 4598, 5756, 7194, 8976, 11186, 13927, 17326, 117, 133, 188, 176, 141, 149, 175, 185, 185, 200, 236, 242, 228, 213, 182, 132, 110, 68, -27, -240])
01-17 09:22:25.656   627  3892 D DlbDapEndpointParamCache: doCommit() Committed 15 parameters out of 16.
01-17 09:22:25.656   627  3892 D DlbDapEndpointParamCache: commit() Overriding parameters for current device 0x00000002
01-17 09:22:25.656   627  3892 D DlbDap2Process: setParam(dea = #1[7])
01-17 09:22:25.656   627  3892 D DlbDap2Process: setParam(dsa = #1[10])
01-17 09:22:25.656   627  3892 D DlbDap2Process: setParam(beb = #1[192])
01-17 09:22:25.656   627  3892 D DlbDap2Process: setParam(plb = #1[0])
01-17 09:22:25.656   627  3892 D DlbDap2Process: setParam(vmb = #1[144])
01-17 09:22:25.656   627  3892 D DlbDap2Process: setParam(dsb = #1[48])
01-17 09:22:25.656   627  3892 D DlbDap2Process: setParam(ded = #1[0])
01-17 09:22:25.656   627  3892 D DlbDap2Process: setParam(vbm = #1[3])
01-17 09:22:25.656   627  3892 D DlbDap2Process: setParam(dom = #1[0])
01-17 09:22:25.656   627  3892 D DlbDap2Process: setParam(bew = #1[16])
01-17 09:22:25.656   627  3892 D DlbDap2Process: setParam(dvla = #1[5])
01-17 09:22:25.656   627  3892 D DlbDap2Process: setParam(arra = #1[96])
01-17 09:22:25.656   627  3892 D DlbDap2Process: setParam(dfsa = #1[10])
01-17 09:22:25.656   627  3892 D DlbDap2Process: setParam(dhsa = #1[10])
01-17 09:22:25.656   627  3892 D DlbDap2Process: setParam(dvmc = #1[0])
01-17 09:22:25.657   627  3892 D DlbDap2Process: setParam(arod = #1[0])
01-17 09:22:25.657   627  3892 D DlbDap2Process: setParam(arde = #1[1])
01-17 09:22:25.657   627  3892 D DlbDap2Process: setParam(dvle = #1[1])
01-17 09:22:25.657   627  3892 D DlbDap2Process: setParam(dvme = #1[0])
01-17 09:22:25.657   627  3892 D DlbDap2Process: setParam(becf = #1[200])
01-17 09:22:25.657   627  3892 D DlbDap2Process: setParam(vbmf = #2[94, 469])
01-17 09:22:25.657   627  3892 D DlbDap2Process: setParam(vbsf = #2[35, 160])
01-17 09:22:25.657   627  3892 D DlbDap2Process: setParam(vbhg = #3[-32, -144, -192])
01-17 09:22:25.657   627  3892 D DlbDap2Process: setParam(vbog = #1[0])
01-17 09:22:25.657   627  3892 D DlbDap2Process: setParam(vbsg = #1[0])
01-17 09:22:25.657   627  3892 D DlbDap2Process: setParam(dvli = #1[-320])
01-17 09:22:25.657   627  3892 D DlbDap2Process: setParam(dhfm = #1[2])
01-17 09:22:25.657   627  3892 D DlbDap2Process: setParam(vbon = #1[0])
01-17 09:22:25.657   627  3892 D DlbDap2Process: setParam(beon = #1[0])
01-17 09:22:25.657   627  3892 D DlbDap2Process: setParam(deon = #1[0])
01-17 09:22:25.657   627  3892 D DlbDap2Process: setParam(ngon = #1[1])
01-17 09:22:25.657   627  3892 D DlbDap2Process: setParam(aoon = #1[1])
01-17 09:22:25.657   627  3892 D DlbDap2Process: setParam(aron = #1[1])
01-17 09:22:25.657   627  3892 D DlbDap2Process: setParam(dvlo = #1[-320])
01-17 09:22:25.657   627  3892 D DlbDap2Process: setParam(artp = #1[12])
01-17 09:22:25.657   627  3892 D DlbDap2Process: setParam(aobs = #222[20, 10, 47, 141, 234, 328, 469, 656, 844, 1031, 1313, 1688, 2250, 3000, 3750, 4688, 5813, 7125, 9000, 11250, 13875, 19688, 0, 0, 0, 0, 0, 0, 0, 0, 0, 0, 0, 0, 0, 0, 0, 0, 0, 0, 0, 0, 0, 0, 0, 0, 0, 0, 0, 0, 0, 0, 0, 0, 0, 0, 0, 0, 0, 0, 0, 0, 0, 0, 0, 0, 0, 0, 0, 0, 0, 0, 0, 0, 0, 0, 0, 0, 0, 0, 0, 0, 0, 0, 0, 0, 0, 0, 0, 0, 0, 0, 0, 0, 0, 0, 0, 0, 0, 0, 0, 0, 0, 0, 0, 0, 0, 0, 0, 0, 0, 0, 0, 0, 0, 0, 0, 0, 0, 0, 0, 0, 0, 0, 0, 0, 0, 0, 0, 0, 0, 0, 0, 0, 0, 0, 0, 0, 0, 0, 0, 0, 0, 0, 0, 0, 0, 0, 0, 0, 0, 0, 0, 0, 0, 0, 0, 0, 0, 0, 0, 0, 0, 0, 0, 0, 0, 0, 0, 0, 0, 0, 0, 0, 0, 0, 0, 0, 0, 0, 0, 0, 0, 0, 0, 0, 0, 0, 0, 0, 0, 0, 0, 0, 0, 0, 0, 0, 0, 0, 0, 0, 0, 0, 0, 0, 0, 0, 0, 0, 0, 0, 0, 0, 0, 0, 0, 0, 0, 0, 0, 0])
01-17 09:22:25.658   627  3892 D DlbDap2Process: setParam(arbs = #81[20, 47, 141, 234, 328, 469, 656, 844, 1031, 1313, 1688, 2250, 3000, 3750, 4688, 5813, 7125, 9000, 11250, 13875, 19688, -192, -192, -192, -192, -192, -192, -192, -192, -192, -192, -192, -192, -192, -192, -192, -192, -192, -192, -192, -192, 0, 0, 0, 0, 0, 0, 0, 0, 0, 0, 0, 0, 0, 0, 0, 0, 0, 0, 0, 0, 0, 0, 0, 0, 0, 0, 0, 0, 0, 0, 0, 0, 0, 0, 0, 0, 0, 0, 0, 0])
01-17 09:22:25.658   627  3892 D DlbDapEndpointParamCache: doCommit() Committed 37 parameters out of 37.
01-17 09:22:25.658   627  3892 D DlbDap2Process: setMave(mave = 0)
01-17 09:22:25.686 30226 30226 D featureTest: receive broadcast , change virtual speaker  virtualizer :0
01-17 09:22:25.694   684   928 W AudioFlinger::EffectModule: EffectModule 0xed0e2500 destructor called with unreleased interface
01-17 09:22:25.696   684   928 W AudioFlinger::EffectHandle: disconnect Effect handle 0xee163200 disconnected after thread destruction
01-17 09:22:25.703 30226 30226 D featureTest: virtual speaker virtualizer can not be operate for mono speaker endpoint!
01-17 09:22:25.734   627  3892 D DlbDapCrossfadeProcess: process transitioning from FADE_TO_ACTIVE state to DAP_ACTIVE
01-17 09:22:25.744 30226 30226 D featureTest: receive broadcast , record log :0
01-17 09:22:26.499   627  3892 D DlbDap2Process: process() called [469500] times
01-17 09:22:29.177   627  3892 D DlbDap2Process: process() called [470000] times
