01-17 09:22:54.791   710  1419 D NuPlayerDriver: reset(0xe6bcb070) at state 5
01-17 09:22:54.793   710  1419 D NuPlayerDriver: notifyListener_l(0xe6bcb070), (8, 0, 0, -1), loop setting(0, 1)
01-17 09:22:54.810   710 30464 D NuPlayerDriver: notifyResetComplete(0xe6bcb070)
01-17 09:22:54.812   710  1419 D AudioTrack: stop() called with 0 frames delivered
01-17 09:22:54.957   684   928 W AudioFlinger::EffectModule: EffectModule 0xed0e3580 destructor called with unreleased interface
01-17 09:22:54.958   684   928 W AudioFlinger::EffectHandle: disconnect Effect handle 0xee163a80 disconnected after thread destruction
01-17 09:22:54.958   627   627 D DlbDlbEffect: handle_EFFECT_CMD_DISABLE()
01-17 09:22:54.958   627   627 D DlbDapCrossfadeProcess: setEnabled transitioning from DAP_ACTIVE state to FADE_TO_BYPASS
01-17 09:22:54.960   627  3512 D DlbDlbEffect: handle_EFFECT_CMD_SET_CONFIG()
01-17 09:22:54.960   627  3512 D DlbDapEndpointParamCache: setDevice(device=0x00000002)
01-17 09:22:54.961   645   645 D DMSService: setActiveDevice called with device = 0x2
01-17 09:22:54.961   627   627 D DlbDlbEffect: handle_EFFECT_CMD_ENABLE()
01-17 09:22:54.962   627   627 D DlbDapCrossfadeProcess: setEnabled transitioning from FADE_TO_BYPASS state to FADE_TO_ACTIVE
01-17 09:22:55.033 30511 30511 D featureTest: onCreate
01-17 09:22:55.037 30511 30511 D AudioTrack: Client defaulted notificationFrames to 962 for frameCount 1924
01-17 09:22:55.039 30511 30511 W AudioTrack: Use of stream types is deprecated for operations other than volume control
01-17 09:22:55.040 30511 30511 W AudioTrack: See the documentation of AudioTrack() for what to use instead with android.media.AudioAttributes to qualify your playback use case
01-17 09:22:55.052 30511 30511 D featureTest: onResume
01-17 09:22:55.915 30511 30511 D featureTest: receive broadcast , playing content location :/sdcard/featureTest/7ch_25fps.wav
01-17 09:22:55.922 30511 30511 D featureTest: mMediaPlayer.getAudioSessionId(): 5553
01-17 09:22:55.922 30511 30511 D featureTest: Playing file: /sdcard/featureTest/7ch_25fps.wav
01-17 09:22:55.923   710  1419 D NuPlayerDriver: NuPlayerDriver(0xe6bcb070) created, clientPid(30511)
01-17 09:22:55.937   710 30536 D NuPlayerDriver: notifyListener_l(0xe6bcb070), (1, 0, 0, -1), loop setting(0, 0)
01-17 09:22:55.945   710  1419 D NuPlayerDriver: start(0xe6bcb070), state is 4, eos is 0
01-17 09:22:55.957   717  1650 I OMXMaster: makeComponentInstance(OMX.google.raw.decoder) in omx@1.0-service process
01-17 09:22:55.959   710 30544 I ACodec  : codec does not support config priority (err -2147483648)
01-17 09:22:55.960   710 30544 I MediaCodec: MediaCodec will operate in async mode
01-17 09:22:55.975 30511 30511 D featureTest: receive broadcast , change ds status :0
01-17 09:22:55.984   710 30541 D AudioTrack: Client defaulted notificationFrames to 12000 for frameCount 24000
01-17 09:22:55.988   627  4939 D DlbDlbEffect: handle_EFFECT_CMD_DISABLE()
01-17 09:22:55.988   627  4939 D DlbDapCrossfadeProcess: setEnabled transitioning from FADE_TO_ACTIVE state to FADE_TO_BYPASS
01-17 09:22:55.990   627  3512 D DlbDlbEffect: handle_EFFECT_CMD_SET_CONFIG()
01-17 09:22:55.990   627   627 D DlbDapEndpointParamCache: setDevice(device=0x00000002)
01-17 09:22:55.990   645   645 D DMSService: setActiveDevice called with device = 0x2
01-17 09:22:55.991   627  3512 D DlbDlbEffect: handle_EFFECT_CMD_ENABLE()
01-17 09:22:55.991   627  3512 D DlbDapCrossfadeProcess: setEnabled transitioning from FADE_TO_BYPASS state to FADE_TO_ACTIVE
01-17 09:22:55.991   684  3653 W AudioFlinger: moveDolbyEffect() effect chain for session 0 not on source thread 0xee0ae580
01-17 09:22:55.992   710 30536 D NuPlayerDriver: notifyListener_l(0xe6bcb070), (6, 0, 0, -1), loop setting(0, 1)
01-17 09:22:55.994   627  3892 D DlbDapCrossfadeProcess: process transitioning from FADE_TO_ACTIVE state to DAP_ACTIVE
01-17 09:22:55.998   627   627 D DlbDlbEffect: handle_EFFECT_CMD_SET_PARAM()
01-17 09:22:56.016   627  3892 D DlbDapCrossfadeProcess: setEnabled transitioning from DAP_ACTIVE state to FADE_TO_BYPASS
01-17 09:22:56.038 30511 30511 D featureTest: receive broadcast , change ds profile id :2
01-17 09:22:56.045   627  4939 D DlbDlbEffect: handle_EFFECT_CMD_SET_PARAM()
01-17 09:22:56.046   645   713 I DapController: Profile Changed to Music
01-17 09:22:56.056   627  3892 D DlbDapEndpointParamCache: commitChangedParams()
01-17 09:22:56.056   627  3892 D DlbDapEndpointParamCache: commit() Applying parameters for device 0x40000000
01-17 09:22:56.056   627  3892 D DlbDap2Process: setParam(iea = #1[10])
01-17 09:22:56.056   627  3892 D DlbDap2Process: setParam(msce = #1[0])
01-17 09:22:56.057   627  3892 D DlbDap2Process: setParam(mdee = #1[0])
01-17 09:22:56.057   627  3892 D DlbDap2Process: setParam(miee = #1[0])
01-17 09:22:56.057   627  3892 D DlbDap2Process: setParam(mdle = #1[0])
01-17 09:22:56.057   627  3892 D DlbDap2Process: setParam(dvle = #1[1])
01-17 09:22:56.057   627  3892 D DlbDap2Process: setParam(mave = #1[0])
01-17 09:22:56.057   627  3892 D DlbDap2Process: setParam(vcbf = #20[47, 141, 234, 328, 469, 656, 844, 1031, 1313, 1688, 2250, 3000, 3750, 4688, 5813, 7125, 9000, 11250, 13875, 19688])
01-17 09:22:56.057   627  3892 D DlbDap2Process: setParam(vbon = #1[0])
01-17 09:22:56.057   627  3892 D DlbDap2Process: setParam(beon = #1[0])
01-17 09:22:56.057   627  3892 D DlbDap2Process: setParam(geon = #1[0])
01-17 09:22:56.057   627  3892 D DlbDap2Process: setParam(ieon = #1[1])
01-17 09:22:56.057   627  3892 D DlbDap2Process: setParam(gebs = #41[20, 47, 141, 234, 328, 469, 656, 844, 1031, 1313, 1688, 2250, 3000, 3750, 4688, 5813, 7125, 9000, 11250, 13875, 19688, 0, 0, 0, 0, 0, 0, 0, 0, 0, 0, 0, 0, 0, 0, 0, 0, 0, 0, 0, 0])
01-17 09:22:56.057   627  3892 D DlbDap2Process: setParam(iebs = #41[20, 65, 136, 223, 332, 467, 634, 841, 1098, 1416, 1812, 2302, 2909, 3663, 4598, 5756, 7194, 8976, 11186, 13927, 17326, 117, 133, 188, 176, 141, 149, 175, 185, 185, 200, 236, 242, 228, 213, 182, 132, 110, 68, -27, -240])
01-17 09:22:56.057   627  3892 D DlbDapEndpointParamCache: doCommit() Committed 15 parameters out of 16.
01-17 09:22:56.057   627  3892 D DlbDapEndpointParamCache: commit() Overriding parameters for current device 0x00000002
01-17 09:22:56.057   627  3892 D DlbDap2Process: setParam(dea = #1[7])
01-17 09:22:56.057   627  3892 D DlbDap2Process: setParam(dsa = #1[10])
01-17 09:22:56.057   627  3892 D DlbDap2Process: setParam(beb = #1[192])
01-17 09:22:56.057   627  3892 D DlbDap2Process: setParam(plb = #1[0])
01-17 09:22:56.057   627  3892 D DlbDap2Process: setParam(vmb = #1[144])
01-17 09:22:56.057   627  3892 D DlbDap2Process: setParam(dsb = #1[0])
01-17 09:22:56.057   627  3892 D DlbDap2Process: setParam(ded = #1[0])
01-17 09:22:56.057   627  3892 D DlbDap2Process: setParam(vbm = #1[3])
01-17 09:22:56.057   627  3892 D DlbDap2Process: setParam(dom = #1[0])
01-17 09:22:56.058   627  3892 D DlbDap2Process: setParam(bew = #1[16])
01-17 09:22:56.058   627  3892 D DlbDap2Process: setParam(dvla = #1[4])
01-17 09:22:56.058   627  3892 D DlbDap2Process: setParam(arra = #1[96])
01-17 09:22:56.058   627  3892 D DlbDap2Process: setParam(dfsa = #1[10])
01-17 09:22:56.058   627  3892 D DlbDap2Process: setParam(dhsa = #1[10])
01-17 09:22:56.058   627  3892 D DlbDap2Process: setParam(dvmc = #1[0])
01-17 09:22:56.058   627  3892 D DlbDap2Process: setParam(arod = #1[0])
01-17 09:22:56.058   627  3892 D DlbDap2Process: setParam(arde = #1[1])
01-17 09:22:56.058   627  3892 D DlbDap2Process: setParam(dvle = #1[1])
01-17 09:22:56.058   627  3892 D DlbDap2Process: setParam(dvme = #1[0])
01-17 09:22:56.058   627  3892 D DlbDap2Process: setParam(becf = #1[200])
01-17 09:22:56.058   627  3892 D DlbDap2Process: setParam(vbmf = #2[94, 469])
01-17 09:22:56.058   627  3892 D DlbDap2Process: setParam(vbsf = #2[35, 160])
01-17 09:22:56.058   627  3892 D DlbDap2Process: setParam(vbhg = #3[-32, -144, -192])
01-17 09:22:56.058   627  3892 D DlbDap2Process: setParam(vbog = #1[0])
01-17 09:22:56.058   627  3892 D DlbDap2Process: setParam(vbsg = #1[0])
01-17 09:22:56.058   627  3892 D DlbDap2Process: setParam(dvli = #1[-320])
01-17 09:22:56.058   627  3892 D DlbDap2Process: setParam(dhfm = #1[2])
01-17 09:22:56.058   627  3892 D DlbDap2Process: setParam(vbon = #1[0])
01-17 09:22:56.058   627  3892 D DlbDap2Process: setParam(beon = #1[0])
01-17 09:22:56.058   627  3892 D DlbDap2Process: setParam(deon = #1[0])
01-17 09:22:56.058   627  3892 D DlbDap2Process: setParam(ngon = #1[1])
01-17 09:22:56.058   627  3892 D DlbDap2Process: setParam(aoon = #1[1])
01-17 09:22:56.058   627  3892 D DlbDap2Process: setParam(aron = #1[1])
01-17 09:22:56.058   627  3892 D DlbDap2Process: setParam(dvlo = #1[-320])
01-17 09:22:56.059   627  3892 D DlbDap2Process: setParam(artp = #1[12])
01-17 09:22:56.060   627  3892 D DlbDap2Process: setParam(aobs = #222[20, 10, 47, 141, 234, 328, 469, 656, 844, 1031, 1313, 1688, 2250, 3000, 3750, 4688, 5813, 7125, 9000, 11250, 13875, 19688, 0, 0, 0, 0, 0, 0, 0, 0, 0, 0, 0, 0, 0, 0, 0, 0, 0, 0, 0, 0, 0, 0, 0, 0, 0, 0, 0, 0, 0, 0, 0, 0, 0, 0, 0, 0, 0, 0, 0, 0, 0, 0, 0, 0, 0, 0, 0, 0, 0, 0, 0, 0, 0, 0, 0, 0, 0, 0, 0, 0, 0, 0, 0, 0, 0, 0, 0, 0, 0, 0, 0, 0, 0, 0, 0, 0, 0, 0, 0, 0, 0, 0, 0, 0, 0, 0, 0, 0, 0, 0, 0, 0, 0, 0, 0, 0, 0, 0, 0, 0, 0, 0, 0, 0, 0, 0, 0, 0, 0, 0, 0, 0, 0, 0, 0, 0, 0, 0, 0, 0, 0, 0, 0, 0, 0, 0, 0, 0, 0, 0, 0, 0, 0, 0, 0, 0, 0, 0, 0, 0, 0, 0, 0, 0, 0, 0, 0, 0, 0, 0, 0, 0, 0, 0, 0, 0, 0, 0, 0, 0, 0, 0, 0, 0, 0, 0, 0, 0, 0, 0, 0, 0, 0, 0, 0, 0, 0, 0, 0, 0, 0, 0, 0, 0, 0, 0, 0, 0, 0, 0, 0, 0, 0, 0, 0, 0, 0, 0, 0, 0])
01-17 09:22:56.060   627  3892 D DlbDap2Process: setParam(arbs = #81[20, 47, 141, 234, 328, 469, 656, 844, 1031, 1313, 1688, 2250, 3000, 3750, 4688, 5813, 7125, 9000, 11250, 13875, 19688, -192, -192, -192, -192, -192, -192, -192, -192, -192, -192, -192, -192, -192, -192, -192, -192, -192, -192, -192, -192, 0, 0, 0, 0, 0, 0, 0, 0, 0, 0, 0, 0, 0, 0, 0, 0, 0, 0, 0, 0, 0, 0, 0, 0, 0, 0, 0, 0, 0, 0, 0, 0, 0, 0, 0, 0, 0, 0, 0, 0])
01-17 09:22:56.060   627  3892 D DlbDapEndpointParamCache: doCommit() Committed 37 parameters out of 37.
01-17 09:22:56.061   627  3892 D DlbDap2Process: setMave(mave = 0)
01-17 09:22:56.097   627  3892 D DlbDapCrossfadeProcess: process transitioning from FADE_TO_BYPASS state to DAP_BYPASSED
01-17 09:22:56.107 30511 30511 D featureTest: receive broadcast , playing content location :/sdcard/featureTest/7ch_25fps.wav
01-17 09:22:56.108   710  1419 D NuPlayerDriver: stop(0xe6bcb070)
01-17 09:22:56.108   710  1419 D NuPlayerDriver: notifyListener_l(0xe6bcb070), (8, 0, 0, -1), loop setting(0, 1)
01-17 09:22:56.110   710  1419 D NuPlayerDriver: reset(0xe6bcb070) at state 8
01-17 09:22:56.117   710 30536 D NuPlayerDriver: notifyResetComplete(0xe6bcb070)
01-17 09:22:56.118   710  1422 D NuPlayerDriver: reset(0xe6bcb070) at state 0
01-17 09:22:56.123 30511 30511 D featureTest: mMediaPlayer.getAudioSessionId(): 5561
01-17 09:22:56.124 30511 30511 D featureTest: Playing file: /sdcard/featureTest/7ch_25fps.wav
01-17 09:22:56.124   710  1419 D NuPlayerDriver: NuPlayerDriver(0xe6bcb620) created, clientPid(30511)
01-17 09:22:56.140   710 30561 D NuPlayerDriver: notifyListener_l(0xe6bcb620), (1, 0, 0, -1), loop setting(0, 0)
01-17 09:22:56.144   710  1419 D NuPlayerDriver: start(0xe6bcb620), state is 4, eos is 0
01-17 09:22:56.151   717  5783 I OMXMaster: makeComponentInstance(OMX.google.raw.decoder) in omx@1.0-service process
01-17 09:22:56.153   710 30567 I ACodec  : codec does not support config priority (err -2147483648)
01-17 09:22:56.154   710 30567 I MediaCodec: MediaCodec will operate in async mode
01-17 09:22:56.164 30511 30511 D featureTest: receive broadcast , change ds status :1
01-17 09:22:56.170   710 30565 D AudioTrack: Client defaulted notificationFrames to 12000 for frameCount 24000
01-17 09:22:56.173   627  4939 D DlbDlbEffect: handle_EFFECT_CMD_SET_PARAM()
01-17 09:22:56.175   684   931 W AudioFlinger: moveDolbyEffect() effect chain for session 0 not on source thread 0xee0ae580
01-17 09:22:56.176   710 30561 D NuPlayerDriver: notifyListener_l(0xe6bcb620), (6, 0, 0, -1), loop setting(0, 1)
01-17 09:22:56.217   627  3892 D DlbDapCrossfadeProcess: setEnabled transitioning from DAP_BYPASSED state to PREROLL_ACTIVE
01-17 09:22:56.218 30511 30511 D featureTest: receive broadcast , change ds profile id :5
01-17 09:22:56.229   627  3512 D DlbDlbEffect: handle_EFFECT_CMD_SET_PARAM()
01-17 09:22:56.229   645   713 I DapController: Profile Changed to Custom
01-17 09:22:56.258   627  3892 D DlbDapEndpointParamCache: commitChangedParams()
01-17 09:22:56.258   627  3892 D DlbDapEndpointParamCache: commit() Applying parameters for device 0x40000000
01-17 09:22:56.258   627  3892 D DlbDap2Process: setParam(iea = #1[10])
01-17 09:22:56.258   627  3892 D DlbDap2Process: setParam(msce = #1[0])
01-17 09:22:56.258   627  3892 D DlbDap2Process: setParam(mdee = #1[0])
01-17 09:22:56.258   627  3892 D DlbDap2Process: setParam(miee = #1[0])
01-17 09:22:56.258   627  3892 D DlbDap2Process: setParam(mdle = #1[0])
01-17 09:22:56.258   627  3892 D DlbDap2Process: setParam(dvle = #1[1])
01-17 09:22:56.258   627  3892 D DlbDap2Process: setParam(mave = #1[0])
01-17 09:22:56.258   627  3892 D DlbDap2Process: setParam(vcbf = #20[47, 141, 234, 328, 469, 656, 844, 1031, 1313, 1688, 2250, 3000, 3750, 4688, 5813, 7125, 9000, 11250, 13875, 19688])
01-17 09:22:56.258   627  3892 D DlbDap2Process: setParam(vbon = #1[0])
01-17 09:22:56.258   627  3892 D DlbDap2Process: setParam(beon = #1[0])
01-17 09:22:56.258   627  3892 D DlbDap2Process: setParam(geon = #1[0])
01-17 09:22:56.258   627  3892 D DlbDap2Process: setParam(ieon = #1[0])
01-17 09:22:56.259   627  3892 D DlbDap2Process: setParam(gebs = #41[20, 47, 141, 234, 328, 469, 656, 844, 1031, 1313, 1688, 2250, 3000, 3750, 4688, 5813, 7125, 9000, 11250, 13875, 19688, 0, 0, 0, 0, 0, 0, 0, 0, 0, 0, 0, 0, 0, 0, 0, 0, 0, 0, 0, 0])
01-17 09:22:56.259   627  3892 D DlbDap2Process: setParam(iebs = #41[20, 65, 136, 223, 332, 467, 634, 841, 1098, 1416, 1812, 2302, 2909, 3663, 4598, 5756, 7194, 8976, 11186, 13927, 17326, 117, 133, 188, 176, 141, 149, 175, 185, 185, 200, 236, 242, 228, 213, 182, 132, 110, 68, -27, -240])
01-17 09:22:56.259   627  3892 D DlbDapEndpointParamCache: doCommit() Committed 15 parameters out of 16.
01-17 09:22:56.259   627  3892 D DlbDapEndpointParamCache: commit() Overriding parameters for current device 0x00000002
01-17 09:22:56.259   627  3892 D DlbDap2Process: setParam(dea = #1[7])
01-17 09:22:56.259   627  3892 D DlbDap2Process: setParam(dsa = #1[10])
01-17 09:22:56.259   627  3892 D DlbDap2Process: setParam(beb = #1[192])
01-17 09:22:56.259   627  3892 D DlbDap2Process: setParam(plb = #1[0])
01-17 09:22:56.259   627  3892 D DlbDap2Process: setParam(vmb = #1[144])
01-17 09:22:56.259   627  3892 D DlbDap2Process: setParam(dsb = #1[48])
01-17 09:22:56.259   627  3892 D DlbDap2Process: setParam(ded = #1[0])
01-17 09:22:56.259   627  3892 D DlbDap2Process: setParam(vbm = #1[3])
01-17 09:22:56.259   627  3892 D DlbDap2Process: setParam(dom = #1[0])
01-17 09:22:56.259   627  3892 D DlbDap2Process: setParam(bew = #1[16])
01-17 09:22:56.259   627  3892 D DlbDap2Process: setParam(dvla = #1[5])
01-17 09:22:56.259   627  3892 D DlbDap2Process: setParam(arra = #1[96])
01-17 09:22:56.259   627  3892 D DlbDap2Process: setParam(dfsa = #1[10])
01-17 09:22:56.259   627  3892 D DlbDap2Process: setParam(dhsa = #1[10])
01-17 09:22:56.259   627  3892 D DlbDap2Process: setParam(dvmc = #1[0])
01-17 09:22:56.259   627  3892 D DlbDap2Process: setParam(arod = #1[0])
01-17 09:22:56.259   627  3892 D DlbDap2Process: setParam(arde = #1[1])
01-17 09:22:56.259   627  3892 D DlbDap2Process: setParam(dvle = #1[1])
01-17 09:22:56.259   627  3892 D DlbDap2Process: setParam(dvme = #1[0])
01-17 09:22:56.259   627  3892 D DlbDap2Process: setParam(becf = #1[200])
01-17 09:22:56.259   627  3892 D DlbDap2Process: setParam(vbmf = #2[94, 469])
01-17 09:22:56.259   627  3892 D DlbDap2Process: setParam(vbsf = #2[35, 160])
01-17 09:22:56.259   627  3892 D DlbDap2Process: setParam(vbhg = #3[-32, -144, -192])
01-17 09:22:56.259   627  3892 D DlbDap2Process: setParam(vbog = #1[0])
01-17 09:22:56.260   627  3892 D DlbDap2Process: setParam(vbsg = #1[0])
01-17 09:22:56.260   627  3892 D DlbDap2Process: setParam(dvli = #1[-320])
01-17 09:22:56.260   627  3892 D DlbDap2Process: setParam(dhfm = #1[2])
01-17 09:22:56.260   627  3892 D DlbDap2Process: setParam(vbon = #1[0])
01-17 09:22:56.260   627  3892 D DlbDap2Process: setParam(beon = #1[0])
01-17 09:22:56.260   627  3892 D DlbDap2Process: setParam(deon = #1[0])
01-17 09:22:56.260   627  3892 D DlbDap2Process: setParam(ngon = #1[1])
01-17 09:22:56.260   627  3892 D DlbDap2Process: setParam(aoon = #1[1])
01-17 09:22:56.260   627  3892 D DlbDap2Process: setParam(aron = #1[1])
01-17 09:22:56.260   627  3892 D DlbDap2Process: setParam(dvlo = #1[-320])
01-17 09:22:56.260   627  3892 D DlbDap2Process: setParam(artp = #1[12])
01-17 09:22:56.260   627  3892 D DlbDap2Process: setParam(aobs = #222[20, 10, 47, 141, 234, 328, 469, 656, 844, 1031, 1313, 1688, 2250, 3000, 3750, 4688, 5813, 7125, 9000, 11250, 13875, 19688, 0, 0, 0, 0, 0, 0, 0, 0, 0, 0, 0, 0, 0, 0, 0, 0, 0, 0, 0, 0, 0, 0, 0, 0, 0, 0, 0, 0, 0, 0, 0, 0, 0, 0, 0, 0, 0, 0, 0, 0, 0, 0, 0, 0, 0, 0, 0, 0, 0, 0, 0, 0, 0, 0, 0, 0, 0, 0, 0, 0, 0, 0, 0, 0, 0, 0, 0, 0, 0, 0, 0, 0, 0, 0, 0, 0, 0, 0, 0, 0, 0, 0, 0, 0, 0, 0, 0, 0, 0, 0, 0, 0, 0, 0, 0, 0, 0, 0, 0, 0, 0, 0, 0, 0, 0, 0, 0, 0, 0, 0, 0, 0, 0, 0, 0, 0, 0, 0, 0, 0, 0, 0, 0, 0, 0, 0, 0, 0, 0, 0, 0, 0, 0, 0, 0, 0, 0, 0, 0, 0, 0, 0, 0, 0, 0, 0, 0, 0, 0, 0, 0, 0, 0, 0, 0, 0, 0, 0, 0, 0, 0, 0, 0, 0, 0, 0, 0, 0, 0, 0, 0, 0, 0, 0, 0, 0, 0, 0, 0, 0, 0, 0, 0, 0, 0, 0, 0, 0, 0, 0, 0, 0, 0, 0, 0, 0, 0, 0, 0, 0])
01-17 09:22:56.260   627  3892 D DlbDap2Process: setParam(arbs = #81[20, 47, 141, 234, 328, 469, 656, 844, 1031, 1313, 1688, 2250, 3000, 3750, 4688, 5813, 7125, 9000, 11250, 13875, 19688, -192, -192, -192, -192, -192, -192, -192, -192, -192, -192, -192, -192, -192, -192, -192, -192, -192, -192, -192, -192, 0, 0, 0, 0, 0, 0, 0, 0, 0, 0, 0, 0, 0, 0, 0, 0, 0, 0, 0, 0, 0, 0, 0, 0, 0, 0, 0, 0, 0, 0, 0, 0, 0, 0, 0, 0, 0, 0, 0, 0])
01-17 09:22:56.260   627  3892 D DlbDapEndpointParamCache: doCommit() Committed 37 parameters out of 37.
01-17 09:22:56.261   627  3892 D DlbDap2Process: setMave(mave = 0)
01-17 09:22:56.264   627  3892 D DlbDapCrossfadeProcess: process transitioning from PREROLL_ACTIVE state to FADE_TO_ACTIVE
01-17 09:22:56.285 30511 30511 D featureTest: receive broadcast , change virtual speaker  virtualizer :0
01-17 09:22:56.299   684   928 W AudioFlinger::EffectModule: EffectModule 0xed0e2c80 destructor called with unreleased interface
01-17 09:22:56.299   684   928 W AudioFlinger::EffectHandle: disconnect Effect handle 0xee163d40 disconnected after thread destruction
01-17 09:22:56.300 30511 30511 D featureTest: virtual speaker virtualizer can not be operate for mono speaker endpoint!
01-17 09:22:56.358 30511 30511 D featureTest: receive broadcast , record log :0
01-17 09:22:56.377   627  3892 D DlbDapCrossfadeProcess: process transitioning from FADE_TO_ACTIVE state to DAP_ACTIVE
01-17 09:22:56.616   627  3892 D DlbDap2Process: process() called [474500] times
01-17 09:22:59.269   627  3892 D DlbDap2Process: process() called [475000] times
