--------- beginning of system
01-15 12:10:06.245   945  7365 I ActivityManager: Force stopping com.dolby.qa.featuretest appid=10072 user=0: from pid 15237
01-15 12:10:06.246   945  7365 I ActivityManager: Killing 15142:com.dolby.qa.featuretest/u0a72 (adj 0): stop com.dolby.qa.featuretest
01-15 12:10:06.248   945  7365 W ActivityManager: Force removing ActivityRecord{f68b249 u0 com.dolby.qa.featuretest/.MainActivity t120}: app died, no saved state
01-15 12:10:06.257   945  7365 I WindowManager: Failed to capture screenshot of Token{35c574e ActivityRecord{f68b249 u0 com.dolby.qa.featuretest/.MainActivity t120 f}} appWin=Window{dd4272d u0 com.dolby.qa.featuretest/com.dolby.qa.featuretest.MainActivity} drawState=4
--------- beginning of main
01-15 12:10:06.271   710   900 D NuPlayerDriver: reset(0xe84b2310) at state 5
01-15 12:10:06.272   710   900 D NuPlayerDriver: notifyListener_l(0xe84b2310), (8, 0, 0, -1), loop setting(0, 1)
01-15 12:10:06.272   945  1324 I WindowManager: WIN DEATH: Window{7fb4a40 u0 Toast}
01-15 12:10:06.280   710 15198 D NuPlayerDriver: notifyResetComplete(0xe84b2310)
01-15 12:10:06.280   710   900 D AudioTrack: stop() called with 0 frames delivered
01-15 12:10:06.290  1499  1499 D CarrierSvcBindHelper: No carrier app for: 0
01-15 12:10:06.293  2010  2010 D RegisteredNfcFServicesCache: Service unchanged, not updating
01-15 12:10:06.340   945  7365 I ActivityManager: START u0 {flg=0x10000000 cmp=com.dolby.qa.featuretest/.MainActivity} from uid 2000
01-15 12:10:06.371   945  1506 I ActivityManager: Start proc 15244:com.dolby.qa.featuretest/u0a72 for activity com.dolby.qa.featuretest/.MainActivity
01-15 12:10:06.376 15244 15244 I zygote64: Late-enabling -Xcheck:jni
01-15 12:10:06.409   684   928 W AudioFlinger::EffectModule: EffectModule 0xee09e080 destructor called with unreleased interface
01-15 12:10:06.409   684   928 W AudioFlinger::EffectHandle: disconnect Effect handle 0xee1632c0 disconnected after thread destruction
01-15 12:10:06.411   627   627 D DlbDlbEffect: handle_EFFECT_CMD_DISABLE()
01-15 12:10:06.411   627   627 D DlbDapCrossfadeProcess: setEnabled transitioning from DAP_ACTIVE state to FADE_TO_BYPASS
01-15 12:10:06.412   626   626 W /system/bin/hw/android.hidl.allocator@1.0-service: ashmem_create_region(3840) returning hidl_memory(0x7b7102c330, 3840)
01-15 12:10:06.413   627   627 D DlbDlbEffect: handle_EFFECT_CMD_SET_CONFIG()
01-15 12:10:06.413   627   627 D DlbDapEndpointParamCache: setDevice(device=0x00000002)
01-15 12:10:06.413   645   645 D DMSService: setActiveDevice called with device = 0x2
01-15 12:10:06.414   627  4939 D DlbDlbEffect: handle_EFFECT_CMD_ENABLE()
01-15 12:10:06.414   627  4939 D DlbDapCrossfadeProcess: setEnabled transitioning from FADE_TO_BYPASS state to FADE_TO_ACTIVE
01-15 12:10:06.427 15244 15251 I zygote64: Debugger is no longer active
01-15 12:10:06.541 15244 15244 D featureTest: onCreate
01-15 12:10:06.545 15244 15244 D AudioTrack: Client defaulted notificationFrames to 962 for frameCount 1924
01-15 12:10:06.548 15244 15244 W AudioTrack: Use of stream types is deprecated for operations other than volume control
01-15 12:10:06.548 15244 15244 W AudioTrack: See the documentation of AudioTrack() for what to use instead with android.media.AudioAttributes to qualify your playback use case
01-15 12:10:06.555 15244 15244 W DolbyAudioEffect: WARNING: attaching a DolbyAudioEffect to global output mix is deprecated!
01-15 12:10:06.561 15244 15244 D featureTest: onResume
01-15 12:10:06.571 15244 15261 D OpenGLRenderer: HWUI GL Pipeline
01-15 12:10:06.603 15244 15261 I Adreno  : QUALCOMM build                   : 7142022, Ib5823dd10c
01-15 12:10:06.603 15244 15261 I Adreno  : Build Date                       : 06/23/17
01-15 12:10:06.603 15244 15261 I Adreno  : OpenGL ES Shader Compiler Version: EV031.18.00.00
01-15 12:10:06.603 15244 15261 I Adreno  : Local Branch                     : O11A
01-15 12:10:06.603 15244 15261 I Adreno  : Remote Branch                    : 
01-15 12:10:06.603 15244 15261 I Adreno  : Remote Branch                    : 
01-15 12:10:06.603 15244 15261 I Adreno  : Reconstruct Branch               : 
01-15 12:10:06.610 15244 15261 I Adreno  : PFP: 0x005ff087, ME: 0x005ff063
01-15 12:10:06.613 15244 15261 I OpenGLRenderer: Initialized EGL, version 1.4
01-15 12:10:06.613 15244 15261 D OpenGLRenderer: Swap behavior 2
01-15 12:10:06.660   945   998 I ActivityManager: Displayed com.dolby.qa.featuretest/.MainActivity: +296ms
01-15 12:10:06.816   945   998 W ActivityManager: setHasOverlayUi called on unknown pid: 15142
01-15 12:10:07.159  2103  2230 W OpenGLRenderer: Incorrectly called buildLayer on View: ShortcutAndWidgetContainer, destroying layer...
01-15 12:10:07.261   945   945 W NotificationService: Object died trying to hide notification android.app.ITransientNotification$Stub$Proxy@e88f2e8 in package com.dolby.qa.featuretest
01-15 12:10:07.261   945   945 W WindowManager: removeWindowToken: Attempted to remove non-existing token: android.os.Binder@a867d10
01-15 12:10:07.261   945   945 W ActivityManager: setProcessForeground called on unknown pid: 15142
01-15 12:10:07.262   945   945 W NotificationService: Object died trying to show notification android.app.ITransientNotification$Stub$Proxy@1c24d01 in package com.dolby.qa.featuretest
01-15 12:10:07.262   945   945 W ActivityManager: setProcessForeground called on unknown pid: 15142
01-15 12:10:07.262   945   945 W NotificationService: Object died trying to show notification android.app.ITransientNotification$Stub$Proxy@2f747a6 in package com.dolby.qa.featuretest
01-15 12:10:07.263   945   945 W ActivityManager: setProcessForeground called on unknown pid: 15142
01-15 12:10:07.263   945   945 W NotificationService: Object died trying to show notification android.app.ITransientNotification$Stub$Proxy@b8245e7 in package com.dolby.qa.featuretest
01-15 12:10:07.420 15244 15244 D featureTest: receive broadcast , playing content location :/sdcard/featureTest/chopper_2.0_180_420_02.wav
01-15 12:10:07.427 15244 15244 D featureTest: mMediaPlayer.getAudioSessionId(): 2337
01-15 12:10:07.427 15244 15244 D featureTest: Playing file: /sdcard/featureTest/chopper_2.0_180_420_02.wav
01-15 12:10:07.429   710   900 D NuPlayerDriver: NuPlayerDriver(0xe84b2310) created, clientPid(15244)
01-15 12:10:07.432 15244 15244 W MediaPlayer: Use of stream types is deprecated for operations other than volume control
01-15 12:10:07.433 15273 15273 W generic : type=1400 audit(0.0:195): avc: denied { read } for path="/storage/emulated/0/featuretest/chopper_2.0_180_420_02.wav" dev="sdcardfs" ino=1310768 scontext=u:r:mediaextractor:s0 tcontext=u:object_r:sdcardfs:s0 tclass=file permissive=0
01-15 12:10:07.433 15244 15244 W MediaPlayer: See the documentation of setAudioStreamType() for what to use instead with android.media.AudioAttributes to qualify your playback use case
01-15 12:10:07.435   710 15273 D GenericSource: FileSource remote
01-15 12:10:07.437   710 15273 W GenericSource: extractor service cannot make data source
01-15 12:10:07.437   710 15273 D GenericSource: FileSource local
01-15 12:10:07.449   700  1879 D MediaBufferGroup: creating MemoryDealer
01-15 12:10:07.450   710 15270 D NuPlayerDriver: notifyListener_l(0xe84b2310), (1, 0, 0, -1), loop setting(0, 0)
01-15 12:10:07.460   710   900 D NuPlayerDriver: start(0xe84b2310), state is 4, eos is 0
01-15 12:10:07.460   710 15270 I GenericSource: start
01-15 12:10:07.464 15244 15244 W DolbyAudioEffect: WARNING: attaching a DolbyAudioEffect to global output mix is deprecated!
01-15 12:10:07.471   710 15278 I OMXClient: Treble IOmx obtained
01-15 12:10:07.471   717  4053 I OMXMaster: makeComponentInstance(OMX.google.raw.decoder) in omx@1.0-service process
01-15 12:10:07.474   717  4053 E OMXNodeInstance: setConfig(0xe7b0a900:google.raw.decoder, ConfigPriority(0x6f800002)) ERROR: Undefined(0x80001001)
01-15 12:10:07.474   710 15278 I ACodec  : codec does not support config priority (err -2147483648)
01-15 12:10:07.474   717  4053 E OMXNodeInstance: getConfig(0xe7b0a900:google.raw.decoder, ConfigAndroidVendorExtension(0x6f100004)) ERROR: Undefined(0x80001001)
01-15 12:10:07.475   710 15278 I MediaCodec: MediaCodec will operate in async mode
01-15 12:10:07.476   626   626 W /system/bin/hw/android.hidl.allocator@1.0-service: ashmem_create_region(32768) returning hidl_memory(0x7b7102c330, 32768)
01-15 12:10:07.477   626   626 I chatty  : uid=1000(system) allocator@1.0-s identical 1 line
01-15 12:10:07.477   626   626 W /system/bin/hw/android.hidl.allocator@1.0-service: ashmem_create_region(32768) returning hidl_memory(0x7b7102c330, 32768)
01-15 12:10:07.477 15244 15244 D featureTest: receive broadcast , change ds status :1
01-15 12:10:07.477   626   626 W /system/bin/hw/android.hidl.allocator@1.0-service: ashmem_create_region(32768) returning hidl_memory(0x7b7102c330, 32768)
01-15 12:10:07.480   626   626 I chatty  : uid=1000(system) allocator@1.0-s identical 3 lines
01-15 12:10:07.480   626   626 W /system/bin/hw/android.hidl.allocator@1.0-service: ashmem_create_region(32768) returning hidl_memory(0x7b7102c330, 32768)
01-15 12:10:07.486   710 15276 D AudioTrack: Client defaulted notificationFrames to 7350 for frameCount 22050
01-15 12:10:07.487   626   626 W /system/bin/hw/android.hidl.allocator@1.0-service: ashmem_create_region(7680) returning hidl_memory(0x7b7102c330, 7680)
01-15 12:10:07.488   626   626 W /system/bin/hw/android.hidl.allocator@1.0-service: ashmem_create_region(7680) returning hidl_memory(0x7b7102c330, 7680)
01-15 12:10:07.490   627   627 D DlbDlbEffect: handle_EFFECT_CMD_SET_PARAM()
01-15 12:10:07.491   627   627 D DlbDlbEffect: handle_EFFECT_CMD_DISABLE()
01-15 12:10:07.491   627   627 D DlbDapCrossfadeProcess: setEnabled transitioning from FADE_TO_ACTIVE state to FADE_TO_BYPASS
01-15 12:10:07.493   626   626 W /system/bin/hw/android.hidl.allocator@1.0-service: ashmem_create_region(7680) returning hidl_memory(0x7b7102c330, 7680)
01-15 12:10:07.493   627   627 D DlbDlbEffect: handle_EFFECT_CMD_SET_CONFIG()
01-15 12:10:07.494   627  4939 D DlbDapEndpointParamCache: setDevice(device=0x00000002)
01-15 12:10:07.494   645   645 D DMSService: setActiveDevice called with device = 0x2
01-15 12:10:07.495   627   627 D DlbDlbEffect: handle_EFFECT_CMD_ENABLE()
01-15 12:10:07.495   627   627 D DlbDapCrossfadeProcess: setEnabled transitioning from FADE_TO_BYPASS state to FADE_TO_ACTIVE
01-15 12:10:07.495   684  3973 W AudioFlinger: moveDolbyEffect() effect chain for session 0 not on source thread 0xee0ae580
01-15 12:10:07.496   710 15270 D NuPlayerDriver: notifyListener_l(0xe84b2310), (6, 0, 0, -1), loop setting(0, 1)
01-15 12:10:07.512   627  3892 D DlbDapCrossfadeProcess: process transitioning from FADE_TO_ACTIVE state to DAP_ACTIVE
01-15 12:10:07.546 15244 15244 D featureTest: receive broadcast , change ds profile id :2
01-15 12:10:07.555   627  4939 D DlbDlbEffect: handle_EFFECT_CMD_SET_PARAM()
01-15 12:10:07.555   645   713 I DapController: Profile Changed to Music
01-15 12:10:07.590   627  3892 D DlbDapEndpointParamCache: commitChangedParams()
01-15 12:10:07.590   627  3892 D DlbDapEndpointParamCache: commit() Applying parameters for device 0x40000000
01-15 12:10:07.590   627  3892 D DlbDap2Process: setParam(iea = #1[10])
01-15 12:10:07.590   627  3892 D DlbDap2Process: setParam(msce = #1[0])
01-15 12:10:07.590   627  3892 D DlbDap2Process: setParam(mdee = #1[0])
01-15 12:10:07.590   627  3892 D DlbDap2Process: setParam(miee = #1[0])
01-15 12:10:07.590   627  3892 D DlbDap2Process: setParam(mdle = #1[0])
01-15 12:10:07.590   627  3892 D DlbDap2Process: setParam(dvle = #1[1])
01-15 12:10:07.590   627  3892 D DlbDap2Process: setParam(mave = #1[0])
01-15 12:10:07.590   627  3892 D DlbDap2Process: setParam(vcbf = #20[47, 141, 234, 328, 469, 656, 844, 1031, 1313, 1688, 2250, 3000, 3750, 4688, 5813, 7125, 9000, 11250, 13875, 19688])
01-15 12:10:07.590   627  3892 D DlbDap2Process: setParam(vbon = #1[0])
01-15 12:10:07.590   627  3892 D DlbDap2Process: setParam(beon = #1[0])
01-15 12:10:07.590   627  3892 D DlbDap2Process: setParam(geon = #1[0])
01-15 12:10:07.590   627  3892 D DlbDap2Process: setParam(ieon = #1[1])
01-15 12:10:07.591   627  3892 D DlbDap2Process: setParam(gebs = #41[20, 47, 141, 234, 328, 469, 656, 844, 1031, 1313, 1688, 2250, 3000, 3750, 4688, 5813, 7125, 9000, 11250, 13875, 19688, 0, 0, 0, 0, 0, 0, 0, 0, 0, 0, 0, 0, 0, 0, 0, 0, 0, 0, 0, 0])
01-15 12:10:07.591   627  3892 D DlbDap2Process: setParam(iebs = #41[20, 65, 136, 223, 332, 467, 634, 841, 1098, 1416, 1812, 2302, 2909, 3663, 4598, 5756, 7194, 8976, 11186, 13927, 17326, 117, 133, 188, 176, 141, 149, 175, 185, 185, 200, 236, 242, 228, 213, 182, 132, 110, 68, -27, -240])
01-15 12:10:07.591   627  3892 D DlbDapEndpointParamCache: doCommit() Committed 15 parameters out of 16.
01-15 12:10:07.591   627  3892 D DlbDapEndpointParamCache: commit() Overriding parameters for current device 0x00000002
01-15 12:10:07.591   627  3892 D DlbDap2Process: setParam(dea = #1[7])
01-15 12:10:07.591   627  3892 D DlbDap2Process: setParam(dsa = #1[10])
01-15 12:10:07.591   627  3892 D DlbDap2Process: setParam(beb = #1[192])
01-15 12:10:07.591   627  3892 D DlbDap2Process: setParam(plb = #1[0])
01-15 12:10:07.591   627  3892 D DlbDap2Process: setParam(vmb = #1[144])
01-15 12:10:07.591   627  3892 D DlbDap2Process: setParam(dsb = #1[0])
01-15 12:10:07.591   627  3892 D DlbDap2Process: setParam(ded = #1[0])
01-15 12:10:07.591   627  3892 D DlbDap2Process: setParam(vbm = #1[3])
01-15 12:10:07.591   627  3892 D DlbDap2Process: setParam(dom = #1[0])
01-15 12:10:07.591   627  3892 D DlbDap2Process: setParam(bew = #1[16])
01-15 12:10:07.591   627  3892 D DlbDap2Process: setParam(dvla = #1[4])
01-15 12:10:07.591   627  3892 D DlbDap2Process: setParam(arra = #1[96])
01-15 12:10:07.591   627  3892 D DlbDap2Process: setParam(dfsa = #1[10])
01-15 12:10:07.591   627  3892 D DlbDap2Process: setParam(dhsa = #1[10])
01-15 12:10:07.591   627  3892 D DlbDap2Process: setParam(dvmc = #1[0])
01-15 12:10:07.591   627  3892 D DlbDap2Process: setParam(arod = #1[0])
01-15 12:10:07.591   627  3892 D DlbDap2Process: setParam(arde = #1[1])
01-15 12:10:07.591   627  3892 D DlbDap2Process: setParam(dvle = #1[1])
01-15 12:10:07.591   627  3892 D DlbDap2Process: setParam(dvme = #1[0])
01-15 12:10:07.591   627  3892 D DlbDap2Process: setParam(becf = #1[200])
01-15 12:10:07.591   627  3892 D DlbDap2Process: setParam(vbmf = #2[94, 469])
01-15 12:10:07.591   627  3892 D DlbDap2Process: setParam(vbsf = #2[35, 160])
01-15 12:10:07.592   627  3892 D DlbDap2Process: setParam(vbhg = #3[-32, -144, -192])
01-15 12:10:07.592   627  3892 D DlbDap2Process: setParam(vbog = #1[0])
01-15 12:10:07.592   627  3892 D DlbDap2Process: setParam(vbsg = #1[0])
01-15 12:10:07.592   627  3892 D DlbDap2Process: setParam(dvli = #1[-320])
01-15 12:10:07.592   627  3892 D DlbDap2Process: setParam(dhfm = #1[2])
01-15 12:10:07.592   627  3892 D DlbDap2Process: setParam(vbon = #1[0])
01-15 12:10:07.592   627  3892 D DlbDap2Process: setParam(beon = #1[0])
01-15 12:10:07.592   627  3892 D DlbDap2Process: setParam(deon = #1[0])
01-15 12:10:07.592   627  3892 D DlbDap2Process: setParam(ngon = #1[1])
01-15 12:10:07.592   627  3892 D DlbDap2Process: setParam(aoon = #1[1])
01-15 12:10:07.592   627  3892 D DlbDap2Process: setParam(aron = #1[1])
01-15 12:10:07.592   627  3892 D DlbDap2Process: setParam(dvlo = #1[-320])
01-15 12:10:07.592   627  3892 D DlbDap2Process: setParam(artp = #1[12])
01-15 12:10:07.593   627  3892 D DlbDap2Process: setParam(aobs = #222[20, 10, 47, 141, 234, 328, 469, 656, 844, 1031, 1313, 1688, 2250, 3000, 3750, 4688, 5813, 7125, 9000, 11250, 13875, 19688, 0, 0, 0, 0, 0, 0, 0, 0, 0, 0, 0, 0, 0, 0, 0, 0, 0, 0, 0, 0, 0, 0, 0, 0, 0, 0, 0, 0, 0, 0, 0, 0, 0, 0, 0, 0, 0, 0, 0, 0, 0, 0, 0, 0, 0, 0, 0, 0, 0, 0, 0, 0, 0, 0, 0, 0, 0, 0, 0, 0, 0, 0, 0, 0, 0, 0, 0, 0, 0, 0, 0, 0, 0, 0, 0, 0, 0, 0, 0, 0, 0, 0, 0, 0, 0, 0, 0, 0, 0, 0, 0, 0, 0, 0, 0, 0, 0, 0, 0, 0, 0, 0, 0, 0, 0, 0, 0, 0, 0, 0, 0, 0, 0, 0, 0, 0, 0, 0, 0, 0, 0, 0, 0, 0, 0, 0, 0, 0, 0, 0, 0, 0, 0, 0, 0, 0, 0, 0, 0, 0, 0, 0, 0, 0, 0, 0, 0, 0, 0, 0, 0, 0, 0, 0, 0, 0, 0, 0, 0, 0, 0, 0, 0, 0, 0, 0, 0, 0, 0, 0, 0, 0, 0, 0, 0, 0, 0, 0, 0, 0, 0, 0, 0, 0, 0, 0, 0, 0, 0, 0, 0, 0, 0, 0, 0, 0, 0, 0, 0, 0])
01-15 12:10:07.593   627  3892 D DlbDap2Process: setParam(arbs = #81[20, 47, 141, 234, 328, 469, 656, 844, 1031, 1313, 1688, 2250, 3000, 3750, 4688, 5813, 7125, 9000, 11250, 13875, 19688, -192, -192, -192, -192, -192, -192, -192, -192, -192, -192, -192, -192, -192, -192, -192, -192, -192, -192, -192, -192, 0, 0, 0, 0, 0, 0, 0, 0, 0, 0, 0, 0, 0, 0, 0, 0, 0, 0, 0, 0, 0, 0, 0, 0, 0, 0, 0, 0, 0, 0, 0, 0, 0, 0, 0, 0, 0, 0, 0, 0])
01-15 12:10:07.593   627  3892 D DlbDapEndpointParamCache: doCommit() Committed 37 parameters out of 37.
01-15 12:10:07.593   627  3892 D DlbDap2Process: setMave(mave = 0)
01-15 12:10:07.616 15244 15244 D featureTest: receive broadcast , change virtual speaker  virtualizer :0
01-15 12:10:07.626 15244 15244 W System.err: java.lang.UnsupportedOperationException
01-15 12:10:07.626 15244 15244 W System.err: 	at com.dolby.dax.DolbyAudioEffect.setDolbyVirtualSpeakerVirtualizerEnabled(DolbyAudioEffect.java:323)
01-15 12:10:07.626 15244 15244 W System.err: 	at com.dolby.qa.featuretest.MainActivity$1.handleMessage(MainActivity.java:139)
01-15 12:10:07.627 15244 15244 W System.err: 	at android.os.Handler.dispatchMessage(Handler.java:105)
01-15 12:10:07.627 15244 15244 W System.err: 	at android.os.Looper.loop(Looper.java:164)
01-15 12:10:07.627 15244 15244 W System.err: 	at android.app.ActivityThread.main(ActivityThread.java:6541)
01-15 12:10:07.627 15244 15244 W System.err: 	at java.lang.reflect.Method.invoke(Native Method)
01-15 12:10:07.627 15244 15244 W System.err: 	at com.android.internal.os.Zygote$MethodAndArgsCaller.run(Zygote.java:240)
01-15 12:10:07.627 15244 15244 W System.err: 	at com.android.internal.os.ZygoteInit.main(ZygoteInit.java:767)
01-15 12:10:07.628 15244 15244 D featureTest: virtual speaker virtualizer can not be operate for mono speaker endpoint!
01-15 12:10:07.681 15244 15244 D featureTest: receive broadcast , record log :0
01-15 12:10:07.737 15244 15244 D featureTest: receive broadcast , playing content location :/sdcard/featureTest/chopper_2.0_180_420_02.wav
01-15 12:10:07.739   710   900 D NuPlayerDriver: stop(0xe84b2310)
01-15 12:10:07.739   710   900 D NuPlayerDriver: notifyListener_l(0xe84b2310), (8, 0, 0, -1), loop setting(0, 1)
01-15 12:10:07.740   710   900 D NuPlayerDriver: reset(0xe84b2310) at state 8
01-15 12:10:07.749   710 15270 D NuPlayerDriver: notifyResetComplete(0xe84b2310)
01-15 12:10:07.750   710  1422 D NuPlayerDriver: reset(0xe84b2310) at state 0
01-15 12:10:07.751 15244 15244 V MediaPlayer: resetDrmState:  mDrmInfo=null mDrmProvisioningThread=null mPrepareDrmInProgress=false mActiveDrmScheme=false
01-15 12:10:07.751 15244 15244 V MediaPlayer: cleanDrmObj: mDrmObj=null mDrmSessionId=null
01-15 12:10:07.752 15244 15244 V MediaPlayer: resetDrmState:  mDrmInfo=null mDrmProvisioningThread=null mPrepareDrmInProgress=false mActiveDrmScheme=false
01-15 12:10:07.752 15244 15244 V MediaPlayer: cleanDrmObj: mDrmObj=null mDrmSessionId=null
01-15 12:10:07.757 15244 15244 D featureTest: mMediaPlayer.getAudioSessionId(): 2345
01-15 12:10:07.758 15244 15244 D featureTest: Playing file: /sdcard/featureTest/chopper_2.0_180_420_02.wav
01-15 12:10:07.759   710  1422 D NuPlayerDriver: NuPlayerDriver(0xe84b24d0) created, clientPid(15244)
01-15 12:10:07.763 15244 15244 W MediaPlayer: Use of stream types is deprecated for operations other than volume control
01-15 12:10:07.763 15244 15244 W MediaPlayer: See the documentation of setAudioStreamType() for what to use instead with android.media.AudioAttributes to qualify your playback use case
01-15 12:10:07.766 15302 15302 W generic : type=1400 audit(0.0:196): avc: denied { read } for path="/storage/emulated/0/featuretest/chopper_2.0_180_420_02.wav" dev="sdcardfs" ino=1310768 scontext=u:r:mediaextractor:s0 tcontext=u:object_r:sdcardfs:s0 tclass=file permissive=0
01-15 12:10:07.769   710 15302 D GenericSource: FileSource remote
01-15 12:10:07.769   710 15302 W GenericSource: extractor service cannot make data source
01-15 12:10:07.769   710 15302 D GenericSource: FileSource local
01-15 12:10:07.784   700  1879 D MediaBufferGroup: creating MemoryDealer
01-15 12:10:07.784   710 15301 D NuPlayerDriver: notifyListener_l(0xe84b24d0), (1, 0, 0, -1), loop setting(0, 0)
01-15 12:10:07.788   710  1422 D NuPlayerDriver: start(0xe84b24d0), state is 4, eos is 0
01-15 12:10:07.788   710 15301 I GenericSource: start
01-15 12:10:07.791 15244 15244 W DolbyAudioEffect: WARNING: attaching a DolbyAudioEffect to global output mix is deprecated!
01-15 12:10:07.796   710 15307 I OMXClient: Treble IOmx obtained
01-15 12:10:07.797   717  4053 I OMXMaster: makeComponentInstance(OMX.google.raw.decoder) in omx@1.0-service process
01-15 12:10:07.799   717  4053 E OMXNodeInstance: setConfig(0xe7b0a900:google.raw.decoder, ConfigPriority(0x6f800002)) ERROR: Undefined(0x80001001)
01-15 12:10:07.799   710 15307 I ACodec  : codec does not support config priority (err -2147483648)
01-15 12:10:07.799   717  4053 E OMXNodeInstance: getConfig(0xe7b0a900:google.raw.decoder, ConfigAndroidVendorExtension(0x6f100004)) ERROR: Undefined(0x80001001)
01-15 12:10:07.800   710 15307 I MediaCodec: MediaCodec will operate in async mode
01-15 12:10:07.801   626   626 W /system/bin/hw/android.hidl.allocator@1.0-service: ashmem_create_region(32768) returning hidl_memory(0x7b7102c330, 32768)
01-15 12:10:07.804   626   626 I chatty  : uid=1000(system) allocator@1.0-s identical 6 lines
01-15 12:10:07.804   626   626 W /system/bin/hw/android.hidl.allocator@1.0-service: ashmem_create_region(32768) returning hidl_memory(0x7b7102c330, 32768)
01-15 12:10:07.804 15244 15244 D featureTest: receive broadcast , change ds status :1
01-15 12:10:07.811   710 15305 D AudioTrack: Client defaulted notificationFrames to 7350 for frameCount 22050
01-15 12:10:07.812   627  4939 D DlbDlbEffect: handle_EFFECT_CMD_SET_PARAM()
01-15 12:10:07.813   626   626 W /system/bin/hw/android.hidl.allocator@1.0-service: ashmem_create_region(7680) returning hidl_memory(0x7b7102c330, 7680)
01-15 12:10:07.816   626   626 W /system/bin/hw/android.hidl.allocator@1.0-service: ashmem_create_region(7680) returning hidl_memory(0x7b7102c330, 7680)
01-15 12:10:07.817   684  3974 W AudioFlinger: moveDolbyEffect() effect chain for session 0 not on source thread 0xee0ae580
01-15 12:10:07.818   710 15301 D NuPlayerDriver: notifyListener_l(0xe84b24d0), (6, 0, 0, -1), loop setting(0, 1)
01-15 12:10:07.849 15244 15244 D featureTest: receive broadcast , change ds profile id :5
01-15 12:10:07.859   627  4939 D DlbDlbEffect: handle_EFFECT_CMD_SET_PARAM()
01-15 12:10:07.861   645   713 I DapController: Profile Changed to Custom
01-15 12:10:07.870   627  3892 D DlbDapEndpointParamCache: commitChangedParams()
01-15 12:10:07.870   627  3892 D DlbDapEndpointParamCache: commit() Applying parameters for device 0x40000000
01-15 12:10:07.870   627  3892 D DlbDap2Process: setParam(iea = #1[10])
01-15 12:10:07.870   627  3892 D DlbDap2Process: setParam(msce = #1[0])
01-15 12:10:07.870   627  3892 D DlbDap2Process: setParam(mdee = #1[0])
01-15 12:10:07.870   627  3892 D DlbDap2Process: setParam(miee = #1[0])
01-15 12:10:07.870   627  3892 D DlbDap2Process: setParam(mdle = #1[0])
01-15 12:10:07.870   627  3892 D DlbDap2Process: setParam(dvle = #1[1])
01-15 12:10:07.870   627  3892 D DlbDap2Process: setParam(mave = #1[0])
01-15 12:10:07.870   627  3892 D DlbDap2Process: setParam(vcbf = #20[47, 141, 234, 328, 469, 656, 844, 1031, 1313, 1688, 2250, 3000, 3750, 4688, 5813, 7125, 9000, 11250, 13875, 19688])
01-15 12:10:07.870   627  3892 D DlbDap2Process: setParam(vbon = #1[0])
01-15 12:10:07.870   627  3892 D DlbDap2Process: setParam(beon = #1[0])
01-15 12:10:07.870   627  3892 D DlbDap2Process: setParam(geon = #1[0])
01-15 12:10:07.870   627  3892 D DlbDap2Process: setParam(ieon = #1[0])
01-15 12:10:07.871   627  3892 D DlbDap2Process: setParam(gebs = #41[20, 47, 141, 234, 328, 469, 656, 844, 1031, 1313, 1688, 2250, 3000, 3750, 4688, 5813, 7125, 9000, 11250, 13875, 19688, 0, 0, 0, 0, 0, 0, 0, 0, 0, 0, 0, 0, 0, 0, 0, 0, 0, 0, 0, 0])
01-15 12:10:07.871   627  3892 D DlbDap2Process: setParam(iebs = #41[20, 65, 136, 223, 332, 467, 634, 841, 1098, 1416, 1812, 2302, 2909, 3663, 4598, 5756, 7194, 8976, 11186, 13927, 17326, 117, 133, 188, 176, 141, 149, 175, 185, 185, 200, 236, 242, 228, 213, 182, 132, 110, 68, -27, -240])
01-15 12:10:07.871   627  3892 D DlbDapEndpointParamCache: doCommit() Committed 15 parameters out of 16.
01-15 12:10:07.871   627  3892 D DlbDapEndpointParamCache: commit() Overriding parameters for current device 0x00000002
01-15 12:10:07.871   627  3892 D DlbDap2Process: setParam(dea = #1[7])
01-15 12:10:07.871   627  3892 D DlbDap2Process: setParam(dsa = #1[10])
01-15 12:10:07.871   627  3892 D DlbDap2Process: setParam(beb = #1[192])
01-15 12:10:07.871   627  3892 D DlbDap2Process: setParam(plb = #1[0])
01-15 12:10:07.871   627  3892 D DlbDap2Process: setParam(vmb = #1[144])
01-15 12:10:07.871   627  3892 D DlbDap2Process: setParam(dsb = #1[48])
01-15 12:10:07.871   627  3892 D DlbDap2Process: setParam(ded = #1[0])
01-15 12:10:07.871   627  3892 D DlbDap2Process: setParam(vbm = #1[3])
01-15 12:10:07.871   627  3892 D DlbDap2Process: setParam(dom = #1[0])
01-15 12:10:07.871   627  3892 D DlbDap2Process: setParam(bew = #1[16])
01-15 12:10:07.871   627  3892 D DlbDap2Process: setParam(dvla = #1[5])
01-15 12:10:07.871   627  3892 D DlbDap2Process: setParam(arra = #1[96])
01-15 12:10:07.871   627  3892 D DlbDap2Process: setParam(dfsa = #1[10])
01-15 12:10:07.871   627  3892 D DlbDap2Process: setParam(dhsa = #1[10])
01-15 12:10:07.871   627  3892 D DlbDap2Process: setParam(dvmc = #1[0])
01-15 12:10:07.871   627  3892 D DlbDap2Process: setParam(arod = #1[0])
01-15 12:10:07.871   627  3892 D DlbDap2Process: setParam(arde = #1[1])
01-15 12:10:07.871   627  3892 D DlbDap2Process: setParam(dvle = #1[1])
01-15 12:10:07.871   627  3892 D DlbDap2Process: setParam(dvme = #1[0])
01-15 12:10:07.871   627  3892 D DlbDap2Process: setParam(becf = #1[200])
01-15 12:10:07.871   627  3892 D DlbDap2Process: setParam(vbmf = #2[94, 469])
01-15 12:10:07.871   627  3892 D DlbDap2Process: setParam(vbsf = #2[35, 160])
01-15 12:10:07.871   627  3892 D DlbDap2Process: setParam(vbhg = #3[-32, -144, -192])
01-15 12:10:07.871   627  3892 D DlbDap2Process: setParam(vbog = #1[0])
01-15 12:10:07.871   627  3892 D DlbDap2Process: setParam(vbsg = #1[0])
01-15 12:10:07.872   627  3892 D DlbDap2Process: setParam(dvli = #1[-320])
01-15 12:10:07.872   627  3892 D DlbDap2Process: setParam(dhfm = #1[2])
01-15 12:10:07.872   627  3892 D DlbDap2Process: setParam(vbon = #1[0])
01-15 12:10:07.872   627  3892 D DlbDap2Process: setParam(beon = #1[0])
01-15 12:10:07.872   627  3892 D DlbDap2Process: setParam(deon = #1[0])
01-15 12:10:07.872   627  3892 D DlbDap2Process: setParam(ngon = #1[1])
01-15 12:10:07.872   627  3892 D DlbDap2Process: setParam(aoon = #1[1])
01-15 12:10:07.872   627  3892 D DlbDap2Process: setParam(aron = #1[1])
01-15 12:10:07.872   627  3892 D DlbDap2Process: setParam(dvlo = #1[-320])
01-15 12:10:07.872   627  3892 D DlbDap2Process: setParam(artp = #1[12])
01-15 12:10:07.873   627  3892 D DlbDap2Process: setParam(aobs = #222[20, 10, 47, 141, 234, 328, 469, 656, 844, 1031, 1313, 1688, 2250, 3000, 3750, 4688, 5813, 7125, 9000, 11250, 13875, 19688, 0, 0, 0, 0, 0, 0, 0, 0, 0, 0, 0, 0, 0, 0, 0, 0, 0, 0, 0, 0, 0, 0, 0, 0, 0, 0, 0, 0, 0, 0, 0, 0, 0, 0, 0, 0, 0, 0, 0, 0, 0, 0, 0, 0, 0, 0, 0, 0, 0, 0, 0, 0, 0, 0, 0, 0, 0, 0, 0, 0, 0, 0, 0, 0, 0, 0, 0, 0, 0, 0, 0, 0, 0, 0, 0, 0, 0, 0, 0, 0, 0, 0, 0, 0, 0, 0, 0, 0, 0, 0, 0, 0, 0, 0, 0, 0, 0, 0, 0, 0, 0, 0, 0, 0, 0, 0, 0, 0, 0, 0, 0, 0, 0, 0, 0, 0, 0, 0, 0, 0, 0, 0, 0, 0, 0, 0, 0, 0, 0, 0, 0, 0, 0, 0, 0, 0, 0, 0, 0, 0, 0, 0, 0, 0, 0, 0, 0, 0, 0, 0, 0, 0, 0, 0, 0, 0, 0, 0, 0, 0, 0, 0, 0, 0, 0, 0, 0, 0, 0, 0, 0, 0, 0, 0, 0, 0, 0, 0, 0, 0, 0, 0, 0, 0, 0, 0, 0, 0, 0, 0, 0, 0, 0, 0, 0, 0, 0, 0, 0, 0])
01-15 12:10:07.873   627  3892 D DlbDap2Process: setParam(arbs = #81[20, 47, 141, 234, 328, 469, 656, 844, 1031, 1313, 1688, 2250, 3000, 3750, 4688, 5813, 7125, 9000, 11250, 13875, 19688, -192, -192, -192, -192, -192, -192, -192, -192, -192, -192, -192, -192, -192, -192, -192, -192, -192, -192, -192, -192, 0, 0, 0, 0, 0, 0, 0, 0, 0, 0, 0, 0, 0, 0, 0, 0, 0, 0, 0, 0, 0, 0, 0, 0, 0, 0, 0, 0, 0, 0, 0, 0, 0, 0, 0, 0, 0, 0, 0, 0])
01-15 12:10:07.873   627  3892 D DlbDapEndpointParamCache: doCommit() Committed 37 parameters out of 37.
01-15 12:10:07.873   627  3892 D DlbDap2Process: setMave(mave = 0)
01-15 12:10:07.909 15244 15244 D featureTest: receive broadcast , change virtual speaker  virtualizer :1
01-15 12:10:07.909   684   928 W AudioFlinger::EffectModule: EffectModule 0xee09df00 destructor called with unreleased interface
01-15 12:10:07.909   684   928 W AudioFlinger::EffectHandle: disconnect Effect handle 0xee0a6800 disconnected after thread destruction
01-15 12:10:07.917 15244 15244 W System.err: java.lang.UnsupportedOperationException
01-15 12:10:07.917 15244 15244 W System.err: 	at com.dolby.dax.DolbyAudioEffect.setDolbyVirtualSpeakerVirtualizerEnabled(DolbyAudioEffect.java:323)
01-15 12:10:07.917 15244 15244 W System.err: 	at com.dolby.qa.featuretest.MainActivity$1.handleMessage(MainActivity.java:139)
01-15 12:10:07.918 15244 15244 W System.err: 	at android.os.Handler.dispatchMessage(Handler.java:105)
01-15 12:10:07.918 15244 15244 W System.err: 	at android.os.Looper.loop(Looper.java:164)
01-15 12:10:07.918 15244 15244 W System.err: 	at android.app.ActivityThread.main(ActivityThread.java:6541)
01-15 12:10:07.918 15244 15244 W System.err: 	at java.lang.reflect.Method.invoke(Native Method)
01-15 12:10:07.918 15244 15244 W System.err: 	at com.android.internal.os.Zygote$MethodAndArgsCaller.run(Zygote.java:240)
01-15 12:10:07.918 15244 15244 W System.err: 	at com.android.internal.os.ZygoteInit.main(ZygoteInit.java:767)
01-15 12:10:07.918 15244 15244 D featureTest: virtual speaker virtualizer can not be operate for mono speaker endpoint!
01-15 12:10:07.926 15244 15249 I zygote64: Do partial code cache collection, code=9KB, data=13KB
01-15 12:10:07.926 15244 15249 I zygote64: After code cache collection, code=9KB, data=13KB
01-15 12:10:07.926 15244 15249 I zygote64: Increasing code cache capacity to 128KB
01-15 12:10:07.927 15244 15249 I zygote64: Do partial code cache collection, code=9KB, data=32KB
01-15 12:10:07.927 15244 15249 I zygote64: After code cache collection, code=9KB, data=32KB
01-15 12:10:07.927 15244 15249 I zygote64: Increasing code cache capacity to 256KB
01-15 12:10:07.928 15244 15249 I zygote64: Compiler allocated 8MB to compile void android.widget.TextView.<init>(android.content.Context, android.util.AttributeSet, int, int)
01-15 12:10:07.961 15244 15244 D featureTest: receive broadcast , record log :0
01-15 12:10:09.513   945   945 W WindowManager: removeWindowToken: Attempted to remove non-existing token: android.os.Binder@2a53700
01-15 12:10:09.555   627  3892 D DlbDap2Process: process() called [212000] times
01-15 12:10:09.571   475   475 D SurfaceFlinger: duplicate layer name: changing Toast to Toast#1
01-15 12:10:11.540   945   945 W WindowManager: removeWindowToken: Attempted to remove non-existing token: android.os.Binder@e829b8a
01-15 12:10:12.230   627  3892 D DlbDap2Process: process() called [212500] times
