--------- beginning of system
01-17 09:23:56.273   945  7365 I ActivityManager: Force stopping com.dolby.qa.featuretest appid=10073 user=0: from pid 31071
01-17 09:23:56.274   945  7365 I ActivityManager: Killing 30985:com.dolby.qa.featuretest/u0a73 (adj 0): stop com.dolby.qa.featuretest
01-17 09:23:56.276   945  7365 W ActivityManager: Force removing ActivityRecord{799ec72 u0 com.dolby.qa.featuretest/.MainActivity t268}: app died, no saved state
01-17 09:23:56.296   945  7365 I WindowManager: Failed to capture screenshot of Token{4c098c3 ActivityRecord{799ec72 u0 com.dolby.qa.featuretest/.MainActivity t268 f}} appWin=Window{beba146 u0 com.dolby.qa.featuretest/com.dolby.qa.featuretest.MainActivity} drawState=4
--------- beginning of main
01-17 09:23:56.304   710  1422 D NuPlayerDriver: reset(0xe6bcb850) at state 5
01-17 09:23:56.306   710  1422 D NuPlayerDriver: notifyListener_l(0xe6bcb850), (8, 0, 0, -1), loop setting(0, 1)
01-17 09:23:56.307   684   930 D AudioFlinger: trackStateChanged() Track id 760 state changed to 6
01-17 09:23:56.317   717  1650 I DDP_JOCDecoder: -> ~DDPDecoder
01-17 09:23:56.318   717  1650 I DDP_JOCDecoder: -> stop
01-17 09:23:56.319   645   645 I DMSService: unregisterClient type = 4, uid = e7f0fb80
01-17 09:23:56.319   945  1530 I WindowManager: WIN DEATH: Window{19a118 u0 Toast}
01-17 09:23:56.359   645   645 D DatabaseHelper: failed to prepare SQL : INSERT INTO profiles VALUES(15
01-17 09:23:56.359   645   645 D DatabaseHelper: ,'custom','user2','user2','off','off')
01-17 09:23:56.359   645   645 D DatabaseHelper: failed to prepare SQL : INSERT INTO profile_endpoints VALUES(57
01-17 09:23:56.359   645   645 D DatabaseHelper: ,'custom','user2','speaker')
01-17 09:23:56.359   645   645 D DatabaseHelper: failed to prepare SQL : INSERT INTO profile_endpoints VALUES(57
01-17 09:23:56.359   645   645 D DatabaseHelper: ,'custom','user2','headphone')
01-17 09:23:56.360   645   645 D DatabaseHelper: failed to prepare SQL : INSERT INTO profile_endpoints VALUES(57
01-17 09:23:56.360   645   645 D DatabaseHelper: ,'custom','user2','passthrough')
01-17 09:23:56.360   645   645 D DatabaseHelper: failed to prepare SQL : INSERT INTO profile_endpoints VALUES(57
01-17 09:23:56.360   645   645 D DatabaseHelper: ,'custom','user2','other')
01-17 09:23:56.360   645   645 D DatabaseHelper: failed to prepare SQL : INSERT INTO profile_ports VALUES(85
01-17 09:23:56.360   645   645 D DatabaseHelper: ,'custom','user2','internal_speaker')
01-17 09:23:56.360   645   645 D DatabaseHelper: failed to prepare SQL : INSERT INTO profile_ports VALUES(85
01-17 09:23:56.360   645   645 D DatabaseHelper: ,'custom','user2','hdmi')
01-17 09:23:56.360   645   645 D DatabaseHelper: failed to prepare SQL : INSERT INTO profile_ports VALUES(85
01-17 09:23:56.360   645   645 D DatabaseHelper: ,'custom','user2','miracast')
01-17 09:23:56.361   645   645 D DatabaseHelper: failed to prepare SQL : INSERT INTO profile_ports VALUES(85
01-17 09:23:56.361   645   645 D DatabaseHelper: ,'custom','user2','headphone_port')
01-17 09:23:56.361  1499  1499 D CarrierSvcBindHelper: No carrier app for: 0
01-17 09:23:56.361   645   645 D DatabaseHelper: failed to prepare SQL : INSERT INTO profile_ports VALUES(85
01-17 09:23:56.361   645   645 D DatabaseHelper: ,'custom','user2','bluetooth')
01-17 09:23:56.361   645   645 D DatabaseHelper: failed to prepare SQL : INSERT INTO profile_ports VALUES(85
01-17 09:23:56.361   645   645 D DatabaseHelper: ,'custom','user2','usb')
01-17 09:23:56.361   645   645 D DatabaseHelper: failed to prepare SQL : INSERT INTO geq_presets VALUES(57
01-17 09:23:56.361   645   645 D DatabaseHelper: ,'custom','off','user2')
01-17 09:23:56.361   645   645 D DatabaseHelper: failed to prepare SQL : INSERT INTO geq_presets VALUES(57
01-17 09:23:56.361   645   645 D DatabaseHelper: ,'custom','open','user2')
01-17 09:23:56.362   645   645 D DatabaseHelper: failed to prepare SQL : INSERT INTO geq_presets VALUES(57
01-17 09:23:56.362   645   645 D DatabaseHelper: ,'custom','rich','user2')
01-17 09:23:56.362   645   645 D DatabaseHelper: failed to prepare SQL : INSERT INTO geq_presets VALUES(57
01-17 09:23:56.362   645   645 D DatabaseHelper: ,'custom','focused','user2')
01-17 09:23:56.366  2010  2010 D RegisteredNfcFServicesCache: Service unchanged, not updating
01-17 09:23:56.377   717  1650 I DDP_JOCDecoder: <- stop
01-17 09:23:56.377   717  1650 I ARenderer: ~ARenderer
01-17 09:23:56.377   717  1650 I evo_parser: evo_parser_close
01-17 09:23:56.377   717  1650 I DlbDap2QmfProcess: ~Dap2Process()
01-17 09:23:56.377   717  1650 I DlbDap2QmfProcess: close()
01-17 09:23:56.377   717  1650 I DDP_JOCDecoder: <- ~DDPDecoder
01-17 09:23:56.383   710 31035 D NuPlayerDriver: notifyResetComplete(0xe6bcb850)
01-17 09:23:56.386   710  1422 D AudioTrack: stop() called with 0 frames delivered
01-17 09:23:56.388   627  3892 I DlbEffectContext: setContentProcEnabled() Enabling content processing in global effect
01-17 09:23:56.389   627  3892 D DlbDapEndpointParamCache: commitChangedParams()
01-17 09:23:56.389   627  3892 D DlbDapEndpointParamCache: commit() Applying parameters for device 0x40000000
01-17 09:23:56.389   627  3892 D DlbDap2Process: setParam(iea = #1[10])
01-17 09:23:56.389   627  3892 D DlbDap2Process: setParam(msce = #1[0])
01-17 09:23:56.389   627  3892 D DlbDap2Process: setParam(mdee = #1[0])
01-17 09:23:56.389   627  3892 D DlbDap2Process: setParam(miee = #1[0])
01-17 09:23:56.389   627  3892 D DlbDap2Process: setParam(mdle = #1[0])
01-17 09:23:56.389   627  3892 D DlbDap2Process: setParam(dvle = #1[1])
01-17 09:23:56.389   627  3892 D DlbDap2Process: setParam(mave = #1[0])
01-17 09:23:56.389   627  3892 D DlbDap2Process: setParam(vcbf = #20[47, 141, 234, 328, 469, 656, 844, 1031, 1313, 1688, 2250, 3000, 3750, 4688, 5813, 7125, 9000, 11250, 13875, 19688])
01-17 09:23:56.389   627  3892 D DlbDap2Process: setParam(vbon = #1[0])
01-17 09:23:56.389   627  3892 D DlbDap2Process: setParam(beon = #1[0])
01-17 09:23:56.389   627  3892 D DlbDap2Process: setParam(geon = #1[0])
01-17 09:23:56.389   627  3892 D DlbDap2Process: setParam(ieon = #1[0])
01-17 09:23:56.389   627  3892 D DlbDap2Process: setParam(gebs = #41[20, 47, 141, 234, 328, 469, 656, 844, 1031, 1313, 1688, 2250, 3000, 3750, 4688, 5813, 7125, 9000, 11250, 13875, 19688, 0, 0, 0, 0, 0, 0, 0, 0, 0, 0, 0, 0, 0, 0, 0, 0, 0, 0, 0, 0])
01-17 09:23:56.389   627  3892 D DlbDap2Process: setParam(iebs = #41[20, 65, 136, 223, 332, 467, 634, 841, 1098, 1416, 1812, 2302, 2909, 3663, 4598, 5756, 7194, 8976, 11186, 13927, 17326, 117, 133, 188, 176, 141, 149, 175, 185, 185, 200, 236, 242, 228, 213, 182, 132, 110, 68, -27, -240])
01-17 09:23:56.389   627  3892 D DlbDapEndpointParamCache: doCommit() Committed 15 parameters out of 16.
01-17 09:23:56.389   627  3892 D DlbDapEndpointParamCache: commit() Overriding parameters for current device 0x00000002
01-17 09:23:56.389   627  3892 D DlbDap2Process: setParam(dea = #1[7])
01-17 09:23:56.389   627  3892 D DlbDap2Process: setParam(dsa = #1[10])
01-17 09:23:56.389   627  3892 D DlbDap2Process: setParam(beb = #1[192])
01-17 09:23:56.389   627  3892 D DlbDap2Process: setParam(plb = #1[0])
01-17 09:23:56.389   627  3892 D DlbDap2Process: setParam(vmb = #1[144])
01-17 09:23:56.389   627  3892 D DlbDap2Process: setParam(dsb = #1[48])
01-17 09:23:56.389   627  3892 D DlbDap2Process: setParam(ded = #1[0])
01-17 09:23:56.389   627  3892 D DlbDap2Process: setParam(vbm = #1[3])
01-17 09:23:56.389   627  3892 D DlbDap2Process: setParam(dom = #1[0])
01-17 09:23:56.390   627  3892 D DlbDap2Process: setParam(bew = #1[16])
01-17 09:23:56.390   627  3892 D DlbDap2Process: setParam(dvla = #1[5])
01-17 09:23:56.390   627  3892 D DlbDap2Process: setParam(arra = #1[96])
01-17 09:23:56.390   627  3892 D DlbDap2Process: setParam(dfsa = #1[10])
01-17 09:23:56.390   627  3892 D DlbDap2Process: setParam(dhsa = #1[10])
01-17 09:23:56.390   627  3892 D DlbDap2Process: setParam(dvmc = #1[0])
01-17 09:23:56.390   627  3892 D DlbDap2Process: setParam(arod = #1[0])
01-17 09:23:56.390   627  3892 D DlbDap2Process: setParam(arde = #1[1])
01-17 09:23:56.390   627  3892 D DlbDap2Process: setParam(dvle = #1[1])
01-17 09:23:56.390   627  3892 D DlbDap2Process: setParam(dvme = #1[0])
01-17 09:23:56.390   627  3892 D DlbDap2Process: setParam(becf = #1[200])
01-17 09:23:56.390   627  3892 D DlbDap2Process: setParam(vbmf = #2[94, 469])
01-17 09:23:56.390   627  3892 D DlbDap2Process: setParam(vbsf = #2[35, 160])
01-17 09:23:56.390   627  3892 D DlbDap2Process: setParam(vbhg = #3[-32, -144, -192])
01-17 09:23:56.390   627  3892 D DlbDap2Process: setParam(vbog = #1[0])
01-17 09:23:56.390   627  3892 D DlbDap2Process: setParam(vbsg = #1[0])
01-17 09:23:56.390   627  3892 D DlbDap2Process: setParam(dvli = #1[-320])
01-17 09:23:56.390   627  3892 D DlbDap2Process: setParam(dhfm = #1[2])
01-17 09:23:56.390   627  3892 D DlbDap2Process: setParam(vbon = #1[0])
01-17 09:23:56.390   627  3892 D DlbDap2Process: setParam(beon = #1[0])
01-17 09:23:56.390   627  3892 D DlbDap2Process: setParam(deon = #1[0])
01-17 09:23:56.390   627  3892 D DlbDap2Process: setParam(ngon = #1[1])
01-17 09:23:56.390   627  3892 D DlbDap2Process: setParam(aoon = #1[1])
01-17 09:23:56.390   627  3892 D DlbDap2Process: setParam(aron = #1[1])
01-17 09:23:56.390   627  3892 D DlbDap2Process: setParam(dvlo = #1[-320])
01-17 09:23:56.390   627  3892 D DlbDap2Process: setParam(artp = #1[12])
01-17 09:23:56.390   627  3892 D DlbDap2Process: setParam(aobs = #222[20, 10, 47, 141, 234, 328, 469, 656, 844, 1031, 1313, 1688, 2250, 3000, 3750, 4688, 5813, 7125, 9000, 11250, 13875, 19688, 0, 0, 0, 0, 0, 0, 0, 0, 0, 0, 0, 0, 0, 0, 0, 0, 0, 0, 0, 0, 0, 0, 0, 0, 0, 0, 0, 0, 0, 0, 0, 0, 0, 0, 0, 0, 0, 0, 0, 0, 0, 0, 0, 0, 0, 0, 0, 0, 0, 0, 0, 0, 0, 0, 0, 0, 0, 0, 0, 0, 0, 0, 0, 0, 0, 0, 0, 0, 0, 0, 0, 0, 0, 0, 0, 0, 0, 0, 0, 0, 0, 0, 0, 0, 0, 0, 0, 0, 0, 0, 0, 0, 0, 0, 0, 0, 0, 0, 0, 0, 0, 0, 0, 0, 0, 0, 0, 0, 0, 0, 0, 0, 0, 0, 0, 0, 0, 0, 0, 0, 0, 0, 0, 0, 0, 0, 0, 0, 0, 0, 0, 0, 0, 0, 0, 0, 0, 0, 0, 0, 0, 0, 0, 0, 0, 0, 0, 0, 0, 0, 0, 0, 0, 0, 0, 0, 0, 0, 0, 0, 0, 0, 0, 0, 0, 0, 0, 0, 0, 0, 0, 0, 0, 0, 0, 0, 0, 0, 0, 0, 0, 0, 0, 0, 0, 0, 0, 0, 0, 0, 0, 0, 0, 0, 0, 0, 0, 0, 0, 0])
01-17 09:23:56.391   627  3892 D DlbDap2Process: setParam(arbs = #81[20, 47, 141, 234, 328, 469, 656, 844, 1031, 1313, 1688, 2250, 3000, 3750, 4688, 5813, 7125, 9000, 11250, 13875, 19688, -192, -192, -192, -192, -192, -192, -192, -192, -192, -192, -192, -192, -192, -192, -192, -192, -192, -192, -192, -192, 0, 0, 0, 0, 0, 0, 0, 0, 0, 0, 0, 0, 0, 0, 0, 0, 0, 0, 0, 0, 0, 0, 0, 0, 0, 0, 0, 0, 0, 0, 0, 0, 0, 0, 0, 0, 0, 0, 0, 0])
01-17 09:23:56.391   627  3892 D DlbDapEndpointParamCache: doCommit() Committed 37 parameters out of 37.
01-17 09:23:56.391   627  3892 D DlbDap2Process: setMave(mave = 0)
01-17 09:23:56.415   945  7365 I ActivityManager: START u0 {flg=0x10000000 cmp=com.dolby.qa.featuretest/.MainActivity} from uid 2000
01-17 09:23:56.431   945  1530 I ActivityManager: Start proc 31078:com.dolby.qa.featuretest/u0a73 for activity com.dolby.qa.featuretest/.MainActivity
01-17 09:23:56.436 31078 31078 I zygote64: Late-enabling -Xcheck:jni
01-17 09:23:56.452   684  1061 D AudioFlinger: trackStateChanged() Track id 760 state changed to 2
01-17 09:23:56.452   684  1061 I AudioFlinger: updateProcessedAudioState() Changing content processing in effect to 0
01-17 09:23:56.452   627   924 D DlbDlbEffect: handle_EFFECT_CMD_SET_PARAM()
01-17 09:23:56.473   684  1061 D AudioFlinger: trackDestroyed() Track id 760 no longer contains processed audio
01-17 09:23:56.474   684   928 W AudioFlinger::EffectModule: EffectModule 0xed0e2500 destructor called with unreleased interface
01-17 09:23:56.475   684   928 W AudioFlinger::EffectHandle: disconnect Effect handle 0xee163440 disconnected after thread destruction
01-17 09:23:56.476   627   924 D DlbDlbEffect: handle_EFFECT_CMD_DISABLE()
01-17 09:23:56.476   627   924 D DlbDapCrossfadeProcess: setEnabled transitioning from DAP_ACTIVE state to FADE_TO_BYPASS
01-17 09:23:56.478   626   626 W /system/bin/hw/android.hidl.allocator@1.0-service: ashmem_create_region(3840) returning hidl_memory(0x7b7102c330, 3840)
01-17 09:23:56.479   627   924 D DlbDlbEffect: handle_EFFECT_CMD_SET_CONFIG()
01-17 09:23:56.479   627   627 D DlbDapEndpointParamCache: setDevice(device=0x00000002)
01-17 09:23:56.479   645   645 D DMSService: setActiveDevice called with device = 0x2
01-17 09:23:56.479   627   924 D DlbDlbEffect: handle_EFFECT_CMD_ENABLE()
01-17 09:23:56.480   627   924 D DlbDapCrossfadeProcess: setEnabled transitioning from FADE_TO_BYPASS state to FADE_TO_ACTIVE
01-17 09:23:56.602 31078 31078 D featureTest: onCreate
01-17 09:23:56.606 31078 31078 D AudioTrack: Client defaulted notificationFrames to 962 for frameCount 1924
01-17 09:23:56.609 31078 31078 W AudioTrack: Use of stream types is deprecated for operations other than volume control
01-17 09:23:56.609 31078 31078 W AudioTrack: See the documentation of AudioTrack() for what to use instead with android.media.AudioAttributes to qualify your playback use case
01-17 09:23:56.615 31078 31078 W DolbyAudioEffect: WARNING: attaching a DolbyAudioEffect to global output mix is deprecated!
01-17 09:23:56.621 31078 31078 D featureTest: onResume
01-17 09:23:56.631 31078 31095 D OpenGLRenderer: HWUI GL Pipeline
01-17 09:23:56.678 31078 31095 I Adreno  : QUALCOMM build                   : 7142022, Ib5823dd10c
01-17 09:23:56.678 31078 31095 I Adreno  : Build Date                       : 06/23/17
01-17 09:23:56.678 31078 31095 I Adreno  : OpenGL ES Shader Compiler Version: EV031.18.00.00
01-17 09:23:56.678 31078 31095 I Adreno  : Local Branch                     : O11A
01-17 09:23:56.678 31078 31095 I Adreno  : Remote Branch                    : 
01-17 09:23:56.678 31078 31095 I Adreno  : Remote Branch                    : 
01-17 09:23:56.678 31078 31095 I Adreno  : Reconstruct Branch               : 
01-17 09:23:56.682 31078 31095 I Adreno  : PFP: 0x005ff087, ME: 0x005ff063
01-17 09:23:56.684 31078 31095 I OpenGLRenderer: Initialized EGL, version 1.4
01-17 09:23:56.684 31078 31095 D OpenGLRenderer: Swap behavior 2
01-17 09:23:56.740   945   998 I ActivityManager: Displayed com.dolby.qa.featuretest/.MainActivity: +310ms
01-17 09:23:56.869   945   998 W ActivityManager: setHasOverlayUi called on unknown pid: 30985
01-17 09:23:57.230  2103  2230 W OpenGLRenderer: Incorrectly called buildLayer on View: ShortcutAndWidgetContainer, destroying layer...
01-17 09:23:57.418   945   945 W NotificationService: Object died trying to hide notification android.app.ITransientNotification$Stub$Proxy@1733ec0 in package com.dolby.qa.featuretest
01-17 09:23:57.418   945   945 W WindowManager: removeWindowToken: Attempted to remove non-existing token: android.os.Binder@24cbce7
01-17 09:23:57.419   945   945 W ActivityManager: setProcessForeground called on unknown pid: 30985
01-17 09:23:57.419   945   945 W NotificationService: Object died trying to show notification android.app.ITransientNotification$Stub$Proxy@3b067f9 in package com.dolby.qa.featuretest
01-17 09:23:57.419   945   945 W ActivityManager: setProcessForeground called on unknown pid: 30985
01-17 09:23:57.420   945   945 W NotificationService: Object died trying to show notification android.app.ITransientNotification$Stub$Proxy@560533e in package com.dolby.qa.featuretest
01-17 09:23:57.484 31078 31078 D featureTest: receive broadcast , playing content location :/sdcard/featureTest/ChID_voices_51_384_ddp_joc.mp4
01-17 09:23:57.495 31078 31078 D featureTest: mMediaPlayer.getAudioSessionId(): 5697
01-17 09:23:57.495 31078 31078 D featureTest: Playing file: /sdcard/featureTest/ChID_voices_51_384_ddp_joc.mp4
01-17 09:23:57.498   710  1422 D NuPlayerDriver: NuPlayerDriver(0xe6bcb850) created, clientPid(31078)
01-17 09:23:57.503 31106 31106 W generic : type=1400 audit(0.0:471): avc: denied { read } for path="/storage/emulated/0/featuretest/ChID_voices_51_384_ddp_joc.mp4" dev="sdcardfs" ino=1310784 scontext=u:r:mediaextractor:s0 tcontext=u:object_r:sdcardfs:s0 tclass=file permissive=0
01-17 09:23:57.503 31078 31078 W MediaPlayer: Use of stream types is deprecated for operations other than volume control
01-17 09:23:57.503 31078 31078 W MediaPlayer: See the documentation of setAudioStreamType() for what to use instead with android.media.AudioAttributes to qualify your playback use case
01-17 09:23:57.506   710 31106 D GenericSource: FileSource remote
01-17 09:23:57.506   710 31106 W GenericSource: extractor service cannot make data source
01-17 09:23:57.506   710 31106 D GenericSource: FileSource local
01-17 09:23:57.524   710 31105 D NuPlayerDriver: notifyListener_l(0xe6bcb850), (1, 0, 0, -1), loop setting(0, 0)
01-17 09:23:57.535   710  1422 D NuPlayerDriver: start(0xe6bcb850), state is 4, eos is 0
01-17 09:23:57.535   710 31105 I GenericSource: start
01-17 09:23:57.543 31078 31078 W DolbyAudioEffect: WARNING: attaching a DolbyAudioEffect to global output mix is deprecated!
01-17 09:23:57.549   710 31112 I OMXClient: Treble IOmx obtained
01-17 09:23:57.550   717 21044 I OMXMaster: makeComponentInstance(OMX.dolby.eac3_joc.decoder) in omx@1.0-service process
01-17 09:23:57.555 31078 31078 D featureTest: receive broadcast , change ds status :0
01-17 09:23:57.565   627   924 D DlbDlbEffect: handle_EFFECT_CMD_SET_PARAM()
01-17 09:23:57.605   717 21044 I DDP_JOCDecoder: -> init name OMX.dolby.eac3_joc.decoder
01-17 09:23:57.606   645   645 I DMSService: registerClient type = 0, uid = e8392830
01-17 09:23:57.606   645   645 V DolbyMemoryService: registerClient() client 0x710ec74380, uid -398907344
01-17 09:23:57.608   717 21044 I DDP_JOCDecoder: <- init
01-17 09:23:57.608   717 21044 D DDP_JOCDecoder: initPorts
01-17 09:23:57.609   717  1650 E OMXNodeInstance: setConfig(0xe83a2f00:dolby.eac3_joc.decoder, ConfigPriority(0x6f800002)) ERROR: Undefined(0x80001001)
01-17 09:23:57.609   710 31112 I ACodec  : codec does not support config priority (err -2147483648)
01-17 09:23:57.609   717 21044 E OMXNodeInstance: getConfig(0xe83a2f00:dolby.eac3_joc.decoder, ConfigAndroidVendorExtension(0x6f100004)) ERROR: Undefined(0x80001001)
01-17 09:23:57.612   710 31112 I MediaCodec: MediaCodec will operate in async mode
01-17 09:23:57.612   710 31112 I ACodec  : setDolbyParameterOnProcessedAudio() Received dolby_processed_audio=1
01-17 09:23:57.612   710 31111 I NuPlayerDecoder: setDolbyMessage() Notifying player that Codec supports dolby_processed_audio flag
01-17 09:23:57.612   710 31105 I NuPlayer: onDolbyMessageReceived() Setting dolby_processed_audio flag on audio sink
01-17 09:23:57.612   710 31105 I MediaPlayerService: setDolbyParameters() Marking audio output as having dolby_processed_audio
01-17 09:23:57.612   645   645 I DMSService: unregisterClient type = 0, uid = e8392830
01-17 09:23:57.615 31078 31078 D featureTest: receive broadcast , change ds profile id :2
01-17 09:23:57.623   627   924 D DlbDlbEffect: handle_EFFECT_CMD_SET_PARAM()
01-17 09:23:57.634   645   645 D DatabaseHelper: failed to prepare SQL : INSERT INTO profiles VALUES(15
01-17 09:23:57.634   645   645 D DatabaseHelper: ,'custom','user2','user2','off','off')
01-17 09:23:57.634   645   645 D DatabaseHelper: failed to prepare SQL : INSERT INTO profile_endpoints VALUES(57
01-17 09:23:57.634   645   645 D DatabaseHelper: ,'custom','user2','speaker')
01-17 09:23:57.634   645   645 D DatabaseHelper: failed to prepare SQL : INSERT INTO profile_endpoints VALUES(57
01-17 09:23:57.634   645   645 D DatabaseHelper: ,'custom','user2','headphone')
01-17 09:23:57.634   645   645 D DatabaseHelper: failed to prepare SQL : INSERT INTO profile_endpoints VALUES(57
01-17 09:23:57.634   645   645 D DatabaseHelper: ,'custom','user2','passthrough')
01-17 09:23:57.634   645   645 D DatabaseHelper: failed to prepare SQL : INSERT INTO profile_endpoints VALUES(57
01-17 09:23:57.634   645   645 D DatabaseHelper: ,'custom','user2','other')
01-17 09:23:57.634   645   645 D DatabaseHelper: failed to prepare SQL : INSERT INTO profile_ports VALUES(85
01-17 09:23:57.634   645   645 D DatabaseHelper: ,'custom','user2','internal_speaker')
01-17 09:23:57.634   645   645 D DatabaseHelper: failed to prepare SQL : INSERT INTO profile_ports VALUES(85
01-17 09:23:57.634   645   645 D DatabaseHelper: ,'custom','user2','hdmi')
01-17 09:23:57.635   645   645 D DatabaseHelper: failed to prepare SQL : INSERT INTO profile_ports VALUES(85
01-17 09:23:57.635   645   645 D DatabaseHelper: ,'custom','user2','miracast')
01-17 09:23:57.635   645   645 D DatabaseHelper: failed to prepare SQL : INSERT INTO profile_ports VALUES(85
01-17 09:23:57.635   645   645 D DatabaseHelper: ,'custom','user2','headphone_port')
01-17 09:23:57.635   645   645 D DatabaseHelper: failed to prepare SQL : INSERT INTO profile_ports VALUES(85
01-17 09:23:57.635   645   645 D DatabaseHelper: ,'custom','user2','bluetooth')
01-17 09:23:57.635   645   645 D DatabaseHelper: failed to prepare SQL : INSERT INTO profile_ports VALUES(85
01-17 09:23:57.635   645   645 D DatabaseHelper: ,'custom','user2','usb')
01-17 09:23:57.635   645   645 D DatabaseHelper: failed to prepare SQL : INSERT INTO geq_presets VALUES(57
01-17 09:23:57.635   645   645 D DatabaseHelper: ,'custom','off','user2')
01-17 09:23:57.635   645   645 D DatabaseHelper: failed to prepare SQL : INSERT INTO geq_presets VALUES(57
01-17 09:23:57.635   645   645 D DatabaseHelper: ,'custom','open','user2')
01-17 09:23:57.635   645   645 D DatabaseHelper: failed to prepare SQL : INSERT INTO geq_presets VALUES(57
01-17 09:23:57.635   645   645 D DatabaseHelper: ,'custom','rich','user2')
01-17 09:23:57.635   645   645 D DatabaseHelper: failed to prepare SQL : INSERT INTO geq_presets VALUES(57
01-17 09:23:57.635   645   645 D DatabaseHelper: ,'custom','focused','user2')
01-17 09:23:57.648   645   713 I DapController: Profile Changed to Music
01-17 09:23:57.651   645   645 I DMSService: registerClient type = 4, uid = e8392820
01-17 09:23:57.653   645   645 V DolbyMemoryService: registerClient() client 0x710ec74380, uid -398907356
01-17 09:23:57.653   717 21044 D DDP_JOCDecoder: internalSetParameter() Instantiating ARenderer for content processing in decoder
01-17 09:23:57.653   717 21044 I DlbDap2QmfProcess: Dap2Process()
01-17 09:23:57.653   717 21044 I ARenderer: ARenderer
01-17 09:23:57.653   717 21044 I evo_parser: evo_parser_init
01-17 09:23:57.653   717 21044 I DlbDap2QmfProcess: init()
01-17 09:23:57.653   717 21044 I DlbDap2QmfProcess: open()
01-17 09:23:57.654   717 21044 I DlbDap2QmfProcess: loadLicense() no license check!
01-17 09:23:57.654   717 21044 I DlbDap2QmfProcess: validateLicense() no license check!
01-17 09:23:57.654   717 21044 I DlbDap2QmfProcess: init() DAP opened
01-17 09:23:57.654   717 21044 I DlbDap2QmfProcess: DAP library version: 2.5.1-P2.0
01-17 09:23:57.654   717 21044 D DlbDap2QmfProcess: DAP output mode set to 1 with 2 output channels and null mix matrix.
01-17 09:23:57.655   710 31112 I ACodec  : setDolbyParameterOnProcessedAudio() Content processing enabled in decoder
01-17 09:23:57.657   626   626 W /system/bin/hw/android.hidl.allocator@1.0-service: ashmem_create_region(8192) returning hidl_memory(0x7b7102c330, 8192)
01-17 09:23:57.659   626   626 I chatty  : uid=1000(system) allocator@1.0-s identical 2 lines
01-17 09:23:57.660   626   626 W /system/bin/hw/android.hidl.allocator@1.0-service: ashmem_create_region(8192) returning hidl_memory(0x7b7102c330, 8192)
01-17 09:23:57.664   626   626 W /system/bin/hw/android.hidl.allocator@1.0-service: ashmem_create_region(147456) returning hidl_memory(0x7b7102c330, 147456)
01-17 09:23:57.666   626   626 I chatty  : uid=1000(system) allocator@1.0-s identical 2 lines
01-17 09:23:57.667   626   626 W /system/bin/hw/android.hidl.allocator@1.0-service: ashmem_create_region(147456) returning hidl_memory(0x7b7102c330, 147456)
01-17 09:23:57.668 31078 31078 D featureTest: receive broadcast , playing content location :/sdcard/featureTest/ChID_voices_51_384_ddp_joc.mp4
01-17 09:23:57.669   717 31116 I DDP_JOCDecoder: -> start
01-17 09:23:57.670   717 31116 I EndpConfig: DAP state has changed from -1 to 0
01-17 09:23:57.670   710  1422 D NuPlayerDriver: stop(0xe6bcb850)
01-17 09:23:57.670   717 31116 D DDP_JOCDecoder: Setting Max Output Channels to 2
01-17 09:23:57.670   710  1422 D NuPlayerDriver: notifyListener_l(0xe6bcb850), (8, 0, 0, -1), loop setting(0, 1)
01-17 09:23:57.671   717 31116 D DDP_JOCDecoder: setMultiChannelPCMOutDownmix mConfig->jocForceDownmixMode 1
01-17 09:23:57.671   717 31116 I udc_user: 
01-17 09:23:57.671   717 31116 I udc_user: *** DDPlus Unified Decoder Simulation  Version 1.7.3 ***
01-17 09:23:57.671   717 31116 I udc_user: 
01-17 09:23:57.671   717 31116 I udc_user: 7.1-channel decoder-converter, 
01-17 09:23:57.671   717 31116 I udc_user: 
01-17 09:23:57.671   717 31116 I udc_user: 5.1-channel dual-decoder-converter, 
01-17 09:23:57.671   717 31116 I udc_user: Karaoke unsupported, 
01-17 09:23:57.671   717 31116 I udc_user: TPNP supported. 
01-17 09:23:57.671   717 31116 I udc_user: 
01-17 09:23:57.671   717 31116 I udc_user: Unpublished work.  Copyright 2003-2014 Dolby Laboratories, Inc. and
01-17 09:23:57.671   717 31116 I udc_user: Dolby Laboratories Licensing Corporation.  All Rights Reserved.
01-17 09:23:57.671   717 31116 I udc_user: 
01-17 09:23:57.671   717 31116 I udc_user: USE OF THIS SOFTWARE IS SUBJECT TO A LEGAL AGREEMENT BETWEEN YOU AND DOLBY
01-17 09:23:57.671   717 31116 I udc_user: LABORATORIES. DO NOT USE THIS SOFTWARE UNLESS YOU AGREE TO THE TERMS AND 
01-17 09:23:57.671   717 31116 I udc_user: CONDITIONS IN THE AGREEMENT.  BY USING THIS SOFTWARE, YOU ACKNOWLEDGE THAT 
01-17 09:23:57.671   717 31116 I udc_user: YOU HAVE READ THE AGREEMENT AND THAT YOU AGREE TO BE BOUND BY ITS TERMS. 
01-17 09:23:57.671   717 31116 I udc_user: 
01-17 09:23:57.671   710  1422 D NuPlayerDriver: reset(0xe6bcb850) at state 8
01-17 09:23:57.672   717 31116 I ddpdec_client_joc: ddpdec_open JOCD_MODE Buffer assignment
01-17 09:23:57.672   717 31116 D DDP_JOCDecoder: mStarted = 1
01-17 09:23:57.672   717 31116 I DDP_JOCDecoder: <- start
01-17 09:23:57.673   717 31116 D ddpdec_client_joc: ddpdec_client.c|int configDecoder()
01-17 09:23:57.675   717 31116 D DDP_JOCDecoder: Setting Max Output Channels to 2
01-17 09:23:57.675   717 31116 I DlbDap2QmfProcess: close()
01-17 09:23:57.676   717 31116 I DlbDap2QmfProcess: init()
01-17 09:23:57.676   717 31116 I DlbDap2QmfProcess: open()
01-17 09:23:57.676   717 31116 I DlbDap2QmfProcess: loadLicense() no license check!
01-17 09:23:57.676   717 31116 I DlbDap2QmfProcess: validateLicense() no license check!
01-17 09:23:57.676   717 31116 I DlbDap2QmfProcess: init() DAP opened
01-17 09:23:57.676   717 31116 I DlbDap2QmfProcess: DAP library version: 2.5.1-P2.0
01-17 09:23:57.676   717 31116 D DlbDap2QmfProcess: DAP output mode set to 1 with 2 output channels and null mix matrix.
01-17 09:23:57.676   717 31116 D ARenderer: checkAndUpdateConfig: DAP reinitialized because of sample rate change
01-17 09:23:57.676   717 31116 D ARenderer: updateDapConfig: Updating DAP configuration
01-17 09:23:57.676   717 31116 I ARenderer: updateDapConfig: Disable content processing in decoder-ARenderer
01-17 09:23:57.676   717 31116 D DlbDap2QmfProcess: setParam(deon = #1[0])
01-17 09:23:57.676   717 31116 D DlbDap2QmfProcess: setParam(dvle = #1[0])
01-17 09:23:57.676   717 31116 D DlbDap2QmfProcess: setParam(ieon = #1[0])
01-17 09:23:57.676   717 31116 D DlbDap2QmfProcess: setParam(dvme = #1[0])
01-17 09:23:57.676   717 31116 D DlbDap2QmfProcess: setParam(dom = #1[0])
01-17 09:23:57.676   717 31116 D DlbDap2QmfProcess: setParam(msce = #1[0])
01-17 09:23:57.676   717 31116 D DlbDap2QmfProcess: setParam(miee = #1[0])
01-17 09:23:57.676   717 31116 D DlbDap2QmfProcess: setParam(mdle = #1[0])
01-17 09:23:57.677   717 31116 D DlbDap2QmfProcess: setParam(mdee = #1[0])
01-17 09:23:57.677   717 31116 D DlbDap2QmfProcess: setParam(mave = #1[0])
01-17 09:23:57.677   717 31116 D DlbDap2QmfProcess: setParam(ngon = #1[0])
01-17 09:23:57.677   717 31116 D DlbDap2QmfProcess: setParam(dvle = #1[1])
01-17 09:23:57.677   717 31116 D DlbDap2QmfProcess: setParam(dvli = #1[-496])
01-17 09:23:57.677   717 31116 D DlbDap2QmfProcess: setParam(dvlo = #1[-224])
01-17 09:23:57.677   717 31116 D ARenderer: updateDapVolumeLeveler: Setting output level to -14.00dB
01-17 09:23:57.677   717 31116 D DlbDap2QmfProcess: setParam(vmb = #1[0])
01-17 09:23:57.677   717 31116 D DlbDap2QmfProcess: setParam(preg = #1[-384])
01-17 09:23:57.677   717 31116 D DlbDap2QmfProcess: setParam(vol = #1[384])
01-17 09:23:57.678   717 31116 D DlbDlbBufferProvider: setConfig() Updating buffer configuration.
01-17 09:23:57.678   717 31116 D DlbDap2QmfProcess: processQmf() called [0] times
01-17 09:23:57.678   717 31116 D DlbDap2QmfProcess: setMave(mave = 0)
01-17 09:23:57.684   717 21044 I DDP_JOCDecoder: -> ~DDPDecoder
01-17 09:23:57.684   717 21044 I DDP_JOCDecoder: -> stop
01-17 09:23:57.684   645   645 I DMSService: unregisterClient type = 4, uid = e8392820
01-17 09:23:57.713   645   645 D DatabaseHelper: failed to prepare SQL : INSERT INTO profiles VALUES(15
01-17 09:23:57.713   645   645 D DatabaseHelper: ,'custom','user2','user2','off','off')
01-17 09:23:57.713   645   645 D DatabaseHelper: failed to prepare SQL : INSERT INTO profile_endpoints VALUES(57
01-17 09:23:57.713   645   645 D DatabaseHelper: ,'custom','user2','speaker')
01-17 09:23:57.713   645   645 D DatabaseHelper: failed to prepare SQL : INSERT INTO profile_endpoints VALUES(57
01-17 09:23:57.713   645   645 D DatabaseHelper: ,'custom','user2','headphone')
01-17 09:23:57.713   645   645 D DatabaseHelper: failed to prepare SQL : INSERT INTO profile_endpoints VALUES(57
01-17 09:23:57.713   645   645 D DatabaseHelper: ,'custom','user2','passthrough')
01-17 09:23:57.713   645   645 D DatabaseHelper: failed to prepare SQL : INSERT INTO profile_endpoints VALUES(57
01-17 09:23:57.713   645   645 D DatabaseHelper: ,'custom','user2','other')
01-17 09:23:57.713   645   645 D DatabaseHelper: failed to prepare SQL : INSERT INTO profile_ports VALUES(85
01-17 09:23:57.713   645   645 D DatabaseHelper: ,'custom','user2','internal_speaker')
01-17 09:23:57.714   645   645 D DatabaseHelper: failed to prepare SQL : INSERT INTO profile_ports VALUES(85
01-17 09:23:57.714   645   645 D DatabaseHelper: ,'custom','user2','hdmi')
01-17 09:23:57.714   645   645 D DatabaseHelper: failed to prepare SQL : INSERT INTO profile_ports VALUES(85
01-17 09:23:57.714   645   645 D DatabaseHelper: ,'custom','user2','miracast')
01-17 09:23:57.714   645   645 D DatabaseHelper: failed to prepare SQL : INSERT INTO profile_ports VALUES(85
01-17 09:23:57.714   645   645 D DatabaseHelper: ,'custom','user2','headphone_port')
01-17 09:23:57.714   645   645 D DatabaseHelper: failed to prepare SQL : INSERT INTO profile_ports VALUES(85
01-17 09:23:57.714   645   645 D DatabaseHelper: ,'custom','user2','bluetooth')
01-17 09:23:57.714   645   645 D DatabaseHelper: failed to prepare SQL : INSERT INTO profile_ports VALUES(85
01-17 09:23:57.714   645   645 D DatabaseHelper: ,'custom','user2','usb')
01-17 09:23:57.714   645   645 D DatabaseHelper: failed to prepare SQL : INSERT INTO geq_presets VALUES(57
01-17 09:23:57.714   645   645 D DatabaseHelper: ,'custom','off','user2')
01-17 09:23:57.714   645   645 D DatabaseHelper: failed to prepare SQL : INSERT INTO geq_presets VALUES(57
01-17 09:23:57.714   645   645 D DatabaseHelper: ,'custom','open','user2')
01-17 09:23:57.714   645   645 D DatabaseHelper: failed to prepare SQL : INSERT INTO geq_presets VALUES(57
01-17 09:23:57.714   645   645 D DatabaseHelper: ,'custom','rich','user2')
01-17 09:23:57.715   645   645 D DatabaseHelper: failed to prepare SQL : INSERT INTO geq_presets VALUES(57
01-17 09:23:57.715   645   645 D DatabaseHelper: ,'custom','focused','user2')
01-17 09:23:57.724   717 21044 I DDP_JOCDecoder: <- stop
01-17 09:23:57.724   717 21044 I ARenderer: ~ARenderer
01-17 09:23:57.724   717 21044 I evo_parser: evo_parser_close
01-17 09:23:57.724   717 21044 I DlbDap2QmfProcess: ~Dap2Process()
01-17 09:23:57.724   717 21044 I DlbDap2QmfProcess: close()
01-17 09:23:57.724   717 21044 I DDP_JOCDecoder: <- ~DDPDecoder
01-17 09:23:57.729   710 31105 D NuPlayerDriver: notifyResetComplete(0xe6bcb850)
01-17 09:23:57.729   710   900 D NuPlayerDriver: reset(0xe6bcb850) at state 0
01-17 09:23:57.730 31078 31078 V MediaPlayer: resetDrmState:  mDrmInfo=null mDrmProvisioningThread=null mPrepareDrmInProgress=false mActiveDrmScheme=false
01-17 09:23:57.730 31078 31078 V MediaPlayer: cleanDrmObj: mDrmObj=null mDrmSessionId=null
01-17 09:23:57.731 31078 31078 V MediaPlayer: resetDrmState:  mDrmInfo=null mDrmProvisioningThread=null mPrepareDrmInProgress=false mActiveDrmScheme=false
01-17 09:23:57.731 31078 31078 V MediaPlayer: cleanDrmObj: mDrmObj=null mDrmSessionId=null
01-17 09:23:57.736 31078 31078 D featureTest: mMediaPlayer.getAudioSessionId(): 5705
01-17 09:23:57.736 31078 31078 D featureTest: Playing file: /sdcard/featureTest/ChID_voices_51_384_ddp_joc.mp4
01-17 09:23:57.737   710   900 D NuPlayerDriver: NuPlayerDriver(0xe6bcb7e0) created, clientPid(31078)
01-17 09:23:57.740 31129 31129 W generic : type=1400 audit(0.0:472): avc: denied { read } for path="/storage/emulated/0/featuretest/ChID_voices_51_384_ddp_joc.mp4" dev="sdcardfs" ino=1310784 scontext=u:r:mediaextractor:s0 tcontext=u:object_r:sdcardfs:s0 tclass=file permissive=0
01-17 09:23:57.740 31078 31078 W MediaPlayer: Use of stream types is deprecated for operations other than volume control
01-17 09:23:57.740 31078 31078 W MediaPlayer: See the documentation of setAudioStreamType() for what to use instead with android.media.AudioAttributes to qualify your playback use case
01-17 09:23:57.742   710 31129 D GenericSource: FileSource remote
01-17 09:23:57.742   710 31129 W GenericSource: extractor service cannot make data source
01-17 09:23:57.742   710 31129 D GenericSource: FileSource local
01-17 09:23:57.754   710 31128 D NuPlayerDriver: notifyListener_l(0xe6bcb7e0), (1, 0, 0, -1), loop setting(0, 0)
01-17 09:23:57.758   710  1422 D NuPlayerDriver: start(0xe6bcb7e0), state is 4, eos is 0
01-17 09:23:57.758   710 31128 I GenericSource: start
01-17 09:23:57.762 31078 31078 W DolbyAudioEffect: WARNING: attaching a DolbyAudioEffect to global output mix is deprecated!
01-17 09:23:57.766 31078 31078 D featureTest: receive broadcast , change ds status :1
01-17 09:23:57.776   710 31133 I OMXClient: Treble IOmx obtained
01-17 09:23:57.776   717  5320 I OMXMaster: makeComponentInstance(OMX.dolby.eac3_joc.decoder) in omx@1.0-service process
01-17 09:23:57.783   627   627 D DlbDlbEffect: handle_EFFECT_CMD_SET_PARAM()
01-17 09:23:57.819   717  5320 I DDP_JOCDecoder: -> init name OMX.dolby.eac3_joc.decoder
01-17 09:23:57.820   645   645 I DMSService: registerClient type = 0, uid = e7f0fb80
01-17 09:23:57.820   645   645 V DolbyMemoryService: registerClient() client 0x710ec74380, uid -403637376
01-17 09:23:57.820   717  5320 I DDP_JOCDecoder: <- init
01-17 09:23:57.820   717  5320 D DDP_JOCDecoder: initPorts
01-17 09:23:57.821   717 21044 E OMXNodeInstance: setConfig(0xe83a3440:dolby.eac3_joc.decoder, ConfigPriority(0x6f800002)) ERROR: Undefined(0x80001001)
01-17 09:23:57.821   710 31133 I ACodec  : codec does not support config priority (err -2147483648)
01-17 09:23:57.822   717  5320 E OMXNodeInstance: getConfig(0xe83a3440:dolby.eac3_joc.decoder, ConfigAndroidVendorExtension(0x6f100004)) ERROR: Undefined(0x80001001)
01-17 09:23:57.822   710 31133 I MediaCodec: MediaCodec will operate in async mode
01-17 09:23:57.822   710 31133 I ACodec  : setDolbyParameterOnProcessedAudio() Received dolby_processed_audio=1
01-17 09:23:57.822   710 31132 I NuPlayerDecoder: setDolbyMessage() Notifying player that Codec supports dolby_processed_audio flag
01-17 09:23:57.822   710 31128 I NuPlayer: onDolbyMessageReceived() Setting dolby_processed_audio flag on audio sink
01-17 09:23:57.823   710 31128 I MediaPlayerService: setDolbyParameters() Marking audio output as having dolby_processed_audio
01-17 09:23:57.823   645   645 I DMSService: unregisterClient type = 0, uid = e7f0fb80
01-17 09:23:57.836 31078 31078 D featureTest: receive broadcast , change ds profile id :5
01-17 09:23:57.838   645   645 D DatabaseHelper: failed to prepare SQL : INSERT INTO profiles VALUES(15
01-17 09:23:57.838   645   645 D DatabaseHelper: ,'custom','user2','user2','off','off')
01-17 09:23:57.839   645   645 D DatabaseHelper: failed to prepare SQL : INSERT INTO profile_endpoints VALUES(57
01-17 09:23:57.839   645   645 D DatabaseHelper: ,'custom','user2','speaker')
01-17 09:23:57.839   645   645 D DatabaseHelper: failed to prepare SQL : INSERT INTO profile_endpoints VALUES(57
01-17 09:23:57.839   645   645 D DatabaseHelper: ,'custom','user2','headphone')
01-17 09:23:57.839   645   645 D DatabaseHelper: failed to prepare SQL : INSERT INTO profile_endpoints VALUES(57
01-17 09:23:57.839   645   645 D DatabaseHelper: ,'custom','user2','passthrough')
01-17 09:23:57.839   645   645 D DatabaseHelper: failed to prepare SQL : INSERT INTO profile_endpoints VALUES(57
01-17 09:23:57.839   645   645 D DatabaseHelper: ,'custom','user2','other')
01-17 09:23:57.839   645   645 D DatabaseHelper: failed to prepare SQL : INSERT INTO profile_ports VALUES(85
01-17 09:23:57.839   645   645 D DatabaseHelper: ,'custom','user2','internal_speaker')
01-17 09:23:57.839   645   645 D DatabaseHelper: failed to prepare SQL : INSERT INTO profile_ports VALUES(85
01-17 09:23:57.839   645   645 D DatabaseHelper: ,'custom','user2','hdmi')
01-17 09:23:57.839   645   645 D DatabaseHelper: failed to prepare SQL : INSERT INTO profile_ports VALUES(85
01-17 09:23:57.839   645   645 D DatabaseHelper: ,'custom','user2','miracast')
01-17 09:23:57.839   645   645 D DatabaseHelper: failed to prepare SQL : INSERT INTO profile_ports VALUES(85
01-17 09:23:57.839   645   645 D DatabaseHelper: ,'custom','user2','headphone_port')
01-17 09:23:57.839   645   645 D DatabaseHelper: failed to prepare SQL : INSERT INTO profile_ports VALUES(85
01-17 09:23:57.839   645   645 D DatabaseHelper: ,'custom','user2','bluetooth')
01-17 09:23:57.840   645   645 D DatabaseHelper: failed to prepare SQL : INSERT INTO profile_ports VALUES(85
01-17 09:23:57.840   645   645 D DatabaseHelper: ,'custom','user2','usb')
01-17 09:23:57.840   645   645 D DatabaseHelper: failed to prepare SQL : INSERT INTO geq_presets VALUES(57
01-17 09:23:57.840   645   645 D DatabaseHelper: ,'custom','off','user2')
01-17 09:23:57.840   645   645 D DatabaseHelper: failed to prepare SQL : INSERT INTO geq_presets VALUES(57
01-17 09:23:57.840   645   645 D DatabaseHelper: ,'custom','open','user2')
01-17 09:23:57.840   645   645 D DatabaseHelper: failed to prepare SQL : INSERT INTO geq_presets VALUES(57
01-17 09:23:57.840   645   645 D DatabaseHelper: ,'custom','rich','user2')
01-17 09:23:57.840   645   645 D DatabaseHelper: failed to prepare SQL : INSERT INTO geq_presets VALUES(57
01-17 09:23:57.840   645   645 D DatabaseHelper: ,'custom','focused','user2')
01-17 09:23:57.844   627   627 D DlbDlbEffect: handle_EFFECT_CMD_SET_PARAM()
01-17 09:23:57.852   645   645 I DMSService: registerClient type = 4, uid = e7f0fb90
01-17 09:23:57.852   645   713 I DapController: Profile Changed to Custom
01-17 09:23:57.853   645   645 V DolbyMemoryService: registerClient() client 0x710ec74380, uid -403637356
01-17 09:23:57.853   717  1650 D DDP_JOCDecoder: internalSetParameter() Instantiating ARenderer for content processing in decoder
01-17 09:23:57.853   717  1650 I DlbDap2QmfProcess: Dap2Process()
01-17 09:23:57.853   717  1650 I ARenderer: ARenderer
01-17 09:23:57.853   717  1650 I evo_parser: evo_parser_init
01-17 09:23:57.853   717  1650 I DlbDap2QmfProcess: init()
01-17 09:23:57.853   717  1650 I DlbDap2QmfProcess: open()
01-17 09:23:57.853   717  1650 I DlbDap2QmfProcess: loadLicense() no license check!
01-17 09:23:57.853   717  1650 I DlbDap2QmfProcess: validateLicense() no license check!
01-17 09:23:57.853   717  1650 I DlbDap2QmfProcess: init() DAP opened
01-17 09:23:57.853   717  1650 I DlbDap2QmfProcess: DAP library version: 2.5.1-P2.0
01-17 09:23:57.853   717  1650 D DlbDap2QmfProcess: DAP output mode set to 1 with 2 output channels and null mix matrix.
01-17 09:23:57.853   710 31133 I ACodec  : setDolbyParameterOnProcessedAudio() Content processing enabled in decoder
01-17 09:23:57.855   626   626 W /system/bin/hw/android.hidl.allocator@1.0-service: ashmem_create_region(8192) returning hidl_memory(0x7b7102c330, 8192)
01-17 09:23:57.856   626   626 I chatty  : uid=1000(system) allocator@1.0-s identical 2 lines
01-17 09:23:57.857   626   626 W /system/bin/hw/android.hidl.allocator@1.0-service: ashmem_create_region(8192) returning hidl_memory(0x7b7102c330, 8192)
01-17 09:23:57.858   626   626 W /system/bin/hw/android.hidl.allocator@1.0-service: ashmem_create_region(147456) returning hidl_memory(0x7b7102c330, 147456)
01-17 09:23:57.859   626   626 I chatty  : uid=1000(system) allocator@1.0-s identical 2 lines
01-17 09:23:57.859   626   626 W /system/bin/hw/android.hidl.allocator@1.0-service: ashmem_create_region(147456) returning hidl_memory(0x7b7102c330, 147456)
01-17 09:23:57.861   717 31136 I DDP_JOCDecoder: -> start
01-17 09:23:57.861   717 31136 I EndpConfig: DAP state has changed from -1 to 1
01-17 09:23:57.861   717 31136 D DDP_JOCDecoder: Setting Max Output Channels to 2
01-17 09:23:57.861   717 31136 D DDP_JOCDecoder: setMultiChannelPCMOutDownmix mConfig->jocForceDownmixMode 1
01-17 09:23:57.861   717 31136 I udc_user: 
01-17 09:23:57.861   717 31136 I udc_user: *** DDPlus Unified Decoder Simulation  Version 1.7.3 ***
01-17 09:23:57.862   717 31136 I udc_user: 
01-17 09:23:57.862   717 31136 I udc_user: 7.1-channel decoder-converter, 
01-17 09:23:57.862   717 31136 I udc_user: 
01-17 09:23:57.862   717 31136 I udc_user: 5.1-channel dual-decoder-converter, 
01-17 09:23:57.862   717 31136 I udc_user: Karaoke unsupported, 
01-17 09:23:57.862   717 31136 I udc_user: TPNP supported. 
01-17 09:23:57.862   717 31136 I udc_user: 
01-17 09:23:57.862   717 31136 I udc_user: Unpublished work.  Copyright 2003-2014 Dolby Laboratories, Inc. and
01-17 09:23:57.862   717 31136 I udc_user: Dolby Laboratories Licensing Corporation.  All Rights Reserved.
01-17 09:23:57.862   717 31136 I udc_user: 
01-17 09:23:57.862   717 31136 I udc_user: USE OF THIS SOFTWARE IS SUBJECT TO A LEGAL AGREEMENT BETWEEN YOU AND DOLBY
01-17 09:23:57.862   717 31136 I udc_user: LABORATORIES. DO NOT USE THIS SOFTWARE UNLESS YOU AGREE TO THE TERMS AND 
01-17 09:23:57.862   717 31136 I udc_user: CONDITIONS IN THE AGREEMENT.  BY USING THIS SOFTWARE, YOU ACKNOWLEDGE THAT 
01-17 09:23:57.862   717 31136 I udc_user: YOU HAVE READ THE AGREEMENT AND THAT YOU AGREE TO BE BOUND BY ITS TERMS. 
01-17 09:23:57.862   717 31136 I udc_user: 
01-17 09:23:57.863   717 31136 I ddpdec_client_joc: ddpdec_open JOCD_MODE Buffer assignment
01-17 09:23:57.863   717 31136 D DDP_JOCDecoder: mStarted = 1
01-17 09:23:57.863   717 31136 I DDP_JOCDecoder: <- start
01-17 09:23:57.864   717 31136 D ddpdec_client_joc: ddpdec_client.c|int configDecoder()
01-17 09:23:57.866   717 31136 D DDP_JOCDecoder: Setting Max Output Channels to 2
01-17 09:23:57.868   717 31136 I DlbDap2QmfProcess: close()
01-17 09:23:57.868   717 31136 I DlbDap2QmfProcess: init()
01-17 09:23:57.868   717 31136 I DlbDap2QmfProcess: open()
01-17 09:23:57.868   717 31136 I DlbDap2QmfProcess: loadLicense() no license check!
01-17 09:23:57.868   717 31136 I DlbDap2QmfProcess: validateLicense() no license check!
01-17 09:23:57.868   717 31136 I DlbDap2QmfProcess: init() DAP opened
01-17 09:23:57.868   717 31136 I DlbDap2QmfProcess: DAP library version: 2.5.1-P2.0
01-17 09:23:57.868   717 31136 D DlbDap2QmfProcess: DAP output mode set to 1 with 2 output channels and null mix matrix.
01-17 09:23:57.868   717 31136 D ARenderer: checkAndUpdateConfig: DAP reinitialized because of sample rate change
01-17 09:23:57.868   717 31136 D ARenderer: updateDapConfig: Updating DAP configuration
01-17 09:23:57.868   717 31136 D DlbDap2QmfProcess: setParam(iea = #1[10])
01-17 09:23:57.868   717 31136 D DlbDap2QmfProcess: setParam(msce = #1[0])
01-17 09:23:57.868   717 31136 D DlbDap2QmfProcess: setParam(mdee = #1[0])
01-17 09:23:57.869   717 31136 D DlbDap2QmfProcess: setParam(miee = #1[0])
01-17 09:23:57.869   717 31136 D DlbDap2QmfProcess: setParam(mdle = #1[0])
01-17 09:23:57.869   717 31136 D DlbDap2QmfProcess: setParam(dvle = #1[1])
01-17 09:23:57.869   717 31136 D DlbDap2QmfProcess: setParam(mave = #1[0])
01-17 09:23:57.869   717 31136 D DlbDap2QmfProcess: setParam(vcbf = #20[47, 141, 234, 328, 469, 656, 844, 1031, 1313, 1688, 2250, 3000, 3750, 4688, 5813, 7125, 9000, 11250, 13875, 19688])
01-17 09:23:57.869   717 31136 D DlbDap2QmfProcess: setParam(ieon = #1[0])
01-17 09:23:57.869   717 31136 D DlbDap2QmfProcess: setParam(gebs = #41[20, 47, 141, 234, 328, 469, 656, 844, 1031, 1313, 1688, 2250, 3000, 3750, 4688, 5813, 7125, 9000, 11250, 13875, 19688, 0, 0, 0, 0, 0, 0, 0, 0, 0, 0, 0, 0, 0, 0, 0, 0, 0, 0, 0, 0])
01-17 09:23:57.869   717 31136 D DlbDap2QmfProcess: setParam(iebs = #41[20, 65, 136, 223, 332, 467, 634, 841, 1098, 1416, 1812, 2302, 2909, 3663, 4598, 5756, 7194, 8976, 11186, 13927, 17326, 117, 133, 188, 176, 141, 149, 175, 185, 185, 200, 236, 242, 228, 213, 182, 132, 110, 68, -27, -240])
01-17 09:23:57.869   717 31136 D DlbDap2QmfProcess: setParam(dea = #1[7])
01-17 09:23:57.869   717 31136 D DlbDap2QmfProcess: setParam(dsa = #1[10])
01-17 09:23:57.869   717 31136 D DlbDap2QmfProcess: setParam(beb = #1[192])
01-17 09:23:57.869   717 31136 D DlbDap2QmfProcess: setParam(plb = #1[0])
01-17 09:23:57.869   717 31136 D DlbDap2QmfProcess: setParam(vmb = #1[144])
01-17 09:23:57.869   717 31136 D DlbDap2QmfProcess: setParam(dsb = #1[48])
01-17 09:23:57.869   717 31136 D DlbDap2QmfProcess: setParam(ded = #1[0])
01-17 09:23:57.869   717 31136 D DlbDap2QmfProcess: setParam(dom = #1[0])
01-17 09:23:57.869   717 31136 D DlbDap2QmfProcess: setParam(bew = #1[16])
01-17 09:23:57.869   717 31136 D DlbDap2QmfProcess: setParam(dvla = #1[5])
01-17 09:23:57.869   717 31136 D DlbDap2QmfProcess: setParam(dfsa = #1[10])
01-17 09:23:57.869   717 31136 D DlbDap2QmfProcess: setParam(dhsa = #1[10])
01-17 09:23:57.869   717 31136 D DlbDap2QmfProcess: setParam(dvmc = #1[0])
01-17 09:23:57.869   717 31136 D DlbDap2QmfProcess: setParam(dvle = #1[1])
01-17 09:23:57.869   717 31136 D DlbDap2QmfProcess: setParam(dvme = #1[0])
01-17 09:23:57.870   717 31136 D DlbDap2QmfProcess: setParam(becf = #1[200])
01-17 09:23:57.870   717 31136 D DlbDap2QmfProcess: setParam(vbmf = #2[94, 469])
01-17 09:23:57.870   717 31136 D DlbDap2QmfProcess: setParam(vbsf = #2[35, 160])
01-17 09:23:57.870   717 31136 D DlbDap2QmfProcess: setParam(vbhg = #3[-32, -144, -192])
01-17 09:23:57.870   717 31136 D DlbDap2QmfProcess: setParam(vbog = #1[0])
01-17 09:23:57.870   717 31136 D DlbDap2QmfProcess: setParam(vbsg = #1[0])
01-17 09:23:57.870   717 31136 D DlbDap2QmfProcess: setParam(dvli = #1[-320])
01-17 09:23:57.870   717 31136 D DlbDap2QmfProcess: setParam(dhfm = #1[2])
01-17 09:23:57.870   717 31136 D DlbDap2QmfProcess: setParam(deon = #1[0])
01-17 09:23:57.870   717 31136 D DlbDap2QmfProcess: setParam(ngon = #1[1])
01-17 09:23:57.870   717 31136 D DlbDap2QmfProcess: setParam(dvlo = #1[-320])
01-17 09:23:57.870   717 31136 D DlbDap2QmfProcess: setParam(aobs = #222[20, 10, 47, 141, 234, 328, 469, 656, 844, 1031, 1313, 1688, 2250, 3000, 3750, 4688, 5813, 7125, 9000, 11250, 13875, 19688, 0, 0, 0, 0, 0, 0, 0, 0, 0, 0, 0, 0, 0, 0, 0, 0, 0, 0, 0, 0, 0, 0, 0, 0, 0, 0, 0, 0, 0, 0, 0, 0, 0, 0, 0, 0, 0, 0, 0, 0, 0, 0, 0, 0, 0, 0, 0, 0, 0, 0, 0, 0, 0, 0, 0, 0, 0, 0, 0, 0, 0, 0, 0, 0, 0, 0, 0, 0, 0, 0, 0, 0, 0, 0, 0, 0, 0, 0, 0, 0, 0, 0, 0, 0, 0, 0, 0, 0, 0, 0, 0, 0, 0, 0, 0, 0, 0, 0, 0, 0, 0, 0, 0, 0, 0, 0, 0, 0, 0, 0, 0, 0, 0, 0, 0, 0, 0, 0, 0, 0, 0, 0, 0, 0, 0, 0, 0, 0, 0, 0, 0, 0, 0, 0, 0, 0, 0, 0, 0, 0, 0, 0, 0, 0, 0, 0, 0, 0, 0, 0, 0, 0, 0, 0, 0, 0, 0, 0, 0, 0, 0, 0, 0, 0, 0, 0, 0, 0, 0, 0, 0, 0, 0, 0, 0, 0, 0, 0, 0, 0, 0, 0, 0, 0, 0, 0, 0, 0, 0, 0, 0, 0, 0, 0, 0, 0, 0, 0, 0, 0])
01-17 09:23:57.870   717 31136 D DlbDap2QmfProcess: setParam(dvle = #1[1])
01-17 09:23:57.870   717 31136 D DlbDap2QmfProcess: setParam(dvli = #1[-496])
01-17 09:23:57.870   717 31136 D DlbDap2QmfProcess: setParam(dvlo = #1[-176])
01-17 09:23:57.870   717 31136 D ARenderer: updateDapVolumeLeveler: Setting output level to -11.00dB
01-17 09:23:57.870   717 31136 D DlbDap2QmfProcess: setParam(vmb = #1[0])
01-17 09:23:57.870   717 31136 D DlbDap2QmfProcess: setParam(preg = #1[-384])
01-17 09:23:57.870   717 31136 D DlbDap2QmfProcess: setParam(vol = #1[384])
01-17 09:23:57.870   717 31136 D DlbDlbBufferProvider: setConfig() Updating buffer configuration.
01-17 09:23:57.870   717 31136 D DlbDap2QmfProcess: processQmf() called [0] times
01-17 09:23:57.870   717 31136 D DlbDap2QmfProcess: setMave(mave = 0)
01-17 09:23:57.881   710 31131 D AudioTrack: Client defaulted notificationFrames to 12000 for frameCount 24000
01-17 09:23:57.882   684  3974 I AudioFlinger: attachAuxEffect(): Marking track 762 as containing processed audio
01-17 09:23:57.882   684  3974 D AudioFlinger: trackContainsProcessedAudio() Track id 762 contains processed audio
01-17 09:23:57.884   626   626 W /system/bin/hw/android.hidl.allocator@1.0-service: ashmem_create_region(7680) returning hidl_memory(0x7b7102c330, 7680)
01-17 09:23:57.885   626   626 W /system/bin/hw/android.hidl.allocator@1.0-service: ashmem_create_region(7680) returning hidl_memory(0x7b7102c330, 7680)
01-17 09:23:57.886   627   922 D DlbDlbEffect: handle_EFFECT_CMD_DISABLE()
01-17 09:23:57.886   627   922 D DlbDapCrossfadeProcess: setEnabled transitioning from FADE_TO_ACTIVE state to FADE_TO_BYPASS
