01-17 09:20:48.622   710 28437 D NuPlayerDriver: reset(0xe6bcb380) at state 5
01-17 09:20:48.622   710 28437 D NuPlayerDriver: notifyListener_l(0xe6bcb380), (8, 0, 0, -1), loop setting(0, 1)
01-17 09:20:48.624   684   931 D AudioFlinger: trackStateChanged() Track id 715 state changed to 6
01-17 09:20:48.632   717  1650 I DDP_JOCDecoder: -> ~DDPDecoder
01-17 09:20:48.632   717  1650 I DDP_JOCDecoder: -> stop
01-17 09:20:48.632   645   645 I DMSService: unregisterClient type = 4, uid = e7f0fac0
01-17 09:20:48.671   717  1650 I DDP_JOCDecoder: <- stop
01-17 09:20:48.672   717  1650 I ARenderer: ~ARenderer
01-17 09:20:48.672   717  1650 I evo_parser: evo_parser_close
01-17 09:20:48.672   717  1650 I DlbDap2QmfProcess: ~Dap2Process()
01-17 09:20:48.672   717  1650 I DlbDap2QmfProcess: close()
01-17 09:20:48.672   717  1650 I DDP_JOCDecoder: <- ~DDPDecoder
01-17 09:20:48.675   627  3892 I DlbEffectContext: setContentProcEnabled() Enabling content processing in global effect
01-17 09:20:48.675   627  3892 D DlbDapEndpointParamCache: commitChangedParams()
01-17 09:20:48.675   627  3892 D DlbDapEndpointParamCache: commit() Applying parameters for device 0x40000000
01-17 09:20:48.675   627  3892 D DlbDap2Process: setParam(iea = #1[10])
01-17 09:20:48.675   627  3892 D DlbDap2Process: setParam(msce = #1[0])
01-17 09:20:48.675   627  3892 D DlbDap2Process: setParam(mdee = #1[0])
01-17 09:20:48.675   627  3892 D DlbDap2Process: setParam(miee = #1[0])
01-17 09:20:48.675   627  3892 D DlbDap2Process: setParam(mdle = #1[0])
01-17 09:20:48.675   627  3892 D DlbDap2Process: setParam(dvle = #1[1])
01-17 09:20:48.675   627  3892 D DlbDap2Process: setParam(mave = #1[0])
01-17 09:20:48.675   627  3892 D DlbDap2Process: setParam(vcbf = #20[47, 141, 234, 328, 469, 656, 844, 1031, 1313, 1688, 2250, 3000, 3750, 4688, 5813, 7125, 9000, 11250, 13875, 19688])
01-17 09:20:48.675   627  3892 D DlbDap2Process: setParam(vbon = #1[0])
01-17 09:20:48.675   627  3892 D DlbDap2Process: setParam(beon = #1[0])
01-17 09:20:48.675   627  3892 D DlbDap2Process: setParam(geon = #1[0])
01-17 09:20:48.676   627  3892 D DlbDap2Process: setParam(ieon = #1[0])
01-17 09:20:48.676   627  3892 D DlbDap2Process: setParam(gebs = #41[20, 47, 141, 234, 328, 469, 656, 844, 1031, 1313, 1688, 2250, 3000, 3750, 4688, 5813, 7125, 9000, 11250, 13875, 19688, 0, 0, 0, 0, 0, 0, 0, 0, 0, 0, 0, 0, 0, 0, 0, 0, 0, 0, 0, 0])
01-17 09:20:48.676   627  3892 D DlbDap2Process: setParam(iebs = #41[20, 65, 136, 223, 332, 467, 634, 841, 1098, 1416, 1812, 2302, 2909, 3663, 4598, 5756, 7194, 8976, 11186, 13927, 17326, 117, 133, 188, 176, 141, 149, 175, 185, 185, 200, 236, 242, 228, 213, 182, 132, 110, 68, -27, -240])
01-17 09:20:48.676   627  3892 D DlbDapEndpointParamCache: doCommit() Committed 15 parameters out of 16.
01-17 09:20:48.676   627  3892 D DlbDapEndpointParamCache: commit() Overriding parameters for current device 0x00000002
01-17 09:20:48.676   627  3892 D DlbDap2Process: setParam(dea = #1[7])
01-17 09:20:48.676   627  3892 D DlbDap2Process: setParam(dsa = #1[10])
01-17 09:20:48.676   627  3892 D DlbDap2Process: setParam(beb = #1[192])
01-17 09:20:48.676   627  3892 D DlbDap2Process: setParam(plb = #1[0])
01-17 09:20:48.676   627  3892 D DlbDap2Process: setParam(vmb = #1[144])
01-17 09:20:48.676   627  3892 D DlbDap2Process: setParam(dsb = #1[48])
01-17 09:20:48.676   627  3892 D DlbDap2Process: setParam(ded = #1[0])
01-17 09:20:48.676   627  3892 D DlbDap2Process: setParam(vbm = #1[3])
01-17 09:20:48.676   627  3892 D DlbDap2Process: setParam(dom = #1[0])
01-17 09:20:48.676   627  3892 D DlbDap2Process: setParam(bew = #1[16])
01-17 09:20:48.676   627  3892 D DlbDap2Process: setParam(dvla = #1[5])
01-17 09:20:48.676   627  3892 D DlbDap2Process: setParam(arra = #1[96])
01-17 09:20:48.676   627  3892 D DlbDap2Process: setParam(dfsa = #1[10])
01-17 09:20:48.676   627  3892 D DlbDap2Process: setParam(dhsa = #1[10])
01-17 09:20:48.676   627  3892 D DlbDap2Process: setParam(dvmc = #1[0])
01-17 09:20:48.676   627  3892 D DlbDap2Process: setParam(arod = #1[0])
01-17 09:20:48.676   627  3892 D DlbDap2Process: setParam(arde = #1[1])
01-17 09:20:48.676   627  3892 D DlbDap2Process: setParam(dvle = #1[1])
01-17 09:20:48.676   627  3892 D DlbDap2Process: setParam(dvme = #1[0])
01-17 09:20:48.676   627  3892 D DlbDap2Process: setParam(becf = #1[200])
01-17 09:20:48.676   627  3892 D DlbDap2Process: setParam(vbmf = #2[94, 469])
01-17 09:20:48.676   627  3892 D DlbDap2Process: setParam(vbsf = #2[35, 160])
01-17 09:20:48.676   627  3892 D DlbDap2Process: setParam(vbhg = #3[-32, -144, -192])
01-17 09:20:48.676   627  3892 D DlbDap2Process: setParam(vbog = #1[0])
01-17 09:20:48.676   627  3892 D DlbDap2Process: setParam(vbsg = #1[0])
01-17 09:20:48.677   627  3892 D DlbDap2Process: setParam(dvli = #1[-320])
01-17 09:20:48.677   627  3892 D DlbDap2Process: setParam(dhfm = #1[2])
01-17 09:20:48.677   627  3892 D DlbDap2Process: setParam(vbon = #1[0])
01-17 09:20:48.677   627  3892 D DlbDap2Process: setParam(beon = #1[0])
01-17 09:20:48.677   627  3892 D DlbDap2Process: setParam(deon = #1[0])
01-17 09:20:48.677   627  3892 D DlbDap2Process: setParam(ngon = #1[1])
01-17 09:20:48.677   627  3892 D DlbDap2Process: setParam(aoon = #1[1])
01-17 09:20:48.677   627  3892 D DlbDap2Process: setParam(aron = #1[1])
01-17 09:20:48.677   627  3892 D DlbDap2Process: setParam(dvlo = #1[-320])
01-17 09:20:48.677   627  3892 D DlbDap2Process: setParam(artp = #1[12])
01-17 09:20:48.677   710 29510 D NuPlayerDriver: notifyResetComplete(0xe6bcb380)
01-17 09:20:48.677   710 28437 D AudioTrack: stop() called with 0 frames delivered
01-17 09:20:48.677   627  3892 D DlbDap2Process: setParam(aobs = #222[20, 10, 47, 141, 234, 328, 469, 656, 844, 1031, 1313, 1688, 2250, 3000, 3750, 4688, 5813, 7125, 9000, 11250, 13875, 19688, 0, 0, 0, 0, 0, 0, 0, 0, 0, 0, 0, 0, 0, 0, 0, 0, 0, 0, 0, 0, 0, 0, 0, 0, 0, 0, 0, 0, 0, 0, 0, 0, 0, 0, 0, 0, 0, 0, 0, 0, 0, 0, 0, 0, 0, 0, 0, 0, 0, 0, 0, 0, 0, 0, 0, 0, 0, 0, 0, 0, 0, 0, 0, 0, 0, 0, 0, 0, 0, 0, 0, 0, 0, 0, 0, 0, 0, 0, 0, 0, 0, 0, 0, 0, 0, 0, 0, 0, 0, 0, 0, 0, 0, 0, 0, 0, 0, 0, 0, 0, 0, 0, 0, 0, 0, 0, 0, 0, 0, 0, 0, 0, 0, 0, 0, 0, 0, 0, 0, 0, 0, 0, 0, 0, 0, 0, 0, 0, 0, 0, 0, 0, 0, 0, 0, 0, 0, 0, 0, 0, 0, 0, 0, 0, 0, 0, 0, 0, 0, 0, 0, 0, 0, 0, 0, 0, 0, 0, 0, 0, 0, 0, 0, 0, 0, 0, 0, 0, 0, 0, 0, 0, 0, 0, 0, 0, 0, 0, 0, 0, 0, 0, 0, 0, 0, 0, 0, 0, 0, 0, 0, 0, 0, 0, 0, 0, 0, 0, 0, 0])
01-17 09:20:48.677   627  3892 D DlbDap2Process: setParam(arbs = #81[20, 47, 141, 234, 328, 469, 656, 844, 1031, 1313, 1688, 2250, 3000, 3750, 4688, 5813, 7125, 9000, 11250, 13875, 19688, -192, -192, -192, -192, -192, -192, -192, -192, -192, -192, -192, -192, -192, -192, -192, -192, -192, -192, -192, -192, 0, 0, 0, 0, 0, 0, 0, 0, 0, 0, 0, 0, 0, 0, 0, 0, 0, 0, 0, 0, 0, 0, 0, 0, 0, 0, 0, 0, 0, 0, 0, 0, 0, 0, 0, 0, 0, 0, 0, 0])
01-17 09:20:48.677   627  3892 D DlbDapEndpointParamCache: doCommit() Committed 37 parameters out of 37.
01-17 09:20:48.678   627  3892 D DlbDap2Process: setMave(mave = 0)
01-17 09:20:48.679   684  1056 D AudioFlinger: trackStateChanged() Track id 715 state changed to 2
01-17 09:20:48.679   684  1056 I AudioFlinger: updateProcessedAudioState() Changing content processing in effect to 0
01-17 09:20:48.679   627   627 D DlbDlbEffect: handle_EFFECT_CMD_SET_PARAM()
01-17 09:20:48.690   684  1056 D AudioFlinger: trackDestroyed() Track id 715 no longer contains processed audio
01-17 09:20:48.692   684   928 W AudioFlinger::EffectModule: EffectModule 0xed0e2c80 destructor called with unreleased interface
01-17 09:20:48.692   684   928 W AudioFlinger::EffectHandle: disconnect Effect handle 0xee163840 disconnected after thread destruction
01-17 09:20:48.907 29554 29554 D featureTest: onCreate
01-17 09:20:48.912 29554 29554 D AudioTrack: Client defaulted notificationFrames to 962 for frameCount 1924
01-17 09:20:48.914 29554 29554 W AudioTrack: Use of stream types is deprecated for operations other than volume control
01-17 09:20:48.914 29554 29554 W AudioTrack: See the documentation of AudioTrack() for what to use instead with android.media.AudioAttributes to qualify your playback use case
01-17 09:20:48.927 29554 29554 D featureTest: onResume
01-17 09:20:49.781 29554 29554 D featureTest: receive broadcast , playing content location :/sdcard/featureTest/stereo_dd_25fps_channel_id.m4a
01-17 09:20:49.791 29554 29554 D featureTest: mMediaPlayer.getAudioSessionId(): 5337
01-17 09:20:49.791 29554 29554 D featureTest: Playing file: /sdcard/featureTest/stereo_dd_25fps_channel_id.m4a
01-17 09:20:49.793   710 28437 D NuPlayerDriver: NuPlayerDriver(0xe6bcb380) created, clientPid(29554)
01-17 09:20:49.814   710 29579 D NuPlayerDriver: notifyListener_l(0xe6bcb380), (1, 0, 0, -1), loop setting(0, 0)
01-17 09:20:49.823   710   710 D NuPlayerDriver: start(0xe6bcb380), state is 4, eos is 0
01-17 09:20:49.839   717 20091 I OMXMaster: makeComponentInstance(OMX.dolby.ac3.decoder) in omx@1.0-service process
01-17 09:20:49.865 29554 29554 D featureTest: receive broadcast , change ds status :1
01-17 09:20:49.873   717 20091 I DDP_JOCDecoder: -> init name OMX.dolby.ac3.decoder
01-17 09:20:49.875   645   645 I DMSService: registerClient type = 0, uid = e7f0fb30
01-17 09:20:49.875   717 20091 I DDP_JOCDecoder: <- init
01-17 09:20:49.875   717 20091 D DDP_JOCDecoder: initPorts
01-17 09:20:49.877   710 29586 I ACodec  : codec does not support config priority (err -2147483648)
01-17 09:20:49.879   710 29586 I MediaCodec: MediaCodec will operate in async mode
01-17 09:20:49.879   710 29585 I NuPlayerDecoder: setDolbyMessage() Notifying player that Codec supports dolby_processed_audio flag
01-17 09:20:49.879   710 29579 I NuPlayer: onDolbyMessageReceived() Setting dolby_processed_audio flag on audio sink
01-17 09:20:49.879   710 29586 I ACodec  : setDolbyParameterOnProcessedAudio() Received dolby_processed_audio=1
01-17 09:20:49.879   645   645 I DMSService: unregisterClient type = 0, uid = e7f0fb30
01-17 09:20:49.905   645   645 I DMSService: registerClient type = 4, uid = e7f0fb20
01-17 09:20:49.905   717  5320 D DDP_JOCDecoder: internalSetParameter() Instantiating ARenderer for content processing in decoder
01-17 09:20:49.905   717  5320 I DlbDap2QmfProcess: Dap2Process()
01-17 09:20:49.905   717  5320 I ARenderer: ARenderer
01-17 09:20:49.905   717  5320 I evo_parser: evo_parser_init
01-17 09:20:49.905   717  5320 I DlbDap2QmfProcess: init()
01-17 09:20:49.905   717  5320 I DlbDap2QmfProcess: open()
01-17 09:20:49.905   717  5320 I DlbDap2QmfProcess: loadLicense() no license check!
01-17 09:20:49.905   717  5320 I DlbDap2QmfProcess: validateLicense() no license check!
01-17 09:20:49.905   717  5320 I DlbDap2QmfProcess: init() DAP opened
01-17 09:20:49.905   717  5320 I DlbDap2QmfProcess: DAP library version: 2.5.1-P2.0
01-17 09:20:49.905   717  5320 D DlbDap2QmfProcess: DAP output mode set to 1 with 2 output channels and null mix matrix.
01-17 09:20:49.906   710 29586 I ACodec  : setDolbyParameterOnProcessedAudio() Content processing enabled in decoder
01-17 09:20:49.906   627  3512 D DlbDlbEffect: handle_EFFECT_CMD_SET_PARAM()
01-17 09:20:49.918   717 29589 I DDP_JOCDecoder: -> start
01-17 09:20:49.919   627  3892 I DlbEffectContext: setContentProcEnabled() Disabling content processing in effect
01-17 09:20:49.919   627  3892 D DlbDapEndpointParamCache: commitChangedParams()
01-17 09:20:49.919   627  3892 D DlbDapEndpointParamCache: commit() Applying parameters for device 0x40000000
01-17 09:20:49.919   627  3892 D DlbDap2Process: setParam(msce = #1[0])
01-17 09:20:49.919   627  3892 D DlbDap2Process: setParam(mdee = #1[0])
01-17 09:20:49.919   627  3892 D DlbDap2Process: setParam(miee = #1[0])
01-17 09:20:49.919   627  3892 D DlbDap2Process: setParam(mdle = #1[0])
01-17 09:20:49.919   627  3892 D DlbDap2Process: setParam(dvle = #1[0])
01-17 09:20:49.919   627  3892 D DlbDap2Process: setParam(mave = #1[0])
01-17 09:20:49.919   627  3892 D DlbDap2Process: setParam(ieon = #1[0])
01-17 09:20:49.919   627  3892 D DlbDapEndpointParamCache: doCommit() Committed 7 parameters out of 16.
01-17 09:20:49.919   627  3892 D DlbDapEndpointParamCache: commit() Overriding parameters for current device 0x00000002
01-17 09:20:49.919   627  3892 D DlbDap2Process: setParam(dom = #1[0])
01-17 09:20:49.920   627  3892 D DlbDap2Process: setParam(dvle = #1[0])
01-17 09:20:49.920   627  3892 D DlbDap2Process: setParam(dvme = #1[0])
01-17 09:20:49.920   627  3892 D DlbDap2Process: setParam(deon = #1[0])
01-17 09:20:49.920   627  3892 D DlbDap2Process: setParam(ngon = #1[0])
01-17 09:20:49.920   627  3892 D DlbDapEndpointParamCache: doCommit() Committed 5 parameters out of 37.
01-17 09:20:49.920   717 29589 D DDP_JOCDecoder: Setting Max Output Channels to 2
01-17 09:20:49.920   627  3892 D DlbDap2Process: setMave(mave = 0)
01-17 09:20:49.921   717 29589 D DDP_JOCDecoder: setMultiChannelPCMOutDownmix mConfig->jocForceDownmixMode 1
01-17 09:20:49.921   717 29589 I udc_user: 
01-17 09:20:49.921   717 29589 I udc_user: *** DDPlus Unified Decoder Simulation  Version 1.7.3 ***
01-17 09:20:49.921   717 29589 I udc_user: 
01-17 09:20:49.921   717 29589 I udc_user: 7.1-channel decoder-converter, 
01-17 09:20:49.921   717 29589 I udc_user: 
01-17 09:20:49.921   717 29589 I udc_user: 5.1-channel dual-decoder-converter, 
01-17 09:20:49.921   717 29589 I udc_user: Karaoke unsupported, 
01-17 09:20:49.921   717 29589 I udc_user: TPNP supported. 
01-17 09:20:49.921   717 29589 I udc_user: 
01-17 09:20:49.921   717 29589 I udc_user: Unpublished work.  Copyright 2003-2014 Dolby Laboratories, Inc. and
01-17 09:20:49.921   717 29589 I udc_user: Dolby Laboratories Licensing Corporation.  All Rights Reserved.
01-17 09:20:49.921   717 29589 I udc_user: 
01-17 09:20:49.921   717 29589 I udc_user: USE OF THIS SOFTWARE IS SUBJECT TO A LEGAL AGREEMENT BETWEEN YOU AND DOLBY
01-17 09:20:49.921   717 29589 I udc_user: LABORATORIES. DO NOT USE THIS SOFTWARE UNLESS YOU AGREE TO THE TERMS AND 
01-17 09:20:49.921   717 29589 I udc_user: CONDITIONS IN THE AGREEMENT.  BY USING THIS SOFTWARE, YOU ACKNOWLEDGE THAT 
01-17 09:20:49.921   717 29589 I udc_user: YOU HAVE READ THE AGREEMENT AND THAT YOU AGREE TO BE BOUND BY ITS TERMS. 
01-17 09:20:49.921   717 29589 I udc_user: 
01-17 09:20:49.922   717 29589 I ddpdec_client_joc: ddpdec_open JOCD_MODE Buffer assignment
01-17 09:20:49.922   717 29589 D DDP_JOCDecoder: mStarted = 1
01-17 09:20:49.922   717 29589 I DDP_JOCDecoder: <- start
01-17 09:20:49.929   717 29589 D ddpdec_client_joc: ddpdec_client.c|int configDecoder()
01-17 09:20:49.930   717 29589 D DDP_JOCDecoder: Setting Max Output Channels to 2
01-17 09:20:49.933   717 29589 I DlbDap2QmfProcess: close()
01-17 09:20:49.933   717 29589 I DlbDap2QmfProcess: init()
01-17 09:20:49.933   717 29589 I DlbDap2QmfProcess: open()
01-17 09:20:49.934   717 29589 I DlbDap2QmfProcess: loadLicense() no license check!
01-17 09:20:49.934   717 29589 I DlbDap2QmfProcess: validateLicense() no license check!
01-17 09:20:49.934   717 29589 I DlbDap2QmfProcess: init() DAP opened
01-17 09:20:49.934   717 29589 I DlbDap2QmfProcess: DAP library version: 2.5.1-P2.0
01-17 09:20:49.934   717 29589 D DlbDap2QmfProcess: DAP output mode set to 1 with 2 output channels and null mix matrix.
01-17 09:20:49.934   717 29589 D ARenderer: checkAndUpdateConfig: DAP reinitialized because of sample rate change
01-17 09:20:49.934   717 29589 D ARenderer: updateDapConfig: Updating DAP configuration
01-17 09:20:49.934   717 29589 D DlbDap2QmfProcess: setParam(iea = #1[10])
01-17 09:20:49.934   717 29589 D DlbDap2QmfProcess: setParam(msce = #1[0])
01-17 09:20:49.934   717 29589 D DlbDap2QmfProcess: setParam(mdee = #1[0])
01-17 09:20:49.934   717 29589 D DlbDap2QmfProcess: setParam(miee = #1[0])
01-17 09:20:49.934   717 29589 D DlbDap2QmfProcess: setParam(mdle = #1[0])
01-17 09:20:49.934   717 29589 D DlbDap2QmfProcess: setParam(dvle = #1[1])
01-17 09:20:49.934   717 29589 D DlbDap2QmfProcess: setParam(mave = #1[0])
01-17 09:20:49.934   717 29589 D DlbDap2QmfProcess: setParam(vcbf = #20[47, 141, 234, 328, 469, 656, 844, 1031, 1313, 1688, 2250, 3000, 3750, 4688, 5813, 7125, 9000, 11250, 13875, 19688])
01-17 09:20:49.934   717 29589 D DlbDap2QmfProcess: setParam(ieon = #1[0])
01-17 09:20:49.935   717 29589 D DlbDap2QmfProcess: setParam(gebs = #41[20, 47, 141, 234, 328, 469, 656, 844, 1031, 1313, 1688, 2250, 3000, 3750, 4688, 5813, 7125, 9000, 11250, 13875, 19688, 0, 0, 0, 0, 0, 0, 0, 0, 0, 0, 0, 0, 0, 0, 0, 0, 0, 0, 0, 0])
01-17 09:20:49.935   717 29589 D DlbDap2QmfProcess: setParam(iebs = #41[20, 65, 136, 223, 332, 467, 634, 841, 1098, 1416, 1812, 2302, 2909, 3663, 4598, 5756, 7194, 8976, 11186, 13927, 17326, 117, 133, 188, 176, 141, 149, 175, 185, 185, 200, 236, 242, 228, 213, 182, 132, 110, 68, -27, -240])
01-17 09:20:49.935   717 29589 D DlbDap2QmfProcess: setParam(dea = #1[7])
01-17 09:20:49.935   717 29589 D DlbDap2QmfProcess: setParam(dsa = #1[10])
01-17 09:20:49.936   717 29589 D DlbDap2QmfProcess: setParam(beb = #1[192])
01-17 09:20:49.936   717 29589 D DlbDap2QmfProcess: setParam(plb = #1[0])
01-17 09:20:49.936   717 29589 D DlbDap2QmfProcess: setParam(vmb = #1[144])
01-17 09:20:49.936   717 29589 D DlbDap2QmfProcess: setParam(dsb = #1[48])
01-17 09:20:49.936   717 29589 D DlbDap2QmfProcess: setParam(ded = #1[0])
01-17 09:20:49.936   717 29589 D DlbDap2QmfProcess: setParam(dom = #1[0])
01-17 09:20:49.936   717 29589 D DlbDap2QmfProcess: setParam(bew = #1[16])
01-17 09:20:49.936   717 29589 D DlbDap2QmfProcess: setParam(dvla = #1[5])
01-17 09:20:49.936   717 29589 D DlbDap2QmfProcess: setParam(dfsa = #1[10])
01-17 09:20:49.936   717 29589 D DlbDap2QmfProcess: setParam(dhsa = #1[10])
01-17 09:20:49.936   717 29589 D DlbDap2QmfProcess: setParam(dvmc = #1[0])
01-17 09:20:49.936   717 29589 D DlbDap2QmfProcess: setParam(dvle = #1[1])
01-17 09:20:49.936   717 29589 D DlbDap2QmfProcess: setParam(dvme = #1[0])
01-17 09:20:49.936   717 29589 D DlbDap2QmfProcess: setParam(becf = #1[200])
01-17 09:20:49.936   717 29589 D DlbDap2QmfProcess: setParam(vbmf = #2[94, 469])
01-17 09:20:49.936   717 29589 D DlbDap2QmfProcess: setParam(vbsf = #2[35, 160])
01-17 09:20:49.936   717 29589 D DlbDap2QmfProcess: setParam(vbhg = #3[-32, -144, -192])
01-17 09:20:49.936   717 29589 D DlbDap2QmfProcess: setParam(vbog = #1[0])
01-17 09:20:49.936   717 29589 D DlbDap2QmfProcess: setParam(vbsg = #1[0])
01-17 09:20:49.936   717 29589 D DlbDap2QmfProcess: setParam(dvli = #1[-320])
01-17 09:20:49.936   717 29589 D DlbDap2QmfProcess: setParam(dhfm = #1[2])
01-17 09:20:49.937   717 29589 D DlbDap2QmfProcess: setParam(deon = #1[0])
01-17 09:20:49.937   717 29589 D DlbDap2QmfProcess: setParam(ngon = #1[1])
01-17 09:20:49.937   717 29589 D DlbDap2QmfProcess: setParam(dvlo = #1[-320])
01-17 09:20:49.937   717 29589 D DlbDap2QmfProcess: setParam(aobs = #222[20, 10, 47, 141, 234, 328, 469, 656, 844, 1031, 1313, 1688, 2250, 3000, 3750, 4688, 5813, 7125, 9000, 11250, 13875, 19688, 0, 0, 0, 0, 0, 0, 0, 0, 0, 0, 0, 0, 0, 0, 0, 0, 0, 0, 0, 0, 0, 0, 0, 0, 0, 0, 0, 0, 0, 0, 0, 0, 0, 0, 0, 0, 0, 0, 0, 0, 0, 0, 0, 0, 0, 0, 0, 0, 0, 0, 0, 0, 0, 0, 0, 0, 0, 0, 0, 0, 0, 0, 0, 0, 0, 0, 0, 0, 0, 0, 0, 0, 0, 0, 0, 0, 0, 0, 0, 0, 0, 0, 0, 0, 0, 0, 0, 0, 0, 0, 0, 0, 0, 0, 0, 0, 0, 0, 0, 0, 0, 0, 0, 0, 0, 0, 0, 0, 0, 0, 0, 0, 0, 0, 0, 0, 0, 0, 0, 0, 0, 0, 0, 0, 0, 0, 0, 0, 0, 0, 0, 0, 0, 0, 0, 0, 0, 0, 0, 0, 0, 0, 0, 0, 0, 0, 0, 0, 0, 0, 0, 0, 0, 0, 0, 0, 0, 0, 0, 0, 0, 0, 0, 0, 0, 0, 0, 0, 0, 0, 0, 0, 0, 0, 0, 0, 0, 0, 0, 0, 0, 0, 0, 0, 0, 0, 0, 0, 0, 0, 0, 0, 0, 0, 0, 0, 0, 0, 0, 0])
01-17 09:20:49.937   717 29589 D DlbDap2QmfProcess: setParam(dvle = #1[1])
01-17 09:20:49.937   717 29589 D DlbDap2QmfProcess: setParam(dvli = #1[-496])
01-17 09:20:49.937 29554 29554 D featureTest: receive broadcast , change ds profile id :5
01-17 09:20:49.937   717 29589 D DlbDap2QmfProcess: setParam(dvlo = #1[-176])
01-17 09:20:49.937   717 29589 D ARenderer: updateDapVolumeLeveler: Setting output level to -11.00dB
01-17 09:20:49.937   717 29589 D DlbDap2QmfProcess: setParam(vmb = #1[0])
01-17 09:20:49.937   717 29589 D DlbDap2QmfProcess: setParam(preg = #1[-384])
01-17 09:20:49.937   717 29589 D DlbDap2QmfProcess: setParam(vol = #1[384])
01-17 09:20:49.938   717 29589 D DlbDap2QmfProcess: processQmf() called [0] times
01-17 09:20:49.938   717 29589 D DlbDap2QmfProcess: setMave(mave = 0)
01-17 09:20:49.951   710 29584 D AudioTrack: Client defaulted notificationFrames to 12000 for frameCount 24000
01-17 09:20:49.952   684  3653 I AudioFlinger: attachAuxEffect(): Marking track 717 as containing processed audio
01-17 09:20:49.952   684  3653 D AudioFlinger: trackContainsProcessedAudio() Track id 717 contains processed audio
01-17 09:20:49.958   684  7228 D AudioFlinger: trackStateChanged() Track id 717 state changed to 6
01-17 09:20:49.958   684  7228 I AudioFlinger: updateProcessedAudioState() Changing content processing in effect to 1
01-17 09:20:49.958   627   627 D DlbDlbEffect: handle_EFFECT_CMD_SET_PARAM()
01-17 09:20:49.959   710 29579 D NuPlayerDriver: notifyListener_l(0xe6bcb380), (6, 0, 0, -1), loop setting(0, 1)
01-17 09:20:49.960   627  3512 D DlbDlbEffect: handle_EFFECT_CMD_SET_PARAM()
01-17 09:20:50.003 29554 29554 D featureTest: receive broadcast , change bass enable :1
01-17 09:20:50.012   627  3512 D DlbDlbEffect: handle_EFFECT_CMD_SET_PARAM()
01-17 09:20:50.022   627  3892 D DlbDapCrossfadeProcess: setEnabled transitioning from DAP_ACTIVE state to FADE_TO_BYPASS
01-17 09:20:50.022   627  3892 D DlbDapEndpointParamCache: commitChangedParams()
01-17 09:20:50.022   627  3892 D DlbDapEndpointParamCache: commit() Applying parameters for device 0x40000000
01-17 09:20:50.022   627  3892 D DlbDap2Process: setParam(iea = #1[10])
01-17 09:20:50.022   627  3892 D DlbDap2Process: setParam(vcbf = #20[47, 141, 234, 328, 469, 656, 844, 1031, 1313, 1688, 2250, 3000, 3750, 4688, 5813, 7125, 9000, 11250, 13875, 19688])
01-17 09:20:50.022   627  3892 D DlbDap2Process: setParam(vbon = #1[1])
01-17 09:20:50.022   627  3892 D DlbDap2Process: setParam(beon = #1[1])
01-17 09:20:50.022   627  3892 D DlbDap2Process: setParam(geon = #1[0])
01-17 09:20:50.022   627  3892 D DlbDap2Process: setParam(gebs = #41[20, 47, 141, 234, 328, 469, 656, 844, 1031, 1313, 1688, 2250, 3000, 3750, 4688, 5813, 7125, 9000, 11250, 13875, 19688, 0, 0, 0, 0, 0, 0, 0, 0, 0, 0, 0, 0, 0, 0, 0, 0, 0, 0, 0, 0])
01-17 09:20:50.022   627  3892 D DlbDap2Process: setParam(iebs = #41[20, 65, 136, 223, 332, 467, 634, 841, 1098, 1416, 1812, 2302, 2909, 3663, 4598, 5756, 7194, 8976, 11186, 13927, 17326, 117, 133, 188, 176, 141, 149, 175, 185, 185, 200, 236, 242, 228, 213, 182, 132, 110, 68, -27, -240])
01-17 09:20:50.022   627  3892 D DlbDapEndpointParamCache: doCommit() Committed 8 parameters out of 16.
01-17 09:20:50.022   627  3892 D DlbDapEndpointParamCache: commit() Overriding parameters for current device 0x00000002
01-17 09:20:50.022   627  3892 D DlbDap2Process: setParam(dea = #1[7])
01-17 09:20:50.022   627  3892 D DlbDap2Process: setParam(dsa = #1[10])
01-17 09:20:50.022   627  3892 D DlbDap2Process: setParam(beb = #1[192])
01-17 09:20:50.022   627  3892 D DlbDap2Process: setParam(plb = #1[0])
01-17 09:20:50.023   627  3892 D DlbDap2Process: setParam(vmb = #1[144])
01-17 09:20:50.023   627  3892 D DlbDap2Process: setParam(dsb = #1[48])
01-17 09:20:50.023   627  3892 D DlbDap2Process: setParam(ded = #1[0])
01-17 09:20:50.023   627  3892 D DlbDap2Process: setParam(vbm = #1[3])
01-17 09:20:50.023   627  3892 D DlbDap2Process: setParam(bew = #1[16])
01-17 09:20:50.023   627  3892 D DlbDap2Process: setParam(dvla = #1[5])
01-17 09:20:50.023   627  3892 D DlbDap2Process: setParam(arra = #1[96])
01-17 09:20:50.023   627  3892 D DlbDap2Process: setParam(dfsa = #1[10])
01-17 09:20:50.023   627  3892 D DlbDap2Process: setParam(dhsa = #1[10])
01-17 09:20:50.023   627  3892 D DlbDap2Process: setParam(dvmc = #1[0])
01-17 09:20:50.023   627  3892 D DlbDap2Process: setParam(arod = #1[0])
01-17 09:20:50.023   627  3892 D DlbDap2Process: setParam(arde = #1[1])
01-17 09:20:50.023   627  3892 D DlbDap2Process: setParam(becf = #1[200])
01-17 09:20:50.023   627  3892 D DlbDap2Process: setParam(vbmf = #2[94, 469])
01-17 09:20:50.023   627  3892 D DlbDap2Process: setParam(vbsf = #2[35, 160])
01-17 09:20:50.023   627  3892 D DlbDap2Process: setParam(vbhg = #3[-32, -144, -192])
01-17 09:20:50.023   627  3892 D DlbDap2Process: setParam(vbog = #1[0])
01-17 09:20:50.023   627  3892 D DlbDap2Process: setParam(vbsg = #1[0])
01-17 09:20:50.023   627  3892 D DlbDap2Process: setParam(dvli = #1[-320])
01-17 09:20:50.023   627  3892 D DlbDap2Process: setParam(dhfm = #1[2])
01-17 09:20:50.023   627  3892 D DlbDap2Process: setParam(vbon = #1[1])
01-17 09:20:50.023   627  3892 D DlbDap2Process: setParam(beon = #1[1])
01-17 09:20:50.023   627  3892 D DlbDap2Process: setParam(aoon = #1[1])
01-17 09:20:50.023   627  3892 D DlbDap2Process: setParam(aron = #1[1])
01-17 09:20:50.023   627  3892 D DlbDap2Process: setParam(dvlo = #1[-320])
01-17 09:20:50.023   627  3892 D DlbDap2Process: setParam(artp = #1[12])
01-17 09:20:50.023   627  3892 D DlbDap2Process: setParam(aobs = #222[20, 10, 47, 141, 234, 328, 469, 656, 844, 1031, 1313, 1688, 2250, 3000, 3750, 4688, 5813, 7125, 9000, 11250, 13875, 19688, 0, 0, 0, 0, 0, 0, 0, 0, 0, 0, 0, 0, 0, 0, 0, 0, 0, 0, 0, 0, 0, 0, 0, 0, 0, 0, 0, 0, 0, 0, 0, 0, 0, 0, 0, 0, 0, 0, 0, 0, 0, 0, 0, 0, 0, 0, 0, 0, 0, 0, 0, 0, 0, 0, 0, 0, 0, 0, 0, 0, 0, 0, 0, 0, 0, 0, 0, 0, 0, 0, 0, 0, 0, 0, 0, 0, 0, 0, 0, 0, 0, 0, 0, 0, 0, 0, 0, 0, 0, 0, 0, 0, 0, 0, 0, 0, 0, 0, 0, 0, 0, 0, 0, 0, 0, 0, 0, 0, 0, 0, 0, 0, 0, 0, 0, 0, 0, 0, 0, 0, 0, 0, 0, 0, 0, 0, 0, 0, 0, 0, 0, 0, 0, 0, 0, 0, 0, 0, 0, 0, 0, 0, 0, 0, 0, 0, 0, 0, 0, 0, 0, 0, 0, 0, 0, 0, 0, 0, 0, 0, 0, 0, 0, 0, 0, 0, 0, 0, 0, 0, 0, 0, 0, 0, 0, 0, 0, 0, 0, 0, 0, 0, 0, 0, 0, 0, 0, 0, 0, 0, 0, 0, 0, 0, 0, 0, 0, 0, 0, 0])
01-17 09:20:50.023   627  3892 D DlbDap2Process: setParam(arbs = #81[20, 47, 141, 234, 328, 469, 656, 844, 1031, 1313, 1688, 2250, 3000, 3750, 4688, 5813, 7125, 9000, 11250, 13875, 19688, -192, -192, -192, -192, -192, -192, -192, -192, -192, -192, -192, -192, -192, -192, -192, -192, -192, -192, -192, -192, 0, 0, 0, 0, 0, 0, 0, 0, 0, 0, 0, 0, 0, 0, 0, 0, 0, 0, 0, 0, 0, 0, 0, 0, 0, 0, 0, 0, 0, 0, 0, 0, 0, 0, 0, 0, 0, 0, 0, 0])
01-17 09:20:50.023   627  3892 D DlbDapEndpointParamCache: doCommit() Committed 32 parameters out of 37.
01-17 09:20:50.060 29554 29554 D featureTest: receive broadcast , record log :0
01-17 09:20:50.121   627  3892 D DlbDap2Process: process() called [452500] times
01-17 09:20:50.121   627  3892 D DlbDapCrossfadeProcess: process transitioning from FADE_TO_BYPASS state to DAP_BYPASSED
01-17 09:20:50.123 29554 29554 D featureTest: receive broadcast , playing content location :/sdcard/featureTest/stereo_dd_25fps_channel_id.m4a
01-17 09:20:50.126   710   710 D NuPlayerDriver: stop(0xe6bcb380)
01-17 09:20:50.126   710   710 D NuPlayerDriver: notifyListener_l(0xe6bcb380), (8, 0, 0, -1), loop setting(0, 1)
01-17 09:20:50.127   710   710 D NuPlayerDriver: reset(0xe6bcb380) at state 8
01-17 09:20:50.131   717 20091 I DDP_JOCDecoder: -> ~DDPDecoder
01-17 09:20:50.131   717 20091 I DDP_JOCDecoder: -> stop
01-17 09:20:50.132   645   645 I DMSService: unregisterClient type = 4, uid = e7f0fb20
01-17 09:20:50.141   627  3892 I DlbDapCrossfadeProcess: reset()
01-17 09:20:50.141   627  3892 I DlbDap2Process: close()
01-17 09:20:50.141   627  3892 I DlbDap2Process: init()
01-17 09:20:50.141   627  3892 I DlbDap2Process: open()
01-17 09:20:50.142   627  3892 I DlbDap2Process: loadLicense() no license check!
01-17 09:20:50.142   627  3892 I DlbDap2Process: validateLicense() no license check!
01-17 09:20:50.142   627  3892 I DlbDap2Process: init() DAP opened
01-17 09:20:50.142   627  3892 I DlbDap2Process: DAP library version: 2.5.1-P2.0
01-17 09:20:50.142   627  3892 D DlbDap2Process: DAP output mode set to 1 with 2 output channels and null mix matrix.
01-17 09:20:50.142   627  3892 D DlbDapEndpointParamCache: commitAllParams()
01-17 09:20:50.142   627  3892 D DlbDapEndpointParamCache: commit() Applying parameters for device 0x40000000
01-17 09:20:50.142   627  3892 D DlbDap2Process: setParam(iea = #1[10])
01-17 09:20:50.142   627  3892 D DlbDap2Process: setParam(msce = #1[0])
01-17 09:20:50.142   627  3892 D DlbDap2Process: setParam(mdee = #1[0])
01-17 09:20:50.142   627  3892 D DlbDap2Process: setParam(miee = #1[0])
01-17 09:20:50.142   627  3892 D DlbDap2Process: setParam(mdle = #1[0])
01-17 09:20:50.142   627  3892 D DlbDap2Process: setParam(dvle = #1[0])
01-17 09:20:50.142   627  3892 D DlbDap2Process: setParam(mave = #1[0])
01-17 09:20:50.142   627  3892 D DlbDap2Process: setParam(vcbf = #20[47, 141, 234, 328, 469, 656, 844, 1031, 1313, 1688, 2250, 3000, 3750, 4688, 5813, 7125, 9000, 11250, 13875, 19688])
01-17 09:20:50.142   627  3892 D DlbDap2Process: setParam(preg = #1[-666])
01-17 09:20:50.142   627  3892 D DlbDap2Process: setParam(vbon = #1[1])
01-17 09:20:50.142   627  3892 D DlbDap2Process: setParam(beon = #1[1])
01-17 09:20:50.142   627  3892 D DlbDap2Process: setParam(geon = #1[0])
01-17 09:20:50.142   627  3892 D DlbDap2Process: setParam(ieon = #1[0])
01-17 09:20:50.142   627  3892 D DlbDap2Process: setParam(gebs = #41[20, 47, 141, 234, 328, 469, 656, 844, 1031, 1313, 1688, 2250, 3000, 3750, 4688, 5813, 7125, 9000, 11250, 13875, 19688, 0, 0, 0, 0, 0, 0, 0, 0, 0, 0, 0, 0, 0, 0, 0, 0, 0, 0, 0, 0])
01-17 09:20:50.142   627  3892 D DlbDap2Process: setParam(iebs = #41[20, 65, 136, 223, 332, 467, 634, 841, 1098, 1416, 1812, 2302, 2909, 3663, 4598, 5756, 7194, 8976, 11186, 13927, 17326, 117, 133, 188, 176, 141, 149, 175, 185, 185, 200, 236, 242, 228, 213, 182, 132, 110, 68, -27, -240])
01-17 09:20:50.142   627  3892 D DlbDapEndpointParamCache: doCommit() Committed 16 parameters out of 16.
01-17 09:20:50.142   627  3892 D DlbDapEndpointParamCache: commit() Overriding parameters for current device 0x00000002
01-17 09:20:50.142   627  3892 D DlbDap2Process: setParam(dea = #1[7])
01-17 09:20:50.142   627  3892 D DlbDap2Process: setParam(dsa = #1[10])
01-17 09:20:50.142   627  3892 D DlbDap2Process: setParam(beb = #1[192])
01-17 09:20:50.142   627  3892 D DlbDap2Process: setParam(plb = #1[0])
01-17 09:20:50.142   627  3892 D DlbDap2Process: setParam(vmb = #1[144])
01-17 09:20:50.143   627  3892 D DlbDap2Process: setParam(dsb = #1[48])
01-17 09:20:50.143   627  3892 D DlbDap2Process: setParam(ded = #1[0])
01-17 09:20:50.143   627  3892 D DlbDap2Process: setParam(vbm = #1[3])
01-17 09:20:50.143   627  3892 D DlbDap2Process: setParam(dom = #1[0])
01-17 09:20:50.143   627  3892 D DlbDap2Process: setParam(bew = #1[16])
01-17 09:20:50.143   627  3892 D DlbDap2Process: setParam(dvla = #1[5])
01-17 09:20:50.143   627  3892 D DlbDap2Process: setParam(arra = #1[96])
01-17 09:20:50.143   627  3892 D DlbDap2Process: setParam(dfsa = #1[10])
01-17 09:20:50.143   627  3892 D DlbDap2Process: setParam(dhsa = #1[10])
01-17 09:20:50.143   627  3892 D DlbDap2Process: setParam(dvmc = #1[0])
01-17 09:20:50.143   627  3892 D DlbDap2Process: setParam(arod = #1[0])
01-17 09:20:50.143   627  3892 D DlbDap2Process: setParam(arde = #1[1])
01-17 09:20:50.143   627  3892 D DlbDap2Process: setParam(dvle = #1[0])
01-17 09:20:50.143   627  3892 D DlbDap2Process: setParam(dvme = #1[0])
01-17 09:20:50.143   627  3892 D DlbDap2Process: setParam(becf = #1[200])
01-17 09:20:50.143   627  3892 D DlbDap2Process: setParam(vbmf = #2[94, 469])
01-17 09:20:50.143   627  3892 D DlbDap2Process: setParam(vbsf = #2[35, 160])
01-17 09:20:50.143   627  3892 D DlbDap2Process: setParam(vbhg = #3[-32, -144, -192])
01-17 09:20:50.143   627  3892 D DlbDap2Process: setParam(vbog = #1[0])
01-17 09:20:50.143   627  3892 D DlbDap2Process: setParam(vbsg = #1[0])
01-17 09:20:50.143   627  3892 D DlbDap2Process: setParam(dvli = #1[-320])
01-17 09:20:50.143   627  3892 D DlbDap2Process: setParam(dhfm = #1[2])
01-17 09:20:50.143   627  3892 D DlbDap2Process: setParam(vbon = #1[1])
01-17 09:20:50.143   627  3892 D DlbDap2Process: setParam(beon = #1[1])
01-17 09:20:50.143   627  3892 D DlbDap2Process: setParam(deon = #1[0])
01-17 09:20:50.143   627  3892 D DlbDap2Process: setParam(ngon = #1[0])
01-17 09:20:50.143   627  3892 D DlbDap2Process: setParam(aoon = #1[1])
01-17 09:20:50.143   627  3892 D DlbDap2Process: setParam(aron = #1[1])
01-17 09:20:50.143   627  3892 D DlbDap2Process: setParam(dvlo = #1[-320])
01-17 09:20:50.143   627  3892 D DlbDap2Process: setParam(artp = #1[12])
01-17 09:20:50.144   627  3892 D DlbDap2Process: setParam(aobs = #222[20, 10, 47, 141, 234, 328, 469, 656, 844, 1031, 1313, 1688, 2250, 3000, 3750, 4688, 5813, 7125, 9000, 11250, 13875, 19688, 0, 0, 0, 0, 0, 0, 0, 0, 0, 0, 0, 0, 0, 0, 0, 0, 0, 0, 0, 0, 0, 0, 0, 0, 0, 0, 0, 0, 0, 0, 0, 0, 0, 0, 0, 0, 0, 0, 0, 0, 0, 0, 0, 0, 0, 0, 0, 0, 0, 0, 0, 0, 0, 0, 0, 0, 0, 0, 0, 0, 0, 0, 0, 0, 0, 0, 0, 0, 0, 0, 0, 0, 0, 0, 0, 0, 0, 0, 0, 0, 0, 0, 0, 0, 0, 0, 0, 0, 0, 0, 0, 0, 0, 0, 0, 0, 0, 0, 0, 0, 0, 0, 0, 0, 0, 0, 0, 0, 0, 0, 0, 0, 0, 0, 0, 0, 0, 0, 0, 0, 0, 0, 0, 0, 0, 0, 0, 0, 0, 0, 0, 0, 0, 0, 0, 0, 0, 0, 0, 0, 0, 0, 0, 0, 0, 0, 0, 0, 0, 0, 0, 0, 0, 0, 0, 0, 0, 0, 0, 0, 0, 0, 0, 0, 0, 0, 0, 0, 0, 0, 0, 0, 0, 0, 0, 0, 0, 0, 0, 0, 0, 0, 0, 0, 0, 0, 0, 0, 0, 0, 0, 0, 0, 0, 0, 0, 0, 0, 0, 0])
01-17 09:20:50.144   627  3892 D DlbDap2Process: setParam(arbs = #81[20, 47, 141, 234, 328, 469, 656, 844, 1031, 1313, 1688, 2250, 3000, 3750, 4688, 5813, 7125, 9000, 11250, 13875, 19688, -192, -192, -192, -192, -192, -192, -192, -192, -192, -192, -192, -192, -192, -192, -192, -192, -192, -192, -192, -192, 0, 0, 0, 0, 0, 0, 0, 0, 0, 0, 0, 0, 0, 0, 0, 0, 0, 0, 0, 0, 0, 0, 0, 0, 0, 0, 0, 0, 0, 0, 0, 0, 0, 0, 0, 0, 0, 0, 0, 0])
01-17 09:20:50.144   627  3892 D DlbDapEndpointParamCache: doCommit() Committed 37 parameters out of 37.
01-17 09:20:50.144   627  3892 D DlbDapCrossfadeProcess: setEnabled transitioning from DAP_BYPASSED state to PREROLL_ACTIVE
01-17 09:20:50.167   717 20091 I DDP_JOCDecoder: <- stop
01-17 09:20:50.167   717 20091 I ARenderer: ~ARenderer
01-17 09:20:50.167   717 20091 I evo_parser: evo_parser_close
01-17 09:20:50.167   717 20091 I DlbDap2QmfProcess: ~Dap2Process()
01-17 09:20:50.167   717 20091 I DlbDap2QmfProcess: close()
01-17 09:20:50.168   717 20091 I DDP_JOCDecoder: <- ~DDPDecoder
01-17 09:20:50.172   627  3892 I DlbEffectContext: setContentProcEnabled() Enabling content processing in global effect
01-17 09:20:50.173   627  3892 D DlbDapEndpointParamCache: commitChangedParams()
01-17 09:20:50.173   627  3892 D DlbDapEndpointParamCache: commit() Applying parameters for device 0x40000000
01-17 09:20:50.173   627  3892 D DlbDap2Process: setParam(iea = #1[10])
01-17 09:20:50.173   627  3892 D DlbDap2Process: setParam(msce = #1[0])
01-17 09:20:50.173   627  3892 D DlbDap2Process: setParam(mdee = #1[0])
01-17 09:20:50.173   627  3892 D DlbDap2Process: setParam(miee = #1[0])
01-17 09:20:50.173   627  3892 D DlbDap2Process: setParam(mdle = #1[0])
01-17 09:20:50.173   627  3892 D DlbDap2Process: setParam(dvle = #1[1])
01-17 09:20:50.173   627  3892 D DlbDap2Process: setParam(mave = #1[0])
01-17 09:20:50.173   627  3892 D DlbDap2Process: setParam(vcbf = #20[47, 141, 234, 328, 469, 656, 844, 1031, 1313, 1688, 2250, 3000, 3750, 4688, 5813, 7125, 9000, 11250, 13875, 19688])
01-17 09:20:50.173   627  3892 D DlbDap2Process: setParam(vbon = #1[1])
01-17 09:20:50.173   627  3892 D DlbDap2Process: setParam(beon = #1[1])
01-17 09:20:50.173   627  3892 D DlbDap2Process: setParam(geon = #1[0])
01-17 09:20:50.173   627  3892 D DlbDap2Process: setParam(ieon = #1[0])
01-17 09:20:50.173   627  3892 D DlbDap2Process: setParam(gebs = #41[20, 47, 141, 234, 328, 469, 656, 844, 1031, 1313, 1688, 2250, 3000, 3750, 4688, 5813, 7125, 9000, 11250, 13875, 19688, 0, 0, 0, 0, 0, 0, 0, 0, 0, 0, 0, 0, 0, 0, 0, 0, 0, 0, 0, 0])
01-17 09:20:50.173   627  3892 D DlbDap2Process: setParam(iebs = #41[20, 65, 136, 223, 332, 467, 634, 841, 1098, 1416, 1812, 2302, 2909, 3663, 4598, 5756, 7194, 8976, 11186, 13927, 17326, 117, 133, 188, 176, 141, 149, 175, 185, 185, 200, 236, 242, 228, 213, 182, 132, 110, 68, -27, -240])
01-17 09:20:50.173   627  3892 D DlbDapEndpointParamCache: doCommit() Committed 15 parameters out of 16.
01-17 09:20:50.173   627  3892 D DlbDapEndpointParamCache: commit() Overriding parameters for current device 0x00000002
01-17 09:20:50.173   627  3892 D DlbDap2Process: setParam(dea = #1[7])
01-17 09:20:50.173   627  3892 D DlbDap2Process: setParam(dsa = #1[10])
01-17 09:20:50.173   627  3892 D DlbDap2Process: setParam(beb = #1[192])
01-17 09:20:50.173   627  3892 D DlbDap2Process: setParam(plb = #1[0])
01-17 09:20:50.173   627  3892 D DlbDap2Process: setParam(vmb = #1[144])
01-17 09:20:50.173   627  3892 D DlbDap2Process: setParam(dsb = #1[48])
01-17 09:20:50.173   627  3892 D DlbDap2Process: setParam(ded = #1[0])
01-17 09:20:50.173   627  3892 D DlbDap2Process: setParam(vbm = #1[3])
01-17 09:20:50.173   627  3892 D DlbDap2Process: setParam(dom = #1[0])
01-17 09:20:50.173   627  3892 D DlbDap2Process: setParam(bew = #1[16])
01-17 09:20:50.173   627  3892 D DlbDap2Process: setParam(dvla = #1[5])
01-17 09:20:50.173   627  3892 D DlbDap2Process: setParam(arra = #1[96])
01-17 09:20:50.173   627  3892 D DlbDap2Process: setParam(dfsa = #1[10])
01-17 09:20:50.173   627  3892 D DlbDap2Process: setParam(dhsa = #1[10])
01-17 09:20:50.173   627  3892 D DlbDap2Process: setParam(dvmc = #1[0])
01-17 09:20:50.173   627  3892 D DlbDap2Process: setParam(arod = #1[0])
01-17 09:20:50.173   627  3892 D DlbDap2Process: setParam(arde = #1[1])
01-17 09:20:50.174   627  3892 D DlbDap2Process: setParam(dvle = #1[1])
01-17 09:20:50.174   627  3892 D DlbDap2Process: setParam(dvme = #1[0])
01-17 09:20:50.174   627  3892 D DlbDap2Process: setParam(becf = #1[200])
01-17 09:20:50.174   627  3892 D DlbDap2Process: setParam(vbmf = #2[94, 469])
01-17 09:20:50.174   627  3892 D DlbDap2Process: setParam(vbsf = #2[35, 160])
01-17 09:20:50.174   627  3892 D DlbDap2Process: setParam(vbhg = #3[-32, -144, -192])
01-17 09:20:50.174   627  3892 D DlbDap2Process: setParam(vbog = #1[0])
01-17 09:20:50.174   627  3892 D DlbDap2Process: setParam(vbsg = #1[0])
01-17 09:20:50.174   627  3892 D DlbDap2Process: setParam(dvli = #1[-320])
01-17 09:20:50.174   627  3892 D DlbDap2Process: setParam(dhfm = #1[2])
01-17 09:20:50.174   627  3892 D DlbDap2Process: setParam(vbon = #1[1])
01-17 09:20:50.174   627  3892 D DlbDap2Process: setParam(beon = #1[1])
01-17 09:20:50.174   627  3892 D DlbDap2Process: setParam(deon = #1[0])
01-17 09:20:50.174   627  3892 D DlbDap2Process: setParam(ngon = #1[1])
01-17 09:20:50.174   627  3892 D DlbDap2Process: setParam(aoon = #1[1])
01-17 09:20:50.174   627  3892 D DlbDap2Process: setParam(aron = #1[1])
01-17 09:20:50.174   627  3892 D DlbDap2Process: setParam(dvlo = #1[-320])
01-17 09:20:50.174   627  3892 D DlbDap2Process: setParam(artp = #1[12])
01-17 09:20:50.174   627  3892 D DlbDap2Process: setParam(aobs = #222[20, 10, 47, 141, 234, 328, 469, 656, 844, 1031, 1313, 1688, 2250, 3000, 3750, 4688, 5813, 7125, 9000, 11250, 13875, 19688, 0, 0, 0, 0, 0, 0, 0, 0, 0, 0, 0, 0, 0, 0, 0, 0, 0, 0, 0, 0, 0, 0, 0, 0, 0, 0, 0, 0, 0, 0, 0, 0, 0, 0, 0, 0, 0, 0, 0, 0, 0, 0, 0, 0, 0, 0, 0, 0, 0, 0, 0, 0, 0, 0, 0, 0, 0, 0, 0, 0, 0, 0, 0, 0, 0, 0, 0, 0, 0, 0, 0, 0, 0, 0, 0, 0, 0, 0, 0, 0, 0, 0, 0, 0, 0, 0, 0, 0, 0, 0, 0, 0, 0, 0, 0, 0, 0, 0, 0, 0, 0, 0, 0, 0, 0, 0, 0, 0, 0, 0, 0, 0, 0, 0, 0, 0, 0, 0, 0, 0, 0, 0, 0, 0, 0, 0, 0, 0, 0, 0, 0, 0, 0, 0, 0, 0, 0, 0, 0, 0, 0, 0, 0, 0, 0, 0, 0, 0, 0, 0, 0, 0, 0, 0, 0, 0, 0, 0, 0, 0, 0, 0, 0, 0, 0, 0, 0, 0, 0, 0, 0, 0, 0, 0, 0, 0, 0, 0, 0, 0, 0, 0, 0, 0, 0, 0, 0, 0, 0, 0, 0, 0, 0, 0, 0, 0, 0, 0, 0, 0])
01-17 09:20:50.174   627  3892 D DlbDap2Process: setParam(arbs = #81[20, 47, 141, 234, 328, 469, 656, 844, 1031, 1313, 1688, 2250, 3000, 3750, 4688, 5813, 7125, 9000, 11250, 13875, 19688, -192, -192, -192, -192, -192, -192, -192, -192, -192, -192, -192, -192, -192, -192, -192, -192, -192, -192, -192, -192, 0, 0, 0, 0, 0, 0, 0, 0, 0, 0, 0, 0, 0, 0, 0, 0, 0, 0, 0, 0, 0, 0, 0, 0, 0, 0, 0, 0, 0, 0, 0, 0, 0, 0, 0, 0, 0, 0, 0, 0])
01-17 09:20:50.174   627  3892 D DlbDapEndpointParamCache: doCommit() Committed 37 parameters out of 37.
01-17 09:20:50.175   627  3892 D DlbDap2Process: setMave(mave = 0)
01-17 09:20:50.175   710 29579 D NuPlayerDriver: notifyResetComplete(0xe6bcb380)
01-17 09:20:50.175   710   710 D NuPlayerDriver: reset(0xe6bcb380) at state 0
01-17 09:20:50.181 29554 29554 D featureTest: mMediaPlayer.getAudioSessionId(): 5345
01-17 09:20:50.181 29554 29554 D featureTest: Playing file: /sdcard/featureTest/stereo_dd_25fps_channel_id.m4a
01-17 09:20:50.181   710   710 D NuPlayerDriver: NuPlayerDriver(0xe6bcb460) created, clientPid(29554)
01-17 09:20:50.197   710 29611 D NuPlayerDriver: notifyListener_l(0xe6bcb460), (1, 0, 0, -1), loop setting(0, 0)
01-17 09:20:50.201   710   710 D NuPlayerDriver: start(0xe6bcb460), state is 4, eos is 0
01-17 09:20:50.207   627  3892 D DlbDapCrossfadeProcess: process transitioning from PREROLL_ACTIVE state to FADE_TO_ACTIVE
01-17 09:20:50.208 29554 29554 D featureTest: receive broadcast , change ds status :1
01-17 09:20:50.211   717  1650 I OMXMaster: makeComponentInstance(OMX.dolby.ac3.decoder) in omx@1.0-service process
01-17 09:20:50.216   684  1056 D AudioFlinger: trackStateChanged() Track id 717 state changed to 2
01-17 09:20:50.216   684  1056 I AudioFlinger: updateProcessedAudioState() Changing content processing in effect to 0
01-17 09:20:50.217   627  6441 D DlbDlbEffect: handle_EFFECT_CMD_SET_PARAM()
01-17 09:20:50.220   627  6441 D DlbDlbEffect: handle_EFFECT_CMD_SET_PARAM()
01-17 09:20:50.228   684  1056 D AudioFlinger: trackDestroyed() Track id 717 no longer contains processed audio
01-17 09:20:50.229   684   928 W AudioFlinger::EffectModule: EffectModule 0xee09e380 destructor called with unreleased interface
01-17 09:20:50.229   684   928 W AudioFlinger::EffectHandle: disconnect Effect handle 0xee531e00 disconnected after thread destruction
01-17 09:20:50.251   717  1650 I DDP_JOCDecoder: -> init name OMX.dolby.ac3.decoder
01-17 09:20:50.253   645   645 I DMSService: registerClient type = 0, uid = e7f0fb20
01-17 09:20:50.253   717  1650 I DDP_JOCDecoder: <- init
01-17 09:20:50.253   717  1650 D DDP_JOCDecoder: initPorts
01-17 09:20:50.254   710 29617 I ACodec  : codec does not support config priority (err -2147483648)
01-17 09:20:50.255   710 29617 I MediaCodec: MediaCodec will operate in async mode
01-17 09:20:50.255   710 29617 I ACodec  : setDolbyParameterOnProcessedAudio() Received dolby_processed_audio=1
01-17 09:20:50.255   710 29616 I NuPlayerDecoder: setDolbyMessage() Notifying player that Codec supports dolby_processed_audio flag
01-17 09:20:50.255   710 29611 I NuPlayer: onDolbyMessageReceived() Setting dolby_processed_audio flag on audio sink
01-17 09:20:50.256   645   645 I DMSService: unregisterClient type = 0, uid = e7f0fb20
01-17 09:20:50.276 29554 29554 D featureTest: receive broadcast , change ds profile id :5
01-17 09:20:50.285   627   627 D DlbDlbEffect: handle_EFFECT_CMD_SET_PARAM()
01-17 09:20:50.287   645   645 I DMSService: registerClient type = 4, uid = e7f0faf0
01-17 09:20:50.287   717 20091 D DDP_JOCDecoder: internalSetParameter() Instantiating ARenderer for content processing in decoder
01-17 09:20:50.287   717 20091 I DlbDap2QmfProcess: Dap2Process()
01-17 09:20:50.287   717 20091 I ARenderer: ARenderer
01-17 09:20:50.287   717 20091 I evo_parser: evo_parser_init
01-17 09:20:50.287   717 20091 I DlbDap2QmfProcess: init()
01-17 09:20:50.287   717 20091 I DlbDap2QmfProcess: open()
01-17 09:20:50.288   717 20091 I DlbDap2QmfProcess: loadLicense() no license check!
01-17 09:20:50.288   717 20091 I DlbDap2QmfProcess: validateLicense() no license check!
01-17 09:20:50.288   717 20091 I DlbDap2QmfProcess: init() DAP opened
01-17 09:20:50.288   717 20091 I DlbDap2QmfProcess: DAP library version: 2.5.1-P2.0
01-17 09:20:50.288   717 20091 D DlbDap2QmfProcess: DAP output mode set to 1 with 2 output channels and null mix matrix.
01-17 09:20:50.288   710 29617 I ACodec  : setDolbyParameterOnProcessedAudio() Content processing enabled in decoder
01-17 09:20:50.296   627  3892 I DlbEffectContext: setContentProcEnabled() Disabling content processing in effect
01-17 09:20:50.296   627  3892 D DlbDapEndpointParamCache: commitChangedParams()
01-17 09:20:50.296   627  3892 D DlbDapEndpointParamCache: commit() Applying parameters for device 0x40000000
01-17 09:20:50.296   627  3892 D DlbDap2Process: setParam(msce = #1[0])
01-17 09:20:50.296   627  3892 D DlbDap2Process: setParam(mdee = #1[0])
01-17 09:20:50.296   627  3892 D DlbDap2Process: setParam(miee = #1[0])
01-17 09:20:50.296   627  3892 D DlbDap2Process: setParam(mdle = #1[0])
01-17 09:20:50.296   627  3892 D DlbDap2Process: setParam(dvle = #1[0])
01-17 09:20:50.296   627  3892 D DlbDap2Process: setParam(mave = #1[0])
01-17 09:20:50.296   627  3892 D DlbDap2Process: setParam(ieon = #1[0])
01-17 09:20:50.296   627  3892 D DlbDapEndpointParamCache: doCommit() Committed 7 parameters out of 16.
01-17 09:20:50.296   627  3892 D DlbDapEndpointParamCache: commit() Overriding parameters for current device 0x00000002
01-17 09:20:50.296   627  3892 D DlbDap2Process: setParam(dom = #1[0])
01-17 09:20:50.296   627  3892 D DlbDap2Process: setParam(dvle = #1[0])
01-17 09:20:50.296   627  3892 D DlbDap2Process: setParam(dvme = #1[0])
01-17 09:20:50.296   627  3892 D DlbDap2Process: setParam(deon = #1[0])
01-17 09:20:50.296   627  3892 D DlbDap2Process: setParam(ngon = #1[0])
01-17 09:20:50.296   627  3892 D DlbDapEndpointParamCache: doCommit() Committed 5 parameters out of 37.
01-17 09:20:50.297   627  3892 D DlbDap2Process: setMave(mave = 0)
01-17 09:20:50.300   717 29620 I DDP_JOCDecoder: -> start
01-17 09:20:50.300   717 29620 D DDP_JOCDecoder: Setting Max Output Channels to 2
01-17 09:20:50.300   717 29620 D DDP_JOCDecoder: setMultiChannelPCMOutDownmix mConfig->jocForceDownmixMode 1
01-17 09:20:50.301   717 29620 I udc_user: 
01-17 09:20:50.301   717 29620 I udc_user: *** DDPlus Unified Decoder Simulation  Version 1.7.3 ***
01-17 09:20:50.301   717 29620 I udc_user: 
01-17 09:20:50.301   717 29620 I udc_user: 7.1-channel decoder-converter, 
01-17 09:20:50.301   717 29620 I udc_user: 
01-17 09:20:50.301   717 29620 I udc_user: 5.1-channel dual-decoder-converter, 
01-17 09:20:50.301   717 29620 I udc_user: Karaoke unsupported, 
01-17 09:20:50.301   717 29620 I udc_user: TPNP supported. 
01-17 09:20:50.301   717 29620 I udc_user: 
01-17 09:20:50.301   717 29620 I udc_user: Unpublished work.  Copyright 2003-2014 Dolby Laboratories, Inc. and
01-17 09:20:50.301   717 29620 I udc_user: Dolby Laboratories Licensing Corporation.  All Rights Reserved.
01-17 09:20:50.301   717 29620 I udc_user: 
01-17 09:20:50.301   717 29620 I udc_user: USE OF THIS SOFTWARE IS SUBJECT TO A LEGAL AGREEMENT BETWEEN YOU AND DOLBY
01-17 09:20:50.301   717 29620 I udc_user: LABORATORIES. DO NOT USE THIS SOFTWARE UNLESS YOU AGREE TO THE TERMS AND 
01-17 09:20:50.301   717 29620 I udc_user: CONDITIONS IN THE AGREEMENT.  BY USING THIS SOFTWARE, YOU ACKNOWLEDGE THAT 
01-17 09:20:50.301   717 29620 I udc_user: YOU HAVE READ THE AGREEMENT AND THAT YOU AGREE TO BE BOUND BY ITS TERMS. 
01-17 09:20:50.301   717 29620 I udc_user: 
01-17 09:20:50.302   717 29620 I ddpdec_client_joc: ddpdec_open JOCD_MODE Buffer assignment
01-17 09:20:50.302   717 29620 D DDP_JOCDecoder: mStarted = 1
01-17 09:20:50.302   717 29620 I DDP_JOCDecoder: <- start
01-17 09:20:50.302   717 29620 D ddpdec_client_joc: ddpdec_client.c|int configDecoder()
01-17 09:20:50.304   717 29620 D DDP_JOCDecoder: Setting Max Output Channels to 2
01-17 09:20:50.305   717 29620 I DlbDap2QmfProcess: close()
01-17 09:20:50.305   717 29620 I DlbDap2QmfProcess: init()
01-17 09:20:50.305   717 29620 I DlbDap2QmfProcess: open()
01-17 09:20:50.305   717 29620 I DlbDap2QmfProcess: loadLicense() no license check!
01-17 09:20:50.306   717 29620 I DlbDap2QmfProcess: validateLicense() no license check!
01-17 09:20:50.306   717 29620 I DlbDap2QmfProcess: init() DAP opened
01-17 09:20:50.306   717 29620 I DlbDap2QmfProcess: DAP library version: 2.5.1-P2.0
01-17 09:20:50.306   717 29620 D DlbDap2QmfProcess: DAP output mode set to 1 with 2 output channels and null mix matrix.
01-17 09:20:50.306   717 29620 D ARenderer: checkAndUpdateConfig: DAP reinitialized because of sample rate change
01-17 09:20:50.306   717 29620 D ARenderer: updateDapConfig: Updating DAP configuration
01-17 09:20:50.306   717 29620 D DlbDap2QmfProcess: setParam(iea = #1[10])
01-17 09:20:50.306   717 29620 D DlbDap2QmfProcess: setParam(msce = #1[0])
01-17 09:20:50.306   717 29620 D DlbDap2QmfProcess: setParam(mdee = #1[0])
01-17 09:20:50.306   717 29620 D DlbDap2QmfProcess: setParam(miee = #1[0])
01-17 09:20:50.306   717 29620 D DlbDap2QmfProcess: setParam(mdle = #1[0])
01-17 09:20:50.306   717 29620 D DlbDap2QmfProcess: setParam(dvle = #1[1])
01-17 09:20:50.306   717 29620 D DlbDap2QmfProcess: setParam(mave = #1[0])
01-17 09:20:50.306   717 29620 D DlbDap2QmfProcess: setParam(vcbf = #20[47, 141, 234, 328, 469, 656, 844, 1031, 1313, 1688, 2250, 3000, 3750, 4688, 5813, 7125, 9000, 11250, 13875, 19688])
01-17 09:20:50.306   717 29620 D DlbDap2QmfProcess: setParam(ieon = #1[0])
01-17 09:20:50.306   717 29620 D DlbDap2QmfProcess: setParam(gebs = #41[20, 47, 141, 234, 328, 469, 656, 844, 1031, 1313, 1688, 2250, 3000, 3750, 4688, 5813, 7125, 9000, 11250, 13875, 19688, 0, 0, 0, 0, 0, 0, 0, 0, 0, 0, 0, 0, 0, 0, 0, 0, 0, 0, 0, 0])
01-17 09:20:50.306   717 29620 D DlbDap2QmfProcess: setParam(iebs = #41[20, 65, 136, 223, 332, 467, 634, 841, 1098, 1416, 1812, 2302, 2909, 3663, 4598, 5756, 7194, 8976, 11186, 13927, 17326, 117, 133, 188, 176, 141, 149, 175, 185, 185, 200, 236, 242, 228, 213, 182, 132, 110, 68, -27, -240])
