01-17 09:21:29.058   710  1419 D NuPlayerDriver: reset(0xe6bcba80) at state 5
01-17 09:21:29.063   710  1419 D NuPlayerDriver: notifyListener_l(0xe6bcba80), (8, 0, 0, -1), loop setting(0, 1)
01-17 09:21:29.081   710 29858 D NuPlayerDriver: notifyResetComplete(0xe6bcba80)
01-17 09:21:29.082   710  1419 D AudioTrack: stop() called with 0 frames delivered
01-17 09:21:29.196   684   928 W AudioFlinger::EffectModule: EffectModule 0xed0e1d80 destructor called with unreleased interface
01-17 09:21:29.196   684   928 W AudioFlinger::EffectHandle: disconnect Effect handle 0xee163680 disconnected after thread destruction
01-17 09:21:29.196   627   627 D DlbDlbEffect: handle_EFFECT_CMD_DISABLE()
01-17 09:21:29.197   627   627 D DlbDapCrossfadeProcess: setEnabled transitioning from DAP_ACTIVE state to FADE_TO_BYPASS
01-17 09:21:29.198   627   627 D DlbDlbEffect: handle_EFFECT_CMD_SET_CONFIG()
01-17 09:21:29.198   627   627 D DlbDapEndpointParamCache: setDevice(device=0x00000002)
01-17 09:21:29.198   645   645 D DMSService: setActiveDevice called with device = 0x2
01-17 09:21:29.199   627  4939 D DlbDlbEffect: handle_EFFECT_CMD_ENABLE()
01-17 09:21:29.199   627  4939 D DlbDapCrossfadeProcess: setEnabled transitioning from FADE_TO_BYPASS state to FADE_TO_ACTIVE
01-17 09:21:29.314 29906 29906 D featureTest: onCreate
01-17 09:21:29.318 29906 29906 D AudioTrack: Client defaulted notificationFrames to 962 for frameCount 1924
01-17 09:21:29.320 29906 29906 W AudioTrack: Use of stream types is deprecated for operations other than volume control
01-17 09:21:29.321 29906 29906 W AudioTrack: See the documentation of AudioTrack() for what to use instead with android.media.AudioAttributes to qualify your playback use case
01-17 09:21:29.333 29906 29906 D featureTest: onResume
01-17 09:21:30.193 29906 29906 D featureTest: receive broadcast , playing content location :/sdcard/featureTest/7ch_ddp_25fps_diff_music_01.mp4
01-17 09:21:30.203 29906 29906 D featureTest: mMediaPlayer.getAudioSessionId(): 5417
01-17 09:21:30.204 29906 29906 D featureTest: Playing file: /sdcard/featureTest/7ch_ddp_25fps_diff_music_01.mp4
01-17 09:21:30.206   710  1419 D NuPlayerDriver: NuPlayerDriver(0xe6bcba80) created, clientPid(29906)
01-17 09:21:30.222   710 29932 D NuPlayerDriver: notifyListener_l(0xe6bcba80), (1, 0, 0, -1), loop setting(0, 0)
01-17 09:21:30.229   710  1419 D NuPlayerDriver: start(0xe6bcba80), state is 4, eos is 0
01-17 09:21:30.239   717  1650 I OMXMaster: makeComponentInstance(OMX.dolby.eac3.decoder) in omx@1.0-service process
01-17 09:21:30.253 29906 29906 D featureTest: receive broadcast , change ds status :1
01-17 09:21:30.264   627   627 D DlbDlbEffect: handle_EFFECT_CMD_SET_PARAM()
01-17 09:21:30.270   717  1650 I DDP_JOCDecoder: -> init name OMX.dolby.eac3.decoder
01-17 09:21:30.272   645   645 I DMSService: registerClient type = 0, uid = e7f0fb40
01-17 09:21:30.272   717  1650 I DDP_JOCDecoder: <- init
01-17 09:21:30.272   717  1650 D DDP_JOCDecoder: initPorts
01-17 09:21:30.273   710 29940 I ACodec  : codec does not support config priority (err -2147483648)
01-17 09:21:30.274   710 29940 I MediaCodec: MediaCodec will operate in async mode
01-17 09:21:30.274   710 29940 I ACodec  : setDolbyParameterOnProcessedAudio() Received dolby_processed_audio=1
01-17 09:21:30.274   710 29939 I NuPlayerDecoder: setDolbyMessage() Notifying player that Codec supports dolby_processed_audio flag
01-17 09:21:30.274   710 29932 I NuPlayer: onDolbyMessageReceived() Setting dolby_processed_audio flag on audio sink
01-17 09:21:30.274   645   645 I DMSService: unregisterClient type = 0, uid = e7f0fb40
01-17 09:21:30.304   645   645 I DMSService: registerClient type = 4, uid = e7f0fb50
01-17 09:21:30.304   717 21044 D DDP_JOCDecoder: internalSetParameter() Instantiating ARenderer for content processing in decoder
01-17 09:21:30.304   717 21044 I DlbDap2QmfProcess: Dap2Process()
01-17 09:21:30.304   717 21044 I ARenderer: ARenderer
01-17 09:21:30.304   717 21044 I evo_parser: evo_parser_init
01-17 09:21:30.304   717 21044 I DlbDap2QmfProcess: init()
01-17 09:21:30.304   717 21044 I DlbDap2QmfProcess: open()
01-17 09:21:30.305   717 21044 I DlbDap2QmfProcess: loadLicense() no license check!
01-17 09:21:30.305   717 21044 I DlbDap2QmfProcess: validateLicense() no license check!
01-17 09:21:30.305   717 21044 I DlbDap2QmfProcess: init() DAP opened
01-17 09:21:30.305   717 21044 I DlbDap2QmfProcess: DAP library version: 2.5.1-P2.0
01-17 09:21:30.305   717 21044 D DlbDap2QmfProcess: DAP output mode set to 1 with 2 output channels and null mix matrix.
01-17 09:21:30.305   710 29940 I ACodec  : setDolbyParameterOnProcessedAudio() Content processing enabled in decoder
01-17 09:21:30.315 29906 29906 D featureTest: receive broadcast , change ds profile id :5
01-17 09:21:30.315   717 29942 I DDP_JOCDecoder: -> start
01-17 09:21:30.318   717 29942 D DDP_JOCDecoder: Setting Max Output Channels to 2
01-17 09:21:30.318   717 29942 D DDP_JOCDecoder: setMultiChannelPCMOutDownmix mConfig->jocForceDownmixMode 1
01-17 09:21:30.318   717 29942 I udc_user: 
01-17 09:21:30.318   717 29942 I udc_user: *** DDPlus Unified Decoder Simulation  Version 1.7.3 ***
01-17 09:21:30.318   717 29942 I udc_user: 
01-17 09:21:30.318   717 29942 I udc_user: 7.1-channel decoder-converter, 
01-17 09:21:30.319   717 29942 I udc_user: 
01-17 09:21:30.319   717 29942 I udc_user: 5.1-channel dual-decoder-converter, 
01-17 09:21:30.319   717 29942 I udc_user: Karaoke unsupported, 
01-17 09:21:30.319   717 29942 I udc_user: TPNP supported. 
01-17 09:21:30.319   717 29942 I udc_user: 
01-17 09:21:30.319   717 29942 I udc_user: Unpublished work.  Copyright 2003-2014 Dolby Laboratories, Inc. and
01-17 09:21:30.319   717 29942 I udc_user: Dolby Laboratories Licensing Corporation.  All Rights Reserved.
01-17 09:21:30.319   717 29942 I udc_user: 
01-17 09:21:30.319   717 29942 I udc_user: USE OF THIS SOFTWARE IS SUBJECT TO A LEGAL AGREEMENT BETWEEN YOU AND DOLBY
01-17 09:21:30.319   717 29942 I udc_user: LABORATORIES. DO NOT USE THIS SOFTWARE UNLESS YOU AGREE TO THE TERMS AND 
01-17 09:21:30.319   717 29942 I udc_user: CONDITIONS IN THE AGREEMENT.  BY USING THIS SOFTWARE, YOU ACKNOWLEDGE THAT 
01-17 09:21:30.319   717 29942 I udc_user: YOU HAVE READ THE AGREEMENT AND THAT YOU AGREE TO BE BOUND BY ITS TERMS. 
01-17 09:21:30.319   717 29942 I udc_user: 
01-17 09:21:30.319   717 29942 I ddpdec_client_joc: ddpdec_open JOCD_MODE Buffer assignment
01-17 09:21:30.319   717 29942 D DDP_JOCDecoder: mStarted = 1
01-17 09:21:30.319   717 29942 I DDP_JOCDecoder: <- start
01-17 09:21:30.320   717 29942 D ddpdec_client_joc: ddpdec_client.c|int configDecoder()
01-17 09:21:30.321   717 29942 D DDP_JOCDecoder: Setting Max Output Channels to 2
01-17 09:21:30.323   717 29942 I DlbDap2QmfProcess: close()
01-17 09:21:30.323   717 29942 I DlbDap2QmfProcess: init()
01-17 09:21:30.323   717 29942 I DlbDap2QmfProcess: open()
01-17 09:21:30.323   627   627 D DlbDlbEffect: handle_EFFECT_CMD_SET_PARAM()
01-17 09:21:30.323   645   713 I DapController: Profile Changed to Custom
01-17 09:21:30.323   717 29942 I DlbDap2QmfProcess: loadLicense() no license check!
01-17 09:21:30.323   717 29942 I DlbDap2QmfProcess: validateLicense() no license check!
01-17 09:21:30.323   717 29942 I DlbDap2QmfProcess: init() DAP opened
01-17 09:21:30.323   717 29942 I DlbDap2QmfProcess: DAP library version: 2.5.1-P2.0
01-17 09:21:30.323   717 29942 D DlbDap2QmfProcess: DAP output mode set to 1 with 2 output channels and null mix matrix.
01-17 09:21:30.323   717 29942 D ARenderer: checkAndUpdateConfig: DAP reinitialized because of sample rate change
01-17 09:21:30.323   717 29942 D ARenderer: updateDapConfig: Updating DAP configuration
01-17 09:21:30.323   717 29942 D DlbDap2QmfProcess: setParam(iea = #1[10])
01-17 09:21:30.323   717 29942 D DlbDap2QmfProcess: setParam(msce = #1[0])
01-17 09:21:30.323   717 29942 D DlbDap2QmfProcess: setParam(mdee = #1[0])
01-17 09:21:30.323   717 29942 D DlbDap2QmfProcess: setParam(miee = #1[0])
01-17 09:21:30.323   717 29942 D DlbDap2QmfProcess: setParam(mdle = #1[0])
01-17 09:21:30.323   717 29942 D DlbDap2QmfProcess: setParam(dvle = #1[1])
01-17 09:21:30.324   717 29942 D DlbDap2QmfProcess: setParam(mave = #1[0])
01-17 09:21:30.324   717 29942 D DlbDap2QmfProcess: setParam(vcbf = #20[47, 141, 234, 328, 469, 656, 844, 1031, 1313, 1688, 2250, 3000, 3750, 4688, 5813, 7125, 9000, 11250, 13875, 19688])
01-17 09:21:30.324   717 29942 D DlbDap2QmfProcess: setParam(ieon = #1[1])
01-17 09:21:30.324   717 29942 D DlbDap2QmfProcess: setParam(gebs = #41[20, 47, 141, 234, 328, 469, 656, 844, 1031, 1313, 1688, 2250, 3000, 3750, 4688, 5813, 7125, 9000, 11250, 13875, 19688, 0, 0, 0, 0, 0, 0, 0, 0, 0, 0, 0, 0, 0, 0, 0, 0, 0, 0, 0, 0])
01-17 09:21:30.324   717 29942 D DlbDap2QmfProcess: setParam(iebs = #41[20, 65, 136, 223, 332, 467, 634, 841, 1098, 1416, 1812, 2302, 2909, 3663, 4598, 5756, 7194, 8976, 11186, 13927, 17326, 117, 133, 188, 176, 141, 149, 175, 185, 185, 200, 236, 242, 228, 213, 182, 132, 110, 68, -27, -240])
01-17 09:21:30.324   717 29942 D DlbDap2QmfProcess: setParam(dea = #1[7])
01-17 09:21:30.324   717 29942 D DlbDap2QmfProcess: setParam(dsa = #1[10])
01-17 09:21:30.324   717 29942 D DlbDap2QmfProcess: setParam(beb = #1[192])
01-17 09:21:30.324   717 29942 D DlbDap2QmfProcess: setParam(plb = #1[0])
01-17 09:21:30.324   717 29942 D DlbDap2QmfProcess: setParam(vmb = #1[144])
01-17 09:21:30.324   717 29942 D DlbDap2QmfProcess: setParam(dsb = #1[0])
01-17 09:21:30.324   717 29942 D DlbDap2QmfProcess: setParam(ded = #1[0])
01-17 09:21:30.324   717 29942 D DlbDap2QmfProcess: setParam(dom = #1[0])
01-17 09:21:30.324   717 29942 D DlbDap2QmfProcess: setParam(bew = #1[16])
01-17 09:21:30.324   717 29942 D DlbDap2QmfProcess: setParam(dvla = #1[4])
01-17 09:21:30.324   717 29942 D DlbDap2QmfProcess: setParam(dfsa = #1[10])
01-17 09:21:30.324   717 29942 D DlbDap2QmfProcess: setParam(dhsa = #1[10])
01-17 09:21:30.324   717 29942 D DlbDap2QmfProcess: setParam(dvmc = #1[0])
01-17 09:21:30.324   717 29942 D DlbDap2QmfProcess: setParam(dvle = #1[1])
01-17 09:21:30.324   717 29942 D DlbDap2QmfProcess: setParam(dvme = #1[0])
01-17 09:21:30.324   717 29942 D DlbDap2QmfProcess: setParam(becf = #1[200])
01-17 09:21:30.324   717 29942 D DlbDap2QmfProcess: setParam(vbmf = #2[94, 469])
01-17 09:21:30.324   717 29942 D DlbDap2QmfProcess: setParam(vbsf = #2[35, 160])
01-17 09:21:30.324   717 29942 D DlbDap2QmfProcess: setParam(vbhg = #3[-32, -144, -192])
01-17 09:21:30.324   717 29942 D DlbDap2QmfProcess: setParam(vbog = #1[0])
01-17 09:21:30.324   717 29942 D DlbDap2QmfProcess: setParam(vbsg = #1[0])
01-17 09:21:30.324   717 29942 D DlbDap2QmfProcess: setParam(dvli = #1[-320])
01-17 09:21:30.324   717 29942 D DlbDap2QmfProcess: setParam(dhfm = #1[2])
01-17 09:21:30.324   717 29942 D DlbDap2QmfProcess: setParam(deon = #1[0])
01-17 09:21:30.324   717 29942 D DlbDap2QmfProcess: setParam(ngon = #1[1])
01-17 09:21:30.324   717 29942 D DlbDap2QmfProcess: setParam(dvlo = #1[-320])
01-17 09:21:30.325   717 29942 D DlbDap2QmfProcess: setParam(aobs = #222[20, 10, 47, 141, 234, 328, 469, 656, 844, 1031, 1313, 1688, 2250, 3000, 3750, 4688, 5813, 7125, 9000, 11250, 13875, 19688, 0, 0, 0, 0, 0, 0, 0, 0, 0, 0, 0, 0, 0, 0, 0, 0, 0, 0, 0, 0, 0, 0, 0, 0, 0, 0, 0, 0, 0, 0, 0, 0, 0, 0, 0, 0, 0, 0, 0, 0, 0, 0, 0, 0, 0, 0, 0, 0, 0, 0, 0, 0, 0, 0, 0, 0, 0, 0, 0, 0, 0, 0, 0, 0, 0, 0, 0, 0, 0, 0, 0, 0, 0, 0, 0, 0, 0, 0, 0, 0, 0, 0, 0, 0, 0, 0, 0, 0, 0, 0, 0, 0, 0, 0, 0, 0, 0, 0, 0, 0, 0, 0, 0, 0, 0, 0, 0, 0, 0, 0, 0, 0, 0, 0, 0, 0, 0, 0, 0, 0, 0, 0, 0, 0, 0, 0, 0, 0, 0, 0, 0, 0, 0, 0, 0, 0, 0, 0, 0, 0, 0, 0, 0, 0, 0, 0, 0, 0, 0, 0, 0, 0, 0, 0, 0, 0, 0, 0, 0, 0, 0, 0, 0, 0, 0, 0, 0, 0, 0, 0, 0, 0, 0, 0, 0, 0, 0, 0, 0, 0, 0, 0, 0, 0, 0, 0, 0, 0, 0, 0, 0, 0, 0, 0, 0, 0, 0, 0, 0, 0])
01-17 09:21:30.325   717 29942 D DlbDap2QmfProcess: setParam(dvle = #1[1])
01-17 09:21:30.325   717 29942 D DlbDap2QmfProcess: setParam(dvli = #1[-496])
01-17 09:21:30.325   717 29942 D DlbDap2QmfProcess: setParam(dvlo = #1[-176])
01-17 09:21:30.325   717 29942 D ARenderer: updateDapVolumeLeveler: Setting output level to -11.00dB
01-17 09:21:30.325   717 29942 D DlbDap2QmfProcess: setParam(vmb = #1[0])
01-17 09:21:30.325   717 29942 D DlbDap2QmfProcess: setParam(preg = #1[-384])
01-17 09:21:30.325   717 29942 D DlbDap2QmfProcess: setParam(vol = #1[384])
01-17 09:21:30.325   717 29942 D DlbDap2QmfProcess: processQmf() called [0] times
01-17 09:21:30.325   717 29942 D DlbDap2QmfProcess: setMave(mave = 0)
01-17 09:21:30.329   717 29942 D ARenderer: updateDapConfig: Updating DAP configuration
01-17 09:21:30.329   717 29942 D DlbDap2QmfProcess: setParam(iea = #1[10])
01-17 09:21:30.329   717 29942 D DlbDap2QmfProcess: setParam(msce = #1[0])
01-17 09:21:30.329   717 29942 D DlbDap2QmfProcess: setParam(mdee = #1[0])
01-17 09:21:30.329   717 29942 D DlbDap2QmfProcess: setParam(miee = #1[0])
01-17 09:21:30.329   717 29942 D DlbDap2QmfProcess: setParam(mdle = #1[0])
01-17 09:21:30.329   717 29942 D DlbDap2QmfProcess: setParam(dvle = #1[1])
01-17 09:21:30.329   717 29942 D DlbDap2QmfProcess: setParam(mave = #1[0])
01-17 09:21:30.329   717 29942 D DlbDap2QmfProcess: setParam(vcbf = #20[47, 141, 234, 328, 469, 656, 844, 1031, 1313, 1688, 2250, 3000, 3750, 4688, 5813, 7125, 9000, 11250, 13875, 19688])
01-17 09:21:30.329   717 29942 D DlbDap2QmfProcess: setParam(ieon = #1[0])
01-17 09:21:30.330   717 29942 D DlbDap2QmfProcess: setParam(gebs = #41[20, 47, 141, 234, 328, 469, 656, 844, 1031, 1313, 1688, 2250, 3000, 3750, 4688, 5813, 7125, 9000, 11250, 13875, 19688, 0, 0, 0, 0, 0, 0, 0, 0, 0, 0, 0, 0, 0, 0, 0, 0, 0, 0, 0, 0])
01-17 09:21:30.330   717 29942 D DlbDap2QmfProcess: setParam(iebs = #41[20, 65, 136, 223, 332, 467, 634, 841, 1098, 1416, 1812, 2302, 2909, 3663, 4598, 5756, 7194, 8976, 11186, 13927, 17326, 117, 133, 188, 176, 141, 149, 175, 185, 185, 200, 236, 242, 228, 213, 182, 132, 110, 68, -27, -240])
01-17 09:21:30.330   717 29942 D DlbDap2QmfProcess: setParam(dea = #1[7])
01-17 09:21:30.330   717 29942 D DlbDap2QmfProcess: setParam(dsa = #1[10])
01-17 09:21:30.330   717 29942 D DlbDap2QmfProcess: setParam(beb = #1[192])
01-17 09:21:30.330   717 29942 D DlbDap2QmfProcess: setParam(plb = #1[0])
01-17 09:21:30.330   717 29942 D DlbDap2QmfProcess: setParam(vmb = #1[144])
01-17 09:21:30.330   717 29942 D DlbDap2QmfProcess: setParam(dsb = #1[48])
01-17 09:21:30.330   717 29942 D DlbDap2QmfProcess: setParam(ded = #1[0])
01-17 09:21:30.330   717 29942 D DlbDap2QmfProcess: setParam(dom = #1[0])
01-17 09:21:30.330   717 29942 D DlbDap2QmfProcess: setParam(bew = #1[16])
01-17 09:21:30.330   717 29942 D DlbDap2QmfProcess: setParam(dvla = #1[5])
01-17 09:21:30.330   717 29942 D DlbDap2QmfProcess: setParam(dfsa = #1[10])
01-17 09:21:30.330   717 29942 D DlbDap2QmfProcess: setParam(dhsa = #1[10])
01-17 09:21:30.330   717 29942 D DlbDap2QmfProcess: setParam(dvmc = #1[0])
01-17 09:21:30.330   717 29942 D DlbDap2QmfProcess: setParam(dvle = #1[1])
01-17 09:21:30.330   717 29942 D DlbDap2QmfProcess: setParam(dvme = #1[0])
01-17 09:21:30.330   717 29942 D DlbDap2QmfProcess: setParam(becf = #1[200])
01-17 09:21:30.330   717 29942 D DlbDap2QmfProcess: setParam(vbmf = #2[94, 469])
01-17 09:21:30.330   717 29942 D DlbDap2QmfProcess: setParam(vbsf = #2[35, 160])
01-17 09:21:30.330   717 29942 D DlbDap2QmfProcess: setParam(vbhg = #3[-32, -144, -192])
01-17 09:21:30.330   717 29942 D DlbDap2QmfProcess: setParam(vbog = #1[0])
01-17 09:21:30.330   717 29942 D DlbDap2QmfProcess: setParam(vbsg = #1[0])
01-17 09:21:30.330   717 29942 D DlbDap2QmfProcess: setParam(dvli = #1[-320])
01-17 09:21:30.330   717 29942 D DlbDap2QmfProcess: setParam(dhfm = #1[2])
01-17 09:21:30.330   717 29942 D DlbDap2QmfProcess: setParam(deon = #1[0])
01-17 09:21:30.330   717 29942 D DlbDap2QmfProcess: setParam(ngon = #1[1])
01-17 09:21:30.330   717 29942 D DlbDap2QmfProcess: setParam(dvlo = #1[-320])
01-17 09:21:30.330   717 29942 D DlbDap2QmfProcess: setParam(aobs = #222[20, 10, 47, 141, 234, 328, 469, 656, 844, 1031, 1313, 1688, 2250, 3000, 3750, 4688, 5813, 7125, 9000, 11250, 13875, 19688, 0, 0, 0, 0, 0, 0, 0, 0, 0, 0, 0, 0, 0, 0, 0, 0, 0, 0, 0, 0, 0, 0, 0, 0, 0, 0, 0, 0, 0, 0, 0, 0, 0, 0, 0, 0, 0, 0, 0, 0, 0, 0, 0, 0, 0, 0, 0, 0, 0, 0, 0, 0, 0, 0, 0, 0, 0, 0, 0, 0, 0, 0, 0, 0, 0, 0, 0, 0, 0, 0, 0, 0, 0, 0, 0, 0, 0, 0, 0, 0, 0, 0, 0, 0, 0, 0, 0, 0, 0, 0, 0, 0, 0, 0, 0, 0, 0, 0, 0, 0, 0, 0, 0, 0, 0, 0, 0, 0, 0, 0, 0, 0, 0, 0, 0, 0, 0, 0, 0, 0, 0, 0, 0, 0, 0, 0, 0, 0, 0, 0, 0, 0, 0, 0, 0, 0, 0, 0, 0, 0, 0, 0, 0, 0, 0, 0, 0, 0, 0, 0, 0, 0, 0, 0, 0, 0, 0, 0, 0, 0, 0, 0, 0, 0, 0, 0, 0, 0, 0, 0, 0, 0, 0, 0, 0, 0, 0, 0, 0, 0, 0, 0, 0, 0, 0, 0, 0, 0, 0, 0, 0, 0, 0, 0, 0, 0, 0, 0, 0, 0])
01-17 09:21:30.330   717 29942 D DlbDap2QmfProcess: setParam(dvle = #1[1])
01-17 09:21:30.331   717 29942 D DlbDap2QmfProcess: setParam(dvli = #1[-496])
01-17 09:21:30.331   717 29942 D DlbDap2QmfProcess: setParam(dvlo = #1[-176])
01-17 09:21:30.331   717 29942 D ARenderer: updateDapVolumeLeveler: Setting output level to -11.00dB
01-17 09:21:30.331   717 29942 D DlbDap2QmfProcess: setParam(vmb = #1[0])
01-17 09:21:30.331   717 29942 D DlbDap2QmfProcess: setParam(preg = #1[-384])
01-17 09:21:30.331   717 29942 D DlbDap2QmfProcess: setParam(vol = #1[384])
01-17 09:21:30.331   717 29942 D DlbDap2QmfProcess: setMave(mave = 0)
01-17 09:21:30.339   710 29938 D AudioTrack: Client defaulted notificationFrames to 12000 for frameCount 24000
01-17 09:21:30.339   684  3653 I AudioFlinger: attachAuxEffect(): Marking track 727 as containing processed audio
01-17 09:21:30.339   684  3653 D AudioFlinger: trackContainsProcessedAudio() Track id 727 contains processed audio
01-17 09:21:30.344   627  4939 D DlbDlbEffect: handle_EFFECT_CMD_DISABLE()
01-17 09:21:30.344   627  4939 D DlbDapCrossfadeProcess: setEnabled transitioning from FADE_TO_ACTIVE state to FADE_TO_BYPASS
01-17 09:21:30.345   627   627 D DlbDlbEffect: handle_EFFECT_CMD_SET_CONFIG()
01-17 09:21:30.345   627   627 D DlbDapEndpointParamCache: setDevice(device=0x00000002)
01-17 09:21:30.345   645   645 D DMSService: setActiveDevice called with device = 0x2
01-17 09:21:30.346   627   627 D DlbDlbEffect: handle_EFFECT_CMD_ENABLE()
01-17 09:21:30.346   627   627 D DlbDapCrossfadeProcess: setEnabled transitioning from FADE_TO_BYPASS state to FADE_TO_ACTIVE
01-17 09:21:30.346   684  3974 W AudioFlinger: moveDolbyEffect() effect chain for session 0 not on source thread 0xee0ae580
01-17 09:21:30.346   684  3974 D AudioFlinger: trackStateChanged() Track id 727 state changed to 6
01-17 09:21:30.346   684  3974 I AudioFlinger: updateProcessedAudioState() Changing content processing in effect to 1
01-17 09:21:30.346   627  4939 D DlbDlbEffect: handle_EFFECT_CMD_SET_PARAM()
01-17 09:21:30.346   710 29932 D NuPlayerDriver: notifyListener_l(0xe6bcba80), (6, 0, 0, -1), loop setting(0, 1)
01-17 09:21:30.349   627  3892 I DlbEffectContext: setContentProcEnabled() Disabling content processing in effect
01-17 09:21:30.349   627  3892 D DlbDapEndpointParamCache: commitChangedParams()
01-17 09:21:30.349   627  3892 D DlbDapEndpointParamCache: commit() Applying parameters for device 0x40000000
01-17 09:21:30.349   627  3892 D DlbDap2Process: setParam(msce = #1[0])
01-17 09:21:30.349   627  3892 D DlbDap2Process: setParam(mdee = #1[0])
01-17 09:21:30.349   627  3892 D DlbDap2Process: setParam(miee = #1[0])
01-17 09:21:30.349   627  3892 D DlbDap2Process: setParam(mdle = #1[0])
01-17 09:21:30.349   627  3892 D DlbDap2Process: setParam(dvle = #1[0])
01-17 09:21:30.349   627  3892 D DlbDap2Process: setParam(mave = #1[0])
01-17 09:21:30.349   627  3892 D DlbDap2Process: setParam(ieon = #1[0])
01-17 09:21:30.349   627  3892 D DlbDapEndpointParamCache: doCommit() Committed 7 parameters out of 16.
01-17 09:21:30.349   627  3892 D DlbDapEndpointParamCache: commit() Overriding parameters for current device 0x00000002
01-17 09:21:30.349   627  3892 D DlbDap2Process: setParam(dom = #1[0])
01-17 09:21:30.349   627  3892 D DlbDap2Process: setParam(dvle = #1[0])
01-17 09:21:30.349   627  3892 D DlbDap2Process: setParam(dvme = #1[0])
01-17 09:21:30.349   627  3892 D DlbDap2Process: setParam(deon = #1[0])
01-17 09:21:30.349   627  3892 D DlbDap2Process: setParam(ngon = #1[0])
01-17 09:21:30.349   627  3892 D DlbDapEndpointParamCache: doCommit() Committed 5 parameters out of 37.
01-17 09:21:30.350   627  3892 D DlbDapEndpointParamCache: commitChangedParams()
01-17 09:21:30.350   627  3892 D DlbDapEndpointParamCache: commit() Applying parameters for device 0x40000000
01-17 09:21:30.350   627  3892 D DlbDap2Process: setParam(iea = #1[10])
01-17 09:21:30.351   627  3892 D DlbDap2Process: setParam(vcbf = #20[47, 141, 234, 328, 469, 656, 844, 1031, 1313, 1688, 2250, 3000, 3750, 4688, 5813, 7125, 9000, 11250, 13875, 19688])
01-17 09:21:30.351   627  3892 D DlbDap2Process: setParam(vbon = #1[0])
01-17 09:21:30.351   627  3892 D DlbDap2Process: setParam(beon = #1[0])
01-17 09:21:30.351   627  3892 D DlbDap2Process: setParam(geon = #1[0])
01-17 09:21:30.351   627  3892 D DlbDap2Process: setParam(gebs = #41[20, 47, 141, 234, 328, 469, 656, 844, 1031, 1313, 1688, 2250, 3000, 3750, 4688, 5813, 7125, 9000, 11250, 13875, 19688, 0, 0, 0, 0, 0, 0, 0, 0, 0, 0, 0, 0, 0, 0, 0, 0, 0, 0, 0, 0])
01-17 09:21:30.351   627  3892 D DlbDap2Process: setParam(iebs = #41[20, 65, 136, 223, 332, 467, 634, 841, 1098, 1416, 1812, 2302, 2909, 3663, 4598, 5756, 7194, 8976, 11186, 13927, 17326, 117, 133, 188, 176, 141, 149, 175, 185, 185, 200, 236, 242, 228, 213, 182, 132, 110, 68, -27, -240])
01-17 09:21:30.351   627  3892 D DlbDapEndpointParamCache: doCommit() Committed 8 parameters out of 16.
01-17 09:21:30.351   627  3892 D DlbDapEndpointParamCache: commit() Overriding parameters for current device 0x00000002
01-17 09:21:30.351   627  3892 D DlbDap2Process: setParam(dea = #1[7])
01-17 09:21:30.351   627  3892 D DlbDap2Process: setParam(dsa = #1[10])
01-17 09:21:30.351   627  3892 D DlbDap2Process: setParam(beb = #1[192])
01-17 09:21:30.351   627  3892 D DlbDap2Process: setParam(plb = #1[0])
01-17 09:21:30.352   627  3892 D DlbDap2Process: setParam(vmb = #1[144])
01-17 09:21:30.352   627  3892 D DlbDap2Process: setParam(dsb = #1[48])
01-17 09:21:30.352   627  3892 D DlbDap2Process: setParam(ded = #1[0])
01-17 09:21:30.352   627  3892 D DlbDap2Process: setParam(vbm = #1[3])
01-17 09:21:30.352   627  3892 D DlbDap2Process: setParam(bew = #1[16])
01-17 09:21:30.352   627  3892 D DlbDap2Process: setParam(dvla = #1[5])
01-17 09:21:30.352   627  3892 D DlbDap2Process: setParam(arra = #1[96])
01-17 09:21:30.352   627  3892 D DlbDap2Process: setParam(dfsa = #1[10])
01-17 09:21:30.352   627  3892 D DlbDap2Process: setParam(dhsa = #1[10])
01-17 09:21:30.352   627  3892 D DlbDap2Process: setParam(dvmc = #1[0])
01-17 09:21:30.352   627  3892 D DlbDap2Process: setParam(arod = #1[0])
01-17 09:21:30.352   627  3892 D DlbDap2Process: setParam(arde = #1[1])
01-17 09:21:30.352   627  3892 D DlbDap2Process: setParam(becf = #1[200])
01-17 09:21:30.352   627  3892 D DlbDap2Process: setParam(vbmf = #2[94, 469])
01-17 09:21:30.352   627  3892 D DlbDap2Process: setParam(vbsf = #2[35, 160])
01-17 09:21:30.352   627  3892 D DlbDap2Process: setParam(vbhg = #3[-32, -144, -192])
01-17 09:21:30.352   627  3892 D DlbDap2Process: setParam(vbog = #1[0])
01-17 09:21:30.352   627  3892 D DlbDap2Process: setParam(vbsg = #1[0])
01-17 09:21:30.352   627  3892 D DlbDap2Process: setParam(dvli = #1[-320])
01-17 09:21:30.352   627  3892 D DlbDap2Process: setParam(dhfm = #1[2])
01-17 09:21:30.352   627  3892 D DlbDap2Process: setParam(vbon = #1[0])
01-17 09:21:30.352   627  3892 D DlbDap2Process: setParam(beon = #1[0])
01-17 09:21:30.352   627  3892 D DlbDap2Process: setParam(aoon = #1[1])
01-17 09:21:30.352   627  3892 D DlbDap2Process: setParam(aron = #1[1])
01-17 09:21:30.352   627  3892 D DlbDap2Process: setParam(dvlo = #1[-320])
01-17 09:21:30.352   627  3892 D DlbDap2Process: setParam(artp = #1[12])
01-17 09:21:30.352   627  3892 D DlbDap2Process: setParam(aobs = #222[20, 10, 47, 141, 234, 328, 469, 656, 844, 1031, 1313, 1688, 2250, 3000, 3750, 4688, 5813, 7125, 9000, 11250, 13875, 19688, 0, 0, 0, 0, 0, 0, 0, 0, 0, 0, 0, 0, 0, 0, 0, 0, 0, 0, 0, 0, 0, 0, 0, 0, 0, 0, 0, 0, 0, 0, 0, 0, 0, 0, 0, 0, 0, 0, 0, 0, 0, 0, 0, 0, 0, 0, 0, 0, 0, 0, 0, 0, 0, 0, 0, 0, 0, 0, 0, 0, 0, 0, 0, 0, 0, 0, 0, 0, 0, 0, 0, 0, 0, 0, 0, 0, 0, 0, 0, 0, 0, 0, 0, 0, 0, 0, 0, 0, 0, 0, 0, 0, 0, 0, 0, 0, 0, 0, 0, 0, 0, 0, 0, 0, 0, 0, 0, 0, 0, 0, 0, 0, 0, 0, 0, 0, 0, 0, 0, 0, 0, 0, 0, 0, 0, 0, 0, 0, 0, 0, 0, 0, 0, 0, 0, 0, 0, 0, 0, 0, 0, 0, 0, 0, 0, 0, 0, 0, 0, 0, 0, 0, 0, 0, 0, 0, 0, 0, 0, 0, 0, 0, 0, 0, 0, 0, 0, 0, 0, 0, 0, 0, 0, 0, 0, 0, 0, 0, 0, 0, 0, 0, 0, 0, 0, 0, 0, 0, 0, 0, 0, 0, 0, 0, 0, 0, 0, 0, 0, 0])
01-17 09:21:30.353   627  3892 D DlbDap2Process: setParam(arbs = #81[20, 47, 141, 234, 328, 469, 656, 844, 1031, 1313, 1688, 2250, 3000, 3750, 4688, 5813, 7125, 9000, 11250, 13875, 19688, -192, -192, -192, -192, -192, -192, -192, -192, -192, -192, -192, -192, -192, -192, -192, -192, -192, -192, -192, -192, 0, 0, 0, 0, 0, 0, 0, 0, 0, 0, 0, 0, 0, 0, 0, 0, 0, 0, 0, 0, 0, 0, 0, 0, 0, 0, 0, 0, 0, 0, 0, 0, 0, 0, 0, 0, 0, 0, 0, 0])
01-17 09:21:30.353   627  3892 D DlbDapEndpointParamCache: doCommit() Committed 32 parameters out of 37.
01-17 09:21:30.353   627  3892 D DlbDap2Process: setMave(mave = 0)
01-17 09:21:30.353   627  3892 D DlbDapCrossfadeProcess: process transitioning from FADE_TO_ACTIVE state to DAP_ACTIVE
01-17 09:21:30.372 29906 29906 D featureTest: receive broadcast , record log :0
01-17 09:21:32.456   627  3892 D DlbDap2Process: process() called [460000] times
01-17 09:21:35.135   627  3892 D DlbDap2Process: process() called [460500] times
