01-17 09:20:39.931   717 29519 D DlbDap2QmfProcess: setParam(mave = #1[0])
01-17 09:20:39.931   717 29519 D DlbDap2QmfProcess: setParam(vcbf = #20[47, 141, 234, 328, 469, 656, 844, 1031, 1313, 1688, 2250, 3000, 3750, 4688, 5813, 7125, 9000, 11250, 13875, 19688])
01-17 09:20:39.931   717 29519 D DlbDap2QmfProcess: setParam(ieon = #1[0])
01-17 09:20:39.931   717 29519 D DlbDap2QmfProcess: setParam(gebs = #41[20, 47, 141, 234, 328, 469, 656, 844, 1031, 1313, 1688, 2250, 3000, 3750, 4688, 5813, 7125, 9000, 11250, 13875, 19688, 0, 0, 0, 0, 0, 0, 0, 0, 0, 0, 0, 0, 0, 0, 0, 0, 0, 0, 0, 0])
01-17 09:20:39.931   717 29519 D DlbDap2QmfProcess: setParam(iebs = #41[20, 65, 136, 223, 332, 467, 634, 841, 1098, 1416, 1812, 2302, 2909, 3663, 4598, 5756, 7194, 8976, 11186, 13927, 17326, 117, 133, 188, 176, 141, 149, 175, 185, 185, 200, 236, 242, 228, 213, 182, 132, 110, 68, -27, -240])
01-17 09:20:39.931   717 29519 D DlbDap2QmfProcess: setParam(dea = #1[7])
01-17 09:20:39.931   717 29519 D DlbDap2QmfProcess: setParam(dsa = #1[10])
01-17 09:20:39.931   717 29519 D DlbDap2QmfProcess: setParam(beb = #1[192])
01-17 09:20:39.931   717 29519 D DlbDap2QmfProcess: setParam(plb = #1[0])
01-17 09:20:39.932   717 29519 D DlbDap2QmfProcess: setParam(vmb = #1[144])
01-17 09:20:39.932   717 29519 D DlbDap2QmfProcess: setParam(dsb = #1[48])
01-17 09:20:39.932   717 29519 D DlbDap2QmfProcess: setParam(ded = #1[0])
01-17 09:20:39.932   717 29519 D DlbDap2QmfProcess: setParam(dom = #1[0])
01-17 09:20:39.932   717 29519 D DlbDap2QmfProcess: setParam(bew = #1[16])
01-17 09:20:39.932   717 29519 D DlbDap2QmfProcess: setParam(dvla = #1[5])
01-17 09:20:39.932   717 29519 D DlbDap2QmfProcess: setParam(dfsa = #1[10])
01-17 09:20:39.932   717 29519 D DlbDap2QmfProcess: setParam(dhsa = #1[10])
01-17 09:20:39.932   717 29519 D DlbDap2QmfProcess: setParam(dvmc = #1[0])
01-17 09:20:39.932   717 29519 D DlbDap2QmfProcess: setParam(dvle = #1[1])
01-17 09:20:39.932   717 29519 D DlbDap2QmfProcess: setParam(dvme = #1[0])
01-17 09:20:39.932   717 29519 D DlbDap2QmfProcess: setParam(becf = #1[200])
01-17 09:20:39.932   717 29519 D DlbDap2QmfProcess: setParam(vbmf = #2[94, 469])
01-17 09:20:39.932   717 29519 D DlbDap2QmfProcess: setParam(vbsf = #2[35, 160])
01-17 09:20:39.932   717 29519 D DlbDap2QmfProcess: setParam(vbhg = #3[-32, -144, -192])
01-17 09:20:39.932   717 29519 D DlbDap2QmfProcess: setParam(vbog = #1[0])
01-17 09:20:39.932   717 29519 D DlbDap2QmfProcess: setParam(vbsg = #1[0])
01-17 09:20:39.932   717 29519 D DlbDap2QmfProcess: setParam(dvli = #1[-320])
01-17 09:20:39.932   717 29519 D DlbDap2QmfProcess: setParam(dhfm = #1[2])
01-17 09:20:39.932   717 29519 D DlbDap2QmfProcess: setParam(deon = #1[0])
01-17 09:20:39.932   717 29519 D DlbDap2QmfProcess: setParam(ngon = #1[1])
01-17 09:20:39.932   717 29519 D DlbDap2QmfProcess: setParam(dvlo = #1[-320])
01-17 09:20:39.932   717 29519 D DlbDap2QmfProcess: setParam(aobs = #222[20, 10, 47, 141, 234, 328, 469, 656, 844, 1031, 1313, 1688, 2250, 3000, 3750, 4688, 5813, 7125, 9000, 11250, 13875, 19688, 0, 0, 0, 0, 0, 0, 0, 0, 0, 0, 0, 0, 0, 0, 0, 0, 0, 0, 0, 0, 0, 0, 0, 0, 0, 0, 0, 0, 0, 0, 0, 0, 0, 0, 0, 0, 0, 0, 0, 0, 0, 0, 0, 0, 0, 0, 0, 0, 0, 0, 0, 0, 0, 0, 0, 0, 0, 0, 0, 0, 0, 0, 0, 0, 0, 0, 0, 0, 0, 0, 0, 0, 0, 0, 0, 0, 0, 0, 0, 0, 0, 0, 0, 0, 0, 0, 0, 0, 0, 0, 0, 0, 0, 0, 0, 0, 0, 0, 0, 0, 0, 0, 0, 0, 0, 0, 0, 0, 0, 0, 0, 0, 0, 0, 0, 0, 0, 0, 0, 0, 0, 0, 0, 0, 0, 0, 0, 0, 0, 0, 0, 0, 0, 0, 0, 0, 0, 0, 0, 0, 0, 0, 0, 0, 0, 0, 0, 0, 0, 0, 0, 0, 0, 0, 0, 0, 0, 0, 0, 0, 0, 0, 0, 0, 0, 0, 0, 0, 0, 0, 0, 0, 0, 0, 0, 0, 0, 0, 0, 0, 0, 0, 0, 0, 0, 0, 0, 0, 0, 0, 0, 0, 0, 0, 0, 0, 0, 0, 0, 0])
01-17 09:20:39.932   717 29519 D DlbDap2QmfProcess: setParam(dvle = #1[1])
01-17 09:20:39.932   717 29519 D DlbDap2QmfProcess: setParam(dvli = #1[-496])
01-17 09:20:39.932   717 29519 D DlbDap2QmfProcess: setParam(dvlo = #1[-176])
01-17 09:20:39.932   717 29519 D ARenderer: updateDapVolumeLeveler: Setting output level to -11.00dB
01-17 09:20:39.932   717 29519 D DlbDap2QmfProcess: setParam(vmb = #1[0])
01-17 09:20:39.932   717 29519 D DlbDap2QmfProcess: setParam(preg = #1[-384])
01-17 09:20:39.933   717 29519 D DlbDap2QmfProcess: setParam(vol = #1[384])
01-17 09:20:39.933   717 29519 D DlbDlbBufferProvider: setConfig() Updating buffer configuration.
01-17 09:20:39.933   717 29519 D DlbDap2QmfProcess: processQmf() called [0] times
01-17 09:20:39.933   717 29519 D DlbDap2QmfProcess: setMave(mave = 0)
01-17 09:20:39.943   710 29514 D AudioTrack: Client defaulted notificationFrames to 12000 for frameCount 24000
01-17 09:20:39.944   684  3974 I AudioFlinger: attachAuxEffect(): Marking track 715 as containing processed audio
01-17 09:20:39.945   684  3974 D AudioFlinger: trackContainsProcessedAudio() Track id 715 contains processed audio
01-17 09:20:39.946   626   626 W /system/bin/hw/android.hidl.allocator@1.0-service: ashmem_create_region(3840) returning hidl_memory(0x7b7102c330, 3840)
01-17 09:20:39.948   626   626 W /system/bin/hw/android.hidl.allocator@1.0-service: ashmem_create_region(3840) returning hidl_memory(0x7b7102c330, 3840)
01-17 09:20:39.949   684  3974 D AudioFlinger: trackStateChanged() Track id 715 state changed to 6
01-17 09:20:39.949   684  3974 I AudioFlinger: updateProcessedAudioState() Changing content processing in effect to 1
01-17 09:20:39.949   627   627 D DlbDlbEffect: handle_EFFECT_CMD_SET_PARAM()
01-17 09:20:39.950   710 29510 D NuPlayerDriver: notifyListener_l(0xe6bcb380), (6, 0, 0, -1), loop setting(0, 1)
01-17 09:20:39.960 29450 29450 D featureTest: receive broadcast , change bass enable :1
01-17 09:20:39.972   627   627 D DlbDlbEffect: handle_EFFECT_CMD_SET_PARAM()
01-17 09:20:39.975   717 29519 D ARenderer: updateDapConfig: Updating DAP configuration
01-17 09:20:39.975   717 29519 D DlbDap2QmfProcess: setParam(iea = #1[10])
01-17 09:20:39.975   717 29519 D DlbDap2QmfProcess: setParam(msce = #1[0])
01-17 09:20:39.975   717 29519 D DlbDap2QmfProcess: setParam(mdee = #1[0])
01-17 09:20:39.975   717 29519 D DlbDap2QmfProcess: setParam(miee = #1[0])
01-17 09:20:39.975   717 29519 D DlbDap2QmfProcess: setParam(mdle = #1[0])
01-17 09:20:39.975   717 29519 D DlbDap2QmfProcess: setParam(dvle = #1[1])
01-17 09:20:39.975   717 29519 D DlbDap2QmfProcess: setParam(mave = #1[0])
01-17 09:20:39.975   717 29519 D DlbDap2QmfProcess: setParam(vcbf = #20[47, 141, 234, 328, 469, 656, 844, 1031, 1313, 1688, 2250, 3000, 3750, 4688, 5813, 7125, 9000, 11250, 13875, 19688])
01-17 09:20:39.975   717 29519 D DlbDap2QmfProcess: setParam(ieon = #1[0])
01-17 09:20:39.975   717 29519 D DlbDap2QmfProcess: setParam(gebs = #41[20, 47, 141, 234, 328, 469, 656, 844, 1031, 1313, 1688, 2250, 3000, 3750, 4688, 5813, 7125, 9000, 11250, 13875, 19688, 0, 0, 0, 0, 0, 0, 0, 0, 0, 0, 0, 0, 0, 0, 0, 0, 0, 0, 0, 0])
01-17 09:20:39.975   717 29519 D DlbDap2QmfProcess: setParam(iebs = #41[20, 65, 136, 223, 332, 467, 634, 841, 1098, 1416, 1812, 2302, 2909, 3663, 4598, 5756, 7194, 8976, 11186, 13927, 17326, 117, 133, 188, 176, 141, 149, 175, 185, 185, 200, 236, 242, 228, 213, 182, 132, 110, 68, -27, -240])
01-17 09:20:39.975   717 29519 D DlbDap2QmfProcess: setParam(dea = #1[7])
01-17 09:20:39.975   717 29519 D DlbDap2QmfProcess: setParam(dsa = #1[10])
01-17 09:20:39.975   717 29519 D DlbDap2QmfProcess: setParam(beb = #1[192])
01-17 09:20:39.975   717 29519 D DlbDap2QmfProcess: setParam(plb = #1[0])
01-17 09:20:39.975   717 29519 D DlbDap2QmfProcess: setParam(vmb = #1[144])
01-17 09:20:39.976   717 29519 D DlbDap2QmfProcess: setParam(dsb = #1[48])
01-17 09:20:39.976   717 29519 D DlbDap2QmfProcess: setParam(ded = #1[0])
01-17 09:20:39.976   717 29519 D DlbDap2QmfProcess: setParam(dom = #1[0])
01-17 09:20:39.976   717 29519 D DlbDap2QmfProcess: setParam(bew = #1[16])
01-17 09:20:39.976   717 29519 D DlbDap2QmfProcess: setParam(dvla = #1[5])
01-17 09:20:39.976   717 29519 D DlbDap2QmfProcess: setParam(dfsa = #1[10])
01-17 09:20:39.976   717 29519 D DlbDap2QmfProcess: setParam(dhsa = #1[10])
01-17 09:20:39.976   717 29519 D DlbDap2QmfProcess: setParam(dvmc = #1[0])
01-17 09:20:39.976   717 29519 D DlbDap2QmfProcess: setParam(dvle = #1[1])
01-17 09:20:39.976   717 29519 D DlbDap2QmfProcess: setParam(dvme = #1[0])
01-17 09:20:39.976   717 29519 D DlbDap2QmfProcess: setParam(becf = #1[200])
01-17 09:20:39.976   717 29519 D DlbDap2QmfProcess: setParam(vbmf = #2[94, 469])
01-17 09:20:39.976   717 29519 D DlbDap2QmfProcess: setParam(vbsf = #2[35, 160])
01-17 09:20:39.976   717 29519 D DlbDap2QmfProcess: setParam(vbhg = #3[-32, -144, -192])
01-17 09:20:39.976   717 29519 D DlbDap2QmfProcess: setParam(vbog = #1[0])
01-17 09:20:39.976   717 29519 D DlbDap2QmfProcess: setParam(vbsg = #1[0])
01-17 09:20:39.976   717 29519 D DlbDap2QmfProcess: setParam(dvli = #1[-320])
01-17 09:20:39.976   717 29519 D DlbDap2QmfProcess: setParam(dhfm = #1[2])
01-17 09:20:39.976   717 29519 D DlbDap2QmfProcess: setParam(deon = #1[0])
01-17 09:20:39.976   717 29519 D DlbDap2QmfProcess: setParam(ngon = #1[1])
01-17 09:20:39.976   717 29519 D DlbDap2QmfProcess: setParam(dvlo = #1[-320])
01-17 09:20:39.976   717 29519 D DlbDap2QmfProcess: setParam(aobs = #222[20, 10, 47, 141, 234, 328, 469, 656, 844, 1031, 1313, 1688, 2250, 3000, 3750, 4688, 5813, 7125, 9000, 11250, 13875, 19688, 0, 0, 0, 0, 0, 0, 0, 0, 0, 0, 0, 0, 0, 0, 0, 0, 0, 0, 0, 0, 0, 0, 0, 0, 0, 0, 0, 0, 0, 0, 0, 0, 0, 0, 0, 0, 0, 0, 0, 0, 0, 0, 0, 0, 0, 0, 0, 0, 0, 0, 0, 0, 0, 0, 0, 0, 0, 0, 0, 0, 0, 0, 0, 0, 0, 0, 0, 0, 0, 0, 0, 0, 0, 0, 0, 0, 0, 0, 0, 0, 0, 0, 0, 0, 0, 0, 0, 0, 0, 0, 0, 0, 0, 0, 0, 0, 0, 0, 0, 0, 0, 0, 0, 0, 0, 0, 0, 0, 0, 0, 0, 0, 0, 0, 0, 0, 0, 0, 0, 0, 0, 0, 0, 0, 0, 0, 0, 0, 0, 0, 0, 0, 0, 0, 0, 0, 0, 0, 0, 0, 0, 0, 0, 0, 0, 0, 0, 0, 0, 0, 0, 0, 0, 0, 0, 0, 0, 0, 0, 0, 0, 0, 0, 0, 0, 0, 0, 0, 0, 0, 0, 0, 0, 0, 0, 0, 0, 0, 0, 0, 0, 0, 0, 0, 0, 0, 0, 0, 0, 0, 0, 0, 0, 0, 0, 0, 0, 0, 0, 0])
01-17 09:20:39.976   717 29519 D DlbDap2QmfProcess: setParam(dvle = #1[1])
01-17 09:20:39.976   717 29519 D DlbDap2QmfProcess: setParam(dvli = #1[-496])
01-17 09:20:39.976   717 29519 D DlbDap2QmfProcess: setParam(dvlo = #1[-176])
01-17 09:20:39.977   717 29519 D ARenderer: updateDapVolumeLeveler: Setting output level to -11.00dB
01-17 09:20:39.977   717 29519 D DlbDap2QmfProcess: setParam(vmb = #1[0])
01-17 09:20:39.977   717 29519 D DlbDap2QmfProcess: setParam(preg = #1[-384])
01-17 09:20:39.977   717 29519 D DlbDap2QmfProcess: setParam(vol = #1[384])
01-17 09:20:39.977   717 29519 D DlbDap2QmfProcess: setMave(mave = 0)
01-17 09:20:39.978   710 29514 W AudioTrack: getTimestamp() location moved from kernel to server
01-17 09:20:39.984 29450 29455 I zygote64: Do partial code cache collection, code=9KB, data=13KB
01-17 09:20:39.984 29450 29455 I zygote64: After code cache collection, code=9KB, data=13KB
01-17 09:20:39.984 29450 29455 I zygote64: Increasing code cache capacity to 128KB
01-17 09:20:39.985 29450 29455 I zygote64: Do partial code cache collection, code=9KB, data=33KB
01-17 09:20:39.985 29450 29455 I zygote64: After code cache collection, code=9KB, data=33KB
01-17 09:20:39.985 29450 29455 I zygote64: Increasing code cache capacity to 256KB
01-17 09:20:39.986 29450 29455 I zygote64: Compiler allocated 8MB to compile void android.widget.TextView.<init>(android.content.Context, android.util.AttributeSet, int, int)
01-17 09:20:39.986   627  3892 I DlbEffectDap: setParam() Start crossfade with VB enabled state 1
01-17 09:20:39.986   627  3892 D DlbDapCrossfadeProcess: setEnabled transitioning from DAP_ACTIVE state to FADE_TO_BYPASS
01-17 09:20:39.986   627  3892 D DlbDapEndpointParamCache: commitChangedParams()
01-17 09:20:39.986   627  3892 D DlbDapEndpointParamCache: commit() Applying parameters for device 0x40000000
01-17 09:20:39.986   627  3892 D DlbDap2Process: setParam(iea = #1[10])
01-17 09:20:39.986   627  3892 D DlbDap2Process: setParam(vcbf = #20[47, 141, 234, 328, 469, 656, 844, 1031, 1313, 1688, 2250, 3000, 3750, 4688, 5813, 7125, 9000, 11250, 13875, 19688])
01-17 09:20:39.986   627  3892 D DlbDap2Process: setParam(vbon = #1[1])
01-17 09:20:39.986   627  3892 D DlbDap2Process: setParam(beon = #1[1])
01-17 09:20:39.986   627  3892 D DlbDap2Process: setParam(geon = #1[0])
01-17 09:20:39.986   627  3892 D DlbDap2Process: setParam(gebs = #41[20, 47, 141, 234, 328, 469, 656, 844, 1031, 1313, 1688, 2250, 3000, 3750, 4688, 5813, 7125, 9000, 11250, 13875, 19688, 0, 0, 0, 0, 0, 0, 0, 0, 0, 0, 0, 0, 0, 0, 0, 0, 0, 0, 0, 0])
01-17 09:20:39.986   627  3892 D DlbDap2Process: setParam(iebs = #41[20, 65, 136, 223, 332, 467, 634, 841, 1098, 1416, 1812, 2302, 2909, 3663, 4598, 5756, 7194, 8976, 11186, 13927, 17326, 117, 133, 188, 176, 141, 149, 175, 185, 185, 200, 236, 242, 228, 213, 182, 132, 110, 68, -27, -240])
01-17 09:20:39.986   627  3892 D DlbDapEndpointParamCache: doCommit() Committed 8 parameters out of 16.
01-17 09:20:39.986   627  3892 D DlbDapEndpointParamCache: commit() Overriding parameters for current device 0x00000002
01-17 09:20:39.986   627  3892 D DlbDap2Process: setParam(dea = #1[7])
01-17 09:20:39.986   627  3892 D DlbDap2Process: setParam(dsa = #1[10])
01-17 09:20:39.986   627  3892 D DlbDap2Process: setParam(beb = #1[192])
01-17 09:20:39.986   627  3892 D DlbDap2Process: setParam(plb = #1[0])
01-17 09:20:39.987   627  3892 D DlbDap2Process: setParam(vmb = #1[144])
01-17 09:20:39.987   627  3892 D DlbDap2Process: setParam(dsb = #1[48])
01-17 09:20:39.987   627  3892 D DlbDap2Process: setParam(ded = #1[0])
01-17 09:20:39.987   627  3892 D DlbDap2Process: setParam(vbm = #1[3])
01-17 09:20:39.987   627  3892 D DlbDap2Process: setParam(bew = #1[16])
01-17 09:20:39.987   627  3892 D DlbDap2Process: setParam(dvla = #1[5])
01-17 09:20:39.987   627  3892 D DlbDap2Process: setParam(arra = #1[96])
01-17 09:20:39.987   627  3892 D DlbDap2Process: setParam(dfsa = #1[10])
01-17 09:20:39.987   627  3892 D DlbDap2Process: setParam(dhsa = #1[10])
01-17 09:20:39.987   627  3892 D DlbDap2Process: setParam(dvmc = #1[0])
01-17 09:20:39.987   627  3892 D DlbDap2Process: setParam(arod = #1[0])
01-17 09:20:39.987   627  3892 D DlbDap2Process: setParam(arde = #1[1])
01-17 09:20:39.987   627  3892 D DlbDap2Process: setParam(becf = #1[200])
01-17 09:20:39.987   627  3892 D DlbDap2Process: setParam(vbmf = #2[94, 469])
01-17 09:20:39.987   627  3892 D DlbDap2Process: setParam(vbsf = #2[35, 160])
01-17 09:20:39.987   627  3892 D DlbDap2Process: setParam(vbhg = #3[-32, -144, -192])
01-17 09:20:39.987   627  3892 D DlbDap2Process: setParam(vbog = #1[0])
01-17 09:20:39.987   627  3892 D DlbDap2Process: setParam(vbsg = #1[0])
01-17 09:20:39.987   627  3892 D DlbDap2Process: setParam(dvli = #1[-320])
01-17 09:20:39.987   627  3892 D DlbDap2Process: setParam(dhfm = #1[2])
01-17 09:20:39.987   627  3892 D DlbDap2Process: setParam(vbon = #1[1])
01-17 09:20:39.987   627  3892 D DlbDap2Process: setParam(beon = #1[1])
01-17 09:20:39.987   627  3892 D DlbDap2Process: setParam(aoon = #1[1])
01-17 09:20:39.987   627  3892 D DlbDap2Process: setParam(aron = #1[1])
01-17 09:20:39.987   627  3892 D DlbDap2Process: setParam(dvlo = #1[-320])
01-17 09:20:39.987   627  3892 D DlbDap2Process: setParam(artp = #1[12])
01-17 09:20:39.987   627  3892 D DlbDap2Process: setParam(aobs = #222[20, 10, 47, 141, 234, 328, 469, 656, 844, 1031, 1313, 1688, 2250, 3000, 3750, 4688, 5813, 7125, 9000, 11250, 13875, 19688, 0, 0, 0, 0, 0, 0, 0, 0, 0, 0, 0, 0, 0, 0, 0, 0, 0, 0, 0, 0, 0, 0, 0, 0, 0, 0, 0, 0, 0, 0, 0, 0, 0, 0, 0, 0, 0, 0, 0, 0, 0, 0, 0, 0, 0, 0, 0, 0, 0, 0, 0, 0, 0, 0, 0, 0, 0, 0, 0, 0, 0, 0, 0, 0, 0, 0, 0, 0, 0, 0, 0, 0, 0, 0, 0, 0, 0, 0, 0, 0, 0, 0, 0, 0, 0, 0, 0, 0, 0, 0, 0, 0, 0, 0, 0, 0, 0, 0, 0, 0, 0, 0, 0, 0, 0, 0, 0, 0, 0, 0, 0, 0, 0, 0, 0, 0, 0, 0, 0, 0, 0, 0, 0, 0, 0, 0, 0, 0, 0, 0, 0, 0, 0, 0, 0, 0, 0, 0, 0, 0, 0, 0, 0, 0, 0, 0, 0, 0, 0, 0, 0, 0, 0, 0, 0, 0, 0, 0, 0, 0, 0, 0, 0, 0, 0, 0, 0, 0, 0, 0, 0, 0, 0, 0, 0, 0, 0, 0, 0, 0, 0, 0, 0, 0, 0, 0, 0, 0, 0, 0, 0, 0, 0, 0, 0, 0, 0, 0, 0, 0])
01-17 09:20:39.988   627  3892 D DlbDap2Process: setParam(arbs = #81[20, 47, 141, 234, 328, 469, 656, 844, 1031, 1313, 1688, 2250, 3000, 3750, 4688, 5813, 7125, 9000, 11250, 13875, 19688, -192, -192, -192, -192, -192, -192, -192, -192, -192, -192, -192, -192, -192, -192, -192, -192, -192, -192, -192, -192, 0, 0, 0, 0, 0, 0, 0, 0, 0, 0, 0, 0, 0, 0, 0, 0, 0, 0, 0, 0, 0, 0, 0, 0, 0, 0, 0, 0, 0, 0, 0, 0, 0, 0, 0, 0, 0, 0, 0, 0])
01-17 09:20:39.988   627  3892 D DlbDapEndpointParamCache: doCommit() Committed 32 parameters out of 37.
01-17 09:20:40.020 29450 29450 D featureTest: receive broadcast , record log :0
01-17 09:20:40.070   627  3892 D DlbDapCrossfadeProcess: process transitioning from FADE_TO_BYPASS state to DAP_BYPASSED
01-17 09:20:40.089   627  3892 I DlbEffectDap: setVbEnabled() Reset DAP with VB enabled state 1
01-17 09:20:40.089   627  3892 I DlbDapCrossfadeProcess: reset()
01-17 09:20:40.089   627  3892 I DlbDapBufferAdapter: reset()
01-17 09:20:40.089   627  3892 I DlbDap2Process: close()
01-17 09:20:40.090   627  3892 I DlbDap2Process: init()
01-17 09:20:40.090   627  3892 I DlbDap2Process: open()
01-17 09:20:40.090   627  3892 I DlbDap2Process: loadLicense() no license check!
01-17 09:20:40.091   627  3892 I DlbDap2Process: validateLicense() no license check!
01-17 09:20:40.091   627  3892 I DlbDap2Process: init() DAP opened
01-17 09:20:40.091   627  3892 I DlbDap2Process: DAP library version: 2.5.1-P2.0
01-17 09:20:40.091   627  3892 D DlbDap2Process: DAP output mode set to 1 with 2 output channels and null mix matrix.
01-17 09:20:40.091   627  3892 D DlbDapEndpointParamCache: commitAllParams()
01-17 09:20:40.091   627  3892 D DlbDapEndpointParamCache: commit() Applying parameters for device 0x40000000
01-17 09:20:40.092   627  3892 D DlbDap2Process: setParam(iea = #1[10])
01-17 09:20:40.092   627  3892 D DlbDap2Process: setParam(msce = #1[0])
01-17 09:20:40.092   627  3892 D DlbDap2Process: setParam(mdee = #1[0])
01-17 09:20:40.092   627  3892 D DlbDap2Process: setParam(miee = #1[0])
01-17 09:20:40.092   627  3892 D DlbDap2Process: setParam(mdle = #1[0])
01-17 09:20:40.092   627  3892 D DlbDap2Process: setParam(dvle = #1[0])
01-17 09:20:40.092   627  3892 D DlbDap2Process: setParam(mave = #1[0])
01-17 09:20:40.093   627  3892 D DlbDap2Process: setParam(vcbf = #20[47, 141, 234, 328, 469, 656, 844, 1031, 1313, 1688, 2250, 3000, 3750, 4688, 5813, 7125, 9000, 11250, 13875, 19688])
01-17 09:20:40.093   627  3892 D DlbDap2Process: setParam(preg = #1[-666])
01-17 09:20:40.093   627  3892 D DlbDap2Process: setParam(vbon = #1[1])
01-17 09:20:40.093   627  3892 D DlbDap2Process: setParam(beon = #1[1])
01-17 09:20:40.093   627  3892 D DlbDap2Process: setParam(geon = #1[0])
01-17 09:20:40.093   627  3892 D DlbDap2Process: setParam(ieon = #1[0])
01-17 09:20:40.093   627  3892 D DlbDap2Process: setParam(gebs = #41[20, 47, 141, 234, 328, 469, 656, 844, 1031, 1313, 1688, 2250, 3000, 3750, 4688, 5813, 7125, 9000, 11250, 13875, 19688, 0, 0, 0, 0, 0, 0, 0, 0, 0, 0, 0, 0, 0, 0, 0, 0, 0, 0, 0, 0])
01-17 09:20:40.093   627  3892 D DlbDap2Process: setParam(iebs = #41[20, 65, 136, 223, 332, 467, 634, 841, 1098, 1416, 1812, 2302, 2909, 3663, 4598, 5756, 7194, 8976, 11186, 13927, 17326, 117, 133, 188, 176, 141, 149, 175, 185, 185, 200, 236, 242, 228, 213, 182, 132, 110, 68, -27, -240])
01-17 09:20:40.093   627  3892 D DlbDapEndpointParamCache: doCommit() Committed 16 parameters out of 16.
01-17 09:20:40.093   627  3892 D DlbDapEndpointParamCache: commit() Overriding parameters for current device 0x00000002
01-17 09:20:40.094   627  3892 D DlbDap2Process: setParam(dea = #1[7])
01-17 09:20:40.094   627  3892 D DlbDap2Process: setParam(dsa = #1[10])
01-17 09:20:40.094   627  3892 D DlbDap2Process: setParam(beb = #1[192])
01-17 09:20:40.094   627  3892 D DlbDap2Process: setParam(plb = #1[0])
01-17 09:20:40.094   627  3892 D DlbDap2Process: setParam(vmb = #1[144])
01-17 09:20:40.094   627  3892 D DlbDap2Process: setParam(dsb = #1[48])
01-17 09:20:40.094   627  3892 D DlbDap2Process: setParam(ded = #1[0])
01-17 09:20:40.094   627  3892 D DlbDap2Process: setParam(vbm = #1[3])
01-17 09:20:40.094   627  3892 D DlbDap2Process: setParam(dom = #1[0])
01-17 09:20:40.094   627  3892 D DlbDap2Process: setParam(bew = #1[16])
01-17 09:20:40.094   627  3892 D DlbDap2Process: setParam(dvla = #1[5])
01-17 09:20:40.094   627  3892 D DlbDap2Process: setParam(arra = #1[96])
01-17 09:20:40.094   627  3892 D DlbDap2Process: setParam(dfsa = #1[10])
01-17 09:20:40.094   627  3892 D DlbDap2Process: setParam(dhsa = #1[10])
01-17 09:20:40.094   627  3892 D DlbDap2Process: setParam(dvmc = #1[0])
01-17 09:20:40.094   627  3892 D DlbDap2Process: setParam(arod = #1[0])
01-17 09:20:40.094   627  3892 D DlbDap2Process: setParam(arde = #1[1])
01-17 09:20:40.094   627  3892 D DlbDap2Process: setParam(dvle = #1[0])
01-17 09:20:40.094   627  3892 D DlbDap2Process: setParam(dvme = #1[0])
01-17 09:20:40.094   627  3892 D DlbDap2Process: setParam(becf = #1[200])
01-17 09:20:40.094   627  3892 D DlbDap2Process: setParam(vbmf = #2[94, 469])
01-17 09:20:40.094   627  3892 D DlbDap2Process: setParam(vbsf = #2[35, 160])
01-17 09:20:40.094   627  3892 D DlbDap2Process: setParam(vbhg = #3[-32, -144, -192])
01-17 09:20:40.094   627  3892 D DlbDap2Process: setParam(vbog = #1[0])
01-17 09:20:40.095   627  3892 D DlbDap2Process: setParam(vbsg = #1[0])
01-17 09:20:40.095   627  3892 D DlbDap2Process: setParam(dvli = #1[-320])
01-17 09:20:40.095   627  3892 D DlbDap2Process: setParam(dhfm = #1[2])
01-17 09:20:40.095   627  3892 D DlbDap2Process: setParam(vbon = #1[1])
01-17 09:20:40.095   627  3892 D DlbDap2Process: setParam(beon = #1[1])
01-17 09:20:40.095   627  3892 D DlbDap2Process: setParam(deon = #1[0])
01-17 09:20:40.095   627  3892 D DlbDap2Process: setParam(ngon = #1[0])
01-17 09:20:40.095   627  3892 D DlbDap2Process: setParam(aoon = #1[1])
01-17 09:20:40.095   627  3892 D DlbDap2Process: setParam(aron = #1[1])
01-17 09:20:40.095   627  3892 D DlbDap2Process: setParam(dvlo = #1[-320])
01-17 09:20:40.095   627  3892 D DlbDap2Process: setParam(artp = #1[12])
01-17 09:20:40.095   627  3892 D DlbDap2Process: setParam(aobs = #222[20, 10, 47, 141, 234, 328, 469, 656, 844, 1031, 1313, 1688, 2250, 3000, 3750, 4688, 5813, 7125, 9000, 11250, 13875, 19688, 0, 0, 0, 0, 0, 0, 0, 0, 0, 0, 0, 0, 0, 0, 0, 0, 0, 0, 0, 0, 0, 0, 0, 0, 0, 0, 0, 0, 0, 0, 0, 0, 0, 0, 0, 0, 0, 0, 0, 0, 0, 0, 0, 0, 0, 0, 0, 0, 0, 0, 0, 0, 0, 0, 0, 0, 0, 0, 0, 0, 0, 0, 0, 0, 0, 0, 0, 0, 0, 0, 0, 0, 0, 0, 0, 0, 0, 0, 0, 0, 0, 0, 0, 0, 0, 0, 0, 0, 0, 0, 0, 0, 0, 0, 0, 0, 0, 0, 0, 0, 0, 0, 0, 0, 0, 0, 0, 0, 0, 0, 0, 0, 0, 0, 0, 0, 0, 0, 0, 0, 0, 0, 0, 0, 0, 0, 0, 0, 0, 0, 0, 0, 0, 0, 0, 0, 0, 0, 0, 0, 0, 0, 0, 0, 0, 0, 0, 0, 0, 0, 0, 0, 0, 0, 0, 0, 0, 0, 0, 0, 0, 0, 0, 0, 0, 0, 0, 0, 0, 0, 0, 0, 0, 0, 0, 0, 0, 0, 0, 0, 0, 0, 0, 0, 0, 0, 0, 0, 0, 0, 0, 0, 0, 0, 0, 0, 0, 0, 0, 0])
01-17 09:20:40.096   627  3892 D DlbDap2Process: setParam(arbs = #81[20, 47, 141, 234, 328, 469, 656, 844, 1031, 1313, 1688, 2250, 3000, 3750, 4688, 5813, 7125, 9000, 11250, 13875, 19688, -192, -192, -192, -192, -192, -192, -192, -192, -192, -192, -192, -192, -192, -192, -192, -192, -192, -192, -192, -192, 0, 0, 0, 0, 0, 0, 0, 0, 0, 0, 0, 0, 0, 0, 0, 0, 0, 0, 0, 0, 0, 0, 0, 0, 0, 0, 0, 0, 0, 0, 0, 0, 0, 0, 0, 0, 0, 0, 0, 0])
01-17 09:20:40.096   627  3892 D DlbDapEndpointParamCache: doCommit() Committed 37 parameters out of 37.
01-17 09:20:40.096   627  3892 D DlbDapCrossfadeProcess: setEnabled transitioning from DAP_BYPASSED state to PREROLL_ACTIVE
01-17 09:20:40.110   627  3892 D DlbDap2Process: setMave(mave = 0)
01-17 09:20:40.150   627  3892 D DlbDapCrossfadeProcess: process transitioning from PREROLL_ACTIVE state to FADE_TO_ACTIVE
01-17 09:20:40.270   627  3892 D DlbDapCrossfadeProcess: process transitioning from FADE_TO_ACTIVE state to DAP_ACTIVE
01-17 09:20:41.419   627  3512 D audio_hw_primary: disable_audio_route: usecase(0) reset and update mixer path: deep-buffer-playback speaker
01-17 09:20:41.567   945   945 W WindowManager: removeWindowToken: Attempted to remove non-existing token: android.os.Binder@ba9d756
01-17 09:20:41.612   475   475 D SurfaceFlinger: duplicate layer name: changing Toast to Toast#1
01-17 09:20:42.092   627  3892 D DlbDap2Process: process() called [451000] times
01-17 09:20:43.603   945   945 W WindowManager: removeWindowToken: Attempted to remove non-existing token: android.os.Binder@267c930
01-17 09:20:44.336   710 29515 I NuPlayerDecoder: [audio] saw output EOS
01-17 09:20:44.338   710 29514 D AudioTrack: stop() called with 230400 frames delivered
01-17 09:20:44.770   627  3892 D DlbDap2Process: process() called [451500] times
01-17 09:20:44.842   710 29510 D NuPlayerDriver: notifyListener_l(0xe6bcb380), (2, 0, 0, -1), loop setting(0, 1)
01-17 09:20:44.843   684  3974 D AudioFlinger: trackStateChanged() Track id 715 state changed to 6
01-17 09:20:44.850   684  3974 D AudioFlinger: trackStateChanged() Track id 715 state changed to 6
01-17 09:20:44.917   710 29510 D NuPlayerDriver: notifyListener_l(0xe6bcb380), (6, 0, 0, -1), loop setting(0, 1)
01-17 09:20:44.922   710 28437 W MediaClock: reject anchor time since it is negative.
01-17 09:20:44.979   710 29514 W MediaClock: reject anchor time since it is negative.
