--------- beginning of system
01-15 12:07:16.786   945  6310 I ActivityManager: Force stopping com.dolby.qa.featuretest appid=10072 user=0: from pid 13762
01-15 12:07:16.787   945  6310 I ActivityManager: Killing 13696:com.dolby.qa.featuretest/u0a72 (adj 0): stop com.dolby.qa.featuretest
01-15 12:07:16.790   945  6310 W ActivityManager: Force removing ActivityRecord{d02dcd7 u0 com.dolby.qa.featuretest/.MainActivity t105}: app died, no saved state
--------- beginning of main
01-15 12:07:16.822   945  1197 W InputDispatcher: channel 'ed7951 com.dolby.qa.featuretest/com.dolby.qa.featuretest.MainActivity (server)' ~ Consumer closed input channel or an error occurred.  events=0x9
01-15 12:07:16.822   710  1422 D NuPlayerDriver: reset(0xe84b2c40) at state 5
01-15 12:07:16.822   945  1197 E InputDispatcher: channel 'ed7951 com.dolby.qa.featuretest/com.dolby.qa.featuretest.MainActivity (server)' ~ Channel is unrecoverably broken and will be disposed!
01-15 12:07:16.823   710  1422 D NuPlayerDriver: notifyListener_l(0xe84b2c40), (8, 0, 0, -1), loop setting(0, 1)
01-15 12:07:16.827   684  3974 D AudioFlinger: trackStateChanged() Track id 299 state changed to 6
01-15 12:07:16.833   945  6310 I WindowManager: Failed to capture screenshot of Token{ecbb9c4 ActivityRecord{d02dcd7 u0 com.dolby.qa.featuretest/.MainActivity t105 f}} appWin=Window{ed7951 u0 com.dolby.qa.featuretest/com.dolby.qa.featuretest.MainActivity} drawState=4
01-15 12:07:16.833   945  6310 W InputDispatcher: Attempted to unregister already unregistered input channel 'ed7951 com.dolby.qa.featuretest/com.dolby.qa.featuretest.MainActivity (server)'
01-15 12:07:16.835   717  5319 I DDP_JOCDecoder: -> ~DDPDecoder
01-15 12:07:16.835   717  5319 I DDP_JOCDecoder: -> stop
01-15 12:07:16.836   645   645 I DMSService: unregisterClient type = 4, uid = e83921e0
01-15 12:07:16.852   945  4465 W WindowManager: Failed looking up window callers=com.android.server.wm.WindowManagerService.windowForClientLocked:5700 com.android.server.wm.WindowState$DeathRecipient.binderDied:2279 android.os.BinderProxy.sendDeathNotice:828 
01-15 12:07:16.852   945  4465 I WindowManager: WIN DEATH: null
01-15 12:07:16.856   945  1506 I WindowManager: WIN DEATH: Window{dce1716 u0 Toast}
01-15 12:07:16.886   645   645 D DatabaseHelper: failed to prepare SQL : INSERT INTO profiles VALUES(15
01-15 12:07:16.886   645   645 D DatabaseHelper: ,'custom','user2','user2','off','off')
01-15 12:07:16.886   645   645 D DatabaseHelper: failed to prepare SQL : INSERT INTO profile_endpoints VALUES(57
01-15 12:07:16.886   645   645 D DatabaseHelper: ,'custom','user2','speaker')
01-15 12:07:16.887   645   645 D DatabaseHelper: failed to prepare SQL : INSERT INTO profile_endpoints VALUES(57
01-15 12:07:16.887   645   645 D DatabaseHelper: ,'custom','user2','headphone')
01-15 12:07:16.887   645   645 D DatabaseHelper: failed to prepare SQL : INSERT INTO profile_endpoints VALUES(57
01-15 12:07:16.887   645   645 D DatabaseHelper: ,'custom','user2','passthrough')
01-15 12:07:16.888   645   645 D DatabaseHelper: failed to prepare SQL : INSERT INTO profile_endpoints VALUES(57
01-15 12:07:16.888   645   645 D DatabaseHelper: ,'custom','user2','other')
01-15 12:07:16.888   645   645 D DatabaseHelper: failed to prepare SQL : INSERT INTO profile_ports VALUES(85
01-15 12:07:16.888   645   645 D DatabaseHelper: ,'custom','user2','internal_speaker')
01-15 12:07:16.889   645   645 D DatabaseHelper: failed to prepare SQL : INSERT INTO profile_ports VALUES(85
01-15 12:07:16.889   645   645 D DatabaseHelper: ,'custom','user2','hdmi')
01-15 12:07:16.889   645   645 D DatabaseHelper: failed to prepare SQL : INSERT INTO profile_ports VALUES(85
01-15 12:07:16.889   645   645 D DatabaseHelper: ,'custom','user2','miracast')
01-15 12:07:16.890   645   645 D DatabaseHelper: failed to prepare SQL : INSERT INTO profile_ports VALUES(85
01-15 12:07:16.890   645   645 D DatabaseHelper: ,'custom','user2','headphone_port')
01-15 12:07:16.890   645   645 D DatabaseHelper: failed to prepare SQL : INSERT INTO profile_ports VALUES(85
01-15 12:07:16.890   645   645 D DatabaseHelper: ,'custom','user2','bluetooth')
01-15 12:07:16.891   645   645 D DatabaseHelper: failed to prepare SQL : INSERT INTO profile_ports VALUES(85
01-15 12:07:16.891   645   645 D DatabaseHelper: ,'custom','user2','usb')
01-15 12:07:16.893   645   645 D DatabaseHelper: failed to prepare SQL : INSERT INTO geq_presets VALUES(57
01-15 12:07:16.893   645   645 D DatabaseHelper: ,'custom','off','user2')
01-15 12:07:16.894   645   645 D DatabaseHelper: failed to prepare SQL : INSERT INTO geq_presets VALUES(57
01-15 12:07:16.894   645   645 D DatabaseHelper: ,'custom','open','user2')
01-15 12:07:16.895   645   645 D DatabaseHelper: failed to prepare SQL : INSERT INTO geq_presets VALUES(57
01-15 12:07:16.895   645   645 D DatabaseHelper: ,'custom','rich','user2')
01-15 12:07:16.895   645   645 D DatabaseHelper: failed to prepare SQL : INSERT INTO geq_presets VALUES(57
01-15 12:07:16.895   645   645 D DatabaseHelper: ,'custom','focused','user2')
01-15 12:07:16.905  1499  1499 D CarrierSvcBindHelper: No carrier app for: 0
01-15 12:07:16.912   945   989 W Looper  : Dispatch took 125ms on android.ui, h=Handler (com.android.server.am.ActivityManagerService$UiHandler) {a52c7ca} cb=null msg=53
01-15 12:07:16.917  2010  2010 D RegisteredNfcFServicesCache: Service unchanged, not updating
01-15 12:07:16.918   717  5319 I DDP_JOCDecoder: <- stop
01-15 12:07:16.918   717  5319 I ARenderer: ~ARenderer
01-15 12:07:16.918   717  5319 I evo_parser: evo_parser_close
01-15 12:07:16.918   717  5319 I DlbDap2QmfProcess: ~Dap2Process()
01-15 12:07:16.918   717  5319 I DlbDap2QmfProcess: close()
01-15 12:07:16.919   717  5319 I DDP_JOCDecoder: <- ~DDPDecoder
01-15 12:07:16.925   627  3892 I DlbEffectContext: setContentProcEnabled() Enabling content processing in global effect
01-15 12:07:16.926   627  3892 D DlbDapEndpointParamCache: commitChangedParams()
01-15 12:07:16.926   627  3892 D DlbDapEndpointParamCache: commit() Applying parameters for device 0x40000000
01-15 12:07:16.926   627  3892 D DlbDap2Process: setParam(iea = #1[10])
01-15 12:07:16.926   627  3892 D DlbDap2Process: setParam(msce = #1[0])
01-15 12:07:16.926   627  3892 D DlbDap2Process: setParam(mdee = #1[0])
01-15 12:07:16.926   627  3892 D DlbDap2Process: setParam(miee = #1[0])
01-15 12:07:16.926   627  3892 D DlbDap2Process: setParam(mdle = #1[0])
01-15 12:07:16.926   627  3892 D DlbDap2Process: setParam(dvle = #1[1])
01-15 12:07:16.926   627  3892 D DlbDap2Process: setParam(mave = #1[0])
01-15 12:07:16.926   627  3892 D DlbDap2Process: setParam(vcbf = #20[47, 141, 234, 328, 469, 656, 844, 1031, 1313, 1688, 2250, 3000, 3750, 4688, 5813, 7125, 9000, 11250, 13875, 19688])
01-15 12:07:16.926   627  3892 D DlbDap2Process: setParam(vbon = #1[0])
01-15 12:07:16.926   627  3892 D DlbDap2Process: setParam(beon = #1[0])
01-15 12:07:16.926   627  3892 D DlbDap2Process: setParam(geon = #1[0])
01-15 12:07:16.926   627  3892 D DlbDap2Process: setParam(ieon = #1[0])
01-15 12:07:16.926   627  3892 D DlbDap2Process: setParam(gebs = #41[20, 47, 141, 234, 328, 469, 656, 844, 1031, 1313, 1688, 2250, 3000, 3750, 4688, 5813, 7125, 9000, 11250, 13875, 19688, 0, 0, 0, 0, 0, 0, 0, 0, 0, 0, 0, 0, 0, 0, 0, 0, 0, 0, 0, 0])
01-15 12:07:16.926   627  3892 D DlbDap2Process: setParam(iebs = #41[20, 65, 136, 223, 332, 467, 634, 841, 1098, 1416, 1812, 2302, 2909, 3663, 4598, 5756, 7194, 8976, 11186, 13927, 17326, 117, 133, 188, 176, 141, 149, 175, 185, 185, 200, 236, 242, 228, 213, 182, 132, 110, 68, -27, -240])
01-15 12:07:16.926   627  3892 D DlbDapEndpointParamCache: doCommit() Committed 15 parameters out of 16.
01-15 12:07:16.926   710 13721 D NuPlayerDriver: notifyResetComplete(0xe84b2c40)
01-15 12:07:16.926   627  3892 D DlbDapEndpointParamCache: commit() Overriding parameters for current device 0x00000002
01-15 12:07:16.926   627  3892 D DlbDap2Process: setParam(dea = #1[7])
01-15 12:07:16.926   627  3892 D DlbDap2Process: setParam(dsa = #1[10])
01-15 12:07:16.927   627  3892 D DlbDap2Process: setParam(beb = #1[192])
01-15 12:07:16.927   627  3892 D DlbDap2Process: setParam(plb = #1[0])
01-15 12:07:16.927   627  3892 D DlbDap2Process: setParam(vmb = #1[144])
01-15 12:07:16.927   627  3892 D DlbDap2Process: setParam(dsb = #1[48])
01-15 12:07:16.927   627  3892 D DlbDap2Process: setParam(ded = #1[0])
01-15 12:07:16.927   627  3892 D DlbDap2Process: setParam(vbm = #1[3])
01-15 12:07:16.927   627  3892 D DlbDap2Process: setParam(dom = #1[0])
01-15 12:07:16.927   627  3892 D DlbDap2Process: setParam(bew = #1[16])
01-15 12:07:16.927   627  3892 D DlbDap2Process: setParam(dvla = #1[5])
01-15 12:07:16.927   627  3892 D DlbDap2Process: setParam(arra = #1[96])
01-15 12:07:16.927   627  3892 D DlbDap2Process: setParam(dfsa = #1[10])
01-15 12:07:16.927   627  3892 D DlbDap2Process: setParam(dhsa = #1[10])
01-15 12:07:16.927   627  3892 D DlbDap2Process: setParam(dvmc = #1[0])
01-15 12:07:16.927   627  3892 D DlbDap2Process: setParam(arod = #1[0])
01-15 12:07:16.927   627  3892 D DlbDap2Process: setParam(arde = #1[1])
01-15 12:07:16.927   627  3892 D DlbDap2Process: setParam(dvle = #1[1])
01-15 12:07:16.927   627  3892 D DlbDap2Process: setParam(dvme = #1[0])
01-15 12:07:16.927   627  3892 D DlbDap2Process: setParam(becf = #1[200])
01-15 12:07:16.927   627  3892 D DlbDap2Process: setParam(vbmf = #2[94, 469])
01-15 12:07:16.927   627  3892 D DlbDap2Process: setParam(vbsf = #2[35, 160])
01-15 12:07:16.927   627  3892 D DlbDap2Process: setParam(vbhg = #3[-32, -144, -192])
01-15 12:07:16.927   627  3892 D DlbDap2Process: setParam(vbog = #1[0])
01-15 12:07:16.927   627  3892 D DlbDap2Process: setParam(vbsg = #1[0])
01-15 12:07:16.927   627  3892 D DlbDap2Process: setParam(dvli = #1[-320])
01-15 12:07:16.927   710  1422 D AudioTrack: stop() called with 0 frames delivered
01-15 12:07:16.927   627  3892 D DlbDap2Process: setParam(dhfm = #1[2])
01-15 12:07:16.927   627  3892 D DlbDap2Process: setParam(vbon = #1[0])
01-15 12:07:16.927   627  3892 D DlbDap2Process: setParam(beon = #1[0])
01-15 12:07:16.927   627  3892 D DlbDap2Process: setParam(deon = #1[0])
01-15 12:07:16.927   627  3892 D DlbDap2Process: setParam(ngon = #1[1])
01-15 12:07:16.927   627  3892 D DlbDap2Process: setParam(aoon = #1[1])
01-15 12:07:16.927   627  3892 D DlbDap2Process: setParam(aron = #1[1])
01-15 12:07:16.927   627  3892 D DlbDap2Process: setParam(dvlo = #1[-320])
01-15 12:07:16.927   627  3892 D DlbDap2Process: setParam(artp = #1[12])
01-15 12:07:16.928   627  3892 D DlbDap2Process: setParam(aobs = #222[20, 10, 47, 141, 234, 328, 469, 656, 844, 1031, 1313, 1688, 2250, 3000, 3750, 4688, 5813, 7125, 9000, 11250, 13875, 19688, 0, 0, 0, 0, 0, 0, 0, 0, 0, 0, 0, 0, 0, 0, 0, 0, 0, 0, 0, 0, 0, 0, 0, 0, 0, 0, 0, 0, 0, 0, 0, 0, 0, 0, 0, 0, 0, 0, 0, 0, 0, 0, 0, 0, 0, 0, 0, 0, 0, 0, 0, 0, 0, 0, 0, 0, 0, 0, 0, 0, 0, 0, 0, 0, 0, 0, 0, 0, 0, 0, 0, 0, 0, 0, 0, 0, 0, 0, 0, 0, 0, 0, 0, 0, 0, 0, 0, 0, 0, 0, 0, 0, 0, 0, 0, 0, 0, 0, 0, 0, 0, 0, 0, 0, 0, 0, 0, 0, 0, 0, 0, 0, 0, 0, 0, 0, 0, 0, 0, 0, 0, 0, 0, 0, 0, 0, 0, 0, 0, 0, 0, 0, 0, 0, 0, 0, 0, 0, 0, 0, 0, 0, 0, 0, 0, 0, 0, 0, 0, 0, 0, 0, 0, 0, 0, 0, 0, 0, 0, 0, 0, 0, 0, 0, 0, 0, 0, 0, 0, 0, 0, 0, 0, 0, 0, 0, 0, 0, 0, 0, 0, 0, 0, 0, 0, 0, 0, 0, 0, 0, 0, 0, 0, 0, 0, 0, 0, 0, 0, 0])
01-15 12:07:16.928   627  3892 D DlbDap2Process: setParam(arbs = #81[20, 47, 141, 234, 328, 469, 656, 844, 1031, 1313, 1688, 2250, 3000, 3750, 4688, 5813, 7125, 9000, 11250, 13875, 19688, -192, -192, -192, -192, -192, -192, -192, -192, -192, -192, -192, -192, -192, -192, -192, -192, -192, -192, -192, -192, 0, 0, 0, 0, 0, 0, 0, 0, 0, 0, 0, 0, 0, 0, 0, 0, 0, 0, 0, 0, 0, 0, 0, 0, 0, 0, 0, 0, 0, 0, 0, 0, 0, 0, 0, 0, 0, 0, 0, 0])
01-15 12:07:16.928   627  3892 D DlbDapEndpointParamCache: doCommit() Committed 37 parameters out of 37.
01-15 12:07:16.929   627  3892 D DlbDap2Process: setMave(mave = 0)
01-15 12:07:16.969   945  1506 I ActivityManager: START u0 {flg=0x10000000 cmp=com.dolby.qa.featuretest/.MainActivity} from uid 2000
01-15 12:07:16.990   945  3925 I ActivityManager: Start proc 13769:com.dolby.qa.featuretest/u0a72 for activity com.dolby.qa.featuretest/.MainActivity
01-15 12:07:16.994 13769 13769 I zygote64: Late-enabling -Xcheck:jni
01-15 12:07:17.003   684  1061 D AudioFlinger: trackStateChanged() Track id 299 state changed to 2
01-15 12:07:17.003   684  1061 I AudioFlinger: updateProcessedAudioState() Changing content processing in effect to 0
01-15 12:07:17.003   627   924 D DlbDlbEffect: handle_EFFECT_CMD_SET_PARAM()
01-15 12:07:17.024   684  1061 D AudioFlinger: trackDestroyed() Track id 299 no longer contains processed audio
01-15 12:07:17.025   684   928 W AudioFlinger::EffectModule: EffectModule 0xed0e2e00 destructor called with unreleased interface
01-15 12:07:17.025   684   928 W AudioFlinger::EffectHandle: disconnect Effect handle 0xee163500 disconnected after thread destruction
01-15 12:07:17.026   627  3512 D DlbDlbEffect: handle_EFFECT_CMD_DISABLE()
01-15 12:07:17.026   627  3512 D DlbDapCrossfadeProcess: setEnabled transitioning from DAP_ACTIVE state to FADE_TO_BYPASS
01-15 12:07:17.028   626   626 W /system/bin/hw/android.hidl.allocator@1.0-service: ashmem_create_region(3840) returning hidl_memory(0x7b7102c330, 3840)
01-15 12:07:17.028   627  3512 D DlbDlbEffect: handle_EFFECT_CMD_SET_CONFIG()
01-15 12:07:17.028   627   924 D DlbDapEndpointParamCache: setDevice(device=0x00000002)
01-15 12:07:17.028   645   645 D DMSService: setActiveDevice called with device = 0x2
01-15 12:07:17.029   627   924 D DlbDlbEffect: handle_EFFECT_CMD_ENABLE()
01-15 12:07:17.029   627   924 D DlbDapCrossfadeProcess: setEnabled transitioning from FADE_TO_BYPASS state to FADE_TO_ACTIVE
01-15 12:07:17.164 13769 13769 D featureTest: onCreate
01-15 12:07:17.169 13769 13769 D AudioTrack: Client defaulted notificationFrames to 962 for frameCount 1924
01-15 12:07:17.171 13769 13769 W AudioTrack: Use of stream types is deprecated for operations other than volume control
01-15 12:07:17.172 13769 13769 W AudioTrack: See the documentation of AudioTrack() for what to use instead with android.media.AudioAttributes to qualify your playback use case
01-15 12:07:17.178 13769 13769 W DolbyAudioEffect: WARNING: attaching a DolbyAudioEffect to global output mix is deprecated!
01-15 12:07:17.184 13769 13769 D featureTest: onResume
01-15 12:07:17.194 13769 13786 D OpenGLRenderer: HWUI GL Pipeline
01-15 12:07:17.242 13769 13786 I Adreno  : QUALCOMM build                   : 7142022, Ib5823dd10c
01-15 12:07:17.242 13769 13786 I Adreno  : Build Date                       : 06/23/17
01-15 12:07:17.242 13769 13786 I Adreno  : OpenGL ES Shader Compiler Version: EV031.18.00.00
01-15 12:07:17.242 13769 13786 I Adreno  : Local Branch                     : O11A
01-15 12:07:17.242 13769 13786 I Adreno  : Remote Branch                    : 
01-15 12:07:17.242 13769 13786 I Adreno  : Remote Branch                    : 
01-15 12:07:17.242 13769 13786 I Adreno  : Reconstruct Branch               : 
01-15 12:07:17.246 13769 13786 I Adreno  : PFP: 0x005ff087, ME: 0x005ff063
01-15 12:07:17.249 13769 13786 I OpenGLRenderer: Initialized EGL, version 1.4
01-15 12:07:17.249 13769 13786 D OpenGLRenderer: Swap behavior 2
01-15 12:07:17.293   945   998 I ActivityManager: Displayed com.dolby.qa.featuretest/.MainActivity: +311ms
01-15 12:07:17.394   945   998 W ActivityManager: setHasOverlayUi called on unknown pid: 13696
01-15 12:07:17.400   475   475 D SurfaceFlinger: Backpressure trigger, skipping transaction & refresh!
01-15 12:07:17.591   945   945 W NotificationService: Object died trying to hide notification android.app.ITransientNotification$Stub$Proxy@5ee1e80 in package com.dolby.qa.featuretest
01-15 12:07:17.592   945   945 W WindowManager: removeWindowToken: Attempted to remove non-existing token: android.os.Binder@89af8d8
01-15 12:07:17.791  2103  2230 W OpenGLRenderer: Incorrectly called buildLayer on View: ShortcutAndWidgetContainer, destroying layer...
01-15 12:07:18.042 13769 13769 D featureTest: receive broadcast , playing content location :/sdcard/featureTest/stereo_dd_25fps_channel_id.m4a
01-15 12:07:18.051 13769 13769 D featureTest: mMediaPlayer.getAudioSessionId(): 2001
01-15 12:07:18.052 13769 13769 D featureTest: Playing file: /sdcard/featureTest/stereo_dd_25fps_channel_id.m4a
01-15 12:07:18.053   710  1422 D NuPlayerDriver: NuPlayerDriver(0xe84b2c40) created, clientPid(13769)
01-15 12:07:18.056 13795 13795 W generic : type=1400 audit(0.0:168): avc: denied { read } for path="/storage/emulated/0/featuretest/stereo_dd_25fps_channel_id.m4a" dev="sdcardfs" ino=1310783 scontext=u:r:mediaextractor:s0 tcontext=u:object_r:sdcardfs:s0 tclass=file permissive=0
01-15 12:07:18.058 13769 13769 W MediaPlayer: Use of stream types is deprecated for operations other than volume control
01-15 12:07:18.058 13769 13769 W MediaPlayer: See the documentation of setAudioStreamType() for what to use instead with android.media.AudioAttributes to qualify your playback use case
01-15 12:07:18.061   710 13795 D GenericSource: FileSource remote
01-15 12:07:18.061   710 13795 W GenericSource: extractor service cannot make data source
01-15 12:07:18.061   710 13795 D GenericSource: FileSource local
01-15 12:07:18.082   710 13794 D NuPlayerDriver: notifyListener_l(0xe84b2c40), (1, 0, 0, -1), loop setting(0, 0)
01-15 12:07:18.092   710  1422 D NuPlayerDriver: start(0xe84b2c40), state is 4, eos is 0
01-15 12:07:18.093   710 13794 I GenericSource: start
01-15 12:07:18.096 13769 13769 W DolbyAudioEffect: WARNING: attaching a DolbyAudioEffect to global output mix is deprecated!
01-15 12:07:18.110   710 13802 I OMXClient: Treble IOmx obtained
01-15 12:07:18.111   717  5319 I OMXMaster: makeComponentInstance(OMX.dolby.ac3.decoder) in omx@1.0-service process
01-15 12:07:18.126 13769 13769 D featureTest: receive broadcast , change ds status :1
01-15 12:07:18.139   627   924 D DlbDlbEffect: handle_EFFECT_CMD_SET_PARAM()
01-15 12:07:18.157   717  5319 I DDP_JOCDecoder: -> init name OMX.dolby.ac3.decoder
01-15 12:07:18.160   645   645 I DMSService: registerClient type = 0, uid = e83921d0
01-15 12:07:18.160   645   645 V DolbyMemoryService: registerClient() client 0x710ec74380, uid -398908976
01-15 12:07:18.160   717  5319 I DDP_JOCDecoder: <- init
01-15 12:07:18.160   717  5319 D DDP_JOCDecoder: initPorts
01-15 12:07:18.161   717  4053 E OMXNodeInstance: setConfig(0xe83a3020:dolby.ac3.decoder, ConfigPriority(0x6f800002)) ERROR: Undefined(0x80001001)
01-15 12:07:18.161   710 13802 I ACodec  : codec does not support config priority (err -2147483648)
01-15 12:07:18.161   717  1621 E OMXNodeInstance: getConfig(0xe83a3020:dolby.ac3.decoder, ConfigAndroidVendorExtension(0x6f100004)) ERROR: Undefined(0x80001001)
01-15 12:07:18.163   710 13802 I MediaCodec: MediaCodec will operate in async mode
01-15 12:07:18.163   710 13802 I ACodec  : setDolbyParameterOnProcessedAudio() Received dolby_processed_audio=1
01-15 12:07:18.163   710 13801 I NuPlayerDecoder: setDolbyMessage() Notifying player that Codec supports dolby_processed_audio flag
01-15 12:07:18.163   645   645 I DMSService: unregisterClient type = 0, uid = e83921d0
01-15 12:07:18.163   710 13794 I NuPlayer: onDolbyMessageReceived() Setting dolby_processed_audio flag on audio sink
01-15 12:07:18.163   710 13794 I MediaPlayerService: setDolbyParameters() Marking audio output as having dolby_processed_audio
01-15 12:07:18.177   645   645 D DatabaseHelper: failed to prepare SQL : INSERT INTO profiles VALUES(15
01-15 12:07:18.177   645   645 D DatabaseHelper: ,'custom','user2','user2','off','off')
01-15 12:07:18.178   645   645 D DatabaseHelper: failed to prepare SQL : INSERT INTO profile_endpoints VALUES(57
01-15 12:07:18.178   645   645 D DatabaseHelper: ,'custom','user2','speaker')
01-15 12:07:18.178   645   645 D DatabaseHelper: failed to prepare SQL : INSERT INTO profile_endpoints VALUES(57
01-15 12:07:18.178   645   645 D DatabaseHelper: ,'custom','user2','headphone')
01-15 12:07:18.178   645   645 D DatabaseHelper: failed to prepare SQL : INSERT INTO profile_endpoints VALUES(57
01-15 12:07:18.178   645   645 D DatabaseHelper: ,'custom','user2','passthrough')
01-15 12:07:18.178   645   645 D DatabaseHelper: failed to prepare SQL : INSERT INTO profile_endpoints VALUES(57
01-15 12:07:18.178   645   645 D DatabaseHelper: ,'custom','user2','other')
01-15 12:07:18.178   645   645 D DatabaseHelper: failed to prepare SQL : INSERT INTO profile_ports VALUES(85
01-15 12:07:18.178   645   645 D DatabaseHelper: ,'custom','user2','internal_speaker')
01-15 12:07:18.178   645   645 D DatabaseHelper: failed to prepare SQL : INSERT INTO profile_ports VALUES(85
01-15 12:07:18.178   645   645 D DatabaseHelper: ,'custom','user2','hdmi')
01-15 12:07:18.178   645   645 D DatabaseHelper: failed to prepare SQL : INSERT INTO profile_ports VALUES(85
01-15 12:07:18.178   645   645 D DatabaseHelper: ,'custom','user2','miracast')
01-15 12:07:18.178   645   645 D DatabaseHelper: failed to prepare SQL : INSERT INTO profile_ports VALUES(85
01-15 12:07:18.178   645   645 D DatabaseHelper: ,'custom','user2','headphone_port')
01-15 12:07:18.178   645   645 D DatabaseHelper: failed to prepare SQL : INSERT INTO profile_ports VALUES(85
01-15 12:07:18.178   645   645 D DatabaseHelper: ,'custom','user2','bluetooth')
01-15 12:07:18.179   645   645 D DatabaseHelper: failed to prepare SQL : INSERT INTO profile_ports VALUES(85
01-15 12:07:18.179   645   645 D DatabaseHelper: ,'custom','user2','usb')
01-15 12:07:18.179   645   645 D DatabaseHelper: failed to prepare SQL : INSERT INTO geq_presets VALUES(57
01-15 12:07:18.179   645   645 D DatabaseHelper: ,'custom','off','user2')
01-15 12:07:18.179   645   645 D DatabaseHelper: failed to prepare SQL : INSERT INTO geq_presets VALUES(57
01-15 12:07:18.179   645   645 D DatabaseHelper: ,'custom','open','user2')
01-15 12:07:18.179   645   645 D DatabaseHelper: failed to prepare SQL : INSERT INTO geq_presets VALUES(57
01-15 12:07:18.179   645   645 D DatabaseHelper: ,'custom','rich','user2')
01-15 12:07:18.179   645   645 D DatabaseHelper: failed to prepare SQL : INSERT INTO geq_presets VALUES(57
01-15 12:07:18.179   645   645 D DatabaseHelper: ,'custom','focused','user2')
01-15 12:07:18.194 13769 13769 D featureTest: receive broadcast , change ds profile id :0
01-15 12:07:18.194   645   645 I DMSService: registerClient type = 4, uid = e83921b0
01-15 12:07:18.194   645   645 V DolbyMemoryService: registerClient() client 0x710ec74380, uid -398909004
01-15 12:07:18.194   717  1650 D DDP_JOCDecoder: internalSetParameter() Instantiating ARenderer for content processing in decoder
01-15 12:07:18.194   717  1650 I DlbDap2QmfProcess: Dap2Process()
01-15 12:07:18.194   717  1650 I ARenderer: ARenderer
01-15 12:07:18.194   717  1650 I evo_parser: evo_parser_init
01-15 12:07:18.194   717  1650 I DlbDap2QmfProcess: init()
01-15 12:07:18.194   717  1650 I DlbDap2QmfProcess: open()
01-15 12:07:18.195   717  1650 I DlbDap2QmfProcess: loadLicense() no license check!
01-15 12:07:18.195   717  1650 I DlbDap2QmfProcess: validateLicense() no license check!
01-15 12:07:18.195   717  1650 I DlbDap2QmfProcess: init() DAP opened
01-15 12:07:18.195   717  1650 I DlbDap2QmfProcess: DAP library version: 2.5.1-P2.0
01-15 12:07:18.195   717  1650 D DlbDap2QmfProcess: DAP output mode set to 1 with 2 output channels and null mix matrix.
01-15 12:07:18.195   710 13802 I ACodec  : setDolbyParameterOnProcessedAudio() Content processing enabled in decoder
01-15 12:07:18.196   626   626 W /system/bin/hw/android.hidl.allocator@1.0-service: ashmem_create_region(8192) returning hidl_memory(0x7b7102c330, 8192)
01-15 12:07:18.197   626   626 I chatty  : uid=1000(system) allocator@1.0-s identical 2 lines
01-15 12:07:18.197   626   626 W /system/bin/hw/android.hidl.allocator@1.0-service: ashmem_create_region(8192) returning hidl_memory(0x7b7102c330, 8192)
01-15 12:07:18.198   626   626 W /system/bin/hw/android.hidl.allocator@1.0-service: ashmem_create_region(147456) returning hidl_memory(0x7b7102c330, 147456)
01-15 12:07:18.199   626   626 I chatty  : uid=1000(system) allocator@1.0-s identical 2 lines
01-15 12:07:18.199   626   626 W /system/bin/hw/android.hidl.allocator@1.0-service: ashmem_create_region(147456) returning hidl_memory(0x7b7102c330, 147456)
01-15 12:07:18.200   717 13806 I DDP_JOCDecoder: -> start
01-15 12:07:18.201   717 13806 I EndpConfig: DAP state has changed from -1 to 1
01-15 12:07:18.201   717 13806 D DDP_JOCDecoder: Setting Max Output Channels to 2
01-15 12:07:18.201   717 13806 D DDP_JOCDecoder: setMultiChannelPCMOutDownmix mConfig->jocForceDownmixMode 1
01-15 12:07:18.201   717 13806 I udc_user: 
01-15 12:07:18.201   717 13806 I udc_user: *** DDPlus Unified Decoder Simulation  Version 1.7.3 ***
01-15 12:07:18.201   717 13806 I udc_user: 
01-15 12:07:18.201   717 13806 I udc_user: 7.1-channel decoder-converter, 
01-15 12:07:18.201   717 13806 I udc_user: 
01-15 12:07:18.201   717 13806 I udc_user: 5.1-channel dual-decoder-converter, 
01-15 12:07:18.201   717 13806 I udc_user: Karaoke unsupported, 
01-15 12:07:18.201   717 13806 I udc_user: TPNP supported. 
01-15 12:07:18.201   717 13806 I udc_user: 
01-15 12:07:18.201   717 13806 I udc_user: Unpublished work.  Copyright 2003-2014 Dolby Laboratories, Inc. and
01-15 12:07:18.201   717 13806 I udc_user: Dolby Laboratories Licensing Corporation.  All Rights Reserved.
01-15 12:07:18.201   717 13806 I udc_user: 
01-15 12:07:18.201   717 13806 I udc_user: USE OF THIS SOFTWARE IS SUBJECT TO A LEGAL AGREEMENT BETWEEN YOU AND DOLBY
01-15 12:07:18.201   717 13806 I udc_user: LABORATORIES. DO NOT USE THIS SOFTWARE UNLESS YOU AGREE TO THE TERMS AND 
01-15 12:07:18.201   717 13806 I udc_user: CONDITIONS IN THE AGREEMENT.  BY USING THIS SOFTWARE, YOU ACKNOWLEDGE THAT 
01-15 12:07:18.201   717 13806 I udc_user: YOU HAVE READ THE AGREEMENT AND THAT YOU AGREE TO BE BOUND BY ITS TERMS. 
01-15 12:07:18.201   717 13806 I udc_user: 
01-15 12:07:18.202   717 13806 I ddpdec_client_joc: ddpdec_open JOCD_MODE Buffer assignment
01-15 12:07:18.202   717 13806 D DDP_JOCDecoder: mStarted = 1
01-15 12:07:18.202   717 13806 I DDP_JOCDecoder: <- start
01-15 12:07:18.203   717 13806 D ddpdec_client_joc: ddpdec_client.c|int configDecoder()
01-15 12:07:18.204   717 13806 D DDP_JOCDecoder: Setting Max Output Channels to 2
01-15 12:07:18.208   627   924 D DlbDlbEffect: handle_EFFECT_CMD_SET_PARAM()
01-15 12:07:18.208   645   713 I DapController: Profile Changed to Dynamic
01-15 12:07:18.210   717 13806 I DlbDap2QmfProcess: close()
01-15 12:07:18.210   717 13806 I DlbDap2QmfProcess: init()
01-15 12:07:18.210   717 13806 I DlbDap2QmfProcess: open()
01-15 12:07:18.211   717 13806 I DlbDap2QmfProcess: loadLicense() no license check!
01-15 12:07:18.211   717 13806 I DlbDap2QmfProcess: validateLicense() no license check!
01-15 12:07:18.211   717 13806 I DlbDap2QmfProcess: init() DAP opened
01-15 12:07:18.211   717 13806 I DlbDap2QmfProcess: DAP library version: 2.5.1-P2.0
01-15 12:07:18.211   717 13806 D DlbDap2QmfProcess: DAP output mode set to 1 with 2 output channels and null mix matrix.
01-15 12:07:18.211   717 13806 D ARenderer: checkAndUpdateConfig: DAP reinitialized because of sample rate change
01-15 12:07:18.211   717 13806 D ARenderer: updateDapConfig: Updating DAP configuration
01-15 12:07:18.211   717 13806 D DlbDap2QmfProcess: setParam(iea = #1[10])
01-15 12:07:18.211   717 13806 D DlbDap2QmfProcess: setParam(msce = #1[0])
01-15 12:07:18.211   717 13806 D DlbDap2QmfProcess: setParam(mdee = #1[0])
01-15 12:07:18.211   717 13806 D DlbDap2QmfProcess: setParam(miee = #1[0])
01-15 12:07:18.211   717 13806 D DlbDap2QmfProcess: setParam(mdle = #1[0])
01-15 12:07:18.211   717 13806 D DlbDap2QmfProcess: setParam(dvle = #1[1])
01-15 12:07:18.211   717 13806 D DlbDap2QmfProcess: setParam(mave = #1[0])
01-15 12:07:18.211   717 13806 D DlbDap2QmfProcess: setParam(vcbf = #20[47, 141, 234, 328, 469, 656, 844, 1031, 1313, 1688, 2250, 3000, 3750, 4688, 5813, 7125, 9000, 11250, 13875, 19688])
01-15 12:07:18.211   717 13806 D DlbDap2QmfProcess: setParam(ieon = #1[0])
01-15 12:07:18.211   717 13806 D DlbDap2QmfProcess: setParam(gebs = #41[20, 47, 141, 234, 328, 469, 656, 844, 1031, 1313, 1688, 2250, 3000, 3750, 4688, 5813, 7125, 9000, 11250, 13875, 19688, 0, 0, 0, 0, 0, 0, 0, 0, 0, 0, 0, 0, 0, 0, 0, 0, 0, 0, 0, 0])
01-15 12:07:18.212   717 13806 D DlbDap2QmfProcess: setParam(iebs = #41[20, 65, 136, 223, 332, 467, 634, 841, 1098, 1416, 1812, 2302, 2909, 3663, 4598, 5756, 7194, 8976, 11186, 13927, 17326, 117, 133, 188, 176, 141, 149, 175, 185, 185, 200, 236, 242, 228, 213, 182, 132, 110, 68, -27, -240])
01-15 12:07:18.212   717 13806 D DlbDap2QmfProcess: setParam(dea = #1[7])
01-15 12:07:18.212   717 13806 D DlbDap2QmfProcess: setParam(dsa = #1[10])
01-15 12:07:18.212   717 13806 D DlbDap2QmfProcess: setParam(beb = #1[192])
01-15 12:07:18.212   717 13806 D DlbDap2QmfProcess: setParam(plb = #1[0])
01-15 12:07:18.212   717 13806 D DlbDap2QmfProcess: setParam(vmb = #1[144])
01-15 12:07:18.212   717 13806 D DlbDap2QmfProcess: setParam(dsb = #1[48])
01-15 12:07:18.212   717 13806 D DlbDap2QmfProcess: setParam(ded = #1[0])
01-15 12:07:18.212   717 13806 D DlbDap2QmfProcess: setParam(dom = #1[0])
01-15 12:07:18.212   717 13806 D DlbDap2QmfProcess: setParam(bew = #1[16])
01-15 12:07:18.212   717 13806 D DlbDap2QmfProcess: setParam(dvla = #1[5])
01-15 12:07:18.212   717 13806 D DlbDap2QmfProcess: setParam(dfsa = #1[10])
01-15 12:07:18.212   717 13806 D DlbDap2QmfProcess: setParam(dhsa = #1[10])
01-15 12:07:18.212   717 13806 D DlbDap2QmfProcess: setParam(dvmc = #1[0])
01-15 12:07:18.212   717 13806 D DlbDap2QmfProcess: setParam(dvle = #1[1])
01-15 12:07:18.212   717 13806 D DlbDap2QmfProcess: setParam(dvme = #1[0])
01-15 12:07:18.212   717 13806 D DlbDap2QmfProcess: setParam(becf = #1[200])
01-15 12:07:18.212   717 13806 D DlbDap2QmfProcess: setParam(vbmf = #2[94, 469])
01-15 12:07:18.212   717 13806 D DlbDap2QmfProcess: setParam(vbsf = #2[35, 160])
01-15 12:07:18.212   717 13806 D DlbDap2QmfProcess: setParam(vbhg = #3[-32, -144, -192])
01-15 12:07:18.212   717 13806 D DlbDap2QmfProcess: setParam(vbog = #1[0])
01-15 12:07:18.212   717 13806 D DlbDap2QmfProcess: setParam(vbsg = #1[0])
01-15 12:07:18.212   717 13806 D DlbDap2QmfProcess: setParam(dvli = #1[-320])
01-15 12:07:18.212   717 13806 D DlbDap2QmfProcess: setParam(dhfm = #1[2])
01-15 12:07:18.212   717 13806 D DlbDap2QmfProcess: setParam(deon = #1[0])
01-15 12:07:18.213   717 13806 D DlbDap2QmfProcess: setParam(ngon = #1[1])
01-15 12:07:18.213   717 13806 D DlbDap2QmfProcess: setParam(dvlo = #1[-320])
01-15 12:07:18.213   717 13806 D DlbDap2QmfProcess: setParam(aobs = #222[20, 10, 47, 141, 234, 328, 469, 656, 844, 1031, 1313, 1688, 2250, 3000, 3750, 4688, 5813, 7125, 9000, 11250, 13875, 19688, 0, 0, 0, 0, 0, 0, 0, 0, 0, 0, 0, 0, 0, 0, 0, 0, 0, 0, 0, 0, 0, 0, 0, 0, 0, 0, 0, 0, 0, 0, 0, 0, 0, 0, 0, 0, 0, 0, 0, 0, 0, 0, 0, 0, 0, 0, 0, 0, 0, 0, 0, 0, 0, 0, 0, 0, 0, 0, 0, 0, 0, 0, 0, 0, 0, 0, 0, 0, 0, 0, 0, 0, 0, 0, 0, 0, 0, 0, 0, 0, 0, 0, 0, 0, 0, 0, 0, 0, 0, 0, 0, 0, 0, 0, 0, 0, 0, 0, 0, 0, 0, 0, 0, 0, 0, 0, 0, 0, 0, 0, 0, 0, 0, 0, 0, 0, 0, 0, 0, 0, 0, 0, 0, 0, 0, 0, 0, 0, 0, 0, 0, 0, 0, 0, 0, 0, 0, 0, 0, 0, 0, 0, 0, 0, 0, 0, 0, 0, 0, 0, 0, 0, 0, 0, 0, 0, 0, 0, 0, 0, 0, 0, 0, 0, 0, 0, 0, 0, 0, 0, 0, 0, 0, 0, 0, 0, 0, 0, 0, 0, 0, 0, 0, 0, 0, 0, 0, 0, 0, 0, 0, 0, 0, 0, 0, 0, 0, 0, 0, 0])
01-15 12:07:18.213   717 13806 D DlbDap2QmfProcess: setParam(dvle = #1[1])
01-15 12:07:18.213   717 13806 D DlbDap2QmfProcess: setParam(dvli = #1[-496])
01-15 12:07:18.213   717 13806 D DlbDap2QmfProcess: setParam(dvlo = #1[-176])
01-15 12:07:18.213   717 13806 D ARenderer: updateDapVolumeLeveler: Setting output level to -11.00dB
01-15 12:07:18.213   717 13806 D DlbDap2QmfProcess: setParam(vmb = #1[0])
01-15 12:07:18.213   717 13806 D DlbDap2QmfProcess: setParam(preg = #1[-384])
01-15 12:07:18.213   717 13806 D DlbDap2QmfProcess: setParam(vol = #1[384])
01-15 12:07:18.213   717 13806 D DlbDlbBufferProvider: setConfig() Updating buffer configuration.
01-15 12:07:18.213   717 13806 D DlbDap2QmfProcess: processQmf() called [0] times
01-15 12:07:18.213   717 13806 D DlbDap2QmfProcess: setMave(mave = 0)
01-15 12:07:18.217   717 13806 D ARenderer: updateDapConfig: Updating DAP configuration
01-15 12:07:18.217   717 13806 D DlbDap2QmfProcess: setParam(iea = #1[10])
01-15 12:07:18.217   717 13806 D DlbDap2QmfProcess: setParam(msce = #1[1])
01-15 12:07:18.217   717 13806 D DlbDap2QmfProcess: setParam(mdee = #1[1])
01-15 12:07:18.217   717 13806 D DlbDap2QmfProcess: setParam(miee = #1[1])
01-15 12:07:18.217   717 13806 D DlbDap2QmfProcess: setParam(mdle = #1[1])
01-15 12:07:18.217   717 13806 D DlbDap2QmfProcess: setParam(dvle = #1[1])
01-15 12:07:18.217   717 13806 D DlbDap2QmfProcess: setParam(mave = #1[1])
01-15 12:07:18.217   717 13806 D DlbDap2QmfProcess: setParam(vcbf = #20[47, 141, 234, 328, 469, 656, 844, 1031, 1313, 1688, 2250, 3000, 3750, 4688, 5813, 7125, 9000, 11250, 13875, 19688])
01-15 12:07:18.217   717 13806 D DlbDap2QmfProcess: setParam(ieon = #1[1])
01-15 12:07:18.218   717 13806 D DlbDap2QmfProcess: setParam(gebs = #41[20, 47, 141, 234, 328, 469, 656, 844, 1031, 1313, 1688, 2250, 3000, 3750, 4688, 5813, 7125, 9000, 11250, 13875, 19688, 0, 0, 0, 0, 0, 0, 0, 0, 0, 0, 0, 0, 0, 0, 0, 0, 0, 0, 0, 0])
01-15 12:07:18.218   717 13806 D DlbDap2QmfProcess: setParam(iebs = #41[20, 65, 136, 223, 332, 467, 634, 841, 1098, 1416, 1812, 2302, 2909, 3663, 4598, 5756, 7194, 8976, 11186, 13927, 17326, 117, 133, 188, 176, 141, 149, 175, 185, 185, 200, 236, 242, 228, 213, 182, 132, 110, 68, -27, -240])
01-15 12:07:18.218   717 13806 D DlbDap2QmfProcess: setParam(dea = #1[12])
01-15 12:07:18.218   717 13806 D DlbDap2QmfProcess: setParam(dsa = #1[10])
01-15 12:07:18.218   717 13806 D DlbDap2QmfProcess: setParam(beb = #1[192])
01-15 12:07:18.218   717 13806 D DlbDap2QmfProcess: setParam(plb = #1[0])
01-15 12:07:18.218   717 13806 D DlbDap2QmfProcess: setParam(vmb = #1[144])
01-15 12:07:18.218   717 13806 D DlbDap2QmfProcess: setParam(dsb = #1[96])
01-15 12:07:18.218   717 13806 D DlbDap2QmfProcess: setParam(ded = #1[0])
01-15 12:07:18.218   717 13806 D DlbDap2QmfProcess: setParam(dom = #1[0])
01-15 12:07:18.218   717 13806 D DlbDap2QmfProcess: setParam(bew = #1[16])
01-15 12:07:18.218   717 13806 D DlbDap2QmfProcess: setParam(dvla = #1[7])
01-15 12:07:18.218   717 13806 D DlbDap2QmfProcess: setParam(dfsa = #1[10])
01-15 12:07:18.218   717 13806 D DlbDap2QmfProcess: setParam(dhsa = #1[10])
01-15 12:07:18.218   717 13806 D DlbDap2QmfProcess: setParam(dvmc = #1[0])
01-15 12:07:18.218   717 13806 D DlbDap2QmfProcess: setParam(dvle = #1[1])
01-15 12:07:18.218   717 13806 D DlbDap2QmfProcess: setParam(dvme = #1[0])
01-15 12:07:18.218   717 13806 D DlbDap2QmfProcess: setParam(becf = #1[200])
01-15 12:07:18.218   717 13806 D DlbDap2QmfProcess: setParam(vbmf = #2[94, 469])
01-15 12:07:18.218   717 13806 D DlbDap2QmfProcess: setParam(vbsf = #2[35, 160])
01-15 12:07:18.218   717 13806 D DlbDap2QmfProcess: setParam(vbhg = #3[-32, -144, -192])
01-15 12:07:18.218   717 13806 D DlbDap2QmfProcess: setParam(vbog = #1[0])
01-15 12:07:18.218   717 13806 D DlbDap2QmfProcess: setParam(vbsg = #1[0])
01-15 12:07:18.218   717 13806 D DlbDap2QmfProcess: setParam(dvli = #1[-320])
01-15 12:07:18.218   717 13806 D DlbDap2QmfProcess: setParam(dhfm = #1[2])
01-15 12:07:18.218   717 13806 D DlbDap2QmfProcess: setParam(deon = #1[1])
01-15 12:07:18.218   717 13806 D DlbDap2QmfProcess: setParam(ngon = #1[1])
01-15 12:07:18.218   717 13806 D DlbDap2QmfProcess: setParam(dvlo = #1[-320])
01-15 12:07:18.219   717 13806 D DlbDap2QmfProcess: setParam(aobs = #222[20, 10, 47, 141, 234, 328, 469, 656, 844, 1031, 1313, 1688, 2250, 3000, 3750, 4688, 5813, 7125, 9000, 11250, 13875, 19688, 0, 0, 0, 0, 0, 0, 0, 0, 0, 0, 0, 0, 0, 0, 0, 0, 0, 0, 0, 0, 0, 0, 0, 0, 0, 0, 0, 0, 0, 0, 0, 0, 0, 0, 0, 0, 0, 0, 0, 0, 0, 0, 0, 0, 0, 0, 0, 0, 0, 0, 0, 0, 0, 0, 0, 0, 0, 0, 0, 0, 0, 0, 0, 0, 0, 0, 0, 0, 0, 0, 0, 0, 0, 0, 0, 0, 0, 0, 0, 0, 0, 0, 0, 0, 0, 0, 0, 0, 0, 0, 0, 0, 0, 0, 0, 0, 0, 0, 0, 0, 0, 0, 0, 0, 0, 0, 0, 0, 0, 0, 0, 0, 0, 0, 0, 0, 0, 0, 0, 0, 0, 0, 0, 0, 0, 0, 0, 0, 0, 0, 0, 0, 0, 0, 0, 0, 0, 0, 0, 0, 0, 0, 0, 0, 0, 0, 0, 0, 0, 0, 0, 0, 0, 0, 0, 0, 0, 0, 0, 0, 0, 0, 0, 0, 0, 0, 0, 0, 0, 0, 0, 0, 0, 0, 0, 0, 0, 0, 0, 0, 0, 0, 0, 0, 0, 0, 0, 0, 0, 0, 0, 0, 0, 0, 0, 0, 0, 0, 0, 0])
01-15 12:07:18.219   717 13806 D DlbDap2QmfProcess: setParam(dvle = #1[1])
01-15 12:07:18.219   717 13806 D DlbDap2QmfProcess: setParam(dvli = #1[-496])
01-15 12:07:18.219   717 13806 D DlbDap2QmfProcess: setParam(dvlo = #1[-176])
01-15 12:07:18.219   717 13806 D ARenderer: updateDapVolumeLeveler: Setting output level to -11.00dB
01-15 12:07:18.219   717 13806 D DlbDap2QmfProcess: setParam(vmb = #1[0])
01-15 12:07:18.219   717 13806 D DlbDap2QmfProcess: setParam(preg = #1[-384])
01-15 12:07:18.219   717 13806 D DlbDap2QmfProcess: setParam(vol = #1[384])
01-15 12:07:18.220   717 13806 D DlbDap2QmfProcess: setMave(mave = 1)
01-15 12:07:18.226   710 13800 D AudioTrack: Client defaulted notificationFrames to 12000 for frameCount 24000
01-15 12:07:18.226   684  3973 I AudioFlinger: attachAuxEffect(): Marking track 301 as containing processed audio
01-15 12:07:18.226   684  3973 D AudioFlinger: trackContainsProcessedAudio() Track id 301 contains processed audio
01-15 12:07:18.227   626   626 W /system/bin/hw/android.hidl.allocator@1.0-service: ashmem_create_region(3840) returning hidl_memory(0x7b7102c330, 3840)
01-15 12:07:18.229   626   626 W /system/bin/hw/android.hidl.allocator@1.0-service: ashmem_create_region(3840) returning hidl_memory(0x7b7102c330, 3840)
01-15 12:07:18.231   684  7227 D AudioFlinger: trackStateChanged() Track id 301 state changed to 6
01-15 12:07:18.231   684  7227 I AudioFlinger: updateProcessedAudioState() Changing content processing in effect to 1
01-15 12:07:18.231   627  3512 D DlbDlbEffect: handle_EFFECT_CMD_SET_PARAM()
01-15 12:07:18.231   710 13794 D NuPlayerDriver: notifyListener_l(0xe84b2c40), (6, 0, 0, -1), loop setting(0, 1)
01-15 12:07:18.234   627  3892 I DlbEffectContext: setContentProcEnabled() Disabling content processing in effect
01-15 12:07:18.235   627  3892 D DlbDapEndpointParamCache: commitChangedParams()
01-15 12:07:18.235   627  3892 D DlbDapEndpointParamCache: commit() Applying parameters for device 0x40000000
01-15 12:07:18.235   627  3892 D DlbDap2Process: setParam(msce = #1[0])
01-15 12:07:18.235   627  3892 D DlbDap2Process: setParam(mdee = #1[0])
01-15 12:07:18.235   627  3892 D DlbDap2Process: setParam(miee = #1[0])
01-15 12:07:18.235   627  3892 D DlbDap2Process: setParam(mdle = #1[0])
01-15 12:07:18.235   627  3892 D DlbDap2Process: setParam(dvle = #1[0])
01-15 12:07:18.235   627  3892 D DlbDap2Process: setParam(mave = #1[0])
01-15 12:07:18.235   627  3892 D DlbDap2Process: setParam(ieon = #1[0])
01-15 12:07:18.235   627  3892 D DlbDapEndpointParamCache: doCommit() Committed 7 parameters out of 16.
01-15 12:07:18.235   627  3892 D DlbDapEndpointParamCache: commit() Overriding parameters for current device 0x00000002
01-15 12:07:18.235   627  3892 D DlbDap2Process: setParam(dom = #1[0])
01-15 12:07:18.235   627  3892 D DlbDap2Process: setParam(dvle = #1[0])
01-15 12:07:18.235   627  3892 D DlbDap2Process: setParam(dvme = #1[0])
01-15 12:07:18.235   627  3892 D DlbDap2Process: setParam(deon = #1[0])
01-15 12:07:18.235   627  3892 D DlbDap2Process: setParam(ngon = #1[0])
01-15 12:07:18.235   627  3892 D DlbDapEndpointParamCache: doCommit() Committed 5 parameters out of 37.
01-15 12:07:18.236   627  3892 D DlbDapEndpointParamCache: commitChangedParams()
01-15 12:07:18.236   627  3892 D DlbDapEndpointParamCache: commit() Applying parameters for device 0x40000000
01-15 12:07:18.236   627  3892 D DlbDap2Process: setParam(iea = #1[10])
01-15 12:07:18.236   627  3892 D DlbDap2Process: setParam(vcbf = #20[47, 141, 234, 328, 469, 656, 844, 1031, 1313, 1688, 2250, 3000, 3750, 4688, 5813, 7125, 9000, 11250, 13875, 19688])
01-15 12:07:18.236   627  3892 D DlbDap2Process: setParam(vbon = #1[0])
01-15 12:07:18.236   627  3892 D DlbDap2Process: setParam(beon = #1[0])
01-15 12:07:18.236   627  3892 D DlbDap2Process: setParam(geon = #1[0])
01-15 12:07:18.236   627  3892 D DlbDap2Process: setParam(gebs = #41[20, 47, 141, 234, 328, 469, 656, 844, 1031, 1313, 1688, 2250, 3000, 3750, 4688, 5813, 7125, 9000, 11250, 13875, 19688, 0, 0, 0, 0, 0, 0, 0, 0, 0, 0, 0, 0, 0, 0, 0, 0, 0, 0, 0, 0])
01-15 12:07:18.237   627  3892 D DlbDap2Process: setParam(iebs = #41[20, 65, 136, 223, 332, 467, 634, 841, 1098, 1416, 1812, 2302, 2909, 3663, 4598, 5756, 7194, 8976, 11186, 13927, 17326, 117, 133, 188, 176, 141, 149, 175, 185, 185, 200, 236, 242, 228, 213, 182, 132, 110, 68, -27, -240])
01-15 12:07:18.237   627  3892 D DlbDapEndpointParamCache: doCommit() Committed 8 parameters out of 16.
01-15 12:07:18.237   627  3892 D DlbDapEndpointParamCache: commit() Overriding parameters for current device 0x00000002
01-15 12:07:18.237   627  3892 D DlbDap2Process: setParam(dea = #1[12])
01-15 12:07:18.237   627  3892 D DlbDap2Process: setParam(dsa = #1[10])
01-15 12:07:18.237   627  3892 D DlbDap2Process: setParam(beb = #1[192])
01-15 12:07:18.237   627  3892 D DlbDap2Process: setParam(plb = #1[0])
01-15 12:07:18.237   627  3892 D DlbDap2Process: setParam(vmb = #1[144])
01-15 12:07:18.237   627  3892 D DlbDap2Process: setParam(dsb = #1[96])
01-15 12:07:18.237   627  3892 D DlbDap2Process: setParam(ded = #1[0])
01-15 12:07:18.237   627  3892 D DlbDap2Process: setParam(vbm = #1[3])
01-15 12:07:18.237   627  3892 D DlbDap2Process: setParam(bew = #1[16])
01-15 12:07:18.237   627  3892 D DlbDap2Process: setParam(dvla = #1[7])
01-15 12:07:18.237   627  3892 D DlbDap2Process: setParam(arra = #1[96])
01-15 12:07:18.237   627  3892 D DlbDap2Process: setParam(dfsa = #1[10])
01-15 12:07:18.237   627  3892 D DlbDap2Process: setParam(dhsa = #1[10])
01-15 12:07:18.237   627  3892 D DlbDap2Process: setParam(dvmc = #1[0])
01-15 12:07:18.237   627  3892 D DlbDap2Process: setParam(arod = #1[0])
01-15 12:07:18.237   627  3892 D DlbDap2Process: setParam(arde = #1[1])
01-15 12:07:18.237   627  3892 D DlbDap2Process: setParam(becf = #1[200])
01-15 12:07:18.237   627  3892 D DlbDap2Process: setParam(vbmf = #2[94, 469])
01-15 12:07:18.237   627  3892 D DlbDap2Process: setParam(vbsf = #2[35, 160])
01-15 12:07:18.237   627  3892 D DlbDap2Process: setParam(vbhg = #3[-32, -144, -192])
01-15 12:07:18.237   627  3892 D DlbDap2Process: setParam(vbog = #1[0])
01-15 12:07:18.237   627  3892 D DlbDap2Process: setParam(vbsg = #1[0])
01-15 12:07:18.237   627  3892 D DlbDap2Process: setParam(dvli = #1[-320])
01-15 12:07:18.237   627  3892 D DlbDap2Process: setParam(dhfm = #1[2])
01-15 12:07:18.237   627  3892 D DlbDap2Process: setParam(vbon = #1[0])
01-15 12:07:18.237   627  3892 D DlbDap2Process: setParam(beon = #1[0])
01-15 12:07:18.237   627  3892 D DlbDap2Process: setParam(aoon = #1[1])
01-15 12:07:18.237   627  3892 D DlbDap2Process: setParam(aron = #1[1])
01-15 12:07:18.237   627  3892 D DlbDap2Process: setParam(dvlo = #1[-320])
01-15 12:07:18.237   627  3892 D DlbDap2Process: setParam(artp = #1[12])
01-15 12:07:18.237   627  3892 D DlbDap2Process: setParam(aobs = #222[20, 10, 47, 141, 234, 328, 469, 656, 844, 1031, 1313, 1688, 2250, 3000, 3750, 4688, 5813, 7125, 9000, 11250, 13875, 19688, 0, 0, 0, 0, 0, 0, 0, 0, 0, 0, 0, 0, 0, 0, 0, 0, 0, 0, 0, 0, 0, 0, 0, 0, 0, 0, 0, 0, 0, 0, 0, 0, 0, 0, 0, 0, 0, 0, 0, 0, 0, 0, 0, 0, 0, 0, 0, 0, 0, 0, 0, 0, 0, 0, 0, 0, 0, 0, 0, 0, 0, 0, 0, 0, 0, 0, 0, 0, 0, 0, 0, 0, 0, 0, 0, 0, 0, 0, 0, 0, 0, 0, 0, 0, 0, 0, 0, 0, 0, 0, 0, 0, 0, 0, 0, 0, 0, 0, 0, 0, 0, 0, 0, 0, 0, 0, 0, 0, 0, 0, 0, 0, 0, 0, 0, 0, 0, 0, 0, 0, 0, 0, 0, 0, 0, 0, 0, 0, 0, 0, 0, 0, 0, 0, 0, 0, 0, 0, 0, 0, 0, 0, 0, 0, 0, 0, 0, 0, 0, 0, 0, 0, 0, 0, 0, 0, 0, 0, 0, 0, 0, 0, 0, 0, 0, 0, 0, 0, 0, 0, 0, 0, 0, 0, 0, 0, 0, 0, 0, 0, 0, 0, 0, 0, 0, 0, 0, 0, 0, 0, 0, 0, 0, 0, 0, 0, 0, 0, 0, 0])
01-15 12:07:18.238   627  3892 D DlbDap2Process: setParam(arbs = #81[20, 47, 141, 234, 328, 469, 656, 844, 1031, 1313, 1688, 2250, 3000, 3750, 4688, 5813, 7125, 9000, 11250, 13875, 19688, -192, -192, -192, -192, -192, -192, -192, -192, -192, -192, -192, -192, -192, -192, -192, -192, -192, -192, -192, -192, 0, 0, 0, 0, 0, 0, 0, 0, 0, 0, 0, 0, 0, 0, 0, 0, 0, 0, 0, 0, 0, 0, 0, 0, 0, 0, 0, 0, 0, 0, 0, 0, 0, 0, 0, 0, 0, 0, 0, 0])
01-15 12:07:18.238   627  3892 D DlbDapEndpointParamCache: doCommit() Committed 32 parameters out of 37.
01-15 12:07:18.238   627  3892 D DlbDlbBufferProvider: updateCapacity(): update capacity to 960
01-15 12:07:18.238   627  3892 D DlbDap2Process: setMave(mave = 0)
01-15 12:07:18.238   627  3892 D DlbDapCrossfadeProcess: process transitioning from FADE_TO_ACTIVE state to DAP_ACTIVE
01-15 12:07:18.239   627  3977 I ACDB-LOADER: ACDB AFE returned = -19
01-15 12:07:18.239   627  3977 D audio_hw_primary: enable_audio_route: usecase(1) apply and update mixer path: low-latency-playback speaker
01-15 12:07:18.240   726   757 E ANDR-PERF-OPTSHANDLER: Warning: Resource [2, 0] not supported for core 1. Instead use resource for core 0
01-15 12:07:18.240   726   757 E ANDR-PERF-RESOURCEQS: Failed to apply optimization [2, 2, 0]
01-15 12:07:18.253 13769 13769 D featureTest: receive broadcast , record log :0
01-15 12:07:19.987   627  3512 D audio_hw_primary: disable_audio_route: usecase(0) reset and update mixer path: deep-buffer-playback speaker
01-15 12:07:20.078   627  3892 D DlbDap2Process: process() called [183000] times
01-15 12:07:20.164   945   945 W WindowManager: removeWindowToken: Attempted to remove non-existing token: android.os.Binder@b77b7b
01-15 12:07:20.210   475   475 D SurfaceFlinger: duplicate layer name: changing Toast to Toast#1
01-15 12:07:22.193   945   945 W WindowManager: removeWindowToken: Attempted to remove non-existing token: android.os.Binder@e41042d
01-15 12:07:22.631   710 13801 I NuPlayerDecoder: [audio] saw output EOS
01-15 12:07:22.633   710 13800 D AudioTrack: stop() called with 230400 frames delivered
01-15 12:07:22.737   627  3892 D DlbDap2Process: process() called [183500] times
01-15 12:07:23.129   710 13794 D NuPlayerDriver: notifyListener_l(0xe84b2c40), (2, 0, 0, -1), loop setting(0, 1)
01-15 12:07:23.129   684  7227 D AudioFlinger: trackStateChanged() Track id 301 state changed to 6
01-15 12:07:23.131   684  3974 D AudioFlinger: trackStateChanged() Track id 301 state changed to 6
01-15 12:07:23.150   710 13794 D NuPlayerDriver: notifyListener_l(0xe84b2c40), (6, 0, 0, -1), loop setting(0, 1)
01-15 12:07:23.151   710  1422 W MediaClock: reject anchor time since it is negative.
