01-17 09:23:56.304   710  1422 D NuPlayerDriver: reset(0xe6bcb850) at state 5
01-17 09:23:56.306   710  1422 D NuPlayerDriver: notifyListener_l(0xe6bcb850), (8, 0, 0, -1), loop setting(0, 1)
01-17 09:23:56.307   684   930 D AudioFlinger: trackStateChanged() Track id 760 state changed to 6
01-17 09:23:56.317   717  1650 I DDP_JOCDecoder: -> ~DDPDecoder
01-17 09:23:56.318   717  1650 I DDP_JOCDecoder: -> stop
01-17 09:23:56.319   645   645 I DMSService: unregisterClient type = 4, uid = e7f0fb80
01-17 09:23:56.377   717  1650 I DDP_JOCDecoder: <- stop
01-17 09:23:56.377   717  1650 I ARenderer: ~ARenderer
01-17 09:23:56.377   717  1650 I evo_parser: evo_parser_close
01-17 09:23:56.377   717  1650 I DlbDap2QmfProcess: ~Dap2Process()
01-17 09:23:56.377   717  1650 I DlbDap2QmfProcess: close()
01-17 09:23:56.377   717  1650 I DDP_JOCDecoder: <- ~DDPDecoder
01-17 09:23:56.383   710 31035 D NuPlayerDriver: notifyResetComplete(0xe6bcb850)
01-17 09:23:56.386   710  1422 D AudioTrack: stop() called with 0 frames delivered
01-17 09:23:56.388   627  3892 I DlbEffectContext: setContentProcEnabled() Enabling content processing in global effect
01-17 09:23:56.389   627  3892 D DlbDapEndpointParamCache: commitChangedParams()
01-17 09:23:56.389   627  3892 D DlbDapEndpointParamCache: commit() Applying parameters for device 0x40000000
01-17 09:23:56.389   627  3892 D DlbDap2Process: setParam(iea = #1[10])
01-17 09:23:56.389   627  3892 D DlbDap2Process: setParam(msce = #1[0])
01-17 09:23:56.389   627  3892 D DlbDap2Process: setParam(mdee = #1[0])
01-17 09:23:56.389   627  3892 D DlbDap2Process: setParam(miee = #1[0])
01-17 09:23:56.389   627  3892 D DlbDap2Process: setParam(mdle = #1[0])
01-17 09:23:56.389   627  3892 D DlbDap2Process: setParam(dvle = #1[1])
01-17 09:23:56.389   627  3892 D DlbDap2Process: setParam(mave = #1[0])
01-17 09:23:56.389   627  3892 D DlbDap2Process: setParam(vcbf = #20[47, 141, 234, 328, 469, 656, 844, 1031, 1313, 1688, 2250, 3000, 3750, 4688, 5813, 7125, 9000, 11250, 13875, 19688])
01-17 09:23:56.389   627  3892 D DlbDap2Process: setParam(vbon = #1[0])
01-17 09:23:56.389   627  3892 D DlbDap2Process: setParam(beon = #1[0])
01-17 09:23:56.389   627  3892 D DlbDap2Process: setParam(geon = #1[0])
01-17 09:23:56.389   627  3892 D DlbDap2Process: setParam(ieon = #1[0])
01-17 09:23:56.389   627  3892 D DlbDap2Process: setParam(gebs = #41[20, 47, 141, 234, 328, 469, 656, 844, 1031, 1313, 1688, 2250, 3000, 3750, 4688, 5813, 7125, 9000, 11250, 13875, 19688, 0, 0, 0, 0, 0, 0, 0, 0, 0, 0, 0, 0, 0, 0, 0, 0, 0, 0, 0, 0])
01-17 09:23:56.389   627  3892 D DlbDap2Process: setParam(iebs = #41[20, 65, 136, 223, 332, 467, 634, 841, 1098, 1416, 1812, 2302, 2909, 3663, 4598, 5756, 7194, 8976, 11186, 13927, 17326, 117, 133, 188, 176, 141, 149, 175, 185, 185, 200, 236, 242, 228, 213, 182, 132, 110, 68, -27, -240])
01-17 09:23:56.389   627  3892 D DlbDapEndpointParamCache: doCommit() Committed 15 parameters out of 16.
01-17 09:23:56.389   627  3892 D DlbDapEndpointParamCache: commit() Overriding parameters for current device 0x00000002
01-17 09:23:56.389   627  3892 D DlbDap2Process: setParam(dea = #1[7])
01-17 09:23:56.389   627  3892 D DlbDap2Process: setParam(dsa = #1[10])
01-17 09:23:56.389   627  3892 D DlbDap2Process: setParam(beb = #1[192])
01-17 09:23:56.389   627  3892 D DlbDap2Process: setParam(plb = #1[0])
01-17 09:23:56.389   627  3892 D DlbDap2Process: setParam(vmb = #1[144])
01-17 09:23:56.389   627  3892 D DlbDap2Process: setParam(dsb = #1[48])
01-17 09:23:56.389   627  3892 D DlbDap2Process: setParam(ded = #1[0])
01-17 09:23:56.389   627  3892 D DlbDap2Process: setParam(vbm = #1[3])
01-17 09:23:56.389   627  3892 D DlbDap2Process: setParam(dom = #1[0])
01-17 09:23:56.390   627  3892 D DlbDap2Process: setParam(bew = #1[16])
01-17 09:23:56.390   627  3892 D DlbDap2Process: setParam(dvla = #1[5])
01-17 09:23:56.390   627  3892 D DlbDap2Process: setParam(arra = #1[96])
01-17 09:23:56.390   627  3892 D DlbDap2Process: setParam(dfsa = #1[10])
01-17 09:23:56.390   627  3892 D DlbDap2Process: setParam(dhsa = #1[10])
01-17 09:23:56.390   627  3892 D DlbDap2Process: setParam(dvmc = #1[0])
01-17 09:23:56.390   627  3892 D DlbDap2Process: setParam(arod = #1[0])
01-17 09:23:56.390   627  3892 D DlbDap2Process: setParam(arde = #1[1])
01-17 09:23:56.390   627  3892 D DlbDap2Process: setParam(dvle = #1[1])
01-17 09:23:56.390   627  3892 D DlbDap2Process: setParam(dvme = #1[0])
01-17 09:23:56.390   627  3892 D DlbDap2Process: setParam(becf = #1[200])
01-17 09:23:56.390   627  3892 D DlbDap2Process: setParam(vbmf = #2[94, 469])
01-17 09:23:56.390   627  3892 D DlbDap2Process: setParam(vbsf = #2[35, 160])
01-17 09:23:56.390   627  3892 D DlbDap2Process: setParam(vbhg = #3[-32, -144, -192])
01-17 09:23:56.390   627  3892 D DlbDap2Process: setParam(vbog = #1[0])
01-17 09:23:56.390   627  3892 D DlbDap2Process: setParam(vbsg = #1[0])
01-17 09:23:56.390   627  3892 D DlbDap2Process: setParam(dvli = #1[-320])
01-17 09:23:56.390   627  3892 D DlbDap2Process: setParam(dhfm = #1[2])
01-17 09:23:56.390   627  3892 D DlbDap2Process: setParam(vbon = #1[0])
01-17 09:23:56.390   627  3892 D DlbDap2Process: setParam(beon = #1[0])
01-17 09:23:56.390   627  3892 D DlbDap2Process: setParam(deon = #1[0])
01-17 09:23:56.390   627  3892 D DlbDap2Process: setParam(ngon = #1[1])
01-17 09:23:56.390   627  3892 D DlbDap2Process: setParam(aoon = #1[1])
01-17 09:23:56.390   627  3892 D DlbDap2Process: setParam(aron = #1[1])
01-17 09:23:56.390   627  3892 D DlbDap2Process: setParam(dvlo = #1[-320])
01-17 09:23:56.390   627  3892 D DlbDap2Process: setParam(artp = #1[12])
01-17 09:23:56.390   627  3892 D DlbDap2Process: setParam(aobs = #222[20, 10, 47, 141, 234, 328, 469, 656, 844, 1031, 1313, 1688, 2250, 3000, 3750, 4688, 5813, 7125, 9000, 11250, 13875, 19688, 0, 0, 0, 0, 0, 0, 0, 0, 0, 0, 0, 0, 0, 0, 0, 0, 0, 0, 0, 0, 0, 0, 0, 0, 0, 0, 0, 0, 0, 0, 0, 0, 0, 0, 0, 0, 0, 0, 0, 0, 0, 0, 0, 0, 0, 0, 0, 0, 0, 0, 0, 0, 0, 0, 0, 0, 0, 0, 0, 0, 0, 0, 0, 0, 0, 0, 0, 0, 0, 0, 0, 0, 0, 0, 0, 0, 0, 0, 0, 0, 0, 0, 0, 0, 0, 0, 0, 0, 0, 0, 0, 0, 0, 0, 0, 0, 0, 0, 0, 0, 0, 0, 0, 0, 0, 0, 0, 0, 0, 0, 0, 0, 0, 0, 0, 0, 0, 0, 0, 0, 0, 0, 0, 0, 0, 0, 0, 0, 0, 0, 0, 0, 0, 0, 0, 0, 0, 0, 0, 0, 0, 0, 0, 0, 0, 0, 0, 0, 0, 0, 0, 0, 0, 0, 0, 0, 0, 0, 0, 0, 0, 0, 0, 0, 0, 0, 0, 0, 0, 0, 0, 0, 0, 0, 0, 0, 0, 0, 0, 0, 0, 0, 0, 0, 0, 0, 0, 0, 0, 0, 0, 0, 0, 0, 0, 0, 0, 0, 0, 0])
01-17 09:23:56.391   627  3892 D DlbDap2Process: setParam(arbs = #81[20, 47, 141, 234, 328, 469, 656, 844, 1031, 1313, 1688, 2250, 3000, 3750, 4688, 5813, 7125, 9000, 11250, 13875, 19688, -192, -192, -192, -192, -192, -192, -192, -192, -192, -192, -192, -192, -192, -192, -192, -192, -192, -192, -192, -192, 0, 0, 0, 0, 0, 0, 0, 0, 0, 0, 0, 0, 0, 0, 0, 0, 0, 0, 0, 0, 0, 0, 0, 0, 0, 0, 0, 0, 0, 0, 0, 0, 0, 0, 0, 0, 0, 0, 0, 0])
01-17 09:23:56.391   627  3892 D DlbDapEndpointParamCache: doCommit() Committed 37 parameters out of 37.
01-17 09:23:56.391   627  3892 D DlbDap2Process: setMave(mave = 0)
01-17 09:23:56.452   684  1061 D AudioFlinger: trackStateChanged() Track id 760 state changed to 2
01-17 09:23:56.452   684  1061 I AudioFlinger: updateProcessedAudioState() Changing content processing in effect to 0
01-17 09:23:56.452   627   924 D DlbDlbEffect: handle_EFFECT_CMD_SET_PARAM()
01-17 09:23:56.473   684  1061 D AudioFlinger: trackDestroyed() Track id 760 no longer contains processed audio
01-17 09:23:56.474   684   928 W AudioFlinger::EffectModule: EffectModule 0xed0e2500 destructor called with unreleased interface
01-17 09:23:56.475   684   928 W AudioFlinger::EffectHandle: disconnect Effect handle 0xee163440 disconnected after thread destruction
01-17 09:23:56.476   627   924 D DlbDlbEffect: handle_EFFECT_CMD_DISABLE()
01-17 09:23:56.476   627   924 D DlbDapCrossfadeProcess: setEnabled transitioning from DAP_ACTIVE state to FADE_TO_BYPASS
01-17 09:23:56.479   627   924 D DlbDlbEffect: handle_EFFECT_CMD_SET_CONFIG()
01-17 09:23:56.479   627   627 D DlbDapEndpointParamCache: setDevice(device=0x00000002)
01-17 09:23:56.479   645   645 D DMSService: setActiveDevice called with device = 0x2
01-17 09:23:56.479   627   924 D DlbDlbEffect: handle_EFFECT_CMD_ENABLE()
01-17 09:23:56.480   627   924 D DlbDapCrossfadeProcess: setEnabled transitioning from FADE_TO_BYPASS state to FADE_TO_ACTIVE
01-17 09:23:56.602 31078 31078 D featureTest: onCreate
01-17 09:23:56.606 31078 31078 D AudioTrack: Client defaulted notificationFrames to 962 for frameCount 1924
01-17 09:23:56.609 31078 31078 W AudioTrack: Use of stream types is deprecated for operations other than volume control
01-17 09:23:56.609 31078 31078 W AudioTrack: See the documentation of AudioTrack() for what to use instead with android.media.AudioAttributes to qualify your playback use case
01-17 09:23:56.621 31078 31078 D featureTest: onResume
01-17 09:23:57.484 31078 31078 D featureTest: receive broadcast , playing content location :/sdcard/featureTest/ChID_voices_51_384_ddp_joc.mp4
01-17 09:23:57.495 31078 31078 D featureTest: mMediaPlayer.getAudioSessionId(): 5697
01-17 09:23:57.495 31078 31078 D featureTest: Playing file: /sdcard/featureTest/ChID_voices_51_384_ddp_joc.mp4
01-17 09:23:57.498   710  1422 D NuPlayerDriver: NuPlayerDriver(0xe6bcb850) created, clientPid(31078)
01-17 09:23:57.524   710 31105 D NuPlayerDriver: notifyListener_l(0xe6bcb850), (1, 0, 0, -1), loop setting(0, 0)
01-17 09:23:57.535   710  1422 D NuPlayerDriver: start(0xe6bcb850), state is 4, eos is 0
01-17 09:23:57.550   717 21044 I OMXMaster: makeComponentInstance(OMX.dolby.eac3_joc.decoder) in omx@1.0-service process
01-17 09:23:57.555 31078 31078 D featureTest: receive broadcast , change ds status :0
01-17 09:23:57.565   627   924 D DlbDlbEffect: handle_EFFECT_CMD_SET_PARAM()
01-17 09:23:57.605   717 21044 I DDP_JOCDecoder: -> init name OMX.dolby.eac3_joc.decoder
01-17 09:23:57.606   645   645 I DMSService: registerClient type = 0, uid = e8392830
01-17 09:23:57.608   717 21044 I DDP_JOCDecoder: <- init
01-17 09:23:57.608   717 21044 D DDP_JOCDecoder: initPorts
01-17 09:23:57.609   710 31112 I ACodec  : codec does not support config priority (err -2147483648)
01-17 09:23:57.612   710 31112 I MediaCodec: MediaCodec will operate in async mode
01-17 09:23:57.612   710 31112 I ACodec  : setDolbyParameterOnProcessedAudio() Received dolby_processed_audio=1
01-17 09:23:57.612   710 31111 I NuPlayerDecoder: setDolbyMessage() Notifying player that Codec supports dolby_processed_audio flag
01-17 09:23:57.612   710 31105 I NuPlayer: onDolbyMessageReceived() Setting dolby_processed_audio flag on audio sink
01-17 09:23:57.612   645   645 I DMSService: unregisterClient type = 0, uid = e8392830
01-17 09:23:57.615 31078 31078 D featureTest: receive broadcast , change ds profile id :2
01-17 09:23:57.623   627   924 D DlbDlbEffect: handle_EFFECT_CMD_SET_PARAM()
01-17 09:23:57.648   645   713 I DapController: Profile Changed to Music
01-17 09:23:57.651   645   645 I DMSService: registerClient type = 4, uid = e8392820
01-17 09:23:57.653   717 21044 D DDP_JOCDecoder: internalSetParameter() Instantiating ARenderer for content processing in decoder
01-17 09:23:57.653   717 21044 I DlbDap2QmfProcess: Dap2Process()
01-17 09:23:57.653   717 21044 I ARenderer: ARenderer
01-17 09:23:57.653   717 21044 I evo_parser: evo_parser_init
01-17 09:23:57.653   717 21044 I DlbDap2QmfProcess: init()
01-17 09:23:57.653   717 21044 I DlbDap2QmfProcess: open()
01-17 09:23:57.654   717 21044 I DlbDap2QmfProcess: loadLicense() no license check!
01-17 09:23:57.654   717 21044 I DlbDap2QmfProcess: validateLicense() no license check!
01-17 09:23:57.654   717 21044 I DlbDap2QmfProcess: init() DAP opened
01-17 09:23:57.654   717 21044 I DlbDap2QmfProcess: DAP library version: 2.5.1-P2.0
01-17 09:23:57.654   717 21044 D DlbDap2QmfProcess: DAP output mode set to 1 with 2 output channels and null mix matrix.
01-17 09:23:57.655   710 31112 I ACodec  : setDolbyParameterOnProcessedAudio() Content processing enabled in decoder
01-17 09:23:57.668 31078 31078 D featureTest: receive broadcast , playing content location :/sdcard/featureTest/ChID_voices_51_384_ddp_joc.mp4
01-17 09:23:57.669   717 31116 I DDP_JOCDecoder: -> start
01-17 09:23:57.670   710  1422 D NuPlayerDriver: stop(0xe6bcb850)
01-17 09:23:57.670   717 31116 D DDP_JOCDecoder: Setting Max Output Channels to 2
01-17 09:23:57.670   710  1422 D NuPlayerDriver: notifyListener_l(0xe6bcb850), (8, 0, 0, -1), loop setting(0, 1)
01-17 09:23:57.671   717 31116 D DDP_JOCDecoder: setMultiChannelPCMOutDownmix mConfig->jocForceDownmixMode 1
01-17 09:23:57.671   717 31116 I udc_user: 
01-17 09:23:57.671   717 31116 I udc_user: *** DDPlus Unified Decoder Simulation  Version 1.7.3 ***
01-17 09:23:57.671   717 31116 I udc_user: 
01-17 09:23:57.671   717 31116 I udc_user: 7.1-channel decoder-converter, 
01-17 09:23:57.671   717 31116 I udc_user: 
01-17 09:23:57.671   717 31116 I udc_user: 5.1-channel dual-decoder-converter, 
01-17 09:23:57.671   717 31116 I udc_user: Karaoke unsupported, 
01-17 09:23:57.671   717 31116 I udc_user: TPNP supported. 
01-17 09:23:57.671   717 31116 I udc_user: 
01-17 09:23:57.671   717 31116 I udc_user: Unpublished work.  Copyright 2003-2014 Dolby Laboratories, Inc. and
01-17 09:23:57.671   717 31116 I udc_user: Dolby Laboratories Licensing Corporation.  All Rights Reserved.
01-17 09:23:57.671   717 31116 I udc_user: 
01-17 09:23:57.671   717 31116 I udc_user: USE OF THIS SOFTWARE IS SUBJECT TO A LEGAL AGREEMENT BETWEEN YOU AND DOLBY
01-17 09:23:57.671   717 31116 I udc_user: LABORATORIES. DO NOT USE THIS SOFTWARE UNLESS YOU AGREE TO THE TERMS AND 
01-17 09:23:57.671   717 31116 I udc_user: CONDITIONS IN THE AGREEMENT.  BY USING THIS SOFTWARE, YOU ACKNOWLEDGE THAT 
01-17 09:23:57.671   717 31116 I udc_user: YOU HAVE READ THE AGREEMENT AND THAT YOU AGREE TO BE BOUND BY ITS TERMS. 
01-17 09:23:57.671   717 31116 I udc_user: 
01-17 09:23:57.671   710  1422 D NuPlayerDriver: reset(0xe6bcb850) at state 8
01-17 09:23:57.672   717 31116 I ddpdec_client_joc: ddpdec_open JOCD_MODE Buffer assignment
01-17 09:23:57.672   717 31116 D DDP_JOCDecoder: mStarted = 1
01-17 09:23:57.672   717 31116 I DDP_JOCDecoder: <- start
01-17 09:23:57.673   717 31116 D ddpdec_client_joc: ddpdec_client.c|int configDecoder()
01-17 09:23:57.675   717 31116 D DDP_JOCDecoder: Setting Max Output Channels to 2
01-17 09:23:57.675   717 31116 I DlbDap2QmfProcess: close()
01-17 09:23:57.676   717 31116 I DlbDap2QmfProcess: init()
01-17 09:23:57.676   717 31116 I DlbDap2QmfProcess: open()
01-17 09:23:57.676   717 31116 I DlbDap2QmfProcess: loadLicense() no license check!
01-17 09:23:57.676   717 31116 I DlbDap2QmfProcess: validateLicense() no license check!
01-17 09:23:57.676   717 31116 I DlbDap2QmfProcess: init() DAP opened
01-17 09:23:57.676   717 31116 I DlbDap2QmfProcess: DAP library version: 2.5.1-P2.0
01-17 09:23:57.676   717 31116 D DlbDap2QmfProcess: DAP output mode set to 1 with 2 output channels and null mix matrix.
01-17 09:23:57.676   717 31116 D ARenderer: checkAndUpdateConfig: DAP reinitialized because of sample rate change
01-17 09:23:57.676   717 31116 D ARenderer: updateDapConfig: Updating DAP configuration
01-17 09:23:57.676   717 31116 I ARenderer: updateDapConfig: Disable content processing in decoder-ARenderer
01-17 09:23:57.676   717 31116 D DlbDap2QmfProcess: setParam(deon = #1[0])
01-17 09:23:57.676   717 31116 D DlbDap2QmfProcess: setParam(dvle = #1[0])
01-17 09:23:57.676   717 31116 D DlbDap2QmfProcess: setParam(ieon = #1[0])
01-17 09:23:57.676   717 31116 D DlbDap2QmfProcess: setParam(dvme = #1[0])
01-17 09:23:57.676   717 31116 D DlbDap2QmfProcess: setParam(dom = #1[0])
01-17 09:23:57.676   717 31116 D DlbDap2QmfProcess: setParam(msce = #1[0])
01-17 09:23:57.676   717 31116 D DlbDap2QmfProcess: setParam(miee = #1[0])
01-17 09:23:57.676   717 31116 D DlbDap2QmfProcess: setParam(mdle = #1[0])
01-17 09:23:57.677   717 31116 D DlbDap2QmfProcess: setParam(mdee = #1[0])
01-17 09:23:57.677   717 31116 D DlbDap2QmfProcess: setParam(mave = #1[0])
01-17 09:23:57.677   717 31116 D DlbDap2QmfProcess: setParam(ngon = #1[0])
01-17 09:23:57.677   717 31116 D DlbDap2QmfProcess: setParam(dvle = #1[1])
01-17 09:23:57.677   717 31116 D DlbDap2QmfProcess: setParam(dvli = #1[-496])
01-17 09:23:57.677   717 31116 D DlbDap2QmfProcess: setParam(dvlo = #1[-224])
01-17 09:23:57.677   717 31116 D ARenderer: updateDapVolumeLeveler: Setting output level to -14.00dB
01-17 09:23:57.677   717 31116 D DlbDap2QmfProcess: setParam(vmb = #1[0])
01-17 09:23:57.677   717 31116 D DlbDap2QmfProcess: setParam(preg = #1[-384])
01-17 09:23:57.677   717 31116 D DlbDap2QmfProcess: setParam(vol = #1[384])
01-17 09:23:57.678   717 31116 D DlbDap2QmfProcess: processQmf() called [0] times
01-17 09:23:57.678   717 31116 D DlbDap2QmfProcess: setMave(mave = 0)
01-17 09:23:57.684   717 21044 I DDP_JOCDecoder: -> ~DDPDecoder
01-17 09:23:57.684   717 21044 I DDP_JOCDecoder: -> stop
01-17 09:23:57.684   645   645 I DMSService: unregisterClient type = 4, uid = e8392820
01-17 09:23:57.724   717 21044 I DDP_JOCDecoder: <- stop
01-17 09:23:57.724   717 21044 I ARenderer: ~ARenderer
01-17 09:23:57.724   717 21044 I evo_parser: evo_parser_close
01-17 09:23:57.724   717 21044 I DlbDap2QmfProcess: ~Dap2Process()
01-17 09:23:57.724   717 21044 I DlbDap2QmfProcess: close()
01-17 09:23:57.724   717 21044 I DDP_JOCDecoder: <- ~DDPDecoder
01-17 09:23:57.729   710 31105 D NuPlayerDriver: notifyResetComplete(0xe6bcb850)
01-17 09:23:57.729   710   900 D NuPlayerDriver: reset(0xe6bcb850) at state 0
01-17 09:23:57.736 31078 31078 D featureTest: mMediaPlayer.getAudioSessionId(): 5705
01-17 09:23:57.736 31078 31078 D featureTest: Playing file: /sdcard/featureTest/ChID_voices_51_384_ddp_joc.mp4
01-17 09:23:57.737   710   900 D NuPlayerDriver: NuPlayerDriver(0xe6bcb7e0) created, clientPid(31078)
01-17 09:23:57.754   710 31128 D NuPlayerDriver: notifyListener_l(0xe6bcb7e0), (1, 0, 0, -1), loop setting(0, 0)
01-17 09:23:57.758   710  1422 D NuPlayerDriver: start(0xe6bcb7e0), state is 4, eos is 0
01-17 09:23:57.766 31078 31078 D featureTest: receive broadcast , change ds status :1
01-17 09:23:57.776   717  5320 I OMXMaster: makeComponentInstance(OMX.dolby.eac3_joc.decoder) in omx@1.0-service process
01-17 09:23:57.783   627   627 D DlbDlbEffect: handle_EFFECT_CMD_SET_PARAM()
01-17 09:23:57.819   717  5320 I DDP_JOCDecoder: -> init name OMX.dolby.eac3_joc.decoder
01-17 09:23:57.820   645   645 I DMSService: registerClient type = 0, uid = e7f0fb80
01-17 09:23:57.820   717  5320 I DDP_JOCDecoder: <- init
01-17 09:23:57.820   717  5320 D DDP_JOCDecoder: initPorts
01-17 09:23:57.821   710 31133 I ACodec  : codec does not support config priority (err -2147483648)
01-17 09:23:57.822   710 31133 I MediaCodec: MediaCodec will operate in async mode
01-17 09:23:57.822   710 31133 I ACodec  : setDolbyParameterOnProcessedAudio() Received dolby_processed_audio=1
01-17 09:23:57.822   710 31132 I NuPlayerDecoder: setDolbyMessage() Notifying player that Codec supports dolby_processed_audio flag
01-17 09:23:57.822   710 31128 I NuPlayer: onDolbyMessageReceived() Setting dolby_processed_audio flag on audio sink
01-17 09:23:57.823   645   645 I DMSService: unregisterClient type = 0, uid = e7f0fb80
01-17 09:23:57.836 31078 31078 D featureTest: receive broadcast , change ds profile id :5
01-17 09:23:57.844   627   627 D DlbDlbEffect: handle_EFFECT_CMD_SET_PARAM()
01-17 09:23:57.852   645   645 I DMSService: registerClient type = 4, uid = e7f0fb90
01-17 09:23:57.852   645   713 I DapController: Profile Changed to Custom
01-17 09:23:57.853   717  1650 D DDP_JOCDecoder: internalSetParameter() Instantiating ARenderer for content processing in decoder
01-17 09:23:57.853   717  1650 I DlbDap2QmfProcess: Dap2Process()
01-17 09:23:57.853   717  1650 I ARenderer: ARenderer
01-17 09:23:57.853   717  1650 I evo_parser: evo_parser_init
01-17 09:23:57.853   717  1650 I DlbDap2QmfProcess: init()
01-17 09:23:57.853   717  1650 I DlbDap2QmfProcess: open()
01-17 09:23:57.853   717  1650 I DlbDap2QmfProcess: loadLicense() no license check!
01-17 09:23:57.853   717  1650 I DlbDap2QmfProcess: validateLicense() no license check!
01-17 09:23:57.853   717  1650 I DlbDap2QmfProcess: init() DAP opened
01-17 09:23:57.853   717  1650 I DlbDap2QmfProcess: DAP library version: 2.5.1-P2.0
01-17 09:23:57.853   717  1650 D DlbDap2QmfProcess: DAP output mode set to 1 with 2 output channels and null mix matrix.
01-17 09:23:57.853   710 31133 I ACodec  : setDolbyParameterOnProcessedAudio() Content processing enabled in decoder
01-17 09:23:57.861   717 31136 I DDP_JOCDecoder: -> start
01-17 09:23:57.861   717 31136 D DDP_JOCDecoder: Setting Max Output Channels to 2
01-17 09:23:57.861   717 31136 D DDP_JOCDecoder: setMultiChannelPCMOutDownmix mConfig->jocForceDownmixMode 1
01-17 09:23:57.861   717 31136 I udc_user: 
01-17 09:23:57.861   717 31136 I udc_user: *** DDPlus Unified Decoder Simulation  Version 1.7.3 ***
01-17 09:23:57.862   717 31136 I udc_user: 
01-17 09:23:57.862   717 31136 I udc_user: 7.1-channel decoder-converter, 
01-17 09:23:57.862   717 31136 I udc_user: 
01-17 09:23:57.862   717 31136 I udc_user: 5.1-channel dual-decoder-converter, 
01-17 09:23:57.862   717 31136 I udc_user: Karaoke unsupported, 
01-17 09:23:57.862   717 31136 I udc_user: TPNP supported. 
01-17 09:23:57.862   717 31136 I udc_user: 
01-17 09:23:57.862   717 31136 I udc_user: Unpublished work.  Copyright 2003-2014 Dolby Laboratories, Inc. and
01-17 09:23:57.862   717 31136 I udc_user: Dolby Laboratories Licensing Corporation.  All Rights Reserved.
01-17 09:23:57.862   717 31136 I udc_user: 
01-17 09:23:57.862   717 31136 I udc_user: USE OF THIS SOFTWARE IS SUBJECT TO A LEGAL AGREEMENT BETWEEN YOU AND DOLBY
01-17 09:23:57.862   717 31136 I udc_user: LABORATORIES. DO NOT USE THIS SOFTWARE UNLESS YOU AGREE TO THE TERMS AND 
01-17 09:23:57.862   717 31136 I udc_user: CONDITIONS IN THE AGREEMENT.  BY USING THIS SOFTWARE, YOU ACKNOWLEDGE THAT 
01-17 09:23:57.862   717 31136 I udc_user: YOU HAVE READ THE AGREEMENT AND THAT YOU AGREE TO BE BOUND BY ITS TERMS. 
01-17 09:23:57.862   717 31136 I udc_user: 
01-17 09:23:57.863   717 31136 I ddpdec_client_joc: ddpdec_open JOCD_MODE Buffer assignment
01-17 09:23:57.863   717 31136 D DDP_JOCDecoder: mStarted = 1
01-17 09:23:57.863   717 31136 I DDP_JOCDecoder: <- start
01-17 09:23:57.864   717 31136 D ddpdec_client_joc: ddpdec_client.c|int configDecoder()
01-17 09:23:57.866   717 31136 D DDP_JOCDecoder: Setting Max Output Channels to 2
01-17 09:23:57.868   717 31136 I DlbDap2QmfProcess: close()
01-17 09:23:57.868   717 31136 I DlbDap2QmfProcess: init()
01-17 09:23:57.868   717 31136 I DlbDap2QmfProcess: open()
01-17 09:23:57.868   717 31136 I DlbDap2QmfProcess: loadLicense() no license check!
01-17 09:23:57.868   717 31136 I DlbDap2QmfProcess: validateLicense() no license check!
01-17 09:23:57.868   717 31136 I DlbDap2QmfProcess: init() DAP opened
01-17 09:23:57.868   717 31136 I DlbDap2QmfProcess: DAP library version: 2.5.1-P2.0
01-17 09:23:57.868   717 31136 D DlbDap2QmfProcess: DAP output mode set to 1 with 2 output channels and null mix matrix.
01-17 09:23:57.868   717 31136 D ARenderer: checkAndUpdateConfig: DAP reinitialized because of sample rate change
01-17 09:23:57.868   717 31136 D ARenderer: updateDapConfig: Updating DAP configuration
01-17 09:23:57.868   717 31136 D DlbDap2QmfProcess: setParam(iea = #1[10])
01-17 09:23:57.868   717 31136 D DlbDap2QmfProcess: setParam(msce = #1[0])
01-17 09:23:57.868   717 31136 D DlbDap2QmfProcess: setParam(mdee = #1[0])
01-17 09:23:57.869   717 31136 D DlbDap2QmfProcess: setParam(miee = #1[0])
01-17 09:23:57.869   717 31136 D DlbDap2QmfProcess: setParam(mdle = #1[0])
01-17 09:23:57.869   717 31136 D DlbDap2QmfProcess: setParam(dvle = #1[1])
01-17 09:23:57.869   717 31136 D DlbDap2QmfProcess: setParam(mave = #1[0])
01-17 09:23:57.869   717 31136 D DlbDap2QmfProcess: setParam(vcbf = #20[47, 141, 234, 328, 469, 656, 844, 1031, 1313, 1688, 2250, 3000, 3750, 4688, 5813, 7125, 9000, 11250, 13875, 19688])
01-17 09:23:57.869   717 31136 D DlbDap2QmfProcess: setParam(ieon = #1[0])
01-17 09:23:57.869   717 31136 D DlbDap2QmfProcess: setParam(gebs = #41[20, 47, 141, 234, 328, 469, 656, 844, 1031, 1313, 1688, 2250, 3000, 3750, 4688, 5813, 7125, 9000, 11250, 13875, 19688, 0, 0, 0, 0, 0, 0, 0, 0, 0, 0, 0, 0, 0, 0, 0, 0, 0, 0, 0, 0])
01-17 09:23:57.869   717 31136 D DlbDap2QmfProcess: setParam(iebs = #41[20, 65, 136, 223, 332, 467, 634, 841, 1098, 1416, 1812, 2302, 2909, 3663, 4598, 5756, 7194, 8976, 11186, 13927, 17326, 117, 133, 188, 176, 141, 149, 175, 185, 185, 200, 236, 242, 228, 213, 182, 132, 110, 68, -27, -240])
01-17 09:23:57.869   717 31136 D DlbDap2QmfProcess: setParam(dea = #1[7])
01-17 09:23:57.869   717 31136 D DlbDap2QmfProcess: setParam(dsa = #1[10])
01-17 09:23:57.869   717 31136 D DlbDap2QmfProcess: setParam(beb = #1[192])
01-17 09:23:57.869   717 31136 D DlbDap2QmfProcess: setParam(plb = #1[0])
01-17 09:23:57.869   717 31136 D DlbDap2QmfProcess: setParam(vmb = #1[144])
01-17 09:23:57.869   717 31136 D DlbDap2QmfProcess: setParam(dsb = #1[48])
01-17 09:23:57.869   717 31136 D DlbDap2QmfProcess: setParam(ded = #1[0])
01-17 09:23:57.869   717 31136 D DlbDap2QmfProcess: setParam(dom = #1[0])
01-17 09:23:57.869   717 31136 D DlbDap2QmfProcess: setParam(bew = #1[16])
01-17 09:23:57.869   717 31136 D DlbDap2QmfProcess: setParam(dvla = #1[5])
01-17 09:23:57.869   717 31136 D DlbDap2QmfProcess: setParam(dfsa = #1[10])
01-17 09:23:57.869   717 31136 D DlbDap2QmfProcess: setParam(dhsa = #1[10])
01-17 09:23:57.869   717 31136 D DlbDap2QmfProcess: setParam(dvmc = #1[0])
01-17 09:23:57.869   717 31136 D DlbDap2QmfProcess: setParam(dvle = #1[1])
01-17 09:23:57.869   717 31136 D DlbDap2QmfProcess: setParam(dvme = #1[0])
01-17 09:23:57.870   717 31136 D DlbDap2QmfProcess: setParam(becf = #1[200])
01-17 09:23:57.870   717 31136 D DlbDap2QmfProcess: setParam(vbmf = #2[94, 469])
01-17 09:23:57.870   717 31136 D DlbDap2QmfProcess: setParam(vbsf = #2[35, 160])
01-17 09:23:57.870   717 31136 D DlbDap2QmfProcess: setParam(vbhg = #3[-32, -144, -192])
01-17 09:23:57.870   717 31136 D DlbDap2QmfProcess: setParam(vbog = #1[0])
01-17 09:23:57.870   717 31136 D DlbDap2QmfProcess: setParam(vbsg = #1[0])
01-17 09:23:57.870   717 31136 D DlbDap2QmfProcess: setParam(dvli = #1[-320])
01-17 09:23:57.870   717 31136 D DlbDap2QmfProcess: setParam(dhfm = #1[2])
01-17 09:23:57.870   717 31136 D DlbDap2QmfProcess: setParam(deon = #1[0])
01-17 09:23:57.870   717 31136 D DlbDap2QmfProcess: setParam(ngon = #1[1])
01-17 09:23:57.870   717 31136 D DlbDap2QmfProcess: setParam(dvlo = #1[-320])
01-17 09:23:57.870   717 31136 D DlbDap2QmfProcess: setParam(aobs = #222[20, 10, 47, 141, 234, 328, 469, 656, 844, 1031, 1313, 1688, 2250, 3000, 3750, 4688, 5813, 7125, 9000, 11250, 13875, 19688, 0, 0, 0, 0, 0, 0, 0, 0, 0, 0, 0, 0, 0, 0, 0, 0, 0, 0, 0, 0, 0, 0, 0, 0, 0, 0, 0, 0, 0, 0, 0, 0, 0, 0, 0, 0, 0, 0, 0, 0, 0, 0, 0, 0, 0, 0, 0, 0, 0, 0, 0, 0, 0, 0, 0, 0, 0, 0, 0, 0, 0, 0, 0, 0, 0, 0, 0, 0, 0, 0, 0, 0, 0, 0, 0, 0, 0, 0, 0, 0, 0, 0, 0, 0, 0, 0, 0, 0, 0, 0, 0, 0, 0, 0, 0, 0, 0, 0, 0, 0, 0, 0, 0, 0, 0, 0, 0, 0, 0, 0, 0, 0, 0, 0, 0, 0, 0, 0, 0, 0, 0, 0, 0, 0, 0, 0, 0, 0, 0, 0, 0, 0, 0, 0, 0, 0, 0, 0, 0, 0, 0, 0, 0, 0, 0, 0, 0, 0, 0, 0, 0, 0, 0, 0, 0, 0, 0, 0, 0, 0, 0, 0, 0, 0, 0, 0, 0, 0, 0, 0, 0, 0, 0, 0, 0, 0, 0, 0, 0, 0, 0, 0, 0, 0, 0, 0, 0, 0, 0, 0, 0, 0, 0, 0, 0, 0, 0, 0, 0, 0])
01-17 09:23:57.870   717 31136 D DlbDap2QmfProcess: setParam(dvle = #1[1])
01-17 09:23:57.870   717 31136 D DlbDap2QmfProcess: setParam(dvli = #1[-496])
01-17 09:23:57.870   717 31136 D DlbDap2QmfProcess: setParam(dvlo = #1[-176])
01-17 09:23:57.870   717 31136 D ARenderer: updateDapVolumeLeveler: Setting output level to -11.00dB
01-17 09:23:57.870   717 31136 D DlbDap2QmfProcess: setParam(vmb = #1[0])
01-17 09:23:57.870   717 31136 D DlbDap2QmfProcess: setParam(preg = #1[-384])
01-17 09:23:57.870   717 31136 D DlbDap2QmfProcess: setParam(vol = #1[384])
01-17 09:23:57.870   717 31136 D DlbDap2QmfProcess: processQmf() called [0] times
01-17 09:23:57.870   717 31136 D DlbDap2QmfProcess: setMave(mave = 0)
01-17 09:23:57.881   710 31131 D AudioTrack: Client defaulted notificationFrames to 12000 for frameCount 24000
01-17 09:23:57.882   684  3974 I AudioFlinger: attachAuxEffect(): Marking track 762 as containing processed audio
01-17 09:23:57.882   684  3974 D AudioFlinger: trackContainsProcessedAudio() Track id 762 contains processed audio
01-17 09:23:57.886   627   922 D DlbDlbEffect: handle_EFFECT_CMD_DISABLE()
01-17 09:23:57.886   627   922 D DlbDapCrossfadeProcess: setEnabled transitioning from FADE_TO_ACTIVE state to FADE_TO_BYPASS
01-17 09:23:57.888   627   924 D DlbDlbEffect: handle_EFFECT_CMD_SET_CONFIG()
01-17 09:23:57.888   627   627 D DlbDapEndpointParamCache: setDevice(device=0x00000002)
01-17 09:23:57.888   645   645 D DMSService: setActiveDevice called with device = 0x2
01-17 09:23:57.889   627   627 D DlbDlbEffect: handle_EFFECT_CMD_ENABLE()
01-17 09:23:57.889   627   627 D DlbDapCrossfadeProcess: setEnabled transitioning from FADE_TO_BYPASS state to FADE_TO_ACTIVE
01-17 09:23:57.889   684  3974 W AudioFlinger: moveDolbyEffect() effect chain for session 0 not on source thread 0xee0ae580
01-17 09:23:57.889   684  3974 D AudioFlinger: trackStateChanged() Track id 762 state changed to 6
01-17 09:23:57.889   684  3974 I AudioFlinger: updateProcessedAudioState() Changing content processing in effect to 1
01-17 09:23:57.889   627   922 D DlbDlbEffect: handle_EFFECT_CMD_SET_PARAM()
01-17 09:23:57.890   710 31128 D NuPlayerDriver: notifyListener_l(0xe6bcb7e0), (6, 0, 0, -1), loop setting(0, 1)
01-17 09:23:57.903 31078 31078 D featureTest: receive broadcast , change virtual speaker  virtualizer :0
01-17 09:23:57.916   627  3892 I DlbEffectContext: setContentProcEnabled() Disabling content processing in effect
01-17 09:23:57.916   627  3892 D DlbDapEndpointParamCache: commitChangedParams()
01-17 09:23:57.916   627  3892 D DlbDapEndpointParamCache: commit() Applying parameters for device 0x40000000
01-17 09:23:57.916   627  3892 D DlbDap2Process: setParam(msce = #1[0])
01-17 09:23:57.916   627  3892 D DlbDap2Process: setParam(mdee = #1[0])
01-17 09:23:57.916   627  3892 D DlbDap2Process: setParam(miee = #1[0])
01-17 09:23:57.916   627  3892 D DlbDap2Process: setParam(mdle = #1[0])
01-17 09:23:57.916   627  3892 D DlbDap2Process: setParam(dvle = #1[0])
01-17 09:23:57.916   627  3892 D DlbDap2Process: setParam(mave = #1[0])
01-17 09:23:57.916   627  3892 D DlbDap2Process: setParam(ieon = #1[0])
01-17 09:23:57.916   627  3892 D DlbDapEndpointParamCache: doCommit() Committed 7 parameters out of 16.
01-17 09:23:57.916   627  3892 D DlbDapEndpointParamCache: commit() Overriding parameters for current device 0x00000002
01-17 09:23:57.916   627  3892 D DlbDap2Process: setParam(dom = #1[0])
01-17 09:23:57.916   627  3892 D DlbDap2Process: setParam(dvle = #1[0])
01-17 09:23:57.916   627  3892 D DlbDap2Process: setParam(dvme = #1[0])
01-17 09:23:57.916   627  3892 D DlbDap2Process: setParam(deon = #1[0])
01-17 09:23:57.916   627  3892 D DlbDap2Process: setParam(ngon = #1[0])
01-17 09:23:57.916   627  3892 D DlbDapEndpointParamCache: doCommit() Committed 5 parameters out of 37.
01-17 09:23:57.918   627  3892 D DlbDapEndpointParamCache: commitChangedParams()
01-17 09:23:57.918   627  3892 D DlbDapEndpointParamCache: commit() Applying parameters for device 0x40000000
01-17 09:23:57.918   627  3892 D DlbDap2Process: setParam(iea = #1[10])
01-17 09:23:57.918   627  3892 D DlbDap2Process: setParam(vcbf = #20[47, 141, 234, 328, 469, 656, 844, 1031, 1313, 1688, 2250, 3000, 3750, 4688, 5813, 7125, 9000, 11250, 13875, 19688])
01-17 09:23:57.918   627  3892 D DlbDap2Process: setParam(vbon = #1[0])
01-17 09:23:57.918   627  3892 D DlbDap2Process: setParam(beon = #1[0])
01-17 09:23:57.918   627  3892 D DlbDap2Process: setParam(geon = #1[0])
01-17 09:23:57.918   627  3892 D DlbDap2Process: setParam(gebs = #41[20, 47, 141, 234, 328, 469, 656, 844, 1031, 1313, 1688, 2250, 3000, 3750, 4688, 5813, 7125, 9000, 11250, 13875, 19688, 0, 0, 0, 0, 0, 0, 0, 0, 0, 0, 0, 0, 0, 0, 0, 0, 0, 0, 0, 0])
01-17 09:23:57.918   627  3892 D DlbDap2Process: setParam(iebs = #41[20, 65, 136, 223, 332, 467, 634, 841, 1098, 1416, 1812, 2302, 2909, 3663, 4598, 5756, 7194, 8976, 11186, 13927, 17326, 117, 133, 188, 176, 141, 149, 175, 185, 185, 200, 236, 242, 228, 213, 182, 132, 110, 68, -27, -240])
01-17 09:23:57.918   627  3892 D DlbDapEndpointParamCache: doCommit() Committed 8 parameters out of 16.
01-17 09:23:57.918   627  3892 D DlbDapEndpointParamCache: commit() Overriding parameters for current device 0x00000002
01-17 09:23:57.918   627  3892 D DlbDap2Process: setParam(dea = #1[7])
01-17 09:23:57.918   627  3892 D DlbDap2Process: setParam(dsa = #1[10])
01-17 09:23:57.918   627  3892 D DlbDap2Process: setParam(beb = #1[192])
01-17 09:23:57.918   627  3892 D DlbDap2Process: setParam(plb = #1[0])
01-17 09:23:57.918   627  3892 D DlbDap2Process: setParam(vmb = #1[144])
01-17 09:23:57.918   627  3892 D DlbDap2Process: setParam(dsb = #1[48])
01-17 09:23:57.918   627  3892 D DlbDap2Process: setParam(ded = #1[0])
01-17 09:23:57.918   627  3892 D DlbDap2Process: setParam(vbm = #1[3])
01-17 09:23:57.918   627  3892 D DlbDap2Process: setParam(bew = #1[16])
01-17 09:23:57.918   627  3892 D DlbDap2Process: setParam(dvla = #1[5])
01-17 09:23:57.918   627  3892 D DlbDap2Process: setParam(arra = #1[96])
01-17 09:23:57.918   627  3892 D DlbDap2Process: setParam(dfsa = #1[10])
01-17 09:23:57.918   627  3892 D DlbDap2Process: setParam(dhsa = #1[10])
01-17 09:23:57.918   627  3892 D DlbDap2Process: setParam(dvmc = #1[0])
01-17 09:23:57.918   627  3892 D DlbDap2Process: setParam(arod = #1[0])
01-17 09:23:57.918   627  3892 D DlbDap2Process: setParam(arde = #1[1])
01-17 09:23:57.918   627  3892 D DlbDap2Process: setParam(becf = #1[200])
01-17 09:23:57.918   627  3892 D DlbDap2Process: setParam(vbmf = #2[94, 469])
01-17 09:23:57.918   627  3892 D DlbDap2Process: setParam(vbsf = #2[35, 160])
01-17 09:23:57.918   627  3892 D DlbDap2Process: setParam(vbhg = #3[-32, -144, -192])
01-17 09:23:57.918   627  3892 D DlbDap2Process: setParam(vbog = #1[0])
01-17 09:23:57.918   627  3892 D DlbDap2Process: setParam(vbsg = #1[0])
01-17 09:23:57.918   627  3892 D DlbDap2Process: setParam(dvli = #1[-320])
01-17 09:23:57.919   627  3892 D DlbDap2Process: setParam(dhfm = #1[2])
01-17 09:23:57.919   627  3892 D DlbDap2Process: setParam(vbon = #1[0])
01-17 09:23:57.919   627  3892 D DlbDap2Process: setParam(beon = #1[0])
01-17 09:23:57.919   627  3892 D DlbDap2Process: setParam(aoon = #1[1])
01-17 09:23:57.919   627  3892 D DlbDap2Process: setParam(aron = #1[1])
01-17 09:23:57.919   627  3892 D DlbDap2Process: setParam(dvlo = #1[-320])
01-17 09:23:57.919   627  3892 D DlbDap2Process: setParam(artp = #1[12])
01-17 09:23:57.919   627  3892 D DlbDap2Process: setParam(aobs = #222[20, 10, 47, 141, 234, 328, 469, 656, 844, 1031, 1313, 1688, 2250, 3000, 3750, 4688, 5813, 7125, 9000, 11250, 13875, 19688, 0, 0, 0, 0, 0, 0, 0, 0, 0, 0, 0, 0, 0, 0, 0, 0, 0, 0, 0, 0, 0, 0, 0, 0, 0, 0, 0, 0, 0, 0, 0, 0, 0, 0, 0, 0, 0, 0, 0, 0, 0, 0, 0, 0, 0, 0, 0, 0, 0, 0, 0, 0, 0, 0, 0, 0, 0, 0, 0, 0, 0, 0, 0, 0, 0, 0, 0, 0, 0, 0, 0, 0, 0, 0, 0, 0, 0, 0, 0, 0, 0, 0, 0, 0, 0, 0, 0, 0, 0, 0, 0, 0, 0, 0, 0, 0, 0, 0, 0, 0, 0, 0, 0, 0, 0, 0, 0, 0, 0, 0, 0, 0, 0, 0, 0, 0, 0, 0, 0, 0, 0, 0, 0, 0, 0, 0, 0, 0, 0, 0, 0, 0, 0, 0, 0, 0, 0, 0, 0, 0, 0, 0, 0, 0, 0, 0, 0, 0, 0, 0, 0, 0, 0, 0, 0, 0, 0, 0, 0, 0, 0, 0, 0, 0, 0, 0, 0, 0, 0, 0, 0, 0, 0, 0, 0, 0, 0, 0, 0, 0, 0, 0, 0, 0, 0, 0, 0, 0, 0, 0, 0, 0, 0, 0, 0, 0, 0, 0, 0, 0])
01-17 09:23:57.919   627  3892 D DlbDap2Process: setParam(arbs = #81[20, 47, 141, 234, 328, 469, 656, 844, 1031, 1313, 1688, 2250, 3000, 3750, 4688, 5813, 7125, 9000, 11250, 13875, 19688, -192, -192, -192, -192, -192, -192, -192, -192, -192, -192, -192, -192, -192, -192, -192, -192, -192, -192, -192, -192, 0, 0, 0, 0, 0, 0, 0, 0, 0, 0, 0, 0, 0, 0, 0, 0, 0, 0, 0, 0, 0, 0, 0, 0, 0, 0, 0, 0, 0, 0, 0, 0, 0, 0, 0, 0, 0, 0, 0, 0])
01-17 09:23:57.919   627  3892 D DlbDapEndpointParamCache: doCommit() Committed 32 parameters out of 37.
01-17 09:23:57.919   627  3892 D DlbDap2Process: setMave(mave = 0)
01-17 09:23:57.920   627  3892 D DlbDapCrossfadeProcess: process transitioning from FADE_TO_ACTIVE state to DAP_ACTIVE
01-17 09:23:57.928 31078 31078 D featureTest: virtual speaker virtualizer can not be operate for mono speaker endpoint!
01-17 09:23:57.960 31078 31078 D featureTest: receive broadcast , record log :0
01-17 09:23:58.975   627  3892 D DlbDap2Process: process() called [485000] times
01-17 09:24:01.613   627  3892 D DlbDap2Process: process() called [485500] times
