01-15 12:06:17.891   717 13312 D DlbDap2QmfProcess: setParam(mdee = #1[0])
01-15 12:06:17.891   717 13312 D DlbDap2QmfProcess: setParam(miee = #1[0])
01-15 12:06:17.891   717 13312 D DlbDap2QmfProcess: setParam(mdle = #1[0])
01-15 12:06:17.891   717 13312 D DlbDap2QmfProcess: setParam(dvle = #1[1])
01-15 12:06:17.891   717 13312 D DlbDap2QmfProcess: setParam(mave = #1[0])
01-15 12:06:17.891   717 13312 D DlbDap2QmfProcess: setParam(vcbf = #20[47, 141, 234, 328, 469, 656, 844, 1031, 1313, 1688, 2250, 3000, 3750, 4688, 5813, 7125, 9000, 11250, 13875, 19688])
01-15 12:06:17.891   717 13312 D DlbDap2QmfProcess: setParam(ieon = #1[0])
01-15 12:06:17.891   717 13312 D DlbDap2QmfProcess: setParam(gebs = #41[20, 47, 141, 234, 328, 469, 656, 844, 1031, 1313, 1688, 2250, 3000, 3750, 4688, 5813, 7125, 9000, 11250, 13875, 19688, 0, 0, 0, 0, 0, 0, 0, 0, 0, 0, 0, 0, 0, 0, 0, 0, 0, 0, 0, 0])
01-15 12:06:17.891   717 13312 D DlbDap2QmfProcess: setParam(iebs = #41[20, 65, 136, 223, 332, 467, 634, 841, 1098, 1416, 1812, 2302, 2909, 3663, 4598, 5756, 7194, 8976, 11186, 13927, 17326, 117, 133, 188, 176, 141, 149, 175, 185, 185, 200, 236, 242, 228, 213, 182, 132, 110, 68, -27, -240])
01-15 12:06:17.891   717 13312 D DlbDap2QmfProcess: setParam(dea = #1[7])
01-15 12:06:17.892   717 13312 D DlbDap2QmfProcess: setParam(dsa = #1[10])
01-15 12:06:17.892   717 13312 D DlbDap2QmfProcess: setParam(beb = #1[192])
01-15 12:06:17.892   717 13312 D DlbDap2QmfProcess: setParam(plb = #1[0])
01-15 12:06:17.892   717 13312 D DlbDap2QmfProcess: setParam(vmb = #1[144])
01-15 12:06:17.892   717 13312 D DlbDap2QmfProcess: setParam(dsb = #1[48])
01-15 12:06:17.892   717 13312 D DlbDap2QmfProcess: setParam(ded = #1[0])
01-15 12:06:17.892   717 13312 D DlbDap2QmfProcess: setParam(dom = #1[0])
01-15 12:06:17.892   717 13312 D DlbDap2QmfProcess: setParam(bew = #1[16])
01-15 12:06:17.892   717 13312 D DlbDap2QmfProcess: setParam(dvla = #1[5])
01-15 12:06:17.892   717 13312 D DlbDap2QmfProcess: setParam(dfsa = #1[10])
01-15 12:06:17.892   717 13312 D DlbDap2QmfProcess: setParam(dhsa = #1[10])
01-15 12:06:17.892   717 13312 D DlbDap2QmfProcess: setParam(dvmc = #1[0])
01-15 12:06:17.892   717 13312 D DlbDap2QmfProcess: setParam(dvle = #1[1])
01-15 12:06:17.892   717 13312 D DlbDap2QmfProcess: setParam(dvme = #1[0])
01-15 12:06:17.892   717 13312 D DlbDap2QmfProcess: setParam(becf = #1[200])
01-15 12:06:17.892   717 13312 D DlbDap2QmfProcess: setParam(vbmf = #2[94, 469])
01-15 12:06:17.892   717 13312 D DlbDap2QmfProcess: setParam(vbsf = #2[35, 160])
01-15 12:06:17.892   717 13312 D DlbDap2QmfProcess: setParam(vbhg = #3[-32, -144, -192])
01-15 12:06:17.892   717 13312 D DlbDap2QmfProcess: setParam(vbog = #1[0])
01-15 12:06:17.892   717 13312 D DlbDap2QmfProcess: setParam(vbsg = #1[0])
01-15 12:06:17.892   717 13312 D DlbDap2QmfProcess: setParam(dvli = #1[-320])
01-15 12:06:17.892   717 13312 D DlbDap2QmfProcess: setParam(dhfm = #1[2])
01-15 12:06:17.892   717 13312 D DlbDap2QmfProcess: setParam(deon = #1[0])
01-15 12:06:17.892   717 13312 D DlbDap2QmfProcess: setParam(ngon = #1[1])
01-15 12:06:17.892   717 13312 D DlbDap2QmfProcess: setParam(dvlo = #1[-320])
01-15 12:06:17.892   717 13312 D DlbDap2QmfProcess: setParam(aobs = #222[20, 10, 47, 141, 234, 328, 469, 656, 844, 1031, 1313, 1688, 2250, 3000, 3750, 4688, 5813, 7125, 9000, 11250, 13875, 19688, 0, 0, 0, 0, 0, 0, 0, 0, 0, 0, 0, 0, 0, 0, 0, 0, 0, 0, 0, 0, 0, 0, 0, 0, 0, 0, 0, 0, 0, 0, 0, 0, 0, 0, 0, 0, 0, 0, 0, 0, 0, 0, 0, 0, 0, 0, 0, 0, 0, 0, 0, 0, 0, 0, 0, 0, 0, 0, 0, 0, 0, 0, 0, 0, 0, 0, 0, 0, 0, 0, 0, 0, 0, 0, 0, 0, 0, 0, 0, 0, 0, 0, 0, 0, 0, 0, 0, 0, 0, 0, 0, 0, 0, 0, 0, 0, 0, 0, 0, 0, 0, 0, 0, 0, 0, 0, 0, 0, 0, 0, 0, 0, 0, 0, 0, 0, 0, 0, 0, 0, 0, 0, 0, 0, 0, 0, 0, 0, 0, 0, 0, 0, 0, 0, 0, 0, 0, 0, 0, 0, 0, 0, 0, 0, 0, 0, 0, 0, 0, 0, 0, 0, 0, 0, 0, 0, 0, 0, 0, 0, 0, 0, 0, 0, 0, 0, 0, 0, 0, 0, 0, 0, 0, 0, 0, 0, 0, 0, 0, 0, 0, 0, 0, 0, 0, 0, 0, 0, 0, 0, 0, 0, 0, 0, 0, 0, 0, 0, 0, 0])
01-15 12:06:17.892   717 13312 D DlbDap2QmfProcess: setParam(dvle = #1[1])
01-15 12:06:17.892   717 13312 D DlbDap2QmfProcess: setParam(dvli = #1[-496])
01-15 12:06:17.892   717 13312 D DlbDap2QmfProcess: setParam(dvlo = #1[-176])
01-15 12:06:17.893   717 13312 D ARenderer: updateDapVolumeLeveler: Setting output level to -11.00dB
01-15 12:06:17.893   717 13312 D DlbDap2QmfProcess: setParam(vmb = #1[0])
01-15 12:06:17.893   717 13312 D DlbDap2QmfProcess: setParam(preg = #1[-384])
01-15 12:06:17.893   717 13312 D DlbDap2QmfProcess: setParam(vol = #1[384])
01-15 12:06:17.893   717 13312 D DlbDlbBufferProvider: setConfig() Updating buffer configuration.
01-15 12:06:17.893   717 13312 D DlbDap2QmfProcess: processQmf() called [0] times
01-15 12:06:17.893   717 13312 D DlbDap2QmfProcess: setMave(mave = 0)
01-15 12:06:17.903   710 13306 D AudioTrack: Client defaulted notificationFrames to 12000 for frameCount 24000
01-15 12:06:17.903   684  3974 I AudioFlinger: attachAuxEffect(): Marking track 287 as containing processed audio
01-15 12:06:17.904   684  3974 D AudioFlinger: trackContainsProcessedAudio() Track id 287 contains processed audio
01-15 12:06:17.905   626   626 W /system/bin/hw/android.hidl.allocator@1.0-service: ashmem_create_region(3840) returning hidl_memory(0x7b7102c330, 3840)
01-15 12:06:17.905 13243 13248 I zygote64: Do partial code cache collection, code=9KB, data=13KB
01-15 12:06:17.905 13243 13248 I zygote64: After code cache collection, code=9KB, data=13KB
01-15 12:06:17.905 13243 13248 I zygote64: Increasing code cache capacity to 128KB
01-15 12:06:17.906   626   626 W /system/bin/hw/android.hidl.allocator@1.0-service: ashmem_create_region(3840) returning hidl_memory(0x7b7102c330, 3840)
01-15 12:06:17.907 13243 13248 I zygote64: Do partial code cache collection, code=9KB, data=33KB
01-15 12:06:17.907 13243 13248 I zygote64: After code cache collection, code=9KB, data=33KB
01-15 12:06:17.907 13243 13248 I zygote64: Increasing code cache capacity to 256KB
01-15 12:06:17.907 13243 13248 I zygote64: Compiler allocated 8MB to compile void android.widget.TextView.<init>(android.content.Context, android.util.AttributeSet, int, int)
01-15 12:06:17.908   684   931 D AudioFlinger: trackStateChanged() Track id 287 state changed to 6
01-15 12:06:17.908   684   931 I AudioFlinger: updateProcessedAudioState() Changing content processing in effect to 1
01-15 12:06:17.908   627  3512 D DlbDlbEffect: handle_EFFECT_CMD_SET_PARAM()
01-15 12:06:17.909   710 13303 D NuPlayerDriver: notifyListener_l(0xe84b2700), (6, 0, 0, -1), loop setting(0, 1)
01-15 12:06:17.909   710   710 W MediaClock: reject anchor time since it is negative.
01-15 12:06:17.912 13243 13243 D featureTest: receive broadcast , change bass enable :1
01-15 12:06:17.922   627  3512 D DlbDlbEffect: handle_EFFECT_CMD_SET_PARAM()
01-15 12:06:17.927   717 13312 D ARenderer: updateDapConfig: Updating DAP configuration
01-15 12:06:17.928   717 13312 D DlbDap2QmfProcess: setParam(iea = #1[10])
01-15 12:06:17.928   717 13312 D DlbDap2QmfProcess: setParam(msce = #1[0])
01-15 12:06:17.928   717 13312 D DlbDap2QmfProcess: setParam(mdee = #1[0])
01-15 12:06:17.928   717 13312 D DlbDap2QmfProcess: setParam(miee = #1[0])
01-15 12:06:17.928   717 13312 D DlbDap2QmfProcess: setParam(mdle = #1[0])
01-15 12:06:17.928   717 13312 D DlbDap2QmfProcess: setParam(dvle = #1[1])
01-15 12:06:17.928   717 13312 D DlbDap2QmfProcess: setParam(mave = #1[0])
01-15 12:06:17.928   717 13312 D DlbDap2QmfProcess: setParam(vcbf = #20[47, 141, 234, 328, 469, 656, 844, 1031, 1313, 1688, 2250, 3000, 3750, 4688, 5813, 7125, 9000, 11250, 13875, 19688])
01-15 12:06:17.928   717 13312 D DlbDap2QmfProcess: setParam(ieon = #1[0])
01-15 12:06:17.929   717 13312 D DlbDap2QmfProcess: setParam(gebs = #41[20, 47, 141, 234, 328, 469, 656, 844, 1031, 1313, 1688, 2250, 3000, 3750, 4688, 5813, 7125, 9000, 11250, 13875, 19688, 0, 0, 0, 0, 0, 0, 0, 0, 0, 0, 0, 0, 0, 0, 0, 0, 0, 0, 0, 0])
01-15 12:06:17.929   717 13312 D DlbDap2QmfProcess: setParam(iebs = #41[20, 65, 136, 223, 332, 467, 634, 841, 1098, 1416, 1812, 2302, 2909, 3663, 4598, 5756, 7194, 8976, 11186, 13927, 17326, 117, 133, 188, 176, 141, 149, 175, 185, 185, 200, 236, 242, 228, 213, 182, 132, 110, 68, -27, -240])
01-15 12:06:17.929   717 13312 D DlbDap2QmfProcess: setParam(dea = #1[7])
01-15 12:06:17.929   717 13312 D DlbDap2QmfProcess: setParam(dsa = #1[10])
01-15 12:06:17.929   717 13312 D DlbDap2QmfProcess: setParam(beb = #1[192])
01-15 12:06:17.929   717 13312 D DlbDap2QmfProcess: setParam(plb = #1[0])
01-15 12:06:17.929   717 13312 D DlbDap2QmfProcess: setParam(vmb = #1[144])
01-15 12:06:17.929   717 13312 D DlbDap2QmfProcess: setParam(dsb = #1[48])
01-15 12:06:17.929   717 13312 D DlbDap2QmfProcess: setParam(ded = #1[0])
01-15 12:06:17.929   717 13312 D DlbDap2QmfProcess: setParam(dom = #1[0])
01-15 12:06:17.929   717 13312 D DlbDap2QmfProcess: setParam(bew = #1[16])
01-15 12:06:17.929   717 13312 D DlbDap2QmfProcess: setParam(dvla = #1[5])
01-15 12:06:17.929   717 13312 D DlbDap2QmfProcess: setParam(dfsa = #1[10])
01-15 12:06:17.929   717 13312 D DlbDap2QmfProcess: setParam(dhsa = #1[10])
01-15 12:06:17.929   717 13312 D DlbDap2QmfProcess: setParam(dvmc = #1[0])
01-15 12:06:17.929   717 13312 D DlbDap2QmfProcess: setParam(dvle = #1[1])
01-15 12:06:17.929   717 13312 D DlbDap2QmfProcess: setParam(dvme = #1[0])
01-15 12:06:17.929   717 13312 D DlbDap2QmfProcess: setParam(becf = #1[200])
01-15 12:06:17.929   717 13312 D DlbDap2QmfProcess: setParam(vbmf = #2[94, 469])
01-15 12:06:17.930   717 13312 D DlbDap2QmfProcess: setParam(vbsf = #2[35, 160])
01-15 12:06:17.930   717 13312 D DlbDap2QmfProcess: setParam(vbhg = #3[-32, -144, -192])
01-15 12:06:17.930   717 13312 D DlbDap2QmfProcess: setParam(vbog = #1[0])
01-15 12:06:17.930   717 13312 D DlbDap2QmfProcess: setParam(vbsg = #1[0])
01-15 12:06:17.930   717 13312 D DlbDap2QmfProcess: setParam(dvli = #1[-320])
01-15 12:06:17.930   717 13312 D DlbDap2QmfProcess: setParam(dhfm = #1[2])
01-15 12:06:17.930   717 13312 D DlbDap2QmfProcess: setParam(deon = #1[0])
01-15 12:06:17.930   717 13312 D DlbDap2QmfProcess: setParam(ngon = #1[1])
01-15 12:06:17.930   717 13312 D DlbDap2QmfProcess: setParam(dvlo = #1[-320])
01-15 12:06:17.930   717 13312 D DlbDap2QmfProcess: setParam(aobs = #222[20, 10, 47, 141, 234, 328, 469, 656, 844, 1031, 1313, 1688, 2250, 3000, 3750, 4688, 5813, 7125, 9000, 11250, 13875, 19688, 0, 0, 0, 0, 0, 0, 0, 0, 0, 0, 0, 0, 0, 0, 0, 0, 0, 0, 0, 0, 0, 0, 0, 0, 0, 0, 0, 0, 0, 0, 0, 0, 0, 0, 0, 0, 0, 0, 0, 0, 0, 0, 0, 0, 0, 0, 0, 0, 0, 0, 0, 0, 0, 0, 0, 0, 0, 0, 0, 0, 0, 0, 0, 0, 0, 0, 0, 0, 0, 0, 0, 0, 0, 0, 0, 0, 0, 0, 0, 0, 0, 0, 0, 0, 0, 0, 0, 0, 0, 0, 0, 0, 0, 0, 0, 0, 0, 0, 0, 0, 0, 0, 0, 0, 0, 0, 0, 0, 0, 0, 0, 0, 0, 0, 0, 0, 0, 0, 0, 0, 0, 0, 0, 0, 0, 0, 0, 0, 0, 0, 0, 0, 0, 0, 0, 0, 0, 0, 0, 0, 0, 0, 0, 0, 0, 0, 0, 0, 0, 0, 0, 0, 0, 0, 0, 0, 0, 0, 0, 0, 0, 0, 0, 0, 0, 0, 0, 0, 0, 0, 0, 0, 0, 0, 0, 0, 0, 0, 0, 0, 0, 0, 0, 0, 0, 0, 0, 0, 0, 0, 0, 0, 0, 0, 0, 0, 0, 0, 0, 0])
01-15 12:06:17.930   717 13312 D DlbDap2QmfProcess: setParam(dvle = #1[1])
01-15 12:06:17.930   717 13312 D DlbDap2QmfProcess: setParam(dvli = #1[-496])
01-15 12:06:17.931   717 13312 D DlbDap2QmfProcess: setParam(dvlo = #1[-176])
01-15 12:06:17.931   717 13312 D ARenderer: updateDapVolumeLeveler: Setting output level to -11.00dB
01-15 12:06:17.931   717 13312 D DlbDap2QmfProcess: setParam(vmb = #1[0])
01-15 12:06:17.931   717 13312 D DlbDap2QmfProcess: setParam(preg = #1[-384])
01-15 12:06:17.931   627  3892 I DlbEffectDap: setParam() Start crossfade with VB enabled state 1
01-15 12:06:17.931   717 13312 D DlbDap2QmfProcess: setParam(vol = #1[384])
01-15 12:06:17.931   717 13312 D DlbDap2QmfProcess: setMave(mave = 0)
01-15 12:06:17.931   627  3892 D DlbDapCrossfadeProcess: setEnabled transitioning from DAP_ACTIVE state to FADE_TO_BYPASS
01-15 12:06:17.931   627  3892 D DlbDapEndpointParamCache: commitChangedParams()
01-15 12:06:17.931   627  3892 D DlbDapEndpointParamCache: commit() Applying parameters for device 0x40000000
01-15 12:06:17.931   627  3892 D DlbDap2Process: setParam(iea = #1[10])
01-15 12:06:17.931   627  3892 D DlbDap2Process: setParam(vcbf = #20[47, 141, 234, 328, 469, 656, 844, 1031, 1313, 1688, 2250, 3000, 3750, 4688, 5813, 7125, 9000, 11250, 13875, 19688])
01-15 12:06:17.931   627  3892 D DlbDap2Process: setParam(vbon = #1[1])
01-15 12:06:17.931   627  3892 D DlbDap2Process: setParam(beon = #1[1])
01-15 12:06:17.931   627  3892 D DlbDap2Process: setParam(geon = #1[0])
01-15 12:06:17.932   627  3892 D DlbDap2Process: setParam(gebs = #41[20, 47, 141, 234, 328, 469, 656, 844, 1031, 1313, 1688, 2250, 3000, 3750, 4688, 5813, 7125, 9000, 11250, 13875, 19688, 0, 0, 0, 0, 0, 0, 0, 0, 0, 0, 0, 0, 0, 0, 0, 0, 0, 0, 0, 0])
01-15 12:06:17.932   627  3892 D DlbDap2Process: setParam(iebs = #41[20, 65, 136, 223, 332, 467, 634, 841, 1098, 1416, 1812, 2302, 2909, 3663, 4598, 5756, 7194, 8976, 11186, 13927, 17326, 117, 133, 188, 176, 141, 149, 175, 185, 185, 200, 236, 242, 228, 213, 182, 132, 110, 68, -27, -240])
01-15 12:06:17.932   627  3892 D DlbDapEndpointParamCache: doCommit() Committed 8 parameters out of 16.
01-15 12:06:17.932   627  3892 D DlbDapEndpointParamCache: commit() Overriding parameters for current device 0x00000002
01-15 12:06:17.932   627  3892 D DlbDap2Process: setParam(dea = #1[7])
01-15 12:06:17.932   627  3892 D DlbDap2Process: setParam(dsa = #1[10])
01-15 12:06:17.932   627  3892 D DlbDap2Process: setParam(beb = #1[192])
01-15 12:06:17.932   627  3892 D DlbDap2Process: setParam(plb = #1[0])
01-15 12:06:17.932   627  3892 D DlbDap2Process: setParam(vmb = #1[144])
01-15 12:06:17.932   627  3892 D DlbDap2Process: setParam(dsb = #1[48])
01-15 12:06:17.932   627  3892 D DlbDap2Process: setParam(ded = #1[0])
01-15 12:06:17.932   627  3892 D DlbDap2Process: setParam(vbm = #1[3])
01-15 12:06:17.932   627  3892 D DlbDap2Process: setParam(bew = #1[16])
01-15 12:06:17.932   627  3892 D DlbDap2Process: setParam(dvla = #1[5])
01-15 12:06:17.932   627  3892 D DlbDap2Process: setParam(arra = #1[96])
01-15 12:06:17.932   627  3892 D DlbDap2Process: setParam(dfsa = #1[10])
01-15 12:06:17.932   627  3892 D DlbDap2Process: setParam(dhsa = #1[10])
01-15 12:06:17.932   627  3892 D DlbDap2Process: setParam(dvmc = #1[0])
01-15 12:06:17.932   627  3892 D DlbDap2Process: setParam(arod = #1[0])
01-15 12:06:17.932   627  3892 D DlbDap2Process: setParam(arde = #1[1])
01-15 12:06:17.932   627  3892 D DlbDap2Process: setParam(becf = #1[200])
01-15 12:06:17.932   627  3892 D DlbDap2Process: setParam(vbmf = #2[94, 469])
01-15 12:06:17.932   627  3892 D DlbDap2Process: setParam(vbsf = #2[35, 160])
01-15 12:06:17.932   627  3892 D DlbDap2Process: setParam(vbhg = #3[-32, -144, -192])
01-15 12:06:17.932   627  3892 D DlbDap2Process: setParam(vbog = #1[0])
01-15 12:06:17.932   627  3892 D DlbDap2Process: setParam(vbsg = #1[0])
01-15 12:06:17.932   627  3892 D DlbDap2Process: setParam(dvli = #1[-320])
01-15 12:06:17.932   627  3892 D DlbDap2Process: setParam(dhfm = #1[2])
01-15 12:06:17.932   627  3892 D DlbDap2Process: setParam(vbon = #1[1])
01-15 12:06:17.932   627  3892 D DlbDap2Process: setParam(beon = #1[1])
01-15 12:06:17.932   627  3892 D DlbDap2Process: setParam(aoon = #1[1])
01-15 12:06:17.932   627  3892 D DlbDap2Process: setParam(aron = #1[1])
01-15 12:06:17.932   627  3892 D DlbDap2Process: setParam(dvlo = #1[-320])
01-15 12:06:17.933   627  3892 D DlbDap2Process: setParam(artp = #1[12])
01-15 12:06:17.933   627  3892 D DlbDap2Process: setParam(aobs = #222[20, 10, 47, 141, 234, 328, 469, 656, 844, 1031, 1313, 1688, 2250, 3000, 3750, 4688, 5813, 7125, 9000, 11250, 13875, 19688, 0, 0, 0, 0, 0, 0, 0, 0, 0, 0, 0, 0, 0, 0, 0, 0, 0, 0, 0, 0, 0, 0, 0, 0, 0, 0, 0, 0, 0, 0, 0, 0, 0, 0, 0, 0, 0, 0, 0, 0, 0, 0, 0, 0, 0, 0, 0, 0, 0, 0, 0, 0, 0, 0, 0, 0, 0, 0, 0, 0, 0, 0, 0, 0, 0, 0, 0, 0, 0, 0, 0, 0, 0, 0, 0, 0, 0, 0, 0, 0, 0, 0, 0, 0, 0, 0, 0, 0, 0, 0, 0, 0, 0, 0, 0, 0, 0, 0, 0, 0, 0, 0, 0, 0, 0, 0, 0, 0, 0, 0, 0, 0, 0, 0, 0, 0, 0, 0, 0, 0, 0, 0, 0, 0, 0, 0, 0, 0, 0, 0, 0, 0, 0, 0, 0, 0, 0, 0, 0, 0, 0, 0, 0, 0, 0, 0, 0, 0, 0, 0, 0, 0, 0, 0, 0, 0, 0, 0, 0, 0, 0, 0, 0, 0, 0, 0, 0, 0, 0, 0, 0, 0, 0, 0, 0, 0, 0, 0, 0, 0, 0, 0, 0, 0, 0, 0, 0, 0, 0, 0, 0, 0, 0, 0, 0, 0, 0, 0, 0, 0])
01-15 12:06:17.933   627  3892 D DlbDap2Process: setParam(arbs = #81[20, 47, 141, 234, 328, 469, 656, 844, 1031, 1313, 1688, 2250, 3000, 3750, 4688, 5813, 7125, 9000, 11250, 13875, 19688, -192, -192, -192, -192, -192, -192, -192, -192, -192, -192, -192, -192, -192, -192, -192, -192, -192, -192, -192, -192, 0, 0, 0, 0, 0, 0, 0, 0, 0, 0, 0, 0, 0, 0, 0, 0, 0, 0, 0, 0, 0, 0, 0, 0, 0, 0, 0, 0, 0, 0, 0, 0, 0, 0, 0, 0, 0, 0, 0, 0])
01-15 12:06:17.933   627  3892 D DlbDapEndpointParamCache: doCommit() Committed 32 parameters out of 37.
01-15 12:06:17.942   945   999 W ProcessCpuTracker: Skipping unknown process pid 13315
01-15 12:06:17.943   945   999 W ProcessCpuTracker: Skipping unknown process pid 13317
01-15 12:06:17.970 13243 13243 D featureTest: receive broadcast , record log :0
01-15 12:06:18.009   627  3892 D DlbDapCrossfadeProcess: process transitioning from FADE_TO_BYPASS state to DAP_BYPASSED
01-15 12:06:18.029   627  3892 I DlbEffectDap: setVbEnabled() Reset DAP with VB enabled state 1
01-15 12:06:18.029   627  3892 I DlbDapCrossfadeProcess: reset()
01-15 12:06:18.029   627  3892 I DlbDapBufferAdapter: reset()
01-15 12:06:18.029   627  3892 I DlbDap2Process: close()
01-15 12:06:18.030   627  3892 I DlbDap2Process: init()
01-15 12:06:18.030   627  3892 I DlbDap2Process: open()
01-15 12:06:18.030   627  3892 I DlbDap2Process: loadLicense() no license check!
01-15 12:06:18.031   627  3892 I DlbDap2Process: validateLicense() no license check!
01-15 12:06:18.031   627  3892 I DlbDap2Process: init() DAP opened
01-15 12:06:18.031   627  3892 I DlbDap2Process: DAP library version: 2.5.1-P2.0
01-15 12:06:18.031   627  3892 D DlbDap2Process: DAP output mode set to 1 with 2 output channels and null mix matrix.
01-15 12:06:18.031   627  3892 D DlbDapEndpointParamCache: commitAllParams()
01-15 12:06:18.031   627  3892 D DlbDapEndpointParamCache: commit() Applying parameters for device 0x40000000
01-15 12:06:18.031   627  3892 D DlbDap2Process: setParam(iea = #1[10])
01-15 12:06:18.031   627  3892 D DlbDap2Process: setParam(msce = #1[0])
01-15 12:06:18.031   627  3892 D DlbDap2Process: setParam(mdee = #1[0])
01-15 12:06:18.031   627  3892 D DlbDap2Process: setParam(miee = #1[0])
01-15 12:06:18.031   627  3892 D DlbDap2Process: setParam(mdle = #1[0])
01-15 12:06:18.031   627  3892 D DlbDap2Process: setParam(dvle = #1[0])
01-15 12:06:18.031   627  3892 D DlbDap2Process: setParam(mave = #1[0])
01-15 12:06:18.031   627  3892 D DlbDap2Process: setParam(vcbf = #20[47, 141, 234, 328, 469, 656, 844, 1031, 1313, 1688, 2250, 3000, 3750, 4688, 5813, 7125, 9000, 11250, 13875, 19688])
01-15 12:06:18.031   627  3892 D DlbDap2Process: setParam(preg = #1[-666])
01-15 12:06:18.031   627  3892 D DlbDap2Process: setParam(vbon = #1[1])
01-15 12:06:18.031   627  3892 D DlbDap2Process: setParam(beon = #1[1])
01-15 12:06:18.032   627  3892 D DlbDap2Process: setParam(geon = #1[0])
01-15 12:06:18.032   627  3892 D DlbDap2Process: setParam(ieon = #1[0])
01-15 12:06:18.032   627  3892 D DlbDap2Process: setParam(gebs = #41[20, 47, 141, 234, 328, 469, 656, 844, 1031, 1313, 1688, 2250, 3000, 3750, 4688, 5813, 7125, 9000, 11250, 13875, 19688, 0, 0, 0, 0, 0, 0, 0, 0, 0, 0, 0, 0, 0, 0, 0, 0, 0, 0, 0, 0])
01-15 12:06:18.032   627  3892 D DlbDap2Process: setParam(iebs = #41[20, 65, 136, 223, 332, 467, 634, 841, 1098, 1416, 1812, 2302, 2909, 3663, 4598, 5756, 7194, 8976, 11186, 13927, 17326, 117, 133, 188, 176, 141, 149, 175, 185, 185, 200, 236, 242, 228, 213, 182, 132, 110, 68, -27, -240])
01-15 12:06:18.032   627  3892 D DlbDapEndpointParamCache: doCommit() Committed 16 parameters out of 16.
01-15 12:06:18.032   627  3892 D DlbDapEndpointParamCache: commit() Overriding parameters for current device 0x00000002
01-15 12:06:18.032   627  3892 D DlbDap2Process: setParam(dea = #1[7])
01-15 12:06:18.032   627  3892 D DlbDap2Process: setParam(dsa = #1[10])
01-15 12:06:18.032   627  3892 D DlbDap2Process: setParam(beb = #1[192])
01-15 12:06:18.032   627  3892 D DlbDap2Process: setParam(plb = #1[0])
01-15 12:06:18.032   627  3892 D DlbDap2Process: setParam(vmb = #1[144])
01-15 12:06:18.033   627  3892 D DlbDap2Process: setParam(dsb = #1[48])
01-15 12:06:18.033   627  3892 D DlbDap2Process: setParam(ded = #1[0])
01-15 12:06:18.033   627  3892 D DlbDap2Process: setParam(vbm = #1[3])
01-15 12:06:18.033   627  3892 D DlbDap2Process: setParam(dom = #1[0])
01-15 12:06:18.033   627  3892 D DlbDap2Process: setParam(bew = #1[16])
01-15 12:06:18.033   627  3892 D DlbDap2Process: setParam(dvla = #1[5])
01-15 12:06:18.033   627  3892 D DlbDap2Process: setParam(arra = #1[96])
01-15 12:06:18.033   627  3892 D DlbDap2Process: setParam(dfsa = #1[10])
01-15 12:06:18.033   627  3892 D DlbDap2Process: setParam(dhsa = #1[10])
01-15 12:06:18.033   627  3892 D DlbDap2Process: setParam(dvmc = #1[0])
01-15 12:06:18.033   627  3892 D DlbDap2Process: setParam(arod = #1[0])
01-15 12:06:18.033   627  3892 D DlbDap2Process: setParam(arde = #1[1])
01-15 12:06:18.033   627  3892 D DlbDap2Process: setParam(dvle = #1[0])
01-15 12:06:18.033   627  3892 D DlbDap2Process: setParam(dvme = #1[0])
01-15 12:06:18.033   627  3892 D DlbDap2Process: setParam(becf = #1[200])
01-15 12:06:18.033   627  3892 D DlbDap2Process: setParam(vbmf = #2[94, 469])
01-15 12:06:18.033   627  3892 D DlbDap2Process: setParam(vbsf = #2[35, 160])
01-15 12:06:18.033   627  3892 D DlbDap2Process: setParam(vbhg = #3[-32, -144, -192])
01-15 12:06:18.033   627  3892 D DlbDap2Process: setParam(vbog = #1[0])
01-15 12:06:18.034   627  3892 D DlbDap2Process: setParam(vbsg = #1[0])
01-15 12:06:18.034   627  3892 D DlbDap2Process: setParam(dvli = #1[-320])
01-15 12:06:18.034   627  3892 D DlbDap2Process: setParam(dhfm = #1[2])
01-15 12:06:18.034   627  3892 D DlbDap2Process: setParam(vbon = #1[1])
01-15 12:06:18.034   627  3892 D DlbDap2Process: setParam(beon = #1[1])
01-15 12:06:18.034   627  3892 D DlbDap2Process: setParam(deon = #1[0])
01-15 12:06:18.034   627  3892 D DlbDap2Process: setParam(ngon = #1[0])
01-15 12:06:18.034   627  3892 D DlbDap2Process: setParam(aoon = #1[1])
01-15 12:06:18.034   627  3892 D DlbDap2Process: setParam(aron = #1[1])
01-15 12:06:18.034   627  3892 D DlbDap2Process: setParam(dvlo = #1[-320])
01-15 12:06:18.034   627  3892 D DlbDap2Process: setParam(artp = #1[12])
01-15 12:06:18.035   627  3892 D DlbDap2Process: setParam(aobs = #222[20, 10, 47, 141, 234, 328, 469, 656, 844, 1031, 1313, 1688, 2250, 3000, 3750, 4688, 5813, 7125, 9000, 11250, 13875, 19688, 0, 0, 0, 0, 0, 0, 0, 0, 0, 0, 0, 0, 0, 0, 0, 0, 0, 0, 0, 0, 0, 0, 0, 0, 0, 0, 0, 0, 0, 0, 0, 0, 0, 0, 0, 0, 0, 0, 0, 0, 0, 0, 0, 0, 0, 0, 0, 0, 0, 0, 0, 0, 0, 0, 0, 0, 0, 0, 0, 0, 0, 0, 0, 0, 0, 0, 0, 0, 0, 0, 0, 0, 0, 0, 0, 0, 0, 0, 0, 0, 0, 0, 0, 0, 0, 0, 0, 0, 0, 0, 0, 0, 0, 0, 0, 0, 0, 0, 0, 0, 0, 0, 0, 0, 0, 0, 0, 0, 0, 0, 0, 0, 0, 0, 0, 0, 0, 0, 0, 0, 0, 0, 0, 0, 0, 0, 0, 0, 0, 0, 0, 0, 0, 0, 0, 0, 0, 0, 0, 0, 0, 0, 0, 0, 0, 0, 0, 0, 0, 0, 0, 0, 0, 0, 0, 0, 0, 0, 0, 0, 0, 0, 0, 0, 0, 0, 0, 0, 0, 0, 0, 0, 0, 0, 0, 0, 0, 0, 0, 0, 0, 0, 0, 0, 0, 0, 0, 0, 0, 0, 0, 0, 0, 0, 0, 0, 0, 0, 0, 0])
01-15 12:06:18.035   627  3892 D DlbDap2Process: setParam(arbs = #81[20, 47, 141, 234, 328, 469, 656, 844, 1031, 1313, 1688, 2250, 3000, 3750, 4688, 5813, 7125, 9000, 11250, 13875, 19688, -192, -192, -192, -192, -192, -192, -192, -192, -192, -192, -192, -192, -192, -192, -192, -192, -192, -192, -192, -192, 0, 0, 0, 0, 0, 0, 0, 0, 0, 0, 0, 0, 0, 0, 0, 0, 0, 0, 0, 0, 0, 0, 0, 0, 0, 0, 0, 0, 0, 0, 0, 0, 0, 0, 0, 0, 0, 0, 0, 0])
01-15 12:06:18.035   627  3892 D DlbDapEndpointParamCache: doCommit() Committed 37 parameters out of 37.
01-15 12:06:18.035   627  3892 D DlbDapCrossfadeProcess: setEnabled transitioning from DAP_BYPASSED state to PREROLL_ACTIVE
01-15 12:06:18.049   627  3892 D DlbDap2Process: setMave(mave = 0)
01-15 12:06:18.089   627  3892 D DlbDapCrossfadeProcess: process transitioning from PREROLL_ACTIVE state to FADE_TO_ACTIVE
01-15 12:06:18.209   627  3892 D DlbDapCrossfadeProcess: process transitioning from FADE_TO_ACTIVE state to DAP_ACTIVE
01-15 12:06:19.385   627  3512 D audio_hw_primary: disable_audio_route: usecase(0) reset and update mixer path: deep-buffer-playback speaker
01-15 12:06:19.477   945   945 W WindowManager: removeWindowToken: Attempted to remove non-existing token: android.os.Binder@92d8081
01-15 12:06:19.528   475   475 D SurfaceFlinger: duplicate layer name: changing Toast to Toast#1
01-15 12:06:20.390   627  3892 D DlbDap2Process: process() called [172500] times
01-15 12:06:21.493   945   945 W WindowManager: removeWindowToken: Attempted to remove non-existing token: android.os.Binder@7e8f103
01-15 12:06:22.298   710 13307 I NuPlayerDecoder: [audio] saw output EOS
01-15 12:06:22.299   710 13306 D AudioTrack: stop() called with 230400 frames delivered
01-15 12:06:22.817   710 13303 D NuPlayerDriver: notifyListener_l(0xe84b2700), (2, 0, 0, -1), loop setting(0, 1)
01-15 12:06:22.818   684   931 D AudioFlinger: trackStateChanged() Track id 287 state changed to 6
01-15 12:06:22.823   684  3974 D AudioFlinger: trackStateChanged() Track id 287 state changed to 6
01-15 12:06:22.899   710 13303 D NuPlayerDriver: notifyListener_l(0xe84b2700), (6, 0, 0, -1), loop setting(0, 1)
01-15 12:06:22.902   710   710 W MediaClock: reject anchor time since it is negative.
01-15 12:06:22.977   710 13306 W MediaClock: reject anchor time since it is negative.
01-15 12:06:23.000   710 13306 W MediaClock: reject anchor time since it is negative.
01-15 12:06:23.051   627  3892 D DlbDap2Process: process() called [173000] times
