--------- beginning of system
01-15 12:10:47.424   945  1506 I ActivityManager: Force stopping com.dolby.qa.featuretest appid=10072 user=0: from pid 15650
01-15 12:10:47.424   945  1506 I ActivityManager: Killing 15556:com.dolby.qa.featuretest/u0a72 (adj 0): stop com.dolby.qa.featuretest
01-15 12:10:47.426   945  1506 W ActivityManager: Force removing ActivityRecord{d6e8e64 u0 com.dolby.qa.featuretest/.MainActivity t124}: app died, no saved state
--------- beginning of main
01-15 12:10:47.452   945  1197 W InputDispatcher: channel '53a9566 Toast (server)' ~ Consumer closed input channel or an error occurred.  events=0x9
01-15 12:10:47.452   945  1197 E InputDispatcher: channel '53a9566 Toast (server)' ~ Channel is unrecoverably broken and will be disposed!
01-15 12:10:47.461   945  1506 I WindowManager: Failed to capture screenshot of Token{ccd48cd ActivityRecord{d6e8e64 u0 com.dolby.qa.featuretest/.MainActivity t124 f}} appWin=Window{8597918 u0 com.dolby.qa.featuretest/com.dolby.qa.featuretest.MainActivity} drawState=4
01-15 12:10:47.493  1499  1499 D CarrierSvcBindHelper: No carrier app for: 0
01-15 12:10:47.499  2010  2010 D RegisteredNfcFServicesCache: Service unchanged, not updating
01-15 12:10:47.503   710  1422 D NuPlayerDriver: reset(0xe84b2540) at state 5
01-15 12:10:47.504   945  1506 I WindowManager: WIN DEATH: Window{53a9566 u0 Toast}
01-15 12:10:47.504   945  1506 W InputDispatcher: Attempted to unregister already unregistered input channel '53a9566 Toast (server)'
01-15 12:10:47.504   710  1422 D NuPlayerDriver: notifyListener_l(0xe84b2540), (8, 0, 0, -1), loop setting(0, 1)
01-15 12:10:47.506   684   684 D AudioFlinger: trackStateChanged() Track id 353 state changed to 6
01-15 12:10:47.510   717  5319 I DDP_JOCDecoder: -> ~DDPDecoder
01-15 12:10:47.510   717  5319 I DDP_JOCDecoder: -> stop
01-15 12:10:47.511   645   645 I DMSService: unregisterClient type = 4, uid = e7f0f550
01-15 12:10:47.531   645   645 D DatabaseHelper: failed to prepare SQL : INSERT INTO profiles VALUES(15
01-15 12:10:47.531   645   645 D DatabaseHelper: ,'custom','user2','user2','off','off')
01-15 12:10:47.531   645   645 D DatabaseHelper: failed to prepare SQL : INSERT INTO profile_endpoints VALUES(57
01-15 12:10:47.531   645   645 D DatabaseHelper: ,'custom','user2','speaker')
01-15 12:10:47.531   645   645 D DatabaseHelper: failed to prepare SQL : INSERT INTO profile_endpoints VALUES(57
01-15 12:10:47.531   645   645 D DatabaseHelper: ,'custom','user2','headphone')
01-15 12:10:47.531   645   645 D DatabaseHelper: failed to prepare SQL : INSERT INTO profile_endpoints VALUES(57
01-15 12:10:47.531   645   645 D DatabaseHelper: ,'custom','user2','passthrough')
01-15 12:10:47.531   645   645 D DatabaseHelper: failed to prepare SQL : INSERT INTO profile_endpoints VALUES(57
01-15 12:10:47.531   645   645 D DatabaseHelper: ,'custom','user2','other')
01-15 12:10:47.531   645   645 D DatabaseHelper: failed to prepare SQL : INSERT INTO profile_ports VALUES(85
01-15 12:10:47.531   645   645 D DatabaseHelper: ,'custom','user2','internal_speaker')
01-15 12:10:47.532   645   645 D DatabaseHelper: failed to prepare SQL : INSERT INTO profile_ports VALUES(85
01-15 12:10:47.532   645   645 D DatabaseHelper: ,'custom','user2','hdmi')
01-15 12:10:47.532   645   645 D DatabaseHelper: failed to prepare SQL : INSERT INTO profile_ports VALUES(85
01-15 12:10:47.532   645   645 D DatabaseHelper: ,'custom','user2','miracast')
01-15 12:10:47.532   645   645 D DatabaseHelper: failed to prepare SQL : INSERT INTO profile_ports VALUES(85
01-15 12:10:47.532   645   645 D DatabaseHelper: ,'custom','user2','headphone_port')
01-15 12:10:47.532   645   645 D DatabaseHelper: failed to prepare SQL : INSERT INTO profile_ports VALUES(85
01-15 12:10:47.532   645   645 D DatabaseHelper: ,'custom','user2','bluetooth')
01-15 12:10:47.532   645   645 D DatabaseHelper: failed to prepare SQL : INSERT INTO profile_ports VALUES(85
01-15 12:10:47.532   645   645 D DatabaseHelper: ,'custom','user2','usb')
01-15 12:10:47.533   645   645 D DatabaseHelper: failed to prepare SQL : INSERT INTO geq_presets VALUES(57
01-15 12:10:47.533   645   645 D DatabaseHelper: ,'custom','off','user2')
01-15 12:10:47.533   645   645 D DatabaseHelper: failed to prepare SQL : INSERT INTO geq_presets VALUES(57
01-15 12:10:47.533   645   645 D DatabaseHelper: ,'custom','open','user2')
01-15 12:10:47.533   645   645 D DatabaseHelper: failed to prepare SQL : INSERT INTO geq_presets VALUES(57
01-15 12:10:47.533   645   645 D DatabaseHelper: ,'custom','rich','user2')
01-15 12:10:47.533   645   645 D DatabaseHelper: failed to prepare SQL : INSERT INTO geq_presets VALUES(57
01-15 12:10:47.533   645   645 D DatabaseHelper: ,'custom','focused','user2')
01-15 12:10:47.545   717  5319 I DDP_JOCDecoder: <- stop
01-15 12:10:47.545   717  5319 I ARenderer: ~ARenderer
01-15 12:10:47.545   717  5319 I evo_parser: evo_parser_close
01-15 12:10:47.545   717  5319 I DlbDap2QmfProcess: ~Dap2Process()
01-15 12:10:47.545   717  5319 I DlbDap2QmfProcess: close()
01-15 12:10:47.545   717  5319 I DDP_JOCDecoder: <- ~DDPDecoder
01-15 12:10:47.550   710 15614 D NuPlayerDriver: notifyResetComplete(0xe84b2540)
01-15 12:10:47.551   710  1422 D AudioTrack: stop() called with 0 frames delivered
01-15 12:10:47.552   684  1056 D AudioFlinger: trackStateChanged() Track id 353 state changed to 2
01-15 12:10:47.552   684  1056 I AudioFlinger: updateProcessedAudioState() Changing content processing in effect to 0
01-15 12:10:47.552   627   922 D DlbDlbEffect: handle_EFFECT_CMD_SET_PARAM()
01-15 12:10:47.554   627  3892 I DlbEffectContext: setContentProcEnabled() Enabling content processing in global effect
01-15 12:10:47.554   627  3892 D DlbDapEndpointParamCache: commitChangedParams()
01-15 12:10:47.554   627  3892 D DlbDapEndpointParamCache: commit() Applying parameters for device 0x40000000
01-15 12:10:47.555   627  3892 D DlbDap2Process: setParam(iea = #1[10])
01-15 12:10:47.555   627  3892 D DlbDap2Process: setParam(msce = #1[0])
01-15 12:10:47.555   627  3892 D DlbDap2Process: setParam(mdee = #1[0])
01-15 12:10:47.555   627  3892 D DlbDap2Process: setParam(miee = #1[0])
01-15 12:10:47.555   627  3892 D DlbDap2Process: setParam(mdle = #1[0])
01-15 12:10:47.555   627  3892 D DlbDap2Process: setParam(dvle = #1[1])
01-15 12:10:47.555   627  3892 D DlbDap2Process: setParam(mave = #1[0])
01-15 12:10:47.555   627  3892 D DlbDap2Process: setParam(vcbf = #20[47, 141, 234, 328, 469, 656, 844, 1031, 1313, 1688, 2250, 3000, 3750, 4688, 5813, 7125, 9000, 11250, 13875, 19688])
01-15 12:10:47.555   627  3892 D DlbDap2Process: setParam(vbon = #1[0])
01-15 12:10:47.555   627  3892 D DlbDap2Process: setParam(beon = #1[0])
01-15 12:10:47.555   627  3892 D DlbDap2Process: setParam(geon = #1[0])
01-15 12:10:47.555   627  3892 D DlbDap2Process: setParam(ieon = #1[0])
01-15 12:10:47.555   627  3892 D DlbDap2Process: setParam(gebs = #41[20, 47, 141, 234, 328, 469, 656, 844, 1031, 1313, 1688, 2250, 3000, 3750, 4688, 5813, 7125, 9000, 11250, 13875, 19688, 0, 0, 0, 0, 0, 0, 0, 0, 0, 0, 0, 0, 0, 0, 0, 0, 0, 0, 0, 0])
01-15 12:10:47.555   627  3892 D DlbDap2Process: setParam(iebs = #41[20, 65, 136, 223, 332, 467, 634, 841, 1098, 1416, 1812, 2302, 2909, 3663, 4598, 5756, 7194, 8976, 11186, 13927, 17326, 117, 133, 188, 176, 141, 149, 175, 185, 185, 200, 236, 242, 228, 213, 182, 132, 110, 68, -27, -240])
01-15 12:10:47.555   627  3892 D DlbDapEndpointParamCache: doCommit() Committed 15 parameters out of 16.
01-15 12:10:47.555   627  3892 D DlbDapEndpointParamCache: commit() Overriding parameters for current device 0x00000002
01-15 12:10:47.555   627  3892 D DlbDap2Process: setParam(dea = #1[7])
01-15 12:10:47.555   627  3892 D DlbDap2Process: setParam(dsa = #1[10])
01-15 12:10:47.555   627  3892 D DlbDap2Process: setParam(beb = #1[192])
01-15 12:10:47.555   627  3892 D DlbDap2Process: setParam(plb = #1[0])
01-15 12:10:47.555   627  3892 D DlbDap2Process: setParam(vmb = #1[144])
01-15 12:10:47.555   627  3892 D DlbDap2Process: setParam(dsb = #1[48])
01-15 12:10:47.555   627  3892 D DlbDap2Process: setParam(ded = #1[0])
01-15 12:10:47.555   627  3892 D DlbDap2Process: setParam(vbm = #1[3])
01-15 12:10:47.555   627  3892 D DlbDap2Process: setParam(dom = #1[0])
01-15 12:10:47.555   627  3892 D DlbDap2Process: setParam(bew = #1[16])
01-15 12:10:47.555   627  3892 D DlbDap2Process: setParam(dvla = #1[5])
01-15 12:10:47.555   627  3892 D DlbDap2Process: setParam(arra = #1[96])
01-15 12:10:47.556   627  3892 D DlbDap2Process: setParam(dfsa = #1[10])
01-15 12:10:47.556   627  3892 D DlbDap2Process: setParam(dhsa = #1[10])
01-15 12:10:47.556   627  3892 D DlbDap2Process: setParam(dvmc = #1[0])
01-15 12:10:47.556   627  3892 D DlbDap2Process: setParam(arod = #1[0])
01-15 12:10:47.556   627  3892 D DlbDap2Process: setParam(arde = #1[1])
01-15 12:10:47.556   627  3892 D DlbDap2Process: setParam(dvle = #1[1])
01-15 12:10:47.556   627  3892 D DlbDap2Process: setParam(dvme = #1[0])
01-15 12:10:47.556   627  3892 D DlbDap2Process: setParam(becf = #1[200])
01-15 12:10:47.556   627  3892 D DlbDap2Process: setParam(vbmf = #2[94, 469])
01-15 12:10:47.556   627  3892 D DlbDap2Process: setParam(vbsf = #2[35, 160])
01-15 12:10:47.556   627  3892 D DlbDap2Process: setParam(vbhg = #3[-32, -144, -192])
01-15 12:10:47.556   627  3892 D DlbDap2Process: setParam(vbog = #1[0])
01-15 12:10:47.556   627  3892 D DlbDap2Process: setParam(vbsg = #1[0])
01-15 12:10:47.556   627  3892 D DlbDap2Process: setParam(dvli = #1[-320])
01-15 12:10:47.556   627  3892 D DlbDap2Process: setParam(dhfm = #1[2])
01-15 12:10:47.556   627  3892 D DlbDap2Process: setParam(vbon = #1[0])
01-15 12:10:47.556   627  3892 D DlbDap2Process: setParam(beon = #1[0])
01-15 12:10:47.556   627  3892 D DlbDap2Process: setParam(deon = #1[0])
01-15 12:10:47.556   627  3892 D DlbDap2Process: setParam(ngon = #1[1])
01-15 12:10:47.556   627  3892 D DlbDap2Process: setParam(aoon = #1[1])
01-15 12:10:47.556   627  3892 D DlbDap2Process: setParam(aron = #1[1])
01-15 12:10:47.556   627  3892 D DlbDap2Process: setParam(dvlo = #1[-320])
01-15 12:10:47.556   627  3892 D DlbDap2Process: setParam(artp = #1[12])
01-15 12:10:47.556   627  3892 D DlbDap2Process: setParam(aobs = #222[20, 10, 47, 141, 234, 328, 469, 656, 844, 1031, 1313, 1688, 2250, 3000, 3750, 4688, 5813, 7125, 9000, 11250, 13875, 19688, 0, 0, 0, 0, 0, 0, 0, 0, 0, 0, 0, 0, 0, 0, 0, 0, 0, 0, 0, 0, 0, 0, 0, 0, 0, 0, 0, 0, 0, 0, 0, 0, 0, 0, 0, 0, 0, 0, 0, 0, 0, 0, 0, 0, 0, 0, 0, 0, 0, 0, 0, 0, 0, 0, 0, 0, 0, 0, 0, 0, 0, 0, 0, 0, 0, 0, 0, 0, 0, 0, 0, 0, 0, 0, 0, 0, 0, 0, 0, 0, 0, 0, 0, 0, 0, 0, 0, 0, 0, 0, 0, 0, 0, 0, 0, 0, 0, 0, 0, 0, 0, 0, 0, 0, 0, 0, 0, 0, 0, 0, 0, 0, 0, 0, 0, 0, 0, 0, 0, 0, 0, 0, 0, 0, 0, 0, 0, 0, 0, 0, 0, 0, 0, 0, 0, 0, 0, 0, 0, 0, 0, 0, 0, 0, 0, 0, 0, 0, 0, 0, 0, 0, 0, 0, 0, 0, 0, 0, 0, 0, 0, 0, 0, 0, 0, 0, 0, 0, 0, 0, 0, 0, 0, 0, 0, 0, 0, 0, 0, 0, 0, 0, 0, 0, 0, 0, 0, 0, 0, 0, 0, 0, 0, 0, 0, 0, 0, 0, 0, 0])
01-15 12:10:47.557   627  3892 D DlbDap2Process: setParam(arbs = #81[20, 47, 141, 234, 328, 469, 656, 844, 1031, 1313, 1688, 2250, 3000, 3750, 4688, 5813, 7125, 9000, 11250, 13875, 19688, -192, -192, -192, -192, -192, -192, -192, -192, -192, -192, -192, -192, -192, -192, -192, -192, -192, -192, -192, -192, 0, 0, 0, 0, 0, 0, 0, 0, 0, 0, 0, 0, 0, 0, 0, 0, 0, 0, 0, 0, 0, 0, 0, 0, 0, 0, 0, 0, 0, 0, 0, 0, 0, 0, 0, 0, 0, 0, 0, 0])
01-15 12:10:47.557   627  3892 D DlbDapEndpointParamCache: doCommit() Committed 37 parameters out of 37.
01-15 12:10:47.557   627  3892 D DlbDap2Process: setMave(mave = 0)
01-15 12:10:47.557   945  3925 I ActivityManager: START u0 {flg=0x10000000 cmp=com.dolby.qa.featuretest/.MainActivity} from uid 2000
01-15 12:10:47.557   684  1056 D AudioFlinger: trackDestroyed() Track id 353 no longer contains processed audio
01-15 12:10:47.558   684   928 W AudioFlinger::EffectModule: EffectModule 0xee09df00 destructor called with unreleased interface
01-15 12:10:47.559   684   928 W AudioFlinger::EffectHandle: disconnect Effect handle 0xee0a6940 disconnected after thread destruction
01-15 12:10:47.580   945  1506 I ActivityManager: Start proc 15657:com.dolby.qa.featuretest/u0a72 for activity com.dolby.qa.featuretest/.MainActivity
01-15 12:10:47.582 15657 15657 I zygote64: Late-enabling -Xcheck:jni
01-15 12:10:47.636 15657 15664 E zygote64: Failed sending reply to debugger: Broken pipe
01-15 12:10:47.636 15657 15664 I zygote64: Debugger is no longer active
01-15 12:10:47.664   627  3892 D DlbDap2Process: process() called [218500] times
01-15 12:10:47.758 15657 15657 D featureTest: onCreate
01-15 12:10:47.762 15657 15657 D AudioTrack: Client defaulted notificationFrames to 962 for frameCount 1924
01-15 12:10:47.765 15657 15657 W AudioTrack: Use of stream types is deprecated for operations other than volume control
01-15 12:10:47.765 15657 15657 W AudioTrack: See the documentation of AudioTrack() for what to use instead with android.media.AudioAttributes to qualify your playback use case
01-15 12:10:47.772 15657 15657 W DolbyAudioEffect: WARNING: attaching a DolbyAudioEffect to global output mix is deprecated!
01-15 12:10:47.778 15657 15657 D featureTest: onResume
01-15 12:10:47.788 15657 15674 D OpenGLRenderer: HWUI GL Pipeline
01-15 12:10:47.820 15657 15674 I Adreno  : QUALCOMM build                   : 7142022, Ib5823dd10c
01-15 12:10:47.820 15657 15674 I Adreno  : Build Date                       : 06/23/17
01-15 12:10:47.820 15657 15674 I Adreno  : OpenGL ES Shader Compiler Version: EV031.18.00.00
01-15 12:10:47.820 15657 15674 I Adreno  : Local Branch                     : O11A
01-15 12:10:47.820 15657 15674 I Adreno  : Remote Branch                    : 
01-15 12:10:47.820 15657 15674 I Adreno  : Remote Branch                    : 
01-15 12:10:47.820 15657 15674 I Adreno  : Reconstruct Branch               : 
01-15 12:10:47.827 15657 15674 I Adreno  : PFP: 0x005ff087, ME: 0x005ff063
01-15 12:10:47.830 15657 15674 I OpenGLRenderer: Initialized EGL, version 1.4
01-15 12:10:47.830 15657 15674 D OpenGLRenderer: Swap behavior 2
01-15 12:10:47.872   945   998 I ActivityManager: Displayed com.dolby.qa.featuretest/.MainActivity: +302ms
01-15 12:10:48.050   945   998 W ActivityManager: setHasOverlayUi called on unknown pid: 15556
01-15 12:10:48.375  2103  2230 W OpenGLRenderer: Incorrectly called buildLayer on View: ShortcutAndWidgetContainer, destroying layer...
01-15 12:10:48.447   945   945 W NotificationService: Object died trying to hide notification android.app.ITransientNotification$Stub$Proxy@e76ad4e in package com.dolby.qa.featuretest
01-15 12:10:48.447   945   945 W WindowManager: removeWindowToken: Attempted to remove non-existing token: android.os.Binder@fe19bb7
01-15 12:10:48.447   945   945 W ActivityManager: setProcessForeground called on unknown pid: 15556
01-15 12:10:48.447   945   945 W NotificationService: Object died trying to show notification android.app.ITransientNotification$Stub$Proxy@9a9be6f in package com.dolby.qa.featuretest
01-15 12:10:48.447   945   945 W ActivityManager: setProcessForeground called on unknown pid: 15556
01-15 12:10:48.447   945   945 W NotificationService: Object died trying to show notification android.app.ITransientNotification$Stub$Proxy@e26177c in package com.dolby.qa.featuretest
01-15 12:10:48.447   945   945 W ActivityManager: setProcessForeground called on unknown pid: 15556
01-15 12:10:48.448   945   945 W NotificationService: Object died trying to show notification android.app.ITransientNotification$Stub$Proxy@747f805 in package com.dolby.qa.featuretest
01-15 12:10:48.636 15657 15657 D featureTest: receive broadcast , playing content location :/sdcard/featureTest/Pearl_Harbour_French_5.1_dd_448Kbps.mp4
01-15 12:10:48.643 15657 15657 D featureTest: mMediaPlayer.getAudioSessionId(): 2433
01-15 12:10:48.643 15657 15657 D featureTest: Playing file: /sdcard/featureTest/Pearl_Harbour_French_5.1_dd_448Kbps.mp4
01-15 12:10:48.644   710  1422 D NuPlayerDriver: NuPlayerDriver(0xe84b2540) created, clientPid(15657)
01-15 12:10:48.646 15684 15684 W generic : type=1400 audit(0.0:203): avc: denied { read } for path="/storage/emulated/0/featuretest/Pearl_Harbour_French_5.1_dd_448Kbps.mp4" dev="sdcardfs" ino=1310776 scontext=u:r:mediaextractor:s0 tcontext=u:object_r:sdcardfs:s0 tclass=file permissive=0
01-15 12:10:48.646 15657 15657 W MediaPlayer: Use of stream types is deprecated for operations other than volume control
01-15 12:10:48.646 15657 15657 W MediaPlayer: See the documentation of setAudioStreamType() for what to use instead with android.media.AudioAttributes to qualify your playback use case
01-15 12:10:48.649   710 15684 D GenericSource: FileSource remote
01-15 12:10:48.649   710 15684 W GenericSource: extractor service cannot make data source
01-15 12:10:48.649   710 15684 D GenericSource: FileSource local
01-15 12:10:48.665   710 15682 D NuPlayerDriver: notifyListener_l(0xe84b2540), (1, 0, 0, -1), loop setting(0, 0)
01-15 12:10:48.672   710   710 D NuPlayerDriver: start(0xe84b2540), state is 4, eos is 0
01-15 12:10:48.672   710 15682 I GenericSource: start
01-15 12:10:48.674 15657 15657 W DolbyAudioEffect: WARNING: attaching a DolbyAudioEffect to global output mix is deprecated!
01-15 12:10:48.687 15657 15657 D featureTest: receive broadcast , change ds status :1
01-15 12:10:48.689   710 15691 I OMXClient: Treble IOmx obtained
01-15 12:10:48.690   717  5319 I OMXMaster: makeComponentInstance(OMX.dolby.ac3.decoder) in omx@1.0-service process
01-15 12:10:48.699   627   627 D DlbDlbEffect: handle_EFFECT_CMD_SET_PARAM()
01-15 12:10:48.728   717  5319 I DDP_JOCDecoder: -> init name OMX.dolby.ac3.decoder
01-15 12:10:48.729   645   645 I DMSService: registerClient type = 0, uid = e8392270
01-15 12:10:48.729   645   645 V DolbyMemoryService: registerClient() client 0x710ec74380, uid -398908816
01-15 12:10:48.729   717  5319 I DDP_JOCDecoder: <- init
01-15 12:10:48.730   717  5319 D DDP_JOCDecoder: initPorts
01-15 12:10:48.731   717  5319 E OMXNodeInstance: setConfig(0xe83a32c0:dolby.ac3.decoder, ConfigPriority(0x6f800002)) ERROR: Undefined(0x80001001)
01-15 12:10:48.731   710 15691 I ACodec  : codec does not support config priority (err -2147483648)
01-15 12:10:48.731   717  5319 E OMXNodeInstance: getConfig(0xe83a32c0:dolby.ac3.decoder, ConfigAndroidVendorExtension(0x6f100004)) ERROR: Undefined(0x80001001)
01-15 12:10:48.732   710 15691 I MediaCodec: MediaCodec will operate in async mode
01-15 12:10:48.732   710 15690 I NuPlayerDecoder: setDolbyMessage() Notifying player that Codec supports dolby_processed_audio flag
01-15 12:10:48.732   710 15691 I ACodec  : setDolbyParameterOnProcessedAudio() Received dolby_processed_audio=1
01-15 12:10:48.732   710 15682 I NuPlayer: onDolbyMessageReceived() Setting dolby_processed_audio flag on audio sink
01-15 12:10:48.732   710 15682 I MediaPlayerService: setDolbyParameters() Marking audio output as having dolby_processed_audio
01-15 12:10:48.732   645   645 I DMSService: unregisterClient type = 0, uid = e8392270
01-15 12:10:48.747   645   645 D DatabaseHelper: failed to prepare SQL : INSERT INTO profiles VALUES(15
01-15 12:10:48.747   645   645 D DatabaseHelper: ,'custom','user2','user2','off','off')
01-15 12:10:48.747   645   645 D DatabaseHelper: failed to prepare SQL : INSERT INTO profile_endpoints VALUES(57
01-15 12:10:48.747   645   645 D DatabaseHelper: ,'custom','user2','speaker')
01-15 12:10:48.747   645   645 D DatabaseHelper: failed to prepare SQL : INSERT INTO profile_endpoints VALUES(57
01-15 12:10:48.747   645   645 D DatabaseHelper: ,'custom','user2','headphone')
01-15 12:10:48.747   645   645 D DatabaseHelper: failed to prepare SQL : INSERT INTO profile_endpoints VALUES(57
01-15 12:10:48.747   645   645 D DatabaseHelper: ,'custom','user2','passthrough')
01-15 12:10:48.747 15657 15657 D featureTest: receive broadcast , change ds profile id :2
01-15 12:10:48.747   645   645 D DatabaseHelper: failed to prepare SQL : INSERT INTO profile_endpoints VALUES(57
01-15 12:10:48.747   645   645 D DatabaseHelper: ,'custom','user2','other')
01-15 12:10:48.747   645   645 D DatabaseHelper: failed to prepare SQL : INSERT INTO profile_ports VALUES(85
01-15 12:10:48.747   645   645 D DatabaseHelper: ,'custom','user2','internal_speaker')
01-15 12:10:48.747   645   645 D DatabaseHelper: failed to prepare SQL : INSERT INTO profile_ports VALUES(85
01-15 12:10:48.747   645   645 D DatabaseHelper: ,'custom','user2','hdmi')
01-15 12:10:48.747   645   645 D DatabaseHelper: failed to prepare SQL : INSERT INTO profile_ports VALUES(85
01-15 12:10:48.747   645   645 D DatabaseHelper: ,'custom','user2','miracast')
01-15 12:10:48.747   645   645 D DatabaseHelper: failed to prepare SQL : INSERT INTO profile_ports VALUES(85
01-15 12:10:48.747   645   645 D DatabaseHelper: ,'custom','user2','headphone_port')
01-15 12:10:48.748   645   645 D DatabaseHelper: failed to prepare SQL : INSERT INTO profile_ports VALUES(85
01-15 12:10:48.748   645   645 D DatabaseHelper: ,'custom','user2','bluetooth')
01-15 12:10:48.748   645   645 D DatabaseHelper: failed to prepare SQL : INSERT INTO profile_ports VALUES(85
01-15 12:10:48.748   645   645 D DatabaseHelper: ,'custom','user2','usb')
01-15 12:10:48.748   645   645 D DatabaseHelper: failed to prepare SQL : INSERT INTO geq_presets VALUES(57
01-15 12:10:48.748   645   645 D DatabaseHelper: ,'custom','off','user2')
01-15 12:10:48.748   645   645 D DatabaseHelper: failed to prepare SQL : INSERT INTO geq_presets VALUES(57
01-15 12:10:48.748   645   645 D DatabaseHelper: ,'custom','open','user2')
01-15 12:10:48.748   645   645 D DatabaseHelper: failed to prepare SQL : INSERT INTO geq_presets VALUES(57
01-15 12:10:48.748   645   645 D DatabaseHelper: ,'custom','rich','user2')
01-15 12:10:48.748   645   645 D DatabaseHelper: failed to prepare SQL : INSERT INTO geq_presets VALUES(57
01-15 12:10:48.748   645   645 D DatabaseHelper: ,'custom','focused','user2')
01-15 12:10:48.760   645   645 I DMSService: registerClient type = 4, uid = e8392220
01-15 12:10:48.760   645   645 V DolbyMemoryService: registerClient() client 0x710ec74380, uid -398908892
01-15 12:10:48.760   627   627 D DlbDlbEffect: handle_EFFECT_CMD_SET_PARAM()
01-15 12:10:48.761   717  5319 D DDP_JOCDecoder: internalSetParameter() Instantiating ARenderer for content processing in decoder
01-15 12:10:48.761   717  5319 I DlbDap2QmfProcess: Dap2Process()
01-15 12:10:48.761   717  5319 I ARenderer: ARenderer
01-15 12:10:48.761   717  5319 I evo_parser: evo_parser_init
01-15 12:10:48.761   717  5319 I DlbDap2QmfProcess: init()
01-15 12:10:48.761   717  5319 I DlbDap2QmfProcess: open()
01-15 12:10:48.761   717  5319 I DlbDap2QmfProcess: loadLicense() no license check!
01-15 12:10:48.761   717  5319 I DlbDap2QmfProcess: validateLicense() no license check!
01-15 12:10:48.762   717  5319 I DlbDap2QmfProcess: init() DAP opened
01-15 12:10:48.762   717  5319 I DlbDap2QmfProcess: DAP library version: 2.5.1-P2.0
01-15 12:10:48.762   717  5319 D DlbDap2QmfProcess: DAP output mode set to 1 with 2 output channels and null mix matrix.
01-15 12:10:48.762   645   713 I DapController: Profile Changed to Music
01-15 12:10:48.762   710 15691 I ACodec  : setDolbyParameterOnProcessedAudio() Content processing enabled in decoder
01-15 12:10:48.764   626   626 W /system/bin/hw/android.hidl.allocator@1.0-service: ashmem_create_region(8192) returning hidl_memory(0x7b7102c330, 8192)
01-15 12:10:48.765   626   626 I chatty  : uid=1000(system) allocator@1.0-s identical 2 lines
01-15 12:10:48.765   626   626 W /system/bin/hw/android.hidl.allocator@1.0-service: ashmem_create_region(8192) returning hidl_memory(0x7b7102c330, 8192)
01-15 12:10:48.767   626   626 W /system/bin/hw/android.hidl.allocator@1.0-service: ashmem_create_region(147456) returning hidl_memory(0x7b7102c330, 147456)
01-15 12:10:48.767   626   626 I chatty  : uid=1000(system) allocator@1.0-s identical 2 lines
01-15 12:10:48.767   626   626 W /system/bin/hw/android.hidl.allocator@1.0-service: ashmem_create_region(147456) returning hidl_memory(0x7b7102c330, 147456)
01-15 12:10:48.768   717 15694 I DDP_JOCDecoder: -> start
01-15 12:10:48.769   717 15694 I EndpConfig: DAP state has changed from -1 to 1
01-15 12:10:48.769   717 15694 D DDP_JOCDecoder: Setting Max Output Channels to 2
01-15 12:10:48.769   717 15694 D DDP_JOCDecoder: setMultiChannelPCMOutDownmix mConfig->jocForceDownmixMode 1
01-15 12:10:48.769   717 15694 I udc_user: 
01-15 12:10:48.769   717 15694 I udc_user: *** DDPlus Unified Decoder Simulation  Version 1.7.3 ***
01-15 12:10:48.769   717 15694 I udc_user: 
01-15 12:10:48.769   717 15694 I udc_user: 7.1-channel decoder-converter, 
01-15 12:10:48.769   717 15694 I udc_user: 
01-15 12:10:48.769   717 15694 I udc_user: 5.1-channel dual-decoder-converter, 
01-15 12:10:48.769   717 15694 I udc_user: Karaoke unsupported, 
01-15 12:10:48.769   717 15694 I udc_user: TPNP supported. 
01-15 12:10:48.769   717 15694 I udc_user: 
01-15 12:10:48.769   717 15694 I udc_user: Unpublished work.  Copyright 2003-2014 Dolby Laboratories, Inc. and
01-15 12:10:48.769   717 15694 I udc_user: Dolby Laboratories Licensing Corporation.  All Rights Reserved.
01-15 12:10:48.769   717 15694 I udc_user: 
01-15 12:10:48.769   717 15694 I udc_user: USE OF THIS SOFTWARE IS SUBJECT TO A LEGAL AGREEMENT BETWEEN YOU AND DOLBY
01-15 12:10:48.769   717 15694 I udc_user: LABORATORIES. DO NOT USE THIS SOFTWARE UNLESS YOU AGREE TO THE TERMS AND 
01-15 12:10:48.769   717 15694 I udc_user: CONDITIONS IN THE AGREEMENT.  BY USING THIS SOFTWARE, YOU ACKNOWLEDGE THAT 
01-15 12:10:48.769   717 15694 I udc_user: YOU HAVE READ THE AGREEMENT AND THAT YOU AGREE TO BE BOUND BY ITS TERMS. 
01-15 12:10:48.769   717 15694 I udc_user: 
01-15 12:10:48.769   717 15694 I ddpdec_client_joc: ddpdec_open JOCD_MODE Buffer assignment
01-15 12:10:48.769   717 15694 D DDP_JOCDecoder: mStarted = 1
01-15 12:10:48.769   717 15694 I DDP_JOCDecoder: <- start
01-15 12:10:48.771   627  3892 I DlbEffectContext: setContentProcEnabled() Disabling content processing in effect
01-15 12:10:48.772   627  3892 D DlbDapEndpointParamCache: commitChangedParams()
01-15 12:10:48.772   627  3892 D DlbDapEndpointParamCache: commit() Applying parameters for device 0x40000000
01-15 12:10:48.772   627  3892 D DlbDap2Process: setParam(msce = #1[0])
01-15 12:10:48.772   627  3892 D DlbDap2Process: setParam(mdee = #1[0])
01-15 12:10:48.772   627  3892 D DlbDap2Process: setParam(miee = #1[0])
01-15 12:10:48.772   627  3892 D DlbDap2Process: setParam(mdle = #1[0])
01-15 12:10:48.772   627  3892 D DlbDap2Process: setParam(dvle = #1[0])
01-15 12:10:48.772   627  3892 D DlbDap2Process: setParam(mave = #1[0])
01-15 12:10:48.773   627  3892 D DlbDap2Process: setParam(ieon = #1[0])
01-15 12:10:48.773   627  3892 D DlbDapEndpointParamCache: doCommit() Committed 7 parameters out of 16.
01-15 12:10:48.773   627  3892 D DlbDapEndpointParamCache: commit() Overriding parameters for current device 0x00000002
01-15 12:10:48.773   627  3892 D DlbDap2Process: setParam(dom = #1[0])
01-15 12:10:48.773   627  3892 D DlbDap2Process: setParam(dvle = #1[0])
01-15 12:10:48.773   627  3892 D DlbDap2Process: setParam(dvme = #1[0])
01-15 12:10:48.773   627  3892 D DlbDap2Process: setParam(deon = #1[0])
01-15 12:10:48.773   627  3892 D DlbDap2Process: setParam(ngon = #1[0])
01-15 12:10:48.773   627  3892 D DlbDapEndpointParamCache: doCommit() Committed 5 parameters out of 37.
01-15 12:10:48.774   627  3892 D DlbDapEndpointParamCache: commitChangedParams()
01-15 12:10:48.774   717 15694 D ddpdec_client_joc: ddpdec_client.c|int configDecoder()
01-15 12:10:48.774   627  3892 D DlbDapEndpointParamCache: commit() Applying parameters for device 0x40000000
01-15 12:10:48.774   627  3892 D DlbDap2Process: setParam(iea = #1[10])
01-15 12:10:48.774   627  3892 D DlbDap2Process: setParam(vcbf = #20[47, 141, 234, 328, 469, 656, 844, 1031, 1313, 1688, 2250, 3000, 3750, 4688, 5813, 7125, 9000, 11250, 13875, 19688])
01-15 12:10:48.774   627  3892 D DlbDap2Process: setParam(vbon = #1[0])
01-15 12:10:48.774   627  3892 D DlbDap2Process: setParam(beon = #1[0])
01-15 12:10:48.774   627  3892 D DlbDap2Process: setParam(geon = #1[0])
01-15 12:10:48.774   627  3892 D DlbDap2Process: setParam(gebs = #41[20, 47, 141, 234, 328, 469, 656, 844, 1031, 1313, 1688, 2250, 3000, 3750, 4688, 5813, 7125, 9000, 11250, 13875, 19688, 0, 0, 0, 0, 0, 0, 0, 0, 0, 0, 0, 0, 0, 0, 0, 0, 0, 0, 0, 0])
01-15 12:10:48.774   627  3892 D DlbDap2Process: setParam(iebs = #41[20, 65, 136, 223, 332, 467, 634, 841, 1098, 1416, 1812, 2302, 2909, 3663, 4598, 5756, 7194, 8976, 11186, 13927, 17326, 117, 133, 188, 176, 141, 149, 175, 185, 185, 200, 236, 242, 228, 213, 182, 132, 110, 68, -27, -240])
01-15 12:10:48.774   627  3892 D DlbDapEndpointParamCache: doCommit() Committed 8 parameters out of 16.
01-15 12:10:48.774   627  3892 D DlbDapEndpointParamCache: commit() Overriding parameters for current device 0x00000002
01-15 12:10:48.774   627  3892 D DlbDap2Process: setParam(dea = #1[7])
01-15 12:10:48.774   627  3892 D DlbDap2Process: setParam(dsa = #1[10])
01-15 12:10:48.774   627  3892 D DlbDap2Process: setParam(beb = #1[192])
01-15 12:10:48.775   627  3892 D DlbDap2Process: setParam(plb = #1[0])
01-15 12:10:48.775   627  3892 D DlbDap2Process: setParam(vmb = #1[144])
01-15 12:10:48.775   627  3892 D DlbDap2Process: setParam(dsb = #1[0])
01-15 12:10:48.775   627  3892 D DlbDap2Process: setParam(ded = #1[0])
01-15 12:10:48.775   627  3892 D DlbDap2Process: setParam(vbm = #1[3])
01-15 12:10:48.775   627  3892 D DlbDap2Process: setParam(bew = #1[16])
01-15 12:10:48.775   627  3892 D DlbDap2Process: setParam(dvla = #1[4])
01-15 12:10:48.775   627  3892 D DlbDap2Process: setParam(arra = #1[96])
01-15 12:10:48.775   627  3892 D DlbDap2Process: setParam(dfsa = #1[10])
01-15 12:10:48.775   627  3892 D DlbDap2Process: setParam(dhsa = #1[10])
01-15 12:10:48.775   627  3892 D DlbDap2Process: setParam(dvmc = #1[0])
01-15 12:10:48.775   627  3892 D DlbDap2Process: setParam(arod = #1[0])
01-15 12:10:48.775   627  3892 D DlbDap2Process: setParam(arde = #1[1])
01-15 12:10:48.775   627  3892 D DlbDap2Process: setParam(becf = #1[200])
01-15 12:10:48.775   627  3892 D DlbDap2Process: setParam(vbmf = #2[94, 469])
01-15 12:10:48.775   627  3892 D DlbDap2Process: setParam(vbsf = #2[35, 160])
01-15 12:10:48.775   627  3892 D DlbDap2Process: setParam(vbhg = #3[-32, -144, -192])
01-15 12:10:48.775   627  3892 D DlbDap2Process: setParam(vbog = #1[0])
01-15 12:10:48.775   627  3892 D DlbDap2Process: setParam(vbsg = #1[0])
01-15 12:10:48.775   627  3892 D DlbDap2Process: setParam(dvli = #1[-320])
01-15 12:10:48.775   627  3892 D DlbDap2Process: setParam(dhfm = #1[2])
01-15 12:10:48.775   627  3892 D DlbDap2Process: setParam(vbon = #1[0])
01-15 12:10:48.775   627  3892 D DlbDap2Process: setParam(beon = #1[0])
01-15 12:10:48.775   627  3892 D DlbDap2Process: setParam(aoon = #1[1])
01-15 12:10:48.775   627  3892 D DlbDap2Process: setParam(aron = #1[1])
01-15 12:10:48.775   627  3892 D DlbDap2Process: setParam(dvlo = #1[-320])
01-15 12:10:48.775   627  3892 D DlbDap2Process: setParam(artp = #1[12])
01-15 12:10:48.775   627  3892 D DlbDap2Process: setParam(aobs = #222[20, 10, 47, 141, 234, 328, 469, 656, 844, 1031, 1313, 1688, 2250, 3000, 3750, 4688, 5813, 7125, 9000, 11250, 13875, 19688, 0, 0, 0, 0, 0, 0, 0, 0, 0, 0, 0, 0, 0, 0, 0, 0, 0, 0, 0, 0, 0, 0, 0, 0, 0, 0, 0, 0, 0, 0, 0, 0, 0, 0, 0, 0, 0, 0, 0, 0, 0, 0, 0, 0, 0, 0, 0, 0, 0, 0, 0, 0, 0, 0, 0, 0, 0, 0, 0, 0, 0, 0, 0, 0, 0, 0, 0, 0, 0, 0, 0, 0, 0, 0, 0, 0, 0, 0, 0, 0, 0, 0, 0, 0, 0, 0, 0, 0, 0, 0, 0, 0, 0, 0, 0, 0, 0, 0, 0, 0, 0, 0, 0, 0, 0, 0, 0, 0, 0, 0, 0, 0, 0, 0, 0, 0, 0, 0, 0, 0, 0, 0, 0, 0, 0, 0, 0, 0, 0, 0, 0, 0, 0, 0, 0, 0, 0, 0, 0, 0, 0, 0, 0, 0, 0, 0, 0, 0, 0, 0, 0, 0, 0, 0, 0, 0, 0, 0, 0, 0, 0, 0, 0, 0, 0, 0, 0, 0, 0, 0, 0, 0, 0, 0, 0, 0, 0, 0, 0, 0, 0, 0, 0, 0, 0, 0, 0, 0, 0, 0, 0, 0, 0, 0, 0, 0, 0, 0, 0, 0])
01-15 12:10:48.775   717 15694 D DDP_JOCDecoder: Setting Max Output Channels to 2
01-15 12:10:48.775   627  3892 D DlbDap2Process: setParam(arbs = #81[20, 47, 141, 234, 328, 469, 656, 844, 1031, 1313, 1688, 2250, 3000, 3750, 4688, 5813, 7125, 9000, 11250, 13875, 19688, -192, -192, -192, -192, -192, -192, -192, -192, -192, -192, -192, -192, -192, -192, -192, -192, -192, -192, -192, -192, 0, 0, 0, 0, 0, 0, 0, 0, 0, 0, 0, 0, 0, 0, 0, 0, 0, 0, 0, 0, 0, 0, 0, 0, 0, 0, 0, 0, 0, 0, 0, 0, 0, 0, 0, 0, 0, 0, 0, 0])
01-15 12:10:48.775   627  3892 D DlbDapEndpointParamCache: doCommit() Committed 32 parameters out of 37.
01-15 12:10:48.776   627  3892 D DlbDap2Process: setMave(mave = 0)
01-15 12:10:48.777   717 15694 I DlbDap2QmfProcess: close()
01-15 12:10:48.777   717 15694 I DlbDap2QmfProcess: init()
01-15 12:10:48.777   717 15694 I DlbDap2QmfProcess: open()
01-15 12:10:48.778   717 15694 I DlbDap2QmfProcess: loadLicense() no license check!
01-15 12:10:48.778   717 15694 I DlbDap2QmfProcess: validateLicense() no license check!
01-15 12:10:48.778   717 15694 I DlbDap2QmfProcess: init() DAP opened
01-15 12:10:48.778   717 15694 I DlbDap2QmfProcess: DAP library version: 2.5.1-P2.0
01-15 12:10:48.778   717 15694 D DlbDap2QmfProcess: DAP output mode set to 1 with 2 output channels and null mix matrix.
01-15 12:10:48.778   717 15694 D ARenderer: checkAndUpdateConfig: DAP reinitialized because of sample rate change
01-15 12:10:48.778   717 15694 D ARenderer: updateDapConfig: Updating DAP configuration
01-15 12:10:48.778   717 15694 D DlbDap2QmfProcess: setParam(iea = #1[10])
01-15 12:10:48.778   717 15694 D DlbDap2QmfProcess: setParam(msce = #1[0])
01-15 12:10:48.778   717 15694 D DlbDap2QmfProcess: setParam(mdee = #1[0])
01-15 12:10:48.778   717 15694 D DlbDap2QmfProcess: setParam(miee = #1[0])
01-15 12:10:48.778   717 15694 D DlbDap2QmfProcess: setParam(mdle = #1[0])
01-15 12:10:48.778   717 15694 D DlbDap2QmfProcess: setParam(dvle = #1[1])
01-15 12:10:48.779   717 15694 D DlbDap2QmfProcess: setParam(mave = #1[0])
01-15 12:10:48.779   717 15694 D DlbDap2QmfProcess: setParam(vcbf = #20[47, 141, 234, 328, 469, 656, 844, 1031, 1313, 1688, 2250, 3000, 3750, 4688, 5813, 7125, 9000, 11250, 13875, 19688])
01-15 12:10:48.779   717 15694 D DlbDap2QmfProcess: setParam(ieon = #1[1])
01-15 12:10:48.779   717 15694 D DlbDap2QmfProcess: setParam(gebs = #41[20, 47, 141, 234, 328, 469, 656, 844, 1031, 1313, 1688, 2250, 3000, 3750, 4688, 5813, 7125, 9000, 11250, 13875, 19688, 0, 0, 0, 0, 0, 0, 0, 0, 0, 0, 0, 0, 0, 0, 0, 0, 0, 0, 0, 0])
01-15 12:10:48.779   717 15694 D DlbDap2QmfProcess: setParam(iebs = #41[20, 65, 136, 223, 332, 467, 634, 841, 1098, 1416, 1812, 2302, 2909, 3663, 4598, 5756, 7194, 8976, 11186, 13927, 17326, 117, 133, 188, 176, 141, 149, 175, 185, 185, 200, 236, 242, 228, 213, 182, 132, 110, 68, -27, -240])
01-15 12:10:48.779   717 15694 D DlbDap2QmfProcess: setParam(dea = #1[7])
01-15 12:10:48.779   717 15694 D DlbDap2QmfProcess: setParam(dsa = #1[10])
01-15 12:10:48.779   717 15694 D DlbDap2QmfProcess: setParam(beb = #1[192])
01-15 12:10:48.779   717 15694 D DlbDap2QmfProcess: setParam(plb = #1[0])
01-15 12:10:48.779   717 15694 D DlbDap2QmfProcess: setParam(vmb = #1[144])
01-15 12:10:48.779   717 15694 D DlbDap2QmfProcess: setParam(dsb = #1[0])
01-15 12:10:48.779   717 15694 D DlbDap2QmfProcess: setParam(ded = #1[0])
01-15 12:10:48.780   717 15694 D DlbDap2QmfProcess: setParam(dom = #1[0])
01-15 12:10:48.780   717 15694 D DlbDap2QmfProcess: setParam(bew = #1[16])
01-15 12:10:48.780   717 15694 D DlbDap2QmfProcess: setParam(dvla = #1[4])
01-15 12:10:48.780   717 15694 D DlbDap2QmfProcess: setParam(dfsa = #1[10])
01-15 12:10:48.780   717 15694 D DlbDap2QmfProcess: setParam(dhsa = #1[10])
01-15 12:10:48.780   717 15694 D DlbDap2QmfProcess: setParam(dvmc = #1[0])
01-15 12:10:48.780   717 15694 D DlbDap2QmfProcess: setParam(dvle = #1[1])
01-15 12:10:48.780   717 15694 D DlbDap2QmfProcess: setParam(dvme = #1[0])
01-15 12:10:48.780   717 15694 D DlbDap2QmfProcess: setParam(becf = #1[200])
01-15 12:10:48.780   717 15694 D DlbDap2QmfProcess: setParam(vbmf = #2[94, 469])
01-15 12:10:48.780   717 15694 D DlbDap2QmfProcess: setParam(vbsf = #2[35, 160])
01-15 12:10:48.780   717 15694 D DlbDap2QmfProcess: setParam(vbhg = #3[-32, -144, -192])
01-15 12:10:48.780   717 15694 D DlbDap2QmfProcess: setParam(vbog = #1[0])
01-15 12:10:48.780   717 15694 D DlbDap2QmfProcess: setParam(vbsg = #1[0])
01-15 12:10:48.780   717 15694 D DlbDap2QmfProcess: setParam(dvli = #1[-320])
01-15 12:10:48.780   717 15694 D DlbDap2QmfProcess: setParam(dhfm = #1[2])
01-15 12:10:48.780   717 15694 D DlbDap2QmfProcess: setParam(deon = #1[0])
01-15 12:10:48.780   717 15694 D DlbDap2QmfProcess: setParam(ngon = #1[1])
01-15 12:10:48.780   717 15694 D DlbDap2QmfProcess: setParam(dvlo = #1[-320])
01-15 12:10:48.781   717 15694 D DlbDap2QmfProcess: setParam(aobs = #222[20, 10, 47, 141, 234, 328, 469, 656, 844, 1031, 1313, 1688, 2250, 3000, 3750, 4688, 5813, 7125, 9000, 11250, 13875, 19688, 0, 0, 0, 0, 0, 0, 0, 0, 0, 0, 0, 0, 0, 0, 0, 0, 0, 0, 0, 0, 0, 0, 0, 0, 0, 0, 0, 0, 0, 0, 0, 0, 0, 0, 0, 0, 0, 0, 0, 0, 0, 0, 0, 0, 0, 0, 0, 0, 0, 0, 0, 0, 0, 0, 0, 0, 0, 0, 0, 0, 0, 0, 0, 0, 0, 0, 0, 0, 0, 0, 0, 0, 0, 0, 0, 0, 0, 0, 0, 0, 0, 0, 0, 0, 0, 0, 0, 0, 0, 0, 0, 0, 0, 0, 0, 0, 0, 0, 0, 0, 0, 0, 0, 0, 0, 0, 0, 0, 0, 0, 0, 0, 0, 0, 0, 0, 0, 0, 0, 0, 0, 0, 0, 0, 0, 0, 0, 0, 0, 0, 0, 0, 0, 0, 0, 0, 0, 0, 0, 0, 0, 0, 0, 0, 0, 0, 0, 0, 0, 0, 0, 0, 0, 0, 0, 0, 0, 0, 0, 0, 0, 0, 0, 0, 0, 0, 0, 0, 0, 0, 0, 0, 0, 0, 0, 0, 0, 0, 0, 0, 0, 0, 0, 0, 0, 0, 0, 0, 0, 0, 0, 0, 0, 0, 0, 0, 0, 0, 0, 0])
01-15 12:10:48.781   717 15694 D DlbDap2QmfProcess: setParam(dvle = #1[1])
01-15 12:10:48.781   717 15694 D DlbDap2QmfProcess: setParam(dvli = #1[-496])
01-15 12:10:48.781   717 15694 D DlbDap2QmfProcess: setParam(dvlo = #1[-176])
01-15 12:10:48.781   717 15694 D ARenderer: updateDapVolumeLeveler: Setting output level to -11.00dB
01-15 12:10:48.781   717 15694 D DlbDap2QmfProcess: setParam(vmb = #1[0])
01-15 12:10:48.781   717 15694 D DlbDap2QmfProcess: setParam(preg = #1[-384])
01-15 12:10:48.781   717 15694 D DlbDap2QmfProcess: setParam(vol = #1[384])
01-15 12:10:48.781   717 15694 D DlbDlbBufferProvider: setConfig() Updating buffer configuration.
01-15 12:10:48.781   717 15694 D DlbDap2QmfProcess: processQmf() called [0] times
01-15 12:10:48.781   717 15694 D DlbDap2QmfProcess: setMave(mave = 0)
01-15 12:10:48.795   710 15689 D AudioTrack: Client defaulted notificationFrames to 12000 for frameCount 24000
01-15 12:10:48.795   684   930 I AudioFlinger: attachAuxEffect(): Marking track 355 as containing processed audio
01-15 12:10:48.795   684   930 D AudioFlinger: trackContainsProcessedAudio() Track id 355 contains processed audio
01-15 12:10:48.797   626   626 W /system/bin/hw/android.hidl.allocator@1.0-service: ashmem_create_region(7680) returning hidl_memory(0x7b7102c330, 7680)
01-15 12:10:48.798   626   626 W /system/bin/hw/android.hidl.allocator@1.0-service: ashmem_create_region(7680) returning hidl_memory(0x7b7102c330, 7680)
01-15 12:10:48.798 15657 15657 D featureTest: receive broadcast , change virtual speaker  virtualizer :0
01-15 12:10:48.799   627   627 D DlbDlbEffect: handle_EFFECT_CMD_DISABLE()
01-15 12:10:48.799   627   627 D DlbDapCrossfadeProcess: setEnabled transitioning from DAP_ACTIVE state to FADE_TO_BYPASS
01-15 12:10:48.800   626   626 W /system/bin/hw/android.hidl.allocator@1.0-service: ashmem_create_region(7680) returning hidl_memory(0x7b7102c330, 7680)
01-15 12:10:48.800   627   627 D DlbDlbEffect: handle_EFFECT_CMD_SET_CONFIG()
01-15 12:10:48.800   627   922 D DlbDapEndpointParamCache: setDevice(device=0x00000002)
01-15 12:10:48.800   645   645 D DMSService: setActiveDevice called with device = 0x2
01-15 12:10:48.801   627   627 D DlbDlbEffect: handle_EFFECT_CMD_ENABLE()
01-15 12:10:48.801   627   627 D DlbDapCrossfadeProcess: setEnabled transitioning from FADE_TO_BYPASS state to FADE_TO_ACTIVE
01-15 12:10:48.801   684   684 W AudioFlinger: moveDolbyEffect() effect chain for session 0 not on source thread 0xee0ae580
01-15 12:10:48.801   684   684 D AudioFlinger: trackStateChanged() Track id 355 state changed to 6
01-15 12:10:48.801   684   684 I AudioFlinger: updateProcessedAudioState() Changing content processing in effect to 1
01-15 12:10:48.801   627  3512 D DlbDlbEffect: handle_EFFECT_CMD_SET_PARAM()
01-15 12:10:48.802   710 15682 D NuPlayerDriver: notifyListener_l(0xe84b2540), (6, 0, 0, -1), loop setting(0, 1)
01-15 12:10:48.803   627  3892 D DlbDlbBufferProvider: updateCapacity(): update capacity to 1920
01-15 12:10:48.803   627  3892 D DlbDlbBufferProvider: updateCapacity() Allocating new memory for the buffer.
01-15 12:10:48.804   627  3892 D DlbDapCrossfadeProcess: process transitioning from FADE_TO_ACTIVE state to DAP_ACTIVE
01-15 12:10:48.804   627  3890 I ACDB-LOADER: ACDB AFE returned = -19
01-15 12:10:48.804   627  3890 D audio_hw_primary: enable_audio_route: usecase(0) apply and update mixer path: deep-buffer-playback speaker
01-15 12:10:48.805   726   757 E ANDR-PERF-OPTSHANDLER: Warning: Resource [2, 0] not supported for core 1. Instead use resource for core 0
01-15 12:10:48.805   726   757 E ANDR-PERF-RESOURCEQS: Failed to apply optimization [2, 2, 0]
01-15 12:10:48.813 15657 15657 W System.err: java.lang.UnsupportedOperationException
01-15 12:10:48.814 15657 15657 W System.err: 	at com.dolby.dax.DolbyAudioEffect.setDolbyVirtualSpeakerVirtualizerEnabled(DolbyAudioEffect.java:323)
01-15 12:10:48.814 15657 15657 W System.err: 	at com.dolby.qa.featuretest.MainActivity$1.handleMessage(MainActivity.java:139)
01-15 12:10:48.814 15657 15657 W System.err: 	at android.os.Handler.dispatchMessage(Handler.java:105)
01-15 12:10:48.814 15657 15657 W System.err: 	at android.os.Looper.loop(Looper.java:164)
01-15 12:10:48.815 15657 15657 W System.err: 	at android.app.ActivityThread.main(ActivityThread.java:6541)
01-15 12:10:48.815 15657 15657 W System.err: 	at java.lang.reflect.Method.invoke(Native Method)
01-15 12:10:48.815 15657 15657 W System.err: 	at com.android.internal.os.Zygote$MethodAndArgsCaller.run(Zygote.java:240)
01-15 12:10:48.815 15657 15657 W System.err: 	at com.android.internal.os.ZygoteInit.main(ZygoteInit.java:767)
01-15 12:10:48.816 15657 15657 D featureTest: virtual speaker virtualizer can not be operate for mono speaker endpoint!
01-15 12:10:48.852 15657 15657 D featureTest: receive broadcast , record log :0
01-15 12:10:48.906 15657 15657 D featureTest: receive broadcast , playing content location :/sdcard/featureTest/Pearl_Harbour_French_5.1_dd_448Kbps.mp4
01-15 12:10:48.908   710   710 D NuPlayerDriver: stop(0xe84b2540)
01-15 12:10:48.909   710   710 D NuPlayerDriver: notifyListener_l(0xe84b2540), (8, 0, 0, -1), loop setting(0, 1)
01-15 12:10:48.910   710   710 D NuPlayerDriver: reset(0xe84b2540) at state 8
01-15 12:10:48.915   717  5319 I DDP_JOCDecoder: -> ~DDPDecoder
01-15 12:10:48.915   717  5319 I DDP_JOCDecoder: -> stop
01-15 12:10:48.915   645   645 I DMSService: unregisterClient type = 4, uid = e8392220
01-15 12:10:48.935   645   645 D DatabaseHelper: failed to prepare SQL : INSERT INTO profiles VALUES(15
01-15 12:10:48.935   645   645 D DatabaseHelper: ,'custom','user2','user2','off','off')
01-15 12:10:48.936   645   645 D DatabaseHelper: failed to prepare SQL : INSERT INTO profile_endpoints VALUES(57
01-15 12:10:48.936   645   645 D DatabaseHelper: ,'custom','user2','speaker')
01-15 12:10:48.936   645   645 D DatabaseHelper: failed to prepare SQL : INSERT INTO profile_endpoints VALUES(57
01-15 12:10:48.936   645   645 D DatabaseHelper: ,'custom','user2','headphone')
01-15 12:10:48.936   645   645 D DatabaseHelper: failed to prepare SQL : INSERT INTO profile_endpoints VALUES(57
01-15 12:10:48.936   645   645 D DatabaseHelper: ,'custom','user2','passthrough')
01-15 12:10:48.936   645   645 D DatabaseHelper: failed to prepare SQL : INSERT INTO profile_endpoints VALUES(57
01-15 12:10:48.936   645   645 D DatabaseHelper: ,'custom','user2','other')
01-15 12:10:48.936   645   645 D DatabaseHelper: failed to prepare SQL : INSERT INTO profile_ports VALUES(85
01-15 12:10:48.936   645   645 D DatabaseHelper: ,'custom','user2','internal_speaker')
01-15 12:10:48.936   645   645 D DatabaseHelper: failed to prepare SQL : INSERT INTO profile_ports VALUES(85
01-15 12:10:48.936   645   645 D DatabaseHelper: ,'custom','user2','hdmi')
01-15 12:10:48.936   645   645 D DatabaseHelper: failed to prepare SQL : INSERT INTO profile_ports VALUES(85
01-15 12:10:48.936   645   645 D DatabaseHelper: ,'custom','user2','miracast')
01-15 12:10:48.937   645   645 D DatabaseHelper: failed to prepare SQL : INSERT INTO profile_ports VALUES(85
01-15 12:10:48.937   645   645 D DatabaseHelper: ,'custom','user2','headphone_port')
01-15 12:10:48.937   645   645 D DatabaseHelper: failed to prepare SQL : INSERT INTO profile_ports VALUES(85
01-15 12:10:48.937   645   645 D DatabaseHelper: ,'custom','user2','bluetooth')
01-15 12:10:48.937   645   645 D DatabaseHelper: failed to prepare SQL : INSERT INTO profile_ports VALUES(85
01-15 12:10:48.937   645   645 D DatabaseHelper: ,'custom','user2','usb')
01-15 12:10:48.937   645   645 D DatabaseHelper: failed to prepare SQL : INSERT INTO geq_presets VALUES(57
01-15 12:10:48.937   645   645 D DatabaseHelper: ,'custom','off','user2')
01-15 12:10:48.937   645   645 D DatabaseHelper: failed to prepare SQL : INSERT INTO geq_presets VALUES(57
01-15 12:10:48.937   645   645 D DatabaseHelper: ,'custom','open','user2')
01-15 12:10:48.937   645   645 D DatabaseHelper: failed to prepare SQL : INSERT INTO geq_presets VALUES(57
01-15 12:10:48.937   645   645 D DatabaseHelper: ,'custom','rich','user2')
01-15 12:10:48.937   645   645 D DatabaseHelper: failed to prepare SQL : INSERT INTO geq_presets VALUES(57
01-15 12:10:48.937   645   645 D DatabaseHelper: ,'custom','focused','user2')
01-15 12:10:48.952   684  1061 D AudioFlinger: mixer(0xed503800) throttle end: throttle time(50)
01-15 12:10:48.954   717  5319 I DDP_JOCDecoder: <- stop
01-15 12:10:48.954   717  5319 I ARenderer: ~ARenderer
01-15 12:10:48.954   717  5319 I evo_parser: evo_parser_close
01-15 12:10:48.954   717  5319 I DlbDap2QmfProcess: ~Dap2Process()
01-15 12:10:48.954   717  5319 I DlbDap2QmfProcess: close()
01-15 12:10:48.955   717  5319 I DDP_JOCDecoder: <- ~DDPDecoder
01-15 12:10:48.961   710 15682 D NuPlayerDriver: notifyResetComplete(0xe84b2540)
01-15 12:10:48.961   710  1422 D NuPlayerDriver: reset(0xe84b2540) at state 0
01-15 12:10:48.962 15657 15657 V MediaPlayer: resetDrmState:  mDrmInfo=null mDrmProvisioningThread=null mPrepareDrmInProgress=false mActiveDrmScheme=false
01-15 12:10:48.963 15657 15657 V MediaPlayer: cleanDrmObj: mDrmObj=null mDrmSessionId=null
01-15 12:10:48.964 15657 15657 V MediaPlayer: resetDrmState:  mDrmInfo=null mDrmProvisioningThread=null mPrepareDrmInProgress=false mActiveDrmScheme=false
01-15 12:10:48.964 15657 15657 V MediaPlayer: cleanDrmObj: mDrmObj=null mDrmSessionId=null
01-15 12:10:48.971 15657 15657 D featureTest: mMediaPlayer.getAudioSessionId(): 2441
01-15 12:10:48.971 15657 15657 D featureTest: Playing file: /sdcard/featureTest/Pearl_Harbour_French_5.1_dd_448Kbps.mp4
01-15 12:10:48.973   710   710 D NuPlayerDriver: NuPlayerDriver(0xe84b2bd0) created, clientPid(15657)
01-15 12:10:48.978   627  3892 I DlbEffectContext: setContentProcEnabled() Enabling content processing in global effect
01-15 12:10:48.978   627  3892 D DlbDapEndpointParamCache: commitChangedParams()
01-15 12:10:48.979   627  3892 D DlbDapEndpointParamCache: commit() Applying parameters for device 0x40000000
01-15 12:10:48.979   627  3892 D DlbDap2Process: setParam(iea = #1[10])
01-15 12:10:48.979   627  3892 D DlbDap2Process: setParam(msce = #1[0])
01-15 12:10:48.979   627  3892 D DlbDap2Process: setParam(mdee = #1[0])
01-15 12:10:48.979   627  3892 D DlbDap2Process: setParam(miee = #1[0])
01-15 12:10:48.979   627  3892 D DlbDap2Process: setParam(mdle = #1[0])
01-15 12:10:48.979   627  3892 D DlbDap2Process: setParam(dvle = #1[1])
01-15 12:10:48.979   627  3892 D DlbDap2Process: setParam(mave = #1[0])
01-15 12:10:48.979   627  3892 D DlbDap2Process: setParam(vcbf = #20[47, 141, 234, 328, 469, 656, 844, 1031, 1313, 1688, 2250, 3000, 3750, 4688, 5813, 7125, 9000, 11250, 13875, 19688])
01-15 12:10:48.979   627  3892 D DlbDap2Process: setParam(vbon = #1[0])
01-15 12:10:48.979   627  3892 D DlbDap2Process: setParam(beon = #1[0])
01-15 12:10:48.979   627  3892 D DlbDap2Process: setParam(geon = #1[0])
01-15 12:10:48.979   627  3892 D DlbDap2Process: setParam(ieon = #1[1])
01-15 12:10:48.979   627  3892 D DlbDap2Process: setParam(gebs = #41[20, 47, 141, 234, 328, 469, 656, 844, 1031, 1313, 1688, 2250, 3000, 3750, 4688, 5813, 7125, 9000, 11250, 13875, 19688, 0, 0, 0, 0, 0, 0, 0, 0, 0, 0, 0, 0, 0, 0, 0, 0, 0, 0, 0, 0])
01-15 12:10:48.980   627  3892 D DlbDap2Process: setParam(iebs = #41[20, 65, 136, 223, 332, 467, 634, 841, 1098, 1416, 1812, 2302, 2909, 3663, 4598, 5756, 7194, 8976, 11186, 13927, 17326, 117, 133, 188, 176, 141, 149, 175, 185, 185, 200, 236, 242, 228, 213, 182, 132, 110, 68, -27, -240])
01-15 12:10:48.980   627  3892 D DlbDapEndpointParamCache: doCommit() Committed 15 parameters out of 16.
01-15 12:10:48.980   627  3892 D DlbDapEndpointParamCache: commit() Overriding parameters for current device 0x00000002
01-15 12:10:48.980   627  3892 D DlbDap2Process: setParam(dea = #1[7])
01-15 12:10:48.980   627  3892 D DlbDap2Process: setParam(dsa = #1[10])
01-15 12:10:48.980   627  3892 D DlbDap2Process: setParam(beb = #1[192])
01-15 12:10:48.980   627  3892 D DlbDap2Process: setParam(plb = #1[0])
01-15 12:10:48.980   627  3892 D DlbDap2Process: setParam(vmb = #1[144])
01-15 12:10:48.980   627  3892 D DlbDap2Process: setParam(dsb = #1[0])
01-15 12:10:48.980   627  3892 D DlbDap2Process: setParam(ded = #1[0])
01-15 12:10:48.980   627  3892 D DlbDap2Process: setParam(vbm = #1[3])
01-15 12:10:48.980   627  3892 D DlbDap2Process: setParam(dom = #1[0])
