--------- beginning of system
01-15 12:09:35.007   945  1506 I ActivityManager: Force stopping com.dolby.qa.featuretest appid=10072 user=0: from pid 14930
01-15 12:09:35.008   945  1506 I ActivityManager: Killing 14836:com.dolby.qa.featuretest/u0a72 (adj 0): stop com.dolby.qa.featuretest
01-15 12:09:35.010   945  1506 W ActivityManager: Force removing ActivityRecord{b779eee u0 com.dolby.qa.featuretest/.MainActivity t117}: app died, no saved state
01-15 12:09:35.019   945  1506 I WindowManager: Failed to capture screenshot of Token{e6f5f8f ActivityRecord{b779eee u0 com.dolby.qa.featuretest/.MainActivity t117 f}} appWin=Window{701f202 u0 com.dolby.qa.featuretest/com.dolby.qa.featuretest.MainActivity} drawState=4
--------- beginning of main
01-15 12:09:35.059   710  1419 D NuPlayerDriver: reset(0xe84b2620) at state 5
01-15 12:09:35.062   945  1323 I WindowManager: WIN DEATH: Window{eeda8e0 u0 Toast}
01-15 12:09:35.064   710  1419 D NuPlayerDriver: notifyListener_l(0xe84b2620), (8, 0, 0, -1), loop setting(0, 1)
01-15 12:09:35.065   684   931 D AudioFlinger: trackStateChanged() Track id 332 state changed to 6
01-15 12:09:35.070   717  4053 I DDP_JOCDecoder: -> ~DDPDecoder
01-15 12:09:35.070   717  4053 I DDP_JOCDecoder: -> stop
01-15 12:09:35.070   645   645 I DMSService: unregisterClient type = 4, uid = e7f0f4f0
01-15 12:09:35.087  1499  1499 D CarrierSvcBindHelper: No carrier app for: 0
01-15 12:09:35.091  2010  2010 D RegisteredNfcFServicesCache: Service unchanged, not updating
01-15 12:09:35.113   645   645 D DatabaseHelper: failed to prepare SQL : INSERT INTO profiles VALUES(15
01-15 12:09:35.113   645   645 D DatabaseHelper: ,'custom','user2','user2','off','off')
01-15 12:09:35.113   645   645 D DatabaseHelper: failed to prepare SQL : INSERT INTO profile_endpoints VALUES(57
01-15 12:09:35.113   645   645 D DatabaseHelper: ,'custom','user2','speaker')
01-15 12:09:35.113   645   645 D DatabaseHelper: failed to prepare SQL : INSERT INTO profile_endpoints VALUES(57
01-15 12:09:35.113   645   645 D DatabaseHelper: ,'custom','user2','headphone')
01-15 12:09:35.113   645   645 D DatabaseHelper: failed to prepare SQL : INSERT INTO profile_endpoints VALUES(57
01-15 12:09:35.113   645   645 D DatabaseHelper: ,'custom','user2','passthrough')
01-15 12:09:35.113   645   645 D DatabaseHelper: failed to prepare SQL : INSERT INTO profile_endpoints VALUES(57
01-15 12:09:35.113   645   645 D DatabaseHelper: ,'custom','user2','other')
01-15 12:09:35.113   645   645 D DatabaseHelper: failed to prepare SQL : INSERT INTO profile_ports VALUES(85
01-15 12:09:35.113   645   645 D DatabaseHelper: ,'custom','user2','internal_speaker')
01-15 12:09:35.113   645   645 D DatabaseHelper: failed to prepare SQL : INSERT INTO profile_ports VALUES(85
01-15 12:09:35.113   645   645 D DatabaseHelper: ,'custom','user2','hdmi')
01-15 12:09:35.114   645   645 D DatabaseHelper: failed to prepare SQL : INSERT INTO profile_ports VALUES(85
01-15 12:09:35.114   645   645 D DatabaseHelper: ,'custom','user2','miracast')
01-15 12:09:35.114   645   645 D DatabaseHelper: failed to prepare SQL : INSERT INTO profile_ports VALUES(85
01-15 12:09:35.114   645   645 D DatabaseHelper: ,'custom','user2','headphone_port')
01-15 12:09:35.114   645   645 D DatabaseHelper: failed to prepare SQL : INSERT INTO profile_ports VALUES(85
01-15 12:09:35.114   645   645 D DatabaseHelper: ,'custom','user2','bluetooth')
01-15 12:09:35.114   645   645 D DatabaseHelper: failed to prepare SQL : INSERT INTO profile_ports VALUES(85
01-15 12:09:35.114   645   645 D DatabaseHelper: ,'custom','user2','usb')
01-15 12:09:35.114   645   645 D DatabaseHelper: failed to prepare SQL : INSERT INTO geq_presets VALUES(57
01-15 12:09:35.114   645   645 D DatabaseHelper: ,'custom','off','user2')
01-15 12:09:35.114   645   645 D DatabaseHelper: failed to prepare SQL : INSERT INTO geq_presets VALUES(57
01-15 12:09:35.114   645   645 D DatabaseHelper: ,'custom','open','user2')
01-15 12:09:35.114   645   645 D DatabaseHelper: failed to prepare SQL : INSERT INTO geq_presets VALUES(57
01-15 12:09:35.114   645   645 D DatabaseHelper: ,'custom','rich','user2')
01-15 12:09:35.114   645   645 D DatabaseHelper: failed to prepare SQL : INSERT INTO geq_presets VALUES(57
01-15 12:09:35.114   645   645 D DatabaseHelper: ,'custom','focused','user2')
01-15 12:09:35.130   717  4053 I DDP_JOCDecoder: <- stop
01-15 12:09:35.130   717  4053 I ARenderer: ~ARenderer
01-15 12:09:35.130   717  4053 I evo_parser: evo_parser_close
01-15 12:09:35.130   717  4053 I DlbDap2QmfProcess: ~Dap2Process()
01-15 12:09:35.130   717  4053 I DlbDap2QmfProcess: close()
01-15 12:09:35.130   717  4053 I DDP_JOCDecoder: <- ~DDPDecoder
01-15 12:09:35.134   710 14893 D NuPlayerDriver: notifyResetComplete(0xe84b2620)
01-15 12:09:35.134   710  1419 D AudioTrack: stop() called with 0 frames delivered
01-15 12:09:35.136   627  3892 I DlbEffectContext: setContentProcEnabled() Enabling content processing in global effect
01-15 12:09:35.136   627  3892 D DlbDapEndpointParamCache: commitChangedParams()
01-15 12:09:35.136   627  3892 D DlbDapEndpointParamCache: commit() Applying parameters for device 0x40000000
01-15 12:09:35.136   627  3892 D DlbDap2Process: setParam(iea = #1[10])
01-15 12:09:35.136   627  3892 D DlbDap2Process: setParam(msce = #1[0])
01-15 12:09:35.136   627  3892 D DlbDap2Process: setParam(mdee = #1[0])
01-15 12:09:35.136   627  3892 D DlbDap2Process: setParam(miee = #1[0])
01-15 12:09:35.136   627  3892 D DlbDap2Process: setParam(mdle = #1[0])
01-15 12:09:35.136   627  3892 D DlbDap2Process: setParam(dvle = #1[1])
01-15 12:09:35.136   627  3892 D DlbDap2Process: setParam(mave = #1[0])
01-15 12:09:35.136   627  3892 D DlbDap2Process: setParam(vcbf = #20[47, 141, 234, 328, 469, 656, 844, 1031, 1313, 1688, 2250, 3000, 3750, 4688, 5813, 7125, 9000, 11250, 13875, 19688])
01-15 12:09:35.136   627  3892 D DlbDap2Process: setParam(vbon = #1[0])
01-15 12:09:35.136   627  3892 D DlbDap2Process: setParam(beon = #1[0])
01-15 12:09:35.136   627  3892 D DlbDap2Process: setParam(geon = #1[0])
01-15 12:09:35.136   627  3892 D DlbDap2Process: setParam(ieon = #1[0])
01-15 12:09:35.136   627  3892 D DlbDap2Process: setParam(gebs = #41[20, 47, 141, 234, 328, 469, 656, 844, 1031, 1313, 1688, 2250, 3000, 3750, 4688, 5813, 7125, 9000, 11250, 13875, 19688, 0, 0, 0, 0, 0, 0, 0, 0, 0, 0, 0, 0, 0, 0, 0, 0, 0, 0, 0, 0])
01-15 12:09:35.136   627  3892 D DlbDap2Process: setParam(iebs = #41[20, 65, 136, 223, 332, 467, 634, 841, 1098, 1416, 1812, 2302, 2909, 3663, 4598, 5756, 7194, 8976, 11186, 13927, 17326, 117, 133, 188, 176, 141, 149, 175, 185, 185, 200, 236, 242, 228, 213, 182, 132, 110, 68, -27, -240])
01-15 12:09:35.137   627  3892 D DlbDapEndpointParamCache: doCommit() Committed 15 parameters out of 16.
01-15 12:09:35.137   627  3892 D DlbDapEndpointParamCache: commit() Overriding parameters for current device 0x00000002
01-15 12:09:35.137   627  3892 D DlbDap2Process: setParam(dea = #1[7])
01-15 12:09:35.137   627  3892 D DlbDap2Process: setParam(dsa = #1[10])
01-15 12:09:35.137   627  3892 D DlbDap2Process: setParam(beb = #1[192])
01-15 12:09:35.137   627  3892 D DlbDap2Process: setParam(plb = #1[0])
01-15 12:09:35.137   627  3892 D DlbDap2Process: setParam(vmb = #1[144])
01-15 12:09:35.137   627  3892 D DlbDap2Process: setParam(dsb = #1[48])
01-15 12:09:35.137   627  3892 D DlbDap2Process: setParam(ded = #1[0])
01-15 12:09:35.137   627  3892 D DlbDap2Process: setParam(vbm = #1[3])
01-15 12:09:35.137   627  3892 D DlbDap2Process: setParam(dom = #1[0])
01-15 12:09:35.137   627  3892 D DlbDap2Process: setParam(bew = #1[16])
01-15 12:09:35.137   627  3892 D DlbDap2Process: setParam(dvla = #1[5])
01-15 12:09:35.137   627  3892 D DlbDap2Process: setParam(arra = #1[96])
01-15 12:09:35.137   627  3892 D DlbDap2Process: setParam(dfsa = #1[10])
01-15 12:09:35.137   627  3892 D DlbDap2Process: setParam(dhsa = #1[10])
01-15 12:09:35.137   627  3892 D DlbDap2Process: setParam(dvmc = #1[0])
01-15 12:09:35.137   627  3892 D DlbDap2Process: setParam(arod = #1[0])
01-15 12:09:35.137   627  3892 D DlbDap2Process: setParam(arde = #1[1])
01-15 12:09:35.137   627  3892 D DlbDap2Process: setParam(dvle = #1[1])
01-15 12:09:35.137   627  3892 D DlbDap2Process: setParam(dvme = #1[0])
01-15 12:09:35.137   627  3892 D DlbDap2Process: setParam(becf = #1[200])
01-15 12:09:35.137   627  3892 D DlbDap2Process: setParam(vbmf = #2[94, 469])
01-15 12:09:35.137   627  3892 D DlbDap2Process: setParam(vbsf = #2[35, 160])
01-15 12:09:35.137   627  3892 D DlbDap2Process: setParam(vbhg = #3[-32, -144, -192])
01-15 12:09:35.137   627  3892 D DlbDap2Process: setParam(vbog = #1[0])
01-15 12:09:35.137   627  3892 D DlbDap2Process: setParam(vbsg = #1[0])
01-15 12:09:35.137   627  3892 D DlbDap2Process: setParam(dvli = #1[-320])
01-15 12:09:35.137   627  3892 D DlbDap2Process: setParam(dhfm = #1[2])
01-15 12:09:35.137   627  3892 D DlbDap2Process: setParam(vbon = #1[0])
01-15 12:09:35.137   627  3892 D DlbDap2Process: setParam(beon = #1[0])
01-15 12:09:35.137   627  3892 D DlbDap2Process: setParam(deon = #1[0])
01-15 12:09:35.137   627  3892 D DlbDap2Process: setParam(ngon = #1[1])
01-15 12:09:35.137   627  3892 D DlbDap2Process: setParam(aoon = #1[1])
01-15 12:09:35.137   627  3892 D DlbDap2Process: setParam(aron = #1[1])
01-15 12:09:35.137   627  3892 D DlbDap2Process: setParam(dvlo = #1[-320])
01-15 12:09:35.137   627  3892 D DlbDap2Process: setParam(artp = #1[12])
01-15 12:09:35.138   627  3892 D DlbDap2Process: setParam(aobs = #222[20, 10, 47, 141, 234, 328, 469, 656, 844, 1031, 1313, 1688, 2250, 3000, 3750, 4688, 5813, 7125, 9000, 11250, 13875, 19688, 0, 0, 0, 0, 0, 0, 0, 0, 0, 0, 0, 0, 0, 0, 0, 0, 0, 0, 0, 0, 0, 0, 0, 0, 0, 0, 0, 0, 0, 0, 0, 0, 0, 0, 0, 0, 0, 0, 0, 0, 0, 0, 0, 0, 0, 0, 0, 0, 0, 0, 0, 0, 0, 0, 0, 0, 0, 0, 0, 0, 0, 0, 0, 0, 0, 0, 0, 0, 0, 0, 0, 0, 0, 0, 0, 0, 0, 0, 0, 0, 0, 0, 0, 0, 0, 0, 0, 0, 0, 0, 0, 0, 0, 0, 0, 0, 0, 0, 0, 0, 0, 0, 0, 0, 0, 0, 0, 0, 0, 0, 0, 0, 0, 0, 0, 0, 0, 0, 0, 0, 0, 0, 0, 0, 0, 0, 0, 0, 0, 0, 0, 0, 0, 0, 0, 0, 0, 0, 0, 0, 0, 0, 0, 0, 0, 0, 0, 0, 0, 0, 0, 0, 0, 0, 0, 0, 0, 0, 0, 0, 0, 0, 0, 0, 0, 0, 0, 0, 0, 0, 0, 0, 0, 0, 0, 0, 0, 0, 0, 0, 0, 0, 0, 0, 0, 0, 0, 0, 0, 0, 0, 0, 0, 0, 0, 0, 0, 0, 0, 0])
01-15 12:09:35.138   627  3892 D DlbDap2Process: setParam(arbs = #81[20, 47, 141, 234, 328, 469, 656, 844, 1031, 1313, 1688, 2250, 3000, 3750, 4688, 5813, 7125, 9000, 11250, 13875, 19688, -192, -192, -192, -192, -192, -192, -192, -192, -192, -192, -192, -192, -192, -192, -192, -192, -192, -192, -192, -192, 0, 0, 0, 0, 0, 0, 0, 0, 0, 0, 0, 0, 0, 0, 0, 0, 0, 0, 0, 0, 0, 0, 0, 0, 0, 0, 0, 0, 0, 0, 0, 0, 0, 0, 0, 0, 0, 0, 0, 0])
01-15 12:09:35.138   627  3892 D DlbDapEndpointParamCache: doCommit() Committed 37 parameters out of 37.
01-15 12:09:35.138   627  3892 D DlbDap2Process: setMave(mave = 0)
01-15 12:09:35.150   945  1323 I ActivityManager: START u0 {flg=0x10000000 cmp=com.dolby.qa.featuretest/.MainActivity} from uid 2000
01-15 12:09:35.170   945  1506 I ActivityManager: Start proc 14937:com.dolby.qa.featuretest/u0a72 for activity com.dolby.qa.featuretest/.MainActivity
01-15 12:09:35.175 14937 14937 I zygote64: Late-enabling -Xcheck:jni
01-15 12:09:35.188   684  1061 D AudioFlinger: trackStateChanged() Track id 332 state changed to 2
01-15 12:09:35.188   684  1061 I AudioFlinger: updateProcessedAudioState() Changing content processing in effect to 0
01-15 12:09:35.188   627   627 D DlbDlbEffect: handle_EFFECT_CMD_SET_PARAM()
01-15 12:09:35.209   684  1061 D AudioFlinger: trackDestroyed() Track id 332 no longer contains processed audio
01-15 12:09:35.210   684   928 W AudioFlinger::EffectModule: EffectModule 0xee09dc00 destructor called with unreleased interface
01-15 12:09:35.211   684   928 W AudioFlinger::EffectHandle: disconnect Effect handle 0xee0a6640 disconnected after thread destruction
01-15 12:09:35.212   627   627 D DlbDlbEffect: handle_EFFECT_CMD_DISABLE()
01-15 12:09:35.212   627   627 D DlbDapCrossfadeProcess: setEnabled transitioning from DAP_ACTIVE state to FADE_TO_BYPASS
01-15 12:09:35.214   626   626 W /system/bin/hw/android.hidl.allocator@1.0-service: ashmem_create_region(3840) returning hidl_memory(0x7b7102c330, 3840)
01-15 12:09:35.214   627   627 D DlbDlbEffect: handle_EFFECT_CMD_SET_CONFIG()
01-15 12:09:35.214   627   627 D DlbDapEndpointParamCache: setDevice(device=0x00000002)
01-15 12:09:35.215   645   645 D DMSService: setActiveDevice called with device = 0x2
01-15 12:09:35.215   627   924 D DlbDlbEffect: handle_EFFECT_CMD_ENABLE()
01-15 12:09:35.215   627   924 D DlbDapCrossfadeProcess: setEnabled transitioning from FADE_TO_BYPASS state to FADE_TO_ACTIVE
01-15 12:09:35.339 14937 14937 D featureTest: onCreate
01-15 12:09:35.343 14937 14937 D AudioTrack: Client defaulted notificationFrames to 962 for frameCount 1924
01-15 12:09:35.345 14937 14937 W AudioTrack: Use of stream types is deprecated for operations other than volume control
01-15 12:09:35.346 14937 14937 W AudioTrack: See the documentation of AudioTrack() for what to use instead with android.media.AudioAttributes to qualify your playback use case
01-15 12:09:35.352 14937 14937 W DolbyAudioEffect: WARNING: attaching a DolbyAudioEffect to global output mix is deprecated!
01-15 12:09:35.359 14937 14937 D featureTest: onResume
01-15 12:09:35.368 14937 14954 D OpenGLRenderer: HWUI GL Pipeline
01-15 12:09:35.399 14937 14954 I Adreno  : QUALCOMM build                   : 7142022, Ib5823dd10c
01-15 12:09:35.399 14937 14954 I Adreno  : Build Date                       : 06/23/17
01-15 12:09:35.399 14937 14954 I Adreno  : OpenGL ES Shader Compiler Version: EV031.18.00.00
01-15 12:09:35.399 14937 14954 I Adreno  : Local Branch                     : O11A
01-15 12:09:35.399 14937 14954 I Adreno  : Remote Branch                    : 
01-15 12:09:35.399 14937 14954 I Adreno  : Remote Branch                    : 
01-15 12:09:35.399 14937 14954 I Adreno  : Reconstruct Branch               : 
01-15 12:09:35.404 14937 14954 I Adreno  : PFP: 0x005ff087, ME: 0x005ff063
01-15 12:09:35.406 14937 14954 I OpenGLRenderer: Initialized EGL, version 1.4
01-15 12:09:35.406 14937 14954 D OpenGLRenderer: Swap behavior 2
01-15 12:09:35.453   945   998 I ActivityManager: Displayed com.dolby.qa.featuretest/.MainActivity: +289ms
01-15 12:09:35.580   475   475 D SurfaceFlinger: Backpressure trigger, skipping transaction & refresh!
01-15 12:09:35.640   945   998 W ActivityManager: setHasOverlayUi called on unknown pid: 14836
01-15 12:09:35.971  2103  2230 W OpenGLRenderer: Incorrectly called buildLayer on View: ShortcutAndWidgetContainer, destroying layer...
01-15 12:09:36.159   945   945 W NotificationService: Object died trying to hide notification android.app.ITransientNotification$Stub$Proxy@1403d88 in package com.dolby.qa.featuretest
01-15 12:09:36.159   945   945 W WindowManager: removeWindowToken: Attempted to remove non-existing token: android.os.Binder@8e09229
01-15 12:09:36.160   945   945 W ActivityManager: setProcessForeground called on unknown pid: 14836
01-15 12:09:36.160   945   945 W NotificationService: Object died trying to show notification android.app.ITransientNotification$Stub$Proxy@a49d321 in package com.dolby.qa.featuretest
01-15 12:09:36.160   945   945 W ActivityManager: setProcessForeground called on unknown pid: 14836
01-15 12:09:36.160   945   945 W NotificationService: Object died trying to show notification android.app.ITransientNotification$Stub$Proxy@c492346 in package com.dolby.qa.featuretest
01-15 12:09:36.161   945   945 W ActivityManager: setProcessForeground called on unknown pid: 14836
01-15 12:09:36.161   945   945 W NotificationService: Object died trying to show notification android.app.ITransientNotification$Stub$Proxy@2078907 in package com.dolby.qa.featuretest
01-15 12:09:36.232 14937 14937 D featureTest: receive broadcast , playing content location :/sdcard/featureTest/ChID_voices_51_384_ddp_joc.mp4
01-15 12:09:36.240 14937 14937 D featureTest: mMediaPlayer.getAudioSessionId(): 2265
01-15 12:09:36.240 14937 14937 D featureTest: Playing file: /sdcard/featureTest/ChID_voices_51_384_ddp_joc.mp4
01-15 12:09:36.241   710  1419 D NuPlayerDriver: NuPlayerDriver(0xe84b2620) created, clientPid(14937)
01-15 12:09:36.243 14966 14966 W generic : type=1400 audit(0.0:189): avc: denied { read } for path="/storage/emulated/0/featuretest/ChID_voices_51_384_ddp_joc.mp4" dev="sdcardfs" ino=1310784 scontext=u:r:mediaextractor:s0 tcontext=u:object_r:sdcardfs:s0 tclass=file permissive=0
01-15 12:09:36.244 14937 14937 W MediaPlayer: Use of stream types is deprecated for operations other than volume control
01-15 12:09:36.244 14937 14937 W MediaPlayer: See the documentation of setAudioStreamType() for what to use instead with android.media.AudioAttributes to qualify your playback use case
01-15 12:09:36.246   710 14966 D GenericSource: FileSource remote
01-15 12:09:36.246   710 14966 W GenericSource: extractor service cannot make data source
01-15 12:09:36.246   710 14966 D GenericSource: FileSource local
01-15 12:09:36.256   710 14964 D NuPlayerDriver: notifyListener_l(0xe84b2620), (1, 0, 0, -1), loop setting(0, 0)
01-15 12:09:36.267   710  1419 D NuPlayerDriver: start(0xe84b2620), state is 4, eos is 0
01-15 12:09:36.267   710 14964 I GenericSource: start
01-15 12:09:36.270 14937 14937 W DolbyAudioEffect: WARNING: attaching a DolbyAudioEffect to global output mix is deprecated!
01-15 12:09:36.282   710 14971 I OMXClient: Treble IOmx obtained
01-15 12:09:36.282   717  5319 I OMXMaster: makeComponentInstance(OMX.dolby.eac3_joc.decoder) in omx@1.0-service process
01-15 12:09:36.288 14937 14937 D featureTest: receive broadcast , change ds status :1
01-15 12:09:36.297   627   924 D DlbDlbEffect: handle_EFFECT_CMD_SET_PARAM()
01-15 12:09:36.322   717  5319 I DDP_JOCDecoder: -> init name OMX.dolby.eac3_joc.decoder
01-15 12:09:36.324   645   645 I DMSService: registerClient type = 0, uid = e8392200
01-15 12:09:36.324   645   645 V DolbyMemoryService: registerClient() client 0x710ec74380, uid -398908928
01-15 12:09:36.324   717  5319 I DDP_JOCDecoder: <- init
01-15 12:09:36.324   717  5319 D DDP_JOCDecoder: initPorts
01-15 12:09:36.325   717  4053 E OMXNodeInstance: setConfig(0xe7b0a7e0:dolby.eac3_joc.decoder, ConfigPriority(0x6f800002)) ERROR: Undefined(0x80001001)
01-15 12:09:36.325   710 14971 I ACodec  : codec does not support config priority (err -2147483648)
01-15 12:09:36.326   717  5320 E OMXNodeInstance: getConfig(0xe7b0a7e0:dolby.eac3_joc.decoder, ConfigAndroidVendorExtension(0x6f100004)) ERROR: Undefined(0x80001001)
01-15 12:09:36.326   710 14971 I MediaCodec: MediaCodec will operate in async mode
01-15 12:09:36.326   710 14970 I NuPlayerDecoder: setDolbyMessage() Notifying player that Codec supports dolby_processed_audio flag
01-15 12:09:36.327   710 14964 I NuPlayer: onDolbyMessageReceived() Setting dolby_processed_audio flag on audio sink
01-15 12:09:36.327   710 14964 I MediaPlayerService: setDolbyParameters() Marking audio output as having dolby_processed_audio
01-15 12:09:36.327   710 14971 I ACodec  : setDolbyParameterOnProcessedAudio() Received dolby_processed_audio=1
01-15 12:09:36.327   645   645 I DMSService: unregisterClient type = 0, uid = e8392200
01-15 12:09:36.343   645   645 D DatabaseHelper: failed to prepare SQL : INSERT INTO profiles VALUES(15
01-15 12:09:36.343   645   645 D DatabaseHelper: ,'custom','user2','user2','off','off')
01-15 12:09:36.344   645   645 D DatabaseHelper: failed to prepare SQL : INSERT INTO profile_endpoints VALUES(57
01-15 12:09:36.344   645   645 D DatabaseHelper: ,'custom','user2','speaker')
01-15 12:09:36.344   645   645 D DatabaseHelper: failed to prepare SQL : INSERT INTO profile_endpoints VALUES(57
01-15 12:09:36.344   645   645 D DatabaseHelper: ,'custom','user2','headphone')
01-15 12:09:36.344   645   645 D DatabaseHelper: failed to prepare SQL : INSERT INTO profile_endpoints VALUES(57
01-15 12:09:36.344   645   645 D DatabaseHelper: ,'custom','user2','passthrough')
01-15 12:09:36.344   645   645 D DatabaseHelper: failed to prepare SQL : INSERT INTO profile_endpoints VALUES(57
01-15 12:09:36.344   645   645 D DatabaseHelper: ,'custom','user2','other')
01-15 12:09:36.344   645   645 D DatabaseHelper: failed to prepare SQL : INSERT INTO profile_ports VALUES(85
01-15 12:09:36.344   645   645 D DatabaseHelper: ,'custom','user2','internal_speaker')
01-15 12:09:36.344   645   645 D DatabaseHelper: failed to prepare SQL : INSERT INTO profile_ports VALUES(85
01-15 12:09:36.344   645   645 D DatabaseHelper: ,'custom','user2','hdmi')
01-15 12:09:36.344   645   645 D DatabaseHelper: failed to prepare SQL : INSERT INTO profile_ports VALUES(85
01-15 12:09:36.344   645   645 D DatabaseHelper: ,'custom','user2','miracast')
01-15 12:09:36.344   645   645 D DatabaseHelper: failed to prepare SQL : INSERT INTO profile_ports VALUES(85
01-15 12:09:36.344   645   645 D DatabaseHelper: ,'custom','user2','headphone_port')
01-15 12:09:36.345   645   645 D DatabaseHelper: failed to prepare SQL : INSERT INTO profile_ports VALUES(85
01-15 12:09:36.345   645   645 D DatabaseHelper: ,'custom','user2','bluetooth')
01-15 12:09:36.345   645   645 D DatabaseHelper: failed to prepare SQL : INSERT INTO profile_ports VALUES(85
01-15 12:09:36.345   645   645 D DatabaseHelper: ,'custom','user2','usb')
01-15 12:09:36.345   645   645 D DatabaseHelper: failed to prepare SQL : INSERT INTO geq_presets VALUES(57
01-15 12:09:36.345   645   645 D DatabaseHelper: ,'custom','off','user2')
01-15 12:09:36.345   645   645 D DatabaseHelper: failed to prepare SQL : INSERT INTO geq_presets VALUES(57
01-15 12:09:36.345   645   645 D DatabaseHelper: ,'custom','open','user2')
01-15 12:09:36.345   645   645 D DatabaseHelper: failed to prepare SQL : INSERT INTO geq_presets VALUES(57
01-15 12:09:36.345   645   645 D DatabaseHelper: ,'custom','rich','user2')
01-15 12:09:36.345   645   645 D DatabaseHelper: failed to prepare SQL : INSERT INTO geq_presets VALUES(57
01-15 12:09:36.345   645   645 D DatabaseHelper: ,'custom','focused','user2')
01-15 12:09:36.357   645   645 I DMSService: registerClient type = 4, uid = e83921f0
01-15 12:09:36.357   645   645 V DolbyMemoryService: registerClient() client 0x710ec74380, uid -398908940
01-15 12:09:36.357   717  4054 D DDP_JOCDecoder: internalSetParameter() Instantiating ARenderer for content processing in decoder
01-15 12:09:36.357   717  4054 I DlbDap2QmfProcess: Dap2Process()
01-15 12:09:36.357   717  4054 I ARenderer: ARenderer
01-15 12:09:36.357   717  4054 I evo_parser: evo_parser_init
01-15 12:09:36.358   717  4054 I DlbDap2QmfProcess: init()
01-15 12:09:36.358   717  4054 I DlbDap2QmfProcess: open()
01-15 12:09:36.359   717  4054 I DlbDap2QmfProcess: loadLicense() no license check!
01-15 12:09:36.359   717  4054 I DlbDap2QmfProcess: validateLicense() no license check!
01-15 12:09:36.359   717  4054 I DlbDap2QmfProcess: init() DAP opened
01-15 12:09:36.359   717  4054 I DlbDap2QmfProcess: DAP library version: 2.5.1-P2.0
01-15 12:09:36.359   717  4054 D DlbDap2QmfProcess: DAP output mode set to 1 with 2 output channels and null mix matrix.
01-15 12:09:36.359   710 14971 I ACodec  : setDolbyParameterOnProcessedAudio() Content processing enabled in decoder
01-15 12:09:36.360 14937 14937 D featureTest: receive broadcast , change ds profile id :2
01-15 12:09:36.362   626   626 W /system/bin/hw/android.hidl.allocator@1.0-service: ashmem_create_region(8192) returning hidl_memory(0x7b7102c330, 8192)
01-15 12:09:36.363   626   626 I chatty  : uid=1000(system) allocator@1.0-s identical 2 lines
01-15 12:09:36.363   626   626 W /system/bin/hw/android.hidl.allocator@1.0-service: ashmem_create_region(8192) returning hidl_memory(0x7b7102c330, 8192)
01-15 12:09:36.365   626   626 W /system/bin/hw/android.hidl.allocator@1.0-service: ashmem_create_region(147456) returning hidl_memory(0x7b7102c330, 147456)
01-15 12:09:36.366   626   626 I chatty  : uid=1000(system) allocator@1.0-s identical 2 lines
01-15 12:09:36.367   626   626 W /system/bin/hw/android.hidl.allocator@1.0-service: ashmem_create_region(147456) returning hidl_memory(0x7b7102c330, 147456)
01-15 12:09:36.369   717 14976 I DDP_JOCDecoder: -> start
01-15 12:09:36.369   627   924 D DlbDlbEffect: handle_EFFECT_CMD_SET_PARAM()
01-15 12:09:36.370   645   713 I DapController: Profile Changed to Music
01-15 12:09:36.370   717 14976 I EndpConfig: DAP state has changed from -1 to 1
01-15 12:09:36.370   717 14976 D DDP_JOCDecoder: Setting Max Output Channels to 2
01-15 12:09:36.371   717 14976 D DDP_JOCDecoder: setMultiChannelPCMOutDownmix mConfig->jocForceDownmixMode 1
01-15 12:09:36.371   717 14976 I udc_user: 
01-15 12:09:36.371   717 14976 I udc_user: *** DDPlus Unified Decoder Simulation  Version 1.7.3 ***
01-15 12:09:36.371   717 14976 I udc_user: 
01-15 12:09:36.371   717 14976 I udc_user: 7.1-channel decoder-converter, 
01-15 12:09:36.371   717 14976 I udc_user: 
01-15 12:09:36.371   717 14976 I udc_user: 5.1-channel dual-decoder-converter, 
01-15 12:09:36.371   717 14976 I udc_user: Karaoke unsupported, 
01-15 12:09:36.371   717 14976 I udc_user: TPNP supported. 
01-15 12:09:36.371   717 14976 I udc_user: 
01-15 12:09:36.371   717 14976 I udc_user: Unpublished work.  Copyright 2003-2014 Dolby Laboratories, Inc. and
01-15 12:09:36.371   717 14976 I udc_user: Dolby Laboratories Licensing Corporation.  All Rights Reserved.
01-15 12:09:36.371   717 14976 I udc_user: 
01-15 12:09:36.371   717 14976 I udc_user: USE OF THIS SOFTWARE IS SUBJECT TO A LEGAL AGREEMENT BETWEEN YOU AND DOLBY
01-15 12:09:36.371   717 14976 I udc_user: LABORATORIES. DO NOT USE THIS SOFTWARE UNLESS YOU AGREE TO THE TERMS AND 
01-15 12:09:36.371   717 14976 I udc_user: CONDITIONS IN THE AGREEMENT.  BY USING THIS SOFTWARE, YOU ACKNOWLEDGE THAT 
01-15 12:09:36.371   717 14976 I udc_user: YOU HAVE READ THE AGREEMENT AND THAT YOU AGREE TO BE BOUND BY ITS TERMS. 
01-15 12:09:36.371   717 14976 I udc_user: 
01-15 12:09:36.374   717 14976 I ddpdec_client_joc: ddpdec_open JOCD_MODE Buffer assignment
01-15 12:09:36.375   717 14976 D DDP_JOCDecoder: mStarted = 1
01-15 12:09:36.375   717 14976 I DDP_JOCDecoder: <- start
01-15 12:09:36.376   717 14976 D ddpdec_client_joc: ddpdec_client.c|int configDecoder()
01-15 12:09:36.377   717 14976 D DDP_JOCDecoder: Setting Max Output Channels to 2
01-15 12:09:36.379   717 14976 I DlbDap2QmfProcess: close()
01-15 12:09:36.379   717 14976 I DlbDap2QmfProcess: init()
01-15 12:09:36.379   717 14976 I DlbDap2QmfProcess: open()
01-15 12:09:36.380   717 14976 I DlbDap2QmfProcess: loadLicense() no license check!
01-15 12:09:36.380   717 14976 I DlbDap2QmfProcess: validateLicense() no license check!
01-15 12:09:36.380   717 14976 I DlbDap2QmfProcess: init() DAP opened
01-15 12:09:36.380   717 14976 I DlbDap2QmfProcess: DAP library version: 2.5.1-P2.0
01-15 12:09:36.380   717 14976 D DlbDap2QmfProcess: DAP output mode set to 1 with 2 output channels and null mix matrix.
01-15 12:09:36.380   717 14976 D ARenderer: checkAndUpdateConfig: DAP reinitialized because of sample rate change
01-15 12:09:36.380   717 14976 D ARenderer: updateDapConfig: Updating DAP configuration
01-15 12:09:36.380   717 14976 D DlbDap2QmfProcess: setParam(iea = #1[10])
01-15 12:09:36.380   717 14976 D DlbDap2QmfProcess: setParam(msce = #1[0])
01-15 12:09:36.380   717 14976 D DlbDap2QmfProcess: setParam(mdee = #1[0])
01-15 12:09:36.380   717 14976 D DlbDap2QmfProcess: setParam(miee = #1[0])
01-15 12:09:36.380   717 14976 D DlbDap2QmfProcess: setParam(mdle = #1[0])
01-15 12:09:36.380   717 14976 D DlbDap2QmfProcess: setParam(dvle = #1[1])
01-15 12:09:36.380   717 14976 D DlbDap2QmfProcess: setParam(mave = #1[0])
01-15 12:09:36.380   717 14976 D DlbDap2QmfProcess: setParam(vcbf = #20[47, 141, 234, 328, 469, 656, 844, 1031, 1313, 1688, 2250, 3000, 3750, 4688, 5813, 7125, 9000, 11250, 13875, 19688])
01-15 12:09:36.380   717 14976 D DlbDap2QmfProcess: setParam(ieon = #1[1])
01-15 12:09:36.380   717 14976 D DlbDap2QmfProcess: setParam(gebs = #41[20, 47, 141, 234, 328, 469, 656, 844, 1031, 1313, 1688, 2250, 3000, 3750, 4688, 5813, 7125, 9000, 11250, 13875, 19688, 0, 0, 0, 0, 0, 0, 0, 0, 0, 0, 0, 0, 0, 0, 0, 0, 0, 0, 0, 0])
01-15 12:09:36.381   717 14976 D DlbDap2QmfProcess: setParam(iebs = #41[20, 65, 136, 223, 332, 467, 634, 841, 1098, 1416, 1812, 2302, 2909, 3663, 4598, 5756, 7194, 8976, 11186, 13927, 17326, 117, 133, 188, 176, 141, 149, 175, 185, 185, 200, 236, 242, 228, 213, 182, 132, 110, 68, -27, -240])
01-15 12:09:36.381   717 14976 D DlbDap2QmfProcess: setParam(dea = #1[7])
01-15 12:09:36.381   717 14976 D DlbDap2QmfProcess: setParam(dsa = #1[10])
01-15 12:09:36.381   717 14976 D DlbDap2QmfProcess: setParam(beb = #1[192])
01-15 12:09:36.381   717 14976 D DlbDap2QmfProcess: setParam(plb = #1[0])
01-15 12:09:36.381   717 14976 D DlbDap2QmfProcess: setParam(vmb = #1[144])
01-15 12:09:36.381   717 14976 D DlbDap2QmfProcess: setParam(dsb = #1[0])
01-15 12:09:36.381   717 14976 D DlbDap2QmfProcess: setParam(ded = #1[0])
01-15 12:09:36.381   717 14976 D DlbDap2QmfProcess: setParam(dom = #1[0])
01-15 12:09:36.382   717 14976 D DlbDap2QmfProcess: setParam(bew = #1[16])
01-15 12:09:36.382   717 14976 D DlbDap2QmfProcess: setParam(dvla = #1[4])
01-15 12:09:36.382   717 14976 D DlbDap2QmfProcess: setParam(dfsa = #1[10])
01-15 12:09:36.382   717 14976 D DlbDap2QmfProcess: setParam(dhsa = #1[10])
01-15 12:09:36.382   717 14976 D DlbDap2QmfProcess: setParam(dvmc = #1[0])
01-15 12:09:36.382   717 14976 D DlbDap2QmfProcess: setParam(dvle = #1[1])
01-15 12:09:36.382   717 14976 D DlbDap2QmfProcess: setParam(dvme = #1[0])
01-15 12:09:36.382   717 14976 D DlbDap2QmfProcess: setParam(becf = #1[200])
01-15 12:09:36.382   717 14976 D DlbDap2QmfProcess: setParam(vbmf = #2[94, 469])
01-15 12:09:36.382   717 14976 D DlbDap2QmfProcess: setParam(vbsf = #2[35, 160])
01-15 12:09:36.382   717 14976 D DlbDap2QmfProcess: setParam(vbhg = #3[-32, -144, -192])
01-15 12:09:36.382   717 14976 D DlbDap2QmfProcess: setParam(vbog = #1[0])
01-15 12:09:36.382   717 14976 D DlbDap2QmfProcess: setParam(vbsg = #1[0])
01-15 12:09:36.382   717 14976 D DlbDap2QmfProcess: setParam(dvli = #1[-320])
01-15 12:09:36.382   717 14976 D DlbDap2QmfProcess: setParam(dhfm = #1[2])
01-15 12:09:36.382   717 14976 D DlbDap2QmfProcess: setParam(deon = #1[0])
01-15 12:09:36.382   717 14976 D DlbDap2QmfProcess: setParam(ngon = #1[1])
01-15 12:09:36.382   717 14976 D DlbDap2QmfProcess: setParam(dvlo = #1[-320])
01-15 12:09:36.383   717 14976 D DlbDap2QmfProcess: setParam(aobs = #222[20, 10, 47, 141, 234, 328, 469, 656, 844, 1031, 1313, 1688, 2250, 3000, 3750, 4688, 5813, 7125, 9000, 11250, 13875, 19688, 0, 0, 0, 0, 0, 0, 0, 0, 0, 0, 0, 0, 0, 0, 0, 0, 0, 0, 0, 0, 0, 0, 0, 0, 0, 0, 0, 0, 0, 0, 0, 0, 0, 0, 0, 0, 0, 0, 0, 0, 0, 0, 0, 0, 0, 0, 0, 0, 0, 0, 0, 0, 0, 0, 0, 0, 0, 0, 0, 0, 0, 0, 0, 0, 0, 0, 0, 0, 0, 0, 0, 0, 0, 0, 0, 0, 0, 0, 0, 0, 0, 0, 0, 0, 0, 0, 0, 0, 0, 0, 0, 0, 0, 0, 0, 0, 0, 0, 0, 0, 0, 0, 0, 0, 0, 0, 0, 0, 0, 0, 0, 0, 0, 0, 0, 0, 0, 0, 0, 0, 0, 0, 0, 0, 0, 0, 0, 0, 0, 0, 0, 0, 0, 0, 0, 0, 0, 0, 0, 0, 0, 0, 0, 0, 0, 0, 0, 0, 0, 0, 0, 0, 0, 0, 0, 0, 0, 0, 0, 0, 0, 0, 0, 0, 0, 0, 0, 0, 0, 0, 0, 0, 0, 0, 0, 0, 0, 0, 0, 0, 0, 0, 0, 0, 0, 0, 0, 0, 0, 0, 0, 0, 0, 0, 0, 0, 0, 0, 0, 0])
01-15 12:09:36.383   717 14976 D DlbDap2QmfProcess: setParam(dvle = #1[1])
01-15 12:09:36.383   717 14976 D DlbDap2QmfProcess: setParam(dvli = #1[-496])
01-15 12:09:36.383   717 14976 D DlbDap2QmfProcess: setParam(dvlo = #1[-176])
01-15 12:09:36.383   717 14976 D ARenderer: updateDapVolumeLeveler: Setting output level to -11.00dB
01-15 12:09:36.383   717 14976 D DlbDap2QmfProcess: setParam(vmb = #1[0])
01-15 12:09:36.383   717 14976 D DlbDap2QmfProcess: setParam(preg = #1[-384])
01-15 12:09:36.383   717 14976 D DlbDap2QmfProcess: setParam(vol = #1[384])
01-15 12:09:36.383   717 14976 D DlbDlbBufferProvider: setConfig() Updating buffer configuration.
01-15 12:09:36.383   717 14976 D DlbDap2QmfProcess: processQmf() called [0] times
01-15 12:09:36.383   717 14976 D DlbDap2QmfProcess: setMave(mave = 0)
01-15 12:09:36.393   710 14969 D AudioTrack: Client defaulted notificationFrames to 12000 for frameCount 24000
01-15 12:09:36.393   684  7228 I AudioFlinger: attachAuxEffect(): Marking track 334 as containing processed audio
01-15 12:09:36.393   684  7228 D AudioFlinger: trackContainsProcessedAudio() Track id 334 contains processed audio
01-15 12:09:36.395   626   626 W /system/bin/hw/android.hidl.allocator@1.0-service: ashmem_create_region(7680) returning hidl_memory(0x7b7102c330, 7680)
01-15 12:09:36.397   626   626 W /system/bin/hw/android.hidl.allocator@1.0-service: ashmem_create_region(7680) returning hidl_memory(0x7b7102c330, 7680)
01-15 12:09:36.399   627  3512 D DlbDlbEffect: handle_EFFECT_CMD_DISABLE()
01-15 12:09:36.399   627  3512 D DlbDapCrossfadeProcess: setEnabled transitioning from FADE_TO_ACTIVE state to FADE_TO_BYPASS
01-15 12:09:36.400   626   626 W /system/bin/hw/android.hidl.allocator@1.0-service: ashmem_create_region(7680) returning hidl_memory(0x7b7102c330, 7680)
01-15 12:09:36.401   627  3512 D DlbDlbEffect: handle_EFFECT_CMD_SET_CONFIG()
01-15 12:09:36.401   627   924 D DlbDapEndpointParamCache: setDevice(device=0x00000002)
01-15 12:09:36.401   645   645 D DMSService: setActiveDevice called with device = 0x2
01-15 12:09:36.402   627   924 D DlbDlbEffect: handle_EFFECT_CMD_ENABLE()
01-15 12:09:36.402   627   924 D DlbDapCrossfadeProcess: setEnabled transitioning from FADE_TO_BYPASS state to FADE_TO_ACTIVE
01-15 12:09:36.402   684  3973 W AudioFlinger: moveDolbyEffect() effect chain for session 0 not on source thread 0xee0ae580
01-15 12:09:36.402   684  3973 D AudioFlinger: trackStateChanged() Track id 334 state changed to 6
01-15 12:09:36.402   684  3973 I AudioFlinger: updateProcessedAudioState() Changing content processing in effect to 1
01-15 12:09:36.402   627   924 D DlbDlbEffect: handle_EFFECT_CMD_SET_PARAM()
01-15 12:09:36.404   710 14964 D NuPlayerDriver: notifyListener_l(0xe84b2620), (6, 0, 0, -1), loop setting(0, 1)
01-15 12:09:36.405   710  1419 W MediaClock: reject anchor time since it is negative.
01-15 12:09:36.407   627  3892 I DlbEffectContext: setContentProcEnabled() Disabling content processing in effect
01-15 12:09:36.407   627  3892 D DlbDapEndpointParamCache: commitChangedParams()
01-15 12:09:36.407   627  3892 D DlbDapEndpointParamCache: commit() Applying parameters for device 0x40000000
01-15 12:09:36.407   627  3892 D DlbDap2Process: setParam(msce = #1[0])
01-15 12:09:36.407   627  3892 D DlbDap2Process: setParam(mdee = #1[0])
01-15 12:09:36.407   627  3892 D DlbDap2Process: setParam(miee = #1[0])
01-15 12:09:36.407   627  3892 D DlbDap2Process: setParam(mdle = #1[0])
01-15 12:09:36.407   627  3892 D DlbDap2Process: setParam(dvle = #1[0])
01-15 12:09:36.407   627  3892 D DlbDap2Process: setParam(mave = #1[0])
01-15 12:09:36.407   627  3892 D DlbDap2Process: setParam(ieon = #1[0])
01-15 12:09:36.407   627  3892 D DlbDapEndpointParamCache: doCommit() Committed 7 parameters out of 16.
01-15 12:09:36.407   627  3892 D DlbDapEndpointParamCache: commit() Overriding parameters for current device 0x00000002
01-15 12:09:36.407   627  3892 D DlbDap2Process: setParam(dom = #1[0])
01-15 12:09:36.407   627  3892 D DlbDap2Process: setParam(dvle = #1[0])
01-15 12:09:36.407   627  3892 D DlbDap2Process: setParam(dvme = #1[0])
01-15 12:09:36.407   627  3892 D DlbDap2Process: setParam(deon = #1[0])
01-15 12:09:36.407   627  3892 D DlbDap2Process: setParam(ngon = #1[0])
01-15 12:09:36.407   627  3892 D DlbDapEndpointParamCache: doCommit() Committed 5 parameters out of 37.
01-15 12:09:36.408   627  3892 D DlbDapEndpointParamCache: commitChangedParams()
01-15 12:09:36.408   627  3892 D DlbDapEndpointParamCache: commit() Applying parameters for device 0x40000000
01-15 12:09:36.408   627  3892 D DlbDap2Process: setParam(iea = #1[10])
01-15 12:09:36.408   627  3892 D DlbDap2Process: setParam(vcbf = #20[47, 141, 234, 328, 469, 656, 844, 1031, 1313, 1688, 2250, 3000, 3750, 4688, 5813, 7125, 9000, 11250, 13875, 19688])
01-15 12:09:36.408   627  3892 D DlbDap2Process: setParam(vbon = #1[0])
01-15 12:09:36.408   627  3892 D DlbDap2Process: setParam(beon = #1[0])
01-15 12:09:36.408   627  3892 D DlbDap2Process: setParam(geon = #1[0])
01-15 12:09:36.408   627  3892 D DlbDap2Process: setParam(gebs = #41[20, 47, 141, 234, 328, 469, 656, 844, 1031, 1313, 1688, 2250, 3000, 3750, 4688, 5813, 7125, 9000, 11250, 13875, 19688, 0, 0, 0, 0, 0, 0, 0, 0, 0, 0, 0, 0, 0, 0, 0, 0, 0, 0, 0, 0])
01-15 12:09:36.408   627  3892 D DlbDap2Process: setParam(iebs = #41[20, 65, 136, 223, 332, 467, 634, 841, 1098, 1416, 1812, 2302, 2909, 3663, 4598, 5756, 7194, 8976, 11186, 13927, 17326, 117, 133, 188, 176, 141, 149, 175, 185, 185, 200, 236, 242, 228, 213, 182, 132, 110, 68, -27, -240])
01-15 12:09:36.408   627  3892 D DlbDapEndpointParamCache: doCommit() Committed 8 parameters out of 16.
01-15 12:09:36.408   627  3892 D DlbDapEndpointParamCache: commit() Overriding parameters for current device 0x00000002
01-15 12:09:36.408   627  3892 D DlbDap2Process: setParam(dea = #1[7])
01-15 12:09:36.409   627  3892 D DlbDap2Process: setParam(dsa = #1[10])
01-15 12:09:36.409   627  3892 D DlbDap2Process: setParam(beb = #1[192])
01-15 12:09:36.409   627  3892 D DlbDap2Process: setParam(plb = #1[0])
01-15 12:09:36.409   627  3892 D DlbDap2Process: setParam(vmb = #1[144])
01-15 12:09:36.409   627  3892 D DlbDap2Process: setParam(dsb = #1[0])
01-15 12:09:36.409   627  3892 D DlbDap2Process: setParam(ded = #1[0])
01-15 12:09:36.409   627  3892 D DlbDap2Process: setParam(vbm = #1[3])
01-15 12:09:36.409   627  3892 D DlbDap2Process: setParam(bew = #1[16])
01-15 12:09:36.409   627  3892 D DlbDap2Process: setParam(dvla = #1[4])
01-15 12:09:36.409   627  3892 D DlbDap2Process: setParam(arra = #1[96])
01-15 12:09:36.409   627  3892 D DlbDap2Process: setParam(dfsa = #1[10])
01-15 12:09:36.409   627  3892 D DlbDap2Process: setParam(dhsa = #1[10])
01-15 12:09:36.409   627  3892 D DlbDap2Process: setParam(dvmc = #1[0])
01-15 12:09:36.409   627  3892 D DlbDap2Process: setParam(arod = #1[0])
01-15 12:09:36.409   627  3892 D DlbDap2Process: setParam(arde = #1[1])
01-15 12:09:36.409   627  3892 D DlbDap2Process: setParam(becf = #1[200])
01-15 12:09:36.409   627  3892 D DlbDap2Process: setParam(vbmf = #2[94, 469])
01-15 12:09:36.409   627  3892 D DlbDap2Process: setParam(vbsf = #2[35, 160])
01-15 12:09:36.409   627  3892 D DlbDap2Process: setParam(vbhg = #3[-32, -144, -192])
01-15 12:09:36.409   627  3892 D DlbDap2Process: setParam(vbog = #1[0])
01-15 12:09:36.409   627  3892 D DlbDap2Process: setParam(vbsg = #1[0])
01-15 12:09:36.409   627  3892 D DlbDap2Process: setParam(dvli = #1[-320])
01-15 12:09:36.409   627  3892 D DlbDap2Process: setParam(dhfm = #1[2])
01-15 12:09:36.409   627  3892 D DlbDap2Process: setParam(vbon = #1[0])
01-15 12:09:36.409   627  3892 D DlbDap2Process: setParam(beon = #1[0])
01-15 12:09:36.409   627  3892 D DlbDap2Process: setParam(aoon = #1[1])
01-15 12:09:36.409   627  3892 D DlbDap2Process: setParam(aron = #1[1])
01-15 12:09:36.409   627  3892 D DlbDap2Process: setParam(dvlo = #1[-320])
01-15 12:09:36.409   627  3892 D DlbDap2Process: setParam(artp = #1[12])
01-15 12:09:36.409   627  3892 D DlbDap2Process: setParam(aobs = #222[20, 10, 47, 141, 234, 328, 469, 656, 844, 1031, 1313, 1688, 2250, 3000, 3750, 4688, 5813, 7125, 9000, 11250, 13875, 19688, 0, 0, 0, 0, 0, 0, 0, 0, 0, 0, 0, 0, 0, 0, 0, 0, 0, 0, 0, 0, 0, 0, 0, 0, 0, 0, 0, 0, 0, 0, 0, 0, 0, 0, 0, 0, 0, 0, 0, 0, 0, 0, 0, 0, 0, 0, 0, 0, 0, 0, 0, 0, 0, 0, 0, 0, 0, 0, 0, 0, 0, 0, 0, 0, 0, 0, 0, 0, 0, 0, 0, 0, 0, 0, 0, 0, 0, 0, 0, 0, 0, 0, 0, 0, 0, 0, 0, 0, 0, 0, 0, 0, 0, 0, 0, 0, 0, 0, 0, 0, 0, 0, 0, 0, 0, 0, 0, 0, 0, 0, 0, 0, 0, 0, 0, 0, 0, 0, 0, 0, 0, 0, 0, 0, 0, 0, 0, 0, 0, 0, 0, 0, 0, 0, 0, 0, 0, 0, 0, 0, 0, 0, 0, 0, 0, 0, 0, 0, 0, 0, 0, 0, 0, 0, 0, 0, 0, 0, 0, 0, 0, 0, 0, 0, 0, 0, 0, 0, 0, 0, 0, 0, 0, 0, 0, 0, 0, 0, 0, 0, 0, 0, 0, 0, 0, 0, 0, 0, 0, 0, 0, 0, 0, 0, 0, 0, 0, 0, 0, 0])
01-15 12:09:36.409   627  3892 D DlbDap2Process: setParam(arbs = #81[20, 47, 141, 234, 328, 469, 656, 844, 1031, 1313, 1688, 2250, 3000, 3750, 4688, 5813, 7125, 9000, 11250, 13875, 19688, -192, -192, -192, -192, -192, -192, -192, -192, -192, -192, -192, -192, -192, -192, -192, -192, -192, -192, -192, -192, 0, 0, 0, 0, 0, 0, 0, 0, 0, 0, 0, 0, 0, 0, 0, 0, 0, 0, 0, 0, 0, 0, 0, 0, 0, 0, 0, 0, 0, 0, 0, 0, 0, 0, 0, 0, 0, 0, 0, 0])
01-15 12:09:36.409   627  3892 D DlbDapEndpointParamCache: doCommit() Committed 32 parameters out of 37.
01-15 12:09:36.409   627  3892 D DlbDap2Process: setMave(mave = 0)
01-15 12:09:36.410   627  3892 D DlbDapCrossfadeProcess: process transitioning from FADE_TO_ACTIVE state to DAP_ACTIVE
01-15 12:09:36.426 14937 14937 D featureTest: receive broadcast , change virtual speaker  virtualizer :1
01-15 12:09:36.437 14937 14937 W System.err: java.lang.UnsupportedOperationException
01-15 12:09:36.438 14937 14937 W System.err: 	at com.dolby.dax.DolbyAudioEffect.setDolbyVirtualSpeakerVirtualizerEnabled(DolbyAudioEffect.java:323)
01-15 12:09:36.438 14937 14937 W System.err: 	at com.dolby.qa.featuretest.MainActivity$1.handleMessage(MainActivity.java:139)
01-15 12:09:36.439 14937 14937 W System.err: 	at android.os.Handler.dispatchMessage(Handler.java:105)
01-15 12:09:36.439 14937 14937 W System.err: 	at android.os.Looper.loop(Looper.java:164)
01-15 12:09:36.440 14937 14937 W System.err: 	at android.app.ActivityThread.main(ActivityThread.java:6541)
01-15 12:09:36.440 14937 14937 W System.err: 	at java.lang.reflect.Method.invoke(Native Method)
01-15 12:09:36.440 14937 14937 W System.err: 	at com.android.internal.os.Zygote$MethodAndArgsCaller.run(Zygote.java:240)
01-15 12:09:36.441 14937 14937 W System.err: 	at com.android.internal.os.ZygoteInit.main(ZygoteInit.java:767)
01-15 12:09:36.441 14937 14937 D featureTest: virtual speaker virtualizer can not be operate for mono speaker endpoint!
01-15 12:09:36.483 14937 14937 D featureTest: receive broadcast , record log :0
01-15 12:09:36.536 14937 14937 D featureTest: receive broadcast , playing content location :/sdcard/featureTest/ChID_voices_51_384_ddp_joc.mp4
01-15 12:09:36.538   710  1419 D NuPlayerDriver: stop(0xe84b2620)
01-15 12:09:36.539   710  1419 D NuPlayerDriver: notifyListener_l(0xe84b2620), (8, 0, 0, -1), loop setting(0, 1)
01-15 12:09:36.540   710  1419 D NuPlayerDriver: reset(0xe84b2620) at state 8
01-15 12:09:36.543   717  4054 I DDP_JOCDecoder: -> ~DDPDecoder
01-15 12:09:36.543   717  4054 I DDP_JOCDecoder: -> stop
01-15 12:09:36.544   645   645 I DMSService: unregisterClient type = 4, uid = e83921f0
01-15 12:09:36.557   645   645 D DatabaseHelper: failed to prepare SQL : INSERT INTO profiles VALUES(15
01-15 12:09:36.557   645   645 D DatabaseHelper: ,'custom','user2','user2','off','off')
01-15 12:09:36.558   645   645 D DatabaseHelper: failed to prepare SQL : INSERT INTO profile_endpoints VALUES(57
01-15 12:09:36.558   645   645 D DatabaseHelper: ,'custom','user2','speaker')
01-15 12:09:36.558   645   645 D DatabaseHelper: failed to prepare SQL : INSERT INTO profile_endpoints VALUES(57
01-15 12:09:36.558   645   645 D DatabaseHelper: ,'custom','user2','headphone')
01-15 12:09:36.558   645   645 D DatabaseHelper: failed to prepare SQL : INSERT INTO profile_endpoints VALUES(57
01-15 12:09:36.558   645   645 D DatabaseHelper: ,'custom','user2','passthrough')
01-15 12:09:36.558   645   645 D DatabaseHelper: failed to prepare SQL : INSERT INTO profile_endpoints VALUES(57
01-15 12:09:36.558   645   645 D DatabaseHelper: ,'custom','user2','other')
01-15 12:09:36.558   645   645 D DatabaseHelper: failed to prepare SQL : INSERT INTO profile_ports VALUES(85
01-15 12:09:36.558   645   645 D DatabaseHelper: ,'custom','user2','internal_speaker')
01-15 12:09:36.558   645   645 D DatabaseHelper: failed to prepare SQL : INSERT INTO profile_ports VALUES(85
01-15 12:09:36.558   645   645 D DatabaseHelper: ,'custom','user2','hdmi')
01-15 12:09:36.558   645   645 D DatabaseHelper: failed to prepare SQL : INSERT INTO profile_ports VALUES(85
01-15 12:09:36.558   645   645 D DatabaseHelper: ,'custom','user2','miracast')
01-15 12:09:36.558   645   645 D DatabaseHelper: failed to prepare SQL : INSERT INTO profile_ports VALUES(85
01-15 12:09:36.558   645   645 D DatabaseHelper: ,'custom','user2','headphone_port')
01-15 12:09:36.558   645   645 D DatabaseHelper: failed to prepare SQL : INSERT INTO profile_ports VALUES(85
01-15 12:09:36.558   645   645 D DatabaseHelper: ,'custom','user2','bluetooth')
01-15 12:09:36.559   645   645 D DatabaseHelper: failed to prepare SQL : INSERT INTO profile_ports VALUES(85
01-15 12:09:36.559   645   645 D DatabaseHelper: ,'custom','user2','usb')
01-15 12:09:36.559   645   645 D DatabaseHelper: failed to prepare SQL : INSERT INTO geq_presets VALUES(57
01-15 12:09:36.559   645   645 D DatabaseHelper: ,'custom','off','user2')
01-15 12:09:36.559   645   645 D DatabaseHelper: failed to prepare SQL : INSERT INTO geq_presets VALUES(57
01-15 12:09:36.559   645   645 D DatabaseHelper: ,'custom','open','user2')
01-15 12:09:36.559   645   645 D DatabaseHelper: failed to prepare SQL : INSERT INTO geq_presets VALUES(57
01-15 12:09:36.559   645   645 D DatabaseHelper: ,'custom','rich','user2')
01-15 12:09:36.559   645   645 D DatabaseHelper: failed to prepare SQL : INSERT INTO geq_presets VALUES(57
01-15 12:09:36.559   645   645 D DatabaseHelper: ,'custom','focused','user2')
01-15 12:09:36.568   717  4054 I DDP_JOCDecoder: <- stop
01-15 12:09:36.568   717  4054 I ARenderer: ~ARenderer
01-15 12:09:36.568   717  4054 I evo_parser: evo_parser_close
01-15 12:09:36.569   717  4054 I DlbDap2QmfProcess: ~Dap2Process()
01-15 12:09:36.569   717  4054 I DlbDap2QmfProcess: close()
01-15 12:09:36.569   717  4054 I DDP_JOCDecoder: <- ~DDPDecoder
01-15 12:09:36.575   710 14964 D NuPlayerDriver: notifyResetComplete(0xe84b2620)
01-15 12:09:36.575   710   710 D NuPlayerDriver: reset(0xe84b2620) at state 0
01-15 12:09:36.576 14937 14937 V MediaPlayer: resetDrmState:  mDrmInfo=null mDrmProvisioningThread=null mPrepareDrmInProgress=false mActiveDrmScheme=false
01-15 12:09:36.576 14937 14937 V MediaPlayer: cleanDrmObj: mDrmObj=null mDrmSessionId=null
01-15 12:09:36.577 14937 14937 V MediaPlayer: resetDrmState:  mDrmInfo=null mDrmProvisioningThread=null mPrepareDrmInProgress=false mActiveDrmScheme=false
01-15 12:09:36.577 14937 14937 V MediaPlayer: cleanDrmObj: mDrmObj=null mDrmSessionId=null
01-15 12:09:36.581 14937 14937 D featureTest: mMediaPlayer.getAudioSessionId(): 2273
01-15 12:09:36.581 14937 14937 D featureTest: Playing file: /sdcard/featureTest/ChID_voices_51_384_ddp_joc.mp4
01-15 12:09:36.582   710  1419 D NuPlayerDriver: NuPlayerDriver(0xe84b21c0) created, clientPid(14937)
01-15 12:09:36.585 14937 14937 W MediaPlayer: Use of stream types is deprecated for operations other than volume control
01-15 12:09:36.586 14996 14996 W generic : type=1400 audit(0.0:190): avc: denied { read } for path="/storage/emulated/0/featuretest/ChID_voices_51_384_ddp_joc.mp4" dev="sdcardfs" ino=1310784 scontext=u:r:mediaextractor:s0 tcontext=u:object_r:sdcardfs:s0 tclass=file permissive=0
01-15 12:09:36.586 14937 14937 W MediaPlayer: See the documentation of setAudioStreamType() for what to use instead with android.media.AudioAttributes to qualify your playback use case
01-15 12:09:36.589   710 14996 D GenericSource: FileSource remote
01-15 12:09:36.589   710 14996 W GenericSource: extractor service cannot make data source
01-15 12:09:36.589   710 14996 D GenericSource: FileSource local
01-15 12:09:36.597   710 14995 D NuPlayerDriver: notifyListener_l(0xe84b21c0), (1, 0, 0, -1), loop setting(0, 0)
01-15 12:09:36.601   710  1419 D NuPlayerDriver: start(0xe84b21c0), state is 4, eos is 0
01-15 12:09:36.601   710 14995 I GenericSource: start
01-15 12:09:36.603 14937 14937 W DolbyAudioEffect: WARNING: attaching a DolbyAudioEffect to global output mix is deprecated!
01-15 12:09:36.610   627  3892 I DlbEffectContext: setContentProcEnabled() Enabling content processing in global effect
01-15 12:09:36.610   627  3892 D DlbDapEndpointParamCache: commitChangedParams()
01-15 12:09:36.610   627  3892 D DlbDapEndpointParamCache: commit() Applying parameters for device 0x40000000
01-15 12:09:36.610   627  3892 D DlbDap2Process: setParam(iea = #1[10])
01-15 12:09:36.610   627  3892 D DlbDap2Process: setParam(msce = #1[0])
01-15 12:09:36.610   627  3892 D DlbDap2Process: setParam(mdee = #1[0])
01-15 12:09:36.610   627  3892 D DlbDap2Process: setParam(miee = #1[0])
01-15 12:09:36.610   627  3892 D DlbDap2Process: setParam(mdle = #1[0])
01-15 12:09:36.611   627  3892 D DlbDap2Process: setParam(dvle = #1[1])
01-15 12:09:36.611   627  3892 D DlbDap2Process: setParam(mave = #1[0])
01-15 12:09:36.611   627  3892 D DlbDap2Process: setParam(vcbf = #20[47, 141, 234, 328, 469, 656, 844, 1031, 1313, 1688, 2250, 3000, 3750, 4688, 5813, 7125, 9000, 11250, 13875, 19688])
01-15 12:09:36.611   627  3892 D DlbDap2Process: setParam(vbon = #1[0])
01-15 12:09:36.611   627  3892 D DlbDap2Process: setParam(beon = #1[0])
01-15 12:09:36.611   627  3892 D DlbDap2Process: setParam(geon = #1[0])
01-15 12:09:36.611   627  3892 D DlbDap2Process: setParam(ieon = #1[1])
01-15 12:09:36.611   627  3892 D DlbDap2Process: setParam(gebs = #41[20, 47, 141, 234, 328, 469, 656, 844, 1031, 1313, 1688, 2250, 3000, 3750, 4688, 5813, 7125, 9000, 11250, 13875, 19688, 0, 0, 0, 0, 0, 0, 0, 0, 0, 0, 0, 0, 0, 0, 0, 0, 0, 0, 0, 0])
01-15 12:09:36.611   627  3892 D DlbDap2Process: setParam(iebs = #41[20, 65, 136, 223, 332, 467, 634, 841, 1098, 1416, 1812, 2302, 2909, 3663, 4598, 5756, 7194, 8976, 11186, 13927, 17326, 117, 133, 188, 176, 141, 149, 175, 185, 185, 200, 236, 242, 228, 213, 182, 132, 110, 68, -27, -240])
01-15 12:09:36.611   627  3892 D DlbDapEndpointParamCache: doCommit() Committed 15 parameters out of 16.
