--------- beginning of main
01-17 09:20:38.198   627  3892 D DlbDap2Process: process() called [450500] times
--------- beginning of system
01-17 09:20:38.243   945  4689 I ActivityManager: Force stopping com.dolby.qa.featuretest appid=10073 user=0: from pid 29443
01-17 09:20:38.243   945  4689 I ActivityManager: Killing 29348:com.dolby.qa.featuretest/u0a73 (adj 0): stop com.dolby.qa.featuretest
01-17 09:20:38.245   945  4689 W ActivityManager: Force removing ActivityRecord{4e14680 u0 com.dolby.qa.featuretest/.MainActivity t250}: app died, no saved state
01-17 09:20:38.254   945  4689 I WindowManager: Failed to capture screenshot of Token{e6634b9 ActivityRecord{4e14680 u0 com.dolby.qa.featuretest/.MainActivity t250 f}} appWin=Window{6600574 u0 com.dolby.qa.featuretest/com.dolby.qa.featuretest.MainActivity} drawState=4
01-17 09:20:38.265   710   710 D NuPlayerDriver: reset(0xe6bcb460) at state 5
01-17 09:20:38.267   710   710 D NuPlayerDriver: notifyListener_l(0xe6bcb460), (8, 0, 0, -1), loop setting(0, 1)
01-17 09:20:38.273   945  1323 I WindowManager: WIN DEATH: Window{8f2a496 u0 Toast}
01-17 09:20:38.280   710 29405 D NuPlayerDriver: notifyResetComplete(0xe6bcb460)
01-17 09:20:38.281   710   710 D AudioTrack: stop() called with 0 frames delivered
01-17 09:20:38.307  1499  1499 D CarrierSvcBindHelper: No carrier app for: 0
01-17 09:20:38.313  2010  2010 D RegisteredNfcFServicesCache: Service unchanged, not updating
01-17 09:20:38.362   945  1323 I ActivityManager: START u0 {flg=0x10000000 cmp=com.dolby.qa.featuretest/.MainActivity} from uid 2000
01-17 09:20:38.386   945  7365 I ActivityManager: Start proc 29450:com.dolby.qa.featuretest/u0a73 for activity com.dolby.qa.featuretest/.MainActivity
01-17 09:20:38.392 29450 29450 I zygote64: Late-enabling -Xcheck:jni
01-17 09:20:38.418   684   928 W AudioFlinger::EffectModule: EffectModule 0xed0e2e00 destructor called with unreleased interface
01-17 09:20:38.418   684   928 W AudioFlinger::EffectHandle: disconnect Effect handle 0xee1635c0 disconnected after thread destruction
01-17 09:20:38.419   627  6441 D DlbDlbEffect: handle_EFFECT_CMD_DISABLE()
01-17 09:20:38.419   627  6441 D DlbDapCrossfadeProcess: setEnabled transitioning from DAP_ACTIVE state to FADE_TO_BYPASS
01-17 09:20:38.421   626   626 W /system/bin/hw/android.hidl.allocator@1.0-service: ashmem_create_region(3840) returning hidl_memory(0x7b7102c330, 3840)
01-17 09:20:38.421   627  6441 D DlbDlbEffect: handle_EFFECT_CMD_SET_CONFIG()
01-17 09:20:38.421   627  6441 D DlbDapEndpointParamCache: setDevice(device=0x00000002)
01-17 09:20:38.422   645   645 D DMSService: setActiveDevice called with device = 0x2
01-17 09:20:38.422   627  3512 D DlbDlbEffect: handle_EFFECT_CMD_ENABLE()
01-17 09:20:38.422   627  3512 D DlbDapCrossfadeProcess: setEnabled transitioning from FADE_TO_BYPASS state to FADE_TO_ACTIVE
01-17 09:20:38.565 29450 29450 D featureTest: onCreate
01-17 09:20:38.568 29450 29450 D AudioTrack: Client defaulted notificationFrames to 962 for frameCount 1924
01-17 09:20:38.571 29450 29450 W AudioTrack: Use of stream types is deprecated for operations other than volume control
01-17 09:20:38.571 29450 29450 W AudioTrack: See the documentation of AudioTrack() for what to use instead with android.media.AudioAttributes to qualify your playback use case
01-17 09:20:38.577 29450 29450 W DolbyAudioEffect: WARNING: attaching a DolbyAudioEffect to global output mix is deprecated!
01-17 09:20:38.584 29450 29450 D featureTest: onResume
01-17 09:20:38.593 29450 29467 D OpenGLRenderer: HWUI GL Pipeline
01-17 09:20:38.636 29450 29467 I Adreno  : QUALCOMM build                   : 7142022, Ib5823dd10c
01-17 09:20:38.636 29450 29467 I Adreno  : Build Date                       : 06/23/17
01-17 09:20:38.636 29450 29467 I Adreno  : OpenGL ES Shader Compiler Version: EV031.18.00.00
01-17 09:20:38.636 29450 29467 I Adreno  : Local Branch                     : O11A
01-17 09:20:38.636 29450 29467 I Adreno  : Remote Branch                    : 
01-17 09:20:38.636 29450 29467 I Adreno  : Remote Branch                    : 
01-17 09:20:38.636 29450 29467 I Adreno  : Reconstruct Branch               : 
01-17 09:20:38.641 29450 29467 I Adreno  : PFP: 0x005ff087, ME: 0x005ff063
01-17 09:20:38.643 29450 29467 I OpenGLRenderer: Initialized EGL, version 1.4
01-17 09:20:38.643 29450 29467 D OpenGLRenderer: Swap behavior 2
01-17 09:20:38.695   945   998 I ActivityManager: Displayed com.dolby.qa.featuretest/.MainActivity: +313ms
01-17 09:20:38.828   945   998 W ActivityManager: setHasOverlayUi called on unknown pid: 29348
01-17 09:20:38.831   475   516 E SurfaceFlinger: Failed to find layer (Toast#0) in layer parent (no-parent).
01-17 09:20:39.175  2103  2230 W OpenGLRenderer: Incorrectly called buildLayer on View: ShortcutAndWidgetContainer, destroying layer...
01-17 09:20:39.229   945   945 W NotificationService: Object died trying to hide notification android.app.ITransientNotification$Stub$Proxy@59f767e in package com.dolby.qa.featuretest
01-17 09:20:39.229   945   945 W WindowManager: removeWindowToken: Attempted to remove non-existing token: android.os.Binder@9bacc41
01-17 09:20:39.229   945   945 W ActivityManager: setProcessForeground called on unknown pid: 29348
01-17 09:20:39.230   945   945 W NotificationService: Object died trying to show notification android.app.ITransientNotification$Stub$Proxy@e7407df in package com.dolby.qa.featuretest
01-17 09:20:39.230   945   945 W ActivityManager: setProcessForeground called on unknown pid: 29348
01-17 09:20:39.230   945   945 W NotificationService: Object died trying to show notification android.app.ITransientNotification$Stub$Proxy@7477c2c in package com.dolby.qa.featuretest
01-17 09:20:39.230   945   945 W ActivityManager: setProcessForeground called on unknown pid: 29348
01-17 09:20:39.230   945   945 W NotificationService: Object died trying to show notification android.app.ITransientNotification$Stub$Proxy@74d76f5 in package com.dolby.qa.featuretest
01-17 09:20:39.448 29450 29450 D featureTest: receive broadcast , playing content location :/sdcard/featureTest/stereo_dd_25fps_channel_id.m4a
01-17 09:20:39.460 29450 29450 D featureTest: mMediaPlayer.getAudioSessionId(): 5313
01-17 09:20:39.461 29450 29450 D featureTest: Playing file: /sdcard/featureTest/stereo_dd_25fps_channel_id.m4a
01-17 09:20:39.462   710   710 D NuPlayerDriver: NuPlayerDriver(0xe6bcb460) created, clientPid(29450)
01-17 09:20:39.466 29450 29450 W MediaPlayer: Use of stream types is deprecated for operations other than volume control
01-17 09:20:39.466 29450 29450 W MediaPlayer: See the documentation of setAudioStreamType() for what to use instead with android.media.AudioAttributes to qualify your playback use case
01-17 09:20:39.470 29478 29478 W generic : type=1400 audit(0.0:441): avc: denied { read } for path="/storage/emulated/0/featuretest/stereo_dd_25fps_channel_id.m4a" dev="sdcardfs" ino=1310783 scontext=u:r:mediaextractor:s0 tcontext=u:object_r:sdcardfs:s0 tclass=file permissive=0
01-17 09:20:39.471   710 29478 D GenericSource: FileSource remote
01-17 09:20:39.472   710 29478 W GenericSource: extractor service cannot make data source
01-17 09:20:39.472   710 29478 D GenericSource: FileSource local
01-17 09:20:39.485   710 29475 D NuPlayerDriver: notifyListener_l(0xe6bcb460), (1, 0, 0, -1), loop setting(0, 0)
01-17 09:20:39.494   710   710 D NuPlayerDriver: start(0xe6bcb460), state is 4, eos is 0
01-17 09:20:39.495   710 29475 I GenericSource: start
01-17 09:20:39.501 29450 29450 W DolbyAudioEffect: WARNING: attaching a DolbyAudioEffect to global output mix is deprecated!
01-17 09:20:39.506   710 29483 I OMXClient: Treble IOmx obtained
01-17 09:20:39.507   717  5320 I OMXMaster: makeComponentInstance(OMX.dolby.ac3.decoder) in omx@1.0-service process
01-17 09:20:39.517 29450 29450 D featureTest: receive broadcast , change ds status :1
01-17 09:20:39.535   627  3512 D DlbDlbEffect: handle_EFFECT_CMD_SET_PARAM()
01-17 09:20:39.539   717  5320 I DDP_JOCDecoder: -> init name OMX.dolby.ac3.decoder
01-17 09:20:39.540   645   645 I DMSService: registerClient type = 0, uid = e7f0fb60
01-17 09:20:39.540   645   645 V DolbyMemoryService: registerClient() client 0x710ec74380, uid -403637408
01-17 09:20:39.540   717  5320 I DDP_JOCDecoder: <- init
01-17 09:20:39.540   717  5320 D DDP_JOCDecoder: initPorts
01-17 09:20:39.542   717 21044 E OMXNodeInstance: setConfig(0xe7b0a960:dolby.ac3.decoder, ConfigPriority(0x6f800002)) ERROR: Undefined(0x80001001)
01-17 09:20:39.542   710 29483 I ACodec  : codec does not support config priority (err -2147483648)
01-17 09:20:39.542   717 21044 E OMXNodeInstance: getConfig(0xe7b0a960:dolby.ac3.decoder, ConfigAndroidVendorExtension(0x6f100004)) ERROR: Undefined(0x80001001)
01-17 09:20:39.543   710 29483 I MediaCodec: MediaCodec will operate in async mode
01-17 09:20:39.543   710 29483 I ACodec  : setDolbyParameterOnProcessedAudio() Received dolby_processed_audio=1
01-17 09:20:39.543   710 29482 I NuPlayerDecoder: setDolbyMessage() Notifying player that Codec supports dolby_processed_audio flag
01-17 09:20:39.543   710 29475 I NuPlayer: onDolbyMessageReceived() Setting dolby_processed_audio flag on audio sink
01-17 09:20:39.543   710 29475 I MediaPlayerService: setDolbyParameters() Marking audio output as having dolby_processed_audio
01-17 09:20:39.544   645   645 I DMSService: unregisterClient type = 0, uid = e7f0fb60
01-17 09:20:39.560   645   645 D DatabaseHelper: failed to prepare SQL : INSERT INTO profiles VALUES(15
01-17 09:20:39.560   645   645 D DatabaseHelper: ,'custom','user2','user2','off','off')
01-17 09:20:39.560   645   645 D DatabaseHelper: failed to prepare SQL : INSERT INTO profile_endpoints VALUES(57
01-17 09:20:39.560   645   645 D DatabaseHelper: ,'custom','user2','speaker')
01-17 09:20:39.560   645   645 D DatabaseHelper: failed to prepare SQL : INSERT INTO profile_endpoints VALUES(57
01-17 09:20:39.560   645   645 D DatabaseHelper: ,'custom','user2','headphone')
01-17 09:20:39.560   645   645 D DatabaseHelper: failed to prepare SQL : INSERT INTO profile_endpoints VALUES(57
01-17 09:20:39.560   645   645 D DatabaseHelper: ,'custom','user2','passthrough')
01-17 09:20:39.560   645   645 D DatabaseHelper: failed to prepare SQL : INSERT INTO profile_endpoints VALUES(57
01-17 09:20:39.560   645   645 D DatabaseHelper: ,'custom','user2','other')
01-17 09:20:39.561   645   645 D DatabaseHelper: failed to prepare SQL : INSERT INTO profile_ports VALUES(85
01-17 09:20:39.561   645   645 D DatabaseHelper: ,'custom','user2','internal_speaker')
01-17 09:20:39.561   645   645 D DatabaseHelper: failed to prepare SQL : INSERT INTO profile_ports VALUES(85
01-17 09:20:39.561   645   645 D DatabaseHelper: ,'custom','user2','hdmi')
01-17 09:20:39.561   645   645 D DatabaseHelper: failed to prepare SQL : INSERT INTO profile_ports VALUES(85
01-17 09:20:39.561   645   645 D DatabaseHelper: ,'custom','user2','miracast')
01-17 09:20:39.561   645   645 D DatabaseHelper: failed to prepare SQL : INSERT INTO profile_ports VALUES(85
01-17 09:20:39.561   645   645 D DatabaseHelper: ,'custom','user2','headphone_port')
01-17 09:20:39.561   645   645 D DatabaseHelper: failed to prepare SQL : INSERT INTO profile_ports VALUES(85
01-17 09:20:39.561   645   645 D DatabaseHelper: ,'custom','user2','bluetooth')
01-17 09:20:39.561   645   645 D DatabaseHelper: failed to prepare SQL : INSERT INTO profile_ports VALUES(85
01-17 09:20:39.561   645   645 D DatabaseHelper: ,'custom','user2','usb')
01-17 09:20:39.561   645   645 D DatabaseHelper: failed to prepare SQL : INSERT INTO geq_presets VALUES(57
01-17 09:20:39.561   645   645 D DatabaseHelper: ,'custom','off','user2')
01-17 09:20:39.562   645   645 D DatabaseHelper: failed to prepare SQL : INSERT INTO geq_presets VALUES(57
01-17 09:20:39.562   645   645 D DatabaseHelper: ,'custom','open','user2')
01-17 09:20:39.562   645   645 D DatabaseHelper: failed to prepare SQL : INSERT INTO geq_presets VALUES(57
01-17 09:20:39.562   645   645 D DatabaseHelper: ,'custom','rich','user2')
01-17 09:20:39.562   645   645 D DatabaseHelper: failed to prepare SQL : INSERT INTO geq_presets VALUES(57
01-17 09:20:39.562   645   645 D DatabaseHelper: ,'custom','focused','user2')
01-17 09:20:39.575   645   645 I DMSService: registerClient type = 4, uid = e7f0fb50
01-17 09:20:39.576   645   645 V DolbyMemoryService: registerClient() client 0x710ec74380, uid -403637420
01-17 09:20:39.576   717  5320 D DDP_JOCDecoder: internalSetParameter() Instantiating ARenderer for content processing in decoder
01-17 09:20:39.576   717  5320 I DlbDap2QmfProcess: Dap2Process()
01-17 09:20:39.576   717  5320 I ARenderer: ARenderer
01-17 09:20:39.576   717  5320 I evo_parser: evo_parser_init
01-17 09:20:39.576   717  5320 I DlbDap2QmfProcess: init()
01-17 09:20:39.576   717  5320 I DlbDap2QmfProcess: open()
01-17 09:20:39.576   717  5320 I DlbDap2QmfProcess: loadLicense() no license check!
01-17 09:20:39.576   717  5320 I DlbDap2QmfProcess: validateLicense() no license check!
01-17 09:20:39.576   717  5320 I DlbDap2QmfProcess: init() DAP opened
01-17 09:20:39.577   717  5320 I DlbDap2QmfProcess: DAP library version: 2.5.1-P2.0
01-17 09:20:39.577   717  5320 D DlbDap2QmfProcess: DAP output mode set to 1 with 2 output channels and null mix matrix.
01-17 09:20:39.577   710 29483 I ACodec  : setDolbyParameterOnProcessedAudio() Content processing enabled in decoder
01-17 09:20:39.577 29450 29450 D featureTest: receive broadcast , change ds profile id :5
01-17 09:20:39.578   626   626 W /system/bin/hw/android.hidl.allocator@1.0-service: ashmem_create_region(8192) returning hidl_memory(0x7b7102c330, 8192)
01-17 09:20:39.580   626   626 I chatty  : uid=1000(system) allocator@1.0-s identical 2 lines
01-17 09:20:39.580   626   626 W /system/bin/hw/android.hidl.allocator@1.0-service: ashmem_create_region(8192) returning hidl_memory(0x7b7102c330, 8192)
01-17 09:20:39.582   626   626 W /system/bin/hw/android.hidl.allocator@1.0-service: ashmem_create_region(147456) returning hidl_memory(0x7b7102c330, 147456)
01-17 09:20:39.583   626   626 I chatty  : uid=1000(system) allocator@1.0-s identical 2 lines
01-17 09:20:39.583   626   626 W /system/bin/hw/android.hidl.allocator@1.0-service: ashmem_create_region(147456) returning hidl_memory(0x7b7102c330, 147456)
01-17 09:20:39.584   627  3512 D DlbDlbEffect: handle_EFFECT_CMD_SET_PARAM()
01-17 09:20:39.585   717 29486 I DDP_JOCDecoder: -> start
01-17 09:20:39.585   717 29486 I EndpConfig: DAP state has changed from -1 to 1
01-17 09:20:39.585   717 29486 D DDP_JOCDecoder: Setting Max Output Channels to 2
01-17 09:20:39.586   717 29486 D DDP_JOCDecoder: setMultiChannelPCMOutDownmix mConfig->jocForceDownmixMode 1
01-17 09:20:39.586   717 29486 I udc_user: 
01-17 09:20:39.586   717 29486 I udc_user: *** DDPlus Unified Decoder Simulation  Version 1.7.3 ***
01-17 09:20:39.586   717 29486 I udc_user: 
01-17 09:20:39.586   717 29486 I udc_user: 7.1-channel decoder-converter, 
01-17 09:20:39.586   717 29486 I udc_user: 
01-17 09:20:39.586   717 29486 I udc_user: 5.1-channel dual-decoder-converter, 
01-17 09:20:39.586   717 29486 I udc_user: Karaoke unsupported, 
01-17 09:20:39.586   717 29486 I udc_user: TPNP supported. 
01-17 09:20:39.586   717 29486 I udc_user: 
01-17 09:20:39.586   717 29486 I udc_user: Unpublished work.  Copyright 2003-2014 Dolby Laboratories, Inc. and
01-17 09:20:39.586   717 29486 I udc_user: Dolby Laboratories Licensing Corporation.  All Rights Reserved.
01-17 09:20:39.586   717 29486 I udc_user: 
01-17 09:20:39.586   717 29486 I udc_user: USE OF THIS SOFTWARE IS SUBJECT TO A LEGAL AGREEMENT BETWEEN YOU AND DOLBY
01-17 09:20:39.586   717 29486 I udc_user: LABORATORIES. DO NOT USE THIS SOFTWARE UNLESS YOU AGREE TO THE TERMS AND 
01-17 09:20:39.586   717 29486 I udc_user: CONDITIONS IN THE AGREEMENT.  BY USING THIS SOFTWARE, YOU ACKNOWLEDGE THAT 
01-17 09:20:39.586   717 29486 I udc_user: YOU HAVE READ THE AGREEMENT AND THAT YOU AGREE TO BE BOUND BY ITS TERMS. 
01-17 09:20:39.586   717 29486 I udc_user: 
01-17 09:20:39.587   717 29486 I ddpdec_client_joc: ddpdec_open JOCD_MODE Buffer assignment
01-17 09:20:39.587   717 29486 D DDP_JOCDecoder: mStarted = 1
01-17 09:20:39.587   717 29486 I DDP_JOCDecoder: <- start
01-17 09:20:39.587   717 29486 D ddpdec_client_joc: ddpdec_client.c|int configDecoder()
01-17 09:20:39.588   717 29486 D DDP_JOCDecoder: Setting Max Output Channels to 2
01-17 09:20:39.589   717 29486 I DlbDap2QmfProcess: close()
01-17 09:20:39.589   717 29486 I DlbDap2QmfProcess: init()
01-17 09:20:39.590   717 29486 I DlbDap2QmfProcess: open()
01-17 09:20:39.590   717 29486 I DlbDap2QmfProcess: loadLicense() no license check!
01-17 09:20:39.590   717 29486 I DlbDap2QmfProcess: validateLicense() no license check!
01-17 09:20:39.590   717 29486 I DlbDap2QmfProcess: init() DAP opened
01-17 09:20:39.590   717 29486 I DlbDap2QmfProcess: DAP library version: 2.5.1-P2.0
01-17 09:20:39.590   717 29486 D DlbDap2QmfProcess: DAP output mode set to 1 with 2 output channels and null mix matrix.
01-17 09:20:39.590   717 29486 D ARenderer: checkAndUpdateConfig: DAP reinitialized because of sample rate change
01-17 09:20:39.590   717 29486 D ARenderer: updateDapConfig: Updating DAP configuration
01-17 09:20:39.590   717 29486 D DlbDap2QmfProcess: setParam(iea = #1[10])
01-17 09:20:39.590   717 29486 D DlbDap2QmfProcess: setParam(msce = #1[0])
01-17 09:20:39.590   717 29486 D DlbDap2QmfProcess: setParam(mdee = #1[0])
01-17 09:20:39.590   717 29486 D DlbDap2QmfProcess: setParam(miee = #1[0])
01-17 09:20:39.590   717 29486 D DlbDap2QmfProcess: setParam(mdle = #1[0])
01-17 09:20:39.590   717 29486 D DlbDap2QmfProcess: setParam(dvle = #1[1])
01-17 09:20:39.590   717 29486 D DlbDap2QmfProcess: setParam(mave = #1[0])
01-17 09:20:39.590   717 29486 D DlbDap2QmfProcess: setParam(vcbf = #20[47, 141, 234, 328, 469, 656, 844, 1031, 1313, 1688, 2250, 3000, 3750, 4688, 5813, 7125, 9000, 11250, 13875, 19688])
01-17 09:20:39.590   717 29486 D DlbDap2QmfProcess: setParam(ieon = #1[0])
01-17 09:20:39.590   717 29486 D DlbDap2QmfProcess: setParam(gebs = #41[20, 47, 141, 234, 328, 469, 656, 844, 1031, 1313, 1688, 2250, 3000, 3750, 4688, 5813, 7125, 9000, 11250, 13875, 19688, 0, 0, 0, 0, 0, 0, 0, 0, 0, 0, 0, 0, 0, 0, 0, 0, 0, 0, 0, 0])
01-17 09:20:39.590   717 29486 D DlbDap2QmfProcess: setParam(iebs = #41[20, 65, 136, 223, 332, 467, 634, 841, 1098, 1416, 1812, 2302, 2909, 3663, 4598, 5756, 7194, 8976, 11186, 13927, 17326, 117, 133, 188, 176, 141, 149, 175, 185, 185, 200, 236, 242, 228, 213, 182, 132, 110, 68, -27, -240])
01-17 09:20:39.590   717 29486 D DlbDap2QmfProcess: setParam(dea = #1[7])
01-17 09:20:39.590   717 29486 D DlbDap2QmfProcess: setParam(dsa = #1[10])
01-17 09:20:39.591   717 29486 D DlbDap2QmfProcess: setParam(beb = #1[192])
01-17 09:20:39.591   717 29486 D DlbDap2QmfProcess: setParam(plb = #1[0])
01-17 09:20:39.591   717 29486 D DlbDap2QmfProcess: setParam(vmb = #1[144])
01-17 09:20:39.591   717 29486 D DlbDap2QmfProcess: setParam(dsb = #1[48])
01-17 09:20:39.591   717 29486 D DlbDap2QmfProcess: setParam(ded = #1[0])
01-17 09:20:39.591   717 29486 D DlbDap2QmfProcess: setParam(dom = #1[0])
01-17 09:20:39.591   717 29486 D DlbDap2QmfProcess: setParam(bew = #1[16])
01-17 09:20:39.591   717 29486 D DlbDap2QmfProcess: setParam(dvla = #1[5])
01-17 09:20:39.591   717 29486 D DlbDap2QmfProcess: setParam(dfsa = #1[10])
01-17 09:20:39.591   717 29486 D DlbDap2QmfProcess: setParam(dhsa = #1[10])
01-17 09:20:39.591   717 29486 D DlbDap2QmfProcess: setParam(dvmc = #1[0])
01-17 09:20:39.591   717 29486 D DlbDap2QmfProcess: setParam(dvle = #1[1])
01-17 09:20:39.591   717 29486 D DlbDap2QmfProcess: setParam(dvme = #1[0])
01-17 09:20:39.591   717 29486 D DlbDap2QmfProcess: setParam(becf = #1[200])
01-17 09:20:39.591   717 29486 D DlbDap2QmfProcess: setParam(vbmf = #2[94, 469])
01-17 09:20:39.591   717 29486 D DlbDap2QmfProcess: setParam(vbsf = #2[35, 160])
01-17 09:20:39.591   717 29486 D DlbDap2QmfProcess: setParam(vbhg = #3[-32, -144, -192])
01-17 09:20:39.591   717 29486 D DlbDap2QmfProcess: setParam(vbog = #1[0])
01-17 09:20:39.591   717 29486 D DlbDap2QmfProcess: setParam(vbsg = #1[0])
01-17 09:20:39.591   717 29486 D DlbDap2QmfProcess: setParam(dvli = #1[-320])
01-17 09:20:39.591   717 29486 D DlbDap2QmfProcess: setParam(dhfm = #1[2])
01-17 09:20:39.591   717 29486 D DlbDap2QmfProcess: setParam(deon = #1[0])
01-17 09:20:39.591   717 29486 D DlbDap2QmfProcess: setParam(ngon = #1[1])
01-17 09:20:39.591   717 29486 D DlbDap2QmfProcess: setParam(dvlo = #1[-320])
01-17 09:20:39.591   717 29486 D DlbDap2QmfProcess: setParam(aobs = #222[20, 10, 47, 141, 234, 328, 469, 656, 844, 1031, 1313, 1688, 2250, 3000, 3750, 4688, 5813, 7125, 9000, 11250, 13875, 19688, 0, 0, 0, 0, 0, 0, 0, 0, 0, 0, 0, 0, 0, 0, 0, 0, 0, 0, 0, 0, 0, 0, 0, 0, 0, 0, 0, 0, 0, 0, 0, 0, 0, 0, 0, 0, 0, 0, 0, 0, 0, 0, 0, 0, 0, 0, 0, 0, 0, 0, 0, 0, 0, 0, 0, 0, 0, 0, 0, 0, 0, 0, 0, 0, 0, 0, 0, 0, 0, 0, 0, 0, 0, 0, 0, 0, 0, 0, 0, 0, 0, 0, 0, 0, 0, 0, 0, 0, 0, 0, 0, 0, 0, 0, 0, 0, 0, 0, 0, 0, 0, 0, 0, 0, 0, 0, 0, 0, 0, 0, 0, 0, 0, 0, 0, 0, 0, 0, 0, 0, 0, 0, 0, 0, 0, 0, 0, 0, 0, 0, 0, 0, 0, 0, 0, 0, 0, 0, 0, 0, 0, 0, 0, 0, 0, 0, 0, 0, 0, 0, 0, 0, 0, 0, 0, 0, 0, 0, 0, 0, 0, 0, 0, 0, 0, 0, 0, 0, 0, 0, 0, 0, 0, 0, 0, 0, 0, 0, 0, 0, 0, 0, 0, 0, 0, 0, 0, 0, 0, 0, 0, 0, 0, 0, 0, 0, 0, 0, 0, 0])
01-17 09:20:39.591   717 29486 D DlbDap2QmfProcess: setParam(dvle = #1[1])
01-17 09:20:39.591   717 29486 D DlbDap2QmfProcess: setParam(dvli = #1[-496])
01-17 09:20:39.591   717 29486 D DlbDap2QmfProcess: setParam(dvlo = #1[-176])
01-17 09:20:39.591   717 29486 D ARenderer: updateDapVolumeLeveler: Setting output level to -11.00dB
01-17 09:20:39.592   717 29486 D DlbDap2QmfProcess: setParam(vmb = #1[0])
01-17 09:20:39.592   717 29486 D DlbDap2QmfProcess: setParam(preg = #1[-384])
01-17 09:20:39.592   717 29486 D DlbDap2QmfProcess: setParam(vol = #1[384])
01-17 09:20:39.592   717 29486 D DlbDlbBufferProvider: setConfig() Updating buffer configuration.
01-17 09:20:39.592   717 29486 D DlbDap2QmfProcess: processQmf() called [0] times
01-17 09:20:39.592   717 29486 D DlbDap2QmfProcess: setMave(mave = 0)
01-17 09:20:39.602   710 29481 D AudioTrack: Client defaulted notificationFrames to 12000 for frameCount 24000
01-17 09:20:39.602   684  3973 I AudioFlinger: attachAuxEffect(): Marking track 714 as containing processed audio
01-17 09:20:39.602   684  3973 D AudioFlinger: trackContainsProcessedAudio() Track id 714 contains processed audio
01-17 09:20:39.605   626   626 W /system/bin/hw/android.hidl.allocator@1.0-service: ashmem_create_region(3840) returning hidl_memory(0x7b7102c330, 3840)
01-17 09:20:39.607   626   626 W /system/bin/hw/android.hidl.allocator@1.0-service: ashmem_create_region(3840) returning hidl_memory(0x7b7102c330, 3840)
01-17 09:20:39.608   684  3973 D AudioFlinger: trackStateChanged() Track id 714 state changed to 6
01-17 09:20:39.608   684  3973 I AudioFlinger: updateProcessedAudioState() Changing content processing in effect to 1
01-17 09:20:39.608   627  3512 D DlbDlbEffect: handle_EFFECT_CMD_SET_PARAM()
01-17 09:20:39.609   710 29475 D NuPlayerDriver: notifyListener_l(0xe6bcb460), (6, 0, 0, -1), loop setting(0, 1)
01-17 09:20:39.611   627  3892 I DlbEffectContext: setContentProcEnabled() Disabling content processing in effect
01-17 09:20:39.612   627  3892 D DlbDapEndpointParamCache: commitChangedParams()
01-17 09:20:39.612   627  3892 D DlbDapEndpointParamCache: commit() Applying parameters for device 0x40000000
01-17 09:20:39.612   627  3892 D DlbDap2Process: setParam(msce = #1[0])
01-17 09:20:39.612   627  3892 D DlbDap2Process: setParam(mdee = #1[0])
01-17 09:20:39.612   627  3892 D DlbDap2Process: setParam(miee = #1[0])
01-17 09:20:39.612   627  3892 D DlbDap2Process: setParam(mdle = #1[0])
01-17 09:20:39.612   627  3892 D DlbDap2Process: setParam(dvle = #1[0])
01-17 09:20:39.612   627  3892 D DlbDap2Process: setParam(mave = #1[0])
01-17 09:20:39.612   627  3892 D DlbDap2Process: setParam(ieon = #1[0])
01-17 09:20:39.612   627  3892 D DlbDapEndpointParamCache: doCommit() Committed 7 parameters out of 16.
01-17 09:20:39.612   627  3892 D DlbDapEndpointParamCache: commit() Overriding parameters for current device 0x00000002
01-17 09:20:39.612   627  3892 D DlbDap2Process: setParam(dom = #1[0])
01-17 09:20:39.612   627  3892 D DlbDap2Process: setParam(dvle = #1[0])
01-17 09:20:39.612   627  3892 D DlbDap2Process: setParam(dvme = #1[0])
01-17 09:20:39.612   627  3892 D DlbDap2Process: setParam(deon = #1[0])
01-17 09:20:39.612   627  3892 D DlbDap2Process: setParam(ngon = #1[0])
01-17 09:20:39.612   627  3892 D DlbDapEndpointParamCache: doCommit() Committed 5 parameters out of 37.
01-17 09:20:39.612   627  3892 D DlbDlbBufferProvider: updateCapacity(): update capacity to 960
01-17 09:20:39.612   627  3892 D DlbDap2Process: setMave(mave = 0)
01-17 09:20:39.613   627  3892 D DlbDapCrossfadeProcess: process transitioning from FADE_TO_ACTIVE state to DAP_ACTIVE
01-17 09:20:39.613   726   757 E ANDR-PERF-OPTSHANDLER: Warning: Resource [2, 0] not supported for core 1. Instead use resource for core 0
01-17 09:20:39.613   627  3977 I ACDB-LOADER: ACDB AFE returned = -19
01-17 09:20:39.613   726   757 E ANDR-PERF-RESOURCEQS: Failed to apply optimization [2, 2, 0]
01-17 09:20:39.613   627  3977 D audio_hw_primary: enable_audio_route: usecase(1) apply and update mixer path: low-latency-playback speaker
01-17 09:20:39.628 29450 29450 D featureTest: receive broadcast , change bass enable :0
01-17 09:20:39.639   627   627 D DlbDlbEffect: handle_EFFECT_CMD_SET_PARAM()
01-17 09:20:39.685 29450 29450 D featureTest: receive broadcast , record log :0
01-17 09:20:39.754 29450 29450 D featureTest: receive broadcast , playing content location :/sdcard/featureTest/stereo_dd_25fps_channel_id.m4a
01-17 09:20:39.758   710   710 D NuPlayerDriver: stop(0xe6bcb460)
01-17 09:20:39.758   710   710 D NuPlayerDriver: notifyListener_l(0xe6bcb460), (8, 0, 0, -1), loop setting(0, 1)
01-17 09:20:39.759   710   710 D NuPlayerDriver: reset(0xe6bcb460) at state 8
01-17 09:20:39.764   717 20091 I DDP_JOCDecoder: -> ~DDPDecoder
01-17 09:20:39.764   717 20091 I DDP_JOCDecoder: -> stop
01-17 09:20:39.765   645   645 I DMSService: unregisterClient type = 4, uid = e7f0fb50
01-17 09:20:39.783   645   645 D DatabaseHelper: failed to prepare SQL : INSERT INTO profiles VALUES(15
01-17 09:20:39.783   645   645 D DatabaseHelper: ,'custom','user2','user2','off','off')
01-17 09:20:39.784   645   645 D DatabaseHelper: failed to prepare SQL : INSERT INTO profile_endpoints VALUES(57
01-17 09:20:39.784   645   645 D DatabaseHelper: ,'custom','user2','speaker')
01-17 09:20:39.784   645   645 D DatabaseHelper: failed to prepare SQL : INSERT INTO profile_endpoints VALUES(57
01-17 09:20:39.784   645   645 D DatabaseHelper: ,'custom','user2','headphone')
01-17 09:20:39.784   645   645 D DatabaseHelper: failed to prepare SQL : INSERT INTO profile_endpoints VALUES(57
01-17 09:20:39.784   645   645 D DatabaseHelper: ,'custom','user2','passthrough')
01-17 09:20:39.784   645   645 D DatabaseHelper: failed to prepare SQL : INSERT INTO profile_endpoints VALUES(57
01-17 09:20:39.784   645   645 D DatabaseHelper: ,'custom','user2','other')
01-17 09:20:39.784   645   645 D DatabaseHelper: failed to prepare SQL : INSERT INTO profile_ports VALUES(85
01-17 09:20:39.784   645   645 D DatabaseHelper: ,'custom','user2','internal_speaker')
01-17 09:20:39.784   645   645 D DatabaseHelper: failed to prepare SQL : INSERT INTO profile_ports VALUES(85
01-17 09:20:39.784   645   645 D DatabaseHelper: ,'custom','user2','hdmi')
01-17 09:20:39.785   645   645 D DatabaseHelper: failed to prepare SQL : INSERT INTO profile_ports VALUES(85
01-17 09:20:39.785   645   645 D DatabaseHelper: ,'custom','user2','miracast')
01-17 09:20:39.785   645   645 D DatabaseHelper: failed to prepare SQL : INSERT INTO profile_ports VALUES(85
01-17 09:20:39.785   645   645 D DatabaseHelper: ,'custom','user2','headphone_port')
01-17 09:20:39.785   645   645 D DatabaseHelper: failed to prepare SQL : INSERT INTO profile_ports VALUES(85
01-17 09:20:39.785   645   645 D DatabaseHelper: ,'custom','user2','bluetooth')
01-17 09:20:39.785   645   645 D DatabaseHelper: failed to prepare SQL : INSERT INTO profile_ports VALUES(85
01-17 09:20:39.785   645   645 D DatabaseHelper: ,'custom','user2','usb')
01-17 09:20:39.785   645   645 D DatabaseHelper: failed to prepare SQL : INSERT INTO geq_presets VALUES(57
01-17 09:20:39.785   645   645 D DatabaseHelper: ,'custom','off','user2')
01-17 09:20:39.786   645   645 D DatabaseHelper: failed to prepare SQL : INSERT INTO geq_presets VALUES(57
01-17 09:20:39.786   645   645 D DatabaseHelper: ,'custom','open','user2')
01-17 09:20:39.786   645   645 D DatabaseHelper: failed to prepare SQL : INSERT INTO geq_presets VALUES(57
01-17 09:20:39.786   645   645 D DatabaseHelper: ,'custom','rich','user2')
01-17 09:20:39.786   645   645 D DatabaseHelper: failed to prepare SQL : INSERT INTO geq_presets VALUES(57
01-17 09:20:39.786   645   645 D DatabaseHelper: ,'custom','focused','user2')
01-17 09:20:39.797   717 20091 I DDP_JOCDecoder: <- stop
01-17 09:20:39.798   717 20091 I ARenderer: ~ARenderer
01-17 09:20:39.798   717 20091 I evo_parser: evo_parser_close
01-17 09:20:39.798   717 20091 I DlbDap2QmfProcess: ~Dap2Process()
01-17 09:20:39.798   717 20091 I DlbDap2QmfProcess: close()
01-17 09:20:39.798   717 20091 I DDP_JOCDecoder: <- ~DDPDecoder
01-17 09:20:39.803   710 29475 D NuPlayerDriver: notifyResetComplete(0xe6bcb460)
01-17 09:20:39.804   710 28437 D NuPlayerDriver: reset(0xe6bcb460) at state 0
01-17 09:20:39.804 29450 29450 V MediaPlayer: resetDrmState:  mDrmInfo=null mDrmProvisioningThread=null mPrepareDrmInProgress=false mActiveDrmScheme=false
01-17 09:20:39.804 29450 29450 V MediaPlayer: cleanDrmObj: mDrmObj=null mDrmSessionId=null
01-17 09:20:39.806 29450 29450 V MediaPlayer: resetDrmState:  mDrmInfo=null mDrmProvisioningThread=null mPrepareDrmInProgress=false mActiveDrmScheme=false
01-17 09:20:39.806 29450 29450 V MediaPlayer: cleanDrmObj: mDrmObj=null mDrmSessionId=null
01-17 09:20:39.811 29450 29450 D featureTest: mMediaPlayer.getAudioSessionId(): 5321
01-17 09:20:39.811 29450 29450 D featureTest: Playing file: /sdcard/featureTest/stereo_dd_25fps_channel_id.m4a
01-17 09:20:39.812   710 28437 D NuPlayerDriver: NuPlayerDriver(0xe6bcb380) created, clientPid(29450)
01-17 09:20:39.815   627  3892 I DlbEffectContext: setContentProcEnabled() Enabling content processing in global effect
01-17 09:20:39.815   627  3892 D DlbDapEndpointParamCache: commitChangedParams()
01-17 09:20:39.815   627  3892 D DlbDapEndpointParamCache: commit() Applying parameters for device 0x40000000
01-17 09:20:39.815   627  3892 D DlbDap2Process: setParam(iea = #1[10])
01-17 09:20:39.815   627  3892 D DlbDap2Process: setParam(msce = #1[0])
01-17 09:20:39.815   627  3892 D DlbDap2Process: setParam(mdee = #1[0])
01-17 09:20:39.815   627  3892 D DlbDap2Process: setParam(miee = #1[0])
01-17 09:20:39.815   627  3892 D DlbDap2Process: setParam(mdle = #1[0])
01-17 09:20:39.815   627  3892 D DlbDap2Process: setParam(dvle = #1[1])
01-17 09:20:39.815   627  3892 D DlbDap2Process: setParam(mave = #1[0])
01-17 09:20:39.815   627  3892 D DlbDap2Process: setParam(vcbf = #20[47, 141, 234, 328, 469, 656, 844, 1031, 1313, 1688, 2250, 3000, 3750, 4688, 5813, 7125, 9000, 11250, 13875, 19688])
01-17 09:20:39.815   627  3892 D DlbDap2Process: setParam(vbon = #1[0])
01-17 09:20:39.815   627  3892 D DlbDap2Process: setParam(beon = #1[0])
01-17 09:20:39.815   627  3892 D DlbDap2Process: setParam(geon = #1[0])
01-17 09:20:39.815   627  3892 D DlbDap2Process: setParam(ieon = #1[0])
01-17 09:20:39.815   627  3892 D DlbDap2Process: setParam(gebs = #41[20, 47, 141, 234, 328, 469, 656, 844, 1031, 1313, 1688, 2250, 3000, 3750, 4688, 5813, 7125, 9000, 11250, 13875, 19688, 0, 0, 0, 0, 0, 0, 0, 0, 0, 0, 0, 0, 0, 0, 0, 0, 0, 0, 0, 0])
01-17 09:20:39.815   627  3892 D DlbDap2Process: setParam(iebs = #41[20, 65, 136, 223, 332, 467, 634, 841, 1098, 1416, 1812, 2302, 2909, 3663, 4598, 5756, 7194, 8976, 11186, 13927, 17326, 117, 133, 188, 176, 141, 149, 175, 185, 185, 200, 236, 242, 228, 213, 182, 132, 110, 68, -27, -240])
01-17 09:20:39.815   627  3892 D DlbDapEndpointParamCache: doCommit() Committed 15 parameters out of 16.
01-17 09:20:39.815   627  3892 D DlbDapEndpointParamCache: commit() Overriding parameters for current device 0x00000002
01-17 09:20:39.815   627  3892 D DlbDap2Process: setParam(dea = #1[7])
01-17 09:20:39.816 29511 29511 W generic : type=1400 audit(0.0:442): avc: denied { read } for path="/storage/emulated/0/featuretest/stereo_dd_25fps_channel_id.m4a" dev="sdcardfs" ino=1310783 scontext=u:r:mediaextractor:s0 tcontext=u:object_r:sdcardfs:s0 tclass=file permissive=0
01-17 09:20:39.816   627  3892 D DlbDap2Process: setParam(dsa = #1[10])
01-17 09:20:39.816   627  3892 D DlbDap2Process: setParam(beb = #1[192])
01-17 09:20:39.816   627  3892 D DlbDap2Process: setParam(plb = #1[0])
01-17 09:20:39.816   627  3892 D DlbDap2Process: setParam(vmb = #1[144])
01-17 09:20:39.816   627  3892 D DlbDap2Process: setParam(dsb = #1[48])
01-17 09:20:39.816   627  3892 D DlbDap2Process: setParam(ded = #1[0])
01-17 09:20:39.816   627  3892 D DlbDap2Process: setParam(vbm = #1[3])
01-17 09:20:39.816   627  3892 D DlbDap2Process: setParam(dom = #1[0])
01-17 09:20:39.816   627  3892 D DlbDap2Process: setParam(bew = #1[16])
01-17 09:20:39.816   627  3892 D DlbDap2Process: setParam(dvla = #1[5])
01-17 09:20:39.816   627  3892 D DlbDap2Process: setParam(arra = #1[96])
01-17 09:20:39.816   627  3892 D DlbDap2Process: setParam(dfsa = #1[10])
01-17 09:20:39.816   627  3892 D DlbDap2Process: setParam(dhsa = #1[10])
01-17 09:20:39.816   627  3892 D DlbDap2Process: setParam(dvmc = #1[0])
01-17 09:20:39.816   627  3892 D DlbDap2Process: setParam(arod = #1[0])
01-17 09:20:39.816   627  3892 D DlbDap2Process: setParam(arde = #1[1])
01-17 09:20:39.816   627  3892 D DlbDap2Process: setParam(dvle = #1[1])
01-17 09:20:39.816   627  3892 D DlbDap2Process: setParam(dvme = #1[0])
01-17 09:20:39.816   627  3892 D DlbDap2Process: setParam(becf = #1[200])
01-17 09:20:39.816   627  3892 D DlbDap2Process: setParam(vbmf = #2[94, 469])
01-17 09:20:39.816   627  3892 D DlbDap2Process: setParam(vbsf = #2[35, 160])
01-17 09:20:39.816   627  3892 D DlbDap2Process: setParam(vbhg = #3[-32, -144, -192])
01-17 09:20:39.816   627  3892 D DlbDap2Process: setParam(vbog = #1[0])
01-17 09:20:39.816   627  3892 D DlbDap2Process: setParam(vbsg = #1[0])
01-17 09:20:39.816   627  3892 D DlbDap2Process: setParam(dvli = #1[-320])
01-17 09:20:39.816   627  3892 D DlbDap2Process: setParam(dhfm = #1[2])
01-17 09:20:39.816   627  3892 D DlbDap2Process: setParam(vbon = #1[0])
01-17 09:20:39.816   627  3892 D DlbDap2Process: setParam(beon = #1[0])
01-17 09:20:39.816   627  3892 D DlbDap2Process: setParam(deon = #1[0])
01-17 09:20:39.816   627  3892 D DlbDap2Process: setParam(ngon = #1[1])
01-17 09:20:39.816   627  3892 D DlbDap2Process: setParam(aoon = #1[1])
01-17 09:20:39.816   627  3892 D DlbDap2Process: setParam(aron = #1[1])
01-17 09:20:39.816   627  3892 D DlbDap2Process: setParam(dvlo = #1[-320])
01-17 09:20:39.816   627  3892 D DlbDap2Process: setParam(artp = #1[12])
01-17 09:20:39.816   627  3892 D DlbDap2Process: setParam(aobs = #222[20, 10, 47, 141, 234, 328, 469, 656, 844, 1031, 1313, 1688, 2250, 3000, 3750, 4688, 5813, 7125, 9000, 11250, 13875, 19688, 0, 0, 0, 0, 0, 0, 0, 0, 0, 0, 0, 0, 0, 0, 0, 0, 0, 0, 0, 0, 0, 0, 0, 0, 0, 0, 0, 0, 0, 0, 0, 0, 0, 0, 0, 0, 0, 0, 0, 0, 0, 0, 0, 0, 0, 0, 0, 0, 0, 0, 0, 0, 0, 0, 0, 0, 0, 0, 0, 0, 0, 0, 0, 0, 0, 0, 0, 0, 0, 0, 0, 0, 0, 0, 0, 0, 0, 0, 0, 0, 0, 0, 0, 0, 0, 0, 0, 0, 0, 0, 0, 0, 0, 0, 0, 0, 0, 0, 0, 0, 0, 0, 0, 0, 0, 0, 0, 0, 0, 0, 0, 0, 0, 0, 0, 0, 0, 0, 0, 0, 0, 0, 0, 0, 0, 0, 0, 0, 0, 0, 0, 0, 0, 0, 0, 0, 0, 0, 0, 0, 0, 0, 0, 0, 0, 0, 0, 0, 0, 0, 0, 0, 0, 0, 0, 0, 0, 0, 0, 0, 0, 0, 0, 0, 0, 0, 0, 0, 0, 0, 0, 0, 0, 0, 0, 0, 0, 0, 0, 0, 0, 0, 0, 0, 0, 0, 0, 0, 0, 0, 0, 0, 0, 0, 0, 0, 0, 0, 0, 0])
01-17 09:20:39.817   627  3892 D DlbDap2Process: setParam(arbs = #81[20, 47, 141, 234, 328, 469, 656, 844, 1031, 1313, 1688, 2250, 3000, 3750, 4688, 5813, 7125, 9000, 11250, 13875, 19688, -192, -192, -192, -192, -192, -192, -192, -192, -192, -192, -192, -192, -192, -192, -192, -192, -192, -192, -192, -192, 0, 0, 0, 0, 0, 0, 0, 0, 0, 0, 0, 0, 0, 0, 0, 0, 0, 0, 0, 0, 0, 0, 0, 0, 0, 0, 0, 0, 0, 0, 0, 0, 0, 0, 0, 0, 0, 0, 0, 0])
01-17 09:20:39.817   627  3892 D DlbDapEndpointParamCache: doCommit() Committed 37 parameters out of 37.
01-17 09:20:39.817   627  3892 D DlbDap2Process: setMave(mave = 0)
01-17 09:20:39.817 29450 29450 W MediaPlayer: Use of stream types is deprecated for operations other than volume control
01-17 09:20:39.817 29450 29450 W MediaPlayer: See the documentation of setAudioStreamType() for what to use instead with android.media.AudioAttributes to qualify your playback use case
01-17 09:20:39.819   710 29511 D GenericSource: FileSource remote
01-17 09:20:39.819   710 29511 W GenericSource: extractor service cannot make data source
01-17 09:20:39.819   710 29511 D GenericSource: FileSource local
01-17 09:20:39.833   710 29510 D NuPlayerDriver: notifyListener_l(0xe6bcb380), (1, 0, 0, -1), loop setting(0, 0)
01-17 09:20:39.836   710 28437 D NuPlayerDriver: start(0xe6bcb380), state is 4, eos is 0
01-17 09:20:39.836   710 29510 I GenericSource: start
01-17 09:20:39.839 29450 29450 W DolbyAudioEffect: WARNING: attaching a DolbyAudioEffect to global output mix is deprecated!
01-17 09:20:39.842 29450 29450 D featureTest: receive broadcast , change ds status :1
01-17 09:20:39.843   684  1056 D AudioFlinger: trackStateChanged() Track id 714 state changed to 2
01-17 09:20:39.843   684  1056 I AudioFlinger: updateProcessedAudioState() Changing content processing in effect to 0
01-17 09:20:39.843   627   627 D DlbDlbEffect: handle_EFFECT_CMD_SET_PARAM()
01-17 09:20:39.847   710 29516 I OMXClient: Treble IOmx obtained
01-17 09:20:39.847   717 20091 I OMXMaster: makeComponentInstance(OMX.dolby.ac3.decoder) in omx@1.0-service process
01-17 09:20:39.853   627   627 D DlbDlbEffect: handle_EFFECT_CMD_SET_PARAM()
01-17 09:20:39.854   684  1056 D AudioFlinger: trackDestroyed() Track id 714 no longer contains processed audio
01-17 09:20:39.858   684   928 W AudioFlinger::EffectModule: EffectModule 0xee09e500 destructor called with unreleased interface
01-17 09:20:39.858   684   928 W AudioFlinger::EffectHandle: disconnect Effect handle 0xee531e40 disconnected after thread destruction
01-17 09:20:39.877   717 20091 I DDP_JOCDecoder: -> init name OMX.dolby.ac3.decoder
01-17 09:20:39.879   645   645 I DMSService: registerClient type = 0, uid = e7f0fad0
01-17 09:20:39.879   645   645 V DolbyMemoryService: registerClient() client 0x710ec74380, uid -403637552
01-17 09:20:39.879   717 20091 I DDP_JOCDecoder: <- init
01-17 09:20:39.879   717 20091 D DDP_JOCDecoder: initPorts
01-17 09:20:39.882   717  5320 E OMXNodeInstance: setConfig(0xe7b0a960:dolby.ac3.decoder, ConfigPriority(0x6f800002)) ERROR: Undefined(0x80001001)
01-17 09:20:39.882   710 29516 I ACodec  : codec does not support config priority (err -2147483648)
01-17 09:20:39.882   717  5783 E OMXNodeInstance: getConfig(0xe7b0a960:dolby.ac3.decoder, ConfigAndroidVendorExtension(0x6f100004)) ERROR: Undefined(0x80001001)
01-17 09:20:39.882   710 29516 I MediaCodec: MediaCodec will operate in async mode
01-17 09:20:39.882   710 29515 I NuPlayerDecoder: setDolbyMessage() Notifying player that Codec supports dolby_processed_audio flag
01-17 09:20:39.882   710 29516 I ACodec  : setDolbyParameterOnProcessedAudio() Received dolby_processed_audio=1
01-17 09:20:39.882   710 29510 I NuPlayer: onDolbyMessageReceived() Setting dolby_processed_audio flag on audio sink
01-17 09:20:39.883   710 29510 I MediaPlayerService: setDolbyParameters() Marking audio output as having dolby_processed_audio
01-17 09:20:39.883   645   645 I DMSService: unregisterClient type = 0, uid = e7f0fad0
01-17 09:20:39.897   645   645 D DatabaseHelper: failed to prepare SQL : INSERT INTO profiles VALUES(15
01-17 09:20:39.897   645   645 D DatabaseHelper: ,'custom','user2','user2','off','off')
01-17 09:20:39.897   645   645 D DatabaseHelper: failed to prepare SQL : INSERT INTO profile_endpoints VALUES(57
01-17 09:20:39.897   645   645 D DatabaseHelper: ,'custom','user2','speaker')
01-17 09:20:39.897   645   645 D DatabaseHelper: failed to prepare SQL : INSERT INTO profile_endpoints VALUES(57
01-17 09:20:39.897   645   645 D DatabaseHelper: ,'custom','user2','headphone')
01-17 09:20:39.898   645   645 D DatabaseHelper: failed to prepare SQL : INSERT INTO profile_endpoints VALUES(57
01-17 09:20:39.898   645   645 D DatabaseHelper: ,'custom','user2','passthrough')
01-17 09:20:39.898   645   645 D DatabaseHelper: failed to prepare SQL : INSERT INTO profile_endpoints VALUES(57
01-17 09:20:39.898   645   645 D DatabaseHelper: ,'custom','user2','other')
01-17 09:20:39.898   645   645 D DatabaseHelper: failed to prepare SQL : INSERT INTO profile_ports VALUES(85
01-17 09:20:39.898   645   645 D DatabaseHelper: ,'custom','user2','internal_speaker')
01-17 09:20:39.898   645   645 D DatabaseHelper: failed to prepare SQL : INSERT INTO profile_ports VALUES(85
01-17 09:20:39.898   645   645 D DatabaseHelper: ,'custom','user2','hdmi')
01-17 09:20:39.898   645   645 D DatabaseHelper: failed to prepare SQL : INSERT INTO profile_ports VALUES(85
01-17 09:20:39.898   645   645 D DatabaseHelper: ,'custom','user2','miracast')
01-17 09:20:39.898   645   645 D DatabaseHelper: failed to prepare SQL : INSERT INTO profile_ports VALUES(85
01-17 09:20:39.898   645   645 D DatabaseHelper: ,'custom','user2','headphone_port')
01-17 09:20:39.898   645   645 D DatabaseHelper: failed to prepare SQL : INSERT INTO profile_ports VALUES(85
01-17 09:20:39.898   645   645 D DatabaseHelper: ,'custom','user2','bluetooth')
01-17 09:20:39.898 29450 29450 D featureTest: receive broadcast , change ds profile id :5
01-17 09:20:39.898   645   645 D DatabaseHelper: failed to prepare SQL : INSERT INTO profile_ports VALUES(85
01-17 09:20:39.898   645   645 D DatabaseHelper: ,'custom','user2','usb')
01-17 09:20:39.898   645   645 D DatabaseHelper: failed to prepare SQL : INSERT INTO geq_presets VALUES(57
01-17 09:20:39.898   645   645 D DatabaseHelper: ,'custom','off','user2')
01-17 09:20:39.899   645   645 D DatabaseHelper: failed to prepare SQL : INSERT INTO geq_presets VALUES(57
01-17 09:20:39.899   645   645 D DatabaseHelper: ,'custom','open','user2')
01-17 09:20:39.899   645   645 D DatabaseHelper: failed to prepare SQL : INSERT INTO geq_presets VALUES(57
01-17 09:20:39.899   645   645 D DatabaseHelper: ,'custom','rich','user2')
01-17 09:20:39.899   645   645 D DatabaseHelper: failed to prepare SQL : INSERT INTO geq_presets VALUES(57
01-17 09:20:39.899   645   645 D DatabaseHelper: ,'custom','focused','user2')
01-17 09:20:39.914   645   645 I DMSService: registerClient type = 4, uid = e7f0fac0
01-17 09:20:39.914   645   645 V DolbyMemoryService: registerClient() client 0x710ec74380, uid -403637564
01-17 09:20:39.914   717  1650 D DDP_JOCDecoder: internalSetParameter() Instantiating ARenderer for content processing in decoder
01-17 09:20:39.914   717  1650 I DlbDap2QmfProcess: Dap2Process()
01-17 09:20:39.914   717  1650 I ARenderer: ARenderer
01-17 09:20:39.914   717  1650 I evo_parser: evo_parser_init
01-17 09:20:39.914   717  1650 I DlbDap2QmfProcess: init()
01-17 09:20:39.914   717  1650 I DlbDap2QmfProcess: open()
01-17 09:20:39.915   717  1650 I DlbDap2QmfProcess: loadLicense() no license check!
01-17 09:20:39.915   717  1650 I DlbDap2QmfProcess: validateLicense() no license check!
01-17 09:20:39.915   717  1650 I DlbDap2QmfProcess: init() DAP opened
01-17 09:20:39.915   717  1650 I DlbDap2QmfProcess: DAP library version: 2.5.1-P2.0
01-17 09:20:39.915   717  1650 D DlbDap2QmfProcess: DAP output mode set to 1 with 2 output channels and null mix matrix.
01-17 09:20:39.915   710 29516 I ACodec  : setDolbyParameterOnProcessedAudio() Content processing enabled in decoder
01-17 09:20:39.916   627   627 D DlbDlbEffect: handle_EFFECT_CMD_SET_PARAM()
01-17 09:20:39.917   626   626 W /system/bin/hw/android.hidl.allocator@1.0-service: ashmem_create_region(8192) returning hidl_memory(0x7b7102c330, 8192)
01-17 09:20:39.918   626   626 I chatty  : uid=1000(system) allocator@1.0-s identical 2 lines
01-17 09:20:39.919   626   626 W /system/bin/hw/android.hidl.allocator@1.0-service: ashmem_create_region(8192) returning hidl_memory(0x7b7102c330, 8192)
01-17 09:20:39.921   626   626 W /system/bin/hw/android.hidl.allocator@1.0-service: ashmem_create_region(147456) returning hidl_memory(0x7b7102c330, 147456)
01-17 09:20:39.922   626   626 I chatty  : uid=1000(system) allocator@1.0-s identical 2 lines
01-17 09:20:39.922   626   626 W /system/bin/hw/android.hidl.allocator@1.0-service: ashmem_create_region(147456) returning hidl_memory(0x7b7102c330, 147456)
01-17 09:20:39.924   717 29519 I DDP_JOCDecoder: -> start
01-17 09:20:39.925   717 29519 I EndpConfig: DAP state has changed from -1 to 1
01-17 09:20:39.925   717 29519 D DDP_JOCDecoder: Setting Max Output Channels to 2
01-17 09:20:39.925   717 29519 D DDP_JOCDecoder: setMultiChannelPCMOutDownmix mConfig->jocForceDownmixMode 1
01-17 09:20:39.925   717 29519 I udc_user: 
01-17 09:20:39.925   717 29519 I udc_user: *** DDPlus Unified Decoder Simulation  Version 1.7.3 ***
01-17 09:20:39.925   717 29519 I udc_user: 
01-17 09:20:39.925   717 29519 I udc_user: 7.1-channel decoder-converter, 
01-17 09:20:39.925   717 29519 I udc_user: 
01-17 09:20:39.925   717 29519 I udc_user: 5.1-channel dual-decoder-converter, 
01-17 09:20:39.925   717 29519 I udc_user: Karaoke unsupported, 
01-17 09:20:39.925   717 29519 I udc_user: TPNP supported. 
01-17 09:20:39.925   717 29519 I udc_user: 
01-17 09:20:39.925   717 29519 I udc_user: Unpublished work.  Copyright 2003-2014 Dolby Laboratories, Inc. and
01-17 09:20:39.925   717 29519 I udc_user: Dolby Laboratories Licensing Corporation.  All Rights Reserved.
01-17 09:20:39.925   717 29519 I udc_user: 
01-17 09:20:39.925   717 29519 I udc_user: USE OF THIS SOFTWARE IS SUBJECT TO A LEGAL AGREEMENT BETWEEN YOU AND DOLBY
01-17 09:20:39.925   717 29519 I udc_user: LABORATORIES. DO NOT USE THIS SOFTWARE UNLESS YOU AGREE TO THE TERMS AND 
01-17 09:20:39.925   717 29519 I udc_user: CONDITIONS IN THE AGREEMENT.  BY USING THIS SOFTWARE, YOU ACKNOWLEDGE THAT 
01-17 09:20:39.925   717 29519 I udc_user: YOU HAVE READ THE AGREEMENT AND THAT YOU AGREE TO BE BOUND BY ITS TERMS. 
01-17 09:20:39.925   717 29519 I udc_user: 
01-17 09:20:39.926   717 29519 I ddpdec_client_joc: ddpdec_open JOCD_MODE Buffer assignment
01-17 09:20:39.926   717 29519 D DDP_JOCDecoder: mStarted = 1
01-17 09:20:39.926   717 29519 I DDP_JOCDecoder: <- start
01-17 09:20:39.927   627  3892 I DlbEffectContext: setContentProcEnabled() Disabling content processing in effect
01-17 09:20:39.927   627  3892 D DlbDapEndpointParamCache: commitChangedParams()
01-17 09:20:39.927   627  3892 D DlbDapEndpointParamCache: commit() Applying parameters for device 0x40000000
01-17 09:20:39.927   627  3892 D DlbDap2Process: setParam(msce = #1[0])
01-17 09:20:39.927   627  3892 D DlbDap2Process: setParam(mdee = #1[0])
01-17 09:20:39.927   627  3892 D DlbDap2Process: setParam(miee = #1[0])
01-17 09:20:39.927   627  3892 D DlbDap2Process: setParam(mdle = #1[0])
01-17 09:20:39.927   627  3892 D DlbDap2Process: setParam(dvle = #1[0])
01-17 09:20:39.927   627  3892 D DlbDap2Process: setParam(mave = #1[0])
01-17 09:20:39.927   627  3892 D DlbDap2Process: setParam(ieon = #1[0])
01-17 09:20:39.927   627  3892 D DlbDapEndpointParamCache: doCommit() Committed 7 parameters out of 16.
01-17 09:20:39.928   627  3892 D DlbDapEndpointParamCache: commit() Overriding parameters for current device 0x00000002
01-17 09:20:39.928   627  3892 D DlbDap2Process: setParam(dom = #1[0])
01-17 09:20:39.928   627  3892 D DlbDap2Process: setParam(dvle = #1[0])
01-17 09:20:39.928   627  3892 D DlbDap2Process: setParam(dvme = #1[0])
01-17 09:20:39.928   627  3892 D DlbDap2Process: setParam(deon = #1[0])
01-17 09:20:39.928   627  3892 D DlbDap2Process: setParam(ngon = #1[0])
01-17 09:20:39.928   627  3892 D DlbDapEndpointParamCache: doCommit() Committed 5 parameters out of 37.
01-17 09:20:39.928   627  3892 D DlbDap2Process: setMave(mave = 0)
01-17 09:20:39.929   717 29519 D ddpdec_client_joc: ddpdec_client.c|int configDecoder()
01-17 09:20:39.929   717 29519 D DDP_JOCDecoder: Setting Max Output Channels to 2
01-17 09:20:39.930   717 29519 I DlbDap2QmfProcess: close()
01-17 09:20:39.930   717 29519 I DlbDap2QmfProcess: init()
01-17 09:20:39.930   717 29519 I DlbDap2QmfProcess: open()
01-17 09:20:39.931   717 29519 I DlbDap2QmfProcess: loadLicense() no license check!
01-17 09:20:39.931   717 29519 I DlbDap2QmfProcess: validateLicense() no license check!
01-17 09:20:39.931   717 29519 I DlbDap2QmfProcess: init() DAP opened
01-17 09:20:39.931   717 29519 I DlbDap2QmfProcess: DAP library version: 2.5.1-P2.0
01-17 09:20:39.931   717 29519 D DlbDap2QmfProcess: DAP output mode set to 1 with 2 output channels and null mix matrix.
01-17 09:20:39.931   717 29519 D ARenderer: checkAndUpdateConfig: DAP reinitialized because of sample rate change
01-17 09:20:39.931   717 29519 D ARenderer: updateDapConfig: Updating DAP configuration
01-17 09:20:39.931   717 29519 D DlbDap2QmfProcess: setParam(iea = #1[10])
01-17 09:20:39.931   717 29519 D DlbDap2QmfProcess: setParam(msce = #1[0])
01-17 09:20:39.931   717 29519 D DlbDap2QmfProcess: setParam(mdee = #1[0])
01-17 09:20:39.931   717 29519 D DlbDap2QmfProcess: setParam(miee = #1[0])
01-17 09:20:39.931   717 29519 D DlbDap2QmfProcess: setParam(mdle = #1[0])
01-17 09:20:39.931   717 29519 D DlbDap2QmfProcess: setParam(dvle = #1[1])
