--------- beginning of system
01-17 09:22:44.486   945   961 I ActivityManager: Force stopping com.dolby.qa.featuretest appid=10073 user=0: from pid 30407
01-17 09:22:44.486   945   961 I ActivityManager: Killing 30321:com.dolby.qa.featuretest/u0a73 (adj 0): stop com.dolby.qa.featuretest
01-17 09:22:44.488   945   961 W ActivityManager: Force removing ActivityRecord{c3ca5c0 u0 com.dolby.qa.featuretest/.MainActivity t261}: app died, no saved state
01-17 09:22:44.500   945   961 I WindowManager: Failed to capture screenshot of Token{2d342f9 ActivityRecord{c3ca5c0 u0 com.dolby.qa.featuretest/.MainActivity t261 f}} appWin=Window{9de90b4 u0 com.dolby.qa.featuretest/com.dolby.qa.featuretest.MainActivity} drawState=4
--------- beginning of main
01-17 09:22:44.508   710   710 D NuPlayerDriver: reset(0xe6bcb9a0) at state 5
01-17 09:22:44.509   710   710 D NuPlayerDriver: notifyListener_l(0xe6bcb9a0), (8, 0, 0, -1), loop setting(0, 1)
01-17 09:22:44.514   945  1506 I WindowManager: WIN DEATH: Window{98d5dd6 u0 Toast}
01-17 09:22:44.520   710 30367 D NuPlayerDriver: notifyResetComplete(0xe6bcb9a0)
01-17 09:22:44.520   710   710 D AudioTrack: stop() called with 0 frames delivered
01-17 09:22:44.545  1499  1499 D CarrierSvcBindHelper: No carrier app for: 0
01-17 09:22:44.547  2010  2010 D RegisteredNfcFServicesCache: Service unchanged, not updating
01-17 09:22:44.599   945  1508 I ActivityManager: START u0 {flg=0x10000000 cmp=com.dolby.qa.featuretest/.MainActivity} from uid 2000
01-17 09:22:44.623   945  1506 I ActivityManager: Start proc 30414:com.dolby.qa.featuretest/u0a73 for activity com.dolby.qa.featuretest/.MainActivity
01-17 09:22:44.630 30414 30414 I zygote64: Late-enabling -Xcheck:jni
01-17 09:22:44.635   684   928 W AudioFlinger::EffectModule: EffectModule 0xed0e3a00 destructor called with unreleased interface
01-17 09:22:44.635   684   928 W AudioFlinger::EffectHandle: disconnect Effect handle 0xee1634c0 disconnected after thread destruction
01-17 09:22:44.637   627  4939 D DlbDlbEffect: handle_EFFECT_CMD_DISABLE()
01-17 09:22:44.637   627  4939 D DlbDapCrossfadeProcess: setEnabled transitioning from DAP_ACTIVE state to FADE_TO_BYPASS
01-17 09:22:44.639   626   626 W /system/bin/hw/android.hidl.allocator@1.0-service: ashmem_create_region(3840) returning hidl_memory(0x7b7102c330, 3840)
01-17 09:22:44.641   627  4939 D DlbDlbEffect: handle_EFFECT_CMD_SET_CONFIG()
01-17 09:22:44.641   627  4939 D DlbDapEndpointParamCache: setDevice(device=0x00000002)
01-17 09:22:44.641   645   645 D DMSService: setActiveDevice called with device = 0x2
01-17 09:22:44.642   627   627 D DlbDlbEffect: handle_EFFECT_CMD_ENABLE()
01-17 09:22:44.642   627   627 D DlbDapCrossfadeProcess: setEnabled transitioning from FADE_TO_BYPASS state to FADE_TO_ACTIVE
01-17 09:22:44.803 30414 30414 D featureTest: onCreate
01-17 09:22:44.807 30414 30414 D AudioTrack: Client defaulted notificationFrames to 962 for frameCount 1924
01-17 09:22:44.811 30414 30414 W AudioTrack: Use of stream types is deprecated for operations other than volume control
01-17 09:22:44.811 30414 30414 W AudioTrack: See the documentation of AudioTrack() for what to use instead with android.media.AudioAttributes to qualify your playback use case
01-17 09:22:44.819 30414 30414 W DolbyAudioEffect: WARNING: attaching a DolbyAudioEffect to global output mix is deprecated!
01-17 09:22:44.827 30414 30414 D featureTest: onResume
01-17 09:22:44.838 30414 30431 D OpenGLRenderer: HWUI GL Pipeline
01-17 09:22:44.881 30414 30431 I Adreno  : QUALCOMM build                   : 7142022, Ib5823dd10c
01-17 09:22:44.881 30414 30431 I Adreno  : Build Date                       : 06/23/17
01-17 09:22:44.881 30414 30431 I Adreno  : OpenGL ES Shader Compiler Version: EV031.18.00.00
01-17 09:22:44.881 30414 30431 I Adreno  : Local Branch                     : O11A
01-17 09:22:44.881 30414 30431 I Adreno  : Remote Branch                    : 
01-17 09:22:44.881 30414 30431 I Adreno  : Remote Branch                    : 
01-17 09:22:44.881 30414 30431 I Adreno  : Reconstruct Branch               : 
01-17 09:22:44.885 30414 30431 I Adreno  : PFP: 0x005ff087, ME: 0x005ff063
01-17 09:22:44.887 30414 30431 I OpenGLRenderer: Initialized EGL, version 1.4
01-17 09:22:44.887 30414 30431 D OpenGLRenderer: Swap behavior 2
01-17 09:22:44.937   945   998 I ActivityManager: Displayed com.dolby.qa.featuretest/.MainActivity: +321ms
01-17 09:22:45.056   945   998 W ActivityManager: setHasOverlayUi called on unknown pid: 30321
01-17 09:22:45.421  2103  2230 W OpenGLRenderer: Incorrectly called buildLayer on View: ShortcutAndWidgetContainer, destroying layer...
01-17 09:22:45.679 30414 30414 D featureTest: receive broadcast , playing content location :/sdcard/featureTest/chopper_5.1_180_420.wav
01-17 09:22:45.689 30414 30414 D featureTest: mMediaPlayer.getAudioSessionId(): 5529
01-17 09:22:45.689 30414 30414 D featureTest: Playing file: /sdcard/featureTest/chopper_5.1_180_420.wav
01-17 09:22:45.692   710   900 D NuPlayerDriver: NuPlayerDriver(0xe6bcb540) created, clientPid(30414)
01-17 09:22:45.696 30442 30442 W generic : type=1400 audit(0.0:457): avc: denied { read } for path="/storage/emulated/0/featuretest/chopper_5.1_180_420.wav" dev="sdcardfs" ino=1310769 scontext=u:r:mediaextractor:s0 tcontext=u:object_r:sdcardfs:s0 tclass=file permissive=0
01-17 09:22:45.696 30414 30414 W MediaPlayer: Use of stream types is deprecated for operations other than volume control
01-17 09:22:45.696 30414 30414 W MediaPlayer: See the documentation of setAudioStreamType() for what to use instead with android.media.AudioAttributes to qualify your playback use case
01-17 09:22:45.699   710 30442 D GenericSource: FileSource remote
01-17 09:22:45.699   710 30442 W GenericSource: extractor service cannot make data source
01-17 09:22:45.699   710 30442 D GenericSource: FileSource local
01-17 09:22:45.702   700  1879 W WAVExtractor: More than 2 channels (6) in non-WAVE_EXT, unknown channel mask
01-17 09:22:45.721   945   945 W NotificationService: Object died trying to hide notification android.app.ITransientNotification$Stub$Proxy@895a935 in package com.dolby.qa.featuretest
01-17 09:22:45.722   945   945 W WindowManager: removeWindowToken: Attempted to remove non-existing token: android.os.Binder@427d5bd
01-17 09:22:45.722   945   945 W ActivityManager: setProcessForeground called on unknown pid: 30321
01-17 09:22:45.722   700  1879 W WAVExtractor: More than 2 channels (6) in non-WAVE_EXT, unknown channel mask
01-17 09:22:45.722   945   945 W NotificationService: Object died trying to show notification android.app.ITransientNotification$Stub$Proxy@54561ca in package com.dolby.qa.featuretest
01-17 09:22:45.722   945   945 W ActivityManager: setProcessForeground called on unknown pid: 30321
01-17 09:22:45.723   700   700 D MediaBufferGroup: creating MemoryDealer
01-17 09:22:45.723   945   945 W NotificationService: Object died trying to show notification android.app.ITransientNotification$Stub$Proxy@e925f3b in package com.dolby.qa.featuretest
01-17 09:22:45.723   710 30439 D NuPlayerDriver: notifyListener_l(0xe6bcb540), (1, 0, 0, -1), loop setting(0, 0)
01-17 09:22:45.733   710   900 D NuPlayerDriver: start(0xe6bcb540), state is 4, eos is 0
01-17 09:22:45.733   710 30439 I GenericSource: start
01-17 09:22:45.740 30414 30414 W DolbyAudioEffect: WARNING: attaching a DolbyAudioEffect to global output mix is deprecated!
01-17 09:22:45.740   710 30447 I OMXClient: Treble IOmx obtained
01-17 09:22:45.741   717  5320 I OMXMaster: makeComponentInstance(OMX.google.raw.decoder) in omx@1.0-service process
01-17 09:22:45.745   717  5320 E OMXNodeInstance: setConfig(0xe83a31a0:google.raw.decoder, ConfigPriority(0x6f800002)) ERROR: Undefined(0x80001001)
01-17 09:22:45.745   710 30447 I ACodec  : codec does not support config priority (err -2147483648)
01-17 09:22:45.745   717  5783 E OMXNodeInstance: getConfig(0xe83a31a0:google.raw.decoder, ConfigAndroidVendorExtension(0x6f100004)) ERROR: Undefined(0x80001001)
01-17 09:22:45.746   710 30447 I MediaCodec: MediaCodec will operate in async mode
01-17 09:22:45.747 30414 30414 D featureTest: receive broadcast , change ds status :0
01-17 09:22:45.748   626   626 W /system/bin/hw/android.hidl.allocator@1.0-service: ashmem_create_region(32768) returning hidl_memory(0x7b7102c330, 32768)
01-17 09:22:45.753   626   626 I chatty  : uid=1000(system) allocator@1.0-s identical 6 lines
01-17 09:22:45.754   626   626 W /system/bin/hw/android.hidl.allocator@1.0-service: ashmem_create_region(32768) returning hidl_memory(0x7b7102c330, 32768)
01-17 09:22:45.758   627  4939 D DlbDlbEffect: handle_EFFECT_CMD_SET_PARAM()
01-17 09:22:45.766   626   626 W /system/bin/hw/android.hidl.allocator@1.0-service: ashmem_create_region(3072) returning hidl_memory(0x7b7102c330, 3072)
01-17 09:22:45.768   626   626 W /system/bin/hw/android.hidl.allocator@1.0-service: ashmem_create_region(1024) returning hidl_memory(0x7b7102c330, 1024)
01-17 09:22:45.769   684  3974 E EffectHalHidl: Buffer provider callbacks are not supported
01-17 09:22:45.770   710 30445 D AudioTrack: Client defaulted notificationFrames to 12000 for frameCount 24000
01-17 09:22:45.772   626   626 W /system/bin/hw/android.hidl.allocator@1.0-service: ashmem_create_region(7680) returning hidl_memory(0x7b7102c330, 7680)
01-17 09:22:45.773   626   626 W /system/bin/hw/android.hidl.allocator@1.0-service: ashmem_create_region(7680) returning hidl_memory(0x7b7102c330, 7680)
01-17 09:22:45.775   627   627 D DlbDlbEffect: handle_EFFECT_CMD_DISABLE()
01-17 09:22:45.775   627   627 D DlbDapCrossfadeProcess: setEnabled transitioning from FADE_TO_ACTIVE state to FADE_TO_BYPASS
01-17 09:22:45.778   626   626 W /system/bin/hw/android.hidl.allocator@1.0-service: ashmem_create_region(7680) returning hidl_memory(0x7b7102c330, 7680)
01-17 09:22:45.778   627   627 D DlbDlbEffect: handle_EFFECT_CMD_SET_CONFIG()
01-17 09:22:45.778   627   627 D DlbDapEndpointParamCache: setDevice(device=0x00000002)
01-17 09:22:45.778   645   645 D DMSService: setActiveDevice called with device = 0x2
01-17 09:22:45.779   627  3512 D DlbDlbEffect: handle_EFFECT_CMD_ENABLE()
01-17 09:22:45.779   627  3512 D DlbDapCrossfadeProcess: setEnabled transitioning from FADE_TO_BYPASS state to FADE_TO_ACTIVE
01-17 09:22:45.779   684  7228 W AudioFlinger: moveDolbyEffect() effect chain for session 0 not on source thread 0xee0ae580
01-17 09:22:45.780   710 30439 D NuPlayerDriver: notifyListener_l(0xe6bcb540), (6, 0, 0, -1), loop setting(0, 1)
01-17 09:22:45.782   627  3892 D DlbDapCrossfadeProcess: setEnabled transitioning from FADE_TO_ACTIVE state to FADE_TO_BYPASS
01-17 09:22:45.820 30414 30414 D featureTest: receive broadcast , change ds profile id :2
01-17 09:22:45.829   627   627 D DlbDlbEffect: handle_EFFECT_CMD_SET_PARAM()
01-17 09:22:45.829   645   713 I DapController: Profile Changed to Music
01-17 09:22:45.855   627  3892 D DlbDapEndpointParamCache: commitChangedParams()
01-17 09:22:45.856   627  3892 D DlbDapEndpointParamCache: commit() Applying parameters for device 0x40000000
01-17 09:22:45.856   627  3892 D DlbDap2Process: setParam(iea = #1[10])
01-17 09:22:45.856   627  3892 D DlbDap2Process: setParam(msce = #1[0])
01-17 09:22:45.856   627  3892 D DlbDap2Process: setParam(mdee = #1[0])
01-17 09:22:45.856   627  3892 D DlbDap2Process: setParam(miee = #1[0])
01-17 09:22:45.856   627  3892 D DlbDap2Process: setParam(mdle = #1[0])
01-17 09:22:45.856   627  3892 D DlbDap2Process: setParam(dvle = #1[1])
01-17 09:22:45.856   627  3892 D DlbDap2Process: setParam(mave = #1[0])
01-17 09:22:45.856   627  3892 D DlbDap2Process: setParam(vcbf = #20[47, 141, 234, 328, 469, 656, 844, 1031, 1313, 1688, 2250, 3000, 3750, 4688, 5813, 7125, 9000, 11250, 13875, 19688])
01-17 09:22:45.856   627  3892 D DlbDap2Process: setParam(vbon = #1[0])
01-17 09:22:45.856   627  3892 D DlbDap2Process: setParam(beon = #1[0])
01-17 09:22:45.856   627  3892 D DlbDap2Process: setParam(geon = #1[0])
01-17 09:22:45.856   627  3892 D DlbDap2Process: setParam(ieon = #1[1])
01-17 09:22:45.856   627  3892 D DlbDap2Process: setParam(gebs = #41[20, 47, 141, 234, 328, 469, 656, 844, 1031, 1313, 1688, 2250, 3000, 3750, 4688, 5813, 7125, 9000, 11250, 13875, 19688, 0, 0, 0, 0, 0, 0, 0, 0, 0, 0, 0, 0, 0, 0, 0, 0, 0, 0, 0, 0])
01-17 09:22:45.856   627  3892 D DlbDap2Process: setParam(iebs = #41[20, 65, 136, 223, 332, 467, 634, 841, 1098, 1416, 1812, 2302, 2909, 3663, 4598, 5756, 7194, 8976, 11186, 13927, 17326, 117, 133, 188, 176, 141, 149, 175, 185, 185, 200, 236, 242, 228, 213, 182, 132, 110, 68, -27, -240])
01-17 09:22:45.856   627  3892 D DlbDapEndpointParamCache: doCommit() Committed 15 parameters out of 16.
01-17 09:22:45.856   627  3892 D DlbDapEndpointParamCache: commit() Overriding parameters for current device 0x00000002
01-17 09:22:45.856   627  3892 D DlbDap2Process: setParam(dea = #1[7])
01-17 09:22:45.856   627  3892 D DlbDap2Process: setParam(dsa = #1[10])
01-17 09:22:45.856   627  3892 D DlbDap2Process: setParam(beb = #1[192])
01-17 09:22:45.856   627  3892 D DlbDap2Process: setParam(plb = #1[0])
01-17 09:22:45.856   627  3892 D DlbDap2Process: setParam(vmb = #1[144])
01-17 09:22:45.856   627  3892 D DlbDap2Process: setParam(dsb = #1[0])
01-17 09:22:45.856   627  3892 D DlbDap2Process: setParam(ded = #1[0])
01-17 09:22:45.856   627  3892 D DlbDap2Process: setParam(vbm = #1[3])
01-17 09:22:45.856   627  3892 D DlbDap2Process: setParam(dom = #1[0])
01-17 09:22:45.856   627  3892 D DlbDap2Process: setParam(bew = #1[16])
01-17 09:22:45.856   627  3892 D DlbDap2Process: setParam(dvla = #1[4])
01-17 09:22:45.856   627  3892 D DlbDap2Process: setParam(arra = #1[96])
01-17 09:22:45.856   627  3892 D DlbDap2Process: setParam(dfsa = #1[10])
01-17 09:22:45.856   627  3892 D DlbDap2Process: setParam(dhsa = #1[10])
01-17 09:22:45.856   627  3892 D DlbDap2Process: setParam(dvmc = #1[0])
01-17 09:22:45.856   627  3892 D DlbDap2Process: setParam(arod = #1[0])
01-17 09:22:45.856   627  3892 D DlbDap2Process: setParam(arde = #1[1])
01-17 09:22:45.856   627  3892 D DlbDap2Process: setParam(dvle = #1[1])
01-17 09:22:45.856   627  3892 D DlbDap2Process: setParam(dvme = #1[0])
01-17 09:22:45.856   627  3892 D DlbDap2Process: setParam(becf = #1[200])
01-17 09:22:45.856   627  3892 D DlbDap2Process: setParam(vbmf = #2[94, 469])
01-17 09:22:45.857   627  3892 D DlbDap2Process: setParam(vbsf = #2[35, 160])
01-17 09:22:45.857   627  3892 D DlbDap2Process: setParam(vbhg = #3[-32, -144, -192])
01-17 09:22:45.857   627  3892 D DlbDap2Process: setParam(vbog = #1[0])
01-17 09:22:45.857   627  3892 D DlbDap2Process: setParam(vbsg = #1[0])
01-17 09:22:45.857   627  3892 D DlbDap2Process: setParam(dvli = #1[-320])
01-17 09:22:45.857   627  3892 D DlbDap2Process: setParam(dhfm = #1[2])
01-17 09:22:45.857   627  3892 D DlbDap2Process: setParam(vbon = #1[0])
01-17 09:22:45.857   627  3892 D DlbDap2Process: setParam(beon = #1[0])
01-17 09:22:45.857   627  3892 D DlbDap2Process: setParam(deon = #1[0])
01-17 09:22:45.857   627  3892 D DlbDap2Process: setParam(ngon = #1[1])
01-17 09:22:45.857   627  3892 D DlbDap2Process: setParam(aoon = #1[1])
01-17 09:22:45.857   627  3892 D DlbDap2Process: setParam(aron = #1[1])
01-17 09:22:45.857   627  3892 D DlbDap2Process: setParam(dvlo = #1[-320])
01-17 09:22:45.857   627  3892 D DlbDap2Process: setParam(artp = #1[12])
01-17 09:22:45.857   627  3892 D DlbDap2Process: setParam(aobs = #222[20, 10, 47, 141, 234, 328, 469, 656, 844, 1031, 1313, 1688, 2250, 3000, 3750, 4688, 5813, 7125, 9000, 11250, 13875, 19688, 0, 0, 0, 0, 0, 0, 0, 0, 0, 0, 0, 0, 0, 0, 0, 0, 0, 0, 0, 0, 0, 0, 0, 0, 0, 0, 0, 0, 0, 0, 0, 0, 0, 0, 0, 0, 0, 0, 0, 0, 0, 0, 0, 0, 0, 0, 0, 0, 0, 0, 0, 0, 0, 0, 0, 0, 0, 0, 0, 0, 0, 0, 0, 0, 0, 0, 0, 0, 0, 0, 0, 0, 0, 0, 0, 0, 0, 0, 0, 0, 0, 0, 0, 0, 0, 0, 0, 0, 0, 0, 0, 0, 0, 0, 0, 0, 0, 0, 0, 0, 0, 0, 0, 0, 0, 0, 0, 0, 0, 0, 0, 0, 0, 0, 0, 0, 0, 0, 0, 0, 0, 0, 0, 0, 0, 0, 0, 0, 0, 0, 0, 0, 0, 0, 0, 0, 0, 0, 0, 0, 0, 0, 0, 0, 0, 0, 0, 0, 0, 0, 0, 0, 0, 0, 0, 0, 0, 0, 0, 0, 0, 0, 0, 0, 0, 0, 0, 0, 0, 0, 0, 0, 0, 0, 0, 0, 0, 0, 0, 0, 0, 0, 0, 0, 0, 0, 0, 0, 0, 0, 0, 0, 0, 0, 0, 0, 0, 0, 0, 0])
01-17 09:22:45.857   627  3892 D DlbDap2Process: setParam(arbs = #81[20, 47, 141, 234, 328, 469, 656, 844, 1031, 1313, 1688, 2250, 3000, 3750, 4688, 5813, 7125, 9000, 11250, 13875, 19688, -192, -192, -192, -192, -192, -192, -192, -192, -192, -192, -192, -192, -192, -192, -192, -192, -192, -192, -192, -192, 0, 0, 0, 0, 0, 0, 0, 0, 0, 0, 0, 0, 0, 0, 0, 0, 0, 0, 0, 0, 0, 0, 0, 0, 0, 0, 0, 0, 0, 0, 0, 0, 0, 0, 0, 0, 0, 0, 0, 0])
01-17 09:22:45.857   627  3892 D DlbDapEndpointParamCache: doCommit() Committed 37 parameters out of 37.
01-17 09:22:45.857   627  3892 D DlbDap2Process: setMave(mave = 0)
01-17 09:22:45.858   627  3892 D DlbDapCrossfadeProcess: process transitioning from FADE_TO_BYPASS state to DAP_BYPASSED
01-17 09:22:45.872 30414 30414 D featureTest: receive broadcast , playing content location :/sdcard/featureTest/chopper_5.1_180_420.wav
01-17 09:22:45.874   710   900 D NuPlayerDriver: stop(0xe6bcb540)
01-17 09:22:45.874   710   900 D NuPlayerDriver: notifyListener_l(0xe6bcb540), (8, 0, 0, -1), loop setting(0, 1)
01-17 09:22:45.875   710   900 D NuPlayerDriver: reset(0xe6bcb540) at state 8
01-17 09:22:45.882   710 30439 D NuPlayerDriver: notifyResetComplete(0xe6bcb540)
01-17 09:22:45.882   710   900 D NuPlayerDriver: reset(0xe6bcb540) at state 0
01-17 09:22:45.883 30414 30414 V MediaPlayer: resetDrmState:  mDrmInfo=null mDrmProvisioningThread=null mPrepareDrmInProgress=false mActiveDrmScheme=false
01-17 09:22:45.884 30414 30414 V MediaPlayer: cleanDrmObj: mDrmObj=null mDrmSessionId=null
01-17 09:22:45.885 30414 30414 V MediaPlayer: resetDrmState:  mDrmInfo=null mDrmProvisioningThread=null mPrepareDrmInProgress=false mActiveDrmScheme=false
01-17 09:22:45.885 30414 30414 V MediaPlayer: cleanDrmObj: mDrmObj=null mDrmSessionId=null
01-17 09:22:45.888 30414 30414 D featureTest: mMediaPlayer.getAudioSessionId(): 5537
01-17 09:22:45.888 30414 30414 D featureTest: Playing file: /sdcard/featureTest/chopper_5.1_180_420.wav
01-17 09:22:45.889   710   710 D NuPlayerDriver: NuPlayerDriver(0xe6bcb070) created, clientPid(30414)
01-17 09:22:45.890 30465 30465 W generic : type=1400 audit(0.0:458): avc: denied { read } for path="/storage/emulated/0/featuretest/chopper_5.1_180_420.wav" dev="sdcardfs" ino=1310769 scontext=u:r:mediaextractor:s0 tcontext=u:object_r:sdcardfs:s0 tclass=file permissive=0
01-17 09:22:45.891 30414 30414 W MediaPlayer: Use of stream types is deprecated for operations other than volume control
01-17 09:22:45.891 30414 30414 W MediaPlayer: See the documentation of setAudioStreamType() for what to use instead with android.media.AudioAttributes to qualify your playback use case
01-17 09:22:45.893   710 30465 D GenericSource: FileSource remote
01-17 09:22:45.893   710 30465 W GenericSource: extractor service cannot make data source
01-17 09:22:45.893   710 30465 D GenericSource: FileSource local
01-17 09:22:45.895   700   700 W WAVExtractor: More than 2 channels (6) in non-WAVE_EXT, unknown channel mask
01-17 09:22:45.921   700   700 W WAVExtractor: More than 2 channels (6) in non-WAVE_EXT, unknown channel mask
01-17 09:22:45.922   700   897 D MediaBufferGroup: creating MemoryDealer
01-17 09:22:45.922   710 30464 D NuPlayerDriver: notifyListener_l(0xe6bcb070), (1, 0, 0, -1), loop setting(0, 0)
01-17 09:22:45.926   710   710 D NuPlayerDriver: start(0xe6bcb070), state is 4, eos is 0
01-17 09:22:45.926   710 30464 I GenericSource: start
01-17 09:22:45.929 30414 30414 W DolbyAudioEffect: WARNING: attaching a DolbyAudioEffect to global output mix is deprecated!
01-17 09:22:45.933 30414 30414 D featureTest: receive broadcast , change ds status :1
01-17 09:22:45.935   710 30471 I OMXClient: Treble IOmx obtained
01-17 09:22:45.936   717  1650 I OMXMaster: makeComponentInstance(OMX.google.raw.decoder) in omx@1.0-service process
01-17 09:22:45.938   717  1650 E OMXNodeInstance: setConfig(0xe83a31a0:google.raw.decoder, ConfigPriority(0x6f800002)) ERROR: Undefined(0x80001001)
01-17 09:22:45.939   710 30471 I ACodec  : codec does not support config priority (err -2147483648)
01-17 09:22:45.939   717  1650 E OMXNodeInstance: getConfig(0xe83a31a0:google.raw.decoder, ConfigAndroidVendorExtension(0x6f100004)) ERROR: Undefined(0x80001001)
01-17 09:22:45.939   710 30471 I MediaCodec: MediaCodec will operate in async mode
01-17 09:22:45.941   626   626 W /system/bin/hw/android.hidl.allocator@1.0-service: ashmem_create_region(32768) returning hidl_memory(0x7b7102c330, 32768)
01-17 09:22:45.943   626   626 I chatty  : uid=1000(system) allocator@1.0-s identical 2 lines
01-17 09:22:45.943   626   626 W /system/bin/hw/android.hidl.allocator@1.0-service: ashmem_create_region(32768) returning hidl_memory(0x7b7102c330, 32768)
01-17 09:22:45.944   627  3512 D DlbDlbEffect: handle_EFFECT_CMD_SET_PARAM()
01-17 09:22:45.945   626   626 W /system/bin/hw/android.hidl.allocator@1.0-service: ashmem_create_region(32768) returning hidl_memory(0x7b7102c330, 32768)
01-17 09:22:45.947   626   626 I chatty  : uid=1000(system) allocator@1.0-s identical 2 lines
01-17 09:22:45.948   626   626 W /system/bin/hw/android.hidl.allocator@1.0-service: ashmem_create_region(32768) returning hidl_memory(0x7b7102c330, 32768)
01-17 09:22:45.959   626   626 W /system/bin/hw/android.hidl.allocator@1.0-service: ashmem_create_region(3072) returning hidl_memory(0x7b7102c330, 3072)
01-17 09:22:45.960   626   626 W /system/bin/hw/android.hidl.allocator@1.0-service: ashmem_create_region(1024) returning hidl_memory(0x7b7102c330, 1024)
01-17 09:22:45.961   684   684 E EffectHalHidl: Buffer provider callbacks are not supported
01-17 09:22:45.961   710 30469 D AudioTrack: Client defaulted notificationFrames to 12000 for frameCount 24000
01-17 09:22:45.963   626   626 W /system/bin/hw/android.hidl.allocator@1.0-service: ashmem_create_region(7680) returning hidl_memory(0x7b7102c330, 7680)
01-17 09:22:45.965   626   626 W /system/bin/hw/android.hidl.allocator@1.0-service: ashmem_create_region(7680) returning hidl_memory(0x7b7102c330, 7680)
01-17 09:22:45.967   684   930 W AudioFlinger: moveDolbyEffect() effect chain for session 0 not on source thread 0xee0ae580
01-17 09:22:45.967   710 30464 D NuPlayerDriver: notifyListener_l(0xe6bcb070), (6, 0, 0, -1), loop setting(0, 1)
01-17 09:22:45.971   945   956 I zygote64: Background concurrent copying GC freed 29064(2MB) AllocSpace objects, 32(640KB) LOS objects, 42% free, 8MB/14MB, paused 598us total 100.117ms
01-17 09:22:45.988 30414 30414 D featureTest: receive broadcast , change ds profile id :5
01-17 09:22:45.995   627   627 D DlbDlbEffect: handle_EFFECT_CMD_SET_PARAM()
01-17 09:22:45.995   645   713 I DapController: Profile Changed to Custom
01-17 09:22:46.020   627  3892 D DlbDapCrossfadeProcess: setEnabled transitioning from DAP_BYPASSED state to PREROLL_ACTIVE
01-17 09:22:46.021   627  3892 D DlbDapEndpointParamCache: commitChangedParams()
01-17 09:22:46.021   627  3892 D DlbDapEndpointParamCache: commit() Applying parameters for device 0x40000000
01-17 09:22:46.021   627  3892 D DlbDap2Process: setParam(iea = #1[10])
01-17 09:22:46.021   627  3892 D DlbDap2Process: setParam(msce = #1[0])
01-17 09:22:46.021   627  3892 D DlbDap2Process: setParam(mdee = #1[0])
01-17 09:22:46.021   627  3892 D DlbDap2Process: setParam(miee = #1[0])
01-17 09:22:46.021   627  3892 D DlbDap2Process: setParam(mdle = #1[0])
01-17 09:22:46.021   627  3892 D DlbDap2Process: setParam(dvle = #1[1])
01-17 09:22:46.021   627  3892 D DlbDap2Process: setParam(mave = #1[0])
01-17 09:22:46.021   627  3892 D DlbDap2Process: setParam(vcbf = #20[47, 141, 234, 328, 469, 656, 844, 1031, 1313, 1688, 2250, 3000, 3750, 4688, 5813, 7125, 9000, 11250, 13875, 19688])
01-17 09:22:46.021   627  3892 D DlbDap2Process: setParam(vbon = #1[0])
01-17 09:22:46.021   627  3892 D DlbDap2Process: setParam(beon = #1[0])
01-17 09:22:46.021   627  3892 D DlbDap2Process: setParam(geon = #1[0])
01-17 09:22:46.021   627  3892 D DlbDap2Process: setParam(ieon = #1[0])
01-17 09:22:46.021   627  3892 D DlbDap2Process: setParam(gebs = #41[20, 47, 141, 234, 328, 469, 656, 844, 1031, 1313, 1688, 2250, 3000, 3750, 4688, 5813, 7125, 9000, 11250, 13875, 19688, 0, 0, 0, 0, 0, 0, 0, 0, 0, 0, 0, 0, 0, 0, 0, 0, 0, 0, 0, 0])
01-17 09:22:46.021   627  3892 D DlbDap2Process: setParam(iebs = #41[20, 65, 136, 223, 332, 467, 634, 841, 1098, 1416, 1812, 2302, 2909, 3663, 4598, 5756, 7194, 8976, 11186, 13927, 17326, 117, 133, 188, 176, 141, 149, 175, 185, 185, 200, 236, 242, 228, 213, 182, 132, 110, 68, -27, -240])
01-17 09:22:46.021   627  3892 D DlbDapEndpointParamCache: doCommit() Committed 15 parameters out of 16.
01-17 09:22:46.021   627  3892 D DlbDapEndpointParamCache: commit() Overriding parameters for current device 0x00000002
01-17 09:22:46.021   627  3892 D DlbDap2Process: setParam(dea = #1[7])
01-17 09:22:46.021   627  3892 D DlbDap2Process: setParam(dsa = #1[10])
01-17 09:22:46.021   627  3892 D DlbDap2Process: setParam(beb = #1[192])
01-17 09:22:46.021   627  3892 D DlbDap2Process: setParam(plb = #1[0])
01-17 09:22:46.021   627  3892 D DlbDap2Process: setParam(vmb = #1[144])
01-17 09:22:46.021   627  3892 D DlbDap2Process: setParam(dsb = #1[48])
01-17 09:22:46.021   627  3892 D DlbDap2Process: setParam(ded = #1[0])
01-17 09:22:46.021   627  3892 D DlbDap2Process: setParam(vbm = #1[3])
01-17 09:22:46.021   627  3892 D DlbDap2Process: setParam(dom = #1[0])
01-17 09:22:46.021   627  3892 D DlbDap2Process: setParam(bew = #1[16])
01-17 09:22:46.021   627  3892 D DlbDap2Process: setParam(dvla = #1[5])
01-17 09:22:46.021   627  3892 D DlbDap2Process: setParam(arra = #1[96])
01-17 09:22:46.021   627  3892 D DlbDap2Process: setParam(dfsa = #1[10])
01-17 09:22:46.022   627  3892 D DlbDap2Process: setParam(dhsa = #1[10])
01-17 09:22:46.022   627  3892 D DlbDap2Process: setParam(dvmc = #1[0])
01-17 09:22:46.022   627  3892 D DlbDap2Process: setParam(arod = #1[0])
01-17 09:22:46.022   627  3892 D DlbDap2Process: setParam(arde = #1[1])
01-17 09:22:46.022   627  3892 D DlbDap2Process: setParam(dvle = #1[1])
01-17 09:22:46.022   627  3892 D DlbDap2Process: setParam(dvme = #1[0])
01-17 09:22:46.022   627  3892 D DlbDap2Process: setParam(becf = #1[200])
01-17 09:22:46.022   627  3892 D DlbDap2Process: setParam(vbmf = #2[94, 469])
01-17 09:22:46.022   627  3892 D DlbDap2Process: setParam(vbsf = #2[35, 160])
01-17 09:22:46.022   627  3892 D DlbDap2Process: setParam(vbhg = #3[-32, -144, -192])
01-17 09:22:46.022   627  3892 D DlbDap2Process: setParam(vbog = #1[0])
01-17 09:22:46.022   627  3892 D DlbDap2Process: setParam(vbsg = #1[0])
01-17 09:22:46.022   627  3892 D DlbDap2Process: setParam(dvli = #1[-320])
01-17 09:22:46.022   627  3892 D DlbDap2Process: setParam(dhfm = #1[2])
01-17 09:22:46.022   627  3892 D DlbDap2Process: setParam(vbon = #1[0])
01-17 09:22:46.022   627  3892 D DlbDap2Process: setParam(beon = #1[0])
01-17 09:22:46.022   627  3892 D DlbDap2Process: setParam(deon = #1[0])
01-17 09:22:46.022   627  3892 D DlbDap2Process: setParam(ngon = #1[1])
01-17 09:22:46.022   627  3892 D DlbDap2Process: setParam(aoon = #1[1])
01-17 09:22:46.022   627  3892 D DlbDap2Process: setParam(aron = #1[1])
01-17 09:22:46.022   627  3892 D DlbDap2Process: setParam(dvlo = #1[-320])
01-17 09:22:46.022   627  3892 D DlbDap2Process: setParam(artp = #1[12])
01-17 09:22:46.022   627  3892 D DlbDap2Process: setParam(aobs = #222[20, 10, 47, 141, 234, 328, 469, 656, 844, 1031, 1313, 1688, 2250, 3000, 3750, 4688, 5813, 7125, 9000, 11250, 13875, 19688, 0, 0, 0, 0, 0, 0, 0, 0, 0, 0, 0, 0, 0, 0, 0, 0, 0, 0, 0, 0, 0, 0, 0, 0, 0, 0, 0, 0, 0, 0, 0, 0, 0, 0, 0, 0, 0, 0, 0, 0, 0, 0, 0, 0, 0, 0, 0, 0, 0, 0, 0, 0, 0, 0, 0, 0, 0, 0, 0, 0, 0, 0, 0, 0, 0, 0, 0, 0, 0, 0, 0, 0, 0, 0, 0, 0, 0, 0, 0, 0, 0, 0, 0, 0, 0, 0, 0, 0, 0, 0, 0, 0, 0, 0, 0, 0, 0, 0, 0, 0, 0, 0, 0, 0, 0, 0, 0, 0, 0, 0, 0, 0, 0, 0, 0, 0, 0, 0, 0, 0, 0, 0, 0, 0, 0, 0, 0, 0, 0, 0, 0, 0, 0, 0, 0, 0, 0, 0, 0, 0, 0, 0, 0, 0, 0, 0, 0, 0, 0, 0, 0, 0, 0, 0, 0, 0, 0, 0, 0, 0, 0, 0, 0, 0, 0, 0, 0, 0, 0, 0, 0, 0, 0, 0, 0, 0, 0, 0, 0, 0, 0, 0, 0, 0, 0, 0, 0, 0, 0, 0, 0, 0, 0, 0, 0, 0, 0, 0, 0, 0])
01-17 09:22:46.022   627  3892 D DlbDap2Process: setParam(arbs = #81[20, 47, 141, 234, 328, 469, 656, 844, 1031, 1313, 1688, 2250, 3000, 3750, 4688, 5813, 7125, 9000, 11250, 13875, 19688, -192, -192, -192, -192, -192, -192, -192, -192, -192, -192, -192, -192, -192, -192, -192, -192, -192, -192, -192, -192, 0, 0, 0, 0, 0, 0, 0, 0, 0, 0, 0, 0, 0, 0, 0, 0, 0, 0, 0, 0, 0, 0, 0, 0, 0, 0, 0, 0, 0, 0, 0, 0, 0, 0, 0, 0, 0, 0, 0, 0])
01-17 09:22:46.022   627  3892 D DlbDapEndpointParamCache: doCommit() Committed 37 parameters out of 37.
01-17 09:22:46.022   627  3892 D DlbDap2Process: setMave(mave = 0)
01-17 09:22:46.024   684   928 W AudioFlinger::EffectModule: EffectModule 0xee09dc00 destructor called with unreleased interface
01-17 09:22:46.025   684   928 W AudioFlinger::EffectHandle: disconnect Effect handle 0xee093300 disconnected after thread destruction
01-17 09:22:46.029   627  3892 D DlbDapCrossfadeProcess: process transitioning from PREROLL_ACTIVE state to FADE_TO_ACTIVE
01-17 09:22:46.048 30414 30414 D featureTest: receive broadcast , change virtual speaker  virtualizer :0
01-17 09:22:46.058 30414 30414 W System.err: java.lang.UnsupportedOperationException
01-17 09:22:46.058 30414 30414 W System.err: 	at com.dolby.dax.DolbyAudioEffect.setDolbyVirtualSpeakerVirtualizerEnabled(DolbyAudioEffect.java:323)
01-17 09:22:46.059 30414 30414 W System.err: 	at com.dolby.qa.featuretest.MainActivity$1.handleMessage(MainActivity.java:143)
01-17 09:22:46.059 30414 30414 W System.err: 	at android.os.Handler.dispatchMessage(Handler.java:105)
01-17 09:22:46.059 30414 30414 W System.err: 	at android.os.Looper.loop(Looper.java:164)
01-17 09:22:46.059 30414 30414 W System.err: 	at android.app.ActivityThread.main(ActivityThread.java:6541)
01-17 09:22:46.059 30414 30414 W System.err: 	at java.lang.reflect.Method.invoke(Native Method)
01-17 09:22:46.059 30414 30414 W System.err: 	at com.android.internal.os.Zygote$MethodAndArgsCaller.run(Zygote.java:240)
01-17 09:22:46.060 30414 30414 W System.err: 	at com.android.internal.os.ZygoteInit.main(ZygoteInit.java:767)
01-17 09:22:46.060 30414 30414 D featureTest: virtual speaker virtualizer can not be operate for mono speaker endpoint!
01-17 09:22:46.104 30414 30414 D featureTest: receive broadcast , record log :0
01-17 09:22:46.115 30414 30419 I zygote64: Do partial code cache collection, code=8KB, data=13KB
01-17 09:22:46.115 30414 30419 I zygote64: After code cache collection, code=8KB, data=13KB
01-17 09:22:46.115 30414 30419 I zygote64: Increasing code cache capacity to 128KB
01-17 09:22:46.116 30414 30419 I zygote64: Do partial code cache collection, code=8KB, data=32KB
01-17 09:22:46.116 30414 30419 I zygote64: After code cache collection, code=8KB, data=32KB
01-17 09:22:46.116 30414 30419 I zygote64: Increasing code cache capacity to 256KB
01-17 09:22:46.116 30414 30419 I zygote64: Compiler allocated 8MB to compile void android.widget.TextView.<init>(android.content.Context, android.util.AttributeSet, int, int)
01-17 09:22:46.137   627  3892 D DlbDapCrossfadeProcess: process transitioning from FADE_TO_ACTIVE state to DAP_ACTIVE
01-17 09:22:47.545   627  3892 D DlbDap2Process: process() called [473000] times
01-17 09:22:47.786   945   945 W WindowManager: removeWindowToken: Attempted to remove non-existing token: android.os.Binder@484a3b1
01-17 09:22:47.855   475   475 D SurfaceFlinger: duplicate layer name: changing Toast to Toast#1
01-17 09:22:49.820   945   945 W WindowManager: removeWindowToken: Attempted to remove non-existing token: android.os.Binder@9df7ab3
01-17 09:22:50.187   627  3892 D DlbDap2Process: process() called [473500] times
