--------- beginning of system
01-17 09:24:57.693   945  1530 I ActivityManager: Force stopping com.dolby.qa.featuretest appid=10073 user=0: from pid 31640
01-17 09:24:57.694   945  1530 I ActivityManager: Killing 31550:com.dolby.qa.featuretest/u0a73 (adj 0): stop com.dolby.qa.featuretest
01-17 09:24:57.695   945  1530 W ActivityManager: Force removing ActivityRecord{984691e u0 com.dolby.qa.featuretest/.MainActivity t274}: app died, no saved state
01-17 09:24:57.703   945  1530 I WindowManager: Failed to capture screenshot of Token{9c15ff ActivityRecord{984691e u0 com.dolby.qa.featuretest/.MainActivity t274 f}} appWin=Window{298d132 u0 com.dolby.qa.featuretest/com.dolby.qa.featuretest.MainActivity} drawState=4
--------- beginning of main
01-17 09:24:57.707   475   508 E SurfaceFlinger: Failed to find layer (com.dolby.qa.featuretest/com.dolby.qa.featuretest.MainActivity#0) in layer parent (no-parent).
01-17 09:24:57.712   710   900 D NuPlayerDriver: reset(0xe6bcb770) at state 5
01-17 09:24:57.713   710   900 D NuPlayerDriver: notifyListener_l(0xe6bcb770), (8, 0, 0, -1), loop setting(0, 1)
01-17 09:24:57.721   945  1324 I WindowManager: WIN DEATH: Window{6126d24 u0 Toast}
01-17 09:24:57.722   710 31600 D NuPlayerDriver: notifyResetComplete(0xe6bcb770)
01-17 09:24:57.723   710   900 D AudioTrack: stop() called with 0 frames delivered
01-17 09:24:57.749  1499  1499 D CarrierSvcBindHelper: No carrier app for: 0
01-17 09:24:57.759  2010  2010 D RegisteredNfcFServicesCache: Service unchanged, not updating
01-17 09:24:57.806   945  1324 I ActivityManager: START u0 {flg=0x10000000 cmp=com.dolby.qa.featuretest/.MainActivity} from uid 2000
01-17 09:24:57.830   945  2092 I ActivityManager: Start proc 31647:com.dolby.qa.featuretest/u0a73 for activity com.dolby.qa.featuretest/.MainActivity
01-17 09:24:57.830 31647 31647 I zygote64: Late-enabling -Xcheck:jni
01-17 09:24:57.836   684   928 W AudioFlinger::EffectModule: EffectModule 0xed0e3a00 destructor called with unreleased interface
01-17 09:24:57.836   684   928 W AudioFlinger::EffectHandle: disconnect Effect handle 0xee093100 disconnected after thread destruction
01-17 09:24:57.837   627   924 D DlbDlbEffect: handle_EFFECT_CMD_DISABLE()
01-17 09:24:57.837   627   924 D DlbDapCrossfadeProcess: setEnabled transitioning from DAP_ACTIVE state to FADE_TO_BYPASS
01-17 09:24:57.840   626   626 W /system/bin/hw/android.hidl.allocator@1.0-service: ashmem_create_region(3840) returning hidl_memory(0x7b7102c330, 3840)
01-17 09:24:57.841   627   924 D DlbDlbEffect: handle_EFFECT_CMD_SET_CONFIG()
01-17 09:24:57.842   627  3512 D DlbDapEndpointParamCache: setDevice(device=0x00000002)
01-17 09:24:57.842   645   645 D DMSService: setActiveDevice called with device = 0x2
01-17 09:24:57.842   627  3512 D DlbDlbEffect: handle_EFFECT_CMD_ENABLE()
01-17 09:24:57.842   627  3512 D DlbDapCrossfadeProcess: setEnabled transitioning from FADE_TO_BYPASS state to FADE_TO_ACTIVE
01-17 09:24:58.003 31647 31647 D featureTest: onCreate
01-17 09:24:58.007 31647 31647 D AudioTrack: Client defaulted notificationFrames to 962 for frameCount 1924
01-17 09:24:58.010 31647 31647 W AudioTrack: Use of stream types is deprecated for operations other than volume control
01-17 09:24:58.010 31647 31647 W AudioTrack: See the documentation of AudioTrack() for what to use instead with android.media.AudioAttributes to qualify your playback use case
01-17 09:24:58.016 31647 31647 W DolbyAudioEffect: WARNING: attaching a DolbyAudioEffect to global output mix is deprecated!
01-17 09:24:58.023 31647 31647 D featureTest: onResume
01-17 09:24:58.032 31647 31664 D OpenGLRenderer: HWUI GL Pipeline
01-17 09:24:58.063 31647 31664 I Adreno  : QUALCOMM build                   : 7142022, Ib5823dd10c
01-17 09:24:58.063 31647 31664 I Adreno  : Build Date                       : 06/23/17
01-17 09:24:58.063 31647 31664 I Adreno  : OpenGL ES Shader Compiler Version: EV031.18.00.00
01-17 09:24:58.063 31647 31664 I Adreno  : Local Branch                     : O11A
01-17 09:24:58.063 31647 31664 I Adreno  : Remote Branch                    : 
01-17 09:24:58.063 31647 31664 I Adreno  : Remote Branch                    : 
01-17 09:24:58.063 31647 31664 I Adreno  : Reconstruct Branch               : 
01-17 09:24:58.070 31647 31664 I Adreno  : PFP: 0x005ff087, ME: 0x005ff063
01-17 09:24:58.074 31647 31664 I OpenGLRenderer: Initialized EGL, version 1.4
01-17 09:24:58.074 31647 31664 D OpenGLRenderer: Swap behavior 2
01-17 09:24:58.120   945   998 I ActivityManager: Displayed com.dolby.qa.featuretest/.MainActivity: +299ms
01-17 09:24:58.226   475   475 D SurfaceFlinger: Backpressure trigger, skipping transaction & refresh!
01-17 09:24:58.277   475   508 E SurfaceFlinger: Failed to find layer (Toast#0) in layer parent (no-parent).
01-17 09:24:58.277   945   998 W ActivityManager: setHasOverlayUi called on unknown pid: 31550
01-17 09:24:58.621  2103  2230 W OpenGLRenderer: Incorrectly called buildLayer on View: ShortcutAndWidgetContainer, destroying layer...
01-17 09:24:58.869   945   945 W NotificationService: Object died trying to hide notification android.app.ITransientNotification$Stub$Proxy@48ab14c in package com.dolby.qa.featuretest
01-17 09:24:58.870   945   945 W WindowManager: removeWindowToken: Attempted to remove non-existing token: android.os.Binder@9517a63
01-17 09:24:58.870   945   945 W ActivityManager: setProcessForeground called on unknown pid: 31550
01-17 09:24:58.871   945   945 W NotificationService: Object died trying to show notification android.app.ITransientNotification$Stub$Proxy@ddad595 in package com.dolby.qa.featuretest
01-17 09:24:58.871   945   945 W ActivityManager: setProcessForeground called on unknown pid: 31550
01-17 09:24:58.872   945   945 W NotificationService: Object died trying to show notification android.app.ITransientNotification$Stub$Proxy@97e86aa in package com.dolby.qa.featuretest
01-17 09:24:58.881 31647 31647 D featureTest: receive broadcast , playing content location :/sdcard/featureTest/2ch_dd_25fps_channel_id.mp4
01-17 09:24:58.892 31647 31647 D featureTest: mMediaPlayer.getAudioSessionId(): 5841
01-17 09:24:58.893 31647 31647 D featureTest: Playing file: /sdcard/featureTest/2ch_dd_25fps_channel_id.mp4
01-17 09:24:58.895   710   900 D NuPlayerDriver: NuPlayerDriver(0xe6bcb770) created, clientPid(31647)
01-17 09:24:58.901 31647 31647 W MediaPlayer: Use of stream types is deprecated for operations other than volume control
01-17 09:24:58.901 31647 31647 W MediaPlayer: See the documentation of setAudioStreamType() for what to use instead with android.media.AudioAttributes to qualify your playback use case
01-17 09:24:58.903 31675 31675 W generic : type=1400 audit(0.0:483): avc: denied { read } for path="/storage/emulated/0/featuretest/2ch_dd_25fps_channel_id.mp4" dev="sdcardfs" ino=1310758 scontext=u:r:mediaextractor:s0 tcontext=u:object_r:sdcardfs:s0 tclass=file permissive=0
01-17 09:24:58.904   710 31675 D GenericSource: FileSource remote
01-17 09:24:58.905   710 31675 W GenericSource: extractor service cannot make data source
01-17 09:24:58.905   710 31675 D GenericSource: FileSource local
01-17 09:24:58.921   710 31672 D NuPlayerDriver: notifyListener_l(0xe6bcb770), (1, 0, 0, -1), loop setting(0, 0)
01-17 09:24:58.932   710   900 D NuPlayerDriver: start(0xe6bcb770), state is 4, eos is 0
01-17 09:24:58.933   710 31672 I GenericSource: start
01-17 09:24:58.937 31647 31647 W DolbyAudioEffect: WARNING: attaching a DolbyAudioEffect to global output mix is deprecated!
01-17 09:24:58.954   710 31680 I OMXClient: Treble IOmx obtained
01-17 09:24:58.955   717  5320 I OMXMaster: makeComponentInstance(OMX.dolby.ac3.decoder) in omx@1.0-service process
01-17 09:24:58.957 31647 31647 D featureTest: receive broadcast , change ds status :0
01-17 09:24:58.975   627  3512 D DlbDlbEffect: handle_EFFECT_CMD_SET_PARAM()
01-17 09:24:58.995   717  5320 I DDP_JOCDecoder: -> init name OMX.dolby.ac3.decoder
01-17 09:24:58.996   645   645 I DMSService: registerClient type = 0, uid = e7f0fb00
01-17 09:24:58.997   645   645 V DolbyMemoryService: registerClient() client 0x710ec74380, uid -403637504
01-17 09:24:58.997   717  5320 I DDP_JOCDecoder: <- init
01-17 09:24:58.997   717  5320 D DDP_JOCDecoder: initPorts
01-17 09:24:59.001   717  5320 E OMXNodeInstance: setConfig(0xe7b0a8a0:dolby.ac3.decoder, ConfigPriority(0x6f800002)) ERROR: Undefined(0x80001001)
01-17 09:24:59.001   710 31680 I ACodec  : codec does not support config priority (err -2147483648)
01-17 09:24:59.002   717  5320 E OMXNodeInstance: getConfig(0xe7b0a8a0:dolby.ac3.decoder, ConfigAndroidVendorExtension(0x6f100004)) ERROR: Undefined(0x80001001)
01-17 09:24:59.002   710 31680 I MediaCodec: MediaCodec will operate in async mode
01-17 09:24:59.003   710 31680 I ACodec  : setDolbyParameterOnProcessedAudio() Received dolby_processed_audio=1
01-17 09:24:59.003   710 31679 I NuPlayerDecoder: setDolbyMessage() Notifying player that Codec supports dolby_processed_audio flag
01-17 09:24:59.003   710 31672 I NuPlayer: onDolbyMessageReceived() Setting dolby_processed_audio flag on audio sink
01-17 09:24:59.003   710 31672 I MediaPlayerService: setDolbyParameters() Marking audio output as having dolby_processed_audio
01-17 09:24:59.003   645   645 I DMSService: unregisterClient type = 0, uid = e7f0fb00
01-17 09:24:59.018   645   645 D DatabaseHelper: failed to prepare SQL : INSERT INTO profiles VALUES(15
01-17 09:24:59.018   645   645 D DatabaseHelper: ,'custom','user2','user2','off','off')
01-17 09:24:59.018   645   645 D DatabaseHelper: failed to prepare SQL : INSERT INTO profile_endpoints VALUES(57
01-17 09:24:59.018   645   645 D DatabaseHelper: ,'custom','user2','speaker')
01-17 09:24:59.018   645   645 D DatabaseHelper: failed to prepare SQL : INSERT INTO profile_endpoints VALUES(57
01-17 09:24:59.018   645   645 D DatabaseHelper: ,'custom','user2','headphone')
01-17 09:24:59.018   645   645 D DatabaseHelper: failed to prepare SQL : INSERT INTO profile_endpoints VALUES(57
01-17 09:24:59.018   645   645 D DatabaseHelper: ,'custom','user2','passthrough')
01-17 09:24:59.018   645   645 D DatabaseHelper: failed to prepare SQL : INSERT INTO profile_endpoints VALUES(57
01-17 09:24:59.018   645   645 D DatabaseHelper: ,'custom','user2','other')
01-17 09:24:59.018   645   645 D DatabaseHelper: failed to prepare SQL : INSERT INTO profile_ports VALUES(85
01-17 09:24:59.018   645   645 D DatabaseHelper: ,'custom','user2','internal_speaker')
01-17 09:24:59.018   645   645 D DatabaseHelper: failed to prepare SQL : INSERT INTO profile_ports VALUES(85
01-17 09:24:59.018   645   645 D DatabaseHelper: ,'custom','user2','hdmi')
01-17 09:24:59.018   645   645 D DatabaseHelper: failed to prepare SQL : INSERT INTO profile_ports VALUES(85
01-17 09:24:59.018   645   645 D DatabaseHelper: ,'custom','user2','miracast')
01-17 09:24:59.018   645   645 D DatabaseHelper: failed to prepare SQL : INSERT INTO profile_ports VALUES(85
01-17 09:24:59.018   645   645 D DatabaseHelper: ,'custom','user2','headphone_port')
01-17 09:24:59.018   645   645 D DatabaseHelper: failed to prepare SQL : INSERT INTO profile_ports VALUES(85
01-17 09:24:59.018   645   645 D DatabaseHelper: ,'custom','user2','bluetooth')
01-17 09:24:59.019   645   645 D DatabaseHelper: failed to prepare SQL : INSERT INTO profile_ports VALUES(85
01-17 09:24:59.019   645   645 D DatabaseHelper: ,'custom','user2','usb')
01-17 09:24:59.019   645   645 D DatabaseHelper: failed to prepare SQL : INSERT INTO geq_presets VALUES(57
01-17 09:24:59.019   645   645 D DatabaseHelper: ,'custom','off','user2')
01-17 09:24:59.019   645   645 D DatabaseHelper: failed to prepare SQL : INSERT INTO geq_presets VALUES(57
01-17 09:24:59.019   645   645 D DatabaseHelper: ,'custom','open','user2')
01-17 09:24:59.019   645   645 D DatabaseHelper: failed to prepare SQL : INSERT INTO geq_presets VALUES(57
01-17 09:24:59.019   645   645 D DatabaseHelper: ,'custom','rich','user2')
01-17 09:24:59.019   645   645 D DatabaseHelper: failed to prepare SQL : INSERT INTO geq_presets VALUES(57
01-17 09:24:59.019   645   645 D DatabaseHelper: ,'custom','focused','user2')
01-17 09:24:59.023 31647 31647 D featureTest: receive broadcast , change ds profile id :2
01-17 09:24:59.030   627  3512 D DlbDlbEffect: handle_EFFECT_CMD_SET_PARAM()
01-17 09:24:59.037   645   713 I DapController: Profile Changed to Music
01-17 09:24:59.038   645   645 I DMSService: registerClient type = 4, uid = e7f0faf0
01-17 09:24:59.039   645   645 V DolbyMemoryService: registerClient() client 0x710ec74380, uid -403637516
01-17 09:24:59.039   717  4054 D DDP_JOCDecoder: internalSetParameter() Instantiating ARenderer for content processing in decoder
01-17 09:24:59.039   717  4054 I DlbDap2QmfProcess: Dap2Process()
01-17 09:24:59.039   717  4054 I ARenderer: ARenderer
01-17 09:24:59.039   717  4054 I evo_parser: evo_parser_init
01-17 09:24:59.039   717  4054 I DlbDap2QmfProcess: init()
01-17 09:24:59.039   717  4054 I DlbDap2QmfProcess: open()
01-17 09:24:59.040   717  4054 I DlbDap2QmfProcess: loadLicense() no license check!
01-17 09:24:59.040   717  4054 I DlbDap2QmfProcess: validateLicense() no license check!
01-17 09:24:59.040   717  4054 I DlbDap2QmfProcess: init() DAP opened
01-17 09:24:59.040   717  4054 I DlbDap2QmfProcess: DAP library version: 2.5.1-P2.0
01-17 09:24:59.040   717  4054 D DlbDap2QmfProcess: DAP output mode set to 1 with 2 output channels and null mix matrix.
01-17 09:24:59.040   710 31680 I ACodec  : setDolbyParameterOnProcessedAudio() Content processing enabled in decoder
01-17 09:24:59.042   626   626 W /system/bin/hw/android.hidl.allocator@1.0-service: ashmem_create_region(8192) returning hidl_memory(0x7b7102c330, 8192)
01-17 09:24:59.042   626   626 I chatty  : uid=1000(system) allocator@1.0-s identical 2 lines
01-17 09:24:59.043   626   626 W /system/bin/hw/android.hidl.allocator@1.0-service: ashmem_create_region(8192) returning hidl_memory(0x7b7102c330, 8192)
01-17 09:24:59.044   626   626 W /system/bin/hw/android.hidl.allocator@1.0-service: ashmem_create_region(147456) returning hidl_memory(0x7b7102c330, 147456)
01-17 09:24:59.045   626   626 I chatty  : uid=1000(system) allocator@1.0-s identical 2 lines
01-17 09:24:59.045   626   626 W /system/bin/hw/android.hidl.allocator@1.0-service: ashmem_create_region(147456) returning hidl_memory(0x7b7102c330, 147456)
01-17 09:24:59.047   717 31684 I DDP_JOCDecoder: -> start
01-17 09:24:59.047   717 31684 I EndpConfig: DAP state has changed from -1 to 0
01-17 09:24:59.047   717 31684 D DDP_JOCDecoder: Setting Max Output Channels to 2
01-17 09:24:59.047   717 31684 D DDP_JOCDecoder: setMultiChannelPCMOutDownmix mConfig->jocForceDownmixMode 1
01-17 09:24:59.048   717 31684 I udc_user: 
01-17 09:24:59.048   717 31684 I udc_user: *** DDPlus Unified Decoder Simulation  Version 1.7.3 ***
01-17 09:24:59.048   717 31684 I udc_user: 
01-17 09:24:59.048   717 31684 I udc_user: 7.1-channel decoder-converter, 
01-17 09:24:59.048   717 31684 I udc_user: 
01-17 09:24:59.048   717 31684 I udc_user: 5.1-channel dual-decoder-converter, 
01-17 09:24:59.048   717 31684 I udc_user: Karaoke unsupported, 
01-17 09:24:59.048   717 31684 I udc_user: TPNP supported. 
01-17 09:24:59.048   717 31684 I udc_user: 
01-17 09:24:59.048   717 31684 I udc_user: Unpublished work.  Copyright 2003-2014 Dolby Laboratories, Inc. and
01-17 09:24:59.048   717 31684 I udc_user: Dolby Laboratories Licensing Corporation.  All Rights Reserved.
01-17 09:24:59.048   717 31684 I udc_user: 
01-17 09:24:59.048   717 31684 I udc_user: USE OF THIS SOFTWARE IS SUBJECT TO A LEGAL AGREEMENT BETWEEN YOU AND DOLBY
01-17 09:24:59.048   717 31684 I udc_user: LABORATORIES. DO NOT USE THIS SOFTWARE UNLESS YOU AGREE TO THE TERMS AND 
01-17 09:24:59.048   717 31684 I udc_user: CONDITIONS IN THE AGREEMENT.  BY USING THIS SOFTWARE, YOU ACKNOWLEDGE THAT 
01-17 09:24:59.048   717 31684 I udc_user: YOU HAVE READ THE AGREEMENT AND THAT YOU AGREE TO BE BOUND BY ITS TERMS. 
01-17 09:24:59.048   717 31684 I udc_user: 
01-17 09:24:59.049   717 31684 I ddpdec_client_joc: ddpdec_open JOCD_MODE Buffer assignment
01-17 09:24:59.049   717 31684 D DDP_JOCDecoder: mStarted = 1
01-17 09:24:59.049   717 31684 I DDP_JOCDecoder: <- start
01-17 09:24:59.051   717 31684 D ddpdec_client_joc: ddpdec_client.c|int configDecoder()
01-17 09:24:59.052   717 31684 D DDP_JOCDecoder: Setting Max Output Channels to 2
01-17 09:24:59.052   717 31684 I DlbDap2QmfProcess: close()
01-17 09:24:59.053   717 31684 I DlbDap2QmfProcess: init()
01-17 09:24:59.053   717 31684 I DlbDap2QmfProcess: open()
01-17 09:24:59.053   717 31684 I DlbDap2QmfProcess: loadLicense() no license check!
01-17 09:24:59.053   717 31684 I DlbDap2QmfProcess: validateLicense() no license check!
01-17 09:24:59.053   717 31684 I DlbDap2QmfProcess: init() DAP opened
01-17 09:24:59.053   717 31684 I DlbDap2QmfProcess: DAP library version: 2.5.1-P2.0
01-17 09:24:59.053   717 31684 D DlbDap2QmfProcess: DAP output mode set to 1 with 2 output channels and null mix matrix.
01-17 09:24:59.053   717 31684 D ARenderer: checkAndUpdateConfig: DAP reinitialized because of sample rate change
01-17 09:24:59.053   717 31684 D ARenderer: updateDapConfig: Updating DAP configuration
01-17 09:24:59.054   717 31684 I ARenderer: updateDapConfig: Disable content processing in decoder-ARenderer
01-17 09:24:59.054   717 31684 D DlbDap2QmfProcess: setParam(deon = #1[0])
01-17 09:24:59.054   717 31684 D DlbDap2QmfProcess: setParam(dvle = #1[0])
01-17 09:24:59.054   717 31684 D DlbDap2QmfProcess: setParam(ieon = #1[0])
01-17 09:24:59.054   717 31684 D DlbDap2QmfProcess: setParam(dvme = #1[0])
01-17 09:24:59.054   717 31684 D DlbDap2QmfProcess: setParam(dom = #1[0])
01-17 09:24:59.054   717 31684 D DlbDap2QmfProcess: setParam(msce = #1[0])
01-17 09:24:59.054   717 31684 D DlbDap2QmfProcess: setParam(miee = #1[0])
01-17 09:24:59.054   717 31684 D DlbDap2QmfProcess: setParam(mdle = #1[0])
01-17 09:24:59.054   717 31684 D DlbDap2QmfProcess: setParam(mdee = #1[0])
01-17 09:24:59.054   717 31684 D DlbDap2QmfProcess: setParam(mave = #1[0])
01-17 09:24:59.054   717 31684 D DlbDap2QmfProcess: setParam(ngon = #1[0])
01-17 09:24:59.054   717 31684 D DlbDap2QmfProcess: setParam(dvle = #1[1])
01-17 09:24:59.054   717 31684 D DlbDap2QmfProcess: setParam(dvli = #1[-496])
01-17 09:24:59.054   717 31684 D DlbDap2QmfProcess: setParam(dvlo = #1[-224])
01-17 09:24:59.054   717 31684 D ARenderer: updateDapVolumeLeveler: Setting output level to -14.00dB
01-17 09:24:59.054   717 31684 D DlbDap2QmfProcess: setParam(vmb = #1[0])
01-17 09:24:59.054   717 31684 D DlbDap2QmfProcess: setParam(preg = #1[-384])
01-17 09:24:59.054   717 31684 D DlbDap2QmfProcess: setParam(vol = #1[384])
01-17 09:24:59.054   717 31684 D DlbDlbBufferProvider: setConfig() Updating buffer configuration.
01-17 09:24:59.054   717 31684 D DlbDap2QmfProcess: processQmf() called [0] times
01-17 09:24:59.055   717 31684 D DlbDap2QmfProcess: setMave(mave = 0)
01-17 09:24:59.069   710 31678 D AudioTrack: Client defaulted notificationFrames to 12000 for frameCount 24000
01-17 09:24:59.070   684   684 I AudioFlinger: attachAuxEffect(): Marking track 779 as containing processed audio
01-17 09:24:59.070   684   684 D AudioFlinger: trackContainsProcessedAudio() Track id 779 contains processed audio
01-17 09:24:59.071   626   626 W /system/bin/hw/android.hidl.allocator@1.0-service: ashmem_create_region(3840) returning hidl_memory(0x7b7102c330, 3840)
01-17 09:24:59.072   626   626 W /system/bin/hw/android.hidl.allocator@1.0-service: ashmem_create_region(3840) returning hidl_memory(0x7b7102c330, 3840)
01-17 09:24:59.073   684  7227 D AudioFlinger: trackStateChanged() Track id 779 state changed to 6
01-17 09:24:59.073   684  7227 I AudioFlinger: updateProcessedAudioState() Changing content processing in effect to 1
01-17 09:24:59.073   627   924 D DlbDlbEffect: handle_EFFECT_CMD_SET_PARAM()
01-17 09:24:59.074   710 31672 D NuPlayerDriver: notifyListener_l(0xe6bcb770), (6, 0, 0, -1), loop setting(0, 1)
01-17 09:24:59.077   627  3892 I DlbEffectContext: setContentProcEnabled() Disabling content processing in effect
01-17 09:24:59.077   627  3892 D DlbDapEndpointParamCache: commitChangedParams()
01-17 09:24:59.077   627  3892 D DlbDapEndpointParamCache: commit() Applying parameters for device 0x40000000
01-17 09:24:59.077   627  3892 D DlbDap2Process: setParam(msce = #1[0])
01-17 09:24:59.077   627  3892 D DlbDap2Process: setParam(mdee = #1[0])
01-17 09:24:59.077   627  3892 D DlbDap2Process: setParam(miee = #1[0])
01-17 09:24:59.077   627  3892 D DlbDap2Process: setParam(mdle = #1[0])
01-17 09:24:59.077   627  3892 D DlbDap2Process: setParam(dvle = #1[0])
01-17 09:24:59.077   627  3892 D DlbDap2Process: setParam(mave = #1[0])
01-17 09:24:59.077   627  3892 D DlbDap2Process: setParam(ieon = #1[0])
01-17 09:24:59.077   627  3892 D DlbDapEndpointParamCache: doCommit() Committed 7 parameters out of 16.
01-17 09:24:59.077   627  3892 D DlbDapEndpointParamCache: commit() Overriding parameters for current device 0x00000002
01-17 09:24:59.077   627  3892 D DlbDap2Process: setParam(dom = #1[0])
01-17 09:24:59.077   627  3892 D DlbDap2Process: setParam(dvle = #1[0])
01-17 09:24:59.077   627  3892 D DlbDap2Process: setParam(dvme = #1[0])
01-17 09:24:59.077   627  3892 D DlbDap2Process: setParam(deon = #1[0])
01-17 09:24:59.077   627  3892 D DlbDap2Process: setParam(ngon = #1[0])
01-17 09:24:59.077   627  3892 D DlbDapEndpointParamCache: doCommit() Committed 5 parameters out of 37.
01-17 09:24:59.079   627  3892 D DlbDapCrossfadeProcess: setEnabled transitioning from FADE_TO_ACTIVE state to FADE_TO_BYPASS
01-17 09:24:59.080   627  3892 D DlbDapEndpointParamCache: commitChangedParams()
01-17 09:24:59.080   627  3892 D DlbDapEndpointParamCache: commit() Applying parameters for device 0x40000000
01-17 09:24:59.080   627  3892 D DlbDap2Process: setParam(iea = #1[10])
01-17 09:24:59.080   627  3892 D DlbDap2Process: setParam(vcbf = #20[47, 141, 234, 328, 469, 656, 844, 1031, 1313, 1688, 2250, 3000, 3750, 4688, 5813, 7125, 9000, 11250, 13875, 19688])
01-17 09:24:59.080   627  3892 D DlbDap2Process: setParam(vbon = #1[0])
01-17 09:24:59.080   627  3892 D DlbDap2Process: setParam(beon = #1[0])
01-17 09:24:59.081   627  3892 D DlbDap2Process: setParam(geon = #1[0])
01-17 09:24:59.081   627  3892 D DlbDap2Process: setParam(gebs = #41[20, 47, 141, 234, 328, 469, 656, 844, 1031, 1313, 1688, 2250, 3000, 3750, 4688, 5813, 7125, 9000, 11250, 13875, 19688, 0, 0, 0, 0, 0, 0, 0, 0, 0, 0, 0, 0, 0, 0, 0, 0, 0, 0, 0, 0])
01-17 09:24:59.081   627  3892 D DlbDap2Process: setParam(iebs = #41[20, 65, 136, 223, 332, 467, 634, 841, 1098, 1416, 1812, 2302, 2909, 3663, 4598, 5756, 7194, 8976, 11186, 13927, 17326, 117, 133, 188, 176, 141, 149, 175, 185, 185, 200, 236, 242, 228, 213, 182, 132, 110, 68, -27, -240])
01-17 09:24:59.081   627  3892 D DlbDapEndpointParamCache: doCommit() Committed 8 parameters out of 16.
01-17 09:24:59.081   627  3892 D DlbDapEndpointParamCache: commit() Overriding parameters for current device 0x00000002
01-17 09:24:59.081   627  3892 D DlbDap2Process: setParam(dea = #1[7])
01-17 09:24:59.081   627  3892 D DlbDap2Process: setParam(dsa = #1[10])
01-17 09:24:59.081   627  3892 D DlbDap2Process: setParam(beb = #1[192])
01-17 09:24:59.081   627  3892 D DlbDap2Process: setParam(plb = #1[0])
01-17 09:24:59.081   627  3892 D DlbDap2Process: setParam(vmb = #1[144])
01-17 09:24:59.081   627  3892 D DlbDap2Process: setParam(dsb = #1[0])
01-17 09:24:59.081   627  3892 D DlbDap2Process: setParam(ded = #1[0])
01-17 09:24:59.081   627  3892 D DlbDap2Process: setParam(vbm = #1[3])
01-17 09:24:59.081   627  3892 D DlbDap2Process: setParam(bew = #1[16])
01-17 09:24:59.081   627  3892 D DlbDap2Process: setParam(dvla = #1[4])
01-17 09:24:59.081   627  3892 D DlbDap2Process: setParam(arra = #1[96])
01-17 09:24:59.081   627  3892 D DlbDap2Process: setParam(dfsa = #1[10])
01-17 09:24:59.081   627  3892 D DlbDap2Process: setParam(dhsa = #1[10])
01-17 09:24:59.081   627  3892 D DlbDap2Process: setParam(dvmc = #1[0])
01-17 09:24:59.081   627  3892 D DlbDap2Process: setParam(arod = #1[0])
01-17 09:24:59.081   627  3892 D DlbDap2Process: setParam(arde = #1[1])
01-17 09:24:59.081   627  3892 D DlbDap2Process: setParam(becf = #1[200])
01-17 09:24:59.081   627  3892 D DlbDap2Process: setParam(vbmf = #2[94, 469])
01-17 09:24:59.081   627  3892 D DlbDap2Process: setParam(vbsf = #2[35, 160])
01-17 09:24:59.081   627  3892 D DlbDap2Process: setParam(vbhg = #3[-32, -144, -192])
01-17 09:24:59.081   627  3892 D DlbDap2Process: setParam(vbog = #1[0])
01-17 09:24:59.081   627  3892 D DlbDap2Process: setParam(vbsg = #1[0])
01-17 09:24:59.081   627  3892 D DlbDap2Process: setParam(dvli = #1[-320])
01-17 09:24:59.081   627  3892 D DlbDap2Process: setParam(dhfm = #1[2])
01-17 09:24:59.081   627  3892 D DlbDap2Process: setParam(vbon = #1[0])
01-17 09:24:59.081   627  3892 D DlbDap2Process: setParam(beon = #1[0])
01-17 09:24:59.081   627  3892 D DlbDap2Process: setParam(aoon = #1[1])
01-17 09:24:59.081   627  3892 D DlbDap2Process: setParam(aron = #1[1])
01-17 09:24:59.081   627  3892 D DlbDap2Process: setParam(dvlo = #1[-320])
01-17 09:24:59.081   627  3892 D DlbDap2Process: setParam(artp = #1[12])
01-17 09:24:59.082   627  3892 D DlbDap2Process: setParam(aobs = #222[20, 10, 47, 141, 234, 328, 469, 656, 844, 1031, 1313, 1688, 2250, 3000, 3750, 4688, 5813, 7125, 9000, 11250, 13875, 19688, 0, 0, 0, 0, 0, 0, 0, 0, 0, 0, 0, 0, 0, 0, 0, 0, 0, 0, 0, 0, 0, 0, 0, 0, 0, 0, 0, 0, 0, 0, 0, 0, 0, 0, 0, 0, 0, 0, 0, 0, 0, 0, 0, 0, 0, 0, 0, 0, 0, 0, 0, 0, 0, 0, 0, 0, 0, 0, 0, 0, 0, 0, 0, 0, 0, 0, 0, 0, 0, 0, 0, 0, 0, 0, 0, 0, 0, 0, 0, 0, 0, 0, 0, 0, 0, 0, 0, 0, 0, 0, 0, 0, 0, 0, 0, 0, 0, 0, 0, 0, 0, 0, 0, 0, 0, 0, 0, 0, 0, 0, 0, 0, 0, 0, 0, 0, 0, 0, 0, 0, 0, 0, 0, 0, 0, 0, 0, 0, 0, 0, 0, 0, 0, 0, 0, 0, 0, 0, 0, 0, 0, 0, 0, 0, 0, 0, 0, 0, 0, 0, 0, 0, 0, 0, 0, 0, 0, 0, 0, 0, 0, 0, 0, 0, 0, 0, 0, 0, 0, 0, 0, 0, 0, 0, 0, 0, 0, 0, 0, 0, 0, 0, 0, 0, 0, 0, 0, 0, 0, 0, 0, 0, 0, 0, 0, 0, 0, 0, 0, 0])
01-17 09:24:59.082   627  3892 D DlbDap2Process: setParam(arbs = #81[20, 47, 141, 234, 328, 469, 656, 844, 1031, 1313, 1688, 2250, 3000, 3750, 4688, 5813, 7125, 9000, 11250, 13875, 19688, -192, -192, -192, -192, -192, -192, -192, -192, -192, -192, -192, -192, -192, -192, -192, -192, -192, -192, -192, -192, 0, 0, 0, 0, 0, 0, 0, 0, 0, 0, 0, 0, 0, 0, 0, 0, 0, 0, 0, 0, 0, 0, 0, 0, 0, 0, 0, 0, 0, 0, 0, 0, 0, 0, 0, 0, 0, 0, 0, 0])
01-17 09:24:59.082   627  3892 D DlbDapEndpointParamCache: doCommit() Committed 32 parameters out of 37.
01-17 09:24:59.082   627  3892 D DlbDlbBufferProvider: updateCapacity(): update capacity to 960
01-17 09:24:59.082   627  3892 D DlbDap2Process: setMave(mave = 0)
01-17 09:24:59.083   627  3977 I ACDB-LOADER: ACDB AFE returned = -19
01-17 09:24:59.083   627  3977 D audio_hw_primary: enable_audio_route: usecase(1) apply and update mixer path: low-latency-playback speaker
01-17 09:24:59.084   726   757 E ANDR-PERF-OPTSHANDLER: Warning: Resource [2, 0] not supported for core 1. Instead use resource for core 0
01-17 09:24:59.084   726   757 E ANDR-PERF-RESOURCEQS: Failed to apply optimization [2, 2, 0]
01-17 09:24:59.087 31647 31647 D featureTest: receive broadcast , playing content location :/sdcard/featureTest/2ch_dd_25fps_channel_id.mp4
01-17 09:24:59.089   710   900 D NuPlayerDriver: stop(0xe6bcb770)
01-17 09:24:59.090   710   900 D NuPlayerDriver: notifyListener_l(0xe6bcb770), (8, 0, 0, -1), loop setting(0, 1)
01-17 09:24:59.090   710   900 D NuPlayerDriver: reset(0xe6bcb770) at state 8
01-17 09:24:59.101   717  4054 I DDP_JOCDecoder: -> ~DDPDecoder
01-17 09:24:59.101   717  4054 I DDP_JOCDecoder: -> stop
01-17 09:24:59.102   645   645 I DMSService: unregisterClient type = 4, uid = e7f0faf0
01-17 09:24:59.133   645   645 D DatabaseHelper: failed to prepare SQL : INSERT INTO profiles VALUES(15
01-17 09:24:59.133   645   645 D DatabaseHelper: ,'custom','user2','user2','off','off')
01-17 09:24:59.133   645   645 D DatabaseHelper: failed to prepare SQL : INSERT INTO profile_endpoints VALUES(57
01-17 09:24:59.133   645   645 D DatabaseHelper: ,'custom','user2','speaker')
01-17 09:24:59.133   645   645 D DatabaseHelper: failed to prepare SQL : INSERT INTO profile_endpoints VALUES(57
01-17 09:24:59.133   645   645 D DatabaseHelper: ,'custom','user2','headphone')
01-17 09:24:59.134   645   645 D DatabaseHelper: failed to prepare SQL : INSERT INTO profile_endpoints VALUES(57
01-17 09:24:59.134   645   645 D DatabaseHelper: ,'custom','user2','passthrough')
01-17 09:24:59.135   645   645 D DatabaseHelper: failed to prepare SQL : INSERT INTO profile_endpoints VALUES(57
01-17 09:24:59.135   645   645 D DatabaseHelper: ,'custom','user2','other')
01-17 09:24:59.135   645   645 D DatabaseHelper: failed to prepare SQL : INSERT INTO profile_ports VALUES(85
01-17 09:24:59.135   645   645 D DatabaseHelper: ,'custom','user2','internal_speaker')
01-17 09:24:59.135   645   645 D DatabaseHelper: failed to prepare SQL : INSERT INTO profile_ports VALUES(85
01-17 09:24:59.135   645   645 D DatabaseHelper: ,'custom','user2','hdmi')
01-17 09:24:59.135   645   645 D DatabaseHelper: failed to prepare SQL : INSERT INTO profile_ports VALUES(85
01-17 09:24:59.135   645   645 D DatabaseHelper: ,'custom','user2','miracast')
01-17 09:24:59.135   645   645 D DatabaseHelper: failed to prepare SQL : INSERT INTO profile_ports VALUES(85
01-17 09:24:59.135   645   645 D DatabaseHelper: ,'custom','user2','headphone_port')
01-17 09:24:59.135   645   645 D DatabaseHelper: failed to prepare SQL : INSERT INTO profile_ports VALUES(85
01-17 09:24:59.135   645   645 D DatabaseHelper: ,'custom','user2','bluetooth')
01-17 09:24:59.135   645   645 D DatabaseHelper: failed to prepare SQL : INSERT INTO profile_ports VALUES(85
01-17 09:24:59.135   645   645 D DatabaseHelper: ,'custom','user2','usb')
01-17 09:24:59.136   645   645 D DatabaseHelper: failed to prepare SQL : INSERT INTO geq_presets VALUES(57
01-17 09:24:59.136   645   645 D DatabaseHelper: ,'custom','off','user2')
01-17 09:24:59.136   645   645 D DatabaseHelper: failed to prepare SQL : INSERT INTO geq_presets VALUES(57
01-17 09:24:59.136   645   645 D DatabaseHelper: ,'custom','open','user2')
01-17 09:24:59.136   645   645 D DatabaseHelper: failed to prepare SQL : INSERT INTO geq_presets VALUES(57
01-17 09:24:59.136   645   645 D DatabaseHelper: ,'custom','rich','user2')
01-17 09:24:59.136   645   645 D DatabaseHelper: failed to prepare SQL : INSERT INTO geq_presets VALUES(57
01-17 09:24:59.136   645   645 D DatabaseHelper: ,'custom','focused','user2')
01-17 09:24:59.146   717  4054 I DDP_JOCDecoder: <- stop
01-17 09:24:59.147   717  4054 I ARenderer: ~ARenderer
01-17 09:24:59.147   717  4054 I evo_parser: evo_parser_close
01-17 09:24:59.147   717  4054 I DlbDap2QmfProcess: ~Dap2Process()
01-17 09:24:59.147   717  4054 I DlbDap2QmfProcess: close()
01-17 09:24:59.147   717  4054 I DDP_JOCDecoder: <- ~DDPDecoder
01-17 09:24:59.153   627  3892 I DlbEffectContext: setContentProcEnabled() Enabling content processing in global effect
01-17 09:24:59.153   627  3892 D DlbDapEndpointParamCache: commitChangedParams()
01-17 09:24:59.153   627  3892 D DlbDapEndpointParamCache: commit() Applying parameters for device 0x40000000
01-17 09:24:59.153   627  3892 D DlbDap2Process: setParam(iea = #1[10])
01-17 09:24:59.153   627  3892 D DlbDap2Process: setParam(msce = #1[0])
01-17 09:24:59.153   627  3892 D DlbDap2Process: setParam(mdee = #1[0])
01-17 09:24:59.153   627  3892 D DlbDap2Process: setParam(miee = #1[0])
01-17 09:24:59.153   627  3892 D DlbDap2Process: setParam(mdle = #1[0])
01-17 09:24:59.153   627  3892 D DlbDap2Process: setParam(dvle = #1[1])
01-17 09:24:59.153   627  3892 D DlbDap2Process: setParam(mave = #1[0])
01-17 09:24:59.153   627  3892 D DlbDap2Process: setParam(vcbf = #20[47, 141, 234, 328, 469, 656, 844, 1031, 1313, 1688, 2250, 3000, 3750, 4688, 5813, 7125, 9000, 11250, 13875, 19688])
01-17 09:24:59.153   627  3892 D DlbDap2Process: setParam(vbon = #1[0])
01-17 09:24:59.153   627  3892 D DlbDap2Process: setParam(beon = #1[0])
01-17 09:24:59.153   627  3892 D DlbDap2Process: setParam(geon = #1[0])
01-17 09:24:59.154   627  3892 D DlbDap2Process: setParam(ieon = #1[1])
01-17 09:24:59.154   627  3892 D DlbDap2Process: setParam(gebs = #41[20, 47, 141, 234, 328, 469, 656, 844, 1031, 1313, 1688, 2250, 3000, 3750, 4688, 5813, 7125, 9000, 11250, 13875, 19688, 0, 0, 0, 0, 0, 0, 0, 0, 0, 0, 0, 0, 0, 0, 0, 0, 0, 0, 0, 0])
01-17 09:24:59.154   627  3892 D DlbDap2Process: setParam(iebs = #41[20, 65, 136, 223, 332, 467, 634, 841, 1098, 1416, 1812, 2302, 2909, 3663, 4598, 5756, 7194, 8976, 11186, 13927, 17326, 117, 133, 188, 176, 141, 149, 175, 185, 185, 200, 236, 242, 228, 213, 182, 132, 110, 68, -27, -240])
01-17 09:24:59.154   627  3892 D DlbDapEndpointParamCache: doCommit() Committed 15 parameters out of 16.
01-17 09:24:59.154   627  3892 D DlbDapEndpointParamCache: commit() Overriding parameters for current device 0x00000002
01-17 09:24:59.154   627  3892 D DlbDap2Process: setParam(dea = #1[7])
01-17 09:24:59.154   627  3892 D DlbDap2Process: setParam(dsa = #1[10])
01-17 09:24:59.154   627  3892 D DlbDap2Process: setParam(beb = #1[192])
01-17 09:24:59.154   627  3892 D DlbDap2Process: setParam(plb = #1[0])
01-17 09:24:59.154   627  3892 D DlbDap2Process: setParam(vmb = #1[144])
01-17 09:24:59.154   627  3892 D DlbDap2Process: setParam(dsb = #1[0])
01-17 09:24:59.154   627  3892 D DlbDap2Process: setParam(ded = #1[0])
01-17 09:24:59.154   627  3892 D DlbDap2Process: setParam(vbm = #1[3])
01-17 09:24:59.154   627  3892 D DlbDap2Process: setParam(dom = #1[0])
01-17 09:24:59.154   627  3892 D DlbDap2Process: setParam(bew = #1[16])
01-17 09:24:59.154   627  3892 D DlbDap2Process: setParam(dvla = #1[4])
01-17 09:24:59.154   627  3892 D DlbDap2Process: setParam(arra = #1[96])
01-17 09:24:59.154   627  3892 D DlbDap2Process: setParam(dfsa = #1[10])
01-17 09:24:59.154   627  3892 D DlbDap2Process: setParam(dhsa = #1[10])
01-17 09:24:59.155   627  3892 D DlbDap2Process: setParam(dvmc = #1[0])
01-17 09:24:59.155   627  3892 D DlbDap2Process: setParam(arod = #1[0])
01-17 09:24:59.155   627  3892 D DlbDap2Process: setParam(arde = #1[1])
01-17 09:24:59.155   627  3892 D DlbDap2Process: setParam(dvle = #1[1])
01-17 09:24:59.155   627  3892 D DlbDap2Process: setParam(dvme = #1[0])
01-17 09:24:59.155   627  3892 D DlbDap2Process: setParam(becf = #1[200])
01-17 09:24:59.155   627  3892 D DlbDap2Process: setParam(vbmf = #2[94, 469])
01-17 09:24:59.155   627  3892 D DlbDap2Process: setParam(vbsf = #2[35, 160])
01-17 09:24:59.155   627  3892 D DlbDap2Process: setParam(vbhg = #3[-32, -144, -192])
01-17 09:24:59.155   627  3892 D DlbDap2Process: setParam(vbog = #1[0])
01-17 09:24:59.155   627  3892 D DlbDap2Process: setParam(vbsg = #1[0])
01-17 09:24:59.155   627  3892 D DlbDap2Process: setParam(dvli = #1[-320])
01-17 09:24:59.155   627  3892 D DlbDap2Process: setParam(dhfm = #1[2])
01-17 09:24:59.155   627  3892 D DlbDap2Process: setParam(vbon = #1[0])
01-17 09:24:59.155   627  3892 D DlbDap2Process: setParam(beon = #1[0])
01-17 09:24:59.155   627  3892 D DlbDap2Process: setParam(deon = #1[0])
01-17 09:24:59.155   627  3892 D DlbDap2Process: setParam(ngon = #1[1])
01-17 09:24:59.155   627  3892 D DlbDap2Process: setParam(aoon = #1[1])
01-17 09:24:59.155   627  3892 D DlbDap2Process: setParam(aron = #1[1])
01-17 09:24:59.155   627  3892 D DlbDap2Process: setParam(dvlo = #1[-320])
01-17 09:24:59.155   627  3892 D DlbDap2Process: setParam(artp = #1[12])
01-17 09:24:59.156   627  3892 D DlbDap2Process: setParam(aobs = #222[20, 10, 47, 141, 234, 328, 469, 656, 844, 1031, 1313, 1688, 2250, 3000, 3750, 4688, 5813, 7125, 9000, 11250, 13875, 19688, 0, 0, 0, 0, 0, 0, 0, 0, 0, 0, 0, 0, 0, 0, 0, 0, 0, 0, 0, 0, 0, 0, 0, 0, 0, 0, 0, 0, 0, 0, 0, 0, 0, 0, 0, 0, 0, 0, 0, 0, 0, 0, 0, 0, 0, 0, 0, 0, 0, 0, 0, 0, 0, 0, 0, 0, 0, 0, 0, 0, 0, 0, 0, 0, 0, 0, 0, 0, 0, 0, 0, 0, 0, 0, 0, 0, 0, 0, 0, 0, 0, 0, 0, 0, 0, 0, 0, 0, 0, 0, 0, 0, 0, 0, 0, 0, 0, 0, 0, 0, 0, 0, 0, 0, 0, 0, 0, 0, 0, 0, 0, 0, 0, 0, 0, 0, 0, 0, 0, 0, 0, 0, 0, 0, 0, 0, 0, 0, 0, 0, 0, 0, 0, 0, 0, 0, 0, 0, 0, 0, 0, 0, 0, 0, 0, 0, 0, 0, 0, 0, 0, 0, 0, 0, 0, 0, 0, 0, 0, 0, 0, 0, 0, 0, 0, 0, 0, 0, 0, 0, 0, 0, 0, 0, 0, 0, 0, 0, 0, 0, 0, 0, 0, 0, 0, 0, 0, 0, 0, 0, 0, 0, 0, 0, 0, 0, 0, 0, 0, 0])
01-17 09:24:59.156   627  3892 D DlbDap2Process: setParam(arbs = #81[20, 47, 141, 234, 328, 469, 656, 844, 1031, 1313, 1688, 2250, 3000, 3750, 4688, 5813, 7125, 9000, 11250, 13875, 19688, -192, -192, -192, -192, -192, -192, -192, -192, -192, -192, -192, -192, -192, -192, -192, -192, -192, -192, -192, -192, 0, 0, 0, 0, 0, 0, 0, 0, 0, 0, 0, 0, 0, 0, 0, 0, 0, 0, 0, 0, 0, 0, 0, 0, 0, 0, 0, 0, 0, 0, 0, 0, 0, 0, 0, 0, 0, 0, 0, 0])
01-17 09:24:59.156   627  3892 D DlbDapEndpointParamCache: doCommit() Committed 37 parameters out of 37.
01-17 09:24:59.157   627  3892 D DlbDap2Process: setMave(mave = 0)
01-17 09:24:59.157   710 31672 D NuPlayerDriver: notifyResetComplete(0xe6bcb770)
01-17 09:24:59.158   710   900 D NuPlayerDriver: reset(0xe6bcb770) at state 0
01-17 09:24:59.159 31647 31647 V MediaPlayer: resetDrmState:  mDrmInfo=null mDrmProvisioningThread=null mPrepareDrmInProgress=false mActiveDrmScheme=false
01-17 09:24:59.159 31647 31647 V MediaPlayer: cleanDrmObj: mDrmObj=null mDrmSessionId=null
01-17 09:24:59.160 31647 31647 V MediaPlayer: resetDrmState:  mDrmInfo=null mDrmProvisioningThread=null mPrepareDrmInProgress=false mActiveDrmScheme=false
01-17 09:24:59.160 31647 31647 V MediaPlayer: cleanDrmObj: mDrmObj=null mDrmSessionId=null
01-17 09:24:59.164 31647 31647 D featureTest: mMediaPlayer.getAudioSessionId(): 5849
01-17 09:24:59.164 31647 31647 D featureTest: Playing file: /sdcard/featureTest/2ch_dd_25fps_channel_id.mp4
01-17 09:24:59.165   710   900 D NuPlayerDriver: NuPlayerDriver(0xe6bcb850) created, clientPid(31647)
01-17 09:24:59.169 31647 31647 W MediaPlayer: Use of stream types is deprecated for operations other than volume control
01-17 09:24:59.169 31647 31647 W MediaPlayer: See the documentation of setAudioStreamType() for what to use instead with android.media.AudioAttributes to qualify your playback use case
01-17 09:24:59.170 31699 31699 W generic : type=1400 audit(0.0:484): avc: denied { read } for path="/storage/emulated/0/featuretest/2ch_dd_25fps_channel_id.mp4" dev="sdcardfs" ino=1310758 scontext=u:r:mediaextractor:s0 tcontext=u:object_r:sdcardfs:s0 tclass=file permissive=0
01-17 09:24:59.171   710 31699 D GenericSource: FileSource remote
01-17 09:24:59.171   710 31699 W GenericSource: extractor service cannot make data source
01-17 09:24:59.171   710 31699 D GenericSource: FileSource local
01-17 09:24:59.181   710 31698 D NuPlayerDriver: notifyListener_l(0xe6bcb850), (1, 0, 0, -1), loop setting(0, 0)
01-17 09:24:59.186   710   900 D NuPlayerDriver: start(0xe6bcb850), state is 4, eos is 0
01-17 09:24:59.186   710 31698 I GenericSource: start
01-17 09:24:59.189 31647 31647 W DolbyAudioEffect: WARNING: attaching a DolbyAudioEffect to global output mix is deprecated!
01-17 09:24:59.194 31647 31647 D featureTest: receive broadcast , change ds status :1
01-17 09:24:59.201   684  1056 D AudioFlinger: trackStateChanged() Track id 779 state changed to 2
01-17 09:24:59.201   684  1056 I AudioFlinger: updateProcessedAudioState() Changing content processing in effect to 0
01-17 09:24:59.201   627   924 D DlbDlbEffect: handle_EFFECT_CMD_SET_PARAM()
01-17 09:24:59.205   710 31703 I OMXClient: Treble IOmx obtained
01-17 09:24:59.206   717  5320 I OMXMaster: makeComponentInstance(OMX.dolby.ac3.decoder) in omx@1.0-service process
01-17 09:24:59.212   684  1056 D AudioFlinger: trackDestroyed() Track id 779 no longer contains processed audio
01-17 09:24:59.215   627  3892 D DlbDapCrossfadeProcess: process transitioning from FADE_TO_BYPASS state to DAP_BYPASSED
01-17 09:24:59.216   627  3512 D DlbDlbEffect: handle_EFFECT_CMD_SET_PARAM()
01-17 09:24:59.216   684   928 W AudioFlinger::EffectModule: EffectModule 0xed0e1d80 destructor called with unreleased interface
01-17 09:24:59.216   684   928 W AudioFlinger::EffectHandle: disconnect Effect handle 0xee163300 disconnected after thread destruction
01-17 09:24:59.231   627  3892 D DlbDapCrossfadeProcess: setEnabled transitioning from DAP_BYPASSED state to PREROLL_ACTIVE
01-17 09:24:59.243   717  5320 I DDP_JOCDecoder: -> init name OMX.dolby.ac3.decoder
01-17 09:24:59.244   645   645 I DMSService: registerClient type = 0, uid = e7f0fb00
01-17 09:24:59.244   645   645 V DolbyMemoryService: registerClient() client 0x710ec74380, uid -403637504
01-17 09:24:59.244   717  5320 I DDP_JOCDecoder: <- init
01-17 09:24:59.244   717  5320 D DDP_JOCDecoder: initPorts
01-17 09:24:59.245   717  5320 E OMXNodeInstance: setConfig(0xe7b0a000:dolby.ac3.decoder, ConfigPriority(0x6f800002)) ERROR: Undefined(0x80001001)
01-17 09:24:59.246   710 31703 I ACodec  : codec does not support config priority (err -2147483648)
01-17 09:24:59.246   717 21044 E OMXNodeInstance: getConfig(0xe7b0a000:dolby.ac3.decoder, ConfigAndroidVendorExtension(0x6f100004)) ERROR: Undefined(0x80001001)
01-17 09:24:59.246   710 31703 I MediaCodec: MediaCodec will operate in async mode
01-17 09:24:59.246   710 31703 I ACodec  : setDolbyParameterOnProcessedAudio() Received dolby_processed_audio=1
01-17 09:24:59.246   710 31702 I NuPlayerDecoder: setDolbyMessage() Notifying player that Codec supports dolby_processed_audio flag
01-17 09:24:59.247   710 31698 I NuPlayer: onDolbyMessageReceived() Setting dolby_processed_audio flag on audio sink
01-17 09:24:59.247   710 31698 I MediaPlayerService: setDolbyParameters() Marking audio output as having dolby_processed_audio
01-17 09:24:59.247   645   645 I DMSService: unregisterClient type = 0, uid = e7f0fb00
01-17 09:24:59.265 31647 31647 D featureTest: receive broadcast , change ds profile id :5
01-17 09:24:59.270   645   645 D DatabaseHelper: failed to prepare SQL : INSERT INTO profiles VALUES(15
01-17 09:24:59.270   645   645 D DatabaseHelper: ,'custom','user2','user2','off','off')
01-17 09:24:59.270   645   645 D DatabaseHelper: failed to prepare SQL : INSERT INTO profile_endpoints VALUES(57
01-17 09:24:59.270   645   645 D DatabaseHelper: ,'custom','user2','speaker')
01-17 09:24:59.270   645   645 D DatabaseHelper: failed to prepare SQL : INSERT INTO profile_endpoints VALUES(57
01-17 09:24:59.270   645   645 D DatabaseHelper: ,'custom','user2','headphone')
01-17 09:24:59.271   645   645 D DatabaseHelper: failed to prepare SQL : INSERT INTO profile_endpoints VALUES(57
01-17 09:24:59.271   645   645 D DatabaseHelper: ,'custom','user2','passthrough')
01-17 09:24:59.271   645   645 D DatabaseHelper: failed to prepare SQL : INSERT INTO profile_endpoints VALUES(57
01-17 09:24:59.271   645   645 D DatabaseHelper: ,'custom','user2','other')
01-17 09:24:59.271   645   645 D DatabaseHelper: failed to prepare SQL : INSERT INTO profile_ports VALUES(85
01-17 09:24:59.271   645   645 D DatabaseHelper: ,'custom','user2','internal_speaker')
01-17 09:24:59.271   645   645 D DatabaseHelper: failed to prepare SQL : INSERT INTO profile_ports VALUES(85
01-17 09:24:59.271   645   645 D DatabaseHelper: ,'custom','user2','hdmi')
01-17 09:24:59.271   645   645 D DatabaseHelper: failed to prepare SQL : INSERT INTO profile_ports VALUES(85
01-17 09:24:59.271   645   645 D DatabaseHelper: ,'custom','user2','miracast')
01-17 09:24:59.271   645   645 D DatabaseHelper: failed to prepare SQL : INSERT INTO profile_ports VALUES(85
01-17 09:24:59.271   645   645 D DatabaseHelper: ,'custom','user2','headphone_port')
01-17 09:24:59.272   645   645 D DatabaseHelper: failed to prepare SQL : INSERT INTO profile_ports VALUES(85
01-17 09:24:59.272   645   645 D DatabaseHelper: ,'custom','user2','bluetooth')
01-17 09:24:59.272   645   645 D DatabaseHelper: failed to prepare SQL : INSERT INTO profile_ports VALUES(85
01-17 09:24:59.272   645   645 D DatabaseHelper: ,'custom','user2','usb')
01-17 09:24:59.273   645   645 D DatabaseHelper: failed to prepare SQL : INSERT INTO geq_presets VALUES(57
01-17 09:24:59.273   645   645 D DatabaseHelper: ,'custom','off','user2')
01-17 09:24:59.273   645   645 D DatabaseHelper: failed to prepare SQL : INSERT INTO geq_presets VALUES(57
01-17 09:24:59.273   645   645 D DatabaseHelper: ,'custom','open','user2')
01-17 09:24:59.273   645   645 D DatabaseHelper: failed to prepare SQL : INSERT INTO geq_presets VALUES(57
01-17 09:24:59.273   645   645 D DatabaseHelper: ,'custom','rich','user2')
01-17 09:24:59.273   645   645 D DatabaseHelper: failed to prepare SQL : INSERT INTO geq_presets VALUES(57
01-17 09:24:59.273   645   645 D DatabaseHelper: ,'custom','focused','user2')
01-17 09:24:59.283   627  3512 D DlbDlbEffect: handle_EFFECT_CMD_SET_PARAM()
01-17 09:24:59.283   645   645 I DMSService: registerClient type = 4, uid = e7f0faf0
01-17 09:24:59.283   645   645 V DolbyMemoryService: registerClient() client 0x710ec74380, uid -403637516
01-17 09:24:59.283   717 21044 D DDP_JOCDecoder: internalSetParameter() Instantiating ARenderer for content processing in decoder
01-17 09:24:59.283   717 21044 I DlbDap2QmfProcess: Dap2Process()
01-17 09:24:59.283   717 21044 I ARenderer: ARenderer
01-17 09:24:59.283   717 21044 I evo_parser: evo_parser_init
01-17 09:24:59.283   717 21044 I DlbDap2QmfProcess: init()
01-17 09:24:59.283   717 21044 I DlbDap2QmfProcess: open()
01-17 09:24:59.283   717 21044 I DlbDap2QmfProcess: loadLicense() no license check!
01-17 09:24:59.283   717 21044 I DlbDap2QmfProcess: validateLicense() no license check!
01-17 09:24:59.283   717 21044 I DlbDap2QmfProcess: init() DAP opened
01-17 09:24:59.283   717 21044 I DlbDap2QmfProcess: DAP library version: 2.5.1-P2.0
01-17 09:24:59.283   717 21044 D DlbDap2QmfProcess: DAP output mode set to 1 with 2 output channels and null mix matrix.
01-17 09:24:59.284   710 31703 I ACodec  : setDolbyParameterOnProcessedAudio() Content processing enabled in decoder
01-17 09:24:59.284   645   713 I DapController: Profile Changed to Custom
01-17 09:24:59.288   626   626 W /system/bin/hw/android.hidl.allocator@1.0-service: ashmem_create_region(8192) returning hidl_memory(0x7b7102c330, 8192)
01-17 09:24:59.290   626   626 I chatty  : uid=1000(system) allocator@1.0-s identical 2 lines
01-17 09:24:59.290   626   626 W /system/bin/hw/android.hidl.allocator@1.0-service: ashmem_create_region(8192) returning hidl_memory(0x7b7102c330, 8192)
01-17 09:24:59.292   626   626 W /system/bin/hw/android.hidl.allocator@1.0-service: ashmem_create_region(147456) returning hidl_memory(0x7b7102c330, 147456)
01-17 09:24:59.293   626   626 I chatty  : uid=1000(system) allocator@1.0-s identical 1 line
01-17 09:24:59.293   626   626 W /system/bin/hw/android.hidl.allocator@1.0-service: ashmem_create_region(147456) returning hidl_memory(0x7b7102c330, 147456)
01-17 09:24:59.294   627  3892 I DlbEffectContext: setContentProcEnabled() Disabling content processing in effect
01-17 09:24:59.294   627  3892 D DlbDapEndpointParamCache: commitChangedParams()
01-17 09:24:59.294   627  3892 D DlbDapEndpointParamCache: commit() Applying parameters for device 0x40000000
01-17 09:24:59.294   627  3892 D DlbDap2Process: setParam(msce = #1[0])
01-17 09:24:59.294   627  3892 D DlbDap2Process: setParam(mdee = #1[0])
01-17 09:24:59.294   627  3892 D DlbDap2Process: setParam(miee = #1[0])
01-17 09:24:59.294   627  3892 D DlbDap2Process: setParam(mdle = #1[0])
01-17 09:24:59.294   627  3892 D DlbDap2Process: setParam(dvle = #1[0])
01-17 09:24:59.294   627  3892 D DlbDap2Process: setParam(mave = #1[0])
01-17 09:24:59.294   627  3892 D DlbDap2Process: setParam(ieon = #1[0])
01-17 09:24:59.294   627  3892 D DlbDapEndpointParamCache: doCommit() Committed 7 parameters out of 16.
01-17 09:24:59.294   627  3892 D DlbDapEndpointParamCache: commit() Overriding parameters for current device 0x00000002
01-17 09:24:59.294   627  3892 D DlbDap2Process: setParam(dom = #1[0])
01-17 09:24:59.294   627  3892 D DlbDap2Process: setParam(dvle = #1[0])
01-17 09:24:59.294   627  3892 D DlbDap2Process: setParam(dvme = #1[0])
01-17 09:24:59.294   627  3892 D DlbDap2Process: setParam(deon = #1[0])
01-17 09:24:59.294   627  3892 D DlbDap2Process: setParam(ngon = #1[0])
01-17 09:24:59.294   627  3892 D DlbDapEndpointParamCache: doCommit() Committed 5 parameters out of 37.
01-17 09:24:59.294   626   626 W /system/bin/hw/android.hidl.allocator@1.0-service: ashmem_create_region(147456) returning hidl_memory(0x7b7102c330, 147456)
01-17 09:24:59.296   627  3892 D DlbDapEndpointParamCache: commitChangedParams()
01-17 09:24:59.296   627  3892 D DlbDapEndpointParamCache: commit() Applying parameters for device 0x40000000
01-17 09:24:59.296   627  3892 D DlbDap2Process: setParam(iea = #1[10])
01-17 09:24:59.296   627  3892 D DlbDap2Process: setParam(vcbf = #20[47, 141, 234, 328, 469, 656, 844, 1031, 1313, 1688, 2250, 3000, 3750, 4688, 5813, 7125, 9000, 11250, 13875, 19688])
01-17 09:24:59.296   627  3892 D DlbDap2Process: setParam(vbon = #1[0])
01-17 09:24:59.296   627  3892 D DlbDap2Process: setParam(beon = #1[0])
01-17 09:24:59.296   627  3892 D DlbDap2Process: setParam(geon = #1[0])
01-17 09:24:59.296   627  3892 D DlbDap2Process: setParam(gebs = #41[20, 47, 141, 234, 328, 469, 656, 844, 1031, 1313, 1688, 2250, 3000, 3750, 4688, 5813, 7125, 9000, 11250, 13875, 19688, 0, 0, 0, 0, 0, 0, 0, 0, 0, 0, 0, 0, 0, 0, 0, 0, 0, 0, 0, 0])
01-17 09:24:59.296   627  3892 D DlbDap2Process: setParam(iebs = #41[20, 65, 136, 223, 332, 467, 634, 841, 1098, 1416, 1812, 2302, 2909, 3663, 4598, 5756, 7194, 8976, 11186, 13927, 17326, 117, 133, 188, 176, 141, 149, 175, 185, 185, 200, 236, 242, 228, 213, 182, 132, 110, 68, -27, -240])
01-17 09:24:59.296   627  3892 D DlbDapEndpointParamCache: doCommit() Committed 8 parameters out of 16.
01-17 09:24:59.296   627  3892 D DlbDapEndpointParamCache: commit() Overriding parameters for current device 0x00000002
