--------- beginning of system
01-17 09:06:22.408   945  4689 I ActivityManager: Force stopping com.dolby.qa.featuretest appid=10073 user=0: from pid 29326
01-17 09:06:22.409   945  4689 I ActivityManager: Killing 29239:com.dolby.qa.featuretest/u0a73 (adj 0): stop com.dolby.qa.featuretest
01-17 09:06:22.411   945  4689 W ActivityManager: Force removing ActivityRecord{50661c4 u0 com.dolby.qa.featuretest/.MainActivity t249}: app died, no saved state
01-17 09:06:22.419   945  4689 I WindowManager: Failed to capture screenshot of Token{71988ad ActivityRecord{50661c4 u0 com.dolby.qa.featuretest/.MainActivity t249 f}} appWin=Window{1a30678 u0 com.dolby.qa.featuretest/com.dolby.qa.featuretest.MainActivity} drawState=4
--------- beginning of main
01-17 09:06:22.452   710   900 D NuPlayerDriver: reset(0xe6bcb540) at state 5
01-17 09:06:22.453   945  7365 I WindowManager: WIN DEATH: Window{51137fa u0 Toast}
01-17 09:06:22.455   710   900 D NuPlayerDriver: notifyListener_l(0xe6bcb540), (8, 0, 0, -1), loop setting(0, 1)
01-17 09:06:22.456   684  3973 D AudioFlinger: trackStateChanged() Track id 709 state changed to 6
01-17 09:06:22.463   717 21044 I DDP_JOCDecoder: -> ~DDPDecoder
01-17 09:06:22.463   717 21044 I DDP_JOCDecoder: -> stop
01-17 09:06:22.463   645   645 I DMSService: unregisterClient type = 4, uid = e83927d0
01-17 09:06:22.497   645   645 D DatabaseHelper: failed to prepare SQL : INSERT INTO profiles VALUES(15
01-17 09:06:22.497   645   645 D DatabaseHelper: ,'custom','user2','user2','off','off')
01-17 09:06:22.497   645   645 D DatabaseHelper: failed to prepare SQL : INSERT INTO profile_endpoints VALUES(57
01-17 09:06:22.497   645   645 D DatabaseHelper: ,'custom','user2','speaker')
01-17 09:06:22.497   645   645 D DatabaseHelper: failed to prepare SQL : INSERT INTO profile_endpoints VALUES(57
01-17 09:06:22.497   645   645 D DatabaseHelper: ,'custom','user2','headphone')
01-17 09:06:22.497   645   645 D DatabaseHelper: failed to prepare SQL : INSERT INTO profile_endpoints VALUES(57
01-17 09:06:22.497   645   645 D DatabaseHelper: ,'custom','user2','passthrough')
01-17 09:06:22.498   645   645 D DatabaseHelper: failed to prepare SQL : INSERT INTO profile_endpoints VALUES(57
01-17 09:06:22.498   645   645 D DatabaseHelper: ,'custom','user2','other')
01-17 09:06:22.498   645   645 D DatabaseHelper: failed to prepare SQL : INSERT INTO profile_ports VALUES(85
01-17 09:06:22.498   645   645 D DatabaseHelper: ,'custom','user2','internal_speaker')
01-17 09:06:22.498   645   645 D DatabaseHelper: failed to prepare SQL : INSERT INTO profile_ports VALUES(85
01-17 09:06:22.498   645   645 D DatabaseHelper: ,'custom','user2','hdmi')
01-17 09:06:22.498   645   645 D DatabaseHelper: failed to prepare SQL : INSERT INTO profile_ports VALUES(85
01-17 09:06:22.498   645   645 D DatabaseHelper: ,'custom','user2','miracast')
01-17 09:06:22.499   645   645 D DatabaseHelper: failed to prepare SQL : INSERT INTO profile_ports VALUES(85
01-17 09:06:22.499   645   645 D DatabaseHelper: ,'custom','user2','headphone_port')
01-17 09:06:22.499   645   645 D DatabaseHelper: failed to prepare SQL : INSERT INTO profile_ports VALUES(85
01-17 09:06:22.499   645   645 D DatabaseHelper: ,'custom','user2','bluetooth')
01-17 09:06:22.499  1499  1499 D CarrierSvcBindHelper: No carrier app for: 0
01-17 09:06:22.499   645   645 D DatabaseHelper: failed to prepare SQL : INSERT INTO profile_ports VALUES(85
01-17 09:06:22.499   645   645 D DatabaseHelper: ,'custom','user2','usb')
01-17 09:06:22.499   645   645 D DatabaseHelper: failed to prepare SQL : INSERT INTO geq_presets VALUES(57
01-17 09:06:22.499   645   645 D DatabaseHelper: ,'custom','off','user2')
01-17 09:06:22.500   645   645 D DatabaseHelper: failed to prepare SQL : INSERT INTO geq_presets VALUES(57
01-17 09:06:22.500   645   645 D DatabaseHelper: ,'custom','open','user2')
01-17 09:06:22.500   645   645 D DatabaseHelper: failed to prepare SQL : INSERT INTO geq_presets VALUES(57
01-17 09:06:22.500   645   645 D DatabaseHelper: ,'custom','rich','user2')
01-17 09:06:22.500   645   645 D DatabaseHelper: failed to prepare SQL : INSERT INTO geq_presets VALUES(57
01-17 09:06:22.500   645   645 D DatabaseHelper: ,'custom','focused','user2')
01-17 09:06:22.505  2010  2010 D RegisteredNfcFServicesCache: Service unchanged, not updating
01-17 09:06:22.520   717 21044 I DDP_JOCDecoder: <- stop
01-17 09:06:22.520   717 21044 I ARenderer: ~ARenderer
01-17 09:06:22.520   717 21044 I evo_parser: evo_parser_close
01-17 09:06:22.520   717 21044 I DlbDap2QmfProcess: ~Dap2Process()
01-17 09:06:22.520   717 21044 I DlbDap2QmfProcess: close()
01-17 09:06:22.521   717 21044 I DDP_JOCDecoder: <- ~DDPDecoder
01-17 09:06:22.527   710 29290 D NuPlayerDriver: notifyResetComplete(0xe6bcb540)
01-17 09:06:22.527   710   900 D AudioTrack: stop() called with 0 frames delivered
01-17 09:06:22.529   627  3892 I DlbEffectContext: setContentProcEnabled() Enabling content processing in global effect
01-17 09:06:22.529   627  3892 D DlbDapEndpointParamCache: commitChangedParams()
01-17 09:06:22.529   627  3892 D DlbDapEndpointParamCache: commit() Applying parameters for device 0x40000000
01-17 09:06:22.530   627  3892 D DlbDap2Process: setParam(iea = #1[10])
01-17 09:06:22.530   627  3892 D DlbDap2Process: setParam(msce = #1[0])
01-17 09:06:22.530   627  3892 D DlbDap2Process: setParam(mdee = #1[0])
01-17 09:06:22.530   627  3892 D DlbDap2Process: setParam(miee = #1[0])
01-17 09:06:22.530   627  3892 D DlbDap2Process: setParam(mdle = #1[0])
01-17 09:06:22.530   627  3892 D DlbDap2Process: setParam(dvle = #1[1])
01-17 09:06:22.530   627  3892 D DlbDap2Process: setParam(mave = #1[0])
01-17 09:06:22.530   627  3892 D DlbDap2Process: setParam(vcbf = #20[47, 141, 234, 328, 469, 656, 844, 1031, 1313, 1688, 2250, 3000, 3750, 4688, 5813, 7125, 9000, 11250, 13875, 19688])
01-17 09:06:22.530   627  3892 D DlbDap2Process: setParam(vbon = #1[0])
01-17 09:06:22.530   627  3892 D DlbDap2Process: setParam(beon = #1[0])
01-17 09:06:22.530   627  3892 D DlbDap2Process: setParam(geon = #1[0])
01-17 09:06:22.530   627  3892 D DlbDap2Process: setParam(ieon = #1[0])
01-17 09:06:22.530   627  3892 D DlbDap2Process: setParam(gebs = #41[20, 47, 141, 234, 328, 469, 656, 844, 1031, 1313, 1688, 2250, 3000, 3750, 4688, 5813, 7125, 9000, 11250, 13875, 19688, 0, 0, 0, 0, 0, 0, 0, 0, 0, 0, 0, 0, 0, 0, 0, 0, 0, 0, 0, 0])
01-17 09:06:22.530   627  3892 D DlbDap2Process: setParam(iebs = #41[20, 65, 136, 223, 332, 467, 634, 841, 1098, 1416, 1812, 2302, 2909, 3663, 4598, 5756, 7194, 8976, 11186, 13927, 17326, 117, 133, 188, 176, 141, 149, 175, 185, 185, 200, 236, 242, 228, 213, 182, 132, 110, 68, -27, -240])
01-17 09:06:22.530   627  3892 D DlbDapEndpointParamCache: doCommit() Committed 15 parameters out of 16.
01-17 09:06:22.530   627  3892 D DlbDapEndpointParamCache: commit() Overriding parameters for current device 0x00000002
01-17 09:06:22.530   627  3892 D DlbDap2Process: setParam(dea = #1[7])
01-17 09:06:22.530   627  3892 D DlbDap2Process: setParam(dsa = #1[10])
01-17 09:06:22.530   627  3892 D DlbDap2Process: setParam(beb = #1[192])
01-17 09:06:22.530   627  3892 D DlbDap2Process: setParam(plb = #1[0])
01-17 09:06:22.530   627  3892 D DlbDap2Process: setParam(vmb = #1[144])
01-17 09:06:22.530   627  3892 D DlbDap2Process: setParam(dsb = #1[48])
01-17 09:06:22.530   627  3892 D DlbDap2Process: setParam(ded = #1[0])
01-17 09:06:22.530   627  3892 D DlbDap2Process: setParam(vbm = #1[3])
01-17 09:06:22.530   627  3892 D DlbDap2Process: setParam(dom = #1[0])
01-17 09:06:22.530   627  3892 D DlbDap2Process: setParam(bew = #1[16])
01-17 09:06:22.530   627  3892 D DlbDap2Process: setParam(dvla = #1[5])
01-17 09:06:22.530   627  3892 D DlbDap2Process: setParam(arra = #1[96])
01-17 09:06:22.530   627  3892 D DlbDap2Process: setParam(dfsa = #1[10])
01-17 09:06:22.530   627  3892 D DlbDap2Process: setParam(dhsa = #1[10])
01-17 09:06:22.530   627  3892 D DlbDap2Process: setParam(dvmc = #1[0])
01-17 09:06:22.530   627  3892 D DlbDap2Process: setParam(arod = #1[0])
01-17 09:06:22.530   627  3892 D DlbDap2Process: setParam(arde = #1[1])
01-17 09:06:22.530   627  3892 D DlbDap2Process: setParam(dvle = #1[1])
01-17 09:06:22.530   627  3892 D DlbDap2Process: setParam(dvme = #1[0])
01-17 09:06:22.530   627  3892 D DlbDap2Process: setParam(becf = #1[200])
01-17 09:06:22.530   627  3892 D DlbDap2Process: setParam(vbmf = #2[94, 469])
01-17 09:06:22.530   627  3892 D DlbDap2Process: setParam(vbsf = #2[35, 160])
01-17 09:06:22.531   627  3892 D DlbDap2Process: setParam(vbhg = #3[-32, -144, -192])
01-17 09:06:22.531   627  3892 D DlbDap2Process: setParam(vbog = #1[0])
01-17 09:06:22.531   627  3892 D DlbDap2Process: setParam(vbsg = #1[0])
01-17 09:06:22.531   627  3892 D DlbDap2Process: setParam(dvli = #1[-320])
01-17 09:06:22.531   627  3892 D DlbDap2Process: setParam(dhfm = #1[2])
01-17 09:06:22.531   627  3892 D DlbDap2Process: setParam(vbon = #1[0])
01-17 09:06:22.531   627  3892 D DlbDap2Process: setParam(beon = #1[0])
01-17 09:06:22.531   627  3892 D DlbDap2Process: setParam(deon = #1[0])
01-17 09:06:22.531   627  3892 D DlbDap2Process: setParam(ngon = #1[1])
01-17 09:06:22.531   627  3892 D DlbDap2Process: setParam(aoon = #1[1])
01-17 09:06:22.531   627  3892 D DlbDap2Process: setParam(aron = #1[1])
01-17 09:06:22.531   627  3892 D DlbDap2Process: setParam(dvlo = #1[-320])
01-17 09:06:22.531   627  3892 D DlbDap2Process: setParam(artp = #1[12])
01-17 09:06:22.531   627  3892 D DlbDap2Process: setParam(aobs = #222[20, 10, 47, 141, 234, 328, 469, 656, 844, 1031, 1313, 1688, 2250, 3000, 3750, 4688, 5813, 7125, 9000, 11250, 13875, 19688, 0, 0, 0, 0, 0, 0, 0, 0, 0, 0, 0, 0, 0, 0, 0, 0, 0, 0, 0, 0, 0, 0, 0, 0, 0, 0, 0, 0, 0, 0, 0, 0, 0, 0, 0, 0, 0, 0, 0, 0, 0, 0, 0, 0, 0, 0, 0, 0, 0, 0, 0, 0, 0, 0, 0, 0, 0, 0, 0, 0, 0, 0, 0, 0, 0, 0, 0, 0, 0, 0, 0, 0, 0, 0, 0, 0, 0, 0, 0, 0, 0, 0, 0, 0, 0, 0, 0, 0, 0, 0, 0, 0, 0, 0, 0, 0, 0, 0, 0, 0, 0, 0, 0, 0, 0, 0, 0, 0, 0, 0, 0, 0, 0, 0, 0, 0, 0, 0, 0, 0, 0, 0, 0, 0, 0, 0, 0, 0, 0, 0, 0, 0, 0, 0, 0, 0, 0, 0, 0, 0, 0, 0, 0, 0, 0, 0, 0, 0, 0, 0, 0, 0, 0, 0, 0, 0, 0, 0, 0, 0, 0, 0, 0, 0, 0, 0, 0, 0, 0, 0, 0, 0, 0, 0, 0, 0, 0, 0, 0, 0, 0, 0, 0, 0, 0, 0, 0, 0, 0, 0, 0, 0, 0, 0, 0, 0, 0, 0, 0, 0])
01-17 09:06:22.531   627  3892 D DlbDap2Process: setParam(arbs = #81[20, 47, 141, 234, 328, 469, 656, 844, 1031, 1313, 1688, 2250, 3000, 3750, 4688, 5813, 7125, 9000, 11250, 13875, 19688, -192, -192, -192, -192, -192, -192, -192, -192, -192, -192, -192, -192, -192, -192, -192, -192, -192, -192, -192, -192, 0, 0, 0, 0, 0, 0, 0, 0, 0, 0, 0, 0, 0, 0, 0, 0, 0, 0, 0, 0, 0, 0, 0, 0, 0, 0, 0, 0, 0, 0, 0, 0, 0, 0, 0, 0, 0, 0, 0, 0])
01-17 09:06:22.531   627  3892 D DlbDapEndpointParamCache: doCommit() Committed 37 parameters out of 37.
01-17 09:06:22.531   627  3892 D DlbDap2Process: setMave(mave = 0)
01-17 09:06:22.581   684  1061 D AudioFlinger: trackStateChanged() Track id 709 state changed to 2
01-17 09:06:22.581   684  1061 I AudioFlinger: updateProcessedAudioState() Changing content processing in effect to 0
01-17 09:06:22.581   627  6441 D DlbDlbEffect: handle_EFFECT_CMD_SET_PARAM()
01-17 09:06:22.603   684  1061 D AudioFlinger: trackDestroyed() Track id 709 no longer contains processed audio
01-17 09:06:22.604   684   928 W AudioFlinger::EffectModule: EffectModule 0xee09dc00 destructor called with unreleased interface
01-17 09:06:22.605   684   928 W AudioFlinger::EffectHandle: disconnect Effect handle 0xee0a6940 disconnected after thread destruction
01-17 09:06:22.613   627  3512 D DlbDlbEffect: handle_EFFECT_CMD_DISABLE()
01-17 09:06:22.613   627  3512 D DlbDapCrossfadeProcess: setEnabled transitioning from DAP_ACTIVE state to FADE_TO_BYPASS
01-17 09:06:22.615   626   626 W /system/bin/hw/android.hidl.allocator@1.0-service: ashmem_create_region(3840) returning hidl_memory(0x7b7102c330, 3840)
01-17 09:06:22.616   627  3512 D DlbDlbEffect: handle_EFFECT_CMD_SET_CONFIG()
01-17 09:06:22.617   627  3512 D DlbDapEndpointParamCache: setDevice(device=0x00000002)
01-17 09:06:22.618   645   645 D DMSService: setActiveDevice called with device = 0x2
01-17 09:06:22.620   627  3512 D DlbDlbEffect: handle_EFFECT_CMD_ENABLE()
01-17 09:06:22.620   627  3512 D DlbDapCrossfadeProcess: setEnabled transitioning from FADE_TO_BYPASS state to FADE_TO_ACTIVE
01-17 09:06:23.009   945   998 W ActivityManager: setHasOverlayUi called on unknown pid: 29239
01-17 09:06:23.042  2103  2230 W OpenGLRenderer: Incorrectly called buildLayer on View: ShortcutAndWidgetContainer, destroying layer...
01-17 09:06:23.607   945   945 W NotificationService: Object died trying to hide notification android.app.ITransientNotification$Stub$Proxy@f53db9b in package com.dolby.qa.featuretest
01-17 09:06:23.607   945   945 W WindowManager: removeWindowToken: Attempted to remove non-existing token: android.os.Binder@e46fc31
01-17 09:06:23.607   945   945 W ActivityManager: setProcessForeground called on unknown pid: 29239
01-17 09:06:23.608   945   945 W NotificationService: Object died trying to show notification android.app.ITransientNotification$Stub$Proxy@87feb38 in package com.dolby.qa.featuretest
01-17 09:06:23.608   945   945 W ActivityManager: setProcessForeground called on unknown pid: 29239
01-17 09:06:23.609   945   945 W NotificationService: Object died trying to show notification android.app.ITransientNotification$Stub$Proxy@d726711 in package com.dolby.qa.featuretest
01-17 09:06:25.657   627  3512 D audio_hw_primary: disable_audio_route: usecase(0) reset and update mixer path: deep-buffer-playback speaker
01-17 09:06:25.661   627  3512 D hardware_info: hw_info_append_hw_type : device_name = speaker
01-17 09:06:25.662   627  3512 D audio_hw_primary: disable_snd_device: snd_device(2: speaker)
01-17 09:06:57.296   945  1235 E HalDeviceManager: Should have at least 1 chip!
01-17 09:06:57.296   945  1235 E HalDeviceManager: getSupportedIfaceTypesInternal: no chip info found
01-17 09:06:57.307   945   992 E BatteryStatsService: no controller energy info supplied
01-17 09:12:58.256   945  1235 E HalDeviceManager: Should have at least 1 chip!
01-17 09:12:58.256   945  1235 E HalDeviceManager: getSupportedIfaceTypesInternal: no chip info found
01-17 09:12:58.260  1263  1901 D HeadsetPhoneState: sendDeviceStateChanged. mService=0 mSignal=0 mRoam=0 mBatteryCharge=5
01-17 09:12:58.265   945   992 E BatteryStatsService: no controller energy info supplied
01-17 09:20:27.778   945  7365 I ActivityManager: START u0 {flg=0x10000000 cmp=com.dolby.qa.featuretest/.MainActivity} from uid 2000
01-17 09:20:27.810   945  1506 I ActivityManager: Start proc 29348:com.dolby.qa.featuretest/u0a73 for activity com.dolby.qa.featuretest/.MainActivity
01-17 09:20:27.812 29348 29348 I zygote64: Late-enabling -Xcheck:jni
01-17 09:20:27.988 29348 29348 D featureTest: onCreate
01-17 09:20:27.992 29348 29348 D AudioTrack: Client defaulted notificationFrames to 962 for frameCount 1924
01-17 09:20:27.995 29348 29348 W AudioTrack: Use of stream types is deprecated for operations other than volume control
01-17 09:20:27.995 29348 29348 W AudioTrack: See the documentation of AudioTrack() for what to use instead with android.media.AudioAttributes to qualify your playback use case
01-17 09:20:28.002 29348 29348 W DolbyAudioEffect: WARNING: attaching a DolbyAudioEffect to global output mix is deprecated!
01-17 09:20:28.008 29348 29348 D featureTest: onResume
01-17 09:20:28.018 29348 29365 D OpenGLRenderer: HWUI GL Pipeline
01-17 09:20:28.060 29348 29365 I Adreno  : QUALCOMM build                   : 7142022, Ib5823dd10c
01-17 09:20:28.060 29348 29365 I Adreno  : Build Date                       : 06/23/17
01-17 09:20:28.060 29348 29365 I Adreno  : OpenGL ES Shader Compiler Version: EV031.18.00.00
01-17 09:20:28.060 29348 29365 I Adreno  : Local Branch                     : O11A
01-17 09:20:28.060 29348 29365 I Adreno  : Remote Branch                    : 
01-17 09:20:28.060 29348 29365 I Adreno  : Remote Branch                    : 
01-17 09:20:28.060 29348 29365 I Adreno  : Reconstruct Branch               : 
01-17 09:20:28.064 29348 29365 I Adreno  : PFP: 0x005ff087, ME: 0x005ff063
01-17 09:20:28.067 29348 29365 I OpenGLRenderer: Initialized EGL, version 1.4
01-17 09:20:28.067 29348 29365 D OpenGLRenderer: Swap behavior 2
01-17 09:20:28.115   945   998 I ActivityManager: Displayed com.dolby.qa.featuretest/.MainActivity: +312ms
01-17 09:20:28.304   475   574 E SurfaceFlinger: Failed to find layer (Splash Screen com.dolby.qa.featuretest#0) in layer parent (no-parent).
01-17 09:20:28.959 29348 29348 D featureTest: receive broadcast , playing content location :/sdcard/featureTest/stereo_channel_id.wav
01-17 09:20:28.971 29348 29348 D featureTest: mMediaPlayer.getAudioSessionId(): 5289
01-17 09:20:28.971 29348 29348 D featureTest: Playing file: /sdcard/featureTest/stereo_channel_id.wav
01-17 09:20:28.974   710   900 D NuPlayerDriver: NuPlayerDriver(0xe6bcb540) created, clientPid(29348)
01-17 09:20:28.979 29348 29348 W MediaPlayer: Use of stream types is deprecated for operations other than volume control
01-17 09:20:28.980 29348 29348 W MediaPlayer: See the documentation of setAudioStreamType() for what to use instead with android.media.AudioAttributes to qualify your playback use case
01-17 09:20:28.983 29374 29374 W generic : type=1400 audit(0.0:439): avc: denied { read } for path="/storage/emulated/0/featuretest/stereo_channel_id.wav" dev="sdcardfs" ino=1310780 scontext=u:r:mediaextractor:s0 tcontext=u:object_r:sdcardfs:s0 tclass=file permissive=0
01-17 09:20:28.985   710 29374 D GenericSource: FileSource remote
01-17 09:20:28.985   710 29374 W GenericSource: extractor service cannot make data source
01-17 09:20:28.985   710 29374 D GenericSource: FileSource local
01-17 09:20:29.014   700  1393 D MediaBufferGroup: creating MemoryDealer
01-17 09:20:29.016   710 29372 D NuPlayerDriver: notifyListener_l(0xe6bcb540), (1, 0, 0, -1), loop setting(0, 0)
01-17 09:20:29.030   710   900 D NuPlayerDriver: start(0xe6bcb540), state is 4, eos is 0
01-17 09:20:29.031   710 29372 I GenericSource: start
01-17 09:20:29.039 29348 29348 W DolbyAudioEffect: WARNING: attaching a DolbyAudioEffect to global output mix is deprecated!
01-17 09:20:29.049   710 29381 I OMXClient: Treble IOmx obtained
01-17 09:20:29.050   717 21044 I OMXMaster: makeComponentInstance(OMX.google.raw.decoder) in omx@1.0-service process
01-17 09:20:29.053   717 21044 E OMXNodeInstance: setConfig(0xe83a3440:google.raw.decoder, ConfigPriority(0x6f800002)) ERROR: Undefined(0x80001001)
01-17 09:20:29.053   710 29381 I ACodec  : codec does not support config priority (err -2147483648)
01-17 09:20:29.054   717 21044 E OMXNodeInstance: getConfig(0xe83a3440:google.raw.decoder, ConfigAndroidVendorExtension(0x6f100004)) ERROR: Undefined(0x80001001)
01-17 09:20:29.054   710 29381 I MediaCodec: MediaCodec will operate in async mode
01-17 09:20:29.057   626   626 W /system/bin/hw/android.hidl.allocator@1.0-service: ashmem_create_region(32768) returning hidl_memory(0x7b7102c330, 32768)
01-17 09:20:29.065   626   626 I chatty  : uid=1000(system) allocator@1.0-s identical 6 lines
01-17 09:20:29.066   626   626 W /system/bin/hw/android.hidl.allocator@1.0-service: ashmem_create_region(32768) returning hidl_memory(0x7b7102c330, 32768)
01-17 09:20:29.071 29348 29348 D featureTest: receive broadcast , change ds status :1
01-17 09:20:29.088   710 29379 D AudioTrack: Client defaulted notificationFrames to 12000 for frameCount 24000
01-17 09:20:29.091   626   626 W /system/bin/hw/android.hidl.allocator@1.0-service: ashmem_create_region(7680) returning hidl_memory(0x7b7102c330, 7680)
01-17 09:20:29.094   626   626 W /system/bin/hw/android.hidl.allocator@1.0-service: ashmem_create_region(7680) returning hidl_memory(0x7b7102c330, 7680)
01-17 09:20:29.097   627  3512 D DlbDlbEffect: handle_EFFECT_CMD_DISABLE()
01-17 09:20:29.097   627  3512 D DlbDapCrossfadeProcess: setEnabled transitioning from FADE_TO_ACTIVE state to FADE_TO_BYPASS
01-17 09:20:29.099   626   626 W /system/bin/hw/android.hidl.allocator@1.0-service: ashmem_create_region(7680) returning hidl_memory(0x7b7102c330, 7680)
01-17 09:20:29.100   627  3512 D DlbDlbEffect: handle_EFFECT_CMD_SET_CONFIG()
01-17 09:20:29.100   627  3512 D DlbDapEndpointParamCache: setDevice(device=0x00000002)
01-17 09:20:29.101   645   645 D DMSService: setActiveDevice called with device = 0x2
01-17 09:20:29.102   627  3512 D DlbDlbEffect: handle_EFFECT_CMD_ENABLE()
01-17 09:20:29.102   627  3512 D DlbDapCrossfadeProcess: setEnabled transitioning from FADE_TO_BYPASS state to FADE_TO_ACTIVE
01-17 09:20:29.102   684  3974 W AudioFlinger: moveDolbyEffect() effect chain for session 0 not on source thread 0xee0ae580
01-17 09:20:29.104   710 29372 D NuPlayerDriver: notifyListener_l(0xe6bcb540), (6, 0, 0, -1), loop setting(0, 1)
01-17 09:20:29.105   627  3512 E volume_listener: check_and_set_gain_dep_cal: Failed to set gain dep cal level
01-17 09:20:29.108   627  3892 D DlbDapCrossfadeProcess: process transitioning from FADE_TO_ACTIVE state to DAP_ACTIVE
01-17 09:20:29.108   627  3512 D DlbDlbEffect: handle_EFFECT_CMD_SET_PARAM()
01-17 09:20:29.108   627  3890 I ACDB-LOADER: ACDB AFE returned = -19
01-17 09:20:29.108   627  3890 D hardware_info: hw_info_append_hw_type : device_name = speaker
01-17 09:20:29.108   627  3890 D audio_hw_primary: enable_snd_device: snd_device(2: speaker)
01-17 09:20:29.109   627  3890 D audio_hw_primary: enable_audio_route: usecase(0) apply and update mixer path: deep-buffer-playback speaker
01-17 09:20:29.109   726   757 E ANDR-PERF-OPTSHANDLER: Warning: Resource [2, 0] not supported for core 1. Instead use resource for core 0
01-17 09:20:29.109   726   757 E ANDR-PERF-RESOURCEQS: Failed to apply optimization [2, 2, 0]
01-17 09:20:29.139   627  3890 D audio_hw_primary: out_write: retry previous failed cal level set
01-17 09:20:29.155 29348 29348 D featureTest: receive broadcast , change ds profile id :5
01-17 09:20:29.163   627  3512 D DlbDlbEffect: handle_EFFECT_CMD_SET_PARAM()
01-17 09:20:29.221 29348 29348 D featureTest: receive broadcast , change bass enable :0
01-17 09:20:29.235   684  1061 D AudioFlinger: mixer(0xed503800) throttle end: throttle time(41)
01-17 09:20:29.238   627  3512 D DlbDlbEffect: handle_EFFECT_CMD_SET_PARAM()
01-17 09:20:29.289 29348 29348 D featureTest: receive broadcast , record log :0
01-17 09:20:29.341 29348 29348 D featureTest: receive broadcast , playing content location :/sdcard/featureTest/stereo_channel_id.wav
01-17 09:20:29.346   710   900 D NuPlayerDriver: stop(0xe6bcb540)
01-17 09:20:29.346   710   900 D NuPlayerDriver: notifyListener_l(0xe6bcb540), (8, 0, 0, -1), loop setting(0, 1)
01-17 09:20:29.347   710   900 D NuPlayerDriver: reset(0xe6bcb540) at state 8
01-17 09:20:29.360   710 29372 D NuPlayerDriver: notifyResetComplete(0xe6bcb540)
01-17 09:20:29.362   710   900 D NuPlayerDriver: reset(0xe6bcb540) at state 0
01-17 09:20:29.365 29348 29348 V MediaPlayer: resetDrmState:  mDrmInfo=null mDrmProvisioningThread=null mPrepareDrmInProgress=false mActiveDrmScheme=false
01-17 09:20:29.365 29348 29348 V MediaPlayer: cleanDrmObj: mDrmObj=null mDrmSessionId=null
01-17 09:20:29.367 29348 29348 V MediaPlayer: resetDrmState:  mDrmInfo=null mDrmProvisioningThread=null mPrepareDrmInProgress=false mActiveDrmScheme=false
01-17 09:20:29.368 29348 29348 V MediaPlayer: cleanDrmObj: mDrmObj=null mDrmSessionId=null
01-17 09:20:29.373 29348 29348 D featureTest: mMediaPlayer.getAudioSessionId(): 5297
01-17 09:20:29.374 29348 29348 D featureTest: Playing file: /sdcard/featureTest/stereo_channel_id.wav
01-17 09:20:29.375   710   710 D NuPlayerDriver: NuPlayerDriver(0xe6bcb460) created, clientPid(29348)
01-17 09:20:29.379 29348 29348 W MediaPlayer: Use of stream types is deprecated for operations other than volume control
01-17 09:20:29.380 29406 29406 W generic : type=1400 audit(0.0:440): avc: denied { read } for path="/storage/emulated/0/featuretest/stereo_channel_id.wav" dev="sdcardfs" ino=1310780 scontext=u:r:mediaextractor:s0 tcontext=u:object_r:sdcardfs:s0 tclass=file permissive=0
01-17 09:20:29.380 29348 29348 W MediaPlayer: See the documentation of setAudioStreamType() for what to use instead with android.media.AudioAttributes to qualify your playback use case
01-17 09:20:29.382   710 29406 D GenericSource: FileSource remote
01-17 09:20:29.382   710 29406 W GenericSource: extractor service cannot make data source
01-17 09:20:29.382   710 29406 D GenericSource: FileSource local
01-17 09:20:29.401   700  1393 D MediaBufferGroup: creating MemoryDealer
01-17 09:20:29.401   710 29405 D NuPlayerDriver: notifyListener_l(0xe6bcb460), (1, 0, 0, -1), loop setting(0, 0)
01-17 09:20:29.406   710   710 D NuPlayerDriver: start(0xe6bcb460), state is 4, eos is 0
01-17 09:20:29.406   710 29405 I GenericSource: start
01-17 09:20:29.411 29348 29348 W DolbyAudioEffect: WARNING: attaching a DolbyAudioEffect to global output mix is deprecated!
01-17 09:20:29.416   710 29411 I OMXClient: Treble IOmx obtained
01-17 09:20:29.416   717 20091 I OMXMaster: makeComponentInstance(OMX.google.raw.decoder) in omx@1.0-service process
01-17 09:20:29.419   717  5319 E OMXNodeInstance: setConfig(0xe83a3440:google.raw.decoder, ConfigPriority(0x6f800002)) ERROR: Undefined(0x80001001)
01-17 09:20:29.419   710 29411 I ACodec  : codec does not support config priority (err -2147483648)
01-17 09:20:29.419   717 21044 E OMXNodeInstance: getConfig(0xe83a3440:google.raw.decoder, ConfigAndroidVendorExtension(0x6f100004)) ERROR: Undefined(0x80001001)
01-17 09:20:29.420   710 29411 I MediaCodec: MediaCodec will operate in async mode
01-17 09:20:29.422   626   626 W /system/bin/hw/android.hidl.allocator@1.0-service: ashmem_create_region(32768) returning hidl_memory(0x7b7102c330, 32768)
01-17 09:20:29.428   626   626 I chatty  : uid=1000(system) allocator@1.0-s identical 6 lines
01-17 09:20:29.429   626   626 W /system/bin/hw/android.hidl.allocator@1.0-service: ashmem_create_region(32768) returning hidl_memory(0x7b7102c330, 32768)
01-17 09:20:29.430 29348 29348 D featureTest: receive broadcast , change ds status :1
01-17 09:20:29.436   710 29409 D AudioTrack: Client defaulted notificationFrames to 12000 for frameCount 24000
01-17 09:20:29.439   626   626 W /system/bin/hw/android.hidl.allocator@1.0-service: ashmem_create_region(7680) returning hidl_memory(0x7b7102c330, 7680)
01-17 09:20:29.440   626   626 W /system/bin/hw/android.hidl.allocator@1.0-service: ashmem_create_region(7680) returning hidl_memory(0x7b7102c330, 7680)
01-17 09:20:29.441   627  6441 D DlbDlbEffect: handle_EFFECT_CMD_SET_PARAM()
01-17 09:20:29.443   684  3974 W AudioFlinger: moveDolbyEffect() effect chain for session 0 not on source thread 0xee0ae580
01-17 09:20:29.443   710 29405 D NuPlayerDriver: notifyListener_l(0xe6bcb460), (6, 0, 0, -1), loop setting(0, 1)
01-17 09:20:29.492 29348 29348 D featureTest: receive broadcast , change ds profile id :5
01-17 09:20:29.501   627  3512 D DlbDlbEffect: handle_EFFECT_CMD_SET_PARAM()
01-17 09:20:29.518   684   928 W AudioFlinger::EffectModule: EffectModule 0xed0e2200 destructor called with unreleased interface
01-17 09:20:29.518   684   928 W AudioFlinger::EffectHandle: disconnect Effect handle 0xee163200 disconnected after thread destruction
01-17 09:20:29.549 29348 29348 D featureTest: receive broadcast , change bass enable :1
01-17 09:20:29.558 29348 29353 I zygote64: Do partial code cache collection, code=8KB, data=13KB
01-17 09:20:29.558 29348 29353 I zygote64: After code cache collection, code=8KB, data=13KB
01-17 09:20:29.558 29348 29353 I zygote64: Increasing code cache capacity to 128KB
01-17 09:20:29.559   627  6441 D DlbDlbEffect: handle_EFFECT_CMD_SET_PARAM()
01-17 09:20:29.559 29348 29353 I zygote64: Do partial code cache collection, code=8KB, data=32KB
01-17 09:20:29.559 29348 29353 I zygote64: After code cache collection, code=8KB, data=32KB
01-17 09:20:29.559 29348 29353 I zygote64: Increasing code cache capacity to 256KB
01-17 09:20:29.560 29348 29353 I zygote64: Compiler allocated 8MB to compile void android.widget.TextView.<init>(android.content.Context, android.util.AttributeSet, int, int)
01-17 09:20:29.597   627  3892 I DlbEffectDap: setParam() Start crossfade with VB enabled state 1
01-17 09:20:29.597   627  3892 D DlbDapCrossfadeProcess: setEnabled transitioning from DAP_ACTIVE state to FADE_TO_BYPASS
01-17 09:20:29.598   627  3892 D DlbDapEndpointParamCache: commitChangedParams()
01-17 09:20:29.598   627  3892 D DlbDapEndpointParamCache: commit() Applying parameters for device 0x40000000
01-17 09:20:29.598   627  3892 D DlbDap2Process: setParam(iea = #1[10])
01-17 09:20:29.598   627  3892 D DlbDap2Process: setParam(msce = #1[0])
01-17 09:20:29.598   627  3892 D DlbDap2Process: setParam(mdee = #1[0])
01-17 09:20:29.598   627  3892 D DlbDap2Process: setParam(miee = #1[0])
01-17 09:20:29.598   627  3892 D DlbDap2Process: setParam(mdle = #1[0])
01-17 09:20:29.598   627  3892 D DlbDap2Process: setParam(dvle = #1[1])
01-17 09:20:29.598   627  3892 D DlbDap2Process: setParam(mave = #1[0])
01-17 09:20:29.598   627  3892 D DlbDap2Process: setParam(vcbf = #20[47, 141, 234, 328, 469, 656, 844, 1031, 1313, 1688, 2250, 3000, 3750, 4688, 5813, 7125, 9000, 11250, 13875, 19688])
01-17 09:20:29.598   627  3892 D DlbDap2Process: setParam(vbon = #1[1])
01-17 09:20:29.598   627  3892 D DlbDap2Process: setParam(beon = #1[1])
01-17 09:20:29.598   627  3892 D DlbDap2Process: setParam(geon = #1[0])
01-17 09:20:29.598   627  3892 D DlbDap2Process: setParam(ieon = #1[0])
01-17 09:20:29.598   627  3892 D DlbDap2Process: setParam(gebs = #41[20, 47, 141, 234, 328, 469, 656, 844, 1031, 1313, 1688, 2250, 3000, 3750, 4688, 5813, 7125, 9000, 11250, 13875, 19688, 0, 0, 0, 0, 0, 0, 0, 0, 0, 0, 0, 0, 0, 0, 0, 0, 0, 0, 0, 0])
01-17 09:20:29.598   627  3892 D DlbDap2Process: setParam(iebs = #41[20, 65, 136, 223, 332, 467, 634, 841, 1098, 1416, 1812, 2302, 2909, 3663, 4598, 5756, 7194, 8976, 11186, 13927, 17326, 117, 133, 188, 176, 141, 149, 175, 185, 185, 200, 236, 242, 228, 213, 182, 132, 110, 68, -27, -240])
01-17 09:20:29.598   627  3892 D DlbDapEndpointParamCache: doCommit() Committed 15 parameters out of 16.
01-17 09:20:29.598   627  3892 D DlbDapEndpointParamCache: commit() Overriding parameters for current device 0x00000002
01-17 09:20:29.598   627  3892 D DlbDap2Process: setParam(dea = #1[7])
01-17 09:20:29.598   627  3892 D DlbDap2Process: setParam(dsa = #1[10])
01-17 09:20:29.598   627  3892 D DlbDap2Process: setParam(beb = #1[192])
01-17 09:20:29.598   627  3892 D DlbDap2Process: setParam(plb = #1[0])
01-17 09:20:29.599   627  3892 D DlbDap2Process: setParam(vmb = #1[144])
01-17 09:20:29.599   627  3892 D DlbDap2Process: setParam(dsb = #1[48])
01-17 09:20:29.599   627  3892 D DlbDap2Process: setParam(ded = #1[0])
01-17 09:20:29.599   627  3892 D DlbDap2Process: setParam(vbm = #1[3])
01-17 09:20:29.599   627  3892 D DlbDap2Process: setParam(dom = #1[0])
01-17 09:20:29.599   627  3892 D DlbDap2Process: setParam(bew = #1[16])
01-17 09:20:29.599   627  3892 D DlbDap2Process: setParam(dvla = #1[5])
01-17 09:20:29.599   627  3892 D DlbDap2Process: setParam(arra = #1[96])
01-17 09:20:29.599   627  3892 D DlbDap2Process: setParam(dfsa = #1[10])
01-17 09:20:29.599   627  3892 D DlbDap2Process: setParam(dhsa = #1[10])
01-17 09:20:29.599   627  3892 D DlbDap2Process: setParam(dvmc = #1[0])
01-17 09:20:29.599   627  3892 D DlbDap2Process: setParam(arod = #1[0])
01-17 09:20:29.599   627  3892 D DlbDap2Process: setParam(arde = #1[1])
01-17 09:20:29.599   627  3892 D DlbDap2Process: setParam(dvle = #1[1])
01-17 09:20:29.599   627  3892 D DlbDap2Process: setParam(dvme = #1[0])
01-17 09:20:29.599   627  3892 D DlbDap2Process: setParam(becf = #1[200])
01-17 09:20:29.599   627  3892 D DlbDap2Process: setParam(vbmf = #2[94, 469])
01-17 09:20:29.599   627  3892 D DlbDap2Process: setParam(vbsf = #2[35, 160])
01-17 09:20:29.599   627  3892 D DlbDap2Process: setParam(vbhg = #3[-32, -144, -192])
01-17 09:20:29.599   627  3892 D DlbDap2Process: setParam(vbog = #1[0])
01-17 09:20:29.599   627  3892 D DlbDap2Process: setParam(vbsg = #1[0])
01-17 09:20:29.599   627  3892 D DlbDap2Process: setParam(dvli = #1[-320])
01-17 09:20:29.599   627  3892 D DlbDap2Process: setParam(dhfm = #1[2])
01-17 09:20:29.599   627  3892 D DlbDap2Process: setParam(vbon = #1[1])
01-17 09:20:29.599   627  3892 D DlbDap2Process: setParam(beon = #1[1])
01-17 09:20:29.599   627  3892 D DlbDap2Process: setParam(deon = #1[0])
01-17 09:20:29.599   627  3892 D DlbDap2Process: setParam(ngon = #1[1])
01-17 09:20:29.599   627  3892 D DlbDap2Process: setParam(aoon = #1[1])
01-17 09:20:29.599   627  3892 D DlbDap2Process: setParam(aron = #1[1])
01-17 09:20:29.599   627  3892 D DlbDap2Process: setParam(dvlo = #1[-320])
01-17 09:20:29.599   627  3892 D DlbDap2Process: setParam(artp = #1[12])
01-17 09:20:29.600   627  3892 D DlbDap2Process: setParam(aobs = #222[20, 10, 47, 141, 234, 328, 469, 656, 844, 1031, 1313, 1688, 2250, 3000, 3750, 4688, 5813, 7125, 9000, 11250, 13875, 19688, 0, 0, 0, 0, 0, 0, 0, 0, 0, 0, 0, 0, 0, 0, 0, 0, 0, 0, 0, 0, 0, 0, 0, 0, 0, 0, 0, 0, 0, 0, 0, 0, 0, 0, 0, 0, 0, 0, 0, 0, 0, 0, 0, 0, 0, 0, 0, 0, 0, 0, 0, 0, 0, 0, 0, 0, 0, 0, 0, 0, 0, 0, 0, 0, 0, 0, 0, 0, 0, 0, 0, 0, 0, 0, 0, 0, 0, 0, 0, 0, 0, 0, 0, 0, 0, 0, 0, 0, 0, 0, 0, 0, 0, 0, 0, 0, 0, 0, 0, 0, 0, 0, 0, 0, 0, 0, 0, 0, 0, 0, 0, 0, 0, 0, 0, 0, 0, 0, 0, 0, 0, 0, 0, 0, 0, 0, 0, 0, 0, 0, 0, 0, 0, 0, 0, 0, 0, 0, 0, 0, 0, 0, 0, 0, 0, 0, 0, 0, 0, 0, 0, 0, 0, 0, 0, 0, 0, 0, 0, 0, 0, 0, 0, 0, 0, 0, 0, 0, 0, 0, 0, 0, 0, 0, 0, 0, 0, 0, 0, 0, 0, 0, 0, 0, 0, 0, 0, 0, 0, 0, 0, 0, 0, 0, 0, 0, 0, 0, 0, 0])
01-17 09:20:29.600   627  3892 D DlbDap2Process: setParam(arbs = #81[20, 47, 141, 234, 328, 469, 656, 844, 1031, 1313, 1688, 2250, 3000, 3750, 4688, 5813, 7125, 9000, 11250, 13875, 19688, -192, -192, -192, -192, -192, -192, -192, -192, -192, -192, -192, -192, -192, -192, -192, -192, -192, -192, -192, -192, 0, 0, 0, 0, 0, 0, 0, 0, 0, 0, 0, 0, 0, 0, 0, 0, 0, 0, 0, 0, 0, 0, 0, 0, 0, 0, 0, 0, 0, 0, 0, 0, 0, 0, 0, 0, 0, 0, 0, 0])
01-17 09:20:29.600   627  3892 D DlbDapEndpointParamCache: doCommit() Committed 37 parameters out of 37.
01-17 09:20:29.600   627  3892 D DlbDap2Process: setMave(mave = 0)
01-17 09:20:29.607 29348 29348 D featureTest: receive broadcast , record log :0
01-17 09:20:29.684   627  3892 D DlbDapCrossfadeProcess: process transitioning from FADE_TO_BYPASS state to DAP_BYPASSED
01-17 09:20:29.716   627  3892 I DlbEffectDap: setVbEnabled() Reset DAP with VB enabled state 1
01-17 09:20:29.717   627  3892 I DlbDapCrossfadeProcess: reset()
01-17 09:20:29.717   627  3892 I DlbDapBufferAdapter: reset()
01-17 09:20:29.717   627  3892 I DlbDap2Process: close()
01-17 09:20:29.717   627  3892 I DlbDap2Process: init()
01-17 09:20:29.718   627  3892 I DlbDap2Process: open()
01-17 09:20:29.719   627  3892 I DlbDap2Process: loadLicense() no license check!
01-17 09:20:29.719   627  3892 I DlbDap2Process: validateLicense() no license check!
01-17 09:20:29.719   627  3892 I DlbDap2Process: init() DAP opened
01-17 09:20:29.719   627  3892 I DlbDap2Process: DAP library version: 2.5.1-P2.0
01-17 09:20:29.719   627  3892 D DlbDap2Process: DAP output mode set to 1 with 2 output channels and null mix matrix.
01-17 09:20:29.719   627  3892 D DlbDapEndpointParamCache: commitAllParams()
01-17 09:20:29.719   627  3892 D DlbDapEndpointParamCache: commit() Applying parameters for device 0x40000000
01-17 09:20:29.719   627  3892 D DlbDap2Process: setParam(iea = #1[10])
01-17 09:20:29.719   627  3892 D DlbDap2Process: setParam(msce = #1[0])
01-17 09:20:29.720   627  3892 D DlbDap2Process: setParam(mdee = #1[0])
01-17 09:20:29.720   627  3892 D DlbDap2Process: setParam(miee = #1[0])
01-17 09:20:29.720   627  3892 D DlbDap2Process: setParam(mdle = #1[0])
01-17 09:20:29.720   627  3892 D DlbDap2Process: setParam(dvle = #1[1])
01-17 09:20:29.720   627  3892 D DlbDap2Process: setParam(mave = #1[0])
01-17 09:20:29.720   627  3892 D DlbDap2Process: setParam(vcbf = #20[47, 141, 234, 328, 469, 656, 844, 1031, 1313, 1688, 2250, 3000, 3750, 4688, 5813, 7125, 9000, 11250, 13875, 19688])
01-17 09:20:29.720   627  3892 D DlbDap2Process: setParam(preg = #1[-666])
01-17 09:20:29.720   627  3892 D DlbDap2Process: setParam(vbon = #1[1])
01-17 09:20:29.720   627  3892 D DlbDap2Process: setParam(beon = #1[1])
01-17 09:20:29.720   627  3892 D DlbDap2Process: setParam(geon = #1[0])
01-17 09:20:29.720   627  3892 D DlbDap2Process: setParam(ieon = #1[0])
01-17 09:20:29.721   627  3892 D DlbDap2Process: setParam(gebs = #41[20, 47, 141, 234, 328, 469, 656, 844, 1031, 1313, 1688, 2250, 3000, 3750, 4688, 5813, 7125, 9000, 11250, 13875, 19688, 0, 0, 0, 0, 0, 0, 0, 0, 0, 0, 0, 0, 0, 0, 0, 0, 0, 0, 0, 0])
01-17 09:20:29.721   627  3892 D DlbDap2Process: setParam(iebs = #41[20, 65, 136, 223, 332, 467, 634, 841, 1098, 1416, 1812, 2302, 2909, 3663, 4598, 5756, 7194, 8976, 11186, 13927, 17326, 117, 133, 188, 176, 141, 149, 175, 185, 185, 200, 236, 242, 228, 213, 182, 132, 110, 68, -27, -240])
01-17 09:20:29.721   627  3892 D DlbDapEndpointParamCache: doCommit() Committed 16 parameters out of 16.
01-17 09:20:29.721   627  3892 D DlbDapEndpointParamCache: commit() Overriding parameters for current device 0x00000002
01-17 09:20:29.721   627  3892 D DlbDap2Process: setParam(dea = #1[7])
01-17 09:20:29.721   627  3892 D DlbDap2Process: setParam(dsa = #1[10])
01-17 09:20:29.721   627  3892 D DlbDap2Process: setParam(beb = #1[192])
01-17 09:20:29.721   627  3892 D DlbDap2Process: setParam(plb = #1[0])
01-17 09:20:29.721   627  3892 D DlbDap2Process: setParam(vmb = #1[144])
01-17 09:20:29.722   627  3892 D DlbDap2Process: setParam(dsb = #1[48])
01-17 09:20:29.722   627  3892 D DlbDap2Process: setParam(ded = #1[0])
01-17 09:20:29.722   627  3892 D DlbDap2Process: setParam(vbm = #1[3])
01-17 09:20:29.722   627  3892 D DlbDap2Process: setParam(dom = #1[0])
01-17 09:20:29.722   627  3892 D DlbDap2Process: setParam(bew = #1[16])
01-17 09:20:29.722   627  3892 D DlbDap2Process: setParam(dvla = #1[5])
01-17 09:20:29.722   627  3892 D DlbDap2Process: setParam(arra = #1[96])
01-17 09:20:29.722   627  3892 D DlbDap2Process: setParam(dfsa = #1[10])
01-17 09:20:29.722   627  3892 D DlbDap2Process: setParam(dhsa = #1[10])
01-17 09:20:29.722   627  3892 D DlbDap2Process: setParam(dvmc = #1[0])
01-17 09:20:29.722   627  3892 D DlbDap2Process: setParam(arod = #1[0])
01-17 09:20:29.722   627  3892 D DlbDap2Process: setParam(arde = #1[1])
01-17 09:20:29.722   627  3892 D DlbDap2Process: setParam(dvle = #1[1])
01-17 09:20:29.723   627  3892 D DlbDap2Process: setParam(dvme = #1[0])
01-17 09:20:29.723   627  3892 D DlbDap2Process: setParam(becf = #1[200])
01-17 09:20:29.723   627  3892 D DlbDap2Process: setParam(vbmf = #2[94, 469])
01-17 09:20:29.723   627  3892 D DlbDap2Process: setParam(vbsf = #2[35, 160])
01-17 09:20:29.723   627  3892 D DlbDap2Process: setParam(vbhg = #3[-32, -144, -192])
01-17 09:20:29.723   627  3892 D DlbDap2Process: setParam(vbog = #1[0])
01-17 09:20:29.723   627  3892 D DlbDap2Process: setParam(vbsg = #1[0])
01-17 09:20:29.723   627  3892 D DlbDap2Process: setParam(dvli = #1[-320])
01-17 09:20:29.723   627  3892 D DlbDap2Process: setParam(dhfm = #1[2])
01-17 09:20:29.723   627  3892 D DlbDap2Process: setParam(vbon = #1[1])
01-17 09:20:29.723   627  3892 D DlbDap2Process: setParam(beon = #1[1])
01-17 09:20:29.723   627  3892 D DlbDap2Process: setParam(deon = #1[0])
01-17 09:20:29.723   627  3892 D DlbDap2Process: setParam(ngon = #1[1])
01-17 09:20:29.723   627  3892 D DlbDap2Process: setParam(aoon = #1[1])
01-17 09:20:29.724   627  3892 D DlbDap2Process: setParam(aron = #1[1])
01-17 09:20:29.724   627  3892 D DlbDap2Process: setParam(dvlo = #1[-320])
01-17 09:20:29.724   627  3892 D DlbDap2Process: setParam(artp = #1[12])
01-17 09:20:29.725   627  3892 D DlbDap2Process: setParam(aobs = #222[20, 10, 47, 141, 234, 328, 469, 656, 844, 1031, 1313, 1688, 2250, 3000, 3750, 4688, 5813, 7125, 9000, 11250, 13875, 19688, 0, 0, 0, 0, 0, 0, 0, 0, 0, 0, 0, 0, 0, 0, 0, 0, 0, 0, 0, 0, 0, 0, 0, 0, 0, 0, 0, 0, 0, 0, 0, 0, 0, 0, 0, 0, 0, 0, 0, 0, 0, 0, 0, 0, 0, 0, 0, 0, 0, 0, 0, 0, 0, 0, 0, 0, 0, 0, 0, 0, 0, 0, 0, 0, 0, 0, 0, 0, 0, 0, 0, 0, 0, 0, 0, 0, 0, 0, 0, 0, 0, 0, 0, 0, 0, 0, 0, 0, 0, 0, 0, 0, 0, 0, 0, 0, 0, 0, 0, 0, 0, 0, 0, 0, 0, 0, 0, 0, 0, 0, 0, 0, 0, 0, 0, 0, 0, 0, 0, 0, 0, 0, 0, 0, 0, 0, 0, 0, 0, 0, 0, 0, 0, 0, 0, 0, 0, 0, 0, 0, 0, 0, 0, 0, 0, 0, 0, 0, 0, 0, 0, 0, 0, 0, 0, 0, 0, 0, 0, 0, 0, 0, 0, 0, 0, 0, 0, 0, 0, 0, 0, 0, 0, 0, 0, 0, 0, 0, 0, 0, 0, 0, 0, 0, 0, 0, 0, 0, 0, 0, 0, 0, 0, 0, 0, 0, 0, 0, 0, 0])
01-17 09:20:29.725   627  3892 D DlbDap2Process: setParam(arbs = #81[20, 47, 141, 234, 328, 469, 656, 844, 1031, 1313, 1688, 2250, 3000, 3750, 4688, 5813, 7125, 9000, 11250, 13875, 19688, -192, -192, -192, -192, -192, -192, -192, -192, -192, -192, -192, -192, -192, -192, -192, -192, -192, -192, -192, -192, 0, 0, 0, 0, 0, 0, 0, 0, 0, 0, 0, 0, 0, 0, 0, 0, 0, 0, 0, 0, 0, 0, 0, 0, 0, 0, 0, 0, 0, 0, 0, 0, 0, 0, 0, 0, 0, 0, 0, 0])
01-17 09:20:29.725   627  3892 D DlbDapEndpointParamCache: doCommit() Committed 37 parameters out of 37.
01-17 09:20:29.725   627  3892 D DlbDapCrossfadeProcess: setEnabled transitioning from DAP_BYPASSED state to PREROLL_ACTIVE
01-17 09:20:29.757   627  3892 D DlbDap2Process: setMave(mave = 0)
01-17 09:20:29.803   627  3892 D DlbDapCrossfadeProcess: process transitioning from PREROLL_ACTIVE state to FADE_TO_ACTIVE
01-17 09:20:29.924   627  3892 D DlbDapCrossfadeProcess: process transitioning from FADE_TO_ACTIVE state to DAP_ACTIVE
01-17 09:20:30.159   627  3892 D DlbDap2Process: process() called [449000] times
01-17 09:20:31.117   945   945 W WindowManager: removeWindowToken: Attempted to remove non-existing token: android.os.Binder@8ee0cd1
01-17 09:20:31.178   475   475 D SurfaceFlinger: duplicate layer name: changing Toast to Toast#1
01-17 09:20:32.802   627  3892 D DlbDap2Process: process() called [449500] times
01-17 09:20:33.148   945   945 W WindowManager: removeWindowToken: Attempted to remove non-existing token: android.os.Binder@ea09ad3
