--------- beginning of system
01-17 09:24:16.922   945  6310 I ActivityManager: Force stopping com.dolby.qa.featuretest appid=10073 user=0: from pid 31258
01-17 09:24:16.923   945  6310 I ActivityManager: Killing 31171:com.dolby.qa.featuretest/u0a73 (adj 0): stop com.dolby.qa.featuretest
01-17 09:24:16.924   945  6310 W ActivityManager: Force removing ActivityRecord{1c4385a u0 com.dolby.qa.featuretest/.MainActivity t270}: app died, no saved state
--------- beginning of main
01-17 09:24:16.947   945  1197 W InputDispatcher: channel 'd5c52ae com.dolby.qa.featuretest/com.dolby.qa.featuretest.MainActivity (server)' ~ Consumer closed input channel or an error occurred.  events=0x9
01-17 09:24:16.947   945  1197 E InputDispatcher: channel 'd5c52ae com.dolby.qa.featuretest/com.dolby.qa.featuretest.MainActivity (server)' ~ Channel is unrecoverably broken and will be disposed!
01-17 09:24:16.950   710  1422 D NuPlayerDriver: reset(0xe6bcbc40) at state 5
01-17 09:24:16.950   945  6310 I WindowManager: Failed to capture screenshot of Token{9539a8b ActivityRecord{1c4385a u0 com.dolby.qa.featuretest/.MainActivity t270 f}} appWin=Window{d5c52ae u0 com.dolby.qa.featuretest/com.dolby.qa.featuretest.MainActivity} drawState=4
01-17 09:24:16.951   945  6310 W InputDispatcher: Attempted to unregister already unregistered input channel 'd5c52ae com.dolby.qa.featuretest/com.dolby.qa.featuretest.MainActivity (server)'
01-17 09:24:16.952   710  1422 D NuPlayerDriver: notifyListener_l(0xe6bcbc40), (8, 0, 0, -1), loop setting(0, 1)
01-17 09:24:16.953   684   930 D AudioFlinger: trackStateChanged() Track id 765 state changed to 6
01-17 09:24:16.957   945  1324 I WindowManager: WIN DEATH: Window{bf2d840 u0 Toast}
01-17 09:24:16.966   945  2092 W WindowManager: Failed looking up window callers=com.android.server.wm.WindowManagerService.windowForClientLocked:5700 com.android.server.wm.WindowState$DeathRecipient.binderDied:2279 android.os.BinderProxy.sendDeathNotice:828 
01-17 09:24:16.966   945  2092 I WindowManager: WIN DEATH: null
01-17 09:24:16.996   717 21044 I DDP_JOCDecoder: -> ~DDPDecoder
01-17 09:24:16.996   717 21044 I DDP_JOCDecoder: -> stop
01-17 09:24:16.997   645   645 I DMSService: unregisterClient type = 4, uid = e83927d0
01-17 09:24:17.006  1499  1499 D CarrierSvcBindHelper: No carrier app for: 0
01-17 09:24:17.013  2010  2010 D RegisteredNfcFServicesCache: Service unchanged, not updating
01-17 09:24:17.033   645   645 D DatabaseHelper: failed to prepare SQL : INSERT INTO profiles VALUES(15
01-17 09:24:17.033   645   645 D DatabaseHelper: ,'custom','user2','user2','off','off')
01-17 09:24:17.033   645   645 D DatabaseHelper: failed to prepare SQL : INSERT INTO profile_endpoints VALUES(57
01-17 09:24:17.033   645   645 D DatabaseHelper: ,'custom','user2','speaker')
01-17 09:24:17.033   645   645 D DatabaseHelper: failed to prepare SQL : INSERT INTO profile_endpoints VALUES(57
01-17 09:24:17.033   645   645 D DatabaseHelper: ,'custom','user2','headphone')
01-17 09:24:17.033   645   645 D DatabaseHelper: failed to prepare SQL : INSERT INTO profile_endpoints VALUES(57
01-17 09:24:17.033   645   645 D DatabaseHelper: ,'custom','user2','passthrough')
01-17 09:24:17.034   645   645 D DatabaseHelper: failed to prepare SQL : INSERT INTO profile_endpoints VALUES(57
01-17 09:24:17.034   645   645 D DatabaseHelper: ,'custom','user2','other')
01-17 09:24:17.034   645   645 D DatabaseHelper: failed to prepare SQL : INSERT INTO profile_ports VALUES(85
01-17 09:24:17.034   645   645 D DatabaseHelper: ,'custom','user2','internal_speaker')
01-17 09:24:17.034   645   645 D DatabaseHelper: failed to prepare SQL : INSERT INTO profile_ports VALUES(85
01-17 09:24:17.034   645   645 D DatabaseHelper: ,'custom','user2','hdmi')
01-17 09:24:17.034   645   645 D DatabaseHelper: failed to prepare SQL : INSERT INTO profile_ports VALUES(85
01-17 09:24:17.034   645   645 D DatabaseHelper: ,'custom','user2','miracast')
01-17 09:24:17.034   645   645 D DatabaseHelper: failed to prepare SQL : INSERT INTO profile_ports VALUES(85
01-17 09:24:17.034   645   645 D DatabaseHelper: ,'custom','user2','headphone_port')
01-17 09:24:17.034   645   645 D DatabaseHelper: failed to prepare SQL : INSERT INTO profile_ports VALUES(85
01-17 09:24:17.034   645   645 D DatabaseHelper: ,'custom','user2','bluetooth')
01-17 09:24:17.035   645   645 D DatabaseHelper: failed to prepare SQL : INSERT INTO profile_ports VALUES(85
01-17 09:24:17.035   645   645 D DatabaseHelper: ,'custom','user2','usb')
01-17 09:24:17.035   645   645 D DatabaseHelper: failed to prepare SQL : INSERT INTO geq_presets VALUES(57
01-17 09:24:17.035   645   645 D DatabaseHelper: ,'custom','off','user2')
01-17 09:24:17.035   645   645 D DatabaseHelper: failed to prepare SQL : INSERT INTO geq_presets VALUES(57
01-17 09:24:17.035   645   645 D DatabaseHelper: ,'custom','open','user2')
01-17 09:24:17.035   645   645 D DatabaseHelper: failed to prepare SQL : INSERT INTO geq_presets VALUES(57
01-17 09:24:17.035   645   645 D DatabaseHelper: ,'custom','rich','user2')
01-17 09:24:17.035   645   645 D DatabaseHelper: failed to prepare SQL : INSERT INTO geq_presets VALUES(57
01-17 09:24:17.035   645   645 D DatabaseHelper: ,'custom','focused','user2')
01-17 09:24:17.053   717 21044 I DDP_JOCDecoder: <- stop
01-17 09:24:17.053   717 21044 I ARenderer: ~ARenderer
01-17 09:24:17.053   717 21044 I evo_parser: evo_parser_close
01-17 09:24:17.053   717 21044 I DlbDap2QmfProcess: ~Dap2Process()
01-17 09:24:17.053   717 21044 I DlbDap2QmfProcess: close()
01-17 09:24:17.053   717 21044 I DDP_JOCDecoder: <- ~DDPDecoder
01-17 09:24:17.061   710 31222 D NuPlayerDriver: notifyResetComplete(0xe6bcbc40)
01-17 09:24:17.062   710  1422 D AudioTrack: stop() called with 0 frames delivered
01-17 09:24:17.064   627  3892 I DlbEffectContext: setContentProcEnabled() Enabling content processing in global effect
01-17 09:24:17.065   627  3892 D DlbDapEndpointParamCache: commitChangedParams()
01-17 09:24:17.065   627  3892 D DlbDapEndpointParamCache: commit() Applying parameters for device 0x40000000
01-17 09:24:17.065   627  3892 D DlbDap2Process: setParam(iea = #1[10])
01-17 09:24:17.065   627  3892 D DlbDap2Process: setParam(msce = #1[0])
01-17 09:24:17.065   627  3892 D DlbDap2Process: setParam(mdee = #1[0])
01-17 09:24:17.065   627  3892 D DlbDap2Process: setParam(miee = #1[0])
01-17 09:24:17.065   627  3892 D DlbDap2Process: setParam(mdle = #1[0])
01-17 09:24:17.065   627  3892 D DlbDap2Process: setParam(dvle = #1[1])
01-17 09:24:17.065   627  3892 D DlbDap2Process: setParam(mave = #1[0])
01-17 09:24:17.065   627  3892 D DlbDap2Process: setParam(vcbf = #20[47, 141, 234, 328, 469, 656, 844, 1031, 1313, 1688, 2250, 3000, 3750, 4688, 5813, 7125, 9000, 11250, 13875, 19688])
01-17 09:24:17.065   627  3892 D DlbDap2Process: setParam(vbon = #1[0])
01-17 09:24:17.065   627  3892 D DlbDap2Process: setParam(beon = #1[0])
01-17 09:24:17.065   627  3892 D DlbDap2Process: setParam(geon = #1[0])
01-17 09:24:17.065   627  3892 D DlbDap2Process: setParam(ieon = #1[0])
01-17 09:24:17.065   627  3892 D DlbDap2Process: setParam(gebs = #41[20, 47, 141, 234, 328, 469, 656, 844, 1031, 1313, 1688, 2250, 3000, 3750, 4688, 5813, 7125, 9000, 11250, 13875, 19688, 0, 0, 0, 0, 0, 0, 0, 0, 0, 0, 0, 0, 0, 0, 0, 0, 0, 0, 0, 0])
01-17 09:24:17.065   627  3892 D DlbDap2Process: setParam(iebs = #41[20, 65, 136, 223, 332, 467, 634, 841, 1098, 1416, 1812, 2302, 2909, 3663, 4598, 5756, 7194, 8976, 11186, 13927, 17326, 117, 133, 188, 176, 141, 149, 175, 185, 185, 200, 236, 242, 228, 213, 182, 132, 110, 68, -27, -240])
01-17 09:24:17.065   627  3892 D DlbDapEndpointParamCache: doCommit() Committed 15 parameters out of 16.
01-17 09:24:17.065   627  3892 D DlbDapEndpointParamCache: commit() Overriding parameters for current device 0x00000002
01-17 09:24:17.066   627  3892 D DlbDap2Process: setParam(dea = #1[7])
01-17 09:24:17.066   627  3892 D DlbDap2Process: setParam(dsa = #1[10])
01-17 09:24:17.066   627  3892 D DlbDap2Process: setParam(beb = #1[192])
01-17 09:24:17.066   627  3892 D DlbDap2Process: setParam(plb = #1[0])
01-17 09:24:17.066   627  3892 D DlbDap2Process: setParam(vmb = #1[144])
01-17 09:24:17.066   627  3892 D DlbDap2Process: setParam(dsb = #1[48])
01-17 09:24:17.066   627  3892 D DlbDap2Process: setParam(ded = #1[0])
01-17 09:24:17.066   627  3892 D DlbDap2Process: setParam(vbm = #1[3])
01-17 09:24:17.066   627  3892 D DlbDap2Process: setParam(dom = #1[0])
01-17 09:24:17.066   627  3892 D DlbDap2Process: setParam(bew = #1[16])
01-17 09:24:17.066   627  3892 D DlbDap2Process: setParam(dvla = #1[5])
01-17 09:24:17.066   627  3892 D DlbDap2Process: setParam(arra = #1[96])
01-17 09:24:17.066   627  3892 D DlbDap2Process: setParam(dfsa = #1[10])
01-17 09:24:17.066   627  3892 D DlbDap2Process: setParam(dhsa = #1[10])
01-17 09:24:17.066   627  3892 D DlbDap2Process: setParam(dvmc = #1[0])
01-17 09:24:17.066   627  3892 D DlbDap2Process: setParam(arod = #1[0])
01-17 09:24:17.066   627  3892 D DlbDap2Process: setParam(arde = #1[1])
01-17 09:24:17.066   627  3892 D DlbDap2Process: setParam(dvle = #1[1])
01-17 09:24:17.066   627  3892 D DlbDap2Process: setParam(dvme = #1[0])
01-17 09:24:17.066   627  3892 D DlbDap2Process: setParam(becf = #1[200])
01-17 09:24:17.066   627  3892 D DlbDap2Process: setParam(vbmf = #2[94, 469])
01-17 09:24:17.066   627  3892 D DlbDap2Process: setParam(vbsf = #2[35, 160])
01-17 09:24:17.066   627  3892 D DlbDap2Process: setParam(vbhg = #3[-32, -144, -192])
01-17 09:24:17.066   627  3892 D DlbDap2Process: setParam(vbog = #1[0])
01-17 09:24:17.066   627  3892 D DlbDap2Process: setParam(vbsg = #1[0])
01-17 09:24:17.066   627  3892 D DlbDap2Process: setParam(dvli = #1[-320])
01-17 09:24:17.066   627  3892 D DlbDap2Process: setParam(dhfm = #1[2])
01-17 09:24:17.066   627  3892 D DlbDap2Process: setParam(vbon = #1[0])
01-17 09:24:17.066   627  3892 D DlbDap2Process: setParam(beon = #1[0])
01-17 09:24:17.066   627  3892 D DlbDap2Process: setParam(deon = #1[0])
01-17 09:24:17.066   627  3892 D DlbDap2Process: setParam(ngon = #1[1])
01-17 09:24:17.067   627  3892 D DlbDap2Process: setParam(aoon = #1[1])
01-17 09:24:17.067   627  3892 D DlbDap2Process: setParam(aron = #1[1])
01-17 09:24:17.067   627  3892 D DlbDap2Process: setParam(dvlo = #1[-320])
01-17 09:24:17.067   627  3892 D DlbDap2Process: setParam(artp = #1[12])
01-17 09:24:17.067   627  3892 D DlbDap2Process: setParam(aobs = #222[20, 10, 47, 141, 234, 328, 469, 656, 844, 1031, 1313, 1688, 2250, 3000, 3750, 4688, 5813, 7125, 9000, 11250, 13875, 19688, 0, 0, 0, 0, 0, 0, 0, 0, 0, 0, 0, 0, 0, 0, 0, 0, 0, 0, 0, 0, 0, 0, 0, 0, 0, 0, 0, 0, 0, 0, 0, 0, 0, 0, 0, 0, 0, 0, 0, 0, 0, 0, 0, 0, 0, 0, 0, 0, 0, 0, 0, 0, 0, 0, 0, 0, 0, 0, 0, 0, 0, 0, 0, 0, 0, 0, 0, 0, 0, 0, 0, 0, 0, 0, 0, 0, 0, 0, 0, 0, 0, 0, 0, 0, 0, 0, 0, 0, 0, 0, 0, 0, 0, 0, 0, 0, 0, 0, 0, 0, 0, 0, 0, 0, 0, 0, 0, 0, 0, 0, 0, 0, 0, 0, 0, 0, 0, 0, 0, 0, 0, 0, 0, 0, 0, 0, 0, 0, 0, 0, 0, 0, 0, 0, 0, 0, 0, 0, 0, 0, 0, 0, 0, 0, 0, 0, 0, 0, 0, 0, 0, 0, 0, 0, 0, 0, 0, 0, 0, 0, 0, 0, 0, 0, 0, 0, 0, 0, 0, 0, 0, 0, 0, 0, 0, 0, 0, 0, 0, 0, 0, 0, 0, 0, 0, 0, 0, 0, 0, 0, 0, 0, 0, 0, 0, 0, 0, 0, 0, 0])
01-17 09:24:17.067   627  3892 D DlbDap2Process: setParam(arbs = #81[20, 47, 141, 234, 328, 469, 656, 844, 1031, 1313, 1688, 2250, 3000, 3750, 4688, 5813, 7125, 9000, 11250, 13875, 19688, -192, -192, -192, -192, -192, -192, -192, -192, -192, -192, -192, -192, -192, -192, -192, -192, -192, -192, -192, -192, 0, 0, 0, 0, 0, 0, 0, 0, 0, 0, 0, 0, 0, 0, 0, 0, 0, 0, 0, 0, 0, 0, 0, 0, 0, 0, 0, 0, 0, 0, 0, 0, 0, 0, 0, 0, 0, 0, 0, 0])
01-17 09:24:17.067   627  3892 D DlbDapEndpointParamCache: doCommit() Committed 37 parameters out of 37.
01-17 09:24:17.068   627  3892 D DlbDap2Process: setMave(mave = 0)
01-17 09:24:17.078   945  1530 I ActivityManager: START u0 {flg=0x10000000 cmp=com.dolby.qa.featuretest/.MainActivity} from uid 2000
01-17 09:24:17.104   945  2092 I ActivityManager: Start proc 31265:com.dolby.qa.featuretest/u0a73 for activity com.dolby.qa.featuretest/.MainActivity
01-17 09:24:17.110 31265 31265 I zygote64: Late-enabling -Xcheck:jni
01-17 09:24:17.132   684  1061 D AudioFlinger: trackStateChanged() Track id 765 state changed to 2
01-17 09:24:17.132   684  1061 I AudioFlinger: updateProcessedAudioState() Changing content processing in effect to 0
01-17 09:24:17.132   627   627 D DlbDlbEffect: handle_EFFECT_CMD_SET_PARAM()
01-17 09:24:17.153   684  1061 D AudioFlinger: trackDestroyed() Track id 765 no longer contains processed audio
01-17 09:24:17.154   684   928 W AudioFlinger::EffectModule: EffectModule 0xed0e3700 destructor called with unreleased interface
01-17 09:24:17.154   684   928 W AudioFlinger::EffectHandle: disconnect Effect handle 0xee163300 disconnected after thread destruction
01-17 09:24:17.156   627   627 D DlbDlbEffect: handle_EFFECT_CMD_DISABLE()
01-17 09:24:17.156   627   627 D DlbDapCrossfadeProcess: setEnabled transitioning from DAP_ACTIVE state to FADE_TO_BYPASS
01-17 09:24:17.157   626   626 W /system/bin/hw/android.hidl.allocator@1.0-service: ashmem_create_region(3840) returning hidl_memory(0x7b7102c330, 3840)
01-17 09:24:17.157   627   627 D DlbDlbEffect: handle_EFFECT_CMD_SET_CONFIG()
01-17 09:24:17.158   627   627 D DlbDapEndpointParamCache: setDevice(device=0x00000002)
01-17 09:24:17.158   645   645 D DMSService: setActiveDevice called with device = 0x2
01-17 09:24:17.158   627   924 D DlbDlbEffect: handle_EFFECT_CMD_ENABLE()
01-17 09:24:17.158   627   924 D DlbDapCrossfadeProcess: setEnabled transitioning from FADE_TO_BYPASS state to FADE_TO_ACTIVE
01-17 09:24:17.276 31265 31265 D featureTest: onCreate
01-17 09:24:17.281 31265 31265 D AudioTrack: Client defaulted notificationFrames to 962 for frameCount 1924
01-17 09:24:17.283 31265 31265 W AudioTrack: Use of stream types is deprecated for operations other than volume control
01-17 09:24:17.283 31265 31265 W AudioTrack: See the documentation of AudioTrack() for what to use instead with android.media.AudioAttributes to qualify your playback use case
01-17 09:24:17.290 31265 31265 W DolbyAudioEffect: WARNING: attaching a DolbyAudioEffect to global output mix is deprecated!
01-17 09:24:17.297 31265 31265 D featureTest: onResume
01-17 09:24:17.306 31265 31282 D OpenGLRenderer: HWUI GL Pipeline
01-17 09:24:17.351 31265 31282 I Adreno  : QUALCOMM build                   : 7142022, Ib5823dd10c
01-17 09:24:17.351 31265 31282 I Adreno  : Build Date                       : 06/23/17
01-17 09:24:17.351 31265 31282 I Adreno  : OpenGL ES Shader Compiler Version: EV031.18.00.00
01-17 09:24:17.351 31265 31282 I Adreno  : Local Branch                     : O11A
01-17 09:24:17.351 31265 31282 I Adreno  : Remote Branch                    : 
01-17 09:24:17.351 31265 31282 I Adreno  : Remote Branch                    : 
01-17 09:24:17.351 31265 31282 I Adreno  : Reconstruct Branch               : 
01-17 09:24:17.355 31265 31282 I Adreno  : PFP: 0x005ff087, ME: 0x005ff063
01-17 09:24:17.357 31265 31282 I OpenGLRenderer: Initialized EGL, version 1.4
01-17 09:24:17.358 31265 31282 D OpenGLRenderer: Swap behavior 2
01-17 09:24:17.404   945   998 I ActivityManager: Displayed com.dolby.qa.featuretest/.MainActivity: +308ms
01-17 09:24:17.495   945   998 W ActivityManager: setHasOverlayUi called on unknown pid: 31171
01-17 09:24:17.904  2103  2230 W OpenGLRenderer: Incorrectly called buildLayer on View: ShortcutAndWidgetContainer, destroying layer...
01-17 09:24:18.060   945   945 W NotificationService: Object died trying to hide notification android.app.ITransientNotification$Stub$Proxy@a12c0e8 in package com.dolby.qa.featuretest
01-17 09:24:18.061   945   945 W WindowManager: removeWindowToken: Attempted to remove non-existing token: android.os.Binder@bcc3a2f
01-17 09:24:18.061   945   945 W ActivityManager: setProcessForeground called on unknown pid: 31171
01-17 09:24:18.062   945   945 W NotificationService: Object died trying to show notification android.app.ITransientNotification$Stub$Proxy@c330301 in package com.dolby.qa.featuretest
01-17 09:24:18.062   945   945 W ActivityManager: setProcessForeground called on unknown pid: 31171
01-17 09:24:18.062   945   945 W NotificationService: Object died trying to show notification android.app.ITransientNotification$Stub$Proxy@68c5a6 in package com.dolby.qa.featuretest
01-17 09:24:18.154 31265 31265 D featureTest: receive broadcast , playing content location :/sdcard/featureTest/chopper_1.0_180_420_02.wav
01-17 09:24:18.168 31265 31265 D featureTest: mMediaPlayer.getAudioSessionId(): 5745
01-17 09:24:18.168 31265 31265 D featureTest: Playing file: /sdcard/featureTest/chopper_1.0_180_420_02.wav
01-17 09:24:18.171   710  1422 D NuPlayerDriver: NuPlayerDriver(0xe6bcbc40) created, clientPid(31265)
01-17 09:24:18.175 31265 31265 W MediaPlayer: Use of stream types is deprecated for operations other than volume control
01-17 09:24:18.175 31265 31265 W MediaPlayer: See the documentation of setAudioStreamType() for what to use instead with android.media.AudioAttributes to qualify your playback use case
01-17 09:24:18.176 31293 31293 W generic : type=1400 audit(0.0:475): avc: denied { read } for path="/storage/emulated/0/featuretest/chopper_1.0_180_420_02.wav" dev="sdcardfs" ino=1310767 scontext=u:r:mediaextractor:s0 tcontext=u:object_r:sdcardfs:s0 tclass=file permissive=0
01-17 09:24:18.179   710 31293 D GenericSource: FileSource remote
01-17 09:24:18.179   710 31293 W GenericSource: extractor service cannot make data source
01-17 09:24:18.179   710 31293 D GenericSource: FileSource local
01-17 09:24:18.188   700  1393 D MediaBufferGroup: creating MemoryDealer
01-17 09:24:18.189   710 31292 D NuPlayerDriver: notifyListener_l(0xe6bcbc40), (1, 0, 0, -1), loop setting(0, 0)
01-17 09:24:18.196   710  1422 D NuPlayerDriver: start(0xe6bcbc40), state is 4, eos is 0
01-17 09:24:18.196   710 31292 I GenericSource: start
01-17 09:24:18.203 31265 31265 W DolbyAudioEffect: WARNING: attaching a DolbyAudioEffect to global output mix is deprecated!
01-17 09:24:18.203   710 31298 I OMXClient: Treble IOmx obtained
01-17 09:24:18.204   717  4054 I OMXMaster: makeComponentInstance(OMX.google.raw.decoder) in omx@1.0-service process
01-17 09:24:18.207   717  4054 E OMXNodeInstance: setConfig(0xe7b0aa80:google.raw.decoder, ConfigPriority(0x6f800002)) ERROR: Undefined(0x80001001)
01-17 09:24:18.207   710 31298 I ACodec  : codec does not support config priority (err -2147483648)
01-17 09:24:18.209   717  4054 E OMXNodeInstance: getConfig(0xe7b0aa80:google.raw.decoder, ConfigAndroidVendorExtension(0x6f100004)) ERROR: Undefined(0x80001001)
01-17 09:24:18.210   710 31298 I MediaCodec: MediaCodec will operate in async mode
01-17 09:24:18.211   626   626 W /system/bin/hw/android.hidl.allocator@1.0-service: ashmem_create_region(32768) returning hidl_memory(0x7b7102c330, 32768)
01-17 09:24:18.212   626   626 W /system/bin/hw/android.hidl.allocator@1.0-service: ashmem_create_region(32768) returning hidl_memory(0x7b7102c330, 32768)
01-17 09:24:18.213 31265 31265 D featureTest: receive broadcast , change ds status :0
01-17 09:24:18.213   626   626 W /system/bin/hw/android.hidl.allocator@1.0-service: ashmem_create_region(32768) returning hidl_memory(0x7b7102c330, 32768)
01-17 09:24:18.218   626   626 I chatty  : uid=1000(system) allocator@1.0-s identical 4 lines
01-17 09:24:18.219   626   626 W /system/bin/hw/android.hidl.allocator@1.0-service: ashmem_create_region(32768) returning hidl_memory(0x7b7102c330, 32768)
01-17 09:24:18.228   710 31296 D AudioTrack: Client defaulted notificationFrames to 7350 for frameCount 22050
01-17 09:24:18.230   626   626 W /system/bin/hw/android.hidl.allocator@1.0-service: ashmem_create_region(7680) returning hidl_memory(0x7b7102c330, 7680)
01-17 09:24:18.231   626   626 W /system/bin/hw/android.hidl.allocator@1.0-service: ashmem_create_region(7680) returning hidl_memory(0x7b7102c330, 7680)
01-17 09:24:18.232   627   627 D DlbDlbEffect: handle_EFFECT_CMD_DISABLE()
01-17 09:24:18.232   627   627 D DlbDapCrossfadeProcess: setEnabled transitioning from FADE_TO_ACTIVE state to FADE_TO_BYPASS
01-17 09:24:18.233   627   627 D DlbDlbEffect: handle_EFFECT_CMD_SET_PARAM()
01-17 09:24:18.233   626   626 W /system/bin/hw/android.hidl.allocator@1.0-service: ashmem_create_region(7680) returning hidl_memory(0x7b7102c330, 7680)
01-17 09:24:18.234   627   924 D DlbDlbEffect: handle_EFFECT_CMD_SET_CONFIG()
01-17 09:24:18.234   627   924 D DlbDapEndpointParamCache: setDevice(device=0x00000002)
01-17 09:24:18.234   645   645 D DMSService: setActiveDevice called with device = 0x2
01-17 09:24:18.235   627   627 D DlbDlbEffect: handle_EFFECT_CMD_ENABLE()
01-17 09:24:18.235   627   627 D DlbDapCrossfadeProcess: setEnabled transitioning from FADE_TO_BYPASS state to FADE_TO_ACTIVE
01-17 09:24:18.235   684  3974 W AudioFlinger: moveDolbyEffect() effect chain for session 0 not on source thread 0xee0ae580
01-17 09:24:18.235   710 31292 D NuPlayerDriver: notifyListener_l(0xe6bcbc40), (6, 0, 0, -1), loop setting(0, 1)
01-17 09:24:18.255   627  3892 D DlbDapCrossfadeProcess: setEnabled transitioning from FADE_TO_ACTIVE state to FADE_TO_BYPASS
01-17 09:24:18.277 31265 31265 D featureTest: receive broadcast , change ds profile id :2
01-17 09:24:18.283   627   924 D DlbDlbEffect: handle_EFFECT_CMD_SET_PARAM()
01-17 09:24:18.285   645   713 I DapController: Profile Changed to Music
01-17 09:24:18.294   627  3892 D DlbDapEndpointParamCache: commitChangedParams()
01-17 09:24:18.294   627  3892 D DlbDapEndpointParamCache: commit() Applying parameters for device 0x40000000
01-17 09:24:18.294   627  3892 D DlbDap2Process: setParam(iea = #1[10])
01-17 09:24:18.294   627  3892 D DlbDap2Process: setParam(msce = #1[0])
01-17 09:24:18.294   627  3892 D DlbDap2Process: setParam(mdee = #1[0])
01-17 09:24:18.294   627  3892 D DlbDap2Process: setParam(miee = #1[0])
01-17 09:24:18.294   627  3892 D DlbDap2Process: setParam(mdle = #1[0])
01-17 09:24:18.294   627  3892 D DlbDap2Process: setParam(dvle = #1[1])
01-17 09:24:18.294   627  3892 D DlbDap2Process: setParam(mave = #1[0])
01-17 09:24:18.294   627  3892 D DlbDap2Process: setParam(vcbf = #20[47, 141, 234, 328, 469, 656, 844, 1031, 1313, 1688, 2250, 3000, 3750, 4688, 5813, 7125, 9000, 11250, 13875, 19688])
01-17 09:24:18.294   627  3892 D DlbDap2Process: setParam(vbon = #1[0])
01-17 09:24:18.294   627  3892 D DlbDap2Process: setParam(beon = #1[0])
01-17 09:24:18.294   627  3892 D DlbDap2Process: setParam(geon = #1[0])
01-17 09:24:18.294   627  3892 D DlbDap2Process: setParam(ieon = #1[1])
01-17 09:24:18.295   627  3892 D DlbDap2Process: setParam(gebs = #41[20, 47, 141, 234, 328, 469, 656, 844, 1031, 1313, 1688, 2250, 3000, 3750, 4688, 5813, 7125, 9000, 11250, 13875, 19688, 0, 0, 0, 0, 0, 0, 0, 0, 0, 0, 0, 0, 0, 0, 0, 0, 0, 0, 0, 0])
01-17 09:24:18.295   627  3892 D DlbDap2Process: setParam(iebs = #41[20, 65, 136, 223, 332, 467, 634, 841, 1098, 1416, 1812, 2302, 2909, 3663, 4598, 5756, 7194, 8976, 11186, 13927, 17326, 117, 133, 188, 176, 141, 149, 175, 185, 185, 200, 236, 242, 228, 213, 182, 132, 110, 68, -27, -240])
01-17 09:24:18.295   627  3892 D DlbDapEndpointParamCache: doCommit() Committed 15 parameters out of 16.
01-17 09:24:18.295   627  3892 D DlbDapEndpointParamCache: commit() Overriding parameters for current device 0x00000002
01-17 09:24:18.295   627  3892 D DlbDap2Process: setParam(dea = #1[7])
01-17 09:24:18.295   627  3892 D DlbDap2Process: setParam(dsa = #1[10])
01-17 09:24:18.295   627  3892 D DlbDap2Process: setParam(beb = #1[192])
01-17 09:24:18.295   627  3892 D DlbDap2Process: setParam(plb = #1[0])
01-17 09:24:18.295   627  3892 D DlbDap2Process: setParam(vmb = #1[144])
01-17 09:24:18.295   627  3892 D DlbDap2Process: setParam(dsb = #1[0])
01-17 09:24:18.295   627  3892 D DlbDap2Process: setParam(ded = #1[0])
01-17 09:24:18.295   627  3892 D DlbDap2Process: setParam(vbm = #1[3])
01-17 09:24:18.295   627  3892 D DlbDap2Process: setParam(dom = #1[0])
01-17 09:24:18.295   627  3892 D DlbDap2Process: setParam(bew = #1[16])
01-17 09:24:18.295   627  3892 D DlbDap2Process: setParam(dvla = #1[4])
01-17 09:24:18.295   627  3892 D DlbDap2Process: setParam(arra = #1[96])
01-17 09:24:18.295   627  3892 D DlbDap2Process: setParam(dfsa = #1[10])
01-17 09:24:18.295   627  3892 D DlbDap2Process: setParam(dhsa = #1[10])
01-17 09:24:18.295   627  3892 D DlbDap2Process: setParam(dvmc = #1[0])
01-17 09:24:18.295   627  3892 D DlbDap2Process: setParam(arod = #1[0])
01-17 09:24:18.295   627  3892 D DlbDap2Process: setParam(arde = #1[1])
01-17 09:24:18.295   627  3892 D DlbDap2Process: setParam(dvle = #1[1])
01-17 09:24:18.295   627  3892 D DlbDap2Process: setParam(dvme = #1[0])
01-17 09:24:18.295   627  3892 D DlbDap2Process: setParam(becf = #1[200])
01-17 09:24:18.295   627  3892 D DlbDap2Process: setParam(vbmf = #2[94, 469])
01-17 09:24:18.295   627  3892 D DlbDap2Process: setParam(vbsf = #2[35, 160])
01-17 09:24:18.295   627  3892 D DlbDap2Process: setParam(vbhg = #3[-32, -144, -192])
01-17 09:24:18.295   627  3892 D DlbDap2Process: setParam(vbog = #1[0])
01-17 09:24:18.295   627  3892 D DlbDap2Process: setParam(vbsg = #1[0])
01-17 09:24:18.295   627  3892 D DlbDap2Process: setParam(dvli = #1[-320])
01-17 09:24:18.295   627  3892 D DlbDap2Process: setParam(dhfm = #1[2])
01-17 09:24:18.295   627  3892 D DlbDap2Process: setParam(vbon = #1[0])
01-17 09:24:18.295   627  3892 D DlbDap2Process: setParam(beon = #1[0])
01-17 09:24:18.296   627  3892 D DlbDap2Process: setParam(deon = #1[0])
01-17 09:24:18.296   627  3892 D DlbDap2Process: setParam(ngon = #1[1])
01-17 09:24:18.296   627  3892 D DlbDap2Process: setParam(aoon = #1[1])
01-17 09:24:18.296   627  3892 D DlbDap2Process: setParam(aron = #1[1])
01-17 09:24:18.296   627  3892 D DlbDap2Process: setParam(dvlo = #1[-320])
01-17 09:24:18.296   627  3892 D DlbDap2Process: setParam(artp = #1[12])
01-17 09:24:18.296   627  3892 D DlbDap2Process: setParam(aobs = #222[20, 10, 47, 141, 234, 328, 469, 656, 844, 1031, 1313, 1688, 2250, 3000, 3750, 4688, 5813, 7125, 9000, 11250, 13875, 19688, 0, 0, 0, 0, 0, 0, 0, 0, 0, 0, 0, 0, 0, 0, 0, 0, 0, 0, 0, 0, 0, 0, 0, 0, 0, 0, 0, 0, 0, 0, 0, 0, 0, 0, 0, 0, 0, 0, 0, 0, 0, 0, 0, 0, 0, 0, 0, 0, 0, 0, 0, 0, 0, 0, 0, 0, 0, 0, 0, 0, 0, 0, 0, 0, 0, 0, 0, 0, 0, 0, 0, 0, 0, 0, 0, 0, 0, 0, 0, 0, 0, 0, 0, 0, 0, 0, 0, 0, 0, 0, 0, 0, 0, 0, 0, 0, 0, 0, 0, 0, 0, 0, 0, 0, 0, 0, 0, 0, 0, 0, 0, 0, 0, 0, 0, 0, 0, 0, 0, 0, 0, 0, 0, 0, 0, 0, 0, 0, 0, 0, 0, 0, 0, 0, 0, 0, 0, 0, 0, 0, 0, 0, 0, 0, 0, 0, 0, 0, 0, 0, 0, 0, 0, 0, 0, 0, 0, 0, 0, 0, 0, 0, 0, 0, 0, 0, 0, 0, 0, 0, 0, 0, 0, 0, 0, 0, 0, 0, 0, 0, 0, 0, 0, 0, 0, 0, 0, 0, 0, 0, 0, 0, 0, 0, 0, 0, 0, 0, 0, 0])
01-17 09:24:18.296   627  3892 D DlbDap2Process: setParam(arbs = #81[20, 47, 141, 234, 328, 469, 656, 844, 1031, 1313, 1688, 2250, 3000, 3750, 4688, 5813, 7125, 9000, 11250, 13875, 19688, -192, -192, -192, -192, -192, -192, -192, -192, -192, -192, -192, -192, -192, -192, -192, -192, -192, -192, -192, -192, 0, 0, 0, 0, 0, 0, 0, 0, 0, 0, 0, 0, 0, 0, 0, 0, 0, 0, 0, 0, 0, 0, 0, 0, 0, 0, 0, 0, 0, 0, 0, 0, 0, 0, 0, 0, 0, 0, 0, 0])
01-17 09:24:18.296   627  3892 D DlbDapEndpointParamCache: doCommit() Committed 37 parameters out of 37.
01-17 09:24:18.296   627  3892 D DlbDap2Process: setMave(mave = 0)
01-17 09:24:18.333   627  3892 D DlbDapCrossfadeProcess: process transitioning from FADE_TO_BYPASS state to DAP_BYPASSED
01-17 09:24:18.341 31265 31265 D featureTest: receive broadcast , playing content location :/sdcard/featureTest/chopper_1.0_180_420_02.wav
01-17 09:24:18.343   710  1422 D NuPlayerDriver: stop(0xe6bcbc40)
01-17 09:24:18.343   710  1422 D NuPlayerDriver: notifyListener_l(0xe6bcbc40), (8, 0, 0, -1), loop setting(0, 1)
01-17 09:24:18.344   710  1422 D NuPlayerDriver: reset(0xe6bcbc40) at state 8
01-17 09:24:18.354   710 31292 D NuPlayerDriver: notifyResetComplete(0xe6bcbc40)
01-17 09:24:18.354   710  1422 D NuPlayerDriver: reset(0xe6bcbc40) at state 0
01-17 09:24:18.355 31265 31265 V MediaPlayer: resetDrmState:  mDrmInfo=null mDrmProvisioningThread=null mPrepareDrmInProgress=false mActiveDrmScheme=false
01-17 09:24:18.355 31265 31265 V MediaPlayer: cleanDrmObj: mDrmObj=null mDrmSessionId=null
01-17 09:24:18.356 31265 31265 V MediaPlayer: resetDrmState:  mDrmInfo=null mDrmProvisioningThread=null mPrepareDrmInProgress=false mActiveDrmScheme=false
01-17 09:24:18.356 31265 31265 V MediaPlayer: cleanDrmObj: mDrmObj=null mDrmSessionId=null
01-17 09:24:18.363 31265 31265 D featureTest: mMediaPlayer.getAudioSessionId(): 5753
01-17 09:24:18.363 31265 31265 D featureTest: Playing file: /sdcard/featureTest/chopper_1.0_180_420_02.wav
01-17 09:24:18.364   710  1422 D NuPlayerDriver: NuPlayerDriver(0xe6bcb4d0) created, clientPid(31265)
01-17 09:24:18.368 31265 31265 W MediaPlayer: Use of stream types is deprecated for operations other than volume control
01-17 09:24:18.368 31265 31265 W MediaPlayer: See the documentation of setAudioStreamType() for what to use instead with android.media.AudioAttributes to qualify your playback use case
01-17 09:24:18.370 31314 31314 W generic : type=1400 audit(0.0:476): avc: denied { read } for path="/storage/emulated/0/featuretest/chopper_1.0_180_420_02.wav" dev="sdcardfs" ino=1310767 scontext=u:r:mediaextractor:s0 tcontext=u:object_r:sdcardfs:s0 tclass=file permissive=0
01-17 09:24:18.372   710 31314 D GenericSource: FileSource remote
01-17 09:24:18.373   710 31314 W GenericSource: extractor service cannot make data source
01-17 09:24:18.373   710 31314 D GenericSource: FileSource local
01-17 09:24:18.390   700  1393 D MediaBufferGroup: creating MemoryDealer
01-17 09:24:18.391   710 31313 D NuPlayerDriver: notifyListener_l(0xe6bcb4d0), (1, 0, 0, -1), loop setting(0, 0)
01-17 09:24:18.396   710   900 D NuPlayerDriver: start(0xe6bcb4d0), state is 4, eos is 0
01-17 09:24:18.396   710 31313 I GenericSource: start
01-17 09:24:18.400 31265 31265 W DolbyAudioEffect: WARNING: attaching a DolbyAudioEffect to global output mix is deprecated!
01-17 09:24:18.407   710 31319 I OMXClient: Treble IOmx obtained
01-17 09:24:18.408   717 20091 I OMXMaster: makeComponentInstance(OMX.google.raw.decoder) in omx@1.0-service process
01-17 09:24:18.411   717 21044 E OMXNodeInstance: setConfig(0xe7b0a000:google.raw.decoder, ConfigPriority(0x6f800002)) ERROR: Undefined(0x80001001)
01-17 09:24:18.411   710 31319 I ACodec  : codec does not support config priority (err -2147483648)
01-17 09:24:18.412   717 21044 E OMXNodeInstance: getConfig(0xe7b0a000:google.raw.decoder, ConfigAndroidVendorExtension(0x6f100004)) ERROR: Undefined(0x80001001)
01-17 09:24:18.412   710 31319 I MediaCodec: MediaCodec will operate in async mode
01-17 09:24:18.414   626   626 W /system/bin/hw/android.hidl.allocator@1.0-service: ashmem_create_region(32768) returning hidl_memory(0x7b7102c330, 32768)
01-17 09:24:18.416   626   626 I chatty  : uid=1000(system) allocator@1.0-s identical 2 lines
01-17 09:24:18.416   626   626 W /system/bin/hw/android.hidl.allocator@1.0-service: ashmem_create_region(32768) returning hidl_memory(0x7b7102c330, 32768)
01-17 09:24:18.419 31265 31265 D featureTest: receive broadcast , change ds status :1
01-17 09:24:18.419   626   626 W /system/bin/hw/android.hidl.allocator@1.0-service: ashmem_create_region(32768) returning hidl_memory(0x7b7102c330, 32768)
01-17 09:24:18.422   626   626 I chatty  : uid=1000(system) allocator@1.0-s identical 2 lines
01-17 09:24:18.422   626   626 W /system/bin/hw/android.hidl.allocator@1.0-service: ashmem_create_region(32768) returning hidl_memory(0x7b7102c330, 32768)
01-17 09:24:18.428   710 31317 D AudioTrack: Client defaulted notificationFrames to 7350 for frameCount 22050
01-17 09:24:18.429   627   924 D DlbDlbEffect: handle_EFFECT_CMD_SET_PARAM()
01-17 09:24:18.431   626   626 W /system/bin/hw/android.hidl.allocator@1.0-service: ashmem_create_region(7680) returning hidl_memory(0x7b7102c330, 7680)
01-17 09:24:18.433   626   626 W /system/bin/hw/android.hidl.allocator@1.0-service: ashmem_create_region(7680) returning hidl_memory(0x7b7102c330, 7680)
01-17 09:24:18.436   684  3973 W AudioFlinger: moveDolbyEffect() effect chain for session 0 not on source thread 0xee0ae580
01-17 09:24:18.437   710 31313 D NuPlayerDriver: notifyListener_l(0xe6bcb4d0), (6, 0, 0, -1), loop setting(0, 1)
01-17 09:24:18.452   627  3892 D DlbDapCrossfadeProcess: setEnabled transitioning from DAP_BYPASSED state to PREROLL_ACTIVE
01-17 09:24:18.481 31265 31265 D featureTest: receive broadcast , change ds profile id :5
01-17 09:24:18.490   627   627 D DlbDlbEffect: handle_EFFECT_CMD_SET_PARAM()
01-17 09:24:18.490   645   713 I DapController: Profile Changed to Custom
01-17 09:24:18.493   627  3892 D DlbDapEndpointParamCache: commitChangedParams()
01-17 09:24:18.493   627  3892 D DlbDapEndpointParamCache: commit() Applying parameters for device 0x40000000
01-17 09:24:18.494   627  3892 D DlbDap2Process: setParam(iea = #1[10])
01-17 09:24:18.494   627  3892 D DlbDap2Process: setParam(msce = #1[0])
01-17 09:24:18.494   627  3892 D DlbDap2Process: setParam(mdee = #1[0])
01-17 09:24:18.494   627  3892 D DlbDap2Process: setParam(miee = #1[0])
01-17 09:24:18.494   627  3892 D DlbDap2Process: setParam(mdle = #1[0])
01-17 09:24:18.494   627  3892 D DlbDap2Process: setParam(dvle = #1[1])
01-17 09:24:18.494   627  3892 D DlbDap2Process: setParam(mave = #1[0])
01-17 09:24:18.494   627  3892 D DlbDap2Process: setParam(vcbf = #20[47, 141, 234, 328, 469, 656, 844, 1031, 1313, 1688, 2250, 3000, 3750, 4688, 5813, 7125, 9000, 11250, 13875, 19688])
01-17 09:24:18.494   627  3892 D DlbDap2Process: setParam(vbon = #1[0])
01-17 09:24:18.494   627  3892 D DlbDap2Process: setParam(beon = #1[0])
01-17 09:24:18.494   627  3892 D DlbDap2Process: setParam(geon = #1[0])
01-17 09:24:18.494   627  3892 D DlbDap2Process: setParam(ieon = #1[0])
01-17 09:24:18.494   627  3892 D DlbDap2Process: setParam(gebs = #41[20, 47, 141, 234, 328, 469, 656, 844, 1031, 1313, 1688, 2250, 3000, 3750, 4688, 5813, 7125, 9000, 11250, 13875, 19688, 0, 0, 0, 0, 0, 0, 0, 0, 0, 0, 0, 0, 0, 0, 0, 0, 0, 0, 0, 0])
01-17 09:24:18.494   627  3892 D DlbDap2Process: setParam(iebs = #41[20, 65, 136, 223, 332, 467, 634, 841, 1098, 1416, 1812, 2302, 2909, 3663, 4598, 5756, 7194, 8976, 11186, 13927, 17326, 117, 133, 188, 176, 141, 149, 175, 185, 185, 200, 236, 242, 228, 213, 182, 132, 110, 68, -27, -240])
01-17 09:24:18.494   627  3892 D DlbDapEndpointParamCache: doCommit() Committed 15 parameters out of 16.
01-17 09:24:18.495   627  3892 D DlbDapEndpointParamCache: commit() Overriding parameters for current device 0x00000002
01-17 09:24:18.495   627  3892 D DlbDap2Process: setParam(dea = #1[7])
01-17 09:24:18.495   627  3892 D DlbDap2Process: setParam(dsa = #1[10])
01-17 09:24:18.495   627  3892 D DlbDap2Process: setParam(beb = #1[192])
01-17 09:24:18.495   627  3892 D DlbDap2Process: setParam(plb = #1[0])
01-17 09:24:18.495   627  3892 D DlbDap2Process: setParam(vmb = #1[144])
01-17 09:24:18.495   627  3892 D DlbDap2Process: setParam(dsb = #1[48])
01-17 09:24:18.495   627  3892 D DlbDap2Process: setParam(ded = #1[0])
01-17 09:24:18.495   627  3892 D DlbDap2Process: setParam(vbm = #1[3])
01-17 09:24:18.495   627  3892 D DlbDap2Process: setParam(dom = #1[0])
01-17 09:24:18.495   627  3892 D DlbDap2Process: setParam(bew = #1[16])
01-17 09:24:18.495   627  3892 D DlbDap2Process: setParam(dvla = #1[5])
01-17 09:24:18.495   627  3892 D DlbDap2Process: setParam(arra = #1[96])
01-17 09:24:18.495   627  3892 D DlbDap2Process: setParam(dfsa = #1[10])
01-17 09:24:18.495   627  3892 D DlbDap2Process: setParam(dhsa = #1[10])
01-17 09:24:18.495   627  3892 D DlbDap2Process: setParam(dvmc = #1[0])
01-17 09:24:18.495   627  3892 D DlbDap2Process: setParam(arod = #1[0])
01-17 09:24:18.495   627  3892 D DlbDap2Process: setParam(arde = #1[1])
01-17 09:24:18.495   627  3892 D DlbDap2Process: setParam(dvle = #1[1])
01-17 09:24:18.495   627  3892 D DlbDap2Process: setParam(dvme = #1[0])
01-17 09:24:18.495   627  3892 D DlbDap2Process: setParam(becf = #1[200])
01-17 09:24:18.495   627  3892 D DlbDap2Process: setParam(vbmf = #2[94, 469])
01-17 09:24:18.495   627  3892 D DlbDap2Process: setParam(vbsf = #2[35, 160])
01-17 09:24:18.495   627  3892 D DlbDap2Process: setParam(vbhg = #3[-32, -144, -192])
01-17 09:24:18.495   627  3892 D DlbDap2Process: setParam(vbog = #1[0])
01-17 09:24:18.495   627  3892 D DlbDap2Process: setParam(vbsg = #1[0])
01-17 09:24:18.496   627  3892 D DlbDap2Process: setParam(dvli = #1[-320])
01-17 09:24:18.496   627  3892 D DlbDap2Process: setParam(dhfm = #1[2])
01-17 09:24:18.496   627  3892 D DlbDap2Process: setParam(vbon = #1[0])
01-17 09:24:18.496   627  3892 D DlbDap2Process: setParam(beon = #1[0])
01-17 09:24:18.496   627  3892 D DlbDap2Process: setParam(deon = #1[0])
01-17 09:24:18.496   627  3892 D DlbDap2Process: setParam(ngon = #1[1])
01-17 09:24:18.496   627  3892 D DlbDap2Process: setParam(aoon = #1[1])
01-17 09:24:18.496   627  3892 D DlbDap2Process: setParam(aron = #1[1])
01-17 09:24:18.496   627  3892 D DlbDap2Process: setParam(dvlo = #1[-320])
01-17 09:24:18.496   627  3892 D DlbDap2Process: setParam(artp = #1[12])
01-17 09:24:18.496   627  3892 D DlbDap2Process: setParam(aobs = #222[20, 10, 47, 141, 234, 328, 469, 656, 844, 1031, 1313, 1688, 2250, 3000, 3750, 4688, 5813, 7125, 9000, 11250, 13875, 19688, 0, 0, 0, 0, 0, 0, 0, 0, 0, 0, 0, 0, 0, 0, 0, 0, 0, 0, 0, 0, 0, 0, 0, 0, 0, 0, 0, 0, 0, 0, 0, 0, 0, 0, 0, 0, 0, 0, 0, 0, 0, 0, 0, 0, 0, 0, 0, 0, 0, 0, 0, 0, 0, 0, 0, 0, 0, 0, 0, 0, 0, 0, 0, 0, 0, 0, 0, 0, 0, 0, 0, 0, 0, 0, 0, 0, 0, 0, 0, 0, 0, 0, 0, 0, 0, 0, 0, 0, 0, 0, 0, 0, 0, 0, 0, 0, 0, 0, 0, 0, 0, 0, 0, 0, 0, 0, 0, 0, 0, 0, 0, 0, 0, 0, 0, 0, 0, 0, 0, 0, 0, 0, 0, 0, 0, 0, 0, 0, 0, 0, 0, 0, 0, 0, 0, 0, 0, 0, 0, 0, 0, 0, 0, 0, 0, 0, 0, 0, 0, 0, 0, 0, 0, 0, 0, 0, 0, 0, 0, 0, 0, 0, 0, 0, 0, 0, 0, 0, 0, 0, 0, 0, 0, 0, 0, 0, 0, 0, 0, 0, 0, 0, 0, 0, 0, 0, 0, 0, 0, 0, 0, 0, 0, 0, 0, 0, 0, 0, 0, 0])
01-17 09:24:18.497   627  3892 D DlbDap2Process: setParam(arbs = #81[20, 47, 141, 234, 328, 469, 656, 844, 1031, 1313, 1688, 2250, 3000, 3750, 4688, 5813, 7125, 9000, 11250, 13875, 19688, -192, -192, -192, -192, -192, -192, -192, -192, -192, -192, -192, -192, -192, -192, -192, -192, -192, -192, -192, -192, 0, 0, 0, 0, 0, 0, 0, 0, 0, 0, 0, 0, 0, 0, 0, 0, 0, 0, 0, 0, 0, 0, 0, 0, 0, 0, 0, 0, 0, 0, 0, 0, 0, 0, 0, 0, 0, 0, 0, 0])
01-17 09:24:18.497   627  3892 D DlbDapEndpointParamCache: doCommit() Committed 37 parameters out of 37.
01-17 09:24:18.497   627  3892 D DlbDap2Process: setMave(mave = 0)
01-17 09:24:18.499   627  3892 D DlbDapCrossfadeProcess: process transitioning from PREROLL_ACTIVE state to FADE_TO_ACTIVE
01-17 09:24:18.533   684   928 W AudioFlinger::EffectModule: EffectModule 0xed0e3880 destructor called with unreleased interface
01-17 09:24:18.533   684   928 W AudioFlinger::EffectHandle: disconnect Effect handle 0xee0a64c0 disconnected after thread destruction
01-17 09:24:18.570 31265 31265 D featureTest: receive broadcast , change virtual speaker  virtualizer :1
01-17 09:24:18.585 31265 31265 W System.err: java.lang.UnsupportedOperationException
01-17 09:24:18.586 31265 31265 W System.err: 	at com.dolby.dax.DolbyAudioEffect.setDolbyVirtualSpeakerVirtualizerEnabled(DolbyAudioEffect.java:323)
01-17 09:24:18.586 31265 31265 W System.err: 	at com.dolby.qa.featuretest.MainActivity$1.handleMessage(MainActivity.java:143)
01-17 09:24:18.587 31265 31265 W System.err: 	at android.os.Handler.dispatchMessage(Handler.java:105)
01-17 09:24:18.588 31265 31265 W System.err: 	at android.os.Looper.loop(Looper.java:164)
01-17 09:24:18.588 31265 31265 W System.err: 	at android.app.ActivityThread.main(ActivityThread.java:6541)
01-17 09:24:18.588 31265 31265 W System.err: 	at java.lang.reflect.Method.invoke(Native Method)
01-17 09:24:18.588 31265 31265 W System.err: 	at com.android.internal.os.Zygote$MethodAndArgsCaller.run(Zygote.java:240)
01-17 09:24:18.589 31265 31265 W System.err: 	at com.android.internal.os.ZygoteInit.main(ZygoteInit.java:767)
01-17 09:24:18.589 31265 31265 D featureTest: virtual speaker virtualizer can not be operate for mono speaker endpoint!
01-17 09:24:18.613   627  3892 D DlbDapCrossfadeProcess: process transitioning from FADE_TO_ACTIVE state to DAP_ACTIVE
01-17 09:24:18.632 31265 31265 D featureTest: receive broadcast , record log :0
01-17 09:24:18.641 31265 31270 I zygote64: Do partial code cache collection, code=8KB, data=13KB
01-17 09:24:18.642 31265 31270 I zygote64: After code cache collection, code=8KB, data=13KB
01-17 09:24:18.642 31265 31270 I zygote64: Increasing code cache capacity to 128KB
01-17 09:24:18.642 31265 31270 I zygote64: Do partial code cache collection, code=8KB, data=32KB
01-17 09:24:18.643 31265 31270 I zygote64: After code cache collection, code=8KB, data=32KB
01-17 09:24:18.643 31265 31270 I zygote64: Increasing code cache capacity to 256KB
01-17 09:24:18.643 31265 31270 I zygote64: Compiler allocated 8MB to compile void android.widget.TextView.<init>(android.content.Context, android.util.AttributeSet, int, int)
01-17 09:24:20.060   627  3892 D DlbDap2Process: process() called [488500] times
01-17 09:24:20.252   945   945 W WindowManager: removeWindowToken: Attempted to remove non-existing token: android.os.Binder@d9e5f83
01-17 09:24:20.325   475   475 D SurfaceFlinger: duplicate layer name: changing Toast to Toast#1
01-17 09:24:20.428   945   956 I zygote64: Background concurrent copying GC freed 29617(2MB) AllocSpace objects, 36(720KB) LOS objects, 42% free, 8MB/14MB, paused 2.293ms total 139.237ms
01-17 09:24:22.292   945   945 W WindowManager: removeWindowToken: Attempted to remove non-existing token: android.os.Binder@13387f5
01-17 09:24:22.736   627  3892 D DlbDap2Process: process() called [489000] times
