--------- beginning of system
01-17 09:25:48.958   945  1530 I ActivityManager: Force stopping com.dolby.qa.featuretest appid=10073 user=0: from pid 32107
01-17 09:25:48.959   945  1530 I ActivityManager: Killing 32021:com.dolby.qa.featuretest/u0a73 (adj 0): stop com.dolby.qa.featuretest
01-17 09:25:48.961   945  1530 W ActivityManager: Force removing ActivityRecord{7034136 u0 com.dolby.qa.featuretest/.MainActivity t279}: app died, no saved state
01-17 09:25:48.971   945  1530 I WindowManager: Failed to capture screenshot of Token{56837 ActivityRecord{7034136 u0 com.dolby.qa.featuretest/.MainActivity t279 f}} appWin=Window{50903ca u0 com.dolby.qa.featuretest/com.dolby.qa.featuretest.MainActivity} drawState=4
--------- beginning of main
01-17 09:25:48.988   710  1419 D NuPlayerDriver: reset(0xe6bcb150) at state 5
01-17 09:25:48.990   945  7365 I WindowManager: WIN DEATH: Window{6d979fc u0 Toast}
01-17 09:25:48.992   710  1419 D NuPlayerDriver: notifyListener_l(0xe6bcb150), (8, 0, 0, -1), loop setting(0, 1)
01-17 09:25:48.993   684   930 D AudioFlinger: trackStateChanged() Track id 792 state changed to 6
01-17 09:25:48.998   717 20091 I DDP_JOCDecoder: -> ~DDPDecoder
01-17 09:25:48.998   717 20091 I DDP_JOCDecoder: -> stop
01-17 09:25:48.999   645   645 I DMSService: unregisterClient type = 4, uid = e7f0fbc0
01-17 09:25:49.010  1499  1499 D CarrierSvcBindHelper: No carrier app for: 0
01-17 09:25:49.020   645   645 D DatabaseHelper: failed to prepare SQL : INSERT INTO profiles VALUES(15
01-17 09:25:49.020   645   645 D DatabaseHelper: ,'custom','user2','user2','off','off')
01-17 09:25:49.020   645   645 D DatabaseHelper: failed to prepare SQL : INSERT INTO profile_endpoints VALUES(57
01-17 09:25:49.020   645   645 D DatabaseHelper: ,'custom','user2','speaker')
01-17 09:25:49.021   645   645 D DatabaseHelper: failed to prepare SQL : INSERT INTO profile_endpoints VALUES(57
01-17 09:25:49.021   645   645 D DatabaseHelper: ,'custom','user2','headphone')
01-17 09:25:49.021   645   645 D DatabaseHelper: failed to prepare SQL : INSERT INTO profile_endpoints VALUES(57
01-17 09:25:49.021   645   645 D DatabaseHelper: ,'custom','user2','passthrough')
01-17 09:25:49.021   645   645 D DatabaseHelper: failed to prepare SQL : INSERT INTO profile_endpoints VALUES(57
01-17 09:25:49.021   645   645 D DatabaseHelper: ,'custom','user2','other')
01-17 09:25:49.021   645   645 D DatabaseHelper: failed to prepare SQL : INSERT INTO profile_ports VALUES(85
01-17 09:25:49.021   645   645 D DatabaseHelper: ,'custom','user2','internal_speaker')
01-17 09:25:49.021   645   645 D DatabaseHelper: failed to prepare SQL : INSERT INTO profile_ports VALUES(85
01-17 09:25:49.021   645   645 D DatabaseHelper: ,'custom','user2','hdmi')
01-17 09:25:49.021   645   645 D DatabaseHelper: failed to prepare SQL : INSERT INTO profile_ports VALUES(85
01-17 09:25:49.021   645   645 D DatabaseHelper: ,'custom','user2','miracast')
01-17 09:25:49.022   645   645 D DatabaseHelper: failed to prepare SQL : INSERT INTO profile_ports VALUES(85
01-17 09:25:49.022   645   645 D DatabaseHelper: ,'custom','user2','headphone_port')
01-17 09:25:49.022   645   645 D DatabaseHelper: failed to prepare SQL : INSERT INTO profile_ports VALUES(85
01-17 09:25:49.022   645   645 D DatabaseHelper: ,'custom','user2','bluetooth')
01-17 09:25:49.022   645   645 D DatabaseHelper: failed to prepare SQL : INSERT INTO profile_ports VALUES(85
01-17 09:25:49.022   645   645 D DatabaseHelper: ,'custom','user2','usb')
01-17 09:25:49.022   645   645 D DatabaseHelper: failed to prepare SQL : INSERT INTO geq_presets VALUES(57
01-17 09:25:49.022   645   645 D DatabaseHelper: ,'custom','off','user2')
01-17 09:25:49.022   645   645 D DatabaseHelper: failed to prepare SQL : INSERT INTO geq_presets VALUES(57
01-17 09:25:49.022   645   645 D DatabaseHelper: ,'custom','open','user2')
01-17 09:25:49.022   645   645 D DatabaseHelper: failed to prepare SQL : INSERT INTO geq_presets VALUES(57
01-17 09:25:49.022   645   645 D DatabaseHelper: ,'custom','rich','user2')
01-17 09:25:49.023   645   645 D DatabaseHelper: failed to prepare SQL : INSERT INTO geq_presets VALUES(57
01-17 09:25:49.023   645   645 D DatabaseHelper: ,'custom','focused','user2')
01-17 09:25:49.029  2010  2010 D RegisteredNfcFServicesCache: Service unchanged, not updating
01-17 09:25:49.039   717 20091 I DDP_JOCDecoder: <- stop
01-17 09:25:49.039   717 20091 I ARenderer: ~ARenderer
01-17 09:25:49.039   717 20091 I evo_parser: evo_parser_close
01-17 09:25:49.039   717 20091 I DlbDap2QmfProcess: ~Dap2Process()
01-17 09:25:49.040   717 20091 I DlbDap2QmfProcess: close()
01-17 09:25:49.040   717 20091 I DDP_JOCDecoder: <- ~DDPDecoder
01-17 09:25:49.045   710 32071 D NuPlayerDriver: notifyResetComplete(0xe6bcb150)
01-17 09:25:49.045   710  1419 D AudioTrack: stop() called with 0 frames delivered
01-17 09:25:49.071   945  2092 I ActivityManager: START u0 {flg=0x10000000 cmp=com.dolby.qa.featuretest/.MainActivity} from uid 2000
01-17 09:25:49.076   627  3892 I DlbEffectContext: setContentProcEnabled() Enabling content processing in global effect
01-17 09:25:49.077   627  3892 D DlbDapEndpointParamCache: commitChangedParams()
01-17 09:25:49.077   627  3892 D DlbDapEndpointParamCache: commit() Applying parameters for device 0x40000000
01-17 09:25:49.077   627  3892 D DlbDap2Process: setParam(iea = #1[10])
01-17 09:25:49.077   627  3892 D DlbDap2Process: setParam(msce = #1[0])
01-17 09:25:49.077   627  3892 D DlbDap2Process: setParam(mdee = #1[0])
01-17 09:25:49.077   627  3892 D DlbDap2Process: setParam(miee = #1[0])
01-17 09:25:49.077   627  3892 D DlbDap2Process: setParam(mdle = #1[0])
01-17 09:25:49.077   627  3892 D DlbDap2Process: setParam(dvle = #1[1])
01-17 09:25:49.077   627  3892 D DlbDap2Process: setParam(mave = #1[0])
01-17 09:25:49.077   627  3892 D DlbDap2Process: setParam(vcbf = #20[47, 141, 234, 328, 469, 656, 844, 1031, 1313, 1688, 2250, 3000, 3750, 4688, 5813, 7125, 9000, 11250, 13875, 19688])
01-17 09:25:49.077   627  3892 D DlbDap2Process: setParam(vbon = #1[0])
01-17 09:25:49.077   627  3892 D DlbDap2Process: setParam(beon = #1[0])
01-17 09:25:49.077   627  3892 D DlbDap2Process: setParam(geon = #1[0])
01-17 09:25:49.077   627  3892 D DlbDap2Process: setParam(ieon = #1[0])
01-17 09:25:49.077   627  3892 D DlbDap2Process: setParam(gebs = #41[20, 47, 141, 234, 328, 469, 656, 844, 1031, 1313, 1688, 2250, 3000, 3750, 4688, 5813, 7125, 9000, 11250, 13875, 19688, 0, 0, 0, 0, 0, 0, 0, 0, 0, 0, 0, 0, 0, 0, 0, 0, 0, 0, 0, 0])
01-17 09:25:49.077   627  3892 D DlbDap2Process: setParam(iebs = #41[20, 65, 136, 223, 332, 467, 634, 841, 1098, 1416, 1812, 2302, 2909, 3663, 4598, 5756, 7194, 8976, 11186, 13927, 17326, 117, 133, 188, 176, 141, 149, 175, 185, 185, 200, 236, 242, 228, 213, 182, 132, 110, 68, -27, -240])
01-17 09:25:49.077   627  3892 D DlbDapEndpointParamCache: doCommit() Committed 15 parameters out of 16.
01-17 09:25:49.077   627  3892 D DlbDapEndpointParamCache: commit() Overriding parameters for current device 0x00000002
01-17 09:25:49.077   627  3892 D DlbDap2Process: setParam(dea = #1[7])
01-17 09:25:49.077   627  3892 D DlbDap2Process: setParam(dsa = #1[10])
01-17 09:25:49.077   627  3892 D DlbDap2Process: setParam(beb = #1[192])
01-17 09:25:49.077   627  3892 D DlbDap2Process: setParam(plb = #1[0])
01-17 09:25:49.077   627  3892 D DlbDap2Process: setParam(vmb = #1[144])
01-17 09:25:49.077   627  3892 D DlbDap2Process: setParam(dsb = #1[48])
01-17 09:25:49.077   627  3892 D DlbDap2Process: setParam(ded = #1[0])
01-17 09:25:49.078   627  3892 D DlbDap2Process: setParam(vbm = #1[3])
01-17 09:25:49.078   627  3892 D DlbDap2Process: setParam(dom = #1[0])
01-17 09:25:49.078   627  3892 D DlbDap2Process: setParam(bew = #1[16])
01-17 09:25:49.078   627  3892 D DlbDap2Process: setParam(dvla = #1[5])
01-17 09:25:49.078   627  3892 D DlbDap2Process: setParam(arra = #1[96])
01-17 09:25:49.078   627  3892 D DlbDap2Process: setParam(dfsa = #1[10])
01-17 09:25:49.078   627  3892 D DlbDap2Process: setParam(dhsa = #1[10])
01-17 09:25:49.078   627  3892 D DlbDap2Process: setParam(dvmc = #1[0])
01-17 09:25:49.078   627  3892 D DlbDap2Process: setParam(arod = #1[0])
01-17 09:25:49.078   627  3892 D DlbDap2Process: setParam(arde = #1[1])
01-17 09:25:49.078   627  3892 D DlbDap2Process: setParam(dvle = #1[1])
01-17 09:25:49.078   627  3892 D DlbDap2Process: setParam(dvme = #1[0])
01-17 09:25:49.078   627  3892 D DlbDap2Process: setParam(becf = #1[200])
01-17 09:25:49.078   627  3892 D DlbDap2Process: setParam(vbmf = #2[94, 469])
01-17 09:25:49.078   627  3892 D DlbDap2Process: setParam(vbsf = #2[35, 160])
01-17 09:25:49.078   627  3892 D DlbDap2Process: setParam(vbhg = #3[-32, -144, -192])
01-17 09:25:49.078   627  3892 D DlbDap2Process: setParam(vbog = #1[0])
01-17 09:25:49.078   627  3892 D DlbDap2Process: setParam(vbsg = #1[0])
01-17 09:25:49.078   627  3892 D DlbDap2Process: setParam(dvli = #1[-320])
01-17 09:25:49.078   627  3892 D DlbDap2Process: setParam(dhfm = #1[2])
01-17 09:25:49.078   627  3892 D DlbDap2Process: setParam(vbon = #1[0])
01-17 09:25:49.078   627  3892 D DlbDap2Process: setParam(beon = #1[0])
01-17 09:25:49.078   627  3892 D DlbDap2Process: setParam(deon = #1[0])
01-17 09:25:49.078   627  3892 D DlbDap2Process: setParam(ngon = #1[1])
01-17 09:25:49.078   627  3892 D DlbDap2Process: setParam(aoon = #1[1])
01-17 09:25:49.078   627  3892 D DlbDap2Process: setParam(aron = #1[1])
01-17 09:25:49.078   627  3892 D DlbDap2Process: setParam(dvlo = #1[-320])
01-17 09:25:49.078   627  3892 D DlbDap2Process: setParam(artp = #1[12])
01-17 09:25:49.078   627  3892 D DlbDap2Process: setParam(aobs = #222[20, 10, 47, 141, 234, 328, 469, 656, 844, 1031, 1313, 1688, 2250, 3000, 3750, 4688, 5813, 7125, 9000, 11250, 13875, 19688, 0, 0, 0, 0, 0, 0, 0, 0, 0, 0, 0, 0, 0, 0, 0, 0, 0, 0, 0, 0, 0, 0, 0, 0, 0, 0, 0, 0, 0, 0, 0, 0, 0, 0, 0, 0, 0, 0, 0, 0, 0, 0, 0, 0, 0, 0, 0, 0, 0, 0, 0, 0, 0, 0, 0, 0, 0, 0, 0, 0, 0, 0, 0, 0, 0, 0, 0, 0, 0, 0, 0, 0, 0, 0, 0, 0, 0, 0, 0, 0, 0, 0, 0, 0, 0, 0, 0, 0, 0, 0, 0, 0, 0, 0, 0, 0, 0, 0, 0, 0, 0, 0, 0, 0, 0, 0, 0, 0, 0, 0, 0, 0, 0, 0, 0, 0, 0, 0, 0, 0, 0, 0, 0, 0, 0, 0, 0, 0, 0, 0, 0, 0, 0, 0, 0, 0, 0, 0, 0, 0, 0, 0, 0, 0, 0, 0, 0, 0, 0, 0, 0, 0, 0, 0, 0, 0, 0, 0, 0, 0, 0, 0, 0, 0, 0, 0, 0, 0, 0, 0, 0, 0, 0, 0, 0, 0, 0, 0, 0, 0, 0, 0, 0, 0, 0, 0, 0, 0, 0, 0, 0, 0, 0, 0, 0, 0, 0, 0, 0, 0])
01-17 09:25:49.079   627  3892 D DlbDap2Process: setParam(arbs = #81[20, 47, 141, 234, 328, 469, 656, 844, 1031, 1313, 1688, 2250, 3000, 3750, 4688, 5813, 7125, 9000, 11250, 13875, 19688, -192, -192, -192, -192, -192, -192, -192, -192, -192, -192, -192, -192, -192, -192, -192, -192, -192, -192, -192, -192, 0, 0, 0, 0, 0, 0, 0, 0, 0, 0, 0, 0, 0, 0, 0, 0, 0, 0, 0, 0, 0, 0, 0, 0, 0, 0, 0, 0, 0, 0, 0, 0, 0, 0, 0, 0, 0, 0, 0, 0])
01-17 09:25:49.079   627  3892 D DlbDapEndpointParamCache: doCommit() Committed 37 parameters out of 37.
01-17 09:25:49.079   627  3892 D DlbDap2Process: setMave(mave = 0)
01-17 09:25:49.094 32114 32114 I zygote64: Late-enabling -Xcheck:jni
01-17 09:25:49.095   945   960 I ActivityManager: Start proc 32114:com.dolby.qa.featuretest/u0a73 for activity com.dolby.qa.featuretest/.MainActivity
01-17 09:25:49.135   684  1061 D AudioFlinger: trackStateChanged() Track id 792 state changed to 2
01-17 09:25:49.135   684  1061 I AudioFlinger: updateProcessedAudioState() Changing content processing in effect to 0
01-17 09:25:49.135   627  3512 D DlbDlbEffect: handle_EFFECT_CMD_SET_PARAM()
01-17 09:25:49.156   684  1061 D AudioFlinger: trackDestroyed() Track id 792 no longer contains processed audio
01-17 09:25:49.157   684   928 W AudioFlinger::EffectModule: EffectModule 0xed0e2200 destructor called with unreleased interface
01-17 09:25:49.157   684   928 W AudioFlinger::EffectHandle: disconnect Effect handle 0xee163200 disconnected after thread destruction
01-17 09:25:49.158   627  6441 D DlbDlbEffect: handle_EFFECT_CMD_DISABLE()
01-17 09:25:49.158   627  6441 D DlbDapCrossfadeProcess: setEnabled transitioning from DAP_ACTIVE state to FADE_TO_BYPASS
01-17 09:25:49.159   626   626 W /system/bin/hw/android.hidl.allocator@1.0-service: ashmem_create_region(3840) returning hidl_memory(0x7b7102c330, 3840)
01-17 09:25:49.160   627  6441 D DlbDlbEffect: handle_EFFECT_CMD_SET_CONFIG()
01-17 09:25:49.160   627  3512 D DlbDapEndpointParamCache: setDevice(device=0x00000002)
01-17 09:25:49.160   645   645 D DMSService: setActiveDevice called with device = 0x2
01-17 09:25:49.161   627  6441 D DlbDlbEffect: handle_EFFECT_CMD_ENABLE()
01-17 09:25:49.161   627  6441 D DlbDapCrossfadeProcess: setEnabled transitioning from FADE_TO_BYPASS state to FADE_TO_ACTIVE
01-17 09:25:49.273 32114 32114 D featureTest: onCreate
01-17 09:25:49.277 32114 32114 D AudioTrack: Client defaulted notificationFrames to 962 for frameCount 1924
01-17 09:25:49.280 32114 32114 W AudioTrack: Use of stream types is deprecated for operations other than volume control
01-17 09:25:49.280 32114 32114 W AudioTrack: See the documentation of AudioTrack() for what to use instead with android.media.AudioAttributes to qualify your playback use case
01-17 09:25:49.286 32114 32114 W DolbyAudioEffect: WARNING: attaching a DolbyAudioEffect to global output mix is deprecated!
01-17 09:25:49.293 32114 32114 D featureTest: onResume
01-17 09:25:49.303 32114 32131 D OpenGLRenderer: HWUI GL Pipeline
01-17 09:25:49.342 32114 32131 I Adreno  : QUALCOMM build                   : 7142022, Ib5823dd10c
01-17 09:25:49.342 32114 32131 I Adreno  : Build Date                       : 06/23/17
01-17 09:25:49.342 32114 32131 I Adreno  : OpenGL ES Shader Compiler Version: EV031.18.00.00
01-17 09:25:49.342 32114 32131 I Adreno  : Local Branch                     : O11A
01-17 09:25:49.342 32114 32131 I Adreno  : Remote Branch                    : 
01-17 09:25:49.342 32114 32131 I Adreno  : Remote Branch                    : 
01-17 09:25:49.342 32114 32131 I Adreno  : Reconstruct Branch               : 
01-17 09:25:49.347 32114 32131 I Adreno  : PFP: 0x005ff087, ME: 0x005ff063
01-17 09:25:49.349 32114 32131 I OpenGLRenderer: Initialized EGL, version 1.4
01-17 09:25:49.349 32114 32131 D OpenGLRenderer: Swap behavior 2
01-17 09:25:49.401   945   998 I ActivityManager: Displayed com.dolby.qa.featuretest/.MainActivity: +313ms
01-17 09:25:49.551   945   998 W ActivityManager: setHasOverlayUi called on unknown pid: 32021
01-17 09:25:49.553   475   574 E SurfaceFlinger: Failed to find layer (Toast#0) in layer parent (no-parent).
01-17 09:25:49.896  2103  2230 W OpenGLRenderer: Incorrectly called buildLayer on View: ShortcutAndWidgetContainer, destroying layer...
01-17 09:25:50.141 32114 32114 D featureTest: receive broadcast , playing content location :/sdcard/featureTest/ChID_voices_51_384_ddp_joc.mp4
01-17 09:25:50.146   945   945 W NotificationService: Object died trying to hide notification android.app.ITransientNotification$Stub$Proxy@986ae8d in package com.dolby.qa.featuretest
01-17 09:25:50.146   945   945 W WindowManager: removeWindowToken: Attempted to remove non-existing token: android.os.Binder@e25111b
01-17 09:25:50.147   945   945 W ActivityManager: setProcessForeground called on unknown pid: 32021
01-17 09:25:50.147   945   945 W NotificationService: Object died trying to show notification android.app.ITransientNotification$Stub$Proxy@5957842 in package com.dolby.qa.featuretest
01-17 09:25:50.147   945   945 W ActivityManager: setProcessForeground called on unknown pid: 32021
01-17 09:25:50.148   945   945 W NotificationService: Object died trying to show notification android.app.ITransientNotification$Stub$Proxy@548053 in package com.dolby.qa.featuretest
01-17 09:25:50.151 32114 32114 D featureTest: mMediaPlayer.getAudioSessionId(): 5961
01-17 09:25:50.151 32114 32114 D featureTest: Playing file: /sdcard/featureTest/ChID_voices_51_384_ddp_joc.mp4
01-17 09:25:50.153   710   900 D NuPlayerDriver: NuPlayerDriver(0xe6bcb770) created, clientPid(32114)
01-17 09:25:50.156 32140 32140 W generic : type=1400 audit(0.0:493): avc: denied { read } for path="/storage/emulated/0/featuretest/ChID_voices_51_384_ddp_joc.mp4" dev="sdcardfs" ino=1310784 scontext=u:r:mediaextractor:s0 tcontext=u:object_r:sdcardfs:s0 tclass=file permissive=0
01-17 09:25:50.157 32114 32114 W MediaPlayer: Use of stream types is deprecated for operations other than volume control
01-17 09:25:50.157 32114 32114 W MediaPlayer: See the documentation of setAudioStreamType() for what to use instead with android.media.AudioAttributes to qualify your playback use case
01-17 09:25:50.160   710 32140 D GenericSource: FileSource remote
01-17 09:25:50.160   710 32140 W GenericSource: extractor service cannot make data source
01-17 09:25:50.160   710 32140 D GenericSource: FileSource local
01-17 09:25:50.177   710 32139 D NuPlayerDriver: notifyListener_l(0xe6bcb770), (1, 0, 0, -1), loop setting(0, 0)
01-17 09:25:50.186   710   900 D NuPlayerDriver: start(0xe6bcb770), state is 4, eos is 0
01-17 09:25:50.186   710 32139 I GenericSource: start
01-17 09:25:50.190 32114 32114 W DolbyAudioEffect: WARNING: attaching a DolbyAudioEffect to global output mix is deprecated!
01-17 09:25:50.204   710 32147 I OMXClient: Treble IOmx obtained
01-17 09:25:50.205   717 20091 I OMXMaster: makeComponentInstance(OMX.dolby.eac3_joc.decoder) in omx@1.0-service process
01-17 09:25:50.209 32114 32114 D featureTest: receive broadcast , change ds status :0
01-17 09:25:50.218   627  6441 D DlbDlbEffect: handle_EFFECT_CMD_SET_PARAM()
01-17 09:25:50.245   717 20091 I DDP_JOCDecoder: -> init name OMX.dolby.eac3_joc.decoder
01-17 09:25:50.246   645   645 I DMSService: registerClient type = 0, uid = e7f0fbe0
01-17 09:25:50.246   645   645 V DolbyMemoryService: registerClient() client 0x710ec74380, uid -403637280
01-17 09:25:50.248   717 20091 I DDP_JOCDecoder: <- init
01-17 09:25:50.248   717 20091 D DDP_JOCDecoder: initPorts
01-17 09:25:50.249   717 21044 E OMXNodeInstance: setConfig(0xe7b0aa20:dolby.eac3_joc.decoder, ConfigPriority(0x6f800002)) ERROR: Undefined(0x80001001)
01-17 09:25:50.249   710 32147 I ACodec  : codec does not support config priority (err -2147483648)
01-17 09:25:50.250   717  5319 E OMXNodeInstance: getConfig(0xe7b0aa20:dolby.eac3_joc.decoder, ConfigAndroidVendorExtension(0x6f100004)) ERROR: Undefined(0x80001001)
01-17 09:25:50.250   710 32147 I MediaCodec: MediaCodec will operate in async mode
01-17 09:25:50.251   710 32147 I ACodec  : setDolbyParameterOnProcessedAudio() Received dolby_processed_audio=1
01-17 09:25:50.251   710 32146 I NuPlayerDecoder: setDolbyMessage() Notifying player that Codec supports dolby_processed_audio flag
01-17 09:25:50.251   710 32139 I NuPlayer: onDolbyMessageReceived() Setting dolby_processed_audio flag on audio sink
01-17 09:25:50.251   710 32139 I MediaPlayerService: setDolbyParameters() Marking audio output as having dolby_processed_audio
01-17 09:25:50.251   645   645 I DMSService: unregisterClient type = 0, uid = e7f0fbe0
01-17 09:25:50.272   645   645 D DatabaseHelper: failed to prepare SQL : INSERT INTO profiles VALUES(15
01-17 09:25:50.272   645   645 D DatabaseHelper: ,'custom','user2','user2','off','off')
01-17 09:25:50.272   645   645 D DatabaseHelper: failed to prepare SQL : INSERT INTO profile_endpoints VALUES(57
01-17 09:25:50.272   645   645 D DatabaseHelper: ,'custom','user2','speaker')
01-17 09:25:50.272   645   645 D DatabaseHelper: failed to prepare SQL : INSERT INTO profile_endpoints VALUES(57
01-17 09:25:50.272   645   645 D DatabaseHelper: ,'custom','user2','headphone')
01-17 09:25:50.272   645   645 D DatabaseHelper: failed to prepare SQL : INSERT INTO profile_endpoints VALUES(57
01-17 09:25:50.272   645   645 D DatabaseHelper: ,'custom','user2','passthrough')
01-17 09:25:50.273   645   645 D DatabaseHelper: failed to prepare SQL : INSERT INTO profile_endpoints VALUES(57
01-17 09:25:50.273   645   645 D DatabaseHelper: ,'custom','user2','other')
01-17 09:25:50.273   645   645 D DatabaseHelper: failed to prepare SQL : INSERT INTO profile_ports VALUES(85
01-17 09:25:50.273   645   645 D DatabaseHelper: ,'custom','user2','internal_speaker')
01-17 09:25:50.273   645   645 D DatabaseHelper: failed to prepare SQL : INSERT INTO profile_ports VALUES(85
01-17 09:25:50.273   645   645 D DatabaseHelper: ,'custom','user2','hdmi')
01-17 09:25:50.273   645   645 D DatabaseHelper: failed to prepare SQL : INSERT INTO profile_ports VALUES(85
01-17 09:25:50.273   645   645 D DatabaseHelper: ,'custom','user2','miracast')
01-17 09:25:50.273   645   645 D DatabaseHelper: failed to prepare SQL : INSERT INTO profile_ports VALUES(85
01-17 09:25:50.273   645   645 D DatabaseHelper: ,'custom','user2','headphone_port')
01-17 09:25:50.273   645   645 D DatabaseHelper: failed to prepare SQL : INSERT INTO profile_ports VALUES(85
01-17 09:25:50.273   645   645 D DatabaseHelper: ,'custom','user2','bluetooth')
01-17 09:25:50.273   645   645 D DatabaseHelper: failed to prepare SQL : INSERT INTO profile_ports VALUES(85
01-17 09:25:50.273   645   645 D DatabaseHelper: ,'custom','user2','usb')
01-17 09:25:50.273 32114 32114 D featureTest: receive broadcast , change ds profile id :2
01-17 09:25:50.273   645   645 D DatabaseHelper: failed to prepare SQL : INSERT INTO geq_presets VALUES(57
01-17 09:25:50.273   645   645 D DatabaseHelper: ,'custom','off','user2')
01-17 09:25:50.273   645   645 D DatabaseHelper: failed to prepare SQL : INSERT INTO geq_presets VALUES(57
01-17 09:25:50.273   645   645 D DatabaseHelper: ,'custom','open','user2')
01-17 09:25:50.274   645   645 D DatabaseHelper: failed to prepare SQL : INSERT INTO geq_presets VALUES(57
01-17 09:25:50.274   645   645 D DatabaseHelper: ,'custom','rich','user2')
01-17 09:25:50.274   645   645 D DatabaseHelper: failed to prepare SQL : INSERT INTO geq_presets VALUES(57
01-17 09:25:50.274   645   645 D DatabaseHelper: ,'custom','focused','user2')
01-17 09:25:50.281   627  6441 D DlbDlbEffect: handle_EFFECT_CMD_SET_PARAM()
01-17 09:25:50.285   645   713 I DapController: Profile Changed to Music
01-17 09:25:50.286   645   645 I DMSService: registerClient type = 4, uid = e7f0fbd0
01-17 09:25:50.286   645   645 V DolbyMemoryService: registerClient() client 0x710ec74380, uid -403637292
01-17 09:25:50.286   717  5319 D DDP_JOCDecoder: internalSetParameter() Instantiating ARenderer for content processing in decoder
01-17 09:25:50.286   717  5319 I DlbDap2QmfProcess: Dap2Process()
01-17 09:25:50.286   717  5319 I ARenderer: ARenderer
01-17 09:25:50.286   717  5319 I evo_parser: evo_parser_init
01-17 09:25:50.286   717  5319 I DlbDap2QmfProcess: init()
01-17 09:25:50.286   717  5319 I DlbDap2QmfProcess: open()
01-17 09:25:50.286   717  5319 I DlbDap2QmfProcess: loadLicense() no license check!
01-17 09:25:50.286   717  5319 I DlbDap2QmfProcess: validateLicense() no license check!
01-17 09:25:50.286   717  5319 I DlbDap2QmfProcess: init() DAP opened
01-17 09:25:50.286   717  5319 I DlbDap2QmfProcess: DAP library version: 2.5.1-P2.0
01-17 09:25:50.286   717  5319 D DlbDap2QmfProcess: DAP output mode set to 1 with 2 output channels and null mix matrix.
01-17 09:25:50.286   710 32147 I ACodec  : setDolbyParameterOnProcessedAudio() Content processing enabled in decoder
01-17 09:25:50.288   626   626 W /system/bin/hw/android.hidl.allocator@1.0-service: ashmem_create_region(8192) returning hidl_memory(0x7b7102c330, 8192)
01-17 09:25:50.290   626   626 I chatty  : uid=1000(system) allocator@1.0-s identical 2 lines
01-17 09:25:50.290   626   626 W /system/bin/hw/android.hidl.allocator@1.0-service: ashmem_create_region(8192) returning hidl_memory(0x7b7102c330, 8192)
01-17 09:25:50.293   626   626 W /system/bin/hw/android.hidl.allocator@1.0-service: ashmem_create_region(147456) returning hidl_memory(0x7b7102c330, 147456)
01-17 09:25:50.294   626   626 I chatty  : uid=1000(system) allocator@1.0-s identical 2 lines
01-17 09:25:50.294   626   626 W /system/bin/hw/android.hidl.allocator@1.0-service: ashmem_create_region(147456) returning hidl_memory(0x7b7102c330, 147456)
01-17 09:25:50.296   717 32151 I DDP_JOCDecoder: -> start
01-17 09:25:50.296   717 32151 I EndpConfig: DAP state has changed from -1 to 0
01-17 09:25:50.296   717 32151 D DDP_JOCDecoder: Setting Max Output Channels to 2
01-17 09:25:50.296   717 32151 D DDP_JOCDecoder: setMultiChannelPCMOutDownmix mConfig->jocForceDownmixMode 1
01-17 09:25:50.296   717 32151 I udc_user: 
01-17 09:25:50.296   717 32151 I udc_user: *** DDPlus Unified Decoder Simulation  Version 1.7.3 ***
01-17 09:25:50.296   717 32151 I udc_user: 
01-17 09:25:50.296   717 32151 I udc_user: 7.1-channel decoder-converter, 
01-17 09:25:50.296   717 32151 I udc_user: 
01-17 09:25:50.296   717 32151 I udc_user: 5.1-channel dual-decoder-converter, 
01-17 09:25:50.297   717 32151 I udc_user: Karaoke unsupported, 
01-17 09:25:50.297   717 32151 I udc_user: TPNP supported. 
01-17 09:25:50.297   717 32151 I udc_user: 
01-17 09:25:50.297   717 32151 I udc_user: Unpublished work.  Copyright 2003-2014 Dolby Laboratories, Inc. and
01-17 09:25:50.297   717 32151 I udc_user: Dolby Laboratories Licensing Corporation.  All Rights Reserved.
01-17 09:25:50.297   717 32151 I udc_user: 
01-17 09:25:50.297   717 32151 I udc_user: USE OF THIS SOFTWARE IS SUBJECT TO A LEGAL AGREEMENT BETWEEN YOU AND DOLBY
01-17 09:25:50.297   717 32151 I udc_user: LABORATORIES. DO NOT USE THIS SOFTWARE UNLESS YOU AGREE TO THE TERMS AND 
01-17 09:25:50.297   717 32151 I udc_user: CONDITIONS IN THE AGREEMENT.  BY USING THIS SOFTWARE, YOU ACKNOWLEDGE THAT 
01-17 09:25:50.297   717 32151 I udc_user: YOU HAVE READ THE AGREEMENT AND THAT YOU AGREE TO BE BOUND BY ITS TERMS. 
01-17 09:25:50.297   717 32151 I udc_user: 
01-17 09:25:50.297   717 32151 I ddpdec_client_joc: ddpdec_open JOCD_MODE Buffer assignment
01-17 09:25:50.297   717 32151 D DDP_JOCDecoder: mStarted = 1
01-17 09:25:50.297   717 32151 I DDP_JOCDecoder: <- start
01-17 09:25:50.298   717 32151 D ddpdec_client_joc: ddpdec_client.c|int configDecoder()
01-17 09:25:50.300   717 32151 D DDP_JOCDecoder: Setting Max Output Channels to 2
01-17 09:25:50.300   717 32151 I DlbDap2QmfProcess: close()
01-17 09:25:50.300   717 32151 I DlbDap2QmfProcess: init()
01-17 09:25:50.300   717 32151 I DlbDap2QmfProcess: open()
01-17 09:25:50.300   717 32151 I DlbDap2QmfProcess: loadLicense() no license check!
01-17 09:25:50.300   717 32151 I DlbDap2QmfProcess: validateLicense() no license check!
01-17 09:25:50.300   717 32151 I DlbDap2QmfProcess: init() DAP opened
01-17 09:25:50.300   717 32151 I DlbDap2QmfProcess: DAP library version: 2.5.1-P2.0
01-17 09:25:50.300   717 32151 D DlbDap2QmfProcess: DAP output mode set to 1 with 2 output channels and null mix matrix.
01-17 09:25:50.300   717 32151 D ARenderer: checkAndUpdateConfig: DAP reinitialized because of sample rate change
01-17 09:25:50.300   717 32151 D ARenderer: updateDapConfig: Updating DAP configuration
01-17 09:25:50.300   717 32151 I ARenderer: updateDapConfig: Disable content processing in decoder-ARenderer
01-17 09:25:50.301   717 32151 D DlbDap2QmfProcess: setParam(deon = #1[0])
01-17 09:25:50.301   717 32151 D DlbDap2QmfProcess: setParam(dvle = #1[0])
01-17 09:25:50.301   717 32151 D DlbDap2QmfProcess: setParam(ieon = #1[0])
01-17 09:25:50.301   717 32151 D DlbDap2QmfProcess: setParam(dvme = #1[0])
01-17 09:25:50.301   717 32151 D DlbDap2QmfProcess: setParam(dom = #1[0])
01-17 09:25:50.301   717 32151 D DlbDap2QmfProcess: setParam(msce = #1[0])
01-17 09:25:50.301   717 32151 D DlbDap2QmfProcess: setParam(miee = #1[0])
01-17 09:25:50.301   717 32151 D DlbDap2QmfProcess: setParam(mdle = #1[0])
01-17 09:25:50.301   717 32151 D DlbDap2QmfProcess: setParam(mdee = #1[0])
01-17 09:25:50.301   717 32151 D DlbDap2QmfProcess: setParam(mave = #1[0])
01-17 09:25:50.301   717 32151 D DlbDap2QmfProcess: setParam(ngon = #1[0])
01-17 09:25:50.301   717 32151 D DlbDap2QmfProcess: setParam(dvle = #1[1])
01-17 09:25:50.301   717 32151 D DlbDap2QmfProcess: setParam(dvli = #1[-496])
01-17 09:25:50.301   717 32151 D DlbDap2QmfProcess: setParam(dvlo = #1[-224])
01-17 09:25:50.301   717 32151 D ARenderer: updateDapVolumeLeveler: Setting output level to -14.00dB
01-17 09:25:50.301   717 32151 D DlbDap2QmfProcess: setParam(vmb = #1[0])
01-17 09:25:50.301   717 32151 D DlbDap2QmfProcess: setParam(preg = #1[-384])
01-17 09:25:50.301   717 32151 D DlbDap2QmfProcess: setParam(vol = #1[384])
01-17 09:25:50.301   717 32151 D DlbDlbBufferProvider: setConfig() Updating buffer configuration.
01-17 09:25:50.301   717 32151 D DlbDap2QmfProcess: processQmf() called [0] times
01-17 09:25:50.301   717 32151 D DlbDap2QmfProcess: setMave(mave = 0)
01-17 09:25:50.312   710 32145 D AudioTrack: Client defaulted notificationFrames to 12000 for frameCount 24000
01-17 09:25:50.313   684  3974 I AudioFlinger: attachAuxEffect(): Marking track 794 as containing processed audio
01-17 09:25:50.313   684  3974 D AudioFlinger: trackContainsProcessedAudio() Track id 794 contains processed audio
01-17 09:25:50.315   626   626 W /system/bin/hw/android.hidl.allocator@1.0-service: ashmem_create_region(7680) returning hidl_memory(0x7b7102c330, 7680)
01-17 09:25:50.316   626   626 W /system/bin/hw/android.hidl.allocator@1.0-service: ashmem_create_region(7680) returning hidl_memory(0x7b7102c330, 7680)
01-17 09:25:50.318   627   924 D DlbDlbEffect: handle_EFFECT_CMD_DISABLE()
01-17 09:25:50.318   627   924 D DlbDapCrossfadeProcess: setEnabled transitioning from FADE_TO_ACTIVE state to FADE_TO_BYPASS
01-17 09:25:50.319   626   626 W /system/bin/hw/android.hidl.allocator@1.0-service: ashmem_create_region(7680) returning hidl_memory(0x7b7102c330, 7680)
01-17 09:25:50.320   627   924 D DlbDlbEffect: handle_EFFECT_CMD_SET_CONFIG()
01-17 09:25:50.320 32114 32114 D featureTest: receive broadcast , playing content location :/sdcard/featureTest/ChID_voices_51_384_ddp_joc.mp4
01-17 09:25:50.320   627   924 D DlbDapEndpointParamCache: setDevice(device=0x00000002)
01-17 09:25:50.320   645   645 D DMSService: setActiveDevice called with device = 0x2
01-17 09:25:50.320   627   924 D DlbDlbEffect: handle_EFFECT_CMD_ENABLE()
01-17 09:25:50.320   627   924 D DlbDapCrossfadeProcess: setEnabled transitioning from FADE_TO_BYPASS state to FADE_TO_ACTIVE
01-17 09:25:50.320   684  3974 W AudioFlinger: moveDolbyEffect() effect chain for session 0 not on source thread 0xee0ae580
01-17 09:25:50.321   684  3974 D AudioFlinger: trackStateChanged() Track id 794 state changed to 6
01-17 09:25:50.321   684  3974 I AudioFlinger: updateProcessedAudioState() Changing content processing in effect to 1
01-17 09:25:50.321   627  6441 D DlbDlbEffect: handle_EFFECT_CMD_SET_PARAM()
01-17 09:25:50.322   710 32139 D NuPlayerDriver: notifyListener_l(0xe6bcb770), (6, 0, 0, -1), loop setting(0, 1)
01-17 09:25:50.323   710   900 D NuPlayerDriver: stop(0xe6bcb770)
01-17 09:25:50.323   710   900 D NuPlayerDriver: notifyListener_l(0xe6bcb770), (8, 0, 0, -1), loop setting(0, 1)
01-17 09:25:50.323   710   900 D NuPlayerDriver: reset(0xe6bcb770) at state 8
01-17 09:25:50.333   717 20091 I DDP_JOCDecoder: -> ~DDPDecoder
01-17 09:25:50.333   717 20091 I DDP_JOCDecoder: -> stop
01-17 09:25:50.333   645   645 I DMSService: unregisterClient type = 4, uid = e7f0fbd0
01-17 09:25:50.348   645   645 D DatabaseHelper: failed to prepare SQL : INSERT INTO profiles VALUES(15
01-17 09:25:50.348   645   645 D DatabaseHelper: ,'custom','user2','user2','off','off')
01-17 09:25:50.348   645   645 D DatabaseHelper: failed to prepare SQL : INSERT INTO profile_endpoints VALUES(57
01-17 09:25:50.348   645   645 D DatabaseHelper: ,'custom','user2','speaker')
01-17 09:25:50.348   645   645 D DatabaseHelper: failed to prepare SQL : INSERT INTO profile_endpoints VALUES(57
01-17 09:25:50.348   645   645 D DatabaseHelper: ,'custom','user2','headphone')
01-17 09:25:50.349   645   645 D DatabaseHelper: failed to prepare SQL : INSERT INTO profile_endpoints VALUES(57
01-17 09:25:50.349   645   645 D DatabaseHelper: ,'custom','user2','passthrough')
01-17 09:25:50.349   645   645 D DatabaseHelper: failed to prepare SQL : INSERT INTO profile_endpoints VALUES(57
01-17 09:25:50.349   645   645 D DatabaseHelper: ,'custom','user2','other')
01-17 09:25:50.349   645   645 D DatabaseHelper: failed to prepare SQL : INSERT INTO profile_ports VALUES(85
01-17 09:25:50.349   645   645 D DatabaseHelper: ,'custom','user2','internal_speaker')
01-17 09:25:50.349   645   645 D DatabaseHelper: failed to prepare SQL : INSERT INTO profile_ports VALUES(85
01-17 09:25:50.349   645   645 D DatabaseHelper: ,'custom','user2','hdmi')
01-17 09:25:50.349   645   645 D DatabaseHelper: failed to prepare SQL : INSERT INTO profile_ports VALUES(85
01-17 09:25:50.349   645   645 D DatabaseHelper: ,'custom','user2','miracast')
01-17 09:25:50.349   645   645 D DatabaseHelper: failed to prepare SQL : INSERT INTO profile_ports VALUES(85
01-17 09:25:50.349   645   645 D DatabaseHelper: ,'custom','user2','headphone_port')
01-17 09:25:50.349   645   645 D DatabaseHelper: failed to prepare SQL : INSERT INTO profile_ports VALUES(85
01-17 09:25:50.349   645   645 D DatabaseHelper: ,'custom','user2','bluetooth')
01-17 09:25:50.349   645   645 D DatabaseHelper: failed to prepare SQL : INSERT INTO profile_ports VALUES(85
01-17 09:25:50.349   645   645 D DatabaseHelper: ,'custom','user2','usb')
01-17 09:25:50.350   645   645 D DatabaseHelper: failed to prepare SQL : INSERT INTO geq_presets VALUES(57
01-17 09:25:50.350   645   645 D DatabaseHelper: ,'custom','off','user2')
01-17 09:25:50.350   645   645 D DatabaseHelper: failed to prepare SQL : INSERT INTO geq_presets VALUES(57
01-17 09:25:50.350   645   645 D DatabaseHelper: ,'custom','open','user2')
01-17 09:25:50.350   645   645 D DatabaseHelper: failed to prepare SQL : INSERT INTO geq_presets VALUES(57
01-17 09:25:50.350   645   645 D DatabaseHelper: ,'custom','rich','user2')
01-17 09:25:50.350   645   645 D DatabaseHelper: failed to prepare SQL : INSERT INTO geq_presets VALUES(57
01-17 09:25:50.350   645   645 D DatabaseHelper: ,'custom','focused','user2')
01-17 09:25:50.359   717 20091 I DDP_JOCDecoder: <- stop
01-17 09:25:50.359   717 20091 I ARenderer: ~ARenderer
01-17 09:25:50.359   717 20091 I evo_parser: evo_parser_close
01-17 09:25:50.359   717 20091 I DlbDap2QmfProcess: ~Dap2Process()
01-17 09:25:50.359   717 20091 I DlbDap2QmfProcess: close()
01-17 09:25:50.359   717 20091 I DDP_JOCDecoder: <- ~DDPDecoder
01-17 09:25:50.360   627  3892 D DlbDapCrossfadeProcess: setEnabled transitioning from FADE_TO_ACTIVE state to FADE_TO_BYPASS
01-17 09:25:50.361   627  3892 D DlbDapEndpointParamCache: commitChangedParams()
01-17 09:25:50.361   627  3892 D DlbDapEndpointParamCache: commit() Applying parameters for device 0x40000000
01-17 09:25:50.361   627  3892 D DlbDap2Process: setParam(iea = #1[10])
01-17 09:25:50.361   627  3892 D DlbDap2Process: setParam(msce = #1[0])
01-17 09:25:50.361   627  3892 D DlbDap2Process: setParam(mdee = #1[0])
01-17 09:25:50.361   627  3892 D DlbDap2Process: setParam(miee = #1[0])
01-17 09:25:50.361   627  3892 D DlbDap2Process: setParam(mdle = #1[0])
01-17 09:25:50.361   627  3892 D DlbDap2Process: setParam(dvle = #1[1])
01-17 09:25:50.361   627  3892 D DlbDap2Process: setParam(mave = #1[0])
01-17 09:25:50.361   627  3892 D DlbDap2Process: setParam(vcbf = #20[47, 141, 234, 328, 469, 656, 844, 1031, 1313, 1688, 2250, 3000, 3750, 4688, 5813, 7125, 9000, 11250, 13875, 19688])
01-17 09:25:50.361   627  3892 D DlbDap2Process: setParam(vbon = #1[0])
01-17 09:25:50.361   627  3892 D DlbDap2Process: setParam(beon = #1[0])
01-17 09:25:50.361   627  3892 D DlbDap2Process: setParam(geon = #1[0])
01-17 09:25:50.361   627  3892 D DlbDap2Process: setParam(ieon = #1[1])
01-17 09:25:50.361   627  3892 D DlbDap2Process: setParam(gebs = #41[20, 47, 141, 234, 328, 469, 656, 844, 1031, 1313, 1688, 2250, 3000, 3750, 4688, 5813, 7125, 9000, 11250, 13875, 19688, 0, 0, 0, 0, 0, 0, 0, 0, 0, 0, 0, 0, 0, 0, 0, 0, 0, 0, 0, 0])
01-17 09:25:50.362   627  3892 D DlbDap2Process: setParam(iebs = #41[20, 65, 136, 223, 332, 467, 634, 841, 1098, 1416, 1812, 2302, 2909, 3663, 4598, 5756, 7194, 8976, 11186, 13927, 17326, 117, 133, 188, 176, 141, 149, 175, 185, 185, 200, 236, 242, 228, 213, 182, 132, 110, 68, -27, -240])
01-17 09:25:50.362   627  3892 D DlbDapEndpointParamCache: doCommit() Committed 15 parameters out of 16.
01-17 09:25:50.362   627  3892 D DlbDapEndpointParamCache: commit() Overriding parameters for current device 0x00000002
01-17 09:25:50.362   627  3892 D DlbDap2Process: setParam(dea = #1[7])
01-17 09:25:50.362   627  3892 D DlbDap2Process: setParam(dsa = #1[10])
01-17 09:25:50.362   627  3892 D DlbDap2Process: setParam(beb = #1[192])
01-17 09:25:50.362   627  3892 D DlbDap2Process: setParam(plb = #1[0])
01-17 09:25:50.362   627  3892 D DlbDap2Process: setParam(vmb = #1[144])
01-17 09:25:50.362   627  3892 D DlbDap2Process: setParam(dsb = #1[0])
01-17 09:25:50.362   627  3892 D DlbDap2Process: setParam(ded = #1[0])
01-17 09:25:50.362   627  3892 D DlbDap2Process: setParam(vbm = #1[3])
01-17 09:25:50.362   627  3892 D DlbDap2Process: setParam(dom = #1[0])
01-17 09:25:50.362   627  3892 D DlbDap2Process: setParam(bew = #1[16])
01-17 09:25:50.362   627  3892 D DlbDap2Process: setParam(dvla = #1[4])
01-17 09:25:50.362   627  3892 D DlbDap2Process: setParam(arra = #1[96])
01-17 09:25:50.362   627  3892 D DlbDap2Process: setParam(dfsa = #1[10])
01-17 09:25:50.362   627  3892 D DlbDap2Process: setParam(dhsa = #1[10])
01-17 09:25:50.362   627  3892 D DlbDap2Process: setParam(dvmc = #1[0])
01-17 09:25:50.362   627  3892 D DlbDap2Process: setParam(arod = #1[0])
01-17 09:25:50.362   627  3892 D DlbDap2Process: setParam(arde = #1[1])
01-17 09:25:50.362   627  3892 D DlbDap2Process: setParam(dvle = #1[1])
01-17 09:25:50.362   627  3892 D DlbDap2Process: setParam(dvme = #1[0])
01-17 09:25:50.362   627  3892 D DlbDap2Process: setParam(becf = #1[200])
01-17 09:25:50.362   627  3892 D DlbDap2Process: setParam(vbmf = #2[94, 469])
01-17 09:25:50.362   627  3892 D DlbDap2Process: setParam(vbsf = #2[35, 160])
01-17 09:25:50.362   627  3892 D DlbDap2Process: setParam(vbhg = #3[-32, -144, -192])
01-17 09:25:50.362   627  3892 D DlbDap2Process: setParam(vbog = #1[0])
01-17 09:25:50.362   627  3892 D DlbDap2Process: setParam(vbsg = #1[0])
01-17 09:25:50.362   627  3892 D DlbDap2Process: setParam(dvli = #1[-320])
01-17 09:25:50.362   627  3892 D DlbDap2Process: setParam(dhfm = #1[2])
01-17 09:25:50.362   627  3892 D DlbDap2Process: setParam(vbon = #1[0])
01-17 09:25:50.362   627  3892 D DlbDap2Process: setParam(beon = #1[0])
01-17 09:25:50.362   627  3892 D DlbDap2Process: setParam(deon = #1[0])
01-17 09:25:50.362   627  3892 D DlbDap2Process: setParam(ngon = #1[1])
01-17 09:25:50.362   627  3892 D DlbDap2Process: setParam(aoon = #1[1])
01-17 09:25:50.362   627  3892 D DlbDap2Process: setParam(aron = #1[1])
01-17 09:25:50.363   627  3892 D DlbDap2Process: setParam(dvlo = #1[-320])
01-17 09:25:50.363   627  3892 D DlbDap2Process: setParam(artp = #1[12])
01-17 09:25:50.363   627  3892 D DlbDap2Process: setParam(aobs = #222[20, 10, 47, 141, 234, 328, 469, 656, 844, 1031, 1313, 1688, 2250, 3000, 3750, 4688, 5813, 7125, 9000, 11250, 13875, 19688, 0, 0, 0, 0, 0, 0, 0, 0, 0, 0, 0, 0, 0, 0, 0, 0, 0, 0, 0, 0, 0, 0, 0, 0, 0, 0, 0, 0, 0, 0, 0, 0, 0, 0, 0, 0, 0, 0, 0, 0, 0, 0, 0, 0, 0, 0, 0, 0, 0, 0, 0, 0, 0, 0, 0, 0, 0, 0, 0, 0, 0, 0, 0, 0, 0, 0, 0, 0, 0, 0, 0, 0, 0, 0, 0, 0, 0, 0, 0, 0, 0, 0, 0, 0, 0, 0, 0, 0, 0, 0, 0, 0, 0, 0, 0, 0, 0, 0, 0, 0, 0, 0, 0, 0, 0, 0, 0, 0, 0, 0, 0, 0, 0, 0, 0, 0, 0, 0, 0, 0, 0, 0, 0, 0, 0, 0, 0, 0, 0, 0, 0, 0, 0, 0, 0, 0, 0, 0, 0, 0, 0, 0, 0, 0, 0, 0, 0, 0, 0, 0, 0, 0, 0, 0, 0, 0, 0, 0, 0, 0, 0, 0, 0, 0, 0, 0, 0, 0, 0, 0, 0, 0, 0, 0, 0, 0, 0, 0, 0, 0, 0, 0, 0, 0, 0, 0, 0, 0, 0, 0, 0, 0, 0, 0, 0, 0, 0, 0, 0, 0])
01-17 09:25:50.363   627  3892 D DlbDap2Process: setParam(arbs = #81[20, 47, 141, 234, 328, 469, 656, 844, 1031, 1313, 1688, 2250, 3000, 3750, 4688, 5813, 7125, 9000, 11250, 13875, 19688, -192, -192, -192, -192, -192, -192, -192, -192, -192, -192, -192, -192, -192, -192, -192, -192, -192, -192, -192, -192, 0, 0, 0, 0, 0, 0, 0, 0, 0, 0, 0, 0, 0, 0, 0, 0, 0, 0, 0, 0, 0, 0, 0, 0, 0, 0, 0, 0, 0, 0, 0, 0, 0, 0, 0, 0, 0, 0, 0, 0])
01-17 09:25:50.363   627  3892 D DlbDapEndpointParamCache: doCommit() Committed 37 parameters out of 37.
01-17 09:25:50.363   627  3892 D DlbDap2Process: setMave(mave = 0)
01-17 09:25:50.365   710 32139 D NuPlayerDriver: notifyResetComplete(0xe6bcb770)
01-17 09:25:50.365   710   900 D NuPlayerDriver: reset(0xe6bcb770) at state 0
01-17 09:25:50.366 32114 32114 V MediaPlayer: resetDrmState:  mDrmInfo=null mDrmProvisioningThread=null mPrepareDrmInProgress=false mActiveDrmScheme=false
01-17 09:25:50.366 32114 32114 V MediaPlayer: cleanDrmObj: mDrmObj=null mDrmSessionId=null
01-17 09:25:50.367 32114 32114 V MediaPlayer: resetDrmState:  mDrmInfo=null mDrmProvisioningThread=null mPrepareDrmInProgress=false mActiveDrmScheme=false
01-17 09:25:50.367 32114 32114 V MediaPlayer: cleanDrmObj: mDrmObj=null mDrmSessionId=null
01-17 09:25:50.371 32114 32114 D featureTest: mMediaPlayer.getAudioSessionId(): 5969
01-17 09:25:50.371 32114 32114 D featureTest: Playing file: /sdcard/featureTest/ChID_voices_51_384_ddp_joc.mp4
01-17 09:25:50.372   710   900 D NuPlayerDriver: NuPlayerDriver(0xe6bcb850) created, clientPid(32114)
01-17 09:25:50.373 32165 32165 W generic : type=1400 audit(0.0:494): avc: denied { read } for path="/storage/emulated/0/featuretest/ChID_voices_51_384_ddp_joc.mp4" dev="sdcardfs" ino=1310784 scontext=u:r:mediaextractor:s0 tcontext=u:object_r:sdcardfs:s0 tclass=file permissive=0
01-17 09:25:50.375 32114 32114 W MediaPlayer: Use of stream types is deprecated for operations other than volume control
01-17 09:25:50.375 32114 32114 W MediaPlayer: See the documentation of setAudioStreamType() for what to use instead with android.media.AudioAttributes to qualify your playback use case
01-17 09:25:50.377   710 32165 D GenericSource: FileSource remote
01-17 09:25:50.377   710 32165 W GenericSource: extractor service cannot make data source
01-17 09:25:50.378   710 32165 D GenericSource: FileSource local
01-17 09:25:50.390   710 32164 D NuPlayerDriver: notifyListener_l(0xe6bcb850), (1, 0, 0, -1), loop setting(0, 0)
01-17 09:25:50.395   710   900 D NuPlayerDriver: start(0xe6bcb850), state is 4, eos is 0
01-17 09:25:50.395   710 32164 I GenericSource: start
01-17 09:25:50.400 32114 32114 W DolbyAudioEffect: WARNING: attaching a DolbyAudioEffect to global output mix is deprecated!
01-17 09:25:50.403 32114 32114 D featureTest: receive broadcast , change ds status :1
01-17 09:25:50.414   710 32169 I OMXClient: Treble IOmx obtained
01-17 09:25:50.415   627  6441 D DlbDlbEffect: handle_EFFECT_CMD_SET_PARAM()
01-17 09:25:50.415   717 20091 I OMXMaster: makeComponentInstance(OMX.dolby.eac3_joc.decoder) in omx@1.0-service process
01-17 09:25:50.435   627  3892 D DlbDapCrossfadeProcess: setEnabled transitioning from FADE_TO_BYPASS state to FADE_TO_ACTIVE
01-17 09:25:50.455   684  1061 D AudioFlinger: trackStateChanged() Track id 794 state changed to 2
01-17 09:25:50.455   684  1061 I AudioFlinger: updateProcessedAudioState() Changing content processing in effect to 0
01-17 09:25:50.455   627  6441 D DlbDlbEffect: handle_EFFECT_CMD_SET_PARAM()
01-17 09:25:50.464   717 20091 I DDP_JOCDecoder: -> init name OMX.dolby.eac3_joc.decoder
01-17 09:25:50.465   645   645 I DMSService: registerClient type = 0, uid = e7f0fc00
01-17 09:25:50.465   645   645 V DolbyMemoryService: registerClient() client 0x710ec74380, uid -403637248
01-17 09:25:50.466   717 20091 I DDP_JOCDecoder: <- init
01-17 09:25:50.466   717 20091 D DDP_JOCDecoder: initPorts
01-17 09:25:50.467   717  5783 E OMXNodeInstance: setConfig(0xe7b0aa20:dolby.eac3_joc.decoder, ConfigPriority(0x6f800002)) ERROR: Undefined(0x80001001)
01-17 09:25:50.467   710 32169 I ACodec  : codec does not support config priority (err -2147483648)
01-17 09:25:50.467   717  5783 E OMXNodeInstance: getConfig(0xe7b0aa20:dolby.eac3_joc.decoder, ConfigAndroidVendorExtension(0x6f100004)) ERROR: Undefined(0x80001001)
01-17 09:25:50.468   710 32169 I MediaCodec: MediaCodec will operate in async mode
01-17 09:25:50.468   710 32169 I ACodec  : setDolbyParameterOnProcessedAudio() Received dolby_processed_audio=1
01-17 09:25:50.468   710 32168 I NuPlayerDecoder: setDolbyMessage() Notifying player that Codec supports dolby_processed_audio flag
01-17 09:25:50.468   710 32164 I NuPlayer: onDolbyMessageReceived() Setting dolby_processed_audio flag on audio sink
01-17 09:25:50.468   710 32164 I MediaPlayerService: setDolbyParameters() Marking audio output as having dolby_processed_audio
01-17 09:25:50.468   645   645 I DMSService: unregisterClient type = 0, uid = e7f0fc00
01-17 09:25:50.471 32114 32114 D featureTest: receive broadcast , change ds profile id :5
01-17 09:25:50.476   684  1061 D AudioFlinger: trackDestroyed() Track id 794 no longer contains processed audio
01-17 09:25:50.487   645   645 D DatabaseHelper: failed to prepare SQL : INSERT INTO profiles VALUES(15
01-17 09:25:50.487   645   645 D DatabaseHelper: ,'custom','user2','user2','off','off')
01-17 09:25:50.488   645   645 D DatabaseHelper: failed to prepare SQL : INSERT INTO profile_endpoints VALUES(57
01-17 09:25:50.488   645   645 D DatabaseHelper: ,'custom','user2','speaker')
01-17 09:25:50.488   645   645 D DatabaseHelper: failed to prepare SQL : INSERT INTO profile_endpoints VALUES(57
01-17 09:25:50.488   645   645 D DatabaseHelper: ,'custom','user2','headphone')
01-17 09:25:50.488   645   645 D DatabaseHelper: failed to prepare SQL : INSERT INTO profile_endpoints VALUES(57
01-17 09:25:50.488   645   645 D DatabaseHelper: ,'custom','user2','passthrough')
01-17 09:25:50.488   645   645 D DatabaseHelper: failed to prepare SQL : INSERT INTO profile_endpoints VALUES(57
01-17 09:25:50.488   645   645 D DatabaseHelper: ,'custom','user2','other')
01-17 09:25:50.488   645   645 D DatabaseHelper: failed to prepare SQL : INSERT INTO profile_ports VALUES(85
01-17 09:25:50.488   645   645 D DatabaseHelper: ,'custom','user2','internal_speaker')
01-17 09:25:50.488   645   645 D DatabaseHelper: failed to prepare SQL : INSERT INTO profile_ports VALUES(85
01-17 09:25:50.488   645   645 D DatabaseHelper: ,'custom','user2','hdmi')
01-17 09:25:50.488   645   645 D DatabaseHelper: failed to prepare SQL : INSERT INTO profile_ports VALUES(85
01-17 09:25:50.488   645   645 D DatabaseHelper: ,'custom','user2','miracast')
01-17 09:25:50.488   645   645 D DatabaseHelper: failed to prepare SQL : INSERT INTO profile_ports VALUES(85
01-17 09:25:50.488   645   645 D DatabaseHelper: ,'custom','user2','headphone_port')
01-17 09:25:50.488   645   645 D DatabaseHelper: failed to prepare SQL : INSERT INTO profile_ports VALUES(85
01-17 09:25:50.488   645   645 D DatabaseHelper: ,'custom','user2','bluetooth')
01-17 09:25:50.488   645   645 D DatabaseHelper: failed to prepare SQL : INSERT INTO profile_ports VALUES(85
01-17 09:25:50.488   645   645 D DatabaseHelper: ,'custom','user2','usb')
01-17 09:25:50.489   645   645 D DatabaseHelper: failed to prepare SQL : INSERT INTO geq_presets VALUES(57
01-17 09:25:50.489   645   645 D DatabaseHelper: ,'custom','off','user2')
01-17 09:25:50.489   645   645 D DatabaseHelper: failed to prepare SQL : INSERT INTO geq_presets VALUES(57
01-17 09:25:50.489   645   645 D DatabaseHelper: ,'custom','open','user2')
01-17 09:25:50.489   645   645 D DatabaseHelper: failed to prepare SQL : INSERT INTO geq_presets VALUES(57
01-17 09:25:50.489   645   645 D DatabaseHelper: ,'custom','rich','user2')
01-17 09:25:50.489   645   645 D DatabaseHelper: failed to prepare SQL : INSERT INTO geq_presets VALUES(57
01-17 09:25:50.489   645   645 D DatabaseHelper: ,'custom','focused','user2')
01-17 09:25:50.499   627  3892 D DlbDapCrossfadeProcess: process transitioning from FADE_TO_ACTIVE state to DAP_ACTIVE
01-17 09:25:50.499   684   928 W AudioFlinger::EffectModule: EffectModule 0xed0e1f00 destructor called with unreleased interface
01-17 09:25:50.499   627  6441 D DlbDlbEffect: handle_EFFECT_CMD_SET_PARAM()
01-17 09:25:50.500   645   645 I DMSService: registerClient type = 4, uid = e7f0fbf0
01-17 09:25:50.500   645   645 V DolbyMemoryService: registerClient() client 0x710ec74380, uid -403637260
01-17 09:25:50.500   717  5783 D DDP_JOCDecoder: internalSetParameter() Instantiating ARenderer for content processing in decoder
01-17 09:25:50.500   717  5783 I DlbDap2QmfProcess: Dap2Process()
01-17 09:25:50.500   717  5783 I ARenderer: ARenderer
01-17 09:25:50.500   684   928 W AudioFlinger::EffectHandle: disconnect Effect handle 0xee163240 disconnected after thread destruction
01-17 09:25:50.500   717  5783 I evo_parser: evo_parser_init
01-17 09:25:50.500   717  5783 I DlbDap2QmfProcess: init()
01-17 09:25:50.500   717  5783 I DlbDap2QmfProcess: open()
01-17 09:25:50.500   717  5783 I DlbDap2QmfProcess: loadLicense() no license check!
01-17 09:25:50.500   717  5783 I DlbDap2QmfProcess: validateLicense() no license check!
01-17 09:25:50.500   717  5783 I DlbDap2QmfProcess: init() DAP opened
01-17 09:25:50.500   717  5783 I DlbDap2QmfProcess: DAP library version: 2.5.1-P2.0
01-17 09:25:50.500   717  5783 D DlbDap2QmfProcess: DAP output mode set to 1 with 2 output channels and null mix matrix.
01-17 09:25:50.500   710 32169 I ACodec  : setDolbyParameterOnProcessedAudio() Content processing enabled in decoder
01-17 09:25:50.501   627   924 D DlbDlbEffect: handle_EFFECT_CMD_DISABLE()
01-17 09:25:50.501   645   713 I DapController: Profile Changed to Custom
01-17 09:25:50.501   627   924 D DlbDapCrossfadeProcess: setEnabled transitioning from DAP_ACTIVE state to FADE_TO_BYPASS
01-17 09:25:50.503   626   626 W /system/bin/hw/android.hidl.allocator@1.0-service: ashmem_create_region(3840) returning hidl_memory(0x7b7102c330, 3840)
01-17 09:25:50.504   627  6441 D DlbDlbEffect: handle_EFFECT_CMD_SET_CONFIG()
