--------- beginning of system
01-15 12:07:47.095   945  9499 I ActivityManager: Force stopping com.dolby.qa.featuretest appid=10072 user=0: from pid 13928
01-15 12:07:47.096   945  9499 I ActivityManager: Killing 13853:com.dolby.qa.featuretest/u0a72 (adj 0): stop com.dolby.qa.featuretest
01-15 12:07:47.097   945  9499 W ActivityManager: Force removing ActivityRecord{bb3d2d3 u0 com.dolby.qa.featuretest/.MainActivity t107}: app died, no saved state
01-15 12:07:47.113   945  9499 I WindowManager: Failed to capture screenshot of Token{7ff3e10 ActivityRecord{bb3d2d3 u0 com.dolby.qa.featuretest/.MainActivity t107 f}} appWin=Window{2d25ed u0 com.dolby.qa.featuretest/com.dolby.qa.featuretest.MainActivity} drawState=4
--------- beginning of main
01-15 12:07:47.118   710  1422 D NuPlayerDriver: reset(0xe84b2460) at state 5
01-15 12:07:47.120   710  1422 D NuPlayerDriver: notifyListener_l(0xe84b2460), (8, 0, 0, -1), loop setting(0, 1)
01-15 12:07:47.120   684   931 D AudioFlinger: trackStateChanged() Track id 303 state changed to 6
01-15 12:07:47.121   945  1530 I WindowManager: WIN DEATH: Window{de095ce u0 Toast}
01-15 12:07:47.129   717  5319 I DDP_JOCDecoder: -> ~DDPDecoder
01-15 12:07:47.130   717  5319 I DDP_JOCDecoder: -> stop
01-15 12:07:47.130   645   645 I DMSService: unregisterClient type = 4, uid = e8392170
01-15 12:07:47.144  1499  1499 D CarrierSvcBindHelper: No carrier app for: 0
01-15 12:07:47.149  2010  2010 D RegisteredNfcFServicesCache: Service unchanged, not updating
01-15 12:07:47.159   645   645 D DatabaseHelper: failed to prepare SQL : INSERT INTO profiles VALUES(15
01-15 12:07:47.159   645   645 D DatabaseHelper: ,'custom','user2','user2','off','off')
01-15 12:07:47.160   645   645 D DatabaseHelper: failed to prepare SQL : INSERT INTO profile_endpoints VALUES(57
01-15 12:07:47.160   645   645 D DatabaseHelper: ,'custom','user2','speaker')
01-15 12:07:47.160   645   645 D DatabaseHelper: failed to prepare SQL : INSERT INTO profile_endpoints VALUES(57
01-15 12:07:47.160   645   645 D DatabaseHelper: ,'custom','user2','headphone')
01-15 12:07:47.160   645   645 D DatabaseHelper: failed to prepare SQL : INSERT INTO profile_endpoints VALUES(57
01-15 12:07:47.160   645   645 D DatabaseHelper: ,'custom','user2','passthrough')
01-15 12:07:47.160   645   645 D DatabaseHelper: failed to prepare SQL : INSERT INTO profile_endpoints VALUES(57
01-15 12:07:47.160   645   645 D DatabaseHelper: ,'custom','user2','other')
01-15 12:07:47.160   645   645 D DatabaseHelper: failed to prepare SQL : INSERT INTO profile_ports VALUES(85
01-15 12:07:47.160   645   645 D DatabaseHelper: ,'custom','user2','internal_speaker')
01-15 12:07:47.160   645   645 D DatabaseHelper: failed to prepare SQL : INSERT INTO profile_ports VALUES(85
01-15 12:07:47.160   645   645 D DatabaseHelper: ,'custom','user2','hdmi')
01-15 12:07:47.160   645   645 D DatabaseHelper: failed to prepare SQL : INSERT INTO profile_ports VALUES(85
01-15 12:07:47.160   645   645 D DatabaseHelper: ,'custom','user2','miracast')
01-15 12:07:47.161   645   645 D DatabaseHelper: failed to prepare SQL : INSERT INTO profile_ports VALUES(85
01-15 12:07:47.161   645   645 D DatabaseHelper: ,'custom','user2','headphone_port')
01-15 12:07:47.161   645   645 D DatabaseHelper: failed to prepare SQL : INSERT INTO profile_ports VALUES(85
01-15 12:07:47.161   645   645 D DatabaseHelper: ,'custom','user2','bluetooth')
01-15 12:07:47.161   645   645 D DatabaseHelper: failed to prepare SQL : INSERT INTO profile_ports VALUES(85
01-15 12:07:47.161   645   645 D DatabaseHelper: ,'custom','user2','usb')
01-15 12:07:47.161   645   645 D DatabaseHelper: failed to prepare SQL : INSERT INTO geq_presets VALUES(57
01-15 12:07:47.161   645   645 D DatabaseHelper: ,'custom','off','user2')
01-15 12:07:47.161   645   645 D DatabaseHelper: failed to prepare SQL : INSERT INTO geq_presets VALUES(57
01-15 12:07:47.161   645   645 D DatabaseHelper: ,'custom','open','user2')
01-15 12:07:47.162   645   645 D DatabaseHelper: failed to prepare SQL : INSERT INTO geq_presets VALUES(57
01-15 12:07:47.162   645   645 D DatabaseHelper: ,'custom','rich','user2')
01-15 12:07:47.162   645   645 D DatabaseHelper: failed to prepare SQL : INSERT INTO geq_presets VALUES(57
01-15 12:07:47.162   645   645 D DatabaseHelper: ,'custom','focused','user2')
01-15 12:07:47.172   717  5319 I DDP_JOCDecoder: <- stop
01-15 12:07:47.172   717  5319 I ARenderer: ~ARenderer
01-15 12:07:47.172   717  5319 I evo_parser: evo_parser_close
01-15 12:07:47.172   717  5319 I DlbDap2QmfProcess: ~Dap2Process()
01-15 12:07:47.173   717  5319 I DlbDap2QmfProcess: close()
01-15 12:07:47.173   717  5319 I DDP_JOCDecoder: <- ~DDPDecoder
01-15 12:07:47.181   710 13878 D NuPlayerDriver: notifyResetComplete(0xe84b2460)
01-15 12:07:47.181   710  1422 D AudioTrack: stop() called with 0 frames delivered
01-15 12:07:47.213   945  9499 I ActivityManager: START u0 {flg=0x10000000 cmp=com.dolby.qa.featuretest/.MainActivity} from uid 2000
01-15 12:07:47.217   627  3892 I DlbEffectContext: setContentProcEnabled() Enabling content processing in global effect
01-15 12:07:47.217   627  3892 D DlbDapEndpointParamCache: commitChangedParams()
01-15 12:07:47.217   627  3892 D DlbDapEndpointParamCache: commit() Applying parameters for device 0x40000000
01-15 12:07:47.217   627  3892 D DlbDap2Process: setParam(iea = #1[10])
01-15 12:07:47.218   627  3892 D DlbDap2Process: setParam(msce = #1[1])
01-15 12:07:47.218   627  3892 D DlbDap2Process: setParam(mdee = #1[1])
01-15 12:07:47.218   627  3892 D DlbDap2Process: setParam(miee = #1[1])
01-15 12:07:47.218   627  3892 D DlbDap2Process: setParam(mdle = #1[1])
01-15 12:07:47.218   627  3892 D DlbDap2Process: setParam(dvle = #1[1])
01-15 12:07:47.218   627  3892 D DlbDap2Process: setParam(mave = #1[1])
01-15 12:07:47.218   627  3892 D DlbDap2Process: setParam(vcbf = #20[47, 141, 234, 328, 469, 656, 844, 1031, 1313, 1688, 2250, 3000, 3750, 4688, 5813, 7125, 9000, 11250, 13875, 19688])
01-15 12:07:47.218   627  3892 D DlbDap2Process: setParam(vbon = #1[0])
01-15 12:07:47.218   627  3892 D DlbDap2Process: setParam(beon = #1[0])
01-15 12:07:47.218   627  3892 D DlbDap2Process: setParam(geon = #1[0])
01-15 12:07:47.218   627  3892 D DlbDap2Process: setParam(ieon = #1[1])
01-15 12:07:47.218   627  3892 D DlbDap2Process: setParam(gebs = #41[20, 47, 141, 234, 328, 469, 656, 844, 1031, 1313, 1688, 2250, 3000, 3750, 4688, 5813, 7125, 9000, 11250, 13875, 19688, 0, 0, 0, 0, 0, 0, 0, 0, 0, 0, 0, 0, 0, 0, 0, 0, 0, 0, 0, 0])
01-15 12:07:47.218   627  3892 D DlbDap2Process: setParam(iebs = #41[20, 65, 136, 223, 332, 467, 634, 841, 1098, 1416, 1812, 2302, 2909, 3663, 4598, 5756, 7194, 8976, 11186, 13927, 17326, 117, 133, 188, 176, 141, 149, 175, 185, 185, 200, 236, 242, 228, 213, 182, 132, 110, 68, -27, -240])
01-15 12:07:47.218   627  3892 D DlbDapEndpointParamCache: doCommit() Committed 15 parameters out of 16.
01-15 12:07:47.218   627  3892 D DlbDapEndpointParamCache: commit() Overriding parameters for current device 0x00000002
01-15 12:07:47.218   627  3892 D DlbDap2Process: setParam(dea = #1[12])
01-15 12:07:47.218   627  3892 D DlbDap2Process: setParam(dsa = #1[10])
01-15 12:07:47.218   627  3892 D DlbDap2Process: setParam(beb = #1[192])
01-15 12:07:47.218   627  3892 D DlbDap2Process: setParam(plb = #1[0])
01-15 12:07:47.218   627  3892 D DlbDap2Process: setParam(vmb = #1[144])
01-15 12:07:47.218   627  3892 D DlbDap2Process: setParam(dsb = #1[96])
01-15 12:07:47.218   627  3892 D DlbDap2Process: setParam(ded = #1[0])
01-15 12:07:47.218   627  3892 D DlbDap2Process: setParam(vbm = #1[3])
01-15 12:07:47.218   627  3892 D DlbDap2Process: setParam(dom = #1[0])
01-15 12:07:47.218   627  3892 D DlbDap2Process: setParam(bew = #1[16])
01-15 12:07:47.218   627  3892 D DlbDap2Process: setParam(dvla = #1[7])
01-15 12:07:47.218   627  3892 D DlbDap2Process: setParam(arra = #1[96])
01-15 12:07:47.218   627  3892 D DlbDap2Process: setParam(dfsa = #1[10])
01-15 12:07:47.218   627  3892 D DlbDap2Process: setParam(dhsa = #1[10])
01-15 12:07:47.218   627  3892 D DlbDap2Process: setParam(dvmc = #1[0])
01-15 12:07:47.218   627  3892 D DlbDap2Process: setParam(arod = #1[0])
01-15 12:07:47.218   627  3892 D DlbDap2Process: setParam(arde = #1[1])
01-15 12:07:47.218   627  3892 D DlbDap2Process: setParam(dvle = #1[1])
01-15 12:07:47.218   627  3892 D DlbDap2Process: setParam(dvme = #1[0])
01-15 12:07:47.218   627  3892 D DlbDap2Process: setParam(becf = #1[200])
01-15 12:07:47.218   627  3892 D DlbDap2Process: setParam(vbmf = #2[94, 469])
01-15 12:07:47.219   627  3892 D DlbDap2Process: setParam(vbsf = #2[35, 160])
01-15 12:07:47.219   627  3892 D DlbDap2Process: setParam(vbhg = #3[-32, -144, -192])
01-15 12:07:47.219   627  3892 D DlbDap2Process: setParam(vbog = #1[0])
01-15 12:07:47.219   627  3892 D DlbDap2Process: setParam(vbsg = #1[0])
01-15 12:07:47.219   627  3892 D DlbDap2Process: setParam(dvli = #1[-320])
01-15 12:07:47.219   627  3892 D DlbDap2Process: setParam(dhfm = #1[2])
01-15 12:07:47.219   627  3892 D DlbDap2Process: setParam(vbon = #1[0])
01-15 12:07:47.219   627  3892 D DlbDap2Process: setParam(beon = #1[0])
01-15 12:07:47.219   627  3892 D DlbDap2Process: setParam(deon = #1[1])
01-15 12:07:47.219   627  3892 D DlbDap2Process: setParam(ngon = #1[1])
01-15 12:07:47.219   627  3892 D DlbDap2Process: setParam(aoon = #1[1])
01-15 12:07:47.219   627  3892 D DlbDap2Process: setParam(aron = #1[1])
01-15 12:07:47.219   627  3892 D DlbDap2Process: setParam(dvlo = #1[-320])
01-15 12:07:47.219   627  3892 D DlbDap2Process: setParam(artp = #1[12])
01-15 12:07:47.219   627  3892 D DlbDap2Process: setParam(aobs = #222[20, 10, 47, 141, 234, 328, 469, 656, 844, 1031, 1313, 1688, 2250, 3000, 3750, 4688, 5813, 7125, 9000, 11250, 13875, 19688, 0, 0, 0, 0, 0, 0, 0, 0, 0, 0, 0, 0, 0, 0, 0, 0, 0, 0, 0, 0, 0, 0, 0, 0, 0, 0, 0, 0, 0, 0, 0, 0, 0, 0, 0, 0, 0, 0, 0, 0, 0, 0, 0, 0, 0, 0, 0, 0, 0, 0, 0, 0, 0, 0, 0, 0, 0, 0, 0, 0, 0, 0, 0, 0, 0, 0, 0, 0, 0, 0, 0, 0, 0, 0, 0, 0, 0, 0, 0, 0, 0, 0, 0, 0, 0, 0, 0, 0, 0, 0, 0, 0, 0, 0, 0, 0, 0, 0, 0, 0, 0, 0, 0, 0, 0, 0, 0, 0, 0, 0, 0, 0, 0, 0, 0, 0, 0, 0, 0, 0, 0, 0, 0, 0, 0, 0, 0, 0, 0, 0, 0, 0, 0, 0, 0, 0, 0, 0, 0, 0, 0, 0, 0, 0, 0, 0, 0, 0, 0, 0, 0, 0, 0, 0, 0, 0, 0, 0, 0, 0, 0, 0, 0, 0, 0, 0, 0, 0, 0, 0, 0, 0, 0, 0, 0, 0, 0, 0, 0, 0, 0, 0, 0, 0, 0, 0, 0, 0, 0, 0, 0, 0, 0, 0, 0, 0, 0, 0, 0, 0])
01-15 12:07:47.219   627  3892 D DlbDap2Process: setParam(arbs = #81[20, 47, 141, 234, 328, 469, 656, 844, 1031, 1313, 1688, 2250, 3000, 3750, 4688, 5813, 7125, 9000, 11250, 13875, 19688, -192, -192, -192, -192, -192, -192, -192, -192, -192, -192, -192, -192, -192, -192, -192, -192, -192, -192, -192, -192, 0, 0, 0, 0, 0, 0, 0, 0, 0, 0, 0, 0, 0, 0, 0, 0, 0, 0, 0, 0, 0, 0, 0, 0, 0, 0, 0, 0, 0, 0, 0, 0, 0, 0, 0, 0, 0, 0, 0, 0])
01-15 12:07:47.219   627  3892 D DlbDapEndpointParamCache: doCommit() Committed 37 parameters out of 37.
01-15 12:07:47.219   627  3892 D DlbDap2Process: setMave(mave = 1)
01-15 12:07:47.235   945  7365 I ActivityManager: Start proc 13935:com.dolby.qa.featuretest/u0a72 for activity com.dolby.qa.featuretest/.MainActivity
01-15 12:07:47.239 13935 13935 I zygote64: Late-enabling -Xcheck:jni
01-15 12:07:47.276   684  1061 D AudioFlinger: trackStateChanged() Track id 303 state changed to 2
01-15 12:07:47.276   684  1061 I AudioFlinger: updateProcessedAudioState() Changing content processing in effect to 0
01-15 12:07:47.276   627  3512 D DlbDlbEffect: handle_EFFECT_CMD_SET_PARAM()
01-15 12:07:47.296   684  1061 D AudioFlinger: trackDestroyed() Track id 303 no longer contains processed audio
01-15 12:07:47.297   684   928 W AudioFlinger::EffectModule: EffectModule 0xed0e2200 destructor called with unreleased interface
01-15 12:07:47.298   684   928 W AudioFlinger::EffectHandle: disconnect Effect handle 0xee163a00 disconnected after thread destruction
01-15 12:07:47.300   627   924 D DlbDlbEffect: handle_EFFECT_CMD_DISABLE()
01-15 12:07:47.300   627   924 D DlbDapCrossfadeProcess: setEnabled transitioning from DAP_ACTIVE state to FADE_TO_BYPASS
01-15 12:07:47.301   626   626 W /system/bin/hw/android.hidl.allocator@1.0-service: ashmem_create_region(3840) returning hidl_memory(0x7b7102c330, 3840)
01-15 12:07:47.302   627   924 D DlbDlbEffect: handle_EFFECT_CMD_SET_CONFIG()
01-15 12:07:47.302   627  3512 D DlbDapEndpointParamCache: setDevice(device=0x00000002)
01-15 12:07:47.302   645   645 D DMSService: setActiveDevice called with device = 0x2
01-15 12:07:47.302   627  3512 D DlbDlbEffect: handle_EFFECT_CMD_ENABLE()
01-15 12:07:47.303   627  3512 D DlbDapCrossfadeProcess: setEnabled transitioning from FADE_TO_BYPASS state to FADE_TO_ACTIVE
01-15 12:07:47.412 13935 13935 D featureTest: onCreate
01-15 12:07:47.417 13935 13935 D AudioTrack: Client defaulted notificationFrames to 962 for frameCount 1924
01-15 12:07:47.421 13935 13935 W AudioTrack: Use of stream types is deprecated for operations other than volume control
01-15 12:07:47.421 13935 13935 W AudioTrack: See the documentation of AudioTrack() for what to use instead with android.media.AudioAttributes to qualify your playback use case
01-15 12:07:47.427 13935 13935 W DolbyAudioEffect: WARNING: attaching a DolbyAudioEffect to global output mix is deprecated!
01-15 12:07:47.435 13935 13935 D featureTest: onResume
01-15 12:07:47.446 13935 13952 D OpenGLRenderer: HWUI GL Pipeline
01-15 12:07:47.485 13935 13952 I Adreno  : QUALCOMM build                   : 7142022, Ib5823dd10c
01-15 12:07:47.485 13935 13952 I Adreno  : Build Date                       : 06/23/17
01-15 12:07:47.485 13935 13952 I Adreno  : OpenGL ES Shader Compiler Version: EV031.18.00.00
01-15 12:07:47.485 13935 13952 I Adreno  : Local Branch                     : O11A
01-15 12:07:47.485 13935 13952 I Adreno  : Remote Branch                    : 
01-15 12:07:47.485 13935 13952 I Adreno  : Remote Branch                    : 
01-15 12:07:47.485 13935 13952 I Adreno  : Reconstruct Branch               : 
01-15 12:07:47.491 13935 13952 I Adreno  : PFP: 0x005ff087, ME: 0x005ff063
01-15 12:07:47.494 13935 13952 I OpenGLRenderer: Initialized EGL, version 1.4
01-15 12:07:47.494 13935 13952 D OpenGLRenderer: Swap behavior 2
01-15 12:07:47.540   945   998 I ActivityManager: Displayed com.dolby.qa.featuretest/.MainActivity: +312ms
01-15 12:07:47.648   475   475 D SurfaceFlinger: Backpressure trigger, skipping transaction & refresh!
01-15 12:07:47.694   945   998 W ActivityManager: setHasOverlayUi called on unknown pid: 13853
01-15 12:07:47.841   945   945 W NotificationService: Object died trying to hide notification android.app.ITransientNotification$Stub$Proxy@9d2f178 in package com.dolby.qa.featuretest
01-15 12:07:47.841   945   945 W WindowManager: removeWindowToken: Attempted to remove non-existing token: android.os.Binder@1a97ad0
01-15 12:07:48.040  2103  2230 W OpenGLRenderer: Incorrectly called buildLayer on View: ShortcutAndWidgetContainer, destroying layer...
01-15 12:07:48.292 13935 13935 D featureTest: receive broadcast , playing content location :/sdcard/featureTest/2ch_channel_id.wav
01-15 12:07:48.302 13935 13935 D featureTest: mMediaPlayer.getAudioSessionId(): 2033
01-15 12:07:48.302 13935 13935 D featureTest: Playing file: /sdcard/featureTest/2ch_channel_id.wav
01-15 12:07:48.305   710  1422 D NuPlayerDriver: NuPlayerDriver(0xe84b2460) created, clientPid(13935)
01-15 12:07:48.306 13961 13961 W generic : type=1400 audit(0.0:170): avc: denied { read } for path="/storage/emulated/0/featuretest/2ch_channel_id.wav" dev="sdcardfs" ino=1310757 scontext=u:r:mediaextractor:s0 tcontext=u:object_r:sdcardfs:s0 tclass=file permissive=0
01-15 12:07:48.308 13935 13935 W MediaPlayer: Use of stream types is deprecated for operations other than volume control
01-15 12:07:48.308 13935 13935 W MediaPlayer: See the documentation of setAudioStreamType() for what to use instead with android.media.AudioAttributes to qualify your playback use case
01-15 12:07:48.311   710 13961 D GenericSource: FileSource remote
01-15 12:07:48.311   710 13961 W GenericSource: extractor service cannot make data source
01-15 12:07:48.311   710 13961 D GenericSource: FileSource local
01-15 12:07:48.324   700   700 D MediaBufferGroup: creating MemoryDealer
01-15 12:07:48.324   710 13960 D NuPlayerDriver: notifyListener_l(0xe84b2460), (1, 0, 0, -1), loop setting(0, 0)
01-15 12:07:48.335   710  1422 D NuPlayerDriver: start(0xe84b2460), state is 4, eos is 0
01-15 12:07:48.335   710 13960 I GenericSource: start
01-15 12:07:48.340 13935 13935 W DolbyAudioEffect: WARNING: attaching a DolbyAudioEffect to global output mix is deprecated!
01-15 12:07:48.340   710 13968 I OMXClient: Treble IOmx obtained
01-15 12:07:48.341   717  1650 I OMXMaster: makeComponentInstance(OMX.google.raw.decoder) in omx@1.0-service process
01-15 12:07:48.343   717  1650 E OMXNodeInstance: setConfig(0xe7b0a060:google.raw.decoder, ConfigPriority(0x6f800002)) ERROR: Undefined(0x80001001)
01-15 12:07:48.344   710 13968 I ACodec  : codec does not support config priority (err -2147483648)
01-15 12:07:48.345   717  1650 E OMXNodeInstance: getConfig(0xe7b0a060:google.raw.decoder, ConfigAndroidVendorExtension(0x6f100004)) ERROR: Undefined(0x80001001)
01-15 12:07:48.345   710 13968 I MediaCodec: MediaCodec will operate in async mode
01-15 12:07:48.347   626   626 W /system/bin/hw/android.hidl.allocator@1.0-service: ashmem_create_region(32768) returning hidl_memory(0x7b7102c330, 32768)
01-15 12:07:48.350   626   626 I chatty  : uid=1000(system) allocator@1.0-s identical 6 lines
01-15 12:07:48.351   626   626 W /system/bin/hw/android.hidl.allocator@1.0-service: ashmem_create_region(32768) returning hidl_memory(0x7b7102c330, 32768)
01-15 12:07:48.360   710 13966 D AudioTrack: Client defaulted notificationFrames to 12000 for frameCount 24000
01-15 12:07:48.362   626   626 W /system/bin/hw/android.hidl.allocator@1.0-service: ashmem_create_region(7680) returning hidl_memory(0x7b7102c330, 7680)
01-15 12:07:48.363   626   626 W /system/bin/hw/android.hidl.allocator@1.0-service: ashmem_create_region(7680) returning hidl_memory(0x7b7102c330, 7680)
01-15 12:07:48.365   627  3512 D DlbDlbEffect: handle_EFFECT_CMD_DISABLE()
01-15 12:07:48.365   627  3512 D DlbDapCrossfadeProcess: setEnabled transitioning from FADE_TO_ACTIVE state to FADE_TO_BYPASS
01-15 12:07:48.367   626   626 W /system/bin/hw/android.hidl.allocator@1.0-service: ashmem_create_region(7680) returning hidl_memory(0x7b7102c330, 7680)
01-15 12:07:48.367   627  3512 D DlbDlbEffect: handle_EFFECT_CMD_SET_CONFIG()
01-15 12:07:48.368   627   924 D DlbDapEndpointParamCache: setDevice(device=0x00000002)
01-15 12:07:48.368   645   645 D DMSService: setActiveDevice called with device = 0x2
01-15 12:07:48.368 13935 13935 D featureTest: receive broadcast , change ds status :1
01-15 12:07:48.368   627  4939 D DlbDlbEffect: handle_EFFECT_CMD_ENABLE()
01-15 12:07:48.369   627  4939 D DlbDapCrossfadeProcess: setEnabled transitioning from FADE_TO_BYPASS state to FADE_TO_ACTIVE
01-15 12:07:48.369   684   931 W AudioFlinger: moveDolbyEffect() effect chain for session 0 not on source thread 0xee0ae580
01-15 12:07:48.370   710 13960 D NuPlayerDriver: notifyListener_l(0xe84b2460), (6, 0, 0, -1), loop setting(0, 1)
01-15 12:07:48.373   627  3892 D DlbDapCrossfadeProcess: process transitioning from FADE_TO_ACTIVE state to DAP_ACTIVE
01-15 12:07:48.386   627   924 D DlbDlbEffect: handle_EFFECT_CMD_SET_PARAM()
01-15 12:07:48.441 13935 13935 D featureTest: receive broadcast , change ds profile id :0
01-15 12:07:48.448   627   924 D DlbDlbEffect: handle_EFFECT_CMD_SET_PARAM()
01-15 12:07:48.493 13935 13935 D featureTest: receive broadcast , record log :0
01-15 12:07:50.363   627  3892 D DlbDap2Process: process() called [188500] times
01-15 12:07:50.417   945   945 W WindowManager: removeWindowToken: Attempted to remove non-existing token: android.os.Binder@9ee0253
01-15 12:07:50.478   475   475 D SurfaceFlinger: duplicate layer name: changing Toast to Toast#1
01-15 12:07:52.443   945   945 W WindowManager: removeWindowToken: Attempted to remove non-existing token: android.os.Binder@5bd9445
01-15 12:07:53.037   627  3892 D DlbDap2Process: process() called [189000] times
01-15 12:07:53.628 13935 13935 D featureTest: receive broadcast , change volume leveler :0
01-15 12:07:53.652   627   924 D DlbDlbEffect: handle_EFFECT_CMD_SET_PARAM()
01-15 12:07:53.656   945   999 W ProcessCpuTracker: Skipping unknown process pid 13985
01-15 12:07:53.657   945   999 W ProcessCpuTracker: Skipping unknown process pid 13987
01-15 12:07:53.677   627  3892 D DlbDapEndpointParamCache: commitChangedParams()
01-15 12:07:53.678   627  3892 D DlbDapEndpointParamCache: commit() Applying parameters for device 0x40000000
01-15 12:07:53.678   627  3892 D DlbDap2Process: setParam(iea = #1[10])
01-15 12:07:53.678   627  3892 D DlbDap2Process: setParam(msce = #1[1])
01-15 12:07:53.678   627  3892 D DlbDap2Process: setParam(mdee = #1[1])
01-15 12:07:53.678   627  3892 D DlbDap2Process: setParam(miee = #1[1])
01-15 12:07:53.678   627  3892 D DlbDap2Process: setParam(mdle = #1[1])
01-15 12:07:53.678   627  3892 D DlbDap2Process: setParam(dvle = #1[0])
01-15 12:07:53.678   627  3892 D DlbDap2Process: setParam(mave = #1[1])
01-15 12:07:53.678   627  3892 D DlbDap2Process: setParam(vcbf = #20[47, 141, 234, 328, 469, 656, 844, 1031, 1313, 1688, 2250, 3000, 3750, 4688, 5813, 7125, 9000, 11250, 13875, 19688])
01-15 12:07:53.678   627  3892 D DlbDap2Process: setParam(vbon = #1[0])
01-15 12:07:53.678   627  3892 D DlbDap2Process: setParam(beon = #1[0])
01-15 12:07:53.678   627  3892 D DlbDap2Process: setParam(geon = #1[0])
01-15 12:07:53.678   627  3892 D DlbDap2Process: setParam(ieon = #1[1])
01-15 12:07:53.678   627  3892 D DlbDap2Process: setParam(gebs = #41[20, 47, 141, 234, 328, 469, 656, 844, 1031, 1313, 1688, 2250, 3000, 3750, 4688, 5813, 7125, 9000, 11250, 13875, 19688, 0, 0, 0, 0, 0, 0, 0, 0, 0, 0, 0, 0, 0, 0, 0, 0, 0, 0, 0, 0])
01-15 12:07:53.679   627  3892 D DlbDap2Process: setParam(iebs = #41[20, 65, 136, 223, 332, 467, 634, 841, 1098, 1416, 1812, 2302, 2909, 3663, 4598, 5756, 7194, 8976, 11186, 13927, 17326, 117, 133, 188, 176, 141, 149, 175, 185, 185, 200, 236, 242, 228, 213, 182, 132, 110, 68, -27, -240])
01-15 12:07:53.679   627  3892 D DlbDapEndpointParamCache: doCommit() Committed 15 parameters out of 16.
01-15 12:07:53.679   627  3892 D DlbDapEndpointParamCache: commit() Overriding parameters for current device 0x00000002
01-15 12:07:53.679   627  3892 D DlbDap2Process: setParam(dea = #1[12])
01-15 12:07:53.679   627  3892 D DlbDap2Process: setParam(dsa = #1[10])
01-15 12:07:53.679   627  3892 D DlbDap2Process: setParam(beb = #1[192])
01-15 12:07:53.679   627  3892 D DlbDap2Process: setParam(plb = #1[0])
01-15 12:07:53.679   627  3892 D DlbDap2Process: setParam(vmb = #1[144])
01-15 12:07:53.679   627  3892 D DlbDap2Process: setParam(dsb = #1[96])
01-15 12:07:53.679   627  3892 D DlbDap2Process: setParam(ded = #1[0])
01-15 12:07:53.679   627  3892 D DlbDap2Process: setParam(vbm = #1[3])
01-15 12:07:53.679   627  3892 D DlbDap2Process: setParam(dom = #1[0])
01-15 12:07:53.679   627  3892 D DlbDap2Process: setParam(bew = #1[16])
01-15 12:07:53.680   627  3892 D DlbDap2Process: setParam(dvla = #1[7])
01-15 12:07:53.680   627  3892 D DlbDap2Process: setParam(arra = #1[96])
01-15 12:07:53.680   627  3892 D DlbDap2Process: setParam(dfsa = #1[10])
01-15 12:07:53.680   627  3892 D DlbDap2Process: setParam(dhsa = #1[10])
01-15 12:07:53.680   627  3892 D DlbDap2Process: setParam(dvmc = #1[0])
01-15 12:07:53.680   627  3892 D DlbDap2Process: setParam(arod = #1[0])
01-15 12:07:53.680   627  3892 D DlbDap2Process: setParam(arde = #1[1])
01-15 12:07:53.680   627  3892 D DlbDap2Process: setParam(dvle = #1[0])
01-15 12:07:53.680   627  3892 D DlbDap2Process: setParam(dvme = #1[0])
01-15 12:07:53.680   627  3892 D DlbDap2Process: setParam(becf = #1[200])
01-15 12:07:53.680   627  3892 D DlbDap2Process: setParam(vbmf = #2[94, 469])
01-15 12:07:53.680   627  3892 D DlbDap2Process: setParam(vbsf = #2[35, 160])
01-15 12:07:53.680   627  3892 D DlbDap2Process: setParam(vbhg = #3[-32, -144, -192])
01-15 12:07:53.680   627  3892 D DlbDap2Process: setParam(vbog = #1[0])
01-15 12:07:53.680   627  3892 D DlbDap2Process: setParam(vbsg = #1[0])
01-15 12:07:53.680   627  3892 D DlbDap2Process: setParam(dvli = #1[-320])
01-15 12:07:53.680   627  3892 D DlbDap2Process: setParam(dhfm = #1[2])
01-15 12:07:53.680   627  3892 D DlbDap2Process: setParam(vbon = #1[0])
01-15 12:07:53.680   627  3892 D DlbDap2Process: setParam(beon = #1[0])
01-15 12:07:53.680   627  3892 D DlbDap2Process: setParam(deon = #1[1])
01-15 12:07:53.680   627  3892 D DlbDap2Process: setParam(ngon = #1[1])
01-15 12:07:53.680   627  3892 D DlbDap2Process: setParam(aoon = #1[1])
01-15 12:07:53.680   627  3892 D DlbDap2Process: setParam(aron = #1[1])
01-15 12:07:53.680   627  3892 D DlbDap2Process: setParam(dvlo = #1[-320])
01-15 12:07:53.681   627  3892 D DlbDap2Process: setParam(artp = #1[12])
01-15 12:07:53.681   627  3892 D DlbDap2Process: setParam(aobs = #222[20, 10, 47, 141, 234, 328, 469, 656, 844, 1031, 1313, 1688, 2250, 3000, 3750, 4688, 5813, 7125, 9000, 11250, 13875, 19688, 0, 0, 0, 0, 0, 0, 0, 0, 0, 0, 0, 0, 0, 0, 0, 0, 0, 0, 0, 0, 0, 0, 0, 0, 0, 0, 0, 0, 0, 0, 0, 0, 0, 0, 0, 0, 0, 0, 0, 0, 0, 0, 0, 0, 0, 0, 0, 0, 0, 0, 0, 0, 0, 0, 0, 0, 0, 0, 0, 0, 0, 0, 0, 0, 0, 0, 0, 0, 0, 0, 0, 0, 0, 0, 0, 0, 0, 0, 0, 0, 0, 0, 0, 0, 0, 0, 0, 0, 0, 0, 0, 0, 0, 0, 0, 0, 0, 0, 0, 0, 0, 0, 0, 0, 0, 0, 0, 0, 0, 0, 0, 0, 0, 0, 0, 0, 0, 0, 0, 0, 0, 0, 0, 0, 0, 0, 0, 0, 0, 0, 0, 0, 0, 0, 0, 0, 0, 0, 0, 0, 0, 0, 0, 0, 0, 0, 0, 0, 0, 0, 0, 0, 0, 0, 0, 0, 0, 0, 0, 0, 0, 0, 0, 0, 0, 0, 0, 0, 0, 0, 0, 0, 0, 0, 0, 0, 0, 0, 0, 0, 0, 0, 0, 0, 0, 0, 0, 0, 0, 0, 0, 0, 0, 0, 0, 0, 0, 0, 0, 0])
01-15 12:07:53.681   627  3892 D DlbDap2Process: setParam(arbs = #81[20, 47, 141, 234, 328, 469, 656, 844, 1031, 1313, 1688, 2250, 3000, 3750, 4688, 5813, 7125, 9000, 11250, 13875, 19688, -192, -192, -192, -192, -192, -192, -192, -192, -192, -192, -192, -192, -192, -192, -192, -192, -192, -192, -192, -192, 0, 0, 0, 0, 0, 0, 0, 0, 0, 0, 0, 0, 0, 0, 0, 0, 0, 0, 0, 0, 0, 0, 0, 0, 0, 0, 0, 0, 0, 0, 0, 0, 0, 0, 0, 0, 0, 0, 0, 0])
01-15 12:07:53.681   627  3892 D DlbDapEndpointParamCache: doCommit() Committed 37 parameters out of 37.
01-15 12:07:53.681   627  3892 D DlbDap2Process: setMave(mave = 1)
01-15 12:07:55.660   945   945 W WindowManager: removeWindowToken: Attempted to remove non-existing token: android.os.Binder@bbca754
01-15 12:07:55.718   627  3892 D DlbDap2Process: process() called [189500] times
01-15 12:07:58.363   627  3892 D DlbDap2Process: process() called [190000] times
