--------- beginning of system
01-15 12:06:57.133   945  7365 I ActivityManager: Force stopping com.dolby.qa.featuretest appid=10072 user=0: from pid 13616
01-15 12:06:57.134   945  7365 I ActivityManager: Killing 13549:com.dolby.qa.featuretest/u0a72 (adj 0): stop com.dolby.qa.featuretest
01-15 12:06:57.136   945  7365 W ActivityManager: Force removing ActivityRecord{cec4811 u0 com.dolby.qa.featuretest/.MainActivity t103}: app died, no saved state
01-15 12:06:57.141   945  7365 I WindowManager: Failed to capture screenshot of Token{cb60d76 ActivityRecord{cec4811 u0 com.dolby.qa.featuretest/.MainActivity t103 f}} appWin=Window{2d6b475 u0 com.dolby.qa.featuretest/com.dolby.qa.featuretest.MainActivity} drawState=4
--------- beginning of main
01-15 12:06:57.149   710   900 D NuPlayerDriver: reset(0xe84b2c40) at state 5
01-15 12:06:57.150   710   900 D NuPlayerDriver: notifyListener_l(0xe84b2c40), (8, 0, 0, -1), loop setting(0, 1)
01-15 12:06:57.150   945  1324 I WindowManager: WIN DEATH: Window{5b0edd1 u0 Toast}
01-15 12:06:57.153   684  3653 D AudioFlinger: trackStateChanged() Track id 295 state changed to 6
01-15 12:06:57.165   717  5319 I DDP_JOCDecoder: -> ~DDPDecoder
01-15 12:06:57.165   717  5319 I DDP_JOCDecoder: -> stop
01-15 12:06:57.166   645   645 I DMSService: unregisterClient type = 4, uid = e8392150
01-15 12:06:57.183   645   645 D DatabaseHelper: failed to prepare SQL : INSERT INTO profiles VALUES(15
01-15 12:06:57.183   645   645 D DatabaseHelper: ,'custom','user2','user2','off','off')
01-15 12:06:57.183   645   645 D DatabaseHelper: failed to prepare SQL : INSERT INTO profile_endpoints VALUES(57
01-15 12:06:57.183   645   645 D DatabaseHelper: ,'custom','user2','speaker')
01-15 12:06:57.183   645   645 D DatabaseHelper: failed to prepare SQL : INSERT INTO profile_endpoints VALUES(57
01-15 12:06:57.183   645   645 D DatabaseHelper: ,'custom','user2','headphone')
01-15 12:06:57.183   645   645 D DatabaseHelper: failed to prepare SQL : INSERT INTO profile_endpoints VALUES(57
01-15 12:06:57.183   645   645 D DatabaseHelper: ,'custom','user2','passthrough')
01-15 12:06:57.183   645   645 D DatabaseHelper: failed to prepare SQL : INSERT INTO profile_endpoints VALUES(57
01-15 12:06:57.183   645   645 D DatabaseHelper: ,'custom','user2','other')
01-15 12:06:57.183   645   645 D DatabaseHelper: failed to prepare SQL : INSERT INTO profile_ports VALUES(85
01-15 12:06:57.183   645   645 D DatabaseHelper: ,'custom','user2','internal_speaker')
01-15 12:06:57.183   645   645 D DatabaseHelper: failed to prepare SQL : INSERT INTO profile_ports VALUES(85
01-15 12:06:57.183   645   645 D DatabaseHelper: ,'custom','user2','hdmi')
01-15 12:06:57.184   645   645 D DatabaseHelper: failed to prepare SQL : INSERT INTO profile_ports VALUES(85
01-15 12:06:57.184   645   645 D DatabaseHelper: ,'custom','user2','miracast')
01-15 12:06:57.184   645   645 D DatabaseHelper: failed to prepare SQL : INSERT INTO profile_ports VALUES(85
01-15 12:06:57.184   645   645 D DatabaseHelper: ,'custom','user2','headphone_port')
01-15 12:06:57.184   645   645 D DatabaseHelper: failed to prepare SQL : INSERT INTO profile_ports VALUES(85
01-15 12:06:57.184   645   645 D DatabaseHelper: ,'custom','user2','bluetooth')
01-15 12:06:57.184   645   645 D DatabaseHelper: failed to prepare SQL : INSERT INTO profile_ports VALUES(85
01-15 12:06:57.184   645   645 D DatabaseHelper: ,'custom','user2','usb')
01-15 12:06:57.184   645   645 D DatabaseHelper: failed to prepare SQL : INSERT INTO geq_presets VALUES(57
01-15 12:06:57.184   645   645 D DatabaseHelper: ,'custom','off','user2')
01-15 12:06:57.184   645   645 D DatabaseHelper: failed to prepare SQL : INSERT INTO geq_presets VALUES(57
01-15 12:06:57.184   645   645 D DatabaseHelper: ,'custom','open','user2')
01-15 12:06:57.184   645   645 D DatabaseHelper: failed to prepare SQL : INSERT INTO geq_presets VALUES(57
01-15 12:06:57.184   645   645 D DatabaseHelper: ,'custom','rich','user2')
01-15 12:06:57.185   645   645 D DatabaseHelper: failed to prepare SQL : INSERT INTO geq_presets VALUES(57
01-15 12:06:57.185   645   645 D DatabaseHelper: ,'custom','focused','user2')
01-15 12:06:57.195   717  5319 I DDP_JOCDecoder: <- stop
01-15 12:06:57.195   717  5319 I ARenderer: ~ARenderer
01-15 12:06:57.195   717  5319 I evo_parser: evo_parser_close
01-15 12:06:57.196   717  5319 I DlbDap2QmfProcess: ~Dap2Process()
01-15 12:06:57.196   717  5319 I DlbDap2QmfProcess: close()
01-15 12:06:57.199   717  5319 I DDP_JOCDecoder: <- ~DDPDecoder
01-15 12:06:57.200  1499  1499 D CarrierSvcBindHelper: No carrier app for: 0
01-15 12:06:57.209   710 13576 D NuPlayerDriver: notifyResetComplete(0xe84b2c40)
01-15 12:06:57.210   627  3892 I DlbEffectContext: setContentProcEnabled() Enabling content processing in global effect
01-15 12:06:57.210   627  3892 D DlbDapEndpointParamCache: commitChangedParams()
01-15 12:06:57.210   627  3892 D DlbDapEndpointParamCache: commit() Applying parameters for device 0x40000000
01-15 12:06:57.211   627  3892 D DlbDap2Process: setParam(iea = #1[10])
01-15 12:06:57.211   627  3892 D DlbDap2Process: setParam(msce = #1[0])
01-15 12:06:57.211   627  3892 D DlbDap2Process: setParam(mdee = #1[0])
01-15 12:06:57.211   627  3892 D DlbDap2Process: setParam(miee = #1[0])
01-15 12:06:57.211   627  3892 D DlbDap2Process: setParam(mdle = #1[0])
01-15 12:06:57.211   627  3892 D DlbDap2Process: setParam(dvle = #1[1])
01-15 12:06:57.211   627  3892 D DlbDap2Process: setParam(mave = #1[0])
01-15 12:06:57.211   627  3892 D DlbDap2Process: setParam(vcbf = #20[47, 141, 234, 328, 469, 656, 844, 1031, 1313, 1688, 2250, 3000, 3750, 4688, 5813, 7125, 9000, 11250, 13875, 19688])
01-15 12:06:57.211   627  3892 D DlbDap2Process: setParam(vbon = #1[0])
01-15 12:06:57.211   627  3892 D DlbDap2Process: setParam(beon = #1[0])
01-15 12:06:57.211   627  3892 D DlbDap2Process: setParam(geon = #1[0])
01-15 12:06:57.211   627  3892 D DlbDap2Process: setParam(ieon = #1[0])
01-15 12:06:57.211   627  3892 D DlbDap2Process: setParam(gebs = #41[20, 47, 141, 234, 328, 469, 656, 844, 1031, 1313, 1688, 2250, 3000, 3750, 4688, 5813, 7125, 9000, 11250, 13875, 19688, 0, 0, 0, 0, 0, 0, 0, 0, 0, 0, 0, 0, 0, 0, 0, 0, 0, 0, 0, 0])
01-15 12:06:57.212   627  3892 D DlbDap2Process: setParam(iebs = #41[20, 65, 136, 223, 332, 467, 634, 841, 1098, 1416, 1812, 2302, 2909, 3663, 4598, 5756, 7194, 8976, 11186, 13927, 17326, 117, 133, 188, 176, 141, 149, 175, 185, 185, 200, 236, 242, 228, 213, 182, 132, 110, 68, -27, -240])
01-15 12:06:57.212   627  3892 D DlbDapEndpointParamCache: doCommit() Committed 15 parameters out of 16.
01-15 12:06:57.212   627  3892 D DlbDapEndpointParamCache: commit() Overriding parameters for current device 0x00000002
01-15 12:06:57.212   627  3892 D DlbDap2Process: setParam(dea = #1[5])
01-15 12:06:57.212   627  3892 D DlbDap2Process: setParam(dsa = #1[10])
01-15 12:06:57.212   627  3892 D DlbDap2Process: setParam(beb = #1[192])
01-15 12:06:57.212   627  3892 D DlbDap2Process: setParam(plb = #1[0])
01-15 12:06:57.212   627  3892 D DlbDap2Process: setParam(vmb = #1[144])
01-15 12:06:57.212   627  3892 D DlbDap2Process: setParam(dsb = #1[96])
01-15 12:06:57.212   627  3892 D DlbDap2Process: setParam(ded = #1[0])
01-15 12:06:57.212   627  3892 D DlbDap2Process: setParam(vbm = #1[3])
01-15 12:06:57.212   627  3892 D DlbDap2Process: setParam(dom = #1[0])
01-15 12:06:57.212   627  3892 D DlbDap2Process: setParam(bew = #1[16])
01-15 12:06:57.212   627  3892 D DlbDap2Process: setParam(dvla = #1[7])
01-15 12:06:57.212   627  3892 D DlbDap2Process: setParam(arra = #1[96])
01-15 12:06:57.212   627  3892 D DlbDap2Process: setParam(dfsa = #1[10])
01-15 12:06:57.212   627  3892 D DlbDap2Process: setParam(dhsa = #1[10])
01-15 12:06:57.212   627  3892 D DlbDap2Process: setParam(dvmc = #1[0])
01-15 12:06:57.213   627  3892 D DlbDap2Process: setParam(arod = #1[0])
01-15 12:06:57.213   627  3892 D DlbDap2Process: setParam(arde = #1[1])
01-15 12:06:57.213   627  3892 D DlbDap2Process: setParam(dvle = #1[1])
01-15 12:06:57.213   627  3892 D DlbDap2Process: setParam(dvme = #1[0])
01-15 12:06:57.213   627  3892 D DlbDap2Process: setParam(becf = #1[200])
01-15 12:06:57.213   627  3892 D DlbDap2Process: setParam(vbmf = #2[94, 469])
01-15 12:06:57.213   627  3892 D DlbDap2Process: setParam(vbsf = #2[35, 160])
01-15 12:06:57.213   627  3892 D DlbDap2Process: setParam(vbhg = #3[-32, -144, -192])
01-15 12:06:57.213   627  3892 D DlbDap2Process: setParam(vbog = #1[0])
01-15 12:06:57.213   627  3892 D DlbDap2Process: setParam(vbsg = #1[0])
01-15 12:06:57.213   627  3892 D DlbDap2Process: setParam(dvli = #1[-320])
01-15 12:06:57.213   627  3892 D DlbDap2Process: setParam(dhfm = #1[2])
01-15 12:06:57.213   627  3892 D DlbDap2Process: setParam(vbon = #1[0])
01-15 12:06:57.213   627  3892 D DlbDap2Process: setParam(beon = #1[0])
01-15 12:06:57.213   627  3892 D DlbDap2Process: setParam(deon = #1[1])
01-15 12:06:57.213   627  3892 D DlbDap2Process: setParam(ngon = #1[1])
01-15 12:06:57.215   627  3892 D DlbDap2Process: setParam(aoon = #1[1])
01-15 12:06:57.215   627  3892 D DlbDap2Process: setParam(aron = #1[1])
01-15 12:06:57.215   627  3892 D DlbDap2Process: setParam(dvlo = #1[-320])
01-15 12:06:57.215   627  3892 D DlbDap2Process: setParam(artp = #1[12])
01-15 12:06:57.216   627  3892 D DlbDap2Process: setParam(aobs = #222[20, 10, 47, 141, 234, 328, 469, 656, 844, 1031, 1313, 1688, 2250, 3000, 3750, 4688, 5813, 7125, 9000, 11250, 13875, 19688, 0, 0, 0, 0, 0, 0, 0, 0, 0, 0, 0, 0, 0, 0, 0, 0, 0, 0, 0, 0, 0, 0, 0, 0, 0, 0, 0, 0, 0, 0, 0, 0, 0, 0, 0, 0, 0, 0, 0, 0, 0, 0, 0, 0, 0, 0, 0, 0, 0, 0, 0, 0, 0, 0, 0, 0, 0, 0, 0, 0, 0, 0, 0, 0, 0, 0, 0, 0, 0, 0, 0, 0, 0, 0, 0, 0, 0, 0, 0, 0, 0, 0, 0, 0, 0, 0, 0, 0, 0, 0, 0, 0, 0, 0, 0, 0, 0, 0, 0, 0, 0, 0, 0, 0, 0, 0, 0, 0, 0, 0, 0, 0, 0, 0, 0, 0, 0, 0, 0, 0, 0, 0, 0, 0, 0, 0, 0, 0, 0, 0, 0, 0, 0, 0, 0, 0, 0, 0, 0, 0, 0, 0, 0, 0, 0, 0, 0, 0, 0, 0, 0, 0, 0, 0, 0, 0, 0, 0, 0, 0, 0, 0, 0, 0, 0, 0, 0, 0, 0, 0, 0, 0, 0, 0, 0, 0, 0, 0, 0, 0, 0, 0, 0, 0, 0, 0, 0, 0, 0, 0, 0, 0, 0, 0, 0, 0, 0, 0, 0, 0])
01-15 12:06:57.216   627  3892 D DlbDap2Process: setParam(arbs = #81[20, 47, 141, 234, 328, 469, 656, 844, 1031, 1313, 1688, 2250, 3000, 3750, 4688, 5813, 7125, 9000, 11250, 13875, 19688, -192, -192, -192, -192, -192, -192, -192, -192, -192, -192, -192, -192, -192, -192, -192, -192, -192, -192, -192, -192, 0, 0, 0, 0, 0, 0, 0, 0, 0, 0, 0, 0, 0, 0, 0, 0, 0, 0, 0, 0, 0, 0, 0, 0, 0, 0, 0, 0, 0, 0, 0, 0, 0, 0, 0, 0, 0, 0, 0, 0])
01-15 12:06:57.216   627  3892 D DlbDapEndpointParamCache: doCommit() Committed 37 parameters out of 37.
01-15 12:06:57.217   627  3892 D DlbDap2Process: setMave(mave = 0)
01-15 12:06:57.217   710   900 D AudioTrack: stop() called with 0 frames delivered
01-15 12:06:57.218   684  1056 D AudioFlinger: trackStateChanged() Track id 295 state changed to 2
01-15 12:06:57.218   684  1056 I AudioFlinger: updateProcessedAudioState() Changing content processing in effect to 0
01-15 12:06:57.218   627  3512 D DlbDlbEffect: handle_EFFECT_CMD_SET_PARAM()
01-15 12:06:57.220  2010  2010 D RegisteredNfcFServicesCache: Service unchanged, not updating
01-15 12:06:57.238   684  1056 D AudioFlinger: trackDestroyed() Track id 295 no longer contains processed audio
01-15 12:06:57.239   684   928 W AudioFlinger::EffectModule: EffectModule 0xed0e2080 destructor called with unreleased interface
01-15 12:06:57.241   684   928 W AudioFlinger::EffectHandle: disconnect Effect handle 0xee163c00 disconnected after thread destruction
01-15 12:06:57.302   945  6310 I ActivityManager: START u0 {flg=0x10000000 cmp=com.dolby.qa.featuretest/.MainActivity} from uid 2000
01-15 12:06:57.325   945  7365 I ActivityManager: Start proc 13623:com.dolby.qa.featuretest/u0a72 for activity com.dolby.qa.featuretest/.MainActivity
01-15 12:06:57.333 13623 13623 I zygote64: Late-enabling -Xcheck:jni
01-15 12:06:57.386 13623 13630 E zygote64: Failed sending reply to debugger: Broken pipe
01-15 12:06:57.387 13623 13630 I zygote64: Debugger is no longer active
01-15 12:06:57.519 13623 13623 D featureTest: onCreate
01-15 12:06:57.523 13623 13623 D AudioTrack: Client defaulted notificationFrames to 962 for frameCount 1924
01-15 12:06:57.526 13623 13623 W AudioTrack: Use of stream types is deprecated for operations other than volume control
01-15 12:06:57.526 13623 13623 W AudioTrack: See the documentation of AudioTrack() for what to use instead with android.media.AudioAttributes to qualify your playback use case
01-15 12:06:57.532 13623 13623 W DolbyAudioEffect: WARNING: attaching a DolbyAudioEffect to global output mix is deprecated!
01-15 12:06:57.538 13623 13623 D featureTest: onResume
01-15 12:06:57.547 13623 13640 D OpenGLRenderer: HWUI GL Pipeline
01-15 12:06:57.588 13623 13640 I Adreno  : QUALCOMM build                   : 7142022, Ib5823dd10c
01-15 12:06:57.588 13623 13640 I Adreno  : Build Date                       : 06/23/17
01-15 12:06:57.588 13623 13640 I Adreno  : OpenGL ES Shader Compiler Version: EV031.18.00.00
01-15 12:06:57.588 13623 13640 I Adreno  : Local Branch                     : O11A
01-15 12:06:57.588 13623 13640 I Adreno  : Remote Branch                    : 
01-15 12:06:57.588 13623 13640 I Adreno  : Remote Branch                    : 
01-15 12:06:57.588 13623 13640 I Adreno  : Reconstruct Branch               : 
01-15 12:06:57.592 13623 13640 I Adreno  : PFP: 0x005ff087, ME: 0x005ff063
01-15 12:06:57.594 13623 13640 I OpenGLRenderer: Initialized EGL, version 1.4
01-15 12:06:57.595 13623 13640 D OpenGLRenderer: Swap behavior 2
01-15 12:06:57.648   945   998 I ActivityManager: Displayed com.dolby.qa.featuretest/.MainActivity: +331ms
01-15 12:06:57.689   945   998 W ActivityManager: setHasOverlayUi called on unknown pid: 13549
01-15 12:06:57.886   945   945 W NotificationService: Object died trying to hide notification android.app.ITransientNotification$Stub$Proxy@ace93a3 in package com.dolby.qa.featuretest
01-15 12:06:57.887   945   945 W WindowManager: removeWindowToken: Attempted to remove non-existing token: android.os.Binder@9c1d45b
01-15 12:06:58.129  2103  2230 W OpenGLRenderer: Incorrectly called buildLayer on View: ShortcutAndWidgetContainer, destroying layer...
01-15 12:06:58.389 13623 13623 D featureTest: receive broadcast , playing content location :/sdcard/featureTest/2ch_channel_id.wav
01-15 12:06:58.402 13623 13623 D featureTest: mMediaPlayer.getAudioSessionId(): 1969
01-15 12:06:58.403 13623 13623 D featureTest: Playing file: /sdcard/featureTest/2ch_channel_id.wav
01-15 12:06:58.405   710   900 D NuPlayerDriver: NuPlayerDriver(0xe84b2c40) created, clientPid(13623)
01-15 12:06:58.409 13623 13623 W MediaPlayer: Use of stream types is deprecated for operations other than volume control
01-15 12:06:58.409 13623 13623 W MediaPlayer: See the documentation of setAudioStreamType() for what to use instead with android.media.AudioAttributes to qualify your playback use case
01-15 12:06:58.410 13650 13650 W generic : type=1400 audit(0.0:166): avc: denied { read } for path="/storage/emulated/0/featuretest/2ch_channel_id.wav" dev="sdcardfs" ino=1310757 scontext=u:r:mediaextractor:s0 tcontext=u:object_r:sdcardfs:s0 tclass=file permissive=0
01-15 12:06:58.412   710 13650 D GenericSource: FileSource remote
01-15 12:06:58.412   710 13650 W GenericSource: extractor service cannot make data source
01-15 12:06:58.413   710 13650 D GenericSource: FileSource local
01-15 12:06:58.431   700   700 D MediaBufferGroup: creating MemoryDealer
01-15 12:06:58.432   710 13648 D NuPlayerDriver: notifyListener_l(0xe84b2c40), (1, 0, 0, -1), loop setting(0, 0)
01-15 12:06:58.444   710  1422 D NuPlayerDriver: start(0xe84b2c40), state is 4, eos is 0
01-15 12:06:58.444   710 13648 I GenericSource: start
01-15 12:06:58.449 13623 13623 W DolbyAudioEffect: WARNING: attaching a DolbyAudioEffect to global output mix is deprecated!
01-15 12:06:58.455   710 13656 I OMXClient: Treble IOmx obtained
01-15 12:06:58.456   717  4053 I OMXMaster: makeComponentInstance(OMX.google.raw.decoder) in omx@1.0-service process
01-15 12:06:58.459   717  5319 E OMXNodeInstance: setConfig(0xe83a3020:google.raw.decoder, ConfigPriority(0x6f800002)) ERROR: Undefined(0x80001001)
01-15 12:06:58.459   710 13656 I ACodec  : codec does not support config priority (err -2147483648)
01-15 12:06:58.460   717  5319 E OMXNodeInstance: getConfig(0xe83a3020:google.raw.decoder, ConfigAndroidVendorExtension(0x6f100004)) ERROR: Undefined(0x80001001)
01-15 12:06:58.461   710 13656 I MediaCodec: MediaCodec will operate in async mode
01-15 12:06:58.462   626   626 W /system/bin/hw/android.hidl.allocator@1.0-service: ashmem_create_region(32768) returning hidl_memory(0x7b7102c330, 32768)
01-15 12:06:58.464   626   626 I chatty  : uid=1000(system) allocator@1.0-s identical 2 lines
01-15 12:06:58.464   626   626 W /system/bin/hw/android.hidl.allocator@1.0-service: ashmem_create_region(32768) returning hidl_memory(0x7b7102c330, 32768)
01-15 12:06:58.466 13623 13623 D featureTest: receive broadcast , change ds status :1
01-15 12:06:58.466   626   626 W /system/bin/hw/android.hidl.allocator@1.0-service: ashmem_create_region(32768) returning hidl_memory(0x7b7102c330, 32768)
01-15 12:06:58.468   626   626 I chatty  : uid=1000(system) allocator@1.0-s identical 2 lines
01-15 12:06:58.468   626   626 W /system/bin/hw/android.hidl.allocator@1.0-service: ashmem_create_region(32768) returning hidl_memory(0x7b7102c330, 32768)
01-15 12:06:58.478   627  4939 D DlbDlbEffect: handle_EFFECT_CMD_SET_PARAM()
01-15 12:06:58.483   710 13654 D AudioTrack: Client defaulted notificationFrames to 12000 for frameCount 24000
01-15 12:06:58.485   626   626 W /system/bin/hw/android.hidl.allocator@1.0-service: ashmem_create_region(7680) returning hidl_memory(0x7b7102c330, 7680)
01-15 12:06:58.487   626   626 W /system/bin/hw/android.hidl.allocator@1.0-service: ashmem_create_region(7680) returning hidl_memory(0x7b7102c330, 7680)
01-15 12:06:58.489   627   924 D DlbDlbEffect: handle_EFFECT_CMD_DISABLE()
01-15 12:06:58.489   627   924 D DlbDapCrossfadeProcess: setEnabled transitioning from DAP_ACTIVE state to FADE_TO_BYPASS
01-15 12:06:58.491   626   626 W /system/bin/hw/android.hidl.allocator@1.0-service: ashmem_create_region(7680) returning hidl_memory(0x7b7102c330, 7680)
01-15 12:06:58.492   627   924 D DlbDlbEffect: handle_EFFECT_CMD_SET_CONFIG()
01-15 12:06:58.492   627   924 D DlbDapEndpointParamCache: setDevice(device=0x00000002)
01-15 12:06:58.492   645   645 D DMSService: setActiveDevice called with device = 0x2
01-15 12:06:58.492   627  3512 D DlbDlbEffect: handle_EFFECT_CMD_ENABLE()
01-15 12:06:58.493   627  3512 D DlbDapCrossfadeProcess: setEnabled transitioning from FADE_TO_BYPASS state to FADE_TO_ACTIVE
01-15 12:06:58.493   684  3973 W AudioFlinger: moveDolbyEffect() effect chain for session 0 not on source thread 0xee0ae580
01-15 12:06:58.494   710 13648 D NuPlayerDriver: notifyListener_l(0xe84b2c40), (6, 0, 0, -1), loop setting(0, 1)
01-15 12:06:58.496   627  3892 D DlbDlbBufferProvider: updateCapacity(): update capacity to 1920
01-15 12:06:58.496   627  3892 D DlbDlbBufferProvider: updateCapacity() Allocating new memory for the buffer.
01-15 12:06:58.497   627  3892 D DlbDapCrossfadeProcess: process transitioning from FADE_TO_ACTIVE state to DAP_ACTIVE
01-15 12:06:58.498   627  3890 I ACDB-LOADER: ACDB AFE returned = -19
01-15 12:06:58.498   627  3890 D audio_hw_primary: enable_audio_route: usecase(0) apply and update mixer path: deep-buffer-playback speaker
01-15 12:06:58.499   726   757 E ANDR-PERF-OPTSHANDLER: Warning: Resource [2, 0] not supported for core 1. Instead use resource for core 0
01-15 12:06:58.499   726   757 E ANDR-PERF-RESOURCEQS: Failed to apply optimization [2, 2, 0]
01-15 12:06:58.529 13623 13623 D featureTest: receive broadcast , change ds profile id :2
01-15 12:06:58.537   627  4939 D DlbDlbEffect: handle_EFFECT_CMD_SET_PARAM()
01-15 12:06:58.537   645   713 I DapController: Profile Changed to Music
01-15 12:06:58.552   627  3892 D DlbDapEndpointParamCache: commitChangedParams()
01-15 12:06:58.552   627  3892 D DlbDapEndpointParamCache: commit() Applying parameters for device 0x40000000
01-15 12:06:58.552   627  3892 D DlbDap2Process: setParam(iea = #1[10])
01-15 12:06:58.552   627  3892 D DlbDap2Process: setParam(msce = #1[0])
01-15 12:06:58.552   627  3892 D DlbDap2Process: setParam(mdee = #1[0])
01-15 12:06:58.552   627  3892 D DlbDap2Process: setParam(miee = #1[0])
01-15 12:06:58.552   627  3892 D DlbDap2Process: setParam(mdle = #1[0])
01-15 12:06:58.552   627  3892 D DlbDap2Process: setParam(dvle = #1[1])
01-15 12:06:58.552   627  3892 D DlbDap2Process: setParam(mave = #1[0])
01-15 12:06:58.552   627  3892 D DlbDap2Process: setParam(vcbf = #20[47, 141, 234, 328, 469, 656, 844, 1031, 1313, 1688, 2250, 3000, 3750, 4688, 5813, 7125, 9000, 11250, 13875, 19688])
01-15 12:06:58.552   627  3892 D DlbDap2Process: setParam(vbon = #1[0])
01-15 12:06:58.552   627  3892 D DlbDap2Process: setParam(beon = #1[0])
01-15 12:06:58.552   627  3892 D DlbDap2Process: setParam(geon = #1[0])
01-15 12:06:58.552   627  3892 D DlbDap2Process: setParam(ieon = #1[1])
01-15 12:06:58.552   627  3892 D DlbDap2Process: setParam(gebs = #41[20, 47, 141, 234, 328, 469, 656, 844, 1031, 1313, 1688, 2250, 3000, 3750, 4688, 5813, 7125, 9000, 11250, 13875, 19688, 0, 0, 0, 0, 0, 0, 0, 0, 0, 0, 0, 0, 0, 0, 0, 0, 0, 0, 0, 0])
01-15 12:06:58.552   627  3892 D DlbDap2Process: setParam(iebs = #41[20, 65, 136, 223, 332, 467, 634, 841, 1098, 1416, 1812, 2302, 2909, 3663, 4598, 5756, 7194, 8976, 11186, 13927, 17326, 117, 133, 188, 176, 141, 149, 175, 185, 185, 200, 236, 242, 228, 213, 182, 132, 110, 68, -27, -240])
01-15 12:06:58.552   627  3892 D DlbDapEndpointParamCache: doCommit() Committed 15 parameters out of 16.
01-15 12:06:58.552   627  3892 D DlbDapEndpointParamCache: commit() Overriding parameters for current device 0x00000002
01-15 12:06:58.552   627  3892 D DlbDap2Process: setParam(dea = #1[7])
01-15 12:06:58.552   627  3892 D DlbDap2Process: setParam(dsa = #1[10])
01-15 12:06:58.552   627  3892 D DlbDap2Process: setParam(beb = #1[192])
01-15 12:06:58.552   627  3892 D DlbDap2Process: setParam(plb = #1[0])
01-15 12:06:58.552   627  3892 D DlbDap2Process: setParam(vmb = #1[144])
01-15 12:06:58.552   627  3892 D DlbDap2Process: setParam(dsb = #1[0])
01-15 12:06:58.552   627  3892 D DlbDap2Process: setParam(ded = #1[0])
01-15 12:06:58.552   627  3892 D DlbDap2Process: setParam(vbm = #1[3])
01-15 12:06:58.553   627  3892 D DlbDap2Process: setParam(dom = #1[0])
01-15 12:06:58.553   627  3892 D DlbDap2Process: setParam(bew = #1[16])
01-15 12:06:58.553   627  3892 D DlbDap2Process: setParam(dvla = #1[4])
01-15 12:06:58.553   627  3892 D DlbDap2Process: setParam(arra = #1[96])
01-15 12:06:58.553   627  3892 D DlbDap2Process: setParam(dfsa = #1[10])
01-15 12:06:58.553   627  3892 D DlbDap2Process: setParam(dhsa = #1[10])
01-15 12:06:58.553   627  3892 D DlbDap2Process: setParam(dvmc = #1[0])
01-15 12:06:58.553   627  3892 D DlbDap2Process: setParam(arod = #1[0])
01-15 12:06:58.553   627  3892 D DlbDap2Process: setParam(arde = #1[1])
01-15 12:06:58.553   627  3892 D DlbDap2Process: setParam(dvle = #1[1])
01-15 12:06:58.553   627  3892 D DlbDap2Process: setParam(dvme = #1[0])
01-15 12:06:58.553   627  3892 D DlbDap2Process: setParam(becf = #1[200])
01-15 12:06:58.553   627  3892 D DlbDap2Process: setParam(vbmf = #2[94, 469])
01-15 12:06:58.553   627  3892 D DlbDap2Process: setParam(vbsf = #2[35, 160])
01-15 12:06:58.553   627  3892 D DlbDap2Process: setParam(vbhg = #3[-32, -144, -192])
01-15 12:06:58.553   627  3892 D DlbDap2Process: setParam(vbog = #1[0])
01-15 12:06:58.553   627  3892 D DlbDap2Process: setParam(vbsg = #1[0])
01-15 12:06:58.553   627  3892 D DlbDap2Process: setParam(dvli = #1[-320])
01-15 12:06:58.553   627  3892 D DlbDap2Process: setParam(dhfm = #1[2])
01-15 12:06:58.553   627  3892 D DlbDap2Process: setParam(vbon = #1[0])
01-15 12:06:58.553   627  3892 D DlbDap2Process: setParam(beon = #1[0])
01-15 12:06:58.553   627  3892 D DlbDap2Process: setParam(deon = #1[0])
01-15 12:06:58.553   627  3892 D DlbDap2Process: setParam(ngon = #1[1])
01-15 12:06:58.553   627  3892 D DlbDap2Process: setParam(aoon = #1[1])
01-15 12:06:58.553   627  3892 D DlbDap2Process: setParam(aron = #1[1])
01-15 12:06:58.553   627  3892 D DlbDap2Process: setParam(dvlo = #1[-320])
01-15 12:06:58.553   627  3892 D DlbDap2Process: setParam(artp = #1[12])
01-15 12:06:58.553   627  3892 D DlbDap2Process: setParam(aobs = #222[20, 10, 47, 141, 234, 328, 469, 656, 844, 1031, 1313, 1688, 2250, 3000, 3750, 4688, 5813, 7125, 9000, 11250, 13875, 19688, 0, 0, 0, 0, 0, 0, 0, 0, 0, 0, 0, 0, 0, 0, 0, 0, 0, 0, 0, 0, 0, 0, 0, 0, 0, 0, 0, 0, 0, 0, 0, 0, 0, 0, 0, 0, 0, 0, 0, 0, 0, 0, 0, 0, 0, 0, 0, 0, 0, 0, 0, 0, 0, 0, 0, 0, 0, 0, 0, 0, 0, 0, 0, 0, 0, 0, 0, 0, 0, 0, 0, 0, 0, 0, 0, 0, 0, 0, 0, 0, 0, 0, 0, 0, 0, 0, 0, 0, 0, 0, 0, 0, 0, 0, 0, 0, 0, 0, 0, 0, 0, 0, 0, 0, 0, 0, 0, 0, 0, 0, 0, 0, 0, 0, 0, 0, 0, 0, 0, 0, 0, 0, 0, 0, 0, 0, 0, 0, 0, 0, 0, 0, 0, 0, 0, 0, 0, 0, 0, 0, 0, 0, 0, 0, 0, 0, 0, 0, 0, 0, 0, 0, 0, 0, 0, 0, 0, 0, 0, 0, 0, 0, 0, 0, 0, 0, 0, 0, 0, 0, 0, 0, 0, 0, 0, 0, 0, 0, 0, 0, 0, 0, 0, 0, 0, 0, 0, 0, 0, 0, 0, 0, 0, 0, 0, 0, 0, 0, 0, 0])
01-15 12:06:58.554   627  3892 D DlbDap2Process: setParam(arbs = #81[20, 47, 141, 234, 328, 469, 656, 844, 1031, 1313, 1688, 2250, 3000, 3750, 4688, 5813, 7125, 9000, 11250, 13875, 19688, -192, -192, -192, -192, -192, -192, -192, -192, -192, -192, -192, -192, -192, -192, -192, -192, -192, -192, -192, -192, 0, 0, 0, 0, 0, 0, 0, 0, 0, 0, 0, 0, 0, 0, 0, 0, 0, 0, 0, 0, 0, 0, 0, 0, 0, 0, 0, 0, 0, 0, 0, 0, 0, 0, 0, 0, 0, 0, 0, 0])
01-15 12:06:58.554   627  3892 D DlbDapEndpointParamCache: doCommit() Committed 37 parameters out of 37.
01-15 12:06:58.554   627  3892 D DlbDap2Process: setMave(mave = 0)
01-15 12:06:58.584 13623 13623 D featureTest: receive broadcast , record log :0
01-15 12:06:58.603   684  1061 D AudioFlinger: mixer(0xed503800) throttle end: throttle time(46)
01-15 12:06:58.924   627  3892 D DlbDap2Process: process() called [179500] times
01-15 12:07:00.208   627  4939 D audio_hw_primary: disable_audio_route: usecase(1) reset and update mixer path: low-latency-playback speaker
01-15 12:07:00.498   945   945 W WindowManager: removeWindowToken: Attempted to remove non-existing token: android.os.Binder@531e2a
01-15 12:07:00.567   475   475 D SurfaceFlinger: duplicate layer name: changing Toast to Toast#1
01-15 12:07:01.607   627  3892 D DlbDap2Process: process() called [180000] times
01-15 12:07:02.533   945   945 W WindowManager: removeWindowToken: Attempted to remove non-existing token: android.os.Binder@c4fb964
