--------- beginning of main
01-27 00:46:30.650  1775  1775 W zygote64: Class android.support.v4.util.SimpleArrayMap failed lock verification and will run slower.
01-27 00:46:30.650  1775  1775 W zygote64: Common causes for lock verification issues are non-optimized dex code
01-27 00:46:30.650  1775  1775 W zygote64: and incorrect proguard optimizations.
01-27 00:46:30.718  1775  1775 D featureTest: onCreate
01-27 00:46:30.723  1775  1775 D featureTest: onResume
01-27 00:46:30.734  1775  1793 D OpenGLRenderer: HWUI GL Pipeline
01-27 00:46:30.776  1775  1793 I Adreno  : QUALCOMM build                   : 7142022, Ib5823dd10c
01-27 00:46:30.776  1775  1793 I Adreno  : Build Date                       : 06/23/17
01-27 00:46:30.776  1775  1793 I Adreno  : OpenGL ES Shader Compiler Version: EV031.18.00.00
01-27 00:46:30.776  1775  1793 I Adreno  : Local Branch                     : O11A
01-27 00:46:30.776  1775  1793 I Adreno  : Remote Branch                    : 
01-27 00:46:30.776  1775  1793 I Adreno  : Remote Branch                    : 
01-27 00:46:30.776  1775  1793 I Adreno  : Reconstruct Branch               : 
01-27 00:46:30.777  1775  1793 I vndksupport: sphal namespace is not configured for this process. Loading /vendor/lib64/hw/gralloc.msm8994.so from the current namespace instead.
01-27 00:46:30.787  1775  1793 I Adreno  : PFP: 0x00000000, ME: 0x00000000
01-27 00:46:30.794  1775  1793 I OpenGLRenderer: Initialized EGL, version 1.4
01-27 00:46:30.794  1775  1793 D OpenGLRenderer: Swap behavior 2
01-27 00:46:30.806   616   788 D audio_hw_primary: disable_audio_route: usecase(1) reset and update mixer path: low-latency-playback speaker
01-27 00:46:30.814   616   788 D audio_hw_primary: disable_snd_device: snd_device(2: speaker)
01-27 00:46:30.821   372   372 W /system/bin/hwservicemanager: getTransportFromManifest: Cannot find entry android.hardware.graphics.mapper@2.0::IMapper in either framework or device manifest, using default transport.
01-27 00:46:30.824  1775  1793 I vndksupport: sphal namespace is not configured for this process. Loading /vendor/lib64/hw/gralloc.msm8994.so from the current namespace instead.
01-27 00:46:30.859   843   869 I ActivityManager: Displayed com.dolby.qa.featuretest/.MainActivity: +355ms
--------- beginning of system
01-27 00:46:30.959   843   869 W ActivityManager: setHasOverlayUi called on unknown pid: 1687
01-27 00:46:31.136   843   843 W NotificationService: Object died trying to hide notification android.app.ITransientNotification$Stub$Proxy@c8e698d in package com.dolby.qa.featuretest
01-27 00:46:31.137   843   843 W WindowManager: removeWindowToken: Attempted to remove non-existing token: android.os.Binder@51d1e3d
01-27 00:46:31.137   843   843 W ActivityManager: setProcessForeground called on unknown pid: 1687
01-27 00:46:31.137   843   843 W NotificationService: Object died trying to show notification android.app.ITransientNotification$Stub$Proxy@cda1742 in package com.dolby.qa.featuretest
01-27 00:46:31.309  3777  3914 W OpenGLRenderer: Incorrectly called buildLayer on View: ShortcutAndWidgetContainer, destroying layer...
01-27 00:46:31.504  1383  1383 I ServiceManager: Waiting for service AtCmdFwd...
01-27 00:46:31.624  1775  1775 D featureTest: receive broadcast , playing content location :/sdcard/featureTest/stereo_channel_id.wav
01-27 00:46:31.638  1775  1775 D featureTest: mMediaPlayer.getAudioSessionId(): 1441
01-27 00:46:31.638  1775  1775 D featureTest: Playing file: /sdcard/featureTest/stereo_channel_id.wav
01-27 00:46:31.640   629   629 D NuPlayerDriver: NuPlayerDriver(0xf1bb2af0) created, clientPid(1775)
01-27 00:46:31.641  1807  1807 W generic : type=1400 audit(0.0:4978): avc: denied { read } for path="/storage/emulated/0/featureTest/stereo_channel_id.wav" dev="sdcardfs" ino=654181 scontext=u:r:mediaextractor:s0 tcontext=u:object_r:sdcardfs:s0 tclass=file permissive=0
01-27 00:46:31.642  1775  1775 W MediaPlayer: Use of stream types is deprecated for operations other than volume control
01-27 00:46:31.642  1775  1775 W MediaPlayer: See the documentation of setAudioStreamType() for what to use instead with android.media.AudioAttributes to qualify your playback use case
01-27 00:46:31.645   629  1807 D GenericSource: FileSource remote
01-27 00:46:31.645   629  1807 W GenericSource: extractor service cannot make data source
01-27 00:46:31.645   629  1807 D GenericSource: FileSource local
01-27 00:46:31.669   627  4727 D MediaBufferGroup: creating MemoryDealer
01-27 00:46:31.670   629  1806 D NuPlayerDriver: notifyListener_l(0xf1bb2af0), (1, 0, 0, -1), loop setting(0, 0)
01-27 00:46:31.678   629  6226 D NuPlayerDriver: start(0xf1bb2af0), state is 4, eos is 0
01-27 00:46:31.679   629  1806 I GenericSource: start
01-27 00:46:31.685   634  3235 I OMXMaster: makeComponentInstance(OMX.google.raw.decoder) in android.hardwar process
01-27 00:46:31.688   634  2887 E OMXNodeInstance: setConfig(0xe95876c0:google.raw.decoder, ConfigPriority(0x6f800002)) ERROR: Undefined(0x80001001)
01-27 00:46:31.688   629  1811 I ACodec  : codec does not support config priority (err -2147483648)
01-27 00:46:31.689   634  7067 E OMXNodeInstance: getConfig(0xe95876c0:google.raw.decoder, ConfigAndroidVendorExtension(0x6f100004)) ERROR: Undefined(0x80001001)
01-27 00:46:31.690   629  1811 I MediaCodec: MediaCodec will operate in async mode
01-27 00:46:31.690   425   425 W /system/bin/hw/android.hidl.allocator@1.0-service: ashmem_create_region(3840) returning hidl_memory(0x7bd6a2c2e0, 3840)
01-27 00:46:31.692   425   425 W /system/bin/hw/android.hidl.allocator@1.0-service: ashmem_create_region(3840) returning hidl_memory(0x7bd6a2c2e0, 3840)
01-27 00:46:31.693   616  7178 I DlbDlbEffect: create(uuid=9D4921DA-8225-4F29-AEFA-39537A04BCAA, sessionId=1441, ioId=13, pHandle=0xe36007bc)
01-27 00:46:31.693   616  7178 I DlbEffectDap: EffectDapFactory()
01-27 00:46:31.693   616  7178 I DlbDap2Process: Dap2Process()
01-27 00:46:31.693   616  7178 D DlbDlbBufferProvider: DlbBufferProvider()
01-27 00:46:31.693   616  7178 D DlbDlbBufferProvider: DlbBufferProvider()
01-27 00:46:31.693   616  7178 D DlbDapBufferAdapter: DapBufferAdapter()
01-27 00:46:31.693   616  7178 D DlbDlbBufferProvider: DlbBufferProvider()
01-27 00:46:31.693   616  7178 D DlbDapCrossfadeProcess: CrossfadeProcess()
01-27 00:46:31.693   616  7178 D DlbDapEndpointParamCache: EndpointParamCache()
01-27 00:46:31.693   616  7178 D DlbEffectDap: EffectDap()
01-27 00:46:31.693   616  7178 I DlbEffectContext: EffectContext()
01-27 00:46:31.693   616  7178 I DlbDlbEffect: create() Created effect DAP FULL
01-27 00:46:31.693   616  7178 D DlbDlbEffect: effectGetDescriptor(handle=0xe84e03c0)
01-27 00:46:31.693   616  7178 D DlbDlbEffect: handle_EFFECT_CMD_INIT()
01-27 00:46:31.694   616  7178 D DlbDapCrossfadeProcess: init()
01-27 00:46:31.694   616  7178 D DlbDapBufferAdapter: init()
01-27 00:46:31.694   616  7178 I DlbDap2Process: init()
01-27 00:46:31.694   616  7178 I DlbDap2Process: open()
01-27 00:46:31.694   616  7178 I DlbDap2Process: loadLicense() no license check!
01-27 00:46:31.694   616  7178 I DlbDap2Process: validateLicense() no license check!
01-27 00:46:31.694   616  7178 I DlbDap2Process: init() DAP opened
01-27 00:46:31.694   616  7178 I DlbDap2Process: DAP library version: 2.5.1-P2.0
01-27 00:46:31.694   616  7178 D DlbDap2Process: DAP output mode set to 1 with 2 output channels and null mix matrix.
01-27 00:46:31.694   616  7178 D DlbDlbEffect: handle_EFFECT_CMD_SET_CONFIG()
01-27 00:46:31.695   616  7178 I DlbDap2Process: close()
01-27 00:46:31.695   616  7178 I DlbDap2Process: init()
01-27 00:46:31.695   616  7178 I DlbDap2Process: open()
01-27 00:46:31.695   616  7178 I DlbDap2Process: loadLicense() no license check!
01-27 00:46:31.695   616  7178 I DlbDap2Process: validateLicense() no license check!
01-27 00:46:31.695   616  7178 I DlbDap2Process: init() DAP opened
01-27 00:46:31.695   616  7178 I DlbDap2Process: DAP library version: 2.5.1-P2.0
01-27 00:46:31.695   616  7178 D DlbDap2Process: DAP output mode set to 1 with 2 output channels and null mix matrix.
01-27 00:46:31.695   616  7178 I DlbDapBufferAdapter: configure()sampleRate = 48000
01-27 00:46:31.696   616  7178 D DlbDlbBufferProvider: setConfig() Updating buffer configuration.
01-27 00:46:31.696   616  7178 D DlbDlbBufferProvider: configure() Allocating new memory for the buffer.
01-27 00:46:31.696   616  7178 D DlbDlbBufferProvider: setConfig() Updating buffer configuration.
01-27 00:46:31.696   616  7178 D DlbDlbBufferProvider: configure() Allocating new memory for the buffer.
01-27 00:46:31.696   616  7178 D DlbDlbBufferProvider: setConfig() Updating buffer configuration.
01-27 00:46:31.696   616  7178 D DlbDapEndpointParamCache: commitAllParams()
01-27 00:46:31.696   616  7178 D DlbDlbBufferProvider: setConfig() Updating buffer configuration.
01-27 00:46:31.696   616  7178 D DlbDlbBufferProvider: setConfig() Updating buffer configuration.
01-27 00:46:31.696   616  7178 E DlbDapEndpointParamCache: getParam() No cache defined for device 0x00000002
01-27 00:46:31.696   616  7178 D DlbDapEndpointParamCache: setDevice(device=0x00000002)
01-27 00:46:31.698   430   430 I DMSService: registerClient type = 2, uid = e8e96e20
01-27 00:46:31.698   430   430 V DolbyMemoryService: registerClient() client 0x71aac74380, uid -387355102
01-27 00:46:31.698   430   430 D DMSService: setActiveDevice called with device = 0x2
01-27 00:46:31.703   425   425 W /system/bin/hw/android.hidl.allocator@1.0-service: ashmem_create_region(7680) returning hidl_memory(0x7bd6a2c2e0, 7680)
01-27 00:46:31.705   425   425 W /system/bin/hw/android.hidl.allocator@1.0-service: ashmem_create_region(7680) returning hidl_memory(0x7bd6a2c2e0, 7680)
01-27 00:46:31.706   616   616 D DlbDlbEffect: handle_EFFECT_CMD_SET_CONFIG()
01-27 00:46:31.706   616   616 D DlbDapEndpointParamCache: setDevice(device=0x00000002)
01-27 00:46:31.706   430   430 D DMSService: setActiveDevice called with device = 0x2
01-27 00:46:31.707   629  1809 D AudioTrack: Client defaulted notificationFrames to 12000 for frameCount 24000
01-27 00:46:31.707   616 10208 D DlbDlbEffect: handle_EFFECT_CMD_DISABLE()
01-27 00:46:31.708   616 10208 D DlbDapCrossfadeProcess: setEnabled transitioning from DAP_ACTIVE state to FADE_TO_BYPASS
01-27 00:46:31.710   425   425 W /system/bin/hw/android.hidl.allocator@1.0-service: ashmem_create_region(7680) returning hidl_memory(0x7bd6a2c2e0, 7680)
01-27 00:46:31.710   616 10208 D DlbDlbEffect: handle_EFFECT_CMD_SET_CONFIG()
01-27 00:46:31.710   616 10208 D DlbDapEndpointParamCache: setDevice(device=0x00000002)
01-27 00:46:31.710   430   430 D DMSService: setActiveDevice called with device = 0x2
01-27 00:46:31.711   616 10208 D DlbDlbEffect: handle_EFFECT_CMD_ENABLE()
01-27 00:46:31.711   616 10208 D DlbDapCrossfadeProcess: setEnabled transitioning from FADE_TO_BYPASS state to FADE_TO_ACTIVE
01-27 00:46:31.712   629  1806 D NuPlayerDriver: notifyListener_l(0xf1bb2af0), (6, 0, 0, -1), loop setting(0, 1)
01-27 00:46:31.713   616  6316 D DlbDlbBufferProvider: updateCapacity(): update capacity to 1920
01-27 00:46:31.713   616  6316 D DlbDlbBufferProvider: updateCapacity() Allocating new memory for the buffer.
01-27 00:46:31.716   616  6316 D DlbDapCrossfadeProcess: process transitioning from FADE_TO_ACTIVE state to DAP_ACTIVE
01-27 00:46:31.729   616  7394 D audio_hw_primary: enable_snd_device: snd_device(2: speaker)
01-27 00:46:31.732   616  7394 D audio_hw_primary: enable_audio_route: usecase(0) apply and update mixer path: deep-buffer-playback speaker
01-27 00:46:31.741  5976  5976 W SceneBgThread: type=1400 audit(0.0:4979): avc: denied { read } for name="stat" dev="proc" ino=4026548033 scontext=u:r:untrusted_app_25:s0:c512,c768 tcontext=u:object_r:proc_stat:s0 tclass=file permissive=0
01-27 00:46:31.834   616   793 D AudioFlinger: mixer(0xe65836c0) throttle end: throttle time(47)
01-27 00:46:32.505  1383  1383 W Atfwd_Sendcmd: AtCmdFwd service not published, waiting... retryCnt : 5
01-27 00:46:32.719  1775  1775 D featureTest: receive broadcast , change ds status :1
01-27 00:46:32.736   616 10209 D DlbDlbEffect: handle_EFFECT_CMD_SET_PARAM()
01-27 00:46:33.038   616  6316 D DlbDap2Process: process() called [474500] times
01-27 00:46:33.843  1775  1775 D featureTest: receive broadcast , change ds profile id :5
01-27 00:46:33.857   616  7177 D DlbDlbEffect: handle_EFFECT_CMD_SET_PARAM()
01-27 00:46:34.750   843   843 W WindowManager: removeWindowToken: Attempted to remove non-existing token: android.os.Binder@b243d45
01-27 00:46:34.797   436   436 D SurfaceFlinger: duplicate layer name: changing Toast to Toast#1
01-27 00:46:34.953  1775  1775 D featureTest: receive broadcast , change bass enable :1
01-27 00:46:34.967   616   737 D DlbDlbEffect: handle_EFFECT_CMD_SET_PARAM()
01-27 00:46:34.997   616  6316 I DlbEffectDap: setParam() Start crossfade with VB enabled state 1
01-27 00:46:34.997   616  6316 D DlbDapCrossfadeProcess: setEnabled transitioning from DAP_ACTIVE state to FADE_TO_BYPASS
01-27 00:46:34.997   616  6316 D DlbDapEndpointParamCache: commitChangedParams()
01-27 00:46:34.997   616  6316 D DlbDapEndpointParamCache: commit() Applying parameters for device 0x40000000
01-27 00:46:34.997   616  6316 D DlbDap2Process: setParam(iea = #1[10])
01-27 00:46:34.997   616  6316 D DlbDap2Process: setParam(msce = #1[0])
01-27 00:46:34.997   616  6316 D DlbDap2Process: setParam(mdee = #1[0])
01-27 00:46:34.997   616  6316 D DlbDap2Process: setParam(miee = #1[0])
01-27 00:46:34.997   616  6316 D DlbDap2Process: setParam(mdle = #1[0])
01-27 00:46:34.997   616  6316 D DlbDap2Process: setParam(dvle = #1[1])
01-27 00:46:34.997   616  6316 D DlbDap2Process: setParam(mave = #1[0])
01-27 00:46:34.997   616  6316 D DlbDap2Process: setParam(vcbf = #20[47, 141, 234, 328, 469, 656, 844, 1031, 1313, 1688, 2250, 3000, 3750, 4688, 5813, 7125, 9000, 11250, 13875, 19688])
01-27 00:46:34.997   616  6316 D DlbDap2Process: setParam(vbon = #1[1])
01-27 00:46:34.997   616  6316 D DlbDap2Process: setParam(beon = #1[1])
01-27 00:46:34.997   616  6316 D DlbDap2Process: setParam(geon = #1[0])
01-27 00:46:34.997   616  6316 D DlbDap2Process: setParam(ieon = #1[1])
01-27 00:46:34.998   616  6316 D DlbDap2Process: setParam(gebs = #41[20, 47, 141, 234, 328, 469, 656, 844, 1031, 1313, 1688, 2250, 3000, 3750, 4688, 5813, 7125, 9000, 11250, 13875, 19688, 0, 0, 0, 0, 0, 0, 0, 0, 0, 0, 0, 0, 0, 0, 0, 0, 0, 0, 0, 0])
01-27 00:46:34.998   616  6316 D DlbDap2Process: setParam(iebs = #41[20, 65, 136, 223, 332, 467, 634, 841, 1098, 1416, 1812, 2302, 2909, 3663, 4598, 5756, 7194, 8976, 11186, 13927, 17326, 117, 133, 188, 176, 141, 149, 175, 185, 185, 200, 236, 242, 228, 213, 182, 132, 110, 68, -27, -240])
01-27 00:46:34.998   616  6316 D DlbDapEndpointParamCache: doCommit() Committed 15 parameters out of 16.
01-27 00:46:34.998   616  6316 D DlbDapEndpointParamCache: commit() Overriding parameters for current device 0x00000002
01-27 00:46:34.998   616  6316 D DlbDap2Process: setParam(dea = #1[7])
01-27 00:46:34.998   616  6316 D DlbDap2Process: setParam(dsa = #1[10])
01-27 00:46:34.998   616  6316 D DlbDap2Process: setParam(beb = #1[192])
01-27 00:46:34.998   616  6316 D DlbDap2Process: setParam(plb = #1[0])
01-27 00:46:34.998   616  6316 D DlbDap2Process: setParam(vmb = #1[144])
01-27 00:46:34.998   616  6316 D DlbDap2Process: setParam(dsb = #1[48])
01-27 00:46:34.998   616  6316 D DlbDap2Process: setParam(ded = #1[0])
01-27 00:46:34.998   616  6316 D DlbDap2Process: setParam(vbm = #1[3])
01-27 00:46:34.998   616  6316 D DlbDap2Process: setParam(dom = #1[0])
01-27 00:46:34.998   616  6316 D DlbDap2Process: setParam(bew = #1[16])
01-27 00:46:34.998   616  6316 D DlbDap2Process: setParam(dvla = #1[5])
01-27 00:46:34.998   616  6316 D DlbDap2Process: setParam(arra = #1[96])
01-27 00:46:34.998   616  6316 D DlbDap2Process: setParam(dfsa = #1[10])
01-27 00:46:34.998   616  6316 D DlbDap2Process: setParam(dhsa = #1[10])
01-27 00:46:34.998   616  6316 D DlbDap2Process: setParam(dvmc = #1[0])
01-27 00:46:34.998   616  6316 D DlbDap2Process: setParam(arod = #1[0])
01-27 00:46:34.998   616  6316 D DlbDap2Process: setParam(arde = #1[1])
01-27 00:46:34.998   616  6316 D DlbDap2Process: setParam(dvle = #1[1])
01-27 00:46:34.998   616  6316 D DlbDap2Process: setParam(dvme = #1[0])
01-27 00:46:34.998   616  6316 D DlbDap2Process: setParam(becf = #1[200])
01-27 00:46:34.998   616  6316 D DlbDap2Process: setParam(vbmf = #2[94, 469])
01-27 00:46:34.998   616  6316 D DlbDap2Process: setParam(vbsf = #2[35, 160])
01-27 00:46:34.998   616  6316 D DlbDap2Process: setParam(vbhg = #3[-32, -144, -192])
01-27 00:46:34.998   616  6316 D DlbDap2Process: setParam(vbog = #1[0])
01-27 00:46:34.999   616  6316 D DlbDap2Process: setParam(vbsg = #1[0])
01-27 00:46:34.999   616  6316 D DlbDap2Process: setParam(dvli = #1[-320])
01-27 00:46:34.999   616  6316 D DlbDap2Process: setParam(dhfm = #1[2])
01-27 00:46:34.999   616  6316 D DlbDap2Process: setParam(vbon = #1[1])
01-27 00:46:34.999   616  6316 D DlbDap2Process: setParam(beon = #1[1])
01-27 00:46:34.999   616  6316 D DlbDap2Process: setParam(deon = #1[1])
01-27 00:46:34.999   616  6316 D DlbDap2Process: setParam(ngon = #1[1])
01-27 00:46:34.999   616  6316 D DlbDap2Process: setParam(aoon = #1[1])
01-27 00:46:34.999   616  6316 D DlbDap2Process: setParam(aron = #1[1])
01-27 00:46:34.999   616  6316 D DlbDap2Process: setParam(dvlo = #1[-320])
01-27 00:46:34.999   616  6316 D DlbDap2Process: setParam(artp = #1[12])
01-27 00:46:34.999   616  6316 D DlbDap2Process: setParam(aobs = #222[20, 10, 47, 141, 234, 328, 469, 656, 844, 1031, 1313, 1688, 2250, 3000, 3750, 4688, 5813, 7125, 9000, 11250, 13875, 19688, 0, 0, 0, 0, 0, 0, 0, 0, 0, 0, 0, 0, 0, 0, 0, 0, 0, 0, 0, 0, 0, 0, 0, 0, 0, 0, 0, 0, 0, 0, 0, 0, 0, 0, 0, 0, 0, 0, 0, 0, 0, 0, 0, 0, 0, 0, 0, 0, 0, 0, 0, 0, 0, 0, 0, 0, 0, 0, 0, 0, 0, 0, 0, 0, 0, 0, 0, 0, 0, 0, 0, 0, 0, 0, 0, 0, 0, 0, 0, 0, 0, 0, 0, 0, 0, 0, 0, 0, 0, 0, 0, 0, 0, 0, 0, 0, 0, 0, 0, 0, 0, 0, 0, 0, 0, 0, 0, 0, 0, 0, 0, 0, 0, 0, 0, 0, 0, 0, 0, 0, 0, 0, 0, 0, 0, 0, 0, 0, 0, 0, 0, 0, 0, 0, 0, 0, 0, 0, 0, 0, 0, 0, 0, 0, 0, 0, 0, 0, 0, 0, 0, 0, 0, 0, 0, 0, 0, 0, 0, 0, 0, 0, 0, 0, 0, 0, 0, 0, 0, 0, 0, 0, 0, 0, 0, 0, 0, 0, 0, 0, 0, 0, 0, 0, 0, 0, 0, 0, 0, 0, 0, 0, 0, 0, 0, 0, 0, 0, 0, 0])
01-27 00:46:35.000   616  6316 D DlbDap2Process: setParam(arbs = #81[20, 47, 141, 234, 328, 469, 656, 844, 1031, 1313, 1688, 2250, 3000, 3750, 4688, 5813, 7125, 9000, 11250, 13875, 19688, -192, -192, -192, -192, -192, -192, -192, -192, -192, -192, -192, -192, -192, -192, -192, -192, -192, -192, -192, -192, 0, 0, 0, 0, 0, 0, 0, 0, 0, 0, 0, 0, 0, 0, 0, 0, 0, 0, 0, 0, 0, 0, 0, 0, 0, 0, 0, 0, 0, 0, 0, 0, 0, 0, 0, 0, 0, 0, 0, 0])
01-27 00:46:35.000   616  6316 D DlbDapEndpointParamCache: doCommit() Committed 37 parameters out of 37.
01-27 00:46:35.000   616  6316 D DlbDap2Process: setMave(mave = 0)
01-27 00:46:35.076   616  6316 D DlbDapCrossfadeProcess: process transitioning from FADE_TO_BYPASS state to DAP_BYPASSED
01-27 00:46:35.115   616  6316 I DlbEffectDap: setVbEnabled() Reset DAP with VB enabled state 1
01-27 00:46:35.116   616  6316 I DlbDapCrossfadeProcess: reset()
01-27 00:46:35.116   616  6316 I DlbDapBufferAdapter: reset()
01-27 00:46:35.116   616  6316 I DlbDap2Process: close()
01-27 00:46:35.116   616  6316 I DlbDap2Process: init()
01-27 00:46:35.116   616  6316 I DlbDap2Process: open()
01-27 00:46:35.118   616  6316 I DlbDap2Process: loadLicense() no license check!
01-27 00:46:35.118   616  6316 I DlbDap2Process: validateLicense() no license check!
01-27 00:46:35.118   616  6316 I DlbDap2Process: init() DAP opened
01-27 00:46:35.118   616  6316 I DlbDap2Process: DAP library version: 2.5.1-P2.0
01-27 00:46:35.118   616  6316 D DlbDap2Process: DAP output mode set to 1 with 2 output channels and null mix matrix.
01-27 00:46:35.118   616  6316 D DlbDapEndpointParamCache: commitAllParams()
01-27 00:46:35.118   616  6316 D DlbDapEndpointParamCache: commit() Applying parameters for device 0x40000000
01-27 00:46:35.118   616  6316 D DlbDap2Process: setParam(iea = #1[10])
01-27 00:46:35.118   616  6316 D DlbDap2Process: setParam(msce = #1[0])
01-27 00:46:35.118   616  6316 D DlbDap2Process: setParam(mdee = #1[0])
01-27 00:46:35.118   616  6316 D DlbDap2Process: setParam(miee = #1[0])
01-27 00:46:35.118   616  6316 D DlbDap2Process: setParam(mdle = #1[0])
01-27 00:46:35.119   616  6316 D DlbDap2Process: setParam(dvle = #1[1])
01-27 00:46:35.119   616  6316 D DlbDap2Process: setParam(mave = #1[0])
01-27 00:46:35.119   616  6316 D DlbDap2Process: setParam(vcbf = #20[47, 141, 234, 328, 469, 656, 844, 1031, 1313, 1688, 2250, 3000, 3750, 4688, 5813, 7125, 9000, 11250, 13875, 19688])
01-27 00:46:35.119   616  6316 D DlbDap2Process: setParam(preg = #1[-387])
01-27 00:46:35.119   616  6316 D DlbDap2Process: setParam(vbon = #1[1])
01-27 00:46:35.119   616  6316 D DlbDap2Process: setParam(beon = #1[1])
01-27 00:46:35.119   616  6316 D DlbDap2Process: setParam(geon = #1[0])
01-27 00:46:35.119   616  6316 D DlbDap2Process: setParam(ieon = #1[1])
01-27 00:46:35.120   616  6316 D DlbDap2Process: setParam(gebs = #41[20, 47, 141, 234, 328, 469, 656, 844, 1031, 1313, 1688, 2250, 3000, 3750, 4688, 5813, 7125, 9000, 11250, 13875, 19688, 0, 0, 0, 0, 0, 0, 0, 0, 0, 0, 0, 0, 0, 0, 0, 0, 0, 0, 0, 0])
01-27 00:46:35.120   616  6316 D DlbDap2Process: setParam(iebs = #41[20, 65, 136, 223, 332, 467, 634, 841, 1098, 1416, 1812, 2302, 2909, 3663, 4598, 5756, 7194, 8976, 11186, 13927, 17326, 117, 133, 188, 176, 141, 149, 175, 185, 185, 200, 236, 242, 228, 213, 182, 132, 110, 68, -27, -240])
01-27 00:46:35.120   616  6316 D DlbDapEndpointParamCache: doCommit() Committed 16 parameters out of 16.
01-27 00:46:35.120   616  6316 D DlbDapEndpointParamCache: commit() Overriding parameters for current device 0x00000002
01-27 00:46:35.120   616  6316 D DlbDap2Process: setParam(dea = #1[7])
01-27 00:46:35.120   616  6316 D DlbDap2Process: setParam(dsa = #1[10])
01-27 00:46:35.120   616  6316 D DlbDap2Process: setParam(beb = #1[192])
01-27 00:46:35.120   616  6316 D DlbDap2Process: setParam(plb = #1[0])
01-27 00:46:35.121   616  6316 D DlbDap2Process: setParam(vmb = #1[144])
01-27 00:46:35.121   616  6316 D DlbDap2Process: setParam(dsb = #1[48])
01-27 00:46:35.121   616  6316 D DlbDap2Process: setParam(ded = #1[0])
01-27 00:46:35.121   616  6316 D DlbDap2Process: setParam(vbm = #1[3])
01-27 00:46:35.121   616  6316 D DlbDap2Process: setParam(dom = #1[0])
01-27 00:46:35.121   616  6316 D DlbDap2Process: setParam(bew = #1[16])
01-27 00:46:35.121   616  6316 D DlbDap2Process: setParam(dvla = #1[5])
01-27 00:46:35.121   616  6316 D DlbDap2Process: setParam(arra = #1[96])
01-27 00:46:35.121   616  6316 D DlbDap2Process: setParam(dfsa = #1[10])
01-27 00:46:35.121   616  6316 D DlbDap2Process: setParam(dhsa = #1[10])
01-27 00:46:35.121   616  6316 D DlbDap2Process: setParam(dvmc = #1[0])
01-27 00:46:35.121   616  6316 D DlbDap2Process: setParam(arod = #1[0])
01-27 00:46:35.121   616  6316 D DlbDap2Process: setParam(arde = #1[1])
01-27 00:46:35.121   616  6316 D DlbDap2Process: setParam(dvle = #1[1])
01-27 00:46:35.121   616  6316 D DlbDap2Process: setParam(dvme = #1[0])
01-27 00:46:35.121   616  6316 D DlbDap2Process: setParam(becf = #1[200])
01-27 00:46:35.122   616  6316 D DlbDap2Process: setParam(vbmf = #2[94, 469])
01-27 00:46:35.122   616  6316 D DlbDap2Process: setParam(vbsf = #2[35, 160])
01-27 00:46:35.122   616  6316 D DlbDap2Process: setParam(vbhg = #3[-32, -144, -192])
01-27 00:46:35.122   616  6316 D DlbDap2Process: setParam(vbog = #1[0])
01-27 00:46:35.122   616  6316 D DlbDap2Process: setParam(vbsg = #1[0])
01-27 00:46:35.122   616  6316 D DlbDap2Process: setParam(dvli = #1[-320])
01-27 00:46:35.122   616  6316 D DlbDap2Process: setParam(dhfm = #1[2])
01-27 00:46:35.122   616  6316 D DlbDap2Process: setParam(vbon = #1[1])
01-27 00:46:35.122   616  6316 D DlbDap2Process: setParam(beon = #1[1])
01-27 00:46:35.122   616  6316 D DlbDap2Process: setParam(deon = #1[1])
01-27 00:46:35.122   616  6316 D DlbDap2Process: setParam(ngon = #1[1])
01-27 00:46:35.122   616  6316 D DlbDap2Process: setParam(aoon = #1[1])
01-27 00:46:35.122   616  6316 D DlbDap2Process: setParam(aron = #1[1])
01-27 00:46:35.122   616  6316 D DlbDap2Process: setParam(dvlo = #1[-320])
01-27 00:46:35.123   616  6316 D DlbDap2Process: setParam(artp = #1[12])
01-27 00:46:35.124   616  6316 D DlbDap2Process: setParam(aobs = #222[20, 10, 47, 141, 234, 328, 469, 656, 844, 1031, 1313, 1688, 2250, 3000, 3750, 4688, 5813, 7125, 9000, 11250, 13875, 19688, 0, 0, 0, 0, 0, 0, 0, 0, 0, 0, 0, 0, 0, 0, 0, 0, 0, 0, 0, 0, 0, 0, 0, 0, 0, 0, 0, 0, 0, 0, 0, 0, 0, 0, 0, 0, 0, 0, 0, 0, 0, 0, 0, 0, 0, 0, 0, 0, 0, 0, 0, 0, 0, 0, 0, 0, 0, 0, 0, 0, 0, 0, 0, 0, 0, 0, 0, 0, 0, 0, 0, 0, 0, 0, 0, 0, 0, 0, 0, 0, 0, 0, 0, 0, 0, 0, 0, 0, 0, 0, 0, 0, 0, 0, 0, 0, 0, 0, 0, 0, 0, 0, 0, 0, 0, 0, 0, 0, 0, 0, 0, 0, 0, 0, 0, 0, 0, 0, 0, 0, 0, 0, 0, 0, 0, 0, 0, 0, 0, 0, 0, 0, 0, 0, 0, 0, 0, 0, 0, 0, 0, 0, 0, 0, 0, 0, 0, 0, 0, 0, 0, 0, 0, 0, 0, 0, 0, 0, 0, 0, 0, 0, 0, 0, 0, 0, 0, 0, 0, 0, 0, 0, 0, 0, 0, 0, 0, 0, 0, 0, 0, 0, 0, 0, 0, 0, 0, 0, 0, 0, 0, 0, 0, 0, 0, 0, 0, 0, 0, 0])
01-27 00:46:35.125   616  6316 D DlbDap2Process: setParam(arbs = #81[20, 47, 141, 234, 328, 469, 656, 844, 1031, 1313, 1688, 2250, 3000, 3750, 4688, 5813, 7125, 9000, 11250, 13875, 19688, -192, -192, -192, -192, -192, -192, -192, -192, -192, -192, -192, -192, -192, -192, -192, -192, -192, -192, -192, -192, 0, 0, 0, 0, 0, 0, 0, 0, 0, 0, 0, 0, 0, 0, 0, 0, 0, 0, 0, 0, 0, 0, 0, 0, 0, 0, 0, 0, 0, 0, 0, 0, 0, 0, 0, 0, 0, 0, 0, 0])
01-27 00:46:35.125   616  6316 D DlbDapEndpointParamCache: doCommit() Committed 37 parameters out of 37.
01-27 00:46:35.125   616  6316 D DlbDapCrossfadeProcess: setEnabled transitioning from DAP_BYPASSED state to PREROLL_ACTIVE
01-27 00:46:35.155   616  6316 D DlbDap2Process: setMave(mave = 0)
01-27 00:46:35.207   616  6316 D DlbDapCrossfadeProcess: process transitioning from PREROLL_ACTIVE state to FADE_TO_ACTIVE
01-27 00:46:35.322   616  6316 D DlbDapCrossfadeProcess: process transitioning from FADE_TO_ACTIVE state to DAP_ACTIVE
01-27 00:46:35.718   616  6316 D DlbDap2Process: process() called [475000] times
01-27 00:46:36.055  1775  1775 D featureTest: receive broadcast , record log :0
01-27 00:46:36.744  5976  5976 W SceneBgThread: type=1400 audit(0.0:4980): avc: denied { read } for name="stat" dev="proc" ino=4026548033 scontext=u:r:untrusted_app_25:s0:c512,c768 tcontext=u:object_r:proc_stat:s0 tclass=file permissive=0
01-27 00:46:36.775   843   843 W WindowManager: removeWindowToken: Attempted to remove non-existing token: android.os.Binder@f7d27a7
01-27 00:46:38.400   616  6316 D DlbDap2Process: process() called [475500] times
01-27 00:46:38.739   606   892 E QC-QMI  : linux_qmi_qmux_io_wake_lock: Err in writing wakelock=qmuxd_port_wl_0, error [1:Operation not permitted]
01-27 00:46:38.740   606   892 E QC-QMI  : linux_qmi_qmux_io_wake_unlock: Err in writing wakelock=qmuxd_port_wl_0, error [1:Operation not permitted]
01-27 00:46:38.797   843   843 W WindowManager: removeWindowToken: Attempted to remove non-existing token: android.os.Binder@44a9743
01-27 00:46:41.079   616  6316 D DlbDap2Process: process() called [476000] times
01-27 00:46:41.751  5976  5976 W SceneBgThread: type=1400 audit(0.0:4981): avc: denied { read } for name="stat" dev="proc" ino=4026548033 scontext=u:r:untrusted_app_25:s0:c512,c768 tcontext=u:object_r:proc_stat:s0 tclass=file permissive=0
