01-17 09:20:38.198   627  3892 D DlbDap2Process: process() called [450500] times
01-17 09:20:38.265   710   710 D NuPlayerDriver: reset(0xe6bcb460) at state 5
01-17 09:20:38.267   710   710 D NuPlayerDriver: notifyListener_l(0xe6bcb460), (8, 0, 0, -1), loop setting(0, 1)
01-17 09:20:38.280   710 29405 D NuPlayerDriver: notifyResetComplete(0xe6bcb460)
01-17 09:20:38.281   710   710 D AudioTrack: stop() called with 0 frames delivered
01-17 09:20:38.418   684   928 W AudioFlinger::EffectModule: EffectModule 0xed0e2e00 destructor called with unreleased interface
01-17 09:20:38.418   684   928 W AudioFlinger::EffectHandle: disconnect Effect handle 0xee1635c0 disconnected after thread destruction
01-17 09:20:38.419   627  6441 D DlbDlbEffect: handle_EFFECT_CMD_DISABLE()
01-17 09:20:38.419   627  6441 D DlbDapCrossfadeProcess: setEnabled transitioning from DAP_ACTIVE state to FADE_TO_BYPASS
01-17 09:20:38.421   627  6441 D DlbDlbEffect: handle_EFFECT_CMD_SET_CONFIG()
01-17 09:20:38.421   627  6441 D DlbDapEndpointParamCache: setDevice(device=0x00000002)
01-17 09:20:38.422   645   645 D DMSService: setActiveDevice called with device = 0x2
01-17 09:20:38.422   627  3512 D DlbDlbEffect: handle_EFFECT_CMD_ENABLE()
01-17 09:20:38.422   627  3512 D DlbDapCrossfadeProcess: setEnabled transitioning from FADE_TO_BYPASS state to FADE_TO_ACTIVE
01-17 09:20:38.565 29450 29450 D featureTest: onCreate
01-17 09:20:38.568 29450 29450 D AudioTrack: Client defaulted notificationFrames to 962 for frameCount 1924
01-17 09:20:38.571 29450 29450 W AudioTrack: Use of stream types is deprecated for operations other than volume control
01-17 09:20:38.571 29450 29450 W AudioTrack: See the documentation of AudioTrack() for what to use instead with android.media.AudioAttributes to qualify your playback use case
01-17 09:20:38.584 29450 29450 D featureTest: onResume
01-17 09:20:39.448 29450 29450 D featureTest: receive broadcast , playing content location :/sdcard/featureTest/stereo_dd_25fps_channel_id.m4a
01-17 09:20:39.460 29450 29450 D featureTest: mMediaPlayer.getAudioSessionId(): 5313
01-17 09:20:39.461 29450 29450 D featureTest: Playing file: /sdcard/featureTest/stereo_dd_25fps_channel_id.m4a
01-17 09:20:39.462   710   710 D NuPlayerDriver: NuPlayerDriver(0xe6bcb460) created, clientPid(29450)
01-17 09:20:39.485   710 29475 D NuPlayerDriver: notifyListener_l(0xe6bcb460), (1, 0, 0, -1), loop setting(0, 0)
01-17 09:20:39.494   710   710 D NuPlayerDriver: start(0xe6bcb460), state is 4, eos is 0
01-17 09:20:39.507   717  5320 I OMXMaster: makeComponentInstance(OMX.dolby.ac3.decoder) in omx@1.0-service process
01-17 09:20:39.517 29450 29450 D featureTest: receive broadcast , change ds status :1
01-17 09:20:39.535   627  3512 D DlbDlbEffect: handle_EFFECT_CMD_SET_PARAM()
01-17 09:20:39.539   717  5320 I DDP_JOCDecoder: -> init name OMX.dolby.ac3.decoder
01-17 09:20:39.540   645   645 I DMSService: registerClient type = 0, uid = e7f0fb60
01-17 09:20:39.540   717  5320 I DDP_JOCDecoder: <- init
01-17 09:20:39.540   717  5320 D DDP_JOCDecoder: initPorts
01-17 09:20:39.542   710 29483 I ACodec  : codec does not support config priority (err -2147483648)
01-17 09:20:39.543   710 29483 I MediaCodec: MediaCodec will operate in async mode
01-17 09:20:39.543   710 29483 I ACodec  : setDolbyParameterOnProcessedAudio() Received dolby_processed_audio=1
01-17 09:20:39.543   710 29482 I NuPlayerDecoder: setDolbyMessage() Notifying player that Codec supports dolby_processed_audio flag
01-17 09:20:39.543   710 29475 I NuPlayer: onDolbyMessageReceived() Setting dolby_processed_audio flag on audio sink
01-17 09:20:39.544   645   645 I DMSService: unregisterClient type = 0, uid = e7f0fb60
01-17 09:20:39.575   645   645 I DMSService: registerClient type = 4, uid = e7f0fb50
01-17 09:20:39.576   717  5320 D DDP_JOCDecoder: internalSetParameter() Instantiating ARenderer for content processing in decoder
01-17 09:20:39.576   717  5320 I DlbDap2QmfProcess: Dap2Process()
01-17 09:20:39.576   717  5320 I ARenderer: ARenderer
01-17 09:20:39.576   717  5320 I evo_parser: evo_parser_init
01-17 09:20:39.576   717  5320 I DlbDap2QmfProcess: init()
01-17 09:20:39.576   717  5320 I DlbDap2QmfProcess: open()
01-17 09:20:39.576   717  5320 I DlbDap2QmfProcess: loadLicense() no license check!
01-17 09:20:39.576   717  5320 I DlbDap2QmfProcess: validateLicense() no license check!
01-17 09:20:39.576   717  5320 I DlbDap2QmfProcess: init() DAP opened
01-17 09:20:39.577   717  5320 I DlbDap2QmfProcess: DAP library version: 2.5.1-P2.0
01-17 09:20:39.577   717  5320 D DlbDap2QmfProcess: DAP output mode set to 1 with 2 output channels and null mix matrix.
01-17 09:20:39.577   710 29483 I ACodec  : setDolbyParameterOnProcessedAudio() Content processing enabled in decoder
01-17 09:20:39.577 29450 29450 D featureTest: receive broadcast , change ds profile id :5
01-17 09:20:39.584   627  3512 D DlbDlbEffect: handle_EFFECT_CMD_SET_PARAM()
01-17 09:20:39.585   717 29486 I DDP_JOCDecoder: -> start
01-17 09:20:39.585   717 29486 D DDP_JOCDecoder: Setting Max Output Channels to 2
01-17 09:20:39.586   717 29486 D DDP_JOCDecoder: setMultiChannelPCMOutDownmix mConfig->jocForceDownmixMode 1
01-17 09:20:39.586   717 29486 I udc_user: 
01-17 09:20:39.586   717 29486 I udc_user: *** DDPlus Unified Decoder Simulation  Version 1.7.3 ***
01-17 09:20:39.586   717 29486 I udc_user: 
01-17 09:20:39.586   717 29486 I udc_user: 7.1-channel decoder-converter, 
01-17 09:20:39.586   717 29486 I udc_user: 
01-17 09:20:39.586   717 29486 I udc_user: 5.1-channel dual-decoder-converter, 
01-17 09:20:39.586   717 29486 I udc_user: Karaoke unsupported, 
01-17 09:20:39.586   717 29486 I udc_user: TPNP supported. 
01-17 09:20:39.586   717 29486 I udc_user: 
01-17 09:20:39.586   717 29486 I udc_user: Unpublished work.  Copyright 2003-2014 Dolby Laboratories, Inc. and
01-17 09:20:39.586   717 29486 I udc_user: Dolby Laboratories Licensing Corporation.  All Rights Reserved.
01-17 09:20:39.586   717 29486 I udc_user: 
01-17 09:20:39.586   717 29486 I udc_user: USE OF THIS SOFTWARE IS SUBJECT TO A LEGAL AGREEMENT BETWEEN YOU AND DOLBY
01-17 09:20:39.586   717 29486 I udc_user: LABORATORIES. DO NOT USE THIS SOFTWARE UNLESS YOU AGREE TO THE TERMS AND 
01-17 09:20:39.586   717 29486 I udc_user: CONDITIONS IN THE AGREEMENT.  BY USING THIS SOFTWARE, YOU ACKNOWLEDGE THAT 
01-17 09:20:39.586   717 29486 I udc_user: YOU HAVE READ THE AGREEMENT AND THAT YOU AGREE TO BE BOUND BY ITS TERMS. 
01-17 09:20:39.586   717 29486 I udc_user: 
01-17 09:20:39.587   717 29486 I ddpdec_client_joc: ddpdec_open JOCD_MODE Buffer assignment
01-17 09:20:39.587   717 29486 D DDP_JOCDecoder: mStarted = 1
01-17 09:20:39.587   717 29486 I DDP_JOCDecoder: <- start
01-17 09:20:39.587   717 29486 D ddpdec_client_joc: ddpdec_client.c|int configDecoder()
01-17 09:20:39.588   717 29486 D DDP_JOCDecoder: Setting Max Output Channels to 2
01-17 09:20:39.589   717 29486 I DlbDap2QmfProcess: close()
01-17 09:20:39.589   717 29486 I DlbDap2QmfProcess: init()
01-17 09:20:39.590   717 29486 I DlbDap2QmfProcess: open()
01-17 09:20:39.590   717 29486 I DlbDap2QmfProcess: loadLicense() no license check!
01-17 09:20:39.590   717 29486 I DlbDap2QmfProcess: validateLicense() no license check!
01-17 09:20:39.590   717 29486 I DlbDap2QmfProcess: init() DAP opened
01-17 09:20:39.590   717 29486 I DlbDap2QmfProcess: DAP library version: 2.5.1-P2.0
01-17 09:20:39.590   717 29486 D DlbDap2QmfProcess: DAP output mode set to 1 with 2 output channels and null mix matrix.
01-17 09:20:39.590   717 29486 D ARenderer: checkAndUpdateConfig: DAP reinitialized because of sample rate change
01-17 09:20:39.590   717 29486 D ARenderer: updateDapConfig: Updating DAP configuration
01-17 09:20:39.590   717 29486 D DlbDap2QmfProcess: setParam(iea = #1[10])
01-17 09:20:39.590   717 29486 D DlbDap2QmfProcess: setParam(msce = #1[0])
01-17 09:20:39.590   717 29486 D DlbDap2QmfProcess: setParam(mdee = #1[0])
01-17 09:20:39.590   717 29486 D DlbDap2QmfProcess: setParam(miee = #1[0])
01-17 09:20:39.590   717 29486 D DlbDap2QmfProcess: setParam(mdle = #1[0])
01-17 09:20:39.590   717 29486 D DlbDap2QmfProcess: setParam(dvle = #1[1])
01-17 09:20:39.590   717 29486 D DlbDap2QmfProcess: setParam(mave = #1[0])
01-17 09:20:39.590   717 29486 D DlbDap2QmfProcess: setParam(vcbf = #20[47, 141, 234, 328, 469, 656, 844, 1031, 1313, 1688, 2250, 3000, 3750, 4688, 5813, 7125, 9000, 11250, 13875, 19688])
01-17 09:20:39.590   717 29486 D DlbDap2QmfProcess: setParam(ieon = #1[0])
01-17 09:20:39.590   717 29486 D DlbDap2QmfProcess: setParam(gebs = #41[20, 47, 141, 234, 328, 469, 656, 844, 1031, 1313, 1688, 2250, 3000, 3750, 4688, 5813, 7125, 9000, 11250, 13875, 19688, 0, 0, 0, 0, 0, 0, 0, 0, 0, 0, 0, 0, 0, 0, 0, 0, 0, 0, 0, 0])
01-17 09:20:39.590   717 29486 D DlbDap2QmfProcess: setParam(iebs = #41[20, 65, 136, 223, 332, 467, 634, 841, 1098, 1416, 1812, 2302, 2909, 3663, 4598, 5756, 7194, 8976, 11186, 13927, 17326, 117, 133, 188, 176, 141, 149, 175, 185, 185, 200, 236, 242, 228, 213, 182, 132, 110, 68, -27, -240])
01-17 09:20:39.590   717 29486 D DlbDap2QmfProcess: setParam(dea = #1[7])
01-17 09:20:39.590   717 29486 D DlbDap2QmfProcess: setParam(dsa = #1[10])
01-17 09:20:39.591   717 29486 D DlbDap2QmfProcess: setParam(beb = #1[192])
01-17 09:20:39.591   717 29486 D DlbDap2QmfProcess: setParam(plb = #1[0])
01-17 09:20:39.591   717 29486 D DlbDap2QmfProcess: setParam(vmb = #1[144])
01-17 09:20:39.591   717 29486 D DlbDap2QmfProcess: setParam(dsb = #1[48])
01-17 09:20:39.591   717 29486 D DlbDap2QmfProcess: setParam(ded = #1[0])
01-17 09:20:39.591   717 29486 D DlbDap2QmfProcess: setParam(dom = #1[0])
01-17 09:20:39.591   717 29486 D DlbDap2QmfProcess: setParam(bew = #1[16])
01-17 09:20:39.591   717 29486 D DlbDap2QmfProcess: setParam(dvla = #1[5])
01-17 09:20:39.591   717 29486 D DlbDap2QmfProcess: setParam(dfsa = #1[10])
01-17 09:20:39.591   717 29486 D DlbDap2QmfProcess: setParam(dhsa = #1[10])
01-17 09:20:39.591   717 29486 D DlbDap2QmfProcess: setParam(dvmc = #1[0])
01-17 09:20:39.591   717 29486 D DlbDap2QmfProcess: setParam(dvle = #1[1])
01-17 09:20:39.591   717 29486 D DlbDap2QmfProcess: setParam(dvme = #1[0])
01-17 09:20:39.591   717 29486 D DlbDap2QmfProcess: setParam(becf = #1[200])
01-17 09:20:39.591   717 29486 D DlbDap2QmfProcess: setParam(vbmf = #2[94, 469])
01-17 09:20:39.591   717 29486 D DlbDap2QmfProcess: setParam(vbsf = #2[35, 160])
01-17 09:20:39.591   717 29486 D DlbDap2QmfProcess: setParam(vbhg = #3[-32, -144, -192])
01-17 09:20:39.591   717 29486 D DlbDap2QmfProcess: setParam(vbog = #1[0])
01-17 09:20:39.591   717 29486 D DlbDap2QmfProcess: setParam(vbsg = #1[0])
01-17 09:20:39.591   717 29486 D DlbDap2QmfProcess: setParam(dvli = #1[-320])
01-17 09:20:39.591   717 29486 D DlbDap2QmfProcess: setParam(dhfm = #1[2])
01-17 09:20:39.591   717 29486 D DlbDap2QmfProcess: setParam(deon = #1[0])
01-17 09:20:39.591   717 29486 D DlbDap2QmfProcess: setParam(ngon = #1[1])
01-17 09:20:39.591   717 29486 D DlbDap2QmfProcess: setParam(dvlo = #1[-320])
01-17 09:20:39.591   717 29486 D DlbDap2QmfProcess: setParam(aobs = #222[20, 10, 47, 141, 234, 328, 469, 656, 844, 1031, 1313, 1688, 2250, 3000, 3750, 4688, 5813, 7125, 9000, 11250, 13875, 19688, 0, 0, 0, 0, 0, 0, 0, 0, 0, 0, 0, 0, 0, 0, 0, 0, 0, 0, 0, 0, 0, 0, 0, 0, 0, 0, 0, 0, 0, 0, 0, 0, 0, 0, 0, 0, 0, 0, 0, 0, 0, 0, 0, 0, 0, 0, 0, 0, 0, 0, 0, 0, 0, 0, 0, 0, 0, 0, 0, 0, 0, 0, 0, 0, 0, 0, 0, 0, 0, 0, 0, 0, 0, 0, 0, 0, 0, 0, 0, 0, 0, 0, 0, 0, 0, 0, 0, 0, 0, 0, 0, 0, 0, 0, 0, 0, 0, 0, 0, 0, 0, 0, 0, 0, 0, 0, 0, 0, 0, 0, 0, 0, 0, 0, 0, 0, 0, 0, 0, 0, 0, 0, 0, 0, 0, 0, 0, 0, 0, 0, 0, 0, 0, 0, 0, 0, 0, 0, 0, 0, 0, 0, 0, 0, 0, 0, 0, 0, 0, 0, 0, 0, 0, 0, 0, 0, 0, 0, 0, 0, 0, 0, 0, 0, 0, 0, 0, 0, 0, 0, 0, 0, 0, 0, 0, 0, 0, 0, 0, 0, 0, 0, 0, 0, 0, 0, 0, 0, 0, 0, 0, 0, 0, 0, 0, 0, 0, 0, 0, 0])
01-17 09:20:39.591   717 29486 D DlbDap2QmfProcess: setParam(dvle = #1[1])
01-17 09:20:39.591   717 29486 D DlbDap2QmfProcess: setParam(dvli = #1[-496])
01-17 09:20:39.591   717 29486 D DlbDap2QmfProcess: setParam(dvlo = #1[-176])
01-17 09:20:39.591   717 29486 D ARenderer: updateDapVolumeLeveler: Setting output level to -11.00dB
01-17 09:20:39.592   717 29486 D DlbDap2QmfProcess: setParam(vmb = #1[0])
01-17 09:20:39.592   717 29486 D DlbDap2QmfProcess: setParam(preg = #1[-384])
01-17 09:20:39.592   717 29486 D DlbDap2QmfProcess: setParam(vol = #1[384])
01-17 09:20:39.592   717 29486 D DlbDap2QmfProcess: processQmf() called [0] times
01-17 09:20:39.592   717 29486 D DlbDap2QmfProcess: setMave(mave = 0)
01-17 09:20:39.602   710 29481 D AudioTrack: Client defaulted notificationFrames to 12000 for frameCount 24000
01-17 09:20:39.602   684  3973 I AudioFlinger: attachAuxEffect(): Marking track 714 as containing processed audio
01-17 09:20:39.602   684  3973 D AudioFlinger: trackContainsProcessedAudio() Track id 714 contains processed audio
01-17 09:20:39.608   684  3973 D AudioFlinger: trackStateChanged() Track id 714 state changed to 6
01-17 09:20:39.608   684  3973 I AudioFlinger: updateProcessedAudioState() Changing content processing in effect to 1
01-17 09:20:39.608   627  3512 D DlbDlbEffect: handle_EFFECT_CMD_SET_PARAM()
01-17 09:20:39.609   710 29475 D NuPlayerDriver: notifyListener_l(0xe6bcb460), (6, 0, 0, -1), loop setting(0, 1)
01-17 09:20:39.611   627  3892 I DlbEffectContext: setContentProcEnabled() Disabling content processing in effect
01-17 09:20:39.612   627  3892 D DlbDapEndpointParamCache: commitChangedParams()
01-17 09:20:39.612   627  3892 D DlbDapEndpointParamCache: commit() Applying parameters for device 0x40000000
01-17 09:20:39.612   627  3892 D DlbDap2Process: setParam(msce = #1[0])
01-17 09:20:39.612   627  3892 D DlbDap2Process: setParam(mdee = #1[0])
01-17 09:20:39.612   627  3892 D DlbDap2Process: setParam(miee = #1[0])
01-17 09:20:39.612   627  3892 D DlbDap2Process: setParam(mdle = #1[0])
01-17 09:20:39.612   627  3892 D DlbDap2Process: setParam(dvle = #1[0])
01-17 09:20:39.612   627  3892 D DlbDap2Process: setParam(mave = #1[0])
01-17 09:20:39.612   627  3892 D DlbDap2Process: setParam(ieon = #1[0])
01-17 09:20:39.612   627  3892 D DlbDapEndpointParamCache: doCommit() Committed 7 parameters out of 16.
01-17 09:20:39.612   627  3892 D DlbDapEndpointParamCache: commit() Overriding parameters for current device 0x00000002
01-17 09:20:39.612   627  3892 D DlbDap2Process: setParam(dom = #1[0])
01-17 09:20:39.612   627  3892 D DlbDap2Process: setParam(dvle = #1[0])
01-17 09:20:39.612   627  3892 D DlbDap2Process: setParam(dvme = #1[0])
01-17 09:20:39.612   627  3892 D DlbDap2Process: setParam(deon = #1[0])
01-17 09:20:39.612   627  3892 D DlbDap2Process: setParam(ngon = #1[0])
01-17 09:20:39.612   627  3892 D DlbDapEndpointParamCache: doCommit() Committed 5 parameters out of 37.
01-17 09:20:39.612   627  3892 D DlbDap2Process: setMave(mave = 0)
01-17 09:20:39.613   627  3892 D DlbDapCrossfadeProcess: process transitioning from FADE_TO_ACTIVE state to DAP_ACTIVE
01-17 09:20:39.628 29450 29450 D featureTest: receive broadcast , change bass enable :0
01-17 09:20:39.639   627   627 D DlbDlbEffect: handle_EFFECT_CMD_SET_PARAM()
01-17 09:20:39.685 29450 29450 D featureTest: receive broadcast , record log :0
01-17 09:20:39.754 29450 29450 D featureTest: receive broadcast , playing content location :/sdcard/featureTest/stereo_dd_25fps_channel_id.m4a
01-17 09:20:39.758   710   710 D NuPlayerDriver: stop(0xe6bcb460)
01-17 09:20:39.758   710   710 D NuPlayerDriver: notifyListener_l(0xe6bcb460), (8, 0, 0, -1), loop setting(0, 1)
01-17 09:20:39.759   710   710 D NuPlayerDriver: reset(0xe6bcb460) at state 8
01-17 09:20:39.764   717 20091 I DDP_JOCDecoder: -> ~DDPDecoder
01-17 09:20:39.764   717 20091 I DDP_JOCDecoder: -> stop
01-17 09:20:39.765   645   645 I DMSService: unregisterClient type = 4, uid = e7f0fb50
01-17 09:20:39.797   717 20091 I DDP_JOCDecoder: <- stop
01-17 09:20:39.798   717 20091 I ARenderer: ~ARenderer
01-17 09:20:39.798   717 20091 I evo_parser: evo_parser_close
01-17 09:20:39.798   717 20091 I DlbDap2QmfProcess: ~Dap2Process()
01-17 09:20:39.798   717 20091 I DlbDap2QmfProcess: close()
01-17 09:20:39.798   717 20091 I DDP_JOCDecoder: <- ~DDPDecoder
01-17 09:20:39.803   710 29475 D NuPlayerDriver: notifyResetComplete(0xe6bcb460)
01-17 09:20:39.804   710 28437 D NuPlayerDriver: reset(0xe6bcb460) at state 0
01-17 09:20:39.811 29450 29450 D featureTest: mMediaPlayer.getAudioSessionId(): 5321
01-17 09:20:39.811 29450 29450 D featureTest: Playing file: /sdcard/featureTest/stereo_dd_25fps_channel_id.m4a
01-17 09:20:39.812   710 28437 D NuPlayerDriver: NuPlayerDriver(0xe6bcb380) created, clientPid(29450)
01-17 09:20:39.815   627  3892 I DlbEffectContext: setContentProcEnabled() Enabling content processing in global effect
01-17 09:20:39.815   627  3892 D DlbDapEndpointParamCache: commitChangedParams()
01-17 09:20:39.815   627  3892 D DlbDapEndpointParamCache: commit() Applying parameters for device 0x40000000
01-17 09:20:39.815   627  3892 D DlbDap2Process: setParam(iea = #1[10])
01-17 09:20:39.815   627  3892 D DlbDap2Process: setParam(msce = #1[0])
01-17 09:20:39.815   627  3892 D DlbDap2Process: setParam(mdee = #1[0])
01-17 09:20:39.815   627  3892 D DlbDap2Process: setParam(miee = #1[0])
01-17 09:20:39.815   627  3892 D DlbDap2Process: setParam(mdle = #1[0])
01-17 09:20:39.815   627  3892 D DlbDap2Process: setParam(dvle = #1[1])
01-17 09:20:39.815   627  3892 D DlbDap2Process: setParam(mave = #1[0])
01-17 09:20:39.815   627  3892 D DlbDap2Process: setParam(vcbf = #20[47, 141, 234, 328, 469, 656, 844, 1031, 1313, 1688, 2250, 3000, 3750, 4688, 5813, 7125, 9000, 11250, 13875, 19688])
01-17 09:20:39.815   627  3892 D DlbDap2Process: setParam(vbon = #1[0])
01-17 09:20:39.815   627  3892 D DlbDap2Process: setParam(beon = #1[0])
01-17 09:20:39.815   627  3892 D DlbDap2Process: setParam(geon = #1[0])
01-17 09:20:39.815   627  3892 D DlbDap2Process: setParam(ieon = #1[0])
01-17 09:20:39.815   627  3892 D DlbDap2Process: setParam(gebs = #41[20, 47, 141, 234, 328, 469, 656, 844, 1031, 1313, 1688, 2250, 3000, 3750, 4688, 5813, 7125, 9000, 11250, 13875, 19688, 0, 0, 0, 0, 0, 0, 0, 0, 0, 0, 0, 0, 0, 0, 0, 0, 0, 0, 0, 0])
01-17 09:20:39.815   627  3892 D DlbDap2Process: setParam(iebs = #41[20, 65, 136, 223, 332, 467, 634, 841, 1098, 1416, 1812, 2302, 2909, 3663, 4598, 5756, 7194, 8976, 11186, 13927, 17326, 117, 133, 188, 176, 141, 149, 175, 185, 185, 200, 236, 242, 228, 213, 182, 132, 110, 68, -27, -240])
01-17 09:20:39.815   627  3892 D DlbDapEndpointParamCache: doCommit() Committed 15 parameters out of 16.
01-17 09:20:39.815   627  3892 D DlbDapEndpointParamCache: commit() Overriding parameters for current device 0x00000002
01-17 09:20:39.815   627  3892 D DlbDap2Process: setParam(dea = #1[7])
01-17 09:20:39.816   627  3892 D DlbDap2Process: setParam(dsa = #1[10])
01-17 09:20:39.816   627  3892 D DlbDap2Process: setParam(beb = #1[192])
01-17 09:20:39.816   627  3892 D DlbDap2Process: setParam(plb = #1[0])
01-17 09:20:39.816   627  3892 D DlbDap2Process: setParam(vmb = #1[144])
01-17 09:20:39.816   627  3892 D DlbDap2Process: setParam(dsb = #1[48])
01-17 09:20:39.816   627  3892 D DlbDap2Process: setParam(ded = #1[0])
01-17 09:20:39.816   627  3892 D DlbDap2Process: setParam(vbm = #1[3])
01-17 09:20:39.816   627  3892 D DlbDap2Process: setParam(dom = #1[0])
01-17 09:20:39.816   627  3892 D DlbDap2Process: setParam(bew = #1[16])
01-17 09:20:39.816   627  3892 D DlbDap2Process: setParam(dvla = #1[5])
01-17 09:20:39.816   627  3892 D DlbDap2Process: setParam(arra = #1[96])
01-17 09:20:39.816   627  3892 D DlbDap2Process: setParam(dfsa = #1[10])
01-17 09:20:39.816   627  3892 D DlbDap2Process: setParam(dhsa = #1[10])
01-17 09:20:39.816   627  3892 D DlbDap2Process: setParam(dvmc = #1[0])
01-17 09:20:39.816   627  3892 D DlbDap2Process: setParam(arod = #1[0])
01-17 09:20:39.816   627  3892 D DlbDap2Process: setParam(arde = #1[1])
01-17 09:20:39.816   627  3892 D DlbDap2Process: setParam(dvle = #1[1])
01-17 09:20:39.816   627  3892 D DlbDap2Process: setParam(dvme = #1[0])
01-17 09:20:39.816   627  3892 D DlbDap2Process: setParam(becf = #1[200])
01-17 09:20:39.816   627  3892 D DlbDap2Process: setParam(vbmf = #2[94, 469])
01-17 09:20:39.816   627  3892 D DlbDap2Process: setParam(vbsf = #2[35, 160])
01-17 09:20:39.816   627  3892 D DlbDap2Process: setParam(vbhg = #3[-32, -144, -192])
01-17 09:20:39.816   627  3892 D DlbDap2Process: setParam(vbog = #1[0])
01-17 09:20:39.816   627  3892 D DlbDap2Process: setParam(vbsg = #1[0])
01-17 09:20:39.816   627  3892 D DlbDap2Process: setParam(dvli = #1[-320])
01-17 09:20:39.816   627  3892 D DlbDap2Process: setParam(dhfm = #1[2])
01-17 09:20:39.816   627  3892 D DlbDap2Process: setParam(vbon = #1[0])
01-17 09:20:39.816   627  3892 D DlbDap2Process: setParam(beon = #1[0])
01-17 09:20:39.816   627  3892 D DlbDap2Process: setParam(deon = #1[0])
01-17 09:20:39.816   627  3892 D DlbDap2Process: setParam(ngon = #1[1])
01-17 09:20:39.816   627  3892 D DlbDap2Process: setParam(aoon = #1[1])
01-17 09:20:39.816   627  3892 D DlbDap2Process: setParam(aron = #1[1])
01-17 09:20:39.816   627  3892 D DlbDap2Process: setParam(dvlo = #1[-320])
01-17 09:20:39.816   627  3892 D DlbDap2Process: setParam(artp = #1[12])
01-17 09:20:39.816   627  3892 D DlbDap2Process: setParam(aobs = #222[20, 10, 47, 141, 234, 328, 469, 656, 844, 1031, 1313, 1688, 2250, 3000, 3750, 4688, 5813, 7125, 9000, 11250, 13875, 19688, 0, 0, 0, 0, 0, 0, 0, 0, 0, 0, 0, 0, 0, 0, 0, 0, 0, 0, 0, 0, 0, 0, 0, 0, 0, 0, 0, 0, 0, 0, 0, 0, 0, 0, 0, 0, 0, 0, 0, 0, 0, 0, 0, 0, 0, 0, 0, 0, 0, 0, 0, 0, 0, 0, 0, 0, 0, 0, 0, 0, 0, 0, 0, 0, 0, 0, 0, 0, 0, 0, 0, 0, 0, 0, 0, 0, 0, 0, 0, 0, 0, 0, 0, 0, 0, 0, 0, 0, 0, 0, 0, 0, 0, 0, 0, 0, 0, 0, 0, 0, 0, 0, 0, 0, 0, 0, 0, 0, 0, 0, 0, 0, 0, 0, 0, 0, 0, 0, 0, 0, 0, 0, 0, 0, 0, 0, 0, 0, 0, 0, 0, 0, 0, 0, 0, 0, 0, 0, 0, 0, 0, 0, 0, 0, 0, 0, 0, 0, 0, 0, 0, 0, 0, 0, 0, 0, 0, 0, 0, 0, 0, 0, 0, 0, 0, 0, 0, 0, 0, 0, 0, 0, 0, 0, 0, 0, 0, 0, 0, 0, 0, 0, 0, 0, 0, 0, 0, 0, 0, 0, 0, 0, 0, 0, 0, 0, 0, 0, 0, 0])
01-17 09:20:39.817   627  3892 D DlbDap2Process: setParam(arbs = #81[20, 47, 141, 234, 328, 469, 656, 844, 1031, 1313, 1688, 2250, 3000, 3750, 4688, 5813, 7125, 9000, 11250, 13875, 19688, -192, -192, -192, -192, -192, -192, -192, -192, -192, -192, -192, -192, -192, -192, -192, -192, -192, -192, -192, -192, 0, 0, 0, 0, 0, 0, 0, 0, 0, 0, 0, 0, 0, 0, 0, 0, 0, 0, 0, 0, 0, 0, 0, 0, 0, 0, 0, 0, 0, 0, 0, 0, 0, 0, 0, 0, 0, 0, 0, 0])
01-17 09:20:39.817   627  3892 D DlbDapEndpointParamCache: doCommit() Committed 37 parameters out of 37.
01-17 09:20:39.817   627  3892 D DlbDap2Process: setMave(mave = 0)
01-17 09:20:39.833   710 29510 D NuPlayerDriver: notifyListener_l(0xe6bcb380), (1, 0, 0, -1), loop setting(0, 0)
01-17 09:20:39.836   710 28437 D NuPlayerDriver: start(0xe6bcb380), state is 4, eos is 0
01-17 09:20:39.842 29450 29450 D featureTest: receive broadcast , change ds status :1
01-17 09:20:39.843   684  1056 D AudioFlinger: trackStateChanged() Track id 714 state changed to 2
01-17 09:20:39.843   684  1056 I AudioFlinger: updateProcessedAudioState() Changing content processing in effect to 0
01-17 09:20:39.843   627   627 D DlbDlbEffect: handle_EFFECT_CMD_SET_PARAM()
01-17 09:20:39.847   717 20091 I OMXMaster: makeComponentInstance(OMX.dolby.ac3.decoder) in omx@1.0-service process
01-17 09:20:39.853   627   627 D DlbDlbEffect: handle_EFFECT_CMD_SET_PARAM()
01-17 09:20:39.854   684  1056 D AudioFlinger: trackDestroyed() Track id 714 no longer contains processed audio
01-17 09:20:39.858   684   928 W AudioFlinger::EffectModule: EffectModule 0xee09e500 destructor called with unreleased interface
01-17 09:20:39.858   684   928 W AudioFlinger::EffectHandle: disconnect Effect handle 0xee531e40 disconnected after thread destruction
01-17 09:20:39.877   717 20091 I DDP_JOCDecoder: -> init name OMX.dolby.ac3.decoder
01-17 09:20:39.879   645   645 I DMSService: registerClient type = 0, uid = e7f0fad0
01-17 09:20:39.879   717 20091 I DDP_JOCDecoder: <- init
01-17 09:20:39.879   717 20091 D DDP_JOCDecoder: initPorts
01-17 09:20:39.882   710 29516 I ACodec  : codec does not support config priority (err -2147483648)
01-17 09:20:39.882   710 29516 I MediaCodec: MediaCodec will operate in async mode
01-17 09:20:39.882   710 29515 I NuPlayerDecoder: setDolbyMessage() Notifying player that Codec supports dolby_processed_audio flag
01-17 09:20:39.882   710 29516 I ACodec  : setDolbyParameterOnProcessedAudio() Received dolby_processed_audio=1
01-17 09:20:39.882   710 29510 I NuPlayer: onDolbyMessageReceived() Setting dolby_processed_audio flag on audio sink
01-17 09:20:39.883   645   645 I DMSService: unregisterClient type = 0, uid = e7f0fad0
01-17 09:20:39.898 29450 29450 D featureTest: receive broadcast , change ds profile id :5
01-17 09:20:39.914   645   645 I DMSService: registerClient type = 4, uid = e7f0fac0
01-17 09:20:39.914   717  1650 D DDP_JOCDecoder: internalSetParameter() Instantiating ARenderer for content processing in decoder
01-17 09:20:39.914   717  1650 I DlbDap2QmfProcess: Dap2Process()
01-17 09:20:39.914   717  1650 I ARenderer: ARenderer
01-17 09:20:39.914   717  1650 I evo_parser: evo_parser_init
01-17 09:20:39.914   717  1650 I DlbDap2QmfProcess: init()
01-17 09:20:39.914   717  1650 I DlbDap2QmfProcess: open()
01-17 09:20:39.915   717  1650 I DlbDap2QmfProcess: loadLicense() no license check!
01-17 09:20:39.915   717  1650 I DlbDap2QmfProcess: validateLicense() no license check!
01-17 09:20:39.915   717  1650 I DlbDap2QmfProcess: init() DAP opened
01-17 09:20:39.915   717  1650 I DlbDap2QmfProcess: DAP library version: 2.5.1-P2.0
01-17 09:20:39.915   717  1650 D DlbDap2QmfProcess: DAP output mode set to 1 with 2 output channels and null mix matrix.
01-17 09:20:39.915   710 29516 I ACodec  : setDolbyParameterOnProcessedAudio() Content processing enabled in decoder
01-17 09:20:39.916   627   627 D DlbDlbEffect: handle_EFFECT_CMD_SET_PARAM()
01-17 09:20:39.924   717 29519 I DDP_JOCDecoder: -> start
01-17 09:20:39.925   717 29519 D DDP_JOCDecoder: Setting Max Output Channels to 2
01-17 09:20:39.925   717 29519 D DDP_JOCDecoder: setMultiChannelPCMOutDownmix mConfig->jocForceDownmixMode 1
01-17 09:20:39.925   717 29519 I udc_user: 
01-17 09:20:39.925   717 29519 I udc_user: *** DDPlus Unified Decoder Simulation  Version 1.7.3 ***
01-17 09:20:39.925   717 29519 I udc_user: 
01-17 09:20:39.925   717 29519 I udc_user: 7.1-channel decoder-converter, 
01-17 09:20:39.925   717 29519 I udc_user: 
01-17 09:20:39.925   717 29519 I udc_user: 5.1-channel dual-decoder-converter, 
01-17 09:20:39.925   717 29519 I udc_user: Karaoke unsupported, 
01-17 09:20:39.925   717 29519 I udc_user: TPNP supported. 
01-17 09:20:39.925   717 29519 I udc_user: 
01-17 09:20:39.925   717 29519 I udc_user: Unpublished work.  Copyright 2003-2014 Dolby Laboratories, Inc. and
01-17 09:20:39.925   717 29519 I udc_user: Dolby Laboratories Licensing Corporation.  All Rights Reserved.
01-17 09:20:39.925   717 29519 I udc_user: 
01-17 09:20:39.925   717 29519 I udc_user: USE OF THIS SOFTWARE IS SUBJECT TO A LEGAL AGREEMENT BETWEEN YOU AND DOLBY
01-17 09:20:39.925   717 29519 I udc_user: LABORATORIES. DO NOT USE THIS SOFTWARE UNLESS YOU AGREE TO THE TERMS AND 
01-17 09:20:39.925   717 29519 I udc_user: CONDITIONS IN THE AGREEMENT.  BY USING THIS SOFTWARE, YOU ACKNOWLEDGE THAT 
01-17 09:20:39.925   717 29519 I udc_user: YOU HAVE READ THE AGREEMENT AND THAT YOU AGREE TO BE BOUND BY ITS TERMS. 
01-17 09:20:39.925   717 29519 I udc_user: 
01-17 09:20:39.926   717 29519 I ddpdec_client_joc: ddpdec_open JOCD_MODE Buffer assignment
01-17 09:20:39.926   717 29519 D DDP_JOCDecoder: mStarted = 1
01-17 09:20:39.926   717 29519 I DDP_JOCDecoder: <- start
01-17 09:20:39.927   627  3892 I DlbEffectContext: setContentProcEnabled() Disabling content processing in effect
01-17 09:20:39.927   627  3892 D DlbDapEndpointParamCache: commitChangedParams()
01-17 09:20:39.927   627  3892 D DlbDapEndpointParamCache: commit() Applying parameters for device 0x40000000
01-17 09:20:39.927   627  3892 D DlbDap2Process: setParam(msce = #1[0])
01-17 09:20:39.927   627  3892 D DlbDap2Process: setParam(mdee = #1[0])
01-17 09:20:39.927   627  3892 D DlbDap2Process: setParam(miee = #1[0])
01-17 09:20:39.927   627  3892 D DlbDap2Process: setParam(mdle = #1[0])
01-17 09:20:39.927   627  3892 D DlbDap2Process: setParam(dvle = #1[0])
01-17 09:20:39.927   627  3892 D DlbDap2Process: setParam(mave = #1[0])
01-17 09:20:39.927   627  3892 D DlbDap2Process: setParam(ieon = #1[0])
01-17 09:20:39.927   627  3892 D DlbDapEndpointParamCache: doCommit() Committed 7 parameters out of 16.
01-17 09:20:39.928   627  3892 D DlbDapEndpointParamCache: commit() Overriding parameters for current device 0x00000002
01-17 09:20:39.928   627  3892 D DlbDap2Process: setParam(dom = #1[0])
01-17 09:20:39.928   627  3892 D DlbDap2Process: setParam(dvle = #1[0])
01-17 09:20:39.928   627  3892 D DlbDap2Process: setParam(dvme = #1[0])
01-17 09:20:39.928   627  3892 D DlbDap2Process: setParam(deon = #1[0])
01-17 09:20:39.928   627  3892 D DlbDap2Process: setParam(ngon = #1[0])
01-17 09:20:39.928   627  3892 D DlbDapEndpointParamCache: doCommit() Committed 5 parameters out of 37.
01-17 09:20:39.928   627  3892 D DlbDap2Process: setMave(mave = 0)
01-17 09:20:39.929   717 29519 D ddpdec_client_joc: ddpdec_client.c|int configDecoder()
01-17 09:20:39.929   717 29519 D DDP_JOCDecoder: Setting Max Output Channels to 2
01-17 09:20:39.930   717 29519 I DlbDap2QmfProcess: close()
01-17 09:20:39.930   717 29519 I DlbDap2QmfProcess: init()
01-17 09:20:39.930   717 29519 I DlbDap2QmfProcess: open()
01-17 09:20:39.931   717 29519 I DlbDap2QmfProcess: loadLicense() no license check!
01-17 09:20:39.931   717 29519 I DlbDap2QmfProcess: validateLicense() no license check!
01-17 09:20:39.931   717 29519 I DlbDap2QmfProcess: init() DAP opened
01-17 09:20:39.931   717 29519 I DlbDap2QmfProcess: DAP library version: 2.5.1-P2.0
01-17 09:20:39.931   717 29519 D DlbDap2QmfProcess: DAP output mode set to 1 with 2 output channels and null mix matrix.
01-17 09:20:39.931   717 29519 D ARenderer: checkAndUpdateConfig: DAP reinitialized because of sample rate change
01-17 09:20:39.931   717 29519 D ARenderer: updateDapConfig: Updating DAP configuration
01-17 09:20:39.931   717 29519 D DlbDap2QmfProcess: setParam(iea = #1[10])
01-17 09:20:39.931   717 29519 D DlbDap2QmfProcess: setParam(msce = #1[0])
01-17 09:20:39.931   717 29519 D DlbDap2QmfProcess: setParam(mdee = #1[0])
01-17 09:20:39.931   717 29519 D DlbDap2QmfProcess: setParam(miee = #1[0])
01-17 09:20:39.931   717 29519 D DlbDap2QmfProcess: setParam(mdle = #1[0])
01-17 09:20:39.931   717 29519 D DlbDap2QmfProcess: setParam(dvle = #1[1])
01-17 09:20:39.931   717 29519 D DlbDap2QmfProcess: setParam(mave = #1[0])
01-17 09:20:39.931   717 29519 D DlbDap2QmfProcess: setParam(vcbf = #20[47, 141, 234, 328, 469, 656, 844, 1031, 1313, 1688, 2250, 3000, 3750, 4688, 5813, 7125, 9000, 11250, 13875, 19688])
01-17 09:20:39.931   717 29519 D DlbDap2QmfProcess: setParam(ieon = #1[0])
01-17 09:20:39.931   717 29519 D DlbDap2QmfProcess: setParam(gebs = #41[20, 47, 141, 234, 328, 469, 656, 844, 1031, 1313, 1688, 2250, 3000, 3750, 4688, 5813, 7125, 9000, 11250, 13875, 19688, 0, 0, 0, 0, 0, 0, 0, 0, 0, 0, 0, 0, 0, 0, 0, 0, 0, 0, 0, 0])
01-17 09:20:39.931   717 29519 D DlbDap2QmfProcess: setParam(iebs = #41[20, 65, 136, 223, 332, 467, 634, 841, 1098, 1416, 1812, 2302, 2909, 3663, 4598, 5756, 7194, 8976, 11186, 13927, 17326, 117, 133, 188, 176, 141, 149, 175, 185, 185, 200, 236, 242, 228, 213, 182, 132, 110, 68, -27, -240])
01-17 09:20:39.931   717 29519 D DlbDap2QmfProcess: setParam(dea = #1[7])
01-17 09:20:39.931   717 29519 D DlbDap2QmfProcess: setParam(dsa = #1[10])
01-17 09:20:39.931   717 29519 D DlbDap2QmfProcess: setParam(beb = #1[192])
01-17 09:20:39.931   717 29519 D DlbDap2QmfProcess: setParam(plb = #1[0])
01-17 09:20:39.932   717 29519 D DlbDap2QmfProcess: setParam(vmb = #1[144])
01-17 09:20:39.932   717 29519 D DlbDap2QmfProcess: setParam(dsb = #1[48])
01-17 09:20:39.932   717 29519 D DlbDap2QmfProcess: setParam(ded = #1[0])
01-17 09:20:39.932   717 29519 D DlbDap2QmfProcess: setParam(dom = #1[0])
01-17 09:20:39.932   717 29519 D DlbDap2QmfProcess: setParam(bew = #1[16])
01-17 09:20:39.932   717 29519 D DlbDap2QmfProcess: setParam(dvla = #1[5])
01-17 09:20:39.932   717 29519 D DlbDap2QmfProcess: setParam(dfsa = #1[10])
01-17 09:20:39.932   717 29519 D DlbDap2QmfProcess: setParam(dhsa = #1[10])
01-17 09:20:39.932   717 29519 D DlbDap2QmfProcess: setParam(dvmc = #1[0])
01-17 09:20:39.932   717 29519 D DlbDap2QmfProcess: setParam(dvle = #1[1])
01-17 09:20:39.932   717 29519 D DlbDap2QmfProcess: setParam(dvme = #1[0])
01-17 09:20:39.932   717 29519 D DlbDap2QmfProcess: setParam(becf = #1[200])
01-17 09:20:39.932   717 29519 D DlbDap2QmfProcess: setParam(vbmf = #2[94, 469])
01-17 09:20:39.932   717 29519 D DlbDap2QmfProcess: setParam(vbsf = #2[35, 160])
01-17 09:20:39.932   717 29519 D DlbDap2QmfProcess: setParam(vbhg = #3[-32, -144, -192])
01-17 09:20:39.932   717 29519 D DlbDap2QmfProcess: setParam(vbog = #1[0])
01-17 09:20:39.932   717 29519 D DlbDap2QmfProcess: setParam(vbsg = #1[0])
01-17 09:20:39.932   717 29519 D DlbDap2QmfProcess: setParam(dvli = #1[-320])
01-17 09:20:39.932   717 29519 D DlbDap2QmfProcess: setParam(dhfm = #1[2])
01-17 09:20:39.932   717 29519 D DlbDap2QmfProcess: setParam(deon = #1[0])
01-17 09:20:39.932   717 29519 D DlbDap2QmfProcess: setParam(ngon = #1[1])
01-17 09:20:39.932   717 29519 D DlbDap2QmfProcess: setParam(dvlo = #1[-320])
01-17 09:20:39.932   717 29519 D DlbDap2QmfProcess: setParam(aobs = #222[20, 10, 47, 141, 234, 328, 469, 656, 844, 1031, 1313, 1688, 2250, 3000, 3750, 4688, 5813, 7125, 9000, 11250, 13875, 19688, 0, 0, 0, 0, 0, 0, 0, 0, 0, 0, 0, 0, 0, 0, 0, 0, 0, 0, 0, 0, 0, 0, 0, 0, 0, 0, 0, 0, 0, 0, 0, 0, 0, 0, 0, 0, 0, 0, 0, 0, 0, 0, 0, 0, 0, 0, 0, 0, 0, 0, 0, 0, 0, 0, 0, 0, 0, 0, 0, 0, 0, 0, 0, 0, 0, 0, 0, 0, 0, 0, 0, 0, 0, 0, 0, 0, 0, 0, 0, 0, 0, 0, 0, 0, 0, 0, 0, 0, 0, 0, 0, 0, 0, 0, 0, 0, 0, 0, 0, 0, 0, 0, 0, 0, 0, 0, 0, 0, 0, 0, 0, 0, 0, 0, 0, 0, 0, 0, 0, 0, 0, 0, 0, 0, 0, 0, 0, 0, 0, 0, 0, 0, 0, 0, 0, 0, 0, 0, 0, 0, 0, 0, 0, 0, 0, 0, 0, 0, 0, 0, 0, 0, 0, 0, 0, 0, 0, 0, 0, 0, 0, 0, 0, 0, 0, 0, 0, 0, 0, 0, 0, 0, 0, 0, 0, 0, 0, 0, 0, 0, 0, 0, 0, 0, 0, 0, 0, 0, 0, 0, 0, 0, 0, 0, 0, 0, 0, 0, 0, 0])
01-17 09:20:39.932   717 29519 D DlbDap2QmfProcess: setParam(dvle = #1[1])
01-17 09:20:39.932   717 29519 D DlbDap2QmfProcess: setParam(dvli = #1[-496])
01-17 09:20:39.932   717 29519 D DlbDap2QmfProcess: setParam(dvlo = #1[-176])
01-17 09:20:39.932   717 29519 D ARenderer: updateDapVolumeLeveler: Setting output level to -11.00dB
01-17 09:20:39.932   717 29519 D DlbDap2QmfProcess: setParam(vmb = #1[0])
01-17 09:20:39.932   717 29519 D DlbDap2QmfProcess: setParam(preg = #1[-384])
01-17 09:20:39.933   717 29519 D DlbDap2QmfProcess: setParam(vol = #1[384])
01-17 09:20:39.933   717 29519 D DlbDap2QmfProcess: processQmf() called [0] times
01-17 09:20:39.933   717 29519 D DlbDap2QmfProcess: setMave(mave = 0)
01-17 09:20:39.943   710 29514 D AudioTrack: Client defaulted notificationFrames to 12000 for frameCount 24000
01-17 09:20:39.944   684  3974 I AudioFlinger: attachAuxEffect(): Marking track 715 as containing processed audio
01-17 09:20:39.945   684  3974 D AudioFlinger: trackContainsProcessedAudio() Track id 715 contains processed audio
01-17 09:20:39.949   684  3974 D AudioFlinger: trackStateChanged() Track id 715 state changed to 6
01-17 09:20:39.949   684  3974 I AudioFlinger: updateProcessedAudioState() Changing content processing in effect to 1
01-17 09:20:39.949   627   627 D DlbDlbEffect: handle_EFFECT_CMD_SET_PARAM()
01-17 09:20:39.950   710 29510 D NuPlayerDriver: notifyListener_l(0xe6bcb380), (6, 0, 0, -1), loop setting(0, 1)
01-17 09:20:39.960 29450 29450 D featureTest: receive broadcast , change bass enable :1
01-17 09:20:39.972   627   627 D DlbDlbEffect: handle_EFFECT_CMD_SET_PARAM()
01-17 09:20:39.975   717 29519 D ARenderer: updateDapConfig: Updating DAP configuration
01-17 09:20:39.975   717 29519 D DlbDap2QmfProcess: setParam(iea = #1[10])
01-17 09:20:39.975   717 29519 D DlbDap2QmfProcess: setParam(msce = #1[0])
01-17 09:20:39.975   717 29519 D DlbDap2QmfProcess: setParam(mdee = #1[0])
01-17 09:20:39.975   717 29519 D DlbDap2QmfProcess: setParam(miee = #1[0])
01-17 09:20:39.975   717 29519 D DlbDap2QmfProcess: setParam(mdle = #1[0])
01-17 09:20:39.975   717 29519 D DlbDap2QmfProcess: setParam(dvle = #1[1])
01-17 09:20:39.975   717 29519 D DlbDap2QmfProcess: setParam(mave = #1[0])
01-17 09:20:39.975   717 29519 D DlbDap2QmfProcess: setParam(vcbf = #20[47, 141, 234, 328, 469, 656, 844, 1031, 1313, 1688, 2250, 3000, 3750, 4688, 5813, 7125, 9000, 11250, 13875, 19688])
01-17 09:20:39.975   717 29519 D DlbDap2QmfProcess: setParam(ieon = #1[0])
01-17 09:20:39.975   717 29519 D DlbDap2QmfProcess: setParam(gebs = #41[20, 47, 141, 234, 328, 469, 656, 844, 1031, 1313, 1688, 2250, 3000, 3750, 4688, 5813, 7125, 9000, 11250, 13875, 19688, 0, 0, 0, 0, 0, 0, 0, 0, 0, 0, 0, 0, 0, 0, 0, 0, 0, 0, 0, 0])
01-17 09:20:39.975   717 29519 D DlbDap2QmfProcess: setParam(iebs = #41[20, 65, 136, 223, 332, 467, 634, 841, 1098, 1416, 1812, 2302, 2909, 3663, 4598, 5756, 7194, 8976, 11186, 13927, 17326, 117, 133, 188, 176, 141, 149, 175, 185, 185, 200, 236, 242, 228, 213, 182, 132, 110, 68, -27, -240])
01-17 09:20:39.975   717 29519 D DlbDap2QmfProcess: setParam(dea = #1[7])
01-17 09:20:39.975   717 29519 D DlbDap2QmfProcess: setParam(dsa = #1[10])
01-17 09:20:39.975   717 29519 D DlbDap2QmfProcess: setParam(beb = #1[192])
01-17 09:20:39.975   717 29519 D DlbDap2QmfProcess: setParam(plb = #1[0])
01-17 09:20:39.975   717 29519 D DlbDap2QmfProcess: setParam(vmb = #1[144])
01-17 09:20:39.976   717 29519 D DlbDap2QmfProcess: setParam(dsb = #1[48])
01-17 09:20:39.976   717 29519 D DlbDap2QmfProcess: setParam(ded = #1[0])
01-17 09:20:39.976   717 29519 D DlbDap2QmfProcess: setParam(dom = #1[0])
01-17 09:20:39.976   717 29519 D DlbDap2QmfProcess: setParam(bew = #1[16])
01-17 09:20:39.976   717 29519 D DlbDap2QmfProcess: setParam(dvla = #1[5])
01-17 09:20:39.976   717 29519 D DlbDap2QmfProcess: setParam(dfsa = #1[10])
01-17 09:20:39.976   717 29519 D DlbDap2QmfProcess: setParam(dhsa = #1[10])
01-17 09:20:39.976   717 29519 D DlbDap2QmfProcess: setParam(dvmc = #1[0])
01-17 09:20:39.976   717 29519 D DlbDap2QmfProcess: setParam(dvle = #1[1])
01-17 09:20:39.976   717 29519 D DlbDap2QmfProcess: setParam(dvme = #1[0])
01-17 09:20:39.976   717 29519 D DlbDap2QmfProcess: setParam(becf = #1[200])
01-17 09:20:39.976   717 29519 D DlbDap2QmfProcess: setParam(vbmf = #2[94, 469])
01-17 09:20:39.976   717 29519 D DlbDap2QmfProcess: setParam(vbsf = #2[35, 160])
01-17 09:20:39.976   717 29519 D DlbDap2QmfProcess: setParam(vbhg = #3[-32, -144, -192])
01-17 09:20:39.976   717 29519 D DlbDap2QmfProcess: setParam(vbog = #1[0])
01-17 09:20:39.976   717 29519 D DlbDap2QmfProcess: setParam(vbsg = #1[0])
01-17 09:20:39.976   717 29519 D DlbDap2QmfProcess: setParam(dvli = #1[-320])
01-17 09:20:39.976   717 29519 D DlbDap2QmfProcess: setParam(dhfm = #1[2])
01-17 09:20:39.976   717 29519 D DlbDap2QmfProcess: setParam(deon = #1[0])
01-17 09:20:39.976   717 29519 D DlbDap2QmfProcess: setParam(ngon = #1[1])
01-17 09:20:39.976   717 29519 D DlbDap2QmfProcess: setParam(dvlo = #1[-320])
01-17 09:20:39.976   717 29519 D DlbDap2QmfProcess: setParam(aobs = #222[20, 10, 47, 141, 234, 328, 469, 656, 844, 1031, 1313, 1688, 2250, 3000, 3750, 4688, 5813, 7125, 9000, 11250, 13875, 19688, 0, 0, 0, 0, 0, 0, 0, 0, 0, 0, 0, 0, 0, 0, 0, 0, 0, 0, 0, 0, 0, 0, 0, 0, 0, 0, 0, 0, 0, 0, 0, 0, 0, 0, 0, 0, 0, 0, 0, 0, 0, 0, 0, 0, 0, 0, 0, 0, 0, 0, 0, 0, 0, 0, 0, 0, 0, 0, 0, 0, 0, 0, 0, 0, 0, 0, 0, 0, 0, 0, 0, 0, 0, 0, 0, 0, 0, 0, 0, 0, 0, 0, 0, 0, 0, 0, 0, 0, 0, 0, 0, 0, 0, 0, 0, 0, 0, 0, 0, 0, 0, 0, 0, 0, 0, 0, 0, 0, 0, 0, 0, 0, 0, 0, 0, 0, 0, 0, 0, 0, 0, 0, 0, 0, 0, 0, 0, 0, 0, 0, 0, 0, 0, 0, 0, 0, 0, 0, 0, 0, 0, 0, 0, 0, 0, 0, 0, 0, 0, 0, 0, 0, 0, 0, 0, 0, 0, 0, 0, 0, 0, 0, 0, 0, 0, 0, 0, 0, 0, 0, 0, 0, 0, 0, 0, 0, 0, 0, 0, 0, 0, 0, 0, 0, 0, 0, 0, 0, 0, 0, 0, 0, 0, 0, 0, 0, 0, 0, 0, 0])
01-17 09:20:39.976   717 29519 D DlbDap2QmfProcess: setParam(dvle = #1[1])
01-17 09:20:39.976   717 29519 D DlbDap2QmfProcess: setParam(dvli = #1[-496])
01-17 09:20:39.976   717 29519 D DlbDap2QmfProcess: setParam(dvlo = #1[-176])
01-17 09:20:39.977   717 29519 D ARenderer: updateDapVolumeLeveler: Setting output level to -11.00dB
01-17 09:20:39.977   717 29519 D DlbDap2QmfProcess: setParam(vmb = #1[0])
01-17 09:20:39.977   717 29519 D DlbDap2QmfProcess: setParam(preg = #1[-384])
01-17 09:20:39.977   717 29519 D DlbDap2QmfProcess: setParam(vol = #1[384])
01-17 09:20:39.977   717 29519 D DlbDap2QmfProcess: setMave(mave = 0)
01-17 09:20:39.978   710 29514 W AudioTrack: getTimestamp() location moved from kernel to server
01-17 09:20:39.986   627  3892 D DlbDapCrossfadeProcess: setEnabled transitioning from DAP_ACTIVE state to FADE_TO_BYPASS
01-17 09:20:39.986   627  3892 D DlbDapEndpointParamCache: commitChangedParams()
01-17 09:20:39.986   627  3892 D DlbDapEndpointParamCache: commit() Applying parameters for device 0x40000000
01-17 09:20:39.986   627  3892 D DlbDap2Process: setParam(iea = #1[10])
01-17 09:20:39.986   627  3892 D DlbDap2Process: setParam(vcbf = #20[47, 141, 234, 328, 469, 656, 844, 1031, 1313, 1688, 2250, 3000, 3750, 4688, 5813, 7125, 9000, 11250, 13875, 19688])
01-17 09:20:39.986   627  3892 D DlbDap2Process: setParam(vbon = #1[1])
01-17 09:20:39.986   627  3892 D DlbDap2Process: setParam(beon = #1[1])
01-17 09:20:39.986   627  3892 D DlbDap2Process: setParam(geon = #1[0])
01-17 09:20:39.986   627  3892 D DlbDap2Process: setParam(gebs = #41[20, 47, 141, 234, 328, 469, 656, 844, 1031, 1313, 1688, 2250, 3000, 3750, 4688, 5813, 7125, 9000, 11250, 13875, 19688, 0, 0, 0, 0, 0, 0, 0, 0, 0, 0, 0, 0, 0, 0, 0, 0, 0, 0, 0, 0])
01-17 09:20:39.986   627  3892 D DlbDap2Process: setParam(iebs = #41[20, 65, 136, 223, 332, 467, 634, 841, 1098, 1416, 1812, 2302, 2909, 3663, 4598, 5756, 7194, 8976, 11186, 13927, 17326, 117, 133, 188, 176, 141, 149, 175, 185, 185, 200, 236, 242, 228, 213, 182, 132, 110, 68, -27, -240])
01-17 09:20:39.986   627  3892 D DlbDapEndpointParamCache: doCommit() Committed 8 parameters out of 16.
01-17 09:20:39.986   627  3892 D DlbDapEndpointParamCache: commit() Overriding parameters for current device 0x00000002
01-17 09:20:39.986   627  3892 D DlbDap2Process: setParam(dea = #1[7])
01-17 09:20:39.986   627  3892 D DlbDap2Process: setParam(dsa = #1[10])
01-17 09:20:39.986   627  3892 D DlbDap2Process: setParam(beb = #1[192])
01-17 09:20:39.986   627  3892 D DlbDap2Process: setParam(plb = #1[0])
01-17 09:20:39.987   627  3892 D DlbDap2Process: setParam(vmb = #1[144])
01-17 09:20:39.987   627  3892 D DlbDap2Process: setParam(dsb = #1[48])
01-17 09:20:39.987   627  3892 D DlbDap2Process: setParam(ded = #1[0])
01-17 09:20:39.987   627  3892 D DlbDap2Process: setParam(vbm = #1[3])
01-17 09:20:39.987   627  3892 D DlbDap2Process: setParam(bew = #1[16])
01-17 09:20:39.987   627  3892 D DlbDap2Process: setParam(dvla = #1[5])
01-17 09:20:39.987   627  3892 D DlbDap2Process: setParam(arra = #1[96])
01-17 09:20:39.987   627  3892 D DlbDap2Process: setParam(dfsa = #1[10])
01-17 09:20:39.987   627  3892 D DlbDap2Process: setParam(dhsa = #1[10])
01-17 09:20:39.987   627  3892 D DlbDap2Process: setParam(dvmc = #1[0])
01-17 09:20:39.987   627  3892 D DlbDap2Process: setParam(arod = #1[0])
01-17 09:20:39.987   627  3892 D DlbDap2Process: setParam(arde = #1[1])
01-17 09:20:39.987   627  3892 D DlbDap2Process: setParam(becf = #1[200])
01-17 09:20:39.987   627  3892 D DlbDap2Process: setParam(vbmf = #2[94, 469])
01-17 09:20:39.987   627  3892 D DlbDap2Process: setParam(vbsf = #2[35, 160])
01-17 09:20:39.987   627  3892 D DlbDap2Process: setParam(vbhg = #3[-32, -144, -192])
01-17 09:20:39.987   627  3892 D DlbDap2Process: setParam(vbog = #1[0])
01-17 09:20:39.987   627  3892 D DlbDap2Process: setParam(vbsg = #1[0])
01-17 09:20:39.987   627  3892 D DlbDap2Process: setParam(dvli = #1[-320])
01-17 09:20:39.987   627  3892 D DlbDap2Process: setParam(dhfm = #1[2])
01-17 09:20:39.987   627  3892 D DlbDap2Process: setParam(vbon = #1[1])
01-17 09:20:39.987   627  3892 D DlbDap2Process: setParam(beon = #1[1])
01-17 09:20:39.987   627  3892 D DlbDap2Process: setParam(aoon = #1[1])
01-17 09:20:39.987   627  3892 D DlbDap2Process: setParam(aron = #1[1])
01-17 09:20:39.987   627  3892 D DlbDap2Process: setParam(dvlo = #1[-320])
01-17 09:20:39.987   627  3892 D DlbDap2Process: setParam(artp = #1[12])
01-17 09:20:39.987   627  3892 D DlbDap2Process: setParam(aobs = #222[20, 10, 47, 141, 234, 328, 469, 656, 844, 1031, 1313, 1688, 2250, 3000, 3750, 4688, 5813, 7125, 9000, 11250, 13875, 19688, 0, 0, 0, 0, 0, 0, 0, 0, 0, 0, 0, 0, 0, 0, 0, 0, 0, 0, 0, 0, 0, 0, 0, 0, 0, 0, 0, 0, 0, 0, 0, 0, 0, 0, 0, 0, 0, 0, 0, 0, 0, 0, 0, 0, 0, 0, 0, 0, 0, 0, 0, 0, 0, 0, 0, 0, 0, 0, 0, 0, 0, 0, 0, 0, 0, 0, 0, 0, 0, 0, 0, 0, 0, 0, 0, 0, 0, 0, 0, 0, 0, 0, 0, 0, 0, 0, 0, 0, 0, 0, 0, 0, 0, 0, 0, 0, 0, 0, 0, 0, 0, 0, 0, 0, 0, 0, 0, 0, 0, 0, 0, 0, 0, 0, 0, 0, 0, 0, 0, 0, 0, 0, 0, 0, 0, 0, 0, 0, 0, 0, 0, 0, 0, 0, 0, 0, 0, 0, 0, 0, 0, 0, 0, 0, 0, 0, 0, 0, 0, 0, 0, 0, 0, 0, 0, 0, 0, 0, 0, 0, 0, 0, 0, 0, 0, 0, 0, 0, 0, 0, 0, 0, 0, 0, 0, 0, 0, 0, 0, 0, 0, 0, 0, 0, 0, 0, 0, 0, 0, 0, 0, 0, 0, 0, 0, 0, 0, 0, 0, 0])
01-17 09:20:39.988   627  3892 D DlbDap2Process: setParam(arbs = #81[20, 47, 141, 234, 328, 469, 656, 844, 1031, 1313, 1688, 2250, 3000, 3750, 4688, 5813, 7125, 9000, 11250, 13875, 19688, -192, -192, -192, -192, -192, -192, -192, -192, -192, -192, -192, -192, -192, -192, -192, -192, -192, -192, -192, -192, 0, 0, 0, 0, 0, 0, 0, 0, 0, 0, 0, 0, 0, 0, 0, 0, 0, 0, 0, 0, 0, 0, 0, 0, 0, 0, 0, 0, 0, 0, 0, 0, 0, 0, 0, 0, 0, 0, 0, 0])
01-17 09:20:39.988   627  3892 D DlbDapEndpointParamCache: doCommit() Committed 32 parameters out of 37.
01-17 09:20:40.020 29450 29450 D featureTest: receive broadcast , record log :0
01-17 09:20:40.070   627  3892 D DlbDapCrossfadeProcess: process transitioning from FADE_TO_BYPASS state to DAP_BYPASSED
01-17 09:20:40.089   627  3892 I DlbDapCrossfadeProcess: reset()
01-17 09:20:40.089   627  3892 I DlbDap2Process: close()
01-17 09:20:40.090   627  3892 I DlbDap2Process: init()
01-17 09:20:40.090   627  3892 I DlbDap2Process: open()
01-17 09:20:40.090   627  3892 I DlbDap2Process: loadLicense() no license check!
01-17 09:20:40.091   627  3892 I DlbDap2Process: validateLicense() no license check!
01-17 09:20:40.091   627  3892 I DlbDap2Process: init() DAP opened
01-17 09:20:40.091   627  3892 I DlbDap2Process: DAP library version: 2.5.1-P2.0
01-17 09:20:40.091   627  3892 D DlbDap2Process: DAP output mode set to 1 with 2 output channels and null mix matrix.
01-17 09:20:40.091   627  3892 D DlbDapEndpointParamCache: commitAllParams()
01-17 09:20:40.091   627  3892 D DlbDapEndpointParamCache: commit() Applying parameters for device 0x40000000
01-17 09:20:40.092   627  3892 D DlbDap2Process: setParam(iea = #1[10])
01-17 09:20:40.092   627  3892 D DlbDap2Process: setParam(msce = #1[0])
01-17 09:20:40.092   627  3892 D DlbDap2Process: setParam(mdee = #1[0])
01-17 09:20:40.092   627  3892 D DlbDap2Process: setParam(miee = #1[0])
01-17 09:20:40.092   627  3892 D DlbDap2Process: setParam(mdle = #1[0])
01-17 09:20:40.092   627  3892 D DlbDap2Process: setParam(dvle = #1[0])
01-17 09:20:40.092   627  3892 D DlbDap2Process: setParam(mave = #1[0])
01-17 09:20:40.093   627  3892 D DlbDap2Process: setParam(vcbf = #20[47, 141, 234, 328, 469, 656, 844, 1031, 1313, 1688, 2250, 3000, 3750, 4688, 5813, 7125, 9000, 11250, 13875, 19688])
01-17 09:20:40.093   627  3892 D DlbDap2Process: setParam(preg = #1[-666])
01-17 09:20:40.093   627  3892 D DlbDap2Process: setParam(vbon = #1[1])
01-17 09:20:40.093   627  3892 D DlbDap2Process: setParam(beon = #1[1])
01-17 09:20:40.093   627  3892 D DlbDap2Process: setParam(geon = #1[0])
01-17 09:20:40.093   627  3892 D DlbDap2Process: setParam(ieon = #1[0])
01-17 09:20:40.093   627  3892 D DlbDap2Process: setParam(gebs = #41[20, 47, 141, 234, 328, 469, 656, 844, 1031, 1313, 1688, 2250, 3000, 3750, 4688, 5813, 7125, 9000, 11250, 13875, 19688, 0, 0, 0, 0, 0, 0, 0, 0, 0, 0, 0, 0, 0, 0, 0, 0, 0, 0, 0, 0])
01-17 09:20:40.093   627  3892 D DlbDap2Process: setParam(iebs = #41[20, 65, 136, 223, 332, 467, 634, 841, 1098, 1416, 1812, 2302, 2909, 3663, 4598, 5756, 7194, 8976, 11186, 13927, 17326, 117, 133, 188, 176, 141, 149, 175, 185, 185, 200, 236, 242, 228, 213, 182, 132, 110, 68, -27, -240])
01-17 09:20:40.093   627  3892 D DlbDapEndpointParamCache: doCommit() Committed 16 parameters out of 16.
01-17 09:20:40.093   627  3892 D DlbDapEndpointParamCache: commit() Overriding parameters for current device 0x00000002
01-17 09:20:40.094   627  3892 D DlbDap2Process: setParam(dea = #1[7])
01-17 09:20:40.094   627  3892 D DlbDap2Process: setParam(dsa = #1[10])
01-17 09:20:40.094   627  3892 D DlbDap2Process: setParam(beb = #1[192])
01-17 09:20:40.094   627  3892 D DlbDap2Process: setParam(plb = #1[0])
01-17 09:20:40.094   627  3892 D DlbDap2Process: setParam(vmb = #1[144])
01-17 09:20:40.094   627  3892 D DlbDap2Process: setParam(dsb = #1[48])
01-17 09:20:40.094   627  3892 D DlbDap2Process: setParam(ded = #1[0])
01-17 09:20:40.094   627  3892 D DlbDap2Process: setParam(vbm = #1[3])
01-17 09:20:40.094   627  3892 D DlbDap2Process: setParam(dom = #1[0])
01-17 09:20:40.094   627  3892 D DlbDap2Process: setParam(bew = #1[16])
01-17 09:20:40.094   627  3892 D DlbDap2Process: setParam(dvla = #1[5])
01-17 09:20:40.094   627  3892 D DlbDap2Process: setParam(arra = #1[96])
01-17 09:20:40.094   627  3892 D DlbDap2Process: setParam(dfsa = #1[10])
01-17 09:20:40.094   627  3892 D DlbDap2Process: setParam(dhsa = #1[10])
