--------- beginning of system
01-17 09:20:48.603   945  7365 I ActivityManager: Force stopping com.dolby.qa.featuretest appid=10073 user=0: from pid 29547
01-17 09:20:48.603   945  7365 I ActivityManager: Killing 29450:com.dolby.qa.featuretest/u0a73 (adj 0): stop com.dolby.qa.featuretest
01-17 09:20:48.605   945  7365 W ActivityManager: Force removing ActivityRecord{6731507 u0 com.dolby.qa.featuretest/.MainActivity t251}: app died, no saved state
01-17 09:20:48.612   945  7365 I WindowManager: Failed to capture screenshot of Token{9d24634 ActivityRecord{6731507 u0 com.dolby.qa.featuretest/.MainActivity t251 f}} appWin=Window{8a4010b u0 com.dolby.qa.featuretest/com.dolby.qa.featuretest.MainActivity} drawState=4
--------- beginning of main
01-17 09:20:48.622   710 28437 D NuPlayerDriver: reset(0xe6bcb380) at state 5
01-17 09:20:48.622   710 28437 D NuPlayerDriver: notifyListener_l(0xe6bcb380), (8, 0, 0, -1), loop setting(0, 1)
01-17 09:20:48.624   684   931 D AudioFlinger: trackStateChanged() Track id 715 state changed to 6
01-17 09:20:48.631   945  1323 I WindowManager: WIN DEATH: Window{6989851 u0 Toast}
01-17 09:20:48.632   717  1650 I DDP_JOCDecoder: -> ~DDPDecoder
01-17 09:20:48.632   717  1650 I DDP_JOCDecoder: -> stop
01-17 09:20:48.632   645   645 I DMSService: unregisterClient type = 4, uid = e7f0fac0
01-17 09:20:48.653  1499  1499 D CarrierSvcBindHelper: No carrier app for: 0
01-17 09:20:48.658  2010  2010 D RegisteredNfcFServicesCache: Service unchanged, not updating
01-17 09:20:48.659   645   645 D DatabaseHelper: failed to prepare SQL : INSERT INTO profiles VALUES(15
01-17 09:20:48.659   645   645 D DatabaseHelper: ,'custom','user2','user2','off','off')
01-17 09:20:48.659   645   645 D DatabaseHelper: failed to prepare SQL : INSERT INTO profile_endpoints VALUES(57
01-17 09:20:48.659   645   645 D DatabaseHelper: ,'custom','user2','speaker')
01-17 09:20:48.659   645   645 D DatabaseHelper: failed to prepare SQL : INSERT INTO profile_endpoints VALUES(57
01-17 09:20:48.659   645   645 D DatabaseHelper: ,'custom','user2','headphone')
01-17 09:20:48.659   645   645 D DatabaseHelper: failed to prepare SQL : INSERT INTO profile_endpoints VALUES(57
01-17 09:20:48.659   645   645 D DatabaseHelper: ,'custom','user2','passthrough')
01-17 09:20:48.659   645   645 D DatabaseHelper: failed to prepare SQL : INSERT INTO profile_endpoints VALUES(57
01-17 09:20:48.659   645   645 D DatabaseHelper: ,'custom','user2','other')
01-17 09:20:48.659   645   645 D DatabaseHelper: failed to prepare SQL : INSERT INTO profile_ports VALUES(85
01-17 09:20:48.659   645   645 D DatabaseHelper: ,'custom','user2','internal_speaker')
01-17 09:20:48.659   645   645 D DatabaseHelper: failed to prepare SQL : INSERT INTO profile_ports VALUES(85
01-17 09:20:48.659   645   645 D DatabaseHelper: ,'custom','user2','hdmi')
01-17 09:20:48.659   645   645 D DatabaseHelper: failed to prepare SQL : INSERT INTO profile_ports VALUES(85
01-17 09:20:48.659   645   645 D DatabaseHelper: ,'custom','user2','miracast')
01-17 09:20:48.660   645   645 D DatabaseHelper: failed to prepare SQL : INSERT INTO profile_ports VALUES(85
01-17 09:20:48.660   645   645 D DatabaseHelper: ,'custom','user2','headphone_port')
01-17 09:20:48.660   645   645 D DatabaseHelper: failed to prepare SQL : INSERT INTO profile_ports VALUES(85
01-17 09:20:48.660   645   645 D DatabaseHelper: ,'custom','user2','bluetooth')
01-17 09:20:48.660   645   645 D DatabaseHelper: failed to prepare SQL : INSERT INTO profile_ports VALUES(85
01-17 09:20:48.660   645   645 D DatabaseHelper: ,'custom','user2','usb')
01-17 09:20:48.660   645   645 D DatabaseHelper: failed to prepare SQL : INSERT INTO geq_presets VALUES(57
01-17 09:20:48.660   645   645 D DatabaseHelper: ,'custom','off','user2')
01-17 09:20:48.660   645   645 D DatabaseHelper: failed to prepare SQL : INSERT INTO geq_presets VALUES(57
01-17 09:20:48.660   645   645 D DatabaseHelper: ,'custom','open','user2')
01-17 09:20:48.660   645   645 D DatabaseHelper: failed to prepare SQL : INSERT INTO geq_presets VALUES(57
01-17 09:20:48.660   645   645 D DatabaseHelper: ,'custom','rich','user2')
01-17 09:20:48.660   645   645 D DatabaseHelper: failed to prepare SQL : INSERT INTO geq_presets VALUES(57
01-17 09:20:48.660   645   645 D DatabaseHelper: ,'custom','focused','user2')
01-17 09:20:48.671   717  1650 I DDP_JOCDecoder: <- stop
01-17 09:20:48.672   717  1650 I ARenderer: ~ARenderer
01-17 09:20:48.672   717  1650 I evo_parser: evo_parser_close
01-17 09:20:48.672   717  1650 I DlbDap2QmfProcess: ~Dap2Process()
01-17 09:20:48.672   717  1650 I DlbDap2QmfProcess: close()
01-17 09:20:48.672   717  1650 I DDP_JOCDecoder: <- ~DDPDecoder
01-17 09:20:48.675   627  3892 I DlbEffectContext: setContentProcEnabled() Enabling content processing in global effect
01-17 09:20:48.675   627  3892 D DlbDapEndpointParamCache: commitChangedParams()
01-17 09:20:48.675   627  3892 D DlbDapEndpointParamCache: commit() Applying parameters for device 0x40000000
01-17 09:20:48.675   627  3892 D DlbDap2Process: setParam(iea = #1[10])
01-17 09:20:48.675   627  3892 D DlbDap2Process: setParam(msce = #1[0])
01-17 09:20:48.675   627  3892 D DlbDap2Process: setParam(mdee = #1[0])
01-17 09:20:48.675   627  3892 D DlbDap2Process: setParam(miee = #1[0])
01-17 09:20:48.675   627  3892 D DlbDap2Process: setParam(mdle = #1[0])
01-17 09:20:48.675   627  3892 D DlbDap2Process: setParam(dvle = #1[1])
01-17 09:20:48.675   627  3892 D DlbDap2Process: setParam(mave = #1[0])
01-17 09:20:48.675   627  3892 D DlbDap2Process: setParam(vcbf = #20[47, 141, 234, 328, 469, 656, 844, 1031, 1313, 1688, 2250, 3000, 3750, 4688, 5813, 7125, 9000, 11250, 13875, 19688])
01-17 09:20:48.675   627  3892 D DlbDap2Process: setParam(vbon = #1[0])
01-17 09:20:48.675   627  3892 D DlbDap2Process: setParam(beon = #1[0])
01-17 09:20:48.675   627  3892 D DlbDap2Process: setParam(geon = #1[0])
01-17 09:20:48.676   627  3892 D DlbDap2Process: setParam(ieon = #1[0])
01-17 09:20:48.676   627  3892 D DlbDap2Process: setParam(gebs = #41[20, 47, 141, 234, 328, 469, 656, 844, 1031, 1313, 1688, 2250, 3000, 3750, 4688, 5813, 7125, 9000, 11250, 13875, 19688, 0, 0, 0, 0, 0, 0, 0, 0, 0, 0, 0, 0, 0, 0, 0, 0, 0, 0, 0, 0])
01-17 09:20:48.676   627  3892 D DlbDap2Process: setParam(iebs = #41[20, 65, 136, 223, 332, 467, 634, 841, 1098, 1416, 1812, 2302, 2909, 3663, 4598, 5756, 7194, 8976, 11186, 13927, 17326, 117, 133, 188, 176, 141, 149, 175, 185, 185, 200, 236, 242, 228, 213, 182, 132, 110, 68, -27, -240])
01-17 09:20:48.676   627  3892 D DlbDapEndpointParamCache: doCommit() Committed 15 parameters out of 16.
01-17 09:20:48.676   627  3892 D DlbDapEndpointParamCache: commit() Overriding parameters for current device 0x00000002
01-17 09:20:48.676   627  3892 D DlbDap2Process: setParam(dea = #1[7])
01-17 09:20:48.676   627  3892 D DlbDap2Process: setParam(dsa = #1[10])
01-17 09:20:48.676   627  3892 D DlbDap2Process: setParam(beb = #1[192])
01-17 09:20:48.676   627  3892 D DlbDap2Process: setParam(plb = #1[0])
01-17 09:20:48.676   627  3892 D DlbDap2Process: setParam(vmb = #1[144])
01-17 09:20:48.676   627  3892 D DlbDap2Process: setParam(dsb = #1[48])
01-17 09:20:48.676   627  3892 D DlbDap2Process: setParam(ded = #1[0])
01-17 09:20:48.676   627  3892 D DlbDap2Process: setParam(vbm = #1[3])
01-17 09:20:48.676   627  3892 D DlbDap2Process: setParam(dom = #1[0])
01-17 09:20:48.676   627  3892 D DlbDap2Process: setParam(bew = #1[16])
01-17 09:20:48.676   627  3892 D DlbDap2Process: setParam(dvla = #1[5])
01-17 09:20:48.676   627  3892 D DlbDap2Process: setParam(arra = #1[96])
01-17 09:20:48.676   627  3892 D DlbDap2Process: setParam(dfsa = #1[10])
01-17 09:20:48.676   627  3892 D DlbDap2Process: setParam(dhsa = #1[10])
01-17 09:20:48.676   627  3892 D DlbDap2Process: setParam(dvmc = #1[0])
01-17 09:20:48.676   627  3892 D DlbDap2Process: setParam(arod = #1[0])
01-17 09:20:48.676   627  3892 D DlbDap2Process: setParam(arde = #1[1])
01-17 09:20:48.676   627  3892 D DlbDap2Process: setParam(dvle = #1[1])
01-17 09:20:48.676   627  3892 D DlbDap2Process: setParam(dvme = #1[0])
01-17 09:20:48.676   627  3892 D DlbDap2Process: setParam(becf = #1[200])
01-17 09:20:48.676   627  3892 D DlbDap2Process: setParam(vbmf = #2[94, 469])
01-17 09:20:48.676   627  3892 D DlbDap2Process: setParam(vbsf = #2[35, 160])
01-17 09:20:48.676   627  3892 D DlbDap2Process: setParam(vbhg = #3[-32, -144, -192])
01-17 09:20:48.676   627  3892 D DlbDap2Process: setParam(vbog = #1[0])
01-17 09:20:48.676   627  3892 D DlbDap2Process: setParam(vbsg = #1[0])
01-17 09:20:48.677   627  3892 D DlbDap2Process: setParam(dvli = #1[-320])
01-17 09:20:48.677   627  3892 D DlbDap2Process: setParam(dhfm = #1[2])
01-17 09:20:48.677   627  3892 D DlbDap2Process: setParam(vbon = #1[0])
01-17 09:20:48.677   627  3892 D DlbDap2Process: setParam(beon = #1[0])
01-17 09:20:48.677   627  3892 D DlbDap2Process: setParam(deon = #1[0])
01-17 09:20:48.677   627  3892 D DlbDap2Process: setParam(ngon = #1[1])
01-17 09:20:48.677   627  3892 D DlbDap2Process: setParam(aoon = #1[1])
01-17 09:20:48.677   627  3892 D DlbDap2Process: setParam(aron = #1[1])
01-17 09:20:48.677   627  3892 D DlbDap2Process: setParam(dvlo = #1[-320])
01-17 09:20:48.677   627  3892 D DlbDap2Process: setParam(artp = #1[12])
01-17 09:20:48.677   710 29510 D NuPlayerDriver: notifyResetComplete(0xe6bcb380)
01-17 09:20:48.677   710 28437 D AudioTrack: stop() called with 0 frames delivered
01-17 09:20:48.677   627  3892 D DlbDap2Process: setParam(aobs = #222[20, 10, 47, 141, 234, 328, 469, 656, 844, 1031, 1313, 1688, 2250, 3000, 3750, 4688, 5813, 7125, 9000, 11250, 13875, 19688, 0, 0, 0, 0, 0, 0, 0, 0, 0, 0, 0, 0, 0, 0, 0, 0, 0, 0, 0, 0, 0, 0, 0, 0, 0, 0, 0, 0, 0, 0, 0, 0, 0, 0, 0, 0, 0, 0, 0, 0, 0, 0, 0, 0, 0, 0, 0, 0, 0, 0, 0, 0, 0, 0, 0, 0, 0, 0, 0, 0, 0, 0, 0, 0, 0, 0, 0, 0, 0, 0, 0, 0, 0, 0, 0, 0, 0, 0, 0, 0, 0, 0, 0, 0, 0, 0, 0, 0, 0, 0, 0, 0, 0, 0, 0, 0, 0, 0, 0, 0, 0, 0, 0, 0, 0, 0, 0, 0, 0, 0, 0, 0, 0, 0, 0, 0, 0, 0, 0, 0, 0, 0, 0, 0, 0, 0, 0, 0, 0, 0, 0, 0, 0, 0, 0, 0, 0, 0, 0, 0, 0, 0, 0, 0, 0, 0, 0, 0, 0, 0, 0, 0, 0, 0, 0, 0, 0, 0, 0, 0, 0, 0, 0, 0, 0, 0, 0, 0, 0, 0, 0, 0, 0, 0, 0, 0, 0, 0, 0, 0, 0, 0, 0, 0, 0, 0, 0, 0, 0, 0, 0, 0, 0, 0, 0, 0, 0, 0, 0, 0])
01-17 09:20:48.677   627  3892 D DlbDap2Process: setParam(arbs = #81[20, 47, 141, 234, 328, 469, 656, 844, 1031, 1313, 1688, 2250, 3000, 3750, 4688, 5813, 7125, 9000, 11250, 13875, 19688, -192, -192, -192, -192, -192, -192, -192, -192, -192, -192, -192, -192, -192, -192, -192, -192, -192, -192, -192, -192, 0, 0, 0, 0, 0, 0, 0, 0, 0, 0, 0, 0, 0, 0, 0, 0, 0, 0, 0, 0, 0, 0, 0, 0, 0, 0, 0, 0, 0, 0, 0, 0, 0, 0, 0, 0, 0, 0, 0, 0])
01-17 09:20:48.677   627  3892 D DlbDapEndpointParamCache: doCommit() Committed 37 parameters out of 37.
01-17 09:20:48.678   627  3892 D DlbDap2Process: setMave(mave = 0)
01-17 09:20:48.679   684  1056 D AudioFlinger: trackStateChanged() Track id 715 state changed to 2
01-17 09:20:48.679   684  1056 I AudioFlinger: updateProcessedAudioState() Changing content processing in effect to 0
01-17 09:20:48.679   627   627 D DlbDlbEffect: handle_EFFECT_CMD_SET_PARAM()
01-17 09:20:48.690   684  1056 D AudioFlinger: trackDestroyed() Track id 715 no longer contains processed audio
01-17 09:20:48.692   684   928 W AudioFlinger::EffectModule: EffectModule 0xed0e2c80 destructor called with unreleased interface
01-17 09:20:48.692   684   928 W AudioFlinger::EffectHandle: disconnect Effect handle 0xee163840 disconnected after thread destruction
01-17 09:20:48.695   945  1324 I ActivityManager: START u0 {flg=0x10000000 cmp=com.dolby.qa.featuretest/.MainActivity} from uid 2000
01-17 09:20:48.723   945  1323 I ActivityManager: Start proc 29554:com.dolby.qa.featuretest/u0a73 for activity com.dolby.qa.featuretest/.MainActivity
01-17 09:20:48.726 29554 29554 I zygote64: Late-enabling -Xcheck:jni
01-17 09:20:48.907 29554 29554 D featureTest: onCreate
01-17 09:20:48.912 29554 29554 D AudioTrack: Client defaulted notificationFrames to 962 for frameCount 1924
01-17 09:20:48.914 29554 29554 W AudioTrack: Use of stream types is deprecated for operations other than volume control
01-17 09:20:48.914 29554 29554 W AudioTrack: See the documentation of AudioTrack() for what to use instead with android.media.AudioAttributes to qualify your playback use case
01-17 09:20:48.921 29554 29554 W DolbyAudioEffect: WARNING: attaching a DolbyAudioEffect to global output mix is deprecated!
01-17 09:20:48.927 29554 29554 D featureTest: onResume
01-17 09:20:48.937 29554 29571 D OpenGLRenderer: HWUI GL Pipeline
01-17 09:20:48.979 29554 29571 I Adreno  : QUALCOMM build                   : 7142022, Ib5823dd10c
01-17 09:20:48.979 29554 29571 I Adreno  : Build Date                       : 06/23/17
01-17 09:20:48.979 29554 29571 I Adreno  : OpenGL ES Shader Compiler Version: EV031.18.00.00
01-17 09:20:48.979 29554 29571 I Adreno  : Local Branch                     : O11A
01-17 09:20:48.979 29554 29571 I Adreno  : Remote Branch                    : 
01-17 09:20:48.979 29554 29571 I Adreno  : Remote Branch                    : 
01-17 09:20:48.979 29554 29571 I Adreno  : Reconstruct Branch               : 
01-17 09:20:48.984 29554 29571 I Adreno  : PFP: 0x005ff087, ME: 0x005ff063
01-17 09:20:48.986 29554 29571 I OpenGLRenderer: Initialized EGL, version 1.4
01-17 09:20:48.986 29554 29571 D OpenGLRenderer: Swap behavior 2
01-17 09:20:49.034   945   998 I ActivityManager: Displayed com.dolby.qa.featuretest/.MainActivity: +316ms
01-17 09:20:49.155   945   998 W ActivityManager: setHasOverlayUi called on unknown pid: 29450
01-17 09:20:49.680   945   945 W NotificationService: Object died trying to hide notification android.app.ITransientNotification$Stub$Proxy@b54ca23 in package com.dolby.qa.featuretest
01-17 09:20:49.680   945   945 W WindowManager: removeWindowToken: Attempted to remove non-existing token: android.os.Binder@784c206
01-17 09:20:49.680   945   945 W ActivityManager: setProcessForeground called on unknown pid: 29450
01-17 09:20:49.681   945   945 W NotificationService: Object died trying to show notification android.app.ITransientNotification$Stub$Proxy@2c2eb20 in package com.dolby.qa.featuretest
01-17 09:20:49.681   945   945 W ActivityManager: setProcessForeground called on unknown pid: 29450
01-17 09:20:49.681   945   945 W NotificationService: Object died trying to show notification android.app.ITransientNotification$Stub$Proxy@b620cd9 in package com.dolby.qa.featuretest
01-17 09:20:49.681   945   945 W ActivityManager: setProcessForeground called on unknown pid: 29450
01-17 09:20:49.681   945   945 W NotificationService: Object died trying to show notification android.app.ITransientNotification$Stub$Proxy@17fc69e in package com.dolby.qa.featuretest
01-17 09:20:49.781 29554 29554 D featureTest: receive broadcast , playing content location :/sdcard/featureTest/stereo_dd_25fps_channel_id.m4a
01-17 09:20:49.791 29554 29554 D featureTest: mMediaPlayer.getAudioSessionId(): 5337
01-17 09:20:49.791 29554 29554 D featureTest: Playing file: /sdcard/featureTest/stereo_dd_25fps_channel_id.m4a
01-17 09:20:49.793   710 28437 D NuPlayerDriver: NuPlayerDriver(0xe6bcb380) created, clientPid(29554)
01-17 09:20:49.796 29581 29581 W generic : type=1400 audit(0.0:443): avc: denied { read } for path="/storage/emulated/0/featuretest/stereo_dd_25fps_channel_id.m4a" dev="sdcardfs" ino=1310783 scontext=u:r:mediaextractor:s0 tcontext=u:object_r:sdcardfs:s0 tclass=file permissive=0
01-17 09:20:49.797 29554 29554 W MediaPlayer: Use of stream types is deprecated for operations other than volume control
01-17 09:20:49.797 29554 29554 W MediaPlayer: See the documentation of setAudioStreamType() for what to use instead with android.media.AudioAttributes to qualify your playback use case
01-17 09:20:49.800   710 29581 D GenericSource: FileSource remote
01-17 09:20:49.800   710 29581 W GenericSource: extractor service cannot make data source
01-17 09:20:49.800   710 29581 D GenericSource: FileSource local
01-17 09:20:49.814   710 29579 D NuPlayerDriver: notifyListener_l(0xe6bcb380), (1, 0, 0, -1), loop setting(0, 0)
01-17 09:20:49.823   710   710 D NuPlayerDriver: start(0xe6bcb380), state is 4, eos is 0
01-17 09:20:49.823   710 29579 I GenericSource: start
01-17 09:20:49.829 29554 29554 W DolbyAudioEffect: WARNING: attaching a DolbyAudioEffect to global output mix is deprecated!
01-17 09:20:49.838   710 29586 I OMXClient: Treble IOmx obtained
01-17 09:20:49.839   717 20091 I OMXMaster: makeComponentInstance(OMX.dolby.ac3.decoder) in omx@1.0-service process
01-17 09:20:49.865 29554 29554 D featureTest: receive broadcast , change ds status :1
01-17 09:20:49.873   717 20091 I DDP_JOCDecoder: -> init name OMX.dolby.ac3.decoder
01-17 09:20:49.875   645   645 I DMSService: registerClient type = 0, uid = e7f0fb30
01-17 09:20:49.875   645   645 V DolbyMemoryService: registerClient() client 0x710ec74380, uid -403637456
01-17 09:20:49.875   717 20091 I DDP_JOCDecoder: <- init
01-17 09:20:49.875   717 20091 D DDP_JOCDecoder: initPorts
01-17 09:20:49.877   717 21044 E OMXNodeInstance: setConfig(0xe83a2fc0:dolby.ac3.decoder, ConfigPriority(0x6f800002)) ERROR: Undefined(0x80001001)
01-17 09:20:49.877   710 29586 I ACodec  : codec does not support config priority (err -2147483648)
01-17 09:20:49.878   717 20091 E OMXNodeInstance: getConfig(0xe83a2fc0:dolby.ac3.decoder, ConfigAndroidVendorExtension(0x6f100004)) ERROR: Undefined(0x80001001)
01-17 09:20:49.879   710 29586 I MediaCodec: MediaCodec will operate in async mode
01-17 09:20:49.879   710 29585 I NuPlayerDecoder: setDolbyMessage() Notifying player that Codec supports dolby_processed_audio flag
01-17 09:20:49.879   710 29579 I NuPlayer: onDolbyMessageReceived() Setting dolby_processed_audio flag on audio sink
01-17 09:20:49.879   710 29586 I ACodec  : setDolbyParameterOnProcessedAudio() Received dolby_processed_audio=1
01-17 09:20:49.879   710 29579 I MediaPlayerService: setDolbyParameters() Marking audio output as having dolby_processed_audio
01-17 09:20:49.879   645   645 I DMSService: unregisterClient type = 0, uid = e7f0fb30
01-17 09:20:49.893   645   645 D DatabaseHelper: failed to prepare SQL : INSERT INTO profiles VALUES(15
01-17 09:20:49.893   645   645 D DatabaseHelper: ,'custom','user2','user2','off','off')
01-17 09:20:49.893   645   645 D DatabaseHelper: failed to prepare SQL : INSERT INTO profile_endpoints VALUES(57
01-17 09:20:49.893   645   645 D DatabaseHelper: ,'custom','user2','speaker')
01-17 09:20:49.893   645   645 D DatabaseHelper: failed to prepare SQL : INSERT INTO profile_endpoints VALUES(57
01-17 09:20:49.893   645   645 D DatabaseHelper: ,'custom','user2','headphone')
01-17 09:20:49.893   645   645 D DatabaseHelper: failed to prepare SQL : INSERT INTO profile_endpoints VALUES(57
01-17 09:20:49.893   645   645 D DatabaseHelper: ,'custom','user2','passthrough')
01-17 09:20:49.893   645   645 D DatabaseHelper: failed to prepare SQL : INSERT INTO profile_endpoints VALUES(57
01-17 09:20:49.893   645   645 D DatabaseHelper: ,'custom','user2','other')
01-17 09:20:49.893   645   645 D DatabaseHelper: failed to prepare SQL : INSERT INTO profile_ports VALUES(85
01-17 09:20:49.893   645   645 D DatabaseHelper: ,'custom','user2','internal_speaker')
01-17 09:20:49.893   645   645 D DatabaseHelper: failed to prepare SQL : INSERT INTO profile_ports VALUES(85
01-17 09:20:49.893   645   645 D DatabaseHelper: ,'custom','user2','hdmi')
01-17 09:20:49.893   645   645 D DatabaseHelper: failed to prepare SQL : INSERT INTO profile_ports VALUES(85
01-17 09:20:49.893   645   645 D DatabaseHelper: ,'custom','user2','miracast')
01-17 09:20:49.894   645   645 D DatabaseHelper: failed to prepare SQL : INSERT INTO profile_ports VALUES(85
01-17 09:20:49.894   645   645 D DatabaseHelper: ,'custom','user2','headphone_port')
01-17 09:20:49.894   645   645 D DatabaseHelper: failed to prepare SQL : INSERT INTO profile_ports VALUES(85
01-17 09:20:49.894   645   645 D DatabaseHelper: ,'custom','user2','bluetooth')
01-17 09:20:49.894   645   645 D DatabaseHelper: failed to prepare SQL : INSERT INTO profile_ports VALUES(85
01-17 09:20:49.894   645   645 D DatabaseHelper: ,'custom','user2','usb')
01-17 09:20:49.894   645   645 D DatabaseHelper: failed to prepare SQL : INSERT INTO geq_presets VALUES(57
01-17 09:20:49.894   645   645 D DatabaseHelper: ,'custom','off','user2')
01-17 09:20:49.894   645   645 D DatabaseHelper: failed to prepare SQL : INSERT INTO geq_presets VALUES(57
01-17 09:20:49.894   645   645 D DatabaseHelper: ,'custom','open','user2')
01-17 09:20:49.894   645   645 D DatabaseHelper: failed to prepare SQL : INSERT INTO geq_presets VALUES(57
01-17 09:20:49.894   645   645 D DatabaseHelper: ,'custom','rich','user2')
01-17 09:20:49.894   645   645 D DatabaseHelper: failed to prepare SQL : INSERT INTO geq_presets VALUES(57
01-17 09:20:49.894   645   645 D DatabaseHelper: ,'custom','focused','user2')
01-17 09:20:49.905   645   645 I DMSService: registerClient type = 4, uid = e7f0fb20
01-17 09:20:49.905   645   645 V DolbyMemoryService: registerClient() client 0x710ec74380, uid -403637468
01-17 09:20:49.905   717  5320 D DDP_JOCDecoder: internalSetParameter() Instantiating ARenderer for content processing in decoder
01-17 09:20:49.905   717  5320 I DlbDap2QmfProcess: Dap2Process()
01-17 09:20:49.905   717  5320 I ARenderer: ARenderer
01-17 09:20:49.905   717  5320 I evo_parser: evo_parser_init
01-17 09:20:49.905   717  5320 I DlbDap2QmfProcess: init()
01-17 09:20:49.905   717  5320 I DlbDap2QmfProcess: open()
01-17 09:20:49.905   717  5320 I DlbDap2QmfProcess: loadLicense() no license check!
01-17 09:20:49.905   717  5320 I DlbDap2QmfProcess: validateLicense() no license check!
01-17 09:20:49.905   717  5320 I DlbDap2QmfProcess: init() DAP opened
01-17 09:20:49.905   717  5320 I DlbDap2QmfProcess: DAP library version: 2.5.1-P2.0
01-17 09:20:49.905   717  5320 D DlbDap2QmfProcess: DAP output mode set to 1 with 2 output channels and null mix matrix.
01-17 09:20:49.906   710 29586 I ACodec  : setDolbyParameterOnProcessedAudio() Content processing enabled in decoder
01-17 09:20:49.906   627  3512 D DlbDlbEffect: handle_EFFECT_CMD_SET_PARAM()
01-17 09:20:49.908   626   626 W /system/bin/hw/android.hidl.allocator@1.0-service: ashmem_create_region(8192) returning hidl_memory(0x7b7102c330, 8192)
01-17 09:20:49.910   626   626 I chatty  : uid=1000(system) allocator@1.0-s identical 2 lines
01-17 09:20:49.911   626   626 W /system/bin/hw/android.hidl.allocator@1.0-service: ashmem_create_region(8192) returning hidl_memory(0x7b7102c330, 8192)
01-17 09:20:49.913   626   626 W /system/bin/hw/android.hidl.allocator@1.0-service: ashmem_create_region(147456) returning hidl_memory(0x7b7102c330, 147456)
01-17 09:20:49.915   626   626 I chatty  : uid=1000(system) allocator@1.0-s identical 2 lines
01-17 09:20:49.915   626   626 W /system/bin/hw/android.hidl.allocator@1.0-service: ashmem_create_region(147456) returning hidl_memory(0x7b7102c330, 147456)
01-17 09:20:49.918   717 29589 I DDP_JOCDecoder: -> start
01-17 09:20:49.919   627  3892 I DlbEffectContext: setContentProcEnabled() Disabling content processing in effect
01-17 09:20:49.919   627  3892 D DlbDapEndpointParamCache: commitChangedParams()
01-17 09:20:49.919   627  3892 D DlbDapEndpointParamCache: commit() Applying parameters for device 0x40000000
01-17 09:20:49.919   627  3892 D DlbDap2Process: setParam(msce = #1[0])
01-17 09:20:49.919   627  3892 D DlbDap2Process: setParam(mdee = #1[0])
01-17 09:20:49.919   627  3892 D DlbDap2Process: setParam(miee = #1[0])
01-17 09:20:49.919   627  3892 D DlbDap2Process: setParam(mdle = #1[0])
01-17 09:20:49.919   627  3892 D DlbDap2Process: setParam(dvle = #1[0])
01-17 09:20:49.919   627  3892 D DlbDap2Process: setParam(mave = #1[0])
01-17 09:20:49.919   627  3892 D DlbDap2Process: setParam(ieon = #1[0])
01-17 09:20:49.919   627  3892 D DlbDapEndpointParamCache: doCommit() Committed 7 parameters out of 16.
01-17 09:20:49.919   627  3892 D DlbDapEndpointParamCache: commit() Overriding parameters for current device 0x00000002
01-17 09:20:49.919   627  3892 D DlbDap2Process: setParam(dom = #1[0])
01-17 09:20:49.920   627  3892 D DlbDap2Process: setParam(dvle = #1[0])
01-17 09:20:49.920   627  3892 D DlbDap2Process: setParam(dvme = #1[0])
01-17 09:20:49.920   627  3892 D DlbDap2Process: setParam(deon = #1[0])
01-17 09:20:49.920   627  3892 D DlbDap2Process: setParam(ngon = #1[0])
01-17 09:20:49.920   627  3892 D DlbDapEndpointParamCache: doCommit() Committed 5 parameters out of 37.
01-17 09:20:49.920   717 29589 I EndpConfig: DAP state has changed from -1 to 1
01-17 09:20:49.920   717 29589 D DDP_JOCDecoder: Setting Max Output Channels to 2
01-17 09:20:49.920   627  3892 D DlbDap2Process: setMave(mave = 0)
01-17 09:20:49.921   717 29589 D DDP_JOCDecoder: setMultiChannelPCMOutDownmix mConfig->jocForceDownmixMode 1
01-17 09:20:49.921   717 29589 I udc_user: 
01-17 09:20:49.921   717 29589 I udc_user: *** DDPlus Unified Decoder Simulation  Version 1.7.3 ***
01-17 09:20:49.921   717 29589 I udc_user: 
01-17 09:20:49.921   717 29589 I udc_user: 7.1-channel decoder-converter, 
01-17 09:20:49.921   717 29589 I udc_user: 
01-17 09:20:49.921   717 29589 I udc_user: 5.1-channel dual-decoder-converter, 
01-17 09:20:49.921   717 29589 I udc_user: Karaoke unsupported, 
01-17 09:20:49.921   717 29589 I udc_user: TPNP supported. 
01-17 09:20:49.921   717 29589 I udc_user: 
01-17 09:20:49.921   717 29589 I udc_user: Unpublished work.  Copyright 2003-2014 Dolby Laboratories, Inc. and
01-17 09:20:49.921   717 29589 I udc_user: Dolby Laboratories Licensing Corporation.  All Rights Reserved.
01-17 09:20:49.921   717 29589 I udc_user: 
01-17 09:20:49.921   717 29589 I udc_user: USE OF THIS SOFTWARE IS SUBJECT TO A LEGAL AGREEMENT BETWEEN YOU AND DOLBY
01-17 09:20:49.921   717 29589 I udc_user: LABORATORIES. DO NOT USE THIS SOFTWARE UNLESS YOU AGREE TO THE TERMS AND 
01-17 09:20:49.921   717 29589 I udc_user: CONDITIONS IN THE AGREEMENT.  BY USING THIS SOFTWARE, YOU ACKNOWLEDGE THAT 
01-17 09:20:49.921   717 29589 I udc_user: YOU HAVE READ THE AGREEMENT AND THAT YOU AGREE TO BE BOUND BY ITS TERMS. 
01-17 09:20:49.921   717 29589 I udc_user: 
01-17 09:20:49.922   717 29589 I ddpdec_client_joc: ddpdec_open JOCD_MODE Buffer assignment
01-17 09:20:49.922   717 29589 D DDP_JOCDecoder: mStarted = 1
01-17 09:20:49.922   717 29589 I DDP_JOCDecoder: <- start
01-17 09:20:49.929   717 29589 D ddpdec_client_joc: ddpdec_client.c|int configDecoder()
01-17 09:20:49.930   717 29589 D DDP_JOCDecoder: Setting Max Output Channels to 2
01-17 09:20:49.933   717 29589 I DlbDap2QmfProcess: close()
01-17 09:20:49.933   717 29589 I DlbDap2QmfProcess: init()
01-17 09:20:49.933   717 29589 I DlbDap2QmfProcess: open()
01-17 09:20:49.934   717 29589 I DlbDap2QmfProcess: loadLicense() no license check!
01-17 09:20:49.934   717 29589 I DlbDap2QmfProcess: validateLicense() no license check!
01-17 09:20:49.934   717 29589 I DlbDap2QmfProcess: init() DAP opened
01-17 09:20:49.934   717 29589 I DlbDap2QmfProcess: DAP library version: 2.5.1-P2.0
01-17 09:20:49.934   717 29589 D DlbDap2QmfProcess: DAP output mode set to 1 with 2 output channels and null mix matrix.
01-17 09:20:49.934   717 29589 D ARenderer: checkAndUpdateConfig: DAP reinitialized because of sample rate change
01-17 09:20:49.934   717 29589 D ARenderer: updateDapConfig: Updating DAP configuration
01-17 09:20:49.934   717 29589 D DlbDap2QmfProcess: setParam(iea = #1[10])
01-17 09:20:49.934   717 29589 D DlbDap2QmfProcess: setParam(msce = #1[0])
01-17 09:20:49.934   717 29589 D DlbDap2QmfProcess: setParam(mdee = #1[0])
01-17 09:20:49.934   717 29589 D DlbDap2QmfProcess: setParam(miee = #1[0])
01-17 09:20:49.934   717 29589 D DlbDap2QmfProcess: setParam(mdle = #1[0])
01-17 09:20:49.934   717 29589 D DlbDap2QmfProcess: setParam(dvle = #1[1])
01-17 09:20:49.934   717 29589 D DlbDap2QmfProcess: setParam(mave = #1[0])
01-17 09:20:49.934   717 29589 D DlbDap2QmfProcess: setParam(vcbf = #20[47, 141, 234, 328, 469, 656, 844, 1031, 1313, 1688, 2250, 3000, 3750, 4688, 5813, 7125, 9000, 11250, 13875, 19688])
01-17 09:20:49.934   717 29589 D DlbDap2QmfProcess: setParam(ieon = #1[0])
01-17 09:20:49.935   717 29589 D DlbDap2QmfProcess: setParam(gebs = #41[20, 47, 141, 234, 328, 469, 656, 844, 1031, 1313, 1688, 2250, 3000, 3750, 4688, 5813, 7125, 9000, 11250, 13875, 19688, 0, 0, 0, 0, 0, 0, 0, 0, 0, 0, 0, 0, 0, 0, 0, 0, 0, 0, 0, 0])
01-17 09:20:49.935   717 29589 D DlbDap2QmfProcess: setParam(iebs = #41[20, 65, 136, 223, 332, 467, 634, 841, 1098, 1416, 1812, 2302, 2909, 3663, 4598, 5756, 7194, 8976, 11186, 13927, 17326, 117, 133, 188, 176, 141, 149, 175, 185, 185, 200, 236, 242, 228, 213, 182, 132, 110, 68, -27, -240])
01-17 09:20:49.935   717 29589 D DlbDap2QmfProcess: setParam(dea = #1[7])
01-17 09:20:49.935   717 29589 D DlbDap2QmfProcess: setParam(dsa = #1[10])
01-17 09:20:49.936   717 29589 D DlbDap2QmfProcess: setParam(beb = #1[192])
01-17 09:20:49.936   717 29589 D DlbDap2QmfProcess: setParam(plb = #1[0])
01-17 09:20:49.936   717 29589 D DlbDap2QmfProcess: setParam(vmb = #1[144])
01-17 09:20:49.936   717 29589 D DlbDap2QmfProcess: setParam(dsb = #1[48])
01-17 09:20:49.936   717 29589 D DlbDap2QmfProcess: setParam(ded = #1[0])
01-17 09:20:49.936   717 29589 D DlbDap2QmfProcess: setParam(dom = #1[0])
01-17 09:20:49.936   717 29589 D DlbDap2QmfProcess: setParam(bew = #1[16])
01-17 09:20:49.936   717 29589 D DlbDap2QmfProcess: setParam(dvla = #1[5])
01-17 09:20:49.936   717 29589 D DlbDap2QmfProcess: setParam(dfsa = #1[10])
01-17 09:20:49.936   717 29589 D DlbDap2QmfProcess: setParam(dhsa = #1[10])
01-17 09:20:49.936   717 29589 D DlbDap2QmfProcess: setParam(dvmc = #1[0])
01-17 09:20:49.936   717 29589 D DlbDap2QmfProcess: setParam(dvle = #1[1])
01-17 09:20:49.936   717 29589 D DlbDap2QmfProcess: setParam(dvme = #1[0])
01-17 09:20:49.936   717 29589 D DlbDap2QmfProcess: setParam(becf = #1[200])
01-17 09:20:49.936   717 29589 D DlbDap2QmfProcess: setParam(vbmf = #2[94, 469])
01-17 09:20:49.936   717 29589 D DlbDap2QmfProcess: setParam(vbsf = #2[35, 160])
01-17 09:20:49.936   717 29589 D DlbDap2QmfProcess: setParam(vbhg = #3[-32, -144, -192])
01-17 09:20:49.936   717 29589 D DlbDap2QmfProcess: setParam(vbog = #1[0])
01-17 09:20:49.936   717 29589 D DlbDap2QmfProcess: setParam(vbsg = #1[0])
01-17 09:20:49.936   717 29589 D DlbDap2QmfProcess: setParam(dvli = #1[-320])
01-17 09:20:49.936   717 29589 D DlbDap2QmfProcess: setParam(dhfm = #1[2])
01-17 09:20:49.937   717 29589 D DlbDap2QmfProcess: setParam(deon = #1[0])
01-17 09:20:49.937   717 29589 D DlbDap2QmfProcess: setParam(ngon = #1[1])
01-17 09:20:49.937   717 29589 D DlbDap2QmfProcess: setParam(dvlo = #1[-320])
01-17 09:20:49.937   717 29589 D DlbDap2QmfProcess: setParam(aobs = #222[20, 10, 47, 141, 234, 328, 469, 656, 844, 1031, 1313, 1688, 2250, 3000, 3750, 4688, 5813, 7125, 9000, 11250, 13875, 19688, 0, 0, 0, 0, 0, 0, 0, 0, 0, 0, 0, 0, 0, 0, 0, 0, 0, 0, 0, 0, 0, 0, 0, 0, 0, 0, 0, 0, 0, 0, 0, 0, 0, 0, 0, 0, 0, 0, 0, 0, 0, 0, 0, 0, 0, 0, 0, 0, 0, 0, 0, 0, 0, 0, 0, 0, 0, 0, 0, 0, 0, 0, 0, 0, 0, 0, 0, 0, 0, 0, 0, 0, 0, 0, 0, 0, 0, 0, 0, 0, 0, 0, 0, 0, 0, 0, 0, 0, 0, 0, 0, 0, 0, 0, 0, 0, 0, 0, 0, 0, 0, 0, 0, 0, 0, 0, 0, 0, 0, 0, 0, 0, 0, 0, 0, 0, 0, 0, 0, 0, 0, 0, 0, 0, 0, 0, 0, 0, 0, 0, 0, 0, 0, 0, 0, 0, 0, 0, 0, 0, 0, 0, 0, 0, 0, 0, 0, 0, 0, 0, 0, 0, 0, 0, 0, 0, 0, 0, 0, 0, 0, 0, 0, 0, 0, 0, 0, 0, 0, 0, 0, 0, 0, 0, 0, 0, 0, 0, 0, 0, 0, 0, 0, 0, 0, 0, 0, 0, 0, 0, 0, 0, 0, 0, 0, 0, 0, 0, 0, 0])
01-17 09:20:49.937   717 29589 D DlbDap2QmfProcess: setParam(dvle = #1[1])
01-17 09:20:49.937   717 29589 D DlbDap2QmfProcess: setParam(dvli = #1[-496])
01-17 09:20:49.937 29554 29554 D featureTest: receive broadcast , change ds profile id :5
01-17 09:20:49.937   717 29589 D DlbDap2QmfProcess: setParam(dvlo = #1[-176])
01-17 09:20:49.937   717 29589 D ARenderer: updateDapVolumeLeveler: Setting output level to -11.00dB
01-17 09:20:49.937   717 29589 D DlbDap2QmfProcess: setParam(vmb = #1[0])
01-17 09:20:49.937   717 29589 D DlbDap2QmfProcess: setParam(preg = #1[-384])
01-17 09:20:49.937   717 29589 D DlbDap2QmfProcess: setParam(vol = #1[384])
01-17 09:20:49.938   717 29589 D DlbDlbBufferProvider: setConfig() Updating buffer configuration.
01-17 09:20:49.938   717 29589 D DlbDap2QmfProcess: processQmf() called [0] times
01-17 09:20:49.938   717 29589 D DlbDap2QmfProcess: setMave(mave = 0)
01-17 09:20:49.951   710 29584 D AudioTrack: Client defaulted notificationFrames to 12000 for frameCount 24000
01-17 09:20:49.952   684  3653 I AudioFlinger: attachAuxEffect(): Marking track 717 as containing processed audio
01-17 09:20:49.952   684  3653 D AudioFlinger: trackContainsProcessedAudio() Track id 717 contains processed audio
01-17 09:20:49.954   626   626 W /system/bin/hw/android.hidl.allocator@1.0-service: ashmem_create_region(3840) returning hidl_memory(0x7b7102c330, 3840)
01-17 09:20:49.956   626   626 W /system/bin/hw/android.hidl.allocator@1.0-service: ashmem_create_region(3840) returning hidl_memory(0x7b7102c330, 3840)
01-17 09:20:49.958   684  7228 D AudioFlinger: trackStateChanged() Track id 717 state changed to 6
01-17 09:20:49.958   684  7228 I AudioFlinger: updateProcessedAudioState() Changing content processing in effect to 1
01-17 09:20:49.958   627   627 D DlbDlbEffect: handle_EFFECT_CMD_SET_PARAM()
01-17 09:20:49.959   710 29579 D NuPlayerDriver: notifyListener_l(0xe6bcb380), (6, 0, 0, -1), loop setting(0, 1)
01-17 09:20:49.960   627  3512 D DlbDlbEffect: handle_EFFECT_CMD_SET_PARAM()
01-17 09:20:49.963   710   710 W MediaClock: reject anchor time since it is negative.
01-17 09:20:50.003 29554 29554 D featureTest: receive broadcast , change bass enable :1
01-17 09:20:50.012   627  3512 D DlbDlbEffect: handle_EFFECT_CMD_SET_PARAM()
01-17 09:20:50.022   627  3892 I DlbEffectDap: setParam() Start crossfade with VB enabled state 1
01-17 09:20:50.022   627  3892 D DlbDapCrossfadeProcess: setEnabled transitioning from DAP_ACTIVE state to FADE_TO_BYPASS
01-17 09:20:50.022   627  3892 D DlbDapEndpointParamCache: commitChangedParams()
01-17 09:20:50.022   627  3892 D DlbDapEndpointParamCache: commit() Applying parameters for device 0x40000000
01-17 09:20:50.022   627  3892 D DlbDap2Process: setParam(iea = #1[10])
01-17 09:20:50.022   627  3892 D DlbDap2Process: setParam(vcbf = #20[47, 141, 234, 328, 469, 656, 844, 1031, 1313, 1688, 2250, 3000, 3750, 4688, 5813, 7125, 9000, 11250, 13875, 19688])
01-17 09:20:50.022   627  3892 D DlbDap2Process: setParam(vbon = #1[1])
01-17 09:20:50.022   627  3892 D DlbDap2Process: setParam(beon = #1[1])
01-17 09:20:50.022   627  3892 D DlbDap2Process: setParam(geon = #1[0])
01-17 09:20:50.022   627  3892 D DlbDap2Process: setParam(gebs = #41[20, 47, 141, 234, 328, 469, 656, 844, 1031, 1313, 1688, 2250, 3000, 3750, 4688, 5813, 7125, 9000, 11250, 13875, 19688, 0, 0, 0, 0, 0, 0, 0, 0, 0, 0, 0, 0, 0, 0, 0, 0, 0, 0, 0, 0])
01-17 09:20:50.022   627  3892 D DlbDap2Process: setParam(iebs = #41[20, 65, 136, 223, 332, 467, 634, 841, 1098, 1416, 1812, 2302, 2909, 3663, 4598, 5756, 7194, 8976, 11186, 13927, 17326, 117, 133, 188, 176, 141, 149, 175, 185, 185, 200, 236, 242, 228, 213, 182, 132, 110, 68, -27, -240])
01-17 09:20:50.022   627  3892 D DlbDapEndpointParamCache: doCommit() Committed 8 parameters out of 16.
01-17 09:20:50.022   627  3892 D DlbDapEndpointParamCache: commit() Overriding parameters for current device 0x00000002
01-17 09:20:50.022   627  3892 D DlbDap2Process: setParam(dea = #1[7])
01-17 09:20:50.022   627  3892 D DlbDap2Process: setParam(dsa = #1[10])
01-17 09:20:50.022   627  3892 D DlbDap2Process: setParam(beb = #1[192])
01-17 09:20:50.022   627  3892 D DlbDap2Process: setParam(plb = #1[0])
01-17 09:20:50.023   627  3892 D DlbDap2Process: setParam(vmb = #1[144])
01-17 09:20:50.023   627  3892 D DlbDap2Process: setParam(dsb = #1[48])
01-17 09:20:50.023   627  3892 D DlbDap2Process: setParam(ded = #1[0])
01-17 09:20:50.023   627  3892 D DlbDap2Process: setParam(vbm = #1[3])
01-17 09:20:50.023   627  3892 D DlbDap2Process: setParam(bew = #1[16])
01-17 09:20:50.023   627  3892 D DlbDap2Process: setParam(dvla = #1[5])
01-17 09:20:50.023   627  3892 D DlbDap2Process: setParam(arra = #1[96])
01-17 09:20:50.023   627  3892 D DlbDap2Process: setParam(dfsa = #1[10])
01-17 09:20:50.023   627  3892 D DlbDap2Process: setParam(dhsa = #1[10])
01-17 09:20:50.023   627  3892 D DlbDap2Process: setParam(dvmc = #1[0])
01-17 09:20:50.023   627  3892 D DlbDap2Process: setParam(arod = #1[0])
01-17 09:20:50.023   627  3892 D DlbDap2Process: setParam(arde = #1[1])
01-17 09:20:50.023   627  3892 D DlbDap2Process: setParam(becf = #1[200])
01-17 09:20:50.023   627  3892 D DlbDap2Process: setParam(vbmf = #2[94, 469])
01-17 09:20:50.023   627  3892 D DlbDap2Process: setParam(vbsf = #2[35, 160])
01-17 09:20:50.023   627  3892 D DlbDap2Process: setParam(vbhg = #3[-32, -144, -192])
01-17 09:20:50.023   627  3892 D DlbDap2Process: setParam(vbog = #1[0])
01-17 09:20:50.023   627  3892 D DlbDap2Process: setParam(vbsg = #1[0])
01-17 09:20:50.023   627  3892 D DlbDap2Process: setParam(dvli = #1[-320])
01-17 09:20:50.023   627  3892 D DlbDap2Process: setParam(dhfm = #1[2])
01-17 09:20:50.023   627  3892 D DlbDap2Process: setParam(vbon = #1[1])
01-17 09:20:50.023   627  3892 D DlbDap2Process: setParam(beon = #1[1])
01-17 09:20:50.023   627  3892 D DlbDap2Process: setParam(aoon = #1[1])
01-17 09:20:50.023   627  3892 D DlbDap2Process: setParam(aron = #1[1])
01-17 09:20:50.023   627  3892 D DlbDap2Process: setParam(dvlo = #1[-320])
01-17 09:20:50.023   627  3892 D DlbDap2Process: setParam(artp = #1[12])
01-17 09:20:50.023   627  3892 D DlbDap2Process: setParam(aobs = #222[20, 10, 47, 141, 234, 328, 469, 656, 844, 1031, 1313, 1688, 2250, 3000, 3750, 4688, 5813, 7125, 9000, 11250, 13875, 19688, 0, 0, 0, 0, 0, 0, 0, 0, 0, 0, 0, 0, 0, 0, 0, 0, 0, 0, 0, 0, 0, 0, 0, 0, 0, 0, 0, 0, 0, 0, 0, 0, 0, 0, 0, 0, 0, 0, 0, 0, 0, 0, 0, 0, 0, 0, 0, 0, 0, 0, 0, 0, 0, 0, 0, 0, 0, 0, 0, 0, 0, 0, 0, 0, 0, 0, 0, 0, 0, 0, 0, 0, 0, 0, 0, 0, 0, 0, 0, 0, 0, 0, 0, 0, 0, 0, 0, 0, 0, 0, 0, 0, 0, 0, 0, 0, 0, 0, 0, 0, 0, 0, 0, 0, 0, 0, 0, 0, 0, 0, 0, 0, 0, 0, 0, 0, 0, 0, 0, 0, 0, 0, 0, 0, 0, 0, 0, 0, 0, 0, 0, 0, 0, 0, 0, 0, 0, 0, 0, 0, 0, 0, 0, 0, 0, 0, 0, 0, 0, 0, 0, 0, 0, 0, 0, 0, 0, 0, 0, 0, 0, 0, 0, 0, 0, 0, 0, 0, 0, 0, 0, 0, 0, 0, 0, 0, 0, 0, 0, 0, 0, 0, 0, 0, 0, 0, 0, 0, 0, 0, 0, 0, 0, 0, 0, 0, 0, 0, 0, 0])
01-17 09:20:50.023   627  3892 D DlbDap2Process: setParam(arbs = #81[20, 47, 141, 234, 328, 469, 656, 844, 1031, 1313, 1688, 2250, 3000, 3750, 4688, 5813, 7125, 9000, 11250, 13875, 19688, -192, -192, -192, -192, -192, -192, -192, -192, -192, -192, -192, -192, -192, -192, -192, -192, -192, -192, -192, -192, 0, 0, 0, 0, 0, 0, 0, 0, 0, 0, 0, 0, 0, 0, 0, 0, 0, 0, 0, 0, 0, 0, 0, 0, 0, 0, 0, 0, 0, 0, 0, 0, 0, 0, 0, 0, 0, 0, 0, 0])
01-17 09:20:50.023   627  3892 D DlbDapEndpointParamCache: doCommit() Committed 32 parameters out of 37.
01-17 09:20:50.060 29554 29554 D featureTest: receive broadcast , record log :0
01-17 09:20:50.121   627  3892 D DlbDap2Process: process() called [452500] times
01-17 09:20:50.121   627  3892 D DlbDapCrossfadeProcess: process transitioning from FADE_TO_BYPASS state to DAP_BYPASSED
01-17 09:20:50.123 29554 29554 D featureTest: receive broadcast , playing content location :/sdcard/featureTest/stereo_dd_25fps_channel_id.m4a
01-17 09:20:50.126   710   710 D NuPlayerDriver: stop(0xe6bcb380)
01-17 09:20:50.126   710   710 D NuPlayerDriver: notifyListener_l(0xe6bcb380), (8, 0, 0, -1), loop setting(0, 1)
01-17 09:20:50.127   710   710 D NuPlayerDriver: reset(0xe6bcb380) at state 8
01-17 09:20:50.131   717 20091 I DDP_JOCDecoder: -> ~DDPDecoder
01-17 09:20:50.131   717 20091 I DDP_JOCDecoder: -> stop
01-17 09:20:50.132   645   645 I DMSService: unregisterClient type = 4, uid = e7f0fb20
01-17 09:20:50.141   627  3892 I DlbEffectDap: setVbEnabled() Reset DAP with VB enabled state 1
01-17 09:20:50.141   627  3892 I DlbDapCrossfadeProcess: reset()
01-17 09:20:50.141   627  3892 I DlbDapBufferAdapter: reset()
01-17 09:20:50.141   627  3892 I DlbDap2Process: close()
01-17 09:20:50.141   627  3892 I DlbDap2Process: init()
01-17 09:20:50.141   627  3892 I DlbDap2Process: open()
01-17 09:20:50.142   627  3892 I DlbDap2Process: loadLicense() no license check!
01-17 09:20:50.142   627  3892 I DlbDap2Process: validateLicense() no license check!
01-17 09:20:50.142   627  3892 I DlbDap2Process: init() DAP opened
01-17 09:20:50.142   627  3892 I DlbDap2Process: DAP library version: 2.5.1-P2.0
01-17 09:20:50.142   627  3892 D DlbDap2Process: DAP output mode set to 1 with 2 output channels and null mix matrix.
01-17 09:20:50.142   627  3892 D DlbDapEndpointParamCache: commitAllParams()
01-17 09:20:50.142   627  3892 D DlbDapEndpointParamCache: commit() Applying parameters for device 0x40000000
01-17 09:20:50.142   627  3892 D DlbDap2Process: setParam(iea = #1[10])
01-17 09:20:50.142   627  3892 D DlbDap2Process: setParam(msce = #1[0])
01-17 09:20:50.142   627  3892 D DlbDap2Process: setParam(mdee = #1[0])
01-17 09:20:50.142   627  3892 D DlbDap2Process: setParam(miee = #1[0])
01-17 09:20:50.142   627  3892 D DlbDap2Process: setParam(mdle = #1[0])
01-17 09:20:50.142   627  3892 D DlbDap2Process: setParam(dvle = #1[0])
01-17 09:20:50.142   627  3892 D DlbDap2Process: setParam(mave = #1[0])
01-17 09:20:50.142   627  3892 D DlbDap2Process: setParam(vcbf = #20[47, 141, 234, 328, 469, 656, 844, 1031, 1313, 1688, 2250, 3000, 3750, 4688, 5813, 7125, 9000, 11250, 13875, 19688])
01-17 09:20:50.142   627  3892 D DlbDap2Process: setParam(preg = #1[-666])
01-17 09:20:50.142   627  3892 D DlbDap2Process: setParam(vbon = #1[1])
01-17 09:20:50.142   627  3892 D DlbDap2Process: setParam(beon = #1[1])
01-17 09:20:50.142   627  3892 D DlbDap2Process: setParam(geon = #1[0])
01-17 09:20:50.142   627  3892 D DlbDap2Process: setParam(ieon = #1[0])
01-17 09:20:50.142   627  3892 D DlbDap2Process: setParam(gebs = #41[20, 47, 141, 234, 328, 469, 656, 844, 1031, 1313, 1688, 2250, 3000, 3750, 4688, 5813, 7125, 9000, 11250, 13875, 19688, 0, 0, 0, 0, 0, 0, 0, 0, 0, 0, 0, 0, 0, 0, 0, 0, 0, 0, 0, 0])
01-17 09:20:50.142   627  3892 D DlbDap2Process: setParam(iebs = #41[20, 65, 136, 223, 332, 467, 634, 841, 1098, 1416, 1812, 2302, 2909, 3663, 4598, 5756, 7194, 8976, 11186, 13927, 17326, 117, 133, 188, 176, 141, 149, 175, 185, 185, 200, 236, 242, 228, 213, 182, 132, 110, 68, -27, -240])
01-17 09:20:50.142   627  3892 D DlbDapEndpointParamCache: doCommit() Committed 16 parameters out of 16.
01-17 09:20:50.142   627  3892 D DlbDapEndpointParamCache: commit() Overriding parameters for current device 0x00000002
01-17 09:20:50.142   627  3892 D DlbDap2Process: setParam(dea = #1[7])
01-17 09:20:50.142   627  3892 D DlbDap2Process: setParam(dsa = #1[10])
01-17 09:20:50.142   627  3892 D DlbDap2Process: setParam(beb = #1[192])
01-17 09:20:50.142   627  3892 D DlbDap2Process: setParam(plb = #1[0])
01-17 09:20:50.142   627  3892 D DlbDap2Process: setParam(vmb = #1[144])
01-17 09:20:50.143   627  3892 D DlbDap2Process: setParam(dsb = #1[48])
01-17 09:20:50.143   627  3892 D DlbDap2Process: setParam(ded = #1[0])
01-17 09:20:50.143   627  3892 D DlbDap2Process: setParam(vbm = #1[3])
01-17 09:20:50.143   627  3892 D DlbDap2Process: setParam(dom = #1[0])
01-17 09:20:50.143   627  3892 D DlbDap2Process: setParam(bew = #1[16])
01-17 09:20:50.143   627  3892 D DlbDap2Process: setParam(dvla = #1[5])
01-17 09:20:50.143   627  3892 D DlbDap2Process: setParam(arra = #1[96])
01-17 09:20:50.143   627  3892 D DlbDap2Process: setParam(dfsa = #1[10])
01-17 09:20:50.143   627  3892 D DlbDap2Process: setParam(dhsa = #1[10])
01-17 09:20:50.143   627  3892 D DlbDap2Process: setParam(dvmc = #1[0])
01-17 09:20:50.143   627  3892 D DlbDap2Process: setParam(arod = #1[0])
01-17 09:20:50.143   627  3892 D DlbDap2Process: setParam(arde = #1[1])
01-17 09:20:50.143   627  3892 D DlbDap2Process: setParam(dvle = #1[0])
01-17 09:20:50.143   627  3892 D DlbDap2Process: setParam(dvme = #1[0])
01-17 09:20:50.143   627  3892 D DlbDap2Process: setParam(becf = #1[200])
01-17 09:20:50.143   627  3892 D DlbDap2Process: setParam(vbmf = #2[94, 469])
01-17 09:20:50.143   627  3892 D DlbDap2Process: setParam(vbsf = #2[35, 160])
01-17 09:20:50.143   627  3892 D DlbDap2Process: setParam(vbhg = #3[-32, -144, -192])
01-17 09:20:50.143   627  3892 D DlbDap2Process: setParam(vbog = #1[0])
01-17 09:20:50.143   627  3892 D DlbDap2Process: setParam(vbsg = #1[0])
01-17 09:20:50.143   627  3892 D DlbDap2Process: setParam(dvli = #1[-320])
01-17 09:20:50.143   627  3892 D DlbDap2Process: setParam(dhfm = #1[2])
01-17 09:20:50.143   627  3892 D DlbDap2Process: setParam(vbon = #1[1])
01-17 09:20:50.143   627  3892 D DlbDap2Process: setParam(beon = #1[1])
01-17 09:20:50.143   627  3892 D DlbDap2Process: setParam(deon = #1[0])
01-17 09:20:50.143   627  3892 D DlbDap2Process: setParam(ngon = #1[0])
01-17 09:20:50.143   627  3892 D DlbDap2Process: setParam(aoon = #1[1])
01-17 09:20:50.143   627  3892 D DlbDap2Process: setParam(aron = #1[1])
01-17 09:20:50.143   627  3892 D DlbDap2Process: setParam(dvlo = #1[-320])
01-17 09:20:50.143   627  3892 D DlbDap2Process: setParam(artp = #1[12])
01-17 09:20:50.144   627  3892 D DlbDap2Process: setParam(aobs = #222[20, 10, 47, 141, 234, 328, 469, 656, 844, 1031, 1313, 1688, 2250, 3000, 3750, 4688, 5813, 7125, 9000, 11250, 13875, 19688, 0, 0, 0, 0, 0, 0, 0, 0, 0, 0, 0, 0, 0, 0, 0, 0, 0, 0, 0, 0, 0, 0, 0, 0, 0, 0, 0, 0, 0, 0, 0, 0, 0, 0, 0, 0, 0, 0, 0, 0, 0, 0, 0, 0, 0, 0, 0, 0, 0, 0, 0, 0, 0, 0, 0, 0, 0, 0, 0, 0, 0, 0, 0, 0, 0, 0, 0, 0, 0, 0, 0, 0, 0, 0, 0, 0, 0, 0, 0, 0, 0, 0, 0, 0, 0, 0, 0, 0, 0, 0, 0, 0, 0, 0, 0, 0, 0, 0, 0, 0, 0, 0, 0, 0, 0, 0, 0, 0, 0, 0, 0, 0, 0, 0, 0, 0, 0, 0, 0, 0, 0, 0, 0, 0, 0, 0, 0, 0, 0, 0, 0, 0, 0, 0, 0, 0, 0, 0, 0, 0, 0, 0, 0, 0, 0, 0, 0, 0, 0, 0, 0, 0, 0, 0, 0, 0, 0, 0, 0, 0, 0, 0, 0, 0, 0, 0, 0, 0, 0, 0, 0, 0, 0, 0, 0, 0, 0, 0, 0, 0, 0, 0, 0, 0, 0, 0, 0, 0, 0, 0, 0, 0, 0, 0, 0, 0, 0, 0, 0, 0])
01-17 09:20:50.144   627  3892 D DlbDap2Process: setParam(arbs = #81[20, 47, 141, 234, 328, 469, 656, 844, 1031, 1313, 1688, 2250, 3000, 3750, 4688, 5813, 7125, 9000, 11250, 13875, 19688, -192, -192, -192, -192, -192, -192, -192, -192, -192, -192, -192, -192, -192, -192, -192, -192, -192, -192, -192, -192, 0, 0, 0, 0, 0, 0, 0, 0, 0, 0, 0, 0, 0, 0, 0, 0, 0, 0, 0, 0, 0, 0, 0, 0, 0, 0, 0, 0, 0, 0, 0, 0, 0, 0, 0, 0, 0, 0, 0, 0])
01-17 09:20:50.144   627  3892 D DlbDapEndpointParamCache: doCommit() Committed 37 parameters out of 37.
01-17 09:20:50.144   627  3892 D DlbDapCrossfadeProcess: setEnabled transitioning from DAP_BYPASSED state to PREROLL_ACTIVE
01-17 09:20:50.154   645   645 D DatabaseHelper: failed to prepare SQL : INSERT INTO profiles VALUES(15
01-17 09:20:50.154   645   645 D DatabaseHelper: ,'custom','user2','user2','off','off')
01-17 09:20:50.154   645   645 D DatabaseHelper: failed to prepare SQL : INSERT INTO profile_endpoints VALUES(57
01-17 09:20:50.154   645   645 D DatabaseHelper: ,'custom','user2','speaker')
01-17 09:20:50.155   645   645 D DatabaseHelper: failed to prepare SQL : INSERT INTO profile_endpoints VALUES(57
01-17 09:20:50.155   645   645 D DatabaseHelper: ,'custom','user2','headphone')
01-17 09:20:50.155   645   645 D DatabaseHelper: failed to prepare SQL : INSERT INTO profile_endpoints VALUES(57
01-17 09:20:50.155   645   645 D DatabaseHelper: ,'custom','user2','passthrough')
01-17 09:20:50.155   645   645 D DatabaseHelper: failed to prepare SQL : INSERT INTO profile_endpoints VALUES(57
01-17 09:20:50.155   645   645 D DatabaseHelper: ,'custom','user2','other')
01-17 09:20:50.155   645   645 D DatabaseHelper: failed to prepare SQL : INSERT INTO profile_ports VALUES(85
01-17 09:20:50.155   645   645 D DatabaseHelper: ,'custom','user2','internal_speaker')
01-17 09:20:50.155   645   645 D DatabaseHelper: failed to prepare SQL : INSERT INTO profile_ports VALUES(85
01-17 09:20:50.155   645   645 D DatabaseHelper: ,'custom','user2','hdmi')
01-17 09:20:50.155   645   645 D DatabaseHelper: failed to prepare SQL : INSERT INTO profile_ports VALUES(85
01-17 09:20:50.155   645   645 D DatabaseHelper: ,'custom','user2','miracast')
01-17 09:20:50.155   645   645 D DatabaseHelper: failed to prepare SQL : INSERT INTO profile_ports VALUES(85
01-17 09:20:50.155   645   645 D DatabaseHelper: ,'custom','user2','headphone_port')
01-17 09:20:50.155   645   645 D DatabaseHelper: failed to prepare SQL : INSERT INTO profile_ports VALUES(85
01-17 09:20:50.155   645   645 D DatabaseHelper: ,'custom','user2','bluetooth')
01-17 09:20:50.156   645   645 D DatabaseHelper: failed to prepare SQL : INSERT INTO profile_ports VALUES(85
01-17 09:20:50.156   645   645 D DatabaseHelper: ,'custom','user2','usb')
01-17 09:20:50.156   645   645 D DatabaseHelper: failed to prepare SQL : INSERT INTO geq_presets VALUES(57
01-17 09:20:50.156   645   645 D DatabaseHelper: ,'custom','off','user2')
01-17 09:20:50.156   645   645 D DatabaseHelper: failed to prepare SQL : INSERT INTO geq_presets VALUES(57
01-17 09:20:50.156   645   645 D DatabaseHelper: ,'custom','open','user2')
01-17 09:20:50.156   645   645 D DatabaseHelper: failed to prepare SQL : INSERT INTO geq_presets VALUES(57
01-17 09:20:50.156   645   645 D DatabaseHelper: ,'custom','rich','user2')
01-17 09:20:50.156   645   645 D DatabaseHelper: failed to prepare SQL : INSERT INTO geq_presets VALUES(57
01-17 09:20:50.156   645   645 D DatabaseHelper: ,'custom','focused','user2')
01-17 09:20:50.167   717 20091 I DDP_JOCDecoder: <- stop
01-17 09:20:50.167   717 20091 I ARenderer: ~ARenderer
01-17 09:20:50.167   717 20091 I evo_parser: evo_parser_close
01-17 09:20:50.167   717 20091 I DlbDap2QmfProcess: ~Dap2Process()
01-17 09:20:50.167   717 20091 I DlbDap2QmfProcess: close()
01-17 09:20:50.168   717 20091 I DDP_JOCDecoder: <- ~DDPDecoder
