01-17 09:21:53.967   710  1419 D NuPlayerDriver: reset(0xe6bcba80) at state 5
01-17 09:21:53.970   710  1419 D NuPlayerDriver: notifyListener_l(0xe6bcba80), (8, 0, 0, -1), loop setting(0, 1)
01-17 09:21:53.970   684  7228 D AudioFlinger: trackStateChanged() Track id 729 state changed to 6
01-17 09:21:53.987   717  1650 I DDP_JOCDecoder: -> ~DDPDecoder
01-17 09:21:53.987   717  1650 I DDP_JOCDecoder: -> stop
01-17 09:21:53.988   645   645 I DMSService: unregisterClient type = 4, uid = e7f0fb20
01-17 09:21:54.017   717  1650 I DDP_JOCDecoder: <- stop
01-17 09:21:54.017   717  1650 I ARenderer: ~ARenderer
01-17 09:21:54.017   717  1650 I evo_parser: evo_parser_close
01-17 09:21:54.017   717  1650 I DlbDap2QmfProcess: ~Dap2Process()
01-17 09:21:54.017   717  1650 I DlbDap2QmfProcess: close()
01-17 09:21:54.017   717  1650 I DDP_JOCDecoder: <- ~DDPDecoder
01-17 09:21:54.021   627  3892 I DlbEffectContext: setContentProcEnabled() Enabling content processing in global effect
01-17 09:21:54.021   627  3892 D DlbDapEndpointParamCache: commitChangedParams()
01-17 09:21:54.022   627  3892 D DlbDapEndpointParamCache: commit() Applying parameters for device 0x40000000
01-17 09:21:54.022   710 30006 D NuPlayerDriver: notifyResetComplete(0xe6bcba80)
01-17 09:21:54.022   627  3892 D DlbDap2Process: setParam(iea = #1[10])
01-17 09:21:54.022   627  3892 D DlbDap2Process: setParam(msce = #1[1])
01-17 09:21:54.022   627  3892 D DlbDap2Process: setParam(mdee = #1[1])
01-17 09:21:54.023   627  3892 D DlbDap2Process: setParam(miee = #1[1])
01-17 09:21:54.023   627  3892 D DlbDap2Process: setParam(mdle = #1[1])
01-17 09:21:54.023   627  3892 D DlbDap2Process: setParam(dvle = #1[1])
01-17 09:21:54.023   627  3892 D DlbDap2Process: setParam(mave = #1[1])
01-17 09:21:54.023   710  1419 D AudioTrack: stop() called with 0 frames delivered
01-17 09:21:54.023   627  3892 D DlbDap2Process: setParam(vcbf = #20[47, 141, 234, 328, 469, 656, 844, 1031, 1313, 1688, 2250, 3000, 3750, 4688, 5813, 7125, 9000, 11250, 13875, 19688])
01-17 09:21:54.023   627  3892 D DlbDap2Process: setParam(vbon = #1[0])
01-17 09:21:54.023   627  3892 D DlbDap2Process: setParam(beon = #1[0])
01-17 09:21:54.023   627  3892 D DlbDap2Process: setParam(geon = #1[0])
01-17 09:21:54.023   627  3892 D DlbDap2Process: setParam(ieon = #1[1])
01-17 09:21:54.024   627  3892 D DlbDap2Process: setParam(gebs = #41[20, 47, 141, 234, 328, 469, 656, 844, 1031, 1313, 1688, 2250, 3000, 3750, 4688, 5813, 7125, 9000, 11250, 13875, 19688, 0, 0, 0, 0, 0, 0, 0, 0, 0, 0, 0, 0, 0, 0, 0, 0, 0, 0, 0, 0])
01-17 09:21:54.024   627  3892 D DlbDap2Process: setParam(iebs = #41[20, 65, 136, 223, 332, 467, 634, 841, 1098, 1416, 1812, 2302, 2909, 3663, 4598, 5756, 7194, 8976, 11186, 13927, 17326, 117, 133, 188, 176, 141, 149, 175, 185, 185, 200, 236, 242, 228, 213, 182, 132, 110, 68, -27, -240])
01-17 09:21:54.024   627  3892 D DlbDapEndpointParamCache: doCommit() Committed 15 parameters out of 16.
01-17 09:21:54.024   627  3892 D DlbDapEndpointParamCache: commit() Overriding parameters for current device 0x00000002
01-17 09:21:54.024   627  3892 D DlbDap2Process: setParam(dea = #1[12])
01-17 09:21:54.024   627  3892 D DlbDap2Process: setParam(dsa = #1[10])
01-17 09:21:54.024   627  3892 D DlbDap2Process: setParam(beb = #1[192])
01-17 09:21:54.024   627  3892 D DlbDap2Process: setParam(plb = #1[0])
01-17 09:21:54.024   627  3892 D DlbDap2Process: setParam(vmb = #1[144])
01-17 09:21:54.024   627  3892 D DlbDap2Process: setParam(dsb = #1[96])
01-17 09:21:54.024   627  3892 D DlbDap2Process: setParam(ded = #1[0])
01-17 09:21:54.024   627  3892 D DlbDap2Process: setParam(vbm = #1[3])
01-17 09:21:54.024   627  3892 D DlbDap2Process: setParam(dom = #1[0])
01-17 09:21:54.024   627  3892 D DlbDap2Process: setParam(bew = #1[16])
01-17 09:21:54.024   627  3892 D DlbDap2Process: setParam(dvla = #1[7])
01-17 09:21:54.024   627  3892 D DlbDap2Process: setParam(arra = #1[96])
01-17 09:21:54.024   627  3892 D DlbDap2Process: setParam(dfsa = #1[10])
01-17 09:21:54.024   627  3892 D DlbDap2Process: setParam(dhsa = #1[10])
01-17 09:21:54.024   627  3892 D DlbDap2Process: setParam(dvmc = #1[0])
01-17 09:21:54.024   627  3892 D DlbDap2Process: setParam(arod = #1[0])
01-17 09:21:54.024   627  3892 D DlbDap2Process: setParam(arde = #1[1])
01-17 09:21:54.024   627  3892 D DlbDap2Process: setParam(dvle = #1[1])
01-17 09:21:54.024   627  3892 D DlbDap2Process: setParam(dvme = #1[0])
01-17 09:21:54.024   627  3892 D DlbDap2Process: setParam(becf = #1[200])
01-17 09:21:54.024   627  3892 D DlbDap2Process: setParam(vbmf = #2[94, 469])
01-17 09:21:54.024   627  3892 D DlbDap2Process: setParam(vbsf = #2[35, 160])
01-17 09:21:54.025   627  3892 D DlbDap2Process: setParam(vbhg = #3[-32, -144, -192])
01-17 09:21:54.025   627  3892 D DlbDap2Process: setParam(vbog = #1[0])
01-17 09:21:54.025   627  3892 D DlbDap2Process: setParam(vbsg = #1[0])
01-17 09:21:54.025   627  3892 D DlbDap2Process: setParam(dvli = #1[-320])
01-17 09:21:54.025   627  3892 D DlbDap2Process: setParam(dhfm = #1[2])
01-17 09:21:54.025   627  3892 D DlbDap2Process: setParam(vbon = #1[0])
01-17 09:21:54.025   627  3892 D DlbDap2Process: setParam(beon = #1[0])
01-17 09:21:54.025   627  3892 D DlbDap2Process: setParam(deon = #1[1])
01-17 09:21:54.025   627  3892 D DlbDap2Process: setParam(ngon = #1[1])
01-17 09:21:54.025   627  3892 D DlbDap2Process: setParam(aoon = #1[1])
01-17 09:21:54.025   627  3892 D DlbDap2Process: setParam(aron = #1[1])
01-17 09:21:54.025   627  3892 D DlbDap2Process: setParam(dvlo = #1[-320])
01-17 09:21:54.025   627  3892 D DlbDap2Process: setParam(artp = #1[12])
01-17 09:21:54.025   627  3892 D DlbDap2Process: setParam(aobs = #222[20, 10, 47, 141, 234, 328, 469, 656, 844, 1031, 1313, 1688, 2250, 3000, 3750, 4688, 5813, 7125, 9000, 11250, 13875, 19688, 0, 0, 0, 0, 0, 0, 0, 0, 0, 0, 0, 0, 0, 0, 0, 0, 0, 0, 0, 0, 0, 0, 0, 0, 0, 0, 0, 0, 0, 0, 0, 0, 0, 0, 0, 0, 0, 0, 0, 0, 0, 0, 0, 0, 0, 0, 0, 0, 0, 0, 0, 0, 0, 0, 0, 0, 0, 0, 0, 0, 0, 0, 0, 0, 0, 0, 0, 0, 0, 0, 0, 0, 0, 0, 0, 0, 0, 0, 0, 0, 0, 0, 0, 0, 0, 0, 0, 0, 0, 0, 0, 0, 0, 0, 0, 0, 0, 0, 0, 0, 0, 0, 0, 0, 0, 0, 0, 0, 0, 0, 0, 0, 0, 0, 0, 0, 0, 0, 0, 0, 0, 0, 0, 0, 0, 0, 0, 0, 0, 0, 0, 0, 0, 0, 0, 0, 0, 0, 0, 0, 0, 0, 0, 0, 0, 0, 0, 0, 0, 0, 0, 0, 0, 0, 0, 0, 0, 0, 0, 0, 0, 0, 0, 0, 0, 0, 0, 0, 0, 0, 0, 0, 0, 0, 0, 0, 0, 0, 0, 0, 0, 0, 0, 0, 0, 0, 0, 0, 0, 0, 0, 0, 0, 0, 0, 0, 0, 0, 0, 0])
01-17 09:21:54.025   627  3892 D DlbDap2Process: setParam(arbs = #81[20, 47, 141, 234, 328, 469, 656, 844, 1031, 1313, 1688, 2250, 3000, 3750, 4688, 5813, 7125, 9000, 11250, 13875, 19688, -192, -192, -192, -192, -192, -192, -192, -192, -192, -192, -192, -192, -192, -192, -192, -192, -192, -192, -192, -192, 0, 0, 0, 0, 0, 0, 0, 0, 0, 0, 0, 0, 0, 0, 0, 0, 0, 0, 0, 0, 0, 0, 0, 0, 0, 0, 0, 0, 0, 0, 0, 0, 0, 0, 0, 0, 0, 0, 0, 0])
01-17 09:21:54.026   627  3892 D DlbDapEndpointParamCache: doCommit() Committed 37 parameters out of 37.
01-17 09:21:54.026   627  3892 D DlbDap2Process: setMave(mave = 1)
01-17 09:21:54.027   684  1056 D AudioFlinger: trackStateChanged() Track id 729 state changed to 2
01-17 09:21:54.027   684  1056 I AudioFlinger: updateProcessedAudioState() Changing content processing in effect to 0
01-17 09:21:54.027   627   627 D DlbDlbEffect: handle_EFFECT_CMD_SET_PARAM()
01-17 09:21:54.038   684  1056 D AudioFlinger: trackDestroyed() Track id 729 no longer contains processed audio
01-17 09:21:54.039   684   928 W AudioFlinger::EffectModule: EffectModule 0xed0e3700 destructor called with unreleased interface
01-17 09:21:54.039   684   928 W AudioFlinger::EffectHandle: disconnect Effect handle 0xee163300 disconnected after thread destruction
01-17 09:21:54.239 30062 30062 D featureTest: onCreate
01-17 09:21:54.244 30062 30062 D AudioTrack: Client defaulted notificationFrames to 962 for frameCount 1924
01-17 09:21:54.246 30062 30062 W AudioTrack: Use of stream types is deprecated for operations other than volume control
01-17 09:21:54.247 30062 30062 W AudioTrack: See the documentation of AudioTrack() for what to use instead with android.media.AudioAttributes to qualify your playback use case
01-17 09:21:54.260 30062 30062 D featureTest: onResume
01-17 09:21:55.009   627  3892 D DlbDap2Process: process() called [464000] times
01-17 09:21:55.117 30062 30062 D featureTest: receive broadcast , playing content location :/sdcard/featureTest/7ch_ddp_25fps_diff_music_01.mp4
01-17 09:21:55.129 30062 30062 D featureTest: mMediaPlayer.getAudioSessionId(): 5449
01-17 09:21:55.129 30062 30062 D featureTest: Playing file: /sdcard/featureTest/7ch_ddp_25fps_diff_music_01.mp4
01-17 09:21:55.131   710  1419 D NuPlayerDriver: NuPlayerDriver(0xe6bcba80) created, clientPid(30062)
01-17 09:21:55.156   710 30087 D NuPlayerDriver: notifyListener_l(0xe6bcba80), (1, 0, 0, -1), loop setting(0, 0)
01-17 09:21:55.167   710  1419 D NuPlayerDriver: start(0xe6bcba80), state is 4, eos is 0
01-17 09:21:55.180   717  1650 I OMXMaster: makeComponentInstance(OMX.dolby.eac3.decoder) in omx@1.0-service process
01-17 09:21:55.191 30062 30062 D featureTest: receive broadcast , change ds status :1
01-17 09:21:55.207   627   627 D DlbDlbEffect: handle_EFFECT_CMD_SET_PARAM()
01-17 09:21:55.223   717  1650 I DDP_JOCDecoder: -> init name OMX.dolby.eac3.decoder
01-17 09:21:55.224   645   645 I DMSService: registerClient type = 0, uid = e7f0fb30
01-17 09:21:55.224   717  1650 I DDP_JOCDecoder: <- init
01-17 09:21:55.224   717  1650 D DDP_JOCDecoder: initPorts
01-17 09:21:55.225   710 30095 I ACodec  : codec does not support config priority (err -2147483648)
01-17 09:21:55.226   710 30095 I MediaCodec: MediaCodec will operate in async mode
01-17 09:21:55.226   710 30095 I ACodec  : setDolbyParameterOnProcessedAudio() Received dolby_processed_audio=1
01-17 09:21:55.226   710 30094 I NuPlayerDecoder: setDolbyMessage() Notifying player that Codec supports dolby_processed_audio flag
01-17 09:21:55.226   710 30087 I NuPlayer: onDolbyMessageReceived() Setting dolby_processed_audio flag on audio sink
01-17 09:21:55.227   645   645 I DMSService: unregisterClient type = 0, uid = e7f0fb30
01-17 09:21:55.261   645   645 I DMSService: registerClient type = 4, uid = e7f0fb20
01-17 09:21:55.261   717  5320 D DDP_JOCDecoder: internalSetParameter() Instantiating ARenderer for content processing in decoder
01-17 09:21:55.261   717  5320 I DlbDap2QmfProcess: Dap2Process()
01-17 09:21:55.261   717  5320 I ARenderer: ARenderer
01-17 09:21:55.261   717  5320 I evo_parser: evo_parser_init
01-17 09:21:55.261   717  5320 I DlbDap2QmfProcess: init()
01-17 09:21:55.261   717  5320 I DlbDap2QmfProcess: open()
01-17 09:21:55.262   717  5320 I DlbDap2QmfProcess: loadLicense() no license check!
01-17 09:21:55.262   717  5320 I DlbDap2QmfProcess: validateLicense() no license check!
01-17 09:21:55.262   717  5320 I DlbDap2QmfProcess: init() DAP opened
01-17 09:21:55.262   717  5320 I DlbDap2QmfProcess: DAP library version: 2.5.1-P2.0
01-17 09:21:55.262   717  5320 D DlbDap2QmfProcess: DAP output mode set to 1 with 2 output channels and null mix matrix.
01-17 09:21:55.262   710 30095 I ACodec  : setDolbyParameterOnProcessedAudio() Content processing enabled in decoder
01-17 09:21:55.266 30062 30062 D featureTest: receive broadcast , change ds profile id :0
01-17 09:21:55.274   627  3892 I DlbEffectContext: setContentProcEnabled() Disabling content processing in effect
01-17 09:21:55.274   627  3892 D DlbDapEndpointParamCache: commitChangedParams()
01-17 09:21:55.274   627  3892 D DlbDapEndpointParamCache: commit() Applying parameters for device 0x40000000
01-17 09:21:55.274   627  3892 D DlbDap2Process: setParam(msce = #1[0])
01-17 09:21:55.274   627  3892 D DlbDap2Process: setParam(mdee = #1[0])
01-17 09:21:55.274   627  3892 D DlbDap2Process: setParam(miee = #1[0])
01-17 09:21:55.274   627  3892 D DlbDap2Process: setParam(mdle = #1[0])
01-17 09:21:55.274   627  3892 D DlbDap2Process: setParam(dvle = #1[0])
01-17 09:21:55.274   627  3892 D DlbDap2Process: setParam(mave = #1[0])
01-17 09:21:55.274   627  3892 D DlbDap2Process: setParam(ieon = #1[0])
01-17 09:21:55.274   627  3892 D DlbDapEndpointParamCache: doCommit() Committed 7 parameters out of 16.
01-17 09:21:55.275   627  3892 D DlbDapEndpointParamCache: commit() Overriding parameters for current device 0x00000002
01-17 09:21:55.275   627  3892 D DlbDap2Process: setParam(dom = #1[0])
01-17 09:21:55.275   627  3892 D DlbDap2Process: setParam(dvle = #1[0])
01-17 09:21:55.275   627  3892 D DlbDap2Process: setParam(dvme = #1[0])
01-17 09:21:55.275   627  3892 D DlbDap2Process: setParam(deon = #1[0])
01-17 09:21:55.275   627  3892 D DlbDap2Process: setParam(ngon = #1[0])
01-17 09:21:55.275   627  3892 D DlbDapEndpointParamCache: doCommit() Committed 5 parameters out of 37.
01-17 09:21:55.275   627  3892 D DlbDap2Process: setMave(mave = 0)
01-17 09:21:55.276   627   627 D DlbDlbEffect: handle_EFFECT_CMD_SET_PARAM()
01-17 09:21:55.277   717 30099 I DDP_JOCDecoder: -> start
01-17 09:21:55.278   717 30099 D DDP_JOCDecoder: Setting Max Output Channels to 2
01-17 09:21:55.279   717 30099 D DDP_JOCDecoder: setMultiChannelPCMOutDownmix mConfig->jocForceDownmixMode 1
01-17 09:21:55.279   717 30099 I udc_user: 
01-17 09:21:55.279   717 30099 I udc_user: *** DDPlus Unified Decoder Simulation  Version 1.7.3 ***
01-17 09:21:55.279   717 30099 I udc_user: 
01-17 09:21:55.279   717 30099 I udc_user: 7.1-channel decoder-converter, 
01-17 09:21:55.279   717 30099 I udc_user: 
01-17 09:21:55.279   717 30099 I udc_user: 5.1-channel dual-decoder-converter, 
01-17 09:21:55.279   717 30099 I udc_user: Karaoke unsupported, 
01-17 09:21:55.279   717 30099 I udc_user: TPNP supported. 
01-17 09:21:55.279   717 30099 I udc_user: 
01-17 09:21:55.279   717 30099 I udc_user: Unpublished work.  Copyright 2003-2014 Dolby Laboratories, Inc. and
01-17 09:21:55.279   717 30099 I udc_user: Dolby Laboratories Licensing Corporation.  All Rights Reserved.
01-17 09:21:55.279   717 30099 I udc_user: 
01-17 09:21:55.279   717 30099 I udc_user: USE OF THIS SOFTWARE IS SUBJECT TO A LEGAL AGREEMENT BETWEEN YOU AND DOLBY
01-17 09:21:55.279   717 30099 I udc_user: LABORATORIES. DO NOT USE THIS SOFTWARE UNLESS YOU AGREE TO THE TERMS AND 
01-17 09:21:55.279   717 30099 I udc_user: CONDITIONS IN THE AGREEMENT.  BY USING THIS SOFTWARE, YOU ACKNOWLEDGE THAT 
01-17 09:21:55.279   717 30099 I udc_user: YOU HAVE READ THE AGREEMENT AND THAT YOU AGREE TO BE BOUND BY ITS TERMS. 
01-17 09:21:55.279   717 30099 I udc_user: 
01-17 09:21:55.280   717 30099 I ddpdec_client_joc: ddpdec_open JOCD_MODE Buffer assignment
01-17 09:21:55.280   717 30099 D DDP_JOCDecoder: mStarted = 1
01-17 09:21:55.280   717 30099 I DDP_JOCDecoder: <- start
01-17 09:21:55.280   717 30099 D ddpdec_client_joc: ddpdec_client.c|int configDecoder()
01-17 09:21:55.284   717 30099 D DDP_JOCDecoder: Setting Max Output Channels to 2
01-17 09:21:55.285   717 30099 I DlbDap2QmfProcess: close()
01-17 09:21:55.285   717 30099 I DlbDap2QmfProcess: init()
01-17 09:21:55.285   717 30099 I DlbDap2QmfProcess: open()
01-17 09:21:55.285   717 30099 I DlbDap2QmfProcess: loadLicense() no license check!
01-17 09:21:55.285   717 30099 I DlbDap2QmfProcess: validateLicense() no license check!
01-17 09:21:55.285   717 30099 I DlbDap2QmfProcess: init() DAP opened
01-17 09:21:55.285   717 30099 I DlbDap2QmfProcess: DAP library version: 2.5.1-P2.0
01-17 09:21:55.285   717 30099 D DlbDap2QmfProcess: DAP output mode set to 1 with 2 output channels and null mix matrix.
01-17 09:21:55.285   717 30099 D ARenderer: checkAndUpdateConfig: DAP reinitialized because of sample rate change
01-17 09:21:55.285   717 30099 D ARenderer: updateDapConfig: Updating DAP configuration
01-17 09:21:55.285   717 30099 D DlbDap2QmfProcess: setParam(iea = #1[10])
01-17 09:21:55.286   717 30099 D DlbDap2QmfProcess: setParam(msce = #1[1])
01-17 09:21:55.286   717 30099 D DlbDap2QmfProcess: setParam(mdee = #1[1])
01-17 09:21:55.286   717 30099 D DlbDap2QmfProcess: setParam(miee = #1[1])
01-17 09:21:55.286   717 30099 D DlbDap2QmfProcess: setParam(mdle = #1[1])
01-17 09:21:55.286   717 30099 D DlbDap2QmfProcess: setParam(dvle = #1[1])
01-17 09:21:55.286   717 30099 D DlbDap2QmfProcess: setParam(mave = #1[1])
01-17 09:21:55.286   717 30099 D DlbDap2QmfProcess: setParam(vcbf = #20[47, 141, 234, 328, 469, 656, 844, 1031, 1313, 1688, 2250, 3000, 3750, 4688, 5813, 7125, 9000, 11250, 13875, 19688])
01-17 09:21:55.286   717 30099 D DlbDap2QmfProcess: setParam(ieon = #1[1])
01-17 09:21:55.286   717 30099 D DlbDap2QmfProcess: setParam(gebs = #41[20, 47, 141, 234, 328, 469, 656, 844, 1031, 1313, 1688, 2250, 3000, 3750, 4688, 5813, 7125, 9000, 11250, 13875, 19688, 0, 0, 0, 0, 0, 0, 0, 0, 0, 0, 0, 0, 0, 0, 0, 0, 0, 0, 0, 0])
01-17 09:21:55.286   717 30099 D DlbDap2QmfProcess: setParam(iebs = #41[20, 65, 136, 223, 332, 467, 634, 841, 1098, 1416, 1812, 2302, 2909, 3663, 4598, 5756, 7194, 8976, 11186, 13927, 17326, 117, 133, 188, 176, 141, 149, 175, 185, 185, 200, 236, 242, 228, 213, 182, 132, 110, 68, -27, -240])
01-17 09:21:55.286   717 30099 D DlbDap2QmfProcess: setParam(dea = #1[12])
01-17 09:21:55.286   717 30099 D DlbDap2QmfProcess: setParam(dsa = #1[10])
01-17 09:21:55.286   717 30099 D DlbDap2QmfProcess: setParam(beb = #1[192])
01-17 09:21:55.286   717 30099 D DlbDap2QmfProcess: setParam(plb = #1[0])
01-17 09:21:55.286   717 30099 D DlbDap2QmfProcess: setParam(vmb = #1[144])
01-17 09:21:55.286   717 30099 D DlbDap2QmfProcess: setParam(dsb = #1[96])
01-17 09:21:55.286   717 30099 D DlbDap2QmfProcess: setParam(ded = #1[0])
01-17 09:21:55.286   717 30099 D DlbDap2QmfProcess: setParam(dom = #1[0])
01-17 09:21:55.286   717 30099 D DlbDap2QmfProcess: setParam(bew = #1[16])
01-17 09:21:55.286   717 30099 D DlbDap2QmfProcess: setParam(dvla = #1[7])
01-17 09:21:55.286   717 30099 D DlbDap2QmfProcess: setParam(dfsa = #1[10])
01-17 09:21:55.286   717 30099 D DlbDap2QmfProcess: setParam(dhsa = #1[10])
01-17 09:21:55.286   717 30099 D DlbDap2QmfProcess: setParam(dvmc = #1[0])
01-17 09:21:55.286   717 30099 D DlbDap2QmfProcess: setParam(dvle = #1[1])
01-17 09:21:55.286   717 30099 D DlbDap2QmfProcess: setParam(dvme = #1[0])
01-17 09:21:55.286   717 30099 D DlbDap2QmfProcess: setParam(becf = #1[200])
01-17 09:21:55.286   717 30099 D DlbDap2QmfProcess: setParam(vbmf = #2[94, 469])
01-17 09:21:55.286   717 30099 D DlbDap2QmfProcess: setParam(vbsf = #2[35, 160])
01-17 09:21:55.286   717 30099 D DlbDap2QmfProcess: setParam(vbhg = #3[-32, -144, -192])
01-17 09:21:55.286   717 30099 D DlbDap2QmfProcess: setParam(vbog = #1[0])
01-17 09:21:55.286   717 30099 D DlbDap2QmfProcess: setParam(vbsg = #1[0])
01-17 09:21:55.286   717 30099 D DlbDap2QmfProcess: setParam(dvli = #1[-320])
01-17 09:21:55.286   717 30099 D DlbDap2QmfProcess: setParam(dhfm = #1[2])
01-17 09:21:55.286   717 30099 D DlbDap2QmfProcess: setParam(deon = #1[1])
01-17 09:21:55.286   717 30099 D DlbDap2QmfProcess: setParam(ngon = #1[1])
01-17 09:21:55.286   717 30099 D DlbDap2QmfProcess: setParam(dvlo = #1[-320])
01-17 09:21:55.287   717 30099 D DlbDap2QmfProcess: setParam(aobs = #222[20, 10, 47, 141, 234, 328, 469, 656, 844, 1031, 1313, 1688, 2250, 3000, 3750, 4688, 5813, 7125, 9000, 11250, 13875, 19688, 0, 0, 0, 0, 0, 0, 0, 0, 0, 0, 0, 0, 0, 0, 0, 0, 0, 0, 0, 0, 0, 0, 0, 0, 0, 0, 0, 0, 0, 0, 0, 0, 0, 0, 0, 0, 0, 0, 0, 0, 0, 0, 0, 0, 0, 0, 0, 0, 0, 0, 0, 0, 0, 0, 0, 0, 0, 0, 0, 0, 0, 0, 0, 0, 0, 0, 0, 0, 0, 0, 0, 0, 0, 0, 0, 0, 0, 0, 0, 0, 0, 0, 0, 0, 0, 0, 0, 0, 0, 0, 0, 0, 0, 0, 0, 0, 0, 0, 0, 0, 0, 0, 0, 0, 0, 0, 0, 0, 0, 0, 0, 0, 0, 0, 0, 0, 0, 0, 0, 0, 0, 0, 0, 0, 0, 0, 0, 0, 0, 0, 0, 0, 0, 0, 0, 0, 0, 0, 0, 0, 0, 0, 0, 0, 0, 0, 0, 0, 0, 0, 0, 0, 0, 0, 0, 0, 0, 0, 0, 0, 0, 0, 0, 0, 0, 0, 0, 0, 0, 0, 0, 0, 0, 0, 0, 0, 0, 0, 0, 0, 0, 0, 0, 0, 0, 0, 0, 0, 0, 0, 0, 0, 0, 0, 0, 0, 0, 0, 0, 0])
01-17 09:21:55.287   717 30099 D DlbDap2QmfProcess: setParam(dvle = #1[1])
01-17 09:21:55.287   717 30099 D DlbDap2QmfProcess: setParam(dvli = #1[-496])
01-17 09:21:55.287   717 30099 D DlbDap2QmfProcess: setParam(dvlo = #1[-176])
01-17 09:21:55.287   717 30099 D ARenderer: updateDapVolumeLeveler: Setting output level to -11.00dB
01-17 09:21:55.287   717 30099 D DlbDap2QmfProcess: setParam(vmb = #1[0])
01-17 09:21:55.287   717 30099 D DlbDap2QmfProcess: setParam(preg = #1[-384])
01-17 09:21:55.287   717 30099 D DlbDap2QmfProcess: setParam(vol = #1[384])
01-17 09:21:55.287   717 30099 D DlbDap2QmfProcess: processQmf() called [0] times
01-17 09:21:55.287   717 30099 D DlbDap2QmfProcess: setMave(mave = 0)
01-17 09:21:55.297   710 30093 D AudioTrack: Client defaulted notificationFrames to 12000 for frameCount 24000
01-17 09:21:55.298   684  7227 I AudioFlinger: attachAuxEffect(): Marking track 731 as containing processed audio
01-17 09:21:55.298   684  7227 D AudioFlinger: trackContainsProcessedAudio() Track id 731 contains processed audio
01-17 09:21:55.302   627  3512 D DlbDlbEffect: handle_EFFECT_CMD_DISABLE()
01-17 09:21:55.302   627  3512 D DlbDapCrossfadeProcess: setEnabled transitioning from DAP_ACTIVE state to FADE_TO_BYPASS
01-17 09:21:55.303   627  3512 D DlbDlbEffect: handle_EFFECT_CMD_SET_CONFIG()
01-17 09:21:55.304   627   627 D DlbDapEndpointParamCache: setDevice(device=0x00000002)
01-17 09:21:55.304   645   645 D DMSService: setActiveDevice called with device = 0x2
01-17 09:21:55.304   627  4939 D DlbDlbEffect: handle_EFFECT_CMD_ENABLE()
01-17 09:21:55.304   627  4939 D DlbDapCrossfadeProcess: setEnabled transitioning from FADE_TO_BYPASS state to FADE_TO_ACTIVE
01-17 09:21:55.304   684  7227 W AudioFlinger: moveDolbyEffect() effect chain for session 0 not on source thread 0xee0ae580
01-17 09:21:55.304   684  7227 D AudioFlinger: trackStateChanged() Track id 731 state changed to 6
01-17 09:21:55.305   684  7227 I AudioFlinger: updateProcessedAudioState() Changing content processing in effect to 1
01-17 09:21:55.305   627  4939 D DlbDlbEffect: handle_EFFECT_CMD_SET_PARAM()
01-17 09:21:55.305   710 30087 D NuPlayerDriver: notifyListener_l(0xe6bcba80), (6, 0, 0, -1), loop setting(0, 1)
01-17 09:21:55.307   627  3892 D DlbDapCrossfadeProcess: process transitioning from FADE_TO_ACTIVE state to DAP_ACTIVE
01-17 09:21:55.331 30062 30062 D featureTest: receive broadcast , record log :0
01-17 09:21:55.453   684  1061 D AudioFlinger: mixer(0xed503800) throttle end: throttle time(46)
01-17 09:21:57.575   627  3892 D DlbDap2Process: process() called [464500] times
01-17 09:22:00.255   627  3892 D DlbDap2Process: process() called [465000] times
01-17 09:22:00.470 30062 30062 D featureTest: receive broadcast , change volume leveler :0
01-17 09:22:00.501   627  4939 D DlbDlbEffect: handle_EFFECT_CMD_SET_PARAM()
01-17 09:22:00.504   717 30099 D ARenderer: updateDapConfig: Updating DAP configuration
01-17 09:22:00.504   717 30099 D DlbDap2QmfProcess: setParam(iea = #1[10])
01-17 09:22:00.506   717 30099 D DlbDap2QmfProcess: setParam(msce = #1[1])
01-17 09:22:00.506   717 30099 D DlbDap2QmfProcess: setParam(mdee = #1[1])
01-17 09:22:00.506   717 30099 D DlbDap2QmfProcess: setParam(miee = #1[1])
01-17 09:22:00.506   717 30099 D DlbDap2QmfProcess: setParam(mdle = #1[1])
01-17 09:22:00.506   717 30099 D DlbDap2QmfProcess: setParam(dvle = #1[0])
01-17 09:22:00.506   717 30099 D DlbDap2QmfProcess: setParam(mave = #1[1])
01-17 09:22:00.506   717 30099 D DlbDap2QmfProcess: setParam(vcbf = #20[47, 141, 234, 328, 469, 656, 844, 1031, 1313, 1688, 2250, 3000, 3750, 4688, 5813, 7125, 9000, 11250, 13875, 19688])
01-17 09:22:00.506   717 30099 D DlbDap2QmfProcess: setParam(ieon = #1[1])
01-17 09:22:00.506   717 30099 D DlbDap2QmfProcess: setParam(gebs = #41[20, 47, 141, 234, 328, 469, 656, 844, 1031, 1313, 1688, 2250, 3000, 3750, 4688, 5813, 7125, 9000, 11250, 13875, 19688, 0, 0, 0, 0, 0, 0, 0, 0, 0, 0, 0, 0, 0, 0, 0, 0, 0, 0, 0, 0])
01-17 09:22:00.506   717 30099 D DlbDap2QmfProcess: setParam(iebs = #41[20, 65, 136, 223, 332, 467, 634, 841, 1098, 1416, 1812, 2302, 2909, 3663, 4598, 5756, 7194, 8976, 11186, 13927, 17326, 117, 133, 188, 176, 141, 149, 175, 185, 185, 200, 236, 242, 228, 213, 182, 132, 110, 68, -27, -240])
01-17 09:22:00.506   717 30099 D DlbDap2QmfProcess: setParam(dea = #1[12])
01-17 09:22:00.506   717 30099 D DlbDap2QmfProcess: setParam(dsa = #1[10])
01-17 09:22:00.506   717 30099 D DlbDap2QmfProcess: setParam(beb = #1[192])
01-17 09:22:00.506   717 30099 D DlbDap2QmfProcess: setParam(plb = #1[0])
01-17 09:22:00.506   717 30099 D DlbDap2QmfProcess: setParam(vmb = #1[144])
01-17 09:22:00.506   717 30099 D DlbDap2QmfProcess: setParam(dsb = #1[96])
01-17 09:22:00.506   717 30099 D DlbDap2QmfProcess: setParam(ded = #1[0])
01-17 09:22:00.506   717 30099 D DlbDap2QmfProcess: setParam(dom = #1[0])
01-17 09:22:00.506   717 30099 D DlbDap2QmfProcess: setParam(bew = #1[16])
01-17 09:22:00.506   717 30099 D DlbDap2QmfProcess: setParam(dvla = #1[7])
01-17 09:22:00.506   717 30099 D DlbDap2QmfProcess: setParam(dfsa = #1[10])
01-17 09:22:00.506   717 30099 D DlbDap2QmfProcess: setParam(dhsa = #1[10])
01-17 09:22:00.506   717 30099 D DlbDap2QmfProcess: setParam(dvmc = #1[0])
01-17 09:22:00.506   717 30099 D DlbDap2QmfProcess: setParam(dvle = #1[0])
01-17 09:22:00.507   717 30099 D DlbDap2QmfProcess: setParam(dvme = #1[0])
01-17 09:22:00.507   717 30099 D DlbDap2QmfProcess: setParam(becf = #1[200])
01-17 09:22:00.507   717 30099 D DlbDap2QmfProcess: setParam(vbmf = #2[94, 469])
01-17 09:22:00.507   717 30099 D DlbDap2QmfProcess: setParam(vbsf = #2[35, 160])
01-17 09:22:00.507   717 30099 D DlbDap2QmfProcess: setParam(vbhg = #3[-32, -144, -192])
01-17 09:22:00.507   717 30099 D DlbDap2QmfProcess: setParam(vbog = #1[0])
01-17 09:22:00.507   717 30099 D DlbDap2QmfProcess: setParam(vbsg = #1[0])
01-17 09:22:00.507   717 30099 D DlbDap2QmfProcess: setParam(dvli = #1[-320])
01-17 09:22:00.507   717 30099 D DlbDap2QmfProcess: setParam(dhfm = #1[2])
01-17 09:22:00.507   717 30099 D DlbDap2QmfProcess: setParam(deon = #1[1])
01-17 09:22:00.507   717 30099 D DlbDap2QmfProcess: setParam(ngon = #1[1])
01-17 09:22:00.507   717 30099 D DlbDap2QmfProcess: setParam(dvlo = #1[-320])
01-17 09:22:00.507   717 30099 D DlbDap2QmfProcess: setParam(aobs = #222[20, 10, 47, 141, 234, 328, 469, 656, 844, 1031, 1313, 1688, 2250, 3000, 3750, 4688, 5813, 7125, 9000, 11250, 13875, 19688, 0, 0, 0, 0, 0, 0, 0, 0, 0, 0, 0, 0, 0, 0, 0, 0, 0, 0, 0, 0, 0, 0, 0, 0, 0, 0, 0, 0, 0, 0, 0, 0, 0, 0, 0, 0, 0, 0, 0, 0, 0, 0, 0, 0, 0, 0, 0, 0, 0, 0, 0, 0, 0, 0, 0, 0, 0, 0, 0, 0, 0, 0, 0, 0, 0, 0, 0, 0, 0, 0, 0, 0, 0, 0, 0, 0, 0, 0, 0, 0, 0, 0, 0, 0, 0, 0, 0, 0, 0, 0, 0, 0, 0, 0, 0, 0, 0, 0, 0, 0, 0, 0, 0, 0, 0, 0, 0, 0, 0, 0, 0, 0, 0, 0, 0, 0, 0, 0, 0, 0, 0, 0, 0, 0, 0, 0, 0, 0, 0, 0, 0, 0, 0, 0, 0, 0, 0, 0, 0, 0, 0, 0, 0, 0, 0, 0, 0, 0, 0, 0, 0, 0, 0, 0, 0, 0, 0, 0, 0, 0, 0, 0, 0, 0, 0, 0, 0, 0, 0, 0, 0, 0, 0, 0, 0, 0, 0, 0, 0, 0, 0, 0, 0, 0, 0, 0, 0, 0, 0, 0, 0, 0, 0, 0, 0, 0, 0, 0, 0, 0])
01-17 09:22:00.507   717 30099 D DlbDap2QmfProcess: setParam(dvle = #1[1])
01-17 09:22:00.507   717 30099 D DlbDap2QmfProcess: setParam(dvli = #1[-496])
01-17 09:22:00.507   717 30099 D DlbDap2QmfProcess: setParam(dvlo = #1[-224])
01-17 09:22:00.507   717 30099 D ARenderer: updateDapVolumeLeveler: Setting output level to -14.00dB
01-17 09:22:00.507   717 30099 D DlbDap2QmfProcess: setParam(vmb = #1[0])
01-17 09:22:00.508   717 30099 D DlbDap2QmfProcess: setParam(preg = #1[-384])
01-17 09:22:00.508   717 30099 D DlbDap2QmfProcess: setParam(vol = #1[384])
01-17 09:22:00.508   717 30099 D DlbDap2QmfProcess: setMave(mave = 0)
01-17 09:22:00.534   627  3892 D DlbDapEndpointParamCache: commitChangedParams()
01-17 09:22:00.535   627  3892 D DlbDapEndpointParamCache: commit() Applying parameters for device 0x40000000
01-17 09:22:00.535   627  3892 D DlbDap2Process: setParam(iea = #1[10])
01-17 09:22:00.535   627  3892 D DlbDap2Process: setParam(vcbf = #20[47, 141, 234, 328, 469, 656, 844, 1031, 1313, 1688, 2250, 3000, 3750, 4688, 5813, 7125, 9000, 11250, 13875, 19688])
01-17 09:22:00.535   627  3892 D DlbDap2Process: setParam(vbon = #1[0])
01-17 09:22:00.535   627  3892 D DlbDap2Process: setParam(beon = #1[0])
01-17 09:22:00.535   627  3892 D DlbDap2Process: setParam(geon = #1[0])
01-17 09:22:00.535   627  3892 D DlbDap2Process: setParam(gebs = #41[20, 47, 141, 234, 328, 469, 656, 844, 1031, 1313, 1688, 2250, 3000, 3750, 4688, 5813, 7125, 9000, 11250, 13875, 19688, 0, 0, 0, 0, 0, 0, 0, 0, 0, 0, 0, 0, 0, 0, 0, 0, 0, 0, 0, 0])
01-17 09:22:00.535   627  3892 D DlbDap2Process: setParam(iebs = #41[20, 65, 136, 223, 332, 467, 634, 841, 1098, 1416, 1812, 2302, 2909, 3663, 4598, 5756, 7194, 8976, 11186, 13927, 17326, 117, 133, 188, 176, 141, 149, 175, 185, 185, 200, 236, 242, 228, 213, 182, 132, 110, 68, -27, -240])
01-17 09:22:00.535   627  3892 D DlbDapEndpointParamCache: doCommit() Committed 8 parameters out of 16.
01-17 09:22:00.535   627  3892 D DlbDapEndpointParamCache: commit() Overriding parameters for current device 0x00000002
01-17 09:22:00.535   627  3892 D DlbDap2Process: setParam(dea = #1[12])
01-17 09:22:00.535   627  3892 D DlbDap2Process: setParam(dsa = #1[10])
01-17 09:22:00.535   627  3892 D DlbDap2Process: setParam(beb = #1[192])
01-17 09:22:00.535   627  3892 D DlbDap2Process: setParam(plb = #1[0])
01-17 09:22:00.535   627  3892 D DlbDap2Process: setParam(vmb = #1[144])
01-17 09:22:00.535   627  3892 D DlbDap2Process: setParam(dsb = #1[96])
01-17 09:22:00.535   627  3892 D DlbDap2Process: setParam(ded = #1[0])
01-17 09:22:00.535   627  3892 D DlbDap2Process: setParam(vbm = #1[3])
01-17 09:22:00.535   627  3892 D DlbDap2Process: setParam(bew = #1[16])
01-17 09:22:00.535   627  3892 D DlbDap2Process: setParam(dvla = #1[7])
01-17 09:22:00.535   627  3892 D DlbDap2Process: setParam(arra = #1[96])
01-17 09:22:00.536   627  3892 D DlbDap2Process: setParam(dfsa = #1[10])
01-17 09:22:00.536   627  3892 D DlbDap2Process: setParam(dhsa = #1[10])
01-17 09:22:00.536   627  3892 D DlbDap2Process: setParam(dvmc = #1[0])
01-17 09:22:00.536   627  3892 D DlbDap2Process: setParam(arod = #1[0])
01-17 09:22:00.536   627  3892 D DlbDap2Process: setParam(arde = #1[1])
01-17 09:22:00.536   627  3892 D DlbDap2Process: setParam(becf = #1[200])
01-17 09:22:00.536   627  3892 D DlbDap2Process: setParam(vbmf = #2[94, 469])
01-17 09:22:00.536   627  3892 D DlbDap2Process: setParam(vbsf = #2[35, 160])
01-17 09:22:00.536   627  3892 D DlbDap2Process: setParam(vbhg = #3[-32, -144, -192])
01-17 09:22:00.536   627  3892 D DlbDap2Process: setParam(vbog = #1[0])
01-17 09:22:00.536   627  3892 D DlbDap2Process: setParam(vbsg = #1[0])
01-17 09:22:00.536   627  3892 D DlbDap2Process: setParam(dvli = #1[-320])
01-17 09:22:00.536   627  3892 D DlbDap2Process: setParam(dhfm = #1[2])
01-17 09:22:00.536   627  3892 D DlbDap2Process: setParam(vbon = #1[0])
01-17 09:22:00.536   627  3892 D DlbDap2Process: setParam(beon = #1[0])
01-17 09:22:00.536   627  3892 D DlbDap2Process: setParam(aoon = #1[1])
01-17 09:22:00.536   627  3892 D DlbDap2Process: setParam(aron = #1[1])
01-17 09:22:00.536   627  3892 D DlbDap2Process: setParam(dvlo = #1[-320])
01-17 09:22:00.536   627  3892 D DlbDap2Process: setParam(artp = #1[12])
01-17 09:22:00.537   627  3892 D DlbDap2Process: setParam(aobs = #222[20, 10, 47, 141, 234, 328, 469, 656, 844, 1031, 1313, 1688, 2250, 3000, 3750, 4688, 5813, 7125, 9000, 11250, 13875, 19688, 0, 0, 0, 0, 0, 0, 0, 0, 0, 0, 0, 0, 0, 0, 0, 0, 0, 0, 0, 0, 0, 0, 0, 0, 0, 0, 0, 0, 0, 0, 0, 0, 0, 0, 0, 0, 0, 0, 0, 0, 0, 0, 0, 0, 0, 0, 0, 0, 0, 0, 0, 0, 0, 0, 0, 0, 0, 0, 0, 0, 0, 0, 0, 0, 0, 0, 0, 0, 0, 0, 0, 0, 0, 0, 0, 0, 0, 0, 0, 0, 0, 0, 0, 0, 0, 0, 0, 0, 0, 0, 0, 0, 0, 0, 0, 0, 0, 0, 0, 0, 0, 0, 0, 0, 0, 0, 0, 0, 0, 0, 0, 0, 0, 0, 0, 0, 0, 0, 0, 0, 0, 0, 0, 0, 0, 0, 0, 0, 0, 0, 0, 0, 0, 0, 0, 0, 0, 0, 0, 0, 0, 0, 0, 0, 0, 0, 0, 0, 0, 0, 0, 0, 0, 0, 0, 0, 0, 0, 0, 0, 0, 0, 0, 0, 0, 0, 0, 0, 0, 0, 0, 0, 0, 0, 0, 0, 0, 0, 0, 0, 0, 0, 0, 0, 0, 0, 0, 0, 0, 0, 0, 0, 0, 0, 0, 0, 0, 0, 0, 0])
01-17 09:22:00.537   627  3892 D DlbDap2Process: setParam(arbs = #81[20, 47, 141, 234, 328, 469, 656, 844, 1031, 1313, 1688, 2250, 3000, 3750, 4688, 5813, 7125, 9000, 11250, 13875, 19688, -192, -192, -192, -192, -192, -192, -192, -192, -192, -192, -192, -192, -192, -192, -192, -192, -192, -192, -192, -192, 0, 0, 0, 0, 0, 0, 0, 0, 0, 0, 0, 0, 0, 0, 0, 0, 0, 0, 0, 0, 0, 0, 0, 0, 0, 0, 0, 0, 0, 0, 0, 0, 0, 0, 0, 0, 0, 0, 0, 0])
01-17 09:22:00.537   627  3892 D DlbDapEndpointParamCache: doCommit() Committed 32 parameters out of 37.
01-17 09:22:02.935   627  3892 D DlbDap2Process: process() called [465500] times
01-17 09:22:05.577   627  3892 D DlbDap2Process: process() called [466000] times
