01-17 09:24:47.472   710  1419 D NuPlayerDriver: reset(0xe6bcb770) at state 5
01-17 09:24:47.472   710  1419 D NuPlayerDriver: notifyListener_l(0xe6bcb770), (8, 0, 0, -1), loop setting(0, 1)
01-17 09:24:47.484   710 31501 D NuPlayerDriver: notifyResetComplete(0xe6bcb770)
01-17 09:24:47.485   710  1419 D AudioTrack: stop() called with 0 frames delivered
01-17 09:24:47.595   684   928 W AudioFlinger::EffectModule: EffectModule 0xee09f880 destructor called with unreleased interface
01-17 09:24:47.596   684   928 W AudioFlinger::EffectHandle: disconnect Effect handle 0xee0a6b80 disconnected after thread destruction
01-17 09:24:47.597   627   924 D DlbDlbEffect: handle_EFFECT_CMD_DISABLE()
01-17 09:24:47.597   627   924 D DlbDapCrossfadeProcess: setEnabled transitioning from DAP_ACTIVE state to FADE_TO_BYPASS
01-17 09:24:47.599   627   924 D DlbDlbEffect: handle_EFFECT_CMD_SET_CONFIG()
01-17 09:24:47.599   627  3512 D DlbDapEndpointParamCache: setDevice(device=0x00000002)
01-17 09:24:47.599   645   645 D DMSService: setActiveDevice called with device = 0x2
01-17 09:24:47.600   627   924 D DlbDlbEffect: handle_EFFECT_CMD_ENABLE()
01-17 09:24:47.600   627   924 D DlbDapCrossfadeProcess: setEnabled transitioning from FADE_TO_BYPASS state to FADE_TO_ACTIVE
01-17 09:24:47.782 31550 31550 D featureTest: onCreate
01-17 09:24:47.786 31550 31550 D AudioTrack: Client defaulted notificationFrames to 962 for frameCount 1924
01-17 09:24:47.789 31550 31550 W AudioTrack: Use of stream types is deprecated for operations other than volume control
01-17 09:24:47.789 31550 31550 W AudioTrack: See the documentation of AudioTrack() for what to use instead with android.media.AudioAttributes to qualify your playback use case
01-17 09:24:47.802 31550 31550 D featureTest: onResume
01-17 09:24:48.648 31550 31550 D featureTest: receive broadcast , playing content location :/sdcard/featureTest/7ch_25fps.wav
01-17 09:24:48.656 31550 31550 D featureTest: mMediaPlayer.getAudioSessionId(): 5817
01-17 09:24:48.657 31550 31550 D featureTest: Playing file: /sdcard/featureTest/7ch_25fps.wav
01-17 09:24:48.659   710  1419 D NuPlayerDriver: NuPlayerDriver(0xe6bcb4d0) created, clientPid(31550)
01-17 09:24:48.678   710 31575 D NuPlayerDriver: notifyListener_l(0xe6bcb4d0), (1, 0, 0, -1), loop setting(0, 0)
01-17 09:24:48.691   710  1419 D NuPlayerDriver: start(0xe6bcb4d0), state is 4, eos is 0
01-17 09:24:48.705   717 21044 I OMXMaster: makeComponentInstance(OMX.google.raw.decoder) in omx@1.0-service process
01-17 09:24:48.710   710 31583 I ACodec  : codec does not support config priority (err -2147483648)
01-17 09:24:48.711   710 31583 I MediaCodec: MediaCodec will operate in async mode
01-17 09:24:48.713 31550 31550 D featureTest: receive broadcast , change ds status :0
01-17 09:24:48.732   627   924 D DlbDlbEffect: handle_EFFECT_CMD_SET_PARAM()
01-17 09:24:48.733   710 31581 D AudioTrack: Client defaulted notificationFrames to 12000 for frameCount 24000
01-17 09:24:48.738   627  3512 D DlbDlbEffect: handle_EFFECT_CMD_DISABLE()
01-17 09:24:48.738   627  3512 D DlbDapCrossfadeProcess: setEnabled transitioning from FADE_TO_ACTIVE state to FADE_TO_BYPASS
01-17 09:24:48.742   627   924 D DlbDlbEffect: handle_EFFECT_CMD_SET_CONFIG()
01-17 09:24:48.742   627   924 D DlbDapEndpointParamCache: setDevice(device=0x00000002)
01-17 09:24:48.742   645   645 D DMSService: setActiveDevice called with device = 0x2
01-17 09:24:48.743   627  3512 D DlbDlbEffect: handle_EFFECT_CMD_ENABLE()
01-17 09:24:48.743   627  3512 D DlbDapCrossfadeProcess: setEnabled transitioning from FADE_TO_BYPASS state to FADE_TO_ACTIVE
01-17 09:24:48.743   684   684 W AudioFlinger: moveDolbyEffect() effect chain for session 0 not on source thread 0xee0ae580
01-17 09:24:48.744   710 31575 D NuPlayerDriver: notifyListener_l(0xe6bcb4d0), (6, 0, 0, -1), loop setting(0, 1)
01-17 09:24:48.747   627  3892 D DlbDapCrossfadeProcess: setEnabled transitioning from FADE_TO_ACTIVE state to FADE_TO_BYPASS
01-17 09:24:48.778 31550 31550 D featureTest: receive broadcast , change ds profile id :2
01-17 09:24:48.784   627  3512 D DlbDlbEffect: handle_EFFECT_CMD_SET_PARAM()
01-17 09:24:48.784   645   713 I DapController: Profile Changed to Music
01-17 09:24:48.815   627  3892 D DlbDapEndpointParamCache: commitChangedParams()
01-17 09:24:48.815   627  3892 D DlbDapEndpointParamCache: commit() Applying parameters for device 0x40000000
01-17 09:24:48.815   627  3892 D DlbDap2Process: setParam(iea = #1[10])
01-17 09:24:48.815   627  3892 D DlbDap2Process: setParam(msce = #1[0])
01-17 09:24:48.815   627  3892 D DlbDap2Process: setParam(mdee = #1[0])
01-17 09:24:48.815   627  3892 D DlbDap2Process: setParam(miee = #1[0])
01-17 09:24:48.815   627  3892 D DlbDap2Process: setParam(mdle = #1[0])
01-17 09:24:48.815   627  3892 D DlbDap2Process: setParam(dvle = #1[1])
01-17 09:24:48.816   627  3892 D DlbDap2Process: setParam(mave = #1[0])
01-17 09:24:48.816   627  3892 D DlbDap2Process: setParam(vcbf = #20[47, 141, 234, 328, 469, 656, 844, 1031, 1313, 1688, 2250, 3000, 3750, 4688, 5813, 7125, 9000, 11250, 13875, 19688])
01-17 09:24:48.816   627  3892 D DlbDap2Process: setParam(vbon = #1[0])
01-17 09:24:48.816   627  3892 D DlbDap2Process: setParam(beon = #1[0])
01-17 09:24:48.816   627  3892 D DlbDap2Process: setParam(geon = #1[0])
01-17 09:24:48.816   627  3892 D DlbDap2Process: setParam(ieon = #1[1])
01-17 09:24:48.816   627  3892 D DlbDap2Process: setParam(gebs = #41[20, 47, 141, 234, 328, 469, 656, 844, 1031, 1313, 1688, 2250, 3000, 3750, 4688, 5813, 7125, 9000, 11250, 13875, 19688, 0, 0, 0, 0, 0, 0, 0, 0, 0, 0, 0, 0, 0, 0, 0, 0, 0, 0, 0, 0])
01-17 09:24:48.816   627  3892 D DlbDap2Process: setParam(iebs = #41[20, 65, 136, 223, 332, 467, 634, 841, 1098, 1416, 1812, 2302, 2909, 3663, 4598, 5756, 7194, 8976, 11186, 13927, 17326, 117, 133, 188, 176, 141, 149, 175, 185, 185, 200, 236, 242, 228, 213, 182, 132, 110, 68, -27, -240])
01-17 09:24:48.817   627  3892 D DlbDapEndpointParamCache: doCommit() Committed 15 parameters out of 16.
01-17 09:24:48.817   627  3892 D DlbDapEndpointParamCache: commit() Overriding parameters for current device 0x00000002
01-17 09:24:48.818   627  3892 D DlbDap2Process: setParam(dea = #1[7])
01-17 09:24:48.818   627  3892 D DlbDap2Process: setParam(dsa = #1[10])
01-17 09:24:48.818   627  3892 D DlbDap2Process: setParam(beb = #1[192])
01-17 09:24:48.818   627  3892 D DlbDap2Process: setParam(plb = #1[0])
01-17 09:24:48.818   627  3892 D DlbDap2Process: setParam(vmb = #1[144])
01-17 09:24:48.818   627  3892 D DlbDap2Process: setParam(dsb = #1[0])
01-17 09:24:48.818   627  3892 D DlbDap2Process: setParam(ded = #1[0])
01-17 09:24:48.818   627  3892 D DlbDap2Process: setParam(vbm = #1[3])
01-17 09:24:48.818   627  3892 D DlbDap2Process: setParam(dom = #1[0])
01-17 09:24:48.818   627  3892 D DlbDap2Process: setParam(bew = #1[16])
01-17 09:24:48.818   627  3892 D DlbDap2Process: setParam(dvla = #1[4])
01-17 09:24:48.818   627  3892 D DlbDap2Process: setParam(arra = #1[96])
01-17 09:24:48.818   627  3892 D DlbDap2Process: setParam(dfsa = #1[10])
01-17 09:24:48.818   627  3892 D DlbDap2Process: setParam(dhsa = #1[10])
01-17 09:24:48.819   627  3892 D DlbDap2Process: setParam(dvmc = #1[0])
01-17 09:24:48.819   627  3892 D DlbDap2Process: setParam(arod = #1[0])
01-17 09:24:48.819   627  3892 D DlbDap2Process: setParam(arde = #1[1])
01-17 09:24:48.819   627  3892 D DlbDap2Process: setParam(dvle = #1[1])
01-17 09:24:48.819   627  3892 D DlbDap2Process: setParam(dvme = #1[0])
01-17 09:24:48.819   627  3892 D DlbDap2Process: setParam(becf = #1[200])
01-17 09:24:48.819   627  3892 D DlbDap2Process: setParam(vbmf = #2[94, 469])
01-17 09:24:48.819   627  3892 D DlbDap2Process: setParam(vbsf = #2[35, 160])
01-17 09:24:48.819   627  3892 D DlbDap2Process: setParam(vbhg = #3[-32, -144, -192])
01-17 09:24:48.819   627  3892 D DlbDap2Process: setParam(vbog = #1[0])
01-17 09:24:48.819   627  3892 D DlbDap2Process: setParam(vbsg = #1[0])
01-17 09:24:48.819   627  3892 D DlbDap2Process: setParam(dvli = #1[-320])
01-17 09:24:48.819   627  3892 D DlbDap2Process: setParam(dhfm = #1[2])
01-17 09:24:48.819   627  3892 D DlbDap2Process: setParam(vbon = #1[0])
01-17 09:24:48.820   627  3892 D DlbDap2Process: setParam(beon = #1[0])
01-17 09:24:48.820   627  3892 D DlbDap2Process: setParam(deon = #1[0])
01-17 09:24:48.820   627  3892 D DlbDap2Process: setParam(ngon = #1[1])
01-17 09:24:48.820   627  3892 D DlbDap2Process: setParam(aoon = #1[1])
01-17 09:24:48.820   627  3892 D DlbDap2Process: setParam(aron = #1[1])
01-17 09:24:48.820   627  3892 D DlbDap2Process: setParam(dvlo = #1[-320])
01-17 09:24:48.820   627  3892 D DlbDap2Process: setParam(artp = #1[12])
01-17 09:24:48.822   627  3892 D DlbDap2Process: setParam(aobs = #222[20, 10, 47, 141, 234, 328, 469, 656, 844, 1031, 1313, 1688, 2250, 3000, 3750, 4688, 5813, 7125, 9000, 11250, 13875, 19688, 0, 0, 0, 0, 0, 0, 0, 0, 0, 0, 0, 0, 0, 0, 0, 0, 0, 0, 0, 0, 0, 0, 0, 0, 0, 0, 0, 0, 0, 0, 0, 0, 0, 0, 0, 0, 0, 0, 0, 0, 0, 0, 0, 0, 0, 0, 0, 0, 0, 0, 0, 0, 0, 0, 0, 0, 0, 0, 0, 0, 0, 0, 0, 0, 0, 0, 0, 0, 0, 0, 0, 0, 0, 0, 0, 0, 0, 0, 0, 0, 0, 0, 0, 0, 0, 0, 0, 0, 0, 0, 0, 0, 0, 0, 0, 0, 0, 0, 0, 0, 0, 0, 0, 0, 0, 0, 0, 0, 0, 0, 0, 0, 0, 0, 0, 0, 0, 0, 0, 0, 0, 0, 0, 0, 0, 0, 0, 0, 0, 0, 0, 0, 0, 0, 0, 0, 0, 0, 0, 0, 0, 0, 0, 0, 0, 0, 0, 0, 0, 0, 0, 0, 0, 0, 0, 0, 0, 0, 0, 0, 0, 0, 0, 0, 0, 0, 0, 0, 0, 0, 0, 0, 0, 0, 0, 0, 0, 0, 0, 0, 0, 0, 0, 0, 0, 0, 0, 0, 0, 0, 0, 0, 0, 0, 0, 0, 0, 0, 0, 0])
01-17 09:24:48.822   627  3892 D DlbDap2Process: setParam(arbs = #81[20, 47, 141, 234, 328, 469, 656, 844, 1031, 1313, 1688, 2250, 3000, 3750, 4688, 5813, 7125, 9000, 11250, 13875, 19688, -192, -192, -192, -192, -192, -192, -192, -192, -192, -192, -192, -192, -192, -192, -192, -192, -192, -192, -192, -192, 0, 0, 0, 0, 0, 0, 0, 0, 0, 0, 0, 0, 0, 0, 0, 0, 0, 0, 0, 0, 0, 0, 0, 0, 0, 0, 0, 0, 0, 0, 0, 0, 0, 0, 0, 0, 0, 0, 0, 0])
01-17 09:24:48.822   627  3892 D DlbDapEndpointParamCache: doCommit() Committed 37 parameters out of 37.
01-17 09:24:48.822   627  3892 D DlbDap2Process: setMave(mave = 0)
01-17 09:24:48.826   627  3892 D DlbDapCrossfadeProcess: process transitioning from FADE_TO_BYPASS state to DAP_BYPASSED
01-17 09:24:48.859 31550 31550 D featureTest: receive broadcast , playing content location :/sdcard/featureTest/7ch_25fps.wav
01-17 09:24:48.862   710  1419 D NuPlayerDriver: stop(0xe6bcb4d0)
01-17 09:24:48.862   710  1419 D NuPlayerDriver: notifyListener_l(0xe6bcb4d0), (8, 0, 0, -1), loop setting(0, 1)
01-17 09:24:48.865   710  1419 D NuPlayerDriver: reset(0xe6bcb4d0) at state 8
01-17 09:24:48.875   710 31575 D NuPlayerDriver: notifyResetComplete(0xe6bcb4d0)
01-17 09:24:48.875   710  1419 D NuPlayerDriver: reset(0xe6bcb4d0) at state 0
01-17 09:24:48.884 31550 31550 D featureTest: mMediaPlayer.getAudioSessionId(): 5825
01-17 09:24:48.885 31550 31550 D featureTest: Playing file: /sdcard/featureTest/7ch_25fps.wav
01-17 09:24:48.886   710   900 D NuPlayerDriver: NuPlayerDriver(0xe6bcb770) created, clientPid(31550)
01-17 09:24:48.910   710 31600 D NuPlayerDriver: notifyListener_l(0xe6bcb770), (1, 0, 0, -1), loop setting(0, 0)
01-17 09:24:48.914   710   900 D NuPlayerDriver: start(0xe6bcb770), state is 4, eos is 0
01-17 09:24:48.927 31550 31550 D featureTest: receive broadcast , change ds status :1
01-17 09:24:48.934   717 21044 I OMXMaster: makeComponentInstance(OMX.google.raw.decoder) in omx@1.0-service process
01-17 09:24:48.937   627   627 D DlbDlbEffect: handle_EFFECT_CMD_SET_PARAM()
01-17 09:24:48.938   710 31607 I ACodec  : codec does not support config priority (err -2147483648)
01-17 09:24:48.938   710 31607 I MediaCodec: MediaCodec will operate in async mode
01-17 09:24:48.957   627  3892 D DlbDapCrossfadeProcess: setEnabled transitioning from DAP_BYPASSED state to PREROLL_ACTIVE
01-17 09:24:48.957   710 31604 D AudioTrack: Client defaulted notificationFrames to 12000 for frameCount 24000
01-17 09:24:48.962   684  3974 W AudioFlinger: moveDolbyEffect() effect chain for session 0 not on source thread 0xee0ae580
01-17 09:24:48.963   710 31600 D NuPlayerDriver: notifyListener_l(0xe6bcb770), (6, 0, 0, -1), loop setting(0, 1)
01-17 09:24:48.977   627  3892 D DlbDapCrossfadeProcess: process transitioning from PREROLL_ACTIVE state to FADE_TO_ACTIVE
01-17 09:24:48.980 31550 31550 D featureTest: receive broadcast , change ds profile id :5
01-17 09:24:48.988   627  3512 D DlbDlbEffect: handle_EFFECT_CMD_SET_PARAM()
01-17 09:24:48.988   645   713 I DapController: Profile Changed to Custom
01-17 09:24:49.016   627  3892 D DlbDapEndpointParamCache: commitChangedParams()
01-17 09:24:49.016   627  3892 D DlbDapEndpointParamCache: commit() Applying parameters for device 0x40000000
01-17 09:24:49.016   627  3892 D DlbDap2Process: setParam(iea = #1[10])
01-17 09:24:49.016   627  3892 D DlbDap2Process: setParam(msce = #1[0])
01-17 09:24:49.016   627  3892 D DlbDap2Process: setParam(mdee = #1[0])
01-17 09:24:49.016   627  3892 D DlbDap2Process: setParam(miee = #1[0])
01-17 09:24:49.016   627  3892 D DlbDap2Process: setParam(mdle = #1[0])
01-17 09:24:49.016   627  3892 D DlbDap2Process: setParam(dvle = #1[1])
01-17 09:24:49.016   627  3892 D DlbDap2Process: setParam(mave = #1[0])
01-17 09:24:49.016   627  3892 D DlbDap2Process: setParam(vcbf = #20[47, 141, 234, 328, 469, 656, 844, 1031, 1313, 1688, 2250, 3000, 3750, 4688, 5813, 7125, 9000, 11250, 13875, 19688])
01-17 09:24:49.016   627  3892 D DlbDap2Process: setParam(vbon = #1[0])
01-17 09:24:49.016   627  3892 D DlbDap2Process: setParam(beon = #1[0])
01-17 09:24:49.016   627  3892 D DlbDap2Process: setParam(geon = #1[0])
01-17 09:24:49.016   627  3892 D DlbDap2Process: setParam(ieon = #1[0])
01-17 09:24:49.017   627  3892 D DlbDap2Process: setParam(gebs = #41[20, 47, 141, 234, 328, 469, 656, 844, 1031, 1313, 1688, 2250, 3000, 3750, 4688, 5813, 7125, 9000, 11250, 13875, 19688, 0, 0, 0, 0, 0, 0, 0, 0, 0, 0, 0, 0, 0, 0, 0, 0, 0, 0, 0, 0])
01-17 09:24:49.017   627  3892 D DlbDap2Process: setParam(iebs = #41[20, 65, 136, 223, 332, 467, 634, 841, 1098, 1416, 1812, 2302, 2909, 3663, 4598, 5756, 7194, 8976, 11186, 13927, 17326, 117, 133, 188, 176, 141, 149, 175, 185, 185, 200, 236, 242, 228, 213, 182, 132, 110, 68, -27, -240])
01-17 09:24:49.017   627  3892 D DlbDapEndpointParamCache: doCommit() Committed 15 parameters out of 16.
01-17 09:24:49.017   627  3892 D DlbDapEndpointParamCache: commit() Overriding parameters for current device 0x00000002
01-17 09:24:49.017   627  3892 D DlbDap2Process: setParam(dea = #1[7])
01-17 09:24:49.017   627  3892 D DlbDap2Process: setParam(dsa = #1[10])
01-17 09:24:49.017   627  3892 D DlbDap2Process: setParam(beb = #1[192])
01-17 09:24:49.017   627  3892 D DlbDap2Process: setParam(plb = #1[0])
01-17 09:24:49.017   627  3892 D DlbDap2Process: setParam(vmb = #1[144])
01-17 09:24:49.017   627  3892 D DlbDap2Process: setParam(dsb = #1[48])
01-17 09:24:49.017   627  3892 D DlbDap2Process: setParam(ded = #1[0])
01-17 09:24:49.017   627  3892 D DlbDap2Process: setParam(vbm = #1[3])
01-17 09:24:49.017   627  3892 D DlbDap2Process: setParam(dom = #1[0])
01-17 09:24:49.017   627  3892 D DlbDap2Process: setParam(bew = #1[16])
01-17 09:24:49.017   627  3892 D DlbDap2Process: setParam(dvla = #1[5])
01-17 09:24:49.017   627  3892 D DlbDap2Process: setParam(arra = #1[96])
01-17 09:24:49.017   627  3892 D DlbDap2Process: setParam(dfsa = #1[10])
01-17 09:24:49.017   627  3892 D DlbDap2Process: setParam(dhsa = #1[10])
01-17 09:24:49.017   627  3892 D DlbDap2Process: setParam(dvmc = #1[0])
01-17 09:24:49.017   627  3892 D DlbDap2Process: setParam(arod = #1[0])
01-17 09:24:49.017   627  3892 D DlbDap2Process: setParam(arde = #1[1])
01-17 09:24:49.017   627  3892 D DlbDap2Process: setParam(dvle = #1[1])
01-17 09:24:49.017   627  3892 D DlbDap2Process: setParam(dvme = #1[0])
01-17 09:24:49.017   627  3892 D DlbDap2Process: setParam(becf = #1[200])
01-17 09:24:49.017   627  3892 D DlbDap2Process: setParam(vbmf = #2[94, 469])
01-17 09:24:49.017   627  3892 D DlbDap2Process: setParam(vbsf = #2[35, 160])
01-17 09:24:49.017   627  3892 D DlbDap2Process: setParam(vbhg = #3[-32, -144, -192])
01-17 09:24:49.017   627  3892 D DlbDap2Process: setParam(vbog = #1[0])
01-17 09:24:49.018   627  3892 D DlbDap2Process: setParam(vbsg = #1[0])
01-17 09:24:49.018   627  3892 D DlbDap2Process: setParam(dvli = #1[-320])
01-17 09:24:49.018   627  3892 D DlbDap2Process: setParam(dhfm = #1[2])
01-17 09:24:49.018   627  3892 D DlbDap2Process: setParam(vbon = #1[0])
01-17 09:24:49.018   627  3892 D DlbDap2Process: setParam(beon = #1[0])
01-17 09:24:49.018   627  3892 D DlbDap2Process: setParam(deon = #1[0])
01-17 09:24:49.018   627  3892 D DlbDap2Process: setParam(ngon = #1[1])
01-17 09:24:49.018   627  3892 D DlbDap2Process: setParam(aoon = #1[1])
01-17 09:24:49.018   627  3892 D DlbDap2Process: setParam(aron = #1[1])
01-17 09:24:49.018   627  3892 D DlbDap2Process: setParam(dvlo = #1[-320])
01-17 09:24:49.018   627  3892 D DlbDap2Process: setParam(artp = #1[12])
01-17 09:24:49.018   627  3892 D DlbDap2Process: setParam(aobs = #222[20, 10, 47, 141, 234, 328, 469, 656, 844, 1031, 1313, 1688, 2250, 3000, 3750, 4688, 5813, 7125, 9000, 11250, 13875, 19688, 0, 0, 0, 0, 0, 0, 0, 0, 0, 0, 0, 0, 0, 0, 0, 0, 0, 0, 0, 0, 0, 0, 0, 0, 0, 0, 0, 0, 0, 0, 0, 0, 0, 0, 0, 0, 0, 0, 0, 0, 0, 0, 0, 0, 0, 0, 0, 0, 0, 0, 0, 0, 0, 0, 0, 0, 0, 0, 0, 0, 0, 0, 0, 0, 0, 0, 0, 0, 0, 0, 0, 0, 0, 0, 0, 0, 0, 0, 0, 0, 0, 0, 0, 0, 0, 0, 0, 0, 0, 0, 0, 0, 0, 0, 0, 0, 0, 0, 0, 0, 0, 0, 0, 0, 0, 0, 0, 0, 0, 0, 0, 0, 0, 0, 0, 0, 0, 0, 0, 0, 0, 0, 0, 0, 0, 0, 0, 0, 0, 0, 0, 0, 0, 0, 0, 0, 0, 0, 0, 0, 0, 0, 0, 0, 0, 0, 0, 0, 0, 0, 0, 0, 0, 0, 0, 0, 0, 0, 0, 0, 0, 0, 0, 0, 0, 0, 0, 0, 0, 0, 0, 0, 0, 0, 0, 0, 0, 0, 0, 0, 0, 0, 0, 0, 0, 0, 0, 0, 0, 0, 0, 0, 0, 0, 0, 0, 0, 0, 0, 0])
01-17 09:24:49.019   627  3892 D DlbDap2Process: setParam(arbs = #81[20, 47, 141, 234, 328, 469, 656, 844, 1031, 1313, 1688, 2250, 3000, 3750, 4688, 5813, 7125, 9000, 11250, 13875, 19688, -192, -192, -192, -192, -192, -192, -192, -192, -192, -192, -192, -192, -192, -192, -192, -192, -192, -192, -192, -192, 0, 0, 0, 0, 0, 0, 0, 0, 0, 0, 0, 0, 0, 0, 0, 0, 0, 0, 0, 0, 0, 0, 0, 0, 0, 0, 0, 0, 0, 0, 0, 0, 0, 0, 0, 0, 0, 0, 0, 0])
01-17 09:24:49.019   627  3892 D DlbDapEndpointParamCache: doCommit() Committed 37 parameters out of 37.
01-17 09:24:49.019   627  3892 D DlbDap2Process: setMave(mave = 0)
01-17 09:24:49.047 31550 31550 D featureTest: receive broadcast , change virtual speaker  virtualizer :1
01-17 09:24:49.053   684   928 W AudioFlinger::EffectModule: EffectModule 0xee09f400 destructor called with unreleased interface
01-17 09:24:49.053   684   928 W AudioFlinger::EffectHandle: disconnect Effect handle 0xee0a6640 disconnected after thread destruction
01-17 09:24:49.065 31550 31550 D featureTest: virtual speaker virtualizer can not be operate for mono speaker endpoint!
01-17 09:24:49.095   627  3892 D DlbDapCrossfadeProcess: process transitioning from FADE_TO_ACTIVE state to DAP_ACTIVE
01-17 09:24:49.112 31550 31550 D featureTest: receive broadcast , record log :0
01-17 09:24:50.226   627  3892 D DlbDap2Process: process() called [493500] times
01-17 09:24:52.898   627  3892 D DlbDap2Process: process() called [494000] times
