01-17 09:20:50.172   627  3892 I DlbEffectContext: setContentProcEnabled() Enabling content processing in global effect
01-17 09:20:50.173   627  3892 D DlbDapEndpointParamCache: commitChangedParams()
01-17 09:20:50.173   627  3892 D DlbDapEndpointParamCache: commit() Applying parameters for device 0x40000000
01-17 09:20:50.173   627  3892 D DlbDap2Process: setParam(iea = #1[10])
01-17 09:20:50.173   627  3892 D DlbDap2Process: setParam(msce = #1[0])
01-17 09:20:50.173   627  3892 D DlbDap2Process: setParam(mdee = #1[0])
01-17 09:20:50.173   627  3892 D DlbDap2Process: setParam(miee = #1[0])
01-17 09:20:50.173   627  3892 D DlbDap2Process: setParam(mdle = #1[0])
01-17 09:20:50.173   627  3892 D DlbDap2Process: setParam(dvle = #1[1])
01-17 09:20:50.173   627  3892 D DlbDap2Process: setParam(mave = #1[0])
01-17 09:20:50.173   627  3892 D DlbDap2Process: setParam(vcbf = #20[47, 141, 234, 328, 469, 656, 844, 1031, 1313, 1688, 2250, 3000, 3750, 4688, 5813, 7125, 9000, 11250, 13875, 19688])
01-17 09:20:50.173   627  3892 D DlbDap2Process: setParam(vbon = #1[1])
01-17 09:20:50.173   627  3892 D DlbDap2Process: setParam(beon = #1[1])
01-17 09:20:50.173   627  3892 D DlbDap2Process: setParam(geon = #1[0])
01-17 09:20:50.173   627  3892 D DlbDap2Process: setParam(ieon = #1[0])
01-17 09:20:50.173   627  3892 D DlbDap2Process: setParam(gebs = #41[20, 47, 141, 234, 328, 469, 656, 844, 1031, 1313, 1688, 2250, 3000, 3750, 4688, 5813, 7125, 9000, 11250, 13875, 19688, 0, 0, 0, 0, 0, 0, 0, 0, 0, 0, 0, 0, 0, 0, 0, 0, 0, 0, 0, 0])
01-17 09:20:50.173   627  3892 D DlbDap2Process: setParam(iebs = #41[20, 65, 136, 223, 332, 467, 634, 841, 1098, 1416, 1812, 2302, 2909, 3663, 4598, 5756, 7194, 8976, 11186, 13927, 17326, 117, 133, 188, 176, 141, 149, 175, 185, 185, 200, 236, 242, 228, 213, 182, 132, 110, 68, -27, -240])
01-17 09:20:50.173   627  3892 D DlbDapEndpointParamCache: doCommit() Committed 15 parameters out of 16.
01-17 09:20:50.173   627  3892 D DlbDapEndpointParamCache: commit() Overriding parameters for current device 0x00000002
01-17 09:20:50.173   627  3892 D DlbDap2Process: setParam(dea = #1[7])
01-17 09:20:50.173   627  3892 D DlbDap2Process: setParam(dsa = #1[10])
01-17 09:20:50.173   627  3892 D DlbDap2Process: setParam(beb = #1[192])
01-17 09:20:50.173   627  3892 D DlbDap2Process: setParam(plb = #1[0])
01-17 09:20:50.173   627  3892 D DlbDap2Process: setParam(vmb = #1[144])
01-17 09:20:50.173   627  3892 D DlbDap2Process: setParam(dsb = #1[48])
01-17 09:20:50.173   627  3892 D DlbDap2Process: setParam(ded = #1[0])
01-17 09:20:50.173   627  3892 D DlbDap2Process: setParam(vbm = #1[3])
01-17 09:20:50.173   627  3892 D DlbDap2Process: setParam(dom = #1[0])
01-17 09:20:50.173   627  3892 D DlbDap2Process: setParam(bew = #1[16])
01-17 09:20:50.173   627  3892 D DlbDap2Process: setParam(dvla = #1[5])
01-17 09:20:50.173   627  3892 D DlbDap2Process: setParam(arra = #1[96])
01-17 09:20:50.173   627  3892 D DlbDap2Process: setParam(dfsa = #1[10])
01-17 09:20:50.173   627  3892 D DlbDap2Process: setParam(dhsa = #1[10])
01-17 09:20:50.173   627  3892 D DlbDap2Process: setParam(dvmc = #1[0])
01-17 09:20:50.173   627  3892 D DlbDap2Process: setParam(arod = #1[0])
01-17 09:20:50.173   627  3892 D DlbDap2Process: setParam(arde = #1[1])
01-17 09:20:50.174   627  3892 D DlbDap2Process: setParam(dvle = #1[1])
01-17 09:20:50.174   627  3892 D DlbDap2Process: setParam(dvme = #1[0])
01-17 09:20:50.174   627  3892 D DlbDap2Process: setParam(becf = #1[200])
01-17 09:20:50.174   627  3892 D DlbDap2Process: setParam(vbmf = #2[94, 469])
01-17 09:20:50.174   627  3892 D DlbDap2Process: setParam(vbsf = #2[35, 160])
01-17 09:20:50.174   627  3892 D DlbDap2Process: setParam(vbhg = #3[-32, -144, -192])
01-17 09:20:50.174   627  3892 D DlbDap2Process: setParam(vbog = #1[0])
01-17 09:20:50.174   627  3892 D DlbDap2Process: setParam(vbsg = #1[0])
01-17 09:20:50.174   627  3892 D DlbDap2Process: setParam(dvli = #1[-320])
01-17 09:20:50.174   627  3892 D DlbDap2Process: setParam(dhfm = #1[2])
01-17 09:20:50.174   627  3892 D DlbDap2Process: setParam(vbon = #1[1])
01-17 09:20:50.174   627  3892 D DlbDap2Process: setParam(beon = #1[1])
01-17 09:20:50.174   627  3892 D DlbDap2Process: setParam(deon = #1[0])
01-17 09:20:50.174   627  3892 D DlbDap2Process: setParam(ngon = #1[1])
01-17 09:20:50.174   627  3892 D DlbDap2Process: setParam(aoon = #1[1])
01-17 09:20:50.174   627  3892 D DlbDap2Process: setParam(aron = #1[1])
01-17 09:20:50.174   627  3892 D DlbDap2Process: setParam(dvlo = #1[-320])
01-17 09:20:50.174   627  3892 D DlbDap2Process: setParam(artp = #1[12])
01-17 09:20:50.174   627  3892 D DlbDap2Process: setParam(aobs = #222[20, 10, 47, 141, 234, 328, 469, 656, 844, 1031, 1313, 1688, 2250, 3000, 3750, 4688, 5813, 7125, 9000, 11250, 13875, 19688, 0, 0, 0, 0, 0, 0, 0, 0, 0, 0, 0, 0, 0, 0, 0, 0, 0, 0, 0, 0, 0, 0, 0, 0, 0, 0, 0, 0, 0, 0, 0, 0, 0, 0, 0, 0, 0, 0, 0, 0, 0, 0, 0, 0, 0, 0, 0, 0, 0, 0, 0, 0, 0, 0, 0, 0, 0, 0, 0, 0, 0, 0, 0, 0, 0, 0, 0, 0, 0, 0, 0, 0, 0, 0, 0, 0, 0, 0, 0, 0, 0, 0, 0, 0, 0, 0, 0, 0, 0, 0, 0, 0, 0, 0, 0, 0, 0, 0, 0, 0, 0, 0, 0, 0, 0, 0, 0, 0, 0, 0, 0, 0, 0, 0, 0, 0, 0, 0, 0, 0, 0, 0, 0, 0, 0, 0, 0, 0, 0, 0, 0, 0, 0, 0, 0, 0, 0, 0, 0, 0, 0, 0, 0, 0, 0, 0, 0, 0, 0, 0, 0, 0, 0, 0, 0, 0, 0, 0, 0, 0, 0, 0, 0, 0, 0, 0, 0, 0, 0, 0, 0, 0, 0, 0, 0, 0, 0, 0, 0, 0, 0, 0, 0, 0, 0, 0, 0, 0, 0, 0, 0, 0, 0, 0, 0, 0, 0, 0, 0, 0])
01-17 09:20:50.174   627  3892 D DlbDap2Process: setParam(arbs = #81[20, 47, 141, 234, 328, 469, 656, 844, 1031, 1313, 1688, 2250, 3000, 3750, 4688, 5813, 7125, 9000, 11250, 13875, 19688, -192, -192, -192, -192, -192, -192, -192, -192, -192, -192, -192, -192, -192, -192, -192, -192, -192, -192, -192, -192, 0, 0, 0, 0, 0, 0, 0, 0, 0, 0, 0, 0, 0, 0, 0, 0, 0, 0, 0, 0, 0, 0, 0, 0, 0, 0, 0, 0, 0, 0, 0, 0, 0, 0, 0, 0, 0, 0, 0, 0])
01-17 09:20:50.174   627  3892 D DlbDapEndpointParamCache: doCommit() Committed 37 parameters out of 37.
01-17 09:20:50.175   627  3892 D DlbDap2Process: setMave(mave = 0)
01-17 09:20:50.175   710 29579 D NuPlayerDriver: notifyResetComplete(0xe6bcb380)
01-17 09:20:50.175   710   710 D NuPlayerDriver: reset(0xe6bcb380) at state 0
01-17 09:20:50.176 29554 29554 V MediaPlayer: resetDrmState:  mDrmInfo=null mDrmProvisioningThread=null mPrepareDrmInProgress=false mActiveDrmScheme=false
01-17 09:20:50.177 29554 29554 V MediaPlayer: cleanDrmObj: mDrmObj=null mDrmSessionId=null
01-17 09:20:50.177 29554 29554 V MediaPlayer: resetDrmState:  mDrmInfo=null mDrmProvisioningThread=null mPrepareDrmInProgress=false mActiveDrmScheme=false
01-17 09:20:50.178 29554 29554 V MediaPlayer: cleanDrmObj: mDrmObj=null mDrmSessionId=null
01-17 09:20:50.181 29554 29554 D featureTest: mMediaPlayer.getAudioSessionId(): 5345
01-17 09:20:50.181 29554 29554 D featureTest: Playing file: /sdcard/featureTest/stereo_dd_25fps_channel_id.m4a
01-17 09:20:50.181   710   710 D NuPlayerDriver: NuPlayerDriver(0xe6bcb460) created, clientPid(29554)
01-17 09:20:50.183 29612 29612 W generic : type=1400 audit(0.0:444): avc: denied { read } for path="/storage/emulated/0/featuretest/stereo_dd_25fps_channel_id.m4a" dev="sdcardfs" ino=1310783 scontext=u:r:mediaextractor:s0 tcontext=u:object_r:sdcardfs:s0 tclass=file permissive=0
01-17 09:20:50.184 29554 29554 W MediaPlayer: Use of stream types is deprecated for operations other than volume control
01-17 09:20:50.184 29554 29554 W MediaPlayer: See the documentation of setAudioStreamType() for what to use instead with android.media.AudioAttributes to qualify your playback use case
01-17 09:20:50.186   710 29612 D GenericSource: FileSource remote
01-17 09:20:50.186   710 29612 W GenericSource: extractor service cannot make data source
01-17 09:20:50.186   710 29612 D GenericSource: FileSource local
01-17 09:20:50.197   710 29611 D NuPlayerDriver: notifyListener_l(0xe6bcb460), (1, 0, 0, -1), loop setting(0, 0)
01-17 09:20:50.201   710   710 D NuPlayerDriver: start(0xe6bcb460), state is 4, eos is 0
01-17 09:20:50.201   710 29611 I GenericSource: start
01-17 09:20:50.205 29554 29554 W DolbyAudioEffect: WARNING: attaching a DolbyAudioEffect to global output mix is deprecated!
01-17 09:20:50.207   627  3892 D DlbDapCrossfadeProcess: process transitioning from PREROLL_ACTIVE state to FADE_TO_ACTIVE
01-17 09:20:50.208 29554 29554 D featureTest: receive broadcast , change ds status :1
01-17 09:20:50.211   710 29617 I OMXClient: Treble IOmx obtained
01-17 09:20:50.211   717  1650 I OMXMaster: makeComponentInstance(OMX.dolby.ac3.decoder) in omx@1.0-service process
01-17 09:20:50.216   684  1056 D AudioFlinger: trackStateChanged() Track id 717 state changed to 2
01-17 09:20:50.216   684  1056 I AudioFlinger: updateProcessedAudioState() Changing content processing in effect to 0
01-17 09:20:50.217   627  6441 D DlbDlbEffect: handle_EFFECT_CMD_SET_PARAM()
01-17 09:20:50.220   627  6441 D DlbDlbEffect: handle_EFFECT_CMD_SET_PARAM()
01-17 09:20:50.228   684  1056 D AudioFlinger: trackDestroyed() Track id 717 no longer contains processed audio
01-17 09:20:50.229   684   928 W AudioFlinger::EffectModule: EffectModule 0xee09e380 destructor called with unreleased interface
01-17 09:20:50.229   684   928 W AudioFlinger::EffectHandle: disconnect Effect handle 0xee531e00 disconnected after thread destruction
01-17 09:20:50.251   717  1650 I DDP_JOCDecoder: -> init name OMX.dolby.ac3.decoder
01-17 09:20:50.253   645   645 I DMSService: registerClient type = 0, uid = e7f0fb20
01-17 09:20:50.253   645   645 V DolbyMemoryService: registerClient() client 0x710ec74380, uid -403637472
01-17 09:20:50.253   717  1650 I DDP_JOCDecoder: <- init
01-17 09:20:50.253   717  1650 D DDP_JOCDecoder: initPorts
01-17 09:20:50.254   717  1650 E OMXNodeInstance: setConfig(0xe7b0a960:dolby.ac3.decoder, ConfigPriority(0x6f800002)) ERROR: Undefined(0x80001001)
01-17 09:20:50.254   710 29617 I ACodec  : codec does not support config priority (err -2147483648)
01-17 09:20:50.255   717 21044 E OMXNodeInstance: getConfig(0xe7b0a960:dolby.ac3.decoder, ConfigAndroidVendorExtension(0x6f100004)) ERROR: Undefined(0x80001001)
01-17 09:20:50.255   710 29617 I MediaCodec: MediaCodec will operate in async mode
01-17 09:20:50.255   710 29617 I ACodec  : setDolbyParameterOnProcessedAudio() Received dolby_processed_audio=1
01-17 09:20:50.255   710 29616 I NuPlayerDecoder: setDolbyMessage() Notifying player that Codec supports dolby_processed_audio flag
01-17 09:20:50.255   710 29611 I NuPlayer: onDolbyMessageReceived() Setting dolby_processed_audio flag on audio sink
01-17 09:20:50.255   710 29611 I MediaPlayerService: setDolbyParameters() Marking audio output as having dolby_processed_audio
01-17 09:20:50.256   645   645 I DMSService: unregisterClient type = 0, uid = e7f0fb20
01-17 09:20:50.270   645   645 D DatabaseHelper: failed to prepare SQL : INSERT INTO profiles VALUES(15
01-17 09:20:50.270   645   645 D DatabaseHelper: ,'custom','user2','user2','off','off')
01-17 09:20:50.270   645   645 D DatabaseHelper: failed to prepare SQL : INSERT INTO profile_endpoints VALUES(57
01-17 09:20:50.270   645   645 D DatabaseHelper: ,'custom','user2','speaker')
01-17 09:20:50.270   645   645 D DatabaseHelper: failed to prepare SQL : INSERT INTO profile_endpoints VALUES(57
01-17 09:20:50.270   645   645 D DatabaseHelper: ,'custom','user2','headphone')
01-17 09:20:50.270   645   645 D DatabaseHelper: failed to prepare SQL : INSERT INTO profile_endpoints VALUES(57
01-17 09:20:50.270   645   645 D DatabaseHelper: ,'custom','user2','passthrough')
01-17 09:20:50.270   645   645 D DatabaseHelper: failed to prepare SQL : INSERT INTO profile_endpoints VALUES(57
01-17 09:20:50.270   645   645 D DatabaseHelper: ,'custom','user2','other')
01-17 09:20:50.270   645   645 D DatabaseHelper: failed to prepare SQL : INSERT INTO profile_ports VALUES(85
01-17 09:20:50.270   645   645 D DatabaseHelper: ,'custom','user2','internal_speaker')
01-17 09:20:50.270   645   645 D DatabaseHelper: failed to prepare SQL : INSERT INTO profile_ports VALUES(85
01-17 09:20:50.270   645   645 D DatabaseHelper: ,'custom','user2','hdmi')
01-17 09:20:50.270   645   645 D DatabaseHelper: failed to prepare SQL : INSERT INTO profile_ports VALUES(85
01-17 09:20:50.270   645   645 D DatabaseHelper: ,'custom','user2','miracast')
01-17 09:20:50.270   645   645 D DatabaseHelper: failed to prepare SQL : INSERT INTO profile_ports VALUES(85
01-17 09:20:50.270   645   645 D DatabaseHelper: ,'custom','user2','headphone_port')
01-17 09:20:50.271   645   645 D DatabaseHelper: failed to prepare SQL : INSERT INTO profile_ports VALUES(85
01-17 09:20:50.271   645   645 D DatabaseHelper: ,'custom','user2','bluetooth')
01-17 09:20:50.271   645   645 D DatabaseHelper: failed to prepare SQL : INSERT INTO profile_ports VALUES(85
01-17 09:20:50.271   645   645 D DatabaseHelper: ,'custom','user2','usb')
01-17 09:20:50.271   645   645 D DatabaseHelper: failed to prepare SQL : INSERT INTO geq_presets VALUES(57
01-17 09:20:50.271   645   645 D DatabaseHelper: ,'custom','off','user2')
01-17 09:20:50.271   645   645 D DatabaseHelper: failed to prepare SQL : INSERT INTO geq_presets VALUES(57
01-17 09:20:50.271   645   645 D DatabaseHelper: ,'custom','open','user2')
01-17 09:20:50.271   645   645 D DatabaseHelper: failed to prepare SQL : INSERT INTO geq_presets VALUES(57
01-17 09:20:50.271   645   645 D DatabaseHelper: ,'custom','rich','user2')
01-17 09:20:50.271   645   645 D DatabaseHelper: failed to prepare SQL : INSERT INTO geq_presets VALUES(57
01-17 09:20:50.271   645   645 D DatabaseHelper: ,'custom','focused','user2')
01-17 09:20:50.276 29554 29554 D featureTest: receive broadcast , change ds profile id :5
01-17 09:20:50.285   627   627 D DlbDlbEffect: handle_EFFECT_CMD_SET_PARAM()
01-17 09:20:50.287   645   645 I DMSService: registerClient type = 4, uid = e7f0faf0
01-17 09:20:50.287   645   645 V DolbyMemoryService: registerClient() client 0x710ec74380, uid -403637516
01-17 09:20:50.287   717 20091 D DDP_JOCDecoder: internalSetParameter() Instantiating ARenderer for content processing in decoder
01-17 09:20:50.287   717 20091 I DlbDap2QmfProcess: Dap2Process()
01-17 09:20:50.287   717 20091 I ARenderer: ARenderer
01-17 09:20:50.287   717 20091 I evo_parser: evo_parser_init
01-17 09:20:50.287   717 20091 I DlbDap2QmfProcess: init()
01-17 09:20:50.287   717 20091 I DlbDap2QmfProcess: open()
01-17 09:20:50.288   717 20091 I DlbDap2QmfProcess: loadLicense() no license check!
01-17 09:20:50.288   717 20091 I DlbDap2QmfProcess: validateLicense() no license check!
01-17 09:20:50.288   717 20091 I DlbDap2QmfProcess: init() DAP opened
01-17 09:20:50.288   717 20091 I DlbDap2QmfProcess: DAP library version: 2.5.1-P2.0
01-17 09:20:50.288   717 20091 D DlbDap2QmfProcess: DAP output mode set to 1 with 2 output channels and null mix matrix.
01-17 09:20:50.288   710 29617 I ACodec  : setDolbyParameterOnProcessedAudio() Content processing enabled in decoder
01-17 09:20:50.290   626   626 W /system/bin/hw/android.hidl.allocator@1.0-service: ashmem_create_region(8192) returning hidl_memory(0x7b7102c330, 8192)
01-17 09:20:50.291   626   626 I chatty  : uid=1000(system) allocator@1.0-s identical 2 lines
01-17 09:20:50.292   626   626 W /system/bin/hw/android.hidl.allocator@1.0-service: ashmem_create_region(8192) returning hidl_memory(0x7b7102c330, 8192)
01-17 09:20:50.294   626   626 W /system/bin/hw/android.hidl.allocator@1.0-service: ashmem_create_region(147456) returning hidl_memory(0x7b7102c330, 147456)
01-17 09:20:50.295   626   626 W /system/bin/hw/android.hidl.allocator@1.0-service: ashmem_create_region(147456) returning hidl_memory(0x7b7102c330, 147456)
01-17 09:20:50.296   627  3892 I DlbEffectContext: setContentProcEnabled() Disabling content processing in effect
01-17 09:20:50.296   627  3892 D DlbDapEndpointParamCache: commitChangedParams()
01-17 09:20:50.296   627  3892 D DlbDapEndpointParamCache: commit() Applying parameters for device 0x40000000
01-17 09:20:50.296   627  3892 D DlbDap2Process: setParam(msce = #1[0])
01-17 09:20:50.296   627  3892 D DlbDap2Process: setParam(mdee = #1[0])
01-17 09:20:50.296   627  3892 D DlbDap2Process: setParam(miee = #1[0])
01-17 09:20:50.296   627  3892 D DlbDap2Process: setParam(mdle = #1[0])
01-17 09:20:50.296   627  3892 D DlbDap2Process: setParam(dvle = #1[0])
01-17 09:20:50.296   626   626 W /system/bin/hw/android.hidl.allocator@1.0-service: ashmem_create_region(147456) returning hidl_memory(0x7b7102c330, 147456)
01-17 09:20:50.296   627  3892 D DlbDap2Process: setParam(mave = #1[0])
01-17 09:20:50.296   627  3892 D DlbDap2Process: setParam(ieon = #1[0])
01-17 09:20:50.296   627  3892 D DlbDapEndpointParamCache: doCommit() Committed 7 parameters out of 16.
01-17 09:20:50.296   627  3892 D DlbDapEndpointParamCache: commit() Overriding parameters for current device 0x00000002
01-17 09:20:50.296   627  3892 D DlbDap2Process: setParam(dom = #1[0])
01-17 09:20:50.296   627  3892 D DlbDap2Process: setParam(dvle = #1[0])
01-17 09:20:50.296   627  3892 D DlbDap2Process: setParam(dvme = #1[0])
01-17 09:20:50.296   627  3892 D DlbDap2Process: setParam(deon = #1[0])
01-17 09:20:50.296   627  3892 D DlbDap2Process: setParam(ngon = #1[0])
01-17 09:20:50.296   627  3892 D DlbDapEndpointParamCache: doCommit() Committed 5 parameters out of 37.
01-17 09:20:50.297   626   626 W /system/bin/hw/android.hidl.allocator@1.0-service: ashmem_create_region(147456) returning hidl_memory(0x7b7102c330, 147456)
01-17 09:20:50.297   627  3892 D DlbDap2Process: setMave(mave = 0)
01-17 09:20:50.300   717 29620 I DDP_JOCDecoder: -> start
01-17 09:20:50.300   717 29620 I EndpConfig: DAP state has changed from -1 to 1
01-17 09:20:50.300   717 29620 D DDP_JOCDecoder: Setting Max Output Channels to 2
01-17 09:20:50.300   717 29620 D DDP_JOCDecoder: setMultiChannelPCMOutDownmix mConfig->jocForceDownmixMode 1
01-17 09:20:50.301   717 29620 I udc_user: 
01-17 09:20:50.301   717 29620 I udc_user: *** DDPlus Unified Decoder Simulation  Version 1.7.3 ***
01-17 09:20:50.301   717 29620 I udc_user: 
01-17 09:20:50.301   717 29620 I udc_user: 7.1-channel decoder-converter, 
01-17 09:20:50.301   717 29620 I udc_user: 
01-17 09:20:50.301   717 29620 I udc_user: 5.1-channel dual-decoder-converter, 
01-17 09:20:50.301   717 29620 I udc_user: Karaoke unsupported, 
01-17 09:20:50.301   717 29620 I udc_user: TPNP supported. 
01-17 09:20:50.301   717 29620 I udc_user: 
01-17 09:20:50.301   717 29620 I udc_user: Unpublished work.  Copyright 2003-2014 Dolby Laboratories, Inc. and
01-17 09:20:50.301   717 29620 I udc_user: Dolby Laboratories Licensing Corporation.  All Rights Reserved.
01-17 09:20:50.301   717 29620 I udc_user: 
01-17 09:20:50.301   717 29620 I udc_user: USE OF THIS SOFTWARE IS SUBJECT TO A LEGAL AGREEMENT BETWEEN YOU AND DOLBY
01-17 09:20:50.301   717 29620 I udc_user: LABORATORIES. DO NOT USE THIS SOFTWARE UNLESS YOU AGREE TO THE TERMS AND 
01-17 09:20:50.301   717 29620 I udc_user: CONDITIONS IN THE AGREEMENT.  BY USING THIS SOFTWARE, YOU ACKNOWLEDGE THAT 
01-17 09:20:50.301   717 29620 I udc_user: YOU HAVE READ THE AGREEMENT AND THAT YOU AGREE TO BE BOUND BY ITS TERMS. 
01-17 09:20:50.301   717 29620 I udc_user: 
01-17 09:20:50.302   717 29620 I ddpdec_client_joc: ddpdec_open JOCD_MODE Buffer assignment
01-17 09:20:50.302   717 29620 D DDP_JOCDecoder: mStarted = 1
01-17 09:20:50.302   717 29620 I DDP_JOCDecoder: <- start
01-17 09:20:50.302   717 29620 D ddpdec_client_joc: ddpdec_client.c|int configDecoder()
01-17 09:20:50.304   717 29620 D DDP_JOCDecoder: Setting Max Output Channels to 2
01-17 09:20:50.305   717 29620 I DlbDap2QmfProcess: close()
01-17 09:20:50.305   717 29620 I DlbDap2QmfProcess: init()
01-17 09:20:50.305   717 29620 I DlbDap2QmfProcess: open()
01-17 09:20:50.305   717 29620 I DlbDap2QmfProcess: loadLicense() no license check!
01-17 09:20:50.306   717 29620 I DlbDap2QmfProcess: validateLicense() no license check!
01-17 09:20:50.306   717 29620 I DlbDap2QmfProcess: init() DAP opened
01-17 09:20:50.306   717 29620 I DlbDap2QmfProcess: DAP library version: 2.5.1-P2.0
01-17 09:20:50.306   717 29620 D DlbDap2QmfProcess: DAP output mode set to 1 with 2 output channels and null mix matrix.
01-17 09:20:50.306   717 29620 D ARenderer: checkAndUpdateConfig: DAP reinitialized because of sample rate change
01-17 09:20:50.306   717 29620 D ARenderer: updateDapConfig: Updating DAP configuration
01-17 09:20:50.306   717 29620 D DlbDap2QmfProcess: setParam(iea = #1[10])
01-17 09:20:50.306   717 29620 D DlbDap2QmfProcess: setParam(msce = #1[0])
01-17 09:20:50.306   717 29620 D DlbDap2QmfProcess: setParam(mdee = #1[0])
01-17 09:20:50.306   717 29620 D DlbDap2QmfProcess: setParam(miee = #1[0])
01-17 09:20:50.306   717 29620 D DlbDap2QmfProcess: setParam(mdle = #1[0])
01-17 09:20:50.306   717 29620 D DlbDap2QmfProcess: setParam(dvle = #1[1])
01-17 09:20:50.306   717 29620 D DlbDap2QmfProcess: setParam(mave = #1[0])
01-17 09:20:50.306   717 29620 D DlbDap2QmfProcess: setParam(vcbf = #20[47, 141, 234, 328, 469, 656, 844, 1031, 1313, 1688, 2250, 3000, 3750, 4688, 5813, 7125, 9000, 11250, 13875, 19688])
01-17 09:20:50.306   717 29620 D DlbDap2QmfProcess: setParam(ieon = #1[0])
01-17 09:20:50.306   717 29620 D DlbDap2QmfProcess: setParam(gebs = #41[20, 47, 141, 234, 328, 469, 656, 844, 1031, 1313, 1688, 2250, 3000, 3750, 4688, 5813, 7125, 9000, 11250, 13875, 19688, 0, 0, 0, 0, 0, 0, 0, 0, 0, 0, 0, 0, 0, 0, 0, 0, 0, 0, 0, 0])
01-17 09:20:50.306   717 29620 D DlbDap2QmfProcess: setParam(iebs = #41[20, 65, 136, 223, 332, 467, 634, 841, 1098, 1416, 1812, 2302, 2909, 3663, 4598, 5756, 7194, 8976, 11186, 13927, 17326, 117, 133, 188, 176, 141, 149, 175, 185, 185, 200, 236, 242, 228, 213, 182, 132, 110, 68, -27, -240])
01-17 09:20:50.306   717 29620 D DlbDap2QmfProcess: setParam(dea = #1[7])
01-17 09:20:50.306   717 29620 D DlbDap2QmfProcess: setParam(dsa = #1[10])
01-17 09:20:50.306   717 29620 D DlbDap2QmfProcess: setParam(beb = #1[192])
01-17 09:20:50.306   717 29620 D DlbDap2QmfProcess: setParam(plb = #1[0])
01-17 09:20:50.306   717 29620 D DlbDap2QmfProcess: setParam(vmb = #1[144])
01-17 09:20:50.306   717 29620 D DlbDap2QmfProcess: setParam(dsb = #1[48])
01-17 09:20:50.306   717 29620 D DlbDap2QmfProcess: setParam(ded = #1[0])
01-17 09:20:50.306   717 29620 D DlbDap2QmfProcess: setParam(dom = #1[0])
01-17 09:20:50.306   717 29620 D DlbDap2QmfProcess: setParam(bew = #1[16])
01-17 09:20:50.306   717 29620 D DlbDap2QmfProcess: setParam(dvla = #1[5])
01-17 09:20:50.307   717 29620 D DlbDap2QmfProcess: setParam(dfsa = #1[10])
01-17 09:20:50.307   717 29620 D DlbDap2QmfProcess: setParam(dhsa = #1[10])
01-17 09:20:50.307   717 29620 D DlbDap2QmfProcess: setParam(dvmc = #1[0])
01-17 09:20:50.307   717 29620 D DlbDap2QmfProcess: setParam(dvle = #1[1])
01-17 09:20:50.307   717 29620 D DlbDap2QmfProcess: setParam(dvme = #1[0])
01-17 09:20:50.307   717 29620 D DlbDap2QmfProcess: setParam(becf = #1[200])
01-17 09:20:50.307   717 29620 D DlbDap2QmfProcess: setParam(vbmf = #2[94, 469])
01-17 09:20:50.307   717 29620 D DlbDap2QmfProcess: setParam(vbsf = #2[35, 160])
01-17 09:20:50.307   717 29620 D DlbDap2QmfProcess: setParam(vbhg = #3[-32, -144, -192])
01-17 09:20:50.307   717 29620 D DlbDap2QmfProcess: setParam(vbog = #1[0])
01-17 09:20:50.307   717 29620 D DlbDap2QmfProcess: setParam(vbsg = #1[0])
01-17 09:20:50.307   717 29620 D DlbDap2QmfProcess: setParam(dvli = #1[-320])
01-17 09:20:50.307   717 29620 D DlbDap2QmfProcess: setParam(dhfm = #1[2])
01-17 09:20:50.307   717 29620 D DlbDap2QmfProcess: setParam(deon = #1[0])
01-17 09:20:50.307   717 29620 D DlbDap2QmfProcess: setParam(ngon = #1[1])
01-17 09:20:50.307   717 29620 D DlbDap2QmfProcess: setParam(dvlo = #1[-320])
01-17 09:20:50.307   717 29620 D DlbDap2QmfProcess: setParam(aobs = #222[20, 10, 47, 141, 234, 328, 469, 656, 844, 1031, 1313, 1688, 2250, 3000, 3750, 4688, 5813, 7125, 9000, 11250, 13875, 19688, 0, 0, 0, 0, 0, 0, 0, 0, 0, 0, 0, 0, 0, 0, 0, 0, 0, 0, 0, 0, 0, 0, 0, 0, 0, 0, 0, 0, 0, 0, 0, 0, 0, 0, 0, 0, 0, 0, 0, 0, 0, 0, 0, 0, 0, 0, 0, 0, 0, 0, 0, 0, 0, 0, 0, 0, 0, 0, 0, 0, 0, 0, 0, 0, 0, 0, 0, 0, 0, 0, 0, 0, 0, 0, 0, 0, 0, 0, 0, 0, 0, 0, 0, 0, 0, 0, 0, 0, 0, 0, 0, 0, 0, 0, 0, 0, 0, 0, 0, 0, 0, 0, 0, 0, 0, 0, 0, 0, 0, 0, 0, 0, 0, 0, 0, 0, 0, 0, 0, 0, 0, 0, 0, 0, 0, 0, 0, 0, 0, 0, 0, 0, 0, 0, 0, 0, 0, 0, 0, 0, 0, 0, 0, 0, 0, 0, 0, 0, 0, 0, 0, 0, 0, 0, 0, 0, 0, 0, 0, 0, 0, 0, 0, 0, 0, 0, 0, 0, 0, 0, 0, 0, 0, 0, 0, 0, 0, 0, 0, 0, 0, 0, 0, 0, 0, 0, 0, 0, 0, 0, 0, 0, 0, 0, 0, 0, 0, 0, 0, 0])
01-17 09:20:50.307   717 29620 D DlbDap2QmfProcess: setParam(dvle = #1[1])
01-17 09:20:50.307   717 29620 D DlbDap2QmfProcess: setParam(dvli = #1[-496])
01-17 09:20:50.307   717 29620 D DlbDap2QmfProcess: setParam(dvlo = #1[-176])
01-17 09:20:50.308   717 29620 D ARenderer: updateDapVolumeLeveler: Setting output level to -11.00dB
01-17 09:20:50.308   717 29620 D DlbDap2QmfProcess: setParam(vmb = #1[0])
01-17 09:20:50.308   717 29620 D DlbDap2QmfProcess: setParam(preg = #1[-384])
01-17 09:20:50.308   717 29620 D DlbDap2QmfProcess: setParam(vol = #1[384])
01-17 09:20:50.308   717 29620 D DlbDlbBufferProvider: setConfig() Updating buffer configuration.
01-17 09:20:50.308   717 29620 D DlbDap2QmfProcess: processQmf() called [0] times
01-17 09:20:50.308   717 29620 D DlbDap2QmfProcess: setMave(mave = 0)
01-17 09:20:50.316   710 29615 D AudioTrack: Client defaulted notificationFrames to 12000 for frameCount 24000
01-17 09:20:50.317   684  7228 I AudioFlinger: attachAuxEffect(): Marking track 718 as containing processed audio
01-17 09:20:50.317   684  7228 D AudioFlinger: trackContainsProcessedAudio() Track id 718 contains processed audio
01-17 09:20:50.319   626   626 W /system/bin/hw/android.hidl.allocator@1.0-service: ashmem_create_region(3840) returning hidl_memory(0x7b7102c330, 3840)
01-17 09:20:50.322   626   626 W /system/bin/hw/android.hidl.allocator@1.0-service: ashmem_create_region(3840) returning hidl_memory(0x7b7102c330, 3840)
01-17 09:20:50.323   684   684 D AudioFlinger: trackStateChanged() Track id 718 state changed to 6
01-17 09:20:50.323   684   684 I AudioFlinger: updateProcessedAudioState() Changing content processing in effect to 1
01-17 09:20:50.323   627  6441 D DlbDlbEffect: handle_EFFECT_CMD_SET_PARAM()
01-17 09:20:50.324   710 29611 D NuPlayerDriver: notifyListener_l(0xe6bcb460), (6, 0, 0, -1), loop setting(0, 1)
01-17 09:20:50.326   627  3892 D DlbDapCrossfadeProcess: process transitioning from FADE_TO_ACTIVE state to DAP_ACTIVE
01-17 09:20:50.340 29554 29554 D featureTest: receive broadcast , change bass enable :0
01-17 09:20:50.354   627   627 D DlbDlbEffect: handle_EFFECT_CMD_SET_PARAM()
01-17 09:20:50.355   717 29620 D ARenderer: updateDapConfig: Updating DAP configuration
01-17 09:20:50.356   717 29620 D DlbDap2QmfProcess: setParam(iea = #1[10])
01-17 09:20:50.356   717 29620 D DlbDap2QmfProcess: setParam(msce = #1[0])
01-17 09:20:50.356   717 29620 D DlbDap2QmfProcess: setParam(mdee = #1[0])
01-17 09:20:50.356   717 29620 D DlbDap2QmfProcess: setParam(miee = #1[0])
01-17 09:20:50.356   717 29620 D DlbDap2QmfProcess: setParam(mdle = #1[0])
01-17 09:20:50.356   717 29620 D DlbDap2QmfProcess: setParam(dvle = #1[1])
01-17 09:20:50.356   717 29620 D DlbDap2QmfProcess: setParam(mave = #1[0])
01-17 09:20:50.356   717 29620 D DlbDap2QmfProcess: setParam(vcbf = #20[47, 141, 234, 328, 469, 656, 844, 1031, 1313, 1688, 2250, 3000, 3750, 4688, 5813, 7125, 9000, 11250, 13875, 19688])
01-17 09:20:50.356   717 29620 D DlbDap2QmfProcess: setParam(ieon = #1[0])
01-17 09:20:50.356   717 29620 D DlbDap2QmfProcess: setParam(gebs = #41[20, 47, 141, 234, 328, 469, 656, 844, 1031, 1313, 1688, 2250, 3000, 3750, 4688, 5813, 7125, 9000, 11250, 13875, 19688, 0, 0, 0, 0, 0, 0, 0, 0, 0, 0, 0, 0, 0, 0, 0, 0, 0, 0, 0, 0])
01-17 09:20:50.356   717 29620 D DlbDap2QmfProcess: setParam(iebs = #41[20, 65, 136, 223, 332, 467, 634, 841, 1098, 1416, 1812, 2302, 2909, 3663, 4598, 5756, 7194, 8976, 11186, 13927, 17326, 117, 133, 188, 176, 141, 149, 175, 185, 185, 200, 236, 242, 228, 213, 182, 132, 110, 68, -27, -240])
01-17 09:20:50.356   717 29620 D DlbDap2QmfProcess: setParam(dea = #1[7])
01-17 09:20:50.356   717 29620 D DlbDap2QmfProcess: setParam(dsa = #1[10])
01-17 09:20:50.356   717 29620 D DlbDap2QmfProcess: setParam(beb = #1[192])
01-17 09:20:50.356   717 29620 D DlbDap2QmfProcess: setParam(plb = #1[0])
01-17 09:20:50.356   717 29620 D DlbDap2QmfProcess: setParam(vmb = #1[144])
01-17 09:20:50.356   717 29620 D DlbDap2QmfProcess: setParam(dsb = #1[48])
01-17 09:20:50.356   717 29620 D DlbDap2QmfProcess: setParam(ded = #1[0])
01-17 09:20:50.356   717 29620 D DlbDap2QmfProcess: setParam(dom = #1[0])
01-17 09:20:50.356   717 29620 D DlbDap2QmfProcess: setParam(bew = #1[16])
01-17 09:20:50.356   717 29620 D DlbDap2QmfProcess: setParam(dvla = #1[5])
01-17 09:20:50.356   717 29620 D DlbDap2QmfProcess: setParam(dfsa = #1[10])
01-17 09:20:50.356   717 29620 D DlbDap2QmfProcess: setParam(dhsa = #1[10])
01-17 09:20:50.356   717 29620 D DlbDap2QmfProcess: setParam(dvmc = #1[0])
01-17 09:20:50.356   717 29620 D DlbDap2QmfProcess: setParam(dvle = #1[1])
01-17 09:20:50.356   717 29620 D DlbDap2QmfProcess: setParam(dvme = #1[0])
01-17 09:20:50.356   717 29620 D DlbDap2QmfProcess: setParam(becf = #1[200])
01-17 09:20:50.356   717 29620 D DlbDap2QmfProcess: setParam(vbmf = #2[94, 469])
01-17 09:20:50.356   717 29620 D DlbDap2QmfProcess: setParam(vbsf = #2[35, 160])
01-17 09:20:50.356   717 29620 D DlbDap2QmfProcess: setParam(vbhg = #3[-32, -144, -192])
01-17 09:20:50.356   717 29620 D DlbDap2QmfProcess: setParam(vbog = #1[0])
01-17 09:20:50.356   717 29620 D DlbDap2QmfProcess: setParam(vbsg = #1[0])
01-17 09:20:50.356   717 29620 D DlbDap2QmfProcess: setParam(dvli = #1[-320])
01-17 09:20:50.356   717 29620 D DlbDap2QmfProcess: setParam(dhfm = #1[2])
01-17 09:20:50.356   717 29620 D DlbDap2QmfProcess: setParam(deon = #1[0])
01-17 09:20:50.357   717 29620 D DlbDap2QmfProcess: setParam(ngon = #1[1])
01-17 09:20:50.357   717 29620 D DlbDap2QmfProcess: setParam(dvlo = #1[-320])
01-17 09:20:50.357   717 29620 D DlbDap2QmfProcess: setParam(aobs = #222[20, 10, 47, 141, 234, 328, 469, 656, 844, 1031, 1313, 1688, 2250, 3000, 3750, 4688, 5813, 7125, 9000, 11250, 13875, 19688, 0, 0, 0, 0, 0, 0, 0, 0, 0, 0, 0, 0, 0, 0, 0, 0, 0, 0, 0, 0, 0, 0, 0, 0, 0, 0, 0, 0, 0, 0, 0, 0, 0, 0, 0, 0, 0, 0, 0, 0, 0, 0, 0, 0, 0, 0, 0, 0, 0, 0, 0, 0, 0, 0, 0, 0, 0, 0, 0, 0, 0, 0, 0, 0, 0, 0, 0, 0, 0, 0, 0, 0, 0, 0, 0, 0, 0, 0, 0, 0, 0, 0, 0, 0, 0, 0, 0, 0, 0, 0, 0, 0, 0, 0, 0, 0, 0, 0, 0, 0, 0, 0, 0, 0, 0, 0, 0, 0, 0, 0, 0, 0, 0, 0, 0, 0, 0, 0, 0, 0, 0, 0, 0, 0, 0, 0, 0, 0, 0, 0, 0, 0, 0, 0, 0, 0, 0, 0, 0, 0, 0, 0, 0, 0, 0, 0, 0, 0, 0, 0, 0, 0, 0, 0, 0, 0, 0, 0, 0, 0, 0, 0, 0, 0, 0, 0, 0, 0, 0, 0, 0, 0, 0, 0, 0, 0, 0, 0, 0, 0, 0, 0, 0, 0, 0, 0, 0, 0, 0, 0, 0, 0, 0, 0, 0, 0, 0, 0, 0, 0])
01-17 09:20:50.357   717 29620 D DlbDap2QmfProcess: setParam(dvle = #1[1])
01-17 09:20:50.357   717 29620 D DlbDap2QmfProcess: setParam(dvli = #1[-496])
01-17 09:20:50.357   717 29620 D DlbDap2QmfProcess: setParam(dvlo = #1[-176])
01-17 09:20:50.357   717 29620 D ARenderer: updateDapVolumeLeveler: Setting output level to -11.00dB
01-17 09:20:50.357   717 29620 D DlbDap2QmfProcess: setParam(vmb = #1[0])
01-17 09:20:50.357   717 29620 D DlbDap2QmfProcess: setParam(preg = #1[-384])
01-17 09:20:50.357   717 29620 D DlbDap2QmfProcess: setParam(vol = #1[384])
01-17 09:20:50.357   717 29620 D DlbDap2QmfProcess: setMave(mave = 0)
01-17 09:20:50.362   627  3892 I DlbEffectDap: setParam() Start crossfade with VB enabled state 0
01-17 09:20:50.362   627  3892 D DlbDapCrossfadeProcess: setEnabled transitioning from DAP_ACTIVE state to FADE_TO_BYPASS
01-17 09:20:50.362   627  3892 D DlbDapEndpointParamCache: commitChangedParams()
01-17 09:20:50.362   627  3892 D DlbDapEndpointParamCache: commit() Applying parameters for device 0x40000000
01-17 09:20:50.362   627  3892 D DlbDap2Process: setParam(iea = #1[10])
01-17 09:20:50.362   627  3892 D DlbDap2Process: setParam(vcbf = #20[47, 141, 234, 328, 469, 656, 844, 1031, 1313, 1688, 2250, 3000, 3750, 4688, 5813, 7125, 9000, 11250, 13875, 19688])
01-17 09:20:50.362   627  3892 D DlbDap2Process: setParam(vbon = #1[0])
01-17 09:20:50.362   627  3892 D DlbDap2Process: setParam(beon = #1[0])
01-17 09:20:50.362   627  3892 D DlbDap2Process: setParam(geon = #1[0])
01-17 09:20:50.362   627  3892 D DlbDap2Process: setParam(gebs = #41[20, 47, 141, 234, 328, 469, 656, 844, 1031, 1313, 1688, 2250, 3000, 3750, 4688, 5813, 7125, 9000, 11250, 13875, 19688, 0, 0, 0, 0, 0, 0, 0, 0, 0, 0, 0, 0, 0, 0, 0, 0, 0, 0, 0, 0])
01-17 09:20:50.362   627  3892 D DlbDap2Process: setParam(iebs = #41[20, 65, 136, 223, 332, 467, 634, 841, 1098, 1416, 1812, 2302, 2909, 3663, 4598, 5756, 7194, 8976, 11186, 13927, 17326, 117, 133, 188, 176, 141, 149, 175, 185, 185, 200, 236, 242, 228, 213, 182, 132, 110, 68, -27, -240])
01-17 09:20:50.362   627  3892 D DlbDapEndpointParamCache: doCommit() Committed 8 parameters out of 16.
01-17 09:20:50.362   627  3892 D DlbDapEndpointParamCache: commit() Overriding parameters for current device 0x00000002
01-17 09:20:50.362   627  3892 D DlbDap2Process: setParam(dea = #1[7])
01-17 09:20:50.362   627  3892 D DlbDap2Process: setParam(dsa = #1[10])
01-17 09:20:50.362   627  3892 D DlbDap2Process: setParam(beb = #1[192])
01-17 09:20:50.362   627  3892 D DlbDap2Process: setParam(plb = #1[0])
01-17 09:20:50.362   627  3892 D DlbDap2Process: setParam(vmb = #1[144])
01-17 09:20:50.362   627  3892 D DlbDap2Process: setParam(dsb = #1[48])
01-17 09:20:50.362   627  3892 D DlbDap2Process: setParam(ded = #1[0])
01-17 09:20:50.362   627  3892 D DlbDap2Process: setParam(vbm = #1[3])
01-17 09:20:50.362   627  3892 D DlbDap2Process: setParam(bew = #1[16])
01-17 09:20:50.362   627  3892 D DlbDap2Process: setParam(dvla = #1[5])
01-17 09:20:50.362   627  3892 D DlbDap2Process: setParam(arra = #1[96])
01-17 09:20:50.362   627  3892 D DlbDap2Process: setParam(dfsa = #1[10])
01-17 09:20:50.362   627  3892 D DlbDap2Process: setParam(dhsa = #1[10])
01-17 09:20:50.362   627  3892 D DlbDap2Process: setParam(dvmc = #1[0])
01-17 09:20:50.362   627  3892 D DlbDap2Process: setParam(arod = #1[0])
01-17 09:20:50.362   627  3892 D DlbDap2Process: setParam(arde = #1[1])
01-17 09:20:50.362   627  3892 D DlbDap2Process: setParam(becf = #1[200])
01-17 09:20:50.362   627  3892 D DlbDap2Process: setParam(vbmf = #2[94, 469])
01-17 09:20:50.363   627  3892 D DlbDap2Process: setParam(vbsf = #2[35, 160])
01-17 09:20:50.363   627  3892 D DlbDap2Process: setParam(vbhg = #3[-32, -144, -192])
01-17 09:20:50.363   627  3892 D DlbDap2Process: setParam(vbog = #1[0])
01-17 09:20:50.363   627  3892 D DlbDap2Process: setParam(vbsg = #1[0])
01-17 09:20:50.363   627  3892 D DlbDap2Process: setParam(dvli = #1[-320])
01-17 09:20:50.363   627  3892 D DlbDap2Process: setParam(dhfm = #1[2])
01-17 09:20:50.363   627  3892 D DlbDap2Process: setParam(vbon = #1[0])
01-17 09:20:50.363   627  3892 D DlbDap2Process: setParam(beon = #1[0])
01-17 09:20:50.363   627  3892 D DlbDap2Process: setParam(aoon = #1[1])
01-17 09:20:50.363   627  3892 D DlbDap2Process: setParam(aron = #1[1])
01-17 09:20:50.363   627  3892 D DlbDap2Process: setParam(dvlo = #1[-320])
01-17 09:20:50.363   627  3892 D DlbDap2Process: setParam(artp = #1[12])
01-17 09:20:50.363   627  3892 D DlbDap2Process: setParam(aobs = #222[20, 10, 47, 141, 234, 328, 469, 656, 844, 1031, 1313, 1688, 2250, 3000, 3750, 4688, 5813, 7125, 9000, 11250, 13875, 19688, 0, 0, 0, 0, 0, 0, 0, 0, 0, 0, 0, 0, 0, 0, 0, 0, 0, 0, 0, 0, 0, 0, 0, 0, 0, 0, 0, 0, 0, 0, 0, 0, 0, 0, 0, 0, 0, 0, 0, 0, 0, 0, 0, 0, 0, 0, 0, 0, 0, 0, 0, 0, 0, 0, 0, 0, 0, 0, 0, 0, 0, 0, 0, 0, 0, 0, 0, 0, 0, 0, 0, 0, 0, 0, 0, 0, 0, 0, 0, 0, 0, 0, 0, 0, 0, 0, 0, 0, 0, 0, 0, 0, 0, 0, 0, 0, 0, 0, 0, 0, 0, 0, 0, 0, 0, 0, 0, 0, 0, 0, 0, 0, 0, 0, 0, 0, 0, 0, 0, 0, 0, 0, 0, 0, 0, 0, 0, 0, 0, 0, 0, 0, 0, 0, 0, 0, 0, 0, 0, 0, 0, 0, 0, 0, 0, 0, 0, 0, 0, 0, 0, 0, 0, 0, 0, 0, 0, 0, 0, 0, 0, 0, 0, 0, 0, 0, 0, 0, 0, 0, 0, 0, 0, 0, 0, 0, 0, 0, 0, 0, 0, 0, 0, 0, 0, 0, 0, 0, 0, 0, 0, 0, 0, 0, 0, 0, 0, 0, 0, 0])
01-17 09:20:50.363   627  3892 D DlbDap2Process: setParam(arbs = #81[20, 47, 141, 234, 328, 469, 656, 844, 1031, 1313, 1688, 2250, 3000, 3750, 4688, 5813, 7125, 9000, 11250, 13875, 19688, -192, -192, -192, -192, -192, -192, -192, -192, -192, -192, -192, -192, -192, -192, -192, -192, -192, -192, -192, -192, 0, 0, 0, 0, 0, 0, 0, 0, 0, 0, 0, 0, 0, 0, 0, 0, 0, 0, 0, 0, 0, 0, 0, 0, 0, 0, 0, 0, 0, 0, 0, 0, 0, 0, 0, 0, 0, 0, 0, 0])
01-17 09:20:50.363   627  3892 D DlbDapEndpointParamCache: doCommit() Committed 32 parameters out of 37.
01-17 09:20:50.364 29554 29559 I zygote64: Do partial code cache collection, code=9KB, data=13KB
01-17 09:20:50.364 29554 29559 I zygote64: After code cache collection, code=9KB, data=13KB
01-17 09:20:50.364 29554 29559 I zygote64: Increasing code cache capacity to 128KB
01-17 09:20:50.365 29554 29559 I zygote64: Do partial code cache collection, code=9KB, data=33KB
01-17 09:20:50.365 29554 29559 I zygote64: After code cache collection, code=9KB, data=33KB
01-17 09:20:50.365 29554 29559 I zygote64: Increasing code cache capacity to 256KB
01-17 09:20:50.366 29554 29559 I zygote64: Compiler allocated 8MB to compile void android.widget.TextView.<init>(android.content.Context, android.util.AttributeSet, int, int)
01-17 09:20:50.408 29554 29554 D featureTest: receive broadcast , record log :0
01-17 09:20:50.445   627  3892 D DlbDapCrossfadeProcess: process transitioning from FADE_TO_BYPASS state to DAP_BYPASSED
01-17 09:20:50.464   627  3892 I DlbEffectDap: setVbEnabled() Reset DAP with VB enabled state 0
01-17 09:20:50.464   627  3892 I DlbDapCrossfadeProcess: reset()
01-17 09:20:50.464   627  3892 I DlbDapBufferAdapter: reset()
01-17 09:20:50.464   627  3892 I DlbDap2Process: close()
01-17 09:20:50.465   627  3892 I DlbDap2Process: init()
01-17 09:20:50.465   627  3892 I DlbDap2Process: open()
01-17 09:20:50.465   627  3892 I DlbDap2Process: loadLicense() no license check!
01-17 09:20:50.465   627  3892 I DlbDap2Process: validateLicense() no license check!
01-17 09:20:50.465   627  3892 I DlbDap2Process: init() DAP opened
01-17 09:20:50.465   627  3892 I DlbDap2Process: DAP library version: 2.5.1-P2.0
01-17 09:20:50.465   627  3892 D DlbDap2Process: DAP output mode set to 1 with 2 output channels and null mix matrix.
01-17 09:20:50.465   627  3892 D DlbDapEndpointParamCache: commitAllParams()
01-17 09:20:50.465   627  3892 D DlbDapEndpointParamCache: commit() Applying parameters for device 0x40000000
01-17 09:20:50.465   627  3892 D DlbDap2Process: setParam(iea = #1[10])
01-17 09:20:50.465   627  3892 D DlbDap2Process: setParam(msce = #1[0])
01-17 09:20:50.466   627  3892 D DlbDap2Process: setParam(mdee = #1[0])
01-17 09:20:50.466   627  3892 D DlbDap2Process: setParam(miee = #1[0])
01-17 09:20:50.466   627  3892 D DlbDap2Process: setParam(mdle = #1[0])
01-17 09:20:50.466   627  3892 D DlbDap2Process: setParam(dvle = #1[0])
01-17 09:20:50.466   627  3892 D DlbDap2Process: setParam(mave = #1[0])
01-17 09:20:50.466   627  3892 D DlbDap2Process: setParam(vcbf = #20[47, 141, 234, 328, 469, 656, 844, 1031, 1313, 1688, 2250, 3000, 3750, 4688, 5813, 7125, 9000, 11250, 13875, 19688])
01-17 09:20:50.466   627  3892 D DlbDap2Process: setParam(preg = #1[-666])
01-17 09:20:50.466   627  3892 D DlbDap2Process: setParam(vbon = #1[0])
01-17 09:20:50.466   627  3892 D DlbDap2Process: setParam(beon = #1[0])
01-17 09:20:50.466   627  3892 D DlbDap2Process: setParam(geon = #1[0])
01-17 09:20:50.466   627  3892 D DlbDap2Process: setParam(ieon = #1[0])
01-17 09:20:50.466   627  3892 D DlbDap2Process: setParam(gebs = #41[20, 47, 141, 234, 328, 469, 656, 844, 1031, 1313, 1688, 2250, 3000, 3750, 4688, 5813, 7125, 9000, 11250, 13875, 19688, 0, 0, 0, 0, 0, 0, 0, 0, 0, 0, 0, 0, 0, 0, 0, 0, 0, 0, 0, 0])
01-17 09:20:50.466   627  3892 D DlbDap2Process: setParam(iebs = #41[20, 65, 136, 223, 332, 467, 634, 841, 1098, 1416, 1812, 2302, 2909, 3663, 4598, 5756, 7194, 8976, 11186, 13927, 17326, 117, 133, 188, 176, 141, 149, 175, 185, 185, 200, 236, 242, 228, 213, 182, 132, 110, 68, -27, -240])
01-17 09:20:50.466   627  3892 D DlbDapEndpointParamCache: doCommit() Committed 16 parameters out of 16.
01-17 09:20:50.466   627  3892 D DlbDapEndpointParamCache: commit() Overriding parameters for current device 0x00000002
01-17 09:20:50.466   627  3892 D DlbDap2Process: setParam(dea = #1[7])
01-17 09:20:50.466   627  3892 D DlbDap2Process: setParam(dsa = #1[10])
01-17 09:20:50.466   627  3892 D DlbDap2Process: setParam(beb = #1[192])
01-17 09:20:50.467   627  3892 D DlbDap2Process: setParam(plb = #1[0])
01-17 09:20:50.467   627  3892 D DlbDap2Process: setParam(vmb = #1[144])
01-17 09:20:50.467   627  3892 D DlbDap2Process: setParam(dsb = #1[48])
01-17 09:20:50.467   627  3892 D DlbDap2Process: setParam(ded = #1[0])
01-17 09:20:50.467   627  3892 D DlbDap2Process: setParam(vbm = #1[3])
01-17 09:20:50.467   627  3892 D DlbDap2Process: setParam(dom = #1[0])
01-17 09:20:50.467   627  3892 D DlbDap2Process: setParam(bew = #1[16])
01-17 09:20:50.467   627  3892 D DlbDap2Process: setParam(dvla = #1[5])
01-17 09:20:50.467   627  3892 D DlbDap2Process: setParam(arra = #1[96])
01-17 09:20:50.467   627  3892 D DlbDap2Process: setParam(dfsa = #1[10])
01-17 09:20:50.467   627  3892 D DlbDap2Process: setParam(dhsa = #1[10])
01-17 09:20:50.467   627  3892 D DlbDap2Process: setParam(dvmc = #1[0])
01-17 09:20:50.467   627  3892 D DlbDap2Process: setParam(arod = #1[0])
01-17 09:20:50.467   627  3892 D DlbDap2Process: setParam(arde = #1[1])
01-17 09:20:50.467   627  3892 D DlbDap2Process: setParam(dvle = #1[0])
01-17 09:20:50.467   627  3892 D DlbDap2Process: setParam(dvme = #1[0])
01-17 09:20:50.467   627  3892 D DlbDap2Process: setParam(becf = #1[200])
01-17 09:20:50.467   627  3892 D DlbDap2Process: setParam(vbmf = #2[94, 469])
01-17 09:20:50.467   627  3892 D DlbDap2Process: setParam(vbsf = #2[35, 160])
01-17 09:20:50.467   627  3892 D DlbDap2Process: setParam(vbhg = #3[-32, -144, -192])
01-17 09:20:50.467   627  3892 D DlbDap2Process: setParam(vbog = #1[0])
01-17 09:20:50.467   627  3892 D DlbDap2Process: setParam(vbsg = #1[0])
01-17 09:20:50.467   627  3892 D DlbDap2Process: setParam(dvli = #1[-320])
01-17 09:20:50.467   627  3892 D DlbDap2Process: setParam(dhfm = #1[2])
01-17 09:20:50.467   627  3892 D DlbDap2Process: setParam(vbon = #1[0])
01-17 09:20:50.468   627  3892 D DlbDap2Process: setParam(beon = #1[0])
01-17 09:20:50.468   627  3892 D DlbDap2Process: setParam(deon = #1[0])
01-17 09:20:50.468   627  3892 D DlbDap2Process: setParam(ngon = #1[0])
01-17 09:20:50.468   627  3892 D DlbDap2Process: setParam(aoon = #1[1])
01-17 09:20:50.468   627  3892 D DlbDap2Process: setParam(aron = #1[1])
01-17 09:20:50.468   627  3892 D DlbDap2Process: setParam(dvlo = #1[-320])
01-17 09:20:50.468   627  3892 D DlbDap2Process: setParam(artp = #1[12])
01-17 09:20:50.468   627  3892 D DlbDap2Process: setParam(aobs = #222[20, 10, 47, 141, 234, 328, 469, 656, 844, 1031, 1313, 1688, 2250, 3000, 3750, 4688, 5813, 7125, 9000, 11250, 13875, 19688, 0, 0, 0, 0, 0, 0, 0, 0, 0, 0, 0, 0, 0, 0, 0, 0, 0, 0, 0, 0, 0, 0, 0, 0, 0, 0, 0, 0, 0, 0, 0, 0, 0, 0, 0, 0, 0, 0, 0, 0, 0, 0, 0, 0, 0, 0, 0, 0, 0, 0, 0, 0, 0, 0, 0, 0, 0, 0, 0, 0, 0, 0, 0, 0, 0, 0, 0, 0, 0, 0, 0, 0, 0, 0, 0, 0, 0, 0, 0, 0, 0, 0, 0, 0, 0, 0, 0, 0, 0, 0, 0, 0, 0, 0, 0, 0, 0, 0, 0, 0, 0, 0, 0, 0, 0, 0, 0, 0, 0, 0, 0, 0, 0, 0, 0, 0, 0, 0, 0, 0, 0, 0, 0, 0, 0, 0, 0, 0, 0, 0, 0, 0, 0, 0, 0, 0, 0, 0, 0, 0, 0, 0, 0, 0, 0, 0, 0, 0, 0, 0, 0, 0, 0, 0, 0, 0, 0, 0, 0, 0, 0, 0, 0, 0, 0, 0, 0, 0, 0, 0, 0, 0, 0, 0, 0, 0, 0, 0, 0, 0, 0, 0, 0, 0, 0, 0, 0, 0, 0, 0, 0, 0, 0, 0, 0, 0, 0, 0, 0, 0])
01-17 09:20:50.469   627  3892 D DlbDap2Process: setParam(arbs = #81[20, 47, 141, 234, 328, 469, 656, 844, 1031, 1313, 1688, 2250, 3000, 3750, 4688, 5813, 7125, 9000, 11250, 13875, 19688, -192, -192, -192, -192, -192, -192, -192, -192, -192, -192, -192, -192, -192, -192, -192, -192, -192, -192, -192, -192, 0, 0, 0, 0, 0, 0, 0, 0, 0, 0, 0, 0, 0, 0, 0, 0, 0, 0, 0, 0, 0, 0, 0, 0, 0, 0, 0, 0, 0, 0, 0, 0, 0, 0, 0, 0, 0, 0, 0, 0])
01-17 09:20:50.469   627  3892 D DlbDapEndpointParamCache: doCommit() Committed 37 parameters out of 37.
01-17 09:20:50.469   627  3892 D DlbDapCrossfadeProcess: setEnabled transitioning from DAP_BYPASSED state to PREROLL_ACTIVE
01-17 09:20:50.484   627  3892 D DlbDap2Process: setMave(mave = 0)
01-17 09:20:50.524   627  3892 D DlbDapCrossfadeProcess: process transitioning from PREROLL_ACTIVE state to FADE_TO_ACTIVE
01-17 09:20:50.645   627  3892 D DlbDapCrossfadeProcess: process transitioning from FADE_TO_ACTIVE state to DAP_ACTIVE
01-17 09:20:51.907   945   945 W WindowManager: removeWindowToken: Attempted to remove non-existing token: android.os.Binder@c575a9b
01-17 09:20:51.954   475   475 D SurfaceFlinger: duplicate layer name: changing Toast to Toast#1
01-17 09:20:52.845   627  3892 D DlbDap2Process: process() called [453000] times
01-17 09:20:53.929   945   945 W WindowManager: removeWindowToken: Attempted to remove non-existing token: android.os.Binder@7c70577
01-17 09:20:54.694   710 29616 I NuPlayerDecoder: [audio] saw output EOS
01-17 09:20:54.694   710 29615 D AudioTrack: stop() called with 230400 frames delivered
01-17 09:20:55.189   710 29611 D NuPlayerDriver: notifyListener_l(0xe6bcb460), (2, 0, 0, -1), loop setting(0, 1)
01-17 09:20:55.190   684   684 D AudioFlinger: trackStateChanged() Track id 718 state changed to 6
01-17 09:20:55.197   684   684 D AudioFlinger: trackStateChanged() Track id 718 state changed to 6
01-17 09:20:55.271   710 29611 D NuPlayerDriver: notifyListener_l(0xe6bcb460), (6, 0, 0, -1), loop setting(0, 1)
01-17 09:20:55.275   710   710 W MediaClock: reject anchor time since it is negative.
01-17 09:20:55.345   710 29615 W MediaClock: reject anchor time since it is negative.
01-17 09:20:55.366   710 29615 W MediaClock: reject anchor time since it is negative.
01-17 09:20:55.504   627  3892 D DlbDap2Process: process() called [453500] times
