--------- beginning of system
01-17 09:22:24.114   945   960 I ActivityManager: Force stopping com.dolby.qa.featuretest appid=10073 user=0: from pid 30219
01-17 09:22:24.115   945   960 I ActivityManager: Killing 30144:com.dolby.qa.featuretest/u0a73 (adj 0): stop com.dolby.qa.featuretest
01-17 09:22:24.117   945   960 W ActivityManager: Force removing ActivityRecord{22e2329 u0 com.dolby.qa.featuretest/.MainActivity t259}: app died, no saved state
01-17 09:22:24.129   945   960 I WindowManager: Failed to capture screenshot of Token{711a6ae ActivityRecord{22e2329 u0 com.dolby.qa.featuretest/.MainActivity t259 f}} appWin=Window{956b7d3 u0 com.dolby.qa.featuretest/com.dolby.qa.featuretest.MainActivity} drawState=4
--------- beginning of main
01-17 09:22:24.166   710 28437 D NuPlayerDriver: reset(0xe6bcba80) at state 5
01-17 09:22:24.168   945  1518 I WindowManager: WIN DEATH: Window{6c1089c u0 Toast}
01-17 09:22:24.173  1499  1499 D CarrierSvcBindHelper: No carrier app for: 0
01-17 09:22:24.175   710 28437 D NuPlayerDriver: notifyListener_l(0xe6bcba80), (8, 0, 0, -1), loop setting(0, 1)
01-17 09:22:24.190   710 30170 D NuPlayerDriver: notifyResetComplete(0xe6bcba80)
01-17 09:22:24.196   710 28437 D AudioTrack: stop() called with 0 frames delivered
01-17 09:22:24.203  2010  2010 D RegisteredNfcFServicesCache: Service unchanged, not updating
01-17 09:22:24.235   684   928 W AudioFlinger::EffectModule: EffectModule 0xed0eb300 destructor called with unreleased interface
01-17 09:22:24.235   684   928 W AudioFlinger::EffectHandle: disconnect Effect handle 0xee163a00 disconnected after thread destruction
01-17 09:22:24.237   627   627 D DlbDlbEffect: handle_EFFECT_CMD_DISABLE()
01-17 09:22:24.237   627   627 D DlbDapCrossfadeProcess: setEnabled transitioning from DAP_ACTIVE state to FADE_TO_BYPASS
01-17 09:22:24.238   626   626 W /system/bin/hw/android.hidl.allocator@1.0-service: ashmem_create_region(3840) returning hidl_memory(0x7b7102c330, 3840)
01-17 09:22:24.239   627   627 D DlbDlbEffect: handle_EFFECT_CMD_SET_CONFIG()
01-17 09:22:24.239   627  4939 D DlbDapEndpointParamCache: setDevice(device=0x00000002)
01-17 09:22:24.239   645   645 D DMSService: setActiveDevice called with device = 0x2
01-17 09:22:24.240   627  3512 D DlbDlbEffect: handle_EFFECT_CMD_ENABLE()
01-17 09:22:24.240   627  3512 D DlbDapCrossfadeProcess: setEnabled transitioning from FADE_TO_BYPASS state to FADE_TO_ACTIVE
01-17 09:22:24.246   945  1518 I ActivityManager: START u0 {flg=0x10000000 cmp=com.dolby.qa.featuretest/.MainActivity} from uid 2000
01-17 09:22:24.263   945  4689 I ActivityManager: Start proc 30226:com.dolby.qa.featuretest/u0a73 for activity com.dolby.qa.featuretest/.MainActivity
01-17 09:22:24.266 30226 30226 I zygote64: Late-enabling -Xcheck:jni
01-17 09:22:24.443 30226 30226 D featureTest: onCreate
01-17 09:22:24.447 30226 30226 D AudioTrack: Client defaulted notificationFrames to 962 for frameCount 1924
01-17 09:22:24.450 30226 30226 W AudioTrack: Use of stream types is deprecated for operations other than volume control
01-17 09:22:24.450 30226 30226 W AudioTrack: See the documentation of AudioTrack() for what to use instead with android.media.AudioAttributes to qualify your playback use case
01-17 09:22:24.456 30226 30226 W DolbyAudioEffect: WARNING: attaching a DolbyAudioEffect to global output mix is deprecated!
01-17 09:22:24.464 30226 30226 D featureTest: onResume
01-17 09:22:24.475 30226 30243 D OpenGLRenderer: HWUI GL Pipeline
01-17 09:22:24.515 30226 30243 I Adreno  : QUALCOMM build                   : 7142022, Ib5823dd10c
01-17 09:22:24.515 30226 30243 I Adreno  : Build Date                       : 06/23/17
01-17 09:22:24.515 30226 30243 I Adreno  : OpenGL ES Shader Compiler Version: EV031.18.00.00
01-17 09:22:24.515 30226 30243 I Adreno  : Local Branch                     : O11A
01-17 09:22:24.515 30226 30243 I Adreno  : Remote Branch                    : 
01-17 09:22:24.515 30226 30243 I Adreno  : Remote Branch                    : 
01-17 09:22:24.515 30226 30243 I Adreno  : Reconstruct Branch               : 
01-17 09:22:24.520 30226 30243 I Adreno  : PFP: 0x005ff087, ME: 0x005ff063
01-17 09:22:24.523 30226 30243 I OpenGLRenderer: Initialized EGL, version 1.4
01-17 09:22:24.523 30226 30243 D OpenGLRenderer: Swap behavior 2
01-17 09:22:24.575   945   998 I ActivityManager: Displayed com.dolby.qa.featuretest/.MainActivity: +317ms
01-17 09:22:24.670   475   475 D SurfaceFlinger: Backpressure trigger, skipping transaction & refresh!
01-17 09:22:24.748   945   998 W ActivityManager: setHasOverlayUi called on unknown pid: 30144
01-17 09:22:24.840   945   945 W NotificationService: Object died trying to hide notification android.app.ITransientNotification$Stub$Proxy@5ab856 in package com.dolby.qa.featuretest
01-17 09:22:24.840   945   945 W WindowManager: removeWindowToken: Attempted to remove non-existing token: android.os.Binder@1a4b16e
01-17 09:22:25.063  2103  2230 W OpenGLRenderer: Incorrectly called buildLayer on View: ShortcutAndWidgetContainer, destroying layer...
01-17 09:22:25.320 30226 30226 D featureTest: receive broadcast , playing content location :/sdcard/featureTest/chopper_1.0_180_420_02.wav
01-17 09:22:25.329 30226 30226 D featureTest: mMediaPlayer.getAudioSessionId(): 5481
01-17 09:22:25.329 30226 30226 D featureTest: Playing file: /sdcard/featureTest/chopper_1.0_180_420_02.wav
01-17 09:22:25.331   710 28437 D NuPlayerDriver: NuPlayerDriver(0xe6bcba80) created, clientPid(30226)
01-17 09:22:25.334 30226 30226 W MediaPlayer: Use of stream types is deprecated for operations other than volume control
01-17 09:22:25.335 30226 30226 W MediaPlayer: See the documentation of setAudioStreamType() for what to use instead with android.media.AudioAttributes to qualify your playback use case
01-17 09:22:25.336 30253 30253 W generic : type=1400 audit(0.0:453): avc: denied { read } for path="/storage/emulated/0/featuretest/chopper_1.0_180_420_02.wav" dev="sdcardfs" ino=1310767 scontext=u:r:mediaextractor:s0 tcontext=u:object_r:sdcardfs:s0 tclass=file permissive=0
01-17 09:22:25.338   710 30253 D GenericSource: FileSource remote
01-17 09:22:25.338   710 30253 W GenericSource: extractor service cannot make data source
01-17 09:22:25.338   710 30253 D GenericSource: FileSource local
01-17 09:22:25.355   700   700 D MediaBufferGroup: creating MemoryDealer
01-17 09:22:25.355   710 30251 D NuPlayerDriver: notifyListener_l(0xe6bcba80), (1, 0, 0, -1), loop setting(0, 0)
01-17 09:22:25.364   710 28437 D NuPlayerDriver: start(0xe6bcba80), state is 4, eos is 0
01-17 09:22:25.364   710 30251 I GenericSource: start
01-17 09:22:25.369   710 30259 I OMXClient: Treble IOmx obtained
01-17 09:22:25.370   717  1650 I OMXMaster: makeComponentInstance(OMX.google.raw.decoder) in omx@1.0-service process
01-17 09:22:25.371 30226 30226 W DolbyAudioEffect: WARNING: attaching a DolbyAudioEffect to global output mix is deprecated!
01-17 09:22:25.373   717  1650 E OMXNodeInstance: setConfig(0xe7b0a180:google.raw.decoder, ConfigPriority(0x6f800002)) ERROR: Undefined(0x80001001)
01-17 09:22:25.373   710 30259 I ACodec  : codec does not support config priority (err -2147483648)
01-17 09:22:25.373   717  1650 E OMXNodeInstance: getConfig(0xe7b0a180:google.raw.decoder, ConfigAndroidVendorExtension(0x6f100004)) ERROR: Undefined(0x80001001)
01-17 09:22:25.373   710 30259 I MediaCodec: MediaCodec will operate in async mode
01-17 09:22:25.377   626   626 W /system/bin/hw/android.hidl.allocator@1.0-service: ashmem_create_region(32768) returning hidl_memory(0x7b7102c330, 32768)
01-17 09:22:25.384   626   626 I chatty  : uid=1000(system) allocator@1.0-s identical 6 lines
01-17 09:22:25.385   626   626 W /system/bin/hw/android.hidl.allocator@1.0-service: ashmem_create_region(32768) returning hidl_memory(0x7b7102c330, 32768)
01-17 09:22:25.388 30226 30226 D featureTest: receive broadcast , change ds status :0
01-17 09:22:25.392   710 30257 D AudioTrack: Client defaulted notificationFrames to 7350 for frameCount 22050
01-17 09:22:25.395   626   626 W /system/bin/hw/android.hidl.allocator@1.0-service: ashmem_create_region(7680) returning hidl_memory(0x7b7102c330, 7680)
01-17 09:22:25.397   626   626 W /system/bin/hw/android.hidl.allocator@1.0-service: ashmem_create_region(7680) returning hidl_memory(0x7b7102c330, 7680)
01-17 09:22:25.399   627  4939 D DlbDlbEffect: handle_EFFECT_CMD_DISABLE()
01-17 09:22:25.399   627  4939 D DlbDapCrossfadeProcess: setEnabled transitioning from FADE_TO_ACTIVE state to FADE_TO_BYPASS
01-17 09:22:25.402   626   626 W /system/bin/hw/android.hidl.allocator@1.0-service: ashmem_create_region(7680) returning hidl_memory(0x7b7102c330, 7680)
01-17 09:22:25.402   627   627 D DlbDlbEffect: handle_EFFECT_CMD_SET_CONFIG()
01-17 09:22:25.403   627   627 D DlbDapEndpointParamCache: setDevice(device=0x00000002)
01-17 09:22:25.403   645   645 D DMSService: setActiveDevice called with device = 0x2
01-17 09:22:25.403   627  4939 D DlbDlbEffect: handle_EFFECT_CMD_ENABLE()
01-17 09:22:25.403   627  4939 D DlbDapCrossfadeProcess: setEnabled transitioning from FADE_TO_BYPASS state to FADE_TO_ACTIVE
01-17 09:22:25.404   684  3653 W AudioFlinger: moveDolbyEffect() effect chain for session 0 not on source thread 0xee0ae580
01-17 09:22:25.404   710 30251 D NuPlayerDriver: notifyListener_l(0xe6bcba80), (6, 0, 0, -1), loop setting(0, 1)
01-17 09:22:25.418   627  3892 D DlbDapCrossfadeProcess: process transitioning from FADE_TO_ACTIVE state to DAP_ACTIVE
01-17 09:22:25.418   627  4939 D DlbDlbEffect: handle_EFFECT_CMD_SET_PARAM()
01-17 09:22:25.453   627  3892 D DlbDapCrossfadeProcess: setEnabled transitioning from DAP_ACTIVE state to FADE_TO_BYPASS
01-17 09:22:25.456 30226 30226 D featureTest: receive broadcast , change ds profile id :2
01-17 09:22:25.463   627  4939 D DlbDlbEffect: handle_EFFECT_CMD_SET_PARAM()
01-17 09:22:25.463   645   713 I DapController: Profile Changed to Music
01-17 09:22:25.495   627  3892 D DlbDapEndpointParamCache: commitChangedParams()
01-17 09:22:25.495   627  3892 D DlbDapEndpointParamCache: commit() Applying parameters for device 0x40000000
01-17 09:22:25.495   627  3892 D DlbDap2Process: setParam(iea = #1[10])
01-17 09:22:25.495   627  3892 D DlbDap2Process: setParam(msce = #1[0])
01-17 09:22:25.495   627  3892 D DlbDap2Process: setParam(mdee = #1[0])
01-17 09:22:25.495   627  3892 D DlbDap2Process: setParam(miee = #1[0])
01-17 09:22:25.495   627  3892 D DlbDap2Process: setParam(mdle = #1[0])
01-17 09:22:25.495   627  3892 D DlbDap2Process: setParam(dvle = #1[1])
01-17 09:22:25.495   627  3892 D DlbDap2Process: setParam(mave = #1[0])
01-17 09:22:25.495   627  3892 D DlbDap2Process: setParam(vcbf = #20[47, 141, 234, 328, 469, 656, 844, 1031, 1313, 1688, 2250, 3000, 3750, 4688, 5813, 7125, 9000, 11250, 13875, 19688])
01-17 09:22:25.495   627  3892 D DlbDap2Process: setParam(vbon = #1[0])
01-17 09:22:25.495   627  3892 D DlbDap2Process: setParam(beon = #1[0])
01-17 09:22:25.495   627  3892 D DlbDap2Process: setParam(geon = #1[0])
01-17 09:22:25.495   627  3892 D DlbDap2Process: setParam(ieon = #1[1])
01-17 09:22:25.496   627  3892 D DlbDap2Process: setParam(gebs = #41[20, 47, 141, 234, 328, 469, 656, 844, 1031, 1313, 1688, 2250, 3000, 3750, 4688, 5813, 7125, 9000, 11250, 13875, 19688, 0, 0, 0, 0, 0, 0, 0, 0, 0, 0, 0, 0, 0, 0, 0, 0, 0, 0, 0, 0])
01-17 09:22:25.496   627  3892 D DlbDap2Process: setParam(iebs = #41[20, 65, 136, 223, 332, 467, 634, 841, 1098, 1416, 1812, 2302, 2909, 3663, 4598, 5756, 7194, 8976, 11186, 13927, 17326, 117, 133, 188, 176, 141, 149, 175, 185, 185, 200, 236, 242, 228, 213, 182, 132, 110, 68, -27, -240])
01-17 09:22:25.496   627  3892 D DlbDapEndpointParamCache: doCommit() Committed 15 parameters out of 16.
01-17 09:22:25.496   627  3892 D DlbDapEndpointParamCache: commit() Overriding parameters for current device 0x00000002
01-17 09:22:25.496   627  3892 D DlbDap2Process: setParam(dea = #1[7])
01-17 09:22:25.496   627  3892 D DlbDap2Process: setParam(dsa = #1[10])
01-17 09:22:25.496   627  3892 D DlbDap2Process: setParam(beb = #1[192])
01-17 09:22:25.496   627  3892 D DlbDap2Process: setParam(plb = #1[0])
01-17 09:22:25.496   627  3892 D DlbDap2Process: setParam(vmb = #1[144])
01-17 09:22:25.496   627  3892 D DlbDap2Process: setParam(dsb = #1[0])
01-17 09:22:25.496   627  3892 D DlbDap2Process: setParam(ded = #1[0])
01-17 09:22:25.496   627  3892 D DlbDap2Process: setParam(vbm = #1[3])
01-17 09:22:25.496   627  3892 D DlbDap2Process: setParam(dom = #1[0])
01-17 09:22:25.496   627  3892 D DlbDap2Process: setParam(bew = #1[16])
01-17 09:22:25.496   627  3892 D DlbDap2Process: setParam(dvla = #1[4])
01-17 09:22:25.496   627  3892 D DlbDap2Process: setParam(arra = #1[96])
01-17 09:22:25.496   627  3892 D DlbDap2Process: setParam(dfsa = #1[10])
01-17 09:22:25.496   627  3892 D DlbDap2Process: setParam(dhsa = #1[10])
01-17 09:22:25.496   627  3892 D DlbDap2Process: setParam(dvmc = #1[0])
01-17 09:22:25.496   627  3892 D DlbDap2Process: setParam(arod = #1[0])
01-17 09:22:25.496   627  3892 D DlbDap2Process: setParam(arde = #1[1])
01-17 09:22:25.496   627  3892 D DlbDap2Process: setParam(dvle = #1[1])
01-17 09:22:25.496   627  3892 D DlbDap2Process: setParam(dvme = #1[0])
01-17 09:22:25.496   627  3892 D DlbDap2Process: setParam(becf = #1[200])
01-17 09:22:25.496   627  3892 D DlbDap2Process: setParam(vbmf = #2[94, 469])
01-17 09:22:25.496   627  3892 D DlbDap2Process: setParam(vbsf = #2[35, 160])
01-17 09:22:25.496   627  3892 D DlbDap2Process: setParam(vbhg = #3[-32, -144, -192])
01-17 09:22:25.496   627  3892 D DlbDap2Process: setParam(vbog = #1[0])
01-17 09:22:25.496   627  3892 D DlbDap2Process: setParam(vbsg = #1[0])
01-17 09:22:25.497   627  3892 D DlbDap2Process: setParam(dvli = #1[-320])
01-17 09:22:25.497   627  3892 D DlbDap2Process: setParam(dhfm = #1[2])
01-17 09:22:25.497   627  3892 D DlbDap2Process: setParam(vbon = #1[0])
01-17 09:22:25.497   627  3892 D DlbDap2Process: setParam(beon = #1[0])
01-17 09:22:25.497   627  3892 D DlbDap2Process: setParam(deon = #1[0])
01-17 09:22:25.497   627  3892 D DlbDap2Process: setParam(ngon = #1[1])
01-17 09:22:25.497   627  3892 D DlbDap2Process: setParam(aoon = #1[1])
01-17 09:22:25.497   627  3892 D DlbDap2Process: setParam(aron = #1[1])
01-17 09:22:25.497   627  3892 D DlbDap2Process: setParam(dvlo = #1[-320])
01-17 09:22:25.497   627  3892 D DlbDap2Process: setParam(artp = #1[12])
01-17 09:22:25.497   627  3892 D DlbDap2Process: setParam(aobs = #222[20, 10, 47, 141, 234, 328, 469, 656, 844, 1031, 1313, 1688, 2250, 3000, 3750, 4688, 5813, 7125, 9000, 11250, 13875, 19688, 0, 0, 0, 0, 0, 0, 0, 0, 0, 0, 0, 0, 0, 0, 0, 0, 0, 0, 0, 0, 0, 0, 0, 0, 0, 0, 0, 0, 0, 0, 0, 0, 0, 0, 0, 0, 0, 0, 0, 0, 0, 0, 0, 0, 0, 0, 0, 0, 0, 0, 0, 0, 0, 0, 0, 0, 0, 0, 0, 0, 0, 0, 0, 0, 0, 0, 0, 0, 0, 0, 0, 0, 0, 0, 0, 0, 0, 0, 0, 0, 0, 0, 0, 0, 0, 0, 0, 0, 0, 0, 0, 0, 0, 0, 0, 0, 0, 0, 0, 0, 0, 0, 0, 0, 0, 0, 0, 0, 0, 0, 0, 0, 0, 0, 0, 0, 0, 0, 0, 0, 0, 0, 0, 0, 0, 0, 0, 0, 0, 0, 0, 0, 0, 0, 0, 0, 0, 0, 0, 0, 0, 0, 0, 0, 0, 0, 0, 0, 0, 0, 0, 0, 0, 0, 0, 0, 0, 0, 0, 0, 0, 0, 0, 0, 0, 0, 0, 0, 0, 0, 0, 0, 0, 0, 0, 0, 0, 0, 0, 0, 0, 0, 0, 0, 0, 0, 0, 0, 0, 0, 0, 0, 0, 0, 0, 0, 0, 0, 0, 0])
01-17 09:22:25.497   627  3892 D DlbDap2Process: setParam(arbs = #81[20, 47, 141, 234, 328, 469, 656, 844, 1031, 1313, 1688, 2250, 3000, 3750, 4688, 5813, 7125, 9000, 11250, 13875, 19688, -192, -192, -192, -192, -192, -192, -192, -192, -192, -192, -192, -192, -192, -192, -192, -192, -192, -192, -192, -192, 0, 0, 0, 0, 0, 0, 0, 0, 0, 0, 0, 0, 0, 0, 0, 0, 0, 0, 0, 0, 0, 0, 0, 0, 0, 0, 0, 0, 0, 0, 0, 0, 0, 0, 0, 0, 0, 0, 0, 0])
01-17 09:22:25.497   627  3892 D DlbDapEndpointParamCache: doCommit() Committed 37 parameters out of 37.
01-17 09:22:25.497   627  3892 D DlbDap2Process: setMave(mave = 0)
01-17 09:22:25.515 30226 30226 D featureTest: receive broadcast , playing content location :/sdcard/featureTest/chopper_1.0_180_420_02.wav
01-17 09:22:25.516   710 28437 D NuPlayerDriver: stop(0xe6bcba80)
01-17 09:22:25.516   710 28437 D NuPlayerDriver: notifyListener_l(0xe6bcba80), (8, 0, 0, -1), loop setting(0, 1)
01-17 09:22:25.517   710 28437 D NuPlayerDriver: reset(0xe6bcba80) at state 8
01-17 09:22:25.525   710 30251 D NuPlayerDriver: notifyResetComplete(0xe6bcba80)
01-17 09:22:25.526   710  1419 D NuPlayerDriver: reset(0xe6bcba80) at state 0
01-17 09:22:25.527 30226 30226 V MediaPlayer: resetDrmState:  mDrmInfo=null mDrmProvisioningThread=null mPrepareDrmInProgress=false mActiveDrmScheme=false
01-17 09:22:25.527 30226 30226 V MediaPlayer: cleanDrmObj: mDrmObj=null mDrmSessionId=null
01-17 09:22:25.529 30226 30226 V MediaPlayer: resetDrmState:  mDrmInfo=null mDrmProvisioningThread=null mPrepareDrmInProgress=false mActiveDrmScheme=false
01-17 09:22:25.529 30226 30226 V MediaPlayer: cleanDrmObj: mDrmObj=null mDrmSessionId=null
01-17 09:22:25.533 30226 30226 D featureTest: mMediaPlayer.getAudioSessionId(): 5489
01-17 09:22:25.533 30226 30226 D featureTest: Playing file: /sdcard/featureTest/chopper_1.0_180_420_02.wav
01-17 09:22:25.534   710 28437 D NuPlayerDriver: NuPlayerDriver(0xe6bcb150) created, clientPid(30226)
01-17 09:22:25.536 30226 30226 W MediaPlayer: Use of stream types is deprecated for operations other than volume control
01-17 09:22:25.536 30226 30226 W MediaPlayer: See the documentation of setAudioStreamType() for what to use instead with android.media.AudioAttributes to qualify your playback use case
01-17 09:22:25.540 30275 30275 W generic : type=1400 audit(0.0:454): avc: denied { read } for path="/storage/emulated/0/featuretest/chopper_1.0_180_420_02.wav" dev="sdcardfs" ino=1310767 scontext=u:r:mediaextractor:s0 tcontext=u:object_r:sdcardfs:s0 tclass=file permissive=0
01-17 09:22:25.542   710 30275 D GenericSource: FileSource remote
01-17 09:22:25.542   710 30275 W GenericSource: extractor service cannot make data source
01-17 09:22:25.542   710 30275 D GenericSource: FileSource local
01-17 09:22:25.555   627  3892 D DlbDapCrossfadeProcess: process transitioning from FADE_TO_BYPASS state to DAP_BYPASSED
01-17 09:22:25.557   700   897 D MediaBufferGroup: creating MemoryDealer
01-17 09:22:25.558   710 30274 D NuPlayerDriver: notifyListener_l(0xe6bcb150), (1, 0, 0, -1), loop setting(0, 0)
01-17 09:22:25.562   710 28437 D NuPlayerDriver: start(0xe6bcb150), state is 4, eos is 0
01-17 09:22:25.563   710 30274 I GenericSource: start
01-17 09:22:25.567 30226 30226 W DolbyAudioEffect: WARNING: attaching a DolbyAudioEffect to global output mix is deprecated!
01-17 09:22:25.571   710 30281 I OMXClient: Treble IOmx obtained
01-17 09:22:25.572   717  5783 I OMXMaster: makeComponentInstance(OMX.google.raw.decoder) in omx@1.0-service process
01-17 09:22:25.572 30226 30226 D featureTest: receive broadcast , change ds status :1
01-17 09:22:25.575   717  5783 E OMXNodeInstance: setConfig(0xe83a31a0:google.raw.decoder, ConfigPriority(0x6f800002)) ERROR: Undefined(0x80001001)
01-17 09:22:25.575   710 30281 I ACodec  : codec does not support config priority (err -2147483648)
01-17 09:22:25.576   717  5783 E OMXNodeInstance: getConfig(0xe83a31a0:google.raw.decoder, ConfigAndroidVendorExtension(0x6f100004)) ERROR: Undefined(0x80001001)
01-17 09:22:25.578   710 30281 I MediaCodec: MediaCodec will operate in async mode
01-17 09:22:25.579   627  4939 D DlbDlbEffect: handle_EFFECT_CMD_SET_PARAM()
01-17 09:22:25.580   626   626 W /system/bin/hw/android.hidl.allocator@1.0-service: ashmem_create_region(32768) returning hidl_memory(0x7b7102c330, 32768)
01-17 09:22:25.586   626   626 I chatty  : uid=1000(system) allocator@1.0-s identical 6 lines
01-17 09:22:25.586   626   626 W /system/bin/hw/android.hidl.allocator@1.0-service: ashmem_create_region(32768) returning hidl_memory(0x7b7102c330, 32768)
01-17 09:22:25.594   627  3892 D DlbDapCrossfadeProcess: setEnabled transitioning from DAP_BYPASSED state to PREROLL_ACTIVE
01-17 09:22:25.597   710 30278 D AudioTrack: Client defaulted notificationFrames to 7350 for frameCount 22050
01-17 09:22:25.599   626   626 W /system/bin/hw/android.hidl.allocator@1.0-service: ashmem_create_region(7680) returning hidl_memory(0x7b7102c330, 7680)
01-17 09:22:25.600   626   626 W /system/bin/hw/android.hidl.allocator@1.0-service: ashmem_create_region(7680) returning hidl_memory(0x7b7102c330, 7680)
01-17 09:22:25.601   684  3973 W AudioFlinger: moveDolbyEffect() effect chain for session 0 not on source thread 0xee0ae580
01-17 09:22:25.602   710 30274 D NuPlayerDriver: notifyListener_l(0xe6bcb150), (6, 0, 0, -1), loop setting(0, 1)
01-17 09:22:25.615   627  3892 D DlbDapCrossfadeProcess: process transitioning from PREROLL_ACTIVE state to FADE_TO_ACTIVE
01-17 09:22:25.631 30226 30226 D featureTest: receive broadcast , change ds profile id :5
01-17 09:22:25.638   627  4939 D DlbDlbEffect: handle_EFFECT_CMD_SET_PARAM()
01-17 09:22:25.639   645   713 I DapController: Profile Changed to Custom
01-17 09:22:25.655   627  3892 D DlbDapEndpointParamCache: commitChangedParams()
01-17 09:22:25.655   627  3892 D DlbDapEndpointParamCache: commit() Applying parameters for device 0x40000000
01-17 09:22:25.655   627  3892 D DlbDap2Process: setParam(iea = #1[10])
01-17 09:22:25.655   627  3892 D DlbDap2Process: setParam(msce = #1[0])
01-17 09:22:25.655   627  3892 D DlbDap2Process: setParam(mdee = #1[0])
01-17 09:22:25.655   627  3892 D DlbDap2Process: setParam(miee = #1[0])
01-17 09:22:25.655   627  3892 D DlbDap2Process: setParam(mdle = #1[0])
01-17 09:22:25.655   627  3892 D DlbDap2Process: setParam(dvle = #1[1])
01-17 09:22:25.655   627  3892 D DlbDap2Process: setParam(mave = #1[0])
01-17 09:22:25.655   627  3892 D DlbDap2Process: setParam(vcbf = #20[47, 141, 234, 328, 469, 656, 844, 1031, 1313, 1688, 2250, 3000, 3750, 4688, 5813, 7125, 9000, 11250, 13875, 19688])
01-17 09:22:25.655   627  3892 D DlbDap2Process: setParam(vbon = #1[0])
01-17 09:22:25.655   627  3892 D DlbDap2Process: setParam(beon = #1[0])
01-17 09:22:25.655   627  3892 D DlbDap2Process: setParam(geon = #1[0])
01-17 09:22:25.655   627  3892 D DlbDap2Process: setParam(ieon = #1[0])
01-17 09:22:25.656   627  3892 D DlbDap2Process: setParam(gebs = #41[20, 47, 141, 234, 328, 469, 656, 844, 1031, 1313, 1688, 2250, 3000, 3750, 4688, 5813, 7125, 9000, 11250, 13875, 19688, 0, 0, 0, 0, 0, 0, 0, 0, 0, 0, 0, 0, 0, 0, 0, 0, 0, 0, 0, 0])
01-17 09:22:25.656   627  3892 D DlbDap2Process: setParam(iebs = #41[20, 65, 136, 223, 332, 467, 634, 841, 1098, 1416, 1812, 2302, 2909, 3663, 4598, 5756, 7194, 8976, 11186, 13927, 17326, 117, 133, 188, 176, 141, 149, 175, 185, 185, 200, 236, 242, 228, 213, 182, 132, 110, 68, -27, -240])
01-17 09:22:25.656   627  3892 D DlbDapEndpointParamCache: doCommit() Committed 15 parameters out of 16.
01-17 09:22:25.656   627  3892 D DlbDapEndpointParamCache: commit() Overriding parameters for current device 0x00000002
01-17 09:22:25.656   627  3892 D DlbDap2Process: setParam(dea = #1[7])
01-17 09:22:25.656   627  3892 D DlbDap2Process: setParam(dsa = #1[10])
01-17 09:22:25.656   627  3892 D DlbDap2Process: setParam(beb = #1[192])
01-17 09:22:25.656   627  3892 D DlbDap2Process: setParam(plb = #1[0])
01-17 09:22:25.656   627  3892 D DlbDap2Process: setParam(vmb = #1[144])
01-17 09:22:25.656   627  3892 D DlbDap2Process: setParam(dsb = #1[48])
01-17 09:22:25.656   627  3892 D DlbDap2Process: setParam(ded = #1[0])
01-17 09:22:25.656   627  3892 D DlbDap2Process: setParam(vbm = #1[3])
01-17 09:22:25.656   627  3892 D DlbDap2Process: setParam(dom = #1[0])
01-17 09:22:25.656   627  3892 D DlbDap2Process: setParam(bew = #1[16])
01-17 09:22:25.656   627  3892 D DlbDap2Process: setParam(dvla = #1[5])
01-17 09:22:25.656   627  3892 D DlbDap2Process: setParam(arra = #1[96])
01-17 09:22:25.656   627  3892 D DlbDap2Process: setParam(dfsa = #1[10])
01-17 09:22:25.656   627  3892 D DlbDap2Process: setParam(dhsa = #1[10])
01-17 09:22:25.656   627  3892 D DlbDap2Process: setParam(dvmc = #1[0])
01-17 09:22:25.657   627  3892 D DlbDap2Process: setParam(arod = #1[0])
01-17 09:22:25.657   627  3892 D DlbDap2Process: setParam(arde = #1[1])
01-17 09:22:25.657   627  3892 D DlbDap2Process: setParam(dvle = #1[1])
01-17 09:22:25.657   627  3892 D DlbDap2Process: setParam(dvme = #1[0])
01-17 09:22:25.657   627  3892 D DlbDap2Process: setParam(becf = #1[200])
01-17 09:22:25.657   627  3892 D DlbDap2Process: setParam(vbmf = #2[94, 469])
01-17 09:22:25.657   627  3892 D DlbDap2Process: setParam(vbsf = #2[35, 160])
01-17 09:22:25.657   627  3892 D DlbDap2Process: setParam(vbhg = #3[-32, -144, -192])
01-17 09:22:25.657   627  3892 D DlbDap2Process: setParam(vbog = #1[0])
01-17 09:22:25.657   627  3892 D DlbDap2Process: setParam(vbsg = #1[0])
01-17 09:22:25.657   627  3892 D DlbDap2Process: setParam(dvli = #1[-320])
01-17 09:22:25.657   627  3892 D DlbDap2Process: setParam(dhfm = #1[2])
01-17 09:22:25.657   627  3892 D DlbDap2Process: setParam(vbon = #1[0])
01-17 09:22:25.657   627  3892 D DlbDap2Process: setParam(beon = #1[0])
01-17 09:22:25.657   627  3892 D DlbDap2Process: setParam(deon = #1[0])
01-17 09:22:25.657   627  3892 D DlbDap2Process: setParam(ngon = #1[1])
01-17 09:22:25.657   627  3892 D DlbDap2Process: setParam(aoon = #1[1])
01-17 09:22:25.657   627  3892 D DlbDap2Process: setParam(aron = #1[1])
01-17 09:22:25.657   627  3892 D DlbDap2Process: setParam(dvlo = #1[-320])
01-17 09:22:25.657   627  3892 D DlbDap2Process: setParam(artp = #1[12])
01-17 09:22:25.657   627  3892 D DlbDap2Process: setParam(aobs = #222[20, 10, 47, 141, 234, 328, 469, 656, 844, 1031, 1313, 1688, 2250, 3000, 3750, 4688, 5813, 7125, 9000, 11250, 13875, 19688, 0, 0, 0, 0, 0, 0, 0, 0, 0, 0, 0, 0, 0, 0, 0, 0, 0, 0, 0, 0, 0, 0, 0, 0, 0, 0, 0, 0, 0, 0, 0, 0, 0, 0, 0, 0, 0, 0, 0, 0, 0, 0, 0, 0, 0, 0, 0, 0, 0, 0, 0, 0, 0, 0, 0, 0, 0, 0, 0, 0, 0, 0, 0, 0, 0, 0, 0, 0, 0, 0, 0, 0, 0, 0, 0, 0, 0, 0, 0, 0, 0, 0, 0, 0, 0, 0, 0, 0, 0, 0, 0, 0, 0, 0, 0, 0, 0, 0, 0, 0, 0, 0, 0, 0, 0, 0, 0, 0, 0, 0, 0, 0, 0, 0, 0, 0, 0, 0, 0, 0, 0, 0, 0, 0, 0, 0, 0, 0, 0, 0, 0, 0, 0, 0, 0, 0, 0, 0, 0, 0, 0, 0, 0, 0, 0, 0, 0, 0, 0, 0, 0, 0, 0, 0, 0, 0, 0, 0, 0, 0, 0, 0, 0, 0, 0, 0, 0, 0, 0, 0, 0, 0, 0, 0, 0, 0, 0, 0, 0, 0, 0, 0, 0, 0, 0, 0, 0, 0, 0, 0, 0, 0, 0, 0, 0, 0, 0, 0, 0, 0])
01-17 09:22:25.658   627  3892 D DlbDap2Process: setParam(arbs = #81[20, 47, 141, 234, 328, 469, 656, 844, 1031, 1313, 1688, 2250, 3000, 3750, 4688, 5813, 7125, 9000, 11250, 13875, 19688, -192, -192, -192, -192, -192, -192, -192, -192, -192, -192, -192, -192, -192, -192, -192, -192, -192, -192, -192, -192, 0, 0, 0, 0, 0, 0, 0, 0, 0, 0, 0, 0, 0, 0, 0, 0, 0, 0, 0, 0, 0, 0, 0, 0, 0, 0, 0, 0, 0, 0, 0, 0, 0, 0, 0, 0, 0, 0, 0, 0])
01-17 09:22:25.658   627  3892 D DlbDapEndpointParamCache: doCommit() Committed 37 parameters out of 37.
01-17 09:22:25.658   627  3892 D DlbDap2Process: setMave(mave = 0)
01-17 09:22:25.686 30226 30226 D featureTest: receive broadcast , change virtual speaker  virtualizer :0
01-17 09:22:25.694   684   928 W AudioFlinger::EffectModule: EffectModule 0xed0e2500 destructor called with unreleased interface
01-17 09:22:25.696   684   928 W AudioFlinger::EffectHandle: disconnect Effect handle 0xee163200 disconnected after thread destruction
01-17 09:22:25.700 30226 30226 W System.err: java.lang.UnsupportedOperationException
01-17 09:22:25.701 30226 30226 W System.err: 	at com.dolby.dax.DolbyAudioEffect.setDolbyVirtualSpeakerVirtualizerEnabled(DolbyAudioEffect.java:323)
01-17 09:22:25.701 30226 30226 W System.err: 	at com.dolby.qa.featuretest.MainActivity$1.handleMessage(MainActivity.java:143)
01-17 09:22:25.702 30226 30226 W System.err: 	at android.os.Handler.dispatchMessage(Handler.java:105)
01-17 09:22:25.702 30226 30226 W System.err: 	at android.os.Looper.loop(Looper.java:164)
01-17 09:22:25.702 30226 30226 W System.err: 	at android.app.ActivityThread.main(ActivityThread.java:6541)
01-17 09:22:25.702 30226 30226 W System.err: 	at java.lang.reflect.Method.invoke(Native Method)
01-17 09:22:25.702 30226 30226 W System.err: 	at com.android.internal.os.Zygote$MethodAndArgsCaller.run(Zygote.java:240)
01-17 09:22:25.703 30226 30226 W System.err: 	at com.android.internal.os.ZygoteInit.main(ZygoteInit.java:767)
01-17 09:22:25.703 30226 30226 D featureTest: virtual speaker virtualizer can not be operate for mono speaker endpoint!
01-17 09:22:25.734   627  3892 D DlbDapCrossfadeProcess: process transitioning from FADE_TO_ACTIVE state to DAP_ACTIVE
01-17 09:22:25.744 30226 30226 D featureTest: receive broadcast , record log :0
01-17 09:22:25.758 30226 30231 I zygote64: Do partial code cache collection, code=8KB, data=13KB
01-17 09:22:25.758 30226 30231 I zygote64: After code cache collection, code=8KB, data=13KB
01-17 09:22:25.758 30226 30231 I zygote64: Increasing code cache capacity to 128KB
01-17 09:22:25.759 30226 30231 I zygote64: Do partial code cache collection, code=8KB, data=32KB
01-17 09:22:25.759 30226 30231 I zygote64: After code cache collection, code=8KB, data=32KB
01-17 09:22:25.759 30226 30231 I zygote64: Increasing code cache capacity to 256KB
01-17 09:22:25.760 30226 30231 I zygote64: Compiler allocated 8MB to compile void android.widget.TextView.<init>(android.content.Context, android.util.AttributeSet, int, int)
01-17 09:22:26.499   627  3892 D DlbDap2Process: process() called [469500] times
01-17 09:22:27.433   945   945 W WindowManager: removeWindowToken: Attempted to remove non-existing token: android.os.Binder@604dea9
01-17 09:22:27.495   475   475 D SurfaceFlinger: duplicate layer name: changing Toast to Toast#1
01-17 09:22:29.177   627  3892 D DlbDap2Process: process() called [470000] times
01-17 09:22:29.478   945   945 W WindowManager: removeWindowToken: Attempted to remove non-existing token: android.os.Binder@8c31deb
