01-17 09:25:19.721   627  3892 D DlbDap2Process: setParam(arbs = #81[20, 47, 141, 234, 328, 469, 656, 844, 1031, 1313, 1688, 2250, 3000, 3750, 4688, 5813, 7125, 9000, 11250, 13875, 19688, -192, -192, -192, -192, -192, -192, -192, -192, -192, -192, -192, -192, -192, -192, -192, -192, -192, -192, -192, -192, 0, 0, 0, 0, 0, 0, 0, 0, 0, 0, 0, 0, 0, 0, 0, 0, 0, 0, 0, 0, 0, 0, 0, 0, 0, 0, 0, 0, 0, 0, 0, 0, 0, 0, 0, 0, 0, 0, 0, 0])
01-17 09:25:19.721   627  3892 D DlbDapEndpointParamCache: doCommit() Committed 37 parameters out of 37.
01-17 09:25:19.721   627  6441 D DlbDlbEffect: handle_EFFECT_CMD_SET_PARAM()
01-17 09:25:19.753   717  5320 I DDP_JOCDecoder: -> init name OMX.dolby.eac3.decoder
01-17 09:25:19.753   645   645 I DMSService: registerClient type = 0, uid = e7f0fb60
01-17 09:25:19.754   645   645 V DolbyMemoryService: registerClient() client 0x710ec74380, uid -403637408
01-17 09:25:19.754   717  5320 I DDP_JOCDecoder: <- init
01-17 09:25:19.754   717  5320 D DDP_JOCDecoder: initPorts
01-17 09:25:19.755   717  5320 E OMXNodeInstance: setConfig(0xe7b0aba0:dolby.eac3.decoder, ConfigPriority(0x6f800002)) ERROR: Undefined(0x80001001)
01-17 09:25:19.755   710 31890 I ACodec  : codec does not support config priority (err -2147483648)
01-17 09:25:19.755   627  3892 D DlbDapCrossfadeProcess: setEnabled transitioning from DAP_BYPASSED state to PREROLL_ACTIVE
01-17 09:25:19.755   627  3892 D DlbDap2Process: setMave(mave = 0)
01-17 09:25:19.756   717  5320 E OMXNodeInstance: getConfig(0xe7b0aba0:dolby.eac3.decoder, ConfigAndroidVendorExtension(0x6f100004)) ERROR: Undefined(0x80001001)
01-17 09:25:19.757   710 31890 I MediaCodec: MediaCodec will operate in async mode
01-17 09:25:19.757   710 31890 I ACodec  : setDolbyParameterOnProcessedAudio() Received dolby_processed_audio=1
01-17 09:25:19.757   710 31889 I NuPlayerDecoder: setDolbyMessage() Notifying player that Codec supports dolby_processed_audio flag
01-17 09:25:19.757   710 31884 I NuPlayer: onDolbyMessageReceived() Setting dolby_processed_audio flag on audio sink
01-17 09:25:19.757   710 31884 I MediaPlayerService: setDolbyParameters() Marking audio output as having dolby_processed_audio
01-17 09:25:19.757   645   645 I DMSService: unregisterClient type = 0, uid = e7f0fb60
01-17 09:25:19.765 31835 31835 D featureTest: receive broadcast , change ds profile id :5
01-17 09:25:19.771   645   645 D DatabaseHelper: failed to prepare SQL : INSERT INTO profiles VALUES(15
01-17 09:25:19.771   645   645 D DatabaseHelper: ,'custom','user2','user2','off','off')
01-17 09:25:19.771   645   645 D DatabaseHelper: failed to prepare SQL : INSERT INTO profile_endpoints VALUES(57
01-17 09:25:19.771   645   645 D DatabaseHelper: ,'custom','user2','speaker')
01-17 09:25:19.771   645   645 D DatabaseHelper: failed to prepare SQL : INSERT INTO profile_endpoints VALUES(57
01-17 09:25:19.771   645   645 D DatabaseHelper: ,'custom','user2','headphone')
01-17 09:25:19.771   645   645 D DatabaseHelper: failed to prepare SQL : INSERT INTO profile_endpoints VALUES(57
01-17 09:25:19.771   645   645 D DatabaseHelper: ,'custom','user2','passthrough')
01-17 09:25:19.771   645   645 D DatabaseHelper: failed to prepare SQL : INSERT INTO profile_endpoints VALUES(57
01-17 09:25:19.771   645   645 D DatabaseHelper: ,'custom','user2','other')
01-17 09:25:19.771   645   645 D DatabaseHelper: failed to prepare SQL : INSERT INTO profile_ports VALUES(85
01-17 09:25:19.771   645   645 D DatabaseHelper: ,'custom','user2','internal_speaker')
01-17 09:25:19.772   645   645 D DatabaseHelper: failed to prepare SQL : INSERT INTO profile_ports VALUES(85
01-17 09:25:19.772   645   645 D DatabaseHelper: ,'custom','user2','hdmi')
01-17 09:25:19.772   645   645 D DatabaseHelper: failed to prepare SQL : INSERT INTO profile_ports VALUES(85
01-17 09:25:19.772   645   645 D DatabaseHelper: ,'custom','user2','miracast')
01-17 09:25:19.772   645   645 D DatabaseHelper: failed to prepare SQL : INSERT INTO profile_ports VALUES(85
01-17 09:25:19.772   645   645 D DatabaseHelper: ,'custom','user2','headphone_port')
01-17 09:25:19.772   645   645 D DatabaseHelper: failed to prepare SQL : INSERT INTO profile_ports VALUES(85
01-17 09:25:19.772   645   645 D DatabaseHelper: ,'custom','user2','bluetooth')
01-17 09:25:19.772   645   645 D DatabaseHelper: failed to prepare SQL : INSERT INTO profile_ports VALUES(85
01-17 09:25:19.772   645   645 D DatabaseHelper: ,'custom','user2','usb')
01-17 09:25:19.772   645   645 D DatabaseHelper: failed to prepare SQL : INSERT INTO geq_presets VALUES(57
01-17 09:25:19.772   645   645 D DatabaseHelper: ,'custom','off','user2')
01-17 09:25:19.772   645   645 D DatabaseHelper: failed to prepare SQL : INSERT INTO geq_presets VALUES(57
01-17 09:25:19.772   645   645 D DatabaseHelper: ,'custom','open','user2')
01-17 09:25:19.772   645   645 D DatabaseHelper: failed to prepare SQL : INSERT INTO geq_presets VALUES(57
01-17 09:25:19.772   645   645 D DatabaseHelper: ,'custom','rich','user2')
01-17 09:25:19.772   645   645 D DatabaseHelper: failed to prepare SQL : INSERT INTO geq_presets VALUES(57
01-17 09:25:19.772   645   645 D DatabaseHelper: ,'custom','focused','user2')
01-17 09:25:19.773   627  6441 D DlbDlbEffect: handle_EFFECT_CMD_SET_PARAM()
01-17 09:25:19.775   684  1061 D AudioFlinger: trackStateChanged() Track id 785 state changed to 2
01-17 09:25:19.775   684  1061 I AudioFlinger: updateProcessedAudioState() Changing content processing in effect to 0
01-17 09:25:19.785   645   713 I DapController: Profile Changed to Custom
01-17 09:25:19.785   627  6441 D DlbDlbEffect: handle_EFFECT_CMD_SET_PARAM()
01-17 09:25:19.785   645   645 I DMSService: registerClient type = 4, uid = e7f0fb30
01-17 09:25:19.785   645   645 V DolbyMemoryService: registerClient() client 0x710ec74380, uid -403637452
01-17 09:25:19.785   717  5783 D DDP_JOCDecoder: internalSetParameter() Instantiating ARenderer for content processing in decoder
01-17 09:25:19.786   717  5783 I DlbDap2QmfProcess: Dap2Process()
01-17 09:25:19.786   717  5783 I ARenderer: ARenderer
01-17 09:25:19.786   717  5783 I evo_parser: evo_parser_init
01-17 09:25:19.786   717  5783 I DlbDap2QmfProcess: init()
01-17 09:25:19.786   717  5783 I DlbDap2QmfProcess: open()
01-17 09:25:19.786   717  5783 I DlbDap2QmfProcess: loadLicense() no license check!
01-17 09:25:19.786   717  5783 I DlbDap2QmfProcess: validateLicense() no license check!
01-17 09:25:19.786   717  5783 I DlbDap2QmfProcess: init() DAP opened
01-17 09:25:19.786   717  5783 I DlbDap2QmfProcess: DAP library version: 2.5.1-P2.0
01-17 09:25:19.786   717  5783 D DlbDap2QmfProcess: DAP output mode set to 1 with 2 output channels and null mix matrix.
01-17 09:25:19.786   710 31890 I ACodec  : setDolbyParameterOnProcessedAudio() Content processing enabled in decoder
01-17 09:25:19.788   626   626 W /system/bin/hw/android.hidl.allocator@1.0-service: ashmem_create_region(8192) returning hidl_memory(0x7b7102c330, 8192)
01-17 09:25:19.789   626   626 I chatty  : uid=1000(system) allocator@1.0-s identical 2 lines
01-17 09:25:19.789   626   626 W /system/bin/hw/android.hidl.allocator@1.0-service: ashmem_create_region(8192) returning hidl_memory(0x7b7102c330, 8192)
01-17 09:25:19.790   626   626 W /system/bin/hw/android.hidl.allocator@1.0-service: ashmem_create_region(147456) returning hidl_memory(0x7b7102c330, 147456)
01-17 09:25:19.791   626   626 I chatty  : uid=1000(system) allocator@1.0-s identical 2 lines
01-17 09:25:19.792   626   626 W /system/bin/hw/android.hidl.allocator@1.0-service: ashmem_create_region(147456) returning hidl_memory(0x7b7102c330, 147456)
01-17 09:25:19.793   717 31894 I DDP_JOCDecoder: -> start
01-17 09:25:19.794   717 31894 I EndpConfig: DAP state has changed from -1 to 1
01-17 09:25:19.794   717 31894 D DDP_JOCDecoder: Setting Max Output Channels to 2
01-17 09:25:19.794   717 31894 D DDP_JOCDecoder: setMultiChannelPCMOutDownmix mConfig->jocForceDownmixMode 1
01-17 09:25:19.794   717 31894 I udc_user: 
01-17 09:25:19.794   717 31894 I udc_user: *** DDPlus Unified Decoder Simulation  Version 1.7.3 ***
01-17 09:25:19.795   717 31894 I udc_user: 
01-17 09:25:19.795   717 31894 I udc_user: 7.1-channel decoder-converter, 
01-17 09:25:19.795   717 31894 I udc_user: 
01-17 09:25:19.795   717 31894 I udc_user: 5.1-channel dual-decoder-converter, 
01-17 09:25:19.795   717 31894 I udc_user: Karaoke unsupported, 
01-17 09:25:19.795   717 31894 I udc_user: TPNP supported. 
01-17 09:25:19.795   717 31894 I udc_user: 
01-17 09:25:19.795   717 31894 I udc_user: Unpublished work.  Copyright 2003-2014 Dolby Laboratories, Inc. and
01-17 09:25:19.795   717 31894 I udc_user: Dolby Laboratories Licensing Corporation.  All Rights Reserved.
01-17 09:25:19.795   717 31894 I udc_user: 
01-17 09:25:19.795   717 31894 I udc_user: USE OF THIS SOFTWARE IS SUBJECT TO A LEGAL AGREEMENT BETWEEN YOU AND DOLBY
01-17 09:25:19.795   717 31894 I udc_user: LABORATORIES. DO NOT USE THIS SOFTWARE UNLESS YOU AGREE TO THE TERMS AND 
01-17 09:25:19.795   717 31894 I udc_user: CONDITIONS IN THE AGREEMENT.  BY USING THIS SOFTWARE, YOU ACKNOWLEDGE THAT 
01-17 09:25:19.795   717 31894 I udc_user: YOU HAVE READ THE AGREEMENT AND THAT YOU AGREE TO BE BOUND BY ITS TERMS. 
01-17 09:25:19.795   717 31894 I udc_user: 
01-17 09:25:19.795   717 31894 I ddpdec_client_joc: ddpdec_open JOCD_MODE Buffer assignment
01-17 09:25:19.795   717 31894 D DDP_JOCDecoder: mStarted = 1
01-17 09:25:19.795   717 31894 I DDP_JOCDecoder: <- start
01-17 09:25:19.797   717 31894 D ddpdec_client_joc: ddpdec_client.c|int configDecoder()
01-17 09:25:19.797   717 31894 D DDP_JOCDecoder: Setting Max Output Channels to 2
01-17 09:25:19.799   717 31894 I DlbDap2QmfProcess: close()
01-17 09:25:19.799   717 31894 I DlbDap2QmfProcess: init()
01-17 09:25:19.799   717 31894 I DlbDap2QmfProcess: open()
01-17 09:25:19.799   717 31894 I DlbDap2QmfProcess: loadLicense() no license check!
01-17 09:25:19.799   717 31894 I DlbDap2QmfProcess: validateLicense() no license check!
01-17 09:25:19.799   717 31894 I DlbDap2QmfProcess: init() DAP opened
01-17 09:25:19.799   717 31894 I DlbDap2QmfProcess: DAP library version: 2.5.1-P2.0
01-17 09:25:19.799   717 31894 D DlbDap2QmfProcess: DAP output mode set to 1 with 2 output channels and null mix matrix.
01-17 09:25:19.800   717 31894 D ARenderer: checkAndUpdateConfig: DAP reinitialized because of sample rate change
01-17 09:25:19.800   717 31894 D ARenderer: updateDapConfig: Updating DAP configuration
01-17 09:25:19.800   717 31894 D DlbDap2QmfProcess: setParam(iea = #1[10])
01-17 09:25:19.800   717 31894 D DlbDap2QmfProcess: setParam(msce = #1[0])
01-17 09:25:19.800   717 31894 D DlbDap2QmfProcess: setParam(mdee = #1[0])
01-17 09:25:19.800   717 31894 D DlbDap2QmfProcess: setParam(miee = #1[0])
01-17 09:25:19.800   717 31894 D DlbDap2QmfProcess: setParam(mdle = #1[0])
01-17 09:25:19.800   717 31894 D DlbDap2QmfProcess: setParam(dvle = #1[1])
01-17 09:25:19.800   717 31894 D DlbDap2QmfProcess: setParam(mave = #1[0])
01-17 09:25:19.800   717 31894 D DlbDap2QmfProcess: setParam(vcbf = #20[47, 141, 234, 328, 469, 656, 844, 1031, 1313, 1688, 2250, 3000, 3750, 4688, 5813, 7125, 9000, 11250, 13875, 19688])
01-17 09:25:19.800   717 31894 D DlbDap2QmfProcess: setParam(ieon = #1[0])
01-17 09:25:19.800   717 31894 D DlbDap2QmfProcess: setParam(gebs = #41[20, 47, 141, 234, 328, 469, 656, 844, 1031, 1313, 1688, 2250, 3000, 3750, 4688, 5813, 7125, 9000, 11250, 13875, 19688, 0, 0, 0, 0, 0, 0, 0, 0, 0, 0, 0, 0, 0, 0, 0, 0, 0, 0, 0, 0])
01-17 09:25:19.800   717 31894 D DlbDap2QmfProcess: setParam(iebs = #41[20, 65, 136, 223, 332, 467, 634, 841, 1098, 1416, 1812, 2302, 2909, 3663, 4598, 5756, 7194, 8976, 11186, 13927, 17326, 117, 133, 188, 176, 141, 149, 175, 185, 185, 200, 236, 242, 228, 213, 182, 132, 110, 68, -27, -240])
01-17 09:25:19.801   717 31894 D DlbDap2QmfProcess: setParam(dea = #1[7])
01-17 09:25:19.801   717 31894 D DlbDap2QmfProcess: setParam(dsa = #1[10])
01-17 09:25:19.801   717 31894 D DlbDap2QmfProcess: setParam(beb = #1[192])
01-17 09:25:19.801   717 31894 D DlbDap2QmfProcess: setParam(plb = #1[0])
01-17 09:25:19.801   717 31894 D DlbDap2QmfProcess: setParam(vmb = #1[144])
01-17 09:25:19.802   717 31894 D DlbDap2QmfProcess: setParam(dsb = #1[48])
01-17 09:25:19.802   717 31894 D DlbDap2QmfProcess: setParam(ded = #1[0])
01-17 09:25:19.802   717 31894 D DlbDap2QmfProcess: setParam(dom = #1[0])
01-17 09:25:19.802   717 31894 D DlbDap2QmfProcess: setParam(bew = #1[16])
01-17 09:25:19.802   717 31894 D DlbDap2QmfProcess: setParam(dvla = #1[5])
01-17 09:25:19.802   717 31894 D DlbDap2QmfProcess: setParam(dfsa = #1[10])
01-17 09:25:19.802   717 31894 D DlbDap2QmfProcess: setParam(dhsa = #1[10])
01-17 09:25:19.802   717 31894 D DlbDap2QmfProcess: setParam(dvmc = #1[0])
01-17 09:25:19.802   717 31894 D DlbDap2QmfProcess: setParam(dvle = #1[1])
01-17 09:25:19.802   717 31894 D DlbDap2QmfProcess: setParam(dvme = #1[0])
01-17 09:25:19.802   717 31894 D DlbDap2QmfProcess: setParam(becf = #1[200])
01-17 09:25:19.802   717 31894 D DlbDap2QmfProcess: setParam(vbmf = #2[94, 469])
01-17 09:25:19.802   717 31894 D DlbDap2QmfProcess: setParam(vbsf = #2[35, 160])
01-17 09:25:19.802   717 31894 D DlbDap2QmfProcess: setParam(vbhg = #3[-32, -144, -192])
01-17 09:25:19.802   717 31894 D DlbDap2QmfProcess: setParam(vbog = #1[0])
01-17 09:25:19.802   717 31894 D DlbDap2QmfProcess: setParam(vbsg = #1[0])
01-17 09:25:19.802   717 31894 D DlbDap2QmfProcess: setParam(dvli = #1[-320])
01-17 09:25:19.802   717 31894 D DlbDap2QmfProcess: setParam(dhfm = #1[2])
01-17 09:25:19.802   717 31894 D DlbDap2QmfProcess: setParam(deon = #1[0])
01-17 09:25:19.802   717 31894 D DlbDap2QmfProcess: setParam(ngon = #1[1])
01-17 09:25:19.803   717 31894 D DlbDap2QmfProcess: setParam(dvlo = #1[-320])
01-17 09:25:19.803   717 31894 D DlbDap2QmfProcess: setParam(aobs = #222[20, 10, 47, 141, 234, 328, 469, 656, 844, 1031, 1313, 1688, 2250, 3000, 3750, 4688, 5813, 7125, 9000, 11250, 13875, 19688, 0, 0, 0, 0, 0, 0, 0, 0, 0, 0, 0, 0, 0, 0, 0, 0, 0, 0, 0, 0, 0, 0, 0, 0, 0, 0, 0, 0, 0, 0, 0, 0, 0, 0, 0, 0, 0, 0, 0, 0, 0, 0, 0, 0, 0, 0, 0, 0, 0, 0, 0, 0, 0, 0, 0, 0, 0, 0, 0, 0, 0, 0, 0, 0, 0, 0, 0, 0, 0, 0, 0, 0, 0, 0, 0, 0, 0, 0, 0, 0, 0, 0, 0, 0, 0, 0, 0, 0, 0, 0, 0, 0, 0, 0, 0, 0, 0, 0, 0, 0, 0, 0, 0, 0, 0, 0, 0, 0, 0, 0, 0, 0, 0, 0, 0, 0, 0, 0, 0, 0, 0, 0, 0, 0, 0, 0, 0, 0, 0, 0, 0, 0, 0, 0, 0, 0, 0, 0, 0, 0, 0, 0, 0, 0, 0, 0, 0, 0, 0, 0, 0, 0, 0, 0, 0, 0, 0, 0, 0, 0, 0, 0, 0, 0, 0, 0, 0, 0, 0, 0, 0, 0, 0, 0, 0, 0, 0, 0, 0, 0, 0, 0, 0, 0, 0, 0, 0, 0, 0, 0, 0, 0, 0, 0, 0, 0, 0, 0, 0, 0])
01-17 09:25:19.803   717 31894 D DlbDap2QmfProcess: setParam(dvle = #1[1])
01-17 09:25:19.803   717 31894 D DlbDap2QmfProcess: setParam(dvli = #1[-496])
01-17 09:25:19.803   717 31894 D DlbDap2QmfProcess: setParam(dvlo = #1[-176])
01-17 09:25:19.803   717 31894 D ARenderer: updateDapVolumeLeveler: Setting output level to -11.00dB
01-17 09:25:19.803   717 31894 D DlbDap2QmfProcess: setParam(vmb = #1[0])
01-17 09:25:19.803   717 31894 D DlbDap2QmfProcess: setParam(preg = #1[-384])
01-17 09:25:19.803   717 31894 D DlbDap2QmfProcess: setParam(vol = #1[384])
01-17 09:25:19.803   717 31894 D DlbDlbBufferProvider: setConfig() Updating buffer configuration.
01-17 09:25:19.803   717 31894 D DlbDap2QmfProcess: processQmf() called [0] times
01-17 09:25:19.803   717 31894 D DlbDap2QmfProcess: setMave(mave = 0)
01-17 09:25:19.806   684  1061 D AudioFlinger: trackDestroyed() Track id 785 no longer contains processed audio
01-17 09:25:19.810   627  3892 I DlbEffectContext: setContentProcEnabled() Disabling content processing in effect
01-17 09:25:19.810   627  3892 D DlbDapEndpointParamCache: commitChangedParams()
01-17 09:25:19.810   627  3892 D DlbDapEndpointParamCache: commit() Applying parameters for device 0x40000000
01-17 09:25:19.810   627  3892 D DlbDap2Process: setParam(msce = #1[0])
01-17 09:25:19.810   627  3892 D DlbDap2Process: setParam(mdee = #1[0])
01-17 09:25:19.810   627  3892 D DlbDap2Process: setParam(miee = #1[0])
01-17 09:25:19.810   627  3892 D DlbDap2Process: setParam(mdle = #1[0])
01-17 09:25:19.810   627  3892 D DlbDap2Process: setParam(dvle = #1[0])
01-17 09:25:19.810   627  3892 D DlbDap2Process: setParam(mave = #1[0])
01-17 09:25:19.810   627  3892 D DlbDap2Process: setParam(ieon = #1[0])
01-17 09:25:19.810   627  3892 D DlbDapEndpointParamCache: doCommit() Committed 7 parameters out of 16.
01-17 09:25:19.810   627  3892 D DlbDapEndpointParamCache: commit() Overriding parameters for current device 0x00000002
01-17 09:25:19.810   627  3892 D DlbDap2Process: setParam(dom = #1[0])
01-17 09:25:19.810   627  3892 D DlbDap2Process: setParam(dvle = #1[0])
01-17 09:25:19.810   627  3892 D DlbDap2Process: setParam(dvme = #1[0])
01-17 09:25:19.810   627  3892 D DlbDap2Process: setParam(deon = #1[0])
01-17 09:25:19.810   627  3892 D DlbDap2Process: setParam(ngon = #1[0])
01-17 09:25:19.810   627  3892 D DlbDapEndpointParamCache: doCommit() Committed 5 parameters out of 37.
01-17 09:25:19.812   627  3892 D DlbDapEndpointParamCache: commitChangedParams()
01-17 09:25:19.812   627  3892 D DlbDapEndpointParamCache: commit() Applying parameters for device 0x40000000
01-17 09:25:19.812   627  3892 D DlbDap2Process: setParam(iea = #1[10])
01-17 09:25:19.812   627  3892 D DlbDap2Process: setParam(vcbf = #20[47, 141, 234, 328, 469, 656, 844, 1031, 1313, 1688, 2250, 3000, 3750, 4688, 5813, 7125, 9000, 11250, 13875, 19688])
01-17 09:25:19.812   627  3892 D DlbDap2Process: setParam(vbon = #1[0])
01-17 09:25:19.812   627  3892 D DlbDap2Process: setParam(beon = #1[0])
01-17 09:25:19.812   627  3892 D DlbDap2Process: setParam(geon = #1[0])
01-17 09:25:19.812   627  3892 D DlbDap2Process: setParam(gebs = #41[20, 47, 141, 234, 328, 469, 656, 844, 1031, 1313, 1688, 2250, 3000, 3750, 4688, 5813, 7125, 9000, 11250, 13875, 19688, 0, 0, 0, 0, 0, 0, 0, 0, 0, 0, 0, 0, 0, 0, 0, 0, 0, 0, 0, 0])
01-17 09:25:19.813   627  3892 D DlbDap2Process: setParam(iebs = #41[20, 65, 136, 223, 332, 467, 634, 841, 1098, 1416, 1812, 2302, 2909, 3663, 4598, 5756, 7194, 8976, 11186, 13927, 17326, 117, 133, 188, 176, 141, 149, 175, 185, 185, 200, 236, 242, 228, 213, 182, 132, 110, 68, -27, -240])
01-17 09:25:19.813   627  3892 D DlbDapEndpointParamCache: doCommit() Committed 8 parameters out of 16.
01-17 09:25:19.813   627  3892 D DlbDapEndpointParamCache: commit() Overriding parameters for current device 0x00000002
01-17 09:25:19.813   627  3892 D DlbDap2Process: setParam(dea = #1[7])
01-17 09:25:19.813   627  3892 D DlbDap2Process: setParam(dsa = #1[10])
01-17 09:25:19.813   627  3892 D DlbDap2Process: setParam(beb = #1[192])
01-17 09:25:19.813   627  3892 D DlbDap2Process: setParam(plb = #1[0])
01-17 09:25:19.813   627  3892 D DlbDap2Process: setParam(vmb = #1[144])
01-17 09:25:19.813   627  3892 D DlbDap2Process: setParam(dsb = #1[48])
01-17 09:25:19.813   627  3892 D DlbDap2Process: setParam(ded = #1[0])
01-17 09:25:19.813   627  3892 D DlbDap2Process: setParam(vbm = #1[3])
01-17 09:25:19.813   627  3892 D DlbDap2Process: setParam(bew = #1[16])
01-17 09:25:19.813   627  3892 D DlbDap2Process: setParam(dvla = #1[5])
01-17 09:25:19.813   627  3892 D DlbDap2Process: setParam(arra = #1[96])
01-17 09:25:19.813   627  3892 D DlbDap2Process: setParam(dfsa = #1[10])
01-17 09:25:19.813   627  3892 D DlbDap2Process: setParam(dhsa = #1[10])
01-17 09:25:19.813   627  3892 D DlbDap2Process: setParam(dvmc = #1[0])
01-17 09:25:19.813   627  3892 D DlbDap2Process: setParam(arod = #1[0])
01-17 09:25:19.813   627  3892 D DlbDap2Process: setParam(arde = #1[1])
01-17 09:25:19.813   627  3892 D DlbDap2Process: setParam(becf = #1[200])
01-17 09:25:19.813   627  3892 D DlbDap2Process: setParam(vbmf = #2[94, 469])
01-17 09:25:19.813   627  3892 D DlbDap2Process: setParam(vbsf = #2[35, 160])
01-17 09:25:19.813   627  3892 D DlbDap2Process: setParam(vbhg = #3[-32, -144, -192])
01-17 09:25:19.813   627  3892 D DlbDap2Process: setParam(vbog = #1[0])
01-17 09:25:19.813   627  3892 D DlbDap2Process: setParam(vbsg = #1[0])
01-17 09:25:19.813   627  3892 D DlbDap2Process: setParam(dvli = #1[-320])
01-17 09:25:19.813   627  3892 D DlbDap2Process: setParam(dhfm = #1[2])
01-17 09:25:19.813   627  3892 D DlbDap2Process: setParam(vbon = #1[0])
01-17 09:25:19.813   627  3892 D DlbDap2Process: setParam(beon = #1[0])
01-17 09:25:19.813   627  3892 D DlbDap2Process: setParam(aoon = #1[1])
01-17 09:25:19.813   627  3892 D DlbDap2Process: setParam(aron = #1[1])
01-17 09:25:19.813   627  3892 D DlbDap2Process: setParam(dvlo = #1[-320])
01-17 09:25:19.813   627  3892 D DlbDap2Process: setParam(artp = #1[12])
01-17 09:25:19.814   627  3892 D DlbDap2Process: setParam(aobs = #222[20, 10, 47, 141, 234, 328, 469, 656, 844, 1031, 1313, 1688, 2250, 3000, 3750, 4688, 5813, 7125, 9000, 11250, 13875, 19688, 0, 0, 0, 0, 0, 0, 0, 0, 0, 0, 0, 0, 0, 0, 0, 0, 0, 0, 0, 0, 0, 0, 0, 0, 0, 0, 0, 0, 0, 0, 0, 0, 0, 0, 0, 0, 0, 0, 0, 0, 0, 0, 0, 0, 0, 0, 0, 0, 0, 0, 0, 0, 0, 0, 0, 0, 0, 0, 0, 0, 0, 0, 0, 0, 0, 0, 0, 0, 0, 0, 0, 0, 0, 0, 0, 0, 0, 0, 0, 0, 0, 0, 0, 0, 0, 0, 0, 0, 0, 0, 0, 0, 0, 0, 0, 0, 0, 0, 0, 0, 0, 0, 0, 0, 0, 0, 0, 0, 0, 0, 0, 0, 0, 0, 0, 0, 0, 0, 0, 0, 0, 0, 0, 0, 0, 0, 0, 0, 0, 0, 0, 0, 0, 0, 0, 0, 0, 0, 0, 0, 0, 0, 0, 0, 0, 0, 0, 0, 0, 0, 0, 0, 0, 0, 0, 0, 0, 0, 0, 0, 0, 0, 0, 0, 0, 0, 0, 0, 0, 0, 0, 0, 0, 0, 0, 0, 0, 0, 0, 0, 0, 0, 0, 0, 0, 0, 0, 0, 0, 0, 0, 0, 0, 0, 0, 0, 0, 0, 0, 0])
01-17 09:25:19.814   627  3892 D DlbDap2Process: setParam(arbs = #81[20, 47, 141, 234, 328, 469, 656, 844, 1031, 1313, 1688, 2250, 3000, 3750, 4688, 5813, 7125, 9000, 11250, 13875, 19688, -192, -192, -192, -192, -192, -192, -192, -192, -192, -192, -192, -192, -192, -192, -192, -192, -192, -192, -192, -192, 0, 0, 0, 0, 0, 0, 0, 0, 0, 0, 0, 0, 0, 0, 0, 0, 0, 0, 0, 0, 0, 0, 0, 0, 0, 0, 0, 0, 0, 0, 0, 0, 0, 0, 0, 0, 0, 0, 0, 0])
01-17 09:25:19.814   627  3892 D DlbDapEndpointParamCache: doCommit() Committed 32 parameters out of 37.
01-17 09:25:19.814   627  3892 D DlbDap2Process: setMave(mave = 0)
01-17 09:25:19.815   627  3892 D DlbDapCrossfadeProcess: process transitioning from PREROLL_ACTIVE state to FADE_TO_ACTIVE
01-17 09:25:19.815   684   928 W AudioFlinger::EffectModule: EffectModule 0xee09f580 destructor called with unreleased interface
01-17 09:25:19.815   684   928 W AudioFlinger::EffectHandle: disconnect Effect handle 0xee163940 disconnected after thread destruction
01-17 09:25:19.816   627   924 D DlbDlbEffect: handle_EFFECT_CMD_DISABLE()
01-17 09:25:19.816   627   924 D DlbDapCrossfadeProcess: setEnabled transitioning from FADE_TO_ACTIVE state to FADE_TO_BYPASS
01-17 09:25:19.816   710 31888 D AudioTrack: Client defaulted notificationFrames to 12000 for frameCount 24000
01-17 09:25:19.817   626   626 W /system/bin/hw/android.hidl.allocator@1.0-service: ashmem_create_region(3840) returning hidl_memory(0x7b7102c330, 3840)
01-17 09:25:19.817   627   924 D DlbDlbEffect: handle_EFFECT_CMD_SET_CONFIG()
01-17 09:25:19.818   627  3512 D DlbDapEndpointParamCache: setDevice(device=0x00000002)
01-17 09:25:19.818   645   645 D DMSService: setActiveDevice called with device = 0x2
01-17 09:25:19.819   627   924 D DlbDlbEffect: handle_EFFECT_CMD_ENABLE()
01-17 09:25:19.819   627   924 D DlbDapCrossfadeProcess: setEnabled transitioning from FADE_TO_BYPASS state to FADE_TO_ACTIVE
01-17 09:25:19.820   684  3653 I AudioFlinger: attachAuxEffect(): Marking track 786 as containing processed audio
01-17 09:25:19.820   684  3653 D AudioFlinger: trackContainsProcessedAudio() Track id 786 contains processed audio
01-17 09:25:19.822   626   626 W /system/bin/hw/android.hidl.allocator@1.0-service: ashmem_create_region(7680) returning hidl_memory(0x7b7102c330, 7680)
01-17 09:25:19.823   626   626 W /system/bin/hw/android.hidl.allocator@1.0-service: ashmem_create_region(7680) returning hidl_memory(0x7b7102c330, 7680)
01-17 09:25:19.824   627  3512 D DlbDlbEffect: handle_EFFECT_CMD_DISABLE()
01-17 09:25:19.825   627  3512 D DlbDapCrossfadeProcess: setEnabled transitioning from FADE_TO_ACTIVE state to FADE_TO_BYPASS
01-17 09:25:19.827   626   626 W /system/bin/hw/android.hidl.allocator@1.0-service: ashmem_create_region(7680) returning hidl_memory(0x7b7102c330, 7680)
01-17 09:25:19.827   627  3512 D DlbDlbEffect: handle_EFFECT_CMD_SET_CONFIG()
01-17 09:25:19.828   627  3512 D DlbDapEndpointParamCache: setDevice(device=0x00000002)
01-17 09:25:19.828   645   645 D DMSService: setActiveDevice called with device = 0x2
01-17 09:25:19.828   627   924 D DlbDlbEffect: handle_EFFECT_CMD_ENABLE()
01-17 09:25:19.828   627   924 D DlbDapCrossfadeProcess: setEnabled transitioning from FADE_TO_BYPASS state to FADE_TO_ACTIVE
01-17 09:25:19.828   684  3653 W AudioFlinger: moveDolbyEffect() effect chain for session 0 not on source thread 0xee0ae580
01-17 09:25:19.828   684  3653 D AudioFlinger: trackStateChanged() Track id 786 state changed to 6
01-17 09:25:19.828   684  3653 I AudioFlinger: updateProcessedAudioState() Changing content processing in effect to 1
01-17 09:25:19.828   627  6441 D DlbDlbEffect: handle_EFFECT_CMD_SET_PARAM()
01-17 09:25:19.829 31835 31835 D featureTest: receive broadcast , change virtual speaker  virtualizer :1
01-17 09:25:19.829   710 31884 D NuPlayerDriver: notifyListener_l(0xe6bcb540), (6, 0, 0, -1), loop setting(0, 1)
01-17 09:25:19.839 31835 31835 W System.err: java.lang.UnsupportedOperationException
01-17 09:25:19.840 31835 31835 W System.err: 	at com.dolby.dax.DolbyAudioEffect.setDolbyVirtualSpeakerVirtualizerEnabled(DolbyAudioEffect.java:323)
01-17 09:25:19.840 31835 31835 W System.err: 	at com.dolby.qa.featuretest.MainActivity$1.handleMessage(MainActivity.java:143)
01-17 09:25:19.840 31835 31835 W System.err: 	at android.os.Handler.dispatchMessage(Handler.java:105)
01-17 09:25:19.840 31835 31835 W System.err: 	at android.os.Looper.loop(Looper.java:164)
01-17 09:25:19.840 31835 31835 W System.err: 	at android.app.ActivityThread.main(ActivityThread.java:6541)
01-17 09:25:19.841 31835 31835 W System.err: 	at java.lang.reflect.Method.invoke(Native Method)
01-17 09:25:19.841 31835 31835 W System.err: 	at com.android.internal.os.Zygote$MethodAndArgsCaller.run(Zygote.java:240)
01-17 09:25:19.841 31835 31835 W System.err: 	at com.android.internal.os.ZygoteInit.main(ZygoteInit.java:767)
01-17 09:25:19.841 31835 31835 D featureTest: virtual speaker virtualizer can not be operate for mono speaker endpoint!
01-17 09:25:19.842   710  1422 W MediaClock: reject anchor time since it is negative.
01-17 09:25:19.885 31835 31835 D featureTest: receive broadcast , record log :0
01-17 09:25:19.897   627  3892 D DlbDapCrossfadeProcess: process transitioning from FADE_TO_ACTIVE state to DAP_ACTIVE
01-17 09:25:19.927 31835 31840 I zygote64: Do partial code cache collection, code=8KB, data=13KB
01-17 09:25:19.927 31835 31840 I zygote64: After code cache collection, code=8KB, data=13KB
01-17 09:25:19.927 31835 31840 I zygote64: Increasing code cache capacity to 128KB
01-17 09:25:19.928 31835 31840 I zygote64: Do partial code cache collection, code=8KB, data=32KB
01-17 09:25:19.928 31835 31840 I zygote64: After code cache collection, code=8KB, data=32KB
01-17 09:25:19.928 31835 31840 I zygote64: Increasing code cache capacity to 256KB
01-17 09:25:19.928 31835 31840 I zygote64: Compiler allocated 8MB to compile void android.widget.TextView.<init>(android.content.Context, android.util.AttributeSet, int, int)
01-17 09:25:21.525   945   945 W WindowManager: removeWindowToken: Attempted to remove non-existing token: android.os.Binder@31acede
01-17 09:25:21.598   475   475 D SurfaceFlinger: duplicate layer name: changing Toast to Toast#1
01-17 09:25:22.139   627  3892 D DlbDap2Process: process() called [499000] times
01-17 09:25:23.565   945   945 W WindowManager: removeWindowToken: Attempted to remove non-existing token: android.os.Binder@447c478
01-17 09:25:24.817   627  3892 D DlbDap2Process: process() called [499500] times
