--------- beginning of system
01-17 09:25:07.903   945   960 I ActivityManager: Force stopping com.dolby.qa.featuretest appid=10073 user=0: from pid 31734
01-17 09:25:07.904   945   960 I ActivityManager: Killing 31647:com.dolby.qa.featuretest/u0a73 (adj 0): stop com.dolby.qa.featuretest
01-17 09:25:07.907   945   960 W ActivityManager: Force removing ActivityRecord{8d8c6fd u0 com.dolby.qa.featuretest/.MainActivity t275}: app died, no saved state
01-17 09:25:07.913   945   960 I WindowManager: Failed to capture screenshot of Token{59bfff2 ActivityRecord{8d8c6fd u0 com.dolby.qa.featuretest/.MainActivity t275 f}} appWin=Window{3aa62a1 u0 com.dolby.qa.featuretest/com.dolby.qa.featuretest.MainActivity} drawState=4
--------- beginning of main
01-17 09:25:07.953   710   900 D NuPlayerDriver: reset(0xe6bcb850) at state 5
01-17 09:25:07.954   710   900 D NuPlayerDriver: notifyListener_l(0xe6bcb850), (8, 0, 0, -1), loop setting(0, 1)
01-17 09:25:07.955   684  3653 D AudioFlinger: trackStateChanged() Track id 780 state changed to 6
01-17 09:25:07.959   945  6310 I WindowManager: WIN DEATH: Window{f1a9098 u0 Toast}
01-17 09:25:07.964  1499  1499 D CarrierSvcBindHelper: No carrier app for: 0
01-17 09:25:07.968   717 20091 I DDP_JOCDecoder: -> ~DDPDecoder
01-17 09:25:07.968   717 20091 I DDP_JOCDecoder: -> stop
01-17 09:25:07.969   645   645 I DMSService: unregisterClient type = 4, uid = e7f0faf0
01-17 09:25:08.006   645   645 D DatabaseHelper: failed to prepare SQL : INSERT INTO profiles VALUES(15
01-17 09:25:08.006   645   645 D DatabaseHelper: ,'custom','user2','user2','off','off')
01-17 09:25:08.007   645   645 D DatabaseHelper: failed to prepare SQL : INSERT INTO profile_endpoints VALUES(57
01-17 09:25:08.007   645   645 D DatabaseHelper: ,'custom','user2','speaker')
01-17 09:25:08.007   645   645 D DatabaseHelper: failed to prepare SQL : INSERT INTO profile_endpoints VALUES(57
01-17 09:25:08.007   645   645 D DatabaseHelper: ,'custom','user2','headphone')
01-17 09:25:08.008   645   645 D DatabaseHelper: failed to prepare SQL : INSERT INTO profile_endpoints VALUES(57
01-17 09:25:08.008   645   645 D DatabaseHelper: ,'custom','user2','passthrough')
01-17 09:25:08.008   645   645 D DatabaseHelper: failed to prepare SQL : INSERT INTO profile_endpoints VALUES(57
01-17 09:25:08.008   645   645 D DatabaseHelper: ,'custom','user2','other')
01-17 09:25:08.008   645   645 D DatabaseHelper: failed to prepare SQL : INSERT INTO profile_ports VALUES(85
01-17 09:25:08.008   645   645 D DatabaseHelper: ,'custom','user2','internal_speaker')
01-17 09:25:08.009   645   645 D DatabaseHelper: failed to prepare SQL : INSERT INTO profile_ports VALUES(85
01-17 09:25:08.009   645   645 D DatabaseHelper: ,'custom','user2','hdmi')
01-17 09:25:08.009   645   645 D DatabaseHelper: failed to prepare SQL : INSERT INTO profile_ports VALUES(85
01-17 09:25:08.009   645   645 D DatabaseHelper: ,'custom','user2','miracast')
01-17 09:25:08.010   645   645 D DatabaseHelper: failed to prepare SQL : INSERT INTO profile_ports VALUES(85
01-17 09:25:08.010   645   645 D DatabaseHelper: ,'custom','user2','headphone_port')
01-17 09:25:08.010   645   645 D DatabaseHelper: failed to prepare SQL : INSERT INTO profile_ports VALUES(85
01-17 09:25:08.010   645   645 D DatabaseHelper: ,'custom','user2','bluetooth')
01-17 09:25:08.012   645   645 D DatabaseHelper: failed to prepare SQL : INSERT INTO profile_ports VALUES(85
01-17 09:25:08.012   645   645 D DatabaseHelper: ,'custom','user2','usb')
01-17 09:25:08.012   645   645 D DatabaseHelper: failed to prepare SQL : INSERT INTO geq_presets VALUES(57
01-17 09:25:08.012   645   645 D DatabaseHelper: ,'custom','off','user2')
01-17 09:25:08.012   645   645 D DatabaseHelper: failed to prepare SQL : INSERT INTO geq_presets VALUES(57
01-17 09:25:08.012   645   645 D DatabaseHelper: ,'custom','open','user2')
01-17 09:25:08.012   645   645 D DatabaseHelper: failed to prepare SQL : INSERT INTO geq_presets VALUES(57
01-17 09:25:08.012   645   645 D DatabaseHelper: ,'custom','rich','user2')
01-17 09:25:08.013   645   645 D DatabaseHelper: failed to prepare SQL : INSERT INTO geq_presets VALUES(57
01-17 09:25:08.013   645   645 D DatabaseHelper: ,'custom','focused','user2')
01-17 09:25:08.022   945   989 W Looper  : Dispatch took 117ms on android.ui, h=Handler (com.android.server.am.ActivityManagerService$UiHandler) {a52c7ca} cb=null msg=53
01-17 09:25:08.033  2010  2010 D RegisteredNfcFServicesCache: Service unchanged, not updating
01-17 09:25:08.034   717 20091 I DDP_JOCDecoder: <- stop
01-17 09:25:08.034   717 20091 I ARenderer: ~ARenderer
01-17 09:25:08.034   717 20091 I evo_parser: evo_parser_close
01-17 09:25:08.035   717 20091 I DlbDap2QmfProcess: ~Dap2Process()
01-17 09:25:08.036   717 20091 I DlbDap2QmfProcess: close()
01-17 09:25:08.036   717 20091 I DDP_JOCDecoder: <- ~DDPDecoder
01-17 09:25:08.043   710 31698 D NuPlayerDriver: notifyResetComplete(0xe6bcb850)
01-17 09:25:08.043   710   900 D AudioTrack: stop() called with 0 frames delivered
01-17 09:25:08.044   627  3892 I DlbEffectContext: setContentProcEnabled() Enabling content processing in global effect
01-17 09:25:08.044   627  3892 D DlbDapEndpointParamCache: commitChangedParams()
01-17 09:25:08.044   627  3892 D DlbDapEndpointParamCache: commit() Applying parameters for device 0x40000000
01-17 09:25:08.044   627  3892 D DlbDap2Process: setParam(iea = #1[10])
01-17 09:25:08.044   627  3892 D DlbDap2Process: setParam(msce = #1[0])
01-17 09:25:08.044   627  3892 D DlbDap2Process: setParam(mdee = #1[0])
01-17 09:25:08.044   627  3892 D DlbDap2Process: setParam(miee = #1[0])
01-17 09:25:08.044   627  3892 D DlbDap2Process: setParam(mdle = #1[0])
01-17 09:25:08.044   627  3892 D DlbDap2Process: setParam(dvle = #1[1])
01-17 09:25:08.044   627  3892 D DlbDap2Process: setParam(mave = #1[0])
01-17 09:25:08.044   627  3892 D DlbDap2Process: setParam(vcbf = #20[47, 141, 234, 328, 469, 656, 844, 1031, 1313, 1688, 2250, 3000, 3750, 4688, 5813, 7125, 9000, 11250, 13875, 19688])
01-17 09:25:08.044   627  3892 D DlbDap2Process: setParam(vbon = #1[0])
01-17 09:25:08.044   627  3892 D DlbDap2Process: setParam(beon = #1[0])
01-17 09:25:08.044   627  3892 D DlbDap2Process: setParam(geon = #1[0])
01-17 09:25:08.044   627  3892 D DlbDap2Process: setParam(ieon = #1[0])
01-17 09:25:08.044   627  3892 D DlbDap2Process: setParam(gebs = #41[20, 47, 141, 234, 328, 469, 656, 844, 1031, 1313, 1688, 2250, 3000, 3750, 4688, 5813, 7125, 9000, 11250, 13875, 19688, 0, 0, 0, 0, 0, 0, 0, 0, 0, 0, 0, 0, 0, 0, 0, 0, 0, 0, 0, 0])
01-17 09:25:08.045   627  3892 D DlbDap2Process: setParam(iebs = #41[20, 65, 136, 223, 332, 467, 634, 841, 1098, 1416, 1812, 2302, 2909, 3663, 4598, 5756, 7194, 8976, 11186, 13927, 17326, 117, 133, 188, 176, 141, 149, 175, 185, 185, 200, 236, 242, 228, 213, 182, 132, 110, 68, -27, -240])
01-17 09:25:08.045   627  3892 D DlbDapEndpointParamCache: doCommit() Committed 15 parameters out of 16.
01-17 09:25:08.045   627  3892 D DlbDapEndpointParamCache: commit() Overriding parameters for current device 0x00000002
01-17 09:25:08.045   627  3892 D DlbDap2Process: setParam(dea = #1[7])
01-17 09:25:08.045   627  3892 D DlbDap2Process: setParam(dsa = #1[10])
01-17 09:25:08.045   627  3892 D DlbDap2Process: setParam(beb = #1[192])
01-17 09:25:08.045   627  3892 D DlbDap2Process: setParam(plb = #1[0])
01-17 09:25:08.045   627  3892 D DlbDap2Process: setParam(vmb = #1[144])
01-17 09:25:08.045   627  3892 D DlbDap2Process: setParam(dsb = #1[48])
01-17 09:25:08.045   627  3892 D DlbDap2Process: setParam(ded = #1[0])
01-17 09:25:08.045   627  3892 D DlbDap2Process: setParam(vbm = #1[3])
01-17 09:25:08.045   627  3892 D DlbDap2Process: setParam(dom = #1[0])
01-17 09:25:08.045   627  3892 D DlbDap2Process: setParam(bew = #1[16])
01-17 09:25:08.045   627  3892 D DlbDap2Process: setParam(dvla = #1[5])
01-17 09:25:08.045   627  3892 D DlbDap2Process: setParam(arra = #1[96])
01-17 09:25:08.045   627  3892 D DlbDap2Process: setParam(dfsa = #1[10])
01-17 09:25:08.045   627  3892 D DlbDap2Process: setParam(dhsa = #1[10])
01-17 09:25:08.045   627  3892 D DlbDap2Process: setParam(dvmc = #1[0])
01-17 09:25:08.045   627  3892 D DlbDap2Process: setParam(arod = #1[0])
01-17 09:25:08.045   627  3892 D DlbDap2Process: setParam(arde = #1[1])
01-17 09:25:08.045   627  3892 D DlbDap2Process: setParam(dvle = #1[1])
01-17 09:25:08.045   627  3892 D DlbDap2Process: setParam(dvme = #1[0])
01-17 09:25:08.045   627  3892 D DlbDap2Process: setParam(becf = #1[200])
01-17 09:25:08.045   627  3892 D DlbDap2Process: setParam(vbmf = #2[94, 469])
01-17 09:25:08.045   627  3892 D DlbDap2Process: setParam(vbsf = #2[35, 160])
01-17 09:25:08.045   627  3892 D DlbDap2Process: setParam(vbhg = #3[-32, -144, -192])
01-17 09:25:08.045   627  3892 D DlbDap2Process: setParam(vbog = #1[0])
01-17 09:25:08.045   627  3892 D DlbDap2Process: setParam(vbsg = #1[0])
01-17 09:25:08.045   627  3892 D DlbDap2Process: setParam(dvli = #1[-320])
01-17 09:25:08.045   627  3892 D DlbDap2Process: setParam(dhfm = #1[2])
01-17 09:25:08.045   627  3892 D DlbDap2Process: setParam(vbon = #1[0])
01-17 09:25:08.045   627  3892 D DlbDap2Process: setParam(beon = #1[0])
01-17 09:25:08.045   627  3892 D DlbDap2Process: setParam(deon = #1[0])
01-17 09:25:08.045   627  3892 D DlbDap2Process: setParam(ngon = #1[1])
01-17 09:25:08.045   627  3892 D DlbDap2Process: setParam(aoon = #1[1])
01-17 09:25:08.045   627  3892 D DlbDap2Process: setParam(aron = #1[1])
01-17 09:25:08.045   627  3892 D DlbDap2Process: setParam(dvlo = #1[-320])
01-17 09:25:08.045   627  3892 D DlbDap2Process: setParam(artp = #1[12])
01-17 09:25:08.046   627  3892 D DlbDap2Process: setParam(aobs = #222[20, 10, 47, 141, 234, 328, 469, 656, 844, 1031, 1313, 1688, 2250, 3000, 3750, 4688, 5813, 7125, 9000, 11250, 13875, 19688, 0, 0, 0, 0, 0, 0, 0, 0, 0, 0, 0, 0, 0, 0, 0, 0, 0, 0, 0, 0, 0, 0, 0, 0, 0, 0, 0, 0, 0, 0, 0, 0, 0, 0, 0, 0, 0, 0, 0, 0, 0, 0, 0, 0, 0, 0, 0, 0, 0, 0, 0, 0, 0, 0, 0, 0, 0, 0, 0, 0, 0, 0, 0, 0, 0, 0, 0, 0, 0, 0, 0, 0, 0, 0, 0, 0, 0, 0, 0, 0, 0, 0, 0, 0, 0, 0, 0, 0, 0, 0, 0, 0, 0, 0, 0, 0, 0, 0, 0, 0, 0, 0, 0, 0, 0, 0, 0, 0, 0, 0, 0, 0, 0, 0, 0, 0, 0, 0, 0, 0, 0, 0, 0, 0, 0, 0, 0, 0, 0, 0, 0, 0, 0, 0, 0, 0, 0, 0, 0, 0, 0, 0, 0, 0, 0, 0, 0, 0, 0, 0, 0, 0, 0, 0, 0, 0, 0, 0, 0, 0, 0, 0, 0, 0, 0, 0, 0, 0, 0, 0, 0, 0, 0, 0, 0, 0, 0, 0, 0, 0, 0, 0, 0, 0, 0, 0, 0, 0, 0, 0, 0, 0, 0, 0, 0, 0, 0, 0, 0, 0])
01-17 09:25:08.046   627  3892 D DlbDap2Process: setParam(arbs = #81[20, 47, 141, 234, 328, 469, 656, 844, 1031, 1313, 1688, 2250, 3000, 3750, 4688, 5813, 7125, 9000, 11250, 13875, 19688, -192, -192, -192, -192, -192, -192, -192, -192, -192, -192, -192, -192, -192, -192, -192, -192, -192, -192, -192, -192, 0, 0, 0, 0, 0, 0, 0, 0, 0, 0, 0, 0, 0, 0, 0, 0, 0, 0, 0, 0, 0, 0, 0, 0, 0, 0, 0, 0, 0, 0, 0, 0, 0, 0, 0, 0, 0, 0, 0, 0])
01-17 09:25:08.046   627  3892 D DlbDapEndpointParamCache: doCommit() Committed 37 parameters out of 37.
01-17 09:25:08.046   627  3892 D DlbDap2Process: setMave(mave = 0)
01-17 09:25:08.058   684  1056 D AudioFlinger: trackStateChanged() Track id 780 state changed to 2
01-17 09:25:08.058   684  1056 I AudioFlinger: updateProcessedAudioState() Changing content processing in effect to 0
01-17 09:25:08.058   627  3512 D DlbDlbEffect: handle_EFFECT_CMD_SET_PARAM()
01-17 09:25:08.068   945  1324 I ActivityManager: START u0 {flg=0x10000000 cmp=com.dolby.qa.featuretest/.MainActivity} from uid 2000
01-17 09:25:08.069   684  1056 D AudioFlinger: trackDestroyed() Track id 780 no longer contains processed audio
01-17 09:25:08.070   684   928 W AudioFlinger::EffectModule: EffectModule 0xee09fa00 destructor called with unreleased interface
01-17 09:25:08.070   684   928 W AudioFlinger::EffectHandle: disconnect Effect handle 0xee531d80 disconnected after thread destruction
01-17 09:25:08.093   945  5020 I ActivityManager: Start proc 31741:com.dolby.qa.featuretest/u0a73 for activity com.dolby.qa.featuretest/.MainActivity
01-17 09:25:08.096 31741 31741 I zygote64: Late-enabling -Xcheck:jni
01-17 09:25:08.269 31741 31741 D featureTest: onCreate
01-17 09:25:08.274 31741 31741 D AudioTrack: Client defaulted notificationFrames to 962 for frameCount 1924
01-17 09:25:08.276 31741 31741 W AudioTrack: Use of stream types is deprecated for operations other than volume control
01-17 09:25:08.276 31741 31741 W AudioTrack: See the documentation of AudioTrack() for what to use instead with android.media.AudioAttributes to qualify your playback use case
01-17 09:25:08.283 31741 31741 W DolbyAudioEffect: WARNING: attaching a DolbyAudioEffect to global output mix is deprecated!
01-17 09:25:08.289 31741 31741 D featureTest: onResume
01-17 09:25:08.298 31741 31758 D OpenGLRenderer: HWUI GL Pipeline
01-17 09:25:08.347 31741 31758 I Adreno  : QUALCOMM build                   : 7142022, Ib5823dd10c
01-17 09:25:08.347 31741 31758 I Adreno  : Build Date                       : 06/23/17
01-17 09:25:08.347 31741 31758 I Adreno  : OpenGL ES Shader Compiler Version: EV031.18.00.00
01-17 09:25:08.347 31741 31758 I Adreno  : Local Branch                     : O11A
01-17 09:25:08.347 31741 31758 I Adreno  : Remote Branch                    : 
01-17 09:25:08.347 31741 31758 I Adreno  : Remote Branch                    : 
01-17 09:25:08.347 31741 31758 I Adreno  : Reconstruct Branch               : 
01-17 09:25:08.352 31741 31758 I Adreno  : PFP: 0x005ff087, ME: 0x005ff063
01-17 09:25:08.355 31741 31758 I OpenGLRenderer: Initialized EGL, version 1.4
01-17 09:25:08.355 31741 31758 D OpenGLRenderer: Swap behavior 2
01-17 09:25:08.416   945   998 I ActivityManager: Displayed com.dolby.qa.featuretest/.MainActivity: +323ms
01-17 09:25:08.488   475   475 D SurfaceFlinger: Backpressure trigger, skipping transaction & refresh!
01-17 09:25:08.495   945   998 W ActivityManager: setHasOverlayUi called on unknown pid: 31647
01-17 09:25:08.884  2103  2230 W OpenGLRenderer: Incorrectly called buildLayer on View: ShortcutAndWidgetContainer, destroying layer...
01-17 09:25:09.082   945   945 W NotificationService: Object died trying to hide notification android.app.ITransientNotification$Stub$Proxy@81f3e40 in package com.dolby.qa.featuretest
01-17 09:25:09.083   945   945 W WindowManager: removeWindowToken: Attempted to remove non-existing token: android.os.Binder@53c9626
01-17 09:25:09.083   945   945 W ActivityManager: setProcessForeground called on unknown pid: 31647
01-17 09:25:09.083   945   945 W NotificationService: Object died trying to show notification android.app.ITransientNotification$Stub$Proxy@fc53179 in package com.dolby.qa.featuretest
01-17 09:25:09.083   945   945 W ActivityManager: setProcessForeground called on unknown pid: 31647
01-17 09:25:09.084   945   945 W NotificationService: Object died trying to show notification android.app.ITransientNotification$Stub$Proxy@89f1ebe in package com.dolby.qa.featuretest
01-17 09:25:09.147 31741 31741 D featureTest: receive broadcast , playing content location :/sdcard/featureTest/Pearl_Harbour_French_5.1_dd_448Kbps.mp4
01-17 09:25:09.155 31741 31741 D featureTest: mMediaPlayer.getAudioSessionId(): 5865
01-17 09:25:09.156 31741 31741 D featureTest: Playing file: /sdcard/featureTest/Pearl_Harbour_French_5.1_dd_448Kbps.mp4
01-17 09:25:09.158   710   900 D NuPlayerDriver: NuPlayerDriver(0xe6bcb850) created, clientPid(31741)
01-17 09:25:09.162 31741 31741 W MediaPlayer: Use of stream types is deprecated for operations other than volume control
01-17 09:25:09.162 31741 31741 W MediaPlayer: See the documentation of setAudioStreamType() for what to use instead with android.media.AudioAttributes to qualify your playback use case
01-17 09:25:09.163 31769 31769 W generic : type=1400 audit(0.0:485): avc: denied { read } for path="/storage/emulated/0/featuretest/Pearl_Harbour_French_5.1_dd_448Kbps.mp4" dev="sdcardfs" ino=1310776 scontext=u:r:mediaextractor:s0 tcontext=u:object_r:sdcardfs:s0 tclass=file permissive=0
01-17 09:25:09.165   710 31769 D GenericSource: FileSource remote
01-17 09:25:09.165   710 31769 W GenericSource: extractor service cannot make data source
01-17 09:25:09.165   710 31769 D GenericSource: FileSource local
01-17 09:25:09.182   710 31766 D NuPlayerDriver: notifyListener_l(0xe6bcb850), (1, 0, 0, -1), loop setting(0, 0)
01-17 09:25:09.192   710  1419 D NuPlayerDriver: start(0xe6bcb850), state is 4, eos is 0
01-17 09:25:09.192   710 31766 I GenericSource: start
01-17 09:25:09.198 31741 31741 W DolbyAudioEffect: WARNING: attaching a DolbyAudioEffect to global output mix is deprecated!
01-17 09:25:09.206   710 31774 I OMXClient: Treble IOmx obtained
01-17 09:25:09.206   717 20091 I OMXMaster: makeComponentInstance(OMX.dolby.ac3.decoder) in omx@1.0-service process
01-17 09:25:09.214 31741 31741 D featureTest: receive broadcast , change ds status :0
01-17 09:25:09.236   627  6441 D DlbDlbEffect: handle_EFFECT_CMD_SET_PARAM()
01-17 09:25:09.248   627  3892 D DlbDapCrossfadeProcess: setEnabled transitioning from DAP_ACTIVE state to FADE_TO_BYPASS
01-17 09:25:09.253   717 20091 I DDP_JOCDecoder: -> init name OMX.dolby.ac3.decoder
01-17 09:25:09.255   645   645 I DMSService: registerClient type = 0, uid = e7f0fb80
01-17 09:25:09.255   645   645 V DolbyMemoryService: registerClient() client 0x710ec74380, uid -403637376
01-17 09:25:09.255   717 20091 I DDP_JOCDecoder: <- init
01-17 09:25:09.256   717 20091 D DDP_JOCDecoder: initPorts
01-17 09:25:09.257   717 21044 E OMXNodeInstance: setConfig(0xe83a2f60:dolby.ac3.decoder, ConfigPriority(0x6f800002)) ERROR: Undefined(0x80001001)
01-17 09:25:09.257   710 31774 I ACodec  : codec does not support config priority (err -2147483648)
01-17 09:25:09.257   717 21044 E OMXNodeInstance: getConfig(0xe83a2f60:dolby.ac3.decoder, ConfigAndroidVendorExtension(0x6f100004)) ERROR: Undefined(0x80001001)
01-17 09:25:09.258   710 31774 I MediaCodec: MediaCodec will operate in async mode
01-17 09:25:09.258   710 31774 I ACodec  : setDolbyParameterOnProcessedAudio() Received dolby_processed_audio=1
01-17 09:25:09.258   710 31773 I NuPlayerDecoder: setDolbyMessage() Notifying player that Codec supports dolby_processed_audio flag
01-17 09:25:09.258   710 31766 I NuPlayer: onDolbyMessageReceived() Setting dolby_processed_audio flag on audio sink
01-17 09:25:09.258   710 31766 I MediaPlayerService: setDolbyParameters() Marking audio output as having dolby_processed_audio
01-17 09:25:09.259   645   645 I DMSService: unregisterClient type = 0, uid = e7f0fb80
01-17 09:25:09.282 31741 31741 D featureTest: receive broadcast , change ds profile id :2
01-17 09:25:09.287   645   645 D DatabaseHelper: failed to prepare SQL : INSERT INTO profiles VALUES(15
01-17 09:25:09.287   645   645 D DatabaseHelper: ,'custom','user2','user2','off','off')
01-17 09:25:09.287   645   645 D DatabaseHelper: failed to prepare SQL : INSERT INTO profile_endpoints VALUES(57
01-17 09:25:09.287   645   645 D DatabaseHelper: ,'custom','user2','speaker')
01-17 09:25:09.288   645   645 D DatabaseHelper: failed to prepare SQL : INSERT INTO profile_endpoints VALUES(57
01-17 09:25:09.288   645   645 D DatabaseHelper: ,'custom','user2','headphone')
01-17 09:25:09.288   645   645 D DatabaseHelper: failed to prepare SQL : INSERT INTO profile_endpoints VALUES(57
01-17 09:25:09.288   645   645 D DatabaseHelper: ,'custom','user2','passthrough')
01-17 09:25:09.288   645   645 D DatabaseHelper: failed to prepare SQL : INSERT INTO profile_endpoints VALUES(57
01-17 09:25:09.288   645   645 D DatabaseHelper: ,'custom','user2','other')
01-17 09:25:09.288   645   645 D DatabaseHelper: failed to prepare SQL : INSERT INTO profile_ports VALUES(85
01-17 09:25:09.288   645   645 D DatabaseHelper: ,'custom','user2','internal_speaker')
01-17 09:25:09.289   645   645 D DatabaseHelper: failed to prepare SQL : INSERT INTO profile_ports VALUES(85
01-17 09:25:09.289   645   645 D DatabaseHelper: ,'custom','user2','hdmi')
01-17 09:25:09.289   645   645 D DatabaseHelper: failed to prepare SQL : INSERT INTO profile_ports VALUES(85
01-17 09:25:09.289   645   645 D DatabaseHelper: ,'custom','user2','miracast')
01-17 09:25:09.289   645   645 D DatabaseHelper: failed to prepare SQL : INSERT INTO profile_ports VALUES(85
01-17 09:25:09.289   645   645 D DatabaseHelper: ,'custom','user2','headphone_port')
01-17 09:25:09.289   645   645 D DatabaseHelper: failed to prepare SQL : INSERT INTO profile_ports VALUES(85
01-17 09:25:09.289   645   645 D DatabaseHelper: ,'custom','user2','bluetooth')
01-17 09:25:09.289   645   645 D DatabaseHelper: failed to prepare SQL : INSERT INTO profile_ports VALUES(85
01-17 09:25:09.289   645   645 D DatabaseHelper: ,'custom','user2','usb')
01-17 09:25:09.290   645   645 D DatabaseHelper: failed to prepare SQL : INSERT INTO geq_presets VALUES(57
01-17 09:25:09.290   645   645 D DatabaseHelper: ,'custom','off','user2')
01-17 09:25:09.290   645   645 D DatabaseHelper: failed to prepare SQL : INSERT INTO geq_presets VALUES(57
01-17 09:25:09.290   645   645 D DatabaseHelper: ,'custom','open','user2')
01-17 09:25:09.290   645   645 D DatabaseHelper: failed to prepare SQL : INSERT INTO geq_presets VALUES(57
01-17 09:25:09.290   645   645 D DatabaseHelper: ,'custom','rich','user2')
01-17 09:25:09.291   645   645 D DatabaseHelper: failed to prepare SQL : INSERT INTO geq_presets VALUES(57
01-17 09:25:09.291   645   645 D DatabaseHelper: ,'custom','focused','user2')
01-17 09:25:09.303   645   645 I DMSService: registerClient type = 4, uid = e7f0fb60
01-17 09:25:09.303   627  6441 D DlbDlbEffect: handle_EFFECT_CMD_SET_PARAM()
01-17 09:25:09.303   645   645 V DolbyMemoryService: registerClient() client 0x710ec74380, uid -403637404
01-17 09:25:09.303   717 20091 D DDP_JOCDecoder: internalSetParameter() Instantiating ARenderer for content processing in decoder
01-17 09:25:09.303   717 20091 I DlbDap2QmfProcess: Dap2Process()
01-17 09:25:09.303   717 20091 I ARenderer: ARenderer
01-17 09:25:09.303   717 20091 I evo_parser: evo_parser_init
01-17 09:25:09.303   717 20091 I DlbDap2QmfProcess: init()
01-17 09:25:09.303   717 20091 I DlbDap2QmfProcess: open()
01-17 09:25:09.304   717 20091 I DlbDap2QmfProcess: loadLicense() no license check!
01-17 09:25:09.304   717 20091 I DlbDap2QmfProcess: validateLicense() no license check!
01-17 09:25:09.304   717 20091 I DlbDap2QmfProcess: init() DAP opened
01-17 09:25:09.304   717 20091 I DlbDap2QmfProcess: DAP library version: 2.5.1-P2.0
01-17 09:25:09.304   717 20091 D DlbDap2QmfProcess: DAP output mode set to 1 with 2 output channels and null mix matrix.
01-17 09:25:09.305   710 31774 I ACodec  : setDolbyParameterOnProcessedAudio() Content processing enabled in decoder
01-17 09:25:09.305   645   713 I DapController: Profile Changed to Music
01-17 09:25:09.309   626   626 W /system/bin/hw/android.hidl.allocator@1.0-service: ashmem_create_region(8192) returning hidl_memory(0x7b7102c330, 8192)
01-17 09:25:09.310   626   626 I chatty  : uid=1000(system) allocator@1.0-s identical 2 lines
01-17 09:25:09.310   626   626 W /system/bin/hw/android.hidl.allocator@1.0-service: ashmem_create_region(8192) returning hidl_memory(0x7b7102c330, 8192)
01-17 09:25:09.311   626   626 W /system/bin/hw/android.hidl.allocator@1.0-service: ashmem_create_region(147456) returning hidl_memory(0x7b7102c330, 147456)
01-17 09:25:09.313   626   626 I chatty  : uid=1000(system) allocator@1.0-s identical 1 line
01-17 09:25:09.314   626   626 W /system/bin/hw/android.hidl.allocator@1.0-service: ashmem_create_region(147456) returning hidl_memory(0x7b7102c330, 147456)
01-17 09:25:09.314   627  3892 I DlbEffectContext: setContentProcEnabled() Disabling content processing in effect
01-17 09:25:09.314   626   626 W /system/bin/hw/android.hidl.allocator@1.0-service: ashmem_create_region(147456) returning hidl_memory(0x7b7102c330, 147456)
01-17 09:25:09.315   627  3892 D DlbDapEndpointParamCache: commitChangedParams()
01-17 09:25:09.315   627  3892 D DlbDapEndpointParamCache: commit() Applying parameters for device 0x40000000
01-17 09:25:09.315   627  3892 D DlbDap2Process: setParam(msce = #1[0])
01-17 09:25:09.315   627  3892 D DlbDap2Process: setParam(mdee = #1[0])
01-17 09:25:09.315   627  3892 D DlbDap2Process: setParam(miee = #1[0])
01-17 09:25:09.315   627  3892 D DlbDap2Process: setParam(mdle = #1[0])
01-17 09:25:09.315   627  3892 D DlbDap2Process: setParam(dvle = #1[0])
01-17 09:25:09.315   627  3892 D DlbDap2Process: setParam(mave = #1[0])
01-17 09:25:09.315   627  3892 D DlbDap2Process: setParam(ieon = #1[0])
01-17 09:25:09.315   627  3892 D DlbDapEndpointParamCache: doCommit() Committed 7 parameters out of 16.
01-17 09:25:09.315   627  3892 D DlbDapEndpointParamCache: commit() Overriding parameters for current device 0x00000002
01-17 09:25:09.315   627  3892 D DlbDap2Process: setParam(dom = #1[0])
01-17 09:25:09.315   627  3892 D DlbDap2Process: setParam(dvle = #1[0])
01-17 09:25:09.315   627  3892 D DlbDap2Process: setParam(dvme = #1[0])
01-17 09:25:09.315   627  3892 D DlbDap2Process: setParam(deon = #1[0])
01-17 09:25:09.315   627  3892 D DlbDap2Process: setParam(ngon = #1[0])
01-17 09:25:09.315   627  3892 D DlbDapEndpointParamCache: doCommit() Committed 5 parameters out of 37.
01-17 09:25:09.316   717 31778 I DDP_JOCDecoder: -> start
01-17 09:25:09.317   627  3892 D DlbDapEndpointParamCache: commitChangedParams()
01-17 09:25:09.317   627  3892 D DlbDapEndpointParamCache: commit() Applying parameters for device 0x40000000
01-17 09:25:09.317   627  3892 D DlbDap2Process: setParam(iea = #1[10])
01-17 09:25:09.317   627  3892 D DlbDap2Process: setParam(vcbf = #20[47, 141, 234, 328, 469, 656, 844, 1031, 1313, 1688, 2250, 3000, 3750, 4688, 5813, 7125, 9000, 11250, 13875, 19688])
01-17 09:25:09.317   627  3892 D DlbDap2Process: setParam(vbon = #1[0])
01-17 09:25:09.317   627  3892 D DlbDap2Process: setParam(beon = #1[0])
01-17 09:25:09.317   627  3892 D DlbDap2Process: setParam(geon = #1[0])
01-17 09:25:09.317   627  3892 D DlbDap2Process: setParam(gebs = #41[20, 47, 141, 234, 328, 469, 656, 844, 1031, 1313, 1688, 2250, 3000, 3750, 4688, 5813, 7125, 9000, 11250, 13875, 19688, 0, 0, 0, 0, 0, 0, 0, 0, 0, 0, 0, 0, 0, 0, 0, 0, 0, 0, 0, 0])
01-17 09:25:09.317   627  3892 D DlbDap2Process: setParam(iebs = #41[20, 65, 136, 223, 332, 467, 634, 841, 1098, 1416, 1812, 2302, 2909, 3663, 4598, 5756, 7194, 8976, 11186, 13927, 17326, 117, 133, 188, 176, 141, 149, 175, 185, 185, 200, 236, 242, 228, 213, 182, 132, 110, 68, -27, -240])
01-17 09:25:09.317   627  3892 D DlbDapEndpointParamCache: doCommit() Committed 8 parameters out of 16.
01-17 09:25:09.317   627  3892 D DlbDapEndpointParamCache: commit() Overriding parameters for current device 0x00000002
01-17 09:25:09.317   627  3892 D DlbDap2Process: setParam(dea = #1[7])
01-17 09:25:09.318   627  3892 D DlbDap2Process: setParam(dsa = #1[10])
01-17 09:25:09.318   627  3892 D DlbDap2Process: setParam(beb = #1[192])
01-17 09:25:09.318   627  3892 D DlbDap2Process: setParam(plb = #1[0])
01-17 09:25:09.318   627  3892 D DlbDap2Process: setParam(vmb = #1[144])
01-17 09:25:09.318   627  3892 D DlbDap2Process: setParam(dsb = #1[0])
01-17 09:25:09.318   627  3892 D DlbDap2Process: setParam(ded = #1[0])
01-17 09:25:09.318   627  3892 D DlbDap2Process: setParam(vbm = #1[3])
01-17 09:25:09.318   627  3892 D DlbDap2Process: setParam(bew = #1[16])
01-17 09:25:09.318   627  3892 D DlbDap2Process: setParam(dvla = #1[4])
01-17 09:25:09.318   627  3892 D DlbDap2Process: setParam(arra = #1[96])
01-17 09:25:09.318   627  3892 D DlbDap2Process: setParam(dfsa = #1[10])
01-17 09:25:09.318   627  3892 D DlbDap2Process: setParam(dhsa = #1[10])
01-17 09:25:09.318   627  3892 D DlbDap2Process: setParam(dvmc = #1[0])
01-17 09:25:09.318   627  3892 D DlbDap2Process: setParam(arod = #1[0])
01-17 09:25:09.318   627  3892 D DlbDap2Process: setParam(arde = #1[1])
01-17 09:25:09.318   627  3892 D DlbDap2Process: setParam(becf = #1[200])
01-17 09:25:09.318   627  3892 D DlbDap2Process: setParam(vbmf = #2[94, 469])
01-17 09:25:09.318   627  3892 D DlbDap2Process: setParam(vbsf = #2[35, 160])
01-17 09:25:09.318   627  3892 D DlbDap2Process: setParam(vbhg = #3[-32, -144, -192])
01-17 09:25:09.318   627  3892 D DlbDap2Process: setParam(vbog = #1[0])
01-17 09:25:09.318   627  3892 D DlbDap2Process: setParam(vbsg = #1[0])
01-17 09:25:09.318   627  3892 D DlbDap2Process: setParam(dvli = #1[-320])
01-17 09:25:09.318   627  3892 D DlbDap2Process: setParam(dhfm = #1[2])
01-17 09:25:09.318   627  3892 D DlbDap2Process: setParam(vbon = #1[0])
01-17 09:25:09.318   627  3892 D DlbDap2Process: setParam(beon = #1[0])
01-17 09:25:09.318   627  3892 D DlbDap2Process: setParam(aoon = #1[1])
01-17 09:25:09.318   627  3892 D DlbDap2Process: setParam(aron = #1[1])
01-17 09:25:09.318   627  3892 D DlbDap2Process: setParam(dvlo = #1[-320])
01-17 09:25:09.318   627  3892 D DlbDap2Process: setParam(artp = #1[12])
01-17 09:25:09.319   627  3892 D DlbDap2Process: setParam(aobs = #222[20, 10, 47, 141, 234, 328, 469, 656, 844, 1031, 1313, 1688, 2250, 3000, 3750, 4688, 5813, 7125, 9000, 11250, 13875, 19688, 0, 0, 0, 0, 0, 0, 0, 0, 0, 0, 0, 0, 0, 0, 0, 0, 0, 0, 0, 0, 0, 0, 0, 0, 0, 0, 0, 0, 0, 0, 0, 0, 0, 0, 0, 0, 0, 0, 0, 0, 0, 0, 0, 0, 0, 0, 0, 0, 0, 0, 0, 0, 0, 0, 0, 0, 0, 0, 0, 0, 0, 0, 0, 0, 0, 0, 0, 0, 0, 0, 0, 0, 0, 0, 0, 0, 0, 0, 0, 0, 0, 0, 0, 0, 0, 0, 0, 0, 0, 0, 0, 0, 0, 0, 0, 0, 0, 0, 0, 0, 0, 0, 0, 0, 0, 0, 0, 0, 0, 0, 0, 0, 0, 0, 0, 0, 0, 0, 0, 0, 0, 0, 0, 0, 0, 0, 0, 0, 0, 0, 0, 0, 0, 0, 0, 0, 0, 0, 0, 0, 0, 0, 0, 0, 0, 0, 0, 0, 0, 0, 0, 0, 0, 0, 0, 0, 0, 0, 0, 0, 0, 0, 0, 0, 0, 0, 0, 0, 0, 0, 0, 0, 0, 0, 0, 0, 0, 0, 0, 0, 0, 0, 0, 0, 0, 0, 0, 0, 0, 0, 0, 0, 0, 0, 0, 0, 0, 0, 0, 0])
01-17 09:25:09.319   627  3892 D DlbDap2Process: setParam(arbs = #81[20, 47, 141, 234, 328, 469, 656, 844, 1031, 1313, 1688, 2250, 3000, 3750, 4688, 5813, 7125, 9000, 11250, 13875, 19688, -192, -192, -192, -192, -192, -192, -192, -192, -192, -192, -192, -192, -192, -192, -192, -192, -192, -192, -192, -192, 0, 0, 0, 0, 0, 0, 0, 0, 0, 0, 0, 0, 0, 0, 0, 0, 0, 0, 0, 0, 0, 0, 0, 0, 0, 0, 0, 0, 0, 0, 0, 0, 0, 0, 0, 0, 0, 0, 0, 0])
01-17 09:25:09.319   627  3892 D DlbDapEndpointParamCache: doCommit() Committed 32 parameters out of 37.
01-17 09:25:09.319   627  3892 D DlbDap2Process: setMave(mave = 0)
01-17 09:25:09.320   717 31778 I EndpConfig: DAP state has changed from -1 to 0
01-17 09:25:09.320   717 31778 D DDP_JOCDecoder: Setting Max Output Channels to 2
01-17 09:25:09.321   717 31778 D DDP_JOCDecoder: setMultiChannelPCMOutDownmix mConfig->jocForceDownmixMode 1
01-17 09:25:09.321   717 31778 I udc_user: 
01-17 09:25:09.321   717 31778 I udc_user: *** DDPlus Unified Decoder Simulation  Version 1.7.3 ***
01-17 09:25:09.321   717 31778 I udc_user: 
01-17 09:25:09.321   717 31778 I udc_user: 7.1-channel decoder-converter, 
01-17 09:25:09.321   717 31778 I udc_user: 
01-17 09:25:09.321   717 31778 I udc_user: 5.1-channel dual-decoder-converter, 
01-17 09:25:09.321   717 31778 I udc_user: Karaoke unsupported, 
01-17 09:25:09.321   717 31778 I udc_user: TPNP supported. 
01-17 09:25:09.321   717 31778 I udc_user: 
01-17 09:25:09.321   717 31778 I udc_user: Unpublished work.  Copyright 2003-2014 Dolby Laboratories, Inc. and
01-17 09:25:09.321   717 31778 I udc_user: Dolby Laboratories Licensing Corporation.  All Rights Reserved.
01-17 09:25:09.321   717 31778 I udc_user: 
01-17 09:25:09.321   717 31778 I udc_user: USE OF THIS SOFTWARE IS SUBJECT TO A LEGAL AGREEMENT BETWEEN YOU AND DOLBY
01-17 09:25:09.321   717 31778 I udc_user: LABORATORIES. DO NOT USE THIS SOFTWARE UNLESS YOU AGREE TO THE TERMS AND 
01-17 09:25:09.321   717 31778 I udc_user: CONDITIONS IN THE AGREEMENT.  BY USING THIS SOFTWARE, YOU ACKNOWLEDGE THAT 
01-17 09:25:09.321   717 31778 I udc_user: YOU HAVE READ THE AGREEMENT AND THAT YOU AGREE TO BE BOUND BY ITS TERMS. 
01-17 09:25:09.321   717 31778 I udc_user: 
01-17 09:25:09.322   717 31778 I ddpdec_client_joc: ddpdec_open JOCD_MODE Buffer assignment
01-17 09:25:09.322   717 31778 D DDP_JOCDecoder: mStarted = 1
01-17 09:25:09.322   717 31778 I DDP_JOCDecoder: <- start
01-17 09:25:09.323   717 31778 D ddpdec_client_joc: ddpdec_client.c|int configDecoder()
01-17 09:25:09.324   717 31778 D DDP_JOCDecoder: Setting Max Output Channels to 2
01-17 09:25:09.324   717 31778 I DlbDap2QmfProcess: close()
01-17 09:25:09.324   717 31778 I DlbDap2QmfProcess: init()
01-17 09:25:09.324   717 31778 I DlbDap2QmfProcess: open()
01-17 09:25:09.324   717 31778 I DlbDap2QmfProcess: loadLicense() no license check!
01-17 09:25:09.325   717 31778 I DlbDap2QmfProcess: validateLicense() no license check!
01-17 09:25:09.325   717 31778 I DlbDap2QmfProcess: init() DAP opened
01-17 09:25:09.325   717 31778 I DlbDap2QmfProcess: DAP library version: 2.5.1-P2.0
01-17 09:25:09.325   717 31778 D DlbDap2QmfProcess: DAP output mode set to 1 with 2 output channels and null mix matrix.
01-17 09:25:09.325   717 31778 D ARenderer: checkAndUpdateConfig: DAP reinitialized because of sample rate change
01-17 09:25:09.325   717 31778 D ARenderer: updateDapConfig: Updating DAP configuration
01-17 09:25:09.325   717 31778 I ARenderer: updateDapConfig: Disable content processing in decoder-ARenderer
01-17 09:25:09.325   717 31778 D DlbDap2QmfProcess: setParam(deon = #1[0])
01-17 09:25:09.325   717 31778 D DlbDap2QmfProcess: setParam(dvle = #1[0])
01-17 09:25:09.325   717 31778 D DlbDap2QmfProcess: setParam(ieon = #1[0])
01-17 09:25:09.325   717 31778 D DlbDap2QmfProcess: setParam(dvme = #1[0])
01-17 09:25:09.325   717 31778 D DlbDap2QmfProcess: setParam(dom = #1[0])
01-17 09:25:09.325   717 31778 D DlbDap2QmfProcess: setParam(msce = #1[0])
01-17 09:25:09.325   717 31778 D DlbDap2QmfProcess: setParam(miee = #1[0])
01-17 09:25:09.325   717 31778 D DlbDap2QmfProcess: setParam(mdle = #1[0])
01-17 09:25:09.325   717 31778 D DlbDap2QmfProcess: setParam(mdee = #1[0])
01-17 09:25:09.325   717 31778 D DlbDap2QmfProcess: setParam(mave = #1[0])
01-17 09:25:09.325   717 31778 D DlbDap2QmfProcess: setParam(ngon = #1[0])
01-17 09:25:09.325   717 31778 D DlbDap2QmfProcess: setParam(dvle = #1[1])
01-17 09:25:09.325   717 31778 D DlbDap2QmfProcess: setParam(dvli = #1[-496])
01-17 09:25:09.325   717 31778 D DlbDap2QmfProcess: setParam(dvlo = #1[-224])
01-17 09:25:09.325   717 31778 D ARenderer: updateDapVolumeLeveler: Setting output level to -14.00dB
01-17 09:25:09.325   717 31778 D DlbDap2QmfProcess: setParam(vmb = #1[0])
01-17 09:25:09.325   717 31778 D DlbDap2QmfProcess: setParam(preg = #1[-384])
01-17 09:25:09.325   717 31778 D DlbDap2QmfProcess: setParam(vol = #1[384])
01-17 09:25:09.325   717 31778 D DlbDlbBufferProvider: setConfig() Updating buffer configuration.
01-17 09:25:09.325   717 31778 D DlbDap2QmfProcess: processQmf() called [0] times
01-17 09:25:09.325   717 31778 D DlbDap2QmfProcess: setMave(mave = 0)
01-17 09:25:09.336   710 31772 D AudioTrack: Client defaulted notificationFrames to 12000 for frameCount 24000
01-17 09:25:09.336   684   930 I AudioFlinger: attachAuxEffect(): Marking track 782 as containing processed audio
01-17 09:25:09.336 31741 31741 D featureTest: receive broadcast , playing content location :/sdcard/featureTest/Pearl_Harbour_French_5.1_dd_448Kbps.mp4
01-17 09:25:09.336   684   930 D AudioFlinger: trackContainsProcessedAudio() Track id 782 contains processed audio
01-17 09:25:09.339   710  1419 D NuPlayerDriver: stop(0xe6bcb850)
01-17 09:25:09.339   710  1419 D NuPlayerDriver: notifyListener_l(0xe6bcb850), (8, 0, 0, -1), loop setting(0, 1)
01-17 09:25:09.340   626   626 W /system/bin/hw/android.hidl.allocator@1.0-service: ashmem_create_region(7680) returning hidl_memory(0x7b7102c330, 7680)
01-17 09:25:09.341   710  1419 D NuPlayerDriver: reset(0xe6bcb850) at state 8
01-17 09:25:09.341   626   626 W /system/bin/hw/android.hidl.allocator@1.0-service: ashmem_create_region(7680) returning hidl_memory(0x7b7102c330, 7680)
01-17 09:25:09.342   627   924 D DlbDlbEffect: handle_EFFECT_CMD_DISABLE()
01-17 09:25:09.343   626   626 W /system/bin/hw/android.hidl.allocator@1.0-service: ashmem_create_region(7680) returning hidl_memory(0x7b7102c330, 7680)
01-17 09:25:09.344   627  3512 D DlbDlbEffect: handle_EFFECT_CMD_SET_CONFIG()
01-17 09:25:09.344   627  3512 D DlbDapEndpointParamCache: setDevice(device=0x00000002)
01-17 09:25:09.344   645   645 D DMSService: setActiveDevice called with device = 0x2
01-17 09:25:09.345   627   924 D DlbDlbEffect: handle_EFFECT_CMD_ENABLE()
01-17 09:25:09.345   627   924 D DlbDapCrossfadeProcess: setEnabled transitioning from FADE_TO_BYPASS state to FADE_TO_ACTIVE
01-17 09:25:09.345   684  7227 W AudioFlinger: moveDolbyEffect() effect chain for session 0 not on source thread 0xee0ae580
01-17 09:25:09.345   684  7227 D AudioFlinger: trackStateChanged() Track id 782 state changed to 6
01-17 09:25:09.345   684  7227 I AudioFlinger: updateProcessedAudioState() Changing content processing in effect to 1
01-17 09:25:09.346   627   924 D DlbDlbEffect: handle_EFFECT_CMD_SET_PARAM()
01-17 09:25:09.348   627  3892 D DlbDapCrossfadeProcess: setEnabled transitioning from FADE_TO_ACTIVE state to FADE_TO_BYPASS
01-17 09:25:09.348   627  3892 D DlbDlbBufferProvider: updateCapacity(): update capacity to 1920
01-17 09:25:09.348   627  3892 D DlbDlbBufferProvider: updateCapacity() Allocating new memory for the buffer.
01-17 09:25:09.348   627  3892 D DlbDapCrossfadeProcess: process transitioning from FADE_TO_BYPASS state to DAP_BYPASSED
01-17 09:25:09.349   627  3890 I ACDB-LOADER: ACDB AFE returned = -19
01-17 09:25:09.349   627  3890 D audio_hw_primary: enable_audio_route: usecase(0) apply and update mixer path: deep-buffer-playback speaker
01-17 09:25:09.349   726   757 E ANDR-PERF-OPTSHANDLER: Warning: Resource [2, 0] not supported for core 1. Instead use resource for core 0
01-17 09:25:09.349   726   757 E ANDR-PERF-RESOURCEQS: Failed to apply optimization [2, 2, 0]
01-17 09:25:09.350   717 21044 I DDP_JOCDecoder: -> ~DDPDecoder
01-17 09:25:09.350   717 21044 I DDP_JOCDecoder: -> stop
01-17 09:25:09.350   645   645 I DMSService: unregisterClient type = 4, uid = e7f0fb60
01-17 09:25:09.365   645   645 D DatabaseHelper: failed to prepare SQL : INSERT INTO profiles VALUES(15
01-17 09:25:09.365   645   645 D DatabaseHelper: ,'custom','user2','user2','off','off')
01-17 09:25:09.365   645   645 D DatabaseHelper: failed to prepare SQL : INSERT INTO profile_endpoints VALUES(57
01-17 09:25:09.365   645   645 D DatabaseHelper: ,'custom','user2','speaker')
01-17 09:25:09.365   645   645 D DatabaseHelper: failed to prepare SQL : INSERT INTO profile_endpoints VALUES(57
01-17 09:25:09.365   645   645 D DatabaseHelper: ,'custom','user2','headphone')
01-17 09:25:09.365   645   645 D DatabaseHelper: failed to prepare SQL : INSERT INTO profile_endpoints VALUES(57
01-17 09:25:09.365   645   645 D DatabaseHelper: ,'custom','user2','passthrough')
01-17 09:25:09.365   645   645 D DatabaseHelper: failed to prepare SQL : INSERT INTO profile_endpoints VALUES(57
01-17 09:25:09.365   645   645 D DatabaseHelper: ,'custom','user2','other')
01-17 09:25:09.366   645   645 D DatabaseHelper: failed to prepare SQL : INSERT INTO profile_ports VALUES(85
01-17 09:25:09.366   645   645 D DatabaseHelper: ,'custom','user2','internal_speaker')
01-17 09:25:09.366   645   645 D DatabaseHelper: failed to prepare SQL : INSERT INTO profile_ports VALUES(85
01-17 09:25:09.366   645   645 D DatabaseHelper: ,'custom','user2','hdmi')
01-17 09:25:09.366   645   645 D DatabaseHelper: failed to prepare SQL : INSERT INTO profile_ports VALUES(85
01-17 09:25:09.366   645   645 D DatabaseHelper: ,'custom','user2','miracast')
01-17 09:25:09.366   645   645 D DatabaseHelper: failed to prepare SQL : INSERT INTO profile_ports VALUES(85
01-17 09:25:09.366   645   645 D DatabaseHelper: ,'custom','user2','headphone_port')
01-17 09:25:09.366   645   645 D DatabaseHelper: failed to prepare SQL : INSERT INTO profile_ports VALUES(85
01-17 09:25:09.366   645   645 D DatabaseHelper: ,'custom','user2','bluetooth')
01-17 09:25:09.366   645   645 D DatabaseHelper: failed to prepare SQL : INSERT INTO profile_ports VALUES(85
01-17 09:25:09.366   645   645 D DatabaseHelper: ,'custom','user2','usb')
01-17 09:25:09.367   645   645 D DatabaseHelper: failed to prepare SQL : INSERT INTO geq_presets VALUES(57
01-17 09:25:09.367   645   645 D DatabaseHelper: ,'custom','off','user2')
01-17 09:25:09.367   645   645 D DatabaseHelper: failed to prepare SQL : INSERT INTO geq_presets VALUES(57
01-17 09:25:09.367   645   645 D DatabaseHelper: ,'custom','open','user2')
01-17 09:25:09.367   645   645 D DatabaseHelper: failed to prepare SQL : INSERT INTO geq_presets VALUES(57
01-17 09:25:09.367   645   645 D DatabaseHelper: ,'custom','rich','user2')
01-17 09:25:09.367   645   645 D DatabaseHelper: failed to prepare SQL : INSERT INTO geq_presets VALUES(57
01-17 09:25:09.367   645   645 D DatabaseHelper: ,'custom','focused','user2')
01-17 09:25:09.378   717 21044 I DDP_JOCDecoder: <- stop
01-17 09:25:09.379   717 21044 I ARenderer: ~ARenderer
01-17 09:25:09.379   717 21044 I evo_parser: evo_parser_close
01-17 09:25:09.380   717 21044 I DlbDap2QmfProcess: ~Dap2Process()
01-17 09:25:09.380   717 21044 I DlbDap2QmfProcess: close()
01-17 09:25:09.380   717 21044 I DDP_JOCDecoder: <- ~DDPDecoder
01-17 09:25:09.386   710 31766 D NuPlayerDriver: notifyResetComplete(0xe6bcb850)
01-17 09:25:09.386   710   900 D NuPlayerDriver: reset(0xe6bcb850) at state 0
01-17 09:25:09.387 31741 31741 V MediaPlayer: resetDrmState:  mDrmInfo=null mDrmProvisioningThread=null mPrepareDrmInProgress=false mActiveDrmScheme=false
01-17 09:25:09.387 31741 31741 V MediaPlayer: cleanDrmObj: mDrmObj=null mDrmSessionId=null
01-17 09:25:09.388 31741 31741 V MediaPlayer: resetDrmState:  mDrmInfo=null mDrmProvisioningThread=null mPrepareDrmInProgress=false mActiveDrmScheme=false
01-17 09:25:09.389 31741 31741 V MediaPlayer: cleanDrmObj: mDrmObj=null mDrmSessionId=null
01-17 09:25:09.392 31741 31741 D featureTest: mMediaPlayer.getAudioSessionId(): 5873
01-17 09:25:09.392 31741 31741 D featureTest: Playing file: /sdcard/featureTest/Pearl_Harbour_French_5.1_dd_448Kbps.mp4
01-17 09:25:09.393   710  1422 D NuPlayerDriver: NuPlayerDriver(0xe6bcb690) created, clientPid(31741)
01-17 09:25:09.396 31792 31792 W generic : type=1400 audit(0.0:486): avc: denied { read } for path="/storage/emulated/0/featuretest/Pearl_Harbour_French_5.1_dd_448Kbps.mp4" dev="sdcardfs" ino=1310776 scontext=u:r:mediaextractor:s0 tcontext=u:object_r:sdcardfs:s0 tclass=file permissive=0
01-17 09:25:09.398 31741 31741 W MediaPlayer: Use of stream types is deprecated for operations other than volume control
01-17 09:25:09.398 31741 31741 W MediaPlayer: See the documentation of setAudioStreamType() for what to use instead with android.media.AudioAttributes to qualify your playback use case
01-17 09:25:09.401   710 31792 D GenericSource: FileSource remote
01-17 09:25:09.401   710 31792 W GenericSource: extractor service cannot make data source
01-17 09:25:09.401   710 31792 D GenericSource: FileSource local
01-17 09:25:09.406   627  3892 I DlbEffectContext: setContentProcEnabled() Enabling content processing in global effect
01-17 09:25:09.406   627  3892 D DlbDapEndpointParamCache: commitChangedParams()
01-17 09:25:09.406   627  3892 D DlbDapEndpointParamCache: commit() Applying parameters for device 0x40000000
01-17 09:25:09.406   627  3892 D DlbDap2Process: setParam(iea = #1[10])
01-17 09:25:09.406   627  3892 D DlbDap2Process: setParam(msce = #1[0])
01-17 09:25:09.406   627  3892 D DlbDap2Process: setParam(mdee = #1[0])
01-17 09:25:09.406   627  3892 D DlbDap2Process: setParam(miee = #1[0])
01-17 09:25:09.406   627  3892 D DlbDap2Process: setParam(mdle = #1[0])
01-17 09:25:09.407   627  3892 D DlbDap2Process: setParam(dvle = #1[1])
01-17 09:25:09.407   627  3892 D DlbDap2Process: setParam(mave = #1[0])
01-17 09:25:09.407   627  3892 D DlbDap2Process: setParam(vcbf = #20[47, 141, 234, 328, 469, 656, 844, 1031, 1313, 1688, 2250, 3000, 3750, 4688, 5813, 7125, 9000, 11250, 13875, 19688])
01-17 09:25:09.407   627  3892 D DlbDap2Process: setParam(vbon = #1[0])
01-17 09:25:09.407   627  3892 D DlbDap2Process: setParam(beon = #1[0])
01-17 09:25:09.407   627  3892 D DlbDap2Process: setParam(geon = #1[0])
01-17 09:25:09.407   627  3892 D DlbDap2Process: setParam(ieon = #1[1])
01-17 09:25:09.407   627  3892 D DlbDap2Process: setParam(gebs = #41[20, 47, 141, 234, 328, 469, 656, 844, 1031, 1313, 1688, 2250, 3000, 3750, 4688, 5813, 7125, 9000, 11250, 13875, 19688, 0, 0, 0, 0, 0, 0, 0, 0, 0, 0, 0, 0, 0, 0, 0, 0, 0, 0, 0, 0])
01-17 09:25:09.407   627  3892 D DlbDap2Process: setParam(iebs = #41[20, 65, 136, 223, 332, 467, 634, 841, 1098, 1416, 1812, 2302, 2909, 3663, 4598, 5756, 7194, 8976, 11186, 13927, 17326, 117, 133, 188, 176, 141, 149, 175, 185, 185, 200, 236, 242, 228, 213, 182, 132, 110, 68, -27, -240])
01-17 09:25:09.407   627  3892 D DlbDapEndpointParamCache: doCommit() Committed 15 parameters out of 16.
01-17 09:25:09.407   627  3892 D DlbDapEndpointParamCache: commit() Overriding parameters for current device 0x00000002
01-17 09:25:09.407   627  3892 D DlbDap2Process: setParam(dea = #1[7])
01-17 09:25:09.407   627  3892 D DlbDap2Process: setParam(dsa = #1[10])
01-17 09:25:09.407   627  3892 D DlbDap2Process: setParam(beb = #1[192])
01-17 09:25:09.407   627  3892 D DlbDap2Process: setParam(plb = #1[0])
01-17 09:25:09.407   627  3892 D DlbDap2Process: setParam(vmb = #1[144])
01-17 09:25:09.407   627  3892 D DlbDap2Process: setParam(dsb = #1[0])
01-17 09:25:09.407   627  3892 D DlbDap2Process: setParam(ded = #1[0])
01-17 09:25:09.407   627  3892 D DlbDap2Process: setParam(vbm = #1[3])
01-17 09:25:09.407   627  3892 D DlbDap2Process: setParam(dom = #1[0])
01-17 09:25:09.407   627  3892 D DlbDap2Process: setParam(bew = #1[16])
01-17 09:25:09.407   627  3892 D DlbDap2Process: setParam(dvla = #1[4])
01-17 09:25:09.407   627  3892 D DlbDap2Process: setParam(arra = #1[96])
01-17 09:25:09.407   627  3892 D DlbDap2Process: setParam(dfsa = #1[10])
01-17 09:25:09.407   627  3892 D DlbDap2Process: setParam(dhsa = #1[10])
01-17 09:25:09.408   627  3892 D DlbDap2Process: setParam(dvmc = #1[0])
01-17 09:25:09.408   627  3892 D DlbDap2Process: setParam(arod = #1[0])
01-17 09:25:09.408   627  3892 D DlbDap2Process: setParam(arde = #1[1])
01-17 09:25:09.408   627  3892 D DlbDap2Process: setParam(dvle = #1[1])
01-17 09:25:09.408   627  3892 D DlbDap2Process: setParam(dvme = #1[0])
01-17 09:25:09.408   627  3892 D DlbDap2Process: setParam(becf = #1[200])
01-17 09:25:09.408   627  3892 D DlbDap2Process: setParam(vbmf = #2[94, 469])
01-17 09:25:09.408   627  3892 D DlbDap2Process: setParam(vbsf = #2[35, 160])
01-17 09:25:09.408   627  3892 D DlbDap2Process: setParam(vbhg = #3[-32, -144, -192])
01-17 09:25:09.408   627  3892 D DlbDap2Process: setParam(vbog = #1[0])
01-17 09:25:09.408   627  3892 D DlbDap2Process: setParam(vbsg = #1[0])
01-17 09:25:09.408   627  3892 D DlbDap2Process: setParam(dvli = #1[-320])
01-17 09:25:09.408   627  3892 D DlbDap2Process: setParam(dhfm = #1[2])
01-17 09:25:09.408   627  3892 D DlbDap2Process: setParam(vbon = #1[0])
01-17 09:25:09.408   627  3892 D DlbDap2Process: setParam(beon = #1[0])
01-17 09:25:09.408   627  3892 D DlbDap2Process: setParam(deon = #1[0])
01-17 09:25:09.408   627  3892 D DlbDap2Process: setParam(ngon = #1[1])
01-17 09:25:09.408   627  3892 D DlbDap2Process: setParam(aoon = #1[1])
01-17 09:25:09.408   627  3892 D DlbDap2Process: setParam(aron = #1[1])
01-17 09:25:09.408   627  3892 D DlbDap2Process: setParam(dvlo = #1[-320])
01-17 09:25:09.408   627  3892 D DlbDap2Process: setParam(artp = #1[12])
01-17 09:25:09.408   627  3892 D DlbDap2Process: setParam(aobs = #222[20, 10, 47, 141, 234, 328, 469, 656, 844, 1031, 1313, 1688, 2250, 3000, 3750, 4688, 5813, 7125, 9000, 11250, 13875, 19688, 0, 0, 0, 0, 0, 0, 0, 0, 0, 0, 0, 0, 0, 0, 0, 0, 0, 0, 0, 0, 0, 0, 0, 0, 0, 0, 0, 0, 0, 0, 0, 0, 0, 0, 0, 0, 0, 0, 0, 0, 0, 0, 0, 0, 0, 0, 0, 0, 0, 0, 0, 0, 0, 0, 0, 0, 0, 0, 0, 0, 0, 0, 0, 0, 0, 0, 0, 0, 0, 0, 0, 0, 0, 0, 0, 0, 0, 0, 0, 0, 0, 0, 0, 0, 0, 0, 0, 0, 0, 0, 0, 0, 0, 0, 0, 0, 0, 0, 0, 0, 0, 0, 0, 0, 0, 0, 0, 0, 0, 0, 0, 0, 0, 0, 0, 0, 0, 0, 0, 0, 0, 0, 0, 0, 0, 0, 0, 0, 0, 0, 0, 0, 0, 0, 0, 0, 0, 0, 0, 0, 0, 0, 0, 0, 0, 0, 0, 0, 0, 0, 0, 0, 0, 0, 0, 0, 0, 0, 0, 0, 0, 0, 0, 0, 0, 0, 0, 0, 0, 0, 0, 0, 0, 0, 0, 0, 0, 0, 0, 0, 0, 0, 0, 0, 0, 0, 0, 0, 0, 0, 0, 0, 0, 0, 0, 0, 0, 0, 0, 0])
01-17 09:25:09.409   627  3892 D DlbDap2Process: setParam(arbs = #81[20, 47, 141, 234, 328, 469, 656, 844, 1031, 1313, 1688, 2250, 3000, 3750, 4688, 5813, 7125, 9000, 11250, 13875, 19688, -192, -192, -192, -192, -192, -192, -192, -192, -192, -192, -192, -192, -192, -192, -192, -192, -192, -192, -192, -192, 0, 0, 0, 0, 0, 0, 0, 0, 0, 0, 0, 0, 0, 0, 0, 0, 0, 0, 0, 0, 0, 0, 0, 0, 0, 0, 0, 0, 0, 0, 0, 0, 0, 0, 0, 0, 0, 0, 0, 0])
01-17 09:25:09.409   627  3892 D DlbDapEndpointParamCache: doCommit() Committed 37 parameters out of 37.
01-17 09:25:09.417   710 31791 D NuPlayerDriver: notifyListener_l(0xe6bcb690), (1, 0, 0, -1), loop setting(0, 0)
01-17 09:25:09.422   710  1422 D NuPlayerDriver: start(0xe6bcb690), state is 4, eos is 0
01-17 09:25:09.422   710 31791 I GenericSource: start
01-17 09:25:09.426 31741 31741 W DolbyAudioEffect: WARNING: attaching a DolbyAudioEffect to global output mix is deprecated!
01-17 09:25:09.432 31741 31741 D featureTest: receive broadcast , change ds status :1
01-17 09:25:09.433   684  1061 D AudioFlinger: trackStateChanged() Track id 782 state changed to 2
01-17 09:25:09.433   684  1061 I AudioFlinger: updateProcessedAudioState() Changing content processing in effect to 0
01-17 09:25:09.433   627   924 D DlbDlbEffect: handle_EFFECT_CMD_SET_PARAM()
01-17 09:25:09.442   710 31796 I OMXClient: Treble IOmx obtained
01-17 09:25:09.442   717 21044 I OMXMaster: makeComponentInstance(OMX.dolby.ac3.decoder) in omx@1.0-service process
01-17 09:25:09.447   627   924 D DlbDlbEffect: handle_EFFECT_CMD_SET_PARAM()
