--------- beginning of system
01-15 12:10:57.658   945  1506 I ActivityManager: Force stopping com.dolby.qa.featuretest appid=10072 user=0: from pid 15751
01-15 12:10:57.658   945  1506 I ActivityManager: Killing 15657:com.dolby.qa.featuretest/u0a72 (adj 0): stop com.dolby.qa.featuretest
01-15 12:10:57.660   945  1506 W ActivityManager: Force removing ActivityRecord{ce74197 u0 com.dolby.qa.featuretest/.MainActivity t125}: app died, no saved state
01-15 12:10:57.665   945  1506 I WindowManager: Failed to capture screenshot of Token{63d1f84 ActivityRecord{ce74197 u0 com.dolby.qa.featuretest/.MainActivity t125 f}} appWin=Window{fe48c9b u0 com.dolby.qa.featuretest/com.dolby.qa.featuretest.MainActivity} drawState=4
--------- beginning of main
01-15 12:10:57.684   710  1422 D NuPlayerDriver: reset(0xe84b2bd0) at state 5
01-15 12:10:57.686   710  1422 D NuPlayerDriver: notifyListener_l(0xe84b2bd0), (8, 0, 0, -1), loop setting(0, 1)
01-15 12:10:57.686   945  3925 I WindowManager: WIN DEATH: Window{46c6261 u0 Toast}
01-15 12:10:57.687   684   931 D AudioFlinger: trackStateChanged() Track id 356 state changed to 6
01-15 12:10:57.692   717  5320 I DDP_JOCDecoder: -> ~DDPDecoder
01-15 12:10:57.692   717  5320 I DDP_JOCDecoder: -> stop
01-15 12:10:57.693   645   645 I DMSService: unregisterClient type = 4, uid = e8392220
01-15 12:10:57.715  1499  1499 D CarrierSvcBindHelper: No carrier app for: 0
01-15 12:10:57.733  2010  2010 D RegisteredNfcFServicesCache: Service unchanged, not updating
01-15 12:10:57.748   645   645 D DatabaseHelper: failed to prepare SQL : INSERT INTO profiles VALUES(15
01-15 12:10:57.748   645   645 D DatabaseHelper: ,'custom','user2','user2','off','off')
01-15 12:10:57.749   645   645 D DatabaseHelper: failed to prepare SQL : INSERT INTO profile_endpoints VALUES(57
01-15 12:10:57.749   645   645 D DatabaseHelper: ,'custom','user2','speaker')
01-15 12:10:57.749   645   645 D DatabaseHelper: failed to prepare SQL : INSERT INTO profile_endpoints VALUES(57
01-15 12:10:57.749   645   645 D DatabaseHelper: ,'custom','user2','headphone')
01-15 12:10:57.749   645   645 D DatabaseHelper: failed to prepare SQL : INSERT INTO profile_endpoints VALUES(57
01-15 12:10:57.749   645   645 D DatabaseHelper: ,'custom','user2','passthrough')
01-15 12:10:57.750   645   645 D DatabaseHelper: failed to prepare SQL : INSERT INTO profile_endpoints VALUES(57
01-15 12:10:57.750   645   645 D DatabaseHelper: ,'custom','user2','other')
01-15 12:10:57.750   645   645 D DatabaseHelper: failed to prepare SQL : INSERT INTO profile_ports VALUES(85
01-15 12:10:57.750   645   645 D DatabaseHelper: ,'custom','user2','internal_speaker')
01-15 12:10:57.750   645   645 D DatabaseHelper: failed to prepare SQL : INSERT INTO profile_ports VALUES(85
01-15 12:10:57.750   645   645 D DatabaseHelper: ,'custom','user2','hdmi')
01-15 12:10:57.751   645   645 D DatabaseHelper: failed to prepare SQL : INSERT INTO profile_ports VALUES(85
01-15 12:10:57.751   645   645 D DatabaseHelper: ,'custom','user2','miracast')
01-15 12:10:57.751   645   645 D DatabaseHelper: failed to prepare SQL : INSERT INTO profile_ports VALUES(85
01-15 12:10:57.751   645   645 D DatabaseHelper: ,'custom','user2','headphone_port')
01-15 12:10:57.752   645   645 D DatabaseHelper: failed to prepare SQL : INSERT INTO profile_ports VALUES(85
01-15 12:10:57.752   645   645 D DatabaseHelper: ,'custom','user2','bluetooth')
01-15 12:10:57.752   645   645 D DatabaseHelper: failed to prepare SQL : INSERT INTO profile_ports VALUES(85
01-15 12:10:57.752   645   645 D DatabaseHelper: ,'custom','user2','usb')
01-15 12:10:57.752   645   645 D DatabaseHelper: failed to prepare SQL : INSERT INTO geq_presets VALUES(57
01-15 12:10:57.752   645   645 D DatabaseHelper: ,'custom','off','user2')
01-15 12:10:57.753   645   645 D DatabaseHelper: failed to prepare SQL : INSERT INTO geq_presets VALUES(57
01-15 12:10:57.753   645   645 D DatabaseHelper: ,'custom','open','user2')
01-15 12:10:57.753   645   645 D DatabaseHelper: failed to prepare SQL : INSERT INTO geq_presets VALUES(57
01-15 12:10:57.753   645   645 D DatabaseHelper: ,'custom','rich','user2')
01-15 12:10:57.753   645   645 D DatabaseHelper: failed to prepare SQL : INSERT INTO geq_presets VALUES(57
01-15 12:10:57.753   645   645 D DatabaseHelper: ,'custom','focused','user2')
01-15 12:10:57.783   717  5320 I DDP_JOCDecoder: <- stop
01-15 12:10:57.783   717  5320 I ARenderer: ~ARenderer
01-15 12:10:57.783   717  5320 I evo_parser: evo_parser_close
01-15 12:10:57.784   717  5320 I DlbDap2QmfProcess: ~Dap2Process()
01-15 12:10:57.784   717  5320 I DlbDap2QmfProcess: close()
01-15 12:10:57.784   717  5320 I DDP_JOCDecoder: <- ~DDPDecoder
01-15 12:10:57.788   710 15714 D NuPlayerDriver: notifyResetComplete(0xe84b2bd0)
01-15 12:10:57.789   710  1422 D AudioTrack: stop() called with 0 frames delivered
01-15 12:10:57.790   945  9499 I ActivityManager: START u0 {flg=0x10000000 cmp=com.dolby.qa.featuretest/.MainActivity} from uid 2000
01-15 12:10:57.793   627  3892 I DlbEffectContext: setContentProcEnabled() Enabling content processing in global effect
01-15 12:10:57.793   627  3892 D DlbDapEndpointParamCache: commitChangedParams()
01-15 12:10:57.793   627  3892 D DlbDapEndpointParamCache: commit() Applying parameters for device 0x40000000
01-15 12:10:57.793   627  3892 D DlbDap2Process: setParam(iea = #1[10])
01-15 12:10:57.793   627  3892 D DlbDap2Process: setParam(msce = #1[0])
01-15 12:10:57.793   627  3892 D DlbDap2Process: setParam(mdee = #1[0])
01-15 12:10:57.793   627  3892 D DlbDap2Process: setParam(miee = #1[0])
01-15 12:10:57.793   627  3892 D DlbDap2Process: setParam(mdle = #1[0])
01-15 12:10:57.793   627  3892 D DlbDap2Process: setParam(dvle = #1[1])
01-15 12:10:57.793   627  3892 D DlbDap2Process: setParam(mave = #1[0])
01-15 12:10:57.793   627  3892 D DlbDap2Process: setParam(vcbf = #20[47, 141, 234, 328, 469, 656, 844, 1031, 1313, 1688, 2250, 3000, 3750, 4688, 5813, 7125, 9000, 11250, 13875, 19688])
01-15 12:10:57.793   627  3892 D DlbDap2Process: setParam(vbon = #1[0])
01-15 12:10:57.793   627  3892 D DlbDap2Process: setParam(beon = #1[0])
01-15 12:10:57.793   627  3892 D DlbDap2Process: setParam(geon = #1[0])
01-15 12:10:57.793   627  3892 D DlbDap2Process: setParam(ieon = #1[0])
01-15 12:10:57.794   627  3892 D DlbDap2Process: setParam(gebs = #41[20, 47, 141, 234, 328, 469, 656, 844, 1031, 1313, 1688, 2250, 3000, 3750, 4688, 5813, 7125, 9000, 11250, 13875, 19688, 0, 0, 0, 0, 0, 0, 0, 0, 0, 0, 0, 0, 0, 0, 0, 0, 0, 0, 0, 0])
01-15 12:10:57.794   627  3892 D DlbDap2Process: setParam(iebs = #41[20, 65, 136, 223, 332, 467, 634, 841, 1098, 1416, 1812, 2302, 2909, 3663, 4598, 5756, 7194, 8976, 11186, 13927, 17326, 117, 133, 188, 176, 141, 149, 175, 185, 185, 200, 236, 242, 228, 213, 182, 132, 110, 68, -27, -240])
01-15 12:10:57.794   627  3892 D DlbDapEndpointParamCache: doCommit() Committed 15 parameters out of 16.
01-15 12:10:57.794   627  3892 D DlbDapEndpointParamCache: commit() Overriding parameters for current device 0x00000002
01-15 12:10:57.794   627  3892 D DlbDap2Process: setParam(dea = #1[7])
01-15 12:10:57.794   627  3892 D DlbDap2Process: setParam(dsa = #1[10])
01-15 12:10:57.794   627  3892 D DlbDap2Process: setParam(beb = #1[192])
01-15 12:10:57.794   627  3892 D DlbDap2Process: setParam(plb = #1[0])
01-15 12:10:57.794   627  3892 D DlbDap2Process: setParam(vmb = #1[144])
01-15 12:10:57.794   627  3892 D DlbDap2Process: setParam(dsb = #1[48])
01-15 12:10:57.794   627  3892 D DlbDap2Process: setParam(ded = #1[0])
01-15 12:10:57.794   627  3892 D DlbDap2Process: setParam(vbm = #1[3])
01-15 12:10:57.794   627  3892 D DlbDap2Process: setParam(dom = #1[0])
01-15 12:10:57.794   627  3892 D DlbDap2Process: setParam(bew = #1[16])
01-15 12:10:57.794   627  3892 D DlbDap2Process: setParam(dvla = #1[5])
01-15 12:10:57.794   627  3892 D DlbDap2Process: setParam(arra = #1[96])
01-15 12:10:57.794   627  3892 D DlbDap2Process: setParam(dfsa = #1[10])
01-15 12:10:57.794   627  3892 D DlbDap2Process: setParam(dhsa = #1[10])
01-15 12:10:57.794   627  3892 D DlbDap2Process: setParam(dvmc = #1[0])
01-15 12:10:57.794   627  3892 D DlbDap2Process: setParam(arod = #1[0])
01-15 12:10:57.794   627  3892 D DlbDap2Process: setParam(arde = #1[1])
01-15 12:10:57.794   627  3892 D DlbDap2Process: setParam(dvle = #1[1])
01-15 12:10:57.794   627  3892 D DlbDap2Process: setParam(dvme = #1[0])
01-15 12:10:57.794   627  3892 D DlbDap2Process: setParam(becf = #1[200])
01-15 12:10:57.794   627  3892 D DlbDap2Process: setParam(vbmf = #2[94, 469])
01-15 12:10:57.794   627  3892 D DlbDap2Process: setParam(vbsf = #2[35, 160])
01-15 12:10:57.794   627  3892 D DlbDap2Process: setParam(vbhg = #3[-32, -144, -192])
01-15 12:10:57.794   627  3892 D DlbDap2Process: setParam(vbog = #1[0])
01-15 12:10:57.794   627  3892 D DlbDap2Process: setParam(vbsg = #1[0])
01-15 12:10:57.794   627  3892 D DlbDap2Process: setParam(dvli = #1[-320])
01-15 12:10:57.794   627  3892 D DlbDap2Process: setParam(dhfm = #1[2])
01-15 12:10:57.794   627  3892 D DlbDap2Process: setParam(vbon = #1[0])
01-15 12:10:57.794   627  3892 D DlbDap2Process: setParam(beon = #1[0])
01-15 12:10:57.794   627  3892 D DlbDap2Process: setParam(deon = #1[0])
01-15 12:10:57.794   627  3892 D DlbDap2Process: setParam(ngon = #1[1])
01-15 12:10:57.795   627  3892 D DlbDap2Process: setParam(aoon = #1[1])
01-15 12:10:57.795   627  3892 D DlbDap2Process: setParam(aron = #1[1])
01-15 12:10:57.795   627  3892 D DlbDap2Process: setParam(dvlo = #1[-320])
01-15 12:10:57.795   627  3892 D DlbDap2Process: setParam(artp = #1[12])
01-15 12:10:57.795   627  3892 D DlbDap2Process: setParam(aobs = #222[20, 10, 47, 141, 234, 328, 469, 656, 844, 1031, 1313, 1688, 2250, 3000, 3750, 4688, 5813, 7125, 9000, 11250, 13875, 19688, 0, 0, 0, 0, 0, 0, 0, 0, 0, 0, 0, 0, 0, 0, 0, 0, 0, 0, 0, 0, 0, 0, 0, 0, 0, 0, 0, 0, 0, 0, 0, 0, 0, 0, 0, 0, 0, 0, 0, 0, 0, 0, 0, 0, 0, 0, 0, 0, 0, 0, 0, 0, 0, 0, 0, 0, 0, 0, 0, 0, 0, 0, 0, 0, 0, 0, 0, 0, 0, 0, 0, 0, 0, 0, 0, 0, 0, 0, 0, 0, 0, 0, 0, 0, 0, 0, 0, 0, 0, 0, 0, 0, 0, 0, 0, 0, 0, 0, 0, 0, 0, 0, 0, 0, 0, 0, 0, 0, 0, 0, 0, 0, 0, 0, 0, 0, 0, 0, 0, 0, 0, 0, 0, 0, 0, 0, 0, 0, 0, 0, 0, 0, 0, 0, 0, 0, 0, 0, 0, 0, 0, 0, 0, 0, 0, 0, 0, 0, 0, 0, 0, 0, 0, 0, 0, 0, 0, 0, 0, 0, 0, 0, 0, 0, 0, 0, 0, 0, 0, 0, 0, 0, 0, 0, 0, 0, 0, 0, 0, 0, 0, 0, 0, 0, 0, 0, 0, 0, 0, 0, 0, 0, 0, 0, 0, 0, 0, 0, 0, 0])
01-15 12:10:57.795   627  3892 D DlbDap2Process: setParam(arbs = #81[20, 47, 141, 234, 328, 469, 656, 844, 1031, 1313, 1688, 2250, 3000, 3750, 4688, 5813, 7125, 9000, 11250, 13875, 19688, -192, -192, -192, -192, -192, -192, -192, -192, -192, -192, -192, -192, -192, -192, -192, -192, -192, -192, -192, -192, 0, 0, 0, 0, 0, 0, 0, 0, 0, 0, 0, 0, 0, 0, 0, 0, 0, 0, 0, 0, 0, 0, 0, 0, 0, 0, 0, 0, 0, 0, 0, 0, 0, 0, 0, 0, 0, 0, 0, 0])
01-15 12:10:57.795   627  3892 D DlbDapEndpointParamCache: doCommit() Committed 37 parameters out of 37.
01-15 12:10:57.796   627  3892 D DlbDap2Process: setMave(mave = 0)
01-15 12:10:57.813   945   961 I ActivityManager: Start proc 15758:com.dolby.qa.featuretest/u0a72 for activity com.dolby.qa.featuretest/.MainActivity
01-15 12:10:57.814 15758 15758 I zygote64: Late-enabling -Xcheck:jni
01-15 12:10:57.832   684  1061 D AudioFlinger: trackStateChanged() Track id 356 state changed to 2
01-15 12:10:57.832   684  1061 I AudioFlinger: updateProcessedAudioState() Changing content processing in effect to 0
01-15 12:10:57.832   627   922 D DlbDlbEffect: handle_EFFECT_CMD_SET_PARAM()
01-15 12:10:57.853   684  1061 D AudioFlinger: trackDestroyed() Track id 356 no longer contains processed audio
01-15 12:10:57.853   684   928 W AudioFlinger::EffectModule: EffectModule 0xee09e980 destructor called with unreleased interface
01-15 12:10:57.854   684   928 W AudioFlinger::EffectHandle: disconnect Effect handle 0xee0a6480 disconnected after thread destruction
01-15 12:10:57.855   627  3512 D DlbDlbEffect: handle_EFFECT_CMD_DISABLE()
01-15 12:10:57.855   627  3512 D DlbDapCrossfadeProcess: setEnabled transitioning from DAP_ACTIVE state to FADE_TO_BYPASS
01-15 12:10:57.857   626   626 W /system/bin/hw/android.hidl.allocator@1.0-service: ashmem_create_region(3840) returning hidl_memory(0x7b7102c330, 3840)
01-15 12:10:57.858   627  3512 D DlbDlbEffect: handle_EFFECT_CMD_SET_CONFIG()
01-15 12:10:57.859   627  3512 D DlbDapEndpointParamCache: setDevice(device=0x00000002)
01-15 12:10:57.859   645   645 D DMSService: setActiveDevice called with device = 0x2
01-15 12:10:57.859   627   922 D DlbDlbEffect: handle_EFFECT_CMD_ENABLE()
01-15 12:10:57.859   627   922 D DlbDapCrossfadeProcess: setEnabled transitioning from FADE_TO_BYPASS state to FADE_TO_ACTIVE
01-15 12:10:57.986 15758 15758 D featureTest: onCreate
01-15 12:10:57.989 15758 15758 D AudioTrack: Client defaulted notificationFrames to 962 for frameCount 1924
01-15 12:10:57.992 15758 15758 W AudioTrack: Use of stream types is deprecated for operations other than volume control
01-15 12:10:57.992 15758 15758 W AudioTrack: See the documentation of AudioTrack() for what to use instead with android.media.AudioAttributes to qualify your playback use case
01-15 12:10:57.998 15758 15758 W DolbyAudioEffect: WARNING: attaching a DolbyAudioEffect to global output mix is deprecated!
01-15 12:10:58.004 15758 15758 D featureTest: onResume
01-15 12:10:58.013 15758 15775 D OpenGLRenderer: HWUI GL Pipeline
01-15 12:10:58.048 15758 15775 I Adreno  : QUALCOMM build                   : 7142022, Ib5823dd10c
01-15 12:10:58.048 15758 15775 I Adreno  : Build Date                       : 06/23/17
01-15 12:10:58.048 15758 15775 I Adreno  : OpenGL ES Shader Compiler Version: EV031.18.00.00
01-15 12:10:58.048 15758 15775 I Adreno  : Local Branch                     : O11A
01-15 12:10:58.048 15758 15775 I Adreno  : Remote Branch                    : 
01-15 12:10:58.048 15758 15775 I Adreno  : Remote Branch                    : 
01-15 12:10:58.048 15758 15775 I Adreno  : Reconstruct Branch               : 
01-15 12:10:58.052 15758 15775 I Adreno  : PFP: 0x005ff087, ME: 0x005ff063
01-15 12:10:58.054 15758 15775 I OpenGLRenderer: Initialized EGL, version 1.4
01-15 12:10:58.054 15758 15775 D OpenGLRenderer: Swap behavior 2
01-15 12:10:58.114   945   998 I ActivityManager: Displayed com.dolby.qa.featuretest/.MainActivity: +306ms
01-15 12:10:58.211   475   475 D SurfaceFlinger: Backpressure trigger, skipping transaction & refresh!
01-15 12:10:58.275   945   998 W ActivityManager: setHasOverlayUi called on unknown pid: 15657
01-15 12:10:58.603  2103  2230 W OpenGLRenderer: Incorrectly called buildLayer on View: ShortcutAndWidgetContainer, destroying layer...
01-15 12:10:58.799   945   945 W NotificationService: Object died trying to hide notification android.app.ITransientNotification$Stub$Proxy@57374e9 in package com.dolby.qa.featuretest
01-15 12:10:58.799   945   945 W WindowManager: removeWindowToken: Attempted to remove non-existing token: android.os.Binder@20bd6d6
01-15 12:10:58.799   945   945 W ActivityManager: setProcessForeground called on unknown pid: 15657
01-15 12:10:58.800   945   945 W NotificationService: Object died trying to show notification android.app.ITransientNotification$Stub$Proxy@4fdf56e in package com.dolby.qa.featuretest
01-15 12:10:58.800   945   945 W ActivityManager: setProcessForeground called on unknown pid: 15657
01-15 12:10:58.800   945   945 W NotificationService: Object died trying to show notification android.app.ITransientNotification$Stub$Proxy@1fd340f in package com.dolby.qa.featuretest
01-15 12:10:58.800   945   945 W ActivityManager: setProcessForeground called on unknown pid: 15657
01-15 12:10:58.800   945   945 W NotificationService: Object died trying to show notification android.app.ITransientNotification$Stub$Proxy@145ec9c in package com.dolby.qa.featuretest
01-15 12:10:58.872 15758 15758 D featureTest: receive broadcast , playing content location :/sdcard/featureTest/2ch_ddp_25fps_ref_level.mp4
01-15 12:10:58.883 15758 15758 D featureTest: mMediaPlayer.getAudioSessionId(): 2457
01-15 12:10:58.883 15758 15758 D featureTest: Playing file: /sdcard/featureTest/2ch_ddp_25fps_ref_level.mp4
01-15 12:10:58.885   710  1422 D NuPlayerDriver: NuPlayerDriver(0xe84b2bd0) created, clientPid(15758)
01-15 12:10:58.890 15758 15758 W MediaPlayer: Use of stream types is deprecated for operations other than volume control
01-15 12:10:58.890 15758 15758 W MediaPlayer: See the documentation of setAudioStreamType() for what to use instead with android.media.AudioAttributes to qualify your playback use case
01-15 12:10:58.893 15787 15787 W generic : type=1400 audit(0.0:205): avc: denied { read } for path="/storage/emulated/0/featuretest/2ch_ddp_25fps_ref_level.mp4" dev="sdcardfs" ino=1310759 scontext=u:r:mediaextractor:s0 tcontext=u:object_r:sdcardfs:s0 tclass=file permissive=0
01-15 12:10:58.895   710 15787 D GenericSource: FileSource remote
01-15 12:10:58.896   710 15787 W GenericSource: extractor service cannot make data source
01-15 12:10:58.896   710 15787 D GenericSource: FileSource local
01-15 12:10:58.916   710 15785 D NuPlayerDriver: notifyListener_l(0xe84b2bd0), (5, 1280, 720, -1), loop setting(0, 0)
01-15 12:10:58.916   700   897 D MediaBufferGroup: creating MemoryDealer
01-15 12:10:58.917   710 15785 D NuPlayerDriver: notifyListener_l(0xe84b2bd0), (1, 0, 0, -1), loop setting(0, 0)
01-15 12:10:58.926   710  1422 D NuPlayerDriver: start(0xe84b2bd0), state is 4, eos is 0
01-15 12:10:58.926   710 15785 I GenericSource: start
01-15 12:10:58.929 15758 15758 W DolbyAudioEffect: WARNING: attaching a DolbyAudioEffect to global output mix is deprecated!
01-15 12:10:58.943 15758 15758 D featureTest: receive broadcast , change ds status :1
01-15 12:10:58.945   710 15793 I OMXClient: Treble IOmx obtained
01-15 12:10:58.945   717  5320 I OMXMaster: makeComponentInstance(OMX.dolby.eac3.decoder) in omx@1.0-service process
01-15 12:10:58.957   627  3512 D DlbDlbEffect: handle_EFFECT_CMD_SET_PARAM()
01-15 12:10:58.990   717  5320 I DDP_JOCDecoder: -> init name OMX.dolby.eac3.decoder
01-15 12:10:58.992   645   645 I DMSService: registerClient type = 0, uid = e7f0f690
01-15 12:10:58.992   645   645 V DolbyMemoryService: registerClient() client 0x710ec74380, uid -403638640
01-15 12:10:58.993   717  5320 I DDP_JOCDecoder: <- init
01-15 12:10:58.993   717  5320 D DDP_JOCDecoder: initPorts
01-15 12:10:58.995   717  4054 E OMXNodeInstance: setConfig(0xe83a32c0:dolby.eac3.decoder, ConfigPriority(0x6f800002)) ERROR: Undefined(0x80001001)
01-15 12:10:58.995   710 15793 I ACodec  : codec does not support config priority (err -2147483648)
01-15 12:10:58.995   717  4054 E OMXNodeInstance: getConfig(0xe83a32c0:dolby.eac3.decoder, ConfigAndroidVendorExtension(0x6f100004)) ERROR: Undefined(0x80001001)
01-15 12:10:58.996   710 15793 I MediaCodec: MediaCodec will operate in async mode
01-15 12:10:58.996   710 15793 I ACodec  : setDolbyParameterOnProcessedAudio() Received dolby_processed_audio=1
01-15 12:10:58.996   710 15792 I NuPlayerDecoder: setDolbyMessage() Notifying player that Codec supports dolby_processed_audio flag
01-15 12:10:58.996   710 15785 I NuPlayer: onDolbyMessageReceived() Setting dolby_processed_audio flag on audio sink
01-15 12:10:58.996   710 15785 I MediaPlayerService: setDolbyParameters() Marking audio output as having dolby_processed_audio
01-15 12:10:58.996   645   645 I DMSService: unregisterClient type = 0, uid = e7f0f690
01-15 12:10:59.004 15758 15758 D featureTest: receive broadcast , change ds profile id :2
01-15 12:10:59.013   627  3512 D DlbDlbEffect: handle_EFFECT_CMD_SET_PARAM()
01-15 12:10:59.015   645   645 D DatabaseHelper: failed to prepare SQL : INSERT INTO profiles VALUES(15
01-15 12:10:59.015   645   645 D DatabaseHelper: ,'custom','user2','user2','off','off')
01-15 12:10:59.015   645   645 D DatabaseHelper: failed to prepare SQL : INSERT INTO profile_endpoints VALUES(57
01-15 12:10:59.015   645   645 D DatabaseHelper: ,'custom','user2','speaker')
01-15 12:10:59.016   645   645 D DatabaseHelper: failed to prepare SQL : INSERT INTO profile_endpoints VALUES(57
01-15 12:10:59.016   645   645 D DatabaseHelper: ,'custom','user2','headphone')
01-15 12:10:59.016   645   645 D DatabaseHelper: failed to prepare SQL : INSERT INTO profile_endpoints VALUES(57
01-15 12:10:59.016   645   645 D DatabaseHelper: ,'custom','user2','passthrough')
01-15 12:10:59.016   645   645 D DatabaseHelper: failed to prepare SQL : INSERT INTO profile_endpoints VALUES(57
01-15 12:10:59.016   645   645 D DatabaseHelper: ,'custom','user2','other')
01-15 12:10:59.016   645   645 D DatabaseHelper: failed to prepare SQL : INSERT INTO profile_ports VALUES(85
01-15 12:10:59.016   645   645 D DatabaseHelper: ,'custom','user2','internal_speaker')
01-15 12:10:59.016   645   645 D DatabaseHelper: failed to prepare SQL : INSERT INTO profile_ports VALUES(85
01-15 12:10:59.016   645   645 D DatabaseHelper: ,'custom','user2','hdmi')
01-15 12:10:59.016   645   645 D DatabaseHelper: failed to prepare SQL : INSERT INTO profile_ports VALUES(85
01-15 12:10:59.016   645   645 D DatabaseHelper: ,'custom','user2','miracast')
01-15 12:10:59.016   645   645 D DatabaseHelper: failed to prepare SQL : INSERT INTO profile_ports VALUES(85
01-15 12:10:59.016   645   645 D DatabaseHelper: ,'custom','user2','headphone_port')
01-15 12:10:59.016   645   645 D DatabaseHelper: failed to prepare SQL : INSERT INTO profile_ports VALUES(85
01-15 12:10:59.016   645   645 D DatabaseHelper: ,'custom','user2','bluetooth')
01-15 12:10:59.016   645   645 D DatabaseHelper: failed to prepare SQL : INSERT INTO profile_ports VALUES(85
01-15 12:10:59.016   645   645 D DatabaseHelper: ,'custom','user2','usb')
01-15 12:10:59.017   645   645 D DatabaseHelper: failed to prepare SQL : INSERT INTO geq_presets VALUES(57
01-15 12:10:59.017   645   645 D DatabaseHelper: ,'custom','off','user2')
01-15 12:10:59.017   645   645 D DatabaseHelper: failed to prepare SQL : INSERT INTO geq_presets VALUES(57
01-15 12:10:59.017   645   645 D DatabaseHelper: ,'custom','open','user2')
01-15 12:10:59.017   645   645 D DatabaseHelper: failed to prepare SQL : INSERT INTO geq_presets VALUES(57
01-15 12:10:59.017   645   645 D DatabaseHelper: ,'custom','rich','user2')
01-15 12:10:59.017   645   645 D DatabaseHelper: failed to prepare SQL : INSERT INTO geq_presets VALUES(57
01-15 12:10:59.017   645   645 D DatabaseHelper: ,'custom','focused','user2')
01-15 12:10:59.030   645   713 I DapController: Profile Changed to Music
01-15 12:10:59.031   645   645 I DMSService: registerClient type = 4, uid = e7f0f680
01-15 12:10:59.032   645   645 V DolbyMemoryService: registerClient() client 0x710ec74380, uid -403638652
01-15 12:10:59.032   717  4054 D DDP_JOCDecoder: internalSetParameter() Instantiating ARenderer for content processing in decoder
01-15 12:10:59.032   717  4054 I DlbDap2QmfProcess: Dap2Process()
01-15 12:10:59.032   717  4054 I ARenderer: ARenderer
01-15 12:10:59.032   717  4054 I evo_parser: evo_parser_init
01-15 12:10:59.033   717  4054 I DlbDap2QmfProcess: init()
01-15 12:10:59.033   717  4054 I DlbDap2QmfProcess: open()
01-15 12:10:59.033   717  4054 I DlbDap2QmfProcess: loadLicense() no license check!
01-15 12:10:59.033   717  4054 I DlbDap2QmfProcess: validateLicense() no license check!
01-15 12:10:59.033   717  4054 I DlbDap2QmfProcess: init() DAP opened
01-15 12:10:59.033   717  4054 I DlbDap2QmfProcess: DAP library version: 2.5.1-P2.0
01-15 12:10:59.033   717  4054 D DlbDap2QmfProcess: DAP output mode set to 1 with 2 output channels and null mix matrix.
01-15 12:10:59.033   710 15793 I ACodec  : setDolbyParameterOnProcessedAudio() Content processing enabled in decoder
01-15 12:10:59.036   626   626 W /system/bin/hw/android.hidl.allocator@1.0-service: ashmem_create_region(8192) returning hidl_memory(0x7b7102c330, 8192)
01-15 12:10:59.038   626   626 I chatty  : uid=1000(system) allocator@1.0-s identical 2 lines
01-15 12:10:59.039   626   626 W /system/bin/hw/android.hidl.allocator@1.0-service: ashmem_create_region(8192) returning hidl_memory(0x7b7102c330, 8192)
01-15 12:10:59.041   626   626 W /system/bin/hw/android.hidl.allocator@1.0-service: ashmem_create_region(147456) returning hidl_memory(0x7b7102c330, 147456)
01-15 12:10:59.043   626   626 I chatty  : uid=1000(system) allocator@1.0-s identical 2 lines
01-15 12:10:59.044   626   626 W /system/bin/hw/android.hidl.allocator@1.0-service: ashmem_create_region(147456) returning hidl_memory(0x7b7102c330, 147456)
01-15 12:10:59.045   717 15797 I DDP_JOCDecoder: -> start
01-15 12:10:59.046   717 15797 I EndpConfig: DAP state has changed from -1 to 1
01-15 12:10:59.046   717 15797 D DDP_JOCDecoder: Setting Max Output Channels to 2
01-15 12:10:59.046   717 15797 D DDP_JOCDecoder: setMultiChannelPCMOutDownmix mConfig->jocForceDownmixMode 1
01-15 12:10:59.046   717 15797 I udc_user: 
01-15 12:10:59.046   717 15797 I udc_user: *** DDPlus Unified Decoder Simulation  Version 1.7.3 ***
01-15 12:10:59.046   717 15797 I udc_user: 
01-15 12:10:59.046   717 15797 I udc_user: 7.1-channel decoder-converter, 
01-15 12:10:59.046   717 15797 I udc_user: 
01-15 12:10:59.046   717 15797 I udc_user: 5.1-channel dual-decoder-converter, 
01-15 12:10:59.046   717 15797 I udc_user: Karaoke unsupported, 
01-15 12:10:59.046   717 15797 I udc_user: TPNP supported. 
01-15 12:10:59.047   717 15797 I udc_user: 
01-15 12:10:59.047   717 15797 I udc_user: Unpublished work.  Copyright 2003-2014 Dolby Laboratories, Inc. and
01-15 12:10:59.047   717 15797 I udc_user: Dolby Laboratories Licensing Corporation.  All Rights Reserved.
01-15 12:10:59.047   717 15797 I udc_user: 
01-15 12:10:59.047   717 15797 I udc_user: USE OF THIS SOFTWARE IS SUBJECT TO A LEGAL AGREEMENT BETWEEN YOU AND DOLBY
01-15 12:10:59.047   717 15797 I udc_user: LABORATORIES. DO NOT USE THIS SOFTWARE UNLESS YOU AGREE TO THE TERMS AND 
01-15 12:10:59.047   717 15797 I udc_user: CONDITIONS IN THE AGREEMENT.  BY USING THIS SOFTWARE, YOU ACKNOWLEDGE THAT 
01-15 12:10:59.047   717 15797 I udc_user: YOU HAVE READ THE AGREEMENT AND THAT YOU AGREE TO BE BOUND BY ITS TERMS. 
01-15 12:10:59.047   717 15797 I udc_user: 
01-15 12:10:59.047   717 15797 I ddpdec_client_joc: ddpdec_open JOCD_MODE Buffer assignment
01-15 12:10:59.047   717 15797 D DDP_JOCDecoder: mStarted = 1
01-15 12:10:59.047   717 15797 I DDP_JOCDecoder: <- start
01-15 12:10:59.049   717 15797 D ddpdec_client_joc: ddpdec_client.c|int configDecoder()
01-15 12:10:59.050   717 15797 D DDP_JOCDecoder: Setting Max Output Channels to 2
01-15 12:10:59.051   717 15797 I DlbDap2QmfProcess: close()
01-15 12:10:59.051   717 15797 I DlbDap2QmfProcess: init()
01-15 12:10:59.051   717 15797 I DlbDap2QmfProcess: open()
01-15 12:10:59.052   717 15797 I DlbDap2QmfProcess: loadLicense() no license check!
01-15 12:10:59.052   717 15797 I DlbDap2QmfProcess: validateLicense() no license check!
01-15 12:10:59.052   717 15797 I DlbDap2QmfProcess: init() DAP opened
01-15 12:10:59.052   717 15797 I DlbDap2QmfProcess: DAP library version: 2.5.1-P2.0
01-15 12:10:59.052   717 15797 D DlbDap2QmfProcess: DAP output mode set to 1 with 2 output channels and null mix matrix.
01-15 12:10:59.052   717 15797 D ARenderer: checkAndUpdateConfig: DAP reinitialized because of sample rate change
01-15 12:10:59.053   717 15797 D ARenderer: updateDapConfig: Updating DAP configuration
01-15 12:10:59.053   717 15797 D DlbDap2QmfProcess: setParam(iea = #1[10])
01-15 12:10:59.053   717 15797 D DlbDap2QmfProcess: setParam(msce = #1[0])
01-15 12:10:59.053   717 15797 D DlbDap2QmfProcess: setParam(mdee = #1[0])
01-15 12:10:59.053   717 15797 D DlbDap2QmfProcess: setParam(miee = #1[0])
01-15 12:10:59.053   717 15797 D DlbDap2QmfProcess: setParam(mdle = #1[0])
01-15 12:10:59.053   717 15797 D DlbDap2QmfProcess: setParam(dvle = #1[1])
01-15 12:10:59.053   717 15797 D DlbDap2QmfProcess: setParam(mave = #1[0])
01-15 12:10:59.053   717 15797 D DlbDap2QmfProcess: setParam(vcbf = #20[47, 141, 234, 328, 469, 656, 844, 1031, 1313, 1688, 2250, 3000, 3750, 4688, 5813, 7125, 9000, 11250, 13875, 19688])
01-15 12:10:59.053   717 15797 D DlbDap2QmfProcess: setParam(ieon = #1[1])
01-15 12:10:59.053   717 15797 D DlbDap2QmfProcess: setParam(gebs = #41[20, 47, 141, 234, 328, 469, 656, 844, 1031, 1313, 1688, 2250, 3000, 3750, 4688, 5813, 7125, 9000, 11250, 13875, 19688, 0, 0, 0, 0, 0, 0, 0, 0, 0, 0, 0, 0, 0, 0, 0, 0, 0, 0, 0, 0])
01-15 12:10:59.053   717 15797 D DlbDap2QmfProcess: setParam(iebs = #41[20, 65, 136, 223, 332, 467, 634, 841, 1098, 1416, 1812, 2302, 2909, 3663, 4598, 5756, 7194, 8976, 11186, 13927, 17326, 117, 133, 188, 176, 141, 149, 175, 185, 185, 200, 236, 242, 228, 213, 182, 132, 110, 68, -27, -240])
01-15 12:10:59.053   717 15797 D DlbDap2QmfProcess: setParam(dea = #1[7])
01-15 12:10:59.053   717 15797 D DlbDap2QmfProcess: setParam(dsa = #1[10])
01-15 12:10:59.053   717 15797 D DlbDap2QmfProcess: setParam(beb = #1[192])
01-15 12:10:59.053   717 15797 D DlbDap2QmfProcess: setParam(plb = #1[0])
01-15 12:10:59.053   717 15797 D DlbDap2QmfProcess: setParam(vmb = #1[144])
01-15 12:10:59.053   717 15797 D DlbDap2QmfProcess: setParam(dsb = #1[0])
01-15 12:10:59.053   717 15797 D DlbDap2QmfProcess: setParam(ded = #1[0])
01-15 12:10:59.053   717 15797 D DlbDap2QmfProcess: setParam(dom = #1[0])
01-15 12:10:59.053   717 15797 D DlbDap2QmfProcess: setParam(bew = #1[16])
01-15 12:10:59.053   717 15797 D DlbDap2QmfProcess: setParam(dvla = #1[4])
01-15 12:10:59.054   717 15797 D DlbDap2QmfProcess: setParam(dfsa = #1[10])
01-15 12:10:59.054   717 15797 D DlbDap2QmfProcess: setParam(dhsa = #1[10])
01-15 12:10:59.054   717 15797 D DlbDap2QmfProcess: setParam(dvmc = #1[0])
01-15 12:10:59.054   717 15797 D DlbDap2QmfProcess: setParam(dvle = #1[1])
01-15 12:10:59.054   717 15797 D DlbDap2QmfProcess: setParam(dvme = #1[0])
01-15 12:10:59.054   717 15797 D DlbDap2QmfProcess: setParam(becf = #1[200])
01-15 12:10:59.054   717 15797 D DlbDap2QmfProcess: setParam(vbmf = #2[94, 469])
01-15 12:10:59.054   717 15797 D DlbDap2QmfProcess: setParam(vbsf = #2[35, 160])
01-15 12:10:59.054   717 15797 D DlbDap2QmfProcess: setParam(vbhg = #3[-32, -144, -192])
01-15 12:10:59.054   717 15797 D DlbDap2QmfProcess: setParam(vbog = #1[0])
01-15 12:10:59.054   717 15797 D DlbDap2QmfProcess: setParam(vbsg = #1[0])
01-15 12:10:59.054   717 15797 D DlbDap2QmfProcess: setParam(dvli = #1[-320])
01-15 12:10:59.054   717 15797 D DlbDap2QmfProcess: setParam(dhfm = #1[2])
01-15 12:10:59.054   717 15797 D DlbDap2QmfProcess: setParam(deon = #1[0])
01-15 12:10:59.054   717 15797 D DlbDap2QmfProcess: setParam(ngon = #1[1])
01-15 12:10:59.054   717 15797 D DlbDap2QmfProcess: setParam(dvlo = #1[-320])
01-15 12:10:59.054   717 15797 D DlbDap2QmfProcess: setParam(aobs = #222[20, 10, 47, 141, 234, 328, 469, 656, 844, 1031, 1313, 1688, 2250, 3000, 3750, 4688, 5813, 7125, 9000, 11250, 13875, 19688, 0, 0, 0, 0, 0, 0, 0, 0, 0, 0, 0, 0, 0, 0, 0, 0, 0, 0, 0, 0, 0, 0, 0, 0, 0, 0, 0, 0, 0, 0, 0, 0, 0, 0, 0, 0, 0, 0, 0, 0, 0, 0, 0, 0, 0, 0, 0, 0, 0, 0, 0, 0, 0, 0, 0, 0, 0, 0, 0, 0, 0, 0, 0, 0, 0, 0, 0, 0, 0, 0, 0, 0, 0, 0, 0, 0, 0, 0, 0, 0, 0, 0, 0, 0, 0, 0, 0, 0, 0, 0, 0, 0, 0, 0, 0, 0, 0, 0, 0, 0, 0, 0, 0, 0, 0, 0, 0, 0, 0, 0, 0, 0, 0, 0, 0, 0, 0, 0, 0, 0, 0, 0, 0, 0, 0, 0, 0, 0, 0, 0, 0, 0, 0, 0, 0, 0, 0, 0, 0, 0, 0, 0, 0, 0, 0, 0, 0, 0, 0, 0, 0, 0, 0, 0, 0, 0, 0, 0, 0, 0, 0, 0, 0, 0, 0, 0, 0, 0, 0, 0, 0, 0, 0, 0, 0, 0, 0, 0, 0, 0, 0, 0, 0, 0, 0, 0, 0, 0, 0, 0, 0, 0, 0, 0, 0, 0, 0, 0, 0, 0])
01-15 12:10:59.054   717 15797 D DlbDap2QmfProcess: setParam(dvle = #1[1])
01-15 12:10:59.054   717 15797 D DlbDap2QmfProcess: setParam(dvli = #1[-496])
01-15 12:10:59.054   717 15797 D DlbDap2QmfProcess: setParam(dvlo = #1[-176])
01-15 12:10:59.055   717 15797 D ARenderer: updateDapVolumeLeveler: Setting output level to -11.00dB
01-15 12:10:59.055   717 15797 D DlbDap2QmfProcess: setParam(vmb = #1[0])
01-15 12:10:59.055   717 15797 D DlbDap2QmfProcess: setParam(preg = #1[-384])
01-15 12:10:59.055   717 15797 D DlbDap2QmfProcess: setParam(vol = #1[384])
01-15 12:10:59.055   717 15797 D DlbDlbBufferProvider: setConfig() Updating buffer configuration.
01-15 12:10:59.055   717 15797 D DlbDap2QmfProcess: processQmf() called [0] times
01-15 12:10:59.055   717 15797 D DlbDap2QmfProcess: setMave(mave = 0)
01-15 12:10:59.061 15758 15758 D featureTest: receive broadcast , change virtual speaker  virtualizer :0
01-15 12:10:59.069   710 15791 D AudioTrack: Client defaulted notificationFrames to 12000 for frameCount 24000
01-15 12:10:59.070   684   684 I AudioFlinger: attachAuxEffect(): Marking track 358 as containing processed audio
01-15 12:10:59.070   684   684 D AudioFlinger: trackContainsProcessedAudio() Track id 358 contains processed audio
01-15 12:10:59.071 15758 15758 W System.err: java.lang.UnsupportedOperationException
01-15 12:10:59.072 15758 15758 W System.err: 	at com.dolby.dax.DolbyAudioEffect.setDolbyVirtualSpeakerVirtualizerEnabled(DolbyAudioEffect.java:323)
01-15 12:10:59.072 15758 15758 W System.err: 	at com.dolby.qa.featuretest.MainActivity$1.handleMessage(MainActivity.java:139)
01-15 12:10:59.072 15758 15758 W System.err: 	at android.os.Handler.dispatchMessage(Handler.java:105)
01-15 12:10:59.072 15758 15758 W System.err: 	at android.os.Looper.loop(Looper.java:164)
01-15 12:10:59.072 15758 15758 W System.err: 	at android.app.ActivityThread.main(ActivityThread.java:6541)
01-15 12:10:59.072   626   626 W /system/bin/hw/android.hidl.allocator@1.0-service: ashmem_create_region(7680) returning hidl_memory(0x7b7102c330, 7680)
01-15 12:10:59.072 15758 15758 W System.err: 	at java.lang.reflect.Method.invoke(Native Method)
01-15 12:10:59.073 15758 15758 W System.err: 	at com.android.internal.os.Zygote$MethodAndArgsCaller.run(Zygote.java:240)
01-15 12:10:59.073 15758 15758 W System.err: 	at com.android.internal.os.ZygoteInit.main(ZygoteInit.java:767)
01-15 12:10:59.073 15758 15758 D featureTest: virtual speaker virtualizer can not be operate for mono speaker endpoint!
01-15 12:10:59.074   626   626 W /system/bin/hw/android.hidl.allocator@1.0-service: ashmem_create_region(7680) returning hidl_memory(0x7b7102c330, 7680)
01-15 12:10:59.075   627   627 D DlbDlbEffect: handle_EFFECT_CMD_DISABLE()
01-15 12:10:59.075   627   627 D DlbDapCrossfadeProcess: setEnabled transitioning from FADE_TO_ACTIVE state to FADE_TO_BYPASS
01-15 12:10:59.077   626   626 W /system/bin/hw/android.hidl.allocator@1.0-service: ashmem_create_region(7680) returning hidl_memory(0x7b7102c330, 7680)
01-15 12:10:59.077   627  3512 D DlbDlbEffect: handle_EFFECT_CMD_SET_CONFIG()
01-15 12:10:59.077   627  3512 D DlbDapEndpointParamCache: setDevice(device=0x00000002)
01-15 12:10:59.078   645   645 D DMSService: setActiveDevice called with device = 0x2
01-15 12:10:59.078   627  3512 D DlbDlbEffect: handle_EFFECT_CMD_ENABLE()
01-15 12:10:59.078   627  3512 D DlbDapCrossfadeProcess: setEnabled transitioning from FADE_TO_BYPASS state to FADE_TO_ACTIVE
01-15 12:10:59.078   684  3653 W AudioFlinger: moveDolbyEffect() effect chain for session 0 not on source thread 0xee0ae580
01-15 12:10:59.078   684  3653 D AudioFlinger: trackStateChanged() Track id 358 state changed to 6
01-15 12:10:59.079   684  3653 I AudioFlinger: updateProcessedAudioState() Changing content processing in effect to 1
01-15 12:10:59.079   627  3512 D DlbDlbEffect: handle_EFFECT_CMD_SET_PARAM()
01-15 12:10:59.080   710 15785 D NuPlayerDriver: notifyListener_l(0xe84b2bd0), (6, 0, 0, -1), loop setting(0, 1)
01-15 12:10:59.084   627  3892 I DlbEffectContext: setContentProcEnabled() Disabling content processing in effect
01-15 12:10:59.085   627  3892 D DlbDapEndpointParamCache: commitChangedParams()
01-15 12:10:59.085   710  1422 W MediaClock: reject anchor time since it is negative.
01-15 12:10:59.086   627  3892 D DlbDapEndpointParamCache: commit() Applying parameters for device 0x40000000
01-15 12:10:59.086   627  3892 D DlbDap2Process: setParam(msce = #1[0])
01-15 12:10:59.086   627  3892 D DlbDap2Process: setParam(mdee = #1[0])
01-15 12:10:59.086   627  3892 D DlbDap2Process: setParam(miee = #1[0])
01-15 12:10:59.086   627  3892 D DlbDap2Process: setParam(mdle = #1[0])
01-15 12:10:59.086   627  3892 D DlbDap2Process: setParam(dvle = #1[0])
01-15 12:10:59.086   627  3892 D DlbDap2Process: setParam(mave = #1[0])
01-15 12:10:59.086   627  3892 D DlbDap2Process: setParam(ieon = #1[0])
01-15 12:10:59.086   627  3892 D DlbDapEndpointParamCache: doCommit() Committed 7 parameters out of 16.
01-15 12:10:59.086   627  3892 D DlbDapEndpointParamCache: commit() Overriding parameters for current device 0x00000002
01-15 12:10:59.086   627  3892 D DlbDap2Process: setParam(dom = #1[0])
01-15 12:10:59.086   627  3892 D DlbDap2Process: setParam(dvle = #1[0])
01-15 12:10:59.086   627  3892 D DlbDap2Process: setParam(dvme = #1[0])
01-15 12:10:59.086   627  3892 D DlbDap2Process: setParam(deon = #1[0])
01-15 12:10:59.086   627  3892 D DlbDap2Process: setParam(ngon = #1[0])
01-15 12:10:59.086   627  3892 D DlbDapEndpointParamCache: doCommit() Committed 5 parameters out of 37.
01-15 12:10:59.088   627  3892 D DlbDapEndpointParamCache: commitChangedParams()
01-15 12:10:59.088   627  3892 D DlbDapEndpointParamCache: commit() Applying parameters for device 0x40000000
01-15 12:10:59.088   627  3892 D DlbDap2Process: setParam(iea = #1[10])
01-15 12:10:59.088   627  3892 D DlbDap2Process: setParam(vcbf = #20[47, 141, 234, 328, 469, 656, 844, 1031, 1313, 1688, 2250, 3000, 3750, 4688, 5813, 7125, 9000, 11250, 13875, 19688])
01-15 12:10:59.088   627  3892 D DlbDap2Process: setParam(vbon = #1[0])
01-15 12:10:59.088   627  3892 D DlbDap2Process: setParam(beon = #1[0])
01-15 12:10:59.088   627  3892 D DlbDap2Process: setParam(geon = #1[0])
01-15 12:10:59.088   627  3892 D DlbDap2Process: setParam(gebs = #41[20, 47, 141, 234, 328, 469, 656, 844, 1031, 1313, 1688, 2250, 3000, 3750, 4688, 5813, 7125, 9000, 11250, 13875, 19688, 0, 0, 0, 0, 0, 0, 0, 0, 0, 0, 0, 0, 0, 0, 0, 0, 0, 0, 0, 0])
01-15 12:10:59.088   627  3892 D DlbDap2Process: setParam(iebs = #41[20, 65, 136, 223, 332, 467, 634, 841, 1098, 1416, 1812, 2302, 2909, 3663, 4598, 5756, 7194, 8976, 11186, 13927, 17326, 117, 133, 188, 176, 141, 149, 175, 185, 185, 200, 236, 242, 228, 213, 182, 132, 110, 68, -27, -240])
01-15 12:10:59.088   627  3892 D DlbDapEndpointParamCache: doCommit() Committed 8 parameters out of 16.
01-15 12:10:59.088   627  3892 D DlbDapEndpointParamCache: commit() Overriding parameters for current device 0x00000002
01-15 12:10:59.088   627  3892 D DlbDap2Process: setParam(dea = #1[7])
01-15 12:10:59.089   627  3892 D DlbDap2Process: setParam(dsa = #1[10])
01-15 12:10:59.089   627  3892 D DlbDap2Process: setParam(beb = #1[192])
01-15 12:10:59.089   627  3892 D DlbDap2Process: setParam(plb = #1[0])
01-15 12:10:59.089   627  3892 D DlbDap2Process: setParam(vmb = #1[144])
01-15 12:10:59.089   627  3892 D DlbDap2Process: setParam(dsb = #1[0])
01-15 12:10:59.089   627  3892 D DlbDap2Process: setParam(ded = #1[0])
01-15 12:10:59.089   627  3892 D DlbDap2Process: setParam(vbm = #1[3])
01-15 12:10:59.089   627  3892 D DlbDap2Process: setParam(bew = #1[16])
01-15 12:10:59.089   627  3892 D DlbDap2Process: setParam(dvla = #1[4])
01-15 12:10:59.089   627  3892 D DlbDap2Process: setParam(arra = #1[96])
01-15 12:10:59.089   627  3892 D DlbDap2Process: setParam(dfsa = #1[10])
01-15 12:10:59.089   627  3892 D DlbDap2Process: setParam(dhsa = #1[10])
01-15 12:10:59.089   627  3892 D DlbDap2Process: setParam(dvmc = #1[0])
01-15 12:10:59.089   627  3892 D DlbDap2Process: setParam(arod = #1[0])
01-15 12:10:59.089   627  3892 D DlbDap2Process: setParam(arde = #1[1])
01-15 12:10:59.089   627  3892 D DlbDap2Process: setParam(becf = #1[200])
01-15 12:10:59.089   627  3892 D DlbDap2Process: setParam(vbmf = #2[94, 469])
01-15 12:10:59.089   627  3892 D DlbDap2Process: setParam(vbsf = #2[35, 160])
01-15 12:10:59.089   627  3892 D DlbDap2Process: setParam(vbhg = #3[-32, -144, -192])
01-15 12:10:59.089   627  3892 D DlbDap2Process: setParam(vbog = #1[0])
01-15 12:10:59.089   627  3892 D DlbDap2Process: setParam(vbsg = #1[0])
01-15 12:10:59.089   627  3892 D DlbDap2Process: setParam(dvli = #1[-320])
01-15 12:10:59.089   627  3892 D DlbDap2Process: setParam(dhfm = #1[2])
01-15 12:10:59.089   627  3892 D DlbDap2Process: setParam(vbon = #1[0])
01-15 12:10:59.089   627  3892 D DlbDap2Process: setParam(beon = #1[0])
01-15 12:10:59.089   627  3892 D DlbDap2Process: setParam(aoon = #1[1])
01-15 12:10:59.089   627  3892 D DlbDap2Process: setParam(aron = #1[1])
01-15 12:10:59.089   627  3892 D DlbDap2Process: setParam(dvlo = #1[-320])
01-15 12:10:59.089   627  3892 D DlbDap2Process: setParam(artp = #1[12])
01-15 12:10:59.090   627  3892 D DlbDap2Process: setParam(aobs = #222[20, 10, 47, 141, 234, 328, 469, 656, 844, 1031, 1313, 1688, 2250, 3000, 3750, 4688, 5813, 7125, 9000, 11250, 13875, 19688, 0, 0, 0, 0, 0, 0, 0, 0, 0, 0, 0, 0, 0, 0, 0, 0, 0, 0, 0, 0, 0, 0, 0, 0, 0, 0, 0, 0, 0, 0, 0, 0, 0, 0, 0, 0, 0, 0, 0, 0, 0, 0, 0, 0, 0, 0, 0, 0, 0, 0, 0, 0, 0, 0, 0, 0, 0, 0, 0, 0, 0, 0, 0, 0, 0, 0, 0, 0, 0, 0, 0, 0, 0, 0, 0, 0, 0, 0, 0, 0, 0, 0, 0, 0, 0, 0, 0, 0, 0, 0, 0, 0, 0, 0, 0, 0, 0, 0, 0, 0, 0, 0, 0, 0, 0, 0, 0, 0, 0, 0, 0, 0, 0, 0, 0, 0, 0, 0, 0, 0, 0, 0, 0, 0, 0, 0, 0, 0, 0, 0, 0, 0, 0, 0, 0, 0, 0, 0, 0, 0, 0, 0, 0, 0, 0, 0, 0, 0, 0, 0, 0, 0, 0, 0, 0, 0, 0, 0, 0, 0, 0, 0, 0, 0, 0, 0, 0, 0, 0, 0, 0, 0, 0, 0, 0, 0, 0, 0, 0, 0, 0, 0, 0, 0, 0, 0, 0, 0, 0, 0, 0, 0, 0, 0, 0, 0, 0, 0, 0, 0])
01-15 12:10:59.090   627  3892 D DlbDap2Process: setParam(arbs = #81[20, 47, 141, 234, 328, 469, 656, 844, 1031, 1313, 1688, 2250, 3000, 3750, 4688, 5813, 7125, 9000, 11250, 13875, 19688, -192, -192, -192, -192, -192, -192, -192, -192, -192, -192, -192, -192, -192, -192, -192, -192, -192, -192, -192, -192, 0, 0, 0, 0, 0, 0, 0, 0, 0, 0, 0, 0, 0, 0, 0, 0, 0, 0, 0, 0, 0, 0, 0, 0, 0, 0, 0, 0, 0, 0, 0, 0, 0, 0, 0, 0, 0, 0, 0, 0])
01-15 12:10:59.090   627  3892 D DlbDapEndpointParamCache: doCommit() Committed 32 parameters out of 37.
01-15 12:10:59.090   627  3892 D DlbDap2Process: setMave(mave = 0)
01-15 12:10:59.091   627  3892 D DlbDapCrossfadeProcess: process transitioning from FADE_TO_ACTIVE state to DAP_ACTIVE
01-15 12:10:59.116 15758 15758 D featureTest: receive broadcast , record log :0
01-15 12:10:59.161 15758 15758 D featureTest: receive broadcast , playing content location :/sdcard/featureTest/2ch_ddp_25fps_ref_level.mp4
01-15 12:10:59.163   710  1422 D NuPlayerDriver: stop(0xe84b2bd0)
01-15 12:10:59.163   710  1422 D NuPlayerDriver: notifyListener_l(0xe84b2bd0), (8, 0, 0, -1), loop setting(0, 1)
01-15 12:10:59.164   710   900 D NuPlayerDriver: reset(0xe84b2bd0) at state 8
01-15 12:10:59.169   717  4053 I DDP_JOCDecoder: -> ~DDPDecoder
01-15 12:10:59.169   717  4053 I DDP_JOCDecoder: -> stop
01-15 12:10:59.169   645   645 I DMSService: unregisterClient type = 4, uid = e7f0f680
01-15 12:10:59.184   645   645 D DatabaseHelper: failed to prepare SQL : INSERT INTO profiles VALUES(15
01-15 12:10:59.184   645   645 D DatabaseHelper: ,'custom','user2','user2','off','off')
01-15 12:10:59.184   645   645 D DatabaseHelper: failed to prepare SQL : INSERT INTO profile_endpoints VALUES(57
01-15 12:10:59.184   645   645 D DatabaseHelper: ,'custom','user2','speaker')
01-15 12:10:59.184   645   645 D DatabaseHelper: failed to prepare SQL : INSERT INTO profile_endpoints VALUES(57
01-15 12:10:59.184   645   645 D DatabaseHelper: ,'custom','user2','headphone')
01-15 12:10:59.184   645   645 D DatabaseHelper: failed to prepare SQL : INSERT INTO profile_endpoints VALUES(57
01-15 12:10:59.184   645   645 D DatabaseHelper: ,'custom','user2','passthrough')
01-15 12:10:59.184   645   645 D DatabaseHelper: failed to prepare SQL : INSERT INTO profile_endpoints VALUES(57
01-15 12:10:59.184   645   645 D DatabaseHelper: ,'custom','user2','other')
01-15 12:10:59.185   645   645 D DatabaseHelper: failed to prepare SQL : INSERT INTO profile_ports VALUES(85
01-15 12:10:59.185   645   645 D DatabaseHelper: ,'custom','user2','internal_speaker')
01-15 12:10:59.185   645   645 D DatabaseHelper: failed to prepare SQL : INSERT INTO profile_ports VALUES(85
01-15 12:10:59.185   645   645 D DatabaseHelper: ,'custom','user2','hdmi')
01-15 12:10:59.185   645   645 D DatabaseHelper: failed to prepare SQL : INSERT INTO profile_ports VALUES(85
01-15 12:10:59.185   645   645 D DatabaseHelper: ,'custom','user2','miracast')
01-15 12:10:59.185   645   645 D DatabaseHelper: failed to prepare SQL : INSERT INTO profile_ports VALUES(85
01-15 12:10:59.185   645   645 D DatabaseHelper: ,'custom','user2','headphone_port')
01-15 12:10:59.185   645   645 D DatabaseHelper: failed to prepare SQL : INSERT INTO profile_ports VALUES(85
01-15 12:10:59.185   645   645 D DatabaseHelper: ,'custom','user2','bluetooth')
01-15 12:10:59.185   645   645 D DatabaseHelper: failed to prepare SQL : INSERT INTO profile_ports VALUES(85
01-15 12:10:59.185   645   645 D DatabaseHelper: ,'custom','user2','usb')
01-15 12:10:59.185   645   645 D DatabaseHelper: failed to prepare SQL : INSERT INTO geq_presets VALUES(57
01-15 12:10:59.185   645   645 D DatabaseHelper: ,'custom','off','user2')
01-15 12:10:59.186   645   645 D DatabaseHelper: failed to prepare SQL : INSERT INTO geq_presets VALUES(57
01-15 12:10:59.186   645   645 D DatabaseHelper: ,'custom','open','user2')
01-15 12:10:59.186   645   645 D DatabaseHelper: failed to prepare SQL : INSERT INTO geq_presets VALUES(57
01-15 12:10:59.186   645   645 D DatabaseHelper: ,'custom','rich','user2')
01-15 12:10:59.186   645   645 D DatabaseHelper: failed to prepare SQL : INSERT INTO geq_presets VALUES(57
01-15 12:10:59.186   645   645 D DatabaseHelper: ,'custom','focused','user2')
01-15 12:10:59.199   717  4053 I DDP_JOCDecoder: <- stop
01-15 12:10:59.199   717  4053 I ARenderer: ~ARenderer
01-15 12:10:59.199   717  4053 I evo_parser: evo_parser_close
01-15 12:10:59.199   717  4053 I DlbDap2QmfProcess: ~Dap2Process()
01-15 12:10:59.199   717  4053 I DlbDap2QmfProcess: close()
01-15 12:10:59.199   717  4053 I DDP_JOCDecoder: <- ~DDPDecoder
01-15 12:10:59.205   710 15785 D NuPlayerDriver: notifyResetComplete(0xe84b2bd0)
01-15 12:10:59.206   710  1422 D NuPlayerDriver: reset(0xe84b2bd0) at state 0
01-15 12:10:59.207 15758 15758 V MediaPlayer: resetDrmState:  mDrmInfo=null mDrmProvisioningThread=null mPrepareDrmInProgress=false mActiveDrmScheme=false
01-15 12:10:59.207 15758 15758 V MediaPlayer: cleanDrmObj: mDrmObj=null mDrmSessionId=null
01-15 12:10:59.209 15758 15758 V MediaPlayer: resetDrmState:  mDrmInfo=null mDrmProvisioningThread=null mPrepareDrmInProgress=false mActiveDrmScheme=false
01-15 12:10:59.209 15758 15758 V MediaPlayer: cleanDrmObj: mDrmObj=null mDrmSessionId=null
01-15 12:10:59.214 15758 15758 D featureTest: mMediaPlayer.getAudioSessionId(): 2465
01-15 12:10:59.214 15758 15758 D featureTest: Playing file: /sdcard/featureTest/2ch_ddp_25fps_ref_level.mp4
01-15 12:10:59.215   710  1422 D NuPlayerDriver: NuPlayerDriver(0xe84b27e0) created, clientPid(15758)
01-15 12:10:59.216 15818 15818 W generic : type=1400 audit(0.0:206): avc: denied { read } for path="/storage/emulated/0/featuretest/2ch_ddp_25fps_ref_level.mp4" dev="sdcardfs" ino=1310759 scontext=u:r:mediaextractor:s0 tcontext=u:object_r:sdcardfs:s0 tclass=file permissive=0
01-15 12:10:59.219 15758 15758 W MediaPlayer: Use of stream types is deprecated for operations other than volume control
01-15 12:10:59.219 15758 15758 W MediaPlayer: See the documentation of setAudioStreamType() for what to use instead with android.media.AudioAttributes to qualify your playback use case
01-15 12:10:59.222   710 15818 D GenericSource: FileSource remote
01-15 12:10:59.222   710 15818 W GenericSource: extractor service cannot make data source
01-15 12:10:59.222   710 15818 D GenericSource: FileSource local
01-15 12:10:59.234   710 15817 D NuPlayerDriver: notifyListener_l(0xe84b27e0), (5, 1280, 720, -1), loop setting(0, 0)
01-15 12:10:59.234   700  1879 D MediaBufferGroup: creating MemoryDealer
01-15 12:10:59.234   710 15817 D NuPlayerDriver: notifyListener_l(0xe84b27e0), (1, 0, 0, -1), loop setting(0, 0)
01-15 12:10:59.239   710  1419 D NuPlayerDriver: start(0xe84b27e0), state is 4, eos is 0
01-15 12:10:59.240   710 15817 I GenericSource: start
01-15 12:10:59.243 15758 15758 W DolbyAudioEffect: WARNING: attaching a DolbyAudioEffect to global output mix is deprecated!
01-15 12:10:59.246 15758 15758 D featureTest: receive broadcast , change ds status :1
01-15 12:10:59.254   627  3892 I DlbEffectContext: setContentProcEnabled() Enabling content processing in global effect
01-15 12:10:59.254   627  3892 D DlbDapEndpointParamCache: commitChangedParams()
01-15 12:10:59.254   627  3892 D DlbDapEndpointParamCache: commit() Applying parameters for device 0x40000000
01-15 12:10:59.254   627  3892 D DlbDap2Process: setParam(iea = #1[10])
01-15 12:10:59.254   627  3892 D DlbDap2Process: setParam(msce = #1[0])
01-15 12:10:59.254   627  3892 D DlbDap2Process: setParam(mdee = #1[0])
01-15 12:10:59.254   627  3892 D DlbDap2Process: setParam(miee = #1[0])
01-15 12:10:59.254   627  3892 D DlbDap2Process: setParam(mdle = #1[0])
01-15 12:10:59.254   627  3892 D DlbDap2Process: setParam(dvle = #1[1])
01-15 12:10:59.254   627  3892 D DlbDap2Process: setParam(mave = #1[0])
01-15 12:10:59.254   627  3892 D DlbDap2Process: setParam(vcbf = #20[47, 141, 234, 328, 469, 656, 844, 1031, 1313, 1688, 2250, 3000, 3750, 4688, 5813, 7125, 9000, 11250, 13875, 19688])
01-15 12:10:59.254   627  3892 D DlbDap2Process: setParam(vbon = #1[0])
01-15 12:10:59.254   627  3892 D DlbDap2Process: setParam(beon = #1[0])
01-15 12:10:59.254   627  3892 D DlbDap2Process: setParam(geon = #1[0])
01-15 12:10:59.254   627  3892 D DlbDap2Process: setParam(ieon = #1[1])
