01-17 09:23:35.820   710  1422 D NuPlayerDriver: reset(0xe6bcb1c0) at state 5
01-17 09:23:35.822   710  1422 D NuPlayerDriver: notifyListener_l(0xe6bcb1c0), (8, 0, 0, -1), loop setting(0, 1)
01-17 09:23:35.823   684  3653 D AudioFlinger: trackStateChanged() Track id 754 state changed to 6
01-17 09:23:35.829   717  5783 I DDP_JOCDecoder: -> ~DDPDecoder
01-17 09:23:35.829   717  5783 I DDP_JOCDecoder: -> stop
01-17 09:23:35.830   645   645 I DMSService: unregisterClient type = 4, uid = e7f0fb90
01-17 09:23:35.890   717  5783 I DDP_JOCDecoder: <- stop
01-17 09:23:35.890   717  5783 I ARenderer: ~ARenderer
01-17 09:23:35.890   717  5783 I evo_parser: evo_parser_close
01-17 09:23:35.891   717  5783 I DlbDap2QmfProcess: ~Dap2Process()
01-17 09:23:35.891   717  5783 I DlbDap2QmfProcess: close()
01-17 09:23:35.891   717  5783 I DDP_JOCDecoder: <- ~DDPDecoder
01-17 09:23:35.898   710 30848 D NuPlayerDriver: notifyResetComplete(0xe6bcb1c0)
01-17 09:23:35.898   710  1422 D AudioTrack: stop() called with 0 frames delivered
01-17 09:23:35.900   627  3892 I DlbEffectContext: setContentProcEnabled() Enabling content processing in global effect
01-17 09:23:35.901   627  3892 D DlbDapEndpointParamCache: commitChangedParams()
01-17 09:23:35.901   627  3892 D DlbDapEndpointParamCache: commit() Applying parameters for device 0x40000000
01-17 09:23:35.901   627  3892 D DlbDap2Process: setParam(iea = #1[10])
01-17 09:23:35.901   627  3892 D DlbDap2Process: setParam(msce = #1[0])
01-17 09:23:35.901   627  3892 D DlbDap2Process: setParam(mdee = #1[0])
01-17 09:23:35.901   627  3892 D DlbDap2Process: setParam(miee = #1[0])
01-17 09:23:35.901   627  3892 D DlbDap2Process: setParam(mdle = #1[0])
01-17 09:23:35.901   627  3892 D DlbDap2Process: setParam(dvle = #1[1])
01-17 09:23:35.901   627  3892 D DlbDap2Process: setParam(mave = #1[0])
01-17 09:23:35.901   627  3892 D DlbDap2Process: setParam(vcbf = #20[47, 141, 234, 328, 469, 656, 844, 1031, 1313, 1688, 2250, 3000, 3750, 4688, 5813, 7125, 9000, 11250, 13875, 19688])
01-17 09:23:35.901   627  3892 D DlbDap2Process: setParam(vbon = #1[0])
01-17 09:23:35.901   627  3892 D DlbDap2Process: setParam(beon = #1[0])
01-17 09:23:35.901   627  3892 D DlbDap2Process: setParam(geon = #1[0])
01-17 09:23:35.901   627  3892 D DlbDap2Process: setParam(ieon = #1[0])
01-17 09:23:35.901   627  3892 D DlbDap2Process: setParam(gebs = #41[20, 47, 141, 234, 328, 469, 656, 844, 1031, 1313, 1688, 2250, 3000, 3750, 4688, 5813, 7125, 9000, 11250, 13875, 19688, 0, 0, 0, 0, 0, 0, 0, 0, 0, 0, 0, 0, 0, 0, 0, 0, 0, 0, 0, 0])
01-17 09:23:35.901   627  3892 D DlbDap2Process: setParam(iebs = #41[20, 65, 136, 223, 332, 467, 634, 841, 1098, 1416, 1812, 2302, 2909, 3663, 4598, 5756, 7194, 8976, 11186, 13927, 17326, 117, 133, 188, 176, 141, 149, 175, 185, 185, 200, 236, 242, 228, 213, 182, 132, 110, 68, -27, -240])
01-17 09:23:35.901   627  3892 D DlbDapEndpointParamCache: doCommit() Committed 15 parameters out of 16.
01-17 09:23:35.901   627  3892 D DlbDapEndpointParamCache: commit() Overriding parameters for current device 0x00000002
01-17 09:23:35.901   627  3892 D DlbDap2Process: setParam(dea = #1[7])
01-17 09:23:35.901   627  3892 D DlbDap2Process: setParam(dsa = #1[10])
01-17 09:23:35.901   627  3892 D DlbDap2Process: setParam(beb = #1[192])
01-17 09:23:35.901   627  3892 D DlbDap2Process: setParam(plb = #1[0])
01-17 09:23:35.901   627  3892 D DlbDap2Process: setParam(vmb = #1[144])
01-17 09:23:35.901   627  3892 D DlbDap2Process: setParam(dsb = #1[48])
01-17 09:23:35.902   627  3892 D DlbDap2Process: setParam(ded = #1[0])
01-17 09:23:35.902   627  3892 D DlbDap2Process: setParam(vbm = #1[3])
01-17 09:23:35.902   627  3892 D DlbDap2Process: setParam(dom = #1[0])
01-17 09:23:35.902   627  3892 D DlbDap2Process: setParam(bew = #1[16])
01-17 09:23:35.902   627  3892 D DlbDap2Process: setParam(dvla = #1[5])
01-17 09:23:35.902   627  3892 D DlbDap2Process: setParam(arra = #1[96])
01-17 09:23:35.902   627  3892 D DlbDap2Process: setParam(dfsa = #1[10])
01-17 09:23:35.902   627  3892 D DlbDap2Process: setParam(dhsa = #1[10])
01-17 09:23:35.902   627  3892 D DlbDap2Process: setParam(dvmc = #1[0])
01-17 09:23:35.902   627  3892 D DlbDap2Process: setParam(arod = #1[0])
01-17 09:23:35.902   627  3892 D DlbDap2Process: setParam(arde = #1[1])
01-17 09:23:35.902   627  3892 D DlbDap2Process: setParam(dvle = #1[1])
01-17 09:23:35.902   627  3892 D DlbDap2Process: setParam(dvme = #1[0])
01-17 09:23:35.902   627  3892 D DlbDap2Process: setParam(becf = #1[200])
01-17 09:23:35.902   627  3892 D DlbDap2Process: setParam(vbmf = #2[94, 469])
01-17 09:23:35.902   627  3892 D DlbDap2Process: setParam(vbsf = #2[35, 160])
01-17 09:23:35.902   627  3892 D DlbDap2Process: setParam(vbhg = #3[-32, -144, -192])
01-17 09:23:35.902   627  3892 D DlbDap2Process: setParam(vbog = #1[0])
01-17 09:23:35.902   627  3892 D DlbDap2Process: setParam(vbsg = #1[0])
01-17 09:23:35.902   627  3892 D DlbDap2Process: setParam(dvli = #1[-320])
01-17 09:23:35.902   627  3892 D DlbDap2Process: setParam(dhfm = #1[2])
01-17 09:23:35.902   627  3892 D DlbDap2Process: setParam(vbon = #1[0])
01-17 09:23:35.902   627  3892 D DlbDap2Process: setParam(beon = #1[0])
01-17 09:23:35.902   627  3892 D DlbDap2Process: setParam(deon = #1[0])
01-17 09:23:35.902   627  3892 D DlbDap2Process: setParam(ngon = #1[1])
01-17 09:23:35.902   627  3892 D DlbDap2Process: setParam(aoon = #1[1])
01-17 09:23:35.902   627  3892 D DlbDap2Process: setParam(aron = #1[1])
01-17 09:23:35.902   627  3892 D DlbDap2Process: setParam(dvlo = #1[-320])
01-17 09:23:35.902   627  3892 D DlbDap2Process: setParam(artp = #1[12])
01-17 09:23:35.903   627  3892 D DlbDap2Process: setParam(aobs = #222[20, 10, 47, 141, 234, 328, 469, 656, 844, 1031, 1313, 1688, 2250, 3000, 3750, 4688, 5813, 7125, 9000, 11250, 13875, 19688, 0, 0, 0, 0, 0, 0, 0, 0, 0, 0, 0, 0, 0, 0, 0, 0, 0, 0, 0, 0, 0, 0, 0, 0, 0, 0, 0, 0, 0, 0, 0, 0, 0, 0, 0, 0, 0, 0, 0, 0, 0, 0, 0, 0, 0, 0, 0, 0, 0, 0, 0, 0, 0, 0, 0, 0, 0, 0, 0, 0, 0, 0, 0, 0, 0, 0, 0, 0, 0, 0, 0, 0, 0, 0, 0, 0, 0, 0, 0, 0, 0, 0, 0, 0, 0, 0, 0, 0, 0, 0, 0, 0, 0, 0, 0, 0, 0, 0, 0, 0, 0, 0, 0, 0, 0, 0, 0, 0, 0, 0, 0, 0, 0, 0, 0, 0, 0, 0, 0, 0, 0, 0, 0, 0, 0, 0, 0, 0, 0, 0, 0, 0, 0, 0, 0, 0, 0, 0, 0, 0, 0, 0, 0, 0, 0, 0, 0, 0, 0, 0, 0, 0, 0, 0, 0, 0, 0, 0, 0, 0, 0, 0, 0, 0, 0, 0, 0, 0, 0, 0, 0, 0, 0, 0, 0, 0, 0, 0, 0, 0, 0, 0, 0, 0, 0, 0, 0, 0, 0, 0, 0, 0, 0, 0, 0, 0, 0, 0, 0, 0])
01-17 09:23:35.903   627  3892 D DlbDap2Process: setParam(arbs = #81[20, 47, 141, 234, 328, 469, 656, 844, 1031, 1313, 1688, 2250, 3000, 3750, 4688, 5813, 7125, 9000, 11250, 13875, 19688, -192, -192, -192, -192, -192, -192, -192, -192, -192, -192, -192, -192, -192, -192, -192, -192, -192, -192, -192, -192, 0, 0, 0, 0, 0, 0, 0, 0, 0, 0, 0, 0, 0, 0, 0, 0, 0, 0, 0, 0, 0, 0, 0, 0, 0, 0, 0, 0, 0, 0, 0, 0, 0, 0, 0, 0, 0, 0, 0, 0])
01-17 09:23:35.903   627  3892 D DlbDapEndpointParamCache: doCommit() Committed 37 parameters out of 37.
01-17 09:23:35.903   627  3892 D DlbDap2Process: setMave(mave = 0)
01-17 09:23:35.972   684  1061 D AudioFlinger: trackStateChanged() Track id 754 state changed to 2
01-17 09:23:35.972   684  1061 I AudioFlinger: updateProcessedAudioState() Changing content processing in effect to 0
01-17 09:23:35.972   627  3512 D DlbDlbEffect: handle_EFFECT_CMD_SET_PARAM()
01-17 09:23:35.993   684  1061 D AudioFlinger: trackDestroyed() Track id 754 no longer contains processed audio
01-17 09:23:35.996   684   928 W AudioFlinger::EffectModule: EffectModule 0xed0e2200 destructor called with unreleased interface
01-17 09:23:35.997   684   928 W AudioFlinger::EffectHandle: disconnect Effect handle 0xee163200 disconnected after thread destruction
01-17 09:23:35.997   627   627 D DlbDlbEffect: handle_EFFECT_CMD_DISABLE()
01-17 09:23:35.997   627   627 D DlbDapCrossfadeProcess: setEnabled transitioning from DAP_ACTIVE state to FADE_TO_BYPASS
01-17 09:23:36.000   627   627 D DlbDlbEffect: handle_EFFECT_CMD_SET_CONFIG()
01-17 09:23:36.000   627   627 D DlbDapEndpointParamCache: setDevice(device=0x00000002)
01-17 09:23:36.000   645   645 D DMSService: setActiveDevice called with device = 0x2
01-17 09:23:36.000   627   627 D DlbDlbEffect: handle_EFFECT_CMD_ENABLE()
01-17 09:23:36.000   627   627 D DlbDapCrossfadeProcess: setEnabled transitioning from FADE_TO_BYPASS state to FADE_TO_ACTIVE
01-17 09:23:36.109 30891 30891 D featureTest: onCreate
01-17 09:23:36.115 30891 30891 D AudioTrack: Client defaulted notificationFrames to 962 for frameCount 1924
01-17 09:23:36.119 30891 30891 W AudioTrack: Use of stream types is deprecated for operations other than volume control
01-17 09:23:36.119 30891 30891 W AudioTrack: See the documentation of AudioTrack() for what to use instead with android.media.AudioAttributes to qualify your playback use case
01-17 09:23:36.138 30891 30891 D featureTest: onResume
01-17 09:23:36.994 30891 30891 D featureTest: receive broadcast , playing content location :/sdcard/featureTest/Eragon_5.1_ddp_128Kbps.mp4
01-17 09:23:37.003 30891 30891 D featureTest: mMediaPlayer.getAudioSessionId(): 5649
01-17 09:23:37.003 30891 30891 D featureTest: Playing file: /sdcard/featureTest/Eragon_5.1_ddp_128Kbps.mp4
01-17 09:23:37.005   710  1419 D NuPlayerDriver: NuPlayerDriver(0xe6bcb310) created, clientPid(30891)
01-17 09:23:37.032   710 30917 D NuPlayerDriver: notifyListener_l(0xe6bcb310), (1, 0, 0, -1), loop setting(0, 0)
01-17 09:23:37.043   710  1419 D NuPlayerDriver: start(0xe6bcb310), state is 4, eos is 0
01-17 09:23:37.055   717  1650 I OMXMaster: makeComponentInstance(OMX.dolby.eac3.decoder) in omx@1.0-service process
01-17 09:23:37.064 30891 30891 D featureTest: receive broadcast , change ds status :0
01-17 09:23:37.076   627   627 D DlbDlbEffect: handle_EFFECT_CMD_SET_PARAM()
01-17 09:23:37.099   717  1650 I DDP_JOCDecoder: -> init name OMX.dolby.eac3.decoder
01-17 09:23:37.100   645   645 I DMSService: registerClient type = 0, uid = e7f0fbf0
01-17 09:23:37.101   717  1650 I DDP_JOCDecoder: <- init
01-17 09:23:37.101   717  1650 D DDP_JOCDecoder: initPorts
01-17 09:23:37.102   710 30925 I ACodec  : codec does not support config priority (err -2147483648)
01-17 09:23:37.104   710 30925 I MediaCodec: MediaCodec will operate in async mode
01-17 09:23:37.104   710 30925 I ACodec  : setDolbyParameterOnProcessedAudio() Received dolby_processed_audio=1
01-17 09:23:37.104   710 30924 I NuPlayerDecoder: setDolbyMessage() Notifying player that Codec supports dolby_processed_audio flag
01-17 09:23:37.105   645   645 I DMSService: unregisterClient type = 0, uid = e7f0fbf0
01-17 09:23:37.105   710 30917 I NuPlayer: onDolbyMessageReceived() Setting dolby_processed_audio flag on audio sink
01-17 09:23:37.127 30891 30891 D featureTest: receive broadcast , change ds profile id :2
01-17 09:23:37.132   645   645 I DMSService: registerClient type = 4, uid = e7f0fbe0
01-17 09:23:37.133   717  5783 D DDP_JOCDecoder: internalSetParameter() Instantiating ARenderer for content processing in decoder
01-17 09:23:37.133   717  5783 I DlbDap2QmfProcess: Dap2Process()
01-17 09:23:37.133   717  5783 I ARenderer: ARenderer
01-17 09:23:37.133   717  5783 I evo_parser: evo_parser_init
01-17 09:23:37.133   717  5783 I DlbDap2QmfProcess: init()
01-17 09:23:37.133   717  5783 I DlbDap2QmfProcess: open()
01-17 09:23:37.133   717  5783 I DlbDap2QmfProcess: loadLicense() no license check!
01-17 09:23:37.133   717  5783 I DlbDap2QmfProcess: validateLicense() no license check!
01-17 09:23:37.133   717  5783 I DlbDap2QmfProcess: init() DAP opened
01-17 09:23:37.133   717  5783 I DlbDap2QmfProcess: DAP library version: 2.5.1-P2.0
01-17 09:23:37.133   717  5783 D DlbDap2QmfProcess: DAP output mode set to 1 with 2 output channels and null mix matrix.
01-17 09:23:37.133   710 30925 I ACodec  : setDolbyParameterOnProcessedAudio() Content processing enabled in decoder
01-17 09:23:37.134   627   627 D DlbDlbEffect: handle_EFFECT_CMD_SET_PARAM()
01-17 09:23:37.134   645   713 I DapController: Profile Changed to Music
01-17 09:23:37.143   717 30929 I DDP_JOCDecoder: -> start
01-17 09:23:37.143   717 30929 D DDP_JOCDecoder: Setting Max Output Channels to 2
01-17 09:23:37.143   717 30929 D DDP_JOCDecoder: setMultiChannelPCMOutDownmix mConfig->jocForceDownmixMode 1
01-17 09:23:37.143   717 30929 I udc_user: 
01-17 09:23:37.143   717 30929 I udc_user: *** DDPlus Unified Decoder Simulation  Version 1.7.3 ***
01-17 09:23:37.143   717 30929 I udc_user: 
01-17 09:23:37.143   717 30929 I udc_user: 7.1-channel decoder-converter, 
01-17 09:23:37.144   717 30929 I udc_user: 
01-17 09:23:37.144   717 30929 I udc_user: 5.1-channel dual-decoder-converter, 
01-17 09:23:37.144   717 30929 I udc_user: Karaoke unsupported, 
01-17 09:23:37.144   717 30929 I udc_user: TPNP supported. 
01-17 09:23:37.144   717 30929 I udc_user: 
01-17 09:23:37.144   717 30929 I udc_user: Unpublished work.  Copyright 2003-2014 Dolby Laboratories, Inc. and
01-17 09:23:37.144   717 30929 I udc_user: Dolby Laboratories Licensing Corporation.  All Rights Reserved.
01-17 09:23:37.144   717 30929 I udc_user: 
01-17 09:23:37.144   717 30929 I udc_user: USE OF THIS SOFTWARE IS SUBJECT TO A LEGAL AGREEMENT BETWEEN YOU AND DOLBY
01-17 09:23:37.144   717 30929 I udc_user: LABORATORIES. DO NOT USE THIS SOFTWARE UNLESS YOU AGREE TO THE TERMS AND 
01-17 09:23:37.144   717 30929 I udc_user: CONDITIONS IN THE AGREEMENT.  BY USING THIS SOFTWARE, YOU ACKNOWLEDGE THAT 
01-17 09:23:37.144   717 30929 I udc_user: YOU HAVE READ THE AGREEMENT AND THAT YOU AGREE TO BE BOUND BY ITS TERMS. 
01-17 09:23:37.144   717 30929 I udc_user: 
01-17 09:23:37.144   717 30929 I ddpdec_client_joc: ddpdec_open JOCD_MODE Buffer assignment
01-17 09:23:37.144   717 30929 D DDP_JOCDecoder: mStarted = 1
01-17 09:23:37.144   717 30929 I DDP_JOCDecoder: <- start
01-17 09:23:37.145   717 30929 D ddpdec_client_joc: ddpdec_client.c|int configDecoder()
01-17 09:23:37.147   717 30929 D DDP_JOCDecoder: Setting Max Output Channels to 2
01-17 09:23:37.147   717 30929 I DlbDap2QmfProcess: close()
01-17 09:23:37.147   717 30929 I DlbDap2QmfProcess: init()
01-17 09:23:37.147   717 30929 I DlbDap2QmfProcess: open()
01-17 09:23:37.148   717 30929 I DlbDap2QmfProcess: loadLicense() no license check!
01-17 09:23:37.148   717 30929 I DlbDap2QmfProcess: validateLicense() no license check!
01-17 09:23:37.148   717 30929 I DlbDap2QmfProcess: init() DAP opened
01-17 09:23:37.148   717 30929 I DlbDap2QmfProcess: DAP library version: 2.5.1-P2.0
01-17 09:23:37.148   717 30929 D DlbDap2QmfProcess: DAP output mode set to 1 with 2 output channels and null mix matrix.
01-17 09:23:37.148   717 30929 D ARenderer: checkAndUpdateConfig: DAP reinitialized because of sample rate change
01-17 09:23:37.148   717 30929 D ARenderer: updateDapConfig: Updating DAP configuration
01-17 09:23:37.148   717 30929 I ARenderer: updateDapConfig: Disable content processing in decoder-ARenderer
01-17 09:23:37.151   717 30929 D DlbDap2QmfProcess: setParam(deon = #1[0])
01-17 09:23:37.151   717 30929 D DlbDap2QmfProcess: setParam(dvle = #1[0])
01-17 09:23:37.151   717 30929 D DlbDap2QmfProcess: setParam(ieon = #1[0])
01-17 09:23:37.151   717 30929 D DlbDap2QmfProcess: setParam(dvme = #1[0])
01-17 09:23:37.151   717 30929 D DlbDap2QmfProcess: setParam(dom = #1[0])
01-17 09:23:37.151   717 30929 D DlbDap2QmfProcess: setParam(msce = #1[0])
01-17 09:23:37.151   717 30929 D DlbDap2QmfProcess: setParam(miee = #1[0])
01-17 09:23:37.151   717 30929 D DlbDap2QmfProcess: setParam(mdle = #1[0])
01-17 09:23:37.151   717 30929 D DlbDap2QmfProcess: setParam(mdee = #1[0])
01-17 09:23:37.151   717 30929 D DlbDap2QmfProcess: setParam(mave = #1[0])
01-17 09:23:37.151   717 30929 D DlbDap2QmfProcess: setParam(ngon = #1[0])
01-17 09:23:37.151   717 30929 D DlbDap2QmfProcess: setParam(dvle = #1[1])
01-17 09:23:37.151   717 30929 D DlbDap2QmfProcess: setParam(dvli = #1[-496])
01-17 09:23:37.151   717 30929 D DlbDap2QmfProcess: setParam(dvlo = #1[-224])
01-17 09:23:37.151   717 30929 D ARenderer: updateDapVolumeLeveler: Setting output level to -14.00dB
01-17 09:23:37.151   717 30929 D DlbDap2QmfProcess: setParam(vmb = #1[0])
01-17 09:23:37.152   717 30929 D DlbDap2QmfProcess: setParam(preg = #1[-384])
01-17 09:23:37.152   717 30929 D DlbDap2QmfProcess: setParam(vol = #1[384])
01-17 09:23:37.152   717 30929 D DlbDap2QmfProcess: processQmf() called [0] times
01-17 09:23:37.152   717 30929 D DlbDap2QmfProcess: setMave(mave = 0)
01-17 09:23:37.157   710 30923 D AudioTrack: Client defaulted notificationFrames to 12000 for frameCount 24000
01-17 09:23:37.158   684  7227 I AudioFlinger: attachAuxEffect(): Marking track 756 as containing processed audio
01-17 09:23:37.158   684  7227 D AudioFlinger: trackContainsProcessedAudio() Track id 756 contains processed audio
01-17 09:23:37.163   627   627 D DlbDlbEffect: handle_EFFECT_CMD_DISABLE()
01-17 09:23:37.163   627   627 D DlbDapCrossfadeProcess: setEnabled transitioning from FADE_TO_ACTIVE state to FADE_TO_BYPASS
01-17 09:23:37.164   627   627 D DlbDlbEffect: handle_EFFECT_CMD_SET_CONFIG()
01-17 09:23:37.164   627   627 D DlbDapEndpointParamCache: setDevice(device=0x00000002)
01-17 09:23:37.165   645   645 D DMSService: setActiveDevice called with device = 0x2
01-17 09:23:37.165   627  4939 D DlbDlbEffect: handle_EFFECT_CMD_ENABLE()
01-17 09:23:37.165   627  4939 D DlbDapCrossfadeProcess: setEnabled transitioning from FADE_TO_BYPASS state to FADE_TO_ACTIVE
01-17 09:23:37.165   684  3653 W AudioFlinger: moveDolbyEffect() effect chain for session 0 not on source thread 0xee0ae580
01-17 09:23:37.165   684  3653 D AudioFlinger: trackStateChanged() Track id 756 state changed to 6
01-17 09:23:37.165   684  3653 I AudioFlinger: updateProcessedAudioState() Changing content processing in effect to 1
01-17 09:23:37.165   627  4939 D DlbDlbEffect: handle_EFFECT_CMD_SET_PARAM()
01-17 09:23:37.166   710 30917 D NuPlayerDriver: notifyListener_l(0xe6bcb310), (6, 0, 0, -1), loop setting(0, 1)
01-17 09:23:37.184 30891 30891 D featureTest: receive broadcast , playing content location :/sdcard/featureTest/Eragon_5.1_ddp_128Kbps.mp4
01-17 09:23:37.186   710  1419 D NuPlayerDriver: stop(0xe6bcb310)
01-17 09:23:37.186   710  1419 D NuPlayerDriver: notifyListener_l(0xe6bcb310), (8, 0, 0, -1), loop setting(0, 1)
01-17 09:23:37.187   710  1419 D NuPlayerDriver: reset(0xe6bcb310) at state 8
01-17 09:23:37.189   627  3892 I DlbEffectContext: setContentProcEnabled() Disabling content processing in effect
01-17 09:23:37.189   627  3892 D DlbDapEndpointParamCache: commitChangedParams()
01-17 09:23:37.189   627  3892 D DlbDapEndpointParamCache: commit() Applying parameters for device 0x40000000
01-17 09:23:37.190   627  3892 D DlbDap2Process: setParam(msce = #1[0])
01-17 09:23:37.190   627  3892 D DlbDap2Process: setParam(mdee = #1[0])
01-17 09:23:37.190   627  3892 D DlbDap2Process: setParam(miee = #1[0])
01-17 09:23:37.190   627  3892 D DlbDap2Process: setParam(mdle = #1[0])
01-17 09:23:37.190   627  3892 D DlbDap2Process: setParam(dvle = #1[0])
01-17 09:23:37.190   627  3892 D DlbDap2Process: setParam(mave = #1[0])
01-17 09:23:37.190   627  3892 D DlbDap2Process: setParam(ieon = #1[0])
01-17 09:23:37.190   627  3892 D DlbDapEndpointParamCache: doCommit() Committed 7 parameters out of 16.
01-17 09:23:37.190   627  3892 D DlbDapEndpointParamCache: commit() Overriding parameters for current device 0x00000002
01-17 09:23:37.190   627  3892 D DlbDap2Process: setParam(dom = #1[0])
01-17 09:23:37.190   627  3892 D DlbDap2Process: setParam(dvle = #1[0])
01-17 09:23:37.190   627  3892 D DlbDap2Process: setParam(dvme = #1[0])
01-17 09:23:37.190   627  3892 D DlbDap2Process: setParam(deon = #1[0])
01-17 09:23:37.190   627  3892 D DlbDap2Process: setParam(ngon = #1[0])
01-17 09:23:37.190   627  3892 D DlbDapEndpointParamCache: doCommit() Committed 5 parameters out of 37.
01-17 09:23:37.190   627  3892 D DlbDapCrossfadeProcess: setEnabled transitioning from FADE_TO_ACTIVE state to FADE_TO_BYPASS
01-17 09:23:37.192   627  3892 D DlbDapEndpointParamCache: commitChangedParams()
01-17 09:23:37.192   627  3892 D DlbDapEndpointParamCache: commit() Applying parameters for device 0x40000000
01-17 09:23:37.192   627  3892 D DlbDap2Process: setParam(iea = #1[10])
01-17 09:23:37.192   627  3892 D DlbDap2Process: setParam(vcbf = #20[47, 141, 234, 328, 469, 656, 844, 1031, 1313, 1688, 2250, 3000, 3750, 4688, 5813, 7125, 9000, 11250, 13875, 19688])
01-17 09:23:37.192   627  3892 D DlbDap2Process: setParam(vbon = #1[0])
01-17 09:23:37.192   627  3892 D DlbDap2Process: setParam(beon = #1[0])
01-17 09:23:37.192   627  3892 D DlbDap2Process: setParam(geon = #1[0])
01-17 09:23:37.192   627  3892 D DlbDap2Process: setParam(gebs = #41[20, 47, 141, 234, 328, 469, 656, 844, 1031, 1313, 1688, 2250, 3000, 3750, 4688, 5813, 7125, 9000, 11250, 13875, 19688, 0, 0, 0, 0, 0, 0, 0, 0, 0, 0, 0, 0, 0, 0, 0, 0, 0, 0, 0, 0])
01-17 09:23:37.193   627  3892 D DlbDap2Process: setParam(iebs = #41[20, 65, 136, 223, 332, 467, 634, 841, 1098, 1416, 1812, 2302, 2909, 3663, 4598, 5756, 7194, 8976, 11186, 13927, 17326, 117, 133, 188, 176, 141, 149, 175, 185, 185, 200, 236, 242, 228, 213, 182, 132, 110, 68, -27, -240])
01-17 09:23:37.193   627  3892 D DlbDapEndpointParamCache: doCommit() Committed 8 parameters out of 16.
01-17 09:23:37.193   627  3892 D DlbDapEndpointParamCache: commit() Overriding parameters for current device 0x00000002
01-17 09:23:37.193   627  3892 D DlbDap2Process: setParam(dea = #1[7])
01-17 09:23:37.193   627  3892 D DlbDap2Process: setParam(dsa = #1[10])
01-17 09:23:37.193   627  3892 D DlbDap2Process: setParam(beb = #1[192])
01-17 09:23:37.193   627  3892 D DlbDap2Process: setParam(plb = #1[0])
01-17 09:23:37.193   627  3892 D DlbDap2Process: setParam(vmb = #1[144])
01-17 09:23:37.193   627  3892 D DlbDap2Process: setParam(dsb = #1[0])
01-17 09:23:37.193   627  3892 D DlbDap2Process: setParam(ded = #1[0])
01-17 09:23:37.193   627  3892 D DlbDap2Process: setParam(vbm = #1[3])
01-17 09:23:37.193   627  3892 D DlbDap2Process: setParam(bew = #1[16])
01-17 09:23:37.193   627  3892 D DlbDap2Process: setParam(dvla = #1[4])
01-17 09:23:37.193   627  3892 D DlbDap2Process: setParam(arra = #1[96])
01-17 09:23:37.193   627  3892 D DlbDap2Process: setParam(dfsa = #1[10])
01-17 09:23:37.193   627  3892 D DlbDap2Process: setParam(dhsa = #1[10])
01-17 09:23:37.193   627  3892 D DlbDap2Process: setParam(dvmc = #1[0])
01-17 09:23:37.193   627  3892 D DlbDap2Process: setParam(arod = #1[0])
01-17 09:23:37.193   627  3892 D DlbDap2Process: setParam(arde = #1[1])
01-17 09:23:37.193   627  3892 D DlbDap2Process: setParam(becf = #1[200])
01-17 09:23:37.193   627  3892 D DlbDap2Process: setParam(vbmf = #2[94, 469])
01-17 09:23:37.193   627  3892 D DlbDap2Process: setParam(vbsf = #2[35, 160])
01-17 09:23:37.193   627  3892 D DlbDap2Process: setParam(vbhg = #3[-32, -144, -192])
01-17 09:23:37.193   627  3892 D DlbDap2Process: setParam(vbog = #1[0])
01-17 09:23:37.193   627  3892 D DlbDap2Process: setParam(vbsg = #1[0])
01-17 09:23:37.193   627  3892 D DlbDap2Process: setParam(dvli = #1[-320])
01-17 09:23:37.193   627  3892 D DlbDap2Process: setParam(dhfm = #1[2])
01-17 09:23:37.193   627  3892 D DlbDap2Process: setParam(vbon = #1[0])
01-17 09:23:37.193   627  3892 D DlbDap2Process: setParam(beon = #1[0])
01-17 09:23:37.193   627  3892 D DlbDap2Process: setParam(aoon = #1[1])
01-17 09:23:37.194   627  3892 D DlbDap2Process: setParam(aron = #1[1])
01-17 09:23:37.194   627  3892 D DlbDap2Process: setParam(dvlo = #1[-320])
01-17 09:23:37.194   627  3892 D DlbDap2Process: setParam(artp = #1[12])
01-17 09:23:37.194   627  3892 D DlbDap2Process: setParam(aobs = #222[20, 10, 47, 141, 234, 328, 469, 656, 844, 1031, 1313, 1688, 2250, 3000, 3750, 4688, 5813, 7125, 9000, 11250, 13875, 19688, 0, 0, 0, 0, 0, 0, 0, 0, 0, 0, 0, 0, 0, 0, 0, 0, 0, 0, 0, 0, 0, 0, 0, 0, 0, 0, 0, 0, 0, 0, 0, 0, 0, 0, 0, 0, 0, 0, 0, 0, 0, 0, 0, 0, 0, 0, 0, 0, 0, 0, 0, 0, 0, 0, 0, 0, 0, 0, 0, 0, 0, 0, 0, 0, 0, 0, 0, 0, 0, 0, 0, 0, 0, 0, 0, 0, 0, 0, 0, 0, 0, 0, 0, 0, 0, 0, 0, 0, 0, 0, 0, 0, 0, 0, 0, 0, 0, 0, 0, 0, 0, 0, 0, 0, 0, 0, 0, 0, 0, 0, 0, 0, 0, 0, 0, 0, 0, 0, 0, 0, 0, 0, 0, 0, 0, 0, 0, 0, 0, 0, 0, 0, 0, 0, 0, 0, 0, 0, 0, 0, 0, 0, 0, 0, 0, 0, 0, 0, 0, 0, 0, 0, 0, 0, 0, 0, 0, 0, 0, 0, 0, 0, 0, 0, 0, 0, 0, 0, 0, 0, 0, 0, 0, 0, 0, 0, 0, 0, 0, 0, 0, 0, 0, 0, 0, 0, 0, 0, 0, 0, 0, 0, 0, 0, 0, 0, 0, 0, 0, 0])
01-17 09:23:37.194   627  3892 D DlbDap2Process: setParam(arbs = #81[20, 47, 141, 234, 328, 469, 656, 844, 1031, 1313, 1688, 2250, 3000, 3750, 4688, 5813, 7125, 9000, 11250, 13875, 19688, -192, -192, -192, -192, -192, -192, -192, -192, -192, -192, -192, -192, -192, -192, -192, -192, -192, -192, -192, -192, 0, 0, 0, 0, 0, 0, 0, 0, 0, 0, 0, 0, 0, 0, 0, 0, 0, 0, 0, 0, 0, 0, 0, 0, 0, 0, 0, 0, 0, 0, 0, 0, 0, 0, 0, 0, 0, 0, 0, 0])
01-17 09:23:37.194   627  3892 D DlbDapEndpointParamCache: doCommit() Committed 32 parameters out of 37.
01-17 09:23:37.194   627  3892 D DlbDap2Process: setMave(mave = 0)
01-17 09:23:37.200   717  1650 I DDP_JOCDecoder: -> ~DDPDecoder
01-17 09:23:37.200   717  1650 I DDP_JOCDecoder: -> stop
01-17 09:23:37.200   645   645 I DMSService: unregisterClient type = 4, uid = e7f0fbe0
01-17 09:23:37.227   717  1650 I DDP_JOCDecoder: <- stop
01-17 09:23:37.227   717  1650 I ARenderer: ~ARenderer
01-17 09:23:37.227   717  1650 I evo_parser: evo_parser_close
01-17 09:23:37.228   717  1650 I DlbDap2QmfProcess: ~Dap2Process()
01-17 09:23:37.228   717  1650 I DlbDap2QmfProcess: close()
01-17 09:23:37.228   717  1650 I DDP_JOCDecoder: <- ~DDPDecoder
01-17 09:23:37.232   710 30917 D NuPlayerDriver: notifyResetComplete(0xe6bcb310)
01-17 09:23:37.233   710  1419 D NuPlayerDriver: reset(0xe6bcb310) at state 0
01-17 09:23:37.240 30891 30891 D featureTest: mMediaPlayer.getAudioSessionId(): 5657
01-17 09:23:37.241 30891 30891 D featureTest: Playing file: /sdcard/featureTest/Eragon_5.1_ddp_128Kbps.mp4
01-17 09:23:37.242   710  1422 D NuPlayerDriver: NuPlayerDriver(0xe6bcb1c0) created, clientPid(30891)
01-17 09:23:37.258   710 30942 D NuPlayerDriver: notifyListener_l(0xe6bcb1c0), (1, 0, 0, -1), loop setting(0, 0)
01-17 09:23:37.262   710  1419 D NuPlayerDriver: start(0xe6bcb1c0), state is 4, eos is 0
01-17 09:23:37.268 30891 30891 D featureTest: receive broadcast , change ds status :1
01-17 09:23:37.270   717  1650 I OMXMaster: makeComponentInstance(OMX.dolby.eac3.decoder) in omx@1.0-service process
01-17 09:23:37.274   627  3892 I DlbEffectContext: setContentProcEnabled() Enabling content processing in global effect
01-17 09:23:37.275   627  3892 D DlbDapEndpointParamCache: commitChangedParams()
01-17 09:23:37.275   627  3892 D DlbDapEndpointParamCache: commit() Applying parameters for device 0x40000000
01-17 09:23:37.275   627  3892 D DlbDap2Process: setParam(iea = #1[10])
01-17 09:23:37.275   627  3892 D DlbDap2Process: setParam(msce = #1[0])
01-17 09:23:37.275   627  3892 D DlbDap2Process: setParam(mdee = #1[0])
01-17 09:23:37.275   627  3892 D DlbDap2Process: setParam(miee = #1[0])
01-17 09:23:37.275   627  3892 D DlbDap2Process: setParam(mdle = #1[0])
01-17 09:23:37.275   627  3892 D DlbDap2Process: setParam(dvle = #1[1])
01-17 09:23:37.275   627  3892 D DlbDap2Process: setParam(mave = #1[0])
01-17 09:23:37.275   627  3892 D DlbDap2Process: setParam(vcbf = #20[47, 141, 234, 328, 469, 656, 844, 1031, 1313, 1688, 2250, 3000, 3750, 4688, 5813, 7125, 9000, 11250, 13875, 19688])
01-17 09:23:37.275   627  3892 D DlbDap2Process: setParam(vbon = #1[0])
01-17 09:23:37.275   627  3892 D DlbDap2Process: setParam(beon = #1[0])
01-17 09:23:37.275   627  3892 D DlbDap2Process: setParam(geon = #1[0])
01-17 09:23:37.275   627  3892 D DlbDap2Process: setParam(ieon = #1[1])
01-17 09:23:37.275   627  3892 D DlbDap2Process: setParam(gebs = #41[20, 47, 141, 234, 328, 469, 656, 844, 1031, 1313, 1688, 2250, 3000, 3750, 4688, 5813, 7125, 9000, 11250, 13875, 19688, 0, 0, 0, 0, 0, 0, 0, 0, 0, 0, 0, 0, 0, 0, 0, 0, 0, 0, 0, 0])
01-17 09:23:37.275   627  3892 D DlbDap2Process: setParam(iebs = #41[20, 65, 136, 223, 332, 467, 634, 841, 1098, 1416, 1812, 2302, 2909, 3663, 4598, 5756, 7194, 8976, 11186, 13927, 17326, 117, 133, 188, 176, 141, 149, 175, 185, 185, 200, 236, 242, 228, 213, 182, 132, 110, 68, -27, -240])
01-17 09:23:37.275   627  3892 D DlbDapEndpointParamCache: doCommit() Committed 15 parameters out of 16.
01-17 09:23:37.275   627  3892 D DlbDapEndpointParamCache: commit() Overriding parameters for current device 0x00000002
01-17 09:23:37.275   627  3892 D DlbDap2Process: setParam(dea = #1[7])
01-17 09:23:37.276   627  3892 D DlbDap2Process: setParam(dsa = #1[10])
01-17 09:23:37.276   627  3892 D DlbDap2Process: setParam(beb = #1[192])
01-17 09:23:37.276   627  3892 D DlbDap2Process: setParam(plb = #1[0])
01-17 09:23:37.276   627  3892 D DlbDap2Process: setParam(vmb = #1[144])
01-17 09:23:37.276   627  3892 D DlbDap2Process: setParam(dsb = #1[0])
01-17 09:23:37.276   627  3892 D DlbDap2Process: setParam(ded = #1[0])
01-17 09:23:37.276   627  3892 D DlbDap2Process: setParam(vbm = #1[3])
01-17 09:23:37.276   627  3892 D DlbDap2Process: setParam(dom = #1[0])
01-17 09:23:37.276   627  3892 D DlbDap2Process: setParam(bew = #1[16])
01-17 09:23:37.276   627  3892 D DlbDap2Process: setParam(dvla = #1[4])
01-17 09:23:37.276   627  3892 D DlbDap2Process: setParam(arra = #1[96])
01-17 09:23:37.276   627  3892 D DlbDap2Process: setParam(dfsa = #1[10])
01-17 09:23:37.276   627  3892 D DlbDap2Process: setParam(dhsa = #1[10])
01-17 09:23:37.276   627  3892 D DlbDap2Process: setParam(dvmc = #1[0])
01-17 09:23:37.276   627  3892 D DlbDap2Process: setParam(arod = #1[0])
01-17 09:23:37.276   627  3892 D DlbDap2Process: setParam(arde = #1[1])
01-17 09:23:37.276   627  3892 D DlbDap2Process: setParam(dvle = #1[1])
01-17 09:23:37.276   627  3892 D DlbDap2Process: setParam(dvme = #1[0])
01-17 09:23:37.276   627  3892 D DlbDap2Process: setParam(becf = #1[200])
01-17 09:23:37.276   627  3892 D DlbDap2Process: setParam(vbmf = #2[94, 469])
01-17 09:23:37.276   627  3892 D DlbDap2Process: setParam(vbsf = #2[35, 160])
01-17 09:23:37.276   627  3892 D DlbDap2Process: setParam(vbhg = #3[-32, -144, -192])
01-17 09:23:37.276   627  3892 D DlbDap2Process: setParam(vbog = #1[0])
01-17 09:23:37.276   627  3892 D DlbDap2Process: setParam(vbsg = #1[0])
01-17 09:23:37.276   627  3892 D DlbDap2Process: setParam(dvli = #1[-320])
01-17 09:23:37.276   627  3892 D DlbDap2Process: setParam(dhfm = #1[2])
01-17 09:23:37.276   627  3892 D DlbDap2Process: setParam(vbon = #1[0])
01-17 09:23:37.276   627  3892 D DlbDap2Process: setParam(beon = #1[0])
01-17 09:23:37.276   627  3892 D DlbDap2Process: setParam(deon = #1[0])
01-17 09:23:37.276   627  3892 D DlbDap2Process: setParam(ngon = #1[1])
01-17 09:23:37.276   627  3892 D DlbDap2Process: setParam(aoon = #1[1])
01-17 09:23:37.276   627  3892 D DlbDap2Process: setParam(aron = #1[1])
01-17 09:23:37.276   627  3892 D DlbDap2Process: setParam(dvlo = #1[-320])
01-17 09:23:37.276   627  3892 D DlbDap2Process: setParam(artp = #1[12])
01-17 09:23:37.277   627  3892 D DlbDap2Process: setParam(aobs = #222[20, 10, 47, 141, 234, 328, 469, 656, 844, 1031, 1313, 1688, 2250, 3000, 3750, 4688, 5813, 7125, 9000, 11250, 13875, 19688, 0, 0, 0, 0, 0, 0, 0, 0, 0, 0, 0, 0, 0, 0, 0, 0, 0, 0, 0, 0, 0, 0, 0, 0, 0, 0, 0, 0, 0, 0, 0, 0, 0, 0, 0, 0, 0, 0, 0, 0, 0, 0, 0, 0, 0, 0, 0, 0, 0, 0, 0, 0, 0, 0, 0, 0, 0, 0, 0, 0, 0, 0, 0, 0, 0, 0, 0, 0, 0, 0, 0, 0, 0, 0, 0, 0, 0, 0, 0, 0, 0, 0, 0, 0, 0, 0, 0, 0, 0, 0, 0, 0, 0, 0, 0, 0, 0, 0, 0, 0, 0, 0, 0, 0, 0, 0, 0, 0, 0, 0, 0, 0, 0, 0, 0, 0, 0, 0, 0, 0, 0, 0, 0, 0, 0, 0, 0, 0, 0, 0, 0, 0, 0, 0, 0, 0, 0, 0, 0, 0, 0, 0, 0, 0, 0, 0, 0, 0, 0, 0, 0, 0, 0, 0, 0, 0, 0, 0, 0, 0, 0, 0, 0, 0, 0, 0, 0, 0, 0, 0, 0, 0, 0, 0, 0, 0, 0, 0, 0, 0, 0, 0, 0, 0, 0, 0, 0, 0, 0, 0, 0, 0, 0, 0, 0, 0, 0, 0, 0, 0])
01-17 09:23:37.277   627  3892 D DlbDap2Process: setParam(arbs = #81[20, 47, 141, 234, 328, 469, 656, 844, 1031, 1313, 1688, 2250, 3000, 3750, 4688, 5813, 7125, 9000, 11250, 13875, 19688, -192, -192, -192, -192, -192, -192, -192, -192, -192, -192, -192, -192, -192, -192, -192, -192, -192, -192, -192, -192, 0, 0, 0, 0, 0, 0, 0, 0, 0, 0, 0, 0, 0, 0, 0, 0, 0, 0, 0, 0, 0, 0, 0, 0, 0, 0, 0, 0, 0, 0, 0, 0, 0, 0, 0, 0, 0, 0, 0, 0])
01-17 09:23:37.277   627  3892 D DlbDapEndpointParamCache: doCommit() Committed 37 parameters out of 37.
01-17 09:23:37.278   627  3892 D DlbDap2Process: setMave(mave = 0)
01-17 09:23:37.279   627  3892 D DlbDapCrossfadeProcess: process transitioning from FADE_TO_BYPASS state to DAP_BYPASSED
01-17 09:23:37.283   627   627 D DlbDlbEffect: handle_EFFECT_CMD_SET_PARAM()
01-17 09:23:37.308   717  1650 I DDP_JOCDecoder: -> init name OMX.dolby.eac3.decoder
01-17 09:23:37.309   645   645 I DMSService: registerClient type = 0, uid = e7f0fbd0
01-17 09:23:37.310   717  1650 I DDP_JOCDecoder: <- init
01-17 09:23:37.310   717  1650 D DDP_JOCDecoder: initPorts
01-17 09:23:37.311   710 30947 I ACodec  : codec does not support config priority (err -2147483648)
01-17 09:23:37.312   710 30947 I MediaCodec: MediaCodec will operate in async mode
01-17 09:23:37.312   710 30947 I ACodec  : setDolbyParameterOnProcessedAudio() Received dolby_processed_audio=1
01-17 09:23:37.312   710 30946 I NuPlayerDecoder: setDolbyMessage() Notifying player that Codec supports dolby_processed_audio flag
01-17 09:23:37.312   710 30942 I NuPlayer: onDolbyMessageReceived() Setting dolby_processed_audio flag on audio sink
01-17 09:23:37.313   627  3892 D DlbDapCrossfadeProcess: setEnabled transitioning from DAP_BYPASSED state to PREROLL_ACTIVE
01-17 09:23:37.313   645   645 I DMSService: unregisterClient type = 0, uid = e7f0fbd0
01-17 09:23:37.334 30891 30891 D featureTest: receive broadcast , change ds profile id :5
01-17 09:23:37.342   645   645 I DMSService: registerClient type = 4, uid = e7f0fbc0
01-17 09:23:37.343   717  1650 D DDP_JOCDecoder: internalSetParameter() Instantiating ARenderer for content processing in decoder
01-17 09:23:37.343   717  1650 I DlbDap2QmfProcess: Dap2Process()
01-17 09:23:37.343   717  1650 I ARenderer: ARenderer
01-17 09:23:37.343   717  1650 I evo_parser: evo_parser_init
01-17 09:23:37.343   717  1650 I DlbDap2QmfProcess: init()
01-17 09:23:37.343   717  1650 I DlbDap2QmfProcess: open()
01-17 09:23:37.343   627   627 D DlbDlbEffect: handle_EFFECT_CMD_SET_PARAM()
01-17 09:23:37.343   684  1061 D AudioFlinger: trackStateChanged() Track id 756 state changed to 2
01-17 09:23:37.343   717  1650 I DlbDap2QmfProcess: loadLicense() no license check!
01-17 09:23:37.343   684  1061 I AudioFlinger: updateProcessedAudioState() Changing content processing in effect to 0
01-17 09:23:37.343   717  1650 I DlbDap2QmfProcess: validateLicense() no license check!
01-17 09:23:37.343   717  1650 I DlbDap2QmfProcess: init() DAP opened
01-17 09:23:37.343   717  1650 I DlbDap2QmfProcess: DAP library version: 2.5.1-P2.0
01-17 09:23:37.343   717  1650 D DlbDap2QmfProcess: DAP output mode set to 1 with 2 output channels and null mix matrix.
01-17 09:23:37.343   710 30947 I ACodec  : setDolbyParameterOnProcessedAudio() Content processing enabled in decoder
01-17 09:23:37.344   627  4939 D DlbDlbEffect: handle_EFFECT_CMD_SET_PARAM()
01-17 09:23:37.345   645   713 I DapController: Profile Changed to Custom
01-17 09:23:37.354   717 30950 I DDP_JOCDecoder: -> start
01-17 09:23:37.354   717 30950 D DDP_JOCDecoder: Setting Max Output Channels to 2
01-17 09:23:37.354   717 30950 D DDP_JOCDecoder: setMultiChannelPCMOutDownmix mConfig->jocForceDownmixMode 1
01-17 09:23:37.355   717 30950 I udc_user: 
01-17 09:23:37.355   717 30950 I udc_user: *** DDPlus Unified Decoder Simulation  Version 1.7.3 ***
01-17 09:23:37.355   717 30950 I udc_user: 
01-17 09:23:37.355   717 30950 I udc_user: 7.1-channel decoder-converter, 
01-17 09:23:37.355   717 30950 I udc_user: 
01-17 09:23:37.355   717 30950 I udc_user: 5.1-channel dual-decoder-converter, 
01-17 09:23:37.355   717 30950 I udc_user: Karaoke unsupported, 
01-17 09:23:37.355   717 30950 I udc_user: TPNP supported. 
01-17 09:23:37.355   717 30950 I udc_user: 
01-17 09:23:37.355   717 30950 I udc_user: Unpublished work.  Copyright 2003-2014 Dolby Laboratories, Inc. and
01-17 09:23:37.355   717 30950 I udc_user: Dolby Laboratories Licensing Corporation.  All Rights Reserved.
01-17 09:23:37.355   717 30950 I udc_user: 
01-17 09:23:37.355   717 30950 I udc_user: USE OF THIS SOFTWARE IS SUBJECT TO A LEGAL AGREEMENT BETWEEN YOU AND DOLBY
01-17 09:23:37.355   717 30950 I udc_user: LABORATORIES. DO NOT USE THIS SOFTWARE UNLESS YOU AGREE TO THE TERMS AND 
01-17 09:23:37.355   717 30950 I udc_user: CONDITIONS IN THE AGREEMENT.  BY USING THIS SOFTWARE, YOU ACKNOWLEDGE THAT 
01-17 09:23:37.355   717 30950 I udc_user: YOU HAVE READ THE AGREEMENT AND THAT YOU AGREE TO BE BOUND BY ITS TERMS. 
01-17 09:23:37.355   717 30950 I udc_user: 
01-17 09:23:37.356   717 30950 I ddpdec_client_joc: ddpdec_open JOCD_MODE Buffer assignment
01-17 09:23:37.356   717 30950 D DDP_JOCDecoder: mStarted = 1
01-17 09:23:37.356   717 30950 I DDP_JOCDecoder: <- start
01-17 09:23:37.357   717 30950 D ddpdec_client_joc: ddpdec_client.c|int configDecoder()
01-17 09:23:37.358   717 30950 D DDP_JOCDecoder: Setting Max Output Channels to 2
01-17 09:23:37.360   717 30950 I DlbDap2QmfProcess: close()
01-17 09:23:37.360   717 30950 I DlbDap2QmfProcess: init()
01-17 09:23:37.360   717 30950 I DlbDap2QmfProcess: open()
01-17 09:23:37.360   717 30950 I DlbDap2QmfProcess: loadLicense() no license check!
01-17 09:23:37.360   717 30950 I DlbDap2QmfProcess: validateLicense() no license check!
01-17 09:23:37.360   717 30950 I DlbDap2QmfProcess: init() DAP opened
01-17 09:23:37.360   717 30950 I DlbDap2QmfProcess: DAP library version: 2.5.1-P2.0
01-17 09:23:37.360   717 30950 D DlbDap2QmfProcess: DAP output mode set to 1 with 2 output channels and null mix matrix.
01-17 09:23:37.360   717 30950 D ARenderer: checkAndUpdateConfig: DAP reinitialized because of sample rate change
01-17 09:23:37.361   717 30950 D ARenderer: updateDapConfig: Updating DAP configuration
01-17 09:23:37.361   717 30950 D DlbDap2QmfProcess: setParam(iea = #1[10])
01-17 09:23:37.361   717 30950 D DlbDap2QmfProcess: setParam(msce = #1[0])
01-17 09:23:37.361   717 30950 D DlbDap2QmfProcess: setParam(mdee = #1[0])
01-17 09:23:37.361   717 30950 D DlbDap2QmfProcess: setParam(miee = #1[0])
01-17 09:23:37.361   717 30950 D DlbDap2QmfProcess: setParam(mdle = #1[0])
01-17 09:23:37.361   717 30950 D DlbDap2QmfProcess: setParam(dvle = #1[1])
01-17 09:23:37.361   717 30950 D DlbDap2QmfProcess: setParam(mave = #1[0])
01-17 09:23:37.361   717 30950 D DlbDap2QmfProcess: setParam(vcbf = #20[47, 141, 234, 328, 469, 656, 844, 1031, 1313, 1688, 2250, 3000, 3750, 4688, 5813, 7125, 9000, 11250, 13875, 19688])
01-17 09:23:37.361   717 30950 D DlbDap2QmfProcess: setParam(ieon = #1[0])
01-17 09:23:37.361   717 30950 D DlbDap2QmfProcess: setParam(gebs = #41[20, 47, 141, 234, 328, 469, 656, 844, 1031, 1313, 1688, 2250, 3000, 3750, 4688, 5813, 7125, 9000, 11250, 13875, 19688, 0, 0, 0, 0, 0, 0, 0, 0, 0, 0, 0, 0, 0, 0, 0, 0, 0, 0, 0, 0])
01-17 09:23:37.361   717 30950 D DlbDap2QmfProcess: setParam(iebs = #41[20, 65, 136, 223, 332, 467, 634, 841, 1098, 1416, 1812, 2302, 2909, 3663, 4598, 5756, 7194, 8976, 11186, 13927, 17326, 117, 133, 188, 176, 141, 149, 175, 185, 185, 200, 236, 242, 228, 213, 182, 132, 110, 68, -27, -240])
01-17 09:23:37.361   717 30950 D DlbDap2QmfProcess: setParam(dea = #1[7])
01-17 09:23:37.361   717 30950 D DlbDap2QmfProcess: setParam(dsa = #1[10])
01-17 09:23:37.361   717 30950 D DlbDap2QmfProcess: setParam(beb = #1[192])
01-17 09:23:37.361   717 30950 D DlbDap2QmfProcess: setParam(plb = #1[0])
01-17 09:23:37.361   717 30950 D DlbDap2QmfProcess: setParam(vmb = #1[144])
01-17 09:23:37.361   717 30950 D DlbDap2QmfProcess: setParam(dsb = #1[48])
01-17 09:23:37.361   717 30950 D DlbDap2QmfProcess: setParam(ded = #1[0])
01-17 09:23:37.361   717 30950 D DlbDap2QmfProcess: setParam(dom = #1[0])
01-17 09:23:37.361   717 30950 D DlbDap2QmfProcess: setParam(bew = #1[16])
01-17 09:23:37.361   717 30950 D DlbDap2QmfProcess: setParam(dvla = #1[5])
01-17 09:23:37.362   717 30950 D DlbDap2QmfProcess: setParam(dfsa = #1[10])
01-17 09:23:37.362   717 30950 D DlbDap2QmfProcess: setParam(dhsa = #1[10])
01-17 09:23:37.362   717 30950 D DlbDap2QmfProcess: setParam(dvmc = #1[0])
01-17 09:23:37.362   717 30950 D DlbDap2QmfProcess: setParam(dvle = #1[1])
01-17 09:23:37.362   717 30950 D DlbDap2QmfProcess: setParam(dvme = #1[0])
01-17 09:23:37.362   717 30950 D DlbDap2QmfProcess: setParam(becf = #1[200])
01-17 09:23:37.362   717 30950 D DlbDap2QmfProcess: setParam(vbmf = #2[94, 469])
01-17 09:23:37.362   717 30950 D DlbDap2QmfProcess: setParam(vbsf = #2[35, 160])
01-17 09:23:37.362   717 30950 D DlbDap2QmfProcess: setParam(vbhg = #3[-32, -144, -192])
01-17 09:23:37.362   717 30950 D DlbDap2QmfProcess: setParam(vbog = #1[0])
01-17 09:23:37.362   717 30950 D DlbDap2QmfProcess: setParam(vbsg = #1[0])
01-17 09:23:37.362   717 30950 D DlbDap2QmfProcess: setParam(dvli = #1[-320])
01-17 09:23:37.362   717 30950 D DlbDap2QmfProcess: setParam(dhfm = #1[2])
01-17 09:23:37.362   717 30950 D DlbDap2QmfProcess: setParam(deon = #1[0])
01-17 09:23:37.362   717 30950 D DlbDap2QmfProcess: setParam(ngon = #1[1])
01-17 09:23:37.362   717 30950 D DlbDap2QmfProcess: setParam(dvlo = #1[-320])
01-17 09:23:37.362   717 30950 D DlbDap2QmfProcess: setParam(aobs = #222[20, 10, 47, 141, 234, 328, 469, 656, 844, 1031, 1313, 1688, 2250, 3000, 3750, 4688, 5813, 7125, 9000, 11250, 13875, 19688, 0, 0, 0, 0, 0, 0, 0, 0, 0, 0, 0, 0, 0, 0, 0, 0, 0, 0, 0, 0, 0, 0, 0, 0, 0, 0, 0, 0, 0, 0, 0, 0, 0, 0, 0, 0, 0, 0, 0, 0, 0, 0, 0, 0, 0, 0, 0, 0, 0, 0, 0, 0, 0, 0, 0, 0, 0, 0, 0, 0, 0, 0, 0, 0, 0, 0, 0, 0, 0, 0, 0, 0, 0, 0, 0, 0, 0, 0, 0, 0, 0, 0, 0, 0, 0, 0, 0, 0, 0, 0, 0, 0, 0, 0, 0, 0, 0, 0, 0, 0, 0, 0, 0, 0, 0, 0, 0, 0, 0, 0, 0, 0, 0, 0, 0, 0, 0, 0, 0, 0, 0, 0, 0, 0, 0, 0, 0, 0, 0, 0, 0, 0, 0, 0, 0, 0, 0, 0, 0, 0, 0, 0, 0, 0, 0, 0, 0, 0, 0, 0, 0, 0, 0, 0, 0, 0, 0, 0, 0, 0, 0, 0, 0, 0, 0, 0, 0, 0, 0, 0, 0, 0, 0, 0, 0, 0, 0, 0, 0, 0, 0, 0, 0, 0, 0, 0, 0, 0, 0, 0, 0, 0, 0, 0, 0, 0, 0, 0, 0, 0])
01-17 09:23:37.363   717 30950 D DlbDap2QmfProcess: setParam(dvle = #1[1])
01-17 09:23:37.363   717 30950 D DlbDap2QmfProcess: setParam(dvli = #1[-496])
01-17 09:23:37.363   717 30950 D DlbDap2QmfProcess: setParam(dvlo = #1[-176])
01-17 09:23:37.363   717 30950 D ARenderer: updateDapVolumeLeveler: Setting output level to -11.00dB
01-17 09:23:37.363   717 30950 D DlbDap2QmfProcess: setParam(vmb = #1[0])
01-17 09:23:37.363   717 30950 D DlbDap2QmfProcess: setParam(preg = #1[-384])
01-17 09:23:37.363   717 30950 D DlbDap2QmfProcess: setParam(vol = #1[384])
01-17 09:23:37.363   717 30950 D DlbDap2QmfProcess: processQmf() called [0] times
01-17 09:23:37.363   717 30950 D DlbDap2QmfProcess: setMave(mave = 0)
01-17 09:23:37.365   684  1061 D AudioFlinger: trackDestroyed() Track id 756 no longer contains processed audio
01-17 09:23:37.365   684   928 W AudioFlinger::EffectModule: EffectModule 0xed0e2e00 destructor called with unreleased interface
01-17 09:23:37.366   684   928 W AudioFlinger::EffectHandle: disconnect Effect handle 0xee163ac0 disconnected after thread destruction
01-17 09:23:37.367   627  3892 I DlbEffectContext: setContentProcEnabled() Disabling content processing in effect
01-17 09:23:37.367   627  3892 D DlbDapEndpointParamCache: commitChangedParams()
01-17 09:23:37.368   627  3892 D DlbDapEndpointParamCache: commit() Applying parameters for device 0x40000000
01-17 09:23:37.368   627  3892 D DlbDap2Process: setParam(msce = #1[0])
01-17 09:23:37.368   627  3892 D DlbDap2Process: setParam(mdee = #1[0])
01-17 09:23:37.368   627  3892 D DlbDap2Process: setParam(miee = #1[0])
01-17 09:23:37.368   627  3892 D DlbDap2Process: setParam(mdle = #1[0])
01-17 09:23:37.368   627  3892 D DlbDap2Process: setParam(dvle = #1[0])
01-17 09:23:37.368   627  3892 D DlbDap2Process: setParam(mave = #1[0])
01-17 09:23:37.368   627  3892 D DlbDap2Process: setParam(ieon = #1[0])
01-17 09:23:37.368   627  3892 D DlbDapEndpointParamCache: doCommit() Committed 7 parameters out of 16.
01-17 09:23:37.368   627  3892 D DlbDapEndpointParamCache: commit() Overriding parameters for current device 0x00000002
01-17 09:23:37.368   627  3892 D DlbDap2Process: setParam(dom = #1[0])
01-17 09:23:37.368   627  3892 D DlbDap2Process: setParam(dvle = #1[0])
01-17 09:23:37.368   627  3892 D DlbDap2Process: setParam(dvme = #1[0])
01-17 09:23:37.368   627  3892 D DlbDap2Process: setParam(deon = #1[0])
01-17 09:23:37.368   627  3892 D DlbDap2Process: setParam(ngon = #1[0])
01-17 09:23:37.368   627  3892 D DlbDapEndpointParamCache: doCommit() Committed 5 parameters out of 37.
01-17 09:23:37.369   627  3892 D DlbDapEndpointParamCache: commitChangedParams()
01-17 09:23:37.369   627  3892 D DlbDapEndpointParamCache: commit() Applying parameters for device 0x40000000
01-17 09:23:37.369   627  3892 D DlbDap2Process: setParam(iea = #1[10])
01-17 09:23:37.369   627  3892 D DlbDap2Process: setParam(vcbf = #20[47, 141, 234, 328, 469, 656, 844, 1031, 1313, 1688, 2250, 3000, 3750, 4688, 5813, 7125, 9000, 11250, 13875, 19688])
01-17 09:23:37.369   627  3892 D DlbDap2Process: setParam(vbon = #1[0])
01-17 09:23:37.369   627  3892 D DlbDap2Process: setParam(beon = #1[0])
01-17 09:23:37.369   627  3892 D DlbDap2Process: setParam(geon = #1[0])
01-17 09:23:37.370   627  3892 D DlbDap2Process: setParam(gebs = #41[20, 47, 141, 234, 328, 469, 656, 844, 1031, 1313, 1688, 2250, 3000, 3750, 4688, 5813, 7125, 9000, 11250, 13875, 19688, 0, 0, 0, 0, 0, 0, 0, 0, 0, 0, 0, 0, 0, 0, 0, 0, 0, 0, 0, 0])
01-17 09:23:37.370   627  3892 D DlbDap2Process: setParam(iebs = #41[20, 65, 136, 223, 332, 467, 634, 841, 1098, 1416, 1812, 2302, 2909, 3663, 4598, 5756, 7194, 8976, 11186, 13927, 17326, 117, 133, 188, 176, 141, 149, 175, 185, 185, 200, 236, 242, 228, 213, 182, 132, 110, 68, -27, -240])
01-17 09:23:37.370   627  3892 D DlbDapEndpointParamCache: doCommit() Committed 8 parameters out of 16.
01-17 09:23:37.370   627  3892 D DlbDapEndpointParamCache: commit() Overriding parameters for current device 0x00000002
01-17 09:23:37.370   627  3892 D DlbDap2Process: setParam(dea = #1[7])
01-17 09:23:37.370   627  3892 D DlbDap2Process: setParam(dsa = #1[10])
01-17 09:23:37.370   627  3892 D DlbDap2Process: setParam(beb = #1[192])
01-17 09:23:37.370   627  3892 D DlbDap2Process: setParam(plb = #1[0])
01-17 09:23:37.370   627  3892 D DlbDap2Process: setParam(vmb = #1[144])
01-17 09:23:37.370   627  3892 D DlbDap2Process: setParam(dsb = #1[48])
01-17 09:23:37.370   627  3892 D DlbDap2Process: setParam(ded = #1[0])
01-17 09:23:37.370   627  3892 D DlbDap2Process: setParam(vbm = #1[3])
01-17 09:23:37.370   627  3892 D DlbDap2Process: setParam(bew = #1[16])
01-17 09:23:37.370   627  3892 D DlbDap2Process: setParam(dvla = #1[5])
01-17 09:23:37.370   627  3892 D DlbDap2Process: setParam(arra = #1[96])
01-17 09:23:37.370   627  3892 D DlbDap2Process: setParam(dfsa = #1[10])
01-17 09:23:37.370   627  3892 D DlbDap2Process: setParam(dhsa = #1[10])
01-17 09:23:37.370   627  3892 D DlbDap2Process: setParam(dvmc = #1[0])
01-17 09:23:37.370   627  3892 D DlbDap2Process: setParam(arod = #1[0])
01-17 09:23:37.370   627  3892 D DlbDap2Process: setParam(arde = #1[1])
01-17 09:23:37.370   627  3892 D DlbDap2Process: setParam(becf = #1[200])
01-17 09:23:37.370   627  3892 D DlbDap2Process: setParam(vbmf = #2[94, 469])
01-17 09:23:37.370   627  3892 D DlbDap2Process: setParam(vbsf = #2[35, 160])
01-17 09:23:37.370   627  3892 D DlbDap2Process: setParam(vbhg = #3[-32, -144, -192])
01-17 09:23:37.370   627  3892 D DlbDap2Process: setParam(vbog = #1[0])
01-17 09:23:37.370   627  3892 D DlbDap2Process: setParam(vbsg = #1[0])
01-17 09:23:37.370   627  3892 D DlbDap2Process: setParam(dvli = #1[-320])
01-17 09:23:37.370   627  3892 D DlbDap2Process: setParam(dhfm = #1[2])
01-17 09:23:37.370   627  3892 D DlbDap2Process: setParam(vbon = #1[0])
01-17 09:23:37.371   627  3892 D DlbDap2Process: setParam(beon = #1[0])
01-17 09:23:37.371   627  3892 D DlbDap2Process: setParam(aoon = #1[1])
01-17 09:23:37.371   627  3892 D DlbDap2Process: setParam(aron = #1[1])
01-17 09:23:37.371   627  3892 D DlbDap2Process: setParam(dvlo = #1[-320])
01-17 09:23:37.371   627  3892 D DlbDap2Process: setParam(artp = #1[12])
01-17 09:23:37.371   627  3892 D DlbDap2Process: setParam(aobs = #222[20, 10, 47, 141, 234, 328, 469, 656, 844, 1031, 1313, 1688, 2250, 3000, 3750, 4688, 5813, 7125, 9000, 11250, 13875, 19688, 0, 0, 0, 0, 0, 0, 0, 0, 0, 0, 0, 0, 0, 0, 0, 0, 0, 0, 0, 0, 0, 0, 0, 0, 0, 0, 0, 0, 0, 0, 0, 0, 0, 0, 0, 0, 0, 0, 0, 0, 0, 0, 0, 0, 0, 0, 0, 0, 0, 0, 0, 0, 0, 0, 0, 0, 0, 0, 0, 0, 0, 0, 0, 0, 0, 0, 0, 0, 0, 0, 0, 0, 0, 0, 0, 0, 0, 0, 0, 0, 0, 0, 0, 0, 0, 0, 0, 0, 0, 0, 0, 0, 0, 0, 0, 0, 0, 0, 0, 0, 0, 0, 0, 0, 0, 0, 0, 0, 0, 0, 0, 0, 0, 0, 0, 0, 0, 0, 0, 0, 0, 0, 0, 0, 0, 0, 0, 0, 0, 0, 0, 0, 0, 0, 0, 0, 0, 0, 0, 0, 0, 0, 0, 0, 0, 0, 0, 0, 0, 0, 0, 0, 0, 0, 0, 0, 0, 0, 0, 0, 0, 0, 0, 0, 0, 0, 0, 0, 0, 0, 0, 0, 0, 0, 0, 0, 0, 0, 0, 0, 0, 0, 0, 0, 0, 0, 0, 0, 0, 0, 0, 0, 0, 0, 0, 0, 0, 0, 0, 0])
01-17 09:23:37.371   627  3892 D DlbDap2Process: setParam(arbs = #81[20, 47, 141, 234, 328, 469, 656, 844, 1031, 1313, 1688, 2250, 3000, 3750, 4688, 5813, 7125, 9000, 11250, 13875, 19688, -192, -192, -192, -192, -192, -192, -192, -192, -192, -192, -192, -192, -192, -192, -192, -192, -192, -192, -192, -192, 0, 0, 0, 0, 0, 0, 0, 0, 0, 0, 0, 0, 0, 0, 0, 0, 0, 0, 0, 0, 0, 0, 0, 0, 0, 0, 0, 0, 0, 0, 0, 0, 0, 0, 0, 0, 0, 0, 0, 0])
01-17 09:23:37.371   627  3892 D DlbDapEndpointParamCache: doCommit() Committed 32 parameters out of 37.
01-17 09:23:37.371   627  3892 D DlbDap2Process: setMave(mave = 0)
01-17 09:23:37.374   627  3892 D DlbDapCrossfadeProcess: process transitioning from PREROLL_ACTIVE state to FADE_TO_ACTIVE
01-17 09:23:37.374   627   627 D DlbDlbEffect: handle_EFFECT_CMD_DISABLE()
