--------- beginning of system
01-17 09:24:06.637   945  1324 I ActivityManager: Force stopping com.dolby.qa.featuretest appid=10073 user=0: from pid 31164
01-17 09:24:06.638   945  1324 I ActivityManager: Killing 31078:com.dolby.qa.featuretest/u0a73 (adj 0): stop com.dolby.qa.featuretest
01-17 09:24:06.639   945  1324 W ActivityManager: Force removing ActivityRecord{b83bee1 u0 com.dolby.qa.featuretest/.MainActivity t269}: app died, no saved state
01-17 09:24:06.648   945  1324 I WindowManager: Failed to capture screenshot of Token{e470406 ActivityRecord{b83bee1 u0 com.dolby.qa.featuretest/.MainActivity t269 f}} appWin=Window{75e8645 u0 com.dolby.qa.featuretest/com.dolby.qa.featuretest.MainActivity} drawState=4
--------- beginning of main
01-17 09:24:06.664   710  1422 D NuPlayerDriver: reset(0xe6bcb7e0) at state 5
01-17 09:24:06.667   710  1422 D NuPlayerDriver: notifyListener_l(0xe6bcb7e0), (8, 0, 0, -1), loop setting(0, 1)
01-17 09:24:06.670   684  3973 D AudioFlinger: trackStateChanged() Track id 762 state changed to 6
01-17 09:24:06.671   945  1530 I WindowManager: WIN DEATH: Window{4538795 u0 Toast}
01-17 09:24:06.676   717 21044 I DDP_JOCDecoder: -> ~DDPDecoder
01-17 09:24:06.676   717 21044 I DDP_JOCDecoder: -> stop
01-17 09:24:06.677   645   645 I DMSService: unregisterClient type = 4, uid = e7f0fb90
01-17 09:24:06.715  1499  1499 D CarrierSvcBindHelper: No carrier app for: 0
01-17 09:24:06.725   645   645 D DatabaseHelper: failed to prepare SQL : INSERT INTO profiles VALUES(15
01-17 09:24:06.725   645   645 D DatabaseHelper: ,'custom','user2','user2','off','off')
01-17 09:24:06.725   645   645 D DatabaseHelper: failed to prepare SQL : INSERT INTO profile_endpoints VALUES(57
01-17 09:24:06.725   645   645 D DatabaseHelper: ,'custom','user2','speaker')
01-17 09:24:06.725   645   645 D DatabaseHelper: failed to prepare SQL : INSERT INTO profile_endpoints VALUES(57
01-17 09:24:06.725   645   645 D DatabaseHelper: ,'custom','user2','headphone')
01-17 09:24:06.726   645   645 D DatabaseHelper: failed to prepare SQL : INSERT INTO profile_endpoints VALUES(57
01-17 09:24:06.726   645   645 D DatabaseHelper: ,'custom','user2','passthrough')
01-17 09:24:06.726   645   645 D DatabaseHelper: failed to prepare SQL : INSERT INTO profile_endpoints VALUES(57
01-17 09:24:06.726   645   645 D DatabaseHelper: ,'custom','user2','other')
01-17 09:24:06.726  2010  2010 D RegisteredNfcFServicesCache: Service unchanged, not updating
01-17 09:24:06.726   645   645 D DatabaseHelper: failed to prepare SQL : INSERT INTO profile_ports VALUES(85
01-17 09:24:06.726   645   645 D DatabaseHelper: ,'custom','user2','internal_speaker')
01-17 09:24:06.726   645   645 D DatabaseHelper: failed to prepare SQL : INSERT INTO profile_ports VALUES(85
01-17 09:24:06.726   645   645 D DatabaseHelper: ,'custom','user2','hdmi')
01-17 09:24:06.727   645   645 D DatabaseHelper: failed to prepare SQL : INSERT INTO profile_ports VALUES(85
01-17 09:24:06.727   645   645 D DatabaseHelper: ,'custom','user2','miracast')
01-17 09:24:06.727   645   645 D DatabaseHelper: failed to prepare SQL : INSERT INTO profile_ports VALUES(85
01-17 09:24:06.727   645   645 D DatabaseHelper: ,'custom','user2','headphone_port')
01-17 09:24:06.727   645   645 D DatabaseHelper: failed to prepare SQL : INSERT INTO profile_ports VALUES(85
01-17 09:24:06.727   645   645 D DatabaseHelper: ,'custom','user2','bluetooth')
01-17 09:24:06.727   645   645 D DatabaseHelper: failed to prepare SQL : INSERT INTO profile_ports VALUES(85
01-17 09:24:06.727   645   645 D DatabaseHelper: ,'custom','user2','usb')
01-17 09:24:06.728   645   645 D DatabaseHelper: failed to prepare SQL : INSERT INTO geq_presets VALUES(57
01-17 09:24:06.728   645   645 D DatabaseHelper: ,'custom','off','user2')
01-17 09:24:06.728   645   645 D DatabaseHelper: failed to prepare SQL : INSERT INTO geq_presets VALUES(57
01-17 09:24:06.728   645   645 D DatabaseHelper: ,'custom','open','user2')
01-17 09:24:06.728   645   645 D DatabaseHelper: failed to prepare SQL : INSERT INTO geq_presets VALUES(57
01-17 09:24:06.728   645   645 D DatabaseHelper: ,'custom','rich','user2')
01-17 09:24:06.728   645   645 D DatabaseHelper: failed to prepare SQL : INSERT INTO geq_presets VALUES(57
01-17 09:24:06.728   645   645 D DatabaseHelper: ,'custom','focused','user2')
01-17 09:24:06.742   717 21044 I DDP_JOCDecoder: <- stop
01-17 09:24:06.742   717 21044 I ARenderer: ~ARenderer
01-17 09:24:06.742   717 21044 I evo_parser: evo_parser_close
01-17 09:24:06.742   717 21044 I DlbDap2QmfProcess: ~Dap2Process()
01-17 09:24:06.743   717 21044 I DlbDap2QmfProcess: close()
01-17 09:24:06.743   717 21044 I DDP_JOCDecoder: <- ~DDPDecoder
01-17 09:24:06.752   710 31128 D NuPlayerDriver: notifyResetComplete(0xe6bcb7e0)
01-17 09:24:06.753   710  1422 D AudioTrack: stop() called with 0 frames delivered
01-17 09:24:06.755   627  3892 I DlbEffectContext: setContentProcEnabled() Enabling content processing in global effect
01-17 09:24:06.755   627  3892 D DlbDapEndpointParamCache: commitChangedParams()
01-17 09:24:06.755   627  3892 D DlbDapEndpointParamCache: commit() Applying parameters for device 0x40000000
01-17 09:24:06.755   627  3892 D DlbDap2Process: setParam(iea = #1[10])
01-17 09:24:06.755   627  3892 D DlbDap2Process: setParam(msce = #1[0])
01-17 09:24:06.755   627  3892 D DlbDap2Process: setParam(mdee = #1[0])
01-17 09:24:06.756   627  3892 D DlbDap2Process: setParam(miee = #1[0])
01-17 09:24:06.756   627  3892 D DlbDap2Process: setParam(mdle = #1[0])
01-17 09:24:06.756   627  3892 D DlbDap2Process: setParam(dvle = #1[1])
01-17 09:24:06.756   627  3892 D DlbDap2Process: setParam(mave = #1[0])
01-17 09:24:06.756   627  3892 D DlbDap2Process: setParam(vcbf = #20[47, 141, 234, 328, 469, 656, 844, 1031, 1313, 1688, 2250, 3000, 3750, 4688, 5813, 7125, 9000, 11250, 13875, 19688])
01-17 09:24:06.756   627  3892 D DlbDap2Process: setParam(vbon = #1[0])
01-17 09:24:06.756   627  3892 D DlbDap2Process: setParam(beon = #1[0])
01-17 09:24:06.756   627  3892 D DlbDap2Process: setParam(geon = #1[0])
01-17 09:24:06.756   627  3892 D DlbDap2Process: setParam(ieon = #1[0])
01-17 09:24:06.756   627  3892 D DlbDap2Process: setParam(gebs = #41[20, 47, 141, 234, 328, 469, 656, 844, 1031, 1313, 1688, 2250, 3000, 3750, 4688, 5813, 7125, 9000, 11250, 13875, 19688, 0, 0, 0, 0, 0, 0, 0, 0, 0, 0, 0, 0, 0, 0, 0, 0, 0, 0, 0, 0])
01-17 09:24:06.756   627  3892 D DlbDap2Process: setParam(iebs = #41[20, 65, 136, 223, 332, 467, 634, 841, 1098, 1416, 1812, 2302, 2909, 3663, 4598, 5756, 7194, 8976, 11186, 13927, 17326, 117, 133, 188, 176, 141, 149, 175, 185, 185, 200, 236, 242, 228, 213, 182, 132, 110, 68, -27, -240])
01-17 09:24:06.756   627  3892 D DlbDapEndpointParamCache: doCommit() Committed 15 parameters out of 16.
01-17 09:24:06.756   627  3892 D DlbDapEndpointParamCache: commit() Overriding parameters for current device 0x00000002
01-17 09:24:06.756   627  3892 D DlbDap2Process: setParam(dea = #1[7])
01-17 09:24:06.756   627  3892 D DlbDap2Process: setParam(dsa = #1[10])
01-17 09:24:06.756   627  3892 D DlbDap2Process: setParam(beb = #1[192])
01-17 09:24:06.756   627  3892 D DlbDap2Process: setParam(plb = #1[0])
01-17 09:24:06.756   627  3892 D DlbDap2Process: setParam(vmb = #1[144])
01-17 09:24:06.756   627  3892 D DlbDap2Process: setParam(dsb = #1[48])
01-17 09:24:06.756   627  3892 D DlbDap2Process: setParam(ded = #1[0])
01-17 09:24:06.757   627  3892 D DlbDap2Process: setParam(vbm = #1[3])
01-17 09:24:06.757   627  3892 D DlbDap2Process: setParam(dom = #1[0])
01-17 09:24:06.757   627  3892 D DlbDap2Process: setParam(bew = #1[16])
01-17 09:24:06.757   627  3892 D DlbDap2Process: setParam(dvla = #1[5])
01-17 09:24:06.757   627  3892 D DlbDap2Process: setParam(arra = #1[96])
01-17 09:24:06.757   627  3892 D DlbDap2Process: setParam(dfsa = #1[10])
01-17 09:24:06.757   627  3892 D DlbDap2Process: setParam(dhsa = #1[10])
01-17 09:24:06.757   627  3892 D DlbDap2Process: setParam(dvmc = #1[0])
01-17 09:24:06.757   627  3892 D DlbDap2Process: setParam(arod = #1[0])
01-17 09:24:06.757   627  3892 D DlbDap2Process: setParam(arde = #1[1])
01-17 09:24:06.757   627  3892 D DlbDap2Process: setParam(dvle = #1[1])
01-17 09:24:06.757   627  3892 D DlbDap2Process: setParam(dvme = #1[0])
01-17 09:24:06.757   627  3892 D DlbDap2Process: setParam(becf = #1[200])
01-17 09:24:06.757   627  3892 D DlbDap2Process: setParam(vbmf = #2[94, 469])
01-17 09:24:06.757   627  3892 D DlbDap2Process: setParam(vbsf = #2[35, 160])
01-17 09:24:06.757   627  3892 D DlbDap2Process: setParam(vbhg = #3[-32, -144, -192])
01-17 09:24:06.757   627  3892 D DlbDap2Process: setParam(vbog = #1[0])
01-17 09:24:06.757   627  3892 D DlbDap2Process: setParam(vbsg = #1[0])
01-17 09:24:06.757   627  3892 D DlbDap2Process: setParam(dvli = #1[-320])
01-17 09:24:06.757   627  3892 D DlbDap2Process: setParam(dhfm = #1[2])
01-17 09:24:06.757   627  3892 D DlbDap2Process: setParam(vbon = #1[0])
01-17 09:24:06.757   627  3892 D DlbDap2Process: setParam(beon = #1[0])
01-17 09:24:06.757   627  3892 D DlbDap2Process: setParam(deon = #1[0])
01-17 09:24:06.757   627  3892 D DlbDap2Process: setParam(ngon = #1[1])
01-17 09:24:06.758   627  3892 D DlbDap2Process: setParam(aoon = #1[1])
01-17 09:24:06.758   627  3892 D DlbDap2Process: setParam(aron = #1[1])
01-17 09:24:06.758   627  3892 D DlbDap2Process: setParam(dvlo = #1[-320])
01-17 09:24:06.758   627  3892 D DlbDap2Process: setParam(artp = #1[12])
01-17 09:24:06.758   627  3892 D DlbDap2Process: setParam(aobs = #222[20, 10, 47, 141, 234, 328, 469, 656, 844, 1031, 1313, 1688, 2250, 3000, 3750, 4688, 5813, 7125, 9000, 11250, 13875, 19688, 0, 0, 0, 0, 0, 0, 0, 0, 0, 0, 0, 0, 0, 0, 0, 0, 0, 0, 0, 0, 0, 0, 0, 0, 0, 0, 0, 0, 0, 0, 0, 0, 0, 0, 0, 0, 0, 0, 0, 0, 0, 0, 0, 0, 0, 0, 0, 0, 0, 0, 0, 0, 0, 0, 0, 0, 0, 0, 0, 0, 0, 0, 0, 0, 0, 0, 0, 0, 0, 0, 0, 0, 0, 0, 0, 0, 0, 0, 0, 0, 0, 0, 0, 0, 0, 0, 0, 0, 0, 0, 0, 0, 0, 0, 0, 0, 0, 0, 0, 0, 0, 0, 0, 0, 0, 0, 0, 0, 0, 0, 0, 0, 0, 0, 0, 0, 0, 0, 0, 0, 0, 0, 0, 0, 0, 0, 0, 0, 0, 0, 0, 0, 0, 0, 0, 0, 0, 0, 0, 0, 0, 0, 0, 0, 0, 0, 0, 0, 0, 0, 0, 0, 0, 0, 0, 0, 0, 0, 0, 0, 0, 0, 0, 0, 0, 0, 0, 0, 0, 0, 0, 0, 0, 0, 0, 0, 0, 0, 0, 0, 0, 0, 0, 0, 0, 0, 0, 0, 0, 0, 0, 0, 0, 0, 0, 0, 0, 0, 0, 0])
01-17 09:24:06.758   627  3892 D DlbDap2Process: setParam(arbs = #81[20, 47, 141, 234, 328, 469, 656, 844, 1031, 1313, 1688, 2250, 3000, 3750, 4688, 5813, 7125, 9000, 11250, 13875, 19688, -192, -192, -192, -192, -192, -192, -192, -192, -192, -192, -192, -192, -192, -192, -192, -192, -192, -192, -192, -192, 0, 0, 0, 0, 0, 0, 0, 0, 0, 0, 0, 0, 0, 0, 0, 0, 0, 0, 0, 0, 0, 0, 0, 0, 0, 0, 0, 0, 0, 0, 0, 0, 0, 0, 0, 0, 0, 0, 0, 0])
01-17 09:24:06.758   627  3892 D DlbDapEndpointParamCache: doCommit() Committed 37 parameters out of 37.
01-17 09:24:06.759   627  3892 D DlbDap2Process: setMave(mave = 0)
01-17 09:24:06.760   945   999 W ProcessCpuTracker: Skipping unknown process pid 31162
01-17 09:24:06.760   945   999 W ProcessCpuTracker: Skipping unknown process pid 31164
01-17 09:24:06.779   945  7365 I ActivityManager: START u0 {flg=0x10000000 cmp=com.dolby.qa.featuretest/.MainActivity} from uid 2000
01-17 09:24:06.803   945  1324 I ActivityManager: Start proc 31171:com.dolby.qa.featuretest/u0a73 for activity com.dolby.qa.featuretest/.MainActivity
01-17 09:24:06.805 31171 31171 I zygote64: Late-enabling -Xcheck:jni
01-17 09:24:06.812   684  1061 D AudioFlinger: trackStateChanged() Track id 762 state changed to 2
01-17 09:24:06.812   684  1061 I AudioFlinger: updateProcessedAudioState() Changing content processing in effect to 0
01-17 09:24:06.812   627   922 D DlbDlbEffect: handle_EFFECT_CMD_SET_PARAM()
01-17 09:24:06.833   684  1061 D AudioFlinger: trackDestroyed() Track id 762 no longer contains processed audio
01-17 09:24:06.835   684   928 W AudioFlinger::EffectModule: EffectModule 0xed0e2800 destructor called with unreleased interface
01-17 09:24:06.835   684   928 W AudioFlinger::EffectHandle: disconnect Effect handle 0xee163640 disconnected after thread destruction
01-17 09:24:06.836   627   922 D DlbDlbEffect: handle_EFFECT_CMD_DISABLE()
01-17 09:24:06.836   627   922 D DlbDapCrossfadeProcess: setEnabled transitioning from DAP_ACTIVE state to FADE_TO_BYPASS
01-17 09:24:06.837   626   626 W /system/bin/hw/android.hidl.allocator@1.0-service: ashmem_create_region(3840) returning hidl_memory(0x7b7102c330, 3840)
01-17 09:24:06.838   627   922 D DlbDlbEffect: handle_EFFECT_CMD_SET_CONFIG()
01-17 09:24:06.838   627   922 D DlbDapEndpointParamCache: setDevice(device=0x00000002)
01-17 09:24:06.838   645   645 D DMSService: setActiveDevice called with device = 0x2
01-17 09:24:06.839   627   922 D DlbDlbEffect: handle_EFFECT_CMD_ENABLE()
01-17 09:24:06.839   627   922 D DlbDapCrossfadeProcess: setEnabled transitioning from FADE_TO_BYPASS state to FADE_TO_ACTIVE
01-17 09:24:06.980 31171 31171 D featureTest: onCreate
01-17 09:24:06.985 31171 31171 D AudioTrack: Client defaulted notificationFrames to 962 for frameCount 1924
01-17 09:24:06.987 31171 31171 W AudioTrack: Use of stream types is deprecated for operations other than volume control
01-17 09:24:06.987 31171 31171 W AudioTrack: See the documentation of AudioTrack() for what to use instead with android.media.AudioAttributes to qualify your playback use case
01-17 09:24:06.993 31171 31171 W DolbyAudioEffect: WARNING: attaching a DolbyAudioEffect to global output mix is deprecated!
01-17 09:24:07.000 31171 31171 D featureTest: onResume
01-17 09:24:07.009 31171 31188 D OpenGLRenderer: HWUI GL Pipeline
01-17 09:24:07.055 31171 31188 I Adreno  : QUALCOMM build                   : 7142022, Ib5823dd10c
01-17 09:24:07.055 31171 31188 I Adreno  : Build Date                       : 06/23/17
01-17 09:24:07.055 31171 31188 I Adreno  : OpenGL ES Shader Compiler Version: EV031.18.00.00
01-17 09:24:07.055 31171 31188 I Adreno  : Local Branch                     : O11A
01-17 09:24:07.055 31171 31188 I Adreno  : Remote Branch                    : 
01-17 09:24:07.055 31171 31188 I Adreno  : Remote Branch                    : 
01-17 09:24:07.055 31171 31188 I Adreno  : Reconstruct Branch               : 
01-17 09:24:07.059 31171 31188 I Adreno  : PFP: 0x005ff087, ME: 0x005ff063
01-17 09:24:07.061 31171 31188 I OpenGLRenderer: Initialized EGL, version 1.4
01-17 09:24:07.061 31171 31188 D OpenGLRenderer: Swap behavior 2
01-17 09:24:07.105   945   998 I ActivityManager: Displayed com.dolby.qa.featuretest/.MainActivity: +311ms
01-17 09:24:07.196   945   998 W ActivityManager: setHasOverlayUi called on unknown pid: 31078
01-17 09:24:07.199   475   475 D SurfaceFlinger: Backpressure trigger, skipping transaction & refresh!
01-17 09:24:07.593  2103  2230 W OpenGLRenderer: Incorrectly called buildLayer on View: ShortcutAndWidgetContainer, destroying layer...
01-17 09:24:07.671   945   945 W NotificationService: Object died trying to hide notification android.app.ITransientNotification$Stub$Proxy@5b74b9d in package com.dolby.qa.featuretest
01-17 09:24:07.672   945   945 W WindowManager: removeWindowToken: Attempted to remove non-existing token: android.os.Binder@d2eb4fa
01-17 09:24:07.672   945   945 W ActivityManager: setProcessForeground called on unknown pid: 31078
01-17 09:24:07.672   945   945 W NotificationService: Object died trying to show notification android.app.ITransientNotification$Stub$Proxy@833812 in package com.dolby.qa.featuretest
01-17 09:24:07.672   945   945 W ActivityManager: setProcessForeground called on unknown pid: 31078
01-17 09:24:07.673   945   945 W NotificationService: Object died trying to show notification android.app.ITransientNotification$Stub$Proxy@2e08be3 in package com.dolby.qa.featuretest
01-17 09:24:07.855 31171 31171 D featureTest: receive broadcast , playing content location :/sdcard/featureTest/ChID_voices_71_640_ddp_joc.mp4
01-17 09:24:07.868 31171 31171 D featureTest: mMediaPlayer.getAudioSessionId(): 5721
01-17 09:24:07.868 31171 31171 D featureTest: Playing file: /sdcard/featureTest/ChID_voices_71_640_ddp_joc.mp4
01-17 09:24:07.870   710  1422 D NuPlayerDriver: NuPlayerDriver(0xe6bcb7e0) created, clientPid(31171)
01-17 09:24:07.873 31200 31200 W generic : type=1400 audit(0.0:473): avc: denied { read } for path="/storage/emulated/0/featuretest/ChID_voices_71_640_ddp_joc.mp4" dev="sdcardfs" ino=1310766 scontext=u:r:mediaextractor:s0 tcontext=u:object_r:sdcardfs:s0 tclass=file permissive=0
01-17 09:24:07.874 31171 31171 W MediaPlayer: Use of stream types is deprecated for operations other than volume control
01-17 09:24:07.874 31171 31171 W MediaPlayer: See the documentation of setAudioStreamType() for what to use instead with android.media.AudioAttributes to qualify your playback use case
01-17 09:24:07.876   710 31200 D GenericSource: FileSource remote
01-17 09:24:07.876   710 31200 W GenericSource: extractor service cannot make data source
01-17 09:24:07.877   710 31200 D GenericSource: FileSource local
01-17 09:24:07.896   700  1393 I SampleTable: There are reordered frames present.
01-17 09:24:07.900   710 31199 D NuPlayerDriver: notifyListener_l(0xe6bcb7e0), (5, 1920, 1080, -1), loop setting(0, 0)
01-17 09:24:07.900   700  1393 D MediaBufferGroup: creating MemoryDealer
01-17 09:24:07.900   710 31199 D NuPlayerDriver: notifyListener_l(0xe6bcb7e0), (1, 0, 0, -1), loop setting(0, 0)
01-17 09:24:07.910   710  1422 D NuPlayerDriver: start(0xe6bcb7e0), state is 4, eos is 0
01-17 09:24:07.911   710 31199 I GenericSource: start
01-17 09:24:07.916 31171 31171 W DolbyAudioEffect: WARNING: attaching a DolbyAudioEffect to global output mix is deprecated!
01-17 09:24:07.930 31171 31171 D featureTest: receive broadcast , change ds status :0
01-17 09:24:07.932   710 31206 I OMXClient: Treble IOmx obtained
01-17 09:24:07.932   717  5320 I OMXMaster: makeComponentInstance(OMX.dolby.eac3.decoder) in omx@1.0-service process
01-17 09:24:07.952   627   922 D DlbDlbEffect: handle_EFFECT_CMD_SET_PARAM()
01-17 09:24:07.968   717  5320 I DDP_JOCDecoder: -> init name OMX.dolby.eac3.decoder
01-17 09:24:07.969   645   645 I DMSService: registerClient type = 0, uid = e7f0fb90
01-17 09:24:07.969   645   645 V DolbyMemoryService: registerClient() client 0x710ec74380, uid -403637360
01-17 09:24:07.969   717  5320 I DDP_JOCDecoder: <- init
01-17 09:24:07.969   717  5320 D DDP_JOCDecoder: initPorts
01-17 09:24:07.970   717 20091 E OMXNodeInstance: setConfig(0xe7b0a900:dolby.eac3.decoder, ConfigPriority(0x6f800002)) ERROR: Undefined(0x80001001)
01-17 09:24:07.970   710 31206 I ACodec  : codec does not support config priority (err -2147483648)
01-17 09:24:07.970   717  4054 E OMXNodeInstance: getConfig(0xe7b0a900:dolby.eac3.decoder, ConfigAndroidVendorExtension(0x6f100004)) ERROR: Undefined(0x80001001)
01-17 09:24:07.972   710 31206 I MediaCodec: MediaCodec will operate in async mode
01-17 09:24:07.973   710 31206 I ACodec  : setDolbyParameterOnProcessedAudio() Received dolby_processed_audio=1
01-17 09:24:07.973   710 31205 I NuPlayerDecoder: setDolbyMessage() Notifying player that Codec supports dolby_processed_audio flag
01-17 09:24:07.973   710 31199 I NuPlayer: onDolbyMessageReceived() Setting dolby_processed_audio flag on audio sink
01-17 09:24:07.973   710 31199 I MediaPlayerService: setDolbyParameters() Marking audio output as having dolby_processed_audio
01-17 09:24:07.974   645   645 I DMSService: unregisterClient type = 0, uid = e7f0fb90
01-17 09:24:07.990   645   645 D DatabaseHelper: failed to prepare SQL : INSERT INTO profiles VALUES(15
01-17 09:24:07.990   645   645 D DatabaseHelper: ,'custom','user2','user2','off','off')
01-17 09:24:07.991   645   645 D DatabaseHelper: failed to prepare SQL : INSERT INTO profile_endpoints VALUES(57
01-17 09:24:07.991   645   645 D DatabaseHelper: ,'custom','user2','speaker')
01-17 09:24:07.991   645   645 D DatabaseHelper: failed to prepare SQL : INSERT INTO profile_endpoints VALUES(57
01-17 09:24:07.991   645   645 D DatabaseHelper: ,'custom','user2','headphone')
01-17 09:24:07.991   645   645 D DatabaseHelper: failed to prepare SQL : INSERT INTO profile_endpoints VALUES(57
01-17 09:24:07.991   645   645 D DatabaseHelper: ,'custom','user2','passthrough')
01-17 09:24:07.991   645   645 D DatabaseHelper: failed to prepare SQL : INSERT INTO profile_endpoints VALUES(57
01-17 09:24:07.991   645   645 D DatabaseHelper: ,'custom','user2','other')
01-17 09:24:07.991   645   645 D DatabaseHelper: failed to prepare SQL : INSERT INTO profile_ports VALUES(85
01-17 09:24:07.991   645   645 D DatabaseHelper: ,'custom','user2','internal_speaker')
01-17 09:24:07.991   645   645 D DatabaseHelper: failed to prepare SQL : INSERT INTO profile_ports VALUES(85
01-17 09:24:07.991   645   645 D DatabaseHelper: ,'custom','user2','hdmi')
01-17 09:24:07.991   645   645 D DatabaseHelper: failed to prepare SQL : INSERT INTO profile_ports VALUES(85
01-17 09:24:07.991   645   645 D DatabaseHelper: ,'custom','user2','miracast')
01-17 09:24:07.991   645   645 D DatabaseHelper: failed to prepare SQL : INSERT INTO profile_ports VALUES(85
01-17 09:24:07.991   645   645 D DatabaseHelper: ,'custom','user2','headphone_port')
01-17 09:24:07.991   645   645 D DatabaseHelper: failed to prepare SQL : INSERT INTO profile_ports VALUES(85
01-17 09:24:07.991   645   645 D DatabaseHelper: ,'custom','user2','bluetooth')
01-17 09:24:07.991   645   645 D DatabaseHelper: failed to prepare SQL : INSERT INTO profile_ports VALUES(85
01-17 09:24:07.991   645   645 D DatabaseHelper: ,'custom','user2','usb')
01-17 09:24:07.992   645   645 D DatabaseHelper: failed to prepare SQL : INSERT INTO geq_presets VALUES(57
01-17 09:24:07.992   645   645 D DatabaseHelper: ,'custom','off','user2')
01-17 09:24:07.992   645   645 D DatabaseHelper: failed to prepare SQL : INSERT INTO geq_presets VALUES(57
01-17 09:24:07.992   645   645 D DatabaseHelper: ,'custom','open','user2')
01-17 09:24:07.992   645   645 D DatabaseHelper: failed to prepare SQL : INSERT INTO geq_presets VALUES(57
01-17 09:24:07.992   645   645 D DatabaseHelper: ,'custom','rich','user2')
01-17 09:24:07.992   645   645 D DatabaseHelper: failed to prepare SQL : INSERT INTO geq_presets VALUES(57
01-17 09:24:07.992   645   645 D DatabaseHelper: ,'custom','focused','user2')
01-17 09:24:07.996 31171 31171 D featureTest: receive broadcast , change ds profile id :2
01-17 09:24:08.006   645   645 I DMSService: registerClient type = 4, uid = e7f0fb80
01-17 09:24:08.006   645   645 V DolbyMemoryService: registerClient() client 0x710ec74380, uid -403637372
01-17 09:24:08.006   717 21044 D DDP_JOCDecoder: internalSetParameter() Instantiating ARenderer for content processing in decoder
01-17 09:24:08.006   717 21044 I DlbDap2QmfProcess: Dap2Process()
01-17 09:24:08.006   717 21044 I ARenderer: ARenderer
01-17 09:24:08.006   717 21044 I evo_parser: evo_parser_init
01-17 09:24:08.006   717 21044 I DlbDap2QmfProcess: init()
01-17 09:24:08.006   717 21044 I DlbDap2QmfProcess: open()
01-17 09:24:08.007   627   922 D DlbDlbEffect: handle_EFFECT_CMD_SET_PARAM()
01-17 09:24:08.007   717 21044 I DlbDap2QmfProcess: loadLicense() no license check!
01-17 09:24:08.007   717 21044 I DlbDap2QmfProcess: validateLicense() no license check!
01-17 09:24:08.007   717 21044 I DlbDap2QmfProcess: init() DAP opened
01-17 09:24:08.007   717 21044 I DlbDap2QmfProcess: DAP library version: 2.5.1-P2.0
01-17 09:24:08.007   717 21044 D DlbDap2QmfProcess: DAP output mode set to 1 with 2 output channels and null mix matrix.
01-17 09:24:08.007   710 31206 I ACodec  : setDolbyParameterOnProcessedAudio() Content processing enabled in decoder
01-17 09:24:08.009   645   713 I DapController: Profile Changed to Music
01-17 09:24:08.009   626   626 W /system/bin/hw/android.hidl.allocator@1.0-service: ashmem_create_region(8192) returning hidl_memory(0x7b7102c330, 8192)
01-17 09:24:08.011   626   626 I chatty  : uid=1000(system) allocator@1.0-s identical 2 lines
01-17 09:24:08.011   626   626 W /system/bin/hw/android.hidl.allocator@1.0-service: ashmem_create_region(8192) returning hidl_memory(0x7b7102c330, 8192)
01-17 09:24:08.013   626   626 W /system/bin/hw/android.hidl.allocator@1.0-service: ashmem_create_region(147456) returning hidl_memory(0x7b7102c330, 147456)
01-17 09:24:08.015   626   626 I chatty  : uid=1000(system) allocator@1.0-s identical 2 lines
01-17 09:24:08.016   626   626 W /system/bin/hw/android.hidl.allocator@1.0-service: ashmem_create_region(147456) returning hidl_memory(0x7b7102c330, 147456)
01-17 09:24:08.017   717 31209 I DDP_JOCDecoder: -> start
01-17 09:24:08.018   717 31209 I EndpConfig: DAP state has changed from -1 to 0
01-17 09:24:08.018   717 31209 D DDP_JOCDecoder: Setting Max Output Channels to 2
01-17 09:24:08.018   717 31209 D DDP_JOCDecoder: setMultiChannelPCMOutDownmix mConfig->jocForceDownmixMode 1
01-17 09:24:08.018   717 31209 I udc_user: 
01-17 09:24:08.018   717 31209 I udc_user: *** DDPlus Unified Decoder Simulation  Version 1.7.3 ***
01-17 09:24:08.018   717 31209 I udc_user: 
01-17 09:24:08.018   717 31209 I udc_user: 7.1-channel decoder-converter, 
01-17 09:24:08.018   717 31209 I udc_user: 
01-17 09:24:08.018   717 31209 I udc_user: 5.1-channel dual-decoder-converter, 
01-17 09:24:08.018   717 31209 I udc_user: Karaoke unsupported, 
01-17 09:24:08.018   717 31209 I udc_user: TPNP supported. 
01-17 09:24:08.018   717 31209 I udc_user: 
01-17 09:24:08.018   717 31209 I udc_user: Unpublished work.  Copyright 2003-2014 Dolby Laboratories, Inc. and
01-17 09:24:08.018   717 31209 I udc_user: Dolby Laboratories Licensing Corporation.  All Rights Reserved.
01-17 09:24:08.018   717 31209 I udc_user: 
01-17 09:24:08.018   717 31209 I udc_user: USE OF THIS SOFTWARE IS SUBJECT TO A LEGAL AGREEMENT BETWEEN YOU AND DOLBY
01-17 09:24:08.018   717 31209 I udc_user: LABORATORIES. DO NOT USE THIS SOFTWARE UNLESS YOU AGREE TO THE TERMS AND 
01-17 09:24:08.018   717 31209 I udc_user: CONDITIONS IN THE AGREEMENT.  BY USING THIS SOFTWARE, YOU ACKNOWLEDGE THAT 
01-17 09:24:08.018   717 31209 I udc_user: YOU HAVE READ THE AGREEMENT AND THAT YOU AGREE TO BE BOUND BY ITS TERMS. 
01-17 09:24:08.018   717 31209 I udc_user: 
01-17 09:24:08.019   717 31209 I ddpdec_client_joc: ddpdec_open JOCD_MODE Buffer assignment
01-17 09:24:08.019   717 31209 D DDP_JOCDecoder: mStarted = 1
01-17 09:24:08.019   717 31209 I DDP_JOCDecoder: <- start
01-17 09:24:08.022   717 31209 D ddpdec_client_joc: ddpdec_client.c|int configDecoder()
01-17 09:24:08.024   717 31209 D DDP_JOCDecoder: Setting Max Output Channels to 2
01-17 09:24:08.024   717 31209 I DlbDap2QmfProcess: close()
01-17 09:24:08.024   717 31209 I DlbDap2QmfProcess: init()
01-17 09:24:08.024   717 31209 I DlbDap2QmfProcess: open()
01-17 09:24:08.025   717 31209 I DlbDap2QmfProcess: loadLicense() no license check!
01-17 09:24:08.025   717 31209 I DlbDap2QmfProcess: validateLicense() no license check!
01-17 09:24:08.025   717 31209 I DlbDap2QmfProcess: init() DAP opened
01-17 09:24:08.025   717 31209 I DlbDap2QmfProcess: DAP library version: 2.5.1-P2.0
01-17 09:24:08.025   717 31209 D DlbDap2QmfProcess: DAP output mode set to 1 with 2 output channels and null mix matrix.
01-17 09:24:08.025   717 31209 D ARenderer: checkAndUpdateConfig: DAP reinitialized because of sample rate change
01-17 09:24:08.025   717 31209 D ARenderer: updateDapConfig: Updating DAP configuration
01-17 09:24:08.025   717 31209 I ARenderer: updateDapConfig: Disable content processing in decoder-ARenderer
01-17 09:24:08.025   717 31209 D DlbDap2QmfProcess: setParam(deon = #1[0])
01-17 09:24:08.025   717 31209 D DlbDap2QmfProcess: setParam(dvle = #1[0])
01-17 09:24:08.025   717 31209 D DlbDap2QmfProcess: setParam(ieon = #1[0])
01-17 09:24:08.025   717 31209 D DlbDap2QmfProcess: setParam(dvme = #1[0])
01-17 09:24:08.025   717 31209 D DlbDap2QmfProcess: setParam(dom = #1[0])
01-17 09:24:08.025   717 31209 D DlbDap2QmfProcess: setParam(msce = #1[0])
01-17 09:24:08.025   717 31209 D DlbDap2QmfProcess: setParam(miee = #1[0])
01-17 09:24:08.025   717 31209 D DlbDap2QmfProcess: setParam(mdle = #1[0])
01-17 09:24:08.025   717 31209 D DlbDap2QmfProcess: setParam(mdee = #1[0])
01-17 09:24:08.025   717 31209 D DlbDap2QmfProcess: setParam(mave = #1[0])
01-17 09:24:08.025   717 31209 D DlbDap2QmfProcess: setParam(ngon = #1[0])
01-17 09:24:08.025   717 31209 D DlbDap2QmfProcess: setParam(dvle = #1[1])
01-17 09:24:08.026   717 31209 D DlbDap2QmfProcess: setParam(dvli = #1[-496])
01-17 09:24:08.026   717 31209 D DlbDap2QmfProcess: setParam(dvlo = #1[-224])
01-17 09:24:08.026   717 31209 D ARenderer: updateDapVolumeLeveler: Setting output level to -14.00dB
01-17 09:24:08.026   717 31209 D DlbDap2QmfProcess: setParam(vmb = #1[0])
01-17 09:24:08.026   717 31209 D DlbDap2QmfProcess: setParam(preg = #1[-384])
01-17 09:24:08.026   717 31209 D DlbDap2QmfProcess: setParam(vol = #1[384])
01-17 09:24:08.026   717 31209 D DlbDlbBufferProvider: setConfig() Updating buffer configuration.
01-17 09:24:08.026   717 31209 D DlbDap2QmfProcess: processQmf() called [0] times
01-17 09:24:08.026   717 31209 D DlbDap2QmfProcess: setMave(mave = 0)
01-17 09:24:08.038   710 31204 D AudioTrack: Client defaulted notificationFrames to 12000 for frameCount 24000
01-17 09:24:08.038   684  7227 I AudioFlinger: attachAuxEffect(): Marking track 764 as containing processed audio
01-17 09:24:08.039   684  7227 D AudioFlinger: trackContainsProcessedAudio() Track id 764 contains processed audio
01-17 09:24:08.041   626   626 W /system/bin/hw/android.hidl.allocator@1.0-service: ashmem_create_region(7680) returning hidl_memory(0x7b7102c330, 7680)
01-17 09:24:08.043   626   626 W /system/bin/hw/android.hidl.allocator@1.0-service: ashmem_create_region(7680) returning hidl_memory(0x7b7102c330, 7680)
01-17 09:24:08.044   627   627 D DlbDlbEffect: handle_EFFECT_CMD_DISABLE()
01-17 09:24:08.044   627   627 D DlbDapCrossfadeProcess: setEnabled transitioning from FADE_TO_ACTIVE state to FADE_TO_BYPASS
01-17 09:24:08.045   626   626 W /system/bin/hw/android.hidl.allocator@1.0-service: ashmem_create_region(7680) returning hidl_memory(0x7b7102c330, 7680)
01-17 09:24:08.046   627   627 D DlbDlbEffect: handle_EFFECT_CMD_SET_CONFIG()
01-17 09:24:08.046   627   627 D DlbDapEndpointParamCache: setDevice(device=0x00000002)
01-17 09:24:08.046   645   645 D DMSService: setActiveDevice called with device = 0x2
01-17 09:24:08.047   627   924 D DlbDlbEffect: handle_EFFECT_CMD_ENABLE()
01-17 09:24:08.047   627   924 D DlbDapCrossfadeProcess: setEnabled transitioning from FADE_TO_BYPASS state to FADE_TO_ACTIVE
01-17 09:24:08.047   684  3653 W AudioFlinger: moveDolbyEffect() effect chain for session 0 not on source thread 0xee0ae580
01-17 09:24:08.047   684  3653 D AudioFlinger: trackStateChanged() Track id 764 state changed to 6
01-17 09:24:08.047   684  3653 I AudioFlinger: updateProcessedAudioState() Changing content processing in effect to 1
01-17 09:24:08.047   627   924 D DlbDlbEffect: handle_EFFECT_CMD_SET_PARAM()
01-17 09:24:08.048   710 31199 D NuPlayerDriver: notifyListener_l(0xe6bcb7e0), (6, 0, 0, -1), loop setting(0, 1)
01-17 09:24:08.061 31171 31171 D featureTest: receive broadcast , playing content location :/sdcard/featureTest/ChID_voices_71_640_ddp_joc.mp4
01-17 09:24:08.064   710  1422 D NuPlayerDriver: stop(0xe6bcb7e0)
01-17 09:24:08.064   710  1422 D NuPlayerDriver: notifyListener_l(0xe6bcb7e0), (8, 0, 0, -1), loop setting(0, 1)
01-17 09:24:08.065   710   900 D NuPlayerDriver: reset(0xe6bcb7e0) at state 8
01-17 09:24:08.069   627  3892 I DlbEffectContext: setContentProcEnabled() Disabling content processing in effect
01-17 09:24:08.069   627  3892 D DlbDapEndpointParamCache: commitChangedParams()
01-17 09:24:08.069   627  3892 D DlbDapEndpointParamCache: commit() Applying parameters for device 0x40000000
01-17 09:24:08.069   627  3892 D DlbDap2Process: setParam(msce = #1[0])
01-17 09:24:08.069   627  3892 D DlbDap2Process: setParam(mdee = #1[0])
01-17 09:24:08.069   627  3892 D DlbDap2Process: setParam(miee = #1[0])
01-17 09:24:08.069   627  3892 D DlbDap2Process: setParam(mdle = #1[0])
01-17 09:24:08.069   627  3892 D DlbDap2Process: setParam(dvle = #1[0])
01-17 09:24:08.069   627  3892 D DlbDap2Process: setParam(mave = #1[0])
01-17 09:24:08.069   627  3892 D DlbDap2Process: setParam(ieon = #1[0])
01-17 09:24:08.069   627  3892 D DlbDapEndpointParamCache: doCommit() Committed 7 parameters out of 16.
01-17 09:24:08.069   627  3892 D DlbDapEndpointParamCache: commit() Overriding parameters for current device 0x00000002
01-17 09:24:08.069   627  3892 D DlbDap2Process: setParam(dom = #1[0])
01-17 09:24:08.069   627  3892 D DlbDap2Process: setParam(dvle = #1[0])
01-17 09:24:08.069   627  3892 D DlbDap2Process: setParam(dvme = #1[0])
01-17 09:24:08.069   627  3892 D DlbDap2Process: setParam(deon = #1[0])
01-17 09:24:08.069   627  3892 D DlbDap2Process: setParam(ngon = #1[0])
01-17 09:24:08.069   627  3892 D DlbDapEndpointParamCache: doCommit() Committed 5 parameters out of 37.
01-17 09:24:08.070   627  3892 D DlbDapCrossfadeProcess: setEnabled transitioning from FADE_TO_ACTIVE state to FADE_TO_BYPASS
01-17 09:24:08.071   627  3892 D DlbDapEndpointParamCache: commitChangedParams()
01-17 09:24:08.071   627  3892 D DlbDapEndpointParamCache: commit() Applying parameters for device 0x40000000
01-17 09:24:08.071   627  3892 D DlbDap2Process: setParam(iea = #1[10])
01-17 09:24:08.071   627  3892 D DlbDap2Process: setParam(vcbf = #20[47, 141, 234, 328, 469, 656, 844, 1031, 1313, 1688, 2250, 3000, 3750, 4688, 5813, 7125, 9000, 11250, 13875, 19688])
01-17 09:24:08.071   627  3892 D DlbDap2Process: setParam(vbon = #1[0])
01-17 09:24:08.071   627  3892 D DlbDap2Process: setParam(beon = #1[0])
01-17 09:24:08.071   627  3892 D DlbDap2Process: setParam(geon = #1[0])
01-17 09:24:08.071   627  3892 D DlbDap2Process: setParam(gebs = #41[20, 47, 141, 234, 328, 469, 656, 844, 1031, 1313, 1688, 2250, 3000, 3750, 4688, 5813, 7125, 9000, 11250, 13875, 19688, 0, 0, 0, 0, 0, 0, 0, 0, 0, 0, 0, 0, 0, 0, 0, 0, 0, 0, 0, 0])
01-17 09:24:08.072   627  3892 D DlbDap2Process: setParam(iebs = #41[20, 65, 136, 223, 332, 467, 634, 841, 1098, 1416, 1812, 2302, 2909, 3663, 4598, 5756, 7194, 8976, 11186, 13927, 17326, 117, 133, 188, 176, 141, 149, 175, 185, 185, 200, 236, 242, 228, 213, 182, 132, 110, 68, -27, -240])
01-17 09:24:08.072   627  3892 D DlbDapEndpointParamCache: doCommit() Committed 8 parameters out of 16.
01-17 09:24:08.072   627  3892 D DlbDapEndpointParamCache: commit() Overriding parameters for current device 0x00000002
01-17 09:24:08.072   627  3892 D DlbDap2Process: setParam(dea = #1[7])
01-17 09:24:08.072   627  3892 D DlbDap2Process: setParam(dsa = #1[10])
01-17 09:24:08.072   627  3892 D DlbDap2Process: setParam(beb = #1[192])
01-17 09:24:08.072   627  3892 D DlbDap2Process: setParam(plb = #1[0])
01-17 09:24:08.072   627  3892 D DlbDap2Process: setParam(vmb = #1[144])
01-17 09:24:08.072   627  3892 D DlbDap2Process: setParam(dsb = #1[0])
01-17 09:24:08.072   627  3892 D DlbDap2Process: setParam(ded = #1[0])
01-17 09:24:08.072   627  3892 D DlbDap2Process: setParam(vbm = #1[3])
01-17 09:24:08.072   627  3892 D DlbDap2Process: setParam(bew = #1[16])
01-17 09:24:08.072   627  3892 D DlbDap2Process: setParam(dvla = #1[4])
01-17 09:24:08.072   627  3892 D DlbDap2Process: setParam(arra = #1[96])
01-17 09:24:08.072   627  3892 D DlbDap2Process: setParam(dfsa = #1[10])
01-17 09:24:08.072   627  3892 D DlbDap2Process: setParam(dhsa = #1[10])
01-17 09:24:08.072   627  3892 D DlbDap2Process: setParam(dvmc = #1[0])
01-17 09:24:08.072   627  3892 D DlbDap2Process: setParam(arod = #1[0])
01-17 09:24:08.072   627  3892 D DlbDap2Process: setParam(arde = #1[1])
01-17 09:24:08.073   627  3892 D DlbDap2Process: setParam(becf = #1[200])
01-17 09:24:08.073   627  3892 D DlbDap2Process: setParam(vbmf = #2[94, 469])
01-17 09:24:08.073   627  3892 D DlbDap2Process: setParam(vbsf = #2[35, 160])
01-17 09:24:08.073   627  3892 D DlbDap2Process: setParam(vbhg = #3[-32, -144, -192])
01-17 09:24:08.073   627  3892 D DlbDap2Process: setParam(vbog = #1[0])
01-17 09:24:08.073   627  3892 D DlbDap2Process: setParam(vbsg = #1[0])
01-17 09:24:08.073   627  3892 D DlbDap2Process: setParam(dvli = #1[-320])
01-17 09:24:08.073   627  3892 D DlbDap2Process: setParam(dhfm = #1[2])
01-17 09:24:08.073   627  3892 D DlbDap2Process: setParam(vbon = #1[0])
01-17 09:24:08.073   627  3892 D DlbDap2Process: setParam(beon = #1[0])
01-17 09:24:08.073   627  3892 D DlbDap2Process: setParam(aoon = #1[1])
01-17 09:24:08.073   627  3892 D DlbDap2Process: setParam(aron = #1[1])
01-17 09:24:08.074   627  3892 D DlbDap2Process: setParam(dvlo = #1[-320])
01-17 09:24:08.074   627  3892 D DlbDap2Process: setParam(artp = #1[12])
01-17 09:24:08.074   627  3892 D DlbDap2Process: setParam(aobs = #222[20, 10, 47, 141, 234, 328, 469, 656, 844, 1031, 1313, 1688, 2250, 3000, 3750, 4688, 5813, 7125, 9000, 11250, 13875, 19688, 0, 0, 0, 0, 0, 0, 0, 0, 0, 0, 0, 0, 0, 0, 0, 0, 0, 0, 0, 0, 0, 0, 0, 0, 0, 0, 0, 0, 0, 0, 0, 0, 0, 0, 0, 0, 0, 0, 0, 0, 0, 0, 0, 0, 0, 0, 0, 0, 0, 0, 0, 0, 0, 0, 0, 0, 0, 0, 0, 0, 0, 0, 0, 0, 0, 0, 0, 0, 0, 0, 0, 0, 0, 0, 0, 0, 0, 0, 0, 0, 0, 0, 0, 0, 0, 0, 0, 0, 0, 0, 0, 0, 0, 0, 0, 0, 0, 0, 0, 0, 0, 0, 0, 0, 0, 0, 0, 0, 0, 0, 0, 0, 0, 0, 0, 0, 0, 0, 0, 0, 0, 0, 0, 0, 0, 0, 0, 0, 0, 0, 0, 0, 0, 0, 0, 0, 0, 0, 0, 0, 0, 0, 0, 0, 0, 0, 0, 0, 0, 0, 0, 0, 0, 0, 0, 0, 0, 0, 0, 0, 0, 0, 0, 0, 0, 0, 0, 0, 0, 0, 0, 0, 0, 0, 0, 0, 0, 0, 0, 0, 0, 0, 0, 0, 0, 0, 0, 0, 0, 0, 0, 0, 0, 0, 0, 0, 0, 0, 0, 0])
01-17 09:24:08.074   627  3892 D DlbDap2Process: setParam(arbs = #81[20, 47, 141, 234, 328, 469, 656, 844, 1031, 1313, 1688, 2250, 3000, 3750, 4688, 5813, 7125, 9000, 11250, 13875, 19688, -192, -192, -192, -192, -192, -192, -192, -192, -192, -192, -192, -192, -192, -192, -192, -192, -192, -192, -192, -192, 0, 0, 0, 0, 0, 0, 0, 0, 0, 0, 0, 0, 0, 0, 0, 0, 0, 0, 0, 0, 0, 0, 0, 0, 0, 0, 0, 0, 0, 0, 0, 0, 0, 0, 0, 0, 0, 0, 0, 0])
01-17 09:24:08.074   627  3892 D DlbDapEndpointParamCache: doCommit() Committed 32 parameters out of 37.
01-17 09:24:08.074   627  3892 D DlbDap2Process: setMave(mave = 0)
01-17 09:24:08.083   717 21044 I DDP_JOCDecoder: -> ~DDPDecoder
01-17 09:24:08.083   717 21044 I DDP_JOCDecoder: -> stop
01-17 09:24:08.083   645   645 I DMSService: unregisterClient type = 4, uid = e7f0fb80
01-17 09:24:08.112   645   645 D DatabaseHelper: failed to prepare SQL : INSERT INTO profiles VALUES(15
01-17 09:24:08.112   645   645 D DatabaseHelper: ,'custom','user2','user2','off','off')
01-17 09:24:08.113   645   645 D DatabaseHelper: failed to prepare SQL : INSERT INTO profile_endpoints VALUES(57
01-17 09:24:08.113   645   645 D DatabaseHelper: ,'custom','user2','speaker')
01-17 09:24:08.113   645   645 D DatabaseHelper: failed to prepare SQL : INSERT INTO profile_endpoints VALUES(57
01-17 09:24:08.113   645   645 D DatabaseHelper: ,'custom','user2','headphone')
01-17 09:24:08.113   645   645 D DatabaseHelper: failed to prepare SQL : INSERT INTO profile_endpoints VALUES(57
01-17 09:24:08.113   645   645 D DatabaseHelper: ,'custom','user2','passthrough')
01-17 09:24:08.113   645   645 D DatabaseHelper: failed to prepare SQL : INSERT INTO profile_endpoints VALUES(57
01-17 09:24:08.113   645   645 D DatabaseHelper: ,'custom','user2','other')
01-17 09:24:08.113   645   645 D DatabaseHelper: failed to prepare SQL : INSERT INTO profile_ports VALUES(85
01-17 09:24:08.113   645   645 D DatabaseHelper: ,'custom','user2','internal_speaker')
01-17 09:24:08.113   645   645 D DatabaseHelper: failed to prepare SQL : INSERT INTO profile_ports VALUES(85
01-17 09:24:08.113   645   645 D DatabaseHelper: ,'custom','user2','hdmi')
01-17 09:24:08.113   645   645 D DatabaseHelper: failed to prepare SQL : INSERT INTO profile_ports VALUES(85
01-17 09:24:08.113   645   645 D DatabaseHelper: ,'custom','user2','miracast')
01-17 09:24:08.113   645   645 D DatabaseHelper: failed to prepare SQL : INSERT INTO profile_ports VALUES(85
01-17 09:24:08.113   645   645 D DatabaseHelper: ,'custom','user2','headphone_port')
01-17 09:24:08.114   645   645 D DatabaseHelper: failed to prepare SQL : INSERT INTO profile_ports VALUES(85
01-17 09:24:08.114   645   645 D DatabaseHelper: ,'custom','user2','bluetooth')
01-17 09:24:08.114   645   645 D DatabaseHelper: failed to prepare SQL : INSERT INTO profile_ports VALUES(85
01-17 09:24:08.114   645   645 D DatabaseHelper: ,'custom','user2','usb')
01-17 09:24:08.114   645   645 D DatabaseHelper: failed to prepare SQL : INSERT INTO geq_presets VALUES(57
01-17 09:24:08.114   645   645 D DatabaseHelper: ,'custom','off','user2')
01-17 09:24:08.114   645   645 D DatabaseHelper: failed to prepare SQL : INSERT INTO geq_presets VALUES(57
01-17 09:24:08.114   645   645 D DatabaseHelper: ,'custom','open','user2')
01-17 09:24:08.114   645   645 D DatabaseHelper: failed to prepare SQL : INSERT INTO geq_presets VALUES(57
01-17 09:24:08.114   645   645 D DatabaseHelper: ,'custom','rich','user2')
01-17 09:24:08.114   645   645 D DatabaseHelper: failed to prepare SQL : INSERT INTO geq_presets VALUES(57
01-17 09:24:08.114   645   645 D DatabaseHelper: ,'custom','focused','user2')
01-17 09:24:08.126   717 21044 I DDP_JOCDecoder: <- stop
01-17 09:24:08.126   717 21044 I ARenderer: ~ARenderer
01-17 09:24:08.126   717 21044 I evo_parser: evo_parser_close
01-17 09:24:08.126   717 21044 I DlbDap2QmfProcess: ~Dap2Process()
01-17 09:24:08.126   717 21044 I DlbDap2QmfProcess: close()
01-17 09:24:08.126   717 21044 I DDP_JOCDecoder: <- ~DDPDecoder
01-17 09:24:08.131   710 31199 D NuPlayerDriver: notifyResetComplete(0xe6bcb7e0)
01-17 09:24:08.131   710  1422 D NuPlayerDriver: reset(0xe6bcb7e0) at state 0
01-17 09:24:08.132 31171 31171 V MediaPlayer: resetDrmState:  mDrmInfo=null mDrmProvisioningThread=null mPrepareDrmInProgress=false mActiveDrmScheme=false
01-17 09:24:08.133 31171 31171 V MediaPlayer: cleanDrmObj: mDrmObj=null mDrmSessionId=null
01-17 09:24:08.134 31171 31171 V MediaPlayer: resetDrmState:  mDrmInfo=null mDrmProvisioningThread=null mPrepareDrmInProgress=false mActiveDrmScheme=false
01-17 09:24:08.134 31171 31171 V MediaPlayer: cleanDrmObj: mDrmObj=null mDrmSessionId=null
01-17 09:24:08.139 31171 31171 D featureTest: mMediaPlayer.getAudioSessionId(): 5729
01-17 09:24:08.139 31171 31171 D featureTest: Playing file: /sdcard/featureTest/ChID_voices_71_640_ddp_joc.mp4
01-17 09:24:08.142   710   710 D NuPlayerDriver: NuPlayerDriver(0xe6bcbc40) created, clientPid(31171)
01-17 09:24:08.143 31223 31223 W generic : type=1400 audit(0.0:474): avc: denied { read } for path="/storage/emulated/0/featuretest/ChID_voices_71_640_ddp_joc.mp4" dev="sdcardfs" ino=1310766 scontext=u:r:mediaextractor:s0 tcontext=u:object_r:sdcardfs:s0 tclass=file permissive=0
01-17 09:24:08.145 31171 31171 W MediaPlayer: Use of stream types is deprecated for operations other than volume control
01-17 09:24:08.145 31171 31171 W MediaPlayer: See the documentation of setAudioStreamType() for what to use instead with android.media.AudioAttributes to qualify your playback use case
01-17 09:24:08.147   710 31223 D GenericSource: FileSource remote
01-17 09:24:08.149   710 31223 W GenericSource: extractor service cannot make data source
01-17 09:24:08.149   710 31223 D GenericSource: FileSource local
01-17 09:24:08.153   627  3892 I DlbEffectContext: setContentProcEnabled() Enabling content processing in global effect
01-17 09:24:08.154   627  3892 D DlbDapEndpointParamCache: commitChangedParams()
01-17 09:24:08.154   627  3892 D DlbDapEndpointParamCache: commit() Applying parameters for device 0x40000000
01-17 09:24:08.154   627  3892 D DlbDap2Process: setParam(iea = #1[10])
01-17 09:24:08.154   627  3892 D DlbDap2Process: setParam(msce = #1[0])
01-17 09:24:08.154   627  3892 D DlbDap2Process: setParam(mdee = #1[0])
01-17 09:24:08.154   627  3892 D DlbDap2Process: setParam(miee = #1[0])
01-17 09:24:08.154   627  3892 D DlbDap2Process: setParam(mdle = #1[0])
01-17 09:24:08.154   627  3892 D DlbDap2Process: setParam(dvle = #1[1])
01-17 09:24:08.154   627  3892 D DlbDap2Process: setParam(mave = #1[0])
01-17 09:24:08.154   627  3892 D DlbDap2Process: setParam(vcbf = #20[47, 141, 234, 328, 469, 656, 844, 1031, 1313, 1688, 2250, 3000, 3750, 4688, 5813, 7125, 9000, 11250, 13875, 19688])
01-17 09:24:08.154   627  3892 D DlbDap2Process: setParam(vbon = #1[0])
01-17 09:24:08.154   627  3892 D DlbDap2Process: setParam(beon = #1[0])
01-17 09:24:08.154   627  3892 D DlbDap2Process: setParam(geon = #1[0])
01-17 09:24:08.154   627  3892 D DlbDap2Process: setParam(ieon = #1[1])
01-17 09:24:08.154   627  3892 D DlbDap2Process: setParam(gebs = #41[20, 47, 141, 234, 328, 469, 656, 844, 1031, 1313, 1688, 2250, 3000, 3750, 4688, 5813, 7125, 9000, 11250, 13875, 19688, 0, 0, 0, 0, 0, 0, 0, 0, 0, 0, 0, 0, 0, 0, 0, 0, 0, 0, 0, 0])
01-17 09:24:08.154   627  3892 D DlbDap2Process: setParam(iebs = #41[20, 65, 136, 223, 332, 467, 634, 841, 1098, 1416, 1812, 2302, 2909, 3663, 4598, 5756, 7194, 8976, 11186, 13927, 17326, 117, 133, 188, 176, 141, 149, 175, 185, 185, 200, 236, 242, 228, 213, 182, 132, 110, 68, -27, -240])
01-17 09:24:08.154   627  3892 D DlbDapEndpointParamCache: doCommit() Committed 15 parameters out of 16.
01-17 09:24:08.154   627  3892 D DlbDapEndpointParamCache: commit() Overriding parameters for current device 0x00000002
01-17 09:24:08.154   627  3892 D DlbDap2Process: setParam(dea = #1[7])
01-17 09:24:08.154   627  3892 D DlbDap2Process: setParam(dsa = #1[10])
01-17 09:24:08.154   627  3892 D DlbDap2Process: setParam(beb = #1[192])
01-17 09:24:08.154   627  3892 D DlbDap2Process: setParam(plb = #1[0])
01-17 09:24:08.154   627  3892 D DlbDap2Process: setParam(vmb = #1[144])
01-17 09:24:08.154   627  3892 D DlbDap2Process: setParam(dsb = #1[0])
01-17 09:24:08.154   627  3892 D DlbDap2Process: setParam(ded = #1[0])
01-17 09:24:08.154   627  3892 D DlbDap2Process: setParam(vbm = #1[3])
01-17 09:24:08.154   627  3892 D DlbDap2Process: setParam(dom = #1[0])
01-17 09:24:08.154   627  3892 D DlbDap2Process: setParam(bew = #1[16])
01-17 09:24:08.154   627  3892 D DlbDap2Process: setParam(dvla = #1[4])
01-17 09:24:08.154   627  3892 D DlbDap2Process: setParam(arra = #1[96])
01-17 09:24:08.154   627  3892 D DlbDap2Process: setParam(dfsa = #1[10])
01-17 09:24:08.154   627  3892 D DlbDap2Process: setParam(dhsa = #1[10])
01-17 09:24:08.154   627  3892 D DlbDap2Process: setParam(dvmc = #1[0])
01-17 09:24:08.154   627  3892 D DlbDap2Process: setParam(arod = #1[0])
01-17 09:24:08.154   627  3892 D DlbDap2Process: setParam(arde = #1[1])
01-17 09:24:08.154   627  3892 D DlbDap2Process: setParam(dvle = #1[1])
01-17 09:24:08.154   627  3892 D DlbDap2Process: setParam(dvme = #1[0])
01-17 09:24:08.155   627  3892 D DlbDap2Process: setParam(becf = #1[200])
01-17 09:24:08.155   627  3892 D DlbDap2Process: setParam(vbmf = #2[94, 469])
01-17 09:24:08.155   627  3892 D DlbDap2Process: setParam(vbsf = #2[35, 160])
01-17 09:24:08.155   627  3892 D DlbDap2Process: setParam(vbhg = #3[-32, -144, -192])
01-17 09:24:08.155   627  3892 D DlbDap2Process: setParam(vbog = #1[0])
01-17 09:24:08.155   627  3892 D DlbDap2Process: setParam(vbsg = #1[0])
01-17 09:24:08.155   627  3892 D DlbDap2Process: setParam(dvli = #1[-320])
01-17 09:24:08.155   627  3892 D DlbDap2Process: setParam(dhfm = #1[2])
01-17 09:24:08.155   627  3892 D DlbDap2Process: setParam(vbon = #1[0])
01-17 09:24:08.155   627  3892 D DlbDap2Process: setParam(beon = #1[0])
01-17 09:24:08.155   627  3892 D DlbDap2Process: setParam(deon = #1[0])
01-17 09:24:08.155   627  3892 D DlbDap2Process: setParam(ngon = #1[1])
01-17 09:24:08.155   627  3892 D DlbDap2Process: setParam(aoon = #1[1])
01-17 09:24:08.155   627  3892 D DlbDap2Process: setParam(aron = #1[1])
01-17 09:24:08.155   627  3892 D DlbDap2Process: setParam(dvlo = #1[-320])
01-17 09:24:08.155   627  3892 D DlbDap2Process: setParam(artp = #1[12])
01-17 09:24:08.155   627  3892 D DlbDap2Process: setParam(aobs = #222[20, 10, 47, 141, 234, 328, 469, 656, 844, 1031, 1313, 1688, 2250, 3000, 3750, 4688, 5813, 7125, 9000, 11250, 13875, 19688, 0, 0, 0, 0, 0, 0, 0, 0, 0, 0, 0, 0, 0, 0, 0, 0, 0, 0, 0, 0, 0, 0, 0, 0, 0, 0, 0, 0, 0, 0, 0, 0, 0, 0, 0, 0, 0, 0, 0, 0, 0, 0, 0, 0, 0, 0, 0, 0, 0, 0, 0, 0, 0, 0, 0, 0, 0, 0, 0, 0, 0, 0, 0, 0, 0, 0, 0, 0, 0, 0, 0, 0, 0, 0, 0, 0, 0, 0, 0, 0, 0, 0, 0, 0, 0, 0, 0, 0, 0, 0, 0, 0, 0, 0, 0, 0, 0, 0, 0, 0, 0, 0, 0, 0, 0, 0, 0, 0, 0, 0, 0, 0, 0, 0, 0, 0, 0, 0, 0, 0, 0, 0, 0, 0, 0, 0, 0, 0, 0, 0, 0, 0, 0, 0, 0, 0, 0, 0, 0, 0, 0, 0, 0, 0, 0, 0, 0, 0, 0, 0, 0, 0, 0, 0, 0, 0, 0, 0, 0, 0, 0, 0, 0, 0, 0, 0, 0, 0, 0, 0, 0, 0, 0, 0, 0, 0, 0, 0, 0, 0, 0, 0, 0, 0, 0, 0, 0, 0, 0, 0, 0, 0, 0, 0, 0, 0, 0, 0, 0, 0])
01-17 09:24:08.155   627  3892 D DlbDap2Process: setParam(arbs = #81[20, 47, 141, 234, 328, 469, 656, 844, 1031, 1313, 1688, 2250, 3000, 3750, 4688, 5813, 7125, 9000, 11250, 13875, 19688, -192, -192, -192, -192, -192, -192, -192, -192, -192, -192, -192, -192, -192, -192, -192, -192, -192, -192, -192, -192, 0, 0, 0, 0, 0, 0, 0, 0, 0, 0, 0, 0, 0, 0, 0, 0, 0, 0, 0, 0, 0, 0, 0, 0, 0, 0, 0, 0, 0, 0, 0, 0, 0, 0, 0, 0, 0, 0, 0, 0])
01-17 09:24:08.155   627  3892 D DlbDapEndpointParamCache: doCommit() Committed 37 parameters out of 37.
01-17 09:24:08.155   627  3892 D DlbDap2Process: setMave(mave = 0)
01-17 09:24:08.157   627  3892 D DlbDapCrossfadeProcess: process transitioning from FADE_TO_BYPASS state to DAP_BYPASSED
01-17 09:24:08.161   700  1393 I SampleTable: There are reordered frames present.
01-17 09:24:08.164   710 31222 D NuPlayerDriver: notifyListener_l(0xe6bcbc40), (5, 1920, 1080, -1), loop setting(0, 0)
01-17 09:24:08.164   700  1393 D MediaBufferGroup: creating MemoryDealer
01-17 09:24:08.165   710 31222 D NuPlayerDriver: notifyListener_l(0xe6bcbc40), (1, 0, 0, -1), loop setting(0, 0)
01-17 09:24:08.169   710  1422 D NuPlayerDriver: start(0xe6bcbc40), state is 4, eos is 0
01-17 09:24:08.169   710 31222 I GenericSource: start
