03-13 05:55:22.713   702  3178 D NuPlayerDriver: NuPlayerDriver(0xe59c4150) created, clientPid(3464)
03-13 05:55:22.717   702  3801 D NuPlayer: onSetVideoSurface(0xe59a3800, no video decoder)
03-13 05:55:22.735   702  3801 D NuPlayerDriver: notifyListener_l(0xe59c4150), (1, 0, 0, -1), loop setting(0, 0)
03-13 05:55:22.743   702  3178 D NuPlayerDriver: start(0xe59c4150), state is 4, eos is 0
03-13 05:55:22.757   706  1577 I OMXMaster: makeComponentInstance(OMX.dolby.ac3.decoder) in omx@1.0-service process
03-13 05:55:22.758   706  1577 I DDP_JOCDecoder: -> init name OMX.dolby.ac3.decoder
03-13 05:55:22.758   706  1577 I DDP_JOCDecoder: <- init
03-13 05:55:22.758   706  1577 D DDP_JOCDecoder: initPorts
03-13 05:55:22.762   702  3806 I ACodec  : codec does not support config priority (err -2147483648)
03-13 05:55:22.763   702  3806 I MediaCodec: MediaCodec will operate in async mode
03-13 05:55:22.769   706  3807 I DDP_JOCDecoder: -> start
03-13 05:55:22.771   658   658 I DMSService: registerClient type = 4, uid = e9e17b80
03-13 05:55:22.772   706  3807 D DDP_JOCDecoder: start() Instantiating ARenderer for content processing in decoder
03-13 05:55:22.780   706  3807 I DlbDap2QmfProcess: Dap2Process()
03-13 05:55:22.780   706  3807 I ARenderer: ARenderer
03-13 05:55:22.780   706  3807 I DlbDap2QmfProcess: init()
03-13 05:55:22.780   706  3807 I DlbDap2QmfProcess: open()
03-13 05:55:22.781   706  3807 I DlbDap2QmfProcess: loadLicense() no license check!
03-13 05:55:22.781   706  3807 I DlbDap2QmfProcess: validateLicense() no license check!
03-13 05:55:22.781   706  3807 I DlbDap2QmfProcess: init() DAP opened
03-13 05:55:22.781   706  3807 I DlbDap2QmfProcess: DAP library version: 2.7.0.2
03-13 05:55:22.781   706  3807 D DlbDap2QmfProcess: DAP output mode set to 1 with 2 output channels and null mix matrix.
03-13 05:55:22.781   706  3807 D DDP_JOCDecoder: Setting Max Output Channels to 2
03-13 05:55:22.782   706  3807 D DDP_JOCDecoder: setMultiChannelPCMOutDownmix mConfig->jocForceDownmixMode 1
03-13 05:55:22.782   706  3807 I udc_user: 
03-13 05:55:22.782   706  3807 I udc_user: *** DDPlus Unified Decoder Simulation  Version 1.11.2 ***
03-13 05:55:22.782   706  3807 I udc_user: 
03-13 05:55:22.782   706  3807 I udc_user: 7.1-channel decoder-converter, 
03-13 05:55:22.782   706  3807 I udc_user: 
03-13 05:55:22.782   706  3807 I udc_user: 5.1-channel dual-decoder-converter, 
03-13 05:55:22.782   706  3807 I udc_user: Karaoke unsupported, 
03-13 05:55:22.782   706  3807 I udc_user: TPNP supported. 
03-13 05:55:22.782   706  3807 I udc_user: 
03-13 05:55:22.782   706  3807 I udc_user: Unpublished work.  Copyright 2003-2017 Dolby Laboratories, Inc. and
03-13 05:55:22.782   706  3807 I udc_user: Dolby Laboratories Licensing Corporation.  All Rights Reserved.
03-13 05:55:22.782   706  3807 I udc_user: 
03-13 05:55:22.782   706  3807 I udc_user: USE OF THIS SOFTWARE IS SUBJECT TO A LEGAL AGREEMENT BETWEEN YOU AND DOLBY
03-13 05:55:22.782   706  3807 I udc_user: LABORATORIES. DO NOT USE THIS SOFTWARE UNLESS YOU AGREE TO THE TERMS AND 
03-13 05:55:22.782   706  3807 I udc_user: CONDITIONS IN THE AGREEMENT.  BY USING THIS SOFTWARE, YOU ACKNOWLEDGE THAT 
03-13 05:55:22.782   706  3807 I udc_user: YOU HAVE READ THE AGREEMENT AND THAT YOU AGREE TO BE BOUND BY ITS TERMS. 
03-13 05:55:22.782   706  3807 I udc_user: 
03-13 05:55:22.783   706  3807 I ddpdec_client_joc: ddpdec_open JOCD_MODE Buffer assignment
03-13 05:55:22.783   706  3807 D DDP_JOCDecoder: mStarted = 1
03-13 05:55:22.783   706  3807 I DDP_JOCDecoder: <- start
03-13 05:55:22.784   706  3807 D ddpdec_client_joc: ddpdec_client.c|int configDecoder()
03-13 05:55:22.786   706  3807 D DDP_JOCDecoder: Setting Max Output Channels to 2
03-13 05:55:22.788   706  3807 D DlbDap2QmfProcess: DAP input format is 0x22
03-13 05:55:22.788   706  3807 D DlbDap2QmfProcess: setMave(mave = 0)
03-13 05:55:22.788   706  3807 D ARenderer: updateDapConfig: Updating DAP configuration
03-13 05:55:22.788   706  3807 D DlbDap2QmfProcess: setParam(iea = #1[6])
03-13 05:55:22.788   706  3807 D DlbDap2QmfProcess: setParam(msce = #1[0])
03-13 05:55:22.788   706  3807 D DlbDap2QmfProcess: setParam(mdee = #1[0])
03-13 05:55:22.788   706  3807 D DlbDap2QmfProcess: setParam(miee = #1[0])
03-13 05:55:22.788   706  3807 D DlbDap2QmfProcess: setParam(mdle = #1[0])
03-13 05:55:22.788   706  3807 D DlbDap2QmfProcess: setParam(dvme = #1[0])
03-13 05:55:22.788   706  3807 D DlbDap2QmfProcess: setMave(mave = 0)
03-13 05:55:22.788   706  3807 D DlbDap2QmfProcess: setParam(mave = #1[0])
03-13 05:55:22.788   706  3807 D DlbDap2QmfProcess: setParam(vcbf = #20[47, 141, 234, 328, 469, 656, 844, 1031, 1313, 1688, 2250, 3000, 3750, 4688, 5813, 7125, 9000, 11250, 13875, 19688])
03-13 05:55:22.788   706  3807 D DlbDap2QmfProcess: setParam(ieon = #1[0])
03-13 05:55:22.788   706  3807 D DlbDap2QmfProcess: setParam(gebs = #41[20, 47, 141, 234, 328, 469, 656, 844, 1031, 1313, 1688, 2250, 3000, 3750, 4688, 5813, 7125, 9000, 11250, 13875, 19688, 0, 0, 0, 0, 0, 0, 0, 0, 0, 0, 0, 0, 0, 0, 0, 0, 0, 0, 0, 0])
03-13 05:55:22.789   706  3807 D DlbDap2QmfProcess: setParam(iebs = #41[20, 47, 141, 234, 328, 469, 656, 844, 1031, 1313, 1688, 2250, 3000, 3750, 4688, 5813, 7125, 9000, 11250, 13875, 19688, 157, 167, 218, 218, 203, 188, 192, 192, 205, 213, 218, 209, 193, 159, 134, 97, 71, 22, -90, -283])
03-13 05:55:22.789   706  3807 D DlbDap2QmfProcess: setParam(dea = #1[4])
03-13 05:55:22.789   706  3807 D DlbDap2QmfProcess: setParam(dsa = #1[10])
03-13 05:55:22.789   706  3807 D DlbDap2QmfProcess: setParam(beb = #1[192])
03-13 05:55:22.789   706  3807 D DlbDap2QmfProcess: setParam(plb = #1[0])
03-13 05:55:22.789   706  3807 D DlbDap2QmfProcess: setParam(vmb = #1[96])
03-13 05:55:22.789   706  3807 D DlbDap2QmfProcess: setParam(dsb = #1[48])
03-13 05:55:22.789   706  3807 D DlbDap2QmfProcess: setParam(ded = #1[2])
03-13 05:55:22.789   706  3807 D DlbDap2QmfProcess: setParam(dom = #19[0, 0, 1, 16384, 0, 0, 16384, 11583, 11583, 8192, 8192, 16384, 0, 0, 16384, 16384, 0, 0, 16384])
03-13 05:55:22.789   706  3807 D DlbDap2QmfProcess: setParam(bew = #1[16])
03-13 05:55:22.789   706  3807 D DlbDap2QmfProcess: setParam(dvla = #1[0])
03-13 05:55:22.789   706  3807 D DlbDap2QmfProcess: setParam(dfsa = #1[10])
03-13 05:55:22.789   706  3807 D DlbDap2QmfProcess: setParam(dhsa = #1[10])
03-13 05:55:22.789   706  3807 D DlbDap2QmfProcess: setParam(dvmc = #1[0])
03-13 05:55:22.789   706  3807 D DlbDap2QmfProcess: setParam(dvle = #1[1])
03-13 05:55:22.789   706  3807 D DlbDap2QmfProcess: setParam(becf = #1[200])
03-13 05:55:22.789   706  3807 D DlbDap2QmfProcess: setParam(vbmf = #2[94, 469])
03-13 05:55:22.789   706  3807 D DlbDap2QmfProcess: setParam(vbsf = #2[35, 160])
03-13 05:55:22.789   706  3807 D DlbDap2QmfProcess: setParam(vbhg = #3[-32, -144, -192])
03-13 05:55:22.789   706  3807 D DlbDap2QmfProcess: setParam(vbog = #1[0])
03-13 05:55:22.790   706  3807 D DlbDap2QmfProcess: setParam(vbsg = #1[0])
03-13 05:55:22.790   706  3807 D DlbDap2QmfProcess: setParam(dvli = #1[-320])
03-13 05:55:22.790   706  3807 D DlbDap2QmfProcess: setParam(dhfm = #1[1])
03-13 05:55:22.790   706  3807 D DlbDap2QmfProcess: setParam(deon = #1[0])
03-13 05:55:22.790   706  3807 D DlbDap2QmfProcess: setParam(ngon = #1[1])
03-13 05:55:22.790   706  3807 D DlbDap2QmfProcess: setParam(dvlo = #1[-320])
03-13 05:55:22.790   706  3807 D DlbDap2QmfProcess: setParam(dvle = #1[1])
03-13 05:55:22.790   706  3807 D DlbDap2QmfProcess: setParam(dvli = #1[-496])
03-13 05:55:22.790   706  3807 D DlbDap2QmfProcess: setParam(dvlo = #1[-176])
03-13 05:55:22.790   706  3807 D ARenderer: updateDapVolumeLeveler: Setting output level to -11.00dB
03-13 05:55:22.790   706  3807 D DlbDap2QmfProcess: setParam(vmb = #1[0])
03-13 05:55:22.790   706  3807 D DlbDap2QmfProcess: setParam(preg = #1[-384])
03-13 05:55:22.790   706  3807 D DlbDap2QmfProcess: setParam(vol = #1[384])
03-13 05:55:22.790   706  3807 D DlbDap2QmfProcess: processQmf() called [0] times
03-13 05:55:22.805   702  3804 D AudioTrack: Client defaulted notificationFrames to 12000 for frameCount 24000
03-13 05:55:22.813   702  3801 D NuPlayerDriver: notifyListener_l(0xe59c4150), (6, 0, 0, -1), loop setting(0, 0)
03-13 05:55:22.818   640  3151 I DlbEffectContext: setContentProcEnabled() Disabling content processing in effect
03-13 05:55:22.818   640  3151 D DlbDapEndpointParamCache: commitChangedParams()
03-13 05:55:22.818   640  3151 D DlbDapEndpointParamCache: commit() Applying parameters for device 0x40000000
03-13 05:55:22.818   640  3151 D DlbDap2Process: setParam(msce = #1[0])
03-13 05:55:22.818   640  3151 D DlbDap2Process: setParam(mdee = #1[0])
03-13 05:55:22.818   640  3151 D DlbDap2Process: setParam(miee = #1[0])
03-13 05:55:22.818   640  3151 D DlbDap2Process: setParam(mdle = #1[0])
03-13 05:55:22.818   640  3151 D DlbDap2Process: setParam(dvme = #1[0])
03-13 05:55:22.818   640  3151 D DlbDap2Process: setMave(mave = 0)
03-13 05:55:22.818   640  3151 D DlbDap2Process: setParam(mave = #1[0])
03-13 05:55:22.818   640  3151 D DlbDap2Process: setParam(ieon = #1[0])
03-13 05:55:22.818   640  3151 D DlbDapEndpointParamCache: doCommit() Committed 7 parameters out of 13.
03-13 05:55:22.819   640  3151 D DlbDapEndpointParamCache: commit() Overriding parameters for current device 0x00000002
03-13 05:55:22.819   640  3151 D DlbDap2Process: setParam(dom = #19[0, 0, 1, 16384, 0, 0, 16384, 11583, 11583, 8192, 8192, 16384, 0, 0, 16384, 16384, 0, 0, 16384])
03-13 05:55:22.819   640  3151 D DlbDap2Process: setParam(dvle = #1[0])
03-13 05:55:22.819   640  3151 D DlbDap2Process: setParam(deon = #1[0])
03-13 05:55:22.819   640  3151 D DlbDap2Process: setParam(ngon = #1[0])
03-13 05:55:22.819   640  3151 D DlbDapEndpointParamCache: doCommit() Committed 4 parameters out of 39.
03-13 05:55:22.820   640  3151 D DlbDapEndpointParamCache: commitChangedParams()
03-13 05:55:22.821   640  3151 D DlbDapEndpointParamCache: commit() Applying parameters for device 0x40000000
03-13 05:55:22.821   640  3151 D DlbDap2Process: setParam(iea = #1[6])
03-13 05:55:22.821   640  3151 D DlbDap2Process: setParam(vcbf = #20[47, 141, 234, 328, 469, 656, 844, 1031, 1313, 1688, 2250, 3000, 3750, 4688, 5813, 7125, 9000, 11250, 13875, 19688])
03-13 05:55:22.821   640  3151 D DlbDap2Process: setParam(gebs = #41[20, 47, 141, 234, 328, 469, 656, 844, 1031, 1313, 1688, 2250, 3000, 3750, 4688, 5813, 7125, 9000, 11250, 13875, 19688, 0, 0, 0, 0, 0, 0, 0, 0, 0, 0, 0, 0, 0, 0, 0, 0, 0, 0, 0, 0])
03-13 05:55:22.821   640  3151 D DlbDap2Process: setParam(iebs = #41[20, 47, 141, 234, 328, 469, 656, 844, 1031, 1313, 1688, 2250, 3000, 3750, 4688, 5813, 7125, 9000, 11250, 13875, 19688, 157, 167, 218, 218, 203, 188, 192, 192, 205, 213, 218, 209, 193, 159, 134, 97, 71, 22, -90, -283])
03-13 05:55:22.821   640  3151 D DlbDapEndpointParamCache: doCommit() Committed 5 parameters out of 13.
03-13 05:55:22.821   640  3151 D DlbDapEndpointParamCache: commit() Overriding parameters for current device 0x00000002
03-13 05:55:22.821   640  3151 D DlbDap2Process: setParam(dea = #1[4])
03-13 05:55:22.821   640  3151 D DlbDap2Process: setParam(dsa = #1[10])
03-13 05:55:22.821   640  3151 D DlbDap2Process: setParam(beb = #1[192])
03-13 05:55:22.821   640  3151 D DlbDap2Process: setParam(plb = #1[0])
03-13 05:55:22.821   640  3151 D DlbDap2Process: setParam(vmb = #1[96])
03-13 05:55:22.821   640  3151 D DlbDap2Process: setParam(dsb = #1[48])
03-13 05:55:22.822   640  3151 D DlbDap2Process: setParam(ded = #1[2])
03-13 05:55:22.822   640  3151 D DlbDap2Process: setParam(vbm = #1[3])
03-13 05:55:22.822   640  3151 D DlbDap2Process: setParam(bew = #1[16])
03-13 05:55:22.822   640  3151 D DlbDap2Process: setParam(dvla = #1[0])
03-13 05:55:22.822   640  3151 D DlbDap2Process: setParam(arra = #1[96])
03-13 05:55:22.822   640  3151 D DlbDap2Process: setParam(dfsa = #1[10])
03-13 05:55:22.822   640  3151 D DlbDap2Process: setParam(dhsa = #1[10])
03-13 05:55:22.822   640  3151 D DlbDap2Process: setParam(dvmc = #1[0])
03-13 05:55:22.822   640  3151 D DlbDap2Process: setParam(arod = #1[0])
03-13 05:55:22.822   640  3151 D DlbDap2Process: setParam(arde = #1[1])
03-13 05:55:22.822   640  3151 D DlbDap2Process: setParam(becf = #1[200])
03-13 05:55:22.822   640  3151 D DlbDap2Process: setParam(vbmf = #2[94, 469])
03-13 05:55:22.822   640  3151 D DlbDap2Process: setParam(vbsf = #2[35, 160])
03-13 05:55:22.822   640  3151 D DlbDap2Process: setParam(vbhg = #3[-32, -144, -192])
03-13 05:55:22.822   640  3151 D DlbDap2Process: setParam(vbog = #1[0])
03-13 05:55:22.822   640  3151 D DlbDap2Process: setParam(vbsg = #1[0])
03-13 05:55:22.822   640  3151 D DlbDap2Process: setParam(dvli = #1[-320])
03-13 05:55:22.822   640  3151 D DlbDap2Process: setParam(dhfm = #1[1])
03-13 05:55:22.822   640  3151 D DlbDap2Process: setParam(vbon = #1[0])
03-13 05:55:22.822   640  3151 D DlbDap2Process: setParam(beon = #1[0])
03-13 05:55:22.822   640  3151 D DlbDap2Process: setParam(ceon = #1[0])
03-13 05:55:22.822   640  3151 D DlbDap2Process: setParam(geon = #1[1])
03-13 05:55:22.822   640  3151 D DlbDap2Process: setParam(aoon = #1[1])
03-13 05:55:22.823   640  3151 D DlbDap2Process: setParam(aron = #1[1])
03-13 05:55:22.823   640  3151 D DlbDap2Process: setParam(dvlo = #1[-320])
03-13 05:55:22.823   640  3151 D DlbDap2Process: setParam(artp = #1[12])
03-13 05:55:22.823   640  3151 D DlbDap2Process: setParam(aobs = #222[20, 10, 47, 141, 234, 328, 469, 656, 844, 1031, 1313, 1688, 2250, 3000, 3750, 4688, 5813, 7125, 9000, 11250, 13875, 19688, 0, 0, 0, 0, 0, 0, 0, 0, 0, 0, 0, 0, 0, 0, 0, 0, 0, 0, 0, 0, 0, 0, 0, 0, 0, 0, 0, 0, 0, 0, 0, 0, 0, 0, 0, 0, 0, 0, 0, 0, 0, 0, 0, 0, 0, 0, 0, 0, 0, 0, 0, 0, 0, 0, 0, 0, 0, 0, 0, 0, 0, 0, 0, 0, 0, 0, 0, 0, 0, 0, 0, 0, 0, 0, 0, 0, 0, 0, 0, 0, 0, 0, 0, 0, 0, 0, 0, 0, 0, 0, 0, 0, 0, 0, 0, 0, 0, 0, 0, 0, 0, 0, 0, 0, 0, 0, 0, 0, 0, 0, 0, 0, 0, 0, 0, 0, 0, 0, 0, 0, 0, 0, 0, 0, 0, 0, 0, 0, 0, 0, 0, 0, 0, 0, 0, 0, 0, 0, 0, 0, 0, 0, 0, 0, 0, 0, 0, 0, 0, 0, 0, 0, 0, 0, 0, 0, 0, 0, 0, 0, 0, 0, 0, 0, 0, 0, 0, 0, 0, 0, 0, 0, 0, 0, 0, 0, 0, 0, 0, 0, 0, 0, 0, 0, 0, 0, 0, 0, 0, 0, 0, 0, 0, 0, 0, 0, 0, 0, 0, 0])
03-13 05:55:22.823   640  3151 D DlbDap2Process: setParam(arbs = #81[20, 47, 141, 234, 328, 469, 656, 844, 1031, 1313, 1688, 2250, 3000, 3750, 4688, 5813, 7125, 9000, 11250, 13875, 19688, -192, -192, -192, -192, -192, -192, -192, -192, -192, -192, -192, -192, -192, -192, -192, -192, -192, -192, -192, -192, 0, 0, 0, 0, 0, 0, 0, 0, 0, 0, 0, 0, 0, 0, 0, 0, 0, 0, 0, 0, 0, 0, 0, 0, 0, 0, 0, 0, 0, 0, 0, 0, 0, 0, 0, 0, 0, 0, 0, 0])
03-13 05:55:22.824   640  3151 D DlbDap2Process: setParam(ceqt = #312[2, 155, 0, 32767, 0, 32767, 0, 32767, 0, 32767, 0, 32767, 0, 32767, 0, 32767, 0, 32767, 0, 32767, 0, 32767, 0, 32767, 0, 32767, 0, 32767, 0, 32767, 0, 32767, 0, 32767, 0, 32767, 0, 32767, 0, 32767, 0, 32767, 0, 32767, 0, 32767, 0, 32767, 0, 32767, 0, 32767, 0, 32767, 0, 32767, 0, 32767, 0, 32767, 0, 32767, 0, 32767, 0, 32767, 0, 32767, 0, 32767, 0, 32767, 0, 32767, 0, 32767, 0, 32767, 0, 32767, 0, 32767, 0, 32767, 0, 32767, 0, 32767, 0, 32767, 0, 32767, 0, 32767, 0, 32767, 0, 32767, 0, 32767, 0, 32767, 0, 32767, 0, 32767, 0, 32767, 0, 32767, 0, 32767, 0, 32767, 0, 32767, 0, 32767, 0, 32767, 0, 32767, 0, 32767, 0, 32767, 0, 32767, 0, 32767, 0, 32767, 0, 32767, 0, 32767, 0, 32767, 0, 32767, 0, 32767, 0, 32767, 0, 32767, 0, 32767, 0, 32767, 0, 32767, 0, 32767, 0, 32767, 0, 0, 32767, 0, 32767, 0, 32767, 0, 32767, 0, 32767, 0, 32767, 0, 32767, 0, 32767, 0, 32767, 0, 32767, 0, 32767, 0, 32767, 0, 32767, 0, 32767, 0, 32767, 0, 32767, 0, 32767, 0, 32767, 0, 32767, 0, 32767, 0, 32767, 0, 32767, 0
03-13 05:55:22.824   640  3151 D DlbDapEndpointParamCache: doCommit() Committed 35 parameters out of 39.
03-13 05:55:22.825   640  3151 D DlbDapCrossfadeProcess: process transitioning from FADE_TO_ACTIVE state to DAP_ACTIVE
03-13 05:55:23.617   640  3151 D DlbDap2Process: process() called [15500] times
03-13 05:55:26.280   640  3151 D DlbDap2Process: process() called [16000] times
03-13 05:55:27.229   702  3805 I NuPlayerDecoder: [audio] saw output EOS
03-13 05:55:27.230   702  3804 D AudioTrack: stop() called with 230400 frames delivered
03-13 05:55:27.709   702  3801 D NuPlayerDriver: notifyListener_l(0xe59c4150), (2, 0, 0, -1), loop setting(0, 0)
03-13 05:55:27.714   702  3178 D NuPlayerDriver: stop(0xe59c4150)
03-13 05:55:27.714   702  3178 D NuPlayerDriver: notifyListener_l(0xe59c4150), (8, 0, 0, -1), loop setting(0, 0)
03-13 05:55:27.724   702  3178 D NuPlayerDriver: reset(0xe59c4150) at state 8
03-13 05:55:27.761   706   864 I DDP_JOCDecoder: -> ~DDPDecoder
03-13 05:55:27.761   706   864 I DDP_JOCDecoder: -> stop
03-13 05:55:27.763   706   864 I ARenderer: ~ARenderer
03-13 05:55:27.764   706   864 I DlbDap2QmfProcess: ~Dap2Process()
03-13 05:55:27.764   706   864 I DlbDap2QmfProcess: close()
03-13 05:55:27.765   658   658 I DMSService: unregisterClient type = 4, uid = e9e17b80
03-13 05:55:27.800   706   864 I DDP_JOCDecoder: <- stop
03-13 05:55:27.800   706   864 I DDP_JOCDecoder: <- ~DDPDecoder
03-13 05:55:27.816   702  3801 D NuPlayerDriver: notifyResetComplete(0xe59c4150)
03-13 05:55:27.816   640  3151 I DlbEffectContext: setContentProcEnabled() Enabling content processing in global effect
03-13 05:55:27.817   640  3151 D DlbDapEndpointParamCache: commitChangedParams()
03-13 05:55:27.817   640  3151 D DlbDapEndpointParamCache: commit() Applying parameters for device 0x40000000
03-13 05:55:27.818   640  3151 D DlbDap2Process: setParam(iea = #1[6])
03-13 05:55:27.818   640  3151 D DlbDap2Process: setParam(msce = #1[0])
03-13 05:55:27.818   640  3151 D DlbDap2Process: setParam(mdee = #1[0])
03-13 05:55:27.818   640  3151 D DlbDap2Process: setParam(miee = #1[0])
03-13 05:55:27.818   640  3151 D DlbDap2Process: setParam(mdle = #1[0])
03-13 05:55:27.818   640  3151 D DlbDap2Process: setParam(dvme = #1[0])
03-13 05:55:27.818   640  3151 D DlbDap2Process: setMave(mave = 0)
03-13 05:55:27.818   640  3151 D DlbDap2Process: setParam(mave = #1[0])
03-13 05:55:27.819   640  3151 D DlbDap2Process: setParam(vcbf = #20[47, 141, 234, 328, 469, 656, 844, 1031, 1313, 1688, 2250, 3000, 3750, 4688, 5813, 7125, 9000, 11250, 13875, 19688])
03-13 05:55:27.819   640  3151 D DlbDap2Process: setParam(ieon = #1[0])
03-13 05:55:27.820   640  3151 D DlbDap2Process: setParam(gebs = #41[20, 47, 141, 234, 328, 469, 656, 844, 1031, 1313, 1688, 2250, 3000, 3750, 4688, 5813, 7125, 9000, 11250, 13875, 19688, 0, 0, 0, 0, 0, 0, 0, 0, 0, 0, 0, 0, 0, 0, 0, 0, 0, 0, 0, 0])
03-13 05:55:27.821   640  3151 D DlbDap2Process: setParam(iebs = #41[20, 47, 141, 234, 328, 469, 656, 844, 1031, 1313, 1688, 2250, 3000, 3750, 4688, 5813, 7125, 9000, 11250, 13875, 19688, 157, 167, 218, 218, 203, 188, 192, 192, 205, 213, 218, 209, 193, 159, 134, 97, 71, 22, -90, -283])
03-13 05:55:27.821   640  3151 D DlbDapEndpointParamCache: doCommit() Committed 12 parameters out of 13.
03-13 05:55:27.821   640  3151 D DlbDapEndpointParamCache: commit() Overriding parameters for current device 0x00000002
03-13 05:55:27.821   640  3151 D DlbDap2Process: setParam(dea = #1[4])
03-13 05:55:27.821   640  3151 D DlbDap2Process: setParam(dsa = #1[10])
03-13 05:55:27.821   640  3151 D DlbDap2Process: setParam(beb = #1[192])
03-13 05:55:27.821   640  3151 D DlbDap2Process: setParam(plb = #1[0])
03-13 05:55:27.821   640  3151 D DlbDap2Process: setParam(vmb = #1[96])
03-13 05:55:27.821   640  3151 D DlbDap2Process: setParam(dsb = #1[48])
03-13 05:55:27.822   640  3151 D DlbDap2Process: setParam(ded = #1[2])
03-13 05:55:27.822   640  3151 D DlbDap2Process: setParam(vbm = #1[3])
03-13 05:55:27.822   640  3151 D DlbDap2Process: setParam(dom = #19[0, 0, 1, 16384, 0, 0, 16384, 11583, 11583, 8192, 8192, 16384, 0, 0, 16384, 16384, 0, 0, 16384])
03-13 05:55:27.822   640  3151 D DlbDap2Process: setParam(bew = #1[16])
03-13 05:55:27.822   640  3151 D DlbDap2Process: setParam(dvla = #1[0])
03-13 05:55:27.822   640  3151 D DlbDap2Process: setParam(arra = #1[96])
03-13 05:55:27.822   640  3151 D DlbDap2Process: setParam(dfsa = #1[10])
03-13 05:55:27.822   640  3151 D DlbDap2Process: setParam(dhsa = #1[10])
03-13 05:55:27.822   640  3151 D DlbDap2Process: setParam(dvmc = #1[0])
03-13 05:55:27.822   640  3151 D DlbDap2Process: setParam(arod = #1[0])
03-13 05:55:27.823   640  3151 D DlbDap2Process: setParam(arde = #1[1])
03-13 05:55:27.823   640  3151 D DlbDap2Process: setParam(dvle = #1[1])
03-13 05:55:27.823   640  3151 D DlbDap2Process: setParam(becf = #1[200])
03-13 05:55:27.823   640  3151 D DlbDap2Process: setParam(vbmf = #2[94, 469])
03-13 05:55:27.823   640  3151 D DlbDap2Process: setParam(vbsf = #2[35, 160])
03-13 05:55:27.824   640  3151 D DlbDap2Process: setParam(vbhg = #3[-32, -144, -192])
03-13 05:55:27.824   640  3151 D DlbDap2Process: setParam(vbog = #1[0])
03-13 05:55:27.824   640  3151 D DlbDap2Process: setParam(vbsg = #1[0])
03-13 05:55:27.824   640  3151 D DlbDap2Process: setParam(dvli = #1[-320])
03-13 05:55:27.824   640  3151 D DlbDap2Process: setParam(dhfm = #1[1])
03-13 05:55:27.824   640  3151 D DlbDap2Process: setParam(vbon = #1[0])
03-13 05:55:27.824   640  3151 D DlbDap2Process: setParam(beon = #1[0])
03-13 05:55:27.824   640  3151 D DlbDap2Process: setParam(ceon = #1[0])
03-13 05:55:27.824   640  3151 D DlbDap2Process: setParam(deon = #1[0])
03-13 05:55:27.825   640  3151 D DlbDap2Process: setParam(geon = #1[1])
03-13 05:55:27.825   640  3151 D DlbDap2Process: setParam(ngon = #1[1])
03-13 05:55:27.825   640  3151 D DlbDap2Process: setParam(aoon = #1[1])
03-13 05:55:27.825   640  3151 D DlbDap2Process: setParam(aron = #1[1])
03-13 05:55:27.825   640  3151 D DlbDap2Process: setParam(dvlo = #1[-320])
03-13 05:55:27.825   640  3151 D DlbDap2Process: setParam(artp = #1[12])
03-13 05:55:27.826   640  3151 D DlbDap2Process: setParam(aobs = #222[20, 10, 47, 141, 234, 328, 469, 656, 844, 1031, 1313, 1688, 2250, 3000, 3750, 4688, 5813, 7125, 9000, 11250, 13875, 19688, 0, 0, 0, 0, 0, 0, 0, 0, 0, 0, 0, 0, 0, 0, 0, 0, 0, 0, 0, 0, 0, 0, 0, 0, 0, 0, 0, 0, 0, 0, 0, 0, 0, 0, 0, 0, 0, 0, 0, 0, 0, 0, 0, 0, 0, 0, 0, 0, 0, 0, 0, 0, 0, 0, 0, 0, 0, 0, 0, 0, 0, 0, 0, 0, 0, 0, 0, 0, 0, 0, 0, 0, 0, 0, 0, 0, 0, 0, 0, 0, 0, 0, 0, 0, 0, 0, 0, 0, 0, 0, 0, 0, 0, 0, 0, 0, 0, 0, 0, 0, 0, 0, 0, 0, 0, 0, 0, 0, 0, 0, 0, 0, 0, 0, 0, 0, 0, 0, 0, 0, 0, 0, 0, 0, 0, 0, 0, 0, 0, 0, 0, 0, 0, 0, 0, 0, 0, 0, 0, 0, 0, 0, 0, 0, 0, 0, 0, 0, 0, 0, 0, 0, 0, 0, 0, 0, 0, 0, 0, 0, 0, 0, 0, 0, 0, 0, 0, 0, 0, 0, 0, 0, 0, 0, 0, 0, 0, 0, 0, 0, 0, 0, 0, 0, 0, 0, 0, 0, 0, 0, 0, 0, 0, 0, 0, 0, 0, 0, 0, 0])
03-13 05:55:27.827   640  3151 D DlbDap2Process: setParam(arbs = #81[20, 47, 141, 234, 328, 469, 656, 844, 1031, 1313, 1688, 2250, 3000, 3750, 4688, 5813, 7125, 9000, 11250, 13875, 19688, -192, -192, -192, -192, -192, -192, -192, -192, -192, -192, -192, -192, -192, -192, -192, -192, -192, -192, -192, -192, 0, 0, 0, 0, 0, 0, 0, 0, 0, 0, 0, 0, 0, 0, 0, 0, 0, 0, 0, 0, 0, 0, 0, 0, 0, 0, 0, 0, 0, 0, 0, 0, 0, 0, 0, 0, 0, 0, 0, 0])
03-13 05:55:27.833   640  3151 D DlbDap2Process: setParam(ceqt = #312[2, 155, 0, 32767, 0, 32767, 0, 32767, 0, 32767, 0, 32767, 0, 32767, 0, 32767, 0, 32767, 0, 32767, 0, 32767, 0, 32767, 0, 32767, 0, 32767, 0, 32767, 0, 32767, 0, 32767, 0, 32767, 0, 32767, 0, 32767, 0, 32767, 0, 32767, 0, 32767, 0, 32767, 0, 32767, 0, 32767, 0, 32767, 0, 32767, 0, 32767, 0, 32767, 0, 32767, 0, 32767, 0, 32767, 0, 32767, 0, 32767, 0, 32767, 0, 32767, 0, 32767, 0, 32767, 0, 32767, 0, 32767, 0, 32767, 0, 32767, 0, 32767, 0, 32767, 0, 32767, 0, 32767, 0, 32767, 0, 32767, 0, 32767, 0, 32767, 0, 32767, 0, 32767, 0, 32767, 0, 32767, 0, 32767, 0, 32767, 0, 32767, 0, 32767, 0, 32767, 0, 32767, 0, 32767, 0, 32767, 0, 32767, 0, 32767, 0, 32767, 0, 32767, 0, 32767, 0, 32767, 0, 32767, 0, 32767, 0, 32767, 0, 32767, 0, 32767, 0, 32767, 0, 32767, 0, 32767, 0, 32767, 0, 0, 32767, 0, 32767, 0, 32767, 0, 32767, 0, 32767, 0, 32767, 0, 32767, 0, 32767, 0, 32767, 0, 32767, 0, 32767, 0, 32767, 0, 32767, 0, 32767, 0, 32767, 0, 32767, 0, 32767, 0, 32767, 0, 32767, 0, 32767, 0, 32767, 0, 32767, 0
03-13 05:55:27.833   640  3151 D DlbDapEndpointParamCache: doCommit() Committed 39 parameters out of 39.
03-13 05:55:28.983   640  3151 D DlbDap2Process: process() called [16500] times
