01-21 04:03:24.634   549  3761 D DlbDap2Process: setMave(mave = 0)
01-21 04:03:24.771   549   549 D DlbDap2Process: setParam(msce = #1[0])
01-21 04:03:24.772   549   549 D DlbDap2Process: setParam(mdee = #1[0])
01-21 04:03:24.772   549   549 D DlbDap2Process: setParam(miee = #1[0])
01-21 04:03:24.772   549   549 D DlbDap2Process: setParam(mdle = #1[0])
01-21 04:03:24.772   549   549 D DlbDap2Process: setParam(dvle = #1[0])
01-21 04:03:24.772   549   549 D DlbDap2Process: setParam(mave = #1[0])
01-21 04:03:24.772   549   549 D DlbDap2Process: setParam(ieon = #1[0])
01-21 04:03:24.773   549   549 D DlbDap2Process: setParam(dom = #1[0])
01-21 04:03:24.773   549   549 D DlbDap2Process: setParam(dvle = #1[0])
01-21 04:03:24.773   549   549 D DlbDap2Process: setParam(dvme = #1[0])
01-21 04:03:24.773   549   549 D DlbDap2Process: setParam(deon = #1[0])
01-21 04:03:24.773   549   549 D DlbDap2Process: setParam(ngon = #1[0])
01-21 04:03:24.778   549  3761 D DlbDap2Process: setMave(mave = 0)
01-21 04:03:25.434   549  3761 D DlbDap2Process: process() called [70500] times
01-21 04:03:28.114   549  3761 D DlbDap2Process: process() called [71000] times
01-21 04:03:30.758   549  3761 D DlbDap2Process: process() called [71500] times
01-21 04:03:33.435   549  3761 D DlbDap2Process: process() called [72000] times
01-21 04:03:36.114   549  3761 D DlbDap2Process: process() called [72500] times
01-21 04:03:38.758   549  3761 D DlbDap2Process: process() called [73000] times
01-21 04:03:41.436   549  3761 D DlbDap2Process: process() called [73500] times
01-21 04:03:44.115   549  3761 D DlbDap2Process: process() called [74000] times
01-21 04:03:46.757   549  3761 D DlbDap2Process: process() called [74500] times
01-21 04:03:49.436   549  3761 D DlbDap2Process: process() called [75000] times
01-21 04:03:52.114   549  3761 D DlbDap2Process: process() called [75500] times
01-21 04:03:54.759   549  3761 D DlbDap2Process: process() called [76000] times
01-21 04:03:57.436   549  3761 D DlbDap2Process: process() called [76500] times
01-21 04:04:00.112   549  3761 D DlbDap2Process: process() called [77000] times
01-21 04:04:02.759   549  3761 D DlbDap2Process: process() called [77500] times
01-21 04:04:05.459   549  3761 D DlbDap2Process: process() called [78000] times
01-21 04:04:05.515   549   737 D DlbDap2Process: setParam(iea = #1[10])
01-21 04:04:05.515   549   737 D DlbDap2Process: setParam(msce = #1[0])
01-21 04:04:05.515   549   737 D DlbDap2Process: setParam(mdee = #1[0])
01-21 04:04:05.515   549   737 D DlbDap2Process: setParam(miee = #1[0])
01-21 04:04:05.515   549   737 D DlbDap2Process: setParam(mdle = #1[0])
01-21 04:04:05.515   549   737 D DlbDap2Process: setParam(dvle = #1[0])
01-21 04:04:05.515   549   737 D DlbDap2Process: setParam(mave = #1[0])
01-21 04:04:05.515   549   737 D DlbDap2Process: setParam(vcbf = #20[47, 141, 234, 328, 469, 656, 844, 1031, 1313, 1688, 2250, 3000, 3750, 4688, 5813, 7125, 9000, 11250, 13875, 19688])
01-21 04:04:05.515   549   737 D DlbDap2Process: setParam(vbon = #1[1])
01-21 04:04:05.515   549   737 D DlbDap2Process: setParam(beon = #1[1])
01-21 04:04:05.516   549   737 D DlbDap2Process: setParam(geon = #1[1])
01-21 04:04:05.516   549   737 D DlbDap2Process: setParam(ieon = #1[1])
01-21 04:04:05.516   549   737 D DlbDap2Process: setParam(gebs = #41[20, 47, 141, 234, 328, 469, 656, 844, 1031, 1313, 1688, 2250, 3000, 3750, 4688, 5813, 7125, 9000, 11250, 13875, 19688, 192, 140, 88, 44, 0, 0, 0, 0, 0, 0, 0, 0, 0, 0, 0, 0, 0, 0, 0, 0])
01-21 04:04:05.516   549   737 D DlbDap2Process: setParam(iebs = #41[20, 65, 136, 223, 332, 467, 634, 841, 1098, 1416, 1812, 2302, 2909, 3663, 4598, 5756, 7194, 8976, 11186, 13927, 17326, -419, -112, 75, 116, 113, 160, 165, 80, 61, 79, 98, 121, 64, 70, 44, -71, -33, -100, -238, -411])
01-21 04:04:05.520   549   737 D DlbDap2Process: setParam(dea = #1[7])
01-21 04:04:05.520   549   737 D DlbDap2Process: setParam(dsa = #1[10])
01-21 04:04:05.520   549   737 D DlbDap2Process: setParam(beb = #1[192])
01-21 04:04:05.520   549   737 D DlbDap2Process: setParam(plb = #1[0])
01-21 04:04:05.520   549   737 D DlbDap2Process: setParam(vmb = #1[144])
01-21 04:04:05.520   549   737 D DlbDap2Process: setParam(dsb = #1[48])
01-21 04:04:05.520   549   737 D DlbDap2Process: setParam(ded = #1[0])
01-21 04:04:05.520   549   737 D DlbDap2Process: setParam(vbm = #1[3])
01-21 04:04:05.520   549   737 D DlbDap2Process: setParam(dom = #1[0])
01-21 04:04:05.520   549   737 D DlbDap2Process: setParam(bew = #1[16])
01-21 04:04:05.520   549   737 D DlbDap2Process: setParam(dvla = #1[5])
01-21 04:04:05.520   549   737 D DlbDap2Process: setParam(arra = #1[96])
01-21 04:04:05.520   549   737 D DlbDap2Process: setParam(dfsa = #1[10])
01-21 04:04:05.520   549   737 D DlbDap2Process: setParam(dhsa = #1[10])
01-21 04:04:05.520   549   737 D DlbDap2Process: setParam(dvmc = #1[0])
01-21 04:04:05.520   549   737 D DlbDap2Process: setParam(arod = #1[0])
01-21 04:04:05.520   549   737 D DlbDap2Process: setParam(arde = #1[1])
01-21 04:04:05.520   549   737 D DlbDap2Process: setParam(dvle = #1[0])
01-21 04:04:05.520   549   737 D DlbDap2Process: setParam(dvme = #1[0])
01-21 04:04:05.520   549   737 D DlbDap2Process: setParam(becf = #1[200])
01-21 04:04:05.521   549   737 D DlbDap2Process: setParam(vbmf = #2[94, 469])
01-21 04:04:05.521   549   737 D DlbDap2Process: setParam(vbsf = #2[35, 160])
01-21 04:04:05.521   549   737 D DlbDap2Process: setParam(vbhg = #3[-32, -144, -192])
01-21 04:04:05.521   549   737 D DlbDap2Process: setParam(vbog = #1[0])
01-21 04:04:05.521   549   737 D DlbDap2Process: setParam(vbsg = #1[0])
01-21 04:04:05.521   549   737 D DlbDap2Process: setParam(dvli = #1[-320])
01-21 04:04:05.521   549   737 D DlbDap2Process: setParam(dhfm = #1[2])
01-21 04:04:05.521   549   737 D DlbDap2Process: setParam(vbon = #1[1])
01-21 04:04:05.521   549   737 D DlbDap2Process: setParam(beon = #1[1])
01-21 04:04:05.521   549   737 D DlbDap2Process: setParam(deon = #1[1])
01-21 04:04:05.521   549   737 D DlbDap2Process: setParam(ngon = #1[1])
01-21 04:04:05.521   549   737 D DlbDap2Process: setParam(aoon = #1[1])
01-21 04:04:05.521   549   737 D DlbDap2Process: setParam(aron = #1[1])
01-21 04:04:05.521   549   737 D DlbDap2Process: setParam(dvlo = #1[-320])
01-21 04:04:05.521   549   737 D DlbDap2Process: setParam(artp = #1[12])
01-21 04:04:05.522   549   737 D DlbDap2Process: setParam(aobs = #222[20, 10, 47, 141, 234, 328, 469, 656, 844, 1031, 1313, 1688, 2250, 3000, 3750, 4688, 5813, 7125, 9000, 11250, 13875, 19688, 0, 0, 0, 0, 0, 0, 0, 0, 0, 0, 0, 0, 0, 0, 0, 0, 0, 0, 0, 0, 0, 0, 0, 0, 0, 0, 0, 0, 0, 0, 0, 0, 0, 0, 0, 0, 0, 0, 0, 0, 0, 0, 0, 0, 0, 0, 0, 0, 0, 0, 0, 0, 0, 0, 0, 0, 0, 0, 0, 0, 0, 0, 0, 0, 0, 0, 0, 0, 0, 0, 0, 0, 0, 0, 0, 0, 0, 0, 0, 0, 0, 0, 0, 0, 0, 0, 0, 0, 0, 0, 0, 0, 0, 0, 0, 0, 0, 0, 0, 0, 0, 0, 0, 0, 0, 0, 0, 0, 0, 0, 0, 0, 0, 0, 0, 0, 0, 0, 0, 0, 0, 0, 0, 0, 0, 0, 0, 0, 0, 0, 0, 0, 0, 0, 0, 0, 0, 0, 0, 0, 0, 0, 0, 0, 0, 0, 0, 0, 0, 0, 0, 0, 0, 0, 0, 0, 0, 0, 0, 0, 0, 0, 0, 0, 0, 0, 0, 0, 0, 0, 0, 0, 0, 0, 0, 0, 0, 0, 0, 0, 0, 0, 0, 0, 0, 0, 0, 0, 0, 0, 0, 0, 0, 0, 0, 0, 0, 0, 0, 0])
01-21 04:04:05.523   549   737 D DlbDap2Process: setParam(arbs = #81[20, 47, 141, 234, 328, 469, 656, 844, 1031, 1313, 1688, 2250, 3000, 3750, 4688, 5813, 7125, 9000, 11250, 13875, 19688, -192, -192, -192, -192, -192, -192, -192, -192, -192, -192, -192, -192, -192, -192, -192, -192, -192, -192, -192, -192, 0, 0, 0, 0, 0, 0, 0, 0, 0, 0, 0, 0, 0, 0, 0, 0, 0, 0, 0, 0, 0, 0, 0, 0, 0, 0, 0, 0, 0, 0, 0, 0, 0, 0, 0, 0, 0, 0, 0, 0])
01-21 04:04:05.549   549  3761 D DlbDap2Process: setMave(mave = 0)
01-21 04:04:05.679   549   689 D DlbDap2Process: setParam(msce = #1[0])
01-21 04:04:05.679   549   689 D DlbDap2Process: setParam(mdee = #1[0])
01-21 04:04:05.679   549   689 D DlbDap2Process: setParam(miee = #1[0])
01-21 04:04:05.679   549   689 D DlbDap2Process: setParam(mdle = #1[0])
01-21 04:04:05.679   549   689 D DlbDap2Process: setParam(dvle = #1[0])
01-21 04:04:05.679   549   689 D DlbDap2Process: setParam(mave = #1[0])
01-21 04:04:05.679   549   689 D DlbDap2Process: setParam(ieon = #1[0])
01-21 04:04:05.680   549   689 D DlbDap2Process: setParam(dom = #1[0])
01-21 04:04:05.680   549   689 D DlbDap2Process: setParam(dvle = #1[0])
01-21 04:04:05.680   549   689 D DlbDap2Process: setParam(dvme = #1[0])
01-21 04:04:05.680   549   689 D DlbDap2Process: setParam(deon = #1[0])
01-21 04:04:05.680   549   689 D DlbDap2Process: setParam(ngon = #1[0])
01-21 04:04:05.685   549  3761 D DlbDap2Process: setMave(mave = 0)
01-21 04:04:08.236   549  3761 D DlbDap2Process: process() called [78500] times
01-21 04:04:10.874   549  3761 D DlbDap2Process: process() called [79000] times
01-21 04:04:13.556   549  3761 D DlbDap2Process: process() called [79500] times
01-21 04:04:16.235   549  3761 D DlbDap2Process: process() called [80000] times
01-21 04:04:18.877   549  3761 D DlbDap2Process: process() called [80500] times
01-21 04:04:21.556   549  3761 D DlbDap2Process: process() called [81000] times
01-21 04:04:24.234   549  3761 D DlbDap2Process: process() called [81500] times
01-21 04:04:26.877   549  3761 D DlbDap2Process: process() called [82000] times
01-21 04:04:29.554   549  3761 D DlbDap2Process: process() called [82500] times
01-21 04:04:32.236   549  3761 D DlbDap2Process: process() called [83000] times
01-21 04:04:34.878   549  3761 D DlbDap2Process: process() called [83500] times
01-21 04:04:37.559   549  3761 D DlbDap2Process: process() called [84000] times
01-21 04:04:40.234   549  3761 D DlbDap2Process: process() called [84500] times
01-21 04:04:42.878   549  3761 D DlbDap2Process: process() called [85000] times
01-21 04:04:45.556   549  3761 D DlbDap2Process: process() called [85500] times
01-21 04:04:46.441   549   737 D DlbDap2Process: setParam(iea = #1[10])
01-21 04:04:46.441   549   737 D DlbDap2Process: setParam(msce = #1[0])
01-21 04:04:46.441   549   737 D DlbDap2Process: setParam(mdee = #1[0])
01-21 04:04:46.442   549   737 D DlbDap2Process: setParam(miee = #1[0])
01-21 04:04:46.442   549   737 D DlbDap2Process: setParam(mdle = #1[0])
01-21 04:04:46.442   549   737 D DlbDap2Process: setParam(dvle = #1[0])
01-21 04:04:46.442   549   737 D DlbDap2Process: setParam(mave = #1[0])
01-21 04:04:46.442   549   737 D DlbDap2Process: setParam(vcbf = #20[47, 141, 234, 328, 469, 656, 844, 1031, 1313, 1688, 2250, 3000, 3750, 4688, 5813, 7125, 9000, 11250, 13875, 19688])
01-21 04:04:46.442   549   737 D DlbDap2Process: setParam(vbon = #1[1])
01-21 04:04:46.442   549   737 D DlbDap2Process: setParam(beon = #1[1])
01-21 04:04:46.442   549   737 D DlbDap2Process: setParam(geon = #1[1])
01-21 04:04:46.442   549   737 D DlbDap2Process: setParam(ieon = #1[1])
01-21 04:04:46.443   549   737 D DlbDap2Process: setParam(gebs = #41[20, 47, 141, 234, 328, 469, 656, 844, 1031, 1313, 1688, 2250, 3000, 3750, 4688, 5813, 7125, 9000, 11250, 13875, 19688, 192, 140, 88, 44, 0, 0, 0, 0, 0, 0, 0, 0, 0, 0, 0, 0, 0, 0, 0, 0])
01-21 04:04:46.443   549   737 D DlbDap2Process: setParam(iebs = #41[20, 65, 136, 223, 332, 467, 634, 841, 1098, 1416, 1812, 2302, 2909, 3663, 4598, 5756, 7194, 8976, 11186, 13927, 17326, -419, -112, 75, 116, 113, 160, 165, 80, 61, 79, 98, 121, 64, 70, 44, -71, -33, -100, -238, -411])
01-21 04:04:46.448   549   737 D DlbDap2Process: setParam(dea = #1[7])
01-21 04:04:46.448   549   737 D DlbDap2Process: setParam(dsa = #1[10])
01-21 04:04:46.448   549   737 D DlbDap2Process: setParam(beb = #1[192])
01-21 04:04:46.448   549   737 D DlbDap2Process: setParam(plb = #1[0])
01-21 04:04:46.448   549   737 D DlbDap2Process: setParam(vmb = #1[144])
01-21 04:04:46.448   549   737 D DlbDap2Process: setParam(dsb = #1[48])
01-21 04:04:46.449   549   737 D DlbDap2Process: setParam(ded = #1[0])
01-21 04:04:46.449   549   737 D DlbDap2Process: setParam(vbm = #1[3])
01-21 04:04:46.449   549   737 D DlbDap2Process: setParam(dom = #1[0])
01-21 04:04:46.449   549   737 D DlbDap2Process: setParam(bew = #1[16])
01-21 04:04:46.449   549   737 D DlbDap2Process: setParam(dvla = #1[5])
01-21 04:04:46.449   549   737 D DlbDap2Process: setParam(arra = #1[96])
01-21 04:04:46.449   549   737 D DlbDap2Process: setParam(dfsa = #1[10])
01-21 04:04:46.449   549   737 D DlbDap2Process: setParam(dhsa = #1[10])
01-21 04:04:46.449   549   737 D DlbDap2Process: setParam(dvmc = #1[0])
01-21 04:04:46.449   549   737 D DlbDap2Process: setParam(arod = #1[0])
01-21 04:04:46.449   549   737 D DlbDap2Process: setParam(arde = #1[1])
01-21 04:04:46.449   549   737 D DlbDap2Process: setParam(dvle = #1[0])
01-21 04:04:46.449   549   737 D DlbDap2Process: setParam(dvme = #1[0])
01-21 04:04:46.449   549   737 D DlbDap2Process: setParam(becf = #1[200])
01-21 04:04:46.449   549   737 D DlbDap2Process: setParam(vbmf = #2[94, 469])
01-21 04:04:46.449   549   737 D DlbDap2Process: setParam(vbsf = #2[35, 160])
01-21 04:04:46.449   549   737 D DlbDap2Process: setParam(vbhg = #3[-32, -144, -192])
01-21 04:04:46.449   549   737 D DlbDap2Process: setParam(vbog = #1[0])
01-21 04:04:46.449   549   737 D DlbDap2Process: setParam(vbsg = #1[0])
01-21 04:04:46.449   549   737 D DlbDap2Process: setParam(dvli = #1[-320])
01-21 04:04:46.449   549   737 D DlbDap2Process: setParam(dhfm = #1[2])
01-21 04:04:46.450   549   737 D DlbDap2Process: setParam(vbon = #1[1])
01-21 04:04:46.450   549   737 D DlbDap2Process: setParam(beon = #1[1])
01-21 04:04:46.450   549   737 D DlbDap2Process: setParam(deon = #1[1])
01-21 04:04:46.450   549   737 D DlbDap2Process: setParam(ngon = #1[1])
01-21 04:04:46.450   549   737 D DlbDap2Process: setParam(aoon = #1[1])
01-21 04:04:46.450   549   737 D DlbDap2Process: setParam(aron = #1[1])
01-21 04:04:46.450   549   737 D DlbDap2Process: setParam(dvlo = #1[-320])
01-21 04:04:46.450   549   737 D DlbDap2Process: setParam(artp = #1[12])
01-21 04:04:46.451   549   737 D DlbDap2Process: setParam(aobs = #222[20, 10, 47, 141, 234, 328, 469, 656, 844, 1031, 1313, 1688, 2250, 3000, 3750, 4688, 5813, 7125, 9000, 11250, 13875, 19688, 0, 0, 0, 0, 0, 0, 0, 0, 0, 0, 0, 0, 0, 0, 0, 0, 0, 0, 0, 0, 0, 0, 0, 0, 0, 0, 0, 0, 0, 0, 0, 0, 0, 0, 0, 0, 0, 0, 0, 0, 0, 0, 0, 0, 0, 0, 0, 0, 0, 0, 0, 0, 0, 0, 0, 0, 0, 0, 0, 0, 0, 0, 0, 0, 0, 0, 0, 0, 0, 0, 0, 0, 0, 0, 0, 0, 0, 0, 0, 0, 0, 0, 0, 0, 0, 0, 0, 0, 0, 0, 0, 0, 0, 0, 0, 0, 0, 0, 0, 0, 0, 0, 0, 0, 0, 0, 0, 0, 0, 0, 0, 0, 0, 0, 0, 0, 0, 0, 0, 0, 0, 0, 0, 0, 0, 0, 0, 0, 0, 0, 0, 0, 0, 0, 0, 0, 0, 0, 0, 0, 0, 0, 0, 0, 0, 0, 0, 0, 0, 0, 0, 0, 0, 0, 0, 0, 0, 0, 0, 0, 0, 0, 0, 0, 0, 0, 0, 0, 0, 0, 0, 0, 0, 0, 0, 0, 0, 0, 0, 0, 0, 0, 0, 0, 0, 0, 0, 0, 0, 0, 0, 0, 0, 0, 0, 0, 0, 0, 0, 0])
01-21 04:04:46.452   549   737 D DlbDap2Process: setParam(arbs = #81[20, 47, 141, 234, 328, 469, 656, 844, 1031, 1313, 1688, 2250, 3000, 3750, 4688, 5813, 7125, 9000, 11250, 13875, 19688, -192, -192, -192, -192, -192, -192, -192, -192, -192, -192, -192, -192, -192, -192, -192, -192, -192, -192, -192, -192, 0, 0, 0, 0, 0, 0, 0, 0, 0, 0, 0, 0, 0, 0, 0, 0, 0, 0, 0, 0, 0, 0, 0, 0, 0, 0, 0, 0, 0, 0, 0, 0, 0, 0, 0, 0, 0, 0, 0, 0])
01-21 04:04:46.621   549   549 D DlbDap2Process: setParam(msce = #1[0])
01-21 04:04:46.621   549   549 D DlbDap2Process: setParam(mdee = #1[0])
01-21 04:04:46.621   549   549 D DlbDap2Process: setParam(miee = #1[0])
01-21 04:04:46.621   549   549 D DlbDap2Process: setParam(mdle = #1[0])
01-21 04:04:46.621   549   549 D DlbDap2Process: setParam(dvle = #1[0])
01-21 04:04:46.621   549   549 D DlbDap2Process: setParam(mave = #1[0])
01-21 04:04:46.621   549   549 D DlbDap2Process: setParam(ieon = #1[0])
01-21 04:04:46.623   549   549 D DlbDap2Process: setParam(dom = #1[0])
01-21 04:04:46.623   549   549 D DlbDap2Process: setParam(dvle = #1[0])
01-21 04:04:46.623   549   549 D DlbDap2Process: setParam(dvme = #1[0])
01-21 04:04:46.623   549   549 D DlbDap2Process: setParam(deon = #1[0])
01-21 04:04:46.623   549   549 D DlbDap2Process: setParam(ngon = #1[0])
01-21 04:04:46.674   549  3761 D DlbDap2Process: setMave(mave = 0)
01-21 04:04:48.434   549  3761 D DlbDap2Process: process() called [86000] times
01-21 04:04:51.079   549  3761 D DlbDap2Process: process() called [86500] times
01-21 04:04:53.756   549  3761 D DlbDap2Process: process() called [87000] times
01-21 04:04:56.434   549  3761 D DlbDap2Process: process() called [87500] times
01-21 04:04:59.076   549  3761 D DlbDap2Process: process() called [88000] times
01-21 04:05:01.756   549  3761 D DlbDap2Process: process() called [88500] times
01-21 04:05:04.433   549  3761 D DlbDap2Process: process() called [89000] times
01-21 04:05:07.077   549  3761 D DlbDap2Process: process() called [89500] times
01-21 04:05:09.755   549  3761 D DlbDap2Process: process() called [90000] times
01-21 04:05:12.434   549  3761 D DlbDap2Process: process() called [90500] times
01-21 04:05:15.076   549  3761 D DlbDap2Process: process() called [91000] times
01-21 04:05:17.756   549  3761 D DlbDap2Process: process() called [91500] times
01-21 04:05:20.434   549  3761 D DlbDap2Process: process() called [92000] times
01-21 04:05:23.077   549  3761 D DlbDap2Process: process() called [92500] times
01-21 04:05:25.756   549  3761 D DlbDap2Process: process() called [93000] times
01-21 04:05:27.319   549   737 D DlbDap2Process: setParam(iea = #1[10])
01-21 04:05:27.319   549   737 D DlbDap2Process: setParam(msce = #1[0])
01-21 04:05:27.319   549   737 D DlbDap2Process: setParam(mdee = #1[0])
01-21 04:05:27.319   549   737 D DlbDap2Process: setParam(miee = #1[0])
01-21 04:05:27.319   549   737 D DlbDap2Process: setParam(mdle = #1[0])
01-21 04:05:27.319   549   737 D DlbDap2Process: setParam(dvle = #1[0])
01-21 04:05:27.319   549   737 D DlbDap2Process: setParam(mave = #1[0])
01-21 04:05:27.319   549   737 D DlbDap2Process: setParam(vcbf = #20[47, 141, 234, 328, 469, 656, 844, 1031, 1313, 1688, 2250, 3000, 3750, 4688, 5813, 7125, 9000, 11250, 13875, 19688])
01-21 04:05:27.319   549   737 D DlbDap2Process: setParam(vbon = #1[1])
01-21 04:05:27.319   549   737 D DlbDap2Process: setParam(beon = #1[1])
01-21 04:05:27.319   549   737 D DlbDap2Process: setParam(geon = #1[1])
01-21 04:05:27.320   549   737 D DlbDap2Process: setParam(ieon = #1[1])
01-21 04:05:27.320   549   737 D DlbDap2Process: setParam(gebs = #41[20, 47, 141, 234, 328, 469, 656, 844, 1031, 1313, 1688, 2250, 3000, 3750, 4688, 5813, 7125, 9000, 11250, 13875, 19688, 192, 140, 88, 44, 0, 0, 0, 0, 0, 0, 0, 0, 0, 0, 0, 0, 0, 0, 0, 0])
01-21 04:05:27.320   549   737 D DlbDap2Process: setParam(iebs = #41[20, 65, 136, 223, 332, 467, 634, 841, 1098, 1416, 1812, 2302, 2909, 3663, 4598, 5756, 7194, 8976, 11186, 13927, 17326, -419, -112, 75, 116, 113, 160, 165, 80, 61, 79, 98, 121, 64, 70, 44, -71, -33, -100, -238, -411])
01-21 04:05:27.325   549   737 D DlbDap2Process: setParam(dea = #1[7])
01-21 04:05:27.325   549   737 D DlbDap2Process: setParam(dsa = #1[10])
01-21 04:05:27.325   549   737 D DlbDap2Process: setParam(beb = #1[192])
01-21 04:05:27.325   549   737 D DlbDap2Process: setParam(plb = #1[0])
01-21 04:05:27.325   549   737 D DlbDap2Process: setParam(vmb = #1[144])
01-21 04:05:27.325   549   737 D DlbDap2Process: setParam(dsb = #1[48])
01-21 04:05:27.325   549   737 D DlbDap2Process: setParam(ded = #1[0])
01-21 04:05:27.326   549   737 D DlbDap2Process: setParam(vbm = #1[3])
01-21 04:05:27.326   549   737 D DlbDap2Process: setParam(dom = #1[0])
01-21 04:05:27.326   549   737 D DlbDap2Process: setParam(bew = #1[16])
01-21 04:05:27.326   549   737 D DlbDap2Process: setParam(dvla = #1[5])
01-21 04:05:27.326   549   737 D DlbDap2Process: setParam(arra = #1[96])
01-21 04:05:27.326   549   737 D DlbDap2Process: setParam(dfsa = #1[10])
01-21 04:05:27.326   549   737 D DlbDap2Process: setParam(dhsa = #1[10])
01-21 04:05:27.326   549   737 D DlbDap2Process: setParam(dvmc = #1[0])
01-21 04:05:27.326   549   737 D DlbDap2Process: setParam(arod = #1[0])
01-21 04:05:27.326   549   737 D DlbDap2Process: setParam(arde = #1[1])
01-21 04:05:27.326   549   737 D DlbDap2Process: setParam(dvle = #1[0])
01-21 04:05:27.326   549   737 D DlbDap2Process: setParam(dvme = #1[0])
01-21 04:05:27.326   549   737 D DlbDap2Process: setParam(becf = #1[200])
01-21 04:05:27.326   549   737 D DlbDap2Process: setParam(vbmf = #2[94, 469])
01-21 04:05:27.327   549   737 D DlbDap2Process: setParam(vbsf = #2[35, 160])
01-21 04:05:27.327   549   737 D DlbDap2Process: setParam(vbhg = #3[-32, -144, -192])
01-21 04:05:27.327   549   737 D DlbDap2Process: setParam(vbog = #1[0])
01-21 04:05:27.327   549   737 D DlbDap2Process: setParam(vbsg = #1[0])
01-21 04:05:27.327   549   737 D DlbDap2Process: setParam(dvli = #1[-320])
01-21 04:05:27.327   549   737 D DlbDap2Process: setParam(dhfm = #1[2])
01-21 04:05:27.327   549   737 D DlbDap2Process: setParam(vbon = #1[1])
01-21 04:05:27.327   549   737 D DlbDap2Process: setParam(beon = #1[1])
01-21 04:05:27.327   549   737 D DlbDap2Process: setParam(deon = #1[1])
01-21 04:05:27.327   549   737 D DlbDap2Process: setParam(ngon = #1[1])
01-21 04:05:27.327   549   737 D DlbDap2Process: setParam(aoon = #1[1])
01-21 04:05:27.327   549   737 D DlbDap2Process: setParam(aron = #1[1])
01-21 04:05:27.327   549   737 D DlbDap2Process: setParam(dvlo = #1[-320])
01-21 04:05:27.327   549   737 D DlbDap2Process: setParam(artp = #1[12])
01-21 04:05:27.329   549   737 D DlbDap2Process: setParam(aobs = #222[20, 10, 47, 141, 234, 328, 469, 656, 844, 1031, 1313, 1688, 2250, 3000, 3750, 4688, 5813, 7125, 9000, 11250, 13875, 19688, 0, 0, 0, 0, 0, 0, 0, 0, 0, 0, 0, 0, 0, 0, 0, 0, 0, 0, 0, 0, 0, 0, 0, 0, 0, 0, 0, 0, 0, 0, 0, 0, 0, 0, 0, 0, 0, 0, 0, 0, 0, 0, 0, 0, 0, 0, 0, 0, 0, 0, 0, 0, 0, 0, 0, 0, 0, 0, 0, 0, 0, 0, 0, 0, 0, 0, 0, 0, 0, 0, 0, 0, 0, 0, 0, 0, 0, 0, 0, 0, 0, 0, 0, 0, 0, 0, 0, 0, 0, 0, 0, 0, 0, 0, 0, 0, 0, 0, 0, 0, 0, 0, 0, 0, 0, 0, 0, 0, 0, 0, 0, 0, 0, 0, 0, 0, 0, 0, 0, 0, 0, 0, 0, 0, 0, 0, 0, 0, 0, 0, 0, 0, 0, 0, 0, 0, 0, 0, 0, 0, 0, 0, 0, 0, 0, 0, 0, 0, 0, 0, 0, 0, 0, 0, 0, 0, 0, 0, 0, 0, 0, 0, 0, 0, 0, 0, 0, 0, 0, 0, 0, 0, 0, 0, 0, 0, 0, 0, 0, 0, 0, 0, 0, 0, 0, 0, 0, 0, 0, 0, 0, 0, 0, 0, 0, 0, 0, 0, 0, 0])
01-21 04:05:27.330   549   737 D DlbDap2Process: setParam(arbs = #81[20, 47, 141, 234, 328, 469, 656, 844, 1031, 1313, 1688, 2250, 3000, 3750, 4688, 5813, 7125, 9000, 11250, 13875, 19688, -192, -192, -192, -192, -192, -192, -192, -192, -192, -192, -192, -192, -192, -192, -192, -192, -192, -192, -192, -192, 0, 0, 0, 0, 0, 0, 0, 0, 0, 0, 0, 0, 0, 0, 0, 0, 0, 0, 0, 0, 0, 0, 0, 0, 0, 0, 0, 0, 0, 0, 0, 0, 0, 0, 0, 0, 0, 0, 0, 0])
01-21 04:05:27.358   549  3761 D DlbDap2Process: setMave(mave = 0)
01-21 04:05:27.525   549   690 D DlbDap2Process: setParam(msce = #1[0])
01-21 04:05:27.526   549   690 D DlbDap2Process: setParam(mdee = #1[0])
01-21 04:05:27.526   549   690 D DlbDap2Process: setParam(miee = #1[0])
01-21 04:05:27.526   549   690 D DlbDap2Process: setParam(mdle = #1[0])
01-21 04:05:27.526   549   690 D DlbDap2Process: setParam(dvle = #1[0])
01-21 04:05:27.526   549   690 D DlbDap2Process: setParam(mave = #1[0])
01-21 04:05:27.526   549   690 D DlbDap2Process: setParam(ieon = #1[0])
01-21 04:05:27.528   549   690 D DlbDap2Process: setParam(dom = #1[0])
01-21 04:05:27.528   549   690 D DlbDap2Process: setParam(dvle = #1[0])
01-21 04:05:27.528   549   690 D DlbDap2Process: setParam(dvme = #1[0])
01-21 04:05:27.528   549   690 D DlbDap2Process: setParam(deon = #1[0])
01-21 04:05:27.528   549   690 D DlbDap2Process: setParam(ngon = #1[0])
01-21 04:05:27.534   549  3761 D DlbDap2Process: setMave(mave = 0)
01-21 04:05:28.594   549  3761 D DlbDap2Process: process() called [93500] times
01-21 04:05:31.238   549  3761 D DlbDap2Process: process() called [94000] times
01-21 04:05:33.916   549  3761 D DlbDap2Process: process() called [94500] times
01-21 04:05:36.596   549  3761 D DlbDap2Process: process() called [95000] times
01-21 04:05:39.238   549  3761 D DlbDap2Process: process() called [95500] times
01-21 04:05:41.916   549  3761 D DlbDap2Process: process() called [96000] times
01-21 04:05:44.595   549  3761 D DlbDap2Process: process() called [96500] times
01-21 04:05:47.238   549  3761 D DlbDap2Process: process() called [97000] times
01-21 04:05:49.917   549  3761 D DlbDap2Process: process() called [97500] times
01-21 04:05:52.596   549  3761 D DlbDap2Process: process() called [98000] times
01-21 04:05:55.239   549  3761 D DlbDap2Process: process() called [98500] times
01-21 04:05:57.916   549  3761 D DlbDap2Process: process() called [99000] times
01-21 04:06:00.593   549  3761 D DlbDap2Process: process() called [99500] times
01-21 04:06:03.237   549  3761 D DlbDap2Process: process() called [100000] times
01-21 04:06:05.917   549  3761 D DlbDap2Process: process() called [100500] times
01-21 04:06:08.278   549   737 D DlbDap2Process: setParam(iea = #1[10])
01-21 04:06:08.278   549   737 D DlbDap2Process: setParam(msce = #1[0])
01-21 04:06:08.279   549   737 D DlbDap2Process: setParam(mdee = #1[0])
01-21 04:06:08.279   549   737 D DlbDap2Process: setParam(miee = #1[0])
01-21 04:06:08.279   549   737 D DlbDap2Process: setParam(mdle = #1[0])
01-21 04:06:08.279   549   737 D DlbDap2Process: setParam(dvle = #1[0])
01-21 04:06:08.279   549   737 D DlbDap2Process: setParam(mave = #1[0])
01-21 04:06:08.279   549   737 D DlbDap2Process: setParam(vcbf = #20[47, 141, 234, 328, 469, 656, 844, 1031, 1313, 1688, 2250, 3000, 3750, 4688, 5813, 7125, 9000, 11250, 13875, 19688])
01-21 04:06:08.279   549   737 D DlbDap2Process: setParam(vbon = #1[1])
01-21 04:06:08.279   549   737 D DlbDap2Process: setParam(beon = #1[1])
01-21 04:06:08.279   549   737 D DlbDap2Process: setParam(geon = #1[1])
01-21 04:06:08.279   549   737 D DlbDap2Process: setParam(ieon = #1[1])
01-21 04:06:08.280   549   737 D DlbDap2Process: setParam(gebs = #41[20, 47, 141, 234, 328, 469, 656, 844, 1031, 1313, 1688, 2250, 3000, 3750, 4688, 5813, 7125, 9000, 11250, 13875, 19688, 192, 140, 88, 44, 0, 0, 0, 0, 0, 0, 0, 0, 0, 0, 0, 0, 0, 0, 0, 0])
01-21 04:06:08.280   549   737 D DlbDap2Process: setParam(iebs = #41[20, 65, 136, 223, 332, 467, 634, 841, 1098, 1416, 1812, 2302, 2909, 3663, 4598, 5756, 7194, 8976, 11186, 13927, 17326, -419, -112, 75, 116, 113, 160, 165, 80, 61, 79, 98, 121, 64, 70, 44, -71, -33, -100, -238, -411])
01-21 04:06:08.284   549   737 D DlbDap2Process: setParam(dea = #1[7])
01-21 04:06:08.284   549   737 D DlbDap2Process: setParam(dsa = #1[10])
01-21 04:06:08.284   549   737 D DlbDap2Process: setParam(beb = #1[192])
01-21 04:06:08.284   549   737 D DlbDap2Process: setParam(plb = #1[0])
01-21 04:06:08.284   549   737 D DlbDap2Process: setParam(vmb = #1[144])
01-21 04:06:08.284   549   737 D DlbDap2Process: setParam(dsb = #1[48])
01-21 04:06:08.284   549   737 D DlbDap2Process: setParam(ded = #1[0])
01-21 04:06:08.284   549   737 D DlbDap2Process: setParam(vbm = #1[3])
01-21 04:06:08.285   549   737 D DlbDap2Process: setParam(dom = #1[0])
01-21 04:06:08.285   549   737 D DlbDap2Process: setParam(bew = #1[16])
01-21 04:06:08.285   549   737 D DlbDap2Process: setParam(dvla = #1[5])
01-21 04:06:08.285   549   737 D DlbDap2Process: setParam(arra = #1[96])
01-21 04:06:08.285   549   737 D DlbDap2Process: setParam(dfsa = #1[10])
01-21 04:06:08.285   549   737 D DlbDap2Process: setParam(dhsa = #1[10])
01-21 04:06:08.285   549   737 D DlbDap2Process: setParam(dvmc = #1[0])
01-21 04:06:08.285   549   737 D DlbDap2Process: setParam(arod = #1[0])
01-21 04:06:08.285   549   737 D DlbDap2Process: setParam(arde = #1[1])
01-21 04:06:08.285   549   737 D DlbDap2Process: setParam(dvle = #1[0])
01-21 04:06:08.285   549   737 D DlbDap2Process: setParam(dvme = #1[0])
01-21 04:06:08.285   549   737 D DlbDap2Process: setParam(becf = #1[200])
01-21 04:06:08.285   549   737 D DlbDap2Process: setParam(vbmf = #2[94, 469])
01-21 04:06:08.285   549   737 D DlbDap2Process: setParam(vbsf = #2[35, 160])
01-21 04:06:08.285   549   737 D DlbDap2Process: setParam(vbhg = #3[-32, -144, -192])
01-21 04:06:08.285   549   737 D DlbDap2Process: setParam(vbog = #1[0])
01-21 04:06:08.286   549   737 D DlbDap2Process: setParam(vbsg = #1[0])
01-21 04:06:08.286   549   737 D DlbDap2Process: setParam(dvli = #1[-320])
01-21 04:06:08.286   549   737 D DlbDap2Process: setParam(dhfm = #1[2])
01-21 04:06:08.286   549   737 D DlbDap2Process: setParam(vbon = #1[1])
01-21 04:06:08.286   549   737 D DlbDap2Process: setParam(beon = #1[1])
01-21 04:06:08.286   549   737 D DlbDap2Process: setParam(deon = #1[1])
01-21 04:06:08.286   549   737 D DlbDap2Process: setParam(ngon = #1[1])
01-21 04:06:08.286   549   737 D DlbDap2Process: setParam(aoon = #1[1])
01-21 04:06:08.286   549   737 D DlbDap2Process: setParam(aron = #1[1])
01-21 04:06:08.286   549   737 D DlbDap2Process: setParam(dvlo = #1[-320])
01-21 04:06:08.286   549   737 D DlbDap2Process: setParam(artp = #1[12])
01-21 04:06:08.287   549   737 D DlbDap2Process: setParam(aobs = #222[20, 10, 47, 141, 234, 328, 469, 656, 844, 1031, 1313, 1688, 2250, 3000, 3750, 4688, 5813, 7125, 9000, 11250, 13875, 19688, 0, 0, 0, 0, 0, 0, 0, 0, 0, 0, 0, 0, 0, 0, 0, 0, 0, 0, 0, 0, 0, 0, 0, 0, 0, 0, 0, 0, 0, 0, 0, 0, 0, 0, 0, 0, 0, 0, 0, 0, 0, 0, 0, 0, 0, 0, 0, 0, 0, 0, 0, 0, 0, 0, 0, 0, 0, 0, 0, 0, 0, 0, 0, 0, 0, 0, 0, 0, 0, 0, 0, 0, 0, 0, 0, 0, 0, 0, 0, 0, 0, 0, 0, 0, 0, 0, 0, 0, 0, 0, 0, 0, 0, 0, 0, 0, 0, 0, 0, 0, 0, 0, 0, 0, 0, 0, 0, 0, 0, 0, 0, 0, 0, 0, 0, 0, 0, 0, 0, 0, 0, 0, 0, 0, 0, 0, 0, 0, 0, 0, 0, 0, 0, 0, 0, 0, 0, 0, 0, 0, 0, 0, 0, 0, 0, 0, 0, 0, 0, 0, 0, 0, 0, 0, 0, 0, 0, 0, 0, 0, 0, 0, 0, 0, 0, 0, 0, 0, 0, 0, 0, 0, 0, 0, 0, 0, 0, 0, 0, 0, 0, 0, 0, 0, 0, 0, 0, 0, 0, 0, 0, 0, 0, 0, 0, 0, 0, 0, 0, 0])
01-21 04:06:08.288   549   737 D DlbDap2Process: setParam(arbs = #81[20, 47, 141, 234, 328, 469, 656, 844, 1031, 1313, 1688, 2250, 3000, 3750, 4688, 5813, 7125, 9000, 11250, 13875, 19688, -192, -192, -192, -192, -192, -192, -192, -192, -192, -192, -192, -192, -192, -192, -192, -192, -192, -192, -192, -192, 0, 0, 0, 0, 0, 0, 0, 0, 0, 0, 0, 0, 0, 0, 0, 0, 0, 0, 0, 0, 0, 0, 0, 0, 0, 0, 0, 0, 0, 0, 0, 0, 0, 0, 0, 0, 0, 0, 0, 0])
01-21 04:06:08.317   549  3761 D DlbDap2Process: setMave(mave = 0)
01-21 04:06:08.470   549   549 D DlbDap2Process: setParam(msce = #1[0])
01-21 04:06:08.470   549   549 D DlbDap2Process: setParam(mdee = #1[0])
01-21 04:06:08.470   549   549 D DlbDap2Process: setParam(miee = #1[0])
01-21 04:06:08.470   549   549 D DlbDap2Process: setParam(mdle = #1[0])
01-21 04:06:08.470   549   549 D DlbDap2Process: setParam(dvle = #1[0])
01-21 04:06:08.470   549   549 D DlbDap2Process: setParam(mave = #1[0])
01-21 04:06:08.470   549   549 D DlbDap2Process: setParam(ieon = #1[0])
01-21 04:06:08.472   549   549 D DlbDap2Process: setParam(dom = #1[0])
01-21 04:06:08.472   549   549 D DlbDap2Process: setParam(dvle = #1[0])
01-21 04:06:08.472   549   549 D DlbDap2Process: setParam(dvme = #1[0])
01-21 04:06:08.472   549   549 D DlbDap2Process: setParam(deon = #1[0])
01-21 04:06:08.472   549   549 D DlbDap2Process: setParam(ngon = #1[0])
01-21 04:06:08.517   549  3761 D DlbDap2Process: setMave(mave = 0)
01-21 04:06:08.753   549  3761 D DlbDap2Process: process() called [101000] times
01-21 04:06:11.398   549  3761 D DlbDap2Process: process() called [101500] times
01-21 04:06:14.083   549  3761 D DlbDap2Process: process() called [102000] times
01-21 04:06:16.754   549  3761 D DlbDap2Process: process() called [102500] times
01-21 04:06:19.400   549  3761 D DlbDap2Process: process() called [103000] times
01-21 04:06:22.075   549  3761 D DlbDap2Process: process() called [103500] times
01-21 04:06:24.753   549  3761 D DlbDap2Process: process() called [104000] times
01-21 04:06:27.398   549  3761 D DlbDap2Process: process() called [104500] times
