--------- beginning of system
02-03 00:51:12.256   823  1095 I ActivityManager: Force stopping com.dolby.qa.featuretest appid=10075 user=0: from pid 17798
02-03 00:51:12.256   823  1095 I ActivityManager: Killing 17701:com.dolby.qa.featuretest/u0a75 (adj 0): stop com.dolby.qa.featuretest
02-03 00:51:12.257   823  1095 W ActivityManager: Force removing ActivityRecord{3c46132 u0 com.dolby.qa.featuretest/.MainActivity t652}: app died, no saved state
02-03 00:51:12.262   823  1095 I WindowManager: Failed to capture screenshot of Token{ee6ce83 ActivityRecord{3c46132 u0 com.dolby.qa.featuretest/.MainActivity t652 f}} appWin=Window{bfe3648 u0 com.dolby.qa.featuretest/com.dolby.qa.featuretest.MainActivity} drawState=4
02-03 00:51:12.282   823  1096 I WindowManager: WIN DEATH: Window{b895bd8 u0 Toast}
--------- beginning of main
02-03 00:51:12.283   597   597 D NuPlayerDriver: reset(0xf1bb2310) at state 5
02-03 00:51:12.284   597   597 D NuPlayerDriver: notifyListener_l(0xf1bb2310), (8, 0, 0, -1), loop setting(0, 1)
02-03 00:51:12.285   589   589 D AudioFlinger: trackStateChanged() Track id 1022 state changed to 6
02-03 00:51:12.288   602  5270 I DDP_JOCDecoder: -> ~DDPDecoder
02-03 00:51:12.288   602  5270 I DDP_JOCDecoder: -> stop
02-03 00:51:12.289   602  5270 I DDP_JOCDecoder: <- stop
02-03 00:51:12.289   602  5270 I ARenderer: ~ARenderer
02-03 00:51:12.289   602  5270 I evo_parser: evo_parser_close
02-03 00:51:12.290   602  5270 I DlbDap2QmfProcess: ~Dap2Process()
02-03 00:51:12.290   602  5270 I DlbDap2QmfProcess: close()
02-03 00:51:12.290   602  5270 I DDP_JOCDecoder: <- ~DDPDecoder
02-03 00:51:12.298   597 17760 D NuPlayerDriver: notifyResetComplete(0xf1bb2310)
02-03 00:51:12.298   597   597 D AudioTrack: stop() called with 0 frames delivered
02-03 00:51:12.307  1263  1263 D CarrierSvcBindHelper: No carrier app for: 0
02-03 00:51:12.311  2566  2566 D RegisteredNfcFServicesCache: Service unchanged, not updating
02-03 00:51:12.317   589   766 D AudioFlinger: trackStateChanged() Track id 1022 state changed to 2
02-03 00:51:12.317   589   766 I AudioFlinger: updateProcessedAudioState() Changing content processing in effect to 0
02-03 00:51:12.317   589   766 D DlbDlbEffect: handle_EFFECT_CMD_SET_PARAM()
02-03 00:51:12.318   589   766 I DlbEffectContext: setContentProcEnabled() Enabling content processing in global effect
02-03 00:51:12.319   589   766 D DlbDapEndpointParamCache: commitChangedParams()
02-03 00:51:12.319   589   766 D DlbDapEndpointParamCache: commit() Applying parameters for device 0x40000000
02-03 00:51:12.319   589   766 D DlbDap2Process: setParam(iea = #1[10])
02-03 00:51:12.319   589   766 D DlbDap2Process: setParam(msce = #1[0])
02-03 00:51:12.319   589   766 D DlbDap2Process: setParam(mdee = #1[0])
02-03 00:51:12.319   589   766 D DlbDap2Process: setParam(miee = #1[0])
02-03 00:51:12.319   589   766 D DlbDap2Process: setParam(mdle = #1[0])
02-03 00:51:12.319   589   766 D DlbDap2Process: setParam(dvle = #1[1])
02-03 00:51:12.319   589   766 D DlbDap2Process: setParam(mave = #1[0])
02-03 00:51:12.319   589   766 D DlbDap2Process: setParam(vcbf = #20[47, 141, 234, 328, 469, 656, 844, 1031, 1313, 1688, 2250, 3000, 3750, 4688, 5813, 7125, 9000, 11250, 13875, 19688])
02-03 00:51:12.319   589   766 D DlbDap2Process: setParam(vbon = #1[0])
02-03 00:51:12.319   589   766 D DlbDap2Process: setParam(beon = #1[0])
02-03 00:51:12.319   589   766 D DlbDap2Process: setParam(geon = #1[0])
02-03 00:51:12.319   589   766 D DlbDap2Process: setParam(ieon = #1[0])
02-03 00:51:12.320   589   766 D DlbDap2Process: setParam(gebs = #41[20, 47, 141, 234, 328, 469, 656, 844, 1031, 1313, 1688, 2250, 3000, 3750, 4688, 5813, 7125, 9000, 11250, 13875, 19688, 0, 0, 0, 0, 0, 0, 0, 0, 0, 0, 0, 0, 0, 0, 0, 0, 0, 0, 0, 0])
02-03 00:51:12.320   589   766 D DlbDap2Process: setParam(iebs = #41[20, 65, 136, 223, 332, 467, 634, 841, 1098, 1416, 1812, 2302, 2909, 3663, 4598, 5756, 7194, 8976, 11186, 13927, 17326, 117, 133, 188, 176, 141, 149, 175, 185, 185, 200, 236, 242, 228, 213, 182, 132, 110, 68, -27, -240])
02-03 00:51:12.320   589   766 D DlbDapEndpointParamCache: doCommit() Committed 15 parameters out of 16.
02-03 00:51:12.320   589   766 D DlbDapEndpointParamCache: commit() Overriding parameters for current device 0x00000002
02-03 00:51:12.320   589   766 D DlbDap2Process: setParam(dea = #1[7])
02-03 00:51:12.320   589   766 D DlbDap2Process: setParam(dsa = #1[10])
02-03 00:51:12.320   589   766 D DlbDap2Process: setParam(beb = #1[192])
02-03 00:51:12.320   589   766 D DlbDap2Process: setParam(plb = #1[0])
02-03 00:51:12.320   589   766 D DlbDap2Process: setParam(vmb = #1[144])
02-03 00:51:12.320   589   766 D DlbDap2Process: setParam(dsb = #1[48])
02-03 00:51:12.320   589   766 D DlbDap2Process: setParam(ded = #1[0])
02-03 00:51:12.320   589   766 D DlbDap2Process: setParam(vbm = #1[3])
02-03 00:51:12.320   589   766 D DlbDap2Process: setParam(dom = #1[0])
02-03 00:51:12.320   589   766 D DlbDap2Process: setParam(bew = #1[16])
02-03 00:51:12.320   589   766 D DlbDap2Process: setParam(dvla = #1[5])
02-03 00:51:12.320   589   766 D DlbDap2Process: setParam(arra = #1[96])
02-03 00:51:12.320   589   766 D DlbDap2Process: setParam(dfsa = #1[10])
02-03 00:51:12.320   589   766 D DlbDap2Process: setParam(dhsa = #1[10])
02-03 00:51:12.320   589   766 D DlbDap2Process: setParam(dvmc = #1[0])
02-03 00:51:12.320   589   766 D DlbDap2Process: setParam(arod = #1[0])
02-03 00:51:12.320   589   766 D DlbDap2Process: setParam(arde = #1[1])
02-03 00:51:12.320   589   766 D DlbDap2Process: setParam(dvle = #1[1])
02-03 00:51:12.320   589   766 D DlbDap2Process: setParam(dvme = #1[0])
02-03 00:51:12.320   589   766 D DlbDap2Process: setParam(becf = #1[200])
02-03 00:51:12.320   589   766 D DlbDap2Process: setParam(vbmf = #2[94, 469])
02-03 00:51:12.320   589   766 D DlbDap2Process: setParam(vbsf = #2[35, 160])
02-03 00:51:12.320   589   766 D DlbDap2Process: setParam(vbhg = #3[-32, -144, -192])
02-03 00:51:12.320   589   766 D DlbDap2Process: setParam(vbog = #1[0])
02-03 00:51:12.320   589   766 D DlbDap2Process: setParam(vbsg = #1[0])
02-03 00:51:12.320   589   766 D DlbDap2Process: setParam(dvli = #1[-320])
02-03 00:51:12.320   589   766 D DlbDap2Process: setParam(dhfm = #1[2])
02-03 00:51:12.320   589   766 D DlbDap2Process: setParam(vbon = #1[0])
02-03 00:51:12.320   589   766 D DlbDap2Process: setParam(beon = #1[0])
02-03 00:51:12.321   589   766 D DlbDap2Process: setParam(deon = #1[0])
02-03 00:51:12.321   589   766 D DlbDap2Process: setParam(ngon = #1[1])
02-03 00:51:12.321   589   766 D DlbDap2Process: setParam(aoon = #1[1])
02-03 00:51:12.321   589   766 D DlbDap2Process: setParam(aron = #1[1])
02-03 00:51:12.321   589   766 D DlbDap2Process: setParam(dvlo = #1[-320])
02-03 00:51:12.321   589   766 D DlbDap2Process: setParam(artp = #1[12])
02-03 00:51:12.321   589   766 D DlbDap2Process: setParam(aobs = #222[20, 10, 47, 141, 234, 328, 469, 656, 844, 1031, 1313, 1688, 2250, 3000, 3750, 4688, 5813, 7125, 9000, 11250, 13875, 19688, 0, 0, 0, 0, 0, 0, 0, 0, 0, 0, 0, 0, 0, 0, 0, 0, 0, 0, 0, 0, 0, 0, 0, 0, 0, 0, 0, 0, 0, 0, 0, 0, 0, 0, 0, 0, 0, 0, 0, 0, 0, 0, 0, 0, 0, 0, 0, 0, 0, 0, 0, 0, 0, 0, 0, 0, 0, 0, 0, 0, 0, 0, 0, 0, 0, 0, 0, 0, 0, 0, 0, 0, 0, 0, 0, 0, 0, 0, 0, 0, 0, 0, 0, 0, 0, 0, 0, 0, 0, 0, 0, 0, 0, 0, 0, 0, 0, 0, 0, 0, 0, 0, 0, 0, 0, 0, 0, 0, 0, 0, 0, 0, 0, 0, 0, 0, 0, 0, 0, 0, 0, 0, 0, 0, 0, 0, 0, 0, 0, 0, 0, 0, 0, 0, 0, 0, 0, 0, 0, 0, 0, 0, 0, 0, 0, 0, 0, 0, 0, 0, 0, 0, 0, 0, 0, 0, 0, 0, 0, 0, 0, 0, 0, 0, 0, 0, 0, 0, 0, 0, 0, 0, 0, 0, 0, 0, 0, 0, 0, 0, 0, 0, 0, 0, 0, 0, 0, 0, 0, 0, 0, 0, 0, 0, 0, 0, 0, 0, 0, 0])
02-03 00:51:12.322   589   766 D DlbDap2Process: setParam(arbs = #81[20, 47, 141, 234, 328, 469, 656, 844, 1031, 1313, 1688, 2250, 3000, 3750, 4688, 5813, 7125, 9000, 11250, 13875, 19688, -192, -192, -192, -192, -192, -192, -192, -192, -192, -192, -192, -192, -192, -192, -192, -192, -192, -192, -192, -192, 0, 0, 0, 0, 0, 0, 0, 0, 0, 0, 0, 0, 0, 0, 0, 0, 0, 0, 0, 0, 0, 0, 0, 0, 0, 0, 0, 0, 0, 0, 0, 0, 0, 0, 0, 0, 0, 0, 0, 0])
02-03 00:51:12.322   589   766 D DlbDapEndpointParamCache: doCommit() Committed 37 parameters out of 37.
02-03 00:51:12.334   589   766 D AudioFlinger: trackDestroyed() Track id 1022 no longer contains processed audio
02-03 00:51:12.334   589  4575 D DlbDap2Process: setMave(mave = 0)
02-03 00:51:12.380   823  1577 I ActivityManager: START u0 {flg=0x10000000 cmp=com.dolby.qa.featuretest/.MainActivity} from uid 2000
02-03 00:51:12.406   823 11658 I ActivityManager: Start proc 17804:com.dolby.qa.featuretest/u0a75 for activity com.dolby.qa.featuretest/.MainActivity
02-03 00:51:12.406 17804 17804 I zygote64: Late-enabling -Xcheck:jni
02-03 00:51:12.528   589  4575 D DlbDap2Process: process() called [806500] times
02-03 00:51:12.634 17804 17804 D featureTest: onCreate
02-03 00:51:12.693   589   766 D audio_hw_primary: disable_audio_route: usecase(1) reset and update mixer path: low-latency-playback speaker
02-03 00:51:12.707   589   766 D audio_hw_primary: disable_snd_device: snd_device(2: speaker)
02-03 00:51:12.725 17804 17804 D AudioTrack: Client defaulted notificationFrames to 962 for frameCount 1924
02-03 00:51:12.734 17804 17804 W AudioTrack: Use of stream types is deprecated for operations other than volume control
02-03 00:51:12.734 17804 17804 W AudioTrack: See the documentation of AudioTrack() for what to use instead with android.media.AudioAttributes to qualify your playback use case
02-03 00:51:12.748 17804 17804 W DolbyAudioEffect: WARNING: attaching a DolbyAudioEffect to global output mix is deprecated!
02-03 00:51:12.760 17804 17804 D featureTest: onResume
02-03 00:51:12.785 17804 17821 D OpenGLRenderer: HWUI GL Pipeline
02-03 00:51:12.823   823   848 W ActivityManager: setHasOverlayUi called on unknown pid: 17701
02-03 00:51:12.872 17804 17821 I Adreno  : QUALCOMM build                   : 7142022, Ib5823dd10c
02-03 00:51:12.872 17804 17821 I Adreno  : Build Date                       : 06/23/17
02-03 00:51:12.872 17804 17821 I Adreno  : OpenGL ES Shader Compiler Version: EV031.18.00.00
02-03 00:51:12.872 17804 17821 I Adreno  : Local Branch                     : O11A
02-03 00:51:12.872 17804 17821 I Adreno  : Remote Branch                    : 
02-03 00:51:12.872 17804 17821 I Adreno  : Remote Branch                    : 
02-03 00:51:12.872 17804 17821 I Adreno  : Reconstruct Branch               : 
02-03 00:51:12.873 17804 17821 I vndksupport: sphal namespace is not configured for this process. Loading /vendor/lib64/hw/gralloc.msm8994.so from the current namespace instead.
02-03 00:51:12.881 17804 17821 I Adreno  : PFP: 0x00000000, ME: 0x00000000
02-03 00:51:12.886 17804 17821 I OpenGLRenderer: Initialized EGL, version 1.4
02-03 00:51:12.886 17804 17821 D OpenGLRenderer: Swap behavior 2
02-03 00:51:12.919   366   366 W /system/bin/hwservicemanager: getTransportFromManifest: Cannot find entry android.hardware.graphics.mapper@2.0::IMapper in either framework or device manifest, using default transport.
02-03 00:51:12.922 17804 17821 I vndksupport: sphal namespace is not configured for this process. Loading /vendor/lib64/hw/gralloc.msm8994.so from the current namespace instead.
02-03 00:51:12.947   823   848 I ActivityManager: Displayed com.dolby.qa.featuretest/.MainActivity: +552ms
02-03 00:51:13.201  2717  3063 W OpenGLRenderer: Incorrectly called buildLayer on View: ShortcutAndWidgetContainer, destroying layer...
02-03 00:51:13.410   823   823 W NotificationService: Object died trying to hide notification android.app.ITransientNotification$Stub$Proxy@1250d68 in package com.dolby.qa.featuretest
02-03 00:51:13.410   823   823 W WindowManager: removeWindowToken: Attempted to remove non-existing token: android.os.Binder@f70bfc1
02-03 00:51:13.410   823   823 W ActivityManager: setProcessForeground called on unknown pid: 17701
02-03 00:51:13.410   823   823 W NotificationService: Object died trying to show notification android.app.ITransientNotification$Stub$Proxy@d4c9581 in package com.dolby.qa.featuretest
02-03 00:51:13.411   823   823 W ActivityManager: setProcessForeground called on unknown pid: 17701
02-03 00:51:13.411   823   823 W NotificationService: Object died trying to show notification android.app.ITransientNotification$Stub$Proxy@1ef2626 in package com.dolby.qa.featuretest
02-03 00:51:13.412   823   823 W ActivityManager: setProcessForeground called on unknown pid: 17701
02-03 00:51:13.412   823   823 W NotificationService: Object died trying to show notification android.app.ITransientNotification$Stub$Proxy@7d70267 in package com.dolby.qa.featuretest
02-03 00:51:13.463 17804 17804 D featureTest: receive broadcast , playing content location :/sdcard/featureTest/stereo_dd_25fps_channel_id.m4a
02-03 00:51:13.472 17804 17804 D featureTest: mMediaPlayer.getAudioSessionId(): 7809
02-03 00:51:13.472 17804 17804 D featureTest: Playing file: /sdcard/featureTest/stereo_dd_25fps_channel_id.m4a
02-03 00:51:13.474   597  1214 D NuPlayerDriver: NuPlayerDriver(0xf1bb2620) created, clientPid(17804)
02-03 00:51:13.475 17835 17835 W generic : type=1400 audit(0.0:2994): avc: denied { read } for path="/storage/emulated/0/featuretest/stereo_dd_25fps_channel_id.m4a" dev="sdcardfs" ino=523311 scontext=u:r:mediaextractor:s0 tcontext=u:object_r:sdcardfs:s0 tclass=file permissive=0
02-03 00:51:13.475 17804 17804 W MediaPlayer: Use of stream types is deprecated for operations other than volume control
02-03 00:51:13.476 17804 17804 W MediaPlayer: See the documentation of setAudioStreamType() for what to use instead with android.media.AudioAttributes to qualify your playback use case
02-03 00:51:13.478   597 17835 D GenericSource: FileSource remote
02-03 00:51:13.478   597 17835 W GenericSource: extractor service cannot make data source
02-03 00:51:13.478   597 17835 D GenericSource: FileSource local
02-03 00:51:13.492   597 17832 D NuPlayerDriver: notifyListener_l(0xf1bb2620), (1, 0, 0, -1), loop setting(0, 0)
02-03 00:51:13.502   597 16835 D NuPlayerDriver: start(0xf1bb2620), state is 4, eos is 0
02-03 00:51:13.502   597 17832 I GenericSource: start
02-03 00:51:13.505 17804 17804 W DolbyAudioEffect: WARNING: attaching a DolbyAudioEffect to global output mix is deprecated!
02-03 00:51:13.514   602  1204 I OMXMaster: makeComponentInstance(OMX.dolby.ac3.decoder) in android.hardwar process
02-03 00:51:13.531 17804 17804 D featureTest: receive broadcast , change ds status :1
02-03 00:51:13.548   589  6769 D DlbDlbEffect: handle_EFFECT_CMD_SET_PARAM()
02-03 00:51:13.566   602  1204 I DDP_JOCDecoder: -> init name OMX.dolby.ac3.decoder
02-03 00:51:13.568   602  1204 I DDP_JOCDecoder: <- init
02-03 00:51:13.568   602  1204 D DDP_JOCDecoder: initPorts
02-03 00:51:13.570   602 10688 E OMXNodeInstance: setConfig(0xea6a3260:dolby.ac3.decoder, ConfigPriority(0x6f800002)) ERROR: Undefined(0x80001001)
02-03 00:51:13.570   597 17840 I ACodec  : codec does not support config priority (err -2147483648)
02-03 00:51:13.570   602  1204 E OMXNodeInstance: getConfig(0xea6a3260:dolby.ac3.decoder, ConfigAndroidVendorExtension(0x6f100004)) ERROR: Undefined(0x80001001)
02-03 00:51:13.571   597 17840 I MediaCodec: MediaCodec will operate in async mode
02-03 00:51:13.572   597 17840 I ACodec  : setDolbyParameterOnProcessedAudio() Received dolby_processed_audio=1
02-03 00:51:13.572   597 17839 I NuPlayerDecoder: setDolbyMessage() Notifying player that Codec supports dolby_processed_audio flag
02-03 00:51:13.572   597 17832 I NuPlayer: onDolbyMessageReceived() Setting dolby_processed_audio flag on audio sink
02-03 00:51:13.572   597 17832 I MediaPlayerService: setDolbyParameters() Marking audio output as having dolby_processed_audio
02-03 00:51:13.573   602 10092 D DDP_JOCDecoder: internalSetParameter() Instantiating ARenderer for content processing in decoder
02-03 00:51:13.574   602 10092 I DlbDap2QmfProcess: Dap2Process()
02-03 00:51:13.574   602 10092 I ARenderer: ARenderer
02-03 00:51:13.574   602 10092 I evo_parser: evo_parser_init
02-03 00:51:13.574   602 10092 I DlbDap2QmfProcess: init()
02-03 00:51:13.574   602 10092 I DlbDap2QmfProcess: open()
02-03 00:51:13.574   602 10092 I DlbDap2QmfProcess: loadLicense() no license check!
02-03 00:51:13.574   602 10092 I DlbDap2QmfProcess: validateLicense() no license check!
02-03 00:51:13.574   602 10092 I DlbDap2QmfProcess: init() DAP opened
02-03 00:51:13.574   602 10092 I DlbDap2QmfProcess: DAP library version: 2.5.1-P2.0
02-03 00:51:13.574   602 10092 D DlbDap2QmfProcess: DAP output mode set to 1 with 2 output channels and null mix matrix.
02-03 00:51:13.575   597 17840 I ACodec  : setDolbyParameterOnProcessedAudio() Content processing enabled in decoder
02-03 00:51:13.579   602 17844 I DDP_JOCDecoder: -> start
02-03 00:51:13.580   602 17844 I EndpConfig: DAP state has changed from -1 to 1
02-03 00:51:13.580   602 17844 D DDP_JOCDecoder: Setting Max Output Channels to 2
02-03 00:51:13.580   602 17844 D DDP_JOCDecoder: setMultiChannelPCMOutDownmix mConfig->jocForceDownmixMode 0
02-03 00:51:13.580   602 17844 I udc_user: 
02-03 00:51:13.580   602 17844 I udc_user: *** DDPlus Unified Decoder Simulation  Version 1.7.3 ***
02-03 00:51:13.580   602 17844 I udc_user: 
02-03 00:51:13.580   602 17844 I udc_user: 7.1-channel decoder-converter, 
02-03 00:51:13.580   602 17844 I udc_user: 
02-03 00:51:13.580   602 17844 I udc_user: 5.1-channel dual-decoder-converter, 
02-03 00:51:13.580   602 17844 I udc_user: Karaoke unsupported, 
02-03 00:51:13.580   602 17844 I udc_user: TPNP supported. 
02-03 00:51:13.580   602 17844 I udc_user: 
02-03 00:51:13.580   602 17844 I udc_user: Unpublished work.  Copyright 2003-2014 Dolby Laboratories, Inc. and
02-03 00:51:13.580   602 17844 I udc_user: Dolby Laboratories Licensing Corporation.  All Rights Reserved.
02-03 00:51:13.580   602 17844 I udc_user: 
02-03 00:51:13.580   602 17844 I udc_user: USE OF THIS SOFTWARE IS SUBJECT TO A LEGAL AGREEMENT BETWEEN YOU AND DOLBY
02-03 00:51:13.580   602 17844 I udc_user: LABORATORIES. DO NOT USE THIS SOFTWARE UNLESS YOU AGREE TO THE TERMS AND 
02-03 00:51:13.580   602 17844 I udc_user: CONDITIONS IN THE AGREEMENT.  BY USING THIS SOFTWARE, YOU ACKNOWLEDGE THAT 
02-03 00:51:13.580   602 17844 I udc_user: YOU HAVE READ THE AGREEMENT AND THAT YOU AGREE TO BE BOUND BY ITS TERMS. 
02-03 00:51:13.580   602 17844 I udc_user: 
02-03 00:51:13.581   602 17844 I ddpdec_client_joc: ddpdec_open JOCD_MODE Buffer assignment
02-03 00:51:13.581   602 17844 D DDP_JOCDecoder: mStarted = 1
02-03 00:51:13.581   602 17844 I DDP_JOCDecoder: <- start
02-03 00:51:13.581   602 17844 D ddpdec_client_joc: ddpdec_client.c|int configDecoder()
02-03 00:51:13.582   602 17844 D DDP_JOCDecoder: Setting Max Output Channels to 2
02-03 00:51:13.584   602 17844 I DlbDap2QmfProcess: close()
02-03 00:51:13.584   602 17844 I DlbDap2QmfProcess: init()
02-03 00:51:13.584   602 17844 I DlbDap2QmfProcess: open()
02-03 00:51:13.584   602 17844 I DlbDap2QmfProcess: loadLicense() no license check!
02-03 00:51:13.584   602 17844 I DlbDap2QmfProcess: validateLicense() no license check!
02-03 00:51:13.584   602 17844 I DlbDap2QmfProcess: init() DAP opened
02-03 00:51:13.584   602 17844 I DlbDap2QmfProcess: DAP library version: 2.5.1-P2.0
02-03 00:51:13.584   602 17844 D DlbDap2QmfProcess: DAP output mode set to 1 with 2 output channels and null mix matrix.
02-03 00:51:13.584   602 17844 D ARenderer: checkAndUpdateConfig: DAP reinitialized because of sample rate change
02-03 00:51:13.584   602 17844 D ARenderer: updateDapConfig: Updating DAP configuration
02-03 00:51:13.584   602 17844 D DlbDap2QmfProcess: setParam(iea = #1[10])
02-03 00:51:13.584   602 17844 D DlbDap2QmfProcess: setParam(msce = #1[0])
02-03 00:51:13.584   602 17844 D DlbDap2QmfProcess: setParam(mdee = #1[0])
02-03 00:51:13.584   602 17844 D DlbDap2QmfProcess: setParam(miee = #1[0])
02-03 00:51:13.584   602 17844 D DlbDap2QmfProcess: setParam(mdle = #1[0])
02-03 00:51:13.584   602 17844 D DlbDap2QmfProcess: setParam(dvle = #1[1])
02-03 00:51:13.584   602 17844 D DlbDap2QmfProcess: setParam(mave = #1[0])
02-03 00:51:13.585   602 17844 D DlbDap2QmfProcess: setParam(vcbf = #20[47, 141, 234, 328, 469, 656, 844, 1031, 1313, 1688, 2250, 3000, 3750, 4688, 5813, 7125, 9000, 11250, 13875, 19688])
02-03 00:51:13.585   602 17844 D DlbDap2QmfProcess: setParam(ieon = #1[0])
02-03 00:51:13.585   602 17844 D DlbDap2QmfProcess: setParam(gebs = #41[20, 47, 141, 234, 328, 469, 656, 844, 1031, 1313, 1688, 2250, 3000, 3750, 4688, 5813, 7125, 9000, 11250, 13875, 19688, 0, 0, 0, 0, 0, 0, 0, 0, 0, 0, 0, 0, 0, 0, 0, 0, 0, 0, 0, 0])
02-03 00:51:13.585   602 17844 D DlbDap2QmfProcess: setParam(iebs = #41[20, 65, 136, 223, 332, 467, 634, 841, 1098, 1416, 1812, 2302, 2909, 3663, 4598, 5756, 7194, 8976, 11186, 13927, 17326, 117, 133, 188, 176, 141, 149, 175, 185, 185, 200, 236, 242, 228, 213, 182, 132, 110, 68, -27, -240])
02-03 00:51:13.585   602 17844 D DlbDap2QmfProcess: setParam(dea = #1[7])
02-03 00:51:13.585   602 17844 D DlbDap2QmfProcess: setParam(dsa = #1[10])
02-03 00:51:13.585   602 17844 D DlbDap2QmfProcess: setParam(beb = #1[192])
02-03 00:51:13.585   602 17844 D DlbDap2QmfProcess: setParam(plb = #1[0])
02-03 00:51:13.585   602 17844 D DlbDap2QmfProcess: setParam(vmb = #1[144])
02-03 00:51:13.585   602 17844 D DlbDap2QmfProcess: setParam(dsb = #1[48])
02-03 00:51:13.585   602 17844 D DlbDap2QmfProcess: setParam(ded = #1[0])
02-03 00:51:13.585   602 17844 D DlbDap2QmfProcess: setParam(dom = #1[0])
02-03 00:51:13.585   602 17844 D DlbDap2QmfProcess: setParam(bew = #1[16])
02-03 00:51:13.585   602 17844 D DlbDap2QmfProcess: setParam(dvla = #1[5])
02-03 00:51:13.585   602 17844 D DlbDap2QmfProcess: setParam(dfsa = #1[10])
02-03 00:51:13.585   602 17844 D DlbDap2QmfProcess: setParam(dhsa = #1[10])
02-03 00:51:13.585   602 17844 D DlbDap2QmfProcess: setParam(dvmc = #1[0])
02-03 00:51:13.585   602 17844 D DlbDap2QmfProcess: setParam(dvle = #1[1])
02-03 00:51:13.585   602 17844 D DlbDap2QmfProcess: setParam(dvme = #1[0])
02-03 00:51:13.585   602 17844 D DlbDap2QmfProcess: setParam(becf = #1[200])
02-03 00:51:13.585   602 17844 D DlbDap2QmfProcess: setParam(vbmf = #2[94, 469])
02-03 00:51:13.585   602 17844 D DlbDap2QmfProcess: setParam(vbsf = #2[35, 160])
02-03 00:51:13.585   602 17844 D DlbDap2QmfProcess: setParam(vbhg = #3[-32, -144, -192])
02-03 00:51:13.585   602 17844 D DlbDap2QmfProcess: setParam(vbog = #1[0])
02-03 00:51:13.585   602 17844 D DlbDap2QmfProcess: setParam(vbsg = #1[0])
02-03 00:51:13.585   602 17844 D DlbDap2QmfProcess: setParam(dvli = #1[-320])
02-03 00:51:13.585   602 17844 D DlbDap2QmfProcess: setParam(dhfm = #1[2])
02-03 00:51:13.585   602 17844 D DlbDap2QmfProcess: setParam(deon = #1[0])
02-03 00:51:13.585   602 17844 D DlbDap2QmfProcess: setParam(ngon = #1[1])
02-03 00:51:13.585   602 17844 D DlbDap2QmfProcess: setParam(dvlo = #1[-320])
02-03 00:51:13.586   602 17844 D DlbDap2QmfProcess: setParam(aobs = #222[20, 10, 47, 141, 234, 328, 469, 656, 844, 1031, 1313, 1688, 2250, 3000, 3750, 4688, 5813, 7125, 9000, 11250, 13875, 19688, 0, 0, 0, 0, 0, 0, 0, 0, 0, 0, 0, 0, 0, 0, 0, 0, 0, 0, 0, 0, 0, 0, 0, 0, 0, 0, 0, 0, 0, 0, 0, 0, 0, 0, 0, 0, 0, 0, 0, 0, 0, 0, 0, 0, 0, 0, 0, 0, 0, 0, 0, 0, 0, 0, 0, 0, 0, 0, 0, 0, 0, 0, 0, 0, 0, 0, 0, 0, 0, 0, 0, 0, 0, 0, 0, 0, 0, 0, 0, 0, 0, 0, 0, 0, 0, 0, 0, 0, 0, 0, 0, 0, 0, 0, 0, 0, 0, 0, 0, 0, 0, 0, 0, 0, 0, 0, 0, 0, 0, 0, 0, 0, 0, 0, 0, 0, 0, 0, 0, 0, 0, 0, 0, 0, 0, 0, 0, 0, 0, 0, 0, 0, 0, 0, 0, 0, 0, 0, 0, 0, 0, 0, 0, 0, 0, 0, 0, 0, 0, 0, 0, 0, 0, 0, 0, 0, 0, 0, 0, 0, 0, 0, 0, 0, 0, 0, 0, 0, 0, 0, 0, 0, 0, 0, 0, 0, 0, 0, 0, 0, 0, 0, 0, 0, 0, 0, 0, 0, 0, 0, 0, 0, 0, 0, 0, 0, 0, 0, 0, 0])
02-03 00:51:13.586   602 17844 D DlbDap2QmfProcess: setParam(dvle = #1[1])
02-03 00:51:13.586   602 17844 D DlbDap2QmfProcess: setParam(dvli = #1[-496])
02-03 00:51:13.586   602 17844 D DlbDap2QmfProcess: setParam(dvlo = #1[-176])
02-03 00:51:13.586   602 17844 D ARenderer: updateDapVolumeLeveler: Setting output level to -11.00dB
02-03 00:51:13.586   602 17844 D DlbDap2QmfProcess: setParam(vmb = #1[0])
02-03 00:51:13.586   602 17844 D DlbDap2QmfProcess: setParam(preg = #1[-384])
02-03 00:51:13.586   602 17844 D DlbDap2QmfProcess: setParam(vol = #1[384])
02-03 00:51:13.586   602 17844 D DlbDlbBufferProvider: setConfig() Updating buffer configuration.
02-03 00:51:13.586   602 17844 D DlbDap2QmfProcess: processQmf() called [0] times
02-03 00:51:13.586   602 17844 D DlbDap2QmfProcess: setMave(mave = 0)
02-03 00:51:13.596   597 17838 D AudioTrack: Client defaulted notificationFrames to 12000 for frameCount 24000
02-03 00:51:13.596   589  6769 I AudioFlinger: attachAuxEffect(): Marking track 1024 as containing processed audio
02-03 00:51:13.596   589  6769 D AudioFlinger: trackContainsProcessedAudio() Track id 1024 contains processed audio
02-03 00:51:13.597   589   589 D AudioFlinger: trackStateChanged() Track id 1024 state changed to 6
02-03 00:51:13.597   589   589 I AudioFlinger: updateProcessedAudioState() Changing content processing in effect to 1
02-03 00:51:13.597   589   589 D DlbDlbEffect: handle_EFFECT_CMD_SET_PARAM()
02-03 00:51:13.599   589   589 I DlbEffectContext: setContentProcEnabled() Disabling content processing in effect
02-03 00:51:13.599   589   589 D DlbDapEndpointParamCache: commitChangedParams()
02-03 00:51:13.599   589   589 D DlbDapEndpointParamCache: commit() Applying parameters for device 0x40000000
02-03 00:51:13.599   589   589 D DlbDap2Process: setParam(msce = #1[0])
02-03 00:51:13.599   589   589 D DlbDap2Process: setParam(mdee = #1[0])
02-03 00:51:13.599   589   589 D DlbDap2Process: setParam(miee = #1[0])
02-03 00:51:13.599   589   589 D DlbDap2Process: setParam(mdle = #1[0])
02-03 00:51:13.599   589   589 D DlbDap2Process: setParam(dvle = #1[0])
02-03 00:51:13.599   589   589 D DlbDap2Process: setParam(mave = #1[0])
02-03 00:51:13.599   589   589 D DlbDap2Process: setParam(ieon = #1[0])
02-03 00:51:13.599   589   589 D DlbDapEndpointParamCache: doCommit() Committed 7 parameters out of 16.
02-03 00:51:13.599   589   589 D DlbDapEndpointParamCache: commit() Overriding parameters for current device 0x00000002
02-03 00:51:13.599   589   589 D DlbDap2Process: setParam(dom = #1[0])
02-03 00:51:13.599   589   589 D DlbDap2Process: setParam(dvle = #1[0])
02-03 00:51:13.599   589   589 D DlbDap2Process: setParam(dvme = #1[0])
02-03 00:51:13.599   589   589 D DlbDap2Process: setParam(deon = #1[0])
02-03 00:51:13.599   589   589 D DlbDap2Process: setParam(ngon = #1[0])
02-03 00:51:13.599   589   589 D DlbDapEndpointParamCache: doCommit() Committed 5 parameters out of 37.
02-03 00:51:13.600   597 17832 D NuPlayerDriver: notifyListener_l(0xf1bb2620), (6, 0, 0, -1), loop setting(0, 1)
02-03 00:51:13.601   589  4575 D DlbDap2Process: setMave(mave = 0)
02-03 00:51:13.607 17804 17804 D featureTest: receive broadcast , change ds profile id :5
02-03 00:51:13.612   589  6770 D audio_hw_primary: enable_snd_device: snd_device(2: speaker)
02-03 00:51:13.613   589  4822 D DlbDlbEffect: handle_EFFECT_CMD_SET_PARAM()
02-03 00:51:13.615   589  6770 D audio_hw_primary: enable_audio_route: usecase(1) apply and update mixer path: low-latency-playback speaker
02-03 00:51:13.663 17804 17804 D featureTest: receive broadcast , change bass enable :1
02-03 00:51:13.670   589  7203 D DlbDlbEffect: handle_EFFECT_CMD_SET_PARAM()
02-03 00:51:13.689   589  4575 I DlbEffectDap: setParam() Start crossfade with VB enabled state 1
02-03 00:51:13.690   589  4575 D DlbDapCrossfadeProcess: setEnabled transitioning from DAP_ACTIVE state to FADE_TO_BYPASS
02-03 00:51:13.690   589  4575 D DlbDapEndpointParamCache: commitChangedParams()
02-03 00:51:13.690   589  4575 D DlbDapEndpointParamCache: commit() Applying parameters for device 0x40000000
02-03 00:51:13.690   589  4575 D DlbDap2Process: setParam(iea = #1[10])
02-03 00:51:13.690   589  4575 D DlbDap2Process: setParam(vcbf = #20[47, 141, 234, 328, 469, 656, 844, 1031, 1313, 1688, 2250, 3000, 3750, 4688, 5813, 7125, 9000, 11250, 13875, 19688])
02-03 00:51:13.690   589  4575 D DlbDap2Process: setParam(vbon = #1[1])
02-03 00:51:13.690   589  4575 D DlbDap2Process: setParam(beon = #1[1])
02-03 00:51:13.690   589  4575 D DlbDap2Process: setParam(geon = #1[0])
02-03 00:51:13.690   589  4575 D DlbDap2Process: setParam(gebs = #41[20, 47, 141, 234, 328, 469, 656, 844, 1031, 1313, 1688, 2250, 3000, 3750, 4688, 5813, 7125, 9000, 11250, 13875, 19688, 0, 0, 0, 0, 0, 0, 0, 0, 0, 0, 0, 0, 0, 0, 0, 0, 0, 0, 0, 0])
02-03 00:51:13.690   589  4575 D DlbDap2Process: setParam(iebs = #41[20, 65, 136, 223, 332, 467, 634, 841, 1098, 1416, 1812, 2302, 2909, 3663, 4598, 5756, 7194, 8976, 11186, 13927, 17326, 117, 133, 188, 176, 141, 149, 175, 185, 185, 200, 236, 242, 228, 213, 182, 132, 110, 68, -27, -240])
02-03 00:51:13.690   589  4575 D DlbDapEndpointParamCache: doCommit() Committed 8 parameters out of 16.
02-03 00:51:13.690   589  4575 D DlbDapEndpointParamCache: commit() Overriding parameters for current device 0x00000002
02-03 00:51:13.691   589  4575 D DlbDap2Process: setParam(dea = #1[7])
02-03 00:51:13.691   589  4575 D DlbDap2Process: setParam(dsa = #1[10])
02-03 00:51:13.691   589  4575 D DlbDap2Process: setParam(beb = #1[192])
02-03 00:51:13.691   589  4575 D DlbDap2Process: setParam(plb = #1[0])
02-03 00:51:13.691   589  4575 D DlbDap2Process: setParam(vmb = #1[144])
02-03 00:51:13.691   589  4575 D DlbDap2Process: setParam(dsb = #1[48])
02-03 00:51:13.691   589  4575 D DlbDap2Process: setParam(ded = #1[0])
02-03 00:51:13.691   589  4575 D DlbDap2Process: setParam(vbm = #1[3])
02-03 00:51:13.691   589  4575 D DlbDap2Process: setParam(bew = #1[16])
02-03 00:51:13.691   589  4575 D DlbDap2Process: setParam(dvla = #1[5])
02-03 00:51:13.691   589  4575 D DlbDap2Process: setParam(arra = #1[96])
02-03 00:51:13.691   589  4575 D DlbDap2Process: setParam(dfsa = #1[10])
02-03 00:51:13.691   589  4575 D DlbDap2Process: setParam(dhsa = #1[10])
02-03 00:51:13.691   589  4575 D DlbDap2Process: setParam(dvmc = #1[0])
02-03 00:51:13.691   589  4575 D DlbDap2Process: setParam(arod = #1[0])
02-03 00:51:13.691   589  4575 D DlbDap2Process: setParam(arde = #1[1])
02-03 00:51:13.691   589  4575 D DlbDap2Process: setParam(becf = #1[200])
02-03 00:51:13.691   589  4575 D DlbDap2Process: setParam(vbmf = #2[94, 469])
02-03 00:51:13.691   589  4575 D DlbDap2Process: setParam(vbsf = #2[35, 160])
02-03 00:51:13.691   589  4575 D DlbDap2Process: setParam(vbhg = #3[-32, -144, -192])
02-03 00:51:13.691   589  4575 D DlbDap2Process: setParam(vbog = #1[0])
02-03 00:51:13.691   589  4575 D DlbDap2Process: setParam(vbsg = #1[0])
02-03 00:51:13.691   589  4575 D DlbDap2Process: setParam(dvli = #1[-320])
02-03 00:51:13.691   589  4575 D DlbDap2Process: setParam(dhfm = #1[2])
02-03 00:51:13.691   589  4575 D DlbDap2Process: setParam(vbon = #1[1])
02-03 00:51:13.691   589  4575 D DlbDap2Process: setParam(beon = #1[1])
02-03 00:51:13.691   589  4575 D DlbDap2Process: setParam(aoon = #1[1])
02-03 00:51:13.691   589  4575 D DlbDap2Process: setParam(aron = #1[1])
02-03 00:51:13.691   589  4575 D DlbDap2Process: setParam(dvlo = #1[-320])
02-03 00:51:13.691   589  4575 D DlbDap2Process: setParam(artp = #1[12])
02-03 00:51:13.692   589  4575 D DlbDap2Process: setParam(aobs = #222[20, 10, 47, 141, 234, 328, 469, 656, 844, 1031, 1313, 1688, 2250, 3000, 3750, 4688, 5813, 7125, 9000, 11250, 13875, 19688, 0, 0, 0, 0, 0, 0, 0, 0, 0, 0, 0, 0, 0, 0, 0, 0, 0, 0, 0, 0, 0, 0, 0, 0, 0, 0, 0, 0, 0, 0, 0, 0, 0, 0, 0, 0, 0, 0, 0, 0, 0, 0, 0, 0, 0, 0, 0, 0, 0, 0, 0, 0, 0, 0, 0, 0, 0, 0, 0, 0, 0, 0, 0, 0, 0, 0, 0, 0, 0, 0, 0, 0, 0, 0, 0, 0, 0, 0, 0, 0, 0, 0, 0, 0, 0, 0, 0, 0, 0, 0, 0, 0, 0, 0, 0, 0, 0, 0, 0, 0, 0, 0, 0, 0, 0, 0, 0, 0, 0, 0, 0, 0, 0, 0, 0, 0, 0, 0, 0, 0, 0, 0, 0, 0, 0, 0, 0, 0, 0, 0, 0, 0, 0, 0, 0, 0, 0, 0, 0, 0, 0, 0, 0, 0, 0, 0, 0, 0, 0, 0, 0, 0, 0, 0, 0, 0, 0, 0, 0, 0, 0, 0, 0, 0, 0, 0, 0, 0, 0, 0, 0, 0, 0, 0, 0, 0, 0, 0, 0, 0, 0, 0, 0, 0, 0, 0, 0, 0, 0, 0, 0, 0, 0, 0, 0, 0, 0, 0, 0, 0])
02-03 00:51:13.692   589  4575 D DlbDap2Process: setParam(arbs = #81[20, 47, 141, 234, 328, 469, 656, 844, 1031, 1313, 1688, 2250, 3000, 3750, 4688, 5813, 7125, 9000, 11250, 13875, 19688, -192, -192, -192, -192, -192, -192, -192, -192, -192, -192, -192, -192, -192, -192, -192, -192, -192, -192, -192, -192, 0, 0, 0, 0, 0, 0, 0, 0, 0, 0, 0, 0, 0, 0, 0, 0, 0, 0, 0, 0, 0, 0, 0, 0, 0, 0, 0, 0, 0, 0, 0, 0, 0, 0, 0, 0, 0, 0, 0, 0])
02-03 00:51:13.692   589  4575 D DlbDapEndpointParamCache: doCommit() Committed 32 parameters out of 37.
02-03 00:51:13.717 17804 17804 D featureTest: receive broadcast , record log :0
02-03 00:51:13.768 17804 17804 D featureTest: receive broadcast , playing content location :/sdcard/featureTest/stereo_dd_25fps_channel_id.m4a
02-03 00:51:13.770   597  1205 D NuPlayerDriver: stop(0xf1bb2620)
02-03 00:51:13.770   597  1205 D NuPlayerDriver: notifyListener_l(0xf1bb2620), (8, 0, 0, -1), loop setting(0, 1)
02-03 00:51:13.772   597  1214 D NuPlayerDriver: reset(0xf1bb2620) at state 8
02-03 00:51:13.777   602 10688 I DDP_JOCDecoder: -> ~DDPDecoder
02-03 00:51:13.777   602 10688 I DDP_JOCDecoder: -> stop
02-03 00:51:13.778   602 10688 I DDP_JOCDecoder: <- stop
02-03 00:51:13.778   602 10688 I ARenderer: ~ARenderer
02-03 00:51:13.778   602 10688 I evo_parser: evo_parser_close
02-03 00:51:13.778   602 10688 I DlbDap2QmfProcess: ~Dap2Process()
02-03 00:51:13.778   602 10688 I DlbDap2QmfProcess: close()
02-03 00:51:13.778   602 10688 I DDP_JOCDecoder: <- ~DDPDecoder
02-03 00:51:13.787   597 17832 D NuPlayerDriver: notifyResetComplete(0xf1bb2620)
02-03 00:51:13.787   597   597 D NuPlayerDriver: reset(0xf1bb2620) at state 0
02-03 00:51:13.789 17804 17804 V MediaPlayer: resetDrmState:  mDrmInfo=null mDrmProvisioningThread=null mPrepareDrmInProgress=false mActiveDrmScheme=false
02-03 00:51:13.789   589  4575 D DlbDapCrossfadeProcess: process transitioning from FADE_TO_BYPASS state to DAP_BYPASSED
02-03 00:51:13.789 17804 17804 V MediaPlayer: cleanDrmObj: mDrmObj=null mDrmSessionId=null
02-03 00:51:13.791 17804 17804 V MediaPlayer: resetDrmState:  mDrmInfo=null mDrmProvisioningThread=null mPrepareDrmInProgress=false mActiveDrmScheme=false
02-03 00:51:13.791 17804 17804 V MediaPlayer: cleanDrmObj: mDrmObj=null mDrmSessionId=null
02-03 00:51:13.797 17804 17804 D featureTest: mMediaPlayer.getAudioSessionId(): 7817
02-03 00:51:13.797 17804 17804 D featureTest: Playing file: /sdcard/featureTest/stereo_dd_25fps_channel_id.m4a
02-03 00:51:13.798   597 16835 D NuPlayerDriver: NuPlayerDriver(0xf1bb2af0) created, clientPid(17804)
02-03 00:51:13.801 17863 17863 W generic : type=1400 audit(0.0:2995): avc: denied { read } for path="/storage/emulated/0/featuretest/stereo_dd_25fps_channel_id.m4a" dev="sdcardfs" ino=523311 scontext=u:r:mediaextractor:s0 tcontext=u:object_r:sdcardfs:s0 tclass=file permissive=0
02-03 00:51:13.801 17804 17804 W MediaPlayer: Use of stream types is deprecated for operations other than volume control
02-03 00:51:13.801 17804 17804 W MediaPlayer: See the documentation of setAudioStreamType() for what to use instead with android.media.AudioAttributes to qualify your playback use case
02-03 00:51:13.803   597 17863 D GenericSource: FileSource remote
02-03 00:51:13.804   597 17863 W GenericSource: extractor service cannot make data source
02-03 00:51:13.804   597 17863 D GenericSource: FileSource local
02-03 00:51:13.818   589  4575 I DlbEffectDap: setVbEnabled() Reset DAP with VB enabled state 1
02-03 00:51:13.818   589  4575 I DlbDapCrossfadeProcess: reset()
02-03 00:51:13.818   589  4575 I DlbDapBufferAdapter: reset()
02-03 00:51:13.818   589  4575 I DlbDap2Process: close()
02-03 00:51:13.818   589  4575 I DlbDap2Process: init()
02-03 00:51:13.818   589  4575 I DlbDap2Process: open()
02-03 00:51:13.819   589  4575 I DlbDap2Process: loadLicense() no license check!
02-03 00:51:13.819   589  4575 I DlbDap2Process: validateLicense() no license check!
02-03 00:51:13.819   589  4575 I DlbDap2Process: init() DAP opened
02-03 00:51:13.819   589  4575 I DlbDap2Process: DAP library version: 2.5.1-P2.0
02-03 00:51:13.819   589  4575 D DlbDap2Process: DAP output mode set to 1 with 2 output channels and null mix matrix.
02-03 00:51:13.819   589  4575 D DlbDapEndpointParamCache: commitAllParams()
02-03 00:51:13.819   589  4575 D DlbDapEndpointParamCache: commit() Applying parameters for device 0x40000000
02-03 00:51:13.819   589  4575 D DlbDap2Process: setParam(iea = #1[10])
02-03 00:51:13.819   589  4575 D DlbDap2Process: setParam(msce = #1[0])
02-03 00:51:13.819   589  4575 D DlbDap2Process: setParam(mdee = #1[0])
02-03 00:51:13.819   589  4575 D DlbDap2Process: setParam(miee = #1[0])
02-03 00:51:13.819   589  4575 D DlbDap2Process: setParam(mdle = #1[0])
02-03 00:51:13.819   589  4575 D DlbDap2Process: setParam(dvle = #1[0])
02-03 00:51:13.819   589  4575 D DlbDap2Process: setParam(mave = #1[0])
02-03 00:51:13.819   589  4575 D DlbDap2Process: setParam(vcbf = #20[47, 141, 234, 328, 469, 656, 844, 1031, 1313, 1688, 2250, 3000, 3750, 4688, 5813, 7125, 9000, 11250, 13875, 19688])
02-03 00:51:13.819   589  4575 D DlbDap2Process: setParam(preg = #1[-758])
02-03 00:51:13.819   589  4575 D DlbDap2Process: setParam(vbon = #1[1])
02-03 00:51:13.819   589  4575 D DlbDap2Process: setParam(beon = #1[1])
02-03 00:51:13.819   589  4575 D DlbDap2Process: setParam(geon = #1[0])
02-03 00:51:13.819   589  4575 D DlbDap2Process: setParam(ieon = #1[0])
02-03 00:51:13.819   589  4575 D DlbDap2Process: setParam(gebs = #41[20, 47, 141, 234, 328, 469, 656, 844, 1031, 1313, 1688, 2250, 3000, 3750, 4688, 5813, 7125, 9000, 11250, 13875, 19688, 0, 0, 0, 0, 0, 0, 0, 0, 0, 0, 0, 0, 0, 0, 0, 0, 0, 0, 0, 0])
02-03 00:51:13.819   589  4575 D DlbDap2Process: setParam(iebs = #41[20, 65, 136, 223, 332, 467, 634, 841, 1098, 1416, 1812, 2302, 2909, 3663, 4598, 5756, 7194, 8976, 11186, 13927, 17326, 117, 133, 188, 176, 141, 149, 175, 185, 185, 200, 236, 242, 228, 213, 182, 132, 110, 68, -27, -240])
02-03 00:51:13.819   589  4575 D DlbDapEndpointParamCache: doCommit() Committed 16 parameters out of 16.
02-03 00:51:13.819   589  4575 D DlbDapEndpointParamCache: commit() Overriding parameters for current device 0x00000002
02-03 00:51:13.819   589  4575 D DlbDap2Process: setParam(dea = #1[7])
02-03 00:51:13.820   589  4575 D DlbDap2Process: setParam(dsa = #1[10])
02-03 00:51:13.820   589  4575 D DlbDap2Process: setParam(beb = #1[192])
02-03 00:51:13.820   589  4575 D DlbDap2Process: setParam(plb = #1[0])
02-03 00:51:13.820   589  4575 D DlbDap2Process: setParam(vmb = #1[144])
02-03 00:51:13.820   589  4575 D DlbDap2Process: setParam(dsb = #1[48])
02-03 00:51:13.820   589  4575 D DlbDap2Process: setParam(ded = #1[0])
02-03 00:51:13.820   589  4575 D DlbDap2Process: setParam(vbm = #1[3])
02-03 00:51:13.820   589  4575 D DlbDap2Process: setParam(dom = #1[0])
02-03 00:51:13.820   589  4575 D DlbDap2Process: setParam(bew = #1[16])
02-03 00:51:13.820   589  4575 D DlbDap2Process: setParam(dvla = #1[5])
02-03 00:51:13.820   589  4575 D DlbDap2Process: setParam(arra = #1[96])
02-03 00:51:13.820   589  4575 D DlbDap2Process: setParam(dfsa = #1[10])
02-03 00:51:13.820   589  4575 D DlbDap2Process: setParam(dhsa = #1[10])
02-03 00:51:13.820   589  4575 D DlbDap2Process: setParam(dvmc = #1[0])
02-03 00:51:13.820   589  4575 D DlbDap2Process: setParam(arod = #1[0])
02-03 00:51:13.820   589  4575 D DlbDap2Process: setParam(arde = #1[1])
02-03 00:51:13.820   589  4575 D DlbDap2Process: setParam(dvle = #1[0])
02-03 00:51:13.820   589  4575 D DlbDap2Process: setParam(dvme = #1[0])
02-03 00:51:13.820   589  4575 D DlbDap2Process: setParam(becf = #1[200])
02-03 00:51:13.820   589  4575 D DlbDap2Process: setParam(vbmf = #2[94, 469])
02-03 00:51:13.820   589  4575 D DlbDap2Process: setParam(vbsf = #2[35, 160])
02-03 00:51:13.820   589  4575 D DlbDap2Process: setParam(vbhg = #3[-32, -144, -192])
02-03 00:51:13.820   589  4575 D DlbDap2Process: setParam(vbog = #1[0])
02-03 00:51:13.820   589  4575 D DlbDap2Process: setParam(vbsg = #1[0])
02-03 00:51:13.820   589  4575 D DlbDap2Process: setParam(dvli = #1[-320])
02-03 00:51:13.820   589  4575 D DlbDap2Process: setParam(dhfm = #1[2])
02-03 00:51:13.820   589  4575 D DlbDap2Process: setParam(vbon = #1[1])
02-03 00:51:13.820   589  4575 D DlbDap2Process: setParam(beon = #1[1])
02-03 00:51:13.820   589  4575 D DlbDap2Process: setParam(deon = #1[0])
02-03 00:51:13.820   589  4575 D DlbDap2Process: setParam(ngon = #1[0])
02-03 00:51:13.820   589  4575 D DlbDap2Process: setParam(aoon = #1[1])
02-03 00:51:13.820   589  4575 D DlbDap2Process: setParam(aron = #1[1])
02-03 00:51:13.820   589  4575 D DlbDap2Process: setParam(dvlo = #1[-320])
02-03 00:51:13.820   589  4575 D DlbDap2Process: setParam(artp = #1[12])
02-03 00:51:13.821   589  4575 D DlbDap2Process: setParam(aobs = #222[20, 10, 47, 141, 234, 328, 469, 656, 844, 1031, 1313, 1688, 2250, 3000, 3750, 4688, 5813, 7125, 9000, 11250, 13875, 19688, 0, 0, 0, 0, 0, 0, 0, 0, 0, 0, 0, 0, 0, 0, 0, 0, 0, 0, 0, 0, 0, 0, 0, 0, 0, 0, 0, 0, 0, 0, 0, 0, 0, 0, 0, 0, 0, 0, 0, 0, 0, 0, 0, 0, 0, 0, 0, 0, 0, 0, 0, 0, 0, 0, 0, 0, 0, 0, 0, 0, 0, 0, 0, 0, 0, 0, 0, 0, 0, 0, 0, 0, 0, 0, 0, 0, 0, 0, 0, 0, 0, 0, 0, 0, 0, 0, 0, 0, 0, 0, 0, 0, 0, 0, 0, 0, 0, 0, 0, 0, 0, 0, 0, 0, 0, 0, 0, 0, 0, 0, 0, 0, 0, 0, 0, 0, 0, 0, 0, 0, 0, 0, 0, 0, 0, 0, 0, 0, 0, 0, 0, 0, 0, 0, 0, 0, 0, 0, 0, 0, 0, 0, 0, 0, 0, 0, 0, 0, 0, 0, 0, 0, 0, 0, 0, 0, 0, 0, 0, 0, 0, 0, 0, 0, 0, 0, 0, 0, 0, 0, 0, 0, 0, 0, 0, 0, 0, 0, 0, 0, 0, 0, 0, 0, 0, 0, 0, 0, 0, 0, 0, 0, 0, 0, 0, 0, 0, 0, 0, 0])
02-03 00:51:13.821   589  4575 D DlbDap2Process: setParam(arbs = #81[20, 47, 141, 234, 328, 469, 656, 844, 1031, 1313, 1688, 2250, 3000, 3750, 4688, 5813, 7125, 9000, 11250, 13875, 19688, -192, -192, -192, -192, -192, -192, -192, -192, -192, -192, -192, -192, -192, -192, -192, -192, -192, -192, -192, -192, 0, 0, 0, 0, 0, 0, 0, 0, 0, 0, 0, 0, 0, 0, 0, 0, 0, 0, 0, 0, 0, 0, 0, 0, 0, 0, 0, 0, 0, 0, 0, 0, 0, 0, 0, 0, 0, 0, 0, 0])
02-03 00:51:13.821   589  4575 D DlbDapEndpointParamCache: doCommit() Committed 37 parameters out of 37.
02-03 00:51:13.822   589  4575 D DlbDapCrossfadeProcess: setEnabled transitioning from DAP_BYPASSED state to PREROLL_ACTIVE
02-03 00:51:13.822   597 17862 D NuPlayerDriver: notifyListener_l(0xf1bb2af0), (1, 0, 0, -1), loop setting(0, 0)
02-03 00:51:13.826   597   739 D NuPlayerDriver: start(0xf1bb2af0), state is 4, eos is 0
02-03 00:51:13.826   597 17862 I GenericSource: start
02-03 00:51:13.829 17804 17804 W DolbyAudioEffect: WARNING: attaching a DolbyAudioEffect to global output mix is deprecated!
02-03 00:51:13.833   589  4575 D DlbDap2Process: setMave(mave = 0)
02-03 00:51:13.841   602 10689 I OMXMaster: makeComponentInstance(OMX.dolby.ac3.decoder) in android.hardwar process
02-03 00:51:13.843 17804 17804 D featureTest: receive broadcast , change ds status :1
02-03 00:51:13.855   589  4822 D DlbDlbEffect: handle_EFFECT_CMD_SET_PARAM()
02-03 00:51:13.862   589   766 D AudioFlinger: trackStateChanged() Track id 1024 state changed to 2
02-03 00:51:13.862   589   766 I AudioFlinger: updateProcessedAudioState() Changing content processing in effect to 0
02-03 00:51:13.862   589   766 D DlbDlbEffect: handle_EFFECT_CMD_SET_PARAM()
02-03 00:51:13.864   589   766 I DlbEffectContext: setContentProcEnabled() Enabling content processing in global effect
02-03 00:51:13.865   589   766 D DlbDapEndpointParamCache: commitChangedParams()
02-03 00:51:13.865   589   766 D DlbDapEndpointParamCache: commit() Applying parameters for device 0x40000000
02-03 00:51:13.865   589   766 D DlbDap2Process: setParam(iea = #1[10])
02-03 00:51:13.865   589   766 D DlbDap2Process: setParam(msce = #1[0])
02-03 00:51:13.865   589   766 D DlbDap2Process: setParam(mdee = #1[0])
02-03 00:51:13.865   589   766 D DlbDap2Process: setParam(miee = #1[0])
02-03 00:51:13.865   589   766 D DlbDap2Process: setParam(mdle = #1[0])
02-03 00:51:13.865   589   766 D DlbDap2Process: setParam(dvle = #1[1])
02-03 00:51:13.865   589   766 D DlbDap2Process: setParam(mave = #1[0])
02-03 00:51:13.865   589   766 D DlbDap2Process: setParam(vcbf = #20[47, 141, 234, 328, 469, 656, 844, 1031, 1313, 1688, 2250, 3000, 3750, 4688, 5813, 7125, 9000, 11250, 13875, 19688])
02-03 00:51:13.865   589   766 D DlbDap2Process: setParam(vbon = #1[1])
02-03 00:51:13.865   589   766 D DlbDap2Process: setParam(beon = #1[1])
02-03 00:51:13.865   589   766 D DlbDap2Process: setParam(geon = #1[0])
02-03 00:51:13.865   589   766 D DlbDap2Process: setParam(ieon = #1[0])
02-03 00:51:13.865   589   766 D DlbDap2Process: setParam(gebs = #41[20, 47, 141, 234, 328, 469, 656, 844, 1031, 1313, 1688, 2250, 3000, 3750, 4688, 5813, 7125, 9000, 11250, 13875, 19688, 0, 0, 0, 0, 0, 0, 0, 0, 0, 0, 0, 0, 0, 0, 0, 0, 0, 0, 0, 0])
02-03 00:51:13.865   589   766 D DlbDap2Process: setParam(iebs = #41[20, 65, 136, 223, 332, 467, 634, 841, 1098, 1416, 1812, 2302, 2909, 3663, 4598, 5756, 7194, 8976, 11186, 13927, 17326, 117, 133, 188, 176, 141, 149, 175, 185, 185, 200, 236, 242, 228, 213, 182, 132, 110, 68, -27, -240])
02-03 00:51:13.865   589   766 D DlbDapEndpointParamCache: doCommit() Committed 15 parameters out of 16.
02-03 00:51:13.865   589   766 D DlbDapEndpointParamCache: commit() Overriding parameters for current device 0x00000002
02-03 00:51:13.865   589   766 D DlbDap2Process: setParam(dea = #1[7])
02-03 00:51:13.866   589   766 D DlbDap2Process: setParam(dsa = #1[10])
02-03 00:51:13.866   589   766 D DlbDap2Process: setParam(beb = #1[192])
02-03 00:51:13.866   589   766 D DlbDap2Process: setParam(plb = #1[0])
02-03 00:51:13.866   589   766 D DlbDap2Process: setParam(vmb = #1[144])
02-03 00:51:13.866   589   766 D DlbDap2Process: setParam(dsb = #1[48])
02-03 00:51:13.866   589   766 D DlbDap2Process: setParam(ded = #1[0])
02-03 00:51:13.866   589   766 D DlbDap2Process: setParam(vbm = #1[3])
02-03 00:51:13.866   589   766 D DlbDap2Process: setParam(dom = #1[0])
02-03 00:51:13.866   589   766 D DlbDap2Process: setParam(bew = #1[16])
02-03 00:51:13.866   589   766 D DlbDap2Process: setParam(dvla = #1[5])
02-03 00:51:13.866   589   766 D DlbDap2Process: setParam(arra = #1[96])
02-03 00:51:13.866   589   766 D DlbDap2Process: setParam(dfsa = #1[10])
02-03 00:51:13.866   589   766 D DlbDap2Process: setParam(dhsa = #1[10])
02-03 00:51:13.866   589   766 D DlbDap2Process: setParam(dvmc = #1[0])
02-03 00:51:13.866   589   766 D DlbDap2Process: setParam(arod = #1[0])
02-03 00:51:13.866   589   766 D DlbDap2Process: setParam(arde = #1[1])
02-03 00:51:13.866   589   766 D DlbDap2Process: setParam(dvle = #1[1])
02-03 00:51:13.866   589   766 D DlbDap2Process: setParam(dvme = #1[0])
02-03 00:51:13.866   589   766 D DlbDap2Process: setParam(becf = #1[200])
02-03 00:51:13.866   589   766 D DlbDap2Process: setParam(vbmf = #2[94, 469])
02-03 00:51:13.866   589   766 D DlbDap2Process: setParam(vbsf = #2[35, 160])
02-03 00:51:13.866   589   766 D DlbDap2Process: setParam(vbhg = #3[-32, -144, -192])
02-03 00:51:13.866   589   766 D DlbDap2Process: setParam(vbog = #1[0])
02-03 00:51:13.866   589   766 D DlbDap2Process: setParam(vbsg = #1[0])
02-03 00:51:13.866   589   766 D DlbDap2Process: setParam(dvli = #1[-320])
02-03 00:51:13.866   589   766 D DlbDap2Process: setParam(dhfm = #1[2])
02-03 00:51:13.866   589   766 D DlbDap2Process: setParam(vbon = #1[1])
02-03 00:51:13.866   589   766 D DlbDap2Process: setParam(beon = #1[1])
02-03 00:51:13.866   589   766 D DlbDap2Process: setParam(deon = #1[0])
02-03 00:51:13.866   589   766 D DlbDap2Process: setParam(ngon = #1[1])
02-03 00:51:13.866   589   766 D DlbDap2Process: setParam(aoon = #1[1])
02-03 00:51:13.866   589   766 D DlbDap2Process: setParam(aron = #1[1])
02-03 00:51:13.866   589   766 D DlbDap2Process: setParam(dvlo = #1[-320])
02-03 00:51:13.866   589   766 D DlbDap2Process: setParam(artp = #1[12])
02-03 00:51:13.867   589   766 D DlbDap2Process: setParam(aobs = #222[20, 10, 47, 141, 234, 328, 469, 656, 844, 1031, 1313, 1688, 2250, 3000, 3750, 4688, 5813, 7125, 9000, 11250, 13875, 19688, 0, 0, 0, 0, 0, 0, 0, 0, 0, 0, 0, 0, 0, 0, 0, 0, 0, 0, 0, 0, 0, 0, 0, 0, 0, 0, 0, 0, 0, 0, 0, 0, 0, 0, 0, 0, 0, 0, 0, 0, 0, 0, 0, 0, 0, 0, 0, 0, 0, 0, 0, 0, 0, 0, 0, 0, 0, 0, 0, 0, 0, 0, 0, 0, 0, 0, 0, 0, 0, 0, 0, 0, 0, 0, 0, 0, 0, 0, 0, 0, 0, 0, 0, 0, 0, 0, 0, 0, 0, 0, 0, 0, 0, 0, 0, 0, 0, 0, 0, 0, 0, 0, 0, 0, 0, 0, 0, 0, 0, 0, 0, 0, 0, 0, 0, 0, 0, 0, 0, 0, 0, 0, 0, 0, 0, 0, 0, 0, 0, 0, 0, 0, 0, 0, 0, 0, 0, 0, 0, 0, 0, 0, 0, 0, 0, 0, 0, 0, 0, 0, 0, 0, 0, 0, 0, 0, 0, 0, 0, 0, 0, 0, 0, 0, 0, 0, 0, 0, 0, 0, 0, 0, 0, 0, 0, 0, 0, 0, 0, 0, 0, 0, 0, 0, 0, 0, 0, 0, 0, 0, 0, 0, 0, 0, 0, 0, 0, 0, 0, 0])
02-03 00:51:13.867   589   766 D DlbDap2Process: setParam(arbs = #81[20, 47, 141, 234, 328, 469, 656, 844, 1031, 1313, 1688, 2250, 3000, 3750, 4688, 5813, 7125, 9000, 11250, 13875, 19688, -192, -192, -192, -192, -192, -192, -192, -192, -192, -192, -192, -192, -192, -192, -192, -192, -192, -192, -192, -192, 0, 0, 0, 0, 0, 0, 0, 0, 0, 0, 0, 0, 0, 0, 0, 0, 0, 0, 0, 0, 0, 0, 0, 0, 0, 0, 0, 0, 0, 0, 0, 0, 0, 0, 0, 0, 0, 0, 0, 0])
02-03 00:51:13.867   589   766 D DlbDapEndpointParamCache: doCommit() Committed 37 parameters out of 37.
02-03 00:51:13.879   589   766 D AudioFlinger: trackDestroyed() Track id 1024 no longer contains processed audio
02-03 00:51:13.882   589  4575 D DlbDap2Process: setMave(mave = 0)
02-03 00:51:13.884   589  4575 D DlbDapCrossfadeProcess: process transitioning from PREROLL_ACTIVE state to FADE_TO_ACTIVE
02-03 00:51:13.899   602 10689 I DDP_JOCDecoder: -> init name OMX.dolby.ac3.decoder
02-03 00:51:13.900   602 10689 I DDP_JOCDecoder: <- init
02-03 00:51:13.900   602 10689 D DDP_JOCDecoder: initPorts
02-03 00:51:13.902   602 10092 E OMXNodeInstance: setConfig(0xea6a3a40:dolby.ac3.decoder, ConfigPriority(0x6f800002)) ERROR: Undefined(0x80001001)
02-03 00:51:13.902   597 17868 I ACodec  : codec does not support config priority (err -2147483648)
