02-04 23:03:07.296   589  1183 D NuPlayerDriver: reset(0xe5732770) at state 5
02-04 23:03:07.297   589  1183 D NuPlayerDriver: notifyListener_l(0xe5732770), (8, 0, 0, -1), loop setting(0, 1)
02-04 23:03:07.298   581  7829 D AudioFlinger: trackStateChanged() Track id 548 state changed to 6
02-04 23:03:07.306   593  1187 I DDP_JOCDecoder: -> ~DDPDecoder
02-04 23:03:07.307   593  1187 I DDP_JOCDecoder: -> stop
02-04 23:03:07.307   593  1187 I DDP_JOCDecoder: <- stop
02-04 23:03:07.307   593  1187 I ARenderer: ~ARenderer
02-04 23:03:07.307   593  1187 I evo_parser: evo_parser_close
02-04 23:03:07.307   593  1187 I DlbDap2QmfProcess: ~Dap2Process()
02-04 23:03:07.307   593  1187 I DlbDap2QmfProcess: close()
02-04 23:03:07.308   593  1187 I DDP_JOCDecoder: <- ~DDPDecoder
02-04 23:03:07.321   589 29152 D NuPlayerDriver: notifyResetComplete(0xe5732770)
02-04 23:03:07.322   589  1183 D AudioTrack: stop() called with 0 frames delivered
02-04 23:03:07.330   581   761 D AudioFlinger: trackStateChanged() Track id 548 state changed to 2
02-04 23:03:07.330   581   761 I AudioFlinger: updateProcessedAudioState() Changing content processing in effect to 0
02-04 23:03:07.330   581   761 D DlbDlbEffect: handle_EFFECT_CMD_SET_PARAM()
02-04 23:03:07.332   581   761 I DlbEffectContext: setContentProcEnabled() Enabling content processing in global effect
02-04 23:03:07.332   581   761 D DlbDapEndpointParamCache: commitChangedParams()
02-04 23:03:07.332   581   761 D DlbDapEndpointParamCache: commit() Applying parameters for device 0x40000000
02-04 23:03:07.332   581   761 D DlbDap2Process: setParam(iea = #1[10])
02-04 23:03:07.332   581   761 D DlbDap2Process: setParam(msce = #1[1])
02-04 23:03:07.332   581   761 D DlbDap2Process: setParam(mdee = #1[1])
02-04 23:03:07.332   581   761 D DlbDap2Process: setParam(miee = #1[1])
02-04 23:03:07.332   581   761 D DlbDap2Process: setParam(mdle = #1[1])
02-04 23:03:07.332   581   761 D DlbDap2Process: setParam(dvle = #1[1])
02-04 23:03:07.333   581   761 D DlbDap2Process: setParam(mave = #1[1])
02-04 23:03:07.333   581   761 D DlbDap2Process: setParam(vcbf = #20[47, 141, 234, 328, 469, 656, 844, 1031, 1313, 1688, 2250, 3000, 3750, 4688, 5813, 7125, 9000, 11250, 13875, 19688])
02-04 23:03:07.333   581   761 D DlbDap2Process: setParam(vbon = #1[0])
02-04 23:03:07.333   581   761 D DlbDap2Process: setParam(beon = #1[0])
02-04 23:03:07.333   581   761 D DlbDap2Process: setParam(geon = #1[0])
02-04 23:03:07.333   581   761 D DlbDap2Process: setParam(ieon = #1[1])
02-04 23:03:07.333   581   761 D DlbDap2Process: setParam(gebs = #41[20, 47, 141, 234, 328, 469, 656, 844, 1031, 1313, 1688, 2250, 3000, 3750, 4688, 5813, 7125, 9000, 11250, 13875, 19688, 0, 0, 0, 0, 0, 0, 0, 0, 0, 0, 0, 0, 0, 0, 0, 0, 0, 0, 0, 0])
02-04 23:03:07.333   581   761 D DlbDap2Process: setParam(iebs = #41[20, 65, 136, 223, 332, 467, 634, 841, 1098, 1416, 1812, 2302, 2909, 3663, 4598, 5756, 7194, 8976, 11186, 13927, 17326, 117, 133, 188, 176, 141, 149, 175, 185, 185, 200, 236, 242, 228, 213, 182, 132, 110, 68, -27, -240])
02-04 23:03:07.333   581   761 D DlbDapEndpointParamCache: doCommit() Committed 15 parameters out of 16.
02-04 23:03:07.333   581   761 D DlbDapEndpointParamCache: commit() Overriding parameters for current device 0x00000002
02-04 23:03:07.333   581   761 D DlbDap2Process: setParam(dea = #1[12])
02-04 23:03:07.333   581   761 D DlbDap2Process: setParam(dsa = #1[10])
02-04 23:03:07.333   581   761 D DlbDap2Process: setParam(beb = #1[192])
02-04 23:03:07.333   581   761 D DlbDap2Process: setParam(plb = #1[0])
02-04 23:03:07.333   581   761 D DlbDap2Process: setParam(vmb = #1[144])
02-04 23:03:07.333   581   761 D DlbDap2Process: setParam(dsb = #1[96])
02-04 23:03:07.333   581   761 D DlbDap2Process: setParam(ded = #1[0])
02-04 23:03:07.333   581   761 D DlbDap2Process: setParam(vbm = #1[3])
02-04 23:03:07.333   581   761 D DlbDap2Process: DAP output mode set to 11 with 2 output channels and custom mix matrix.
02-04 23:03:07.333   581   761 D DlbDap2Process: setParam(dom = #17[1, 16384, 0, 0, 16384, 11583, 11583, 8192, 8192, 16384, 0, 0, 16384, 16384, 0, 0, 16384])
02-04 23:03:07.333   581   761 D DlbDap2Process: setParam(bew = #1[16])
02-04 23:03:07.333   581   761 D DlbDap2Process: setParam(dvla = #1[7])
02-04 23:03:07.333   581   761 D DlbDap2Process: setParam(arra = #1[96])
02-04 23:03:07.333   581   761 D DlbDap2Process: setParam(dfsa = #1[10])
02-04 23:03:07.333   581   761 D DlbDap2Process: setParam(dhsa = #1[10])
02-04 23:03:07.334   581   761 D DlbDap2Process: setParam(dvmc = #1[0])
02-04 23:03:07.334   581   761 D DlbDap2Process: setParam(arod = #1[0])
02-04 23:03:07.334   581   761 D DlbDap2Process: setParam(arde = #1[1])
02-04 23:03:07.334   581   761 D DlbDap2Process: setParam(dvle = #1[1])
02-04 23:03:07.334   581   761 D DlbDap2Process: setParam(dvme = #1[0])
02-04 23:03:07.334   581   761 D DlbDap2Process: setParam(becf = #1[200])
02-04 23:03:07.334   581   761 D DlbDap2Process: setParam(vbmf = #2[94, 469])
02-04 23:03:07.334   581   761 D DlbDap2Process: setParam(vbsf = #2[35, 160])
02-04 23:03:07.334   581   761 D DlbDap2Process: setParam(vbhg = #3[-32, -144, -192])
02-04 23:03:07.334   581   761 D DlbDap2Process: setParam(vbog = #1[0])
02-04 23:03:07.334   581   761 D DlbDap2Process: setParam(vbsg = #1[0])
02-04 23:03:07.334   581   761 D DlbDap2Process: setParam(dvli = #1[-320])
02-04 23:03:07.334   581   761 D DlbDap2Process: setParam(dhfm = #1[2])
02-04 23:03:07.334   581   761 D DlbDap2Process: setParam(vbon = #1[0])
02-04 23:03:07.334   581   761 D DlbDap2Process: setParam(beon = #1[0])
02-04 23:03:07.334   581   761 D DlbDap2Process: setParam(deon = #1[1])
02-04 23:03:07.334   581   761 D DlbDap2Process: setParam(ngon = #1[1])
02-04 23:03:07.334   581   761 D DlbDap2Process: setParam(aoon = #1[1])
02-04 23:03:07.334   581   761 D DlbDap2Process: setParam(aron = #1[1])
02-04 23:03:07.334   581   761 D DlbDap2Process: setParam(dvlo = #1[-320])
02-04 23:03:07.334   581   761 D DlbDap2Process: setParam(artp = #1[12])
02-04 23:03:07.335   581   761 D DlbDap2Process: setParam(aobs = #222[20, 10, 47, 141, 234, 328, 469, 656, 844, 1031, 1313, 1688, 2250, 3000, 3750, 4688, 5813, 7125, 9000, 11250, 13875, 19688, 0, 0, 0, 0, 0, 0, 0, 0, 0, 0, 0, 0, 0, 0, 0, 0, 0, 0, 0, 0, 0, 0, 0, 0, 0, 0, 0, 0, 0, 0, 0, 0, 0, 0, 0, 0, 0, 0, 0, 0, 0, 0, 0, 0, 0, 0, 0, 0, 0, 0, 0, 0, 0, 0, 0, 0, 0, 0, 0, 0, 0, 0, 0, 0, 0, 0, 0, 0, 0, 0, 0, 0, 0, 0, 0, 0, 0, 0, 0, 0, 0, 0, 0, 0, 0, 0, 0, 0, 0, 0, 0, 0, 0, 0, 0, 0, 0, 0, 0, 0, 0, 0, 0, 0, 0, 0, 0, 0, 0, 0, 0, 0, 0, 0, 0, 0, 0, 0, 0, 0, 0, 0, 0, 0, 0, 0, 0, 0, 0, 0, 0, 0, 0, 0, 0, 0, 0, 0, 0, 0, 0, 0, 0, 0, 0, 0, 0, 0, 0, 0, 0, 0, 0, 0, 0, 0, 0, 0, 0, 0, 0, 0, 0, 0, 0, 0, 0, 0, 0, 0, 0, 0, 0, 0, 0, 0, 0, 0, 0, 0, 0, 0, 0, 0, 0, 0, 0, 0, 0, 0, 0, 0, 0, 0, 0, 0, 0, 0, 0, 0])
02-04 23:03:07.335   581   761 D DlbDap2Process: setParam(arbs = #81[20, 47, 141, 234, 328, 469, 656, 844, 1031, 1313, 1688, 2250, 3000, 3750, 4688, 5813, 7125, 9000, 11250, 13875, 19688, -192, -192, -192, -192, -192, -192, -192, -192, -192, -192, -192, -192, -192, -192, -192, -192, -192, -192, -192, -192, 0, 0, 0, 0, 0, 0, 0, 0, 0, 0, 0, 0, 0, 0, 0, 0, 0, 0, 0, 0, 0, 0, 0, 0, 0, 0, 0, 0, 0, 0, 0, 0, 0, 0, 0, 0, 0, 0, 0, 0])
02-04 23:03:07.335   581   761 D DlbDapEndpointParamCache: doCommit() Committed 37 parameters out of 37.
02-04 23:03:07.346   581   761 D AudioFlinger: trackDestroyed() Track id 548 no longer contains processed audio
02-04 23:03:07.347   581  5115 D DlbDap2Process: setMave(mave = 1)
02-04 23:03:07.586 29217 29217 D featureTest: onCreate
02-04 23:03:07.591 29217 29217 D AudioTrack: Client defaulted notificationFrames to 962 for frameCount 1924
02-04 23:03:07.594 29217 29217 W AudioTrack: Use of stream types is deprecated for operations other than volume control
02-04 23:03:07.595 29217 29217 W AudioTrack: See the documentation of AudioTrack() for what to use instead with android.media.AudioAttributes to qualify your playback use case
02-04 23:03:07.606 29217 29217 D featureTest: onResume
02-04 23:03:08.471 29217 29217 D featureTest: receive broadcast , playing content location :/sdcard/featureTest/7ch_ddp_25fps_diff_music_01.mp4
02-04 23:03:08.481 29217 29217 D featureTest: mMediaPlayer.getAudioSessionId(): 3993
02-04 23:03:08.481 29217 29217 D featureTest: Playing file: /sdcard/featureTest/7ch_ddp_25fps_diff_music_01.mp4
02-04 23:03:08.483   589   709 D NuPlayerDriver: NuPlayerDriver(0xe3e611c0) created, clientPid(29217)
02-04 23:03:08.503   589 29246 D NuPlayerDriver: notifyListener_l(0xe3e611c0), (1, 0, 0, -1), loop setting(0, 0)
02-04 23:03:08.512   589   709 D NuPlayerDriver: start(0xe3e611c0), state is 4, eos is 0
02-04 23:03:08.525   593  1162 I OMXMaster: makeComponentInstance(OMX.dolby.eac3.decoder) in android.hardwar process
02-04 23:03:08.545 29217 29217 D featureTest: receive broadcast , change ds status :1
02-04 23:03:08.564   581   581 D DlbDlbEffect: handle_EFFECT_CMD_SET_PARAM()
02-04 23:03:08.590   593  1162 I DDP_JOCDecoder: -> init name OMX.dolby.eac3.decoder
02-04 23:03:08.591   593  1162 I DDP_JOCDecoder: <- init
02-04 23:03:08.591   593  1162 D DDP_JOCDecoder: initPorts
02-04 23:03:08.595   589 29254 I ACodec  : codec does not support config priority (err -2147483648)
02-04 23:03:08.596   589 29254 I MediaCodec: MediaCodec will operate in async mode
02-04 23:03:08.596   589 29254 I ACodec  : setDolbyParameterOnProcessedAudio() Received dolby_processed_audio=1
02-04 23:03:08.596   589 29253 I NuPlayerDecoder: setDolbyMessage() Notifying player that Codec supports dolby_processed_audio flag
02-04 23:03:08.596   589 29246 I NuPlayer: onDolbyMessageReceived() Setting dolby_processed_audio flag on audio sink
02-04 23:03:08.597   593   593 D DDP_JOCDecoder: internalSetParameter() Instantiating ARenderer for content processing in decoder
02-04 23:03:08.598   593   593 I DlbDap2QmfProcess: Dap2Process()
02-04 23:03:08.598   593   593 I ARenderer: ARenderer
02-04 23:03:08.598   593   593 I evo_parser: evo_parser_init
02-04 23:03:08.598   593   593 I DlbDap2QmfProcess: init()
02-04 23:03:08.598   593   593 I DlbDap2QmfProcess: open()
02-04 23:03:08.598   593   593 I DlbDap2QmfProcess: loadLicense() no license check!
02-04 23:03:08.598   593   593 I DlbDap2QmfProcess: validateLicense() no license check!
02-04 23:03:08.598   593   593 I DlbDap2QmfProcess: init() DAP opened
02-04 23:03:08.598   593   593 I DlbDap2QmfProcess: DAP library version: 2.5.1-P2.0
02-04 23:03:08.598   593   593 D DlbDap2QmfProcess: DAP output mode set to 1 with 2 output channels and null mix matrix.
02-04 23:03:08.598   589 29254 I ACodec  : setDolbyParameterOnProcessedAudio() Content processing enabled in decoder
02-04 23:03:08.602   593 29258 I DDP_JOCDecoder: -> start
02-04 23:03:08.603   593 29258 D DDP_JOCDecoder: Setting Max Output Channels to 2
02-04 23:03:08.603   593 29258 D DDP_JOCDecoder: setMultiChannelPCMOutDownmix mConfig->jocForceDownmixMode 0
02-04 23:03:08.603   593 29258 I udc_user: 
02-04 23:03:08.603   593 29258 I udc_user: *** DDPlus Unified Decoder Simulation  Version 1.7.3 ***
02-04 23:03:08.603   593 29258 I udc_user: 
02-04 23:03:08.603   593 29258 I udc_user: 7.1-channel decoder-converter, 
02-04 23:03:08.603   593 29258 I udc_user: 
02-04 23:03:08.603   593 29258 I udc_user: 5.1-channel dual-decoder-converter, 
02-04 23:03:08.603   593 29258 I udc_user: Karaoke unsupported, 
02-04 23:03:08.603   593 29258 I udc_user: TPNP supported. 
02-04 23:03:08.603   593 29258 I udc_user: 
02-04 23:03:08.603   593 29258 I udc_user: Unpublished work.  Copyright 2003-2014 Dolby Laboratories, Inc. and
02-04 23:03:08.603   593 29258 I udc_user: Dolby Laboratories Licensing Corporation.  All Rights Reserved.
02-04 23:03:08.603   593 29258 I udc_user: 
02-04 23:03:08.603   593 29258 I udc_user: USE OF THIS SOFTWARE IS SUBJECT TO A LEGAL AGREEMENT BETWEEN YOU AND DOLBY
02-04 23:03:08.603   593 29258 I udc_user: LABORATORIES. DO NOT USE THIS SOFTWARE UNLESS YOU AGREE TO THE TERMS AND 
02-04 23:03:08.603   593 29258 I udc_user: CONDITIONS IN THE AGREEMENT.  BY USING THIS SOFTWARE, YOU ACKNOWLEDGE THAT 
02-04 23:03:08.603   593 29258 I udc_user: YOU HAVE READ THE AGREEMENT AND THAT YOU AGREE TO BE BOUND BY ITS TERMS. 
02-04 23:03:08.603   593 29258 I udc_user: 
02-04 23:03:08.604   593 29258 I ddpdec_client_joc: ddpdec_open JOCD_MODE Buffer assignment
02-04 23:03:08.604   593 29258 D DDP_JOCDecoder: mStarted = 1
02-04 23:03:08.604   593 29258 I DDP_JOCDecoder: <- start
02-04 23:03:08.605   593 29258 D ddpdec_client_joc: ddpdec_client.c|int configDecoder()
02-04 23:03:08.606   593 29258 D DDP_JOCDecoder: Setting Max Output Channels to 2
02-04 23:03:08.607   593 29258 I DlbDap2QmfProcess: close()
02-04 23:03:08.608   593 29258 I DlbDap2QmfProcess: init()
02-04 23:03:08.608   593 29258 I DlbDap2QmfProcess: open()
02-04 23:03:08.608   593 29258 I DlbDap2QmfProcess: loadLicense() no license check!
02-04 23:03:08.608   593 29258 I DlbDap2QmfProcess: validateLicense() no license check!
02-04 23:03:08.608   593 29258 I DlbDap2QmfProcess: init() DAP opened
02-04 23:03:08.608   593 29258 I DlbDap2QmfProcess: DAP library version: 2.5.1-P2.0
02-04 23:03:08.608   593 29258 D DlbDap2QmfProcess: DAP output mode set to 1 with 2 output channels and null mix matrix.
02-04 23:03:08.608   593 29258 D ARenderer: checkAndUpdateConfig: DAP reinitialized because of sample rate change
02-04 23:03:08.608   593 29258 D ARenderer: updateDapConfig: Updating DAP configuration
02-04 23:03:08.608   593 29258 D DlbDap2QmfProcess: setParam(iea = #1[10])
02-04 23:03:08.608   593 29258 D DlbDap2QmfProcess: setParam(msce = #1[1])
02-04 23:03:08.608   593 29258 D DlbDap2QmfProcess: setParam(mdee = #1[1])
02-04 23:03:08.609   593 29258 D DlbDap2QmfProcess: setParam(miee = #1[1])
02-04 23:03:08.609   593 29258 D DlbDap2QmfProcess: setParam(mdle = #1[1])
02-04 23:03:08.609   593 29258 D DlbDap2QmfProcess: setParam(dvle = #1[1])
02-04 23:03:08.609   593 29258 D DlbDap2QmfProcess: setParam(mave = #1[1])
02-04 23:03:08.609   593 29258 D DlbDap2QmfProcess: setParam(vcbf = #20[47, 141, 234, 328, 469, 656, 844, 1031, 1313, 1688, 2250, 3000, 3750, 4688, 5813, 7125, 9000, 11250, 13875, 19688])
02-04 23:03:08.609   593 29258 D DlbDap2QmfProcess: setParam(ieon = #1[1])
02-04 23:03:08.609   593 29258 D DlbDap2QmfProcess: setParam(gebs = #41[20, 47, 141, 234, 328, 469, 656, 844, 1031, 1313, 1688, 2250, 3000, 3750, 4688, 5813, 7125, 9000, 11250, 13875, 19688, 0, 0, 0, 0, 0, 0, 0, 0, 0, 0, 0, 0, 0, 0, 0, 0, 0, 0, 0, 0])
02-04 23:03:08.609   593 29258 D DlbDap2QmfProcess: setParam(iebs = #41[20, 65, 136, 223, 332, 467, 634, 841, 1098, 1416, 1812, 2302, 2909, 3663, 4598, 5756, 7194, 8976, 11186, 13927, 17326, 117, 133, 188, 176, 141, 149, 175, 185, 185, 200, 236, 242, 228, 213, 182, 132, 110, 68, -27, -240])
02-04 23:03:08.609   593 29258 D DlbDap2QmfProcess: setParam(dea = #1[12])
02-04 23:03:08.609   593 29258 D DlbDap2QmfProcess: setParam(dsa = #1[10])
02-04 23:03:08.609   593 29258 D DlbDap2QmfProcess: setParam(beb = #1[192])
02-04 23:03:08.609   593 29258 D DlbDap2QmfProcess: setParam(plb = #1[0])
02-04 23:03:08.609   593 29258 D DlbDap2QmfProcess: setParam(vmb = #1[144])
02-04 23:03:08.609   593 29258 D DlbDap2QmfProcess: setParam(dsb = #1[96])
02-04 23:03:08.609   593 29258 D DlbDap2QmfProcess: setParam(ded = #1[0])
02-04 23:03:08.609   593 29258 D DlbDap2QmfProcess: DAP output mode set to 11 with 2 output channels and custom mix matrix.
02-04 23:03:08.609   593 29258 D DlbDap2QmfProcess: setParam(dom = #17[1, 16384, 0, 0, 16384, 11583, 11583, 8192, 8192, 16384, 0, 0, 16384, 16384, 0, 0, 16384])
02-04 23:03:08.609   593 29258 D DlbDap2QmfProcess: setParam(bew = #1[16])
02-04 23:03:08.609   593 29258 D DlbDap2QmfProcess: setParam(dvla = #1[7])
02-04 23:03:08.609   593 29258 D DlbDap2QmfProcess: setParam(dfsa = #1[10])
02-04 23:03:08.609   593 29258 D DlbDap2QmfProcess: setParam(dhsa = #1[10])
02-04 23:03:08.610   593 29258 D DlbDap2QmfProcess: setParam(dvmc = #1[0])
02-04 23:03:08.610   593 29258 D DlbDap2QmfProcess: setParam(dvle = #1[1])
02-04 23:03:08.610   593 29258 D DlbDap2QmfProcess: setParam(dvme = #1[0])
02-04 23:03:08.610   593 29258 D DlbDap2QmfProcess: setParam(becf = #1[200])
02-04 23:03:08.610   593 29258 D DlbDap2QmfProcess: setParam(vbmf = #2[94, 469])
02-04 23:03:08.610   593 29258 D DlbDap2QmfProcess: setParam(vbsf = #2[35, 160])
02-04 23:03:08.610   593 29258 D DlbDap2QmfProcess: setParam(vbhg = #3[-32, -144, -192])
02-04 23:03:08.610   593 29258 D DlbDap2QmfProcess: setParam(vbog = #1[0])
02-04 23:03:08.610   593 29258 D DlbDap2QmfProcess: setParam(vbsg = #1[0])
02-04 23:03:08.610   593 29258 D DlbDap2QmfProcess: setParam(dvli = #1[-320])
02-04 23:03:08.610   593 29258 D DlbDap2QmfProcess: setParam(dhfm = #1[2])
02-04 23:03:08.610   593 29258 D DlbDap2QmfProcess: setParam(deon = #1[1])
02-04 23:03:08.610   593 29258 D DlbDap2QmfProcess: setParam(ngon = #1[1])
02-04 23:03:08.610   593 29258 D DlbDap2QmfProcess: setParam(dvlo = #1[-320])
02-04 23:03:08.610   593 29258 D DlbDap2QmfProcess: setParam(aobs = #222[20, 10, 47, 141, 234, 328, 469, 656, 844, 1031, 1313, 1688, 2250, 3000, 3750, 4688, 5813, 7125, 9000, 11250, 13875, 19688, 0, 0, 0, 0, 0, 0, 0, 0, 0, 0, 0, 0, 0, 0, 0, 0, 0, 0, 0, 0, 0, 0, 0, 0, 0, 0, 0, 0, 0, 0, 0, 0, 0, 0, 0, 0, 0, 0, 0, 0, 0, 0, 0, 0, 0, 0, 0, 0, 0, 0, 0, 0, 0, 0, 0, 0, 0, 0, 0, 0, 0, 0, 0, 0, 0, 0, 0, 0, 0, 0, 0, 0, 0, 0, 0, 0, 0, 0, 0, 0, 0, 0, 0, 0, 0, 0, 0, 0, 0, 0, 0, 0, 0, 0, 0, 0, 0, 0, 0, 0, 0, 0, 0, 0, 0, 0, 0, 0, 0, 0, 0, 0, 0, 0, 0, 0, 0, 0, 0, 0, 0, 0, 0, 0, 0, 0, 0, 0, 0, 0, 0, 0, 0, 0, 0, 0, 0, 0, 0, 0, 0, 0, 0, 0, 0, 0, 0, 0, 0, 0, 0, 0, 0, 0, 0, 0, 0, 0, 0, 0, 0, 0, 0, 0, 0, 0, 0, 0, 0, 0, 0, 0, 0, 0, 0, 0, 0, 0, 0, 0, 0, 0, 0, 0, 0, 0, 0, 0, 0, 0, 0, 0, 0, 0, 0, 0, 0, 0, 0, 0])
02-04 23:03:08.610   593 29258 D DlbDap2QmfProcess: setParam(dvle = #1[1])
02-04 23:03:08.610   593 29258 D DlbDap2QmfProcess: setParam(dvli = #1[-496])
02-04 23:03:08.610   593 29258 D DlbDap2QmfProcess: setParam(dvlo = #1[-176])
02-04 23:03:08.610   593 29258 D ARenderer: updateDapVolumeLeveler: Setting output level to -11.00dB
02-04 23:03:08.610   593 29258 D DlbDap2QmfProcess: setParam(vmb = #1[0])
02-04 23:03:08.610   593 29258 D DlbDap2QmfProcess: setParam(preg = #1[-384])
02-04 23:03:08.611   593 29258 D DlbDap2QmfProcess: setParam(vol = #1[384])
02-04 23:03:08.611   593 29258 D DlbDap2QmfProcess: processQmf() called [0] times
02-04 23:03:08.611   593 29258 D DlbDap2QmfProcess: setMave(mave = 0)
02-04 23:03:08.624 29217 29217 D featureTest: receive broadcast , change ds profile id :0
02-04 23:03:08.629   589 29252 D AudioTrack: Client defaulted notificationFrames to 12000 for frameCount 24000
02-04 23:03:08.630   581  5355 I AudioFlinger: attachAuxEffect(): Marking track 550 as containing processed audio
02-04 23:03:08.630   581  5355 D AudioFlinger: trackContainsProcessedAudio() Track id 550 contains processed audio
02-04 23:03:08.630   581  5356 D DlbDlbEffect: handle_EFFECT_CMD_DISABLE()
02-04 23:03:08.630   581  5356 D DlbDapCrossfadeProcess: setEnabled transitioning from DAP_ACTIVE state to FADE_TO_BYPASS
02-04 23:03:08.631   581   730 D DlbDlbEffect: handle_EFFECT_CMD_SET_PARAM()
02-04 23:03:08.633   581  5356 D DlbDlbEffect: handle_EFFECT_CMD_SET_CONFIG()
02-04 23:03:08.633   581  5356 D DlbDapEndpointParamCache: setDevice(device=0x00000002)
02-04 23:03:08.633   421   421 D DMSService: setActiveDevice called with device = 0x2
02-04 23:03:08.634   581  5356 D DlbDlbEffect: handle_EFFECT_CMD_ENABLE()
02-04 23:03:08.634   581  5356 D DlbDapCrossfadeProcess: setEnabled transitioning from FADE_TO_BYPASS state to FADE_TO_ACTIVE
02-04 23:03:08.634   581  5356 D AudioFlinger: trackStateChanged() Track id 550 state changed to 6
02-04 23:03:08.634   581  5356 I AudioFlinger: updateProcessedAudioState() Changing content processing in effect to 1
02-04 23:03:08.634   581  5356 D DlbDlbEffect: handle_EFFECT_CMD_SET_PARAM()
02-04 23:03:08.635   581  5356 I DlbEffectContext: setContentProcEnabled() Disabling content processing in effect
02-04 23:03:08.636   581  5356 D DlbDapEndpointParamCache: commitChangedParams()
02-04 23:03:08.636   581  5356 D DlbDapEndpointParamCache: commit() Applying parameters for device 0x40000000
02-04 23:03:08.636   581  5356 D DlbDap2Process: setParam(msce = #1[0])
02-04 23:03:08.636   581  5356 D DlbDap2Process: setParam(mdee = #1[0])
02-04 23:03:08.636   581  5356 D DlbDap2Process: setParam(miee = #1[0])
02-04 23:03:08.636   581  5356 D DlbDap2Process: setParam(mdle = #1[0])
02-04 23:03:08.636   581  5356 D DlbDap2Process: setParam(dvle = #1[0])
02-04 23:03:08.636   581  5356 D DlbDap2Process: setParam(mave = #1[0])
02-04 23:03:08.636   581  5356 D DlbDap2Process: setParam(ieon = #1[0])
02-04 23:03:08.636   581  5356 D DlbDapEndpointParamCache: doCommit() Committed 7 parameters out of 16.
02-04 23:03:08.636   581  5356 D DlbDapEndpointParamCache: commit() Overriding parameters for current device 0x00000002
02-04 23:03:08.636   581  5356 D DlbDap2Process: DAP output mode set to 1 with 2 output channels and null mix matrix.
02-04 23:03:08.636   581  5356 D DlbDap2Process: setParam(dom = #1[0])
02-04 23:03:08.636   581  5356 D DlbDap2Process: setParam(dvle = #1[0])
02-04 23:03:08.636   581  5356 D DlbDap2Process: setParam(dvme = #1[0])
02-04 23:03:08.636   581  5356 D DlbDap2Process: setParam(deon = #1[0])
02-04 23:03:08.636   581  5356 D DlbDap2Process: setParam(ngon = #1[0])
02-04 23:03:08.636   581  5356 D DlbDapEndpointParamCache: doCommit() Committed 5 parameters out of 37.
02-04 23:03:08.637   589 29246 D NuPlayerDriver: notifyListener_l(0xe3e611c0), (6, 0, 0, -1), loop setting(0, 1)
02-04 23:03:08.638   581  5115 D DlbDap2Process: setMave(mave = 0)
02-04 23:03:08.640   581  5115 D DlbDapCrossfadeProcess: process transitioning from FADE_TO_ACTIVE state to DAP_ACTIVE
02-04 23:03:08.686 29217 29217 D featureTest: receive broadcast , record log :0
02-04 23:03:08.798   581   770 D AudioFlinger: mixer(0xf2983980) throttle end: throttle time(50)
02-04 23:03:09.239   581  5115 D DlbDap2Process: process() called [283500] times
02-04 23:03:11.919   581  5115 D DlbDap2Process: process() called [284000] times
02-04 23:03:13.804 29217 29217 D featureTest: receive broadcast , change volume leveler :0
02-04 23:03:13.830   581  5110 D DlbDlbEffect: handle_EFFECT_CMD_SET_PARAM()
02-04 23:03:13.840   581  5115 D DlbDapEndpointParamCache: commitChangedParams()
02-04 23:03:13.840   581  5115 D DlbDapEndpointParamCache: commit() Applying parameters for device 0x40000000
02-04 23:03:13.840   581  5115 D DlbDap2Process: setParam(iea = #1[10])
02-04 23:03:13.841   581  5115 D DlbDap2Process: setParam(vcbf = #20[47, 141, 234, 328, 469, 656, 844, 1031, 1313, 1688, 2250, 3000, 3750, 4688, 5813, 7125, 9000, 11250, 13875, 19688])
02-04 23:03:13.841   581  5115 D DlbDap2Process: setParam(vbon = #1[0])
02-04 23:03:13.841   581  5115 D DlbDap2Process: setParam(beon = #1[0])
02-04 23:03:13.841   581  5115 D DlbDap2Process: setParam(geon = #1[0])
02-04 23:03:13.841   581  5115 D DlbDap2Process: setParam(gebs = #41[20, 47, 141, 234, 328, 469, 656, 844, 1031, 1313, 1688, 2250, 3000, 3750, 4688, 5813, 7125, 9000, 11250, 13875, 19688, 0, 0, 0, 0, 0, 0, 0, 0, 0, 0, 0, 0, 0, 0, 0, 0, 0, 0, 0, 0])
02-04 23:03:13.841   581  5115 D DlbDap2Process: setParam(iebs = #41[20, 65, 136, 223, 332, 467, 634, 841, 1098, 1416, 1812, 2302, 2909, 3663, 4598, 5756, 7194, 8976, 11186, 13927, 17326, 117, 133, 188, 176, 141, 149, 175, 185, 185, 200, 236, 242, 228, 213, 182, 132, 110, 68, -27, -240])
02-04 23:03:13.841   581  5115 D DlbDapEndpointParamCache: doCommit() Committed 8 parameters out of 16.
02-04 23:03:13.841   581  5115 D DlbDapEndpointParamCache: commit() Overriding parameters for current device 0x00000002
02-04 23:03:13.841   581  5115 D DlbDap2Process: setParam(dea = #1[12])
02-04 23:03:13.841   581  5115 D DlbDap2Process: setParam(dsa = #1[10])
02-04 23:03:13.841   581  5115 D DlbDap2Process: setParam(beb = #1[192])
02-04 23:03:13.841   581  5115 D DlbDap2Process: setParam(plb = #1[0])
02-04 23:03:13.841   581  5115 D DlbDap2Process: setParam(vmb = #1[144])
02-04 23:03:13.841   581  5115 D DlbDap2Process: setParam(dsb = #1[96])
02-04 23:03:13.841   581  5115 D DlbDap2Process: setParam(ded = #1[0])
02-04 23:03:13.841   581  5115 D DlbDap2Process: setParam(vbm = #1[3])
02-04 23:03:13.841   581  5115 D DlbDap2Process: setParam(bew = #1[16])
02-04 23:03:13.841   581  5115 D DlbDap2Process: setParam(dvla = #1[7])
02-04 23:03:13.841   581  5115 D DlbDap2Process: setParam(arra = #1[96])
02-04 23:03:13.841   581  5115 D DlbDap2Process: setParam(dfsa = #1[10])
02-04 23:03:13.841   581  5115 D DlbDap2Process: setParam(dhsa = #1[10])
02-04 23:03:13.841   581  5115 D DlbDap2Process: setParam(dvmc = #1[0])
02-04 23:03:13.841   581  5115 D DlbDap2Process: setParam(arod = #1[0])
02-04 23:03:13.841   581  5115 D DlbDap2Process: setParam(arde = #1[1])
02-04 23:03:13.841   581  5115 D DlbDap2Process: setParam(becf = #1[200])
02-04 23:03:13.841   581  5115 D DlbDap2Process: setParam(vbmf = #2[94, 469])
02-04 23:03:13.841   581  5115 D DlbDap2Process: setParam(vbsf = #2[35, 160])
02-04 23:03:13.841   581  5115 D DlbDap2Process: setParam(vbhg = #3[-32, -144, -192])
02-04 23:03:13.842   581  5115 D DlbDap2Process: setParam(vbog = #1[0])
02-04 23:03:13.842   581  5115 D DlbDap2Process: setParam(vbsg = #1[0])
02-04 23:03:13.842   581  5115 D DlbDap2Process: setParam(dvli = #1[-320])
02-04 23:03:13.842   581  5115 D DlbDap2Process: setParam(dhfm = #1[2])
02-04 23:03:13.842   581  5115 D DlbDap2Process: setParam(vbon = #1[0])
02-04 23:03:13.842   581  5115 D DlbDap2Process: setParam(beon = #1[0])
02-04 23:03:13.842   581  5115 D DlbDap2Process: setParam(aoon = #1[1])
02-04 23:03:13.842   581  5115 D DlbDap2Process: setParam(aron = #1[1])
02-04 23:03:13.842   581  5115 D DlbDap2Process: setParam(dvlo = #1[-320])
02-04 23:03:13.842   581  5115 D DlbDap2Process: setParam(artp = #1[12])
02-04 23:03:13.842   581  5115 D DlbDap2Process: setParam(aobs = #222[20, 10, 47, 141, 234, 328, 469, 656, 844, 1031, 1313, 1688, 2250, 3000, 3750, 4688, 5813, 7125, 9000, 11250, 13875, 19688, 0, 0, 0, 0, 0, 0, 0, 0, 0, 0, 0, 0, 0, 0, 0, 0, 0, 0, 0, 0, 0, 0, 0, 0, 0, 0, 0, 0, 0, 0, 0, 0, 0, 0, 0, 0, 0, 0, 0, 0, 0, 0, 0, 0, 0, 0, 0, 0, 0, 0, 0, 0, 0, 0, 0, 0, 0, 0, 0, 0, 0, 0, 0, 0, 0, 0, 0, 0, 0, 0, 0, 0, 0, 0, 0, 0, 0, 0, 0, 0, 0, 0, 0, 0, 0, 0, 0, 0, 0, 0, 0, 0, 0, 0, 0, 0, 0, 0, 0, 0, 0, 0, 0, 0, 0, 0, 0, 0, 0, 0, 0, 0, 0, 0, 0, 0, 0, 0, 0, 0, 0, 0, 0, 0, 0, 0, 0, 0, 0, 0, 0, 0, 0, 0, 0, 0, 0, 0, 0, 0, 0, 0, 0, 0, 0, 0, 0, 0, 0, 0, 0, 0, 0, 0, 0, 0, 0, 0, 0, 0, 0, 0, 0, 0, 0, 0, 0, 0, 0, 0, 0, 0, 0, 0, 0, 0, 0, 0, 0, 0, 0, 0, 0, 0, 0, 0, 0, 0, 0, 0, 0, 0, 0, 0, 0, 0, 0, 0, 0, 0])
02-04 23:03:13.843   581  5115 D DlbDap2Process: setParam(arbs = #81[20, 47, 141, 234, 328, 469, 656, 844, 1031, 1313, 1688, 2250, 3000, 3750, 4688, 5813, 7125, 9000, 11250, 13875, 19688, -192, -192, -192, -192, -192, -192, -192, -192, -192, -192, -192, -192, -192, -192, -192, -192, -192, -192, -192, -192, 0, 0, 0, 0, 0, 0, 0, 0, 0, 0, 0, 0, 0, 0, 0, 0, 0, 0, 0, 0, 0, 0, 0, 0, 0, 0, 0, 0, 0, 0, 0, 0, 0, 0, 0, 0, 0, 0, 0, 0])
02-04 23:03:13.843   581  5115 D DlbDapEndpointParamCache: doCommit() Committed 32 parameters out of 37.
02-04 23:03:14.007   593 29258 D ARenderer: updateDapConfig: Updating DAP configuration
02-04 23:03:14.008   593 29258 D DlbDap2QmfProcess: setParam(iea = #1[10])
02-04 23:03:14.008   593 29258 D DlbDap2QmfProcess: setParam(msce = #1[1])
02-04 23:03:14.008   593 29258 D DlbDap2QmfProcess: setParam(mdee = #1[1])
02-04 23:03:14.008   593 29258 D DlbDap2QmfProcess: setParam(miee = #1[1])
02-04 23:03:14.008   593 29258 D DlbDap2QmfProcess: setParam(mdle = #1[1])
02-04 23:03:14.008   593 29258 D DlbDap2QmfProcess: setParam(dvle = #1[0])
02-04 23:03:14.008   593 29258 D DlbDap2QmfProcess: setParam(mave = #1[1])
02-04 23:03:14.008   593 29258 D DlbDap2QmfProcess: setParam(vcbf = #20[47, 141, 234, 328, 469, 656, 844, 1031, 1313, 1688, 2250, 3000, 3750, 4688, 5813, 7125, 9000, 11250, 13875, 19688])
02-04 23:03:14.008   593 29258 D DlbDap2QmfProcess: setParam(ieon = #1[1])
02-04 23:03:14.008   593 29258 D DlbDap2QmfProcess: setParam(gebs = #41[20, 47, 141, 234, 328, 469, 656, 844, 1031, 1313, 1688, 2250, 3000, 3750, 4688, 5813, 7125, 9000, 11250, 13875, 19688, 0, 0, 0, 0, 0, 0, 0, 0, 0, 0, 0, 0, 0, 0, 0, 0, 0, 0, 0, 0])
02-04 23:03:14.009   593 29258 D DlbDap2QmfProcess: setParam(iebs = #41[20, 65, 136, 223, 332, 467, 634, 841, 1098, 1416, 1812, 2302, 2909, 3663, 4598, 5756, 7194, 8976, 11186, 13927, 17326, 117, 133, 188, 176, 141, 149, 175, 185, 185, 200, 236, 242, 228, 213, 182, 132, 110, 68, -27, -240])
02-04 23:03:14.009   593 29258 D DlbDap2QmfProcess: setParam(dea = #1[12])
02-04 23:03:14.009   593 29258 D DlbDap2QmfProcess: setParam(dsa = #1[10])
02-04 23:03:14.009   593 29258 D DlbDap2QmfProcess: setParam(beb = #1[192])
02-04 23:03:14.009   593 29258 D DlbDap2QmfProcess: setParam(plb = #1[0])
02-04 23:03:14.009   593 29258 D DlbDap2QmfProcess: setParam(vmb = #1[144])
02-04 23:03:14.009   593 29258 D DlbDap2QmfProcess: setParam(dsb = #1[96])
02-04 23:03:14.009   593 29258 D DlbDap2QmfProcess: setParam(ded = #1[0])
02-04 23:03:14.009   593 29258 D DlbDap2QmfProcess: setParam(dom = #17[1, 16384, 0, 0, 16384, 11583, 11583, 8192, 8192, 16384, 0, 0, 16384, 16384, 0, 0, 16384])
02-04 23:03:14.009   593 29258 D DlbDap2QmfProcess: setParam(bew = #1[16])
02-04 23:03:14.009   593 29258 D DlbDap2QmfProcess: setParam(dvla = #1[7])
02-04 23:03:14.009   593 29258 D DlbDap2QmfProcess: setParam(dfsa = #1[10])
02-04 23:03:14.010   593 29258 D DlbDap2QmfProcess: setParam(dhsa = #1[10])
02-04 23:03:14.010   593 29258 D DlbDap2QmfProcess: setParam(dvmc = #1[0])
02-04 23:03:14.010   593 29258 D DlbDap2QmfProcess: setParam(dvle = #1[0])
02-04 23:03:14.010   593 29258 D DlbDap2QmfProcess: setParam(dvme = #1[0])
02-04 23:03:14.010   593 29258 D DlbDap2QmfProcess: setParam(becf = #1[200])
02-04 23:03:14.010   593 29258 D DlbDap2QmfProcess: setParam(vbmf = #2[94, 469])
02-04 23:03:14.010   593 29258 D DlbDap2QmfProcess: setParam(vbsf = #2[35, 160])
02-04 23:03:14.010   593 29258 D DlbDap2QmfProcess: setParam(vbhg = #3[-32, -144, -192])
02-04 23:03:14.010   593 29258 D DlbDap2QmfProcess: setParam(vbog = #1[0])
02-04 23:03:14.010   593 29258 D DlbDap2QmfProcess: setParam(vbsg = #1[0])
02-04 23:03:14.010   593 29258 D DlbDap2QmfProcess: setParam(dvli = #1[-320])
02-04 23:03:14.010   593 29258 D DlbDap2QmfProcess: setParam(dhfm = #1[2])
02-04 23:03:14.010   593 29258 D DlbDap2QmfProcess: setParam(deon = #1[1])
02-04 23:03:14.010   593 29258 D DlbDap2QmfProcess: setParam(ngon = #1[1])
02-04 23:03:14.010   593 29258 D DlbDap2QmfProcess: setParam(dvlo = #1[-320])
02-04 23:03:14.011   593 29258 D DlbDap2QmfProcess: setParam(aobs = #222[20, 10, 47, 141, 234, 328, 469, 656, 844, 1031, 1313, 1688, 2250, 3000, 3750, 4688, 5813, 7125, 9000, 11250, 13875, 19688, 0, 0, 0, 0, 0, 0, 0, 0, 0, 0, 0, 0, 0, 0, 0, 0, 0, 0, 0, 0, 0, 0, 0, 0, 0, 0, 0, 0, 0, 0, 0, 0, 0, 0, 0, 0, 0, 0, 0, 0, 0, 0, 0, 0, 0, 0, 0, 0, 0, 0, 0, 0, 0, 0, 0, 0, 0, 0, 0, 0, 0, 0, 0, 0, 0, 0, 0, 0, 0, 0, 0, 0, 0, 0, 0, 0, 0, 0, 0, 0, 0, 0, 0, 0, 0, 0, 0, 0, 0, 0, 0, 0, 0, 0, 0, 0, 0, 0, 0, 0, 0, 0, 0, 0, 0, 0, 0, 0, 0, 0, 0, 0, 0, 0, 0, 0, 0, 0, 0, 0, 0, 0, 0, 0, 0, 0, 0, 0, 0, 0, 0, 0, 0, 0, 0, 0, 0, 0, 0, 0, 0, 0, 0, 0, 0, 0, 0, 0, 0, 0, 0, 0, 0, 0, 0, 0, 0, 0, 0, 0, 0, 0, 0, 0, 0, 0, 0, 0, 0, 0, 0, 0, 0, 0, 0, 0, 0, 0, 0, 0, 0, 0, 0, 0, 0, 0, 0, 0, 0, 0, 0, 0, 0, 0, 0, 0, 0, 0, 0, 0])
02-04 23:03:14.011   593 29258 D DlbDap2QmfProcess: setParam(dvle = #1[1])
02-04 23:03:14.011   593 29258 D DlbDap2QmfProcess: setParam(dvli = #1[-496])
02-04 23:03:14.011   593 29258 D DlbDap2QmfProcess: setParam(dvlo = #1[-224])
02-04 23:03:14.011   593 29258 D ARenderer: updateDapVolumeLeveler: Setting output level to -14.00dB
02-04 23:03:14.011   593 29258 D DlbDap2QmfProcess: setParam(vmb = #1[0])
02-04 23:03:14.011   593 29258 D DlbDap2QmfProcess: setParam(preg = #1[-384])
02-04 23:03:14.012   593 29258 D DlbDap2QmfProcess: setParam(vol = #1[384])
02-04 23:03:14.012   593 29258 D DlbDap2QmfProcess: setMave(mave = 0)
02-04 23:03:14.560   581  5115 D DlbDap2Process: process() called [284500] times
02-04 23:03:17.240   581  5115 D DlbDap2Process: process() called [285000] times
