--------- beginning of system
02-03 00:55:41.340   823 11658 I ActivityManager: Force stopping com.dolby.qa.featuretest appid=10075 user=0: from pid 20310
02-03 00:55:41.341   823 11658 I ActivityManager: Killing 20214:com.dolby.qa.featuretest/u0a75 (adj 0): stop com.dolby.qa.featuretest
02-03 00:55:41.342   823 11658 W ActivityManager: Force removing ActivityRecord{8c365f0 u0 com.dolby.qa.featuretest/.MainActivity t677}: app died, no saved state
02-03 00:55:41.347   823 11658 I WindowManager: Failed to capture screenshot of Token{be1b769 ActivityRecord{8c365f0 u0 com.dolby.qa.featuretest/.MainActivity t677 f}} appWin=Window{d1b4b76 u0 com.dolby.qa.featuretest/com.dolby.qa.featuretest.MainActivity} drawState=4
--------- beginning of main
02-03 00:55:41.357   823   848 E JavaBinder: !!! FAILED BINDER TRANSACTION !!!  (parcel size = 60)
02-03 00:55:41.366   597  1214 D NuPlayerDriver: reset(0xf1bb2770) at state 5
02-03 00:55:41.367   597  1214 D NuPlayerDriver: notifyListener_l(0xf1bb2770), (8, 0, 0, -1), loop setting(0, 1)
02-03 00:55:41.368   823 11238 I WindowManager: WIN DEATH: Window{d66e19d u0 Toast}
02-03 00:55:41.368   589   740 D AudioFlinger: trackStateChanged() Track id 1091 state changed to 6
02-03 00:55:41.371   602  5767 I DDP_JOCDecoder: -> ~DDPDecoder
02-03 00:55:41.371   602  5767 I DDP_JOCDecoder: -> stop
02-03 00:55:41.372   602  5767 I DDP_JOCDecoder: <- stop
02-03 00:55:41.372   602  5767 I ARenderer: ~ARenderer
02-03 00:55:41.372   602  5767 I evo_parser: evo_parser_close
02-03 00:55:41.373   602  5767 I DlbDap2QmfProcess: ~Dap2Process()
02-03 00:55:41.373   602  5767 I DlbDap2QmfProcess: close()
02-03 00:55:41.373   602  5767 I DDP_JOCDecoder: <- ~DDPDecoder
02-03 00:55:41.384   597 20272 D NuPlayerDriver: notifyResetComplete(0xf1bb2770)
02-03 00:55:41.385   597  1214 D AudioTrack: stop() called with 0 frames delivered
02-03 00:55:41.387  1263  1263 D CarrierSvcBindHelper: No carrier app for: 0
02-03 00:55:41.393  2566  2566 D RegisteredNfcFServicesCache: Service unchanged, not updating
02-03 00:55:41.447   823  1577 I ActivityManager: START u0 {flg=0x10000000 cmp=com.dolby.qa.featuretest/.MainActivity} from uid 2000
02-03 00:55:41.471   823  1095 I ActivityManager: Start proc 20316:com.dolby.qa.featuretest/u0a75 for activity com.dolby.qa.featuretest/.MainActivity
02-03 00:55:41.472 20316 20316 I zygote64: Late-enabling -Xcheck:jni
02-03 00:55:41.482   589   772 D AudioFlinger: trackStateChanged() Track id 1091 state changed to 2
02-03 00:55:41.482   589   772 I AudioFlinger: updateProcessedAudioState() Changing content processing in effect to 0
02-03 00:55:41.482   589   772 D DlbDlbEffect: handle_EFFECT_CMD_SET_PARAM()
02-03 00:55:41.484   589   772 I DlbEffectContext: setContentProcEnabled() Enabling content processing in global effect
02-03 00:55:41.485   589   772 D DlbDapEndpointParamCache: commitChangedParams()
02-03 00:55:41.485   589   772 D DlbDapEndpointParamCache: commit() Applying parameters for device 0x40000000
02-03 00:55:41.485   589   772 D DlbDap2Process: setParam(iea = #1[10])
02-03 00:55:41.485   589   772 D DlbDap2Process: setParam(msce = #1[0])
02-03 00:55:41.485   589   772 D DlbDap2Process: setParam(mdee = #1[0])
02-03 00:55:41.485   589   772 D DlbDap2Process: setParam(miee = #1[0])
02-03 00:55:41.485   589   772 D DlbDap2Process: setParam(mdle = #1[0])
02-03 00:55:41.485   589   772 D DlbDap2Process: setParam(dvle = #1[1])
02-03 00:55:41.485   589   772 D DlbDap2Process: setParam(mave = #1[0])
02-03 00:55:41.485   589   772 D DlbDap2Process: setParam(vcbf = #20[47, 141, 234, 328, 469, 656, 844, 1031, 1313, 1688, 2250, 3000, 3750, 4688, 5813, 7125, 9000, 11250, 13875, 19688])
02-03 00:55:41.485   589   772 D DlbDap2Process: setParam(vbon = #1[0])
02-03 00:55:41.485   589   772 D DlbDap2Process: setParam(beon = #1[0])
02-03 00:55:41.485   589   772 D DlbDap2Process: setParam(geon = #1[0])
02-03 00:55:41.485   589   772 D DlbDap2Process: setParam(ieon = #1[0])
02-03 00:55:41.485   589   772 D DlbDap2Process: setParam(gebs = #41[20, 47, 141, 234, 328, 469, 656, 844, 1031, 1313, 1688, 2250, 3000, 3750, 4688, 5813, 7125, 9000, 11250, 13875, 19688, 0, 0, 0, 0, 0, 0, 0, 0, 0, 0, 0, 0, 0, 0, 0, 0, 0, 0, 0, 0])
02-03 00:55:41.485   589   772 D DlbDap2Process: setParam(iebs = #41[20, 65, 136, 223, 332, 467, 634, 841, 1098, 1416, 1812, 2302, 2909, 3663, 4598, 5756, 7194, 8976, 11186, 13927, 17326, 117, 133, 188, 176, 141, 149, 175, 185, 185, 200, 236, 242, 228, 213, 182, 132, 110, 68, -27, -240])
02-03 00:55:41.485   589   772 D DlbDapEndpointParamCache: doCommit() Committed 15 parameters out of 16.
02-03 00:55:41.485   589   772 D DlbDapEndpointParamCache: commit() Overriding parameters for current device 0x00000002
02-03 00:55:41.485   589   772 D DlbDap2Process: setParam(dea = #1[7])
02-03 00:55:41.485   589   772 D DlbDap2Process: setParam(dsa = #1[10])
02-03 00:55:41.485   589   772 D DlbDap2Process: setParam(beb = #1[192])
02-03 00:55:41.485   589   772 D DlbDap2Process: setParam(plb = #1[0])
02-03 00:55:41.485   589   772 D DlbDap2Process: setParam(vmb = #1[144])
02-03 00:55:41.486   589   772 D DlbDap2Process: setParam(dsb = #1[48])
02-03 00:55:41.486   589   772 D DlbDap2Process: setParam(ded = #1[0])
02-03 00:55:41.486   589   772 D DlbDap2Process: setParam(vbm = #1[3])
02-03 00:55:41.486   589   772 D DlbDap2Process: setParam(dom = #1[0])
02-03 00:55:41.486   589   772 D DlbDap2Process: setParam(bew = #1[16])
02-03 00:55:41.486   589   772 D DlbDap2Process: setParam(dvla = #1[5])
02-03 00:55:41.486   589   772 D DlbDap2Process: setParam(arra = #1[96])
02-03 00:55:41.486   589   772 D DlbDap2Process: setParam(dfsa = #1[10])
02-03 00:55:41.486   589   772 D DlbDap2Process: setParam(dhsa = #1[10])
02-03 00:55:41.486   589   772 D DlbDap2Process: setParam(dvmc = #1[0])
02-03 00:55:41.486   589   772 D DlbDap2Process: setParam(arod = #1[0])
02-03 00:55:41.486   589   772 D DlbDap2Process: setParam(arde = #1[1])
02-03 00:55:41.486   589   772 D DlbDap2Process: setParam(dvle = #1[1])
02-03 00:55:41.486   589   772 D DlbDap2Process: setParam(dvme = #1[0])
02-03 00:55:41.486   589   772 D DlbDap2Process: setParam(becf = #1[200])
02-03 00:55:41.486   589   772 D DlbDap2Process: setParam(vbmf = #2[94, 469])
02-03 00:55:41.486   589   772 D DlbDap2Process: setParam(vbsf = #2[35, 160])
02-03 00:55:41.486   589   772 D DlbDap2Process: setParam(vbhg = #3[-32, -144, -192])
02-03 00:55:41.486   589   772 D DlbDap2Process: setParam(vbog = #1[0])
02-03 00:55:41.486   589   772 D DlbDap2Process: setParam(vbsg = #1[0])
02-03 00:55:41.486   589   772 D DlbDap2Process: setParam(dvli = #1[-320])
02-03 00:55:41.486   589   772 D DlbDap2Process: setParam(dhfm = #1[2])
02-03 00:55:41.486   589   772 D DlbDap2Process: setParam(vbon = #1[0])
02-03 00:55:41.486   589   772 D DlbDap2Process: setParam(beon = #1[0])
02-03 00:55:41.486   589   772 D DlbDap2Process: setParam(deon = #1[0])
02-03 00:55:41.486   589   772 D DlbDap2Process: setParam(ngon = #1[1])
02-03 00:55:41.486   589   772 D DlbDap2Process: setParam(aoon = #1[1])
02-03 00:55:41.486   589   772 D DlbDap2Process: setParam(aron = #1[1])
02-03 00:55:41.486   589   772 D DlbDap2Process: setParam(dvlo = #1[-320])
02-03 00:55:41.486   589   772 D DlbDap2Process: setParam(artp = #1[12])
02-03 00:55:41.487   589   772 D DlbDap2Process: setParam(aobs = #222[20, 10, 47, 141, 234, 328, 469, 656, 844, 1031, 1313, 1688, 2250, 3000, 3750, 4688, 5813, 7125, 9000, 11250, 13875, 19688, 0, 0, 0, 0, 0, 0, 0, 0, 0, 0, 0, 0, 0, 0, 0, 0, 0, 0, 0, 0, 0, 0, 0, 0, 0, 0, 0, 0, 0, 0, 0, 0, 0, 0, 0, 0, 0, 0, 0, 0, 0, 0, 0, 0, 0, 0, 0, 0, 0, 0, 0, 0, 0, 0, 0, 0, 0, 0, 0, 0, 0, 0, 0, 0, 0, 0, 0, 0, 0, 0, 0, 0, 0, 0, 0, 0, 0, 0, 0, 0, 0, 0, 0, 0, 0, 0, 0, 0, 0, 0, 0, 0, 0, 0, 0, 0, 0, 0, 0, 0, 0, 0, 0, 0, 0, 0, 0, 0, 0, 0, 0, 0, 0, 0, 0, 0, 0, 0, 0, 0, 0, 0, 0, 0, 0, 0, 0, 0, 0, 0, 0, 0, 0, 0, 0, 0, 0, 0, 0, 0, 0, 0, 0, 0, 0, 0, 0, 0, 0, 0, 0, 0, 0, 0, 0, 0, 0, 0, 0, 0, 0, 0, 0, 0, 0, 0, 0, 0, 0, 0, 0, 0, 0, 0, 0, 0, 0, 0, 0, 0, 0, 0, 0, 0, 0, 0, 0, 0, 0, 0, 0, 0, 0, 0, 0, 0, 0, 0, 0, 0])
02-03 00:55:41.487   589   772 D DlbDap2Process: setParam(arbs = #81[20, 47, 141, 234, 328, 469, 656, 844, 1031, 1313, 1688, 2250, 3000, 3750, 4688, 5813, 7125, 9000, 11250, 13875, 19688, -192, -192, -192, -192, -192, -192, -192, -192, -192, -192, -192, -192, -192, -192, -192, -192, -192, -192, -192, -192, 0, 0, 0, 0, 0, 0, 0, 0, 0, 0, 0, 0, 0, 0, 0, 0, 0, 0, 0, 0, 0, 0, 0, 0, 0, 0, 0, 0, 0, 0, 0, 0, 0, 0, 0, 0, 0, 0, 0, 0])
02-03 00:55:41.487   589   772 D DlbDapEndpointParamCache: doCommit() Committed 37 parameters out of 37.
02-03 00:55:41.508   589   772 D AudioFlinger: trackDestroyed() Track id 1091 no longer contains processed audio
02-03 00:55:41.508   589   728 D DlbDlbEffect: handle_EFFECT_CMD_DISABLE()
02-03 00:55:41.508   589   728 D DlbDapCrossfadeProcess: setEnabled transitioning from DAP_ACTIVE state to FADE_TO_BYPASS
02-03 00:55:41.510   416   416 W /system/bin/hw/android.hidl.allocator@1.0-service: ashmem_create_region(3840) returning hidl_memory(0x77bb02c2e0, 3840)
02-03 00:55:41.511   589   728 D DlbDlbEffect: handle_EFFECT_CMD_SET_CONFIG()
02-03 00:55:41.511   589   728 D DlbDapEndpointParamCache: setDevice(device=0x00000002)
02-03 00:55:41.511   421   421 D DMSService: setActiveDevice called with device = 0x2
02-03 00:55:41.511   589   728 D DlbDlbEffect: handle_EFFECT_CMD_ENABLE()
02-03 00:55:41.511   589   728 D DlbDapCrossfadeProcess: setEnabled transitioning from FADE_TO_BYPASS state to FADE_TO_ACTIVE
02-03 00:55:41.659 20316 20316 D featureTest: onCreate
02-03 00:55:41.663 20316 20316 D AudioTrack: Client defaulted notificationFrames to 962 for frameCount 1924
02-03 00:55:41.667 20316 20316 W AudioTrack: Use of stream types is deprecated for operations other than volume control
02-03 00:55:41.667 20316 20316 W AudioTrack: See the documentation of AudioTrack() for what to use instead with android.media.AudioAttributes to qualify your playback use case
02-03 00:55:41.674 20316 20316 W DolbyAudioEffect: WARNING: attaching a DolbyAudioEffect to global output mix is deprecated!
02-03 00:55:41.680 20316 20316 D featureTest: onResume
02-03 00:55:41.695 20316 20333 D OpenGLRenderer: HWUI GL Pipeline
02-03 00:55:41.742 20316 20333 I Adreno  : QUALCOMM build                   : 7142022, Ib5823dd10c
02-03 00:55:41.742 20316 20333 I Adreno  : Build Date                       : 06/23/17
02-03 00:55:41.742 20316 20333 I Adreno  : OpenGL ES Shader Compiler Version: EV031.18.00.00
02-03 00:55:41.742 20316 20333 I Adreno  : Local Branch                     : O11A
02-03 00:55:41.742 20316 20333 I Adreno  : Remote Branch                    : 
02-03 00:55:41.742 20316 20333 I Adreno  : Remote Branch                    : 
02-03 00:55:41.742 20316 20333 I Adreno  : Reconstruct Branch               : 
02-03 00:55:41.742 20316 20333 I vndksupport: sphal namespace is not configured for this process. Loading /vendor/lib64/hw/gralloc.msm8994.so from the current namespace instead.
02-03 00:55:41.753 20316 20333 I Adreno  : PFP: 0x00000000, ME: 0x00000000
02-03 00:55:41.765 20316 20333 I OpenGLRenderer: Initialized EGL, version 1.4
02-03 00:55:41.765 20316 20333 D OpenGLRenderer: Swap behavior 2
02-03 00:55:41.787   366   366 W /system/bin/hwservicemanager: getTransportFromManifest: Cannot find entry android.hardware.graphics.mapper@2.0::IMapper in either framework or device manifest, using default transport.
02-03 00:55:41.790 20316 20333 I vndksupport: sphal namespace is not configured for this process. Loading /vendor/lib64/hw/gralloc.msm8994.so from the current namespace instead.
02-03 00:55:41.828   823   848 I ActivityManager: Displayed com.dolby.qa.featuretest/.MainActivity: +360ms
02-03 00:55:41.879   589   772 D audio_hw_primary: disable_audio_route: usecase(0) reset and update mixer path: deep-buffer-playback speaker
02-03 00:55:41.887   589   772 D audio_hw_primary: disable_snd_device: snd_device(2: speaker)
02-03 00:55:41.925   823   848 W ActivityManager: setHasOverlayUi called on unknown pid: 20214
02-03 00:55:42.280  2717  3063 W OpenGLRenderer: Incorrectly called buildLayer on View: ShortcutAndWidgetContainer, destroying layer...
02-03 00:55:42.497   823   823 W NotificationService: Object died trying to hide notification android.app.ITransientNotification$Stub$Proxy@310f4ed in package com.dolby.qa.featuretest
02-03 00:55:42.497   823   823 W WindowManager: removeWindowToken: Attempted to remove non-existing token: android.os.Binder@73b4644
02-03 00:55:42.497   823   823 W ActivityManager: setProcessForeground called on unknown pid: 20214
02-03 00:55:42.498   823   823 W NotificationService: Object died trying to show notification android.app.ITransientNotification$Stub$Proxy@526af22 in package com.dolby.qa.featuretest
02-03 00:55:42.498   823   823 W ActivityManager: setProcessForeground called on unknown pid: 20214
02-03 00:55:42.498   823   823 W NotificationService: Object died trying to show notification android.app.ITransientNotification$Stub$Proxy@1211db3 in package com.dolby.qa.featuretest
02-03 00:55:42.498   823   823 W ActivityManager: setProcessForeground called on unknown pid: 20214
02-03 00:55:42.498   823   823 W NotificationService: Object died trying to show notification android.app.ITransientNotification$Stub$Proxy@d985f70 in package com.dolby.qa.featuretest
02-03 00:55:42.545 20316 20316 D featureTest: receive broadcast , playing content location :/sdcard/featureTest/2ch_ddp_25fps_ref_level.mp4
02-03 00:55:42.555 20316 20316 D featureTest: mMediaPlayer.getAudioSessionId(): 8361
02-03 00:55:42.555 20316 20316 D featureTest: Playing file: /sdcard/featureTest/2ch_ddp_25fps_ref_level.mp4
02-03 00:55:42.557   597   597 D NuPlayerDriver: NuPlayerDriver(0xf1bb23f0) created, clientPid(20316)
02-03 00:55:42.561 20347 20347 W generic : type=1400 audit(0.0:3044): avc: denied { read } for path="/storage/emulated/0/featuretest/2ch_ddp_25fps_ref_level.mp4" dev="sdcardfs" ino=523356 scontext=u:r:mediaextractor:s0 tcontext=u:object_r:sdcardfs:s0 tclass=file permissive=0
02-03 00:55:42.561 20316 20316 W MediaPlayer: Use of stream types is deprecated for operations other than volume control
02-03 00:55:42.561 20316 20316 W MediaPlayer: See the documentation of setAudioStreamType() for what to use instead with android.media.AudioAttributes to qualify your playback use case
02-03 00:55:42.564   597 20347 D GenericSource: FileSource remote
02-03 00:55:42.565   597 20347 W GenericSource: extractor service cannot make data source
02-03 00:55:42.565   597 20347 D GenericSource: FileSource local
02-03 00:55:42.567 17374 17374 I ServiceManager: Waiting for service AtCmdFwd...
02-03 00:55:42.581   597 20345 D NuPlayerDriver: notifyListener_l(0xf1bb23f0), (5, 1280, 720, -1), loop setting(0, 0)
02-03 00:55:42.581   595  5450 D MediaBufferGroup: creating MemoryDealer
02-03 00:55:42.582   597 20345 D NuPlayerDriver: notifyListener_l(0xf1bb23f0), (1, 0, 0, -1), loop setting(0, 0)
02-03 00:55:42.591   597  1214 D NuPlayerDriver: start(0xf1bb23f0), state is 4, eos is 0
02-03 00:55:42.591   597 20345 I GenericSource: start
02-03 00:55:42.594 20316 20316 W DolbyAudioEffect: WARNING: attaching a DolbyAudioEffect to global output mix is deprecated!
02-03 00:55:42.609 20316 20316 D featureTest: receive broadcast , change ds status :1
02-03 00:55:42.610   602 10092 I OMXMaster: makeComponentInstance(OMX.dolby.eac3.decoder) in android.hardwar process
02-03 00:55:42.638   589  7202 D DlbDlbEffect: handle_EFFECT_CMD_SET_PARAM()
02-03 00:55:42.660   602 10092 I DDP_JOCDecoder: -> init name OMX.dolby.eac3.decoder
02-03 00:55:42.662   602 10092 I DDP_JOCDecoder: <- init
02-03 00:55:42.662   602 10092 D DDP_JOCDecoder: initPorts
02-03 00:55:42.664   602  5270 E OMXNodeInstance: setConfig(0xea6a31a0:dolby.eac3.decoder, ConfigPriority(0x6f800002)) ERROR: Undefined(0x80001001)
02-03 00:55:42.664   597 20353 I ACodec  : codec does not support config priority (err -2147483648)
02-03 00:55:42.664   602 10092 E OMXNodeInstance: getConfig(0xea6a31a0:dolby.eac3.decoder, ConfigAndroidVendorExtension(0x6f100004)) ERROR: Undefined(0x80001001)
02-03 00:55:42.665   597 20353 I MediaCodec: MediaCodec will operate in async mode
02-03 00:55:42.665   597 20353 I ACodec  : setDolbyParameterOnProcessedAudio() Received dolby_processed_audio=1
02-03 00:55:42.665   597 20352 I NuPlayerDecoder: setDolbyMessage() Notifying player that Codec supports dolby_processed_audio flag
02-03 00:55:42.665   597 20345 I NuPlayer: onDolbyMessageReceived() Setting dolby_processed_audio flag on audio sink
02-03 00:55:42.666   597 20345 I MediaPlayerService: setDolbyParameters() Marking audio output as having dolby_processed_audio
02-03 00:55:42.667   602  1212 D DDP_JOCDecoder: internalSetParameter() Instantiating ARenderer for content processing in decoder
02-03 00:55:42.667   602  1212 I DlbDap2QmfProcess: Dap2Process()
02-03 00:55:42.667   602  1212 I ARenderer: ARenderer
02-03 00:55:42.667   602  1212 I evo_parser: evo_parser_init
02-03 00:55:42.667   602  1212 I DlbDap2QmfProcess: init()
02-03 00:55:42.667   602  1212 I DlbDap2QmfProcess: open()
02-03 00:55:42.668   602  1212 I DlbDap2QmfProcess: loadLicense() no license check!
02-03 00:55:42.668   602  1212 I DlbDap2QmfProcess: validateLicense() no license check!
02-03 00:55:42.668   602  1212 I DlbDap2QmfProcess: init() DAP opened
02-03 00:55:42.668   602  1212 I DlbDap2QmfProcess: DAP library version: 2.5.1-P2.0
02-03 00:55:42.668   602  1212 D DlbDap2QmfProcess: DAP output mode set to 1 with 2 output channels and null mix matrix.
02-03 00:55:42.668   597 20353 I ACodec  : setDolbyParameterOnProcessedAudio() Content processing enabled in decoder
02-03 00:55:42.672   602 20357 I DDP_JOCDecoder: -> start
02-03 00:55:42.673   602 20357 I EndpConfig: DAP state has changed from -1 to 1
02-03 00:55:42.673   602 20357 D DDP_JOCDecoder: Setting Max Output Channels to 2
02-03 00:55:42.673   602 20357 D DDP_JOCDecoder: setMultiChannelPCMOutDownmix mConfig->jocForceDownmixMode 0
02-03 00:55:42.673   602 20357 I udc_user: 
02-03 00:55:42.673   602 20357 I udc_user: *** DDPlus Unified Decoder Simulation  Version 1.7.3 ***
02-03 00:55:42.673   602 20357 I udc_user: 
02-03 00:55:42.673   602 20357 I udc_user: 7.1-channel decoder-converter, 
02-03 00:55:42.673   602 20357 I udc_user: 
02-03 00:55:42.673   602 20357 I udc_user: 5.1-channel dual-decoder-converter, 
02-03 00:55:42.673   602 20357 I udc_user: Karaoke unsupported, 
02-03 00:55:42.673   602 20357 I udc_user: TPNP supported. 
02-03 00:55:42.673   602 20357 I udc_user: 
02-03 00:55:42.673   602 20357 I udc_user: Unpublished work.  Copyright 2003-2014 Dolby Laboratories, Inc. and
02-03 00:55:42.673   602 20357 I udc_user: Dolby Laboratories Licensing Corporation.  All Rights Reserved.
02-03 00:55:42.673   602 20357 I udc_user: 
02-03 00:55:42.673   602 20357 I udc_user: USE OF THIS SOFTWARE IS SUBJECT TO A LEGAL AGREEMENT BETWEEN YOU AND DOLBY
02-03 00:55:42.673   602 20357 I udc_user: LABORATORIES. DO NOT USE THIS SOFTWARE UNLESS YOU AGREE TO THE TERMS AND 
02-03 00:55:42.673   602 20357 I udc_user: CONDITIONS IN THE AGREEMENT.  BY USING THIS SOFTWARE, YOU ACKNOWLEDGE THAT 
02-03 00:55:42.673   602 20357 I udc_user: YOU HAVE READ THE AGREEMENT AND THAT YOU AGREE TO BE BOUND BY ITS TERMS. 
02-03 00:55:42.673   602 20357 I udc_user: 
02-03 00:55:42.674   602 20357 I ddpdec_client_joc: ddpdec_open JOCD_MODE Buffer assignment
02-03 00:55:42.674   602 20357 D DDP_JOCDecoder: mStarted = 1
02-03 00:55:42.674   602 20357 I DDP_JOCDecoder: <- start
02-03 00:55:42.675   602 20357 D ddpdec_client_joc: ddpdec_client.c|int configDecoder()
02-03 00:55:42.676   602 20357 D DDP_JOCDecoder: Setting Max Output Channels to 2
02-03 00:55:42.677   602 20357 I DlbDap2QmfProcess: close()
02-03 00:55:42.677   602 20357 I DlbDap2QmfProcess: init()
02-03 00:55:42.677   602 20357 I DlbDap2QmfProcess: open()
02-03 00:55:42.677   602 20357 I DlbDap2QmfProcess: loadLicense() no license check!
02-03 00:55:42.677   602 20357 I DlbDap2QmfProcess: validateLicense() no license check!
02-03 00:55:42.677   602 20357 I DlbDap2QmfProcess: init() DAP opened
02-03 00:55:42.677   602 20357 I DlbDap2QmfProcess: DAP library version: 2.5.1-P2.0
02-03 00:55:42.677   602 20357 D DlbDap2QmfProcess: DAP output mode set to 1 with 2 output channels and null mix matrix.
02-03 00:55:42.678   602 20357 D ARenderer: checkAndUpdateConfig: DAP reinitialized because of sample rate change
02-03 00:55:42.678   602 20357 D ARenderer: updateDapConfig: Updating DAP configuration
02-03 00:55:42.678   602 20357 D DlbDap2QmfProcess: setParam(iea = #1[10])
02-03 00:55:42.678   602 20357 D DlbDap2QmfProcess: setParam(msce = #1[0])
02-03 00:55:42.678   602 20357 D DlbDap2QmfProcess: setParam(mdee = #1[0])
02-03 00:55:42.678   602 20357 D DlbDap2QmfProcess: setParam(miee = #1[0])
02-03 00:55:42.678   602 20357 D DlbDap2QmfProcess: setParam(mdle = #1[0])
02-03 00:55:42.678   602 20357 D DlbDap2QmfProcess: setParam(dvle = #1[1])
02-03 00:55:42.678   602 20357 D DlbDap2QmfProcess: setParam(mave = #1[0])
02-03 00:55:42.678   602 20357 D DlbDap2QmfProcess: setParam(vcbf = #20[47, 141, 234, 328, 469, 656, 844, 1031, 1313, 1688, 2250, 3000, 3750, 4688, 5813, 7125, 9000, 11250, 13875, 19688])
02-03 00:55:42.678   602 20357 D DlbDap2QmfProcess: setParam(ieon = #1[0])
02-03 00:55:42.678   602 20357 D DlbDap2QmfProcess: setParam(gebs = #41[20, 47, 141, 234, 328, 469, 656, 844, 1031, 1313, 1688, 2250, 3000, 3750, 4688, 5813, 7125, 9000, 11250, 13875, 19688, 0, 0, 0, 0, 0, 0, 0, 0, 0, 0, 0, 0, 0, 0, 0, 0, 0, 0, 0, 0])
02-03 00:55:42.678   602 20357 D DlbDap2QmfProcess: setParam(iebs = #41[20, 65, 136, 223, 332, 467, 634, 841, 1098, 1416, 1812, 2302, 2909, 3663, 4598, 5756, 7194, 8976, 11186, 13927, 17326, 117, 133, 188, 176, 141, 149, 175, 185, 185, 200, 236, 242, 228, 213, 182, 132, 110, 68, -27, -240])
02-03 00:55:42.678   602 20357 D DlbDap2QmfProcess: setParam(dea = #1[7])
02-03 00:55:42.678   602 20357 D DlbDap2QmfProcess: setParam(dsa = #1[10])
02-03 00:55:42.678   602 20357 D DlbDap2QmfProcess: setParam(beb = #1[192])
02-03 00:55:42.678   602 20357 D DlbDap2QmfProcess: setParam(plb = #1[0])
02-03 00:55:42.678   602 20357 D DlbDap2QmfProcess: setParam(vmb = #1[144])
02-03 00:55:42.678   602 20357 D DlbDap2QmfProcess: setParam(dsb = #1[48])
02-03 00:55:42.678   602 20357 D DlbDap2QmfProcess: setParam(ded = #1[0])
02-03 00:55:42.678   602 20357 D DlbDap2QmfProcess: setParam(dom = #1[0])
02-03 00:55:42.678   602 20357 D DlbDap2QmfProcess: setParam(bew = #1[16])
02-03 00:55:42.678   602 20357 D DlbDap2QmfProcess: setParam(dvla = #1[5])
02-03 00:55:42.678   602 20357 D DlbDap2QmfProcess: setParam(dfsa = #1[10])
02-03 00:55:42.678   602 20357 D DlbDap2QmfProcess: setParam(dhsa = #1[10])
02-03 00:55:42.678   602 20357 D DlbDap2QmfProcess: setParam(dvmc = #1[0])
02-03 00:55:42.678   602 20357 D DlbDap2QmfProcess: setParam(dvle = #1[1])
02-03 00:55:42.678   602 20357 D DlbDap2QmfProcess: setParam(dvme = #1[0])
02-03 00:55:42.678   602 20357 D DlbDap2QmfProcess: setParam(becf = #1[200])
02-03 00:55:42.678   602 20357 D DlbDap2QmfProcess: setParam(vbmf = #2[94, 469])
02-03 00:55:42.678   602 20357 D DlbDap2QmfProcess: setParam(vbsf = #2[35, 160])
02-03 00:55:42.678   602 20357 D DlbDap2QmfProcess: setParam(vbhg = #3[-32, -144, -192])
02-03 00:55:42.678   602 20357 D DlbDap2QmfProcess: setParam(vbog = #1[0])
02-03 00:55:42.678   602 20357 D DlbDap2QmfProcess: setParam(vbsg = #1[0])
02-03 00:55:42.679   602 20357 D DlbDap2QmfProcess: setParam(dvli = #1[-320])
02-03 00:55:42.679   602 20357 D DlbDap2QmfProcess: setParam(dhfm = #1[2])
02-03 00:55:42.679   602 20357 D DlbDap2QmfProcess: setParam(deon = #1[0])
02-03 00:55:42.679   602 20357 D DlbDap2QmfProcess: setParam(ngon = #1[1])
02-03 00:55:42.679   602 20357 D DlbDap2QmfProcess: setParam(dvlo = #1[-320])
02-03 00:55:42.679   602 20357 D DlbDap2QmfProcess: setParam(aobs = #222[20, 10, 47, 141, 234, 328, 469, 656, 844, 1031, 1313, 1688, 2250, 3000, 3750, 4688, 5813, 7125, 9000, 11250, 13875, 19688, 0, 0, 0, 0, 0, 0, 0, 0, 0, 0, 0, 0, 0, 0, 0, 0, 0, 0, 0, 0, 0, 0, 0, 0, 0, 0, 0, 0, 0, 0, 0, 0, 0, 0, 0, 0, 0, 0, 0, 0, 0, 0, 0, 0, 0, 0, 0, 0, 0, 0, 0, 0, 0, 0, 0, 0, 0, 0, 0, 0, 0, 0, 0, 0, 0, 0, 0, 0, 0, 0, 0, 0, 0, 0, 0, 0, 0, 0, 0, 0, 0, 0, 0, 0, 0, 0, 0, 0, 0, 0, 0, 0, 0, 0, 0, 0, 0, 0, 0, 0, 0, 0, 0, 0, 0, 0, 0, 0, 0, 0, 0, 0, 0, 0, 0, 0, 0, 0, 0, 0, 0, 0, 0, 0, 0, 0, 0, 0, 0, 0, 0, 0, 0, 0, 0, 0, 0, 0, 0, 0, 0, 0, 0, 0, 0, 0, 0, 0, 0, 0, 0, 0, 0, 0, 0, 0, 0, 0, 0, 0, 0, 0, 0, 0, 0, 0, 0, 0, 0, 0, 0, 0, 0, 0, 0, 0, 0, 0, 0, 0, 0, 0, 0, 0, 0, 0, 0, 0, 0, 0, 0, 0, 0, 0, 0, 0, 0, 0, 0, 0])
02-03 00:55:42.679   602 20357 D DlbDap2QmfProcess: setParam(dvle = #1[1])
02-03 00:55:42.679   602 20357 D DlbDap2QmfProcess: setParam(dvli = #1[-496])
02-03 00:55:42.679   602 20357 D DlbDap2QmfProcess: setParam(dvlo = #1[-176])
02-03 00:55:42.679   602 20357 D ARenderer: updateDapVolumeLeveler: Setting output level to -11.00dB
02-03 00:55:42.679   602 20357 D DlbDap2QmfProcess: setParam(vmb = #1[0])
02-03 00:55:42.679   602 20357 D DlbDap2QmfProcess: setParam(preg = #1[-384])
02-03 00:55:42.679   602 20357 D DlbDap2QmfProcess: setParam(vol = #1[384])
02-03 00:55:42.679   602 20357 D DlbDlbBufferProvider: setConfig() Updating buffer configuration.
02-03 00:55:42.679   602 20357 D DlbDap2QmfProcess: processQmf() called [0] times
02-03 00:55:42.679   602 20357 D DlbDap2QmfProcess: setMave(mave = 0)
02-03 00:55:42.690   597 20351 D AudioTrack: Client defaulted notificationFrames to 12000 for frameCount 24000
02-03 00:55:42.690   589   589 I AudioFlinger: attachAuxEffect(): Marking track 1093 as containing processed audio
02-03 00:55:42.690   589   589 D AudioFlinger: trackContainsProcessedAudio() Track id 1093 contains processed audio
02-03 00:55:42.691   589  4822 D DlbDlbEffect: handle_EFFECT_CMD_DISABLE()
02-03 00:55:42.691   589  4822 D DlbDapCrossfadeProcess: setEnabled transitioning from FADE_TO_ACTIVE state to FADE_TO_BYPASS
02-03 00:55:42.693   416   416 W /system/bin/hw/android.hidl.allocator@1.0-service: ashmem_create_region(7680) returning hidl_memory(0x77bb02c2e0, 7680)
02-03 00:55:42.693   589  4822 D DlbDlbEffect: handle_EFFECT_CMD_SET_CONFIG()
02-03 00:55:42.693   589  4822 D DlbDapEndpointParamCache: setDevice(device=0x00000002)
02-03 00:55:42.693   421   421 D DMSService: setActiveDevice called with device = 0x2
02-03 00:55:42.693   589  4822 D DlbDlbEffect: handle_EFFECT_CMD_ENABLE()
02-03 00:55:42.693   589  4822 D DlbDapCrossfadeProcess: setEnabled transitioning from FADE_TO_BYPASS state to FADE_TO_ACTIVE
02-03 00:55:42.694   589  4822 D AudioFlinger: trackStateChanged() Track id 1093 state changed to 6
02-03 00:55:42.694   589  4822 I AudioFlinger: updateProcessedAudioState() Changing content processing in effect to 1
02-03 00:55:42.694   589  4822 D DlbDlbEffect: handle_EFFECT_CMD_SET_PARAM()
02-03 00:55:42.695 20316 20316 D featureTest: receive broadcast , change ds profile id :5
02-03 00:55:42.695   589  4822 I DlbEffectContext: setContentProcEnabled() Disabling content processing in effect
02-03 00:55:42.696   589  4822 D DlbDapEndpointParamCache: commitChangedParams()
02-03 00:55:42.696   589  4822 D DlbDapEndpointParamCache: commit() Applying parameters for device 0x40000000
02-03 00:55:42.696   589  4822 D DlbDap2Process: setParam(msce = #1[0])
02-03 00:55:42.696   589  4822 D DlbDap2Process: setParam(mdee = #1[0])
02-03 00:55:42.696   589  4822 D DlbDap2Process: setParam(miee = #1[0])
02-03 00:55:42.696   589  4822 D DlbDap2Process: setParam(mdle = #1[0])
02-03 00:55:42.696   589  4822 D DlbDap2Process: setParam(dvle = #1[0])
02-03 00:55:42.696   589  4822 D DlbDap2Process: setParam(mave = #1[0])
02-03 00:55:42.696   589  4822 D DlbDap2Process: setParam(ieon = #1[0])
02-03 00:55:42.696   589  4822 D DlbDapEndpointParamCache: doCommit() Committed 7 parameters out of 16.
02-03 00:55:42.696   589  4822 D DlbDapEndpointParamCache: commit() Overriding parameters for current device 0x00000002
02-03 00:55:42.696   589  4822 D DlbDap2Process: setParam(dom = #1[0])
02-03 00:55:42.696   589  4822 D DlbDap2Process: setParam(dvle = #1[0])
02-03 00:55:42.696   589  4822 D DlbDap2Process: setParam(dvme = #1[0])
02-03 00:55:42.696   589  4822 D DlbDap2Process: setParam(deon = #1[0])
02-03 00:55:42.696   589  4822 D DlbDap2Process: setParam(ngon = #1[0])
02-03 00:55:42.696   589  4822 D DlbDapEndpointParamCache: doCommit() Committed 5 parameters out of 37.
02-03 00:55:42.698   589  4575 D DlbDap2Process: setMave(mave = 0)
02-03 00:55:42.699   597 20345 D NuPlayerDriver: notifyListener_l(0xf1bb23f0), (6, 0, 0, -1), loop setting(0, 1)
02-03 00:55:42.700   589  4575 D DlbDapCrossfadeProcess: process transitioning from FADE_TO_ACTIVE state to DAP_ACTIVE
02-03 00:55:42.709   589   742 D DlbDlbEffect: handle_EFFECT_CMD_SET_PARAM()
02-03 00:55:42.712   589  4568 D audio_hw_primary: enable_snd_device: snd_device(2: speaker)
02-03 00:55:42.714   589  4568 D audio_hw_primary: enable_audio_route: usecase(0) apply and update mixer path: deep-buffer-playback speaker
02-03 00:55:42.761 20316 20316 D featureTest: receive broadcast , change virtual speaker  virtualizer :0
02-03 00:55:42.769   589  4575 D DlbDap2Process: process() called [852000] times
02-03 00:55:42.774   589   740 D DlbDlbEffect: handle_EFFECT_CMD_SET_PARAM()
02-03 00:55:42.822 20316 20316 D featureTest: receive broadcast , record log :0
02-03 00:55:42.858   589   772 D AudioFlinger: mixer(0xf0683c00) throttle end: throttle time(50)
02-03 00:55:42.885 20316 20316 D featureTest: receive broadcast , playing content location :/sdcard/featureTest/2ch_ddp_25fps_ref_level.mp4
02-03 00:55:42.888   597  1214 D NuPlayerDriver: stop(0xf1bb23f0)
02-03 00:55:42.888   597  1214 D NuPlayerDriver: notifyListener_l(0xf1bb23f0), (8, 0, 0, -1), loop setting(0, 1)
02-03 00:55:42.889   597   597 D NuPlayerDriver: reset(0xf1bb23f0) at state 8
02-03 00:55:42.893   602  5767 I DDP_JOCDecoder: -> ~DDPDecoder
02-03 00:55:42.893   602  5767 I DDP_JOCDecoder: -> stop
02-03 00:55:42.894   602  5767 I DDP_JOCDecoder: <- stop
02-03 00:55:42.894   602  5767 I ARenderer: ~ARenderer
02-03 00:55:42.894   602  5767 I evo_parser: evo_parser_close
02-03 00:55:42.894   602  5767 I DlbDap2QmfProcess: ~Dap2Process()
02-03 00:55:42.894   602  5767 I DlbDap2QmfProcess: close()
02-03 00:55:42.894   602  5767 I DDP_JOCDecoder: <- ~DDPDecoder
02-03 00:55:42.903   597 20345 D NuPlayerDriver: notifyResetComplete(0xf1bb23f0)
02-03 00:55:42.903   597  1205 D NuPlayerDriver: reset(0xf1bb23f0) at state 0
02-03 00:55:42.904 20316 20316 V MediaPlayer: resetDrmState:  mDrmInfo=null mDrmProvisioningThread=null mPrepareDrmInProgress=false mActiveDrmScheme=false
02-03 00:55:42.904 20316 20316 V MediaPlayer: cleanDrmObj: mDrmObj=null mDrmSessionId=null
02-03 00:55:42.906 20316 20316 V MediaPlayer: resetDrmState:  mDrmInfo=null mDrmProvisioningThread=null mPrepareDrmInProgress=false mActiveDrmScheme=false
02-03 00:55:42.906 20316 20316 V MediaPlayer: cleanDrmObj: mDrmObj=null mDrmSessionId=null
02-03 00:55:42.911 20316 20316 D featureTest: mMediaPlayer.getAudioSessionId(): 8369
02-03 00:55:42.911 20316 20316 D featureTest: Playing file: /sdcard/featureTest/2ch_ddp_25fps_ref_level.mp4
02-03 00:55:42.912   597   739 D NuPlayerDriver: NuPlayerDriver(0xf1bb2690) created, clientPid(20316)
02-03 00:55:42.914 20316 20316 W MediaPlayer: Use of stream types is deprecated for operations other than volume control
02-03 00:55:42.914 20316 20316 W MediaPlayer: See the documentation of setAudioStreamType() for what to use instead with android.media.AudioAttributes to qualify your playback use case
02-03 00:55:42.915 20375 20375 W generic : type=1400 audit(0.0:3045): avc: denied { read } for path="/storage/emulated/0/featuretest/2ch_ddp_25fps_ref_level.mp4" dev="sdcardfs" ino=523356 scontext=u:r:mediaextractor:s0 tcontext=u:object_r:sdcardfs:s0 tclass=file permissive=0
02-03 00:55:42.916   597 20375 D GenericSource: FileSource remote
02-03 00:55:42.916   597 20375 W GenericSource: extractor service cannot make data source
02-03 00:55:42.916   597 20375 D GenericSource: FileSource local
02-03 00:55:42.934   597 20374 D NuPlayerDriver: notifyListener_l(0xf1bb2690), (5, 1280, 720, -1), loop setting(0, 0)
02-03 00:55:42.935   595   595 D MediaBufferGroup: creating MemoryDealer
02-03 00:55:42.936   597 20374 D NuPlayerDriver: notifyListener_l(0xf1bb2690), (1, 0, 0, -1), loop setting(0, 0)
02-03 00:55:42.942   597  1205 D NuPlayerDriver: start(0xf1bb2690), state is 4, eos is 0
02-03 00:55:42.942   597 20374 I GenericSource: start
02-03 00:55:42.945 20316 20316 W DolbyAudioEffect: WARNING: attaching a DolbyAudioEffect to global output mix is deprecated!
02-03 00:55:42.960 20316 20316 D featureTest: receive broadcast , change ds status :1
02-03 00:55:42.962   602 10688 I OMXMaster: makeComponentInstance(OMX.dolby.eac3.decoder) in android.hardwar process
02-03 00:55:42.975   589   742 D DlbDlbEffect: handle_EFFECT_CMD_SET_PARAM()
02-03 00:55:43.012   602 10688 I DDP_JOCDecoder: -> init name OMX.dolby.eac3.decoder
02-03 00:55:43.013   602 10688 I DDP_JOCDecoder: <- init
02-03 00:55:43.013   602 10688 D DDP_JOCDecoder: initPorts
02-03 00:55:43.015   602  1212 E OMXNodeInstance: setConfig(0xea6a35c0:dolby.eac3.decoder, ConfigPriority(0x6f800002)) ERROR: Undefined(0x80001001)
02-03 00:55:43.015   597 20381 I ACodec  : codec does not support config priority (err -2147483648)
02-03 00:55:43.016   602 10688 E OMXNodeInstance: getConfig(0xea6a35c0:dolby.eac3.decoder, ConfigAndroidVendorExtension(0x6f100004)) ERROR: Undefined(0x80001001)
02-03 00:55:43.017   597 20381 I MediaCodec: MediaCodec will operate in async mode
02-03 00:55:43.017   597 20381 I ACodec  : setDolbyParameterOnProcessedAudio() Received dolby_processed_audio=1
02-03 00:55:43.017   597 20380 I NuPlayerDecoder: setDolbyMessage() Notifying player that Codec supports dolby_processed_audio flag
02-03 00:55:43.017   597 20374 I NuPlayer: onDolbyMessageReceived() Setting dolby_processed_audio flag on audio sink
02-03 00:55:43.017   597 20374 I MediaPlayerService: setDolbyParameters() Marking audio output as having dolby_processed_audio
02-03 00:55:43.018   589   772 D AudioFlinger: trackStateChanged() Track id 1093 state changed to 2
02-03 00:55:43.018   589   772 I AudioFlinger: updateProcessedAudioState() Changing content processing in effect to 0
02-03 00:55:43.018   589   772 D DlbDlbEffect: handle_EFFECT_CMD_SET_PARAM()
02-03 00:55:43.019   602   602 D DDP_JOCDecoder: internalSetParameter() Instantiating ARenderer for content processing in decoder
02-03 00:55:43.019   602   602 I DlbDap2QmfProcess: Dap2Process()
02-03 00:55:43.019   602   602 I ARenderer: ARenderer
02-03 00:55:43.019   602   602 I evo_parser: evo_parser_init
02-03 00:55:43.019   602   602 I DlbDap2QmfProcess: init()
02-03 00:55:43.019   602   602 I DlbDap2QmfProcess: open()
02-03 00:55:43.020   602   602 I DlbDap2QmfProcess: loadLicense() no license check!
02-03 00:55:43.020   602   602 I DlbDap2QmfProcess: validateLicense() no license check!
02-03 00:55:43.020   602   602 I DlbDap2QmfProcess: init() DAP opened
02-03 00:55:43.020   602   602 I DlbDap2QmfProcess: DAP library version: 2.5.1-P2.0
02-03 00:55:43.020   602   602 D DlbDap2QmfProcess: DAP output mode set to 1 with 2 output channels and null mix matrix.
02-03 00:55:43.020   597 20381 I ACodec  : setDolbyParameterOnProcessedAudio() Content processing enabled in decoder
02-03 00:55:43.021   589   772 I DlbEffectContext: setContentProcEnabled() Enabling content processing in global effect
02-03 00:55:43.022   589   772 D DlbDapEndpointParamCache: commitChangedParams()
02-03 00:55:43.022   589   772 D DlbDapEndpointParamCache: commit() Applying parameters for device 0x40000000
02-03 00:55:43.022   589   772 D DlbDap2Process: setParam(iea = #1[10])
02-03 00:55:43.022   589   772 D DlbDap2Process: setParam(msce = #1[0])
02-03 00:55:43.022   589   772 D DlbDap2Process: setParam(mdee = #1[0])
02-03 00:55:43.022   589   772 D DlbDap2Process: setParam(miee = #1[0])
02-03 00:55:43.022   589   772 D DlbDap2Process: setParam(mdle = #1[0])
02-03 00:55:43.022   589   772 D DlbDap2Process: setParam(dvle = #1[1])
02-03 00:55:43.022   589   772 D DlbDap2Process: setParam(mave = #1[0])
02-03 00:55:43.022   589   772 D DlbDap2Process: setParam(vcbf = #20[47, 141, 234, 328, 469, 656, 844, 1031, 1313, 1688, 2250, 3000, 3750, 4688, 5813, 7125, 9000, 11250, 13875, 19688])
02-03 00:55:43.022   589   772 D DlbDap2Process: setParam(vbon = #1[0])
02-03 00:55:43.022   589   772 D DlbDap2Process: setParam(beon = #1[0])
02-03 00:55:43.022   589   772 D DlbDap2Process: setParam(geon = #1[0])
02-03 00:55:43.022   589   772 D DlbDap2Process: setParam(ieon = #1[0])
02-03 00:55:43.022   589   772 D DlbDap2Process: setParam(gebs = #41[20, 47, 141, 234, 328, 469, 656, 844, 1031, 1313, 1688, 2250, 3000, 3750, 4688, 5813, 7125, 9000, 11250, 13875, 19688, 0, 0, 0, 0, 0, 0, 0, 0, 0, 0, 0, 0, 0, 0, 0, 0, 0, 0, 0, 0])
02-03 00:55:43.022   589   772 D DlbDap2Process: setParam(iebs = #41[20, 65, 136, 223, 332, 467, 634, 841, 1098, 1416, 1812, 2302, 2909, 3663, 4598, 5756, 7194, 8976, 11186, 13927, 17326, 117, 133, 188, 176, 141, 149, 175, 185, 185, 200, 236, 242, 228, 213, 182, 132, 110, 68, -27, -240])
02-03 00:55:43.022   589   772 D DlbDapEndpointParamCache: doCommit() Committed 15 parameters out of 16.
02-03 00:55:43.023   589   772 D DlbDapEndpointParamCache: commit() Overriding parameters for current device 0x00000002
02-03 00:55:43.023   589   772 D DlbDap2Process: setParam(dea = #1[7])
02-03 00:55:43.023   589   772 D DlbDap2Process: setParam(dsa = #1[10])
02-03 00:55:43.023   589   772 D DlbDap2Process: setParam(beb = #1[192])
02-03 00:55:43.023   589   772 D DlbDap2Process: setParam(plb = #1[0])
02-03 00:55:43.023   589   772 D DlbDap2Process: setParam(vmb = #1[144])
02-03 00:55:43.023   589   772 D DlbDap2Process: setParam(dsb = #1[48])
02-03 00:55:43.023   589   772 D DlbDap2Process: setParam(ded = #1[0])
02-03 00:55:43.023   589   772 D DlbDap2Process: setParam(vbm = #1[3])
02-03 00:55:43.023   589   772 D DlbDap2Process: setParam(dom = #1[0])
02-03 00:55:43.023   589   772 D DlbDap2Process: setParam(bew = #1[16])
02-03 00:55:43.023   589   772 D DlbDap2Process: setParam(dvla = #1[5])
02-03 00:55:43.023   589   772 D DlbDap2Process: setParam(arra = #1[96])
02-03 00:55:43.023   589   772 D DlbDap2Process: setParam(dfsa = #1[10])
02-03 00:55:43.023   589   772 D DlbDap2Process: setParam(dhsa = #1[10])
02-03 00:55:43.023   589   772 D DlbDap2Process: setParam(dvmc = #1[0])
02-03 00:55:43.023   589   772 D DlbDap2Process: setParam(arod = #1[0])
02-03 00:55:43.023   589   772 D DlbDap2Process: setParam(arde = #1[1])
02-03 00:55:43.023   589   772 D DlbDap2Process: setParam(dvle = #1[1])
02-03 00:55:43.023   589   772 D DlbDap2Process: setParam(dvme = #1[0])
02-03 00:55:43.023   589   772 D DlbDap2Process: setParam(becf = #1[200])
02-03 00:55:43.023   589   772 D DlbDap2Process: setParam(vbmf = #2[94, 469])
02-03 00:55:43.023   589   772 D DlbDap2Process: setParam(vbsf = #2[35, 160])
02-03 00:55:43.023   589   772 D DlbDap2Process: setParam(vbhg = #3[-32, -144, -192])
02-03 00:55:43.023   589   772 D DlbDap2Process: setParam(vbog = #1[0])
02-03 00:55:43.023   589   772 D DlbDap2Process: setParam(vbsg = #1[0])
02-03 00:55:43.023   589   772 D DlbDap2Process: setParam(dvli = #1[-320])
02-03 00:55:43.023   589   772 D DlbDap2Process: setParam(dhfm = #1[2])
02-03 00:55:43.023   589   772 D DlbDap2Process: setParam(vbon = #1[0])
02-03 00:55:43.023   589   772 D DlbDap2Process: setParam(beon = #1[0])
02-03 00:55:43.023   589   772 D DlbDap2Process: setParam(deon = #1[0])
02-03 00:55:43.023   589   772 D DlbDap2Process: setParam(ngon = #1[1])
02-03 00:55:43.023   589   772 D DlbDap2Process: setParam(aoon = #1[1])
02-03 00:55:43.023   589   772 D DlbDap2Process: setParam(aron = #1[1])
02-03 00:55:43.023   589   772 D DlbDap2Process: setParam(dvlo = #1[-320])
02-03 00:55:43.023   589   772 D DlbDap2Process: setParam(artp = #1[12])
02-03 00:55:43.024   589   772 D DlbDap2Process: setParam(aobs = #222[20, 10, 47, 141, 234, 328, 469, 656, 844, 1031, 1313, 1688, 2250, 3000, 3750, 4688, 5813, 7125, 9000, 11250, 13875, 19688, 0, 0, 0, 0, 0, 0, 0, 0, 0, 0, 0, 0, 0, 0, 0, 0, 0, 0, 0, 0, 0, 0, 0, 0, 0, 0, 0, 0, 0, 0, 0, 0, 0, 0, 0, 0, 0, 0, 0, 0, 0, 0, 0, 0, 0, 0, 0, 0, 0, 0, 0, 0, 0, 0, 0, 0, 0, 0, 0, 0, 0, 0, 0, 0, 0, 0, 0, 0, 0, 0, 0, 0, 0, 0, 0, 0, 0, 0, 0, 0, 0, 0, 0, 0, 0, 0, 0, 0, 0, 0, 0, 0, 0, 0, 0, 0, 0, 0, 0, 0, 0, 0, 0, 0, 0, 0, 0, 0, 0, 0, 0, 0, 0, 0, 0, 0, 0, 0, 0, 0, 0, 0, 0, 0, 0, 0, 0, 0, 0, 0, 0, 0, 0, 0, 0, 0, 0, 0, 0, 0, 0, 0, 0, 0, 0, 0, 0, 0, 0, 0, 0, 0, 0, 0, 0, 0, 0, 0, 0, 0, 0, 0, 0, 0, 0, 0, 0, 0, 0, 0, 0, 0, 0, 0, 0, 0, 0, 0, 0, 0, 0, 0, 0, 0, 0, 0, 0, 0, 0, 0, 0, 0, 0, 0, 0, 0, 0, 0, 0, 0])
02-03 00:55:43.024   589   772 D DlbDap2Process: setParam(arbs = #81[20, 47, 141, 234, 328, 469, 656, 844, 1031, 1313, 1688, 2250, 3000, 3750, 4688, 5813, 7125, 9000, 11250, 13875, 19688, -192, -192, -192, -192, -192, -192, -192, -192, -192, -192, -192, -192, -192, -192, -192, -192, -192, -192, -192, -192, 0, 0, 0, 0, 0, 0, 0, 0, 0, 0, 0, 0, 0, 0, 0, 0, 0, 0, 0, 0, 0, 0, 0, 0, 0, 0, 0, 0, 0, 0, 0, 0, 0, 0, 0, 0, 0, 0, 0, 0])
02-03 00:55:43.024   589   772 D DlbDapEndpointParamCache: doCommit() Committed 37 parameters out of 37.
02-03 00:55:43.026   602 20385 I DDP_JOCDecoder: -> start
02-03 00:55:43.026   602 20385 I EndpConfig: DAP state has changed from -1 to 1
02-03 00:55:43.026   602 20385 D DDP_JOCDecoder: Setting Max Output Channels to 2
02-03 00:55:43.026   602 20385 D DDP_JOCDecoder: setMultiChannelPCMOutDownmix mConfig->jocForceDownmixMode 0
02-03 00:55:43.026   602 20385 I udc_user: 
02-03 00:55:43.026   602 20385 I udc_user: *** DDPlus Unified Decoder Simulation  Version 1.7.3 ***
02-03 00:55:43.026   602 20385 I udc_user: 
02-03 00:55:43.026   602 20385 I udc_user: 7.1-channel decoder-converter, 
02-03 00:55:43.026   602 20385 I udc_user: 
02-03 00:55:43.026   602 20385 I udc_user: 5.1-channel dual-decoder-converter, 
02-03 00:55:43.026   602 20385 I udc_user: Karaoke unsupported, 
02-03 00:55:43.026   602 20385 I udc_user: TPNP supported. 
02-03 00:55:43.026   602 20385 I udc_user: 
02-03 00:55:43.026   602 20385 I udc_user: Unpublished work.  Copyright 2003-2014 Dolby Laboratories, Inc. and
02-03 00:55:43.026   602 20385 I udc_user: Dolby Laboratories Licensing Corporation.  All Rights Reserved.
02-03 00:55:43.026   602 20385 I udc_user: 
02-03 00:55:43.026   602 20385 I udc_user: USE OF THIS SOFTWARE IS SUBJECT TO A LEGAL AGREEMENT BETWEEN YOU AND DOLBY
02-03 00:55:43.026   602 20385 I udc_user: LABORATORIES. DO NOT USE THIS SOFTWARE UNLESS YOU AGREE TO THE TERMS AND 
02-03 00:55:43.026   602 20385 I udc_user: CONDITIONS IN THE AGREEMENT.  BY USING THIS SOFTWARE, YOU ACKNOWLEDGE THAT 
02-03 00:55:43.026   602 20385 I udc_user: YOU HAVE READ THE AGREEMENT AND THAT YOU AGREE TO BE BOUND BY ITS TERMS. 
02-03 00:55:43.026   602 20385 I udc_user: 
02-03 00:55:43.027   602 20385 I ddpdec_client_joc: ddpdec_open JOCD_MODE Buffer assignment
02-03 00:55:43.027   602 20385 D DDP_JOCDecoder: mStarted = 1
02-03 00:55:43.027   602 20385 I DDP_JOCDecoder: <- start
02-03 00:55:43.028   602 20385 D ddpdec_client_joc: ddpdec_client.c|int configDecoder()
02-03 00:55:43.030   602 20385 D DDP_JOCDecoder: Setting Max Output Channels to 2
02-03 00:55:43.030 20316 20316 D featureTest: receive broadcast , change ds profile id :5
02-03 00:55:43.032   602 20385 I DlbDap2QmfProcess: close()
02-03 00:55:43.032   602 20385 I DlbDap2QmfProcess: init()
02-03 00:55:43.032   602 20385 I DlbDap2QmfProcess: open()
02-03 00:55:43.033   602 20385 I DlbDap2QmfProcess: loadLicense() no license check!
02-03 00:55:43.033   602 20385 I DlbDap2QmfProcess: validateLicense() no license check!
02-03 00:55:43.033   602 20385 I DlbDap2QmfProcess: init() DAP opened
02-03 00:55:43.033   602 20385 I DlbDap2QmfProcess: DAP library version: 2.5.1-P2.0
02-03 00:55:43.033   602 20385 D DlbDap2QmfProcess: DAP output mode set to 1 with 2 output channels and null mix matrix.
02-03 00:55:43.033   602 20385 D ARenderer: checkAndUpdateConfig: DAP reinitialized because of sample rate change
02-03 00:55:43.033   602 20385 D ARenderer: updateDapConfig: Updating DAP configuration
02-03 00:55:43.033   602 20385 D DlbDap2QmfProcess: setParam(iea = #1[10])
02-03 00:55:43.033   602 20385 D DlbDap2QmfProcess: setParam(msce = #1[0])
02-03 00:55:43.033   602 20385 D DlbDap2QmfProcess: setParam(mdee = #1[0])
02-03 00:55:43.033   602 20385 D DlbDap2QmfProcess: setParam(miee = #1[0])
02-03 00:55:43.033   602 20385 D DlbDap2QmfProcess: setParam(mdle = #1[0])
02-03 00:55:43.033   602 20385 D DlbDap2QmfProcess: setParam(dvle = #1[1])
02-03 00:55:43.033   602 20385 D DlbDap2QmfProcess: setParam(mave = #1[0])
02-03 00:55:43.033   602 20385 D DlbDap2QmfProcess: setParam(vcbf = #20[47, 141, 234, 328, 469, 656, 844, 1031, 1313, 1688, 2250, 3000, 3750, 4688, 5813, 7125, 9000, 11250, 13875, 19688])
02-03 00:55:43.033   602 20385 D DlbDap2QmfProcess: setParam(ieon = #1[0])
02-03 00:55:43.033   602 20385 D DlbDap2QmfProcess: setParam(gebs = #41[20, 47, 141, 234, 328, 469, 656, 844, 1031, 1313, 1688, 2250, 3000, 3750, 4688, 5813, 7125, 9000, 11250, 13875, 19688, 0, 0, 0, 0, 0, 0, 0, 0, 0, 0, 0, 0, 0, 0, 0, 0, 0, 0, 0, 0])
02-03 00:55:43.034   602 20385 D DlbDap2QmfProcess: setParam(iebs = #41[20, 65, 136, 223, 332, 467, 634, 841, 1098, 1416, 1812, 2302, 2909, 3663, 4598, 5756, 7194, 8976, 11186, 13927, 17326, 117, 133, 188, 176, 141, 149, 175, 185, 185, 200, 236, 242, 228, 213, 182, 132, 110, 68, -27, -240])
02-03 00:55:43.034   602 20385 D DlbDap2QmfProcess: setParam(dea = #1[7])
02-03 00:55:43.034   602 20385 D DlbDap2QmfProcess: setParam(dsa = #1[10])
02-03 00:55:43.034   602 20385 D DlbDap2QmfProcess: setParam(beb = #1[192])
02-03 00:55:43.034   602 20385 D DlbDap2QmfProcess: setParam(plb = #1[0])
02-03 00:55:43.034   602 20385 D DlbDap2QmfProcess: setParam(vmb = #1[144])
02-03 00:55:43.034   602 20385 D DlbDap2QmfProcess: setParam(dsb = #1[48])
02-03 00:55:43.034   602 20385 D DlbDap2QmfProcess: setParam(ded = #1[0])
02-03 00:55:43.034   602 20385 D DlbDap2QmfProcess: setParam(dom = #1[0])
02-03 00:55:43.034   602 20385 D DlbDap2QmfProcess: setParam(bew = #1[16])
02-03 00:55:43.034   602 20385 D DlbDap2QmfProcess: setParam(dvla = #1[5])
02-03 00:55:43.034   602 20385 D DlbDap2QmfProcess: setParam(dfsa = #1[10])
02-03 00:55:43.034   602 20385 D DlbDap2QmfProcess: setParam(dhsa = #1[10])
02-03 00:55:43.034   602 20385 D DlbDap2QmfProcess: setParam(dvmc = #1[0])
02-03 00:55:43.034   602 20385 D DlbDap2QmfProcess: setParam(dvle = #1[1])
02-03 00:55:43.034   602 20385 D DlbDap2QmfProcess: setParam(dvme = #1[0])
02-03 00:55:43.034   602 20385 D DlbDap2QmfProcess: setParam(becf = #1[200])
02-03 00:55:43.034   602 20385 D DlbDap2QmfProcess: setParam(vbmf = #2[94, 469])
02-03 00:55:43.034   602 20385 D DlbDap2QmfProcess: setParam(vbsf = #2[35, 160])
02-03 00:55:43.034   602 20385 D DlbDap2QmfProcess: setParam(vbhg = #3[-32, -144, -192])
02-03 00:55:43.034   602 20385 D DlbDap2QmfProcess: setParam(vbog = #1[0])
02-03 00:55:43.034   602 20385 D DlbDap2QmfProcess: setParam(vbsg = #1[0])
02-03 00:55:43.034   602 20385 D DlbDap2QmfProcess: setParam(dvli = #1[-320])
02-03 00:55:43.034   602 20385 D DlbDap2QmfProcess: setParam(dhfm = #1[2])
02-03 00:55:43.034   602 20385 D DlbDap2QmfProcess: setParam(deon = #1[0])
02-03 00:55:43.034   602 20385 D DlbDap2QmfProcess: setParam(ngon = #1[1])
02-03 00:55:43.034   602 20385 D DlbDap2QmfProcess: setParam(dvlo = #1[-320])
02-03 00:55:43.035   602 20385 D DlbDap2QmfProcess: setParam(aobs = #222[20, 10, 47, 141, 234, 328, 469, 656, 844, 1031, 1313, 1688, 2250, 3000, 3750, 4688, 5813, 7125, 9000, 11250, 13875, 19688, 0, 0, 0, 0, 0, 0, 0, 0, 0, 0, 0, 0, 0, 0, 0, 0, 0, 0, 0, 0, 0, 0, 0, 0, 0, 0, 0, 0, 0, 0, 0, 0, 0, 0, 0, 0, 0, 0, 0, 0, 0, 0, 0, 0, 0, 0, 0, 0, 0, 0, 0, 0, 0, 0, 0, 0, 0, 0, 0, 0, 0, 0, 0, 0, 0, 0, 0, 0, 0, 0, 0, 0, 0, 0, 0, 0, 0, 0, 0, 0, 0, 0, 0, 0, 0, 0, 0, 0, 0, 0, 0, 0, 0, 0, 0, 0, 0, 0, 0, 0, 0, 0, 0, 0, 0, 0, 0, 0, 0, 0, 0, 0, 0, 0, 0, 0, 0, 0, 0, 0, 0, 0, 0, 0, 0, 0, 0, 0, 0, 0, 0, 0, 0, 0, 0, 0, 0, 0, 0, 0, 0, 0, 0, 0, 0, 0, 0, 0, 0, 0, 0, 0, 0, 0, 0, 0, 0, 0, 0, 0, 0, 0, 0, 0, 0, 0, 0, 0, 0, 0, 0, 0, 0, 0, 0, 0, 0, 0, 0, 0, 0, 0, 0, 0, 0, 0, 0, 0, 0, 0, 0, 0, 0, 0, 0, 0, 0, 0, 0, 0])
02-03 00:55:43.035   602 20385 D DlbDap2QmfProcess: setParam(dvle = #1[1])
02-03 00:55:43.035   602 20385 D DlbDap2QmfProcess: setParam(dvli = #1[-496])
02-03 00:55:43.035   602 20385 D DlbDap2QmfProcess: setParam(dvlo = #1[-176])
02-03 00:55:43.035   602 20385 D ARenderer: updateDapVolumeLeveler: Setting output level to -11.00dB
02-03 00:55:43.035   602 20385 D DlbDap2QmfProcess: setParam(vmb = #1[0])
02-03 00:55:43.035   602 20385 D DlbDap2QmfProcess: setParam(preg = #1[-384])
02-03 00:55:43.035   602 20385 D DlbDap2QmfProcess: setParam(vol = #1[384])
02-03 00:55:43.035   602 20385 D DlbDlbBufferProvider: setConfig() Updating buffer configuration.
02-03 00:55:43.035   602 20385 D DlbDap2QmfProcess: processQmf() called [0] times
02-03 00:55:43.037   602 20385 D DlbDap2QmfProcess: setMave(mave = 0)
02-03 00:55:43.042   589  4821 D DlbDlbEffect: handle_EFFECT_CMD_SET_PARAM()
02-03 00:55:43.045   589   772 D AudioFlinger: trackDestroyed() Track id 1093 no longer contains processed audio
02-03 00:55:43.045   589   728 D DlbDlbEffect: handle_EFFECT_CMD_DISABLE()
02-03 00:55:43.045   589   728 D DlbDapCrossfadeProcess: setEnabled transitioning from DAP_ACTIVE state to FADE_TO_BYPASS
02-03 00:55:43.047   416   416 W /system/bin/hw/android.hidl.allocator@1.0-service: ashmem_create_region(3840) returning hidl_memory(0x77bb02c2e0, 3840)
02-03 00:55:43.047   589   728 D DlbDlbEffect: handle_EFFECT_CMD_SET_CONFIG()
