02-04 23:03:57.584   589   589 D NuPlayerDriver: reset(0xe5732460) at state 5
02-04 23:03:57.589   589   589 D NuPlayerDriver: notifyListener_l(0xe5732460), (8, 0, 0, -1), loop setting(0, 1)
02-04 23:03:57.602   589 29553 D NuPlayerDriver: notifyResetComplete(0xe5732460)
02-04 23:03:57.603   589   589 D AudioTrack: stop() called with 0 frames delivered
02-04 23:03:57.736   581   724 D DlbDlbEffect: handle_EFFECT_CMD_DISABLE()
02-04 23:03:57.736   581   724 D DlbDapCrossfadeProcess: setEnabled transitioning from DAP_ACTIVE state to FADE_TO_BYPASS
02-04 23:03:57.738   581   724 D DlbDlbEffect: handle_EFFECT_CMD_SET_CONFIG()
02-04 23:03:57.738   581   724 D DlbDapEndpointParamCache: setDevice(device=0x00000002)
02-04 23:03:57.738   421   421 D DMSService: setActiveDevice called with device = 0x2
02-04 23:03:57.738   581   724 D DlbDlbEffect: handle_EFFECT_CMD_ENABLE()
02-04 23:03:57.738   581   724 D DlbDapCrossfadeProcess: setEnabled transitioning from FADE_TO_BYPASS state to FADE_TO_ACTIVE
02-04 23:03:57.888 29596 29596 D featureTest: onCreate
02-04 23:03:58.103 29596 29596 D AudioTrack: Client defaulted notificationFrames to 962 for frameCount 1924
02-04 23:03:58.111 29596 29596 W AudioTrack: Use of stream types is deprecated for operations other than volume control
02-04 23:03:58.111 29596 29596 W AudioTrack: See the documentation of AudioTrack() for what to use instead with android.media.AudioAttributes to qualify your playback use case
02-04 23:03:58.136 29596 29596 D featureTest: onResume
02-04 23:03:58.748 29596 29596 D featureTest: receive broadcast , playing content location :/sdcard/featureTest/chopper_5.1_180_420.wav
02-04 23:03:58.757 29596 29596 D featureTest: mMediaPlayer.getAudioSessionId(): 4073
02-04 23:03:58.757 29596 29596 D featureTest: Playing file: /sdcard/featureTest/chopper_5.1_180_420.wav
02-04 23:03:58.759   589   709 D NuPlayerDriver: NuPlayerDriver(0xe57325b0) created, clientPid(29596)
02-04 23:03:58.791   589 29625 D NuPlayerDriver: notifyListener_l(0xe57325b0), (1, 0, 0, -1), loop setting(0, 0)
02-04 23:03:58.800   589   709 D NuPlayerDriver: start(0xe57325b0), state is 4, eos is 0
02-04 23:03:58.811   593  5352 I OMXMaster: makeComponentInstance(OMX.google.raw.decoder) in android.hardwar process
02-04 23:03:58.814   589 29633 I ACodec  : codec does not support config priority (err -2147483648)
02-04 23:03:58.816   589 29633 I MediaCodec: MediaCodec will operate in async mode
02-04 23:03:58.821 29596 29596 D featureTest: receive broadcast , change ds status :0
02-04 23:03:58.838   589 29631 D AudioTrack: Client defaulted notificationFrames to 12000 for frameCount 24000
02-04 23:03:58.839   581  5110 D DlbDlbEffect: handle_EFFECT_CMD_DISABLE()
02-04 23:03:58.839   581  5110 D DlbDapCrossfadeProcess: setEnabled transitioning from FADE_TO_ACTIVE state to FADE_TO_BYPASS
02-04 23:03:58.841   581  5110 D DlbDlbEffect: handle_EFFECT_CMD_SET_CONFIG()
02-04 23:03:58.841   581  5110 D DlbDapEndpointParamCache: setDevice(device=0x00000002)
02-04 23:03:58.842   421   421 D DMSService: setActiveDevice called with device = 0x2
02-04 23:03:58.842   581  5110 D DlbDlbEffect: handle_EFFECT_CMD_ENABLE()
02-04 23:03:58.842   581  5110 D DlbDapCrossfadeProcess: setEnabled transitioning from FADE_TO_BYPASS state to FADE_TO_ACTIVE
02-04 23:03:58.844   589 29625 D NuPlayerDriver: notifyListener_l(0xe57325b0), (6, 0, 0, -1), loop setting(0, 1)
02-04 23:03:58.848   581  5115 D DlbDapCrossfadeProcess: process transitioning from FADE_TO_ACTIVE state to DAP_ACTIVE
02-04 23:03:58.852   581   581 D DlbDlbEffect: handle_EFFECT_CMD_SET_PARAM()
02-04 23:03:58.876   581  5115 D DlbDapCrossfadeProcess: setEnabled transitioning from DAP_ACTIVE state to FADE_TO_BYPASS
02-04 23:03:58.906 29596 29596 D featureTest: receive broadcast , change ds profile id :2
02-04 23:03:58.918   581  5115 D DlbDapCrossfadeProcess: process transitioning from FADE_TO_BYPASS state to DAP_BYPASSED
02-04 23:03:58.919   581  5143 D DlbDlbEffect: handle_EFFECT_CMD_SET_PARAM()
02-04 23:03:58.919   421   460 I DapController: Profile Changed to Music
02-04 23:03:58.939   581  5115 D DlbDapEndpointParamCache: commitChangedParams()
02-04 23:03:58.939   581  5115 D DlbDapEndpointParamCache: commit() Applying parameters for device 0x40000000
02-04 23:03:58.939   581  5115 D DlbDap2Process: setParam(iea = #1[10])
02-04 23:03:58.939   581  5115 D DlbDap2Process: setParam(msce = #1[0])
02-04 23:03:58.939   581  5115 D DlbDap2Process: setParam(mdee = #1[0])
02-04 23:03:58.939   581  5115 D DlbDap2Process: setParam(miee = #1[0])
02-04 23:03:58.939   581  5115 D DlbDap2Process: setParam(mdle = #1[0])
02-04 23:03:58.939   581  5115 D DlbDap2Process: setParam(dvle = #1[1])
02-04 23:03:58.939   581  5115 D DlbDap2Process: setParam(mave = #1[0])
02-04 23:03:58.940   581  5115 D DlbDap2Process: setParam(vcbf = #20[47, 141, 234, 328, 469, 656, 844, 1031, 1313, 1688, 2250, 3000, 3750, 4688, 5813, 7125, 9000, 11250, 13875, 19688])
02-04 23:03:58.940   581  5115 D DlbDap2Process: setParam(vbon = #1[0])
02-04 23:03:58.940   581  5115 D DlbDap2Process: setParam(beon = #1[0])
02-04 23:03:58.940   581  5115 D DlbDap2Process: setParam(geon = #1[0])
02-04 23:03:58.940   581  5115 D DlbDap2Process: setParam(ieon = #1[1])
02-04 23:03:58.940   581  5115 D DlbDap2Process: setParam(gebs = #41[20, 47, 141, 234, 328, 469, 656, 844, 1031, 1313, 1688, 2250, 3000, 3750, 4688, 5813, 7125, 9000, 11250, 13875, 19688, 0, 0, 0, 0, 0, 0, 0, 0, 0, 0, 0, 0, 0, 0, 0, 0, 0, 0, 0, 0])
02-04 23:03:58.940   581  5115 D DlbDap2Process: setParam(iebs = #41[20, 65, 136, 223, 332, 467, 634, 841, 1098, 1416, 1812, 2302, 2909, 3663, 4598, 5756, 7194, 8976, 11186, 13927, 17326, 117, 133, 188, 176, 141, 149, 175, 185, 185, 200, 236, 242, 228, 213, 182, 132, 110, 68, -27, -240])
02-04 23:03:58.940   581  5115 D DlbDapEndpointParamCache: doCommit() Committed 15 parameters out of 16.
02-04 23:03:58.940   581  5115 D DlbDapEndpointParamCache: commit() Overriding parameters for current device 0x00000002
02-04 23:03:58.940   581  5115 D DlbDap2Process: setParam(dea = #1[7])
02-04 23:03:58.940   581  5115 D DlbDap2Process: setParam(dsa = #1[10])
02-04 23:03:58.940   581  5115 D DlbDap2Process: setParam(beb = #1[192])
02-04 23:03:58.940   581  5115 D DlbDap2Process: setParam(plb = #1[0])
02-04 23:03:58.940   581  5115 D DlbDap2Process: setParam(vmb = #1[144])
02-04 23:03:58.940   581  5115 D DlbDap2Process: setParam(dsb = #1[0])
02-04 23:03:58.940   581  5115 D DlbDap2Process: setParam(ded = #1[0])
02-04 23:03:58.940   581  5115 D DlbDap2Process: setParam(vbm = #1[3])
02-04 23:03:58.940   581  5115 D DlbDap2Process: setParam(dom = #1[0])
02-04 23:03:58.940   581  5115 D DlbDap2Process: setParam(bew = #1[16])
02-04 23:03:58.940   581  5115 D DlbDap2Process: setParam(dvla = #1[4])
02-04 23:03:58.940   581  5115 D DlbDap2Process: setParam(arra = #1[96])
02-04 23:03:58.940   581  5115 D DlbDap2Process: setParam(dfsa = #1[10])
02-04 23:03:58.940   581  5115 D DlbDap2Process: setParam(dhsa = #1[10])
02-04 23:03:58.940   581  5115 D DlbDap2Process: setParam(dvmc = #1[0])
02-04 23:03:58.940   581  5115 D DlbDap2Process: setParam(arod = #1[0])
02-04 23:03:58.940   581  5115 D DlbDap2Process: setParam(arde = #1[1])
02-04 23:03:58.940   581  5115 D DlbDap2Process: setParam(dvle = #1[1])
02-04 23:03:58.940   581  5115 D DlbDap2Process: setParam(dvme = #1[0])
02-04 23:03:58.940   581  5115 D DlbDap2Process: setParam(becf = #1[200])
02-04 23:03:58.940   581  5115 D DlbDap2Process: setParam(vbmf = #2[94, 469])
02-04 23:03:58.940   581  5115 D DlbDap2Process: setParam(vbsf = #2[35, 160])
02-04 23:03:58.940   581  5115 D DlbDap2Process: setParam(vbhg = #3[-32, -144, -192])
02-04 23:03:58.940   581  5115 D DlbDap2Process: setParam(vbog = #1[0])
02-04 23:03:58.940   581  5115 D DlbDap2Process: setParam(vbsg = #1[0])
02-04 23:03:58.941   581  5115 D DlbDap2Process: setParam(dvli = #1[-320])
02-04 23:03:58.941   581  5115 D DlbDap2Process: setParam(dhfm = #1[2])
02-04 23:03:58.941   581  5115 D DlbDap2Process: setParam(vbon = #1[0])
02-04 23:03:58.941   581  5115 D DlbDap2Process: setParam(beon = #1[0])
02-04 23:03:58.941   581  5115 D DlbDap2Process: setParam(deon = #1[0])
02-04 23:03:58.941   581  5115 D DlbDap2Process: setParam(ngon = #1[1])
02-04 23:03:58.941   581  5115 D DlbDap2Process: setParam(aoon = #1[1])
02-04 23:03:58.941   581  5115 D DlbDap2Process: setParam(aron = #1[1])
02-04 23:03:58.941   581  5115 D DlbDap2Process: setParam(dvlo = #1[-320])
02-04 23:03:58.941   581  5115 D DlbDap2Process: setParam(artp = #1[12])
02-04 23:03:58.941   581  5115 D DlbDap2Process: setParam(aobs = #222[20, 10, 47, 141, 234, 328, 469, 656, 844, 1031, 1313, 1688, 2250, 3000, 3750, 4688, 5813, 7125, 9000, 11250, 13875, 19688, 0, 0, 0, 0, 0, 0, 0, 0, 0, 0, 0, 0, 0, 0, 0, 0, 0, 0, 0, 0, 0, 0, 0, 0, 0, 0, 0, 0, 0, 0, 0, 0, 0, 0, 0, 0, 0, 0, 0, 0, 0, 0, 0, 0, 0, 0, 0, 0, 0, 0, 0, 0, 0, 0, 0, 0, 0, 0, 0, 0, 0, 0, 0, 0, 0, 0, 0, 0, 0, 0, 0, 0, 0, 0, 0, 0, 0, 0, 0, 0, 0, 0, 0, 0, 0, 0, 0, 0, 0, 0, 0, 0, 0, 0, 0, 0, 0, 0, 0, 0, 0, 0, 0, 0, 0, 0, 0, 0, 0, 0, 0, 0, 0, 0, 0, 0, 0, 0, 0, 0, 0, 0, 0, 0, 0, 0, 0, 0, 0, 0, 0, 0, 0, 0, 0, 0, 0, 0, 0, 0, 0, 0, 0, 0, 0, 0, 0, 0, 0, 0, 0, 0, 0, 0, 0, 0, 0, 0, 0, 0, 0, 0, 0, 0, 0, 0, 0, 0, 0, 0, 0, 0, 0, 0, 0, 0, 0, 0, 0, 0, 0, 0, 0, 0, 0, 0, 0, 0, 0, 0, 0, 0, 0, 0, 0, 0, 0, 0, 0, 0])
02-04 23:03:58.941   581  5115 D DlbDap2Process: setParam(arbs = #81[20, 47, 141, 234, 328, 469, 656, 844, 1031, 1313, 1688, 2250, 3000, 3750, 4688, 5813, 7125, 9000, 11250, 13875, 19688, -192, -192, -192, -192, -192, -192, -192, -192, -192, -192, -192, -192, -192, -192, -192, -192, -192, -192, -192, -192, 0, 0, 0, 0, 0, 0, 0, 0, 0, 0, 0, 0, 0, 0, 0, 0, 0, 0, 0, 0, 0, 0, 0, 0, 0, 0, 0, 0, 0, 0, 0, 0, 0, 0, 0, 0, 0, 0, 0, 0])
02-04 23:03:58.942   581  5115 D DlbDapEndpointParamCache: doCommit() Committed 37 parameters out of 37.
02-04 23:03:58.966   581   770 D AudioFlinger: mixer(0xf2983980) throttle end: throttle time(42)
02-04 23:03:58.977 29596 29596 D featureTest: receive broadcast , playing content location :/sdcard/featureTest/chopper_5.1_180_420.wav
02-04 23:03:58.980   589 26717 D NuPlayerDriver: stop(0xe57325b0)
02-04 23:03:58.980   589 26717 D NuPlayerDriver: notifyListener_l(0xe57325b0), (8, 0, 0, -1), loop setting(0, 1)
02-04 23:03:58.981   589   589 D NuPlayerDriver: reset(0xe57325b0) at state 8
02-04 23:03:58.988   589 29625 D NuPlayerDriver: notifyResetComplete(0xe57325b0)
02-04 23:03:58.988   589  1170 D NuPlayerDriver: reset(0xe57325b0) at state 0
02-04 23:03:58.994 29596 29596 D featureTest: mMediaPlayer.getAudioSessionId(): 4081
02-04 23:03:58.995 29596 29596 D featureTest: Playing file: /sdcard/featureTest/chopper_5.1_180_420.wav
02-04 23:03:58.996   589   589 D NuPlayerDriver: NuPlayerDriver(0xe5732460) created, clientPid(29596)
02-04 23:03:59.030   589 29650 D NuPlayerDriver: notifyListener_l(0xe5732460), (1, 0, 0, -1), loop setting(0, 0)
02-04 23:03:59.034   589   589 D NuPlayerDriver: start(0xe5732460), state is 4, eos is 0
02-04 23:03:59.041   593 20514 I OMXMaster: makeComponentInstance(OMX.google.raw.decoder) in android.hardwar process
02-04 23:03:59.047   589 29656 I ACodec  : codec does not support config priority (err -2147483648)
02-04 23:03:59.048   589 29656 I MediaCodec: MediaCodec will operate in async mode
02-04 23:03:59.055 29596 29596 D featureTest: receive broadcast , change ds status :1
02-04 23:03:59.067   589 29654 D AudioTrack: Client defaulted notificationFrames to 12000 for frameCount 24000
02-04 23:03:59.070   581  7829 D DlbDlbEffect: handle_EFFECT_CMD_SET_PARAM()
02-04 23:03:59.070   589 29650 D NuPlayerDriver: notifyListener_l(0xe5732460), (6, 0, 0, -1), loop setting(0, 1)
02-04 23:03:59.088   581  5115 D DlbDapCrossfadeProcess: setEnabled transitioning from DAP_BYPASSED state to PREROLL_ACTIVE
02-04 23:03:59.088   581  5115 D DlbDap2Process: setMave(mave = 0)
02-04 23:03:59.131   581  5115 D DlbDapCrossfadeProcess: process transitioning from PREROLL_ACTIVE state to FADE_TO_ACTIVE
02-04 23:03:59.137 29596 29596 D featureTest: receive broadcast , change ds profile id :5
02-04 23:03:59.149   581  5142 D DlbDlbEffect: handle_EFFECT_CMD_SET_PARAM()
02-04 23:03:59.149   421   460 I DapController: Profile Changed to Custom
02-04 23:03:59.169   581  5115 D DlbDapEndpointParamCache: commitChangedParams()
02-04 23:03:59.169   581  5115 D DlbDapEndpointParamCache: commit() Applying parameters for device 0x40000000
02-04 23:03:59.169   581  5115 D DlbDap2Process: setParam(iea = #1[10])
02-04 23:03:59.169   581  5115 D DlbDap2Process: setParam(msce = #1[0])
02-04 23:03:59.169   581  5115 D DlbDap2Process: setParam(mdee = #1[0])
02-04 23:03:59.169   581  5115 D DlbDap2Process: setParam(miee = #1[0])
02-04 23:03:59.169   581  5115 D DlbDap2Process: setParam(mdle = #1[0])
02-04 23:03:59.169   581  5115 D DlbDap2Process: setParam(dvle = #1[1])
02-04 23:03:59.170   581  5115 D DlbDap2Process: setParam(mave = #1[0])
02-04 23:03:59.170   581  5115 D DlbDap2Process: setParam(vcbf = #20[47, 141, 234, 328, 469, 656, 844, 1031, 1313, 1688, 2250, 3000, 3750, 4688, 5813, 7125, 9000, 11250, 13875, 19688])
02-04 23:03:59.170   581  5115 D DlbDap2Process: setParam(vbon = #1[0])
02-04 23:03:59.170   581  5115 D DlbDap2Process: setParam(beon = #1[0])
02-04 23:03:59.170   581  5115 D DlbDap2Process: setParam(geon = #1[0])
02-04 23:03:59.170   581  5115 D DlbDap2Process: setParam(ieon = #1[0])
02-04 23:03:59.170   581  5115 D DlbDap2Process: setParam(gebs = #41[20, 47, 141, 234, 328, 469, 656, 844, 1031, 1313, 1688, 2250, 3000, 3750, 4688, 5813, 7125, 9000, 11250, 13875, 19688, 0, 0, 0, 0, 0, 0, 0, 0, 0, 0, 0, 0, 0, 0, 0, 0, 0, 0, 0, 0])
02-04 23:03:59.170   581  5115 D DlbDap2Process: setParam(iebs = #41[20, 65, 136, 223, 332, 467, 634, 841, 1098, 1416, 1812, 2302, 2909, 3663, 4598, 5756, 7194, 8976, 11186, 13927, 17326, 117, 133, 188, 176, 141, 149, 175, 185, 185, 200, 236, 242, 228, 213, 182, 132, 110, 68, -27, -240])
02-04 23:03:59.170   581  5115 D DlbDapEndpointParamCache: doCommit() Committed 15 parameters out of 16.
02-04 23:03:59.170   581  5115 D DlbDapEndpointParamCache: commit() Overriding parameters for current device 0x00000002
02-04 23:03:59.170   581  5115 D DlbDap2Process: setParam(dea = #1[7])
02-04 23:03:59.170   581  5115 D DlbDap2Process: setParam(dsa = #1[10])
02-04 23:03:59.170   581  5115 D DlbDap2Process: setParam(beb = #1[192])
02-04 23:03:59.171   581  5115 D DlbDap2Process: setParam(plb = #1[0])
02-04 23:03:59.171   581  5115 D DlbDap2Process: setParam(vmb = #1[144])
02-04 23:03:59.171   581  5115 D DlbDap2Process: setParam(dsb = #1[48])
02-04 23:03:59.171   581  5115 D DlbDap2Process: setParam(ded = #1[0])
02-04 23:03:59.171   581  5115 D DlbDap2Process: setParam(vbm = #1[3])
02-04 23:03:59.171   581  5115 D DlbDap2Process: setParam(dom = #1[0])
02-04 23:03:59.171   581  5115 D DlbDap2Process: setParam(bew = #1[16])
02-04 23:03:59.171   581  5115 D DlbDap2Process: setParam(dvla = #1[5])
02-04 23:03:59.171   581  5115 D DlbDap2Process: setParam(arra = #1[96])
02-04 23:03:59.171   581  5115 D DlbDap2Process: setParam(dfsa = #1[10])
02-04 23:03:59.171   581  5115 D DlbDap2Process: setParam(dhsa = #1[10])
02-04 23:03:59.171   581  5115 D DlbDap2Process: setParam(dvmc = #1[0])
02-04 23:03:59.171   581  5115 D DlbDap2Process: setParam(arod = #1[0])
02-04 23:03:59.171   581  5115 D DlbDap2Process: setParam(arde = #1[1])
02-04 23:03:59.171   581  5115 D DlbDap2Process: setParam(dvle = #1[1])
02-04 23:03:59.171   581  5115 D DlbDap2Process: setParam(dvme = #1[0])
02-04 23:03:59.171   581  5115 D DlbDap2Process: setParam(becf = #1[200])
02-04 23:03:59.171   581  5115 D DlbDap2Process: setParam(vbmf = #2[94, 469])
02-04 23:03:59.171   581  5115 D DlbDap2Process: setParam(vbsf = #2[35, 160])
02-04 23:03:59.171   581  5115 D DlbDap2Process: setParam(vbhg = #3[-32, -144, -192])
02-04 23:03:59.171   581  5115 D DlbDap2Process: setParam(vbog = #1[0])
02-04 23:03:59.171   581  5115 D DlbDap2Process: setParam(vbsg = #1[0])
02-04 23:03:59.171   581  5115 D DlbDap2Process: setParam(dvli = #1[-320])
02-04 23:03:59.171   581  5115 D DlbDap2Process: setParam(dhfm = #1[2])
02-04 23:03:59.171   581  5115 D DlbDap2Process: setParam(vbon = #1[0])
02-04 23:03:59.171   581  5115 D DlbDap2Process: setParam(beon = #1[0])
02-04 23:03:59.171   581  5115 D DlbDap2Process: setParam(deon = #1[0])
02-04 23:03:59.171   581  5115 D DlbDap2Process: setParam(ngon = #1[1])
02-04 23:03:59.171   581  5115 D DlbDap2Process: setParam(aoon = #1[1])
02-04 23:03:59.172   581  5115 D DlbDap2Process: setParam(aron = #1[1])
02-04 23:03:59.172   581  5115 D DlbDap2Process: setParam(dvlo = #1[-320])
02-04 23:03:59.172   581  5115 D DlbDap2Process: setParam(artp = #1[12])
02-04 23:03:59.172   581  5115 D DlbDap2Process: setParam(aobs = #222[20, 10, 47, 141, 234, 328, 469, 656, 844, 1031, 1313, 1688, 2250, 3000, 3750, 4688, 5813, 7125, 9000, 11250, 13875, 19688, 0, 0, 0, 0, 0, 0, 0, 0, 0, 0, 0, 0, 0, 0, 0, 0, 0, 0, 0, 0, 0, 0, 0, 0, 0, 0, 0, 0, 0, 0, 0, 0, 0, 0, 0, 0, 0, 0, 0, 0, 0, 0, 0, 0, 0, 0, 0, 0, 0, 0, 0, 0, 0, 0, 0, 0, 0, 0, 0, 0, 0, 0, 0, 0, 0, 0, 0, 0, 0, 0, 0, 0, 0, 0, 0, 0, 0, 0, 0, 0, 0, 0, 0, 0, 0, 0, 0, 0, 0, 0, 0, 0, 0, 0, 0, 0, 0, 0, 0, 0, 0, 0, 0, 0, 0, 0, 0, 0, 0, 0, 0, 0, 0, 0, 0, 0, 0, 0, 0, 0, 0, 0, 0, 0, 0, 0, 0, 0, 0, 0, 0, 0, 0, 0, 0, 0, 0, 0, 0, 0, 0, 0, 0, 0, 0, 0, 0, 0, 0, 0, 0, 0, 0, 0, 0, 0, 0, 0, 0, 0, 0, 0, 0, 0, 0, 0, 0, 0, 0, 0, 0, 0, 0, 0, 0, 0, 0, 0, 0, 0, 0, 0, 0, 0, 0, 0, 0, 0, 0, 0, 0, 0, 0, 0, 0, 0, 0, 0, 0, 0])
02-04 23:03:59.173   581  5115 D DlbDap2Process: setParam(arbs = #81[20, 47, 141, 234, 328, 469, 656, 844, 1031, 1313, 1688, 2250, 3000, 3750, 4688, 5813, 7125, 9000, 11250, 13875, 19688, -192, -192, -192, -192, -192, -192, -192, -192, -192, -192, -192, -192, -192, -192, -192, -192, -192, -192, -192, -192, 0, 0, 0, 0, 0, 0, 0, 0, 0, 0, 0, 0, 0, 0, 0, 0, 0, 0, 0, 0, 0, 0, 0, 0, 0, 0, 0, 0, 0, 0, 0, 0, 0, 0, 0, 0, 0, 0, 0, 0])
02-04 23:03:59.173   581  5115 D DlbDapEndpointParamCache: doCommit() Committed 37 parameters out of 37.
02-04 23:03:59.173   581  5115 D DlbDap2Process: setMave(mave = 0)
02-04 23:03:59.176   581  5115 D DlbDap2Process: process() called [292000] times
02-04 23:03:59.218 29596 29596 D featureTest: receive broadcast , change virtual speaker  virtualizer :0
02-04 23:03:59.233   581   731 D DlbDlbEffect: handle_EFFECT_CMD_SET_PARAM()
02-04 23:03:59.251   581  5115 D DlbDapCrossfadeProcess: process transitioning from FADE_TO_ACTIVE state to DAP_ACTIVE
02-04 23:03:59.295 29596 29596 D featureTest: receive broadcast , record log :0
02-04 23:04:01.854   581  5115 D DlbDap2Process: process() called [292500] times
