--------- beginning of system
02-04 23:02:12.539   816  2356 I ActivityManager: Force stopping com.dolby.qa.featuretest appid=10074 user=0: from pid 28769
02-04 23:02:12.539   816  2356 I ActivityManager: Killing 28666:com.dolby.qa.featuretest/u0a74 (adj 0): stop com.dolby.qa.featuretest
02-04 23:02:12.541   816  2356 W ActivityManager: Force removing ActivityRecord{d65c67 u0 com.dolby.qa.featuretest/.MainActivity t186}: app died, no saved state
02-04 23:02:12.549   816  2356 I WindowManager: Failed to capture screenshot of Token{a16ea14 ActivityRecord{d65c67 u0 com.dolby.qa.featuretest/.MainActivity t186 f}} appWin=Window{97dace5 u0 com.dolby.qa.featuretest/com.dolby.qa.featuretest.MainActivity} drawState=4
--------- beginning of main
02-04 23:02:12.555   429   747 E SurfaceFlinger: Failed to find layer (com.dolby.qa.featuretest/com.dolby.qa.featuretest.MainActivity#0) in layer parent (no-parent).
02-04 23:02:12.579  1232  1232 D CarrierSvcBindHelper: No carrier app for: 0
02-04 23:02:12.584  2298  2298 D RegisteredNfcFServicesCache: Service unchanged, not updating
02-04 23:02:12.592   589   709 D NuPlayerDriver: reset(0xe57323f0) at state 5
02-04 23:02:12.592   816   828 I WindowManager: WIN DEATH: Window{d456635 u0 Toast}
02-04 23:02:12.594   589   709 D NuPlayerDriver: notifyListener_l(0xe57323f0), (8, 0, 0, -1), loop setting(0, 1)
02-04 23:02:12.594   581  5143 D AudioFlinger: trackStateChanged() Track id 537 state changed to 6
02-04 23:02:12.604   593  1187 I DDP_JOCDecoder: -> ~DDPDecoder
02-04 23:02:12.604   593  1187 I DDP_JOCDecoder: -> stop
02-04 23:02:12.605   593  1187 I DDP_JOCDecoder: <- stop
02-04 23:02:12.605   593  1187 I ARenderer: ~ARenderer
02-04 23:02:12.605   593  1187 I evo_parser: evo_parser_close
02-04 23:02:12.605   593  1187 I DlbDap2QmfProcess: ~Dap2Process()
02-04 23:02:12.605   593  1187 I DlbDap2QmfProcess: close()
02-04 23:02:12.605   593  1187 I DDP_JOCDecoder: <- ~DDPDecoder
02-04 23:02:12.610   589 28724 D NuPlayerDriver: notifyResetComplete(0xe57323f0)
02-04 23:02:12.611   589   709 D AudioTrack: stop() called with 0 frames delivered
02-04 23:02:12.616   581   761 D AudioFlinger: trackStateChanged() Track id 537 state changed to 2
02-04 23:02:12.616   581   761 I AudioFlinger: updateProcessedAudioState() Changing content processing in effect to 0
02-04 23:02:12.616   581   761 D DlbDlbEffect: handle_EFFECT_CMD_SET_PARAM()
02-04 23:02:12.618   581   761 I DlbEffectContext: setContentProcEnabled() Enabling content processing in global effect
02-04 23:02:12.618   581   761 D DlbDapEndpointParamCache: commitChangedParams()
02-04 23:02:12.618   581   761 D DlbDapEndpointParamCache: commit() Applying parameters for device 0x40000000
02-04 23:02:12.618   581   761 D DlbDap2Process: setParam(iea = #1[10])
02-04 23:02:12.618   581   761 D DlbDap2Process: setParam(msce = #1[0])
02-04 23:02:12.618   581   761 D DlbDap2Process: setParam(mdee = #1[0])
02-04 23:02:12.618   581   761 D DlbDap2Process: setParam(miee = #1[0])
02-04 23:02:12.618   581   761 D DlbDap2Process: setParam(mdle = #1[0])
02-04 23:02:12.618   581   761 D DlbDap2Process: setParam(dvle = #1[1])
02-04 23:02:12.618   581   761 D DlbDap2Process: setParam(mave = #1[0])
02-04 23:02:12.618   581   761 D DlbDap2Process: setParam(vcbf = #20[47, 141, 234, 328, 469, 656, 844, 1031, 1313, 1688, 2250, 3000, 3750, 4688, 5813, 7125, 9000, 11250, 13875, 19688])
02-04 23:02:12.618   581   761 D DlbDap2Process: setParam(vbon = #1[0])
02-04 23:02:12.618   581   761 D DlbDap2Process: setParam(beon = #1[0])
02-04 23:02:12.618   581   761 D DlbDap2Process: setParam(geon = #1[0])
02-04 23:02:12.618   581   761 D DlbDap2Process: setParam(ieon = #1[0])
02-04 23:02:12.618   581   761 D DlbDap2Process: setParam(gebs = #41[20, 47, 141, 234, 328, 469, 656, 844, 1031, 1313, 1688, 2250, 3000, 3750, 4688, 5813, 7125, 9000, 11250, 13875, 19688, 0, 0, 0, 0, 0, 0, 0, 0, 0, 0, 0, 0, 0, 0, 0, 0, 0, 0, 0, 0])
02-04 23:02:12.619   581   761 D DlbDap2Process: setParam(iebs = #41[20, 65, 136, 223, 332, 467, 634, 841, 1098, 1416, 1812, 2302, 2909, 3663, 4598, 5756, 7194, 8976, 11186, 13927, 17326, 117, 133, 188, 176, 141, 149, 175, 185, 185, 200, 236, 242, 228, 213, 182, 132, 110, 68, -27, -240])
02-04 23:02:12.619   581   761 D DlbDapEndpointParamCache: doCommit() Committed 15 parameters out of 16.
02-04 23:02:12.619   581   761 D DlbDapEndpointParamCache: commit() Overriding parameters for current device 0x00000002
02-04 23:02:12.619   581   761 D DlbDap2Process: setParam(dea = #1[7])
02-04 23:02:12.619   581   761 D DlbDap2Process: setParam(dsa = #1[10])
02-04 23:02:12.619   581   761 D DlbDap2Process: setParam(beb = #1[192])
02-04 23:02:12.619   581   761 D DlbDap2Process: setParam(plb = #1[0])
02-04 23:02:12.619   581   761 D DlbDap2Process: setParam(vmb = #1[144])
02-04 23:02:12.619   581   761 D DlbDap2Process: setParam(dsb = #1[48])
02-04 23:02:12.619   581   761 D DlbDap2Process: setParam(ded = #1[0])
02-04 23:02:12.619   581   761 D DlbDap2Process: setParam(vbm = #1[3])
02-04 23:02:12.619   581   761 D DlbDap2Process: setParam(dom = #1[0])
02-04 23:02:12.619   581   761 D DlbDap2Process: setParam(bew = #1[16])
02-04 23:02:12.619   581   761 D DlbDap2Process: setParam(dvla = #1[5])
02-04 23:02:12.619   581   761 D DlbDap2Process: setParam(arra = #1[96])
02-04 23:02:12.619   581   761 D DlbDap2Process: setParam(dfsa = #1[10])
02-04 23:02:12.619   581   761 D DlbDap2Process: setParam(dhsa = #1[10])
02-04 23:02:12.619   581   761 D DlbDap2Process: setParam(dvmc = #1[0])
02-04 23:02:12.619   581   761 D DlbDap2Process: setParam(arod = #1[0])
02-04 23:02:12.619   581   761 D DlbDap2Process: setParam(arde = #1[1])
02-04 23:02:12.619   581   761 D DlbDap2Process: setParam(dvle = #1[1])
02-04 23:02:12.619   581   761 D DlbDap2Process: setParam(dvme = #1[0])
02-04 23:02:12.619   581   761 D DlbDap2Process: setParam(becf = #1[200])
02-04 23:02:12.619   581   761 D DlbDap2Process: setParam(vbmf = #2[94, 469])
02-04 23:02:12.619   581   761 D DlbDap2Process: setParam(vbsf = #2[35, 160])
02-04 23:02:12.619   581   761 D DlbDap2Process: setParam(vbhg = #3[-32, -144, -192])
02-04 23:02:12.619   581   761 D DlbDap2Process: setParam(vbog = #1[0])
02-04 23:02:12.619   581   761 D DlbDap2Process: setParam(vbsg = #1[0])
02-04 23:02:12.620   581   761 D DlbDap2Process: setParam(dvli = #1[-320])
02-04 23:02:12.620   581   761 D DlbDap2Process: setParam(dhfm = #1[2])
02-04 23:02:12.620   581   761 D DlbDap2Process: setParam(vbon = #1[0])
02-04 23:02:12.620   581   761 D DlbDap2Process: setParam(beon = #1[0])
02-04 23:02:12.620   581   761 D DlbDap2Process: setParam(deon = #1[0])
02-04 23:02:12.620   581   761 D DlbDap2Process: setParam(ngon = #1[1])
02-04 23:02:12.620   581   761 D DlbDap2Process: setParam(aoon = #1[1])
02-04 23:02:12.620   581   761 D DlbDap2Process: setParam(aron = #1[1])
02-04 23:02:12.620   581   761 D DlbDap2Process: setParam(dvlo = #1[-320])
02-04 23:02:12.620   581   761 D DlbDap2Process: setParam(artp = #1[12])
02-04 23:02:12.620   581   761 D DlbDap2Process: setParam(aobs = #222[20, 10, 47, 141, 234, 328, 469, 656, 844, 1031, 1313, 1688, 2250, 3000, 3750, 4688, 5813, 7125, 9000, 11250, 13875, 19688, 0, 0, 0, 0, 0, 0, 0, 0, 0, 0, 0, 0, 0, 0, 0, 0, 0, 0, 0, 0, 0, 0, 0, 0, 0, 0, 0, 0, 0, 0, 0, 0, 0, 0, 0, 0, 0, 0, 0, 0, 0, 0, 0, 0, 0, 0, 0, 0, 0, 0, 0, 0, 0, 0, 0, 0, 0, 0, 0, 0, 0, 0, 0, 0, 0, 0, 0, 0, 0, 0, 0, 0, 0, 0, 0, 0, 0, 0, 0, 0, 0, 0, 0, 0, 0, 0, 0, 0, 0, 0, 0, 0, 0, 0, 0, 0, 0, 0, 0, 0, 0, 0, 0, 0, 0, 0, 0, 0, 0, 0, 0, 0, 0, 0, 0, 0, 0, 0, 0, 0, 0, 0, 0, 0, 0, 0, 0, 0, 0, 0, 0, 0, 0, 0, 0, 0, 0, 0, 0, 0, 0, 0, 0, 0, 0, 0, 0, 0, 0, 0, 0, 0, 0, 0, 0, 0, 0, 0, 0, 0, 0, 0, 0, 0, 0, 0, 0, 0, 0, 0, 0, 0, 0, 0, 0, 0, 0, 0, 0, 0, 0, 0, 0, 0, 0, 0, 0, 0, 0, 0, 0, 0, 0, 0, 0, 0, 0, 0, 0, 0])
02-04 23:02:12.621   581   761 D DlbDap2Process: setParam(arbs = #81[20, 47, 141, 234, 328, 469, 656, 844, 1031, 1313, 1688, 2250, 3000, 3750, 4688, 5813, 7125, 9000, 11250, 13875, 19688, -192, -192, -192, -192, -192, -192, -192, -192, -192, -192, -192, -192, -192, -192, -192, -192, -192, -192, -192, -192, 0, 0, 0, 0, 0, 0, 0, 0, 0, 0, 0, 0, 0, 0, 0, 0, 0, 0, 0, 0, 0, 0, 0, 0, 0, 0, 0, 0, 0, 0, 0, 0, 0, 0, 0, 0, 0, 0, 0, 0])
02-04 23:02:12.621   581   761 D DlbDapEndpointParamCache: doCommit() Committed 37 parameters out of 37.
02-04 23:02:12.632   581   761 D AudioFlinger: trackDestroyed() Track id 537 no longer contains processed audio
02-04 23:02:12.632   581  5115 D DlbDap2Process: setMave(mave = 0)
02-04 23:02:12.650   816  2347 I ActivityManager: START u0 {flg=0x10000000 cmp=com.dolby.qa.featuretest/.MainActivity} from uid 2000
02-04 23:02:12.676   816  2356 I ActivityManager: Start proc 28775:com.dolby.qa.featuretest/u0a74 for activity com.dolby.qa.featuretest/.MainActivity
02-04 23:02:12.677 28775 28775 I zygote64: Late-enabling -Xcheck:jni
02-04 23:02:12.861 28775 28775 D featureTest: onCreate
02-04 23:02:12.870 28775 28775 D AudioTrack: Client defaulted notificationFrames to 962 for frameCount 1924
02-04 23:02:12.877 28775 28775 W AudioTrack: Use of stream types is deprecated for operations other than volume control
02-04 23:02:12.878 28775 28775 W AudioTrack: See the documentation of AudioTrack() for what to use instead with android.media.AudioAttributes to qualify your playback use case
02-04 23:02:12.884 28775 28775 W DolbyAudioEffect: WARNING: attaching a DolbyAudioEffect to global output mix is deprecated!
02-04 23:02:12.890 28775 28775 D featureTest: onResume
02-04 23:02:12.906 28775 28792 D OpenGLRenderer: HWUI GL Pipeline
02-04 23:02:12.949 28775 28792 I Adreno  : QUALCOMM build                   : 7142022, Ib5823dd10c
02-04 23:02:12.949 28775 28792 I Adreno  : Build Date                       : 06/23/17
02-04 23:02:12.949 28775 28792 I Adreno  : OpenGL ES Shader Compiler Version: EV031.18.00.00
02-04 23:02:12.949 28775 28792 I Adreno  : Local Branch                     : O11A
02-04 23:02:12.949 28775 28792 I Adreno  : Remote Branch                    : 
02-04 23:02:12.949 28775 28792 I Adreno  : Remote Branch                    : 
02-04 23:02:12.949 28775 28792 I Adreno  : Reconstruct Branch               : 
02-04 23:02:12.950 28775 28792 I vndksupport: sphal namespace is not configured for this process. Loading /vendor/lib64/hw/gralloc.msm8994.so from the current namespace instead.
02-04 23:02:12.968 28775 28792 I Adreno  : PFP: 0x00000000, ME: 0x00000000
02-04 23:02:12.978 28775 28792 I OpenGLRenderer: Initialized EGL, version 1.4
02-04 23:02:12.978 28775 28792 D OpenGLRenderer: Swap behavior 2
02-04 23:02:12.995   581   761 D audio_hw_primary: disable_audio_route: usecase(1) reset and update mixer path: low-latency-playback speaker
02-04 23:02:12.999   365   365 W /system/bin/hwservicemanager: getTransportFromManifest: Cannot find entry android.hardware.graphics.mapper@2.0::IMapper in either framework or device manifest, using default transport.
02-04 23:02:13.005   581   761 D audio_hw_primary: disable_snd_device: snd_device(2: speaker)
02-04 23:02:13.006 28775 28792 I vndksupport: sphal namespace is not configured for this process. Loading /vendor/lib64/hw/gralloc.msm8994.so from the current namespace instead.
02-04 23:02:13.045   816   843 I ActivityManager: Displayed com.dolby.qa.featuretest/.MainActivity: +376ms
02-04 23:02:13.130   816   843 W ActivityManager: setHasOverlayUi called on unknown pid: 28666
02-04 23:02:13.482  2401  2517 W OpenGLRenderer: Incorrectly called buildLayer on View: ShortcutAndWidgetContainer, destroying layer...
02-04 23:02:13.607   816   816 W NotificationService: Object died trying to hide notification android.app.ITransientNotification$Stub$Proxy@196fb85 in package com.dolby.qa.featuretest
02-04 23:02:13.607   816   816 W WindowManager: removeWindowToken: Attempted to remove non-existing token: android.os.Binder@bba771a
02-04 23:02:13.607   816   816 W ActivityManager: setProcessForeground called on unknown pid: 28666
02-04 23:02:13.607   816   816 W NotificationService: Object died trying to show notification android.app.ITransientNotification$Stub$Proxy@bc9cdda in package com.dolby.qa.featuretest
02-04 23:02:13.607   816   816 W ActivityManager: setProcessForeground called on unknown pid: 28666
02-04 23:02:13.608   816   816 W NotificationService: Object died trying to show notification android.app.ITransientNotification$Stub$Proxy@241420b in package com.dolby.qa.featuretest
02-04 23:02:13.608   816   816 W ActivityManager: setProcessForeground called on unknown pid: 28666
02-04 23:02:13.608   816   816 W NotificationService: Object died trying to show notification android.app.ITransientNotification$Stub$Proxy@76aa8e8 in package com.dolby.qa.featuretest
02-04 23:02:13.734 28775 28775 D featureTest: receive broadcast , playing content location :/sdcard/featureTest/stereo_channel_id.wav
02-04 23:02:13.742 28775 28775 D featureTest: mMediaPlayer.getAudioSessionId(): 3905
02-04 23:02:13.743 28804 28804 W generic : type=1400 audit(0.0:2823): avc: denied { read } for path="/storage/emulated/0/featuretest/stereo_channel_id.wav" dev="sdcardfs" ino=523295 scontext=u:r:mediaextractor:s0 tcontext=u:object_r:sdcardfs:s0 tclass=file permissive=0
02-04 23:02:13.743 28775 28775 D featureTest: Playing file: /sdcard/featureTest/stereo_channel_id.wav
02-04 23:02:13.744   589   589 D NuPlayerDriver: NuPlayerDriver(0xe57325b0) created, clientPid(28775)
02-04 23:02:13.746 28775 28775 W MediaPlayer: Use of stream types is deprecated for operations other than volume control
02-04 23:02:13.746 28775 28775 W MediaPlayer: See the documentation of setAudioStreamType() for what to use instead with android.media.AudioAttributes to qualify your playback use case
02-04 23:02:13.748   589 28804 D GenericSource: FileSource remote
02-04 23:02:13.748   589 28804 W GenericSource: extractor service cannot make data source
02-04 23:02:13.749   589 28804 D GenericSource: FileSource local
02-04 23:02:13.771   587   587 D MediaBufferGroup: creating MemoryDealer
02-04 23:02:13.771   589 28803 D NuPlayerDriver: notifyListener_l(0xe57325b0), (1, 0, 0, -1), loop setting(0, 0)
02-04 23:02:13.780   589   589 D NuPlayerDriver: start(0xe57325b0), state is 4, eos is 0
02-04 23:02:13.780   589 28803 I GenericSource: start
02-04 23:02:13.785 28775 28775 W DolbyAudioEffect: WARNING: attaching a DolbyAudioEffect to global output mix is deprecated!
02-04 23:02:13.787   593   593 I OMXMaster: makeComponentInstance(OMX.google.raw.decoder) in android.hardwar process
02-04 23:02:13.792   593  5352 E OMXNodeInstance: setConfig(0xf10a3080:google.raw.decoder, ConfigPriority(0x6f800002)) ERROR: Undefined(0x80001001)
02-04 23:02:13.792   589 28811 I ACodec  : codec does not support config priority (err -2147483648)
02-04 23:02:13.793   593 20514 E OMXNodeInstance: getConfig(0xf10a3080:google.raw.decoder, ConfigAndroidVendorExtension(0x6f100004)) ERROR: Undefined(0x80001001)
02-04 23:02:13.794   589 28811 I MediaCodec: MediaCodec will operate in async mode
02-04 23:02:13.804 28775 28775 D featureTest: receive broadcast , change ds status :1
02-04 23:02:13.805   589 28809 D AudioTrack: Client defaulted notificationFrames to 12000 for frameCount 24000
02-04 23:02:13.806   581   731 D DlbDlbEffect: handle_EFFECT_CMD_DISABLE()
02-04 23:02:13.806   581   731 D DlbDapCrossfadeProcess: setEnabled transitioning from DAP_ACTIVE state to FADE_TO_BYPASS
02-04 23:02:13.809   416   416 W /system/bin/hw/android.hidl.allocator@1.0-service: ashmem_create_region(7680) returning hidl_memory(0x7590c2c2e0, 7680)
02-04 23:02:13.810   581   731 D DlbDlbEffect: handle_EFFECT_CMD_SET_CONFIG()
02-04 23:02:13.810   581   731 D DlbDapEndpointParamCache: setDevice(device=0x00000002)
02-04 23:02:13.810   421   421 D DMSService: setActiveDevice called with device = 0x2
02-04 23:02:13.810   581   731 D DlbDlbEffect: handle_EFFECT_CMD_ENABLE()
02-04 23:02:13.810   581   731 D DlbDapCrossfadeProcess: setEnabled transitioning from FADE_TO_BYPASS state to FADE_TO_ACTIVE
02-04 23:02:13.811   589 28803 D NuPlayerDriver: notifyListener_l(0xe57325b0), (6, 0, 0, -1), loop setting(0, 1)
02-04 23:02:13.813   581  5115 D DlbDlbBufferProvider: updateCapacity(): update capacity to 1920
02-04 23:02:13.813   581  5115 D DlbDlbBufferProvider: updateCapacity() Allocating new memory for the buffer.
02-04 23:02:13.815   581  5115 D DlbDapCrossfadeProcess: process transitioning from FADE_TO_ACTIVE state to DAP_ACTIVE
02-04 23:02:13.826   581  5111 D audio_hw_primary: enable_snd_device: snd_device(2: speaker)
02-04 23:02:13.828   581  5111 D audio_hw_primary: enable_audio_route: usecase(0) apply and update mixer path: deep-buffer-playback speaker
02-04 23:02:13.831   581  5355 D DlbDlbEffect: handle_EFFECT_CMD_SET_PARAM()
02-04 23:02:13.879 28775 28775 D featureTest: receive broadcast , change ds profile id :5
02-04 23:02:13.891   581  7829 D DlbDlbEffect: handle_EFFECT_CMD_SET_PARAM()
02-04 23:02:13.933   581   770 D AudioFlinger: mixer(0xf2983980) throttle end: throttle time(48)
02-04 23:02:13.949 28775 28775 D featureTest: receive broadcast , change bass enable :1
02-04 23:02:13.965   581  5142 D DlbDlbEffect: handle_EFFECT_CMD_SET_PARAM()
02-04 23:02:13.976   581  5115 I DlbEffectDap: setParam() Start crossfade with VB enabled state 1
02-04 23:02:13.976   581  5115 D DlbDapCrossfadeProcess: setEnabled transitioning from DAP_ACTIVE state to FADE_TO_BYPASS
02-04 23:02:13.977   581  5115 D DlbDapEndpointParamCache: commitChangedParams()
02-04 23:02:13.977   581  5115 D DlbDapEndpointParamCache: commit() Applying parameters for device 0x40000000
02-04 23:02:13.977   581  5115 D DlbDap2Process: setParam(iea = #1[10])
02-04 23:02:13.977   581  5115 D DlbDap2Process: setParam(msce = #1[0])
02-04 23:02:13.977   581  5115 D DlbDap2Process: setParam(mdee = #1[0])
02-04 23:02:13.977   581  5115 D DlbDap2Process: setParam(miee = #1[0])
02-04 23:02:13.977   581  5115 D DlbDap2Process: setParam(mdle = #1[0])
02-04 23:02:13.977   581  5115 D DlbDap2Process: setParam(dvle = #1[1])
02-04 23:02:13.977   581  5115 D DlbDap2Process: setParam(mave = #1[0])
02-04 23:02:13.977   581  5115 D DlbDap2Process: setParam(vcbf = #20[47, 141, 234, 328, 469, 656, 844, 1031, 1313, 1688, 2250, 3000, 3750, 4688, 5813, 7125, 9000, 11250, 13875, 19688])
02-04 23:02:13.977   581  5115 D DlbDap2Process: setParam(vbon = #1[1])
02-04 23:02:13.977   581  5115 D DlbDap2Process: setParam(beon = #1[1])
02-04 23:02:13.977   581  5115 D DlbDap2Process: setParam(geon = #1[0])
02-04 23:02:13.977   581  5115 D DlbDap2Process: setParam(ieon = #1[0])
02-04 23:02:13.978   581  5115 D DlbDap2Process: setParam(gebs = #41[20, 47, 141, 234, 328, 469, 656, 844, 1031, 1313, 1688, 2250, 3000, 3750, 4688, 5813, 7125, 9000, 11250, 13875, 19688, 0, 0, 0, 0, 0, 0, 0, 0, 0, 0, 0, 0, 0, 0, 0, 0, 0, 0, 0, 0])
02-04 23:02:13.978   581  5115 D DlbDap2Process: setParam(iebs = #41[20, 65, 136, 223, 332, 467, 634, 841, 1098, 1416, 1812, 2302, 2909, 3663, 4598, 5756, 7194, 8976, 11186, 13927, 17326, 117, 133, 188, 176, 141, 149, 175, 185, 185, 200, 236, 242, 228, 213, 182, 132, 110, 68, -27, -240])
02-04 23:02:13.978   581  5115 D DlbDapEndpointParamCache: doCommit() Committed 15 parameters out of 16.
02-04 23:02:13.978   581  5115 D DlbDapEndpointParamCache: commit() Overriding parameters for current device 0x00000002
02-04 23:02:13.978   581  5115 D DlbDap2Process: setParam(dea = #1[7])
02-04 23:02:13.978   581  5115 D DlbDap2Process: setParam(dsa = #1[10])
02-04 23:02:13.978   581  5115 D DlbDap2Process: setParam(beb = #1[192])
02-04 23:02:13.978   581  5115 D DlbDap2Process: setParam(plb = #1[0])
02-04 23:02:13.978   581  5115 D DlbDap2Process: setParam(vmb = #1[144])
02-04 23:02:13.978   581  5115 D DlbDap2Process: setParam(dsb = #1[48])
02-04 23:02:13.978   581  5115 D DlbDap2Process: setParam(ded = #1[0])
02-04 23:02:13.978   581  5115 D DlbDap2Process: setParam(vbm = #1[3])
02-04 23:02:13.978   581  5115 D DlbDap2Process: setParam(dom = #1[0])
02-04 23:02:13.978   581  5115 D DlbDap2Process: setParam(bew = #1[16])
02-04 23:02:13.978   581  5115 D DlbDap2Process: setParam(dvla = #1[5])
02-04 23:02:13.978   581  5115 D DlbDap2Process: setParam(arra = #1[96])
02-04 23:02:13.978   581  5115 D DlbDap2Process: setParam(dfsa = #1[10])
02-04 23:02:13.979   581  5115 D DlbDap2Process: setParam(dhsa = #1[10])
02-04 23:02:13.979   581  5115 D DlbDap2Process: setParam(dvmc = #1[0])
02-04 23:02:13.979   581  5115 D DlbDap2Process: setParam(arod = #1[0])
02-04 23:02:13.979   581  5115 D DlbDap2Process: setParam(arde = #1[1])
02-04 23:02:13.979   581  5115 D DlbDap2Process: setParam(dvle = #1[1])
02-04 23:02:13.979   581  5115 D DlbDap2Process: setParam(dvme = #1[0])
02-04 23:02:13.979   581  5115 D DlbDap2Process: setParam(becf = #1[200])
02-04 23:02:13.979   581  5115 D DlbDap2Process: setParam(vbmf = #2[94, 469])
02-04 23:02:13.979   581  5115 D DlbDap2Process: setParam(vbsf = #2[35, 160])
02-04 23:02:13.979   581  5115 D DlbDap2Process: setParam(vbhg = #3[-32, -144, -192])
02-04 23:02:13.979   581  5115 D DlbDap2Process: setParam(vbog = #1[0])
02-04 23:02:13.979   581  5115 D DlbDap2Process: setParam(vbsg = #1[0])
02-04 23:02:13.979   581  5115 D DlbDap2Process: setParam(dvli = #1[-320])
02-04 23:02:13.979   581  5115 D DlbDap2Process: setParam(dhfm = #1[2])
02-04 23:02:13.979   581  5115 D DlbDap2Process: setParam(vbon = #1[1])
02-04 23:02:13.979   581  5115 D DlbDap2Process: setParam(beon = #1[1])
02-04 23:02:13.979   581  5115 D DlbDap2Process: setParam(deon = #1[0])
02-04 23:02:13.979   581  5115 D DlbDap2Process: setParam(ngon = #1[1])
02-04 23:02:13.979   581  5115 D DlbDap2Process: setParam(aoon = #1[1])
02-04 23:02:13.979   581  5115 D DlbDap2Process: setParam(aron = #1[1])
02-04 23:02:13.979   581  5115 D DlbDap2Process: setParam(dvlo = #1[-320])
02-04 23:02:13.979   581  5115 D DlbDap2Process: setParam(artp = #1[12])
02-04 23:02:13.980   581  5115 D DlbDap2Process: setParam(aobs = #222[20, 10, 47, 141, 234, 328, 469, 656, 844, 1031, 1313, 1688, 2250, 3000, 3750, 4688, 5813, 7125, 9000, 11250, 13875, 19688, 0, 0, 0, 0, 0, 0, 0, 0, 0, 0, 0, 0, 0, 0, 0, 0, 0, 0, 0, 0, 0, 0, 0, 0, 0, 0, 0, 0, 0, 0, 0, 0, 0, 0, 0, 0, 0, 0, 0, 0, 0, 0, 0, 0, 0, 0, 0, 0, 0, 0, 0, 0, 0, 0, 0, 0, 0, 0, 0, 0, 0, 0, 0, 0, 0, 0, 0, 0, 0, 0, 0, 0, 0, 0, 0, 0, 0, 0, 0, 0, 0, 0, 0, 0, 0, 0, 0, 0, 0, 0, 0, 0, 0, 0, 0, 0, 0, 0, 0, 0, 0, 0, 0, 0, 0, 0, 0, 0, 0, 0, 0, 0, 0, 0, 0, 0, 0, 0, 0, 0, 0, 0, 0, 0, 0, 0, 0, 0, 0, 0, 0, 0, 0, 0, 0, 0, 0, 0, 0, 0, 0, 0, 0, 0, 0, 0, 0, 0, 0, 0, 0, 0, 0, 0, 0, 0, 0, 0, 0, 0, 0, 0, 0, 0, 0, 0, 0, 0, 0, 0, 0, 0, 0, 0, 0, 0, 0, 0, 0, 0, 0, 0, 0, 0, 0, 0, 0, 0, 0, 0, 0, 0, 0, 0, 0, 0, 0, 0, 0, 0])
02-04 23:02:13.980   581  5115 D DlbDap2Process: setParam(arbs = #81[20, 47, 141, 234, 328, 469, 656, 844, 1031, 1313, 1688, 2250, 3000, 3750, 4688, 5813, 7125, 9000, 11250, 13875, 19688, -192, -192, -192, -192, -192, -192, -192, -192, -192, -192, -192, -192, -192, -192, -192, -192, -192, -192, -192, -192, 0, 0, 0, 0, 0, 0, 0, 0, 0, 0, 0, 0, 0, 0, 0, 0, 0, 0, 0, 0, 0, 0, 0, 0, 0, 0, 0, 0, 0, 0, 0, 0, 0, 0, 0, 0, 0, 0, 0, 0])
02-04 23:02:13.980   581  5115 D DlbDapEndpointParamCache: doCommit() Committed 37 parameters out of 37.
02-04 23:02:13.980   581  5115 D DlbDap2Process: setMave(mave = 0)
02-04 23:02:14.029 28775 28775 D featureTest: receive broadcast , record log :0
02-04 23:02:14.058   581  5115 D DlbDapCrossfadeProcess: process transitioning from FADE_TO_BYPASS state to DAP_BYPASSED
02-04 23:02:14.093   581  5115 I DlbEffectDap: setVbEnabled() Reset DAP with VB enabled state 1
02-04 23:02:14.093   581  5115 I DlbDapCrossfadeProcess: reset()
02-04 23:02:14.093   581  5115 I DlbDapBufferAdapter: reset()
02-04 23:02:14.093   581  5115 I DlbDap2Process: close()
02-04 23:02:14.093   581  5115 I DlbDap2Process: init()
02-04 23:02:14.093   581  5115 I DlbDap2Process: open()
02-04 23:02:14.094   581  5115 I DlbDap2Process: loadLicense() no license check!
02-04 23:02:14.094   581  5115 I DlbDap2Process: validateLicense() no license check!
02-04 23:02:14.094   581  5115 I DlbDap2Process: init() DAP opened
02-04 23:02:14.094   581  5115 I DlbDap2Process: DAP library version: 2.5.1-P2.0
02-04 23:02:14.094   581  5115 D DlbDap2Process: DAP output mode set to 1 with 2 output channels and null mix matrix.
02-04 23:02:14.094   581  5115 D DlbDapEndpointParamCache: commitAllParams()
02-04 23:02:14.094   581  5115 D DlbDapEndpointParamCache: commit() Applying parameters for device 0x40000000
02-04 23:02:14.094   581  5115 D DlbDap2Process: setParam(iea = #1[10])
02-04 23:02:14.094   581  5115 D DlbDap2Process: setParam(msce = #1[0])
02-04 23:02:14.094   581  5115 D DlbDap2Process: setParam(mdee = #1[0])
02-04 23:02:14.094   581  5115 D DlbDap2Process: setParam(miee = #1[0])
02-04 23:02:14.094   581  5115 D DlbDap2Process: setParam(mdle = #1[0])
02-04 23:02:14.094   581  5115 D DlbDap2Process: setParam(dvle = #1[1])
02-04 23:02:14.094   581  5115 D DlbDap2Process: setParam(mave = #1[0])
02-04 23:02:14.094   581  5115 D DlbDap2Process: setParam(vcbf = #20[47, 141, 234, 328, 469, 656, 844, 1031, 1313, 1688, 2250, 3000, 3750, 4688, 5813, 7125, 9000, 11250, 13875, 19688])
02-04 23:02:14.094   581  5115 D DlbDap2Process: setParam(preg = #1[-758])
02-04 23:02:14.094   581  5115 D DlbDap2Process: setParam(vbon = #1[1])
02-04 23:02:14.094   581  5115 D DlbDap2Process: setParam(beon = #1[1])
02-04 23:02:14.094   581  5115 D DlbDap2Process: setParam(geon = #1[0])
02-04 23:02:14.094   581  5115 D DlbDap2Process: setParam(ieon = #1[0])
02-04 23:02:14.095   581  5115 D DlbDap2Process: setParam(gebs = #41[20, 47, 141, 234, 328, 469, 656, 844, 1031, 1313, 1688, 2250, 3000, 3750, 4688, 5813, 7125, 9000, 11250, 13875, 19688, 0, 0, 0, 0, 0, 0, 0, 0, 0, 0, 0, 0, 0, 0, 0, 0, 0, 0, 0, 0])
02-04 23:02:14.095   581  5115 D DlbDap2Process: setParam(iebs = #41[20, 65, 136, 223, 332, 467, 634, 841, 1098, 1416, 1812, 2302, 2909, 3663, 4598, 5756, 7194, 8976, 11186, 13927, 17326, 117, 133, 188, 176, 141, 149, 175, 185, 185, 200, 236, 242, 228, 213, 182, 132, 110, 68, -27, -240])
02-04 23:02:14.095   581  5115 D DlbDapEndpointParamCache: doCommit() Committed 16 parameters out of 16.
02-04 23:02:14.095   581  5115 D DlbDapEndpointParamCache: commit() Overriding parameters for current device 0x00000002
02-04 23:02:14.095   581  5115 D DlbDap2Process: setParam(dea = #1[7])
02-04 23:02:14.095   581  5115 D DlbDap2Process: setParam(dsa = #1[10])
02-04 23:02:14.095   581  5115 D DlbDap2Process: setParam(beb = #1[192])
02-04 23:02:14.095   581  5115 D DlbDap2Process: setParam(plb = #1[0])
02-04 23:02:14.095   581  5115 D DlbDap2Process: setParam(vmb = #1[144])
02-04 23:02:14.095   581  5115 D DlbDap2Process: setParam(dsb = #1[48])
02-04 23:02:14.095   581  5115 D DlbDap2Process: setParam(ded = #1[0])
02-04 23:02:14.095   581  5115 D DlbDap2Process: setParam(vbm = #1[3])
02-04 23:02:14.095   581  5115 D DlbDap2Process: setParam(dom = #1[0])
02-04 23:02:14.095   581  5115 D DlbDap2Process: setParam(bew = #1[16])
02-04 23:02:14.095   581  5115 D DlbDap2Process: setParam(dvla = #1[5])
02-04 23:02:14.095   581  5115 D DlbDap2Process: setParam(arra = #1[96])
02-04 23:02:14.095   581  5115 D DlbDap2Process: setParam(dfsa = #1[10])
02-04 23:02:14.095   581  5115 D DlbDap2Process: setParam(dhsa = #1[10])
02-04 23:02:14.095   581  5115 D DlbDap2Process: setParam(dvmc = #1[0])
02-04 23:02:14.095   581  5115 D DlbDap2Process: setParam(arod = #1[0])
02-04 23:02:14.096   581  5115 D DlbDap2Process: setParam(arde = #1[1])
02-04 23:02:14.096   581  5115 D DlbDap2Process: setParam(dvle = #1[1])
02-04 23:02:14.096   581  5115 D DlbDap2Process: setParam(dvme = #1[0])
02-04 23:02:14.096   581  5115 D DlbDap2Process: setParam(becf = #1[200])
02-04 23:02:14.096   581  5115 D DlbDap2Process: setParam(vbmf = #2[94, 469])
02-04 23:02:14.096   581  5115 D DlbDap2Process: setParam(vbsf = #2[35, 160])
02-04 23:02:14.096   581  5115 D DlbDap2Process: setParam(vbhg = #3[-32, -144, -192])
02-04 23:02:14.096   581  5115 D DlbDap2Process: setParam(vbog = #1[0])
02-04 23:02:14.096   581  5115 D DlbDap2Process: setParam(vbsg = #1[0])
02-04 23:02:14.096   581  5115 D DlbDap2Process: setParam(dvli = #1[-320])
02-04 23:02:14.096   581  5115 D DlbDap2Process: setParam(dhfm = #1[2])
02-04 23:02:14.096   581  5115 D DlbDap2Process: setParam(vbon = #1[1])
02-04 23:02:14.096   581  5115 D DlbDap2Process: setParam(beon = #1[1])
02-04 23:02:14.096   581  5115 D DlbDap2Process: setParam(deon = #1[0])
02-04 23:02:14.096   581  5115 D DlbDap2Process: setParam(ngon = #1[1])
02-04 23:02:14.096   581  5115 D DlbDap2Process: setParam(aoon = #1[1])
02-04 23:02:14.096   581  5115 D DlbDap2Process: setParam(aron = #1[1])
02-04 23:02:14.096   581  5115 D DlbDap2Process: setParam(dvlo = #1[-320])
02-04 23:02:14.096   581  5115 D DlbDap2Process: setParam(artp = #1[12])
02-04 23:02:14.097   581  5115 D DlbDap2Process: setParam(aobs = #222[20, 10, 47, 141, 234, 328, 469, 656, 844, 1031, 1313, 1688, 2250, 3000, 3750, 4688, 5813, 7125, 9000, 11250, 13875, 19688, 0, 0, 0, 0, 0, 0, 0, 0, 0, 0, 0, 0, 0, 0, 0, 0, 0, 0, 0, 0, 0, 0, 0, 0, 0, 0, 0, 0, 0, 0, 0, 0, 0, 0, 0, 0, 0, 0, 0, 0, 0, 0, 0, 0, 0, 0, 0, 0, 0, 0, 0, 0, 0, 0, 0, 0, 0, 0, 0, 0, 0, 0, 0, 0, 0, 0, 0, 0, 0, 0, 0, 0, 0, 0, 0, 0, 0, 0, 0, 0, 0, 0, 0, 0, 0, 0, 0, 0, 0, 0, 0, 0, 0, 0, 0, 0, 0, 0, 0, 0, 0, 0, 0, 0, 0, 0, 0, 0, 0, 0, 0, 0, 0, 0, 0, 0, 0, 0, 0, 0, 0, 0, 0, 0, 0, 0, 0, 0, 0, 0, 0, 0, 0, 0, 0, 0, 0, 0, 0, 0, 0, 0, 0, 0, 0, 0, 0, 0, 0, 0, 0, 0, 0, 0, 0, 0, 0, 0, 0, 0, 0, 0, 0, 0, 0, 0, 0, 0, 0, 0, 0, 0, 0, 0, 0, 0, 0, 0, 0, 0, 0, 0, 0, 0, 0, 0, 0, 0, 0, 0, 0, 0, 0, 0, 0, 0, 0, 0, 0, 0])
02-04 23:02:14.097   581  5115 D DlbDap2Process: setParam(arbs = #81[20, 47, 141, 234, 328, 469, 656, 844, 1031, 1313, 1688, 2250, 3000, 3750, 4688, 5813, 7125, 9000, 11250, 13875, 19688, -192, -192, -192, -192, -192, -192, -192, -192, -192, -192, -192, -192, -192, -192, -192, -192, -192, -192, -192, -192, 0, 0, 0, 0, 0, 0, 0, 0, 0, 0, 0, 0, 0, 0, 0, 0, 0, 0, 0, 0, 0, 0, 0, 0, 0, 0, 0, 0, 0, 0, 0, 0, 0, 0, 0, 0, 0, 0, 0, 0])
02-04 23:02:14.097   581  5115 D DlbDapEndpointParamCache: doCommit() Committed 37 parameters out of 37.
02-04 23:02:14.097   581  5115 D DlbDapCrossfadeProcess: setEnabled transitioning from DAP_BYPASSED state to PREROLL_ACTIVE
02-04 23:02:14.105 28775 28775 D featureTest: receive broadcast , playing content location :/sdcard/featureTest/stereo_channel_id.wav
02-04 23:02:14.108   589 26717 D NuPlayerDriver: stop(0xe57325b0)
02-04 23:02:14.108   589 26717 D NuPlayerDriver: notifyListener_l(0xe57325b0), (8, 0, 0, -1), loop setting(0, 1)
02-04 23:02:14.109   589   589 D NuPlayerDriver: reset(0xe57325b0) at state 8
02-04 23:02:14.116   589 28803 D NuPlayerDriver: notifyResetComplete(0xe57325b0)
02-04 23:02:14.116   589   589 D NuPlayerDriver: reset(0xe57325b0) at state 0
02-04 23:02:14.117 28775 28775 V MediaPlayer: resetDrmState:  mDrmInfo=null mDrmProvisioningThread=null mPrepareDrmInProgress=false mActiveDrmScheme=false
02-04 23:02:14.117 28775 28775 V MediaPlayer: cleanDrmObj: mDrmObj=null mDrmSessionId=null
02-04 23:02:14.119 28775 28775 V MediaPlayer: resetDrmState:  mDrmInfo=null mDrmProvisioningThread=null mPrepareDrmInProgress=false mActiveDrmScheme=false
02-04 23:02:14.119 28775 28775 V MediaPlayer: cleanDrmObj: mDrmObj=null mDrmSessionId=null
02-04 23:02:14.128 28775 28775 D featureTest: mMediaPlayer.getAudioSessionId(): 3913
02-04 23:02:14.128 28775 28775 D featureTest: Playing file: /sdcard/featureTest/stereo_channel_id.wav
02-04 23:02:14.129   589  1170 D NuPlayerDriver: NuPlayerDriver(0xe5732770) created, clientPid(28775)
02-04 23:02:14.130 28834 28834 W generic : type=1400 audit(0.0:2824): avc: denied { read } for path="/storage/emulated/0/featuretest/stereo_channel_id.wav" dev="sdcardfs" ino=523295 scontext=u:r:mediaextractor:s0 tcontext=u:object_r:sdcardfs:s0 tclass=file permissive=0
02-04 23:02:14.131 28775 28775 W MediaPlayer: Use of stream types is deprecated for operations other than volume control
02-04 23:02:14.131 28775 28775 W MediaPlayer: See the documentation of setAudioStreamType() for what to use instead with android.media.AudioAttributes to qualify your playback use case
02-04 23:02:14.133   589 28834 D GenericSource: FileSource remote
02-04 23:02:14.134   589 28834 W GenericSource: extractor service cannot make data source
02-04 23:02:14.134   589 28834 D GenericSource: FileSource local
02-04 23:02:14.153   581  5115 D DlbDap2Process: setMave(mave = 0)
02-04 23:02:14.158   587  1118 D MediaBufferGroup: creating MemoryDealer
02-04 23:02:14.159   589 28833 D NuPlayerDriver: notifyListener_l(0xe5732770), (1, 0, 0, -1), loop setting(0, 0)
02-04 23:02:14.165   589  1170 D NuPlayerDriver: start(0xe5732770), state is 4, eos is 0
02-04 23:02:14.165   589 28833 I GenericSource: start
02-04 23:02:14.169 28775 28775 W DolbyAudioEffect: WARNING: attaching a DolbyAudioEffect to global output mix is deprecated!
02-04 23:02:14.174 28775 28775 D featureTest: receive broadcast , change ds status :1
02-04 23:02:14.175   593  5353 I OMXMaster: makeComponentInstance(OMX.google.raw.decoder) in android.hardwar process
02-04 23:02:14.181   593  5352 E OMXNodeInstance: setConfig(0xf0d07000:google.raw.decoder, ConfigPriority(0x6f800002)) ERROR: Undefined(0x80001001)
02-04 23:02:14.182   589 28840 I ACodec  : codec does not support config priority (err -2147483648)
02-04 23:02:14.182   593  1187 E OMXNodeInstance: getConfig(0xf0d07000:google.raw.decoder, ConfigAndroidVendorExtension(0x6f100004)) ERROR: Undefined(0x80001001)
02-04 23:02:14.185   589 28840 I MediaCodec: MediaCodec will operate in async mode
02-04 23:02:14.187   581   731 D DlbDlbEffect: handle_EFFECT_CMD_SET_PARAM()
02-04 23:02:14.196   581  5115 D DlbDapCrossfadeProcess: process transitioning from PREROLL_ACTIVE state to FADE_TO_ACTIVE
02-04 23:02:14.200   589 28838 D AudioTrack: Client defaulted notificationFrames to 12000 for frameCount 24000
02-04 23:02:14.202   589 28833 D NuPlayerDriver: notifyListener_l(0xe5732770), (6, 0, 0, -1), loop setting(0, 1)
02-04 23:02:14.239 28775 28775 D featureTest: receive broadcast , change ds profile id :5
02-04 23:02:14.249   581  5142 D DlbDlbEffect: handle_EFFECT_CMD_SET_PARAM()
02-04 23:02:14.296   581  5115 D DlbDapCrossfadeProcess: process transitioning from FADE_TO_ACTIVE state to DAP_ACTIVE
02-04 23:02:14.309 28775 28775 D featureTest: receive broadcast , change bass enable :0
02-04 23:02:14.320   581   581 D DlbDlbEffect: handle_EFFECT_CMD_SET_PARAM()
02-04 23:02:14.333 28775 28780 I zygote64: Do partial code cache collection, code=8KB, data=14KB
02-04 23:02:14.333 28775 28780 I zygote64: After code cache collection, code=8KB, data=14KB
02-04 23:02:14.333 28775 28780 I zygote64: Increasing code cache capacity to 128KB
02-04 23:02:14.334 28775 28780 I zygote64: Do partial code cache collection, code=8KB, data=33KB
02-04 23:02:14.334 28775 28780 I zygote64: After code cache collection, code=8KB, data=33KB
02-04 23:02:14.334 28775 28780 I zygote64: Increasing code cache capacity to 256KB
02-04 23:02:14.334 28775 28780 I zygote64: Compiler allocated 8MB to compile void android.widget.TextView.<init>(android.content.Context, android.util.AttributeSet, int, int)
02-04 23:02:14.335   581  5115 I DlbEffectDap: setParam() Start crossfade with VB enabled state 0
02-04 23:02:14.336   581  5115 D DlbDapCrossfadeProcess: setEnabled transitioning from DAP_ACTIVE state to FADE_TO_BYPASS
02-04 23:02:14.336   581  5115 D DlbDapEndpointParamCache: commitChangedParams()
02-04 23:02:14.336   581  5115 D DlbDapEndpointParamCache: commit() Applying parameters for device 0x40000000
02-04 23:02:14.336   581  5115 D DlbDap2Process: setParam(iea = #1[10])
02-04 23:02:14.337   581  5115 D DlbDap2Process: setParam(msce = #1[0])
02-04 23:02:14.337   581  5115 D DlbDap2Process: setParam(mdee = #1[0])
02-04 23:02:14.337   581  5115 D DlbDap2Process: setParam(miee = #1[0])
02-04 23:02:14.337   581  5115 D DlbDap2Process: setParam(mdle = #1[0])
02-04 23:02:14.337   581  5115 D DlbDap2Process: setParam(dvle = #1[1])
02-04 23:02:14.337   581  5115 D DlbDap2Process: setParam(mave = #1[0])
02-04 23:02:14.337   581  5115 D DlbDap2Process: setParam(vcbf = #20[47, 141, 234, 328, 469, 656, 844, 1031, 1313, 1688, 2250, 3000, 3750, 4688, 5813, 7125, 9000, 11250, 13875, 19688])
02-04 23:02:14.337   581  5115 D DlbDap2Process: setParam(vbon = #1[0])
02-04 23:02:14.337   581  5115 D DlbDap2Process: setParam(beon = #1[0])
02-04 23:02:14.337   581  5115 D DlbDap2Process: setParam(geon = #1[0])
02-04 23:02:14.337   581  5115 D DlbDap2Process: setParam(ieon = #1[0])
02-04 23:02:14.337   581  5115 D DlbDap2Process: setParam(gebs = #41[20, 47, 141, 234, 328, 469, 656, 844, 1031, 1313, 1688, 2250, 3000, 3750, 4688, 5813, 7125, 9000, 11250, 13875, 19688, 0, 0, 0, 0, 0, 0, 0, 0, 0, 0, 0, 0, 0, 0, 0, 0, 0, 0, 0, 0])
02-04 23:02:14.337   581  5115 D DlbDap2Process: setParam(iebs = #41[20, 65, 136, 223, 332, 467, 634, 841, 1098, 1416, 1812, 2302, 2909, 3663, 4598, 5756, 7194, 8976, 11186, 13927, 17326, 117, 133, 188, 176, 141, 149, 175, 185, 185, 200, 236, 242, 228, 213, 182, 132, 110, 68, -27, -240])
02-04 23:02:14.337   581  5115 D DlbDapEndpointParamCache: doCommit() Committed 15 parameters out of 16.
02-04 23:02:14.337   581  5115 D DlbDapEndpointParamCache: commit() Overriding parameters for current device 0x00000002
02-04 23:02:14.337   581  5115 D DlbDap2Process: setParam(dea = #1[7])
02-04 23:02:14.337   581  5115 D DlbDap2Process: setParam(dsa = #1[10])
02-04 23:02:14.337   581  5115 D DlbDap2Process: setParam(beb = #1[192])
02-04 23:02:14.337   581  5115 D DlbDap2Process: setParam(plb = #1[0])
02-04 23:02:14.337   581  5115 D DlbDap2Process: setParam(vmb = #1[144])
02-04 23:02:14.337   581  5115 D DlbDap2Process: setParam(dsb = #1[48])
02-04 23:02:14.337   581  5115 D DlbDap2Process: setParam(ded = #1[0])
02-04 23:02:14.337   581  5115 D DlbDap2Process: setParam(vbm = #1[3])
02-04 23:02:14.337   581  5115 D DlbDap2Process: setParam(dom = #1[0])
02-04 23:02:14.337   581  5115 D DlbDap2Process: setParam(bew = #1[16])
02-04 23:02:14.337   581  5115 D DlbDap2Process: setParam(dvla = #1[5])
02-04 23:02:14.337   581  5115 D DlbDap2Process: setParam(arra = #1[96])
02-04 23:02:14.337   581  5115 D DlbDap2Process: setParam(dfsa = #1[10])
02-04 23:02:14.337   581  5115 D DlbDap2Process: setParam(dhsa = #1[10])
02-04 23:02:14.338   581  5115 D DlbDap2Process: setParam(dvmc = #1[0])
02-04 23:02:14.338   581  5115 D DlbDap2Process: setParam(arod = #1[0])
02-04 23:02:14.338   581  5115 D DlbDap2Process: setParam(arde = #1[1])
02-04 23:02:14.338   581  5115 D DlbDap2Process: setParam(dvle = #1[1])
02-04 23:02:14.338   581  5115 D DlbDap2Process: setParam(dvme = #1[0])
02-04 23:02:14.338   581  5115 D DlbDap2Process: setParam(becf = #1[200])
02-04 23:02:14.338   581  5115 D DlbDap2Process: setParam(vbmf = #2[94, 469])
02-04 23:02:14.338   581  5115 D DlbDap2Process: setParam(vbsf = #2[35, 160])
02-04 23:02:14.338   581  5115 D DlbDap2Process: setParam(vbhg = #3[-32, -144, -192])
02-04 23:02:14.338   581  5115 D DlbDap2Process: setParam(vbog = #1[0])
02-04 23:02:14.338   581  5115 D DlbDap2Process: setParam(vbsg = #1[0])
02-04 23:02:14.338   581  5115 D DlbDap2Process: setParam(dvli = #1[-320])
02-04 23:02:14.338   581  5115 D DlbDap2Process: setParam(dhfm = #1[2])
02-04 23:02:14.338   581  5115 D DlbDap2Process: setParam(vbon = #1[0])
02-04 23:02:14.338   581  5115 D DlbDap2Process: setParam(beon = #1[0])
02-04 23:02:14.338   581  5115 D DlbDap2Process: setParam(deon = #1[0])
02-04 23:02:14.338   581  5115 D DlbDap2Process: setParam(ngon = #1[1])
02-04 23:02:14.338   581  5115 D DlbDap2Process: setParam(aoon = #1[1])
02-04 23:02:14.338   581  5115 D DlbDap2Process: setParam(aron = #1[1])
02-04 23:02:14.338   581  5115 D DlbDap2Process: setParam(dvlo = #1[-320])
02-04 23:02:14.338   581  5115 D DlbDap2Process: setParam(artp = #1[12])
02-04 23:02:14.339   581  5115 D DlbDap2Process: setParam(aobs = #222[20, 10, 47, 141, 234, 328, 469, 656, 844, 1031, 1313, 1688, 2250, 3000, 3750, 4688, 5813, 7125, 9000, 11250, 13875, 19688, 0, 0, 0, 0, 0, 0, 0, 0, 0, 0, 0, 0, 0, 0, 0, 0, 0, 0, 0, 0, 0, 0, 0, 0, 0, 0, 0, 0, 0, 0, 0, 0, 0, 0, 0, 0, 0, 0, 0, 0, 0, 0, 0, 0, 0, 0, 0, 0, 0, 0, 0, 0, 0, 0, 0, 0, 0, 0, 0, 0, 0, 0, 0, 0, 0, 0, 0, 0, 0, 0, 0, 0, 0, 0, 0, 0, 0, 0, 0, 0, 0, 0, 0, 0, 0, 0, 0, 0, 0, 0, 0, 0, 0, 0, 0, 0, 0, 0, 0, 0, 0, 0, 0, 0, 0, 0, 0, 0, 0, 0, 0, 0, 0, 0, 0, 0, 0, 0, 0, 0, 0, 0, 0, 0, 0, 0, 0, 0, 0, 0, 0, 0, 0, 0, 0, 0, 0, 0, 0, 0, 0, 0, 0, 0, 0, 0, 0, 0, 0, 0, 0, 0, 0, 0, 0, 0, 0, 0, 0, 0, 0, 0, 0, 0, 0, 0, 0, 0, 0, 0, 0, 0, 0, 0, 0, 0, 0, 0, 0, 0, 0, 0, 0, 0, 0, 0, 0, 0, 0, 0, 0, 0, 0, 0, 0, 0, 0, 0, 0, 0])
02-04 23:02:14.339   581  5115 D DlbDap2Process: setParam(arbs = #81[20, 47, 141, 234, 328, 469, 656, 844, 1031, 1313, 1688, 2250, 3000, 3750, 4688, 5813, 7125, 9000, 11250, 13875, 19688, -192, -192, -192, -192, -192, -192, -192, -192, -192, -192, -192, -192, -192, -192, -192, -192, -192, -192, -192, -192, 0, 0, 0, 0, 0, 0, 0, 0, 0, 0, 0, 0, 0, 0, 0, 0, 0, 0, 0, 0, 0, 0, 0, 0, 0, 0, 0, 0, 0, 0, 0, 0, 0, 0, 0, 0, 0, 0, 0, 0])
02-04 23:02:14.339   581  5115 D DlbDapEndpointParamCache: doCommit() Committed 37 parameters out of 37.
02-04 23:02:14.339   581  5115 D DlbDap2Process: setMave(mave = 0)
02-04 23:02:14.380 28775 28775 D featureTest: receive broadcast , record log :0
02-04 23:02:14.415   581  5115 D DlbDapCrossfadeProcess: process transitioning from FADE_TO_BYPASS state to DAP_BYPASSED
02-04 23:02:14.453   581  5115 I DlbEffectDap: setVbEnabled() Reset DAP with VB enabled state 0
02-04 23:02:14.454   581  5115 I DlbDapCrossfadeProcess: reset()
02-04 23:02:14.454   581  5115 I DlbDapBufferAdapter: reset()
02-04 23:02:14.454   581  5115 I DlbDap2Process: close()
02-04 23:02:14.454   581  5115 I DlbDap2Process: init()
02-04 23:02:14.454   581  5115 I DlbDap2Process: open()
02-04 23:02:14.456   581  5115 I DlbDap2Process: loadLicense() no license check!
02-04 23:02:14.456   581  5115 I DlbDap2Process: validateLicense() no license check!
02-04 23:02:14.456   581  5115 I DlbDap2Process: init() DAP opened
02-04 23:02:14.456   581  5115 I DlbDap2Process: DAP library version: 2.5.1-P2.0
02-04 23:02:14.457   581  5115 D DlbDap2Process: DAP output mode set to 1 with 2 output channels and null mix matrix.
02-04 23:02:14.457   581  5115 D DlbDapEndpointParamCache: commitAllParams()
02-04 23:02:14.457   581  5115 D DlbDapEndpointParamCache: commit() Applying parameters for device 0x40000000
02-04 23:02:14.457   581  5115 D DlbDap2Process: setParam(iea = #1[10])
02-04 23:02:14.457   581  5115 D DlbDap2Process: setParam(msce = #1[0])
02-04 23:02:14.458   581  5115 D DlbDap2Process: setParam(mdee = #1[0])
02-04 23:02:14.458   581  5115 D DlbDap2Process: setParam(miee = #1[0])
02-04 23:02:14.458   581  5115 D DlbDap2Process: setParam(mdle = #1[0])
02-04 23:02:14.458   581  5115 D DlbDap2Process: setParam(dvle = #1[1])
02-04 23:02:14.458   581  5115 D DlbDap2Process: setParam(mave = #1[0])
02-04 23:02:14.458   581  5115 D DlbDap2Process: setParam(vcbf = #20[47, 141, 234, 328, 469, 656, 844, 1031, 1313, 1688, 2250, 3000, 3750, 4688, 5813, 7125, 9000, 11250, 13875, 19688])
02-04 23:02:14.458   581  5115 D DlbDap2Process: setParam(preg = #1[-758])
02-04 23:02:14.458   581  5115 D DlbDap2Process: setParam(vbon = #1[0])
02-04 23:02:14.458   581  5115 D DlbDap2Process: setParam(beon = #1[0])
02-04 23:02:14.458   581  5115 D DlbDap2Process: setParam(geon = #1[0])
02-04 23:02:14.458   581  5115 D DlbDap2Process: setParam(ieon = #1[0])
02-04 23:02:14.458   581  5115 D DlbDap2Process: setParam(gebs = #41[20, 47, 141, 234, 328, 469, 656, 844, 1031, 1313, 1688, 2250, 3000, 3750, 4688, 5813, 7125, 9000, 11250, 13875, 19688, 0, 0, 0, 0, 0, 0, 0, 0, 0, 0, 0, 0, 0, 0, 0, 0, 0, 0, 0, 0])
02-04 23:02:14.459   581  5115 D DlbDap2Process: setParam(iebs = #41[20, 65, 136, 223, 332, 467, 634, 841, 1098, 1416, 1812, 2302, 2909, 3663, 4598, 5756, 7194, 8976, 11186, 13927, 17326, 117, 133, 188, 176, 141, 149, 175, 185, 185, 200, 236, 242, 228, 213, 182, 132, 110, 68, -27, -240])
02-04 23:02:14.459   581  5115 D DlbDapEndpointParamCache: doCommit() Committed 16 parameters out of 16.
02-04 23:02:14.459   581  5115 D DlbDapEndpointParamCache: commit() Overriding parameters for current device 0x00000002
02-04 23:02:14.459   581  5115 D DlbDap2Process: setParam(dea = #1[7])
02-04 23:02:14.459   581  5115 D DlbDap2Process: setParam(dsa = #1[10])
02-04 23:02:14.459   581  5115 D DlbDap2Process: setParam(beb = #1[192])
02-04 23:02:14.459   581  5115 D DlbDap2Process: setParam(plb = #1[0])
02-04 23:02:14.459   581  5115 D DlbDap2Process: setParam(vmb = #1[144])
02-04 23:02:14.459   581  5115 D DlbDap2Process: setParam(dsb = #1[48])
02-04 23:02:14.459   581  5115 D DlbDap2Process: setParam(ded = #1[0])
02-04 23:02:14.459   581  5115 D DlbDap2Process: setParam(vbm = #1[3])
02-04 23:02:14.459   581  5115 D DlbDap2Process: setParam(dom = #1[0])
02-04 23:02:14.459   581  5115 D DlbDap2Process: setParam(bew = #1[16])
02-04 23:02:14.459   581  5115 D DlbDap2Process: setParam(dvla = #1[5])
02-04 23:02:14.459   581  5115 D DlbDap2Process: setParam(arra = #1[96])
02-04 23:02:14.459   581  5115 D DlbDap2Process: setParam(dfsa = #1[10])
02-04 23:02:14.459   581  5115 D DlbDap2Process: setParam(dhsa = #1[10])
02-04 23:02:14.459   581  5115 D DlbDap2Process: setParam(dvmc = #1[0])
02-04 23:02:14.459   581  5115 D DlbDap2Process: setParam(arod = #1[0])
02-04 23:02:14.459   581  5115 D DlbDap2Process: setParam(arde = #1[1])
02-04 23:02:14.459   581  5115 D DlbDap2Process: setParam(dvle = #1[1])
02-04 23:02:14.459   581  5115 D DlbDap2Process: setParam(dvme = #1[0])
02-04 23:02:14.459   581  5115 D DlbDap2Process: setParam(becf = #1[200])
02-04 23:02:14.459   581  5115 D DlbDap2Process: setParam(vbmf = #2[94, 469])
02-04 23:02:14.459   581  5115 D DlbDap2Process: setParam(vbsf = #2[35, 160])
02-04 23:02:14.459   581  5115 D DlbDap2Process: setParam(vbhg = #3[-32, -144, -192])
02-04 23:02:14.459   581  5115 D DlbDap2Process: setParam(vbog = #1[0])
02-04 23:02:14.459   581  5115 D DlbDap2Process: setParam(vbsg = #1[0])
02-04 23:02:14.459   581  5115 D DlbDap2Process: setParam(dvli = #1[-320])
02-04 23:02:14.459   581  5115 D DlbDap2Process: setParam(dhfm = #1[2])
02-04 23:02:14.459   581  5115 D DlbDap2Process: setParam(vbon = #1[0])
02-04 23:02:14.460   581  5115 D DlbDap2Process: setParam(beon = #1[0])
02-04 23:02:14.460   581  5115 D DlbDap2Process: setParam(deon = #1[0])
02-04 23:02:14.460   581  5115 D DlbDap2Process: setParam(ngon = #1[1])
02-04 23:02:14.460   581  5115 D DlbDap2Process: setParam(aoon = #1[1])
02-04 23:02:14.460   581  5115 D DlbDap2Process: setParam(aron = #1[1])
02-04 23:02:14.460   581  5115 D DlbDap2Process: setParam(dvlo = #1[-320])
02-04 23:02:14.460   581  5115 D DlbDap2Process: setParam(artp = #1[12])
02-04 23:02:14.460   581  5115 D DlbDap2Process: setParam(aobs = #222[20, 10, 47, 141, 234, 328, 469, 656, 844, 1031, 1313, 1688, 2250, 3000, 3750, 4688, 5813, 7125, 9000, 11250, 13875, 19688, 0, 0, 0, 0, 0, 0, 0, 0, 0, 0, 0, 0, 0, 0, 0, 0, 0, 0, 0, 0, 0, 0, 0, 0, 0, 0, 0, 0, 0, 0, 0, 0, 0, 0, 0, 0, 0, 0, 0, 0, 0, 0, 0, 0, 0, 0, 0, 0, 0, 0, 0, 0, 0, 0, 0, 0, 0, 0, 0, 0, 0, 0, 0, 0, 0, 0, 0, 0, 0, 0, 0, 0, 0, 0, 0, 0, 0, 0, 0, 0, 0, 0, 0, 0, 0, 0, 0, 0, 0, 0, 0, 0, 0, 0, 0, 0, 0, 0, 0, 0, 0, 0, 0, 0, 0, 0, 0, 0, 0, 0, 0, 0, 0, 0, 0, 0, 0, 0, 0, 0, 0, 0, 0, 0, 0, 0, 0, 0, 0, 0, 0, 0, 0, 0, 0, 0, 0, 0, 0, 0, 0, 0, 0, 0, 0, 0, 0, 0, 0, 0, 0, 0, 0, 0, 0, 0, 0, 0, 0, 0, 0, 0, 0, 0, 0, 0, 0, 0, 0, 0, 0, 0, 0, 0, 0, 0, 0, 0, 0, 0, 0, 0, 0, 0, 0, 0, 0, 0, 0, 0, 0, 0, 0, 0, 0, 0, 0, 0, 0, 0])
02-04 23:02:14.461   581  5115 D DlbDap2Process: setParam(arbs = #81[20, 47, 141, 234, 328, 469, 656, 844, 1031, 1313, 1688, 2250, 3000, 3750, 4688, 5813, 7125, 9000, 11250, 13875, 19688, -192, -192, -192, -192, -192, -192, -192, -192, -192, -192, -192, -192, -192, -192, -192, -192, -192, -192, -192, -192, 0, 0, 0, 0, 0, 0, 0, 0, 0, 0, 0, 0, 0, 0, 0, 0, 0, 0, 0, 0, 0, 0, 0, 0, 0, 0, 0, 0, 0, 0, 0, 0, 0, 0, 0, 0, 0, 0, 0, 0])
02-04 23:02:14.461   581  5115 D DlbDapEndpointParamCache: doCommit() Committed 37 parameters out of 37.
02-04 23:02:14.461   581  5115 D DlbDapCrossfadeProcess: setEnabled transitioning from DAP_BYPASSED state to PREROLL_ACTIVE
02-04 23:02:14.493   581  5115 D DlbDap2Process: setMave(mave = 0)
02-04 23:02:14.535   581  5115 D DlbDapCrossfadeProcess: process transitioning from PREROLL_ACTIVE state to FADE_TO_ACTIVE
02-04 23:02:14.656   581  5115 D DlbDapCrossfadeProcess: process transitioning from FADE_TO_ACTIVE state to DAP_ACTIVE
02-04 23:02:14.889 28748 28748 I ServiceManager: Waiting for service AtCmdFwd...
02-04 23:02:15.842   816   816 W WindowManager: removeWindowToken: Attempted to remove non-existing token: android.os.Binder@37e163d
02-04 23:02:15.887   429   429 D SurfaceFlinger: duplicate layer name: changing Toast to Toast#1
02-04 23:02:15.890 28748 28748 I ServiceManager: Waiting for service AtCmdFwd...
02-04 23:02:15.976   581  5115 D DlbDap2Process: process() called [274500] times
02-04 23:02:16.891 28748 28748 I ServiceManager: Waiting for service AtCmdFwd...
02-04 23:02:17.865   816   816 W WindowManager: removeWindowToken: Attempted to remove non-existing token: android.os.Binder@4bd78df
02-04 23:02:17.891 28748 28748 I ServiceManager: Waiting for service AtCmdFwd...
02-04 23:02:18.489   571   940 E QC-QMI  : linux_qmi_qmux_io_wake_lock: Err in writing wakelock=qmuxd_port_wl_0, error [1:Operation not permitted]
02-04 23:02:18.489   571   940 E QC-QMI  : linux_qmi_qmux_io_wake_unlock: Err in writing wakelock=qmuxd_port_wl_0, error [1:Operation not permitted]
02-04 23:02:18.657   581  5115 D DlbDap2Process: process() called [275000] times
02-04 23:02:18.892 28748 28748 W Atfwd_Sendcmd: AtCmdFwd service not published, waiting... retryCnt : 2
