02-03 00:54:20.989   602 19557 D DlbDap2QmfProcess: setParam(vcbf = #20[47, 141, 234, 328, 469, 656, 844, 1031, 1313, 1688, 2250, 3000, 3750, 4688, 5813, 7125, 9000, 11250, 13875, 19688])
02-03 00:54:20.989   602 19557 D DlbDap2QmfProcess: setParam(ieon = #1[0])
02-03 00:54:20.989   602 19557 D DlbDap2QmfProcess: setParam(gebs = #41[20, 47, 141, 234, 328, 469, 656, 844, 1031, 1313, 1688, 2250, 3000, 3750, 4688, 5813, 7125, 9000, 11250, 13875, 19688, 0, 0, 0, 0, 0, 0, 0, 0, 0, 0, 0, 0, 0, 0, 0, 0, 0, 0, 0, 0])
02-03 00:54:20.990   602 19557 D DlbDap2QmfProcess: setParam(iebs = #41[20, 65, 136, 223, 332, 467, 634, 841, 1098, 1416, 1812, 2302, 2909, 3663, 4598, 5756, 7194, 8976, 11186, 13927, 17326, 117, 133, 188, 176, 141, 149, 175, 185, 185, 200, 236, 242, 228, 213, 182, 132, 110, 68, -27, -240])
02-03 00:54:20.990   602 19557 D DlbDap2QmfProcess: setParam(dea = #1[7])
02-03 00:54:20.990   602 19557 D DlbDap2QmfProcess: setParam(dsa = #1[10])
02-03 00:54:20.990   602 19557 D DlbDap2QmfProcess: setParam(beb = #1[192])
02-03 00:54:20.990   602 19557 D DlbDap2QmfProcess: setParam(plb = #1[0])
02-03 00:54:20.990   602 19557 D DlbDap2QmfProcess: setParam(vmb = #1[144])
02-03 00:54:20.990   602 19557 D DlbDap2QmfProcess: setParam(dsb = #1[48])
02-03 00:54:20.990   602 19557 D DlbDap2QmfProcess: setParam(ded = #1[0])
02-03 00:54:20.990   602 19557 D DlbDap2QmfProcess: DAP output mode set to 11 with 2 output channels and custom mix matrix.
02-03 00:54:20.990   602 19557 D DlbDap2QmfProcess: setParam(dom = #17[1, 16384, 0, 0, 16384, 11583, 11583, 8192, 8192, 16384, 0, 0, 16384, 16384, 0, 0, 16384])
02-03 00:54:20.990   602 19557 D DlbDap2QmfProcess: setParam(bew = #1[16])
02-03 00:54:20.990   602 19557 D DlbDap2QmfProcess: setParam(dvla = #1[5])
02-03 00:54:20.990   602 19557 D DlbDap2QmfProcess: setParam(dfsa = #1[10])
02-03 00:54:20.990   602 19557 D DlbDap2QmfProcess: setParam(dhsa = #1[10])
02-03 00:54:20.990   602 19557 D DlbDap2QmfProcess: setParam(dvmc = #1[0])
02-03 00:54:20.990   602 19557 D DlbDap2QmfProcess: setParam(dvle = #1[1])
02-03 00:54:20.990   602 19557 D DlbDap2QmfProcess: setParam(dvme = #1[0])
02-03 00:54:20.990   602 19557 D DlbDap2QmfProcess: setParam(becf = #1[200])
02-03 00:54:20.990   602 19557 D DlbDap2QmfProcess: setParam(vbmf = #2[94, 469])
02-03 00:54:20.990   602 19557 D DlbDap2QmfProcess: setParam(vbsf = #2[35, 160])
02-03 00:54:20.990   602 19557 D DlbDap2QmfProcess: setParam(vbhg = #3[-32, -144, -192])
02-03 00:54:20.990   602 19557 D DlbDap2QmfProcess: setParam(vbog = #1[0])
02-03 00:54:20.990   602 19557 D DlbDap2QmfProcess: setParam(vbsg = #1[0])
02-03 00:54:20.990   602 19557 D DlbDap2QmfProcess: setParam(dvli = #1[-320])
02-03 00:54:20.990   602 19557 D DlbDap2QmfProcess: setParam(dhfm = #1[2])
02-03 00:54:20.990   602 19557 D DlbDap2QmfProcess: setParam(deon = #1[0])
02-03 00:54:20.990   602 19557 D DlbDap2QmfProcess: setParam(ngon = #1[1])
02-03 00:54:20.990   602 19557 D DlbDap2QmfProcess: setParam(dvlo = #1[-320])
02-03 00:54:20.991   602 19557 D DlbDap2QmfProcess: setParam(aobs = #222[20, 10, 47, 141, 234, 328, 469, 656, 844, 1031, 1313, 1688, 2250, 3000, 3750, 4688, 5813, 7125, 9000, 11250, 13875, 19688, 0, 0, 0, 0, 0, 0, 0, 0, 0, 0, 0, 0, 0, 0, 0, 0, 0, 0, 0, 0, 0, 0, 0, 0, 0, 0, 0, 0, 0, 0, 0, 0, 0, 0, 0, 0, 0, 0, 0, 0, 0, 0, 0, 0, 0, 0, 0, 0, 0, 0, 0, 0, 0, 0, 0, 0, 0, 0, 0, 0, 0, 0, 0, 0, 0, 0, 0, 0, 0, 0, 0, 0, 0, 0, 0, 0, 0, 0, 0, 0, 0, 0, 0, 0, 0, 0, 0, 0, 0, 0, 0, 0, 0, 0, 0, 0, 0, 0, 0, 0, 0, 0, 0, 0, 0, 0, 0, 0, 0, 0, 0, 0, 0, 0, 0, 0, 0, 0, 0, 0, 0, 0, 0, 0, 0, 0, 0, 0, 0, 0, 0, 0, 0, 0, 0, 0, 0, 0, 0, 0, 0, 0, 0, 0, 0, 0, 0, 0, 0, 0, 0, 0, 0, 0, 0, 0, 0, 0, 0, 0, 0, 0, 0, 0, 0, 0, 0, 0, 0, 0, 0, 0, 0, 0, 0, 0, 0, 0, 0, 0, 0, 0, 0, 0, 0, 0, 0, 0, 0, 0, 0, 0, 0, 0, 0, 0, 0, 0, 0, 0])
02-03 00:54:20.991   602 19557 D DlbDap2QmfProcess: setParam(dvle = #1[1])
02-03 00:54:20.991   602 19557 D DlbDap2QmfProcess: setParam(dvli = #1[-496])
02-03 00:54:20.991   602 19557 D DlbDap2QmfProcess: setParam(dvlo = #1[-176])
02-03 00:54:20.991   602 19557 D ARenderer: updateDapVolumeLeveler: Setting output level to -11.00dB
02-03 00:54:20.991   602 19557 D DlbDap2QmfProcess: setParam(vmb = #1[0])
02-03 00:54:20.991   602 19557 D DlbDap2QmfProcess: setParam(preg = #1[-384])
02-03 00:54:20.991   602 19557 D DlbDap2QmfProcess: setParam(vol = #1[384])
02-03 00:54:20.991   602 19557 D DlbDlbBufferProvider: setConfig() Updating buffer configuration.
02-03 00:54:20.991   602 19557 D DlbDap2QmfProcess: processQmf() called [0] times
02-03 00:54:20.991   602 19557 D DlbDap2QmfProcess: setMave(mave = 0)
02-03 00:54:20.997   602 19557 I evo_parser: get_oamd_pd_from_evo reallocating mem 31
02-03 00:54:20.999   589  4821 D DlbDlbEffect: handle_EFFECT_CMD_SET_PARAM()
02-03 00:54:21.002   589   772 D AudioFlinger: trackDestroyed() Track id 1069 no longer contains processed audio
02-03 00:54:21.003   589   728 D DlbDlbEffect: handle_EFFECT_CMD_DISABLE()
02-03 00:54:21.003   589   728 D DlbDapCrossfadeProcess: setEnabled transitioning from DAP_ACTIVE state to FADE_TO_BYPASS
02-03 00:54:21.004   416   416 W /system/bin/hw/android.hidl.allocator@1.0-service: ashmem_create_region(3840) returning hidl_memory(0x77bb02c2e0, 3840)
02-03 00:54:21.005   589   728 D DlbDlbEffect: handle_EFFECT_CMD_SET_CONFIG()
02-03 00:54:21.005   589   728 D DlbDapEndpointParamCache: setDevice(device=0x00000002)
02-03 00:54:21.005   421   421 D DMSService: setActiveDevice called with device = 0x2
02-03 00:54:21.005   589   728 D DlbDlbEffect: handle_EFFECT_CMD_ENABLE()
02-03 00:54:21.005   589   728 D DlbDapCrossfadeProcess: setEnabled transitioning from FADE_TO_BYPASS state to FADE_TO_ACTIVE
02-03 00:54:21.008   597 19550 D AudioTrack: Client defaulted notificationFrames to 12000 for frameCount 24000
02-03 00:54:21.008   589   740 I AudioFlinger: attachAuxEffect(): Marking track 1070 as containing processed audio
02-03 00:54:21.008   589   740 D AudioFlinger: trackContainsProcessedAudio() Track id 1070 contains processed audio
02-03 00:54:21.009   589  7202 D DlbDlbEffect: handle_EFFECT_CMD_DISABLE()
02-03 00:54:21.009   589  7202 D DlbDapCrossfadeProcess: setEnabled transitioning from FADE_TO_ACTIVE state to FADE_TO_BYPASS
02-03 00:54:21.011   416   416 W /system/bin/hw/android.hidl.allocator@1.0-service: ashmem_create_region(7680) returning hidl_memory(0x77bb02c2e0, 7680)
02-03 00:54:21.012   589  7202 D DlbDlbEffect: handle_EFFECT_CMD_SET_CONFIG()
02-03 00:54:21.012   589  7202 D DlbDapEndpointParamCache: setDevice(device=0x00000002)
02-03 00:54:21.012   421   421 D DMSService: setActiveDevice called with device = 0x2
02-03 00:54:21.012   589  7202 D DlbDlbEffect: handle_EFFECT_CMD_ENABLE()
02-03 00:54:21.012   589  7202 D DlbDapCrossfadeProcess: setEnabled transitioning from FADE_TO_BYPASS state to FADE_TO_ACTIVE
02-03 00:54:21.012   589  7202 D AudioFlinger: trackStateChanged() Track id 1070 state changed to 6
02-03 00:54:21.012   589  7202 I AudioFlinger: updateProcessedAudioState() Changing content processing in effect to 1
02-03 00:54:21.012   589  7202 D DlbDlbEffect: handle_EFFECT_CMD_SET_PARAM()
02-03 00:54:21.014   589  7202 I DlbEffectContext: setContentProcEnabled() Disabling content processing in effect
02-03 00:54:21.014   589  7202 D DlbDapEndpointParamCache: commitChangedParams()
02-03 00:54:21.014   589  7202 D DlbDapEndpointParamCache: commit() Applying parameters for device 0x40000000
02-03 00:54:21.014   589  7202 D DlbDap2Process: setParam(msce = #1[0])
02-03 00:54:21.014   589  7202 D DlbDap2Process: setParam(mdee = #1[0])
02-03 00:54:21.014   589  7202 D DlbDap2Process: setParam(miee = #1[0])
02-03 00:54:21.014   589  7202 D DlbDap2Process: setParam(mdle = #1[0])
02-03 00:54:21.014   589  7202 D DlbDap2Process: setParam(dvle = #1[0])
02-03 00:54:21.014   589  7202 D DlbDap2Process: setParam(mave = #1[0])
02-03 00:54:21.014   589  7202 D DlbDap2Process: setParam(ieon = #1[0])
02-03 00:54:21.014   589  7202 D DlbDapEndpointParamCache: doCommit() Committed 7 parameters out of 16.
02-03 00:54:21.014   589  7202 D DlbDapEndpointParamCache: commit() Overriding parameters for current device 0x00000002
02-03 00:54:21.014   589  7202 D DlbDap2Process: DAP output mode set to 1 with 2 output channels and null mix matrix.
02-03 00:54:21.014   589  7202 D DlbDap2Process: setParam(dom = #1[0])
02-03 00:54:21.014   589  7202 D DlbDap2Process: setParam(dvle = #1[0])
02-03 00:54:21.015   589  7202 D DlbDap2Process: setParam(dvme = #1[0])
02-03 00:54:21.015   589  7202 D DlbDap2Process: setParam(deon = #1[0])
02-03 00:54:21.015   589  7202 D DlbDap2Process: setParam(ngon = #1[0])
02-03 00:54:21.015   589  7202 D DlbDapEndpointParamCache: doCommit() Committed 5 parameters out of 37.
02-03 00:54:21.015   597 19546 D NuPlayerDriver: notifyListener_l(0xf1bb2770), (6, 0, 0, -1), loop setting(0, 1)
02-03 00:54:21.016   597 16835 W MediaClock: reject anchor time since it is negative.
02-03 00:54:21.056 19487 19487 D featureTest: receive broadcast , change virtual speaker  virtualizer :0
02-03 00:54:21.057   589  4575 D DlbDap2Process: setMave(mave = 0)
02-03 00:54:21.059   589  4575 D DlbDapCrossfadeProcess: process transitioning from FADE_TO_ACTIVE state to DAP_ACTIVE
02-03 00:54:21.068   589  5032 D DlbDlbEffect: handle_EFFECT_CMD_SET_PARAM()
02-03 00:54:21.071 19487 19492 I zygote64: Do partial code cache collection, code=9KB, data=14KB
02-03 00:54:21.071 19487 19492 I zygote64: After code cache collection, code=9KB, data=14KB
02-03 00:54:21.071 19487 19492 I zygote64: Increasing code cache capacity to 128KB
02-03 00:54:21.072 19487 19492 I zygote64: Do partial code cache collection, code=9KB, data=34KB
02-03 00:54:21.072 19487 19492 I zygote64: After code cache collection, code=9KB, data=34KB
02-03 00:54:21.072 19487 19492 I zygote64: Increasing code cache capacity to 256KB
02-03 00:54:21.073 19487 19492 I zygote64: Compiler allocated 8MB to compile void android.widget.TextView.<init>(android.content.Context, android.util.AttributeSet, int, int)
02-03 00:54:21.098   589  4575 D DlbDapEndpointParamCache: commitChangedParams()
02-03 00:54:21.098   589  4575 D DlbDapEndpointParamCache: commit() Applying parameters for device 0x40000000
02-03 00:54:21.098   589  4575 D DlbDap2Process: setParam(iea = #1[10])
02-03 00:54:21.098   589  4575 D DlbDap2Process: setParam(vcbf = #20[47, 141, 234, 328, 469, 656, 844, 1031, 1313, 1688, 2250, 3000, 3750, 4688, 5813, 7125, 9000, 11250, 13875, 19688])
02-03 00:54:21.098   589  4575 D DlbDap2Process: setParam(vbon = #1[0])
02-03 00:54:21.098   589  4575 D DlbDap2Process: setParam(beon = #1[0])
02-03 00:54:21.098   589  4575 D DlbDap2Process: setParam(geon = #1[0])
02-03 00:54:21.098   589  4575 D DlbDap2Process: setParam(gebs = #41[20, 47, 141, 234, 328, 469, 656, 844, 1031, 1313, 1688, 2250, 3000, 3750, 4688, 5813, 7125, 9000, 11250, 13875, 19688, 0, 0, 0, 0, 0, 0, 0, 0, 0, 0, 0, 0, 0, 0, 0, 0, 0, 0, 0, 0])
02-03 00:54:21.098   589  4575 D DlbDap2Process: setParam(iebs = #41[20, 65, 136, 223, 332, 467, 634, 841, 1098, 1416, 1812, 2302, 2909, 3663, 4598, 5756, 7194, 8976, 11186, 13927, 17326, 117, 133, 188, 176, 141, 149, 175, 185, 185, 200, 236, 242, 228, 213, 182, 132, 110, 68, -27, -240])
02-03 00:54:21.099   589  4575 D DlbDapEndpointParamCache: doCommit() Committed 8 parameters out of 16.
02-03 00:54:21.099   589  4575 D DlbDapEndpointParamCache: commit() Overriding parameters for current device 0x00000002
02-03 00:54:21.099   589  4575 D DlbDap2Process: setParam(dea = #1[7])
02-03 00:54:21.099   589  4575 D DlbDap2Process: setParam(dsa = #1[10])
02-03 00:54:21.099   589  4575 D DlbDap2Process: setParam(beb = #1[192])
02-03 00:54:21.099   589  4575 D DlbDap2Process: setParam(plb = #1[0])
02-03 00:54:21.099   589  4575 D DlbDap2Process: setParam(vmb = #1[144])
02-03 00:54:21.099   589  4575 D DlbDap2Process: setParam(dsb = #1[48])
02-03 00:54:21.099   589  4575 D DlbDap2Process: setParam(ded = #1[0])
02-03 00:54:21.099   589  4575 D DlbDap2Process: setParam(vbm = #1[3])
02-03 00:54:21.099   589  4575 D DlbDap2Process: setParam(bew = #1[16])
02-03 00:54:21.099   589  4575 D DlbDap2Process: setParam(dvla = #1[5])
02-03 00:54:21.099   589  4575 D DlbDap2Process: setParam(arra = #1[96])
02-03 00:54:21.099   589  4575 D DlbDap2Process: setParam(dfsa = #1[10])
02-03 00:54:21.099   589  4575 D DlbDap2Process: setParam(dhsa = #1[10])
02-03 00:54:21.099   589  4575 D DlbDap2Process: setParam(dvmc = #1[0])
02-03 00:54:21.099   589  4575 D DlbDap2Process: setParam(arod = #1[0])
02-03 00:54:21.099   589  4575 D DlbDap2Process: setParam(arde = #1[1])
02-03 00:54:21.099   589  4575 D DlbDap2Process: setParam(becf = #1[200])
02-03 00:54:21.099   589  4575 D DlbDap2Process: setParam(vbmf = #2[94, 469])
02-03 00:54:21.099   589  4575 D DlbDap2Process: setParam(vbsf = #2[35, 160])
02-03 00:54:21.099   589  4575 D DlbDap2Process: setParam(vbhg = #3[-32, -144, -192])
02-03 00:54:21.099   589  4575 D DlbDap2Process: setParam(vbog = #1[0])
02-03 00:54:21.099   589  4575 D DlbDap2Process: setParam(vbsg = #1[0])
02-03 00:54:21.099   589  4575 D DlbDap2Process: setParam(dvli = #1[-320])
02-03 00:54:21.099   589  4575 D DlbDap2Process: setParam(dhfm = #1[2])
02-03 00:54:21.099   589  4575 D DlbDap2Process: setParam(vbon = #1[0])
02-03 00:54:21.099   589  4575 D DlbDap2Process: setParam(beon = #1[0])
02-03 00:54:21.099   589  4575 D DlbDap2Process: setParam(aoon = #1[1])
02-03 00:54:21.099   589  4575 D DlbDap2Process: setParam(aron = #1[1])
02-03 00:54:21.099   589  4575 D DlbDap2Process: setParam(dvlo = #1[-320])
02-03 00:54:21.099   589  4575 D DlbDap2Process: setParam(artp = #1[12])
02-03 00:54:21.100   589  4575 D DlbDap2Process: setParam(aobs = #222[20, 10, 47, 141, 234, 328, 469, 656, 844, 1031, 1313, 1688, 2250, 3000, 3750, 4688, 5813, 7125, 9000, 11250, 13875, 19688, 0, 0, 0, 0, 0, 0, 0, 0, 0, 0, 0, 0, 0, 0, 0, 0, 0, 0, 0, 0, 0, 0, 0, 0, 0, 0, 0, 0, 0, 0, 0, 0, 0, 0, 0, 0, 0, 0, 0, 0, 0, 0, 0, 0, 0, 0, 0, 0, 0, 0, 0, 0, 0, 0, 0, 0, 0, 0, 0, 0, 0, 0, 0, 0, 0, 0, 0, 0, 0, 0, 0, 0, 0, 0, 0, 0, 0, 0, 0, 0, 0, 0, 0, 0, 0, 0, 0, 0, 0, 0, 0, 0, 0, 0, 0, 0, 0, 0, 0, 0, 0, 0, 0, 0, 0, 0, 0, 0, 0, 0, 0, 0, 0, 0, 0, 0, 0, 0, 0, 0, 0, 0, 0, 0, 0, 0, 0, 0, 0, 0, 0, 0, 0, 0, 0, 0, 0, 0, 0, 0, 0, 0, 0, 0, 0, 0, 0, 0, 0, 0, 0, 0, 0, 0, 0, 0, 0, 0, 0, 0, 0, 0, 0, 0, 0, 0, 0, 0, 0, 0, 0, 0, 0, 0, 0, 0, 0, 0, 0, 0, 0, 0, 0, 0, 0, 0, 0, 0, 0, 0, 0, 0, 0, 0, 0, 0, 0, 0, 0, 0])
02-03 00:54:21.100   589  4575 D DlbDap2Process: setParam(arbs = #81[20, 47, 141, 234, 328, 469, 656, 844, 1031, 1313, 1688, 2250, 3000, 3750, 4688, 5813, 7125, 9000, 11250, 13875, 19688, -192, -192, -192, -192, -192, -192, -192, -192, -192, -192, -192, -192, -192, -192, -192, -192, -192, -192, -192, -192, 0, 0, 0, 0, 0, 0, 0, 0, 0, 0, 0, 0, 0, 0, 0, 0, 0, 0, 0, 0, 0, 0, 0, 0, 0, 0, 0, 0, 0, 0, 0, 0, 0, 0, 0, 0, 0, 0, 0, 0])
02-03 00:54:21.100   589  4575 D DlbDapEndpointParamCache: doCommit() Committed 32 parameters out of 37.
02-03 00:54:21.119 19487 19487 D featureTest: receive broadcast , record log :0
02-03 00:54:21.314   602 19557 D ARenderer: updateDapConfig: Updating DAP configuration
02-03 00:54:21.314   602 19557 D DlbDap2QmfProcess: setParam(iea = #1[10])
02-03 00:54:21.314   602 19557 D DlbDap2QmfProcess: setParam(msce = #1[0])
02-03 00:54:21.314   602 19557 D DlbDap2QmfProcess: setParam(mdee = #1[0])
02-03 00:54:21.314   602 19557 D DlbDap2QmfProcess: setParam(miee = #1[0])
02-03 00:54:21.314   602 19557 D DlbDap2QmfProcess: setParam(mdle = #1[0])
02-03 00:54:21.315   602 19557 D DlbDap2QmfProcess: setParam(dvle = #1[1])
02-03 00:54:21.315   602 19557 D DlbDap2QmfProcess: setParam(mave = #1[0])
02-03 00:54:21.315   602 19557 D DlbDap2QmfProcess: setParam(vcbf = #20[47, 141, 234, 328, 469, 656, 844, 1031, 1313, 1688, 2250, 3000, 3750, 4688, 5813, 7125, 9000, 11250, 13875, 19688])
02-03 00:54:21.315   602 19557 D DlbDap2QmfProcess: setParam(ieon = #1[0])
02-03 00:54:21.315   602 19557 D DlbDap2QmfProcess: setParam(gebs = #41[20, 47, 141, 234, 328, 469, 656, 844, 1031, 1313, 1688, 2250, 3000, 3750, 4688, 5813, 7125, 9000, 11250, 13875, 19688, 0, 0, 0, 0, 0, 0, 0, 0, 0, 0, 0, 0, 0, 0, 0, 0, 0, 0, 0, 0])
02-03 00:54:21.315   602 19557 D DlbDap2QmfProcess: setParam(iebs = #41[20, 65, 136, 223, 332, 467, 634, 841, 1098, 1416, 1812, 2302, 2909, 3663, 4598, 5756, 7194, 8976, 11186, 13927, 17326, 117, 133, 188, 176, 141, 149, 175, 185, 185, 200, 236, 242, 228, 213, 182, 132, 110, 68, -27, -240])
02-03 00:54:21.315   602 19557 D DlbDap2QmfProcess: setParam(dea = #1[7])
02-03 00:54:21.315   602 19557 D DlbDap2QmfProcess: setParam(dsa = #1[10])
02-03 00:54:21.315   602 19557 D DlbDap2QmfProcess: setParam(beb = #1[192])
02-03 00:54:21.315   602 19557 D DlbDap2QmfProcess: setParam(plb = #1[0])
02-03 00:54:21.316   602 19557 D DlbDap2QmfProcess: setParam(vmb = #1[144])
02-03 00:54:21.316   602 19557 D DlbDap2QmfProcess: setParam(dsb = #1[48])
02-03 00:54:21.316   602 19557 D DlbDap2QmfProcess: setParam(ded = #1[0])
02-03 00:54:21.316   602 19557 D DlbDap2QmfProcess: DAP output mode set to 1 with 2 output channels and null mix matrix.
02-03 00:54:21.316   602 19557 D DlbDap2QmfProcess: setParam(dom = #1[0])
02-03 00:54:21.316   602 19557 D DlbDap2QmfProcess: setParam(bew = #1[16])
02-03 00:54:21.316   602 19557 D DlbDap2QmfProcess: setParam(dvla = #1[5])
02-03 00:54:21.316   602 19557 D DlbDap2QmfProcess: setParam(dfsa = #1[10])
02-03 00:54:21.316   602 19557 D DlbDap2QmfProcess: setParam(dhsa = #1[10])
02-03 00:54:21.316   602 19557 D DlbDap2QmfProcess: setParam(dvmc = #1[0])
02-03 00:54:21.316   602 19557 D DlbDap2QmfProcess: setParam(dvle = #1[1])
02-03 00:54:21.316   602 19557 D DlbDap2QmfProcess: setParam(dvme = #1[0])
02-03 00:54:21.316   602 19557 D DlbDap2QmfProcess: setParam(becf = #1[200])
02-03 00:54:21.316   602 19557 D DlbDap2QmfProcess: setParam(vbmf = #2[94, 469])
02-03 00:54:21.316   602 19557 D DlbDap2QmfProcess: setParam(vbsf = #2[35, 160])
02-03 00:54:21.316   602 19557 D DlbDap2QmfProcess: setParam(vbhg = #3[-32, -144, -192])
02-03 00:54:21.317   602 19557 D DlbDap2QmfProcess: setParam(vbog = #1[0])
02-03 00:54:21.317   602 19557 D DlbDap2QmfProcess: setParam(vbsg = #1[0])
02-03 00:54:21.317   602 19557 D DlbDap2QmfProcess: setParam(dvli = #1[-320])
02-03 00:54:21.317   602 19557 D DlbDap2QmfProcess: setParam(dhfm = #1[2])
02-03 00:54:21.317   602 19557 D DlbDap2QmfProcess: setParam(deon = #1[0])
02-03 00:54:21.317   602 19557 D DlbDap2QmfProcess: setParam(ngon = #1[1])
02-03 00:54:21.317   602 19557 D DlbDap2QmfProcess: setParam(dvlo = #1[-320])
02-03 00:54:21.318   602 19557 D DlbDap2QmfProcess: setParam(aobs = #222[20, 10, 47, 141, 234, 328, 469, 656, 844, 1031, 1313, 1688, 2250, 3000, 3750, 4688, 5813, 7125, 9000, 11250, 13875, 19688, 0, 0, 0, 0, 0, 0, 0, 0, 0, 0, 0, 0, 0, 0, 0, 0, 0, 0, 0, 0, 0, 0, 0, 0, 0, 0, 0, 0, 0, 0, 0, 0, 0, 0, 0, 0, 0, 0, 0, 0, 0, 0, 0, 0, 0, 0, 0, 0, 0, 0, 0, 0, 0, 0, 0, 0, 0, 0, 0, 0, 0, 0, 0, 0, 0, 0, 0, 0, 0, 0, 0, 0, 0, 0, 0, 0, 0, 0, 0, 0, 0, 0, 0, 0, 0, 0, 0, 0, 0, 0, 0, 0, 0, 0, 0, 0, 0, 0, 0, 0, 0, 0, 0, 0, 0, 0, 0, 0, 0, 0, 0, 0, 0, 0, 0, 0, 0, 0, 0, 0, 0, 0, 0, 0, 0, 0, 0, 0, 0, 0, 0, 0, 0, 0, 0, 0, 0, 0, 0, 0, 0, 0, 0, 0, 0, 0, 0, 0, 0, 0, 0, 0, 0, 0, 0, 0, 0, 0, 0, 0, 0, 0, 0, 0, 0, 0, 0, 0, 0, 0, 0, 0, 0, 0, 0, 0, 0, 0, 0, 0, 0, 0, 0, 0, 0, 0, 0, 0, 0, 0, 0, 0, 0, 0, 0, 0, 0, 0, 0, 0])
02-03 00:54:21.318   602 19557 D DlbDap2QmfProcess: setParam(dvle = #1[1])
02-03 00:54:21.318   602 19557 D DlbDap2QmfProcess: setParam(dvli = #1[-496])
02-03 00:54:21.318   602 19557 D DlbDap2QmfProcess: setParam(dvlo = #1[-176])
02-03 00:54:21.318   602 19557 D ARenderer: updateDapVolumeLeveler: Setting output level to -11.00dB
02-03 00:54:21.318   602 19557 D DlbDap2QmfProcess: setParam(vmb = #1[0])
02-03 00:54:21.318   602 19557 D DlbDap2QmfProcess: setParam(preg = #1[-384])
02-03 00:54:21.318   602 19557 D DlbDap2QmfProcess: setParam(vol = #1[384])
02-03 00:54:21.318   602 19557 D DlbDap2QmfProcess: setMave(mave = 0)
02-03 00:54:22.259   589  4575 D DlbDap2Process: process() called [838500] times
02-03 00:54:22.632   823   823 W WindowManager: removeWindowToken: Attempted to remove non-existing token: android.os.Binder@2792330
02-03 00:54:22.687   427   427 D SurfaceFlinger: duplicate layer name: changing Toast to Toast#1
02-03 00:54:24.662   823   823 W WindowManager: removeWindowToken: Attempted to remove non-existing token: android.os.Binder@227a63a
02-03 00:54:24.938   589  4575 D DlbDap2Process: process() called [839000] times
