02-04 23:01:43.236 28519 28519 W generic : type=1400 audit(0.0:2818): avc: denied { read } for path="/storage/emulated/0/featuretest/stereo_channel_id.wav" dev="sdcardfs" ino=523295 scontext=u:r:mediaextractor:s0 tcontext=u:object_r:sdcardfs:s0 tclass=file permissive=0
02-04 23:01:43.237   589   589 D NuPlayerDriver: NuPlayerDriver(0xe57324d0) created, clientPid(28463)
02-04 23:01:43.239 28463 28463 W MediaPlayer: Use of stream types is deprecated for operations other than volume control
02-04 23:01:43.239 28463 28463 W MediaPlayer: See the documentation of setAudioStreamType() for what to use instead with android.media.AudioAttributes to qualify your playback use case
02-04 23:01:43.242   589 28519 D GenericSource: FileSource remote
02-04 23:01:43.242   589 28519 W GenericSource: extractor service cannot make data source
02-04 23:01:43.242   589 28519 D GenericSource: FileSource local
02-04 23:01:43.264   587   693 D MediaBufferGroup: creating MemoryDealer
02-04 23:01:43.265   589 28518 D NuPlayerDriver: notifyListener_l(0xe57324d0), (1, 0, 0, -1), loop setting(0, 0)
02-04 23:01:43.269   589 26717 D NuPlayerDriver: start(0xe57324d0), state is 4, eos is 0
02-04 23:01:43.269   589 28518 I GenericSource: start
02-04 23:01:43.273 28463 28463 W DolbyAudioEffect: WARNING: attaching a DolbyAudioEffect to global output mix is deprecated!
02-04 23:01:43.278   593  1162 I OMXMaster: makeComponentInstance(OMX.google.raw.decoder) in android.hardwar process
02-04 23:01:43.283   593   593 E OMXNodeInstance: setConfig(0xf0d07120:google.raw.decoder, ConfigPriority(0x6f800002)) ERROR: Undefined(0x80001001)
02-04 23:01:43.283   589 28524 I ACodec  : codec does not support config priority (err -2147483648)
02-04 23:01:43.284   593 20870 E OMXNodeInstance: getConfig(0xf0d07120:google.raw.decoder, ConfigAndroidVendorExtension(0x6f100004)) ERROR: Undefined(0x80001001)
02-04 23:01:43.286   589 28524 I MediaCodec: MediaCodec will operate in async mode
02-04 23:01:43.286 28463 28463 D featureTest: receive broadcast , change ds status :1
02-04 23:01:43.297   589 28522 D AudioTrack: Client defaulted notificationFrames to 12000 for frameCount 24000
02-04 23:01:43.299   589 28518 D NuPlayerDriver: notifyListener_l(0xe57324d0), (6, 0, 0, -1), loop setting(0, 1)
02-04 23:01:43.301   581  5110 D DlbDlbEffect: handle_EFFECT_CMD_SET_PARAM()
02-04 23:01:43.363   581  5115 D DlbDap2Process: process() called [269000] times
02-04 23:01:43.372 28463 28463 D featureTest: receive broadcast , change ds profile id :5
02-04 23:01:43.386   581  7829 D DlbDlbEffect: handle_EFFECT_CMD_SET_PARAM()
02-04 23:01:43.447 28463 28463 D featureTest: receive broadcast , change bass enable :1
02-04 23:01:43.458   581   581 D DlbDlbEffect: handle_EFFECT_CMD_SET_PARAM()
02-04 23:01:43.475 28463 28468 I zygote64: Do partial code cache collection, code=8KB, data=14KB
02-04 23:01:43.475 28463 28468 I zygote64: After code cache collection, code=8KB, data=14KB
02-04 23:01:43.475 28463 28468 I zygote64: Increasing code cache capacity to 128KB
02-04 23:01:43.476 28463 28468 I zygote64: Do partial code cache collection, code=8KB, data=33KB
02-04 23:01:43.476 28463 28468 I zygote64: After code cache collection, code=8KB, data=33KB
02-04 23:01:43.476 28463 28468 I zygote64: Increasing code cache capacity to 256KB
02-04 23:01:43.476 28463 28468 I zygote64: Compiler allocated 8MB to compile void android.widget.TextView.<init>(android.content.Context, android.util.AttributeSet, int, int)
02-04 23:01:43.484   581  5115 I DlbEffectDap: setParam() Start crossfade with VB enabled state 1
02-04 23:01:43.484   581  5115 D DlbDapCrossfadeProcess: setEnabled transitioning from DAP_ACTIVE state to FADE_TO_BYPASS
02-04 23:01:43.485   581  5115 D DlbDapEndpointParamCache: commitChangedParams()
02-04 23:01:43.485   581  5115 D DlbDapEndpointParamCache: commit() Applying parameters for device 0x40000000
02-04 23:01:43.485   581  5115 D DlbDap2Process: setParam(iea = #1[10])
02-04 23:01:43.485   581  5115 D DlbDap2Process: setParam(msce = #1[0])
02-04 23:01:43.485   581  5115 D DlbDap2Process: setParam(mdee = #1[0])
02-04 23:01:43.485   581  5115 D DlbDap2Process: setParam(miee = #1[0])
02-04 23:01:43.485   581  5115 D DlbDap2Process: setParam(mdle = #1[0])
02-04 23:01:43.485   581  5115 D DlbDap2Process: setParam(dvle = #1[1])
02-04 23:01:43.485   581  5115 D DlbDap2Process: setParam(mave = #1[0])
02-04 23:01:43.485   581  5115 D DlbDap2Process: setParam(vcbf = #20[47, 141, 234, 328, 469, 656, 844, 1031, 1313, 1688, 2250, 3000, 3750, 4688, 5813, 7125, 9000, 11250, 13875, 19688])
02-04 23:01:43.485   581  5115 D DlbDap2Process: setParam(vbon = #1[1])
02-04 23:01:43.485   581  5115 D DlbDap2Process: setParam(beon = #1[1])
02-04 23:01:43.485   581  5115 D DlbDap2Process: setParam(geon = #1[0])
02-04 23:01:43.485   581  5115 D DlbDap2Process: setParam(ieon = #1[0])
02-04 23:01:43.485   581  5115 D DlbDap2Process: setParam(gebs = #41[20, 47, 141, 234, 328, 469, 656, 844, 1031, 1313, 1688, 2250, 3000, 3750, 4688, 5813, 7125, 9000, 11250, 13875, 19688, 0, 0, 0, 0, 0, 0, 0, 0, 0, 0, 0, 0, 0, 0, 0, 0, 0, 0, 0, 0])
02-04 23:01:43.486   581  5115 D DlbDap2Process: setParam(iebs = #41[20, 65, 136, 223, 332, 467, 634, 841, 1098, 1416, 1812, 2302, 2909, 3663, 4598, 5756, 7194, 8976, 11186, 13927, 17326, 117, 133, 188, 176, 141, 149, 175, 185, 185, 200, 236, 242, 228, 213, 182, 132, 110, 68, -27, -240])
02-04 23:01:43.486   581  5115 D DlbDapEndpointParamCache: doCommit() Committed 15 parameters out of 16.
02-04 23:01:43.486   581  5115 D DlbDapEndpointParamCache: commit() Overriding parameters for current device 0x00000002
02-04 23:01:43.486   581  5115 D DlbDap2Process: setParam(dea = #1[7])
02-04 23:01:43.486   581  5115 D DlbDap2Process: setParam(dsa = #1[10])
02-04 23:01:43.486   581  5115 D DlbDap2Process: setParam(beb = #1[192])
02-04 23:01:43.486   581  5115 D DlbDap2Process: setParam(plb = #1[0])
02-04 23:01:43.486   581  5115 D DlbDap2Process: setParam(vmb = #1[144])
02-04 23:01:43.486   581  5115 D DlbDap2Process: setParam(dsb = #1[48])
02-04 23:01:43.486   581  5115 D DlbDap2Process: setParam(ded = #1[0])
02-04 23:01:43.486   581  5115 D DlbDap2Process: setParam(vbm = #1[3])
02-04 23:01:43.486   581  5115 D DlbDap2Process: setParam(dom = #1[0])
02-04 23:01:43.486   581  5115 D DlbDap2Process: setParam(bew = #1[16])
02-04 23:01:43.486   581  5115 D DlbDap2Process: setParam(dvla = #1[5])
02-04 23:01:43.486   581  5115 D DlbDap2Process: setParam(arra = #1[96])
02-04 23:01:43.486   581  5115 D DlbDap2Process: setParam(dfsa = #1[10])
02-04 23:01:43.486   581  5115 D DlbDap2Process: setParam(dhsa = #1[10])
02-04 23:01:43.486   581  5115 D DlbDap2Process: setParam(dvmc = #1[0])
02-04 23:01:43.486   581  5115 D DlbDap2Process: setParam(arod = #1[0])
02-04 23:01:43.486   581  5115 D DlbDap2Process: setParam(arde = #1[1])
02-04 23:01:43.486   581  5115 D DlbDap2Process: setParam(dvle = #1[1])
02-04 23:01:43.486   581  5115 D DlbDap2Process: setParam(dvme = #1[0])
02-04 23:01:43.486   581  5115 D DlbDap2Process: setParam(becf = #1[200])
02-04 23:01:43.486   581  5115 D DlbDap2Process: setParam(vbmf = #2[94, 469])
02-04 23:01:43.486   581  5115 D DlbDap2Process: setParam(vbsf = #2[35, 160])
02-04 23:01:43.486   581  5115 D DlbDap2Process: setParam(vbhg = #3[-32, -144, -192])
02-04 23:01:43.486   581  5115 D DlbDap2Process: setParam(vbog = #1[0])
02-04 23:01:43.486   581  5115 D DlbDap2Process: setParam(vbsg = #1[0])
02-04 23:01:43.486   581  5115 D DlbDap2Process: setParam(dvli = #1[-320])
02-04 23:01:43.486   581  5115 D DlbDap2Process: setParam(dhfm = #1[2])
02-04 23:01:43.486   581  5115 D DlbDap2Process: setParam(vbon = #1[1])
02-04 23:01:43.486   581  5115 D DlbDap2Process: setParam(beon = #1[1])
02-04 23:01:43.486   581  5115 D DlbDap2Process: setParam(deon = #1[0])
02-04 23:01:43.486   581  5115 D DlbDap2Process: setParam(ngon = #1[1])
02-04 23:01:43.486   581  5115 D DlbDap2Process: setParam(aoon = #1[1])
02-04 23:01:43.486   581  5115 D DlbDap2Process: setParam(aron = #1[1])
02-04 23:01:43.486   581  5115 D DlbDap2Process: setParam(dvlo = #1[-320])
02-04 23:01:43.486   581  5115 D DlbDap2Process: setParam(artp = #1[12])
02-04 23:01:43.487   581  5115 D DlbDap2Process: setParam(aobs = #222[20, 10, 47, 141, 234, 328, 469, 656, 844, 1031, 1313, 1688, 2250, 3000, 3750, 4688, 5813, 7125, 9000, 11250, 13875, 19688, 0, 0, 0, 0, 0, 0, 0, 0, 0, 0, 0, 0, 0, 0, 0, 0, 0, 0, 0, 0, 0, 0, 0, 0, 0, 0, 0, 0, 0, 0, 0, 0, 0, 0, 0, 0, 0, 0, 0, 0, 0, 0, 0, 0, 0, 0, 0, 0, 0, 0, 0, 0, 0, 0, 0, 0, 0, 0, 0, 0, 0, 0, 0, 0, 0, 0, 0, 0, 0, 0, 0, 0, 0, 0, 0, 0, 0, 0, 0, 0, 0, 0, 0, 0, 0, 0, 0, 0, 0, 0, 0, 0, 0, 0, 0, 0, 0, 0, 0, 0, 0, 0, 0, 0, 0, 0, 0, 0, 0, 0, 0, 0, 0, 0, 0, 0, 0, 0, 0, 0, 0, 0, 0, 0, 0, 0, 0, 0, 0, 0, 0, 0, 0, 0, 0, 0, 0, 0, 0, 0, 0, 0, 0, 0, 0, 0, 0, 0, 0, 0, 0, 0, 0, 0, 0, 0, 0, 0, 0, 0, 0, 0, 0, 0, 0, 0, 0, 0, 0, 0, 0, 0, 0, 0, 0, 0, 0, 0, 0, 0, 0, 0, 0, 0, 0, 0, 0, 0, 0, 0, 0, 0, 0, 0, 0, 0, 0, 0, 0, 0])
02-04 23:01:43.487   581  5115 D DlbDap2Process: setParam(arbs = #81[20, 47, 141, 234, 328, 469, 656, 844, 1031, 1313, 1688, 2250, 3000, 3750, 4688, 5813, 7125, 9000, 11250, 13875, 19688, -192, -192, -192, -192, -192, -192, -192, -192, -192, -192, -192, -192, -192, -192, -192, -192, -192, -192, -192, -192, 0, 0, 0, 0, 0, 0, 0, 0, 0, 0, 0, 0, 0, 0, 0, 0, 0, 0, 0, 0, 0, 0, 0, 0, 0, 0, 0, 0, 0, 0, 0, 0, 0, 0, 0, 0, 0, 0, 0, 0])
02-04 23:01:43.487   581  5115 D DlbDapEndpointParamCache: doCommit() Committed 37 parameters out of 37.
02-04 23:01:43.487   581  5115 D DlbDap2Process: setMave(mave = 0)
02-04 23:01:43.519 28463 28463 D featureTest: receive broadcast , record log :0
02-04 23:01:43.564   581  5115 D DlbDapCrossfadeProcess: process transitioning from FADE_TO_BYPASS state to DAP_BYPASSED
02-04 23:01:43.603   581  5115 I DlbEffectDap: setVbEnabled() Reset DAP with VB enabled state 1
02-04 23:01:43.603   581  5115 I DlbDapCrossfadeProcess: reset()
02-04 23:01:43.603   581  5115 I DlbDapBufferAdapter: reset()
02-04 23:01:43.603   581  5115 I DlbDap2Process: close()
02-04 23:01:43.603   581  5115 I DlbDap2Process: init()
02-04 23:01:43.603   581  5115 I DlbDap2Process: open()
02-04 23:01:43.605   581  5115 I DlbDap2Process: loadLicense() no license check!
02-04 23:01:43.605   581  5115 I DlbDap2Process: validateLicense() no license check!
02-04 23:01:43.605   581  5115 I DlbDap2Process: init() DAP opened
02-04 23:01:43.605   581  5115 I DlbDap2Process: DAP library version: 2.5.1-P2.0
02-04 23:01:43.605   581  5115 D DlbDap2Process: DAP output mode set to 1 with 2 output channels and null mix matrix.
02-04 23:01:43.605   581  5115 D DlbDapEndpointParamCache: commitAllParams()
02-04 23:01:43.605   581  5115 D DlbDapEndpointParamCache: commit() Applying parameters for device 0x40000000
02-04 23:01:43.605   581  5115 D DlbDap2Process: setParam(iea = #1[10])
02-04 23:01:43.605   581  5115 D DlbDap2Process: setParam(msce = #1[0])
02-04 23:01:43.606   581  5115 D DlbDap2Process: setParam(mdee = #1[0])
02-04 23:01:43.606   581  5115 D DlbDap2Process: setParam(miee = #1[0])
02-04 23:01:43.606   581  5115 D DlbDap2Process: setParam(mdle = #1[0])
02-04 23:01:43.606   581  5115 D DlbDap2Process: setParam(dvle = #1[1])
02-04 23:01:43.606   581  5115 D DlbDap2Process: setParam(mave = #1[0])
02-04 23:01:43.606   581  5115 D DlbDap2Process: setParam(vcbf = #20[47, 141, 234, 328, 469, 656, 844, 1031, 1313, 1688, 2250, 3000, 3750, 4688, 5813, 7125, 9000, 11250, 13875, 19688])
02-04 23:01:43.606   581  5115 D DlbDap2Process: setParam(preg = #1[-758])
02-04 23:01:43.606   581  5115 D DlbDap2Process: setParam(vbon = #1[1])
02-04 23:01:43.606   581  5115 D DlbDap2Process: setParam(beon = #1[1])
02-04 23:01:43.607   581  5115 D DlbDap2Process: setParam(geon = #1[0])
02-04 23:01:43.607   581  5115 D DlbDap2Process: setParam(ieon = #1[0])
02-04 23:01:43.607   581  5115 D DlbDap2Process: setParam(gebs = #41[20, 47, 141, 234, 328, 469, 656, 844, 1031, 1313, 1688, 2250, 3000, 3750, 4688, 5813, 7125, 9000, 11250, 13875, 19688, 0, 0, 0, 0, 0, 0, 0, 0, 0, 0, 0, 0, 0, 0, 0, 0, 0, 0, 0, 0])
02-04 23:01:43.608   581  5115 D DlbDap2Process: setParam(iebs = #41[20, 65, 136, 223, 332, 467, 634, 841, 1098, 1416, 1812, 2302, 2909, 3663, 4598, 5756, 7194, 8976, 11186, 13927, 17326, 117, 133, 188, 176, 141, 149, 175, 185, 185, 200, 236, 242, 228, 213, 182, 132, 110, 68, -27, -240])
02-04 23:01:43.608   581  5115 D DlbDapEndpointParamCache: doCommit() Committed 16 parameters out of 16.
02-04 23:01:43.608   581  5115 D DlbDapEndpointParamCache: commit() Overriding parameters for current device 0x00000002
02-04 23:01:43.608   581  5115 D DlbDap2Process: setParam(dea = #1[7])
02-04 23:01:43.608   581  5115 D DlbDap2Process: setParam(dsa = #1[10])
02-04 23:01:43.608   581  5115 D DlbDap2Process: setParam(beb = #1[192])
02-04 23:01:43.608   581  5115 D DlbDap2Process: setParam(plb = #1[0])
02-04 23:01:43.608   581  5115 D DlbDap2Process: setParam(vmb = #1[144])
02-04 23:01:43.608   581  5115 D DlbDap2Process: setParam(dsb = #1[48])
02-04 23:01:43.609   581  5115 D DlbDap2Process: setParam(ded = #1[0])
02-04 23:01:43.609   581  5115 D DlbDap2Process: setParam(vbm = #1[3])
02-04 23:01:43.609   581  5115 D DlbDap2Process: setParam(dom = #1[0])
02-04 23:01:43.609   581  5115 D DlbDap2Process: setParam(bew = #1[16])
02-04 23:01:43.609   581  5115 D DlbDap2Process: setParam(dvla = #1[5])
02-04 23:01:43.609   581  5115 D DlbDap2Process: setParam(arra = #1[96])
02-04 23:01:43.609   581  5115 D DlbDap2Process: setParam(dfsa = #1[10])
02-04 23:01:43.609   581  5115 D DlbDap2Process: setParam(dhsa = #1[10])
02-04 23:01:43.609   581  5115 D DlbDap2Process: setParam(dvmc = #1[0])
02-04 23:01:43.609   581  5115 D DlbDap2Process: setParam(arod = #1[0])
02-04 23:01:43.609   581  5115 D DlbDap2Process: setParam(arde = #1[1])
02-04 23:01:43.609   581  5115 D DlbDap2Process: setParam(dvle = #1[1])
02-04 23:01:43.610   581  5115 D DlbDap2Process: setParam(dvme = #1[0])
02-04 23:01:43.610   581  5115 D DlbDap2Process: setParam(becf = #1[200])
02-04 23:01:43.610   581  5115 D DlbDap2Process: setParam(vbmf = #2[94, 469])
02-04 23:01:43.610   581  5115 D DlbDap2Process: setParam(vbsf = #2[35, 160])
02-04 23:01:43.610   581  5115 D DlbDap2Process: setParam(vbhg = #3[-32, -144, -192])
02-04 23:01:43.610   581  5115 D DlbDap2Process: setParam(vbog = #1[0])
02-04 23:01:43.610   581  5115 D DlbDap2Process: setParam(vbsg = #1[0])
02-04 23:01:43.610   581  5115 D DlbDap2Process: setParam(dvli = #1[-320])
02-04 23:01:43.610   581  5115 D DlbDap2Process: setParam(dhfm = #1[2])
02-04 23:01:43.610   581  5115 D DlbDap2Process: setParam(vbon = #1[1])
02-04 23:01:43.610   581  5115 D DlbDap2Process: setParam(beon = #1[1])
02-04 23:01:43.611   581  5115 D DlbDap2Process: setParam(deon = #1[0])
02-04 23:01:43.611   581  5115 D DlbDap2Process: setParam(ngon = #1[1])
02-04 23:01:43.611   581  5115 D DlbDap2Process: setParam(aoon = #1[1])
02-04 23:01:43.611   581  5115 D DlbDap2Process: setParam(aron = #1[1])
02-04 23:01:43.611   581  5115 D DlbDap2Process: setParam(dvlo = #1[-320])
02-04 23:01:43.611   581  5115 D DlbDap2Process: setParam(artp = #1[12])
02-04 23:01:43.613   581  5115 D DlbDap2Process: setParam(aobs = #222[20, 10, 47, 141, 234, 328, 469, 656, 844, 1031, 1313, 1688, 2250, 3000, 3750, 4688, 5813, 7125, 9000, 11250, 13875, 19688, 0, 0, 0, 0, 0, 0, 0, 0, 0, 0, 0, 0, 0, 0, 0, 0, 0, 0, 0, 0, 0, 0, 0, 0, 0, 0, 0, 0, 0, 0, 0, 0, 0, 0, 0, 0, 0, 0, 0, 0, 0, 0, 0, 0, 0, 0, 0, 0, 0, 0, 0, 0, 0, 0, 0, 0, 0, 0, 0, 0, 0, 0, 0, 0, 0, 0, 0, 0, 0, 0, 0, 0, 0, 0, 0, 0, 0, 0, 0, 0, 0, 0, 0, 0, 0, 0, 0, 0, 0, 0, 0, 0, 0, 0, 0, 0, 0, 0, 0, 0, 0, 0, 0, 0, 0, 0, 0, 0, 0, 0, 0, 0, 0, 0, 0, 0, 0, 0, 0, 0, 0, 0, 0, 0, 0, 0, 0, 0, 0, 0, 0, 0, 0, 0, 0, 0, 0, 0, 0, 0, 0, 0, 0, 0, 0, 0, 0, 0, 0, 0, 0, 0, 0, 0, 0, 0, 0, 0, 0, 0, 0, 0, 0, 0, 0, 0, 0, 0, 0, 0, 0, 0, 0, 0, 0, 0, 0, 0, 0, 0, 0, 0, 0, 0, 0, 0, 0, 0, 0, 0, 0, 0, 0, 0, 0, 0, 0, 0, 0, 0])
02-04 23:01:43.614   581  5115 D DlbDap2Process: setParam(arbs = #81[20, 47, 141, 234, 328, 469, 656, 844, 1031, 1313, 1688, 2250, 3000, 3750, 4688, 5813, 7125, 9000, 11250, 13875, 19688, -192, -192, -192, -192, -192, -192, -192, -192, -192, -192, -192, -192, -192, -192, -192, -192, -192, -192, -192, -192, 0, 0, 0, 0, 0, 0, 0, 0, 0, 0, 0, 0, 0, 0, 0, 0, 0, 0, 0, 0, 0, 0, 0, 0, 0, 0, 0, 0, 0, 0, 0, 0, 0, 0, 0, 0, 0, 0, 0, 0])
02-04 23:01:43.614   581  5115 D DlbDapEndpointParamCache: doCommit() Committed 37 parameters out of 37.
02-04 23:01:43.614   581  5115 D DlbDapCrossfadeProcess: setEnabled transitioning from DAP_BYPASSED state to PREROLL_ACTIVE
02-04 23:01:43.643   581  5115 D DlbDap2Process: setMave(mave = 0)
02-04 23:01:43.691   581  5115 D DlbDapCrossfadeProcess: process transitioning from PREROLL_ACTIVE state to FADE_TO_ACTIVE
02-04 23:01:43.813   581  5115 D DlbDapCrossfadeProcess: process transitioning from FADE_TO_ACTIVE state to DAP_ACTIVE
02-04 23:01:44.954   816   816 W WindowManager: removeWindowToken: Attempted to remove non-existing token: android.os.Binder@29be6ef
02-04 23:01:45.004   429   429 D SurfaceFlinger: duplicate layer name: changing Toast to Toast#1
02-04 23:01:45.207   571   940 E QC-QMI  : linux_qmi_qmux_io_wake_lock: Err in writing wakelock=qmuxd_port_wl_0, error [1:Operation not permitted]
02-04 23:01:45.207   571   940 E QC-QMI  : linux_qmi_qmux_io_wake_unlock: Err in writing wakelock=qmuxd_port_wl_0, error [1:Operation not permitted]
02-04 23:01:46.051   581  5115 D DlbDap2Process: process() called [269500] times
02-04 23:01:46.977   816   816 W WindowManager: removeWindowToken: Attempted to remove non-existing token: android.os.Binder@9a1f401
