--------- beginning of system
02-04 23:02:32.598   816  2356 I ActivityManager: Force stopping com.dolby.qa.featuretest appid=10074 user=0: from pid 28954
02-04 23:02:32.599   816  2356 I ActivityManager: Killing 28877:com.dolby.qa.featuretest/u0a74 (adj 0): stop com.dolby.qa.featuretest
02-04 23:02:32.600   816  2356 W ActivityManager: Force removing ActivityRecord{4970151 u0 com.dolby.qa.featuretest/.MainActivity t188}: app died, no saved state
02-04 23:02:32.605   816  2356 I WindowManager: Failed to capture screenshot of Token{c586db6 ActivityRecord{4970151 u0 com.dolby.qa.featuretest/.MainActivity t188 f}} appWin=Window{de7f9b5 u0 com.dolby.qa.featuretest/com.dolby.qa.featuretest.MainActivity} drawState=4
--------- beginning of main
02-04 23:02:32.617   816   843 E JavaBinder: !!! FAILED BINDER TRANSACTION !!!  (parcel size = 60)
02-04 23:02:32.624   816   894 W InputDispatcher: channel 'c845b9b Toast (server)' ~ Consumer closed input channel or an error occurred.  events=0x9
02-04 23:02:32.624   816   894 E InputDispatcher: channel 'c845b9b Toast (server)' ~ Channel is unrecoverably broken and will be disposed!
02-04 23:02:32.625   589   589 D NuPlayerDriver: reset(0xe57321c0) at state 5
02-04 23:02:32.625   816  1084 I WindowManager: WIN DEATH: Window{c845b9b u0 Toast}
02-04 23:02:32.625   816  1084 W InputDispatcher: Attempted to unregister already unregistered input channel 'c845b9b Toast (server)'
02-04 23:02:32.625   589   589 D NuPlayerDriver: notifyListener_l(0xe57321c0), (8, 0, 0, -1), loop setting(0, 1)
02-04 23:02:32.626   581  5355 D AudioFlinger: trackStateChanged() Track id 542 state changed to 6
02-04 23:02:32.630   593   712 I DDP_JOCDecoder: -> ~DDPDecoder
02-04 23:02:32.630   593   712 I DDP_JOCDecoder: -> stop
02-04 23:02:32.630   593   712 I DDP_JOCDecoder: <- stop
02-04 23:02:32.630   593   712 I ARenderer: ~ARenderer
02-04 23:02:32.630   593   712 I evo_parser: evo_parser_close
02-04 23:02:32.631   593   712 I DlbDap2QmfProcess: ~Dap2Process()
02-04 23:02:32.631   593   712 I DlbDap2QmfProcess: close()
02-04 23:02:32.631   593   712 I DDP_JOCDecoder: <- ~DDPDecoder
02-04 23:02:32.642   589 28906 D NuPlayerDriver: notifyResetComplete(0xe57321c0)
02-04 23:02:32.642  1232  1232 D CarrierSvcBindHelper: No carrier app for: 0
02-04 23:02:32.645   589   589 D AudioTrack: stop() called with 0 frames delivered
02-04 23:02:32.645  2298  2298 D RegisteredNfcFServicesCache: Service unchanged, not updating
02-04 23:02:32.651   581   761 D AudioFlinger: trackStateChanged() Track id 542 state changed to 2
02-04 23:02:32.651   581   761 I AudioFlinger: updateProcessedAudioState() Changing content processing in effect to 0
02-04 23:02:32.651   581   761 D DlbDlbEffect: handle_EFFECT_CMD_SET_PARAM()
02-04 23:02:32.654   581   761 I DlbEffectContext: setContentProcEnabled() Enabling content processing in global effect
02-04 23:02:32.654   581   761 D DlbDapEndpointParamCache: commitChangedParams()
02-04 23:02:32.654   581   761 D DlbDapEndpointParamCache: commit() Applying parameters for device 0x40000000
02-04 23:02:32.654   581   761 D DlbDap2Process: setParam(iea = #1[10])
02-04 23:02:32.654   581   761 D DlbDap2Process: setParam(msce = #1[0])
02-04 23:02:32.654   581   761 D DlbDap2Process: setParam(mdee = #1[0])
02-04 23:02:32.654   581   761 D DlbDap2Process: setParam(miee = #1[0])
02-04 23:02:32.654   581   761 D DlbDap2Process: setParam(mdle = #1[0])
02-04 23:02:32.654   581   761 D DlbDap2Process: setParam(dvle = #1[1])
02-04 23:02:32.654   581   761 D DlbDap2Process: setParam(mave = #1[0])
02-04 23:02:32.654   581   761 D DlbDap2Process: setParam(vcbf = #20[47, 141, 234, 328, 469, 656, 844, 1031, 1313, 1688, 2250, 3000, 3750, 4688, 5813, 7125, 9000, 11250, 13875, 19688])
02-04 23:02:32.654   581   761 D DlbDap2Process: setParam(vbon = #1[0])
02-04 23:02:32.654   581   761 D DlbDap2Process: setParam(beon = #1[0])
02-04 23:02:32.654   581   761 D DlbDap2Process: setParam(geon = #1[0])
02-04 23:02:32.655   581   761 D DlbDap2Process: setParam(ieon = #1[0])
02-04 23:02:32.655   581   761 D DlbDap2Process: setParam(gebs = #41[20, 47, 141, 234, 328, 469, 656, 844, 1031, 1313, 1688, 2250, 3000, 3750, 4688, 5813, 7125, 9000, 11250, 13875, 19688, 0, 0, 0, 0, 0, 0, 0, 0, 0, 0, 0, 0, 0, 0, 0, 0, 0, 0, 0, 0])
02-04 23:02:32.655   581   761 D DlbDap2Process: setParam(iebs = #41[20, 65, 136, 223, 332, 467, 634, 841, 1098, 1416, 1812, 2302, 2909, 3663, 4598, 5756, 7194, 8976, 11186, 13927, 17326, 117, 133, 188, 176, 141, 149, 175, 185, 185, 200, 236, 242, 228, 213, 182, 132, 110, 68, -27, -240])
02-04 23:02:32.655   581   761 D DlbDapEndpointParamCache: doCommit() Committed 15 parameters out of 16.
02-04 23:02:32.655   581   761 D DlbDapEndpointParamCache: commit() Overriding parameters for current device 0x00000002
02-04 23:02:32.655   581   761 D DlbDap2Process: setParam(dea = #1[5])
02-04 23:02:32.655   581   761 D DlbDap2Process: setParam(dsa = #1[10])
02-04 23:02:32.655   581   761 D DlbDap2Process: setParam(beb = #1[192])
02-04 23:02:32.655   581   761 D DlbDap2Process: setParam(plb = #1[0])
02-04 23:02:32.655   581   761 D DlbDap2Process: setParam(vmb = #1[144])
02-04 23:02:32.655   581   761 D DlbDap2Process: setParam(dsb = #1[96])
02-04 23:02:32.655   581   761 D DlbDap2Process: setParam(ded = #1[0])
02-04 23:02:32.655   581   761 D DlbDap2Process: setParam(vbm = #1[3])
02-04 23:02:32.655   581   761 D DlbDap2Process: DAP output mode set to 11 with 2 output channels and custom mix matrix.
02-04 23:02:32.655   581   761 D DlbDap2Process: setParam(dom = #17[1, 16384, 0, 0, 16384, 11583, 11583, 8192, 8192, 16384, 0, 0, 16384, 16384, 0, 0, 16384])
02-04 23:02:32.655   581   761 D DlbDap2Process: setParam(bew = #1[16])
02-04 23:02:32.655   581   761 D DlbDap2Process: setParam(dvla = #1[7])
02-04 23:02:32.655   581   761 D DlbDap2Process: setParam(arra = #1[96])
02-04 23:02:32.655   581   761 D DlbDap2Process: setParam(dfsa = #1[10])
02-04 23:02:32.655   581   761 D DlbDap2Process: setParam(dhsa = #1[10])
02-04 23:02:32.655   581   761 D DlbDap2Process: setParam(dvmc = #1[0])
02-04 23:02:32.655   581   761 D DlbDap2Process: setParam(arod = #1[0])
02-04 23:02:32.656   581   761 D DlbDap2Process: setParam(arde = #1[1])
02-04 23:02:32.656   581   761 D DlbDap2Process: setParam(dvle = #1[1])
02-04 23:02:32.656   581   761 D DlbDap2Process: setParam(dvme = #1[0])
02-04 23:02:32.656   581   761 D DlbDap2Process: setParam(becf = #1[200])
02-04 23:02:32.656   581   761 D DlbDap2Process: setParam(vbmf = #2[94, 469])
02-04 23:02:32.656   581   761 D DlbDap2Process: setParam(vbsf = #2[35, 160])
02-04 23:02:32.656   581   761 D DlbDap2Process: setParam(vbhg = #3[-32, -144, -192])
02-04 23:02:32.656   581   761 D DlbDap2Process: setParam(vbog = #1[0])
02-04 23:02:32.656   581   761 D DlbDap2Process: setParam(vbsg = #1[0])
02-04 23:02:32.656   581   761 D DlbDap2Process: setParam(dvli = #1[-320])
02-04 23:02:32.656   581   761 D DlbDap2Process: setParam(dhfm = #1[2])
02-04 23:02:32.656   581   761 D DlbDap2Process: setParam(vbon = #1[0])
02-04 23:02:32.656   581   761 D DlbDap2Process: setParam(beon = #1[0])
02-04 23:02:32.656   581   761 D DlbDap2Process: setParam(deon = #1[1])
02-04 23:02:32.656   581   761 D DlbDap2Process: setParam(ngon = #1[1])
02-04 23:02:32.656   581   761 D DlbDap2Process: setParam(aoon = #1[1])
02-04 23:02:32.656   581   761 D DlbDap2Process: setParam(aron = #1[1])
02-04 23:02:32.656   581   761 D DlbDap2Process: setParam(dvlo = #1[-320])
02-04 23:02:32.656   581   761 D DlbDap2Process: setParam(artp = #1[12])
02-04 23:02:32.657   581   761 D DlbDap2Process: setParam(aobs = #222[20, 10, 47, 141, 234, 328, 469, 656, 844, 1031, 1313, 1688, 2250, 3000, 3750, 4688, 5813, 7125, 9000, 11250, 13875, 19688, 0, 0, 0, 0, 0, 0, 0, 0, 0, 0, 0, 0, 0, 0, 0, 0, 0, 0, 0, 0, 0, 0, 0, 0, 0, 0, 0, 0, 0, 0, 0, 0, 0, 0, 0, 0, 0, 0, 0, 0, 0, 0, 0, 0, 0, 0, 0, 0, 0, 0, 0, 0, 0, 0, 0, 0, 0, 0, 0, 0, 0, 0, 0, 0, 0, 0, 0, 0, 0, 0, 0, 0, 0, 0, 0, 0, 0, 0, 0, 0, 0, 0, 0, 0, 0, 0, 0, 0, 0, 0, 0, 0, 0, 0, 0, 0, 0, 0, 0, 0, 0, 0, 0, 0, 0, 0, 0, 0, 0, 0, 0, 0, 0, 0, 0, 0, 0, 0, 0, 0, 0, 0, 0, 0, 0, 0, 0, 0, 0, 0, 0, 0, 0, 0, 0, 0, 0, 0, 0, 0, 0, 0, 0, 0, 0, 0, 0, 0, 0, 0, 0, 0, 0, 0, 0, 0, 0, 0, 0, 0, 0, 0, 0, 0, 0, 0, 0, 0, 0, 0, 0, 0, 0, 0, 0, 0, 0, 0, 0, 0, 0, 0, 0, 0, 0, 0, 0, 0, 0, 0, 0, 0, 0, 0, 0, 0, 0, 0, 0, 0])
02-04 23:02:32.657   581   761 D DlbDap2Process: setParam(arbs = #81[20, 47, 141, 234, 328, 469, 656, 844, 1031, 1313, 1688, 2250, 3000, 3750, 4688, 5813, 7125, 9000, 11250, 13875, 19688, -192, -192, -192, -192, -192, -192, -192, -192, -192, -192, -192, -192, -192, -192, -192, -192, -192, -192, -192, -192, 0, 0, 0, 0, 0, 0, 0, 0, 0, 0, 0, 0, 0, 0, 0, 0, 0, 0, 0, 0, 0, 0, 0, 0, 0, 0, 0, 0, 0, 0, 0, 0, 0, 0, 0, 0, 0, 0, 0, 0])
02-04 23:02:32.657   581   761 D DlbDapEndpointParamCache: doCommit() Committed 37 parameters out of 37.
02-04 23:02:32.668   581   761 D AudioFlinger: trackDestroyed() Track id 542 no longer contains processed audio
02-04 23:02:32.668   581  5115 D DlbDap2Process: setMave(mave = 0)
02-04 23:02:32.707   816  2363 I ActivityManager: START u0 {flg=0x10000000 cmp=com.dolby.qa.featuretest/.MainActivity} from uid 2000
02-04 23:02:32.750   816   828 I ActivityManager: Start proc 28960:com.dolby.qa.featuretest/u0a74 for activity com.dolby.qa.featuretest/.MainActivity
02-04 23:02:32.752 28960 28960 I zygote64: Late-enabling -Xcheck:jni
02-04 23:02:32.896 28748 28748 W Atfwd_Sendcmd: AtCmdFwd service not published, waiting... retryCnt : 3
02-04 23:02:32.953 28960 28960 D featureTest: onCreate
02-04 23:02:33.024   581   761 D audio_hw_primary: disable_audio_route: usecase(1) reset and update mixer path: low-latency-playback speaker
02-04 23:02:33.035   581   761 D audio_hw_primary: disable_snd_device: snd_device(2: speaker)
02-04 23:02:33.048 28960 28960 D AudioTrack: Client defaulted notificationFrames to 962 for frameCount 1924
02-04 23:02:33.056 28960 28960 W AudioTrack: Use of stream types is deprecated for operations other than volume control
02-04 23:02:33.057 28960 28960 W AudioTrack: See the documentation of AudioTrack() for what to use instead with android.media.AudioAttributes to qualify your playback use case
02-04 23:02:33.072 28960 28960 W DolbyAudioEffect: WARNING: attaching a DolbyAudioEffect to global output mix is deprecated!
02-04 23:02:33.083 28960 28960 D featureTest: onResume
02-04 23:02:33.101 28960 28977 D OpenGLRenderer: HWUI GL Pipeline
02-04 23:02:33.174   816   843 W ActivityManager: setHasOverlayUi called on unknown pid: 28877
02-04 23:02:33.205 28960 28977 I Adreno  : QUALCOMM build                   : 7142022, Ib5823dd10c
02-04 23:02:33.205 28960 28977 I Adreno  : Build Date                       : 06/23/17
02-04 23:02:33.205 28960 28977 I Adreno  : OpenGL ES Shader Compiler Version: EV031.18.00.00
02-04 23:02:33.205 28960 28977 I Adreno  : Local Branch                     : O11A
02-04 23:02:33.205 28960 28977 I Adreno  : Remote Branch                    : 
02-04 23:02:33.205 28960 28977 I Adreno  : Remote Branch                    : 
02-04 23:02:33.205 28960 28977 I Adreno  : Reconstruct Branch               : 
02-04 23:02:33.205 28960 28977 I vndksupport: sphal namespace is not configured for this process. Loading /vendor/lib64/hw/gralloc.msm8994.so from the current namespace instead.
02-04 23:02:33.214 28960 28977 I Adreno  : PFP: 0x00000000, ME: 0x00000000
02-04 23:02:33.221 28960 28977 I OpenGLRenderer: Initialized EGL, version 1.4
02-04 23:02:33.221 28960 28977 D OpenGLRenderer: Swap behavior 2
02-04 23:02:33.247   365   365 W /system/bin/hwservicemanager: getTransportFromManifest: Cannot find entry android.hardware.graphics.mapper@2.0::IMapper in either framework or device manifest, using default transport.
02-04 23:02:33.251 28960 28977 I vndksupport: sphal namespace is not configured for this process. Loading /vendor/lib64/hw/gralloc.msm8994.so from the current namespace instead.
02-04 23:02:33.275   816   843 I ActivityManager: Displayed com.dolby.qa.featuretest/.MainActivity: +537ms
02-04 23:02:33.433   816   816 W NotificationService: Object died trying to hide notification android.app.ITransientNotification$Stub$Proxy@fe4816b in package com.dolby.qa.featuretest
02-04 23:02:33.433   816   816 W WindowManager: removeWindowToken: Attempted to remove non-existing token: android.os.Binder@b187695
02-04 23:02:33.553  2401  2517 W OpenGLRenderer: Incorrectly called buildLayer on View: ShortcutAndWidgetContainer, destroying layer...
02-04 23:02:33.801 28960 28960 D featureTest: receive broadcast , playing content location :/sdcard/featureTest/2ch_channel_id.wav
02-04 23:02:33.810 28960 28960 D featureTest: mMediaPlayer.getAudioSessionId(): 3945
02-04 23:02:33.810 28960 28960 D featureTest: Playing file: /sdcard/featureTest/2ch_channel_id.wav
02-04 23:02:33.812   589  1183 D NuPlayerDriver: NuPlayerDriver(0xe3e610e0) created, clientPid(28960)
02-04 23:02:33.813 28991 28991 W generic : type=1400 audit(0.0:2826): avc: denied { read } for path="/storage/emulated/0/featuretest/2ch_channel_id.wav" dev="sdcardfs" ino=523313 scontext=u:r:mediaextractor:s0 tcontext=u:object_r:sdcardfs:s0 tclass=file permissive=0
02-04 23:02:33.814 28960 28960 W MediaPlayer: Use of stream types is deprecated for operations other than volume control
02-04 23:02:33.814 28960 28960 W MediaPlayer: See the documentation of setAudioStreamType() for what to use instead with android.media.AudioAttributes to qualify your playback use case
02-04 23:02:33.817   589 28991 D GenericSource: FileSource remote
02-04 23:02:33.817   589 28991 W GenericSource: extractor service cannot make data source
02-04 23:02:33.817   589 28991 D GenericSource: FileSource local
02-04 23:02:33.840   587   587 D MediaBufferGroup: creating MemoryDealer
02-04 23:02:33.841   589 28988 D NuPlayerDriver: notifyListener_l(0xe3e610e0), (1, 0, 0, -1), loop setting(0, 0)
02-04 23:02:33.850   589  1183 D NuPlayerDriver: start(0xe3e610e0), state is 4, eos is 0
02-04 23:02:33.850   589 28988 I GenericSource: start
02-04 23:02:33.855 28960 28960 W DolbyAudioEffect: WARNING: attaching a DolbyAudioEffect to global output mix is deprecated!
02-04 23:02:33.858   593  1188 I OMXMaster: makeComponentInstance(OMX.google.raw.decoder) in android.hardwar process
02-04 23:02:33.862   593  5353 E OMXNodeInstance: setConfig(0xf10a2ea0:google.raw.decoder, ConfigPriority(0x6f800002)) ERROR: Undefined(0x80001001)
02-04 23:02:33.863   589 28996 I ACodec  : codec does not support config priority (err -2147483648)
02-04 23:02:33.863   593  1187 E OMXNodeInstance: getConfig(0xf10a2ea0:google.raw.decoder, ConfigAndroidVendorExtension(0x6f100004)) ERROR: Undefined(0x80001001)
02-04 23:02:33.864   589 28996 I MediaCodec: MediaCodec will operate in async mode
02-04 23:02:33.873   589 28994 D AudioTrack: Client defaulted notificationFrames to 12000 for frameCount 24000
02-04 23:02:33.874   581   581 D DlbDlbEffect: handle_EFFECT_CMD_DISABLE()
02-04 23:02:33.874   581   581 D DlbDapCrossfadeProcess: setEnabled transitioning from DAP_ACTIVE state to FADE_TO_BYPASS
02-04 23:02:33.876   416   416 W /system/bin/hw/android.hidl.allocator@1.0-service: ashmem_create_region(7680) returning hidl_memory(0x7590c2c2e0, 7680)
02-04 23:02:33.876   581   581 D DlbDlbEffect: handle_EFFECT_CMD_SET_CONFIG()
02-04 23:02:33.876   581   581 D DlbDapEndpointParamCache: setDevice(device=0x00000002)
02-04 23:02:33.876   421   421 D DMSService: setActiveDevice called with device = 0x2
02-04 23:02:33.877   581   581 D DlbDlbEffect: handle_EFFECT_CMD_ENABLE()
02-04 23:02:33.877   581   581 D DlbDapCrossfadeProcess: setEnabled transitioning from FADE_TO_BYPASS state to FADE_TO_ACTIVE
02-04 23:02:33.879   589 28988 D NuPlayerDriver: notifyListener_l(0xe3e610e0), (6, 0, 0, -1), loop setting(0, 1)
02-04 23:02:33.879   581  5115 D DlbDlbBufferProvider: updateCapacity(): update capacity to 1920
02-04 23:02:33.879   581  5115 D DlbDlbBufferProvider: updateCapacity() Allocating new memory for the buffer.
02-04 23:02:33.880 28960 28960 D featureTest: receive broadcast , change ds status :1
02-04 23:02:33.885   581  5115 D DlbDapCrossfadeProcess: process transitioning from FADE_TO_ACTIVE state to DAP_ACTIVE
02-04 23:02:33.900   581  5111 D audio_hw_primary: enable_snd_device: snd_device(2: speaker)
02-04 23:02:33.904   581  5111 D audio_hw_primary: enable_audio_route: usecase(0) apply and update mixer path: deep-buffer-playback speaker
02-04 23:02:33.910   581  7829 D DlbDlbEffect: handle_EFFECT_CMD_SET_PARAM()
02-04 23:02:33.975 28960 28960 D featureTest: receive broadcast , change ds profile id :2
02-04 23:02:33.983   581   731 D DlbDlbEffect: handle_EFFECT_CMD_SET_PARAM()
02-04 23:02:33.983   421   460 I DapController: Profile Changed to Music
02-04 23:02:34.008   581   770 D AudioFlinger: mixer(0xf2983980) throttle end: throttle time(43)
02-04 23:02:34.011   581  5115 D DlbDapEndpointParamCache: commitChangedParams()
02-04 23:02:34.011   581  5115 D DlbDapEndpointParamCache: commit() Applying parameters for device 0x40000000
02-04 23:02:34.011   581  5115 D DlbDap2Process: setParam(iea = #1[10])
02-04 23:02:34.011   581  5115 D DlbDap2Process: setParam(msce = #1[0])
02-04 23:02:34.011   581  5115 D DlbDap2Process: setParam(mdee = #1[0])
02-04 23:02:34.011   581  5115 D DlbDap2Process: setParam(miee = #1[0])
02-04 23:02:34.011   581  5115 D DlbDap2Process: setParam(mdle = #1[0])
02-04 23:02:34.011   581  5115 D DlbDap2Process: setParam(dvle = #1[1])
02-04 23:02:34.011   581  5115 D DlbDap2Process: setParam(mave = #1[0])
02-04 23:02:34.011   581  5115 D DlbDap2Process: setParam(vcbf = #20[47, 141, 234, 328, 469, 656, 844, 1031, 1313, 1688, 2250, 3000, 3750, 4688, 5813, 7125, 9000, 11250, 13875, 19688])
02-04 23:02:34.011   581  5115 D DlbDap2Process: setParam(vbon = #1[0])
02-04 23:02:34.011   581  5115 D DlbDap2Process: setParam(beon = #1[0])
02-04 23:02:34.011   581  5115 D DlbDap2Process: setParam(geon = #1[0])
02-04 23:02:34.011   581  5115 D DlbDap2Process: setParam(ieon = #1[1])
02-04 23:02:34.012   581  5115 D DlbDap2Process: setParam(gebs = #41[20, 47, 141, 234, 328, 469, 656, 844, 1031, 1313, 1688, 2250, 3000, 3750, 4688, 5813, 7125, 9000, 11250, 13875, 19688, 0, 0, 0, 0, 0, 0, 0, 0, 0, 0, 0, 0, 0, 0, 0, 0, 0, 0, 0, 0])
02-04 23:02:34.012   581  5115 D DlbDap2Process: setParam(iebs = #41[20, 65, 136, 223, 332, 467, 634, 841, 1098, 1416, 1812, 2302, 2909, 3663, 4598, 5756, 7194, 8976, 11186, 13927, 17326, 117, 133, 188, 176, 141, 149, 175, 185, 185, 200, 236, 242, 228, 213, 182, 132, 110, 68, -27, -240])
02-04 23:02:34.012   581  5115 D DlbDapEndpointParamCache: doCommit() Committed 15 parameters out of 16.
02-04 23:02:34.012   581  5115 D DlbDapEndpointParamCache: commit() Overriding parameters for current device 0x00000002
02-04 23:02:34.012   581  5115 D DlbDap2Process: setParam(dea = #1[7])
02-04 23:02:34.012   581  5115 D DlbDap2Process: setParam(dsa = #1[10])
02-04 23:02:34.012   581  5115 D DlbDap2Process: setParam(beb = #1[192])
02-04 23:02:34.012   581  5115 D DlbDap2Process: setParam(plb = #1[0])
02-04 23:02:34.012   581  5115 D DlbDap2Process: setParam(vmb = #1[144])
02-04 23:02:34.012   581  5115 D DlbDap2Process: setParam(dsb = #1[0])
02-04 23:02:34.012   581  5115 D DlbDap2Process: setParam(ded = #1[0])
02-04 23:02:34.012   581  5115 D DlbDap2Process: setParam(vbm = #1[3])
02-04 23:02:34.012   581  5115 D DlbDap2Process: DAP output mode set to 1 with 2 output channels and null mix matrix.
02-04 23:02:34.012   581  5115 D DlbDap2Process: setParam(dom = #1[0])
02-04 23:02:34.012   581  5115 D DlbDap2Process: setParam(bew = #1[16])
02-04 23:02:34.012   581  5115 D DlbDap2Process: setParam(dvla = #1[4])
02-04 23:02:34.012   581  5115 D DlbDap2Process: setParam(arra = #1[96])
02-04 23:02:34.012   581  5115 D DlbDap2Process: setParam(dfsa = #1[10])
02-04 23:02:34.012   581  5115 D DlbDap2Process: setParam(dhsa = #1[10])
02-04 23:02:34.012   581  5115 D DlbDap2Process: setParam(dvmc = #1[0])
02-04 23:02:34.012   581  5115 D DlbDap2Process: setParam(arod = #1[0])
02-04 23:02:34.012   581  5115 D DlbDap2Process: setParam(arde = #1[1])
02-04 23:02:34.012   581  5115 D DlbDap2Process: setParam(dvle = #1[1])
02-04 23:02:34.012   581  5115 D DlbDap2Process: setParam(dvme = #1[0])
02-04 23:02:34.012   581  5115 D DlbDap2Process: setParam(becf = #1[200])
02-04 23:02:34.012   581  5115 D DlbDap2Process: setParam(vbmf = #2[94, 469])
02-04 23:02:34.013   581  5115 D DlbDap2Process: setParam(vbsf = #2[35, 160])
02-04 23:02:34.013   581  5115 D DlbDap2Process: setParam(vbhg = #3[-32, -144, -192])
02-04 23:02:34.013   581  5115 D DlbDap2Process: setParam(vbog = #1[0])
02-04 23:02:34.013   581  5115 D DlbDap2Process: setParam(vbsg = #1[0])
02-04 23:02:34.013   581  5115 D DlbDap2Process: setParam(dvli = #1[-320])
02-04 23:02:34.013   581  5115 D DlbDap2Process: setParam(dhfm = #1[2])
02-04 23:02:34.013   581  5115 D DlbDap2Process: setParam(vbon = #1[0])
02-04 23:02:34.013   581  5115 D DlbDap2Process: setParam(beon = #1[0])
02-04 23:02:34.013   581  5115 D DlbDap2Process: setParam(deon = #1[0])
02-04 23:02:34.013   581  5115 D DlbDap2Process: setParam(ngon = #1[1])
02-04 23:02:34.013   581  5115 D DlbDap2Process: setParam(aoon = #1[1])
02-04 23:02:34.013   581  5115 D DlbDap2Process: setParam(aron = #1[1])
02-04 23:02:34.013   581  5115 D DlbDap2Process: setParam(dvlo = #1[-320])
02-04 23:02:34.013   581  5115 D DlbDap2Process: setParam(artp = #1[12])
02-04 23:02:34.013   581  5115 D DlbDap2Process: setParam(aobs = #222[20, 10, 47, 141, 234, 328, 469, 656, 844, 1031, 1313, 1688, 2250, 3000, 3750, 4688, 5813, 7125, 9000, 11250, 13875, 19688, 0, 0, 0, 0, 0, 0, 0, 0, 0, 0, 0, 0, 0, 0, 0, 0, 0, 0, 0, 0, 0, 0, 0, 0, 0, 0, 0, 0, 0, 0, 0, 0, 0, 0, 0, 0, 0, 0, 0, 0, 0, 0, 0, 0, 0, 0, 0, 0, 0, 0, 0, 0, 0, 0, 0, 0, 0, 0, 0, 0, 0, 0, 0, 0, 0, 0, 0, 0, 0, 0, 0, 0, 0, 0, 0, 0, 0, 0, 0, 0, 0, 0, 0, 0, 0, 0, 0, 0, 0, 0, 0, 0, 0, 0, 0, 0, 0, 0, 0, 0, 0, 0, 0, 0, 0, 0, 0, 0, 0, 0, 0, 0, 0, 0, 0, 0, 0, 0, 0, 0, 0, 0, 0, 0, 0, 0, 0, 0, 0, 0, 0, 0, 0, 0, 0, 0, 0, 0, 0, 0, 0, 0, 0, 0, 0, 0, 0, 0, 0, 0, 0, 0, 0, 0, 0, 0, 0, 0, 0, 0, 0, 0, 0, 0, 0, 0, 0, 0, 0, 0, 0, 0, 0, 0, 0, 0, 0, 0, 0, 0, 0, 0, 0, 0, 0, 0, 0, 0, 0, 0, 0, 0, 0, 0, 0, 0, 0, 0, 0, 0])
02-04 23:02:34.014   581  5115 D DlbDap2Process: setParam(arbs = #81[20, 47, 141, 234, 328, 469, 656, 844, 1031, 1313, 1688, 2250, 3000, 3750, 4688, 5813, 7125, 9000, 11250, 13875, 19688, -192, -192, -192, -192, -192, -192, -192, -192, -192, -192, -192, -192, -192, -192, -192, -192, -192, -192, -192, -192, 0, 0, 0, 0, 0, 0, 0, 0, 0, 0, 0, 0, 0, 0, 0, 0, 0, 0, 0, 0, 0, 0, 0, 0, 0, 0, 0, 0, 0, 0, 0, 0, 0, 0, 0, 0, 0, 0, 0, 0])
02-04 23:02:34.014   581  5115 D DlbDapEndpointParamCache: doCommit() Committed 37 parameters out of 37.
02-04 23:02:34.014   581  5115 D DlbDap2Process: setMave(mave = 0)
02-04 23:02:34.050   581  5115 D DlbDap2Process: process() called [277500] times
02-04 23:02:34.053 28960 28960 D featureTest: receive broadcast , record log :0
02-04 23:02:34.466  3552  3552 W SceneBgThread: type=1400 audit(0.0:2827): avc: denied { read } for name="stat" dev="proc" ino=4026548033 scontext=u:r:untrusted_app_25:s0:c512,c768 tcontext=u:object_r:proc_stat:s0 tclass=file permissive=0
02-04 23:02:35.916   816   816 W WindowManager: removeWindowToken: Attempted to remove non-existing token: android.os.Binder@8ce8574
02-04 23:02:35.952   429   429 D SurfaceFlinger: duplicate layer name: changing Toast to Toast#1
02-04 23:02:36.696   581  5115 D DlbDap2Process: process() called [278000] times
02-04 23:02:37.942   816   816 W WindowManager: removeWindowToken: Attempted to remove non-existing token: android.os.Binder@e09565e
