--------- beginning of system
02-03 00:51:52.334   823 11658 I ActivityManager: Force stopping com.dolby.qa.featuretest appid=10075 user=0: from pid 18184
02-03 00:51:52.334   823 11658 I ActivityManager: Killing 18108:com.dolby.qa.featuretest/u0a75 (adj 0): stop com.dolby.qa.featuretest
02-03 00:51:52.335   823 11658 W ActivityManager: Force removing ActivityRecord{adb98ee u0 com.dolby.qa.featuretest/.MainActivity t656}: app died, no saved state
02-03 00:51:52.343   823 11658 I WindowManager: Failed to capture screenshot of Token{e2cd18f ActivityRecord{adb98ee u0 com.dolby.qa.featuretest/.MainActivity t656 f}} appWin=Window{16f4c02 u0 com.dolby.qa.featuretest/com.dolby.qa.featuretest.MainActivity} drawState=4
--------- beginning of main
02-03 00:51:52.349   823   848 E JavaBinder: !!! FAILED BINDER TRANSACTION !!!  (parcel size = 60)
02-03 00:51:52.378   823  1050 I WindowManager: WIN DEATH: Window{650a22d u0 Toast}
02-03 00:51:52.379   597  1205 D NuPlayerDriver: reset(0xf1bb2460) at state 5
02-03 00:51:52.380   597  1205 D NuPlayerDriver: notifyListener_l(0xf1bb2460), (8, 0, 0, -1), loop setting(0, 1)
02-03 00:51:52.390   597 18137 D NuPlayerDriver: notifyResetComplete(0xf1bb2460)
02-03 00:51:52.392   597  1205 D AudioTrack: stop() called with 0 frames delivered
02-03 00:51:52.399  1263  1263 D CarrierSvcBindHelper: No carrier app for: 0
02-03 00:51:52.410  2566  2566 D RegisteredNfcFServicesCache: Service unchanged, not updating
02-03 00:51:52.455   823  2288 I ActivityManager: START u0 {flg=0x10000000 cmp=com.dolby.qa.featuretest/.MainActivity} from uid 2000
02-03 00:51:52.481   823   834 I ActivityManager: Start proc 18190:com.dolby.qa.featuretest/u0a75 for activity com.dolby.qa.featuretest/.MainActivity
02-03 00:51:52.482 18190 18190 I zygote64: Late-enabling -Xcheck:jni
02-03 00:51:52.505   589   728 D DlbDlbEffect: handle_EFFECT_CMD_DISABLE()
02-03 00:51:52.505   589   728 D DlbDapCrossfadeProcess: setEnabled transitioning from DAP_ACTIVE state to FADE_TO_BYPASS
02-03 00:51:52.507   416   416 W /system/bin/hw/android.hidl.allocator@1.0-service: ashmem_create_region(3840) returning hidl_memory(0x77bb02c2e0, 3840)
02-03 00:51:52.509   589   728 D DlbDlbEffect: handle_EFFECT_CMD_SET_CONFIG()
02-03 00:51:52.509   589   728 D DlbDapEndpointParamCache: setDevice(device=0x00000002)
02-03 00:51:52.511   421   421 D DMSService: setActiveDevice called with device = 0x2
02-03 00:51:52.511   589   728 D DlbDlbEffect: handle_EFFECT_CMD_ENABLE()
02-03 00:51:52.511   589   728 D DlbDapCrossfadeProcess: setEnabled transitioning from FADE_TO_BYPASS state to FADE_TO_ACTIVE
02-03 00:51:52.678 18190 18190 D featureTest: onCreate
02-03 00:51:52.895   589   772 D audio_hw_primary: disable_audio_route: usecase(0) reset and update mixer path: deep-buffer-playback speaker
02-03 00:51:52.904   589   772 D audio_hw_primary: disable_snd_device: snd_device(2: speaker)
02-03 00:51:52.910 18190 18190 D AudioTrack: Client defaulted notificationFrames to 962 for frameCount 1924
02-03 00:51:52.916 18190 18190 W AudioTrack: Use of stream types is deprecated for operations other than volume control
02-03 00:51:52.917 18190 18190 W AudioTrack: See the documentation of AudioTrack() for what to use instead with android.media.AudioAttributes to qualify your playback use case
02-03 00:51:52.918   823   848 W ActivityManager: setHasOverlayUi called on unknown pid: 18108
02-03 00:51:52.928 18190 18190 W DolbyAudioEffect: WARNING: attaching a DolbyAudioEffect to global output mix is deprecated!
02-03 00:51:52.938 18190 18190 D featureTest: onResume
02-03 00:51:52.952 18190 18211 D OpenGLRenderer: HWUI GL Pipeline
02-03 00:51:53.018 18190 18211 I Adreno  : QUALCOMM build                   : 7142022, Ib5823dd10c
02-03 00:51:53.018 18190 18211 I Adreno  : Build Date                       : 06/23/17
02-03 00:51:53.018 18190 18211 I Adreno  : OpenGL ES Shader Compiler Version: EV031.18.00.00
02-03 00:51:53.018 18190 18211 I Adreno  : Local Branch                     : O11A
02-03 00:51:53.018 18190 18211 I Adreno  : Remote Branch                    : 
02-03 00:51:53.018 18190 18211 I Adreno  : Remote Branch                    : 
02-03 00:51:53.018 18190 18211 I Adreno  : Reconstruct Branch               : 
02-03 00:51:53.018 18190 18211 I vndksupport: sphal namespace is not configured for this process. Loading /vendor/lib64/hw/gralloc.msm8994.so from the current namespace instead.
02-03 00:51:53.024 18190 18211 I Adreno  : PFP: 0x00000000, ME: 0x00000000
02-03 00:51:53.028 18190 18211 I OpenGLRenderer: Initialized EGL, version 1.4
02-03 00:51:53.028 18190 18211 D OpenGLRenderer: Swap behavior 2
02-03 00:51:53.054   366   366 W /system/bin/hwservicemanager: getTransportFromManifest: Cannot find entry android.hardware.graphics.mapper@2.0::IMapper in either framework or device manifest, using default transport.
02-03 00:51:53.056 18190 18211 I vndksupport: sphal namespace is not configured for this process. Loading /vendor/lib64/hw/gralloc.msm8994.so from the current namespace instead.
02-03 00:51:53.079   823   848 I ActivityManager: Displayed com.dolby.qa.featuretest/.MainActivity: +605ms
02-03 00:51:53.111   823   823 W NotificationService: Object died trying to hide notification android.app.ITransientNotification$Stub$Proxy@b31817d in package com.dolby.qa.featuretest
02-03 00:51:53.111   823   823 W WindowManager: removeWindowToken: Attempted to remove non-existing token: android.os.Binder@beb4257
02-03 00:51:53.286  2717  3063 W OpenGLRenderer: Incorrectly called buildLayer on View: ShortcutAndWidgetContainer, destroying layer...
02-03 00:51:53.534 18190 18190 D featureTest: receive broadcast , playing content location :/sdcard/featureTest/7ch_ddp_25fps_diff_music_01.mp4
02-03 00:51:53.546 18190 18190 D featureTest: mMediaPlayer.getAudioSessionId(): 7889
02-03 00:51:53.546 18190 18190 D featureTest: Playing file: /sdcard/featureTest/7ch_ddp_25fps_diff_music_01.mp4
02-03 00:51:53.548 18222 18222 W generic : type=1400 audit(0.0:3000): avc: denied { read } for path="/storage/emulated/0/featuretest/7ch_ddp_25fps_diff_music_01.mp4" dev="sdcardfs" ino=523299 scontext=u:r:mediaextractor:s0 tcontext=u:object_r:sdcardfs:s0 tclass=file permissive=0
02-03 00:51:53.548   597 16835 D NuPlayerDriver: NuPlayerDriver(0xf02b51c0) created, clientPid(18190)
02-03 00:51:53.550 18190 18190 W MediaPlayer: Use of stream types is deprecated for operations other than volume control
02-03 00:51:53.550 18190 18190 W MediaPlayer: See the documentation of setAudioStreamType() for what to use instead with android.media.AudioAttributes to qualify your playback use case
02-03 00:51:53.552   597 18222 D GenericSource: FileSource remote
02-03 00:51:53.552   597 18222 W GenericSource: extractor service cannot make data source
02-03 00:51:53.552   597 18222 D GenericSource: FileSource local
02-03 00:51:53.567   597 18221 D NuPlayerDriver: notifyListener_l(0xf02b51c0), (1, 0, 0, -1), loop setting(0, 0)
02-03 00:51:53.576   597  1205 D NuPlayerDriver: start(0xf02b51c0), state is 4, eos is 0
02-03 00:51:53.576   597 18221 I GenericSource: start
02-03 00:51:53.579 18190 18190 W DolbyAudioEffect: WARNING: attaching a DolbyAudioEffect to global output mix is deprecated!
02-03 00:51:53.588   602   704 I OMXMaster: makeComponentInstance(OMX.dolby.eac3.decoder) in android.hardwar process
02-03 00:51:53.599 18190 18190 D featureTest: receive broadcast , change ds status :1
02-03 00:51:53.614   589  7203 D DlbDlbEffect: handle_EFFECT_CMD_SET_PARAM()
02-03 00:51:53.638   602   704 I DDP_JOCDecoder: -> init name OMX.dolby.eac3.decoder
02-03 00:51:53.640   602   704 I DDP_JOCDecoder: <- init
02-03 00:51:53.640   602   704 D DDP_JOCDecoder: initPorts
02-03 00:51:53.642   602   602 E OMXNodeInstance: setConfig(0xea6a3200:dolby.eac3.decoder, ConfigPriority(0x6f800002)) ERROR: Undefined(0x80001001)
02-03 00:51:53.642   597 18227 I ACodec  : codec does not support config priority (err -2147483648)
02-03 00:51:53.643   602   704 E OMXNodeInstance: getConfig(0xea6a3200:dolby.eac3.decoder, ConfigAndroidVendorExtension(0x6f100004)) ERROR: Undefined(0x80001001)
02-03 00:51:53.643   597 18227 I MediaCodec: MediaCodec will operate in async mode
02-03 00:51:53.644   597 18227 I ACodec  : setDolbyParameterOnProcessedAudio() Received dolby_processed_audio=1
02-03 00:51:53.644   597 18226 I NuPlayerDecoder: setDolbyMessage() Notifying player that Codec supports dolby_processed_audio flag
02-03 00:51:53.644   597 18221 I NuPlayer: onDolbyMessageReceived() Setting dolby_processed_audio flag on audio sink
02-03 00:51:53.644   597 18221 I MediaPlayerService: setDolbyParameters() Marking audio output as having dolby_processed_audio
02-03 00:51:53.645   602 10092 D DDP_JOCDecoder: internalSetParameter() Instantiating ARenderer for content processing in decoder
02-03 00:51:53.645   602 10092 I DlbDap2QmfProcess: Dap2Process()
02-03 00:51:53.645   602 10092 I ARenderer: ARenderer
02-03 00:51:53.645   602 10092 I evo_parser: evo_parser_init
02-03 00:51:53.645   602 10092 I DlbDap2QmfProcess: init()
02-03 00:51:53.645   602 10092 I DlbDap2QmfProcess: open()
02-03 00:51:53.646   602 10092 I DlbDap2QmfProcess: loadLicense() no license check!
02-03 00:51:53.646   602 10092 I DlbDap2QmfProcess: validateLicense() no license check!
02-03 00:51:53.646   602 10092 I DlbDap2QmfProcess: init() DAP opened
02-03 00:51:53.646   602 10092 I DlbDap2QmfProcess: DAP library version: 2.5.1-P2.0
02-03 00:51:53.646   602 10092 D DlbDap2QmfProcess: DAP output mode set to 1 with 2 output channels and null mix matrix.
02-03 00:51:53.646   597 18227 I ACodec  : setDolbyParameterOnProcessedAudio() Content processing enabled in decoder
02-03 00:51:53.650   602 18231 I DDP_JOCDecoder: -> start
02-03 00:51:53.650   602 18231 I EndpConfig: DAP state has changed from -1 to 1
02-03 00:51:53.650   602 18231 D DDP_JOCDecoder: Setting Max Output Channels to 2
02-03 00:51:53.650   602 18231 D DDP_JOCDecoder: setMultiChannelPCMOutDownmix mConfig->jocForceDownmixMode 0
02-03 00:51:53.650   602 18231 I udc_user: 
02-03 00:51:53.650   602 18231 I udc_user: *** DDPlus Unified Decoder Simulation  Version 1.7.3 ***
02-03 00:51:53.650   602 18231 I udc_user: 
02-03 00:51:53.650   602 18231 I udc_user: 7.1-channel decoder-converter, 
02-03 00:51:53.650   602 18231 I udc_user: 
02-03 00:51:53.650   602 18231 I udc_user: 5.1-channel dual-decoder-converter, 
02-03 00:51:53.650   602 18231 I udc_user: Karaoke unsupported, 
02-03 00:51:53.650   602 18231 I udc_user: TPNP supported. 
02-03 00:51:53.650   602 18231 I udc_user: 
02-03 00:51:53.650   602 18231 I udc_user: Unpublished work.  Copyright 2003-2014 Dolby Laboratories, Inc. and
02-03 00:51:53.650   602 18231 I udc_user: Dolby Laboratories Licensing Corporation.  All Rights Reserved.
02-03 00:51:53.650   602 18231 I udc_user: 
02-03 00:51:53.650   602 18231 I udc_user: USE OF THIS SOFTWARE IS SUBJECT TO A LEGAL AGREEMENT BETWEEN YOU AND DOLBY
02-03 00:51:53.650   602 18231 I udc_user: LABORATORIES. DO NOT USE THIS SOFTWARE UNLESS YOU AGREE TO THE TERMS AND 
02-03 00:51:53.650   602 18231 I udc_user: CONDITIONS IN THE AGREEMENT.  BY USING THIS SOFTWARE, YOU ACKNOWLEDGE THAT 
02-03 00:51:53.650   602 18231 I udc_user: YOU HAVE READ THE AGREEMENT AND THAT YOU AGREE TO BE BOUND BY ITS TERMS. 
02-03 00:51:53.650   602 18231 I udc_user: 
02-03 00:51:53.651   602 18231 I ddpdec_client_joc: ddpdec_open JOCD_MODE Buffer assignment
02-03 00:51:53.651   602 18231 D DDP_JOCDecoder: mStarted = 1
02-03 00:51:53.651   602 18231 I DDP_JOCDecoder: <- start
02-03 00:51:53.651   602 18231 D ddpdec_client_joc: ddpdec_client.c|int configDecoder()
02-03 00:51:53.653   602 18231 D DDP_JOCDecoder: Setting Max Output Channels to 2
02-03 00:51:53.654   602 18231 I DlbDap2QmfProcess: close()
02-03 00:51:53.654   602 18231 I DlbDap2QmfProcess: init()
02-03 00:51:53.654   602 18231 I DlbDap2QmfProcess: open()
02-03 00:51:53.654   602 18231 I DlbDap2QmfProcess: loadLicense() no license check!
02-03 00:51:53.654   602 18231 I DlbDap2QmfProcess: validateLicense() no license check!
02-03 00:51:53.654   602 18231 I DlbDap2QmfProcess: init() DAP opened
02-03 00:51:53.654   602 18231 I DlbDap2QmfProcess: DAP library version: 2.5.1-P2.0
02-03 00:51:53.654   602 18231 D DlbDap2QmfProcess: DAP output mode set to 1 with 2 output channels and null mix matrix.
02-03 00:51:53.654   602 18231 D ARenderer: checkAndUpdateConfig: DAP reinitialized because of sample rate change
02-03 00:51:53.654   602 18231 D ARenderer: updateDapConfig: Updating DAP configuration
02-03 00:51:53.654   602 18231 D DlbDap2QmfProcess: setParam(iea = #1[10])
02-03 00:51:53.654   602 18231 D DlbDap2QmfProcess: setParam(msce = #1[0])
02-03 00:51:53.655   602 18231 D DlbDap2QmfProcess: setParam(mdee = #1[0])
02-03 00:51:53.655   602 18231 D DlbDap2QmfProcess: setParam(miee = #1[0])
02-03 00:51:53.655   602 18231 D DlbDap2QmfProcess: setParam(mdle = #1[0])
02-03 00:51:53.655   602 18231 D DlbDap2QmfProcess: setParam(dvle = #1[1])
02-03 00:51:53.655   602 18231 D DlbDap2QmfProcess: setParam(mave = #1[0])
02-03 00:51:53.655   602 18231 D DlbDap2QmfProcess: setParam(vcbf = #20[47, 141, 234, 328, 469, 656, 844, 1031, 1313, 1688, 2250, 3000, 3750, 4688, 5813, 7125, 9000, 11250, 13875, 19688])
02-03 00:51:53.655   602 18231 D DlbDap2QmfProcess: setParam(ieon = #1[1])
02-03 00:51:53.655   602 18231 D DlbDap2QmfProcess: setParam(gebs = #41[20, 47, 141, 234, 328, 469, 656, 844, 1031, 1313, 1688, 2250, 3000, 3750, 4688, 5813, 7125, 9000, 11250, 13875, 19688, 0, 0, 0, 0, 0, 0, 0, 0, 0, 0, 0, 0, 0, 0, 0, 0, 0, 0, 0, 0])
02-03 00:51:53.655   602 18231 D DlbDap2QmfProcess: setParam(iebs = #41[20, 65, 136, 223, 332, 467, 634, 841, 1098, 1416, 1812, 2302, 2909, 3663, 4598, 5756, 7194, 8976, 11186, 13927, 17326, 117, 133, 188, 176, 141, 149, 175, 185, 185, 200, 236, 242, 228, 213, 182, 132, 110, 68, -27, -240])
02-03 00:51:53.655   602 18231 D DlbDap2QmfProcess: setParam(dea = #1[7])
02-03 00:51:53.655   602 18231 D DlbDap2QmfProcess: setParam(dsa = #1[10])
02-03 00:51:53.655   602 18231 D DlbDap2QmfProcess: setParam(beb = #1[192])
02-03 00:51:53.655   602 18231 D DlbDap2QmfProcess: setParam(plb = #1[0])
02-03 00:51:53.655   602 18231 D DlbDap2QmfProcess: setParam(vmb = #1[144])
02-03 00:51:53.655   602 18231 D DlbDap2QmfProcess: setParam(dsb = #1[0])
02-03 00:51:53.655   602 18231 D DlbDap2QmfProcess: setParam(ded = #1[0])
02-03 00:51:53.655   602 18231 D DlbDap2QmfProcess: setParam(dom = #1[0])
02-03 00:51:53.655   602 18231 D DlbDap2QmfProcess: setParam(bew = #1[16])
02-03 00:51:53.655   602 18231 D DlbDap2QmfProcess: setParam(dvla = #1[4])
02-03 00:51:53.655   602 18231 D DlbDap2QmfProcess: setParam(dfsa = #1[10])
02-03 00:51:53.655   602 18231 D DlbDap2QmfProcess: setParam(dhsa = #1[10])
02-03 00:51:53.655   602 18231 D DlbDap2QmfProcess: setParam(dvmc = #1[0])
02-03 00:51:53.655   602 18231 D DlbDap2QmfProcess: setParam(dvle = #1[1])
02-03 00:51:53.655   602 18231 D DlbDap2QmfProcess: setParam(dvme = #1[0])
02-03 00:51:53.655   602 18231 D DlbDap2QmfProcess: setParam(becf = #1[200])
02-03 00:51:53.655   602 18231 D DlbDap2QmfProcess: setParam(vbmf = #2[94, 469])
02-03 00:51:53.655   602 18231 D DlbDap2QmfProcess: setParam(vbsf = #2[35, 160])
02-03 00:51:53.655   602 18231 D DlbDap2QmfProcess: setParam(vbhg = #3[-32, -144, -192])
02-03 00:51:53.655   602 18231 D DlbDap2QmfProcess: setParam(vbog = #1[0])
02-03 00:51:53.655   602 18231 D DlbDap2QmfProcess: setParam(vbsg = #1[0])
02-03 00:51:53.656   602 18231 D DlbDap2QmfProcess: setParam(dvli = #1[-320])
02-03 00:51:53.656   602 18231 D DlbDap2QmfProcess: setParam(dhfm = #1[2])
02-03 00:51:53.656   602 18231 D DlbDap2QmfProcess: setParam(deon = #1[0])
02-03 00:51:53.656   602 18231 D DlbDap2QmfProcess: setParam(ngon = #1[1])
02-03 00:51:53.656   602 18231 D DlbDap2QmfProcess: setParam(dvlo = #1[-320])
02-03 00:51:53.656   602 18231 D DlbDap2QmfProcess: setParam(aobs = #222[20, 10, 47, 141, 234, 328, 469, 656, 844, 1031, 1313, 1688, 2250, 3000, 3750, 4688, 5813, 7125, 9000, 11250, 13875, 19688, 0, 0, 0, 0, 0, 0, 0, 0, 0, 0, 0, 0, 0, 0, 0, 0, 0, 0, 0, 0, 0, 0, 0, 0, 0, 0, 0, 0, 0, 0, 0, 0, 0, 0, 0, 0, 0, 0, 0, 0, 0, 0, 0, 0, 0, 0, 0, 0, 0, 0, 0, 0, 0, 0, 0, 0, 0, 0, 0, 0, 0, 0, 0, 0, 0, 0, 0, 0, 0, 0, 0, 0, 0, 0, 0, 0, 0, 0, 0, 0, 0, 0, 0, 0, 0, 0, 0, 0, 0, 0, 0, 0, 0, 0, 0, 0, 0, 0, 0, 0, 0, 0, 0, 0, 0, 0, 0, 0, 0, 0, 0, 0, 0, 0, 0, 0, 0, 0, 0, 0, 0, 0, 0, 0, 0, 0, 0, 0, 0, 0, 0, 0, 0, 0, 0, 0, 0, 0, 0, 0, 0, 0, 0, 0, 0, 0, 0, 0, 0, 0, 0, 0, 0, 0, 0, 0, 0, 0, 0, 0, 0, 0, 0, 0, 0, 0, 0, 0, 0, 0, 0, 0, 0, 0, 0, 0, 0, 0, 0, 0, 0, 0, 0, 0, 0, 0, 0, 0, 0, 0, 0, 0, 0, 0, 0, 0, 0, 0, 0, 0])
02-03 00:51:53.656   602 18231 D DlbDap2QmfProcess: setParam(dvle = #1[1])
02-03 00:51:53.656   602 18231 D DlbDap2QmfProcess: setParam(dvli = #1[-496])
02-03 00:51:53.656   602 18231 D DlbDap2QmfProcess: setParam(dvlo = #1[-176])
02-03 00:51:53.656   602 18231 D ARenderer: updateDapVolumeLeveler: Setting output level to -11.00dB
02-03 00:51:53.656   602 18231 D DlbDap2QmfProcess: setParam(vmb = #1[0])
02-03 00:51:53.656   602 18231 D DlbDap2QmfProcess: setParam(preg = #1[-384])
02-03 00:51:53.656   602 18231 D DlbDap2QmfProcess: setParam(vol = #1[384])
02-03 00:51:53.656   602 18231 D DlbDlbBufferProvider: setConfig() Updating buffer configuration.
02-03 00:51:53.656   602 18231 D DlbDap2QmfProcess: processQmf() called [0] times
02-03 00:51:53.656   602 18231 D DlbDap2QmfProcess: setMave(mave = 0)
02-03 00:51:53.666 18190 18190 D featureTest: receive broadcast , change ds profile id :5
02-03 00:51:53.669   597 18225 D AudioTrack: Client defaulted notificationFrames to 12000 for frameCount 24000
02-03 00:51:53.670   589   740 I AudioFlinger: attachAuxEffect(): Marking track 1034 as containing processed audio
02-03 00:51:53.670   589   740 D AudioFlinger: trackContainsProcessedAudio() Track id 1034 contains processed audio
02-03 00:51:53.670   589  7202 D DlbDlbEffect: handle_EFFECT_CMD_DISABLE()
02-03 00:51:53.670   589  7202 D DlbDapCrossfadeProcess: setEnabled transitioning from FADE_TO_ACTIVE state to FADE_TO_BYPASS
02-03 00:51:53.672   416   416 W /system/bin/hw/android.hidl.allocator@1.0-service: ashmem_create_region(7680) returning hidl_memory(0x77bb02c2e0, 7680)
02-03 00:51:53.673   589  7202 D DlbDlbEffect: handle_EFFECT_CMD_SET_CONFIG()
02-03 00:51:53.673   589  4567 D DlbDlbEffect: handle_EFFECT_CMD_SET_PARAM()
02-03 00:51:53.673   421   476 I DapController: Profile Changed to Custom
02-03 00:51:53.673   589  7202 D DlbDapEndpointParamCache: setDevice(device=0x00000002)
02-03 00:51:53.674   421   421 D DMSService: setActiveDevice called with device = 0x2
02-03 00:51:53.674   589  7202 D DlbDlbEffect: handle_EFFECT_CMD_ENABLE()
02-03 00:51:53.674   589  7202 D DlbDapCrossfadeProcess: setEnabled transitioning from FADE_TO_BYPASS state to FADE_TO_ACTIVE
02-03 00:51:53.674   589  7202 D AudioFlinger: trackStateChanged() Track id 1034 state changed to 6
02-03 00:51:53.674   589  7202 I AudioFlinger: updateProcessedAudioState() Changing content processing in effect to 1
02-03 00:51:53.674   589  7202 D DlbDlbEffect: handle_EFFECT_CMD_SET_PARAM()
02-03 00:51:53.676   589  7202 I DlbEffectContext: setContentProcEnabled() Disabling content processing in effect
02-03 00:51:53.677   589  7202 D DlbDapEndpointParamCache: commitChangedParams()
02-03 00:51:53.677   589  7202 D DlbDapEndpointParamCache: commit() Applying parameters for device 0x40000000
02-03 00:51:53.677   589  7202 D DlbDap2Process: setParam(msce = #1[0])
02-03 00:51:53.677   589  7202 D DlbDap2Process: setParam(mdee = #1[0])
02-03 00:51:53.677   589  7202 D DlbDap2Process: setParam(miee = #1[0])
02-03 00:51:53.677   589  7202 D DlbDap2Process: setParam(mdle = #1[0])
02-03 00:51:53.677   589  7202 D DlbDap2Process: setParam(dvle = #1[0])
02-03 00:51:53.677   589  7202 D DlbDap2Process: setParam(mave = #1[0])
02-03 00:51:53.677   589  7202 D DlbDap2Process: setParam(ieon = #1[0])
02-03 00:51:53.677   589  7202 D DlbDapEndpointParamCache: doCommit() Committed 7 parameters out of 16.
02-03 00:51:53.677   589  7202 D DlbDapEndpointParamCache: commit() Overriding parameters for current device 0x00000002
02-03 00:51:53.677   589  7202 D DlbDap2Process: setParam(dom = #1[0])
02-03 00:51:53.677   589  7202 D DlbDap2Process: setParam(dvle = #1[0])
02-03 00:51:53.677   589  7202 D DlbDap2Process: setParam(dvme = #1[0])
02-03 00:51:53.677   589  7202 D DlbDap2Process: setParam(deon = #1[0])
02-03 00:51:53.677   589  7202 D DlbDap2Process: setParam(ngon = #1[0])
02-03 00:51:53.677   589  7202 D DlbDapEndpointParamCache: doCommit() Committed 5 parameters out of 37.
02-03 00:51:53.678   597 18221 D NuPlayerDriver: notifyListener_l(0xf02b51c0), (6, 0, 0, -1), loop setting(0, 1)
02-03 00:51:53.679   589  4575 D DlbDapEndpointParamCache: commitChangedParams()
02-03 00:51:53.679   589  4575 D DlbDapEndpointParamCache: commit() Applying parameters for device 0x40000000
02-03 00:51:53.679   589  4575 D DlbDap2Process: setParam(iea = #1[10])
02-03 00:51:53.680   589  4575 D DlbDap2Process: setParam(vcbf = #20[47, 141, 234, 328, 469, 656, 844, 1031, 1313, 1688, 2250, 3000, 3750, 4688, 5813, 7125, 9000, 11250, 13875, 19688])
02-03 00:51:53.680   589  4575 D DlbDap2Process: setParam(vbon = #1[0])
02-03 00:51:53.680   589  4575 D DlbDap2Process: setParam(beon = #1[0])
02-03 00:51:53.680   589  4575 D DlbDap2Process: setParam(geon = #1[0])
02-03 00:51:53.680   589  4575 D DlbDap2Process: setParam(gebs = #41[20, 47, 141, 234, 328, 469, 656, 844, 1031, 1313, 1688, 2250, 3000, 3750, 4688, 5813, 7125, 9000, 11250, 13875, 19688, 0, 0, 0, 0, 0, 0, 0, 0, 0, 0, 0, 0, 0, 0, 0, 0, 0, 0, 0, 0])
02-03 00:51:53.680   589  4575 D DlbDap2Process: setParam(iebs = #41[20, 65, 136, 223, 332, 467, 634, 841, 1098, 1416, 1812, 2302, 2909, 3663, 4598, 5756, 7194, 8976, 11186, 13927, 17326, 117, 133, 188, 176, 141, 149, 175, 185, 185, 200, 236, 242, 228, 213, 182, 132, 110, 68, -27, -240])
02-03 00:51:53.680   589  4575 D DlbDapEndpointParamCache: doCommit() Committed 8 parameters out of 16.
02-03 00:51:53.680   589  4575 D DlbDapEndpointParamCache: commit() Overriding parameters for current device 0x00000002
02-03 00:51:53.680   589  4575 D DlbDap2Process: setParam(dea = #1[7])
02-03 00:51:53.680   589  4575 D DlbDap2Process: setParam(dsa = #1[10])
02-03 00:51:53.680   589  4575 D DlbDap2Process: setParam(beb = #1[192])
02-03 00:51:53.680   589  4575 D DlbDap2Process: setParam(plb = #1[0])
02-03 00:51:53.680   589  4575 D DlbDap2Process: setParam(vmb = #1[144])
02-03 00:51:53.680   589  4575 D DlbDap2Process: setParam(dsb = #1[48])
02-03 00:51:53.680   589  4575 D DlbDap2Process: setParam(ded = #1[0])
02-03 00:51:53.680   589  4575 D DlbDap2Process: setParam(vbm = #1[3])
02-03 00:51:53.680   589  4575 D DlbDap2Process: setParam(bew = #1[16])
02-03 00:51:53.680   589  4575 D DlbDap2Process: setParam(dvla = #1[5])
02-03 00:51:53.680   589  4575 D DlbDap2Process: setParam(arra = #1[96])
02-03 00:51:53.680   589  4575 D DlbDap2Process: setParam(dfsa = #1[10])
02-03 00:51:53.680   589  4575 D DlbDap2Process: setParam(dhsa = #1[10])
02-03 00:51:53.680   589  4575 D DlbDap2Process: setParam(dvmc = #1[0])
02-03 00:51:53.680   589  4575 D DlbDap2Process: setParam(arod = #1[0])
02-03 00:51:53.680   589  4575 D DlbDap2Process: setParam(arde = #1[1])
02-03 00:51:53.680   589  4575 D DlbDap2Process: setParam(becf = #1[200])
02-03 00:51:53.680   589  4575 D DlbDap2Process: setParam(vbmf = #2[94, 469])
02-03 00:51:53.680   589  4575 D DlbDap2Process: setParam(vbsf = #2[35, 160])
02-03 00:51:53.680   589  4575 D DlbDap2Process: setParam(vbhg = #3[-32, -144, -192])
02-03 00:51:53.680   589  4575 D DlbDap2Process: setParam(vbog = #1[0])
02-03 00:51:53.680   589  4575 D DlbDap2Process: setParam(vbsg = #1[0])
02-03 00:51:53.680   589  4575 D DlbDap2Process: setParam(dvli = #1[-320])
02-03 00:51:53.680   589  4575 D DlbDap2Process: setParam(dhfm = #1[2])
02-03 00:51:53.680   589  4575 D DlbDap2Process: setParam(vbon = #1[0])
02-03 00:51:53.680   589  4575 D DlbDap2Process: setParam(beon = #1[0])
02-03 00:51:53.680   589  4575 D DlbDap2Process: setParam(aoon = #1[1])
02-03 00:51:53.680   589  4575 D DlbDap2Process: setParam(aron = #1[1])
02-03 00:51:53.680   589  4575 D DlbDap2Process: setParam(dvlo = #1[-320])
02-03 00:51:53.680   589  4575 D DlbDap2Process: setParam(artp = #1[12])
02-03 00:51:53.681   589  4575 D DlbDap2Process: setParam(aobs = #222[20, 10, 47, 141, 234, 328, 469, 656, 844, 1031, 1313, 1688, 2250, 3000, 3750, 4688, 5813, 7125, 9000, 11250, 13875, 19688, 0, 0, 0, 0, 0, 0, 0, 0, 0, 0, 0, 0, 0, 0, 0, 0, 0, 0, 0, 0, 0, 0, 0, 0, 0, 0, 0, 0, 0, 0, 0, 0, 0, 0, 0, 0, 0, 0, 0, 0, 0, 0, 0, 0, 0, 0, 0, 0, 0, 0, 0, 0, 0, 0, 0, 0, 0, 0, 0, 0, 0, 0, 0, 0, 0, 0, 0, 0, 0, 0, 0, 0, 0, 0, 0, 0, 0, 0, 0, 0, 0, 0, 0, 0, 0, 0, 0, 0, 0, 0, 0, 0, 0, 0, 0, 0, 0, 0, 0, 0, 0, 0, 0, 0, 0, 0, 0, 0, 0, 0, 0, 0, 0, 0, 0, 0, 0, 0, 0, 0, 0, 0, 0, 0, 0, 0, 0, 0, 0, 0, 0, 0, 0, 0, 0, 0, 0, 0, 0, 0, 0, 0, 0, 0, 0, 0, 0, 0, 0, 0, 0, 0, 0, 0, 0, 0, 0, 0, 0, 0, 0, 0, 0, 0, 0, 0, 0, 0, 0, 0, 0, 0, 0, 0, 0, 0, 0, 0, 0, 0, 0, 0, 0, 0, 0, 0, 0, 0, 0, 0, 0, 0, 0, 0, 0, 0, 0, 0, 0, 0])
02-03 00:51:53.681   589  4575 D DlbDap2Process: setParam(arbs = #81[20, 47, 141, 234, 328, 469, 656, 844, 1031, 1313, 1688, 2250, 3000, 3750, 4688, 5813, 7125, 9000, 11250, 13875, 19688, -192, -192, -192, -192, -192, -192, -192, -192, -192, -192, -192, -192, -192, -192, -192, -192, -192, -192, -192, -192, 0, 0, 0, 0, 0, 0, 0, 0, 0, 0, 0, 0, 0, 0, 0, 0, 0, 0, 0, 0, 0, 0, 0, 0, 0, 0, 0, 0, 0, 0, 0, 0, 0, 0, 0, 0, 0, 0, 0, 0])
02-03 00:51:53.681   589  4575 D DlbDapEndpointParamCache: doCommit() Committed 32 parameters out of 37.
02-03 00:51:53.681   589  4575 D DlbDap2Process: setMave(mave = 0)
02-03 00:51:53.682   589  4575 D DlbDapCrossfadeProcess: process transitioning from FADE_TO_ACTIVE state to DAP_ACTIVE
02-03 00:51:53.684   602 18231 D ARenderer: updateDapConfig: Updating DAP configuration
02-03 00:51:53.684   602 18231 D DlbDap2QmfProcess: setParam(iea = #1[10])
02-03 00:51:53.684   602 18231 D DlbDap2QmfProcess: setParam(msce = #1[0])
02-03 00:51:53.684   602 18231 D DlbDap2QmfProcess: setParam(mdee = #1[0])
02-03 00:51:53.684   602 18231 D DlbDap2QmfProcess: setParam(miee = #1[0])
02-03 00:51:53.684   602 18231 D DlbDap2QmfProcess: setParam(mdle = #1[0])
02-03 00:51:53.684   602 18231 D DlbDap2QmfProcess: setParam(dvle = #1[1])
02-03 00:51:53.684   602 18231 D DlbDap2QmfProcess: setParam(mave = #1[0])
02-03 00:51:53.684   602 18231 D DlbDap2QmfProcess: setParam(vcbf = #20[47, 141, 234, 328, 469, 656, 844, 1031, 1313, 1688, 2250, 3000, 3750, 4688, 5813, 7125, 9000, 11250, 13875, 19688])
02-03 00:51:53.684   602 18231 D DlbDap2QmfProcess: setParam(ieon = #1[0])
02-03 00:51:53.684   602 18231 D DlbDap2QmfProcess: setParam(gebs = #41[20, 47, 141, 234, 328, 469, 656, 844, 1031, 1313, 1688, 2250, 3000, 3750, 4688, 5813, 7125, 9000, 11250, 13875, 19688, 0, 0, 0, 0, 0, 0, 0, 0, 0, 0, 0, 0, 0, 0, 0, 0, 0, 0, 0, 0])
02-03 00:51:53.684   602 18231 D DlbDap2QmfProcess: setParam(iebs = #41[20, 65, 136, 223, 332, 467, 634, 841, 1098, 1416, 1812, 2302, 2909, 3663, 4598, 5756, 7194, 8976, 11186, 13927, 17326, 117, 133, 188, 176, 141, 149, 175, 185, 185, 200, 236, 242, 228, 213, 182, 132, 110, 68, -27, -240])
02-03 00:51:53.684   602 18231 D DlbDap2QmfProcess: setParam(dea = #1[7])
02-03 00:51:53.684   602 18231 D DlbDap2QmfProcess: setParam(dsa = #1[10])
02-03 00:51:53.684   602 18231 D DlbDap2QmfProcess: setParam(beb = #1[192])
02-03 00:51:53.684   602 18231 D DlbDap2QmfProcess: setParam(plb = #1[0])
02-03 00:51:53.684   602 18231 D DlbDap2QmfProcess: setParam(vmb = #1[144])
02-03 00:51:53.685   602 18231 D DlbDap2QmfProcess: setParam(dsb = #1[48])
02-03 00:51:53.685   602 18231 D DlbDap2QmfProcess: setParam(ded = #1[0])
02-03 00:51:53.685   602 18231 D DlbDap2QmfProcess: setParam(dom = #1[0])
02-03 00:51:53.685   602 18231 D DlbDap2QmfProcess: setParam(bew = #1[16])
02-03 00:51:53.685   602 18231 D DlbDap2QmfProcess: setParam(dvla = #1[5])
02-03 00:51:53.685   602 18231 D DlbDap2QmfProcess: setParam(dfsa = #1[10])
02-03 00:51:53.685   602 18231 D DlbDap2QmfProcess: setParam(dhsa = #1[10])
02-03 00:51:53.685   602 18231 D DlbDap2QmfProcess: setParam(dvmc = #1[0])
02-03 00:51:53.685   602 18231 D DlbDap2QmfProcess: setParam(dvle = #1[1])
02-03 00:51:53.685   602 18231 D DlbDap2QmfProcess: setParam(dvme = #1[0])
02-03 00:51:53.685   602 18231 D DlbDap2QmfProcess: setParam(becf = #1[200])
02-03 00:51:53.685   602 18231 D DlbDap2QmfProcess: setParam(vbmf = #2[94, 469])
02-03 00:51:53.685   602 18231 D DlbDap2QmfProcess: setParam(vbsf = #2[35, 160])
02-03 00:51:53.685   602 18231 D DlbDap2QmfProcess: setParam(vbhg = #3[-32, -144, -192])
02-03 00:51:53.685   602 18231 D DlbDap2QmfProcess: setParam(vbog = #1[0])
02-03 00:51:53.685   602 18231 D DlbDap2QmfProcess: setParam(vbsg = #1[0])
02-03 00:51:53.685   602 18231 D DlbDap2QmfProcess: setParam(dvli = #1[-320])
02-03 00:51:53.685   602 18231 D DlbDap2QmfProcess: setParam(dhfm = #1[2])
02-03 00:51:53.685   602 18231 D DlbDap2QmfProcess: setParam(deon = #1[0])
02-03 00:51:53.685   602 18231 D DlbDap2QmfProcess: setParam(ngon = #1[1])
02-03 00:51:53.685   602 18231 D DlbDap2QmfProcess: setParam(dvlo = #1[-320])
02-03 00:51:53.685   602 18231 D DlbDap2QmfProcess: setParam(aobs = #222[20, 10, 47, 141, 234, 328, 469, 656, 844, 1031, 1313, 1688, 2250, 3000, 3750, 4688, 5813, 7125, 9000, 11250, 13875, 19688, 0, 0, 0, 0, 0, 0, 0, 0, 0, 0, 0, 0, 0, 0, 0, 0, 0, 0, 0, 0, 0, 0, 0, 0, 0, 0, 0, 0, 0, 0, 0, 0, 0, 0, 0, 0, 0, 0, 0, 0, 0, 0, 0, 0, 0, 0, 0, 0, 0, 0, 0, 0, 0, 0, 0, 0, 0, 0, 0, 0, 0, 0, 0, 0, 0, 0, 0, 0, 0, 0, 0, 0, 0, 0, 0, 0, 0, 0, 0, 0, 0, 0, 0, 0, 0, 0, 0, 0, 0, 0, 0, 0, 0, 0, 0, 0, 0, 0, 0, 0, 0, 0, 0, 0, 0, 0, 0, 0, 0, 0, 0, 0, 0, 0, 0, 0, 0, 0, 0, 0, 0, 0, 0, 0, 0, 0, 0, 0, 0, 0, 0, 0, 0, 0, 0, 0, 0, 0, 0, 0, 0, 0, 0, 0, 0, 0, 0, 0, 0, 0, 0, 0, 0, 0, 0, 0, 0, 0, 0, 0, 0, 0, 0, 0, 0, 0, 0, 0, 0, 0, 0, 0, 0, 0, 0, 0, 0, 0, 0, 0, 0, 0, 0, 0, 0, 0, 0, 0, 0, 0, 0, 0, 0, 0, 0, 0, 0, 0, 0, 0])
02-03 00:51:53.685   602 18231 D DlbDap2QmfProcess: setParam(dvle = #1[1])
02-03 00:51:53.685   602 18231 D DlbDap2QmfProcess: setParam(dvli = #1[-496])
02-03 00:51:53.685   602 18231 D DlbDap2QmfProcess: setParam(dvlo = #1[-176])
02-03 00:51:53.685   602 18231 D ARenderer: updateDapVolumeLeveler: Setting output level to -11.00dB
02-03 00:51:53.685   602 18231 D DlbDap2QmfProcess: setParam(vmb = #1[0])
02-03 00:51:53.685   602 18231 D DlbDap2QmfProcess: setParam(preg = #1[-384])
02-03 00:51:53.685   602 18231 D DlbDap2QmfProcess: setParam(vol = #1[384])
02-03 00:51:53.685   602 18231 D DlbDap2QmfProcess: setMave(mave = 0)
02-03 00:51:53.694   589  4568 D audio_hw_primary: enable_snd_device: snd_device(2: speaker)
02-03 00:51:53.696   589  4568 D audio_hw_primary: enable_audio_route: usecase(0) apply and update mixer path: deep-buffer-playback speaker
02-03 00:51:53.717 18190 18190 D featureTest: receive broadcast , record log :0
02-03 00:51:53.839   589   772 D AudioFlinger: mixer(0xf0683c00) throttle end: throttle time(49)
02-03 00:51:54.960   589  4575 D DlbDap2Process: process() called [813500] times
02-03 00:51:55.631   823   823 W WindowManager: removeWindowToken: Attempted to remove non-existing token: android.os.Binder@6b38a1f
02-03 00:51:55.677   427   427 D SurfaceFlinger: duplicate layer name: changing Toast to Toast#1
02-03 00:51:57.524 17374 17374 I ServiceManager: Waiting for service AtCmdFwd...
02-03 00:51:57.640   589  4575 D DlbDap2Process: process() called [814000] times
02-03 00:51:57.646   823   823 W WindowManager: removeWindowToken: Attempted to remove non-existing token: android.os.Binder@a54fdb1
02-03 00:51:58.525 17374 17374 I ServiceManager: Waiting for service AtCmdFwd...
