02-04 23:03:37.354   589   709 D NuPlayerDriver: reset(0xe5732770) at state 5
02-04 23:03:37.355   589   709 D NuPlayerDriver: notifyListener_l(0xe5732770), (8, 0, 0, -1), loop setting(0, 1)
02-04 23:03:37.366   589 29340 D NuPlayerDriver: notifyResetComplete(0xe5732770)
02-04 23:03:37.370   589   709 D AudioTrack: stop() called with 0 frames delivered
02-04 23:03:37.432   581   724 D DlbDlbEffect: handle_EFFECT_CMD_DISABLE()
02-04 23:03:37.432   581   724 D DlbDapCrossfadeProcess: setEnabled transitioning from DAP_ACTIVE state to FADE_TO_BYPASS
02-04 23:03:37.435   581   724 D DlbDlbEffect: handle_EFFECT_CMD_SET_CONFIG()
02-04 23:03:37.435   581   724 D DlbDapEndpointParamCache: setDevice(device=0x00000002)
02-04 23:03:37.435   421   421 D DMSService: setActiveDevice called with device = 0x2
02-04 23:03:37.435   581   724 D DlbDlbEffect: handle_EFFECT_CMD_ENABLE()
02-04 23:03:37.435   581   724 D DlbDapCrossfadeProcess: setEnabled transitioning from FADE_TO_BYPASS state to FADE_TO_ACTIVE
02-04 23:03:37.661 29407 29407 D featureTest: onCreate
02-04 23:03:37.880 29407 29407 D AudioTrack: Client defaulted notificationFrames to 962 for frameCount 1924
02-04 23:03:37.894 29407 29407 W AudioTrack: Use of stream types is deprecated for operations other than volume control
02-04 23:03:37.894 29407 29407 W AudioTrack: See the documentation of AudioTrack() for what to use instead with android.media.AudioAttributes to qualify your playback use case
02-04 23:03:37.920 29407 29407 D featureTest: onResume
02-04 23:03:38.490 29407 29407 D featureTest: receive broadcast , playing content location :/sdcard/featureTest/chopper_1.0_180_420_02.wav
02-04 23:03:38.498 29407 29407 D featureTest: mMediaPlayer.getAudioSessionId(): 4025
02-04 23:03:38.498 29407 29407 D featureTest: Playing file: /sdcard/featureTest/chopper_1.0_180_420_02.wav
02-04 23:03:38.499   589   589 D NuPlayerDriver: NuPlayerDriver(0xe5732380) created, clientPid(29407)
02-04 23:03:38.520   589 29435 D NuPlayerDriver: notifyListener_l(0xe5732380), (1, 0, 0, -1), loop setting(0, 0)
02-04 23:03:38.528   589   589 D NuPlayerDriver: start(0xe5732380), state is 4, eos is 0
02-04 23:03:38.535   593  1187 I OMXMaster: makeComponentInstance(OMX.google.raw.decoder) in android.hardwar process
02-04 23:03:38.539   589 29443 I ACodec  : codec does not support config priority (err -2147483648)
02-04 23:03:38.540   589 29443 I MediaCodec: MediaCodec will operate in async mode
02-04 23:03:38.549   589 29441 D AudioTrack: Client defaulted notificationFrames to 7350 for frameCount 22050
02-04 23:03:38.549   581   581 D DlbDlbEffect: handle_EFFECT_CMD_DISABLE()
02-04 23:03:38.549   581   581 D DlbDapCrossfadeProcess: setEnabled transitioning from FADE_TO_ACTIVE state to FADE_TO_BYPASS
02-04 23:03:38.554   581   581 D DlbDlbEffect: handle_EFFECT_CMD_SET_CONFIG()
02-04 23:03:38.554   581   581 D DlbDapEndpointParamCache: setDevice(device=0x00000002)
02-04 23:03:38.554   421   421 D DMSService: setActiveDevice called with device = 0x2
02-04 23:03:38.554   581   581 D DlbDlbEffect: handle_EFFECT_CMD_ENABLE()
02-04 23:03:38.554   581   581 D DlbDapCrossfadeProcess: setEnabled transitioning from FADE_TO_BYPASS state to FADE_TO_ACTIVE
02-04 23:03:38.555   589 29435 D NuPlayerDriver: notifyListener_l(0xe5732380), (6, 0, 0, -1), loop setting(0, 1)
02-04 23:03:38.561 29407 29407 D featureTest: receive broadcast , change ds status :0
02-04 23:03:38.563   581  5115 D DlbDapCrossfadeProcess: process transitioning from FADE_TO_ACTIVE state to DAP_ACTIVE
02-04 23:03:38.588   581  7829 D DlbDlbEffect: handle_EFFECT_CMD_SET_PARAM()
02-04 23:03:38.613   581  5115 D DlbDapCrossfadeProcess: setEnabled transitioning from DAP_ACTIVE state to FADE_TO_BYPASS
02-04 23:03:38.645 29407 29407 D featureTest: receive broadcast , change ds profile id :2
02-04 23:03:38.658   581  5115 D DlbDapCrossfadeProcess: process transitioning from FADE_TO_BYPASS state to DAP_BYPASSED
02-04 23:03:38.659   581  5143 D DlbDlbEffect: handle_EFFECT_CMD_SET_PARAM()
02-04 23:03:38.659   421   460 I DapController: Profile Changed to Music
02-04 23:03:38.684   581   770 D AudioFlinger: mixer(0xf2983980) throttle end: throttle time(39)
02-04 23:03:38.688   581  5115 D DlbDapEndpointParamCache: commitChangedParams()
02-04 23:03:38.688   581  5115 D DlbDapEndpointParamCache: commit() Applying parameters for device 0x40000000
02-04 23:03:38.688   581  5115 D DlbDap2Process: setParam(iea = #1[10])
02-04 23:03:38.688   581  5115 D DlbDap2Process: setParam(msce = #1[0])
02-04 23:03:38.688   581  5115 D DlbDap2Process: setParam(mdee = #1[0])
02-04 23:03:38.688   581  5115 D DlbDap2Process: setParam(miee = #1[0])
02-04 23:03:38.688   581  5115 D DlbDap2Process: setParam(mdle = #1[0])
02-04 23:03:38.688   581  5115 D DlbDap2Process: setParam(dvle = #1[1])
02-04 23:03:38.688   581  5115 D DlbDap2Process: setParam(mave = #1[0])
02-04 23:03:38.688   581  5115 D DlbDap2Process: setParam(vcbf = #20[47, 141, 234, 328, 469, 656, 844, 1031, 1313, 1688, 2250, 3000, 3750, 4688, 5813, 7125, 9000, 11250, 13875, 19688])
02-04 23:03:38.688   581  5115 D DlbDap2Process: setParam(vbon = #1[0])
02-04 23:03:38.688   581  5115 D DlbDap2Process: setParam(beon = #1[0])
02-04 23:03:38.688   581  5115 D DlbDap2Process: setParam(geon = #1[0])
02-04 23:03:38.688   581  5115 D DlbDap2Process: setParam(ieon = #1[1])
02-04 23:03:38.689   581  5115 D DlbDap2Process: setParam(gebs = #41[20, 47, 141, 234, 328, 469, 656, 844, 1031, 1313, 1688, 2250, 3000, 3750, 4688, 5813, 7125, 9000, 11250, 13875, 19688, 0, 0, 0, 0, 0, 0, 0, 0, 0, 0, 0, 0, 0, 0, 0, 0, 0, 0, 0, 0])
02-04 23:03:38.689   581  5115 D DlbDap2Process: setParam(iebs = #41[20, 65, 136, 223, 332, 467, 634, 841, 1098, 1416, 1812, 2302, 2909, 3663, 4598, 5756, 7194, 8976, 11186, 13927, 17326, 117, 133, 188, 176, 141, 149, 175, 185, 185, 200, 236, 242, 228, 213, 182, 132, 110, 68, -27, -240])
02-04 23:03:38.689   581  5115 D DlbDapEndpointParamCache: doCommit() Committed 15 parameters out of 16.
02-04 23:03:38.689   581  5115 D DlbDapEndpointParamCache: commit() Overriding parameters for current device 0x00000002
02-04 23:03:38.689   581  5115 D DlbDap2Process: setParam(dea = #1[7])
02-04 23:03:38.689   581  5115 D DlbDap2Process: setParam(dsa = #1[10])
02-04 23:03:38.689   581  5115 D DlbDap2Process: setParam(beb = #1[192])
02-04 23:03:38.689   581  5115 D DlbDap2Process: setParam(plb = #1[0])
02-04 23:03:38.689   581  5115 D DlbDap2Process: setParam(vmb = #1[144])
02-04 23:03:38.689   581  5115 D DlbDap2Process: setParam(dsb = #1[0])
02-04 23:03:38.689   581  5115 D DlbDap2Process: setParam(ded = #1[0])
02-04 23:03:38.689   581  5115 D DlbDap2Process: setParam(vbm = #1[3])
02-04 23:03:38.689   581  5115 D DlbDap2Process: DAP output mode set to 1 with 2 output channels and null mix matrix.
02-04 23:03:38.689   581  5115 D DlbDap2Process: setParam(dom = #1[0])
02-04 23:03:38.689   581  5115 D DlbDap2Process: setParam(bew = #1[16])
02-04 23:03:38.689   581  5115 D DlbDap2Process: setParam(dvla = #1[4])
02-04 23:03:38.689   581  5115 D DlbDap2Process: setParam(arra = #1[96])
02-04 23:03:38.689   581  5115 D DlbDap2Process: setParam(dfsa = #1[10])
02-04 23:03:38.689   581  5115 D DlbDap2Process: setParam(dhsa = #1[10])
02-04 23:03:38.689   581  5115 D DlbDap2Process: setParam(dvmc = #1[0])
02-04 23:03:38.689   581  5115 D DlbDap2Process: setParam(arod = #1[0])
02-04 23:03:38.689   581  5115 D DlbDap2Process: setParam(arde = #1[1])
02-04 23:03:38.689   581  5115 D DlbDap2Process: setParam(dvle = #1[1])
02-04 23:03:38.689   581  5115 D DlbDap2Process: setParam(dvme = #1[0])
02-04 23:03:38.689   581  5115 D DlbDap2Process: setParam(becf = #1[200])
02-04 23:03:38.689   581  5115 D DlbDap2Process: setParam(vbmf = #2[94, 469])
02-04 23:03:38.689   581  5115 D DlbDap2Process: setParam(vbsf = #2[35, 160])
02-04 23:03:38.689   581  5115 D DlbDap2Process: setParam(vbhg = #3[-32, -144, -192])
02-04 23:03:38.689   581  5115 D DlbDap2Process: setParam(vbog = #1[0])
02-04 23:03:38.689   581  5115 D DlbDap2Process: setParam(vbsg = #1[0])
02-04 23:03:38.690   581  5115 D DlbDap2Process: setParam(dvli = #1[-320])
02-04 23:03:38.690   581  5115 D DlbDap2Process: setParam(dhfm = #1[2])
02-04 23:03:38.690   581  5115 D DlbDap2Process: setParam(vbon = #1[0])
02-04 23:03:38.690   581  5115 D DlbDap2Process: setParam(beon = #1[0])
02-04 23:03:38.690   581  5115 D DlbDap2Process: setParam(deon = #1[0])
02-04 23:03:38.690   581  5115 D DlbDap2Process: setParam(ngon = #1[1])
02-04 23:03:38.690   581  5115 D DlbDap2Process: setParam(aoon = #1[1])
02-04 23:03:38.690   581  5115 D DlbDap2Process: setParam(aron = #1[1])
02-04 23:03:38.690   581  5115 D DlbDap2Process: setParam(dvlo = #1[-320])
02-04 23:03:38.690   581  5115 D DlbDap2Process: setParam(artp = #1[12])
02-04 23:03:38.690   581  5115 D DlbDap2Process: setParam(aobs = #222[20, 10, 47, 141, 234, 328, 469, 656, 844, 1031, 1313, 1688, 2250, 3000, 3750, 4688, 5813, 7125, 9000, 11250, 13875, 19688, 0, 0, 0, 0, 0, 0, 0, 0, 0, 0, 0, 0, 0, 0, 0, 0, 0, 0, 0, 0, 0, 0, 0, 0, 0, 0, 0, 0, 0, 0, 0, 0, 0, 0, 0, 0, 0, 0, 0, 0, 0, 0, 0, 0, 0, 0, 0, 0, 0, 0, 0, 0, 0, 0, 0, 0, 0, 0, 0, 0, 0, 0, 0, 0, 0, 0, 0, 0, 0, 0, 0, 0, 0, 0, 0, 0, 0, 0, 0, 0, 0, 0, 0, 0, 0, 0, 0, 0, 0, 0, 0, 0, 0, 0, 0, 0, 0, 0, 0, 0, 0, 0, 0, 0, 0, 0, 0, 0, 0, 0, 0, 0, 0, 0, 0, 0, 0, 0, 0, 0, 0, 0, 0, 0, 0, 0, 0, 0, 0, 0, 0, 0, 0, 0, 0, 0, 0, 0, 0, 0, 0, 0, 0, 0, 0, 0, 0, 0, 0, 0, 0, 0, 0, 0, 0, 0, 0, 0, 0, 0, 0, 0, 0, 0, 0, 0, 0, 0, 0, 0, 0, 0, 0, 0, 0, 0, 0, 0, 0, 0, 0, 0, 0, 0, 0, 0, 0, 0, 0, 0, 0, 0, 0, 0, 0, 0, 0, 0, 0, 0])
02-04 23:03:38.691   581  5115 D DlbDap2Process: setParam(arbs = #81[20, 47, 141, 234, 328, 469, 656, 844, 1031, 1313, 1688, 2250, 3000, 3750, 4688, 5813, 7125, 9000, 11250, 13875, 19688, -192, -192, -192, -192, -192, -192, -192, -192, -192, -192, -192, -192, -192, -192, -192, -192, -192, -192, -192, -192, 0, 0, 0, 0, 0, 0, 0, 0, 0, 0, 0, 0, 0, 0, 0, 0, 0, 0, 0, 0, 0, 0, 0, 0, 0, 0, 0, 0, 0, 0, 0, 0, 0, 0, 0, 0, 0, 0, 0, 0])
02-04 23:03:38.691   581  5115 D DlbDapEndpointParamCache: doCommit() Committed 37 parameters out of 37.
02-04 23:03:38.718 29407 29407 D featureTest: receive broadcast , playing content location :/sdcard/featureTest/chopper_1.0_180_420_02.wav
02-04 23:03:38.720   589  1170 D NuPlayerDriver: stop(0xe5732380)
02-04 23:03:38.720   589  1170 D NuPlayerDriver: notifyListener_l(0xe5732380), (8, 0, 0, -1), loop setting(0, 1)
02-04 23:03:38.720   589 26717 D NuPlayerDriver: reset(0xe5732380) at state 8
02-04 23:03:38.727   589 29435 D NuPlayerDriver: notifyResetComplete(0xe5732380)
02-04 23:03:38.728   589   589 D NuPlayerDriver: reset(0xe5732380) at state 0
02-04 23:03:38.738 29407 29407 D featureTest: mMediaPlayer.getAudioSessionId(): 4033
02-04 23:03:38.738 29407 29407 D featureTest: Playing file: /sdcard/featureTest/chopper_1.0_180_420_02.wav
02-04 23:03:38.739   589  1170 D NuPlayerDriver: NuPlayerDriver(0xe3e610e0) created, clientPid(29407)
02-04 23:03:38.759   589 29457 D NuPlayerDriver: notifyListener_l(0xe3e610e0), (1, 0, 0, -1), loop setting(0, 0)
02-04 23:03:38.763   589  1170 D NuPlayerDriver: start(0xe3e610e0), state is 4, eos is 0
02-04 23:03:38.770   593 20514 I OMXMaster: makeComponentInstance(OMX.google.raw.decoder) in android.hardwar process
02-04 23:03:38.774   589 29463 I ACodec  : codec does not support config priority (err -2147483648)
02-04 23:03:38.776   589 29463 I MediaCodec: MediaCodec will operate in async mode
02-04 23:03:38.785   589 29461 D AudioTrack: Client defaulted notificationFrames to 7350 for frameCount 22050
02-04 23:03:38.786   589 29457 D NuPlayerDriver: notifyListener_l(0xe3e610e0), (6, 0, 0, -1), loop setting(0, 1)
02-04 23:03:38.787 29407 29407 D featureTest: receive broadcast , change ds status :1
02-04 23:03:38.800   581  7829 D DlbDlbEffect: handle_EFFECT_CMD_SET_PARAM()
02-04 23:03:38.845   581  5115 D DlbDapCrossfadeProcess: setEnabled transitioning from DAP_BYPASSED state to PREROLL_ACTIVE
02-04 23:03:38.845   581  5115 D DlbDap2Process: setMave(mave = 0)
02-04 23:03:38.866 29407 29407 D featureTest: receive broadcast , change ds profile id :5
02-04 23:03:38.878   581   731 D DlbDlbEffect: handle_EFFECT_CMD_SET_PARAM()
02-04 23:03:38.878   421   460 I DapController: Profile Changed to Custom
02-04 23:03:38.887   581  5115 D DlbDapEndpointParamCache: commitChangedParams()
02-04 23:03:38.887   581  5115 D DlbDapEndpointParamCache: commit() Applying parameters for device 0x40000000
02-04 23:03:38.887   581  5115 D DlbDap2Process: setParam(iea = #1[10])
02-04 23:03:38.887   581  5115 D DlbDap2Process: setParam(msce = #1[0])
02-04 23:03:38.887   581  5115 D DlbDap2Process: setParam(mdee = #1[0])
02-04 23:03:38.887   581  5115 D DlbDap2Process: setParam(miee = #1[0])
02-04 23:03:38.887   581  5115 D DlbDap2Process: setParam(mdle = #1[0])
02-04 23:03:38.887   581  5115 D DlbDap2Process: setParam(dvle = #1[1])
02-04 23:03:38.887   581  5115 D DlbDap2Process: setParam(mave = #1[0])
02-04 23:03:38.887   581  5115 D DlbDap2Process: setParam(vcbf = #20[47, 141, 234, 328, 469, 656, 844, 1031, 1313, 1688, 2250, 3000, 3750, 4688, 5813, 7125, 9000, 11250, 13875, 19688])
02-04 23:03:38.887   581  5115 D DlbDap2Process: setParam(vbon = #1[0])
02-04 23:03:38.887   581  5115 D DlbDap2Process: setParam(beon = #1[0])
02-04 23:03:38.888   581  5115 D DlbDap2Process: setParam(geon = #1[0])
02-04 23:03:38.888   581  5115 D DlbDap2Process: setParam(ieon = #1[0])
02-04 23:03:38.888   581  5115 D DlbDap2Process: setParam(gebs = #41[20, 47, 141, 234, 328, 469, 656, 844, 1031, 1313, 1688, 2250, 3000, 3750, 4688, 5813, 7125, 9000, 11250, 13875, 19688, 0, 0, 0, 0, 0, 0, 0, 0, 0, 0, 0, 0, 0, 0, 0, 0, 0, 0, 0, 0])
02-04 23:03:38.888   581  5115 D DlbDap2Process: setParam(iebs = #41[20, 65, 136, 223, 332, 467, 634, 841, 1098, 1416, 1812, 2302, 2909, 3663, 4598, 5756, 7194, 8976, 11186, 13927, 17326, 117, 133, 188, 176, 141, 149, 175, 185, 185, 200, 236, 242, 228, 213, 182, 132, 110, 68, -27, -240])
02-04 23:03:38.888   581  5115 D DlbDapEndpointParamCache: doCommit() Committed 15 parameters out of 16.
02-04 23:03:38.888   581  5115 D DlbDapEndpointParamCache: commit() Overriding parameters for current device 0x00000002
02-04 23:03:38.888   581  5115 D DlbDap2Process: setParam(dea = #1[7])
02-04 23:03:38.888   581  5115 D DlbDap2Process: setParam(dsa = #1[10])
02-04 23:03:38.888   581  5115 D DlbDap2Process: setParam(beb = #1[192])
02-04 23:03:38.888   581  5115 D DlbDap2Process: setParam(plb = #1[0])
02-04 23:03:38.888   581  5115 D DlbDap2Process: setParam(vmb = #1[144])
02-04 23:03:38.888   581  5115 D DlbDap2Process: setParam(dsb = #1[48])
02-04 23:03:38.888   581  5115 D DlbDap2Process: setParam(ded = #1[0])
02-04 23:03:38.888   581  5115 D DlbDap2Process: setParam(vbm = #1[3])
02-04 23:03:38.888   581  5115 D DlbDap2Process: setParam(dom = #1[0])
02-04 23:03:38.888   581  5115 D DlbDap2Process: setParam(bew = #1[16])
02-04 23:03:38.888   581  5115 D DlbDap2Process: setParam(dvla = #1[5])
02-04 23:03:38.888   581  5115 D DlbDap2Process: setParam(arra = #1[96])
02-04 23:03:38.888   581  5115 D DlbDap2Process: setParam(dfsa = #1[10])
02-04 23:03:38.888   581  5115 D DlbDap2Process: setParam(dhsa = #1[10])
02-04 23:03:38.888   581  5115 D DlbDap2Process: setParam(dvmc = #1[0])
02-04 23:03:38.888   581  5115 D DlbDap2Process: setParam(arod = #1[0])
02-04 23:03:38.888   581  5115 D DlbDap2Process: setParam(arde = #1[1])
02-04 23:03:38.888   581  5115 D DlbDap2Process: setParam(dvle = #1[1])
02-04 23:03:38.888   581  5115 D DlbDap2Process: setParam(dvme = #1[0])
02-04 23:03:38.888   581  5115 D DlbDap2Process: setParam(becf = #1[200])
02-04 23:03:38.888   581  5115 D DlbDap2Process: setParam(vbmf = #2[94, 469])
02-04 23:03:38.888   581  5115 D DlbDap2Process: setParam(vbsf = #2[35, 160])
02-04 23:03:38.888   581  5115 D DlbDap2Process: setParam(vbhg = #3[-32, -144, -192])
02-04 23:03:38.888   581  5115 D DlbDap2Process: setParam(vbog = #1[0])
02-04 23:03:38.888   581  5115 D DlbDap2Process: setParam(vbsg = #1[0])
02-04 23:03:38.888   581  5115 D DlbDap2Process: setParam(dvli = #1[-320])
02-04 23:03:38.889   581  5115 D DlbDap2Process: setParam(dhfm = #1[2])
02-04 23:03:38.889   581  5115 D DlbDap2Process: setParam(vbon = #1[0])
02-04 23:03:38.889   581  5115 D DlbDap2Process: setParam(beon = #1[0])
02-04 23:03:38.889   581  5115 D DlbDap2Process: setParam(deon = #1[0])
02-04 23:03:38.889   581  5115 D DlbDap2Process: setParam(ngon = #1[1])
02-04 23:03:38.889   581  5115 D DlbDap2Process: setParam(aoon = #1[1])
02-04 23:03:38.889   581  5115 D DlbDap2Process: setParam(aron = #1[1])
02-04 23:03:38.889   581  5115 D DlbDap2Process: setParam(dvlo = #1[-320])
02-04 23:03:38.889   581  5115 D DlbDap2Process: setParam(artp = #1[12])
02-04 23:03:38.889   581  5115 D DlbDap2Process: setParam(aobs = #222[20, 10, 47, 141, 234, 328, 469, 656, 844, 1031, 1313, 1688, 2250, 3000, 3750, 4688, 5813, 7125, 9000, 11250, 13875, 19688, 0, 0, 0, 0, 0, 0, 0, 0, 0, 0, 0, 0, 0, 0, 0, 0, 0, 0, 0, 0, 0, 0, 0, 0, 0, 0, 0, 0, 0, 0, 0, 0, 0, 0, 0, 0, 0, 0, 0, 0, 0, 0, 0, 0, 0, 0, 0, 0, 0, 0, 0, 0, 0, 0, 0, 0, 0, 0, 0, 0, 0, 0, 0, 0, 0, 0, 0, 0, 0, 0, 0, 0, 0, 0, 0, 0, 0, 0, 0, 0, 0, 0, 0, 0, 0, 0, 0, 0, 0, 0, 0, 0, 0, 0, 0, 0, 0, 0, 0, 0, 0, 0, 0, 0, 0, 0, 0, 0, 0, 0, 0, 0, 0, 0, 0, 0, 0, 0, 0, 0, 0, 0, 0, 0, 0, 0, 0, 0, 0, 0, 0, 0, 0, 0, 0, 0, 0, 0, 0, 0, 0, 0, 0, 0, 0, 0, 0, 0, 0, 0, 0, 0, 0, 0, 0, 0, 0, 0, 0, 0, 0, 0, 0, 0, 0, 0, 0, 0, 0, 0, 0, 0, 0, 0, 0, 0, 0, 0, 0, 0, 0, 0, 0, 0, 0, 0, 0, 0, 0, 0, 0, 0, 0, 0, 0, 0, 0, 0, 0, 0])
02-04 23:03:38.890   581  5115 D DlbDap2Process: setParam(arbs = #81[20, 47, 141, 234, 328, 469, 656, 844, 1031, 1313, 1688, 2250, 3000, 3750, 4688, 5813, 7125, 9000, 11250, 13875, 19688, -192, -192, -192, -192, -192, -192, -192, -192, -192, -192, -192, -192, -192, -192, -192, -192, -192, -192, -192, -192, 0, 0, 0, 0, 0, 0, 0, 0, 0, 0, 0, 0, 0, 0, 0, 0, 0, 0, 0, 0, 0, 0, 0, 0, 0, 0, 0, 0, 0, 0, 0, 0, 0, 0, 0, 0, 0, 0, 0, 0])
02-04 23:03:38.890   581  5115 D DlbDapEndpointParamCache: doCommit() Committed 37 parameters out of 37.
02-04 23:03:38.890   581  5115 D DlbDap2Process: setMave(mave = 0)
02-04 23:03:38.893   581  5115 D DlbDapCrossfadeProcess: process transitioning from PREROLL_ACTIVE state to FADE_TO_ACTIVE
02-04 23:03:38.939 29407 29407 D featureTest: receive broadcast , change virtual speaker  virtualizer :0
02-04 23:03:38.955   581  5355 D DlbDlbEffect: handle_EFFECT_CMD_SET_PARAM()
02-04 23:03:39.006   581  5115 D DlbDapCrossfadeProcess: process transitioning from FADE_TO_ACTIVE state to DAP_ACTIVE
02-04 23:03:39.010 29407 29407 D featureTest: receive broadcast , record log :0
02-04 23:03:40.814   581  5115 D DlbDap2Process: process() called [289000] times
02-04 23:03:43.491   581  5115 D DlbDap2Process: process() called [289500] times
