--------- beginning of system
02-03 00:53:07.628   823   834 I ActivityManager: Force stopping com.dolby.qa.featuretest appid=10075 user=0: from pid 18755
02-03 00:53:07.628   823   834 I ActivityManager: Killing 18658:com.dolby.qa.featuretest/u0a75 (adj 0): stop com.dolby.qa.featuretest
02-03 00:53:07.633   823   834 W ActivityManager: Force removing ActivityRecord{fd09192 u0 com.dolby.qa.featuretest/.MainActivity t662}: app died, no saved state
02-03 00:53:07.638   823   834 I WindowManager: Failed to capture screenshot of Token{114a763 ActivityRecord{fd09192 u0 com.dolby.qa.featuretest/.MainActivity t662 f}} appWin=Window{86f1a8 u0 com.dolby.qa.featuretest/com.dolby.qa.featuretest.MainActivity} drawState=4
02-03 00:53:07.652   823  1096 I WindowManager: WIN DEATH: Window{3e35476 u0 Toast}
--------- beginning of main
02-03 00:53:07.652   597  1214 D NuPlayerDriver: reset(0xf1bb2380) at state 5
02-03 00:53:07.653   597  1214 D NuPlayerDriver: notifyListener_l(0xf1bb2380), (8, 0, 0, -1), loop setting(0, 1)
02-03 00:53:07.667   597 18717 D NuPlayerDriver: notifyResetComplete(0xf1bb2380)
02-03 00:53:07.668   597  1214 D AudioTrack: stop() called with 0 frames delivered
02-03 00:53:07.672  1263  1263 D CarrierSvcBindHelper: No carrier app for: 0
02-03 00:53:07.673  2566  2566 D RegisteredNfcFServicesCache: Service unchanged, not updating
02-03 00:53:07.743   823   835 I ActivityManager: START u0 {flg=0x10000000 cmp=com.dolby.qa.featuretest/.MainActivity} from uid 2000
02-03 00:53:07.767   823  1577 I ActivityManager: Start proc 18761:com.dolby.qa.featuretest/u0a75 for activity com.dolby.qa.featuretest/.MainActivity
02-03 00:53:07.767 18761 18761 I zygote64: Late-enabling -Xcheck:jni
02-03 00:53:07.802   589   728 D DlbDlbEffect: handle_EFFECT_CMD_DISABLE()
02-03 00:53:07.803   589   728 D DlbDapCrossfadeProcess: setEnabled transitioning from DAP_ACTIVE state to FADE_TO_BYPASS
02-03 00:53:07.804   416   416 W /system/bin/hw/android.hidl.allocator@1.0-service: ashmem_create_region(3840) returning hidl_memory(0x77bb02c2e0, 3840)
02-03 00:53:07.804   589   728 D DlbDlbEffect: handle_EFFECT_CMD_SET_CONFIG()
02-03 00:53:07.804   589   728 D DlbDapEndpointParamCache: setDevice(device=0x00000002)
02-03 00:53:07.805   421   421 D DMSService: setActiveDevice called with device = 0x2
02-03 00:53:07.805   589   728 D DlbDlbEffect: handle_EFFECT_CMD_ENABLE()
02-03 00:53:07.805   589   728 D DlbDapCrossfadeProcess: setEnabled transitioning from FADE_TO_BYPASS state to FADE_TO_ACTIVE
02-03 00:53:07.980 18761 18761 D featureTest: onCreate
02-03 00:53:08.146   589   772 D audio_hw_primary: disable_audio_route: usecase(0) reset and update mixer path: deep-buffer-playback speaker
02-03 00:53:08.157   589   772 D audio_hw_primary: disable_snd_device: snd_device(2: speaker)
02-03 00:53:08.177 18761 18761 D AudioTrack: Client defaulted notificationFrames to 962 for frameCount 1924
02-03 00:53:08.186 18761 18761 W AudioTrack: Use of stream types is deprecated for operations other than volume control
02-03 00:53:08.186 18761 18761 W AudioTrack: See the documentation of AudioTrack() for what to use instead with android.media.AudioAttributes to qualify your playback use case
02-03 00:53:08.187   823   848 W ActivityManager: setHasOverlayUi called on unknown pid: 18658
02-03 00:53:08.197 18761 18761 W DolbyAudioEffect: WARNING: attaching a DolbyAudioEffect to global output mix is deprecated!
02-03 00:53:08.208 18761 18761 D featureTest: onResume
02-03 00:53:08.229 18761 18782 D OpenGLRenderer: HWUI GL Pipeline
02-03 00:53:08.281 18761 18782 I Adreno  : QUALCOMM build                   : 7142022, Ib5823dd10c
02-03 00:53:08.281 18761 18782 I Adreno  : Build Date                       : 06/23/17
02-03 00:53:08.281 18761 18782 I Adreno  : OpenGL ES Shader Compiler Version: EV031.18.00.00
02-03 00:53:08.281 18761 18782 I Adreno  : Local Branch                     : O11A
02-03 00:53:08.281 18761 18782 I Adreno  : Remote Branch                    : 
02-03 00:53:08.281 18761 18782 I Adreno  : Remote Branch                    : 
02-03 00:53:08.281 18761 18782 I Adreno  : Reconstruct Branch               : 
02-03 00:53:08.281 18761 18782 I vndksupport: sphal namespace is not configured for this process. Loading /vendor/lib64/hw/gralloc.msm8994.so from the current namespace instead.
02-03 00:53:08.286 18761 18782 I Adreno  : PFP: 0x00000000, ME: 0x00000000
02-03 00:53:08.290 18761 18782 I OpenGLRenderer: Initialized EGL, version 1.4
02-03 00:53:08.290 18761 18782 D OpenGLRenderer: Swap behavior 2
02-03 00:53:08.319   366   366 W /system/bin/hwservicemanager: getTransportFromManifest: Cannot find entry android.hardware.graphics.mapper@2.0::IMapper in either framework or device manifest, using default transport.
02-03 00:53:08.322 18761 18782 I vndksupport: sphal namespace is not configured for this process. Loading /vendor/lib64/hw/gralloc.msm8994.so from the current namespace instead.
02-03 00:53:08.346   823   848 I ActivityManager: Displayed com.dolby.qa.featuretest/.MainActivity: +589ms
02-03 00:53:08.564  2717  3063 W OpenGLRenderer: Incorrectly called buildLayer on View: ShortcutAndWidgetContainer, destroying layer...
02-03 00:53:08.730   823   823 W NotificationService: Object died trying to hide notification android.app.ITransientNotification$Stub$Proxy@99d086 in package com.dolby.qa.featuretest
02-03 00:53:08.730   823   823 W WindowManager: removeWindowToken: Attempted to remove non-existing token: android.os.Binder@cddedc6
02-03 00:53:08.730   823   823 W ActivityManager: setProcessForeground called on unknown pid: 18658
02-03 00:53:08.730   823   823 W NotificationService: Object died trying to show notification android.app.ITransientNotification$Stub$Proxy@caacd47 in package com.dolby.qa.featuretest
02-03 00:53:08.730   823   823 W ActivityManager: setProcessForeground called on unknown pid: 18658
02-03 00:53:08.731   823   823 W NotificationService: Object died trying to show notification android.app.ITransientNotification$Stub$Proxy@b2f3974 in package com.dolby.qa.featuretest
02-03 00:53:08.731   823   823 W ActivityManager: setProcessForeground called on unknown pid: 18658
02-03 00:53:08.731   823   823 W NotificationService: Object died trying to show notification android.app.ITransientNotification$Stub$Proxy@a54fe9d in package com.dolby.qa.featuretest
02-03 00:53:08.821 18761 18761 D featureTest: receive broadcast , playing content location :/sdcard/featureTest/chopper_5.1_180_420.wav
02-03 00:53:08.832 18761 18761 D featureTest: mMediaPlayer.getAudioSessionId(): 8001
02-03 00:53:08.832 18761 18761 D featureTest: Playing file: /sdcard/featureTest/chopper_5.1_180_420.wav
02-03 00:53:08.833   597 16834 D NuPlayerDriver: NuPlayerDriver(0xf1bb2850) created, clientPid(18761)
02-03 00:53:08.835 18793 18793 W generic : type=1400 audit(0.0:3011): avc: denied { read } for path="/storage/emulated/0/featuretest/chopper_5.1_180_420.wav" dev="sdcardfs" ino=523304 scontext=u:r:mediaextractor:s0 tcontext=u:object_r:sdcardfs:s0 tclass=file permissive=0
02-03 00:53:08.835 18761 18761 W MediaPlayer: Use of stream types is deprecated for operations other than volume control
02-03 00:53:08.835 18761 18761 W MediaPlayer: See the documentation of setAudioStreamType() for what to use instead with android.media.AudioAttributes to qualify your playback use case
02-03 00:53:08.837   597 18793 D GenericSource: FileSource remote
02-03 00:53:08.838   597 18793 W GenericSource: extractor service cannot make data source
02-03 00:53:08.838   597 18793 D GenericSource: FileSource local
02-03 00:53:08.840   595   595 W WAVExtractor: More than 2 channels (6) in non-WAVE_EXT, unknown channel mask
02-03 00:53:08.864   595   595 W WAVExtractor: More than 2 channels (6) in non-WAVE_EXT, unknown channel mask
02-03 00:53:08.865   595  1171 D MediaBufferGroup: creating MemoryDealer
02-03 00:53:08.865   597 18790 D NuPlayerDriver: notifyListener_l(0xf1bb2850), (1, 0, 0, -1), loop setting(0, 0)
02-03 00:53:08.874   597   597 D NuPlayerDriver: start(0xf1bb2850), state is 4, eos is 0
02-03 00:53:08.874   597 18790 I GenericSource: start
02-03 00:53:08.878 18761 18761 W DolbyAudioEffect: WARNING: attaching a DolbyAudioEffect to global output mix is deprecated!
02-03 00:53:08.880   602  1212 I OMXMaster: makeComponentInstance(OMX.google.raw.decoder) in android.hardwar process
02-03 00:53:08.882   602  1204 E OMXNodeInstance: setConfig(0xea307300:google.raw.decoder, ConfigPriority(0x6f800002)) ERROR: Undefined(0x80001001)
02-03 00:53:08.882   597 18799 I ACodec  : codec does not support config priority (err -2147483648)
02-03 00:53:08.883 18761 18761 D featureTest: receive broadcast , change ds status :1
02-03 00:53:08.883   602  5270 E OMXNodeInstance: getConfig(0xea307300:google.raw.decoder, ConfigAndroidVendorExtension(0x6f100004)) ERROR: Undefined(0x80001001)
02-03 00:53:08.883   597 18799 I MediaCodec: MediaCodec will operate in async mode
02-03 00:53:08.893   366   366 W /system/bin/hwservicemanager: getTransportFromManifest: Cannot find entry android.hardware.audio.effect@2.0::IEffectsFactory in either framework or device manifest, using default transport.
02-03 00:53:08.895   589  6472 D DlbDlbEffect: handle_EFFECT_CMD_SET_PARAM()
02-03 00:53:08.901   416   416 W /system/bin/hw/android.hidl.allocator@1.0-service: ashmem_create_region(3072) returning hidl_memory(0x77bb02c2e0, 3072)
02-03 00:53:08.903   416   416 W /system/bin/hw/android.hidl.allocator@1.0-service: ashmem_create_region(1024) returning hidl_memory(0x77bb02c2e0, 1024)
02-03 00:53:08.904   589  7203 E EffectHalHidl: Buffer provider callbacks are not supported
02-03 00:53:08.905   597 18797 D AudioTrack: Client defaulted notificationFrames to 12000 for frameCount 24000
02-03 00:53:08.907   589  4567 D DlbDlbEffect: handle_EFFECT_CMD_DISABLE()
02-03 00:53:08.907   589  4567 D DlbDapCrossfadeProcess: setEnabled transitioning from FADE_TO_ACTIVE state to FADE_TO_BYPASS
02-03 00:53:08.909   416   416 W /system/bin/hw/android.hidl.allocator@1.0-service: ashmem_create_region(7680) returning hidl_memory(0x77bb02c2e0, 7680)
02-03 00:53:08.909   589  4567 D DlbDlbEffect: handle_EFFECT_CMD_SET_CONFIG()
02-03 00:53:08.909   589  4567 D DlbDapEndpointParamCache: setDevice(device=0x00000002)
02-03 00:53:08.909   421   421 D DMSService: setActiveDevice called with device = 0x2
02-03 00:53:08.909   589  4567 D DlbDlbEffect: handle_EFFECT_CMD_ENABLE()
02-03 00:53:08.909   589  4567 D DlbDapCrossfadeProcess: setEnabled transitioning from FADE_TO_BYPASS state to FADE_TO_ACTIVE
02-03 00:53:08.910   597 18790 D NuPlayerDriver: notifyListener_l(0xf1bb2850), (6, 0, 0, -1), loop setting(0, 1)
02-03 00:53:08.917   589  4575 D DlbDapCrossfadeProcess: process transitioning from FADE_TO_ACTIVE state to DAP_ACTIVE
02-03 00:53:08.926   589  4568 D audio_hw_primary: enable_snd_device: snd_device(2: speaker)
02-03 00:53:08.928   589  4568 D audio_hw_primary: enable_audio_route: usecase(0) apply and update mixer path: deep-buffer-playback speaker
02-03 00:53:08.946 18761 18761 D featureTest: receive broadcast , change ds profile id :5
02-03 00:53:08.952   589  6769 D DlbDlbEffect: handle_EFFECT_CMD_SET_PARAM()
02-03 00:53:09.013 18761 18761 D featureTest: receive broadcast , change virtual speaker  virtualizer :1
02-03 00:53:09.024   589  5032 D DlbDlbEffect: handle_EFFECT_CMD_SET_PARAM()
02-03 00:53:09.030   589   772 D AudioFlinger: mixer(0xf0683c00) throttle end: throttle time(42)
02-03 00:53:09.033   589  4575 D DlbDapEndpointParamCache: commitChangedParams()
02-03 00:53:09.033   589  4575 D DlbDapEndpointParamCache: commit() Applying parameters for device 0x40000000
02-03 00:53:09.033   589  4575 D DlbDap2Process: setParam(iea = #1[10])
02-03 00:53:09.033   589  4575 D DlbDap2Process: setParam(msce = #1[0])
02-03 00:53:09.033   589  4575 D DlbDap2Process: setParam(mdee = #1[0])
02-03 00:53:09.033   589  4575 D DlbDap2Process: setParam(miee = #1[0])
02-03 00:53:09.034   589  4575 D DlbDap2Process: setParam(mdle = #1[0])
02-03 00:53:09.034   589  4575 D DlbDap2Process: setParam(dvle = #1[1])
02-03 00:53:09.034   589  4575 D DlbDap2Process: setParam(mave = #1[0])
02-03 00:53:09.034   589  4575 D DlbDap2Process: setParam(vcbf = #20[47, 141, 234, 328, 469, 656, 844, 1031, 1313, 1688, 2250, 3000, 3750, 4688, 5813, 7125, 9000, 11250, 13875, 19688])
02-03 00:53:09.034   589  4575 D DlbDap2Process: setParam(vbon = #1[0])
02-03 00:53:09.034   589  4575 D DlbDap2Process: setParam(beon = #1[0])
02-03 00:53:09.034   589  4575 D DlbDap2Process: setParam(geon = #1[0])
02-03 00:53:09.034   589  4575 D DlbDap2Process: setParam(ieon = #1[0])
02-03 00:53:09.034   589  4575 D DlbDap2Process: setParam(gebs = #41[20, 47, 141, 234, 328, 469, 656, 844, 1031, 1313, 1688, 2250, 3000, 3750, 4688, 5813, 7125, 9000, 11250, 13875, 19688, 0, 0, 0, 0, 0, 0, 0, 0, 0, 0, 0, 0, 0, 0, 0, 0, 0, 0, 0, 0])
02-03 00:53:09.034   589  4575 D DlbDap2Process: setParam(iebs = #41[20, 65, 136, 223, 332, 467, 634, 841, 1098, 1416, 1812, 2302, 2909, 3663, 4598, 5756, 7194, 8976, 11186, 13927, 17326, 117, 133, 188, 176, 141, 149, 175, 185, 185, 200, 236, 242, 228, 213, 182, 132, 110, 68, -27, -240])
02-03 00:53:09.034   589  4575 D DlbDapEndpointParamCache: doCommit() Committed 15 parameters out of 16.
02-03 00:53:09.034   589  4575 D DlbDapEndpointParamCache: commit() Overriding parameters for current device 0x00000002
02-03 00:53:09.034   589  4575 D DlbDap2Process: setParam(dea = #1[7])
02-03 00:53:09.034   589  4575 D DlbDap2Process: setParam(dsa = #1[10])
02-03 00:53:09.034   589  4575 D DlbDap2Process: setParam(beb = #1[192])
02-03 00:53:09.034   589  4575 D DlbDap2Process: setParam(plb = #1[0])
02-03 00:53:09.034   589  4575 D DlbDap2Process: setParam(vmb = #1[144])
02-03 00:53:09.034   589  4575 D DlbDap2Process: setParam(dsb = #1[48])
02-03 00:53:09.034   589  4575 D DlbDap2Process: setParam(ded = #1[0])
02-03 00:53:09.034   589  4575 D DlbDap2Process: setParam(vbm = #1[3])
02-03 00:53:09.034   589  4575 D DlbDap2Process: DAP output mode set to 11 with 2 output channels and custom mix matrix.
02-03 00:53:09.034   589  4575 D DlbDap2Process: setParam(dom = #17[1, 16384, 0, 0, 16384, 11583, 11583, 8192, 8192, 16384, 0, 0, 16384, 16384, 0, 0, 16384])
02-03 00:53:09.034   589  4575 D DlbDap2Process: setParam(bew = #1[16])
02-03 00:53:09.035   589  4575 D DlbDap2Process: setParam(dvla = #1[5])
02-03 00:53:09.035   589  4575 D DlbDap2Process: setParam(arra = #1[96])
02-03 00:53:09.035   589  4575 D DlbDap2Process: setParam(dfsa = #1[10])
02-03 00:53:09.035   589  4575 D DlbDap2Process: setParam(dhsa = #1[10])
02-03 00:53:09.035   589  4575 D DlbDap2Process: setParam(dvmc = #1[0])
02-03 00:53:09.035   589  4575 D DlbDap2Process: setParam(arod = #1[0])
02-03 00:53:09.035   589  4575 D DlbDap2Process: setParam(arde = #1[1])
02-03 00:53:09.035   589  4575 D DlbDap2Process: setParam(dvle = #1[1])
02-03 00:53:09.035   589  4575 D DlbDap2Process: setParam(dvme = #1[0])
02-03 00:53:09.035   589  4575 D DlbDap2Process: setParam(becf = #1[200])
02-03 00:53:09.035   589  4575 D DlbDap2Process: setParam(vbmf = #2[94, 469])
02-03 00:53:09.035   589  4575 D DlbDap2Process: setParam(vbsf = #2[35, 160])
02-03 00:53:09.035   589  4575 D DlbDap2Process: setParam(vbhg = #3[-32, -144, -192])
02-03 00:53:09.035   589  4575 D DlbDap2Process: setParam(vbog = #1[0])
02-03 00:53:09.035   589  4575 D DlbDap2Process: setParam(vbsg = #1[0])
02-03 00:53:09.035   589  4575 D DlbDap2Process: setParam(dvli = #1[-320])
02-03 00:53:09.035   589  4575 D DlbDap2Process: setParam(dhfm = #1[2])
02-03 00:53:09.035   589  4575 D DlbDap2Process: setParam(vbon = #1[0])
02-03 00:53:09.035   589  4575 D DlbDap2Process: setParam(beon = #1[0])
02-03 00:53:09.035   589  4575 D DlbDap2Process: setParam(deon = #1[0])
02-03 00:53:09.035   589  4575 D DlbDap2Process: setParam(ngon = #1[1])
02-03 00:53:09.035   589  4575 D DlbDap2Process: setParam(aoon = #1[1])
02-03 00:53:09.035   589  4575 D DlbDap2Process: setParam(aron = #1[1])
02-03 00:53:09.035   589  4575 D DlbDap2Process: setParam(dvlo = #1[-320])
02-03 00:53:09.035   589  4575 D DlbDap2Process: setParam(artp = #1[12])
02-03 00:53:09.036   589  4575 D DlbDap2Process: setParam(aobs = #222[20, 10, 47, 141, 234, 328, 469, 656, 844, 1031, 1313, 1688, 2250, 3000, 3750, 4688, 5813, 7125, 9000, 11250, 13875, 19688, 0, 0, 0, 0, 0, 0, 0, 0, 0, 0, 0, 0, 0, 0, 0, 0, 0, 0, 0, 0, 0, 0, 0, 0, 0, 0, 0, 0, 0, 0, 0, 0, 0, 0, 0, 0, 0, 0, 0, 0, 0, 0, 0, 0, 0, 0, 0, 0, 0, 0, 0, 0, 0, 0, 0, 0, 0, 0, 0, 0, 0, 0, 0, 0, 0, 0, 0, 0, 0, 0, 0, 0, 0, 0, 0, 0, 0, 0, 0, 0, 0, 0, 0, 0, 0, 0, 0, 0, 0, 0, 0, 0, 0, 0, 0, 0, 0, 0, 0, 0, 0, 0, 0, 0, 0, 0, 0, 0, 0, 0, 0, 0, 0, 0, 0, 0, 0, 0, 0, 0, 0, 0, 0, 0, 0, 0, 0, 0, 0, 0, 0, 0, 0, 0, 0, 0, 0, 0, 0, 0, 0, 0, 0, 0, 0, 0, 0, 0, 0, 0, 0, 0, 0, 0, 0, 0, 0, 0, 0, 0, 0, 0, 0, 0, 0, 0, 0, 0, 0, 0, 0, 0, 0, 0, 0, 0, 0, 0, 0, 0, 0, 0, 0, 0, 0, 0, 0, 0, 0, 0, 0, 0, 0, 0, 0, 0, 0, 0, 0, 0])
02-03 00:53:09.036   589  4575 D DlbDap2Process: setParam(arbs = #81[20, 47, 141, 234, 328, 469, 656, 844, 1031, 1313, 1688, 2250, 3000, 3750, 4688, 5813, 7125, 9000, 11250, 13875, 19688, -192, -192, -192, -192, -192, -192, -192, -192, -192, -192, -192, -192, -192, -192, -192, -192, -192, -192, -192, -192, 0, 0, 0, 0, 0, 0, 0, 0, 0, 0, 0, 0, 0, 0, 0, 0, 0, 0, 0, 0, 0, 0, 0, 0, 0, 0, 0, 0, 0, 0, 0, 0, 0, 0, 0, 0, 0, 0, 0, 0])
02-03 00:53:09.036   589  4575 D DlbDapEndpointParamCache: doCommit() Committed 37 parameters out of 37.
02-03 00:53:09.036   589  4575 D DlbDap2Process: setMave(mave = 0)
02-03 00:53:09.081 18761 18761 D featureTest: receive broadcast , record log :0
02-03 00:53:09.139 18761 18761 D featureTest: receive broadcast , playing content location :/sdcard/featureTest/chopper_5.1_180_420.wav
02-03 00:53:09.142   597   739 D NuPlayerDriver: stop(0xf1bb2850)
02-03 00:53:09.142   597   739 D NuPlayerDriver: notifyListener_l(0xf1bb2850), (8, 0, 0, -1), loop setting(0, 1)
02-03 00:53:09.143   597 16835 D NuPlayerDriver: reset(0xf1bb2850) at state 8
02-03 00:53:09.150   597 18790 D NuPlayerDriver: notifyResetComplete(0xf1bb2850)
02-03 00:53:09.150   597  1214 D NuPlayerDriver: reset(0xf1bb2850) at state 0
02-03 00:53:09.151 18761 18761 V MediaPlayer: resetDrmState:  mDrmInfo=null mDrmProvisioningThread=null mPrepareDrmInProgress=false mActiveDrmScheme=false
02-03 00:53:09.151 18761 18761 V MediaPlayer: cleanDrmObj: mDrmObj=null mDrmSessionId=null
02-03 00:53:09.152 18761 18761 V MediaPlayer: resetDrmState:  mDrmInfo=null mDrmProvisioningThread=null mPrepareDrmInProgress=false mActiveDrmScheme=false
02-03 00:53:09.152 18761 18761 V MediaPlayer: cleanDrmObj: mDrmObj=null mDrmSessionId=null
02-03 00:53:09.159 18761 18761 D featureTest: mMediaPlayer.getAudioSessionId(): 8009
02-03 00:53:09.159 18761 18761 D featureTest: Playing file: /sdcard/featureTest/chopper_5.1_180_420.wav
02-03 00:53:09.160   597 16834 D NuPlayerDriver: NuPlayerDriver(0xf1bb27e0) created, clientPid(18761)
02-03 00:53:09.161 18824 18824 W generic : type=1400 audit(0.0:3012): avc: denied { read } for path="/storage/emulated/0/featuretest/chopper_5.1_180_420.wav" dev="sdcardfs" ino=523304 scontext=u:r:mediaextractor:s0 tcontext=u:object_r:sdcardfs:s0 tclass=file permissive=0
02-03 00:53:09.162 18761 18761 W MediaPlayer: Use of stream types is deprecated for operations other than volume control
02-03 00:53:09.162 18761 18761 W MediaPlayer: See the documentation of setAudioStreamType() for what to use instead with android.media.AudioAttributes to qualify your playback use case
02-03 00:53:09.164   597 18824 D GenericSource: FileSource remote
02-03 00:53:09.165   597 18824 W GenericSource: extractor service cannot make data source
02-03 00:53:09.165   597 18824 D GenericSource: FileSource local
02-03 00:53:09.166   595  1171 W WAVExtractor: More than 2 channels (6) in non-WAVE_EXT, unknown channel mask
02-03 00:53:09.189   595  1171 W WAVExtractor: More than 2 channels (6) in non-WAVE_EXT, unknown channel mask
02-03 00:53:09.190   595  5450 D MediaBufferGroup: creating MemoryDealer
02-03 00:53:09.191   597 18823 D NuPlayerDriver: notifyListener_l(0xf1bb27e0), (1, 0, 0, -1), loop setting(0, 0)
02-03 00:53:09.196   597   597 D NuPlayerDriver: start(0xf1bb27e0), state is 4, eos is 0
02-03 00:53:09.196   597 18823 I GenericSource: start
02-03 00:53:09.199 18761 18761 W DolbyAudioEffect: WARNING: attaching a DolbyAudioEffect to global output mix is deprecated!
02-03 00:53:09.203   602 10689 I OMXMaster: makeComponentInstance(OMX.google.raw.decoder) in android.hardwar process
02-03 00:53:09.205   602  5768 E OMXNodeInstance: setConfig(0xea6a3bc0:google.raw.decoder, ConfigPriority(0x6f800002)) ERROR: Undefined(0x80001001)
02-03 00:53:09.206   597 18829 I ACodec  : codec does not support config priority (err -2147483648)
02-03 00:53:09.206   602  1204 E OMXNodeInstance: getConfig(0xea6a3bc0:google.raw.decoder, ConfigAndroidVendorExtension(0x6f100004)) ERROR: Undefined(0x80001001)
02-03 00:53:09.209 18761 18761 D featureTest: receive broadcast , change ds status :1
02-03 00:53:09.209   597 18829 I MediaCodec: MediaCodec will operate in async mode
02-03 00:53:09.219   366   366 W /system/bin/hwservicemanager: getTransportFromManifest: Cannot find entry android.hardware.audio.effect@2.0::IEffectsFactory in either framework or device manifest, using default transport.
02-03 00:53:09.220   589  4821 D DlbDlbEffect: handle_EFFECT_CMD_SET_PARAM()
02-03 00:53:09.223   416   416 W /system/bin/hw/android.hidl.allocator@1.0-service: ashmem_create_region(3072) returning hidl_memory(0x77bb02c2e0, 3072)
02-03 00:53:09.225   416   416 W /system/bin/hw/android.hidl.allocator@1.0-service: ashmem_create_region(1024) returning hidl_memory(0x77bb02c2e0, 1024)
02-03 00:53:09.226   589   742 E EffectHalHidl: Buffer provider callbacks are not supported
02-03 00:53:09.227   597 18827 D AudioTrack: Client defaulted notificationFrames to 12000 for frameCount 24000
02-03 00:53:09.228   597 18823 D NuPlayerDriver: notifyListener_l(0xf1bb27e0), (6, 0, 0, -1), loop setting(0, 1)
02-03 00:53:09.283 18761 18761 D featureTest: receive broadcast , change ds profile id :5
02-03 00:53:09.294   589  4822 D DlbDlbEffect: handle_EFFECT_CMD_SET_PARAM()
02-03 00:53:09.357 18761 18761 D featureTest: receive broadcast , change virtual speaker  virtualizer :0
02-03 00:53:09.369   589  4821 D DlbDlbEffect: handle_EFFECT_CMD_SET_PARAM()
02-03 00:53:09.388 18761 18766 I zygote64: Do partial code cache collection, code=8KB, data=14KB
02-03 00:53:09.388 18761 18766 I zygote64: After code cache collection, code=8KB, data=14KB
02-03 00:53:09.388 18761 18766 I zygote64: Increasing code cache capacity to 128KB
02-03 00:53:09.389 18761 18766 I zygote64: Do partial code cache collection, code=8KB, data=33KB
02-03 00:53:09.389 18761 18766 I zygote64: After code cache collection, code=8KB, data=33KB
02-03 00:53:09.389 18761 18766 I zygote64: Increasing code cache capacity to 256KB
02-03 00:53:09.389 18761 18766 I zygote64: Compiler allocated 8MB to compile void android.widget.TextView.<init>(android.content.Context, android.util.AttributeSet, int, int)
02-03 00:53:09.395   589  4575 D DlbDapEndpointParamCache: commitChangedParams()
02-03 00:53:09.395   589  4575 D DlbDapEndpointParamCache: commit() Applying parameters for device 0x40000000
02-03 00:53:09.395   589  4575 D DlbDap2Process: setParam(iea = #1[10])
02-03 00:53:09.395   589  4575 D DlbDap2Process: setParam(msce = #1[0])
02-03 00:53:09.395   589  4575 D DlbDap2Process: setParam(mdee = #1[0])
02-03 00:53:09.395   589  4575 D DlbDap2Process: setParam(miee = #1[0])
02-03 00:53:09.395   589  4575 D DlbDap2Process: setParam(mdle = #1[0])
02-03 00:53:09.395   589  4575 D DlbDap2Process: setParam(dvle = #1[1])
02-03 00:53:09.395   589  4575 D DlbDap2Process: setParam(mave = #1[0])
02-03 00:53:09.395   589  4575 D DlbDap2Process: setParam(vcbf = #20[47, 141, 234, 328, 469, 656, 844, 1031, 1313, 1688, 2250, 3000, 3750, 4688, 5813, 7125, 9000, 11250, 13875, 19688])
02-03 00:53:09.395   589  4575 D DlbDap2Process: setParam(vbon = #1[0])
02-03 00:53:09.395   589  4575 D DlbDap2Process: setParam(beon = #1[0])
02-03 00:53:09.395   589  4575 D DlbDap2Process: setParam(geon = #1[0])
02-03 00:53:09.395   589  4575 D DlbDap2Process: setParam(ieon = #1[0])
02-03 00:53:09.396   589  4575 D DlbDap2Process: setParam(gebs = #41[20, 47, 141, 234, 328, 469, 656, 844, 1031, 1313, 1688, 2250, 3000, 3750, 4688, 5813, 7125, 9000, 11250, 13875, 19688, 0, 0, 0, 0, 0, 0, 0, 0, 0, 0, 0, 0, 0, 0, 0, 0, 0, 0, 0, 0])
02-03 00:53:09.396   589  4575 D DlbDap2Process: setParam(iebs = #41[20, 65, 136, 223, 332, 467, 634, 841, 1098, 1416, 1812, 2302, 2909, 3663, 4598, 5756, 7194, 8976, 11186, 13927, 17326, 117, 133, 188, 176, 141, 149, 175, 185, 185, 200, 236, 242, 228, 213, 182, 132, 110, 68, -27, -240])
02-03 00:53:09.396   589  4575 D DlbDapEndpointParamCache: doCommit() Committed 15 parameters out of 16.
02-03 00:53:09.396   589  4575 D DlbDapEndpointParamCache: commit() Overriding parameters for current device 0x00000002
02-03 00:53:09.396   589  4575 D DlbDap2Process: setParam(dea = #1[7])
02-03 00:53:09.396   589  4575 D DlbDap2Process: setParam(dsa = #1[10])
02-03 00:53:09.396   589  4575 D DlbDap2Process: setParam(beb = #1[192])
02-03 00:53:09.396   589  4575 D DlbDap2Process: setParam(plb = #1[0])
02-03 00:53:09.396   589  4575 D DlbDap2Process: setParam(vmb = #1[144])
02-03 00:53:09.396   589  4575 D DlbDap2Process: setParam(dsb = #1[48])
02-03 00:53:09.396   589  4575 D DlbDap2Process: setParam(ded = #1[0])
02-03 00:53:09.396   589  4575 D DlbDap2Process: setParam(vbm = #1[3])
02-03 00:53:09.396   589  4575 D DlbDap2Process: DAP output mode set to 1 with 2 output channels and null mix matrix.
02-03 00:53:09.396   589  4575 D DlbDap2Process: setParam(dom = #1[0])
02-03 00:53:09.396   589  4575 D DlbDap2Process: setParam(bew = #1[16])
02-03 00:53:09.396   589  4575 D DlbDap2Process: setParam(dvla = #1[5])
02-03 00:53:09.396   589  4575 D DlbDap2Process: setParam(arra = #1[96])
02-03 00:53:09.396   589  4575 D DlbDap2Process: setParam(dfsa = #1[10])
02-03 00:53:09.396   589  4575 D DlbDap2Process: setParam(dhsa = #1[10])
02-03 00:53:09.396   589  4575 D DlbDap2Process: setParam(dvmc = #1[0])
02-03 00:53:09.396   589  4575 D DlbDap2Process: setParam(arod = #1[0])
02-03 00:53:09.396   589  4575 D DlbDap2Process: setParam(arde = #1[1])
02-03 00:53:09.396   589  4575 D DlbDap2Process: setParam(dvle = #1[1])
02-03 00:53:09.396   589  4575 D DlbDap2Process: setParam(dvme = #1[0])
02-03 00:53:09.396   589  4575 D DlbDap2Process: setParam(becf = #1[200])
02-03 00:53:09.396   589  4575 D DlbDap2Process: setParam(vbmf = #2[94, 469])
02-03 00:53:09.396   589  4575 D DlbDap2Process: setParam(vbsf = #2[35, 160])
02-03 00:53:09.396   589  4575 D DlbDap2Process: setParam(vbhg = #3[-32, -144, -192])
02-03 00:53:09.396   589  4575 D DlbDap2Process: setParam(vbog = #1[0])
02-03 00:53:09.396   589  4575 D DlbDap2Process: setParam(vbsg = #1[0])
02-03 00:53:09.396   589  4575 D DlbDap2Process: setParam(dvli = #1[-320])
02-03 00:53:09.396   589  4575 D DlbDap2Process: setParam(dhfm = #1[2])
02-03 00:53:09.396   589  4575 D DlbDap2Process: setParam(vbon = #1[0])
02-03 00:53:09.396   589  4575 D DlbDap2Process: setParam(beon = #1[0])
02-03 00:53:09.396   589  4575 D DlbDap2Process: setParam(deon = #1[0])
02-03 00:53:09.397   589  4575 D DlbDap2Process: setParam(ngon = #1[1])
02-03 00:53:09.397   589  4575 D DlbDap2Process: setParam(aoon = #1[1])
02-03 00:53:09.397   589  4575 D DlbDap2Process: setParam(aron = #1[1])
02-03 00:53:09.397   589  4575 D DlbDap2Process: setParam(dvlo = #1[-320])
02-03 00:53:09.397   589  4575 D DlbDap2Process: setParam(artp = #1[12])
02-03 00:53:09.397   589  4575 D DlbDap2Process: setParam(aobs = #222[20, 10, 47, 141, 234, 328, 469, 656, 844, 1031, 1313, 1688, 2250, 3000, 3750, 4688, 5813, 7125, 9000, 11250, 13875, 19688, 0, 0, 0, 0, 0, 0, 0, 0, 0, 0, 0, 0, 0, 0, 0, 0, 0, 0, 0, 0, 0, 0, 0, 0, 0, 0, 0, 0, 0, 0, 0, 0, 0, 0, 0, 0, 0, 0, 0, 0, 0, 0, 0, 0, 0, 0, 0, 0, 0, 0, 0, 0, 0, 0, 0, 0, 0, 0, 0, 0, 0, 0, 0, 0, 0, 0, 0, 0, 0, 0, 0, 0, 0, 0, 0, 0, 0, 0, 0, 0, 0, 0, 0, 0, 0, 0, 0, 0, 0, 0, 0, 0, 0, 0, 0, 0, 0, 0, 0, 0, 0, 0, 0, 0, 0, 0, 0, 0, 0, 0, 0, 0, 0, 0, 0, 0, 0, 0, 0, 0, 0, 0, 0, 0, 0, 0, 0, 0, 0, 0, 0, 0, 0, 0, 0, 0, 0, 0, 0, 0, 0, 0, 0, 0, 0, 0, 0, 0, 0, 0, 0, 0, 0, 0, 0, 0, 0, 0, 0, 0, 0, 0, 0, 0, 0, 0, 0, 0, 0, 0, 0, 0, 0, 0, 0, 0, 0, 0, 0, 0, 0, 0, 0, 0, 0, 0, 0, 0, 0, 0, 0, 0, 0, 0, 0, 0, 0, 0, 0, 0])
02-03 00:53:09.398   589  4575 D DlbDap2Process: setParam(arbs = #81[20, 47, 141, 234, 328, 469, 656, 844, 1031, 1313, 1688, 2250, 3000, 3750, 4688, 5813, 7125, 9000, 11250, 13875, 19688, -192, -192, -192, -192, -192, -192, -192, -192, -192, -192, -192, -192, -192, -192, -192, -192, -192, -192, -192, -192, 0, 0, 0, 0, 0, 0, 0, 0, 0, 0, 0, 0, 0, 0, 0, 0, 0, 0, 0, 0, 0, 0, 0, 0, 0, 0, 0, 0, 0, 0, 0, 0, 0, 0, 0, 0, 0, 0, 0, 0])
02-03 00:53:09.398   589  4575 D DlbDapEndpointParamCache: doCommit() Committed 37 parameters out of 37.
02-03 00:53:09.398   589  4575 D DlbDap2Process: setMave(mave = 0)
02-03 00:53:09.432 18761 18761 D featureTest: receive broadcast , record log :0
02-03 00:53:10.633   589  4575 D DlbDap2Process: process() called [826500] times
02-03 00:53:10.924   823   823 W WindowManager: removeWindowToken: Attempted to remove non-existing token: android.os.Binder@b446a5e
02-03 00:53:10.980   427   427 D SurfaceFlinger: duplicate layer name: changing Toast to Toast#1
02-03 00:53:12.940   823   823 W WindowManager: removeWindowToken: Attempted to remove non-existing token: android.os.Binder@a9883f8
02-03 00:53:13.277   589  4575 D DlbDap2Process: process() called [827000] times
02-03 00:53:13.859   579   934 E QC-QMI  : linux_qmi_qmux_io_wake_lock: Err in writing wakelock=qmuxd_port_wl_0, error [1:Operation not permitted]
02-03 00:53:13.860   579   934 E QC-QMI  : linux_qmi_qmux_io_wake_unlock: Err in writing wakelock=qmuxd_port_wl_0, error [1:Operation not permitted]
