02-03 00:51:13.904   602 10689 E OMXNodeInstance: getConfig(0xea6a3a40:dolby.ac3.decoder, ConfigAndroidVendorExtension(0x6f100004)) ERROR: Undefined(0x80001001)
02-03 00:51:13.904   597 17868 I MediaCodec: MediaCodec will operate in async mode
02-03 00:51:13.905   597 17868 I ACodec  : setDolbyParameterOnProcessedAudio() Received dolby_processed_audio=1
02-03 00:51:13.905   597 17867 I NuPlayerDecoder: setDolbyMessage() Notifying player that Codec supports dolby_processed_audio flag
02-03 00:51:13.905   597 17862 I NuPlayer: onDolbyMessageReceived() Setting dolby_processed_audio flag on audio sink
02-03 00:51:13.905   597 17862 I MediaPlayerService: setDolbyParameters() Marking audio output as having dolby_processed_audio
02-03 00:51:13.906   602  5767 D DDP_JOCDecoder: internalSetParameter() Instantiating ARenderer for content processing in decoder
02-03 00:51:13.906   602  5767 I DlbDap2QmfProcess: Dap2Process()
02-03 00:51:13.906   602  5767 I ARenderer: ARenderer
02-03 00:51:13.906   602  5767 I evo_parser: evo_parser_init
02-03 00:51:13.906   602  5767 I DlbDap2QmfProcess: init()
02-03 00:51:13.906   602  5767 I DlbDap2QmfProcess: open()
02-03 00:51:13.907   602  5767 I DlbDap2QmfProcess: loadLicense() no license check!
02-03 00:51:13.907   602  5767 I DlbDap2QmfProcess: validateLicense() no license check!
02-03 00:51:13.907   602  5767 I DlbDap2QmfProcess: init() DAP opened
02-03 00:51:13.907   602  5767 I DlbDap2QmfProcess: DAP library version: 2.5.1-P2.0
02-03 00:51:13.907   602  5767 D DlbDap2QmfProcess: DAP output mode set to 1 with 2 output channels and null mix matrix.
02-03 00:51:13.907   597 17868 I ACodec  : setDolbyParameterOnProcessedAudio() Content processing enabled in decoder
02-03 00:51:13.912 17804 17804 D featureTest: receive broadcast , change ds profile id :5
02-03 00:51:13.913   602 17873 I DDP_JOCDecoder: -> start
02-03 00:51:13.913   602 17873 I EndpConfig: DAP state has changed from -1 to 1
02-03 00:51:13.913   602 17873 D DDP_JOCDecoder: Setting Max Output Channels to 2
02-03 00:51:13.913   602 17873 D DDP_JOCDecoder: setMultiChannelPCMOutDownmix mConfig->jocForceDownmixMode 0
02-03 00:51:13.914   602 17873 I udc_user: 
02-03 00:51:13.914   602 17873 I udc_user: *** DDPlus Unified Decoder Simulation  Version 1.7.3 ***
02-03 00:51:13.914   602 17873 I udc_user: 
02-03 00:51:13.914   602 17873 I udc_user: 7.1-channel decoder-converter, 
02-03 00:51:13.914   602 17873 I udc_user: 
02-03 00:51:13.914   602 17873 I udc_user: 5.1-channel dual-decoder-converter, 
02-03 00:51:13.914   602 17873 I udc_user: Karaoke unsupported, 
02-03 00:51:13.914   602 17873 I udc_user: TPNP supported. 
02-03 00:51:13.914   602 17873 I udc_user: 
02-03 00:51:13.914   602 17873 I udc_user: Unpublished work.  Copyright 2003-2014 Dolby Laboratories, Inc. and
02-03 00:51:13.914   602 17873 I udc_user: Dolby Laboratories Licensing Corporation.  All Rights Reserved.
02-03 00:51:13.914   602 17873 I udc_user: 
02-03 00:51:13.914   602 17873 I udc_user: USE OF THIS SOFTWARE IS SUBJECT TO A LEGAL AGREEMENT BETWEEN YOU AND DOLBY
02-03 00:51:13.914   602 17873 I udc_user: LABORATORIES. DO NOT USE THIS SOFTWARE UNLESS YOU AGREE TO THE TERMS AND 
02-03 00:51:13.914   602 17873 I udc_user: CONDITIONS IN THE AGREEMENT.  BY USING THIS SOFTWARE, YOU ACKNOWLEDGE THAT 
02-03 00:51:13.914   602 17873 I udc_user: YOU HAVE READ THE AGREEMENT AND THAT YOU AGREE TO BE BOUND BY ITS TERMS. 
02-03 00:51:13.914   602 17873 I udc_user: 
02-03 00:51:13.914   602 17873 I ddpdec_client_joc: ddpdec_open JOCD_MODE Buffer assignment
02-03 00:51:13.915   602 17873 D DDP_JOCDecoder: mStarted = 1
02-03 00:51:13.915   602 17873 I DDP_JOCDecoder: <- start
02-03 00:51:13.915   602 17873 D ddpdec_client_joc: ddpdec_client.c|int configDecoder()
02-03 00:51:13.917   602 17873 D DDP_JOCDecoder: Setting Max Output Channels to 2
02-03 00:51:13.919   602 17873 I DlbDap2QmfProcess: close()
02-03 00:51:13.919   602 17873 I DlbDap2QmfProcess: init()
02-03 00:51:13.919   602 17873 I DlbDap2QmfProcess: open()
02-03 00:51:13.920   602 17873 I DlbDap2QmfProcess: loadLicense() no license check!
02-03 00:51:13.920   602 17873 I DlbDap2QmfProcess: validateLicense() no license check!
02-03 00:51:13.920   602 17873 I DlbDap2QmfProcess: init() DAP opened
02-03 00:51:13.920   602 17873 I DlbDap2QmfProcess: DAP library version: 2.5.1-P2.0
02-03 00:51:13.920   602 17873 D DlbDap2QmfProcess: DAP output mode set to 1 with 2 output channels and null mix matrix.
02-03 00:51:13.920   602 17873 D ARenderer: checkAndUpdateConfig: DAP reinitialized because of sample rate change
02-03 00:51:13.920   602 17873 D ARenderer: updateDapConfig: Updating DAP configuration
02-03 00:51:13.920   602 17873 D DlbDap2QmfProcess: setParam(iea = #1[10])
02-03 00:51:13.920   602 17873 D DlbDap2QmfProcess: setParam(msce = #1[0])
02-03 00:51:13.920   602 17873 D DlbDap2QmfProcess: setParam(mdee = #1[0])
02-03 00:51:13.920   602 17873 D DlbDap2QmfProcess: setParam(miee = #1[0])
02-03 00:51:13.920   602 17873 D DlbDap2QmfProcess: setParam(mdle = #1[0])
02-03 00:51:13.920   602 17873 D DlbDap2QmfProcess: setParam(dvle = #1[1])
02-03 00:51:13.920   602 17873 D DlbDap2QmfProcess: setParam(mave = #1[0])
02-03 00:51:13.920   602 17873 D DlbDap2QmfProcess: setParam(vcbf = #20[47, 141, 234, 328, 469, 656, 844, 1031, 1313, 1688, 2250, 3000, 3750, 4688, 5813, 7125, 9000, 11250, 13875, 19688])
02-03 00:51:13.920   602 17873 D DlbDap2QmfProcess: setParam(ieon = #1[0])
02-03 00:51:13.920   602 17873 D DlbDap2QmfProcess: setParam(gebs = #41[20, 47, 141, 234, 328, 469, 656, 844, 1031, 1313, 1688, 2250, 3000, 3750, 4688, 5813, 7125, 9000, 11250, 13875, 19688, 0, 0, 0, 0, 0, 0, 0, 0, 0, 0, 0, 0, 0, 0, 0, 0, 0, 0, 0, 0])
02-03 00:51:13.921   602 17873 D DlbDap2QmfProcess: setParam(iebs = #41[20, 65, 136, 223, 332, 467, 634, 841, 1098, 1416, 1812, 2302, 2909, 3663, 4598, 5756, 7194, 8976, 11186, 13927, 17326, 117, 133, 188, 176, 141, 149, 175, 185, 185, 200, 236, 242, 228, 213, 182, 132, 110, 68, -27, -240])
02-03 00:51:13.921   602 17873 D DlbDap2QmfProcess: setParam(dea = #1[7])
02-03 00:51:13.921   602 17873 D DlbDap2QmfProcess: setParam(dsa = #1[10])
02-03 00:51:13.921   602 17873 D DlbDap2QmfProcess: setParam(beb = #1[192])
02-03 00:51:13.921   602 17873 D DlbDap2QmfProcess: setParam(plb = #1[0])
02-03 00:51:13.921   602 17873 D DlbDap2QmfProcess: setParam(vmb = #1[144])
02-03 00:51:13.921   602 17873 D DlbDap2QmfProcess: setParam(dsb = #1[48])
02-03 00:51:13.921   602 17873 D DlbDap2QmfProcess: setParam(ded = #1[0])
02-03 00:51:13.921   602 17873 D DlbDap2QmfProcess: setParam(dom = #1[0])
02-03 00:51:13.921   602 17873 D DlbDap2QmfProcess: setParam(bew = #1[16])
02-03 00:51:13.921   602 17873 D DlbDap2QmfProcess: setParam(dvla = #1[5])
02-03 00:51:13.921   602 17873 D DlbDap2QmfProcess: setParam(dfsa = #1[10])
02-03 00:51:13.921   602 17873 D DlbDap2QmfProcess: setParam(dhsa = #1[10])
02-03 00:51:13.921   602 17873 D DlbDap2QmfProcess: setParam(dvmc = #1[0])
02-03 00:51:13.921   602 17873 D DlbDap2QmfProcess: setParam(dvle = #1[1])
02-03 00:51:13.921   602 17873 D DlbDap2QmfProcess: setParam(dvme = #1[0])
02-03 00:51:13.921   602 17873 D DlbDap2QmfProcess: setParam(becf = #1[200])
02-03 00:51:13.921   602 17873 D DlbDap2QmfProcess: setParam(vbmf = #2[94, 469])
02-03 00:51:13.921   602 17873 D DlbDap2QmfProcess: setParam(vbsf = #2[35, 160])
02-03 00:51:13.921   602 17873 D DlbDap2QmfProcess: setParam(vbhg = #3[-32, -144, -192])
02-03 00:51:13.921   602 17873 D DlbDap2QmfProcess: setParam(vbog = #1[0])
02-03 00:51:13.921   602 17873 D DlbDap2QmfProcess: setParam(vbsg = #1[0])
02-03 00:51:13.922   602 17873 D DlbDap2QmfProcess: setParam(dvli = #1[-320])
02-03 00:51:13.922   602 17873 D DlbDap2QmfProcess: setParam(dhfm = #1[2])
02-03 00:51:13.922   602 17873 D DlbDap2QmfProcess: setParam(deon = #1[0])
02-03 00:51:13.922   602 17873 D DlbDap2QmfProcess: setParam(ngon = #1[1])
02-03 00:51:13.922   602 17873 D DlbDap2QmfProcess: setParam(dvlo = #1[-320])
02-03 00:51:13.923   602 17873 D DlbDap2QmfProcess: setParam(aobs = #222[20, 10, 47, 141, 234, 328, 469, 656, 844, 1031, 1313, 1688, 2250, 3000, 3750, 4688, 5813, 7125, 9000, 11250, 13875, 19688, 0, 0, 0, 0, 0, 0, 0, 0, 0, 0, 0, 0, 0, 0, 0, 0, 0, 0, 0, 0, 0, 0, 0, 0, 0, 0, 0, 0, 0, 0, 0, 0, 0, 0, 0, 0, 0, 0, 0, 0, 0, 0, 0, 0, 0, 0, 0, 0, 0, 0, 0, 0, 0, 0, 0, 0, 0, 0, 0, 0, 0, 0, 0, 0, 0, 0, 0, 0, 0, 0, 0, 0, 0, 0, 0, 0, 0, 0, 0, 0, 0, 0, 0, 0, 0, 0, 0, 0, 0, 0, 0, 0, 0, 0, 0, 0, 0, 0, 0, 0, 0, 0, 0, 0, 0, 0, 0, 0, 0, 0, 0, 0, 0, 0, 0, 0, 0, 0, 0, 0, 0, 0, 0, 0, 0, 0, 0, 0, 0, 0, 0, 0, 0, 0, 0, 0, 0, 0, 0, 0, 0, 0, 0, 0, 0, 0, 0, 0, 0, 0, 0, 0, 0, 0, 0, 0, 0, 0, 0, 0, 0, 0, 0, 0, 0, 0, 0, 0, 0, 0, 0, 0, 0, 0, 0, 0, 0, 0, 0, 0, 0, 0, 0, 0, 0, 0, 0, 0, 0, 0, 0, 0, 0, 0, 0, 0, 0, 0, 0, 0])
02-03 00:51:13.923   602 17873 D DlbDap2QmfProcess: setParam(dvle = #1[1])
02-03 00:51:13.923   602 17873 D DlbDap2QmfProcess: setParam(dvli = #1[-496])
02-03 00:51:13.923   602 17873 D DlbDap2QmfProcess: setParam(dvlo = #1[-176])
02-03 00:51:13.923   602 17873 D ARenderer: updateDapVolumeLeveler: Setting output level to -11.00dB
02-03 00:51:13.923   602 17873 D DlbDap2QmfProcess: setParam(vmb = #1[0])
02-03 00:51:13.923   602 17873 D DlbDap2QmfProcess: setParam(preg = #1[-384])
02-03 00:51:13.923   602 17873 D DlbDap2QmfProcess: setParam(vol = #1[384])
02-03 00:51:13.923   602 17873 D DlbDlbBufferProvider: setConfig() Updating buffer configuration.
02-03 00:51:13.923   602 17873 D DlbDap2QmfProcess: processQmf() called [0] times
02-03 00:51:13.923   602 17873 D DlbDap2QmfProcess: setMave(mave = 0)
02-03 00:51:13.927   589  4821 D DlbDlbEffect: handle_EFFECT_CMD_SET_PARAM()
02-03 00:51:13.941   597 17866 D AudioTrack: Client defaulted notificationFrames to 12000 for frameCount 24000
02-03 00:51:13.941   589  4821 I AudioFlinger: attachAuxEffect(): Marking track 1025 as containing processed audio
02-03 00:51:13.941   589  4821 D AudioFlinger: trackContainsProcessedAudio() Track id 1025 contains processed audio
02-03 00:51:13.942   589  7202 D AudioFlinger: trackStateChanged() Track id 1025 state changed to 6
02-03 00:51:13.942   589  7202 I AudioFlinger: updateProcessedAudioState() Changing content processing in effect to 1
02-03 00:51:13.942   589  7202 D DlbDlbEffect: handle_EFFECT_CMD_SET_PARAM()
02-03 00:51:13.944   589  7202 I DlbEffectContext: setContentProcEnabled() Disabling content processing in effect
02-03 00:51:13.944   589  7202 D DlbDapEndpointParamCache: commitChangedParams()
02-03 00:51:13.944   589  7202 D DlbDapEndpointParamCache: commit() Applying parameters for device 0x40000000
02-03 00:51:13.944   589  7202 D DlbDap2Process: setParam(msce = #1[0])
02-03 00:51:13.944   589  7202 D DlbDap2Process: setParam(mdee = #1[0])
02-03 00:51:13.944   589  7202 D DlbDap2Process: setParam(miee = #1[0])
02-03 00:51:13.944   589  7202 D DlbDap2Process: setParam(mdle = #1[0])
02-03 00:51:13.944   589  7202 D DlbDap2Process: setParam(dvle = #1[0])
02-03 00:51:13.944   589  7202 D DlbDap2Process: setParam(mave = #1[0])
02-03 00:51:13.944   589  7202 D DlbDap2Process: setParam(ieon = #1[0])
02-03 00:51:13.944   589  7202 D DlbDapEndpointParamCache: doCommit() Committed 7 parameters out of 16.
02-03 00:51:13.944   589  7202 D DlbDapEndpointParamCache: commit() Overriding parameters for current device 0x00000002
02-03 00:51:13.944   589  7202 D DlbDap2Process: setParam(dom = #1[0])
02-03 00:51:13.944   589  7202 D DlbDap2Process: setParam(dvle = #1[0])
02-03 00:51:13.944   589  7202 D DlbDap2Process: setParam(dvme = #1[0])
02-03 00:51:13.944   589  7202 D DlbDap2Process: setParam(deon = #1[0])
02-03 00:51:13.944   589  7202 D DlbDap2Process: setParam(ngon = #1[0])
02-03 00:51:13.944   589  7202 D DlbDapEndpointParamCache: doCommit() Committed 5 parameters out of 37.
02-03 00:51:13.945   597 17862 D NuPlayerDriver: notifyListener_l(0xf1bb2af0), (6, 0, 0, -1), loop setting(0, 1)
02-03 00:51:13.947   597  1205 W MediaClock: reject anchor time since it is negative.
02-03 00:51:13.966   589  4575 D DlbDap2Process: setMave(mave = 0)
02-03 00:51:13.968   597 17866 W AudioTrack: getTimestamp() location moved from kernel to server
02-03 00:51:13.989   589  4575 D DlbDapCrossfadeProcess: process transitioning from FADE_TO_ACTIVE state to DAP_ACTIVE
02-03 00:51:13.993 17804 17804 D featureTest: receive broadcast , change bass enable :0
02-03 00:51:14.007   589   742 D DlbDlbEffect: handle_EFFECT_CMD_SET_PARAM()
02-03 00:51:14.010 17804 17809 I zygote64: Do partial code cache collection, code=9KB, data=14KB
02-03 00:51:14.011 17804 17809 I zygote64: After code cache collection, code=9KB, data=14KB
02-03 00:51:14.011 17804 17809 I zygote64: Increasing code cache capacity to 128KB
02-03 00:51:14.011 17804 17809 I zygote64: Do partial code cache collection, code=9KB, data=34KB
02-03 00:51:14.012 17804 17809 I zygote64: After code cache collection, code=9KB, data=34KB
02-03 00:51:14.012 17804 17809 I zygote64: Increasing code cache capacity to 256KB
02-03 00:51:14.012 17804 17809 I zygote64: Compiler allocated 8MB to compile void android.widget.TextView.<init>(android.content.Context, android.util.AttributeSet, int, int)
02-03 00:51:14.030   589  4575 I DlbEffectDap: setParam() Start crossfade with VB enabled state 0
02-03 00:51:14.030   589  4575 D DlbDapCrossfadeProcess: setEnabled transitioning from DAP_ACTIVE state to FADE_TO_BYPASS
02-03 00:51:14.030   589  4575 D DlbDapEndpointParamCache: commitChangedParams()
02-03 00:51:14.030   589  4575 D DlbDapEndpointParamCache: commit() Applying parameters for device 0x40000000
02-03 00:51:14.030   589  4575 D DlbDap2Process: setParam(iea = #1[10])
02-03 00:51:14.030   589  4575 D DlbDap2Process: setParam(vcbf = #20[47, 141, 234, 328, 469, 656, 844, 1031, 1313, 1688, 2250, 3000, 3750, 4688, 5813, 7125, 9000, 11250, 13875, 19688])
02-03 00:51:14.030   589  4575 D DlbDap2Process: setParam(vbon = #1[0])
02-03 00:51:14.030   589  4575 D DlbDap2Process: setParam(beon = #1[0])
02-03 00:51:14.030   589  4575 D DlbDap2Process: setParam(geon = #1[0])
02-03 00:51:14.030   589  4575 D DlbDap2Process: setParam(gebs = #41[20, 47, 141, 234, 328, 469, 656, 844, 1031, 1313, 1688, 2250, 3000, 3750, 4688, 5813, 7125, 9000, 11250, 13875, 19688, 0, 0, 0, 0, 0, 0, 0, 0, 0, 0, 0, 0, 0, 0, 0, 0, 0, 0, 0, 0])
02-03 00:51:14.031   589  4575 D DlbDap2Process: setParam(iebs = #41[20, 65, 136, 223, 332, 467, 634, 841, 1098, 1416, 1812, 2302, 2909, 3663, 4598, 5756, 7194, 8976, 11186, 13927, 17326, 117, 133, 188, 176, 141, 149, 175, 185, 185, 200, 236, 242, 228, 213, 182, 132, 110, 68, -27, -240])
02-03 00:51:14.031   589  4575 D DlbDapEndpointParamCache: doCommit() Committed 8 parameters out of 16.
02-03 00:51:14.031   589  4575 D DlbDapEndpointParamCache: commit() Overriding parameters for current device 0x00000002
02-03 00:51:14.031   589  4575 D DlbDap2Process: setParam(dea = #1[7])
02-03 00:51:14.031   589  4575 D DlbDap2Process: setParam(dsa = #1[10])
02-03 00:51:14.031   589  4575 D DlbDap2Process: setParam(beb = #1[192])
02-03 00:51:14.031   589  4575 D DlbDap2Process: setParam(plb = #1[0])
02-03 00:51:14.031   589  4575 D DlbDap2Process: setParam(vmb = #1[144])
02-03 00:51:14.031   589  4575 D DlbDap2Process: setParam(dsb = #1[48])
02-03 00:51:14.031   589  4575 D DlbDap2Process: setParam(ded = #1[0])
02-03 00:51:14.031   589  4575 D DlbDap2Process: setParam(vbm = #1[3])
02-03 00:51:14.031   589  4575 D DlbDap2Process: setParam(bew = #1[16])
02-03 00:51:14.031   589  4575 D DlbDap2Process: setParam(dvla = #1[5])
02-03 00:51:14.031   589  4575 D DlbDap2Process: setParam(arra = #1[96])
02-03 00:51:14.031   589  4575 D DlbDap2Process: setParam(dfsa = #1[10])
02-03 00:51:14.031   589  4575 D DlbDap2Process: setParam(dhsa = #1[10])
02-03 00:51:14.031   589  4575 D DlbDap2Process: setParam(dvmc = #1[0])
02-03 00:51:14.031   589  4575 D DlbDap2Process: setParam(arod = #1[0])
02-03 00:51:14.031   589  4575 D DlbDap2Process: setParam(arde = #1[1])
02-03 00:51:14.031   589  4575 D DlbDap2Process: setParam(becf = #1[200])
02-03 00:51:14.031   589  4575 D DlbDap2Process: setParam(vbmf = #2[94, 469])
02-03 00:51:14.031   589  4575 D DlbDap2Process: setParam(vbsf = #2[35, 160])
02-03 00:51:14.031   589  4575 D DlbDap2Process: setParam(vbhg = #3[-32, -144, -192])
02-03 00:51:14.031   589  4575 D DlbDap2Process: setParam(vbog = #1[0])
02-03 00:51:14.031   589  4575 D DlbDap2Process: setParam(vbsg = #1[0])
02-03 00:51:14.031   589  4575 D DlbDap2Process: setParam(dvli = #1[-320])
02-03 00:51:14.031   589  4575 D DlbDap2Process: setParam(dhfm = #1[2])
02-03 00:51:14.031   589  4575 D DlbDap2Process: setParam(vbon = #1[0])
02-03 00:51:14.031   589  4575 D DlbDap2Process: setParam(beon = #1[0])
02-03 00:51:14.031   589  4575 D DlbDap2Process: setParam(aoon = #1[1])
02-03 00:51:14.031   589  4575 D DlbDap2Process: setParam(aron = #1[1])
02-03 00:51:14.031   589  4575 D DlbDap2Process: setParam(dvlo = #1[-320])
02-03 00:51:14.031   589  4575 D DlbDap2Process: setParam(artp = #1[12])
02-03 00:51:14.032   589  4575 D DlbDap2Process: setParam(aobs = #222[20, 10, 47, 141, 234, 328, 469, 656, 844, 1031, 1313, 1688, 2250, 3000, 3750, 4688, 5813, 7125, 9000, 11250, 13875, 19688, 0, 0, 0, 0, 0, 0, 0, 0, 0, 0, 0, 0, 0, 0, 0, 0, 0, 0, 0, 0, 0, 0, 0, 0, 0, 0, 0, 0, 0, 0, 0, 0, 0, 0, 0, 0, 0, 0, 0, 0, 0, 0, 0, 0, 0, 0, 0, 0, 0, 0, 0, 0, 0, 0, 0, 0, 0, 0, 0, 0, 0, 0, 0, 0, 0, 0, 0, 0, 0, 0, 0, 0, 0, 0, 0, 0, 0, 0, 0, 0, 0, 0, 0, 0, 0, 0, 0, 0, 0, 0, 0, 0, 0, 0, 0, 0, 0, 0, 0, 0, 0, 0, 0, 0, 0, 0, 0, 0, 0, 0, 0, 0, 0, 0, 0, 0, 0, 0, 0, 0, 0, 0, 0, 0, 0, 0, 0, 0, 0, 0, 0, 0, 0, 0, 0, 0, 0, 0, 0, 0, 0, 0, 0, 0, 0, 0, 0, 0, 0, 0, 0, 0, 0, 0, 0, 0, 0, 0, 0, 0, 0, 0, 0, 0, 0, 0, 0, 0, 0, 0, 0, 0, 0, 0, 0, 0, 0, 0, 0, 0, 0, 0, 0, 0, 0, 0, 0, 0, 0, 0, 0, 0, 0, 0, 0, 0, 0, 0, 0, 0])
02-03 00:51:14.032   589  4575 D DlbDap2Process: setParam(arbs = #81[20, 47, 141, 234, 328, 469, 656, 844, 1031, 1313, 1688, 2250, 3000, 3750, 4688, 5813, 7125, 9000, 11250, 13875, 19688, -192, -192, -192, -192, -192, -192, -192, -192, -192, -192, -192, -192, -192, -192, -192, -192, -192, -192, -192, -192, 0, 0, 0, 0, 0, 0, 0, 0, 0, 0, 0, 0, 0, 0, 0, 0, 0, 0, 0, 0, 0, 0, 0, 0, 0, 0, 0, 0, 0, 0, 0, 0, 0, 0, 0, 0, 0, 0, 0, 0])
02-03 00:51:14.032   589  4575 D DlbDapEndpointParamCache: doCommit() Committed 32 parameters out of 37.
02-03 00:51:14.061 17804 17804 D featureTest: receive broadcast , record log :0
02-03 00:51:14.129   589  4575 D DlbDapCrossfadeProcess: process transitioning from FADE_TO_BYPASS state to DAP_BYPASSED
02-03 00:51:14.148   589  4575 I DlbEffectDap: setVbEnabled() Reset DAP with VB enabled state 0
02-03 00:51:14.148   589  4575 I DlbDapCrossfadeProcess: reset()
02-03 00:51:14.148   589  4575 I DlbDapBufferAdapter: reset()
02-03 00:51:14.148   589  4575 I DlbDap2Process: close()
02-03 00:51:14.148   589  4575 I DlbDap2Process: init()
02-03 00:51:14.148   589  4575 I DlbDap2Process: open()
02-03 00:51:14.148   589  4575 I DlbDap2Process: loadLicense() no license check!
02-03 00:51:14.148   589  4575 I DlbDap2Process: validateLicense() no license check!
02-03 00:51:14.149   589  4575 I DlbDap2Process: init() DAP opened
02-03 00:51:14.149   589  4575 I DlbDap2Process: DAP library version: 2.5.1-P2.0
02-03 00:51:14.149   589  4575 D DlbDap2Process: DAP output mode set to 1 with 2 output channels and null mix matrix.
02-03 00:51:14.149   589  4575 D DlbDapEndpointParamCache: commitAllParams()
02-03 00:51:14.149   589  4575 D DlbDapEndpointParamCache: commit() Applying parameters for device 0x40000000
02-03 00:51:14.149   589  4575 D DlbDap2Process: setParam(iea = #1[10])
02-03 00:51:14.149   589  4575 D DlbDap2Process: setParam(msce = #1[0])
02-03 00:51:14.149   589  4575 D DlbDap2Process: setParam(mdee = #1[0])
02-03 00:51:14.149   589  4575 D DlbDap2Process: setParam(miee = #1[0])
02-03 00:51:14.149   589  4575 D DlbDap2Process: setParam(mdle = #1[0])
02-03 00:51:14.149   589  4575 D DlbDap2Process: setParam(dvle = #1[0])
02-03 00:51:14.149   589  4575 D DlbDap2Process: setParam(mave = #1[0])
02-03 00:51:14.149   589  4575 D DlbDap2Process: setParam(vcbf = #20[47, 141, 234, 328, 469, 656, 844, 1031, 1313, 1688, 2250, 3000, 3750, 4688, 5813, 7125, 9000, 11250, 13875, 19688])
02-03 00:51:14.149   589  4575 D DlbDap2Process: setParam(preg = #1[-758])
02-03 00:51:14.149   589  4575 D DlbDap2Process: setParam(vbon = #1[0])
02-03 00:51:14.149   589  4575 D DlbDap2Process: setParam(beon = #1[0])
02-03 00:51:14.149   589  4575 D DlbDap2Process: setParam(geon = #1[0])
02-03 00:51:14.149   589  4575 D DlbDap2Process: setParam(ieon = #1[0])
02-03 00:51:14.149   589  4575 D DlbDap2Process: setParam(gebs = #41[20, 47, 141, 234, 328, 469, 656, 844, 1031, 1313, 1688, 2250, 3000, 3750, 4688, 5813, 7125, 9000, 11250, 13875, 19688, 0, 0, 0, 0, 0, 0, 0, 0, 0, 0, 0, 0, 0, 0, 0, 0, 0, 0, 0, 0])
02-03 00:51:14.150   589  4575 D DlbDap2Process: setParam(iebs = #41[20, 65, 136, 223, 332, 467, 634, 841, 1098, 1416, 1812, 2302, 2909, 3663, 4598, 5756, 7194, 8976, 11186, 13927, 17326, 117, 133, 188, 176, 141, 149, 175, 185, 185, 200, 236, 242, 228, 213, 182, 132, 110, 68, -27, -240])
02-03 00:51:14.150   589  4575 D DlbDapEndpointParamCache: doCommit() Committed 16 parameters out of 16.
02-03 00:51:14.150   589  4575 D DlbDapEndpointParamCache: commit() Overriding parameters for current device 0x00000002
02-03 00:51:14.150   589  4575 D DlbDap2Process: setParam(dea = #1[7])
02-03 00:51:14.150   589  4575 D DlbDap2Process: setParam(dsa = #1[10])
02-03 00:51:14.150   589  4575 D DlbDap2Process: setParam(beb = #1[192])
02-03 00:51:14.150   589  4575 D DlbDap2Process: setParam(plb = #1[0])
02-03 00:51:14.150   589  4575 D DlbDap2Process: setParam(vmb = #1[144])
02-03 00:51:14.150   589  4575 D DlbDap2Process: setParam(dsb = #1[48])
02-03 00:51:14.150   589  4575 D DlbDap2Process: setParam(ded = #1[0])
02-03 00:51:14.150   589  4575 D DlbDap2Process: setParam(vbm = #1[3])
02-03 00:51:14.150   589  4575 D DlbDap2Process: setParam(dom = #1[0])
02-03 00:51:14.150   589  4575 D DlbDap2Process: setParam(bew = #1[16])
02-03 00:51:14.150   589  4575 D DlbDap2Process: setParam(dvla = #1[5])
02-03 00:51:14.150   589  4575 D DlbDap2Process: setParam(arra = #1[96])
02-03 00:51:14.150   589  4575 D DlbDap2Process: setParam(dfsa = #1[10])
02-03 00:51:14.150   589  4575 D DlbDap2Process: setParam(dhsa = #1[10])
02-03 00:51:14.150   589  4575 D DlbDap2Process: setParam(dvmc = #1[0])
02-03 00:51:14.150   589  4575 D DlbDap2Process: setParam(arod = #1[0])
02-03 00:51:14.150   589  4575 D DlbDap2Process: setParam(arde = #1[1])
02-03 00:51:14.150   589  4575 D DlbDap2Process: setParam(dvle = #1[0])
02-03 00:51:14.150   589  4575 D DlbDap2Process: setParam(dvme = #1[0])
02-03 00:51:14.150   589  4575 D DlbDap2Process: setParam(becf = #1[200])
02-03 00:51:14.150   589  4575 D DlbDap2Process: setParam(vbmf = #2[94, 469])
02-03 00:51:14.150   589  4575 D DlbDap2Process: setParam(vbsf = #2[35, 160])
02-03 00:51:14.150   589  4575 D DlbDap2Process: setParam(vbhg = #3[-32, -144, -192])
02-03 00:51:14.150   589  4575 D DlbDap2Process: setParam(vbog = #1[0])
02-03 00:51:14.150   589  4575 D DlbDap2Process: setParam(vbsg = #1[0])
02-03 00:51:14.150   589  4575 D DlbDap2Process: setParam(dvli = #1[-320])
02-03 00:51:14.150   589  4575 D DlbDap2Process: setParam(dhfm = #1[2])
02-03 00:51:14.150   589  4575 D DlbDap2Process: setParam(vbon = #1[0])
02-03 00:51:14.150   589  4575 D DlbDap2Process: setParam(beon = #1[0])
02-03 00:51:14.150   589  4575 D DlbDap2Process: setParam(deon = #1[0])
02-03 00:51:14.150   589  4575 D DlbDap2Process: setParam(ngon = #1[0])
02-03 00:51:14.150   589  4575 D DlbDap2Process: setParam(aoon = #1[1])
02-03 00:51:14.150   589  4575 D DlbDap2Process: setParam(aron = #1[1])
02-03 00:51:14.150   589  4575 D DlbDap2Process: setParam(dvlo = #1[-320])
02-03 00:51:14.150   589  4575 D DlbDap2Process: setParam(artp = #1[12])
02-03 00:51:14.151   589  4575 D DlbDap2Process: setParam(aobs = #222[20, 10, 47, 141, 234, 328, 469, 656, 844, 1031, 1313, 1688, 2250, 3000, 3750, 4688, 5813, 7125, 9000, 11250, 13875, 19688, 0, 0, 0, 0, 0, 0, 0, 0, 0, 0, 0, 0, 0, 0, 0, 0, 0, 0, 0, 0, 0, 0, 0, 0, 0, 0, 0, 0, 0, 0, 0, 0, 0, 0, 0, 0, 0, 0, 0, 0, 0, 0, 0, 0, 0, 0, 0, 0, 0, 0, 0, 0, 0, 0, 0, 0, 0, 0, 0, 0, 0, 0, 0, 0, 0, 0, 0, 0, 0, 0, 0, 0, 0, 0, 0, 0, 0, 0, 0, 0, 0, 0, 0, 0, 0, 0, 0, 0, 0, 0, 0, 0, 0, 0, 0, 0, 0, 0, 0, 0, 0, 0, 0, 0, 0, 0, 0, 0, 0, 0, 0, 0, 0, 0, 0, 0, 0, 0, 0, 0, 0, 0, 0, 0, 0, 0, 0, 0, 0, 0, 0, 0, 0, 0, 0, 0, 0, 0, 0, 0, 0, 0, 0, 0, 0, 0, 0, 0, 0, 0, 0, 0, 0, 0, 0, 0, 0, 0, 0, 0, 0, 0, 0, 0, 0, 0, 0, 0, 0, 0, 0, 0, 0, 0, 0, 0, 0, 0, 0, 0, 0, 0, 0, 0, 0, 0, 0, 0, 0, 0, 0, 0, 0, 0, 0, 0, 0, 0, 0, 0])
02-03 00:51:14.151   589  4575 D DlbDap2Process: setParam(arbs = #81[20, 47, 141, 234, 328, 469, 656, 844, 1031, 1313, 1688, 2250, 3000, 3750, 4688, 5813, 7125, 9000, 11250, 13875, 19688, -192, -192, -192, -192, -192, -192, -192, -192, -192, -192, -192, -192, -192, -192, -192, -192, -192, -192, -192, -192, 0, 0, 0, 0, 0, 0, 0, 0, 0, 0, 0, 0, 0, 0, 0, 0, 0, 0, 0, 0, 0, 0, 0, 0, 0, 0, 0, 0, 0, 0, 0, 0, 0, 0, 0, 0, 0, 0, 0, 0])
02-03 00:51:14.151   589  4575 D DlbDapEndpointParamCache: doCommit() Committed 37 parameters out of 37.
02-03 00:51:14.151   589  4575 D DlbDapCrossfadeProcess: setEnabled transitioning from DAP_BYPASSED state to PREROLL_ACTIVE
02-03 00:51:14.168   589  4575 D DlbDap2Process: setMave(mave = 0)
02-03 00:51:14.208   589  4575 D DlbDapCrossfadeProcess: process transitioning from PREROLL_ACTIVE state to FADE_TO_ACTIVE
02-03 00:51:14.236   602 17873 D ARenderer: updateDapConfig: Updating DAP configuration
02-03 00:51:14.236   602 17873 D DlbDap2QmfProcess: setParam(iea = #1[10])
02-03 00:51:14.236   602 17873 D DlbDap2QmfProcess: setParam(msce = #1[0])
02-03 00:51:14.236   602 17873 D DlbDap2QmfProcess: setParam(mdee = #1[0])
02-03 00:51:14.236   602 17873 D DlbDap2QmfProcess: setParam(miee = #1[0])
02-03 00:51:14.236   602 17873 D DlbDap2QmfProcess: setParam(mdle = #1[0])
02-03 00:51:14.236   602 17873 D DlbDap2QmfProcess: setParam(dvle = #1[1])
02-03 00:51:14.236   602 17873 D DlbDap2QmfProcess: setParam(mave = #1[0])
02-03 00:51:14.236   602 17873 D DlbDap2QmfProcess: setParam(vcbf = #20[47, 141, 234, 328, 469, 656, 844, 1031, 1313, 1688, 2250, 3000, 3750, 4688, 5813, 7125, 9000, 11250, 13875, 19688])
02-03 00:51:14.236   602 17873 D DlbDap2QmfProcess: setParam(ieon = #1[0])
02-03 00:51:14.237   602 17873 D DlbDap2QmfProcess: setParam(gebs = #41[20, 47, 141, 234, 328, 469, 656, 844, 1031, 1313, 1688, 2250, 3000, 3750, 4688, 5813, 7125, 9000, 11250, 13875, 19688, 0, 0, 0, 0, 0, 0, 0, 0, 0, 0, 0, 0, 0, 0, 0, 0, 0, 0, 0, 0])
02-03 00:51:14.237   602 17873 D DlbDap2QmfProcess: setParam(iebs = #41[20, 65, 136, 223, 332, 467, 634, 841, 1098, 1416, 1812, 2302, 2909, 3663, 4598, 5756, 7194, 8976, 11186, 13927, 17326, 117, 133, 188, 176, 141, 149, 175, 185, 185, 200, 236, 242, 228, 213, 182, 132, 110, 68, -27, -240])
02-03 00:51:14.237   602 17873 D DlbDap2QmfProcess: setParam(dea = #1[7])
02-03 00:51:14.237   602 17873 D DlbDap2QmfProcess: setParam(dsa = #1[10])
02-03 00:51:14.237   602 17873 D DlbDap2QmfProcess: setParam(beb = #1[192])
02-03 00:51:14.237   602 17873 D DlbDap2QmfProcess: setParam(plb = #1[0])
02-03 00:51:14.237   602 17873 D DlbDap2QmfProcess: setParam(vmb = #1[144])
02-03 00:51:14.237   602 17873 D DlbDap2QmfProcess: setParam(dsb = #1[48])
02-03 00:51:14.237   602 17873 D DlbDap2QmfProcess: setParam(ded = #1[0])
02-03 00:51:14.237   602 17873 D DlbDap2QmfProcess: setParam(dom = #1[0])
02-03 00:51:14.237   602 17873 D DlbDap2QmfProcess: setParam(bew = #1[16])
02-03 00:51:14.237   602 17873 D DlbDap2QmfProcess: setParam(dvla = #1[5])
02-03 00:51:14.237   602 17873 D DlbDap2QmfProcess: setParam(dfsa = #1[10])
02-03 00:51:14.237   602 17873 D DlbDap2QmfProcess: setParam(dhsa = #1[10])
02-03 00:51:14.238   602 17873 D DlbDap2QmfProcess: setParam(dvmc = #1[0])
02-03 00:51:14.238   602 17873 D DlbDap2QmfProcess: setParam(dvle = #1[1])
02-03 00:51:14.238   602 17873 D DlbDap2QmfProcess: setParam(dvme = #1[0])
02-03 00:51:14.238   602 17873 D DlbDap2QmfProcess: setParam(becf = #1[200])
02-03 00:51:14.238   602 17873 D DlbDap2QmfProcess: setParam(vbmf = #2[94, 469])
02-03 00:51:14.238   602 17873 D DlbDap2QmfProcess: setParam(vbsf = #2[35, 160])
02-03 00:51:14.238   602 17873 D DlbDap2QmfProcess: setParam(vbhg = #3[-32, -144, -192])
02-03 00:51:14.238   602 17873 D DlbDap2QmfProcess: setParam(vbog = #1[0])
02-03 00:51:14.238   602 17873 D DlbDap2QmfProcess: setParam(vbsg = #1[0])
02-03 00:51:14.238   602 17873 D DlbDap2QmfProcess: setParam(dvli = #1[-320])
02-03 00:51:14.238   602 17873 D DlbDap2QmfProcess: setParam(dhfm = #1[2])
02-03 00:51:14.238   602 17873 D DlbDap2QmfProcess: setParam(deon = #1[0])
02-03 00:51:14.238   602 17873 D DlbDap2QmfProcess: setParam(ngon = #1[1])
02-03 00:51:14.238   602 17873 D DlbDap2QmfProcess: setParam(dvlo = #1[-320])
02-03 00:51:14.239   602 17873 D DlbDap2QmfProcess: setParam(aobs = #222[20, 10, 47, 141, 234, 328, 469, 656, 844, 1031, 1313, 1688, 2250, 3000, 3750, 4688, 5813, 7125, 9000, 11250, 13875, 19688, 0, 0, 0, 0, 0, 0, 0, 0, 0, 0, 0, 0, 0, 0, 0, 0, 0, 0, 0, 0, 0, 0, 0, 0, 0, 0, 0, 0, 0, 0, 0, 0, 0, 0, 0, 0, 0, 0, 0, 0, 0, 0, 0, 0, 0, 0, 0, 0, 0, 0, 0, 0, 0, 0, 0, 0, 0, 0, 0, 0, 0, 0, 0, 0, 0, 0, 0, 0, 0, 0, 0, 0, 0, 0, 0, 0, 0, 0, 0, 0, 0, 0, 0, 0, 0, 0, 0, 0, 0, 0, 0, 0, 0, 0, 0, 0, 0, 0, 0, 0, 0, 0, 0, 0, 0, 0, 0, 0, 0, 0, 0, 0, 0, 0, 0, 0, 0, 0, 0, 0, 0, 0, 0, 0, 0, 0, 0, 0, 0, 0, 0, 0, 0, 0, 0, 0, 0, 0, 0, 0, 0, 0, 0, 0, 0, 0, 0, 0, 0, 0, 0, 0, 0, 0, 0, 0, 0, 0, 0, 0, 0, 0, 0, 0, 0, 0, 0, 0, 0, 0, 0, 0, 0, 0, 0, 0, 0, 0, 0, 0, 0, 0, 0, 0, 0, 0, 0, 0, 0, 0, 0, 0, 0, 0, 0, 0, 0, 0, 0, 0])
02-03 00:51:14.239   602 17873 D DlbDap2QmfProcess: setParam(dvle = #1[1])
02-03 00:51:14.239   602 17873 D DlbDap2QmfProcess: setParam(dvli = #1[-496])
02-03 00:51:14.239   602 17873 D DlbDap2QmfProcess: setParam(dvlo = #1[-176])
02-03 00:51:14.239   602 17873 D ARenderer: updateDapVolumeLeveler: Setting output level to -11.00dB
02-03 00:51:14.239   602 17873 D DlbDap2QmfProcess: setParam(vmb = #1[0])
02-03 00:51:14.239   602 17873 D DlbDap2QmfProcess: setParam(preg = #1[-384])
02-03 00:51:14.240   602 17873 D DlbDap2QmfProcess: setParam(vol = #1[384])
02-03 00:51:14.240   602 17873 D DlbDap2QmfProcess: setMave(mave = 0)
02-03 00:51:14.328   589  4575 D DlbDapCrossfadeProcess: process transitioning from FADE_TO_ACTIVE state to DAP_ACTIVE
02-03 00:51:15.571   823   823 W WindowManager: removeWindowToken: Attempted to remove non-existing token: android.os.Binder@45a2180
02-03 00:51:15.611   427   427 D SurfaceFlinger: duplicate layer name: changing Toast to Toast#1
02-03 00:51:16.268   589  4575 D DlbDap2Process: process() called [807000] times
02-03 00:51:17.592   823   823 W WindowManager: removeWindowToken: Attempted to remove non-existing token: android.os.Binder@92c320a
02-03 00:51:18.254   597 17867 I NuPlayerDecoder: [audio] saw output EOS
02-03 00:51:18.505   597 17866 D AudioTrack: stop() called with 230400 frames delivered
02-03 00:51:18.518 17374 17374 I ServiceManager: Waiting for service AtCmdFwd...
02-03 00:51:18.835   597 17862 D NuPlayerDriver: notifyListener_l(0xf1bb2af0), (2, 0, 0, -1), loop setting(0, 1)
02-03 00:51:18.836   589  5032 D AudioFlinger: trackStateChanged() Track id 1025 state changed to 6
02-03 00:51:18.838   589   589 D AudioFlinger: trackStateChanged() Track id 1025 state changed to 6
02-03 00:51:18.897   597 17862 D NuPlayerDriver: notifyListener_l(0xf1bb2af0), (6, 0, 0, -1), loop setting(0, 1)
02-03 00:51:18.899   597 16835 W MediaClock: reject anchor time since it is negative.
02-03 00:51:18.927   589  4575 D DlbDap2Process: process() called [807500] times
02-03 00:51:18.949   597 17866 W MediaClock: reject anchor time since it is negative.
