--------- beginning of main
02-04 23:03:56.910 28748 28748 I ServiceManager: Waiting for service AtCmdFwd...
--------- beginning of system
02-04 23:03:57.554   816   975 I ActivityManager: Force stopping com.dolby.qa.featuretest appid=10074 user=0: from pid 29590
02-04 23:03:57.555   816   975 I ActivityManager: Killing 29502:com.dolby.qa.featuretest/u0a74 (adj 0): stop com.dolby.qa.featuretest
02-04 23:03:57.559   816   975 W ActivityManager: Force removing ActivityRecord{80f55fd u0 com.dolby.qa.featuretest/.MainActivity t195}: app died, no saved state
02-04 23:03:57.563   816   975 I WindowManager: Failed to capture screenshot of Token{968e2f2 ActivityRecord{80f55fd u0 com.dolby.qa.featuretest/.MainActivity t195 f}} appWin=Window{1572fab u0 com.dolby.qa.featuretest/com.dolby.qa.featuretest.MainActivity} drawState=4
02-04 23:03:57.584   589   589 D NuPlayerDriver: reset(0xe5732460) at state 5
02-04 23:03:57.589   589   589 D NuPlayerDriver: notifyListener_l(0xe5732460), (8, 0, 0, -1), loop setting(0, 1)
02-04 23:03:57.594  1232  1232 D CarrierSvcBindHelper: No carrier app for: 0
02-04 23:03:57.596   816   894 W InputDispatcher: channel '34190ac Toast (server)' ~ Consumer closed input channel or an error occurred.  events=0x9
02-04 23:03:57.596   816   894 E InputDispatcher: channel '34190ac Toast (server)' ~ Channel is unrecoverably broken and will be disposed!
02-04 23:03:57.597   816   964 I WindowManager: WIN DEATH: Window{34190ac u0 Toast}
02-04 23:03:57.597   816   964 W InputDispatcher: Attempted to unregister already unregistered input channel '34190ac Toast (server)'
02-04 23:03:57.602   589 29553 D NuPlayerDriver: notifyResetComplete(0xe5732460)
02-04 23:03:57.602  2298  2298 D RegisteredNfcFServicesCache: Service unchanged, not updating
02-04 23:03:57.603   589   589 D AudioTrack: stop() called with 0 frames delivered
02-04 23:03:57.663   816   964 I ActivityManager: START u0 {flg=0x10000000 cmp=com.dolby.qa.featuretest/.MainActivity} from uid 2000
02-04 23:03:57.685   816   975 I ActivityManager: Start proc 29596:com.dolby.qa.featuretest/u0a74 for activity com.dolby.qa.featuretest/.MainActivity
02-04 23:03:57.686 29596 29596 I zygote64: Late-enabling -Xcheck:jni
02-04 23:03:57.736   581   724 D DlbDlbEffect: handle_EFFECT_CMD_DISABLE()
02-04 23:03:57.736   581   724 D DlbDapCrossfadeProcess: setEnabled transitioning from DAP_ACTIVE state to FADE_TO_BYPASS
02-04 23:03:57.737   416   416 W /system/bin/hw/android.hidl.allocator@1.0-service: ashmem_create_region(3840) returning hidl_memory(0x7590c2c2e0, 3840)
02-04 23:03:57.738   581   724 D DlbDlbEffect: handle_EFFECT_CMD_SET_CONFIG()
02-04 23:03:57.738   581   724 D DlbDapEndpointParamCache: setDevice(device=0x00000002)
02-04 23:03:57.738   421   421 D DMSService: setActiveDevice called with device = 0x2
02-04 23:03:57.738   581   724 D DlbDlbEffect: handle_EFFECT_CMD_ENABLE()
02-04 23:03:57.738   581   724 D DlbDapCrossfadeProcess: setEnabled transitioning from FADE_TO_BYPASS state to FADE_TO_ACTIVE
02-04 23:03:57.888 29596 29596 D featureTest: onCreate
02-04 23:03:57.910 28748 28748 I ServiceManager: Waiting for service AtCmdFwd...
02-04 23:03:58.080   581   770 D audio_hw_primary: disable_audio_route: usecase(0) reset and update mixer path: deep-buffer-playback speaker
02-04 23:03:58.095   581   770 D audio_hw_primary: disable_snd_device: snd_device(2: speaker)
02-04 23:03:58.103 29596 29596 D AudioTrack: Client defaulted notificationFrames to 962 for frameCount 1924
02-04 23:03:58.111 29596 29596 W AudioTrack: Use of stream types is deprecated for operations other than volume control
02-04 23:03:58.111 29596 29596 W AudioTrack: See the documentation of AudioTrack() for what to use instead with android.media.AudioAttributes to qualify your playback use case
02-04 23:03:58.122   816   843 W ActivityManager: setHasOverlayUi called on unknown pid: 29502
02-04 23:03:58.124 29596 29596 W DolbyAudioEffect: WARNING: attaching a DolbyAudioEffect to global output mix is deprecated!
02-04 23:03:58.136 29596 29596 D featureTest: onResume
02-04 23:03:58.150 29596 29617 D OpenGLRenderer: HWUI GL Pipeline
02-04 23:03:58.215 29596 29617 I Adreno  : QUALCOMM build                   : 7142022, Ib5823dd10c
02-04 23:03:58.215 29596 29617 I Adreno  : Build Date                       : 06/23/17
02-04 23:03:58.215 29596 29617 I Adreno  : OpenGL ES Shader Compiler Version: EV031.18.00.00
02-04 23:03:58.215 29596 29617 I Adreno  : Local Branch                     : O11A
02-04 23:03:58.215 29596 29617 I Adreno  : Remote Branch                    : 
02-04 23:03:58.215 29596 29617 I Adreno  : Remote Branch                    : 
02-04 23:03:58.215 29596 29617 I Adreno  : Reconstruct Branch               : 
02-04 23:03:58.215 29596 29617 I vndksupport: sphal namespace is not configured for this process. Loading /vendor/lib64/hw/gralloc.msm8994.so from the current namespace instead.
02-04 23:03:58.220 29596 29617 I Adreno  : PFP: 0x00000000, ME: 0x00000000
02-04 23:03:58.224 29596 29617 I OpenGLRenderer: Initialized EGL, version 1.4
02-04 23:03:58.224 29596 29617 D OpenGLRenderer: Swap behavior 2
02-04 23:03:58.249   365   365 W /system/bin/hwservicemanager: getTransportFromManifest: Cannot find entry android.hardware.graphics.mapper@2.0::IMapper in either framework or device manifest, using default transport.
02-04 23:03:58.252 29596 29617 I vndksupport: sphal namespace is not configured for this process. Loading /vendor/lib64/hw/gralloc.msm8994.so from the current namespace instead.
02-04 23:03:58.273   816   843 I ActivityManager: Displayed com.dolby.qa.featuretest/.MainActivity: +598ms
02-04 23:03:58.479  2401  2517 W OpenGLRenderer: Incorrectly called buildLayer on View: ShortcutAndWidgetContainer, destroying layer...
02-04 23:03:58.748 29596 29596 D featureTest: receive broadcast , playing content location :/sdcard/featureTest/chopper_5.1_180_420.wav
02-04 23:03:58.757 29596 29596 D featureTest: mMediaPlayer.getAudioSessionId(): 4073
02-04 23:03:58.757 29596 29596 D featureTest: Playing file: /sdcard/featureTest/chopper_5.1_180_420.wav
02-04 23:03:58.759   589   709 D NuPlayerDriver: NuPlayerDriver(0xe57325b0) created, clientPid(29596)
02-04 23:03:58.760 29626 29626 W generic : type=1400 audit(0.0:2838): avc: denied { read } for path="/storage/emulated/0/featuretest/chopper_5.1_180_420.wav" dev="sdcardfs" ino=523304 scontext=u:r:mediaextractor:s0 tcontext=u:object_r:sdcardfs:s0 tclass=file permissive=0
02-04 23:03:58.761 29596 29596 W MediaPlayer: Use of stream types is deprecated for operations other than volume control
02-04 23:03:58.761 29596 29596 W MediaPlayer: See the documentation of setAudioStreamType() for what to use instead with android.media.AudioAttributes to qualify your playback use case
02-04 23:03:58.763   589 29626 D GenericSource: FileSource remote
02-04 23:03:58.763   589 29626 W GenericSource: extractor service cannot make data source
02-04 23:03:58.763   589 29626 D GenericSource: FileSource local
02-04 23:03:58.765   587  1118 W WAVExtractor: More than 2 channels (6) in non-WAVE_EXT, unknown channel mask
02-04 23:03:58.789   587  1118 W WAVExtractor: More than 2 channels (6) in non-WAVE_EXT, unknown channel mask
02-04 23:03:58.790   587  1118 D MediaBufferGroup: creating MemoryDealer
02-04 23:03:58.791   589 29625 D NuPlayerDriver: notifyListener_l(0xe57325b0), (1, 0, 0, -1), loop setting(0, 0)
02-04 23:03:58.800   589   709 D NuPlayerDriver: start(0xe57325b0), state is 4, eos is 0
02-04 23:03:58.800   589 29625 I GenericSource: start
02-04 23:03:58.805 29596 29596 W DolbyAudioEffect: WARNING: attaching a DolbyAudioEffect to global output mix is deprecated!
02-04 23:03:58.808   816   816 W NotificationService: Object died trying to hide notification android.app.ITransientNotification$Stub$Proxy@6738f4b in package com.dolby.qa.featuretest
02-04 23:03:58.808   816   816 W WindowManager: removeWindowToken: Attempted to remove non-existing token: android.os.Binder@a8ddf8b
02-04 23:03:58.808   816   816 W ActivityManager: setProcessForeground called on unknown pid: 29502
02-04 23:03:58.809   816   816 W NotificationService: Object died trying to show notification android.app.ITransientNotification$Stub$Proxy@3df0d28 in package com.dolby.qa.featuretest
02-04 23:03:58.809   816   816 W ActivityManager: setProcessForeground called on unknown pid: 29502
02-04 23:03:58.809   816   816 W NotificationService: Object died trying to show notification android.app.ITransientNotification$Stub$Proxy@eafa41 in package com.dolby.qa.featuretest
02-04 23:03:58.811   593  5352 I OMXMaster: makeComponentInstance(OMX.google.raw.decoder) in android.hardwar process
02-04 23:03:58.814   593  1162 E OMXNodeInstance: setConfig(0xf0d071e0:google.raw.decoder, ConfigPriority(0x6f800002)) ERROR: Undefined(0x80001001)
02-04 23:03:58.814   589 29633 I ACodec  : codec does not support config priority (err -2147483648)
02-04 23:03:58.815   593  1187 E OMXNodeInstance: getConfig(0xf0d071e0:google.raw.decoder, ConfigAndroidVendorExtension(0x6f100004)) ERROR: Undefined(0x80001001)
02-04 23:03:58.816   589 29633 I MediaCodec: MediaCodec will operate in async mode
02-04 23:03:58.821 29596 29596 D featureTest: receive broadcast , change ds status :0
02-04 23:03:58.830   365   365 W /system/bin/hwservicemanager: getTransportFromManifest: Cannot find entry android.hardware.audio.effect@2.0::IEffectsFactory in either framework or device manifest, using default transport.
02-04 23:03:58.834   416   416 W /system/bin/hw/android.hidl.allocator@1.0-service: ashmem_create_region(3072) returning hidl_memory(0x7590c2c2e0, 3072)
02-04 23:03:58.837   416   416 W /system/bin/hw/android.hidl.allocator@1.0-service: ashmem_create_region(1024) returning hidl_memory(0x7590c2c2e0, 1024)
02-04 23:03:58.837   581  5143 E EffectHalHidl: Buffer provider callbacks are not supported
02-04 23:03:58.838   589 29631 D AudioTrack: Client defaulted notificationFrames to 12000 for frameCount 24000
02-04 23:03:58.839   581  5110 D DlbDlbEffect: handle_EFFECT_CMD_DISABLE()
02-04 23:03:58.839   581  5110 D DlbDapCrossfadeProcess: setEnabled transitioning from FADE_TO_ACTIVE state to FADE_TO_BYPASS
02-04 23:03:58.841   416   416 W /system/bin/hw/android.hidl.allocator@1.0-service: ashmem_create_region(7680) returning hidl_memory(0x7590c2c2e0, 7680)
02-04 23:03:58.841   581  5110 D DlbDlbEffect: handle_EFFECT_CMD_SET_CONFIG()
02-04 23:03:58.841   581  5110 D DlbDapEndpointParamCache: setDevice(device=0x00000002)
02-04 23:03:58.842   421   421 D DMSService: setActiveDevice called with device = 0x2
02-04 23:03:58.842   581  5110 D DlbDlbEffect: handle_EFFECT_CMD_ENABLE()
02-04 23:03:58.842   581  5110 D DlbDapCrossfadeProcess: setEnabled transitioning from FADE_TO_BYPASS state to FADE_TO_ACTIVE
02-04 23:03:58.844   589 29625 D NuPlayerDriver: notifyListener_l(0xe57325b0), (6, 0, 0, -1), loop setting(0, 1)
02-04 23:03:58.848   581  5115 D DlbDapCrossfadeProcess: process transitioning from FADE_TO_ACTIVE state to DAP_ACTIVE
02-04 23:03:58.852   581   581 D DlbDlbEffect: handle_EFFECT_CMD_SET_PARAM()
02-04 23:03:58.859   581  5111 D audio_hw_primary: enable_snd_device: snd_device(2: speaker)
02-04 23:03:58.861   581  5111 D audio_hw_primary: enable_audio_route: usecase(0) apply and update mixer path: deep-buffer-playback speaker
02-04 23:03:58.876   581  5115 D DlbDapCrossfadeProcess: setEnabled transitioning from DAP_ACTIVE state to FADE_TO_BYPASS
02-04 23:03:58.906 29596 29596 D featureTest: receive broadcast , change ds profile id :2
02-04 23:03:58.911 28748 28748 W Atfwd_Sendcmd: AtCmdFwd service not published, waiting... retryCnt : 2
02-04 23:03:58.918   581  5115 D DlbDapCrossfadeProcess: process transitioning from FADE_TO_BYPASS state to DAP_BYPASSED
02-04 23:03:58.919   581  5143 D DlbDlbEffect: handle_EFFECT_CMD_SET_PARAM()
02-04 23:03:58.919   421   460 I DapController: Profile Changed to Music
02-04 23:03:58.939   581  5115 D DlbDapEndpointParamCache: commitChangedParams()
02-04 23:03:58.939   581  5115 D DlbDapEndpointParamCache: commit() Applying parameters for device 0x40000000
02-04 23:03:58.939   581  5115 D DlbDap2Process: setParam(iea = #1[10])
02-04 23:03:58.939   581  5115 D DlbDap2Process: setParam(msce = #1[0])
02-04 23:03:58.939   581  5115 D DlbDap2Process: setParam(mdee = #1[0])
02-04 23:03:58.939   581  5115 D DlbDap2Process: setParam(miee = #1[0])
02-04 23:03:58.939   581  5115 D DlbDap2Process: setParam(mdle = #1[0])
02-04 23:03:58.939   581  5115 D DlbDap2Process: setParam(dvle = #1[1])
02-04 23:03:58.939   581  5115 D DlbDap2Process: setParam(mave = #1[0])
02-04 23:03:58.940   581  5115 D DlbDap2Process: setParam(vcbf = #20[47, 141, 234, 328, 469, 656, 844, 1031, 1313, 1688, 2250, 3000, 3750, 4688, 5813, 7125, 9000, 11250, 13875, 19688])
02-04 23:03:58.940   581  5115 D DlbDap2Process: setParam(vbon = #1[0])
02-04 23:03:58.940   581  5115 D DlbDap2Process: setParam(beon = #1[0])
02-04 23:03:58.940   581  5115 D DlbDap2Process: setParam(geon = #1[0])
02-04 23:03:58.940   581  5115 D DlbDap2Process: setParam(ieon = #1[1])
02-04 23:03:58.940   581  5115 D DlbDap2Process: setParam(gebs = #41[20, 47, 141, 234, 328, 469, 656, 844, 1031, 1313, 1688, 2250, 3000, 3750, 4688, 5813, 7125, 9000, 11250, 13875, 19688, 0, 0, 0, 0, 0, 0, 0, 0, 0, 0, 0, 0, 0, 0, 0, 0, 0, 0, 0, 0])
02-04 23:03:58.940   581  5115 D DlbDap2Process: setParam(iebs = #41[20, 65, 136, 223, 332, 467, 634, 841, 1098, 1416, 1812, 2302, 2909, 3663, 4598, 5756, 7194, 8976, 11186, 13927, 17326, 117, 133, 188, 176, 141, 149, 175, 185, 185, 200, 236, 242, 228, 213, 182, 132, 110, 68, -27, -240])
02-04 23:03:58.940   581  5115 D DlbDapEndpointParamCache: doCommit() Committed 15 parameters out of 16.
02-04 23:03:58.940   581  5115 D DlbDapEndpointParamCache: commit() Overriding parameters for current device 0x00000002
02-04 23:03:58.940   581  5115 D DlbDap2Process: setParam(dea = #1[7])
02-04 23:03:58.940   581  5115 D DlbDap2Process: setParam(dsa = #1[10])
02-04 23:03:58.940   581  5115 D DlbDap2Process: setParam(beb = #1[192])
02-04 23:03:58.940   581  5115 D DlbDap2Process: setParam(plb = #1[0])
02-04 23:03:58.940   581  5115 D DlbDap2Process: setParam(vmb = #1[144])
02-04 23:03:58.940   581  5115 D DlbDap2Process: setParam(dsb = #1[0])
02-04 23:03:58.940   581  5115 D DlbDap2Process: setParam(ded = #1[0])
02-04 23:03:58.940   581  5115 D DlbDap2Process: setParam(vbm = #1[3])
02-04 23:03:58.940   581  5115 D DlbDap2Process: setParam(dom = #1[0])
02-04 23:03:58.940   581  5115 D DlbDap2Process: setParam(bew = #1[16])
02-04 23:03:58.940   581  5115 D DlbDap2Process: setParam(dvla = #1[4])
02-04 23:03:58.940   581  5115 D DlbDap2Process: setParam(arra = #1[96])
02-04 23:03:58.940   581  5115 D DlbDap2Process: setParam(dfsa = #1[10])
02-04 23:03:58.940   581  5115 D DlbDap2Process: setParam(dhsa = #1[10])
02-04 23:03:58.940   581  5115 D DlbDap2Process: setParam(dvmc = #1[0])
02-04 23:03:58.940   581  5115 D DlbDap2Process: setParam(arod = #1[0])
02-04 23:03:58.940   581  5115 D DlbDap2Process: setParam(arde = #1[1])
02-04 23:03:58.940   581  5115 D DlbDap2Process: setParam(dvle = #1[1])
02-04 23:03:58.940   581  5115 D DlbDap2Process: setParam(dvme = #1[0])
02-04 23:03:58.940   581  5115 D DlbDap2Process: setParam(becf = #1[200])
02-04 23:03:58.940   581  5115 D DlbDap2Process: setParam(vbmf = #2[94, 469])
02-04 23:03:58.940   581  5115 D DlbDap2Process: setParam(vbsf = #2[35, 160])
02-04 23:03:58.940   581  5115 D DlbDap2Process: setParam(vbhg = #3[-32, -144, -192])
02-04 23:03:58.940   581  5115 D DlbDap2Process: setParam(vbog = #1[0])
02-04 23:03:58.940   581  5115 D DlbDap2Process: setParam(vbsg = #1[0])
02-04 23:03:58.941   581  5115 D DlbDap2Process: setParam(dvli = #1[-320])
02-04 23:03:58.941   581  5115 D DlbDap2Process: setParam(dhfm = #1[2])
02-04 23:03:58.941   581  5115 D DlbDap2Process: setParam(vbon = #1[0])
02-04 23:03:58.941   581  5115 D DlbDap2Process: setParam(beon = #1[0])
02-04 23:03:58.941   581  5115 D DlbDap2Process: setParam(deon = #1[0])
02-04 23:03:58.941   581  5115 D DlbDap2Process: setParam(ngon = #1[1])
02-04 23:03:58.941   581  5115 D DlbDap2Process: setParam(aoon = #1[1])
02-04 23:03:58.941   581  5115 D DlbDap2Process: setParam(aron = #1[1])
02-04 23:03:58.941   581  5115 D DlbDap2Process: setParam(dvlo = #1[-320])
02-04 23:03:58.941   581  5115 D DlbDap2Process: setParam(artp = #1[12])
02-04 23:03:58.941   581  5115 D DlbDap2Process: setParam(aobs = #222[20, 10, 47, 141, 234, 328, 469, 656, 844, 1031, 1313, 1688, 2250, 3000, 3750, 4688, 5813, 7125, 9000, 11250, 13875, 19688, 0, 0, 0, 0, 0, 0, 0, 0, 0, 0, 0, 0, 0, 0, 0, 0, 0, 0, 0, 0, 0, 0, 0, 0, 0, 0, 0, 0, 0, 0, 0, 0, 0, 0, 0, 0, 0, 0, 0, 0, 0, 0, 0, 0, 0, 0, 0, 0, 0, 0, 0, 0, 0, 0, 0, 0, 0, 0, 0, 0, 0, 0, 0, 0, 0, 0, 0, 0, 0, 0, 0, 0, 0, 0, 0, 0, 0, 0, 0, 0, 0, 0, 0, 0, 0, 0, 0, 0, 0, 0, 0, 0, 0, 0, 0, 0, 0, 0, 0, 0, 0, 0, 0, 0, 0, 0, 0, 0, 0, 0, 0, 0, 0, 0, 0, 0, 0, 0, 0, 0, 0, 0, 0, 0, 0, 0, 0, 0, 0, 0, 0, 0, 0, 0, 0, 0, 0, 0, 0, 0, 0, 0, 0, 0, 0, 0, 0, 0, 0, 0, 0, 0, 0, 0, 0, 0, 0, 0, 0, 0, 0, 0, 0, 0, 0, 0, 0, 0, 0, 0, 0, 0, 0, 0, 0, 0, 0, 0, 0, 0, 0, 0, 0, 0, 0, 0, 0, 0, 0, 0, 0, 0, 0, 0, 0, 0, 0, 0, 0, 0])
02-04 23:03:58.941   581  5115 D DlbDap2Process: setParam(arbs = #81[20, 47, 141, 234, 328, 469, 656, 844, 1031, 1313, 1688, 2250, 3000, 3750, 4688, 5813, 7125, 9000, 11250, 13875, 19688, -192, -192, -192, -192, -192, -192, -192, -192, -192, -192, -192, -192, -192, -192, -192, -192, -192, -192, -192, -192, 0, 0, 0, 0, 0, 0, 0, 0, 0, 0, 0, 0, 0, 0, 0, 0, 0, 0, 0, 0, 0, 0, 0, 0, 0, 0, 0, 0, 0, 0, 0, 0, 0, 0, 0, 0, 0, 0, 0, 0])
02-04 23:03:58.942   581  5115 D DlbDapEndpointParamCache: doCommit() Committed 37 parameters out of 37.
02-04 23:03:58.966   581   770 D AudioFlinger: mixer(0xf2983980) throttle end: throttle time(42)
02-04 23:03:58.977 29596 29596 D featureTest: receive broadcast , playing content location :/sdcard/featureTest/chopper_5.1_180_420.wav
02-04 23:03:58.980   589 26717 D NuPlayerDriver: stop(0xe57325b0)
02-04 23:03:58.980   589 26717 D NuPlayerDriver: notifyListener_l(0xe57325b0), (8, 0, 0, -1), loop setting(0, 1)
02-04 23:03:58.981   589   589 D NuPlayerDriver: reset(0xe57325b0) at state 8
02-04 23:03:58.988   589 29625 D NuPlayerDriver: notifyResetComplete(0xe57325b0)
02-04 23:03:58.988   589  1170 D NuPlayerDriver: reset(0xe57325b0) at state 0
02-04 23:03:58.989 29596 29596 V MediaPlayer: resetDrmState:  mDrmInfo=null mDrmProvisioningThread=null mPrepareDrmInProgress=false mActiveDrmScheme=false
02-04 23:03:58.989 29596 29596 V MediaPlayer: cleanDrmObj: mDrmObj=null mDrmSessionId=null
02-04 23:03:58.990 29596 29596 V MediaPlayer: resetDrmState:  mDrmInfo=null mDrmProvisioningThread=null mPrepareDrmInProgress=false mActiveDrmScheme=false
02-04 23:03:58.990 29596 29596 V MediaPlayer: cleanDrmObj: mDrmObj=null mDrmSessionId=null
02-04 23:03:58.994 29596 29596 D featureTest: mMediaPlayer.getAudioSessionId(): 4081
02-04 23:03:58.995 29596 29596 D featureTest: Playing file: /sdcard/featureTest/chopper_5.1_180_420.wav
02-04 23:03:58.996 29651 29651 W generic : type=1400 audit(0.0:2839): avc: denied { read } for path="/storage/emulated/0/featuretest/chopper_5.1_180_420.wav" dev="sdcardfs" ino=523304 scontext=u:r:mediaextractor:s0 tcontext=u:object_r:sdcardfs:s0 tclass=file permissive=0
02-04 23:03:58.996   589   589 D NuPlayerDriver: NuPlayerDriver(0xe5732460) created, clientPid(29596)
02-04 23:03:58.999 29596 29596 W MediaPlayer: Use of stream types is deprecated for operations other than volume control
02-04 23:03:58.999 29596 29596 W MediaPlayer: See the documentation of setAudioStreamType() for what to use instead with android.media.AudioAttributes to qualify your playback use case
02-04 23:03:59.001   589 29651 D GenericSource: FileSource remote
02-04 23:03:59.001   589 29651 W GenericSource: extractor service cannot make data source
02-04 23:03:59.001   589 29651 D GenericSource: FileSource local
02-04 23:03:59.003   587   587 W WAVExtractor: More than 2 channels (6) in non-WAVE_EXT, unknown channel mask
02-04 23:03:59.029   587   587 W WAVExtractor: More than 2 channels (6) in non-WAVE_EXT, unknown channel mask
02-04 23:03:59.030   587   587 D MediaBufferGroup: creating MemoryDealer
02-04 23:03:59.030   589 29650 D NuPlayerDriver: notifyListener_l(0xe5732460), (1, 0, 0, -1), loop setting(0, 0)
02-04 23:03:59.034   589   589 D NuPlayerDriver: start(0xe5732460), state is 4, eos is 0
02-04 23:03:59.035   589 29650 I GenericSource: start
02-04 23:03:59.038 29596 29596 W DolbyAudioEffect: WARNING: attaching a DolbyAudioEffect to global output mix is deprecated!
02-04 23:03:59.041   593 20514 I OMXMaster: makeComponentInstance(OMX.google.raw.decoder) in android.hardwar process
02-04 23:03:59.047   593 20870 E OMXNodeInstance: setConfig(0xf10a39e0:google.raw.decoder, ConfigPriority(0x6f800002)) ERROR: Undefined(0x80001001)
02-04 23:03:59.047   589 29656 I ACodec  : codec does not support config priority (err -2147483648)
02-04 23:03:59.047   593  1188 E OMXNodeInstance: getConfig(0xf10a39e0:google.raw.decoder, ConfigAndroidVendorExtension(0x6f100004)) ERROR: Undefined(0x80001001)
02-04 23:03:59.048   589 29656 I MediaCodec: MediaCodec will operate in async mode
02-04 23:03:59.055 29596 29596 D featureTest: receive broadcast , change ds status :1
02-04 23:03:59.058   365   365 W /system/bin/hwservicemanager: getTransportFromManifest: Cannot find entry android.hardware.audio.effect@2.0::IEffectsFactory in either framework or device manifest, using default transport.
02-04 23:03:59.062   416   416 W /system/bin/hw/android.hidl.allocator@1.0-service: ashmem_create_region(3072) returning hidl_memory(0x7590c2c2e0, 3072)
02-04 23:03:59.065   416   416 W /system/bin/hw/android.hidl.allocator@1.0-service: ashmem_create_region(1024) returning hidl_memory(0x7590c2c2e0, 1024)
02-04 23:03:59.065   581  5142 E EffectHalHidl: Buffer provider callbacks are not supported
02-04 23:03:59.067   589 29654 D AudioTrack: Client defaulted notificationFrames to 12000 for frameCount 24000
02-04 23:03:59.070   581  7829 D DlbDlbEffect: handle_EFFECT_CMD_SET_PARAM()
02-04 23:03:59.070   589 29650 D NuPlayerDriver: notifyListener_l(0xe5732460), (6, 0, 0, -1), loop setting(0, 1)
02-04 23:03:59.088   581  5115 D DlbDapCrossfadeProcess: setEnabled transitioning from DAP_BYPASSED state to PREROLL_ACTIVE
02-04 23:03:59.088   581  5115 D DlbDap2Process: setMave(mave = 0)
02-04 23:03:59.131   581  5115 D DlbDapCrossfadeProcess: process transitioning from PREROLL_ACTIVE state to FADE_TO_ACTIVE
02-04 23:03:59.137 29596 29596 D featureTest: receive broadcast , change ds profile id :5
02-04 23:03:59.149   581  5142 D DlbDlbEffect: handle_EFFECT_CMD_SET_PARAM()
02-04 23:03:59.149   421   460 I DapController: Profile Changed to Custom
02-04 23:03:59.169   581  5115 D DlbDapEndpointParamCache: commitChangedParams()
02-04 23:03:59.169   581  5115 D DlbDapEndpointParamCache: commit() Applying parameters for device 0x40000000
02-04 23:03:59.169   581  5115 D DlbDap2Process: setParam(iea = #1[10])
02-04 23:03:59.169   581  5115 D DlbDap2Process: setParam(msce = #1[0])
02-04 23:03:59.169   581  5115 D DlbDap2Process: setParam(mdee = #1[0])
02-04 23:03:59.169   581  5115 D DlbDap2Process: setParam(miee = #1[0])
02-04 23:03:59.169   581  5115 D DlbDap2Process: setParam(mdle = #1[0])
02-04 23:03:59.169   581  5115 D DlbDap2Process: setParam(dvle = #1[1])
02-04 23:03:59.170   581  5115 D DlbDap2Process: setParam(mave = #1[0])
02-04 23:03:59.170   581  5115 D DlbDap2Process: setParam(vcbf = #20[47, 141, 234, 328, 469, 656, 844, 1031, 1313, 1688, 2250, 3000, 3750, 4688, 5813, 7125, 9000, 11250, 13875, 19688])
02-04 23:03:59.170   581  5115 D DlbDap2Process: setParam(vbon = #1[0])
02-04 23:03:59.170   581  5115 D DlbDap2Process: setParam(beon = #1[0])
02-04 23:03:59.170   581  5115 D DlbDap2Process: setParam(geon = #1[0])
02-04 23:03:59.170   581  5115 D DlbDap2Process: setParam(ieon = #1[0])
02-04 23:03:59.170   581  5115 D DlbDap2Process: setParam(gebs = #41[20, 47, 141, 234, 328, 469, 656, 844, 1031, 1313, 1688, 2250, 3000, 3750, 4688, 5813, 7125, 9000, 11250, 13875, 19688, 0, 0, 0, 0, 0, 0, 0, 0, 0, 0, 0, 0, 0, 0, 0, 0, 0, 0, 0, 0])
02-04 23:03:59.170   581  5115 D DlbDap2Process: setParam(iebs = #41[20, 65, 136, 223, 332, 467, 634, 841, 1098, 1416, 1812, 2302, 2909, 3663, 4598, 5756, 7194, 8976, 11186, 13927, 17326, 117, 133, 188, 176, 141, 149, 175, 185, 185, 200, 236, 242, 228, 213, 182, 132, 110, 68, -27, -240])
02-04 23:03:59.170   581  5115 D DlbDapEndpointParamCache: doCommit() Committed 15 parameters out of 16.
02-04 23:03:59.170   581  5115 D DlbDapEndpointParamCache: commit() Overriding parameters for current device 0x00000002
02-04 23:03:59.170   581  5115 D DlbDap2Process: setParam(dea = #1[7])
02-04 23:03:59.170   581  5115 D DlbDap2Process: setParam(dsa = #1[10])
02-04 23:03:59.170   581  5115 D DlbDap2Process: setParam(beb = #1[192])
02-04 23:03:59.171   581  5115 D DlbDap2Process: setParam(plb = #1[0])
02-04 23:03:59.171   581  5115 D DlbDap2Process: setParam(vmb = #1[144])
02-04 23:03:59.171   581  5115 D DlbDap2Process: setParam(dsb = #1[48])
02-04 23:03:59.171   581  5115 D DlbDap2Process: setParam(ded = #1[0])
02-04 23:03:59.171   581  5115 D DlbDap2Process: setParam(vbm = #1[3])
02-04 23:03:59.171   581  5115 D DlbDap2Process: setParam(dom = #1[0])
02-04 23:03:59.171   581  5115 D DlbDap2Process: setParam(bew = #1[16])
02-04 23:03:59.171   581  5115 D DlbDap2Process: setParam(dvla = #1[5])
02-04 23:03:59.171   581  5115 D DlbDap2Process: setParam(arra = #1[96])
02-04 23:03:59.171   581  5115 D DlbDap2Process: setParam(dfsa = #1[10])
02-04 23:03:59.171   581  5115 D DlbDap2Process: setParam(dhsa = #1[10])
02-04 23:03:59.171   581  5115 D DlbDap2Process: setParam(dvmc = #1[0])
02-04 23:03:59.171   581  5115 D DlbDap2Process: setParam(arod = #1[0])
02-04 23:03:59.171   581  5115 D DlbDap2Process: setParam(arde = #1[1])
02-04 23:03:59.171   581  5115 D DlbDap2Process: setParam(dvle = #1[1])
02-04 23:03:59.171   581  5115 D DlbDap2Process: setParam(dvme = #1[0])
02-04 23:03:59.171   581  5115 D DlbDap2Process: setParam(becf = #1[200])
02-04 23:03:59.171   581  5115 D DlbDap2Process: setParam(vbmf = #2[94, 469])
02-04 23:03:59.171   581  5115 D DlbDap2Process: setParam(vbsf = #2[35, 160])
02-04 23:03:59.171   581  5115 D DlbDap2Process: setParam(vbhg = #3[-32, -144, -192])
02-04 23:03:59.171   581  5115 D DlbDap2Process: setParam(vbog = #1[0])
02-04 23:03:59.171   581  5115 D DlbDap2Process: setParam(vbsg = #1[0])
02-04 23:03:59.171   581  5115 D DlbDap2Process: setParam(dvli = #1[-320])
02-04 23:03:59.171   581  5115 D DlbDap2Process: setParam(dhfm = #1[2])
02-04 23:03:59.171   581  5115 D DlbDap2Process: setParam(vbon = #1[0])
02-04 23:03:59.171   581  5115 D DlbDap2Process: setParam(beon = #1[0])
02-04 23:03:59.171   581  5115 D DlbDap2Process: setParam(deon = #1[0])
02-04 23:03:59.171   581  5115 D DlbDap2Process: setParam(ngon = #1[1])
02-04 23:03:59.171   581  5115 D DlbDap2Process: setParam(aoon = #1[1])
02-04 23:03:59.172   581  5115 D DlbDap2Process: setParam(aron = #1[1])
02-04 23:03:59.172   581  5115 D DlbDap2Process: setParam(dvlo = #1[-320])
02-04 23:03:59.172   581  5115 D DlbDap2Process: setParam(artp = #1[12])
02-04 23:03:59.172   581  5115 D DlbDap2Process: setParam(aobs = #222[20, 10, 47, 141, 234, 328, 469, 656, 844, 1031, 1313, 1688, 2250, 3000, 3750, 4688, 5813, 7125, 9000, 11250, 13875, 19688, 0, 0, 0, 0, 0, 0, 0, 0, 0, 0, 0, 0, 0, 0, 0, 0, 0, 0, 0, 0, 0, 0, 0, 0, 0, 0, 0, 0, 0, 0, 0, 0, 0, 0, 0, 0, 0, 0, 0, 0, 0, 0, 0, 0, 0, 0, 0, 0, 0, 0, 0, 0, 0, 0, 0, 0, 0, 0, 0, 0, 0, 0, 0, 0, 0, 0, 0, 0, 0, 0, 0, 0, 0, 0, 0, 0, 0, 0, 0, 0, 0, 0, 0, 0, 0, 0, 0, 0, 0, 0, 0, 0, 0, 0, 0, 0, 0, 0, 0, 0, 0, 0, 0, 0, 0, 0, 0, 0, 0, 0, 0, 0, 0, 0, 0, 0, 0, 0, 0, 0, 0, 0, 0, 0, 0, 0, 0, 0, 0, 0, 0, 0, 0, 0, 0, 0, 0, 0, 0, 0, 0, 0, 0, 0, 0, 0, 0, 0, 0, 0, 0, 0, 0, 0, 0, 0, 0, 0, 0, 0, 0, 0, 0, 0, 0, 0, 0, 0, 0, 0, 0, 0, 0, 0, 0, 0, 0, 0, 0, 0, 0, 0, 0, 0, 0, 0, 0, 0, 0, 0, 0, 0, 0, 0, 0, 0, 0, 0, 0, 0])
02-04 23:03:59.173   581  5115 D DlbDap2Process: setParam(arbs = #81[20, 47, 141, 234, 328, 469, 656, 844, 1031, 1313, 1688, 2250, 3000, 3750, 4688, 5813, 7125, 9000, 11250, 13875, 19688, -192, -192, -192, -192, -192, -192, -192, -192, -192, -192, -192, -192, -192, -192, -192, -192, -192, -192, -192, -192, 0, 0, 0, 0, 0, 0, 0, 0, 0, 0, 0, 0, 0, 0, 0, 0, 0, 0, 0, 0, 0, 0, 0, 0, 0, 0, 0, 0, 0, 0, 0, 0, 0, 0, 0, 0, 0, 0, 0, 0])
02-04 23:03:59.173   581  5115 D DlbDapEndpointParamCache: doCommit() Committed 37 parameters out of 37.
02-04 23:03:59.173   581  5115 D DlbDap2Process: setMave(mave = 0)
02-04 23:03:59.176   581  5115 D DlbDap2Process: process() called [292000] times
02-04 23:03:59.218 29596 29596 D featureTest: receive broadcast , change virtual speaker  virtualizer :0
02-04 23:03:59.233   581   731 D DlbDlbEffect: handle_EFFECT_CMD_SET_PARAM()
02-04 23:03:59.251   581  5115 D DlbDapCrossfadeProcess: process transitioning from FADE_TO_ACTIVE state to DAP_ACTIVE
02-04 23:03:59.295 29596 29596 D featureTest: receive broadcast , record log :0
02-04 23:03:59.323 29596 29601 I zygote64: Do partial code cache collection, code=8KB, data=14KB
02-04 23:03:59.323 29596 29601 I zygote64: After code cache collection, code=8KB, data=14KB
02-04 23:03:59.323 29596 29601 I zygote64: Increasing code cache capacity to 128KB
02-04 23:03:59.324 29596 29601 I zygote64: Do partial code cache collection, code=8KB, data=33KB
02-04 23:03:59.324 29596 29601 I zygote64: After code cache collection, code=8KB, data=33KB
02-04 23:03:59.324 29596 29601 I zygote64: Increasing code cache capacity to 256KB
02-04 23:03:59.324 29596 29601 I zygote64: Compiler allocated 8MB to compile void android.widget.TextView.<init>(android.content.Context, android.util.AttributeSet, int, int)
02-04 23:04:00.858   816   816 W WindowManager: removeWindowToken: Attempted to remove non-existing token: android.os.Binder@de9d527
02-04 23:04:00.905   429   429 D SurfaceFlinger: duplicate layer name: changing Toast to Toast#1
02-04 23:04:01.854   581  5115 D DlbDap2Process: process() called [292500] times
02-04 23:04:02.881   816   816 W WindowManager: removeWindowToken: Attempted to remove non-existing token: android.os.Binder@483b079
02-04 23:04:03.459   571   940 E QC-QMI  : linux_qmi_qmux_io_wake_lock: Err in writing wakelock=qmuxd_port_wl_0, error [1:Operation not permitted]
02-04 23:04:03.459   571   940 E QC-QMI  : linux_qmi_qmux_io_wake_unlock: Err in writing wakelock=qmuxd_port_wl_0, error [1:Operation not permitted]
