02-04 23:05:59.148   589   589 D NuPlayerDriver: reset(0xe57325b0) at state 5
02-04 23:05:59.149   589   589 D NuPlayerDriver: notifyListener_l(0xe57325b0), (8, 0, 0, -1), loop setting(0, 1)
02-04 23:05:59.162   589 30700 D NuPlayerDriver: notifyResetComplete(0xe57325b0)
02-04 23:05:59.163   589   589 D AudioTrack: stop() called with 0 frames delivered
02-04 23:05:59.269   581   724 D DlbDlbEffect: handle_EFFECT_CMD_DISABLE()
02-04 23:05:59.269   581   724 D DlbDapCrossfadeProcess: setEnabled transitioning from DAP_ACTIVE state to FADE_TO_BYPASS
02-04 23:05:59.272   581   724 D DlbDlbEffect: handle_EFFECT_CMD_SET_CONFIG()
02-04 23:05:59.272   581   724 D DlbDapEndpointParamCache: setDevice(device=0x00000002)
02-04 23:05:59.272   421   421 D DMSService: setActiveDevice called with device = 0x2
02-04 23:05:59.272   581   724 D DlbDlbEffect: handle_EFFECT_CMD_ENABLE()
02-04 23:05:59.272   581   724 D DlbDapCrossfadeProcess: setEnabled transitioning from FADE_TO_BYPASS state to FADE_TO_ACTIVE
02-04 23:05:59.443 30750 30750 D featureTest: onCreate
02-04 23:05:59.631 30750 30750 D AudioTrack: Client defaulted notificationFrames to 962 for frameCount 1924
02-04 23:05:59.640 30750 30750 W AudioTrack: Use of stream types is deprecated for operations other than volume control
02-04 23:05:59.641 30750 30750 W AudioTrack: See the documentation of AudioTrack() for what to use instead with android.media.AudioAttributes to qualify your playback use case
02-04 23:05:59.668 30750 30750 D featureTest: onResume
02-04 23:06:00.304 30750 30750 D featureTest: receive broadcast , playing content location :/sdcard/featureTest/7ch_25fps.wav
02-04 23:06:00.312 30750 30750 D featureTest: mMediaPlayer.getAudioSessionId(): 4361
02-04 23:06:00.313 30750 30750 D featureTest: Playing file: /sdcard/featureTest/7ch_25fps.wav
02-04 23:06:00.314   589   589 D NuPlayerDriver: NuPlayerDriver(0xe57325b0) created, clientPid(30750)
02-04 23:06:00.334   589 30779 D NuPlayerDriver: notifyListener_l(0xe57325b0), (1, 0, 0, -1), loop setting(0, 0)
02-04 23:06:00.342   589   589 D NuPlayerDriver: start(0xe57325b0), state is 4, eos is 0
02-04 23:06:00.349   593  1162 I OMXMaster: makeComponentInstance(OMX.google.raw.decoder) in android.hardwar process
02-04 23:06:00.352   589 30787 I ACodec  : codec does not support config priority (err -2147483648)
02-04 23:06:00.353   589 30787 I MediaCodec: MediaCodec will operate in async mode
02-04 23:06:00.371   589 30785 D AudioTrack: Client defaulted notificationFrames to 12000 for frameCount 24000
02-04 23:06:00.372   581   731 D DlbDlbEffect: handle_EFFECT_CMD_DISABLE()
02-04 23:06:00.372   581   731 D DlbDapCrossfadeProcess: setEnabled transitioning from FADE_TO_ACTIVE state to FADE_TO_BYPASS
02-04 23:06:00.373 30750 30750 D featureTest: receive broadcast , change ds status :0
02-04 23:06:00.375   581   731 D DlbDlbEffect: handle_EFFECT_CMD_SET_CONFIG()
02-04 23:06:00.375   581   731 D DlbDapEndpointParamCache: setDevice(device=0x00000002)
02-04 23:06:00.375   421   421 D DMSService: setActiveDevice called with device = 0x2
02-04 23:06:00.375   581   731 D DlbDlbEffect: handle_EFFECT_CMD_ENABLE()
02-04 23:06:00.375   581   731 D DlbDapCrossfadeProcess: setEnabled transitioning from FADE_TO_BYPASS state to FADE_TO_ACTIVE
02-04 23:06:00.376   589 30779 D NuPlayerDriver: notifyListener_l(0xe57325b0), (6, 0, 0, -1), loop setting(0, 1)
02-04 23:06:00.379   581  5115 D DlbDapCrossfadeProcess: process transitioning from FADE_TO_ACTIVE state to DAP_ACTIVE
02-04 23:06:00.400   581  5143 D DlbDlbEffect: handle_EFFECT_CMD_SET_PARAM()
02-04 23:06:00.427   581  5115 D DlbDapCrossfadeProcess: setEnabled transitioning from DAP_ACTIVE state to FADE_TO_BYPASS
02-04 23:06:00.429   581  5115 D DlbDap2Process: process() called [312000] times
02-04 23:06:00.459 30750 30750 D featureTest: receive broadcast , change ds profile id :2
02-04 23:06:00.471   581  5115 D DlbDapCrossfadeProcess: process transitioning from FADE_TO_BYPASS state to DAP_BYPASSED
02-04 23:06:00.474   581  5142 D DlbDlbEffect: handle_EFFECT_CMD_SET_PARAM()
02-04 23:06:00.474   421   460 I DapController: Profile Changed to Music
02-04 23:06:00.497   581   770 D AudioFlinger: mixer(0xf2983980) throttle end: throttle time(43)
02-04 23:06:00.500   581  5115 D DlbDapEndpointParamCache: commitChangedParams()
02-04 23:06:00.501   581  5115 D DlbDapEndpointParamCache: commit() Applying parameters for device 0x40000000
02-04 23:06:00.501   581  5115 D DlbDap2Process: setParam(iea = #1[10])
02-04 23:06:00.501   581  5115 D DlbDap2Process: setParam(msce = #1[0])
02-04 23:06:00.501   581  5115 D DlbDap2Process: setParam(mdee = #1[0])
02-04 23:06:00.501   581  5115 D DlbDap2Process: setParam(miee = #1[0])
02-04 23:06:00.501   581  5115 D DlbDap2Process: setParam(mdle = #1[0])
02-04 23:06:00.501   581  5115 D DlbDap2Process: setParam(dvle = #1[1])
02-04 23:06:00.501   581  5115 D DlbDap2Process: setParam(mave = #1[0])
02-04 23:06:00.501   581  5115 D DlbDap2Process: setParam(vcbf = #20[47, 141, 234, 328, 469, 656, 844, 1031, 1313, 1688, 2250, 3000, 3750, 4688, 5813, 7125, 9000, 11250, 13875, 19688])
02-04 23:06:00.501   581  5115 D DlbDap2Process: setParam(vbon = #1[0])
02-04 23:06:00.501   581  5115 D DlbDap2Process: setParam(beon = #1[0])
02-04 23:06:00.501   581  5115 D DlbDap2Process: setParam(geon = #1[0])
02-04 23:06:00.501   581  5115 D DlbDap2Process: setParam(ieon = #1[1])
02-04 23:06:00.501   581  5115 D DlbDap2Process: setParam(gebs = #41[20, 47, 141, 234, 328, 469, 656, 844, 1031, 1313, 1688, 2250, 3000, 3750, 4688, 5813, 7125, 9000, 11250, 13875, 19688, 0, 0, 0, 0, 0, 0, 0, 0, 0, 0, 0, 0, 0, 0, 0, 0, 0, 0, 0, 0])
02-04 23:06:00.501   581  5115 D DlbDap2Process: setParam(iebs = #41[20, 65, 136, 223, 332, 467, 634, 841, 1098, 1416, 1812, 2302, 2909, 3663, 4598, 5756, 7194, 8976, 11186, 13927, 17326, 117, 133, 188, 176, 141, 149, 175, 185, 185, 200, 236, 242, 228, 213, 182, 132, 110, 68, -27, -240])
02-04 23:06:00.501   581  5115 D DlbDapEndpointParamCache: doCommit() Committed 15 parameters out of 16.
02-04 23:06:00.501   581  5115 D DlbDapEndpointParamCache: commit() Overriding parameters for current device 0x00000002
02-04 23:06:00.501   581  5115 D DlbDap2Process: setParam(dea = #1[7])
02-04 23:06:00.501   581  5115 D DlbDap2Process: setParam(dsa = #1[10])
02-04 23:06:00.501   581  5115 D DlbDap2Process: setParam(beb = #1[192])
02-04 23:06:00.501   581  5115 D DlbDap2Process: setParam(plb = #1[0])
02-04 23:06:00.501   581  5115 D DlbDap2Process: setParam(vmb = #1[144])
02-04 23:06:00.501   581  5115 D DlbDap2Process: setParam(dsb = #1[0])
02-04 23:06:00.501   581  5115 D DlbDap2Process: setParam(ded = #1[0])
02-04 23:06:00.501   581  5115 D DlbDap2Process: setParam(vbm = #1[3])
02-04 23:06:00.501   581  5115 D DlbDap2Process: setParam(dom = #1[0])
02-04 23:06:00.501   581  5115 D DlbDap2Process: setParam(bew = #1[16])
02-04 23:06:00.502   581  5115 D DlbDap2Process: setParam(dvla = #1[4])
02-04 23:06:00.502   581  5115 D DlbDap2Process: setParam(arra = #1[96])
02-04 23:06:00.502   581  5115 D DlbDap2Process: setParam(dfsa = #1[10])
02-04 23:06:00.502   581  5115 D DlbDap2Process: setParam(dhsa = #1[10])
02-04 23:06:00.502   581  5115 D DlbDap2Process: setParam(dvmc = #1[0])
02-04 23:06:00.502   581  5115 D DlbDap2Process: setParam(arod = #1[0])
02-04 23:06:00.502   581  5115 D DlbDap2Process: setParam(arde = #1[1])
02-04 23:06:00.502   581  5115 D DlbDap2Process: setParam(dvle = #1[1])
02-04 23:06:00.502   581  5115 D DlbDap2Process: setParam(dvme = #1[0])
02-04 23:06:00.502   581  5115 D DlbDap2Process: setParam(becf = #1[200])
02-04 23:06:00.502   581  5115 D DlbDap2Process: setParam(vbmf = #2[94, 469])
02-04 23:06:00.502   581  5115 D DlbDap2Process: setParam(vbsf = #2[35, 160])
02-04 23:06:00.502   581  5115 D DlbDap2Process: setParam(vbhg = #3[-32, -144, -192])
02-04 23:06:00.502   581  5115 D DlbDap2Process: setParam(vbog = #1[0])
02-04 23:06:00.502   581  5115 D DlbDap2Process: setParam(vbsg = #1[0])
02-04 23:06:00.502   581  5115 D DlbDap2Process: setParam(dvli = #1[-320])
02-04 23:06:00.502   581  5115 D DlbDap2Process: setParam(dhfm = #1[2])
02-04 23:06:00.502   581  5115 D DlbDap2Process: setParam(vbon = #1[0])
02-04 23:06:00.502   581  5115 D DlbDap2Process: setParam(beon = #1[0])
02-04 23:06:00.502   581  5115 D DlbDap2Process: setParam(deon = #1[0])
02-04 23:06:00.502   581  5115 D DlbDap2Process: setParam(ngon = #1[1])
02-04 23:06:00.502   581  5115 D DlbDap2Process: setParam(aoon = #1[1])
02-04 23:06:00.502   581  5115 D DlbDap2Process: setParam(aron = #1[1])
02-04 23:06:00.502   581  5115 D DlbDap2Process: setParam(dvlo = #1[-320])
02-04 23:06:00.502   581  5115 D DlbDap2Process: setParam(artp = #1[12])
02-04 23:06:00.503   581  5115 D DlbDap2Process: setParam(aobs = #222[20, 10, 47, 141, 234, 328, 469, 656, 844, 1031, 1313, 1688, 2250, 3000, 3750, 4688, 5813, 7125, 9000, 11250, 13875, 19688, 0, 0, 0, 0, 0, 0, 0, 0, 0, 0, 0, 0, 0, 0, 0, 0, 0, 0, 0, 0, 0, 0, 0, 0, 0, 0, 0, 0, 0, 0, 0, 0, 0, 0, 0, 0, 0, 0, 0, 0, 0, 0, 0, 0, 0, 0, 0, 0, 0, 0, 0, 0, 0, 0, 0, 0, 0, 0, 0, 0, 0, 0, 0, 0, 0, 0, 0, 0, 0, 0, 0, 0, 0, 0, 0, 0, 0, 0, 0, 0, 0, 0, 0, 0, 0, 0, 0, 0, 0, 0, 0, 0, 0, 0, 0, 0, 0, 0, 0, 0, 0, 0, 0, 0, 0, 0, 0, 0, 0, 0, 0, 0, 0, 0, 0, 0, 0, 0, 0, 0, 0, 0, 0, 0, 0, 0, 0, 0, 0, 0, 0, 0, 0, 0, 0, 0, 0, 0, 0, 0, 0, 0, 0, 0, 0, 0, 0, 0, 0, 0, 0, 0, 0, 0, 0, 0, 0, 0, 0, 0, 0, 0, 0, 0, 0, 0, 0, 0, 0, 0, 0, 0, 0, 0, 0, 0, 0, 0, 0, 0, 0, 0, 0, 0, 0, 0, 0, 0, 0, 0, 0, 0, 0, 0, 0, 0, 0, 0, 0, 0])
02-04 23:06:00.503   581  5115 D DlbDap2Process: setParam(arbs = #81[20, 47, 141, 234, 328, 469, 656, 844, 1031, 1313, 1688, 2250, 3000, 3750, 4688, 5813, 7125, 9000, 11250, 13875, 19688, -192, -192, -192, -192, -192, -192, -192, -192, -192, -192, -192, -192, -192, -192, -192, -192, -192, -192, -192, -192, 0, 0, 0, 0, 0, 0, 0, 0, 0, 0, 0, 0, 0, 0, 0, 0, 0, 0, 0, 0, 0, 0, 0, 0, 0, 0, 0, 0, 0, 0, 0, 0, 0, 0, 0, 0, 0, 0, 0, 0])
02-04 23:06:00.503   581  5115 D DlbDapEndpointParamCache: doCommit() Committed 37 parameters out of 37.
02-04 23:06:00.545 30750 30750 D featureTest: receive broadcast , playing content location :/sdcard/featureTest/7ch_25fps.wav
02-04 23:06:00.547   589 26717 D NuPlayerDriver: stop(0xe57325b0)
02-04 23:06:00.547   589 26717 D NuPlayerDriver: notifyListener_l(0xe57325b0), (8, 0, 0, -1), loop setting(0, 1)
02-04 23:06:00.548   589   589 D NuPlayerDriver: reset(0xe57325b0) at state 8
02-04 23:06:00.556   589 30779 D NuPlayerDriver: notifyResetComplete(0xe57325b0)
02-04 23:06:00.556   589   589 D NuPlayerDriver: reset(0xe57325b0) at state 0
02-04 23:06:00.565 30750 30750 D featureTest: mMediaPlayer.getAudioSessionId(): 4369
02-04 23:06:00.565 30750 30750 D featureTest: Playing file: /sdcard/featureTest/7ch_25fps.wav
02-04 23:06:00.566   589   709 D NuPlayerDriver: NuPlayerDriver(0xe5732700) created, clientPid(30750)
02-04 23:06:00.586   589 30804 D NuPlayerDriver: notifyListener_l(0xe5732700), (1, 0, 0, -1), loop setting(0, 0)
02-04 23:06:00.590   589   709 D NuPlayerDriver: start(0xe5732700), state is 4, eos is 0
02-04 23:06:00.596   593  1187 I OMXMaster: makeComponentInstance(OMX.google.raw.decoder) in android.hardwar process
02-04 23:06:00.599   589 30810 I ACodec  : codec does not support config priority (err -2147483648)
02-04 23:06:00.603   589 30810 I MediaCodec: MediaCodec will operate in async mode
02-04 23:06:00.616 30750 30750 D featureTest: receive broadcast , change ds status :1
02-04 23:06:00.618   589 30808 D AudioTrack: Client defaulted notificationFrames to 12000 for frameCount 24000
02-04 23:06:00.620   589 30804 D NuPlayerDriver: notifyListener_l(0xe5732700), (6, 0, 0, -1), loop setting(0, 1)
02-04 23:06:00.628   581  5143 D DlbDlbEffect: handle_EFFECT_CMD_SET_PARAM()
02-04 23:06:00.659   581  5115 D DlbDapCrossfadeProcess: setEnabled transitioning from DAP_BYPASSED state to PREROLL_ACTIVE
02-04 23:06:00.659   581  5115 D DlbDap2Process: setMave(mave = 0)
02-04 23:06:00.699 30750 30750 D featureTest: receive broadcast , change ds profile id :5
02-04 23:06:00.701   581  5115 D DlbDapCrossfadeProcess: process transitioning from PREROLL_ACTIVE state to FADE_TO_ACTIVE
02-04 23:06:00.712   581  7829 D DlbDlbEffect: handle_EFFECT_CMD_SET_PARAM()
02-04 23:06:00.713   421   460 I DapController: Profile Changed to Custom
02-04 23:06:00.741   581  5115 D DlbDapEndpointParamCache: commitChangedParams()
02-04 23:06:00.741   581  5115 D DlbDapEndpointParamCache: commit() Applying parameters for device 0x40000000
02-04 23:06:00.741   581  5115 D DlbDap2Process: setParam(iea = #1[10])
02-04 23:06:00.741   581  5115 D DlbDap2Process: setParam(msce = #1[0])
02-04 23:06:00.741   581  5115 D DlbDap2Process: setParam(mdee = #1[0])
02-04 23:06:00.741   581  5115 D DlbDap2Process: setParam(miee = #1[0])
02-04 23:06:00.741   581  5115 D DlbDap2Process: setParam(mdle = #1[0])
02-04 23:06:00.741   581  5115 D DlbDap2Process: setParam(dvle = #1[1])
02-04 23:06:00.741   581  5115 D DlbDap2Process: setParam(mave = #1[0])
02-04 23:06:00.741   581  5115 D DlbDap2Process: setParam(vcbf = #20[47, 141, 234, 328, 469, 656, 844, 1031, 1313, 1688, 2250, 3000, 3750, 4688, 5813, 7125, 9000, 11250, 13875, 19688])
02-04 23:06:00.741   581  5115 D DlbDap2Process: setParam(vbon = #1[0])
02-04 23:06:00.741   581  5115 D DlbDap2Process: setParam(beon = #1[0])
02-04 23:06:00.741   581  5115 D DlbDap2Process: setParam(geon = #1[0])
02-04 23:06:00.741   581  5115 D DlbDap2Process: setParam(ieon = #1[0])
02-04 23:06:00.742   581  5115 D DlbDap2Process: setParam(gebs = #41[20, 47, 141, 234, 328, 469, 656, 844, 1031, 1313, 1688, 2250, 3000, 3750, 4688, 5813, 7125, 9000, 11250, 13875, 19688, 0, 0, 0, 0, 0, 0, 0, 0, 0, 0, 0, 0, 0, 0, 0, 0, 0, 0, 0, 0])
02-04 23:06:00.742   581  5115 D DlbDap2Process: setParam(iebs = #41[20, 65, 136, 223, 332, 467, 634, 841, 1098, 1416, 1812, 2302, 2909, 3663, 4598, 5756, 7194, 8976, 11186, 13927, 17326, 117, 133, 188, 176, 141, 149, 175, 185, 185, 200, 236, 242, 228, 213, 182, 132, 110, 68, -27, -240])
02-04 23:06:00.742   581  5115 D DlbDapEndpointParamCache: doCommit() Committed 15 parameters out of 16.
02-04 23:06:00.742   581  5115 D DlbDapEndpointParamCache: commit() Overriding parameters for current device 0x00000002
02-04 23:06:00.742   581  5115 D DlbDap2Process: setParam(dea = #1[7])
02-04 23:06:00.742   581  5115 D DlbDap2Process: setParam(dsa = #1[10])
02-04 23:06:00.742   581  5115 D DlbDap2Process: setParam(beb = #1[192])
02-04 23:06:00.742   581  5115 D DlbDap2Process: setParam(plb = #1[0])
02-04 23:06:00.742   581  5115 D DlbDap2Process: setParam(vmb = #1[144])
02-04 23:06:00.742   581  5115 D DlbDap2Process: setParam(dsb = #1[48])
02-04 23:06:00.742   581  5115 D DlbDap2Process: setParam(ded = #1[0])
02-04 23:06:00.742   581  5115 D DlbDap2Process: setParam(vbm = #1[3])
02-04 23:06:00.742   581  5115 D DlbDap2Process: setParam(dom = #1[0])
02-04 23:06:00.742   581  5115 D DlbDap2Process: setParam(bew = #1[16])
02-04 23:06:00.742   581  5115 D DlbDap2Process: setParam(dvla = #1[5])
02-04 23:06:00.742   581  5115 D DlbDap2Process: setParam(arra = #1[96])
02-04 23:06:00.742   581  5115 D DlbDap2Process: setParam(dfsa = #1[10])
02-04 23:06:00.742   581  5115 D DlbDap2Process: setParam(dhsa = #1[10])
02-04 23:06:00.742   581  5115 D DlbDap2Process: setParam(dvmc = #1[0])
02-04 23:06:00.742   581  5115 D DlbDap2Process: setParam(arod = #1[0])
02-04 23:06:00.742   581  5115 D DlbDap2Process: setParam(arde = #1[1])
02-04 23:06:00.742   581  5115 D DlbDap2Process: setParam(dvle = #1[1])
02-04 23:06:00.742   581  5115 D DlbDap2Process: setParam(dvme = #1[0])
02-04 23:06:00.742   581  5115 D DlbDap2Process: setParam(becf = #1[200])
02-04 23:06:00.742   581  5115 D DlbDap2Process: setParam(vbmf = #2[94, 469])
02-04 23:06:00.742   581  5115 D DlbDap2Process: setParam(vbsf = #2[35, 160])
02-04 23:06:00.742   581  5115 D DlbDap2Process: setParam(vbhg = #3[-32, -144, -192])
02-04 23:06:00.742   581  5115 D DlbDap2Process: setParam(vbog = #1[0])
02-04 23:06:00.742   581  5115 D DlbDap2Process: setParam(vbsg = #1[0])
02-04 23:06:00.743   581  5115 D DlbDap2Process: setParam(dvli = #1[-320])
02-04 23:06:00.743   581  5115 D DlbDap2Process: setParam(dhfm = #1[2])
02-04 23:06:00.743   581  5115 D DlbDap2Process: setParam(vbon = #1[0])
02-04 23:06:00.743   581  5115 D DlbDap2Process: setParam(beon = #1[0])
02-04 23:06:00.743   581  5115 D DlbDap2Process: setParam(deon = #1[0])
02-04 23:06:00.743   581  5115 D DlbDap2Process: setParam(ngon = #1[1])
02-04 23:06:00.743   581  5115 D DlbDap2Process: setParam(aoon = #1[1])
02-04 23:06:00.743   581  5115 D DlbDap2Process: setParam(aron = #1[1])
02-04 23:06:00.743   581  5115 D DlbDap2Process: setParam(dvlo = #1[-320])
02-04 23:06:00.743   581  5115 D DlbDap2Process: setParam(artp = #1[12])
02-04 23:06:00.743   581  5115 D DlbDap2Process: setParam(aobs = #222[20, 10, 47, 141, 234, 328, 469, 656, 844, 1031, 1313, 1688, 2250, 3000, 3750, 4688, 5813, 7125, 9000, 11250, 13875, 19688, 0, 0, 0, 0, 0, 0, 0, 0, 0, 0, 0, 0, 0, 0, 0, 0, 0, 0, 0, 0, 0, 0, 0, 0, 0, 0, 0, 0, 0, 0, 0, 0, 0, 0, 0, 0, 0, 0, 0, 0, 0, 0, 0, 0, 0, 0, 0, 0, 0, 0, 0, 0, 0, 0, 0, 0, 0, 0, 0, 0, 0, 0, 0, 0, 0, 0, 0, 0, 0, 0, 0, 0, 0, 0, 0, 0, 0, 0, 0, 0, 0, 0, 0, 0, 0, 0, 0, 0, 0, 0, 0, 0, 0, 0, 0, 0, 0, 0, 0, 0, 0, 0, 0, 0, 0, 0, 0, 0, 0, 0, 0, 0, 0, 0, 0, 0, 0, 0, 0, 0, 0, 0, 0, 0, 0, 0, 0, 0, 0, 0, 0, 0, 0, 0, 0, 0, 0, 0, 0, 0, 0, 0, 0, 0, 0, 0, 0, 0, 0, 0, 0, 0, 0, 0, 0, 0, 0, 0, 0, 0, 0, 0, 0, 0, 0, 0, 0, 0, 0, 0, 0, 0, 0, 0, 0, 0, 0, 0, 0, 0, 0, 0, 0, 0, 0, 0, 0, 0, 0, 0, 0, 0, 0, 0, 0, 0, 0, 0, 0, 0])
02-04 23:06:00.744   581  5115 D DlbDap2Process: setParam(arbs = #81[20, 47, 141, 234, 328, 469, 656, 844, 1031, 1313, 1688, 2250, 3000, 3750, 4688, 5813, 7125, 9000, 11250, 13875, 19688, -192, -192, -192, -192, -192, -192, -192, -192, -192, -192, -192, -192, -192, -192, -192, -192, -192, -192, -192, -192, 0, 0, 0, 0, 0, 0, 0, 0, 0, 0, 0, 0, 0, 0, 0, 0, 0, 0, 0, 0, 0, 0, 0, 0, 0, 0, 0, 0, 0, 0, 0, 0, 0, 0, 0, 0, 0, 0, 0, 0])
02-04 23:06:00.744   581  5115 D DlbDapEndpointParamCache: doCommit() Committed 37 parameters out of 37.
02-04 23:06:00.744   581  5115 D DlbDap2Process: setMave(mave = 0)
02-04 23:06:00.777 30750 30750 D featureTest: receive broadcast , change virtual speaker  virtualizer :1
02-04 23:06:00.790   581  5142 D DlbDlbEffect: handle_EFFECT_CMD_SET_PARAM()
02-04 23:06:00.820   581  5115 D DlbDapEndpointParamCache: commitChangedParams()
02-04 23:06:00.820   581  5115 D DlbDapEndpointParamCache: commit() Applying parameters for device 0x40000000
02-04 23:06:00.820   581  5115 D DlbDap2Process: setParam(iea = #1[10])
02-04 23:06:00.820   581  5115 D DlbDap2Process: setParam(msce = #1[0])
02-04 23:06:00.820   581  5115 D DlbDap2Process: setParam(mdee = #1[0])
02-04 23:06:00.820   581  5115 D DlbDap2Process: setParam(miee = #1[0])
02-04 23:06:00.820   581  5115 D DlbDap2Process: setParam(mdle = #1[0])
02-04 23:06:00.820   581  5115 D DlbDap2Process: setParam(dvle = #1[1])
02-04 23:06:00.820   581  5115 D DlbDap2Process: setParam(mave = #1[0])
02-04 23:06:00.820   581  5115 D DlbDap2Process: setParam(vcbf = #20[47, 141, 234, 328, 469, 656, 844, 1031, 1313, 1688, 2250, 3000, 3750, 4688, 5813, 7125, 9000, 11250, 13875, 19688])
02-04 23:06:00.820   581  5115 D DlbDap2Process: setParam(vbon = #1[0])
02-04 23:06:00.821   581  5115 D DlbDap2Process: setParam(beon = #1[0])
02-04 23:06:00.821   581  5115 D DlbDap2Process: setParam(geon = #1[0])
02-04 23:06:00.821   581  5115 D DlbDap2Process: setParam(ieon = #1[0])
02-04 23:06:00.821   581  5115 D DlbDap2Process: setParam(gebs = #41[20, 47, 141, 234, 328, 469, 656, 844, 1031, 1313, 1688, 2250, 3000, 3750, 4688, 5813, 7125, 9000, 11250, 13875, 19688, 0, 0, 0, 0, 0, 0, 0, 0, 0, 0, 0, 0, 0, 0, 0, 0, 0, 0, 0, 0])
02-04 23:06:00.821   581  5115 D DlbDap2Process: setParam(iebs = #41[20, 65, 136, 223, 332, 467, 634, 841, 1098, 1416, 1812, 2302, 2909, 3663, 4598, 5756, 7194, 8976, 11186, 13927, 17326, 117, 133, 188, 176, 141, 149, 175, 185, 185, 200, 236, 242, 228, 213, 182, 132, 110, 68, -27, -240])
02-04 23:06:00.821   581  5115 D DlbDapEndpointParamCache: doCommit() Committed 15 parameters out of 16.
02-04 23:06:00.821   581  5115 D DlbDapEndpointParamCache: commit() Overriding parameters for current device 0x00000002
02-04 23:06:00.821   581  5115 D DlbDap2Process: setParam(dea = #1[7])
02-04 23:06:00.821   581  5115 D DlbDap2Process: setParam(dsa = #1[10])
02-04 23:06:00.821   581  5115 D DlbDap2Process: setParam(beb = #1[192])
02-04 23:06:00.821   581  5115 D DlbDap2Process: setParam(plb = #1[0])
02-04 23:06:00.821   581  5115 D DlbDap2Process: setParam(vmb = #1[144])
02-04 23:06:00.821   581  5115 D DlbDap2Process: setParam(dsb = #1[48])
02-04 23:06:00.821   581  5115 D DlbDap2Process: setParam(ded = #1[0])
02-04 23:06:00.821   581  5115 D DlbDap2Process: setParam(vbm = #1[3])
02-04 23:06:00.821   581  5115 D DlbDap2Process: DAP output mode set to 11 with 2 output channels and custom mix matrix.
02-04 23:06:00.821   581  5115 D DlbDap2Process: setParam(dom = #17[1, 16384, 0, 0, 16384, 11583, 11583, 8192, 8192, 16384, 0, 0, 16384, 16384, 0, 0, 16384])
02-04 23:06:00.821   581  5115 D DlbDap2Process: setParam(bew = #1[16])
02-04 23:06:00.821   581  5115 D DlbDap2Process: setParam(dvla = #1[5])
02-04 23:06:00.821   581  5115 D DlbDap2Process: setParam(arra = #1[96])
02-04 23:06:00.821   581  5115 D DlbDap2Process: setParam(dfsa = #1[10])
02-04 23:06:00.821   581  5115 D DlbDap2Process: setParam(dhsa = #1[10])
02-04 23:06:00.821   581  5115 D DlbDap2Process: setParam(dvmc = #1[0])
02-04 23:06:00.821   581  5115 D DlbDap2Process: setParam(arod = #1[0])
02-04 23:06:00.821   581  5115 D DlbDap2Process: setParam(arde = #1[1])
02-04 23:06:00.821   581  5115 D DlbDap2Process: setParam(dvle = #1[1])
02-04 23:06:00.821   581  5115 D DlbDap2Process: setParam(dvme = #1[0])
02-04 23:06:00.821   581  5115 D DlbDap2Process: setParam(becf = #1[200])
02-04 23:06:00.821   581  5115 D DlbDap2Process: setParam(vbmf = #2[94, 469])
02-04 23:06:00.822   581  5115 D DlbDap2Process: setParam(vbsf = #2[35, 160])
02-04 23:06:00.822   581  5115 D DlbDap2Process: setParam(vbhg = #3[-32, -144, -192])
02-04 23:06:00.822   581  5115 D DlbDap2Process: setParam(vbog = #1[0])
02-04 23:06:00.822   581  5115 D DlbDap2Process: setParam(vbsg = #1[0])
02-04 23:06:00.822   581  5115 D DlbDap2Process: setParam(dvli = #1[-320])
02-04 23:06:00.822   581  5115 D DlbDap2Process: setParam(dhfm = #1[2])
02-04 23:06:00.822   581  5115 D DlbDap2Process: setParam(vbon = #1[0])
02-04 23:06:00.822   581  5115 D DlbDap2Process: setParam(beon = #1[0])
02-04 23:06:00.822   581  5115 D DlbDap2Process: setParam(deon = #1[0])
02-04 23:06:00.822   581  5115 D DlbDap2Process: setParam(ngon = #1[1])
02-04 23:06:00.822   581  5115 D DlbDap2Process: setParam(aoon = #1[1])
02-04 23:06:00.822   581  5115 D DlbDap2Process: setParam(aron = #1[1])
02-04 23:06:00.822   581  5115 D DlbDap2Process: setParam(dvlo = #1[-320])
02-04 23:06:00.822   581  5115 D DlbDap2Process: setParam(artp = #1[12])
02-04 23:06:00.822   581  5115 D DlbDap2Process: setParam(aobs = #222[20, 10, 47, 141, 234, 328, 469, 656, 844, 1031, 1313, 1688, 2250, 3000, 3750, 4688, 5813, 7125, 9000, 11250, 13875, 19688, 0, 0, 0, 0, 0, 0, 0, 0, 0, 0, 0, 0, 0, 0, 0, 0, 0, 0, 0, 0, 0, 0, 0, 0, 0, 0, 0, 0, 0, 0, 0, 0, 0, 0, 0, 0, 0, 0, 0, 0, 0, 0, 0, 0, 0, 0, 0, 0, 0, 0, 0, 0, 0, 0, 0, 0, 0, 0, 0, 0, 0, 0, 0, 0, 0, 0, 0, 0, 0, 0, 0, 0, 0, 0, 0, 0, 0, 0, 0, 0, 0, 0, 0, 0, 0, 0, 0, 0, 0, 0, 0, 0, 0, 0, 0, 0, 0, 0, 0, 0, 0, 0, 0, 0, 0, 0, 0, 0, 0, 0, 0, 0, 0, 0, 0, 0, 0, 0, 0, 0, 0, 0, 0, 0, 0, 0, 0, 0, 0, 0, 0, 0, 0, 0, 0, 0, 0, 0, 0, 0, 0, 0, 0, 0, 0, 0, 0, 0, 0, 0, 0, 0, 0, 0, 0, 0, 0, 0, 0, 0, 0, 0, 0, 0, 0, 0, 0, 0, 0, 0, 0, 0, 0, 0, 0, 0, 0, 0, 0, 0, 0, 0, 0, 0, 0, 0, 0, 0, 0, 0, 0, 0, 0, 0, 0, 0, 0, 0, 0, 0])
02-04 23:06:00.823   581  5115 D DlbDap2Process: setParam(arbs = #81[20, 47, 141, 234, 328, 469, 656, 844, 1031, 1313, 1688, 2250, 3000, 3750, 4688, 5813, 7125, 9000, 11250, 13875, 19688, -192, -192, -192, -192, -192, -192, -192, -192, -192, -192, -192, -192, -192, -192, -192, -192, -192, -192, -192, -192, 0, 0, 0, 0, 0, 0, 0, 0, 0, 0, 0, 0, 0, 0, 0, 0, 0, 0, 0, 0, 0, 0, 0, 0, 0, 0, 0, 0, 0, 0, 0, 0, 0, 0, 0, 0, 0, 0, 0, 0])
02-04 23:06:00.823   581  5115 D DlbDapEndpointParamCache: doCommit() Committed 37 parameters out of 37.
02-04 23:06:00.823   581  5115 D DlbDap2Process: setMave(mave = 0)
02-04 23:06:00.828   581  5115 D DlbDapCrossfadeProcess: process transitioning from FADE_TO_ACTIVE state to DAP_ACTIVE
02-04 23:06:00.846 30750 30750 D featureTest: receive broadcast , record log :0
02-04 23:06:03.224   581  5115 D DlbDap2Process: process() called [312500] times
02-04 23:06:05.872   581  5115 D DlbDap2Process: process() called [313000] times
