--------- beginning of system
02-04 23:03:47.442   816  1084 I ActivityManager: Force stopping com.dolby.qa.featuretest appid=10074 user=0: from pid 29496
02-04 23:03:47.442   816  1084 I ActivityManager: Killing 29407:com.dolby.qa.featuretest/u0a74 (adj 0): stop com.dolby.qa.featuretest
02-04 23:03:47.446   816  1084 W ActivityManager: Force removing ActivityRecord{9cd70f6 u0 com.dolby.qa.featuretest/.MainActivity t194}: app died, no saved state
02-04 23:03:47.450   816  1084 I WindowManager: Failed to capture screenshot of Token{9283cf7 ActivityRecord{9cd70f6 u0 com.dolby.qa.featuretest/.MainActivity t194 f}} appWin=Window{6e0978a u0 com.dolby.qa.featuretest/com.dolby.qa.featuretest.MainActivity} drawState=4
--------- beginning of main
02-04 23:03:47.475   589   709 D NuPlayerDriver: reset(0xe3e610e0) at state 5
02-04 23:03:47.475   816   975 I WindowManager: WIN DEATH: Window{d659290 u0 Toast}
02-04 23:03:47.476   589   709 D NuPlayerDriver: notifyListener_l(0xe3e610e0), (8, 0, 0, -1), loop setting(0, 1)
02-04 23:03:47.484  1232  1232 D CarrierSvcBindHelper: No carrier app for: 0
02-04 23:03:47.485   589 29457 D NuPlayerDriver: notifyResetComplete(0xe3e610e0)
02-04 23:03:47.488   589   709 D AudioTrack: stop() called with 0 frames delivered
02-04 23:03:47.489  2298  2298 D RegisteredNfcFServicesCache: Service unchanged, not updating
02-04 23:03:47.553   816   975 I ActivityManager: START u0 {flg=0x10000000 cmp=com.dolby.qa.featuretest/.MainActivity} from uid 2000
02-04 23:03:47.574   816  2356 I ActivityManager: Start proc 29502:com.dolby.qa.featuretest/u0a74 for activity com.dolby.qa.featuretest/.MainActivity
02-04 23:03:47.574 29502 29502 I zygote64: Late-enabling -Xcheck:jni
02-04 23:03:47.625   581   724 D DlbDlbEffect: handle_EFFECT_CMD_DISABLE()
02-04 23:03:47.625   581   724 D DlbDapCrossfadeProcess: setEnabled transitioning from DAP_ACTIVE state to FADE_TO_BYPASS
02-04 23:03:47.627   416   416 W /system/bin/hw/android.hidl.allocator@1.0-service: ashmem_create_region(3840) returning hidl_memory(0x7590c2c2e0, 3840)
02-04 23:03:47.627   581   724 D DlbDlbEffect: handle_EFFECT_CMD_SET_CONFIG()
02-04 23:03:47.627   581   724 D DlbDapEndpointParamCache: setDevice(device=0x00000002)
02-04 23:03:47.628   421   421 D DMSService: setActiveDevice called with device = 0x2
02-04 23:03:47.628   581   724 D DlbDlbEffect: handle_EFFECT_CMD_ENABLE()
02-04 23:03:47.628   581   724 D DlbDapCrossfadeProcess: setEnabled transitioning from FADE_TO_BYPASS state to FADE_TO_ACTIVE
02-04 23:03:47.772 29502 29502 D featureTest: onCreate
02-04 23:03:47.780 29502 29502 D AudioTrack: Client defaulted notificationFrames to 962 for frameCount 1924
02-04 23:03:47.785 29502 29502 W AudioTrack: Use of stream types is deprecated for operations other than volume control
02-04 23:03:47.786 29502 29502 W AudioTrack: See the documentation of AudioTrack() for what to use instead with android.media.AudioAttributes to qualify your playback use case
02-04 23:03:47.791 29502 29502 W DolbyAudioEffect: WARNING: attaching a DolbyAudioEffect to global output mix is deprecated!
02-04 23:03:47.797 29502 29502 D featureTest: onResume
02-04 23:03:47.816 29502 29519 D OpenGLRenderer: HWUI GL Pipeline
02-04 23:03:47.865 29502 29519 I Adreno  : QUALCOMM build                   : 7142022, Ib5823dd10c
02-04 23:03:47.865 29502 29519 I Adreno  : Build Date                       : 06/23/17
02-04 23:03:47.865 29502 29519 I Adreno  : OpenGL ES Shader Compiler Version: EV031.18.00.00
02-04 23:03:47.865 29502 29519 I Adreno  : Local Branch                     : O11A
02-04 23:03:47.865 29502 29519 I Adreno  : Remote Branch                    : 
02-04 23:03:47.865 29502 29519 I Adreno  : Remote Branch                    : 
02-04 23:03:47.865 29502 29519 I Adreno  : Reconstruct Branch               : 
02-04 23:03:47.866 29502 29519 I vndksupport: sphal namespace is not configured for this process. Loading /vendor/lib64/hw/gralloc.msm8994.so from the current namespace instead.
02-04 23:03:47.884 29502 29519 I Adreno  : PFP: 0x00000000, ME: 0x00000000
02-04 23:03:47.894 29502 29519 I OpenGLRenderer: Initialized EGL, version 1.4
02-04 23:03:47.894 29502 29519 D OpenGLRenderer: Swap behavior 2
02-04 23:03:47.906 28748 28748 I ServiceManager: Waiting for service AtCmdFwd...
02-04 23:03:47.910   365   365 W /system/bin/hwservicemanager: getTransportFromManifest: Cannot find entry android.hardware.graphics.mapper@2.0::IMapper in either framework or device manifest, using default transport.
02-04 23:03:47.914 29502 29519 I vndksupport: sphal namespace is not configured for this process. Loading /vendor/lib64/hw/gralloc.msm8994.so from the current namespace instead.
02-04 23:03:47.949   816   843 I ActivityManager: Displayed com.dolby.qa.featuretest/.MainActivity: +384ms
02-04 23:03:48.004   581   770 D audio_hw_primary: disable_audio_route: usecase(0) reset and update mixer path: deep-buffer-playback speaker
02-04 23:03:48.012   581   770 D audio_hw_primary: disable_snd_device: snd_device(2: speaker)
02-04 23:03:48.018   816   843 W ActivityManager: setHasOverlayUi called on unknown pid: 29407
02-04 23:03:48.085   571   940 E QC-QMI  : linux_qmi_qmux_io_wake_lock: Err in writing wakelock=qmuxd_port_wl_0, error [1:Operation not permitted]
02-04 23:03:48.085   571   940 E QC-QMI  : linux_qmi_qmux_io_wake_unlock: Err in writing wakelock=qmuxd_port_wl_0, error [1:Operation not permitted]
02-04 23:03:48.384  2401  2517 W OpenGLRenderer: Incorrectly called buildLayer on View: ShortcutAndWidgetContainer, destroying layer...
02-04 23:03:48.637 29502 29502 D featureTest: receive broadcast , playing content location :/sdcard/featureTest/chopper_2.0_180_420_02.wav
02-04 23:03:48.646 29532 29532 W generic : type=1400 audit(0.0:2836): avc: denied { read } for path="/storage/emulated/0/featuretest/chopper_2.0_180_420_02.wav" dev="sdcardfs" ino=523303 scontext=u:r:mediaextractor:s0 tcontext=u:object_r:sdcardfs:s0 tclass=file permissive=0
02-04 23:03:48.646 29502 29502 D featureTest: mMediaPlayer.getAudioSessionId(): 4049
02-04 23:03:48.646 29502 29502 D featureTest: Playing file: /sdcard/featureTest/chopper_2.0_180_420_02.wav
02-04 23:03:48.648   589   709 D NuPlayerDriver: NuPlayerDriver(0xe3e610e0) created, clientPid(29502)
02-04 23:03:48.649 29502 29502 W MediaPlayer: Use of stream types is deprecated for operations other than volume control
02-04 23:03:48.650 29502 29502 W MediaPlayer: See the documentation of setAudioStreamType() for what to use instead with android.media.AudioAttributes to qualify your playback use case
02-04 23:03:48.652   589 29532 D GenericSource: FileSource remote
02-04 23:03:48.652   589 29532 W GenericSource: extractor service cannot make data source
02-04 23:03:48.652   589 29532 D GenericSource: FileSource local
02-04 23:03:48.668   587   587 D MediaBufferGroup: creating MemoryDealer
02-04 23:03:48.669   589 29531 D NuPlayerDriver: notifyListener_l(0xe3e610e0), (1, 0, 0, -1), loop setting(0, 0)
02-04 23:03:48.670   816   816 W NotificationService: Object died trying to hide notification android.app.ITransientNotification$Stub$Proxy@b5df47f in package com.dolby.qa.featuretest
02-04 23:03:48.670   816   816 W WindowManager: removeWindowToken: Attempted to remove non-existing token: android.os.Binder@7b1d619
02-04 23:03:48.670   816   816 W ActivityManager: setProcessForeground called on unknown pid: 29407
02-04 23:03:48.671   816   816 W NotificationService: Object died trying to show notification android.app.ITransientNotification$Stub$Proxy@b9fc4c in package com.dolby.qa.featuretest
02-04 23:03:48.671   816   816 W ActivityManager: setProcessForeground called on unknown pid: 29407
02-04 23:03:48.671   816   816 W NotificationService: Object died trying to show notification android.app.ITransientNotification$Stub$Proxy@8d7c495 in package com.dolby.qa.featuretest
02-04 23:03:48.679   589   709 D NuPlayerDriver: start(0xe3e610e0), state is 4, eos is 0
02-04 23:03:48.679   589 29531 I GenericSource: start
02-04 23:03:48.685 29502 29502 W DolbyAudioEffect: WARNING: attaching a DolbyAudioEffect to global output mix is deprecated!
02-04 23:03:48.685   593  1162 I OMXMaster: makeComponentInstance(OMX.google.raw.decoder) in android.hardwar process
02-04 23:03:48.689   593  5352 E OMXNodeInstance: setConfig(0xf10a39e0:google.raw.decoder, ConfigPriority(0x6f800002)) ERROR: Undefined(0x80001001)
02-04 23:03:48.689   589 29539 I ACodec  : codec does not support config priority (err -2147483648)
02-04 23:03:48.690   593  1188 E OMXNodeInstance: getConfig(0xf10a39e0:google.raw.decoder, ConfigAndroidVendorExtension(0x6f100004)) ERROR: Undefined(0x80001001)
02-04 23:03:48.691   589 29539 I MediaCodec: MediaCodec will operate in async mode
02-04 23:03:48.700 29502 29502 D featureTest: receive broadcast , change ds status :0
02-04 23:03:48.702   589 29537 D AudioTrack: Client defaulted notificationFrames to 7350 for frameCount 22050
02-04 23:03:48.703   581  5356 D DlbDlbEffect: handle_EFFECT_CMD_DISABLE()
02-04 23:03:48.703   581  5356 D DlbDapCrossfadeProcess: setEnabled transitioning from FADE_TO_ACTIVE state to FADE_TO_BYPASS
02-04 23:03:48.707   416   416 W /system/bin/hw/android.hidl.allocator@1.0-service: ashmem_create_region(7680) returning hidl_memory(0x7590c2c2e0, 7680)
02-04 23:03:48.707   581  5356 D DlbDlbEffect: handle_EFFECT_CMD_SET_CONFIG()
02-04 23:03:48.707   581  5356 D DlbDapEndpointParamCache: setDevice(device=0x00000002)
02-04 23:03:48.707   421   421 D DMSService: setActiveDevice called with device = 0x2
02-04 23:03:48.709   581  5356 D DlbDlbEffect: handle_EFFECT_CMD_ENABLE()
02-04 23:03:48.709   581  5356 D DlbDapCrossfadeProcess: setEnabled transitioning from FADE_TO_BYPASS state to FADE_TO_ACTIVE
02-04 23:03:48.711   589 29531 D NuPlayerDriver: notifyListener_l(0xe3e610e0), (6, 0, 0, -1), loop setting(0, 1)
02-04 23:03:48.713   581  5115 D DlbDapCrossfadeProcess: process transitioning from FADE_TO_ACTIVE state to DAP_ACTIVE
02-04 23:03:48.724   581  5143 D DlbDlbEffect: handle_EFFECT_CMD_SET_PARAM()
02-04 23:03:48.724   581  5111 D audio_hw_primary: enable_snd_device: snd_device(2: speaker)
02-04 23:03:48.728   581  5111 D audio_hw_primary: enable_audio_route: usecase(0) apply and update mixer path: deep-buffer-playback speaker
02-04 23:03:48.741   581  5115 D DlbDapCrossfadeProcess: setEnabled transitioning from DAP_ACTIVE state to FADE_TO_BYPASS
02-04 23:03:48.767 29502 29502 D featureTest: receive broadcast , change ds profile id :2
02-04 23:03:48.780   581  5355 D DlbDlbEffect: handle_EFFECT_CMD_SET_PARAM()
02-04 23:03:48.780   421   460 I DapController: Profile Changed to Music
02-04 23:03:48.783   581  5115 D DlbDapEndpointParamCache: commitChangedParams()
02-04 23:03:48.783   581  5115 D DlbDapEndpointParamCache: commit() Applying parameters for device 0x40000000
02-04 23:03:48.783   581  5115 D DlbDap2Process: setParam(iea = #1[10])
02-04 23:03:48.783   581  5115 D DlbDap2Process: setParam(msce = #1[0])
02-04 23:03:48.783   581  5115 D DlbDap2Process: setParam(mdee = #1[0])
02-04 23:03:48.783   581  5115 D DlbDap2Process: setParam(miee = #1[0])
02-04 23:03:48.783   581  5115 D DlbDap2Process: setParam(mdle = #1[0])
02-04 23:03:48.783   581  5115 D DlbDap2Process: setParam(dvle = #1[1])
02-04 23:03:48.783   581  5115 D DlbDap2Process: setParam(mave = #1[0])
02-04 23:03:48.783   581  5115 D DlbDap2Process: setParam(vcbf = #20[47, 141, 234, 328, 469, 656, 844, 1031, 1313, 1688, 2250, 3000, 3750, 4688, 5813, 7125, 9000, 11250, 13875, 19688])
02-04 23:03:48.783   581  5115 D DlbDap2Process: setParam(vbon = #1[0])
02-04 23:03:48.783   581  5115 D DlbDap2Process: setParam(beon = #1[0])
02-04 23:03:48.783   581  5115 D DlbDap2Process: setParam(geon = #1[0])
02-04 23:03:48.783   581  5115 D DlbDap2Process: setParam(ieon = #1[1])
02-04 23:03:48.784   581  5115 D DlbDap2Process: setParam(gebs = #41[20, 47, 141, 234, 328, 469, 656, 844, 1031, 1313, 1688, 2250, 3000, 3750, 4688, 5813, 7125, 9000, 11250, 13875, 19688, 0, 0, 0, 0, 0, 0, 0, 0, 0, 0, 0, 0, 0, 0, 0, 0, 0, 0, 0, 0])
02-04 23:03:48.784   581  5115 D DlbDap2Process: setParam(iebs = #41[20, 65, 136, 223, 332, 467, 634, 841, 1098, 1416, 1812, 2302, 2909, 3663, 4598, 5756, 7194, 8976, 11186, 13927, 17326, 117, 133, 188, 176, 141, 149, 175, 185, 185, 200, 236, 242, 228, 213, 182, 132, 110, 68, -27, -240])
02-04 23:03:48.784   581  5115 D DlbDapEndpointParamCache: doCommit() Committed 15 parameters out of 16.
02-04 23:03:48.784   581  5115 D DlbDapEndpointParamCache: commit() Overriding parameters for current device 0x00000002
02-04 23:03:48.784   581  5115 D DlbDap2Process: setParam(dea = #1[7])
02-04 23:03:48.784   581  5115 D DlbDap2Process: setParam(dsa = #1[10])
02-04 23:03:48.784   581  5115 D DlbDap2Process: setParam(beb = #1[192])
02-04 23:03:48.784   581  5115 D DlbDap2Process: setParam(plb = #1[0])
02-04 23:03:48.784   581  5115 D DlbDap2Process: setParam(vmb = #1[144])
02-04 23:03:48.784   581  5115 D DlbDap2Process: setParam(dsb = #1[0])
02-04 23:03:48.784   581  5115 D DlbDap2Process: setParam(ded = #1[0])
02-04 23:03:48.784   581  5115 D DlbDap2Process: setParam(vbm = #1[3])
02-04 23:03:48.784   581  5115 D DlbDap2Process: setParam(dom = #1[0])
02-04 23:03:48.784   581  5115 D DlbDap2Process: setParam(bew = #1[16])
02-04 23:03:48.784   581  5115 D DlbDap2Process: setParam(dvla = #1[4])
02-04 23:03:48.784   581  5115 D DlbDap2Process: setParam(arra = #1[96])
02-04 23:03:48.784   581  5115 D DlbDap2Process: setParam(dfsa = #1[10])
02-04 23:03:48.784   581  5115 D DlbDap2Process: setParam(dhsa = #1[10])
02-04 23:03:48.784   581  5115 D DlbDap2Process: setParam(dvmc = #1[0])
02-04 23:03:48.784   581  5115 D DlbDap2Process: setParam(arod = #1[0])
02-04 23:03:48.784   581  5115 D DlbDap2Process: setParam(arde = #1[1])
02-04 23:03:48.784   581  5115 D DlbDap2Process: setParam(dvle = #1[1])
02-04 23:03:48.784   581  5115 D DlbDap2Process: setParam(dvme = #1[0])
02-04 23:03:48.784   581  5115 D DlbDap2Process: setParam(becf = #1[200])
02-04 23:03:48.784   581  5115 D DlbDap2Process: setParam(vbmf = #2[94, 469])
02-04 23:03:48.784   581  5115 D DlbDap2Process: setParam(vbsf = #2[35, 160])
02-04 23:03:48.784   581  5115 D DlbDap2Process: setParam(vbhg = #3[-32, -144, -192])
02-04 23:03:48.784   581  5115 D DlbDap2Process: setParam(vbog = #1[0])
02-04 23:03:48.784   581  5115 D DlbDap2Process: setParam(vbsg = #1[0])
02-04 23:03:48.784   581  5115 D DlbDap2Process: setParam(dvli = #1[-320])
02-04 23:03:48.784   581  5115 D DlbDap2Process: setParam(dhfm = #1[2])
02-04 23:03:48.784   581  5115 D DlbDap2Process: setParam(vbon = #1[0])
02-04 23:03:48.784   581  5115 D DlbDap2Process: setParam(beon = #1[0])
02-04 23:03:48.784   581  5115 D DlbDap2Process: setParam(deon = #1[0])
02-04 23:03:48.784   581  5115 D DlbDap2Process: setParam(ngon = #1[1])
02-04 23:03:48.784   581  5115 D DlbDap2Process: setParam(aoon = #1[1])
02-04 23:03:48.784   581  5115 D DlbDap2Process: setParam(aron = #1[1])
02-04 23:03:48.784   581  5115 D DlbDap2Process: setParam(dvlo = #1[-320])
02-04 23:03:48.784   581  5115 D DlbDap2Process: setParam(artp = #1[12])
02-04 23:03:48.785   581  5115 D DlbDap2Process: setParam(aobs = #222[20, 10, 47, 141, 234, 328, 469, 656, 844, 1031, 1313, 1688, 2250, 3000, 3750, 4688, 5813, 7125, 9000, 11250, 13875, 19688, 0, 0, 0, 0, 0, 0, 0, 0, 0, 0, 0, 0, 0, 0, 0, 0, 0, 0, 0, 0, 0, 0, 0, 0, 0, 0, 0, 0, 0, 0, 0, 0, 0, 0, 0, 0, 0, 0, 0, 0, 0, 0, 0, 0, 0, 0, 0, 0, 0, 0, 0, 0, 0, 0, 0, 0, 0, 0, 0, 0, 0, 0, 0, 0, 0, 0, 0, 0, 0, 0, 0, 0, 0, 0, 0, 0, 0, 0, 0, 0, 0, 0, 0, 0, 0, 0, 0, 0, 0, 0, 0, 0, 0, 0, 0, 0, 0, 0, 0, 0, 0, 0, 0, 0, 0, 0, 0, 0, 0, 0, 0, 0, 0, 0, 0, 0, 0, 0, 0, 0, 0, 0, 0, 0, 0, 0, 0, 0, 0, 0, 0, 0, 0, 0, 0, 0, 0, 0, 0, 0, 0, 0, 0, 0, 0, 0, 0, 0, 0, 0, 0, 0, 0, 0, 0, 0, 0, 0, 0, 0, 0, 0, 0, 0, 0, 0, 0, 0, 0, 0, 0, 0, 0, 0, 0, 0, 0, 0, 0, 0, 0, 0, 0, 0, 0, 0, 0, 0, 0, 0, 0, 0, 0, 0, 0, 0, 0, 0, 0, 0])
02-04 23:03:48.785   581  5115 D DlbDap2Process: setParam(arbs = #81[20, 47, 141, 234, 328, 469, 656, 844, 1031, 1313, 1688, 2250, 3000, 3750, 4688, 5813, 7125, 9000, 11250, 13875, 19688, -192, -192, -192, -192, -192, -192, -192, -192, -192, -192, -192, -192, -192, -192, -192, -192, -192, -192, -192, -192, 0, 0, 0, 0, 0, 0, 0, 0, 0, 0, 0, 0, 0, 0, 0, 0, 0, 0, 0, 0, 0, 0, 0, 0, 0, 0, 0, 0, 0, 0, 0, 0, 0, 0, 0, 0, 0, 0, 0, 0])
02-04 23:03:48.785   581  5115 D DlbDapEndpointParamCache: doCommit() Committed 37 parameters out of 37.
02-04 23:03:48.785   581  5115 D DlbDap2Process: setMave(mave = 0)
02-04 23:03:48.786   581  5115 D DlbDapCrossfadeProcess: process transitioning from FADE_TO_BYPASS state to DAP_BYPASSED
02-04 23:03:48.831   581   770 D AudioFlinger: mixer(0xf2983980) throttle end: throttle time(48)
02-04 23:03:48.848 29502 29502 D featureTest: receive broadcast , playing content location :/sdcard/featureTest/chopper_2.0_180_420_02.wav
02-04 23:03:48.851   589  1183 D NuPlayerDriver: stop(0xe3e610e0)
02-04 23:03:48.851   589  1183 D NuPlayerDriver: notifyListener_l(0xe3e610e0), (8, 0, 0, -1), loop setting(0, 1)
02-04 23:03:48.852   589 26717 D NuPlayerDriver: reset(0xe3e610e0) at state 8
02-04 23:03:48.859   589 29531 D NuPlayerDriver: notifyResetComplete(0xe3e610e0)
02-04 23:03:48.860   589   709 D NuPlayerDriver: reset(0xe3e610e0) at state 0
02-04 23:03:48.861 29502 29502 V MediaPlayer: resetDrmState:  mDrmInfo=null mDrmProvisioningThread=null mPrepareDrmInProgress=false mActiveDrmScheme=false
02-04 23:03:48.861 29502 29502 V MediaPlayer: cleanDrmObj: mDrmObj=null mDrmSessionId=null
02-04 23:03:48.862 29502 29502 V MediaPlayer: resetDrmState:  mDrmInfo=null mDrmProvisioningThread=null mPrepareDrmInProgress=false mActiveDrmScheme=false
02-04 23:03:48.863 29502 29502 V MediaPlayer: cleanDrmObj: mDrmObj=null mDrmSessionId=null
02-04 23:03:48.867 29502 29502 D featureTest: mMediaPlayer.getAudioSessionId(): 4057
02-04 23:03:48.868 29502 29502 D featureTest: Playing file: /sdcard/featureTest/chopper_2.0_180_420_02.wav
02-04 23:03:48.869   589 26717 D NuPlayerDriver: NuPlayerDriver(0xe5732460) created, clientPid(29502)
02-04 23:03:48.870 29554 29554 W generic : type=1400 audit(0.0:2837): avc: denied { read } for path="/storage/emulated/0/featuretest/chopper_2.0_180_420_02.wav" dev="sdcardfs" ino=523303 scontext=u:r:mediaextractor:s0 tcontext=u:object_r:sdcardfs:s0 tclass=file permissive=0
02-04 23:03:48.871 29502 29502 W MediaPlayer: Use of stream types is deprecated for operations other than volume control
02-04 23:03:48.871 29502 29502 W MediaPlayer: See the documentation of setAudioStreamType() for what to use instead with android.media.AudioAttributes to qualify your playback use case
02-04 23:03:48.874   589 29554 D GenericSource: FileSource remote
02-04 23:03:48.874   589 29554 W GenericSource: extractor service cannot make data source
02-04 23:03:48.874   589 29554 D GenericSource: FileSource local
02-04 23:03:48.888   587   587 D MediaBufferGroup: creating MemoryDealer
02-04 23:03:48.889   589 29553 D NuPlayerDriver: notifyListener_l(0xe5732460), (1, 0, 0, -1), loop setting(0, 0)
02-04 23:03:48.893   589 26717 D NuPlayerDriver: start(0xe5732460), state is 4, eos is 0
02-04 23:03:48.893   589 29553 I GenericSource: start
02-04 23:03:48.897 29502 29502 W DolbyAudioEffect: WARNING: attaching a DolbyAudioEffect to global output mix is deprecated!
02-04 23:03:48.900   593  1187 I OMXMaster: makeComponentInstance(OMX.google.raw.decoder) in android.hardwar process
02-04 23:03:48.902 29502 29502 D featureTest: receive broadcast , change ds status :1
02-04 23:03:48.903   593   712 E OMXNodeInstance: setConfig(0xf10a34a0:google.raw.decoder, ConfigPriority(0x6f800002)) ERROR: Undefined(0x80001001)
02-04 23:03:48.903   589 29560 I ACodec  : codec does not support config priority (err -2147483648)
02-04 23:03:48.903   593   593 E OMXNodeInstance: getConfig(0xf10a34a0:google.raw.decoder, ConfigAndroidVendorExtension(0x6f100004)) ERROR: Undefined(0x80001001)
02-04 23:03:48.904   589 29560 I MediaCodec: MediaCodec will operate in async mode
02-04 23:03:48.907 28748 28748 I ServiceManager: Waiting for service AtCmdFwd...
02-04 23:03:48.912   589 29557 D AudioTrack: Client defaulted notificationFrames to 7350 for frameCount 22050
02-04 23:03:48.913   589 29553 D NuPlayerDriver: notifyListener_l(0xe5732460), (6, 0, 0, -1), loop setting(0, 1)
02-04 23:03:48.915   581  7829 D DlbDlbEffect: handle_EFFECT_CMD_SET_PARAM()
02-04 23:03:48.952   581  5115 D DlbDapCrossfadeProcess: setEnabled transitioning from DAP_BYPASSED state to PREROLL_ACTIVE
02-04 23:03:48.976 29502 29502 D featureTest: receive broadcast , change ds profile id :5
02-04 23:03:48.988   581  5143 D DlbDlbEffect: handle_EFFECT_CMD_SET_PARAM()
02-04 23:03:48.988   421   460 I DapController: Profile Changed to Custom
02-04 23:03:48.993   581  5115 D DlbDapEndpointParamCache: commitChangedParams()
02-04 23:03:48.993   581  5115 D DlbDapEndpointParamCache: commit() Applying parameters for device 0x40000000
02-04 23:03:48.993   581  5115 D DlbDap2Process: setParam(iea = #1[10])
02-04 23:03:48.993   581  5115 D DlbDap2Process: setParam(msce = #1[0])
02-04 23:03:48.993   581  5115 D DlbDap2Process: setParam(mdee = #1[0])
02-04 23:03:48.993   581  5115 D DlbDap2Process: setParam(miee = #1[0])
02-04 23:03:48.993   581  5115 D DlbDap2Process: setParam(mdle = #1[0])
02-04 23:03:48.993   581  5115 D DlbDap2Process: setParam(dvle = #1[1])
02-04 23:03:48.993   581  5115 D DlbDap2Process: setParam(mave = #1[0])
02-04 23:03:48.994   581  5115 D DlbDap2Process: setParam(vcbf = #20[47, 141, 234, 328, 469, 656, 844, 1031, 1313, 1688, 2250, 3000, 3750, 4688, 5813, 7125, 9000, 11250, 13875, 19688])
02-04 23:03:48.994   581  5115 D DlbDap2Process: setParam(vbon = #1[0])
02-04 23:03:48.994   581  5115 D DlbDap2Process: setParam(beon = #1[0])
02-04 23:03:48.994   581  5115 D DlbDap2Process: setParam(geon = #1[0])
02-04 23:03:48.994   581  5115 D DlbDap2Process: setParam(ieon = #1[0])
02-04 23:03:48.994   581  5115 D DlbDap2Process: setParam(gebs = #41[20, 47, 141, 234, 328, 469, 656, 844, 1031, 1313, 1688, 2250, 3000, 3750, 4688, 5813, 7125, 9000, 11250, 13875, 19688, 0, 0, 0, 0, 0, 0, 0, 0, 0, 0, 0, 0, 0, 0, 0, 0, 0, 0, 0, 0])
02-04 23:03:48.994   581  5115 D DlbDap2Process: setParam(iebs = #41[20, 65, 136, 223, 332, 467, 634, 841, 1098, 1416, 1812, 2302, 2909, 3663, 4598, 5756, 7194, 8976, 11186, 13927, 17326, 117, 133, 188, 176, 141, 149, 175, 185, 185, 200, 236, 242, 228, 213, 182, 132, 110, 68, -27, -240])
02-04 23:03:48.994   581  5115 D DlbDapEndpointParamCache: doCommit() Committed 15 parameters out of 16.
02-04 23:03:48.994   581  5115 D DlbDapEndpointParamCache: commit() Overriding parameters for current device 0x00000002
02-04 23:03:48.994   581  5115 D DlbDap2Process: setParam(dea = #1[7])
02-04 23:03:48.994   581  5115 D DlbDap2Process: setParam(dsa = #1[10])
02-04 23:03:48.994   581  5115 D DlbDap2Process: setParam(beb = #1[192])
02-04 23:03:48.994   581  5115 D DlbDap2Process: setParam(plb = #1[0])
02-04 23:03:48.994   581  5115 D DlbDap2Process: setParam(vmb = #1[144])
02-04 23:03:48.994   581  5115 D DlbDap2Process: setParam(dsb = #1[48])
02-04 23:03:48.994   581  5115 D DlbDap2Process: setParam(ded = #1[0])
02-04 23:03:48.994   581  5115 D DlbDap2Process: setParam(vbm = #1[3])
02-04 23:03:48.994   581  5115 D DlbDap2Process: setParam(dom = #1[0])
02-04 23:03:48.994   581  5115 D DlbDap2Process: setParam(bew = #1[16])
02-04 23:03:48.994   581  5115 D DlbDap2Process: setParam(dvla = #1[5])
02-04 23:03:48.994   581  5115 D DlbDap2Process: setParam(arra = #1[96])
02-04 23:03:48.994   581  5115 D DlbDap2Process: setParam(dfsa = #1[10])
02-04 23:03:48.994   581  5115 D DlbDap2Process: setParam(dhsa = #1[10])
02-04 23:03:48.994   581  5115 D DlbDap2Process: setParam(dvmc = #1[0])
02-04 23:03:48.994   581  5115 D DlbDap2Process: setParam(arod = #1[0])
02-04 23:03:48.994   581  5115 D DlbDap2Process: setParam(arde = #1[1])
02-04 23:03:48.994   581  5115 D DlbDap2Process: setParam(dvle = #1[1])
02-04 23:03:48.994   581  5115 D DlbDap2Process: setParam(dvme = #1[0])
02-04 23:03:48.994   581  5115 D DlbDap2Process: setParam(becf = #1[200])
02-04 23:03:48.994   581  5115 D DlbDap2Process: setParam(vbmf = #2[94, 469])
02-04 23:03:48.994   581  5115 D DlbDap2Process: setParam(vbsf = #2[35, 160])
02-04 23:03:48.994   581  5115 D DlbDap2Process: setParam(vbhg = #3[-32, -144, -192])
02-04 23:03:48.994   581  5115 D DlbDap2Process: setParam(vbog = #1[0])
02-04 23:03:48.994   581  5115 D DlbDap2Process: setParam(vbsg = #1[0])
02-04 23:03:48.995   581  5115 D DlbDap2Process: setParam(dvli = #1[-320])
02-04 23:03:48.995   581  5115 D DlbDap2Process: setParam(dhfm = #1[2])
02-04 23:03:48.995   581  5115 D DlbDap2Process: setParam(vbon = #1[0])
02-04 23:03:48.995   581  5115 D DlbDap2Process: setParam(beon = #1[0])
02-04 23:03:48.995   581  5115 D DlbDap2Process: setParam(deon = #1[0])
02-04 23:03:48.995   581  5115 D DlbDap2Process: setParam(ngon = #1[1])
02-04 23:03:48.995   581  5115 D DlbDap2Process: setParam(aoon = #1[1])
02-04 23:03:48.995   581  5115 D DlbDap2Process: setParam(aron = #1[1])
02-04 23:03:48.995   581  5115 D DlbDap2Process: setParam(dvlo = #1[-320])
02-04 23:03:48.995   581  5115 D DlbDap2Process: setParam(artp = #1[12])
02-04 23:03:48.995   581  5115 D DlbDap2Process: setParam(aobs = #222[20, 10, 47, 141, 234, 328, 469, 656, 844, 1031, 1313, 1688, 2250, 3000, 3750, 4688, 5813, 7125, 9000, 11250, 13875, 19688, 0, 0, 0, 0, 0, 0, 0, 0, 0, 0, 0, 0, 0, 0, 0, 0, 0, 0, 0, 0, 0, 0, 0, 0, 0, 0, 0, 0, 0, 0, 0, 0, 0, 0, 0, 0, 0, 0, 0, 0, 0, 0, 0, 0, 0, 0, 0, 0, 0, 0, 0, 0, 0, 0, 0, 0, 0, 0, 0, 0, 0, 0, 0, 0, 0, 0, 0, 0, 0, 0, 0, 0, 0, 0, 0, 0, 0, 0, 0, 0, 0, 0, 0, 0, 0, 0, 0, 0, 0, 0, 0, 0, 0, 0, 0, 0, 0, 0, 0, 0, 0, 0, 0, 0, 0, 0, 0, 0, 0, 0, 0, 0, 0, 0, 0, 0, 0, 0, 0, 0, 0, 0, 0, 0, 0, 0, 0, 0, 0, 0, 0, 0, 0, 0, 0, 0, 0, 0, 0, 0, 0, 0, 0, 0, 0, 0, 0, 0, 0, 0, 0, 0, 0, 0, 0, 0, 0, 0, 0, 0, 0, 0, 0, 0, 0, 0, 0, 0, 0, 0, 0, 0, 0, 0, 0, 0, 0, 0, 0, 0, 0, 0, 0, 0, 0, 0, 0, 0, 0, 0, 0, 0, 0, 0, 0, 0, 0, 0, 0, 0])
02-04 23:03:48.995   581  5115 D DlbDap2Process: setParam(arbs = #81[20, 47, 141, 234, 328, 469, 656, 844, 1031, 1313, 1688, 2250, 3000, 3750, 4688, 5813, 7125, 9000, 11250, 13875, 19688, -192, -192, -192, -192, -192, -192, -192, -192, -192, -192, -192, -192, -192, -192, -192, -192, -192, -192, -192, -192, 0, 0, 0, 0, 0, 0, 0, 0, 0, 0, 0, 0, 0, 0, 0, 0, 0, 0, 0, 0, 0, 0, 0, 0, 0, 0, 0, 0, 0, 0, 0, 0, 0, 0, 0, 0, 0, 0, 0, 0])
02-04 23:03:48.995   581  5115 D DlbDapEndpointParamCache: doCommit() Committed 37 parameters out of 37.
02-04 23:03:48.995   581  5115 D DlbDap2Process: setMave(mave = 0)
02-04 23:03:48.997   581  5115 D DlbDapCrossfadeProcess: process transitioning from PREROLL_ACTIVE state to FADE_TO_ACTIVE
02-04 23:03:49.045 29502 29502 D featureTest: receive broadcast , change virtual speaker  virtualizer :0
02-04 23:03:49.062   581  5110 D DlbDlbEffect: handle_EFFECT_CMD_SET_PARAM()
02-04 23:03:49.114   581  5115 D DlbDapCrossfadeProcess: process transitioning from FADE_TO_ACTIVE state to DAP_ACTIVE
02-04 23:03:49.118 29502 29502 D featureTest: receive broadcast , record log :0
02-04 23:03:49.146 29502 29507 I zygote64: Do partial code cache collection, code=8KB, data=14KB
02-04 23:03:49.146 29502 29507 I zygote64: After code cache collection, code=8KB, data=14KB
02-04 23:03:49.146 29502 29507 I zygote64: Increasing code cache capacity to 128KB
02-04 23:03:49.147 29502 29507 I zygote64: Do partial code cache collection, code=8KB, data=33KB
02-04 23:03:49.147 29502 29507 I zygote64: After code cache collection, code=8KB, data=33KB
02-04 23:03:49.147 29502 29507 I zygote64: Increasing code cache capacity to 256KB
02-04 23:03:49.147 29502 29507 I zygote64: Compiler allocated 8MB to compile void android.widget.TextView.<init>(android.content.Context, android.util.AttributeSet, int, int)
02-04 23:03:49.908 28748 28748 W Atfwd_Sendcmd: AtCmdFwd service not published, waiting... retryCnt : 1
02-04 23:03:50.001   581  5115 D DlbDap2Process: process() called [290500] times
02-04 23:03:50.737   816   816 W WindowManager: removeWindowToken: Attempted to remove non-existing token: android.os.Binder@e7599b
02-04 23:03:50.784   429   429 D SurfaceFlinger: duplicate layer name: changing Toast to Toast#1
02-04 23:03:52.680   581  5115 D DlbDap2Process: process() called [291000] times
02-04 23:03:52.758   816   816 W WindowManager: removeWindowToken: Attempted to remove non-existing token: android.os.Binder@b566402
