--------- beginning of system
02-04 23:05:38.808   816  1084 I ActivityManager: Force stopping com.dolby.qa.featuretest appid=10074 user=0: from pid 30546
02-04 23:05:38.808   816  1084 I ActivityManager: Killing 30457:com.dolby.qa.featuretest/u0a74 (adj 0): stop com.dolby.qa.featuretest
02-04 23:05:38.809   816  1084 W ActivityManager: Force removing ActivityRecord{c26a675 u0 com.dolby.qa.featuretest/.MainActivity t205}: app died, no saved state
02-04 23:05:38.813   816  1084 I WindowManager: Failed to capture screenshot of Token{6aab60a ActivityRecord{c26a675 u0 com.dolby.qa.featuretest/.MainActivity t205 f}} appWin=Window{dc1cde3 u0 com.dolby.qa.featuretest/com.dolby.qa.featuretest.MainActivity} drawState=4
--------- beginning of main
02-04 23:05:38.846  1232  1232 D CarrierSvcBindHelper: No carrier app for: 0
02-04 23:05:38.849   589  1183 D NuPlayerDriver: reset(0xe5732310) at state 5
02-04 23:05:38.850   816  2363 I WindowManager: WIN DEATH: Window{4d32304 u0 Toast}
02-04 23:05:38.850  2298  2298 D RegisteredNfcFServicesCache: Service unchanged, not updating
02-04 23:05:38.850   589  1183 D NuPlayerDriver: notifyListener_l(0xe5732310), (8, 0, 0, -1), loop setting(0, 1)
02-04 23:05:38.860   589 30508 D NuPlayerDriver: notifyResetComplete(0xe5732310)
02-04 23:05:38.863   589  1183 D AudioTrack: stop() called with 0 frames delivered
02-04 23:05:38.919   816  4855 I ActivityManager: START u0 {flg=0x10000000 cmp=com.dolby.qa.featuretest/.MainActivity} from uid 2000
02-04 23:05:38.945   816  2356 I ActivityManager: Start proc 30552:com.dolby.qa.featuretest/u0a74 for activity com.dolby.qa.featuretest/.MainActivity
02-04 23:05:38.946 30552 30552 I zygote64: Late-enabling -Xcheck:jni
02-04 23:05:39.000   581   724 D DlbDlbEffect: handle_EFFECT_CMD_DISABLE()
02-04 23:05:39.000   581   724 D DlbDapCrossfadeProcess: setEnabled transitioning from DAP_ACTIVE state to FADE_TO_BYPASS
02-04 23:05:39.002   416   416 W /system/bin/hw/android.hidl.allocator@1.0-service: ashmem_create_region(3840) returning hidl_memory(0x7590c2c2e0, 3840)
02-04 23:05:39.002   581   724 D DlbDlbEffect: handle_EFFECT_CMD_SET_CONFIG()
02-04 23:05:39.002   581   724 D DlbDapEndpointParamCache: setDevice(device=0x00000002)
02-04 23:05:39.002   421   421 D DMSService: setActiveDevice called with device = 0x2
02-04 23:05:39.002   581   724 D DlbDlbEffect: handle_EFFECT_CMD_ENABLE()
02-04 23:05:39.002   581   724 D DlbDapCrossfadeProcess: setEnabled transitioning from FADE_TO_BYPASS state to FADE_TO_ACTIVE
02-04 23:05:39.137 30552 30552 D featureTest: onCreate
02-04 23:05:39.144 30552 30552 D AudioTrack: Client defaulted notificationFrames to 962 for frameCount 1924
02-04 23:05:39.149 30552 30552 W AudioTrack: Use of stream types is deprecated for operations other than volume control
02-04 23:05:39.150 30552 30552 W AudioTrack: See the documentation of AudioTrack() for what to use instead with android.media.AudioAttributes to qualify your playback use case
02-04 23:05:39.157 30552 30552 W DolbyAudioEffect: WARNING: attaching a DolbyAudioEffect to global output mix is deprecated!
02-04 23:05:39.163 30552 30552 D featureTest: onResume
02-04 23:05:39.180 30552 30569 D OpenGLRenderer: HWUI GL Pipeline
02-04 23:05:39.235 30552 30569 I Adreno  : QUALCOMM build                   : 7142022, Ib5823dd10c
02-04 23:05:39.235 30552 30569 I Adreno  : Build Date                       : 06/23/17
02-04 23:05:39.235 30552 30569 I Adreno  : OpenGL ES Shader Compiler Version: EV031.18.00.00
02-04 23:05:39.235 30552 30569 I Adreno  : Local Branch                     : O11A
02-04 23:05:39.235 30552 30569 I Adreno  : Remote Branch                    : 
02-04 23:05:39.235 30552 30569 I Adreno  : Remote Branch                    : 
02-04 23:05:39.235 30552 30569 I Adreno  : Reconstruct Branch               : 
02-04 23:05:39.236 30552 30569 I vndksupport: sphal namespace is not configured for this process. Loading /vendor/lib64/hw/gralloc.msm8994.so from the current namespace instead.
02-04 23:05:39.261 30552 30569 I Adreno  : PFP: 0x00000000, ME: 0x00000000
02-04 23:05:39.270 30552 30569 I OpenGLRenderer: Initialized EGL, version 1.4
02-04 23:05:39.270 30552 30569 D OpenGLRenderer: Swap behavior 2
02-04 23:05:39.290   365   365 W /system/bin/hwservicemanager: getTransportFromManifest: Cannot find entry android.hardware.graphics.mapper@2.0::IMapper in either framework or device manifest, using default transport.
02-04 23:05:39.294 30552 30569 I vndksupport: sphal namespace is not configured for this process. Loading /vendor/lib64/hw/gralloc.msm8994.so from the current namespace instead.
02-04 23:05:39.336   816   843 I ActivityManager: Displayed com.dolby.qa.featuretest/.MainActivity: +398ms
02-04 23:05:39.378   581   770 D audio_hw_primary: disable_audio_route: usecase(0) reset and update mixer path: deep-buffer-playback speaker
02-04 23:05:39.381   816   843 W ActivityManager: setHasOverlayUi called on unknown pid: 30457
02-04 23:05:39.385   581   770 D audio_hw_primary: disable_snd_device: snd_device(2: speaker)
02-04 23:05:39.748  2401  2517 W OpenGLRenderer: Incorrectly called buildLayer on View: ShortcutAndWidgetContainer, destroying layer...
02-04 23:05:39.934 28748 28748 I ServiceManager: Waiting for service AtCmdFwd...
02-04 23:05:39.959   816   816 W NotificationService: Object died trying to hide notification android.app.ITransientNotification$Stub$Proxy@61d7d94 in package com.dolby.qa.featuretest
02-04 23:05:39.960   816   816 W WindowManager: removeWindowToken: Attempted to remove non-existing token: android.os.Binder@6b3f9c3
02-04 23:05:39.960   816   816 W ActivityManager: setProcessForeground called on unknown pid: 30457
02-04 23:05:39.960   816   816 W NotificationService: Object died trying to show notification android.app.ITransientNotification$Stub$Proxy@b49c03d in package com.dolby.qa.featuretest
02-04 23:05:39.960   816   816 W ActivityManager: setProcessForeground called on unknown pid: 30457
02-04 23:05:39.960   816   816 W NotificationService: Object died trying to show notification android.app.ITransientNotification$Stub$Proxy@327a032 in package com.dolby.qa.featuretest
02-04 23:05:40.011 30552 30552 D featureTest: receive broadcast , playing content location :/sdcard/featureTest/chopper_2.0_180_420_02.wav
02-04 23:05:40.020 30552 30552 D featureTest: mMediaPlayer.getAudioSessionId(): 4313
02-04 23:05:40.020 30552 30552 D featureTest: Playing file: /sdcard/featureTest/chopper_2.0_180_420_02.wav
02-04 23:05:40.022   589  1170 D NuPlayerDriver: NuPlayerDriver(0xe5732380) created, clientPid(30552)
02-04 23:05:40.023 30582 30582 W generic : type=1400 audit(0.0:2861): avc: denied { read } for path="/storage/emulated/0/featuretest/chopper_2.0_180_420_02.wav" dev="sdcardfs" ino=523303 scontext=u:r:mediaextractor:s0 tcontext=u:object_r:sdcardfs:s0 tclass=file permissive=0
02-04 23:05:40.023 30552 30552 W MediaPlayer: Use of stream types is deprecated for operations other than volume control
02-04 23:05:40.024 30552 30552 W MediaPlayer: See the documentation of setAudioStreamType() for what to use instead with android.media.AudioAttributes to qualify your playback use case
02-04 23:05:40.026   589 30582 D GenericSource: FileSource remote
02-04 23:05:40.026   589 30582 W GenericSource: extractor service cannot make data source
02-04 23:05:40.027   589 30582 D GenericSource: FileSource local
02-04 23:05:40.042   587   587 D MediaBufferGroup: creating MemoryDealer
02-04 23:05:40.043   589 30581 D NuPlayerDriver: notifyListener_l(0xe5732380), (1, 0, 0, -1), loop setting(0, 0)
02-04 23:05:40.051   589  1170 D NuPlayerDriver: start(0xe5732380), state is 4, eos is 0
02-04 23:05:40.052   589 30581 I GenericSource: start
02-04 23:05:40.058   593  5352 I OMXMaster: makeComponentInstance(OMX.google.raw.decoder) in android.hardwar process
02-04 23:05:40.058 30552 30552 W DolbyAudioEffect: WARNING: attaching a DolbyAudioEffect to global output mix is deprecated!
02-04 23:05:40.063   593   712 E OMXNodeInstance: setConfig(0xf0d07480:google.raw.decoder, ConfigPriority(0x6f800002)) ERROR: Undefined(0x80001001)
02-04 23:05:40.064   589 30589 I ACodec  : codec does not support config priority (err -2147483648)
02-04 23:05:40.064   593 20514 E OMXNodeInstance: getConfig(0xf0d07480:google.raw.decoder, ConfigAndroidVendorExtension(0x6f100004)) ERROR: Undefined(0x80001001)
02-04 23:05:40.065   589 30589 I MediaCodec: MediaCodec will operate in async mode
02-04 23:05:40.076   589 30587 D AudioTrack: Client defaulted notificationFrames to 7350 for frameCount 22050
02-04 23:05:40.077   581  5356 D DlbDlbEffect: handle_EFFECT_CMD_DISABLE()
02-04 23:05:40.077   581  5356 D DlbDapCrossfadeProcess: setEnabled transitioning from FADE_TO_ACTIVE state to FADE_TO_BYPASS
02-04 23:05:40.080   416   416 W /system/bin/hw/android.hidl.allocator@1.0-service: ashmem_create_region(7680) returning hidl_memory(0x7590c2c2e0, 7680)
02-04 23:05:40.080   581  5356 D DlbDlbEffect: handle_EFFECT_CMD_SET_CONFIG()
02-04 23:05:40.080   581  5356 D DlbDapEndpointParamCache: setDevice(device=0x00000002)
02-04 23:05:40.080   421   421 D DMSService: setActiveDevice called with device = 0x2
02-04 23:05:40.081   581  5356 D DlbDlbEffect: handle_EFFECT_CMD_ENABLE()
02-04 23:05:40.081   581  5356 D DlbDapCrossfadeProcess: setEnabled transitioning from FADE_TO_BYPASS state to FADE_TO_ACTIVE
02-04 23:05:40.081   589 30581 D NuPlayerDriver: notifyListener_l(0xe5732380), (6, 0, 0, -1), loop setting(0, 1)
02-04 23:05:40.085   581  5115 D DlbDapCrossfadeProcess: process transitioning from FADE_TO_ACTIVE state to DAP_ACTIVE
02-04 23:05:40.088 30552 30552 D featureTest: receive broadcast , change ds status :0
02-04 23:05:40.112   581  5111 D audio_hw_primary: enable_snd_device: snd_device(2: speaker)
02-04 23:05:40.115   581  5111 D audio_hw_primary: enable_audio_route: usecase(0) apply and update mixer path: deep-buffer-playback speaker
02-04 23:05:40.119   581  5355 D DlbDlbEffect: handle_EFFECT_CMD_SET_PARAM()
02-04 23:05:40.148   581  5115 D DlbDapCrossfadeProcess: setEnabled transitioning from DAP_ACTIVE state to FADE_TO_BYPASS
02-04 23:05:40.164 30552 30552 D featureTest: receive broadcast , change ds profile id :2
02-04 23:05:40.175   581   581 D DlbDlbEffect: handle_EFFECT_CMD_SET_PARAM()
02-04 23:05:40.175   421   460 I DapController: Profile Changed to Music
02-04 23:05:40.193   581  5115 D DlbDapEndpointParamCache: commitChangedParams()
02-04 23:05:40.193   581  5115 D DlbDapEndpointParamCache: commit() Applying parameters for device 0x40000000
02-04 23:05:40.193   581  5115 D DlbDap2Process: setParam(iea = #1[10])
02-04 23:05:40.193   581  5115 D DlbDap2Process: setParam(msce = #1[0])
02-04 23:05:40.193   581  5115 D DlbDap2Process: setParam(mdee = #1[0])
02-04 23:05:40.193   581  5115 D DlbDap2Process: setParam(miee = #1[0])
02-04 23:05:40.193   581  5115 D DlbDap2Process: setParam(mdle = #1[0])
02-04 23:05:40.193   581  5115 D DlbDap2Process: setParam(dvle = #1[1])
02-04 23:05:40.193   581  5115 D DlbDap2Process: setParam(mave = #1[0])
02-04 23:05:40.193   581  5115 D DlbDap2Process: setParam(vcbf = #20[47, 141, 234, 328, 469, 656, 844, 1031, 1313, 1688, 2250, 3000, 3750, 4688, 5813, 7125, 9000, 11250, 13875, 19688])
02-04 23:05:40.193   581  5115 D DlbDap2Process: setParam(vbon = #1[0])
02-04 23:05:40.193   581  5115 D DlbDap2Process: setParam(beon = #1[0])
02-04 23:05:40.193   581  5115 D DlbDap2Process: setParam(geon = #1[0])
02-04 23:05:40.193   581  5115 D DlbDap2Process: setParam(ieon = #1[1])
02-04 23:05:40.193   581  5115 D DlbDap2Process: setParam(gebs = #41[20, 47, 141, 234, 328, 469, 656, 844, 1031, 1313, 1688, 2250, 3000, 3750, 4688, 5813, 7125, 9000, 11250, 13875, 19688, 0, 0, 0, 0, 0, 0, 0, 0, 0, 0, 0, 0, 0, 0, 0, 0, 0, 0, 0, 0])
02-04 23:05:40.193   581  5115 D DlbDap2Process: setParam(iebs = #41[20, 65, 136, 223, 332, 467, 634, 841, 1098, 1416, 1812, 2302, 2909, 3663, 4598, 5756, 7194, 8976, 11186, 13927, 17326, 117, 133, 188, 176, 141, 149, 175, 185, 185, 200, 236, 242, 228, 213, 182, 132, 110, 68, -27, -240])
02-04 23:05:40.193   581  5115 D DlbDapEndpointParamCache: doCommit() Committed 15 parameters out of 16.
02-04 23:05:40.193   581  5115 D DlbDapEndpointParamCache: commit() Overriding parameters for current device 0x00000002
02-04 23:05:40.193   581  5115 D DlbDap2Process: setParam(dea = #1[7])
02-04 23:05:40.193   581  5115 D DlbDap2Process: setParam(dsa = #1[10])
02-04 23:05:40.193   581  5115 D DlbDap2Process: setParam(beb = #1[192])
02-04 23:05:40.193   581  5115 D DlbDap2Process: setParam(plb = #1[0])
02-04 23:05:40.193   581  5115 D DlbDap2Process: setParam(vmb = #1[144])
02-04 23:05:40.194   581  5115 D DlbDap2Process: setParam(dsb = #1[0])
02-04 23:05:40.194   581  5115 D DlbDap2Process: setParam(ded = #1[0])
02-04 23:05:40.194   581  5115 D DlbDap2Process: setParam(vbm = #1[3])
02-04 23:05:40.194   581  5115 D DlbDap2Process: setParam(dom = #1[0])
02-04 23:05:40.194   581  5115 D DlbDap2Process: setParam(bew = #1[16])
02-04 23:05:40.194   581  5115 D DlbDap2Process: setParam(dvla = #1[4])
02-04 23:05:40.194   581  5115 D DlbDap2Process: setParam(arra = #1[96])
02-04 23:05:40.194   581  5115 D DlbDap2Process: setParam(dfsa = #1[10])
02-04 23:05:40.194   581  5115 D DlbDap2Process: setParam(dhsa = #1[10])
02-04 23:05:40.194   581  5115 D DlbDap2Process: setParam(dvmc = #1[0])
02-04 23:05:40.194   581  5115 D DlbDap2Process: setParam(arod = #1[0])
02-04 23:05:40.194   581  5115 D DlbDap2Process: setParam(arde = #1[1])
02-04 23:05:40.194   581  5115 D DlbDap2Process: setParam(dvle = #1[1])
02-04 23:05:40.194   581  5115 D DlbDap2Process: setParam(dvme = #1[0])
02-04 23:05:40.194   581  5115 D DlbDap2Process: setParam(becf = #1[200])
02-04 23:05:40.194   581  5115 D DlbDap2Process: setParam(vbmf = #2[94, 469])
02-04 23:05:40.194   581  5115 D DlbDap2Process: setParam(vbsf = #2[35, 160])
02-04 23:05:40.194   581  5115 D DlbDap2Process: setParam(vbhg = #3[-32, -144, -192])
02-04 23:05:40.194   581  5115 D DlbDap2Process: setParam(vbog = #1[0])
02-04 23:05:40.194   581  5115 D DlbDap2Process: setParam(vbsg = #1[0])
02-04 23:05:40.194   581  5115 D DlbDap2Process: setParam(dvli = #1[-320])
02-04 23:05:40.194   581  5115 D DlbDap2Process: setParam(dhfm = #1[2])
02-04 23:05:40.194   581  5115 D DlbDap2Process: setParam(vbon = #1[0])
02-04 23:05:40.194   581  5115 D DlbDap2Process: setParam(beon = #1[0])
02-04 23:05:40.194   581  5115 D DlbDap2Process: setParam(deon = #1[0])
02-04 23:05:40.194   581  5115 D DlbDap2Process: setParam(ngon = #1[1])
02-04 23:05:40.194   581  5115 D DlbDap2Process: setParam(aoon = #1[1])
02-04 23:05:40.194   581  5115 D DlbDap2Process: setParam(aron = #1[1])
02-04 23:05:40.194   581  5115 D DlbDap2Process: setParam(dvlo = #1[-320])
02-04 23:05:40.194   581  5115 D DlbDap2Process: setParam(artp = #1[12])
02-04 23:05:40.195   581  5115 D DlbDap2Process: setParam(aobs = #222[20, 10, 47, 141, 234, 328, 469, 656, 844, 1031, 1313, 1688, 2250, 3000, 3750, 4688, 5813, 7125, 9000, 11250, 13875, 19688, 0, 0, 0, 0, 0, 0, 0, 0, 0, 0, 0, 0, 0, 0, 0, 0, 0, 0, 0, 0, 0, 0, 0, 0, 0, 0, 0, 0, 0, 0, 0, 0, 0, 0, 0, 0, 0, 0, 0, 0, 0, 0, 0, 0, 0, 0, 0, 0, 0, 0, 0, 0, 0, 0, 0, 0, 0, 0, 0, 0, 0, 0, 0, 0, 0, 0, 0, 0, 0, 0, 0, 0, 0, 0, 0, 0, 0, 0, 0, 0, 0, 0, 0, 0, 0, 0, 0, 0, 0, 0, 0, 0, 0, 0, 0, 0, 0, 0, 0, 0, 0, 0, 0, 0, 0, 0, 0, 0, 0, 0, 0, 0, 0, 0, 0, 0, 0, 0, 0, 0, 0, 0, 0, 0, 0, 0, 0, 0, 0, 0, 0, 0, 0, 0, 0, 0, 0, 0, 0, 0, 0, 0, 0, 0, 0, 0, 0, 0, 0, 0, 0, 0, 0, 0, 0, 0, 0, 0, 0, 0, 0, 0, 0, 0, 0, 0, 0, 0, 0, 0, 0, 0, 0, 0, 0, 0, 0, 0, 0, 0, 0, 0, 0, 0, 0, 0, 0, 0, 0, 0, 0, 0, 0, 0, 0, 0, 0, 0, 0, 0])
02-04 23:05:40.195   581  5115 D DlbDap2Process: setParam(arbs = #81[20, 47, 141, 234, 328, 469, 656, 844, 1031, 1313, 1688, 2250, 3000, 3750, 4688, 5813, 7125, 9000, 11250, 13875, 19688, -192, -192, -192, -192, -192, -192, -192, -192, -192, -192, -192, -192, -192, -192, -192, -192, -192, -192, -192, -192, 0, 0, 0, 0, 0, 0, 0, 0, 0, 0, 0, 0, 0, 0, 0, 0, 0, 0, 0, 0, 0, 0, 0, 0, 0, 0, 0, 0, 0, 0, 0, 0, 0, 0, 0, 0, 0, 0, 0, 0])
02-04 23:05:40.195   581  5115 D DlbDapEndpointParamCache: doCommit() Committed 37 parameters out of 37.
02-04 23:05:40.195   581  5115 D DlbDap2Process: setMave(mave = 0)
02-04 23:05:40.197   581  5115 D DlbDapCrossfadeProcess: process transitioning from FADE_TO_BYPASS state to DAP_BYPASSED
02-04 23:05:40.219   581   770 D AudioFlinger: mixer(0xf2983980) throttle end: throttle time(44)
02-04 23:05:40.235 30552 30552 D featureTest: receive broadcast , playing content location :/sdcard/featureTest/chopper_2.0_180_420_02.wav
02-04 23:05:40.237   589  1183 D NuPlayerDriver: stop(0xe5732380)
02-04 23:05:40.238   589  1183 D NuPlayerDriver: notifyListener_l(0xe5732380), (8, 0, 0, -1), loop setting(0, 1)
02-04 23:05:40.239   589 26717 D NuPlayerDriver: reset(0xe5732380) at state 8
02-04 23:05:40.246   589 30581 D NuPlayerDriver: notifyResetComplete(0xe5732380)
02-04 23:05:40.247   589  1183 D NuPlayerDriver: reset(0xe5732380) at state 0
02-04 23:05:40.247 30552 30552 V MediaPlayer: resetDrmState:  mDrmInfo=null mDrmProvisioningThread=null mPrepareDrmInProgress=false mActiveDrmScheme=false
02-04 23:05:40.248 30552 30552 V MediaPlayer: cleanDrmObj: mDrmObj=null mDrmSessionId=null
02-04 23:05:40.248 30552 30552 V MediaPlayer: resetDrmState:  mDrmInfo=null mDrmProvisioningThread=null mPrepareDrmInProgress=false mActiveDrmScheme=false
02-04 23:05:40.248 30552 30552 V MediaPlayer: cleanDrmObj: mDrmObj=null mDrmSessionId=null
02-04 23:05:40.252 30552 30552 D featureTest: mMediaPlayer.getAudioSessionId(): 4321
02-04 23:05:40.252 30552 30552 D featureTest: Playing file: /sdcard/featureTest/chopper_2.0_180_420_02.wav
02-04 23:05:40.253 30604 30604 W generic : type=1400 audit(0.0:2862): avc: denied { read } for path="/storage/emulated/0/featuretest/chopper_2.0_180_420_02.wav" dev="sdcardfs" ino=523303 scontext=u:r:mediaextractor:s0 tcontext=u:object_r:sdcardfs:s0 tclass=file permissive=0
02-04 23:05:40.253   589   709 D NuPlayerDriver: NuPlayerDriver(0xe3e61230) created, clientPid(30552)
02-04 23:05:40.255 30552 30552 W MediaPlayer: Use of stream types is deprecated for operations other than volume control
02-04 23:05:40.255 30552 30552 W MediaPlayer: See the documentation of setAudioStreamType() for what to use instead with android.media.AudioAttributes to qualify your playback use case
02-04 23:05:40.258   589 30604 D GenericSource: FileSource remote
02-04 23:05:40.258   589 30604 W GenericSource: extractor service cannot make data source
02-04 23:05:40.258   589 30604 D GenericSource: FileSource local
02-04 23:05:40.274   587   693 D MediaBufferGroup: creating MemoryDealer
02-04 23:05:40.275   589 30603 D NuPlayerDriver: notifyListener_l(0xe3e61230), (1, 0, 0, -1), loop setting(0, 0)
02-04 23:05:40.279   589   709 D NuPlayerDriver: start(0xe3e61230), state is 4, eos is 0
02-04 23:05:40.279   589 30603 I GenericSource: start
02-04 23:05:40.283 30552 30552 W DolbyAudioEffect: WARNING: attaching a DolbyAudioEffect to global output mix is deprecated!
02-04 23:05:40.285   593 20870 I OMXMaster: makeComponentInstance(OMX.google.raw.decoder) in android.hardwar process
02-04 23:05:40.290   593  1162 E OMXNodeInstance: setConfig(0xf10a2f60:google.raw.decoder, ConfigPriority(0x6f800002)) ERROR: Undefined(0x80001001)
02-04 23:05:40.290   589 30609 I ACodec  : codec does not support config priority (err -2147483648)
02-04 23:05:40.291   593  5352 E OMXNodeInstance: getConfig(0xf10a2f60:google.raw.decoder, ConfigAndroidVendorExtension(0x6f100004)) ERROR: Undefined(0x80001001)
02-04 23:05:40.291   589 30609 I MediaCodec: MediaCodec will operate in async mode
02-04 23:05:40.302   589 30607 D AudioTrack: Client defaulted notificationFrames to 7350 for frameCount 22050
02-04 23:05:40.303   589 30603 D NuPlayerDriver: notifyListener_l(0xe3e61230), (6, 0, 0, -1), loop setting(0, 1)
02-04 23:05:40.312 30552 30552 D featureTest: receive broadcast , change ds status :1
02-04 23:05:40.323   581  5356 D DlbDlbEffect: handle_EFFECT_CMD_SET_PARAM()
02-04 23:05:40.340   581  5115 D DlbDapCrossfadeProcess: setEnabled transitioning from DAP_BYPASSED state to PREROLL_ACTIVE
02-04 23:05:40.382   581  5115 D DlbDapCrossfadeProcess: process transitioning from PREROLL_ACTIVE state to FADE_TO_ACTIVE
02-04 23:05:40.396 30552 30552 D featureTest: receive broadcast , change ds profile id :5
02-04 23:05:40.408   581  5143 D DlbDlbEffect: handle_EFFECT_CMD_SET_PARAM()
02-04 23:05:40.408   421   460 I DapController: Profile Changed to Custom
02-04 23:05:40.422   581  5115 D DlbDapEndpointParamCache: commitChangedParams()
02-04 23:05:40.422   581  5115 D DlbDapEndpointParamCache: commit() Applying parameters for device 0x40000000
02-04 23:05:40.423   581  5115 D DlbDap2Process: setParam(iea = #1[10])
02-04 23:05:40.423   581  5115 D DlbDap2Process: setParam(msce = #1[0])
02-04 23:05:40.423   581  5115 D DlbDap2Process: setParam(mdee = #1[0])
02-04 23:05:40.423   581  5115 D DlbDap2Process: setParam(miee = #1[0])
02-04 23:05:40.423   581  5115 D DlbDap2Process: setParam(mdle = #1[0])
02-04 23:05:40.423   581  5115 D DlbDap2Process: setParam(dvle = #1[1])
02-04 23:05:40.423   581  5115 D DlbDap2Process: setParam(mave = #1[0])
02-04 23:05:40.423   581  5115 D DlbDap2Process: setParam(vcbf = #20[47, 141, 234, 328, 469, 656, 844, 1031, 1313, 1688, 2250, 3000, 3750, 4688, 5813, 7125, 9000, 11250, 13875, 19688])
02-04 23:05:40.423   581  5115 D DlbDap2Process: setParam(vbon = #1[0])
02-04 23:05:40.423   581  5115 D DlbDap2Process: setParam(beon = #1[0])
02-04 23:05:40.423   581  5115 D DlbDap2Process: setParam(geon = #1[0])
02-04 23:05:40.423   581  5115 D DlbDap2Process: setParam(ieon = #1[0])
02-04 23:05:40.423   581  5115 D DlbDap2Process: setParam(gebs = #41[20, 47, 141, 234, 328, 469, 656, 844, 1031, 1313, 1688, 2250, 3000, 3750, 4688, 5813, 7125, 9000, 11250, 13875, 19688, 0, 0, 0, 0, 0, 0, 0, 0, 0, 0, 0, 0, 0, 0, 0, 0, 0, 0, 0, 0])
02-04 23:05:40.423   581  5115 D DlbDap2Process: setParam(iebs = #41[20, 65, 136, 223, 332, 467, 634, 841, 1098, 1416, 1812, 2302, 2909, 3663, 4598, 5756, 7194, 8976, 11186, 13927, 17326, 117, 133, 188, 176, 141, 149, 175, 185, 185, 200, 236, 242, 228, 213, 182, 132, 110, 68, -27, -240])
02-04 23:05:40.423   581  5115 D DlbDapEndpointParamCache: doCommit() Committed 15 parameters out of 16.
02-04 23:05:40.423   581  5115 D DlbDapEndpointParamCache: commit() Overriding parameters for current device 0x00000002
02-04 23:05:40.423   581  5115 D DlbDap2Process: setParam(dea = #1[7])
02-04 23:05:40.423   581  5115 D DlbDap2Process: setParam(dsa = #1[10])
02-04 23:05:40.423   581  5115 D DlbDap2Process: setParam(beb = #1[192])
02-04 23:05:40.423   581  5115 D DlbDap2Process: setParam(plb = #1[0])
02-04 23:05:40.423   581  5115 D DlbDap2Process: setParam(vmb = #1[144])
02-04 23:05:40.423   581  5115 D DlbDap2Process: setParam(dsb = #1[48])
02-04 23:05:40.423   581  5115 D DlbDap2Process: setParam(ded = #1[0])
02-04 23:05:40.423   581  5115 D DlbDap2Process: setParam(vbm = #1[3])
02-04 23:05:40.423   581  5115 D DlbDap2Process: setParam(dom = #1[0])
02-04 23:05:40.423   581  5115 D DlbDap2Process: setParam(bew = #1[16])
02-04 23:05:40.423   581  5115 D DlbDap2Process: setParam(dvla = #1[5])
02-04 23:05:40.424   581  5115 D DlbDap2Process: setParam(arra = #1[96])
02-04 23:05:40.424   581  5115 D DlbDap2Process: setParam(dfsa = #1[10])
02-04 23:05:40.424   581  5115 D DlbDap2Process: setParam(dhsa = #1[10])
02-04 23:05:40.424   581  5115 D DlbDap2Process: setParam(dvmc = #1[0])
02-04 23:05:40.424   581  5115 D DlbDap2Process: setParam(arod = #1[0])
02-04 23:05:40.424   581  5115 D DlbDap2Process: setParam(arde = #1[1])
02-04 23:05:40.424   581  5115 D DlbDap2Process: setParam(dvle = #1[1])
02-04 23:05:40.424   581  5115 D DlbDap2Process: setParam(dvme = #1[0])
02-04 23:05:40.424   581  5115 D DlbDap2Process: setParam(becf = #1[200])
02-04 23:05:40.424   581  5115 D DlbDap2Process: setParam(vbmf = #2[94, 469])
02-04 23:05:40.424   581  5115 D DlbDap2Process: setParam(vbsf = #2[35, 160])
02-04 23:05:40.424   581  5115 D DlbDap2Process: setParam(vbhg = #3[-32, -144, -192])
02-04 23:05:40.424   581  5115 D DlbDap2Process: setParam(vbog = #1[0])
02-04 23:05:40.424   581  5115 D DlbDap2Process: setParam(vbsg = #1[0])
02-04 23:05:40.424   581  5115 D DlbDap2Process: setParam(dvli = #1[-320])
02-04 23:05:40.424   581  5115 D DlbDap2Process: setParam(dhfm = #1[2])
02-04 23:05:40.424   581  5115 D DlbDap2Process: setParam(vbon = #1[0])
02-04 23:05:40.424   581  5115 D DlbDap2Process: setParam(beon = #1[0])
02-04 23:05:40.424   581  5115 D DlbDap2Process: setParam(deon = #1[0])
02-04 23:05:40.424   581  5115 D DlbDap2Process: setParam(ngon = #1[1])
02-04 23:05:40.424   581  5115 D DlbDap2Process: setParam(aoon = #1[1])
02-04 23:05:40.424   581  5115 D DlbDap2Process: setParam(aron = #1[1])
02-04 23:05:40.424   581  5115 D DlbDap2Process: setParam(dvlo = #1[-320])
02-04 23:05:40.424   581  5115 D DlbDap2Process: setParam(artp = #1[12])
02-04 23:05:40.425   581  5115 D DlbDap2Process: setParam(aobs = #222[20, 10, 47, 141, 234, 328, 469, 656, 844, 1031, 1313, 1688, 2250, 3000, 3750, 4688, 5813, 7125, 9000, 11250, 13875, 19688, 0, 0, 0, 0, 0, 0, 0, 0, 0, 0, 0, 0, 0, 0, 0, 0, 0, 0, 0, 0, 0, 0, 0, 0, 0, 0, 0, 0, 0, 0, 0, 0, 0, 0, 0, 0, 0, 0, 0, 0, 0, 0, 0, 0, 0, 0, 0, 0, 0, 0, 0, 0, 0, 0, 0, 0, 0, 0, 0, 0, 0, 0, 0, 0, 0, 0, 0, 0, 0, 0, 0, 0, 0, 0, 0, 0, 0, 0, 0, 0, 0, 0, 0, 0, 0, 0, 0, 0, 0, 0, 0, 0, 0, 0, 0, 0, 0, 0, 0, 0, 0, 0, 0, 0, 0, 0, 0, 0, 0, 0, 0, 0, 0, 0, 0, 0, 0, 0, 0, 0, 0, 0, 0, 0, 0, 0, 0, 0, 0, 0, 0, 0, 0, 0, 0, 0, 0, 0, 0, 0, 0, 0, 0, 0, 0, 0, 0, 0, 0, 0, 0, 0, 0, 0, 0, 0, 0, 0, 0, 0, 0, 0, 0, 0, 0, 0, 0, 0, 0, 0, 0, 0, 0, 0, 0, 0, 0, 0, 0, 0, 0, 0, 0, 0, 0, 0, 0, 0, 0, 0, 0, 0, 0, 0, 0, 0, 0, 0, 0, 0])
02-04 23:05:40.425   581  5115 D DlbDap2Process: setParam(arbs = #81[20, 47, 141, 234, 328, 469, 656, 844, 1031, 1313, 1688, 2250, 3000, 3750, 4688, 5813, 7125, 9000, 11250, 13875, 19688, -192, -192, -192, -192, -192, -192, -192, -192, -192, -192, -192, -192, -192, -192, -192, -192, -192, -192, -192, -192, 0, 0, 0, 0, 0, 0, 0, 0, 0, 0, 0, 0, 0, 0, 0, 0, 0, 0, 0, 0, 0, 0, 0, 0, 0, 0, 0, 0, 0, 0, 0, 0, 0, 0, 0, 0, 0, 0, 0, 0])
02-04 23:05:40.425   581  5115 D DlbDapEndpointParamCache: doCommit() Committed 37 parameters out of 37.
02-04 23:05:40.425   581  5115 D DlbDap2Process: setMave(mave = 0)
02-04 23:05:40.477 30552 30552 D featureTest: receive broadcast , change virtual speaker  virtualizer :1
02-04 23:05:40.493   581   581 D DlbDlbEffect: handle_EFFECT_CMD_SET_PARAM()
02-04 23:05:40.502   581  5115 D DlbDapEndpointParamCache: commitChangedParams()
02-04 23:05:40.502   581  5115 D DlbDapEndpointParamCache: commit() Applying parameters for device 0x40000000
02-04 23:05:40.503   581  5115 D DlbDap2Process: setParam(iea = #1[10])
02-04 23:05:40.503   581  5115 D DlbDap2Process: setParam(msce = #1[0])
02-04 23:05:40.503   581  5115 D DlbDap2Process: setParam(mdee = #1[0])
02-04 23:05:40.503   581  5115 D DlbDap2Process: setParam(miee = #1[0])
02-04 23:05:40.503   581  5115 D DlbDap2Process: setParam(mdle = #1[0])
02-04 23:05:40.503   581  5115 D DlbDap2Process: setParam(dvle = #1[1])
02-04 23:05:40.503   581  5115 D DlbDap2Process: setParam(mave = #1[0])
02-04 23:05:40.503   581  5115 D DlbDap2Process: setParam(vcbf = #20[47, 141, 234, 328, 469, 656, 844, 1031, 1313, 1688, 2250, 3000, 3750, 4688, 5813, 7125, 9000, 11250, 13875, 19688])
02-04 23:05:40.503   581  5115 D DlbDap2Process: setParam(vbon = #1[0])
02-04 23:05:40.503   581  5115 D DlbDap2Process: setParam(beon = #1[0])
02-04 23:05:40.503   581  5115 D DlbDap2Process: setParam(geon = #1[0])
02-04 23:05:40.503   581  5115 D DlbDap2Process: setParam(ieon = #1[0])
02-04 23:05:40.503   581  5115 D DlbDap2Process: setParam(gebs = #41[20, 47, 141, 234, 328, 469, 656, 844, 1031, 1313, 1688, 2250, 3000, 3750, 4688, 5813, 7125, 9000, 11250, 13875, 19688, 0, 0, 0, 0, 0, 0, 0, 0, 0, 0, 0, 0, 0, 0, 0, 0, 0, 0, 0, 0])
02-04 23:05:40.503   581  5115 D DlbDap2Process: setParam(iebs = #41[20, 65, 136, 223, 332, 467, 634, 841, 1098, 1416, 1812, 2302, 2909, 3663, 4598, 5756, 7194, 8976, 11186, 13927, 17326, 117, 133, 188, 176, 141, 149, 175, 185, 185, 200, 236, 242, 228, 213, 182, 132, 110, 68, -27, -240])
02-04 23:05:40.503   581  5115 D DlbDapEndpointParamCache: doCommit() Committed 15 parameters out of 16.
02-04 23:05:40.503   581  5115 D DlbDapEndpointParamCache: commit() Overriding parameters for current device 0x00000002
02-04 23:05:40.503   581  5115 D DlbDap2Process: setParam(dea = #1[7])
02-04 23:05:40.503   581  5115 D DlbDap2Process: setParam(dsa = #1[10])
02-04 23:05:40.504   581  5115 D DlbDap2Process: setParam(beb = #1[192])
02-04 23:05:40.504   581  5115 D DlbDap2Process: setParam(plb = #1[0])
02-04 23:05:40.504   581  5115 D DlbDap2Process: setParam(vmb = #1[144])
02-04 23:05:40.504   581  5115 D DlbDap2Process: setParam(dsb = #1[48])
02-04 23:05:40.504   581  5115 D DlbDap2Process: setParam(ded = #1[0])
02-04 23:05:40.504   581  5115 D DlbDap2Process: setParam(vbm = #1[3])
02-04 23:05:40.504   581  5115 D DlbDap2Process: DAP output mode set to 11 with 2 output channels and custom mix matrix.
02-04 23:05:40.504   581  5115 D DlbDap2Process: setParam(dom = #17[1, 16384, 0, 0, 16384, 11583, 11583, 8192, 8192, 16384, 0, 0, 16384, 16384, 0, 0, 16384])
02-04 23:05:40.504   581  5115 D DlbDap2Process: setParam(bew = #1[16])
02-04 23:05:40.504   581  5115 D DlbDap2Process: setParam(dvla = #1[5])
02-04 23:05:40.504   581  5115 D DlbDap2Process: setParam(arra = #1[96])
02-04 23:05:40.504   581  5115 D DlbDap2Process: setParam(dfsa = #1[10])
02-04 23:05:40.504   581  5115 D DlbDap2Process: setParam(dhsa = #1[10])
02-04 23:05:40.504   581  5115 D DlbDap2Process: setParam(dvmc = #1[0])
02-04 23:05:40.504   581  5115 D DlbDap2Process: setParam(arod = #1[0])
02-04 23:05:40.504   581  5115 D DlbDap2Process: setParam(arde = #1[1])
02-04 23:05:40.504   581  5115 D DlbDap2Process: setParam(dvle = #1[1])
02-04 23:05:40.504   581  5115 D DlbDap2Process: setParam(dvme = #1[0])
02-04 23:05:40.504   581  5115 D DlbDap2Process: setParam(becf = #1[200])
02-04 23:05:40.504   581  5115 D DlbDap2Process: setParam(vbmf = #2[94, 469])
02-04 23:05:40.504   581  5115 D DlbDap2Process: setParam(vbsf = #2[35, 160])
02-04 23:05:40.504   581  5115 D DlbDap2Process: setParam(vbhg = #3[-32, -144, -192])
02-04 23:05:40.504   581  5115 D DlbDap2Process: setParam(vbog = #1[0])
02-04 23:05:40.504   581  5115 D DlbDap2Process: setParam(vbsg = #1[0])
02-04 23:05:40.504   581  5115 D DlbDap2Process: setParam(dvli = #1[-320])
02-04 23:05:40.504   581  5115 D DlbDap2Process: setParam(dhfm = #1[2])
02-04 23:05:40.504   581  5115 D DlbDap2Process: setParam(vbon = #1[0])
02-04 23:05:40.504   581  5115 D DlbDap2Process: setParam(beon = #1[0])
02-04 23:05:40.504   581  5115 D DlbDap2Process: setParam(deon = #1[0])
02-04 23:05:40.504   581  5115 D DlbDap2Process: setParam(ngon = #1[1])
02-04 23:05:40.504   581  5115 D DlbDap2Process: setParam(aoon = #1[1])
02-04 23:05:40.504   581  5115 D DlbDap2Process: setParam(aron = #1[1])
02-04 23:05:40.504   581  5115 D DlbDap2Process: setParam(dvlo = #1[-320])
02-04 23:05:40.504   581  5115 D DlbDap2Process: setParam(artp = #1[12])
02-04 23:05:40.505   581  5115 D DlbDap2Process: setParam(aobs = #222[20, 10, 47, 141, 234, 328, 469, 656, 844, 1031, 1313, 1688, 2250, 3000, 3750, 4688, 5813, 7125, 9000, 11250, 13875, 19688, 0, 0, 0, 0, 0, 0, 0, 0, 0, 0, 0, 0, 0, 0, 0, 0, 0, 0, 0, 0, 0, 0, 0, 0, 0, 0, 0, 0, 0, 0, 0, 0, 0, 0, 0, 0, 0, 0, 0, 0, 0, 0, 0, 0, 0, 0, 0, 0, 0, 0, 0, 0, 0, 0, 0, 0, 0, 0, 0, 0, 0, 0, 0, 0, 0, 0, 0, 0, 0, 0, 0, 0, 0, 0, 0, 0, 0, 0, 0, 0, 0, 0, 0, 0, 0, 0, 0, 0, 0, 0, 0, 0, 0, 0, 0, 0, 0, 0, 0, 0, 0, 0, 0, 0, 0, 0, 0, 0, 0, 0, 0, 0, 0, 0, 0, 0, 0, 0, 0, 0, 0, 0, 0, 0, 0, 0, 0, 0, 0, 0, 0, 0, 0, 0, 0, 0, 0, 0, 0, 0, 0, 0, 0, 0, 0, 0, 0, 0, 0, 0, 0, 0, 0, 0, 0, 0, 0, 0, 0, 0, 0, 0, 0, 0, 0, 0, 0, 0, 0, 0, 0, 0, 0, 0, 0, 0, 0, 0, 0, 0, 0, 0, 0, 0, 0, 0, 0, 0, 0, 0, 0, 0, 0, 0, 0, 0, 0, 0, 0, 0])
02-04 23:05:40.505   581  5115 D DlbDap2Process: setParam(arbs = #81[20, 47, 141, 234, 328, 469, 656, 844, 1031, 1313, 1688, 2250, 3000, 3750, 4688, 5813, 7125, 9000, 11250, 13875, 19688, -192, -192, -192, -192, -192, -192, -192, -192, -192, -192, -192, -192, -192, -192, -192, -192, -192, -192, -192, -192, 0, 0, 0, 0, 0, 0, 0, 0, 0, 0, 0, 0, 0, 0, 0, 0, 0, 0, 0, 0, 0, 0, 0, 0, 0, 0, 0, 0, 0, 0, 0, 0, 0, 0, 0, 0, 0, 0, 0, 0])
02-04 23:05:40.505   581  5115 D DlbDapEndpointParamCache: doCommit() Committed 37 parameters out of 37.
02-04 23:05:40.505   581  5115 D DlbDap2Process: setMave(mave = 0)
02-04 23:05:40.513   581  5115 D DlbDapCrossfadeProcess: process transitioning from FADE_TO_ACTIVE state to DAP_ACTIVE
02-04 23:05:40.561 30552 30552 D featureTest: receive broadcast , record log :0
02-04 23:05:40.580 30552 30557 I zygote64: Do partial code cache collection, code=8KB, data=14KB
02-04 23:05:40.580 30552 30557 I zygote64: After code cache collection, code=8KB, data=14KB
02-04 23:05:40.580 30552 30557 I zygote64: Increasing code cache capacity to 128KB
02-04 23:05:40.581 30552 30557 I zygote64: Do partial code cache collection, code=8KB, data=33KB
02-04 23:05:40.581 30552 30557 I zygote64: After code cache collection, code=8KB, data=33KB
02-04 23:05:40.581 30552 30557 I zygote64: Increasing code cache capacity to 256KB
02-04 23:05:40.582 30552 30557 I zygote64: Compiler allocated 8MB to compile void android.widget.TextView.<init>(android.content.Context, android.util.AttributeSet, int, int)
02-04 23:05:40.935 28748 28748 I ServiceManager: Waiting for service AtCmdFwd...
02-04 23:05:41.936 28748 28748 I ServiceManager: Waiting for service AtCmdFwd...
02-04 23:05:42.124   816   816 W WindowManager: removeWindowToken: Attempted to remove non-existing token: android.os.Binder@89bd2df
02-04 23:05:42.144   581  5115 D DlbDap2Process: process() called [309000] times
02-04 23:05:42.165   429   429 D SurfaceFlinger: duplicate layer name: changing Toast to Toast#1
02-04 23:05:42.937 28748 28748 I ServiceManager: Waiting for service AtCmdFwd...
02-04 23:05:43.938 28748 28748 W Atfwd_Sendcmd: AtCmdFwd service not published, waiting... retryCnt : 2
02-04 23:05:44.146   816   816 W WindowManager: removeWindowToken: Attempted to remove non-existing token: android.os.Binder@afd0071
02-04 23:05:44.821   581  5115 D DlbDap2Process: process() called [309500] times
