--------- beginning of main
02-03 00:52:57.331  3791  3791 W SceneBgThread: type=1400 audit(0.0:3008): avc: denied { read } for name="stat" dev="proc" ino=4026548033 scontext=u:r:untrusted_app_25:s0:c512,c768 tcontext=u:object_r:proc_stat:s0 tclass=file permissive=0
--------- beginning of system
02-03 00:52:57.354   823  2288 I ActivityManager: Force stopping com.dolby.qa.featuretest appid=10075 user=0: from pid 18652
02-03 00:52:57.354   823  2288 I ActivityManager: Killing 18555:com.dolby.qa.featuretest/u0a75 (adj 0): stop com.dolby.qa.featuretest
02-03 00:52:57.356   823  2288 W ActivityManager: Force removing ActivityRecord{e41cb58 u0 com.dolby.qa.featuretest/.MainActivity t661}: app died, no saved state
02-03 00:52:57.363   823  2288 I WindowManager: Failed to capture screenshot of Token{c0894b1 ActivityRecord{e41cb58 u0 com.dolby.qa.featuretest/.MainActivity t661 f}} appWin=Window{aabf8cc u0 com.dolby.qa.featuretest/com.dolby.qa.featuretest.MainActivity} drawState=4
02-03 00:52:57.393  1263  1263 D CarrierSvcBindHelper: No carrier app for: 0
02-03 00:52:57.394   823  6221 I WindowManager: WIN DEATH: Window{b8966a9 u0 Toast}
02-03 00:52:57.394   597   739 D NuPlayerDriver: reset(0xf1bb2620) at state 5
02-03 00:52:57.396   597   739 D NuPlayerDriver: notifyListener_l(0xf1bb2620), (8, 0, 0, -1), loop setting(0, 1)
02-03 00:52:57.404  2566  2566 D RegisteredNfcFServicesCache: Service unchanged, not updating
02-03 00:52:57.405   597 18613 D NuPlayerDriver: notifyResetComplete(0xf1bb2620)
02-03 00:52:57.406   597   739 D AudioTrack: stop() called with 0 frames delivered
02-03 00:52:57.455   823  1050 I ActivityManager: START u0 {flg=0x10000000 cmp=com.dolby.qa.featuretest/.MainActivity} from uid 2000
02-03 00:52:57.486 18658 18658 I zygote64: Late-enabling -Xcheck:jni
02-03 00:52:57.487   823 11238 I ActivityManager: Start proc 18658:com.dolby.qa.featuretest/u0a75 for activity com.dolby.qa.featuretest/.MainActivity
02-03 00:52:57.522   589   728 D DlbDlbEffect: handle_EFFECT_CMD_DISABLE()
02-03 00:52:57.522   589   728 D DlbDapCrossfadeProcess: setEnabled transitioning from DAP_ACTIVE state to FADE_TO_BYPASS
02-03 00:52:57.523   416   416 W /system/bin/hw/android.hidl.allocator@1.0-service: ashmem_create_region(3840) returning hidl_memory(0x77bb02c2e0, 3840)
02-03 00:52:57.524   589   728 D DlbDlbEffect: handle_EFFECT_CMD_SET_CONFIG()
02-03 00:52:57.524   589   728 D DlbDapEndpointParamCache: setDevice(device=0x00000002)
02-03 00:52:57.524   421   421 D DMSService: setActiveDevice called with device = 0x2
02-03 00:52:57.524   589   728 D DlbDlbEffect: handle_EFFECT_CMD_ENABLE()
02-03 00:52:57.524   589   728 D DlbDapCrossfadeProcess: setEnabled transitioning from FADE_TO_BYPASS state to FADE_TO_ACTIVE
02-03 00:52:57.684 18658 18658 D featureTest: onCreate
02-03 00:52:57.690 18658 18658 D AudioTrack: Client defaulted notificationFrames to 962 for frameCount 1924
02-03 00:52:57.694 18658 18658 W AudioTrack: Use of stream types is deprecated for operations other than volume control
02-03 00:52:57.694 18658 18658 W AudioTrack: See the documentation of AudioTrack() for what to use instead with android.media.AudioAttributes to qualify your playback use case
02-03 00:52:57.701 18658 18658 W DolbyAudioEffect: WARNING: attaching a DolbyAudioEffect to global output mix is deprecated!
02-03 00:52:57.706 18658 18658 D featureTest: onResume
02-03 00:52:57.721 18658 18675 D OpenGLRenderer: HWUI GL Pipeline
02-03 00:52:57.766 18658 18675 I Adreno  : QUALCOMM build                   : 7142022, Ib5823dd10c
02-03 00:52:57.766 18658 18675 I Adreno  : Build Date                       : 06/23/17
02-03 00:52:57.766 18658 18675 I Adreno  : OpenGL ES Shader Compiler Version: EV031.18.00.00
02-03 00:52:57.766 18658 18675 I Adreno  : Local Branch                     : O11A
02-03 00:52:57.766 18658 18675 I Adreno  : Remote Branch                    : 
02-03 00:52:57.766 18658 18675 I Adreno  : Remote Branch                    : 
02-03 00:52:57.766 18658 18675 I Adreno  : Reconstruct Branch               : 
02-03 00:52:57.766 18658 18675 I vndksupport: sphal namespace is not configured for this process. Loading /vendor/lib64/hw/gralloc.msm8994.so from the current namespace instead.
02-03 00:52:57.778 18658 18675 I Adreno  : PFP: 0x00000000, ME: 0x00000000
02-03 00:52:57.786 18658 18675 I OpenGLRenderer: Initialized EGL, version 1.4
02-03 00:52:57.786 18658 18675 D OpenGLRenderer: Swap behavior 2
02-03 00:52:57.809   366   366 W /system/bin/hwservicemanager: getTransportFromManifest: Cannot find entry android.hardware.graphics.mapper@2.0::IMapper in either framework or device manifest, using default transport.
02-03 00:52:57.813 18658 18675 I vndksupport: sphal namespace is not configured for this process. Loading /vendor/lib64/hw/gralloc.msm8994.so from the current namespace instead.
02-03 00:52:57.848   823   848 I ActivityManager: Displayed com.dolby.qa.featuretest/.MainActivity: +369ms
02-03 00:52:57.899   589   772 D audio_hw_primary: disable_audio_route: usecase(0) reset and update mixer path: deep-buffer-playback speaker
02-03 00:52:57.906   589   772 D audio_hw_primary: disable_snd_device: snd_device(2: speaker)
02-03 00:52:57.950   823   848 W ActivityManager: setHasOverlayUi called on unknown pid: 18555
02-03 00:52:58.278  2717  3063 W OpenGLRenderer: Incorrectly called buildLayer on View: ShortcutAndWidgetContainer, destroying layer...
02-03 00:52:58.519   823   823 W NotificationService: Object died trying to hide notification android.app.ITransientNotification$Stub$Proxy@46dcaf9 in package com.dolby.qa.featuretest
02-03 00:52:58.519   823   823 W WindowManager: removeWindowToken: Attempted to remove non-existing token: android.os.Binder@cda100
02-03 00:52:58.519   823   823 W ActivityManager: setProcessForeground called on unknown pid: 18555
02-03 00:52:58.520   823   823 W NotificationService: Object died trying to show notification android.app.ITransientNotification$Stub$Proxy@c2d7a3e in package com.dolby.qa.featuretest
02-03 00:52:58.520   823   823 W ActivityManager: setProcessForeground called on unknown pid: 18555
02-03 00:52:58.520   823   823 W NotificationService: Object died trying to show notification android.app.ITransientNotification$Stub$Proxy@490209f in package com.dolby.qa.featuretest
02-03 00:52:58.520   823   823 W ActivityManager: setProcessForeground called on unknown pid: 18555
02-03 00:52:58.520   823   823 W NotificationService: Object died trying to show notification android.app.ITransientNotification$Stub$Proxy@54885ec in package com.dolby.qa.featuretest
02-03 00:52:58.543 18658 18658 D featureTest: receive broadcast , playing content location :/sdcard/featureTest/chopper_2.0_180_420_02.wav
02-03 00:52:58.553 18658 18658 D featureTest: mMediaPlayer.getAudioSessionId(): 7977
02-03 00:52:58.553 18658 18658 D featureTest: Playing file: /sdcard/featureTest/chopper_2.0_180_420_02.wav
02-03 00:52:58.555 18688 18688 W generic : type=1400 audit(0.0:3009): avc: denied { read } for path="/storage/emulated/0/featuretest/chopper_2.0_180_420_02.wav" dev="sdcardfs" ino=523303 scontext=u:r:mediaextractor:s0 tcontext=u:object_r:sdcardfs:s0 tclass=file permissive=0
02-03 00:52:58.555   597 16834 D NuPlayerDriver: NuPlayerDriver(0xf1bb2690) created, clientPid(18658)
02-03 00:52:58.556 18658 18658 W MediaPlayer: Use of stream types is deprecated for operations other than volume control
02-03 00:52:58.556 18658 18658 W MediaPlayer: See the documentation of setAudioStreamType() for what to use instead with android.media.AudioAttributes to qualify your playback use case
02-03 00:52:58.559   597 18688 D GenericSource: FileSource remote
02-03 00:52:58.559   597 18688 W GenericSource: extractor service cannot make data source
02-03 00:52:58.559   597 18688 D GenericSource: FileSource local
02-03 00:52:58.575   595   595 D MediaBufferGroup: creating MemoryDealer
02-03 00:52:58.576   597 18687 D NuPlayerDriver: notifyListener_l(0xf1bb2690), (1, 0, 0, -1), loop setting(0, 0)
02-03 00:52:58.584   597   739 D NuPlayerDriver: start(0xf1bb2690), state is 4, eos is 0
02-03 00:52:58.584   597 18687 I GenericSource: start
02-03 00:52:58.588 18658 18658 W DolbyAudioEffect: WARNING: attaching a DolbyAudioEffect to global output mix is deprecated!
02-03 00:52:58.591   602  5270 I OMXMaster: makeComponentInstance(OMX.google.raw.decoder) in android.hardwar process
02-03 00:52:58.594   602  1204 E OMXNodeInstance: setConfig(0xea307120:google.raw.decoder, ConfigPriority(0x6f800002)) ERROR: Undefined(0x80001001)
02-03 00:52:58.594   597 18695 I ACodec  : codec does not support config priority (err -2147483648)
02-03 00:52:58.594   602 10689 E OMXNodeInstance: getConfig(0xea307120:google.raw.decoder, ConfigAndroidVendorExtension(0x6f100004)) ERROR: Undefined(0x80001001)
02-03 00:52:58.595   597 18695 I MediaCodec: MediaCodec will operate in async mode
02-03 00:52:58.605   597 18693 D AudioTrack: Client defaulted notificationFrames to 7350 for frameCount 22050
02-03 00:52:58.605   589  7203 D DlbDlbEffect: handle_EFFECT_CMD_DISABLE()
02-03 00:52:58.605   589  7203 D DlbDapCrossfadeProcess: setEnabled transitioning from FADE_TO_ACTIVE state to FADE_TO_BYPASS
02-03 00:52:58.610   416   416 W /system/bin/hw/android.hidl.allocator@1.0-service: ashmem_create_region(7680) returning hidl_memory(0x77bb02c2e0, 7680)
02-03 00:52:58.610   589  7203 D DlbDlbEffect: handle_EFFECT_CMD_SET_CONFIG()
02-03 00:52:58.610   589  7203 D DlbDapEndpointParamCache: setDevice(device=0x00000002)
02-03 00:52:58.611   421   421 D DMSService: setActiveDevice called with device = 0x2
02-03 00:52:58.611   589  7203 D DlbDlbEffect: handle_EFFECT_CMD_ENABLE()
02-03 00:52:58.611   589  7203 D DlbDapCrossfadeProcess: setEnabled transitioning from FADE_TO_BYPASS state to FADE_TO_ACTIVE
02-03 00:52:58.612   597 18687 D NuPlayerDriver: notifyListener_l(0xf1bb2690), (6, 0, 0, -1), loop setting(0, 1)
02-03 00:52:58.617 18658 18658 D featureTest: receive broadcast , change ds status :1
02-03 00:52:58.618   589  4575 D DlbDapCrossfadeProcess: process transitioning from FADE_TO_ACTIVE state to DAP_ACTIVE
02-03 00:52:58.633   589  4568 D audio_hw_primary: enable_snd_device: snd_device(2: speaker)
02-03 00:52:58.635   589  4568 D audio_hw_primary: enable_audio_route: usecase(0) apply and update mixer path: deep-buffer-playback speaker
02-03 00:52:58.641   589   589 D DlbDlbEffect: handle_EFFECT_CMD_SET_PARAM()
02-03 00:52:58.702 18658 18658 D featureTest: receive broadcast , change ds profile id :5
02-03 00:52:58.715   589  7202 D DlbDlbEffect: handle_EFFECT_CMD_SET_PARAM()
02-03 00:52:58.739   589   772 D AudioFlinger: mixer(0xf0683c00) throttle end: throttle time(43)
02-03 00:52:58.785 18658 18658 D featureTest: receive broadcast , change virtual speaker  virtualizer :1
02-03 00:52:58.798   589  4822 D DlbDlbEffect: handle_EFFECT_CMD_SET_PARAM()
02-03 00:52:58.824   589  4575 D DlbDapEndpointParamCache: commitChangedParams()
02-03 00:52:58.824   589  4575 D DlbDapEndpointParamCache: commit() Applying parameters for device 0x40000000
02-03 00:52:58.824   589  4575 D DlbDap2Process: setParam(iea = #1[10])
02-03 00:52:58.824   589  4575 D DlbDap2Process: setParam(msce = #1[0])
02-03 00:52:58.824   589  4575 D DlbDap2Process: setParam(mdee = #1[0])
02-03 00:52:58.824   589  4575 D DlbDap2Process: setParam(miee = #1[0])
02-03 00:52:58.824   589  4575 D DlbDap2Process: setParam(mdle = #1[0])
02-03 00:52:58.824   589  4575 D DlbDap2Process: setParam(dvle = #1[1])
02-03 00:52:58.824   589  4575 D DlbDap2Process: setParam(mave = #1[0])
02-03 00:52:58.824   589  4575 D DlbDap2Process: setParam(vcbf = #20[47, 141, 234, 328, 469, 656, 844, 1031, 1313, 1688, 2250, 3000, 3750, 4688, 5813, 7125, 9000, 11250, 13875, 19688])
02-03 00:52:58.824   589  4575 D DlbDap2Process: setParam(vbon = #1[0])
02-03 00:52:58.824   589  4575 D DlbDap2Process: setParam(beon = #1[0])
02-03 00:52:58.824   589  4575 D DlbDap2Process: setParam(geon = #1[0])
02-03 00:52:58.824   589  4575 D DlbDap2Process: setParam(ieon = #1[0])
02-03 00:52:58.825   589  4575 D DlbDap2Process: setParam(gebs = #41[20, 47, 141, 234, 328, 469, 656, 844, 1031, 1313, 1688, 2250, 3000, 3750, 4688, 5813, 7125, 9000, 11250, 13875, 19688, 0, 0, 0, 0, 0, 0, 0, 0, 0, 0, 0, 0, 0, 0, 0, 0, 0, 0, 0, 0])
02-03 00:52:58.825   589  4575 D DlbDap2Process: setParam(iebs = #41[20, 65, 136, 223, 332, 467, 634, 841, 1098, 1416, 1812, 2302, 2909, 3663, 4598, 5756, 7194, 8976, 11186, 13927, 17326, 117, 133, 188, 176, 141, 149, 175, 185, 185, 200, 236, 242, 228, 213, 182, 132, 110, 68, -27, -240])
02-03 00:52:58.825   589  4575 D DlbDapEndpointParamCache: doCommit() Committed 15 parameters out of 16.
02-03 00:52:58.825   589  4575 D DlbDapEndpointParamCache: commit() Overriding parameters for current device 0x00000002
02-03 00:52:58.825   589  4575 D DlbDap2Process: setParam(dea = #1[7])
02-03 00:52:58.825   589  4575 D DlbDap2Process: setParam(dsa = #1[10])
02-03 00:52:58.825   589  4575 D DlbDap2Process: setParam(beb = #1[192])
02-03 00:52:58.825   589  4575 D DlbDap2Process: setParam(plb = #1[0])
02-03 00:52:58.825   589  4575 D DlbDap2Process: setParam(vmb = #1[144])
02-03 00:52:58.825   589  4575 D DlbDap2Process: setParam(dsb = #1[48])
02-03 00:52:58.825   589  4575 D DlbDap2Process: setParam(ded = #1[0])
02-03 00:52:58.825   589  4575 D DlbDap2Process: setParam(vbm = #1[3])
02-03 00:52:58.825   589  4575 D DlbDap2Process: DAP output mode set to 11 with 2 output channels and custom mix matrix.
02-03 00:52:58.825   589  4575 D DlbDap2Process: setParam(dom = #17[1, 16384, 0, 0, 16384, 11583, 11583, 8192, 8192, 16384, 0, 0, 16384, 16384, 0, 0, 16384])
02-03 00:52:58.825   589  4575 D DlbDap2Process: setParam(bew = #1[16])
02-03 00:52:58.825   589  4575 D DlbDap2Process: setParam(dvla = #1[5])
02-03 00:52:58.825   589  4575 D DlbDap2Process: setParam(arra = #1[96])
02-03 00:52:58.825   589  4575 D DlbDap2Process: setParam(dfsa = #1[10])
02-03 00:52:58.825   589  4575 D DlbDap2Process: setParam(dhsa = #1[10])
02-03 00:52:58.825   589  4575 D DlbDap2Process: setParam(dvmc = #1[0])
02-03 00:52:58.825   589  4575 D DlbDap2Process: setParam(arod = #1[0])
02-03 00:52:58.825   589  4575 D DlbDap2Process: setParam(arde = #1[1])
02-03 00:52:58.825   589  4575 D DlbDap2Process: setParam(dvle = #1[1])
02-03 00:52:58.825   589  4575 D DlbDap2Process: setParam(dvme = #1[0])
02-03 00:52:58.825   589  4575 D DlbDap2Process: setParam(becf = #1[200])
02-03 00:52:58.825   589  4575 D DlbDap2Process: setParam(vbmf = #2[94, 469])
02-03 00:52:58.825   589  4575 D DlbDap2Process: setParam(vbsf = #2[35, 160])
02-03 00:52:58.825   589  4575 D DlbDap2Process: setParam(vbhg = #3[-32, -144, -192])
02-03 00:52:58.825   589  4575 D DlbDap2Process: setParam(vbog = #1[0])
02-03 00:52:58.825   589  4575 D DlbDap2Process: setParam(vbsg = #1[0])
02-03 00:52:58.825   589  4575 D DlbDap2Process: setParam(dvli = #1[-320])
02-03 00:52:58.825   589  4575 D DlbDap2Process: setParam(dhfm = #1[2])
02-03 00:52:58.825   589  4575 D DlbDap2Process: setParam(vbon = #1[0])
02-03 00:52:58.825   589  4575 D DlbDap2Process: setParam(beon = #1[0])
02-03 00:52:58.825   589  4575 D DlbDap2Process: setParam(deon = #1[0])
02-03 00:52:58.825   589  4575 D DlbDap2Process: setParam(ngon = #1[1])
02-03 00:52:58.826   589  4575 D DlbDap2Process: setParam(aoon = #1[1])
02-03 00:52:58.826   589  4575 D DlbDap2Process: setParam(aron = #1[1])
02-03 00:52:58.826   589  4575 D DlbDap2Process: setParam(dvlo = #1[-320])
02-03 00:52:58.826   589  4575 D DlbDap2Process: setParam(artp = #1[12])
02-03 00:52:58.826   589  4575 D DlbDap2Process: setParam(aobs = #222[20, 10, 47, 141, 234, 328, 469, 656, 844, 1031, 1313, 1688, 2250, 3000, 3750, 4688, 5813, 7125, 9000, 11250, 13875, 19688, 0, 0, 0, 0, 0, 0, 0, 0, 0, 0, 0, 0, 0, 0, 0, 0, 0, 0, 0, 0, 0, 0, 0, 0, 0, 0, 0, 0, 0, 0, 0, 0, 0, 0, 0, 0, 0, 0, 0, 0, 0, 0, 0, 0, 0, 0, 0, 0, 0, 0, 0, 0, 0, 0, 0, 0, 0, 0, 0, 0, 0, 0, 0, 0, 0, 0, 0, 0, 0, 0, 0, 0, 0, 0, 0, 0, 0, 0, 0, 0, 0, 0, 0, 0, 0, 0, 0, 0, 0, 0, 0, 0, 0, 0, 0, 0, 0, 0, 0, 0, 0, 0, 0, 0, 0, 0, 0, 0, 0, 0, 0, 0, 0, 0, 0, 0, 0, 0, 0, 0, 0, 0, 0, 0, 0, 0, 0, 0, 0, 0, 0, 0, 0, 0, 0, 0, 0, 0, 0, 0, 0, 0, 0, 0, 0, 0, 0, 0, 0, 0, 0, 0, 0, 0, 0, 0, 0, 0, 0, 0, 0, 0, 0, 0, 0, 0, 0, 0, 0, 0, 0, 0, 0, 0, 0, 0, 0, 0, 0, 0, 0, 0, 0, 0, 0, 0, 0, 0, 0, 0, 0, 0, 0, 0, 0, 0, 0, 0, 0, 0])
02-03 00:52:58.826   589  4575 D DlbDap2Process: setParam(arbs = #81[20, 47, 141, 234, 328, 469, 656, 844, 1031, 1313, 1688, 2250, 3000, 3750, 4688, 5813, 7125, 9000, 11250, 13875, 19688, -192, -192, -192, -192, -192, -192, -192, -192, -192, -192, -192, -192, -192, -192, -192, -192, -192, -192, -192, -192, 0, 0, 0, 0, 0, 0, 0, 0, 0, 0, 0, 0, 0, 0, 0, 0, 0, 0, 0, 0, 0, 0, 0, 0, 0, 0, 0, 0, 0, 0, 0, 0, 0, 0, 0, 0, 0, 0, 0, 0])
02-03 00:52:58.826   589  4575 D DlbDapEndpointParamCache: doCommit() Committed 37 parameters out of 37.
02-03 00:52:58.827   589  4575 D DlbDap2Process: setMave(mave = 0)
02-03 00:52:58.865 18658 18658 D featureTest: receive broadcast , record log :0
02-03 00:52:58.930 18658 18658 D featureTest: receive broadcast , playing content location :/sdcard/featureTest/chopper_2.0_180_420_02.wav
02-03 00:52:58.933   597  1214 D NuPlayerDriver: stop(0xf1bb2690)
02-03 00:52:58.933   597  1214 D NuPlayerDriver: notifyListener_l(0xf1bb2690), (8, 0, 0, -1), loop setting(0, 1)
02-03 00:52:58.934   597  1205 D NuPlayerDriver: reset(0xf1bb2690) at state 8
02-03 00:52:58.941   589  4575 D DlbDap2Process: process() called [824500] times
02-03 00:52:58.942   597 18687 D NuPlayerDriver: notifyResetComplete(0xf1bb2690)
02-03 00:52:58.942   597  1205 D NuPlayerDriver: reset(0xf1bb2690) at state 0
02-03 00:52:58.943 18658 18658 V MediaPlayer: resetDrmState:  mDrmInfo=null mDrmProvisioningThread=null mPrepareDrmInProgress=false mActiveDrmScheme=false
02-03 00:52:58.943 18658 18658 V MediaPlayer: cleanDrmObj: mDrmObj=null mDrmSessionId=null
02-03 00:52:58.944 18658 18658 V MediaPlayer: resetDrmState:  mDrmInfo=null mDrmProvisioningThread=null mPrepareDrmInProgress=false mActiveDrmScheme=false
02-03 00:52:58.944 18658 18658 V MediaPlayer: cleanDrmObj: mDrmObj=null mDrmSessionId=null
02-03 00:52:58.949 18658 18658 D featureTest: mMediaPlayer.getAudioSessionId(): 7985
02-03 00:52:58.949 18658 18658 D featureTest: Playing file: /sdcard/featureTest/chopper_2.0_180_420_02.wav
02-03 00:52:58.950   597  1205 D NuPlayerDriver: NuPlayerDriver(0xf1bb2380) created, clientPid(18658)
02-03 00:52:58.951 18718 18718 W generic : type=1400 audit(0.0:3010): avc: denied { read } for path="/storage/emulated/0/featuretest/chopper_2.0_180_420_02.wav" dev="sdcardfs" ino=523303 scontext=u:r:mediaextractor:s0 tcontext=u:object_r:sdcardfs:s0 tclass=file permissive=0
02-03 00:52:58.952 18658 18658 W MediaPlayer: Use of stream types is deprecated for operations other than volume control
02-03 00:52:58.952 18658 18658 W MediaPlayer: See the documentation of setAudioStreamType() for what to use instead with android.media.AudioAttributes to qualify your playback use case
02-03 00:52:58.954   597 18718 D GenericSource: FileSource remote
02-03 00:52:58.955   597 18718 W GenericSource: extractor service cannot make data source
02-03 00:52:58.955   597 18718 D GenericSource: FileSource local
02-03 00:52:58.970   595  1171 D MediaBufferGroup: creating MemoryDealer
02-03 00:52:58.971   597 18717 D NuPlayerDriver: notifyListener_l(0xf1bb2380), (1, 0, 0, -1), loop setting(0, 0)
02-03 00:52:58.976   597 16835 D NuPlayerDriver: start(0xf1bb2380), state is 4, eos is 0
02-03 00:52:58.976   597 18717 I GenericSource: start
02-03 00:52:58.980 18658 18658 W DolbyAudioEffect: WARNING: attaching a DolbyAudioEffect to global output mix is deprecated!
02-03 00:52:58.983   602  1212 I OMXMaster: makeComponentInstance(OMX.google.raw.decoder) in android.hardwar process
02-03 00:52:58.987   602  4563 E OMXNodeInstance: setConfig(0xea6a3bc0:google.raw.decoder, ConfigPriority(0x6f800002)) ERROR: Undefined(0x80001001)
02-03 00:52:58.988   597 18723 I ACodec  : codec does not support config priority (err -2147483648)
02-03 00:52:58.988   602 10092 E OMXNodeInstance: getConfig(0xea6a3bc0:google.raw.decoder, ConfigAndroidVendorExtension(0x6f100004)) ERROR: Undefined(0x80001001)
02-03 00:52:58.989   597 18723 I MediaCodec: MediaCodec will operate in async mode
02-03 00:52:58.995 18658 18658 D featureTest: receive broadcast , change ds status :1
02-03 00:52:59.000   597 18721 D AudioTrack: Client defaulted notificationFrames to 7350 for frameCount 22050
02-03 00:52:59.001   597 18717 D NuPlayerDriver: notifyListener_l(0xf1bb2380), (6, 0, 0, -1), loop setting(0, 1)
02-03 00:52:59.008   589  4822 D DlbDlbEffect: handle_EFFECT_CMD_SET_PARAM()
02-03 00:52:59.069 18658 18658 D featureTest: receive broadcast , change ds profile id :5
02-03 00:52:59.082   589  4567 D DlbDlbEffect: handle_EFFECT_CMD_SET_PARAM()
02-03 00:52:59.142 18658 18658 D featureTest: receive broadcast , change virtual speaker  virtualizer :0
02-03 00:52:59.153   589  7203 D DlbDlbEffect: handle_EFFECT_CMD_SET_PARAM()
02-03 00:52:59.179 18658 18663 I zygote64: Do partial code cache collection, code=8KB, data=14KB
02-03 00:52:59.179 18658 18663 I zygote64: After code cache collection, code=8KB, data=14KB
02-03 00:52:59.179 18658 18663 I zygote64: Increasing code cache capacity to 128KB
02-03 00:52:59.180 18658 18663 I zygote64: Do partial code cache collection, code=8KB, data=33KB
02-03 00:52:59.180 18658 18663 I zygote64: After code cache collection, code=8KB, data=33KB
02-03 00:52:59.180 18658 18663 I zygote64: Increasing code cache capacity to 256KB
02-03 00:52:59.181 18658 18663 I zygote64: Compiler allocated 8MB to compile void android.widget.TextView.<init>(android.content.Context, android.util.AttributeSet, int, int)
02-03 00:52:59.182   589  4575 D DlbDapEndpointParamCache: commitChangedParams()
02-03 00:52:59.182   589  4575 D DlbDapEndpointParamCache: commit() Applying parameters for device 0x40000000
02-03 00:52:59.182   589  4575 D DlbDap2Process: setParam(iea = #1[10])
02-03 00:52:59.182   589  4575 D DlbDap2Process: setParam(msce = #1[0])
02-03 00:52:59.182   589  4575 D DlbDap2Process: setParam(mdee = #1[0])
02-03 00:52:59.182   589  4575 D DlbDap2Process: setParam(miee = #1[0])
02-03 00:52:59.182   589  4575 D DlbDap2Process: setParam(mdle = #1[0])
02-03 00:52:59.182   589  4575 D DlbDap2Process: setParam(dvle = #1[1])
02-03 00:52:59.182   589  4575 D DlbDap2Process: setParam(mave = #1[0])
02-03 00:52:59.182   589  4575 D DlbDap2Process: setParam(vcbf = #20[47, 141, 234, 328, 469, 656, 844, 1031, 1313, 1688, 2250, 3000, 3750, 4688, 5813, 7125, 9000, 11250, 13875, 19688])
02-03 00:52:59.182   589  4575 D DlbDap2Process: setParam(vbon = #1[0])
02-03 00:52:59.182   589  4575 D DlbDap2Process: setParam(beon = #1[0])
02-03 00:52:59.182   589  4575 D DlbDap2Process: setParam(geon = #1[0])
02-03 00:52:59.182   589  4575 D DlbDap2Process: setParam(ieon = #1[0])
02-03 00:52:59.182   589  4575 D DlbDap2Process: setParam(gebs = #41[20, 47, 141, 234, 328, 469, 656, 844, 1031, 1313, 1688, 2250, 3000, 3750, 4688, 5813, 7125, 9000, 11250, 13875, 19688, 0, 0, 0, 0, 0, 0, 0, 0, 0, 0, 0, 0, 0, 0, 0, 0, 0, 0, 0, 0])
02-03 00:52:59.183   589  4575 D DlbDap2Process: setParam(iebs = #41[20, 65, 136, 223, 332, 467, 634, 841, 1098, 1416, 1812, 2302, 2909, 3663, 4598, 5756, 7194, 8976, 11186, 13927, 17326, 117, 133, 188, 176, 141, 149, 175, 185, 185, 200, 236, 242, 228, 213, 182, 132, 110, 68, -27, -240])
02-03 00:52:59.183   589  4575 D DlbDapEndpointParamCache: doCommit() Committed 15 parameters out of 16.
02-03 00:52:59.183   589  4575 D DlbDapEndpointParamCache: commit() Overriding parameters for current device 0x00000002
02-03 00:52:59.183   589  4575 D DlbDap2Process: setParam(dea = #1[7])
02-03 00:52:59.183   589  4575 D DlbDap2Process: setParam(dsa = #1[10])
02-03 00:52:59.183   589  4575 D DlbDap2Process: setParam(beb = #1[192])
02-03 00:52:59.183   589  4575 D DlbDap2Process: setParam(plb = #1[0])
02-03 00:52:59.183   589  4575 D DlbDap2Process: setParam(vmb = #1[144])
02-03 00:52:59.183   589  4575 D DlbDap2Process: setParam(dsb = #1[48])
02-03 00:52:59.183   589  4575 D DlbDap2Process: setParam(ded = #1[0])
02-03 00:52:59.183   589  4575 D DlbDap2Process: setParam(vbm = #1[3])
02-03 00:52:59.183   589  4575 D DlbDap2Process: DAP output mode set to 1 with 2 output channels and null mix matrix.
02-03 00:52:59.183   589  4575 D DlbDap2Process: setParam(dom = #1[0])
02-03 00:52:59.183   589  4575 D DlbDap2Process: setParam(bew = #1[16])
02-03 00:52:59.183   589  4575 D DlbDap2Process: setParam(dvla = #1[5])
02-03 00:52:59.183   589  4575 D DlbDap2Process: setParam(arra = #1[96])
02-03 00:52:59.183   589  4575 D DlbDap2Process: setParam(dfsa = #1[10])
02-03 00:52:59.183   589  4575 D DlbDap2Process: setParam(dhsa = #1[10])
02-03 00:52:59.183   589  4575 D DlbDap2Process: setParam(dvmc = #1[0])
02-03 00:52:59.183   589  4575 D DlbDap2Process: setParam(arod = #1[0])
02-03 00:52:59.183   589  4575 D DlbDap2Process: setParam(arde = #1[1])
02-03 00:52:59.183   589  4575 D DlbDap2Process: setParam(dvle = #1[1])
02-03 00:52:59.183   589  4575 D DlbDap2Process: setParam(dvme = #1[0])
02-03 00:52:59.183   589  4575 D DlbDap2Process: setParam(becf = #1[200])
02-03 00:52:59.183   589  4575 D DlbDap2Process: setParam(vbmf = #2[94, 469])
02-03 00:52:59.183   589  4575 D DlbDap2Process: setParam(vbsf = #2[35, 160])
02-03 00:52:59.183   589  4575 D DlbDap2Process: setParam(vbhg = #3[-32, -144, -192])
02-03 00:52:59.183   589  4575 D DlbDap2Process: setParam(vbog = #1[0])
02-03 00:52:59.183   589  4575 D DlbDap2Process: setParam(vbsg = #1[0])
02-03 00:52:59.183   589  4575 D DlbDap2Process: setParam(dvli = #1[-320])
02-03 00:52:59.183   589  4575 D DlbDap2Process: setParam(dhfm = #1[2])
02-03 00:52:59.183   589  4575 D DlbDap2Process: setParam(vbon = #1[0])
02-03 00:52:59.183   589  4575 D DlbDap2Process: setParam(beon = #1[0])
02-03 00:52:59.183   589  4575 D DlbDap2Process: setParam(deon = #1[0])
02-03 00:52:59.183   589  4575 D DlbDap2Process: setParam(ngon = #1[1])
02-03 00:52:59.183   589  4575 D DlbDap2Process: setParam(aoon = #1[1])
02-03 00:52:59.183   589  4575 D DlbDap2Process: setParam(aron = #1[1])
02-03 00:52:59.183   589  4575 D DlbDap2Process: setParam(dvlo = #1[-320])
02-03 00:52:59.184   589  4575 D DlbDap2Process: setParam(artp = #1[12])
02-03 00:52:59.184   589  4575 D DlbDap2Process: setParam(aobs = #222[20, 10, 47, 141, 234, 328, 469, 656, 844, 1031, 1313, 1688, 2250, 3000, 3750, 4688, 5813, 7125, 9000, 11250, 13875, 19688, 0, 0, 0, 0, 0, 0, 0, 0, 0, 0, 0, 0, 0, 0, 0, 0, 0, 0, 0, 0, 0, 0, 0, 0, 0, 0, 0, 0, 0, 0, 0, 0, 0, 0, 0, 0, 0, 0, 0, 0, 0, 0, 0, 0, 0, 0, 0, 0, 0, 0, 0, 0, 0, 0, 0, 0, 0, 0, 0, 0, 0, 0, 0, 0, 0, 0, 0, 0, 0, 0, 0, 0, 0, 0, 0, 0, 0, 0, 0, 0, 0, 0, 0, 0, 0, 0, 0, 0, 0, 0, 0, 0, 0, 0, 0, 0, 0, 0, 0, 0, 0, 0, 0, 0, 0, 0, 0, 0, 0, 0, 0, 0, 0, 0, 0, 0, 0, 0, 0, 0, 0, 0, 0, 0, 0, 0, 0, 0, 0, 0, 0, 0, 0, 0, 0, 0, 0, 0, 0, 0, 0, 0, 0, 0, 0, 0, 0, 0, 0, 0, 0, 0, 0, 0, 0, 0, 0, 0, 0, 0, 0, 0, 0, 0, 0, 0, 0, 0, 0, 0, 0, 0, 0, 0, 0, 0, 0, 0, 0, 0, 0, 0, 0, 0, 0, 0, 0, 0, 0, 0, 0, 0, 0, 0, 0, 0, 0, 0, 0, 0])
02-03 00:52:59.185   589  4575 D DlbDap2Process: setParam(arbs = #81[20, 47, 141, 234, 328, 469, 656, 844, 1031, 1313, 1688, 2250, 3000, 3750, 4688, 5813, 7125, 9000, 11250, 13875, 19688, -192, -192, -192, -192, -192, -192, -192, -192, -192, -192, -192, -192, -192, -192, -192, -192, -192, -192, -192, -192, 0, 0, 0, 0, 0, 0, 0, 0, 0, 0, 0, 0, 0, 0, 0, 0, 0, 0, 0, 0, 0, 0, 0, 0, 0, 0, 0, 0, 0, 0, 0, 0, 0, 0, 0, 0, 0, 0, 0, 0])
02-03 00:52:59.185   589  4575 D DlbDapEndpointParamCache: doCommit() Committed 37 parameters out of 37.
02-03 00:52:59.185   589  4575 D DlbDap2Process: setMave(mave = 0)
02-03 00:52:59.208 18658 18658 D featureTest: receive broadcast , record log :0
02-03 00:53:00.652   823   823 W WindowManager: removeWindowToken: Attempted to remove non-existing token: android.os.Binder@5fc9316
02-03 00:53:00.700   427   427 D SurfaceFlinger: duplicate layer name: changing Toast to Toast#1
02-03 00:53:01.621   589  4575 D DlbDap2Process: process() called [825000] times
02-03 00:53:02.677   823   823 W WindowManager: removeWindowToken: Attempted to remove non-existing token: android.os.Binder@3aea6f0
02-03 00:53:03.543 17374 17374 I ServiceManager: Waiting for service AtCmdFwd...
02-03 00:53:04.263   589  4575 D DlbDap2Process: process() called [825500] times
