--------- beginning of system
02-03 00:56:01.784   823  1569 I ActivityManager: Force stopping com.dolby.qa.featuretest appid=10075 user=0: from pid 20527
02-03 00:56:01.784   823  1569 I ActivityManager: Killing 20432:com.dolby.qa.featuretest/u0a75 (adj 0): stop com.dolby.qa.featuretest
02-03 00:56:01.785   823  1569 W ActivityManager: Force removing ActivityRecord{744a17e u0 com.dolby.qa.featuretest/.MainActivity t679}: app died, no saved state
02-03 00:56:01.791   823  1569 I WindowManager: Failed to capture screenshot of Token{6e156df ActivityRecord{744a17e u0 com.dolby.qa.featuretest/.MainActivity t679 f}} appWin=Window{a0809f4 u0 com.dolby.qa.featuretest/com.dolby.qa.featuretest.MainActivity} drawState=4
--------- beginning of main
02-03 00:56:01.809   597  1214 D NuPlayerDriver: reset(0xf1bb21c0) at state 5
02-03 00:56:01.810   823 11683 I WindowManager: WIN DEATH: Window{fe786d u0 Toast}
02-03 00:56:01.811   597  1214 D NuPlayerDriver: notifyListener_l(0xf1bb21c0), (8, 0, 0, -1), loop setting(0, 1)
02-03 00:56:01.812   589   589 D AudioFlinger: trackStateChanged() Track id 1097 state changed to 6
02-03 00:56:01.817   602 10092 I DDP_JOCDecoder: -> ~DDPDecoder
02-03 00:56:01.817   602 10092 I DDP_JOCDecoder: -> stop
02-03 00:56:01.818   602 10092 I DDP_JOCDecoder: <- stop
02-03 00:56:01.818   602 10092 I ARenderer: ~ARenderer
02-03 00:56:01.818   602 10092 I evo_parser: evo_parser_close
02-03 00:56:01.818   602 10092 I DlbDap2QmfProcess: ~Dap2Process()
02-03 00:56:01.818   602 10092 I DlbDap2QmfProcess: close()
02-03 00:56:01.818   602 10092 I DDP_JOCDecoder: <- ~DDPDecoder
02-03 00:56:01.825  1263  1263 D CarrierSvcBindHelper: No carrier app for: 0
02-03 00:56:01.833  2566  2566 D RegisteredNfcFServicesCache: Service unchanged, not updating
02-03 00:56:01.836   597 20490 D NuPlayerDriver: notifyResetComplete(0xf1bb21c0)
02-03 00:56:01.836   597  1214 D AudioTrack: stop() called with 0 frames delivered
02-03 00:56:01.893   823   834 I ActivityManager: START u0 {flg=0x10000000 cmp=com.dolby.qa.featuretest/.MainActivity} from uid 2000
02-03 00:56:01.917   823 11238 I ActivityManager: Start proc 20533:com.dolby.qa.featuretest/u0a75 for activity com.dolby.qa.featuretest/.MainActivity
02-03 00:56:01.918 20533 20533 I zygote64: Late-enabling -Xcheck:jni
02-03 00:56:01.919   589   772 D AudioFlinger: trackStateChanged() Track id 1097 state changed to 2
02-03 00:56:01.919   589   772 I AudioFlinger: updateProcessedAudioState() Changing content processing in effect to 0
02-03 00:56:01.919   589   772 D DlbDlbEffect: handle_EFFECT_CMD_SET_PARAM()
02-03 00:56:01.921   589   772 I DlbEffectContext: setContentProcEnabled() Enabling content processing in global effect
02-03 00:56:01.922   589   772 D DlbDapEndpointParamCache: commitChangedParams()
02-03 00:56:01.922   589   772 D DlbDapEndpointParamCache: commit() Applying parameters for device 0x40000000
02-03 00:56:01.922   589   772 D DlbDap2Process: setParam(iea = #1[10])
02-03 00:56:01.922   589   772 D DlbDap2Process: setParam(msce = #1[0])
02-03 00:56:01.922   589   772 D DlbDap2Process: setParam(mdee = #1[0])
02-03 00:56:01.922   589   772 D DlbDap2Process: setParam(miee = #1[0])
02-03 00:56:01.922   589   772 D DlbDap2Process: setParam(mdle = #1[0])
02-03 00:56:01.922   589   772 D DlbDap2Process: setParam(dvle = #1[1])
02-03 00:56:01.922   589   772 D DlbDap2Process: setParam(mave = #1[0])
02-03 00:56:01.922   589   772 D DlbDap2Process: setParam(vcbf = #20[47, 141, 234, 328, 469, 656, 844, 1031, 1313, 1688, 2250, 3000, 3750, 4688, 5813, 7125, 9000, 11250, 13875, 19688])
02-03 00:56:01.922   589   772 D DlbDap2Process: setParam(vbon = #1[0])
02-03 00:56:01.922   589   772 D DlbDap2Process: setParam(beon = #1[0])
02-03 00:56:01.922   589   772 D DlbDap2Process: setParam(geon = #1[0])
02-03 00:56:01.922   589   772 D DlbDap2Process: setParam(ieon = #1[0])
02-03 00:56:01.922   589   772 D DlbDap2Process: setParam(gebs = #41[20, 47, 141, 234, 328, 469, 656, 844, 1031, 1313, 1688, 2250, 3000, 3750, 4688, 5813, 7125, 9000, 11250, 13875, 19688, 0, 0, 0, 0, 0, 0, 0, 0, 0, 0, 0, 0, 0, 0, 0, 0, 0, 0, 0, 0])
02-03 00:56:01.922   589   772 D DlbDap2Process: setParam(iebs = #41[20, 65, 136, 223, 332, 467, 634, 841, 1098, 1416, 1812, 2302, 2909, 3663, 4598, 5756, 7194, 8976, 11186, 13927, 17326, 117, 133, 188, 176, 141, 149, 175, 185, 185, 200, 236, 242, 228, 213, 182, 132, 110, 68, -27, -240])
02-03 00:56:01.922   589   772 D DlbDapEndpointParamCache: doCommit() Committed 15 parameters out of 16.
02-03 00:56:01.922   589   772 D DlbDapEndpointParamCache: commit() Overriding parameters for current device 0x00000002
02-03 00:56:01.922   589   772 D DlbDap2Process: setParam(dea = #1[7])
02-03 00:56:01.922   589   772 D DlbDap2Process: setParam(dsa = #1[10])
02-03 00:56:01.923   589   772 D DlbDap2Process: setParam(beb = #1[192])
02-03 00:56:01.923   589   772 D DlbDap2Process: setParam(plb = #1[0])
02-03 00:56:01.923   589   772 D DlbDap2Process: setParam(vmb = #1[144])
02-03 00:56:01.923   589   772 D DlbDap2Process: setParam(dsb = #1[48])
02-03 00:56:01.923   589   772 D DlbDap2Process: setParam(ded = #1[0])
02-03 00:56:01.923   589   772 D DlbDap2Process: setParam(vbm = #1[3])
02-03 00:56:01.923   589   772 D DlbDap2Process: setParam(dom = #1[0])
02-03 00:56:01.923   589   772 D DlbDap2Process: setParam(bew = #1[16])
02-03 00:56:01.923   589   772 D DlbDap2Process: setParam(dvla = #1[5])
02-03 00:56:01.923   589   772 D DlbDap2Process: setParam(arra = #1[96])
02-03 00:56:01.923   589   772 D DlbDap2Process: setParam(dfsa = #1[10])
02-03 00:56:01.923   589   772 D DlbDap2Process: setParam(dhsa = #1[10])
02-03 00:56:01.923   589   772 D DlbDap2Process: setParam(dvmc = #1[0])
02-03 00:56:01.923   589   772 D DlbDap2Process: setParam(arod = #1[0])
02-03 00:56:01.923   589   772 D DlbDap2Process: setParam(arde = #1[1])
02-03 00:56:01.923   589   772 D DlbDap2Process: setParam(dvle = #1[1])
02-03 00:56:01.923   589   772 D DlbDap2Process: setParam(dvme = #1[0])
02-03 00:56:01.923   589   772 D DlbDap2Process: setParam(becf = #1[200])
02-03 00:56:01.923   589   772 D DlbDap2Process: setParam(vbmf = #2[94, 469])
02-03 00:56:01.923   589   772 D DlbDap2Process: setParam(vbsf = #2[35, 160])
02-03 00:56:01.923   589   772 D DlbDap2Process: setParam(vbhg = #3[-32, -144, -192])
02-03 00:56:01.923   589   772 D DlbDap2Process: setParam(vbog = #1[0])
02-03 00:56:01.923   589   772 D DlbDap2Process: setParam(vbsg = #1[0])
02-03 00:56:01.923   589   772 D DlbDap2Process: setParam(dvli = #1[-320])
02-03 00:56:01.923   589   772 D DlbDap2Process: setParam(dhfm = #1[2])
02-03 00:56:01.923   589   772 D DlbDap2Process: setParam(vbon = #1[0])
02-03 00:56:01.923   589   772 D DlbDap2Process: setParam(beon = #1[0])
02-03 00:56:01.923   589   772 D DlbDap2Process: setParam(deon = #1[0])
02-03 00:56:01.923   589   772 D DlbDap2Process: setParam(ngon = #1[1])
02-03 00:56:01.923   589   772 D DlbDap2Process: setParam(aoon = #1[1])
02-03 00:56:01.923   589   772 D DlbDap2Process: setParam(aron = #1[1])
02-03 00:56:01.923   589   772 D DlbDap2Process: setParam(dvlo = #1[-320])
02-03 00:56:01.923   589   772 D DlbDap2Process: setParam(artp = #1[12])
02-03 00:56:01.924   589   772 D DlbDap2Process: setParam(aobs = #222[20, 10, 47, 141, 234, 328, 469, 656, 844, 1031, 1313, 1688, 2250, 3000, 3750, 4688, 5813, 7125, 9000, 11250, 13875, 19688, 0, 0, 0, 0, 0, 0, 0, 0, 0, 0, 0, 0, 0, 0, 0, 0, 0, 0, 0, 0, 0, 0, 0, 0, 0, 0, 0, 0, 0, 0, 0, 0, 0, 0, 0, 0, 0, 0, 0, 0, 0, 0, 0, 0, 0, 0, 0, 0, 0, 0, 0, 0, 0, 0, 0, 0, 0, 0, 0, 0, 0, 0, 0, 0, 0, 0, 0, 0, 0, 0, 0, 0, 0, 0, 0, 0, 0, 0, 0, 0, 0, 0, 0, 0, 0, 0, 0, 0, 0, 0, 0, 0, 0, 0, 0, 0, 0, 0, 0, 0, 0, 0, 0, 0, 0, 0, 0, 0, 0, 0, 0, 0, 0, 0, 0, 0, 0, 0, 0, 0, 0, 0, 0, 0, 0, 0, 0, 0, 0, 0, 0, 0, 0, 0, 0, 0, 0, 0, 0, 0, 0, 0, 0, 0, 0, 0, 0, 0, 0, 0, 0, 0, 0, 0, 0, 0, 0, 0, 0, 0, 0, 0, 0, 0, 0, 0, 0, 0, 0, 0, 0, 0, 0, 0, 0, 0, 0, 0, 0, 0, 0, 0, 0, 0, 0, 0, 0, 0, 0, 0, 0, 0, 0, 0, 0, 0, 0, 0, 0, 0])
02-03 00:56:01.924   589   772 D DlbDap2Process: setParam(arbs = #81[20, 47, 141, 234, 328, 469, 656, 844, 1031, 1313, 1688, 2250, 3000, 3750, 4688, 5813, 7125, 9000, 11250, 13875, 19688, -192, -192, -192, -192, -192, -192, -192, -192, -192, -192, -192, -192, -192, -192, -192, -192, -192, -192, -192, -192, 0, 0, 0, 0, 0, 0, 0, 0, 0, 0, 0, 0, 0, 0, 0, 0, 0, 0, 0, 0, 0, 0, 0, 0, 0, 0, 0, 0, 0, 0, 0, 0, 0, 0, 0, 0, 0, 0, 0, 0])
02-03 00:56:01.924   589   772 D DlbDapEndpointParamCache: doCommit() Committed 37 parameters out of 37.
02-03 00:56:01.945   589   772 D AudioFlinger: trackDestroyed() Track id 1097 no longer contains processed audio
02-03 00:56:01.945   589   728 D DlbDlbEffect: handle_EFFECT_CMD_DISABLE()
02-03 00:56:01.945   589   728 D DlbDapCrossfadeProcess: setEnabled transitioning from DAP_ACTIVE state to FADE_TO_BYPASS
02-03 00:56:01.947   416   416 W /system/bin/hw/android.hidl.allocator@1.0-service: ashmem_create_region(3840) returning hidl_memory(0x77bb02c2e0, 3840)
02-03 00:56:01.948   589   728 D DlbDlbEffect: handle_EFFECT_CMD_SET_CONFIG()
02-03 00:56:01.949   589   728 D DlbDapEndpointParamCache: setDevice(device=0x00000002)
02-03 00:56:01.949   421   421 D DMSService: setActiveDevice called with device = 0x2
02-03 00:56:01.949   589   728 D DlbDlbEffect: handle_EFFECT_CMD_ENABLE()
02-03 00:56:01.949   589   728 D DlbDapCrossfadeProcess: setEnabled transitioning from FADE_TO_BYPASS state to FADE_TO_ACTIVE
02-03 00:56:02.111 20533 20533 D featureTest: onCreate
02-03 00:56:02.283   589   772 D audio_hw_primary: disable_audio_route: usecase(0) reset and update mixer path: deep-buffer-playback speaker
02-03 00:56:02.295   589   772 D audio_hw_primary: disable_snd_device: snd_device(2: speaker)
02-03 00:56:02.307 20533 20533 D AudioTrack: Client defaulted notificationFrames to 962 for frameCount 1924
02-03 00:56:02.327 20533 20533 W AudioTrack: Use of stream types is deprecated for operations other than volume control
02-03 00:56:02.328 20533 20533 W AudioTrack: See the documentation of AudioTrack() for what to use instead with android.media.AudioAttributes to qualify your playback use case
02-03 00:56:02.342 20533 20533 W DolbyAudioEffect: WARNING: attaching a DolbyAudioEffect to global output mix is deprecated!
02-03 00:56:02.342   823   848 W ActivityManager: setHasOverlayUi called on unknown pid: 20432
02-03 00:56:02.355 20533 20533 D featureTest: onResume
02-03 00:56:02.373 20533 20554 D OpenGLRenderer: HWUI GL Pipeline
02-03 00:56:02.425 20533 20554 I Adreno  : QUALCOMM build                   : 7142022, Ib5823dd10c
02-03 00:56:02.425 20533 20554 I Adreno  : Build Date                       : 06/23/17
02-03 00:56:02.425 20533 20554 I Adreno  : OpenGL ES Shader Compiler Version: EV031.18.00.00
02-03 00:56:02.425 20533 20554 I Adreno  : Local Branch                     : O11A
02-03 00:56:02.425 20533 20554 I Adreno  : Remote Branch                    : 
02-03 00:56:02.425 20533 20554 I Adreno  : Remote Branch                    : 
02-03 00:56:02.425 20533 20554 I Adreno  : Reconstruct Branch               : 
02-03 00:56:02.425 20533 20554 I vndksupport: sphal namespace is not configured for this process. Loading /vendor/lib64/hw/gralloc.msm8994.so from the current namespace instead.
02-03 00:56:02.431 20533 20554 I Adreno  : PFP: 0x00000000, ME: 0x00000000
02-03 00:56:02.435 20533 20554 I OpenGLRenderer: Initialized EGL, version 1.4
02-03 00:56:02.435 20533 20554 D OpenGLRenderer: Swap behavior 2
02-03 00:56:02.461   366   366 W /system/bin/hwservicemanager: getTransportFromManifest: Cannot find entry android.hardware.graphics.mapper@2.0::IMapper in either framework or device manifest, using default transport.
02-03 00:56:02.464 20533 20554 I vndksupport: sphal namespace is not configured for this process. Loading /vendor/lib64/hw/gralloc.msm8994.so from the current namespace instead.
02-03 00:56:02.484   823   848 I ActivityManager: Displayed com.dolby.qa.featuretest/.MainActivity: +575ms
02-03 00:56:02.717  2717  3063 W OpenGLRenderer: Incorrectly called buildLayer on View: ShortcutAndWidgetContainer, destroying layer...
02-03 00:56:02.969 20533 20533 D featureTest: receive broadcast , playing content location :/sdcard/featureTest/7ch_ddp_25fps_diff_music_01.mp4
02-03 00:56:02.980 20533 20533 D featureTest: mMediaPlayer.getAudioSessionId(): 8409
02-03 00:56:02.980 20533 20533 D featureTest: Playing file: /sdcard/featureTest/7ch_ddp_25fps_diff_music_01.mp4
02-03 00:56:02.980   823   823 W NotificationService: Object died trying to hide notification android.app.ITransientNotification$Stub$Proxy@ee0ec80 in package com.dolby.qa.featuretest
02-03 00:56:02.981 20565 20565 W generic : type=1400 audit(0.0:3048): avc: denied { read } for path="/storage/emulated/0/featuretest/7ch_ddp_25fps_diff_music_01.mp4" dev="sdcardfs" ino=523299 scontext=u:r:mediaextractor:s0 tcontext=u:object_r:sdcardfs:s0 tclass=file permissive=0
02-03 00:56:02.981   823   823 W WindowManager: removeWindowToken: Attempted to remove non-existing token: android.os.Binder@35715fd
02-03 00:56:02.981   823   823 W ActivityManager: setProcessForeground called on unknown pid: 20432
02-03 00:56:02.981   823   823 W NotificationService: Object died trying to show notification android.app.ITransientNotification$Stub$Proxy@8d3e2b9 in package com.dolby.qa.featuretest
02-03 00:56:02.981   823   823 W ActivityManager: setProcessForeground called on unknown pid: 20432
02-03 00:56:02.981   823   823 W NotificationService: Object died trying to show notification android.app.ITransientNotification$Stub$Proxy@56216fe in package com.dolby.qa.featuretest
02-03 00:56:02.981   823   823 W ActivityManager: setProcessForeground called on unknown pid: 20432
02-03 00:56:02.981   597 16834 D NuPlayerDriver: NuPlayerDriver(0xf1bb2a10) created, clientPid(20533)
02-03 00:56:02.982   823   823 W NotificationService: Object died trying to show notification android.app.ITransientNotification$Stub$Proxy@4395e5f in package com.dolby.qa.featuretest
02-03 00:56:02.983 20533 20533 W MediaPlayer: Use of stream types is deprecated for operations other than volume control
02-03 00:56:02.983 20533 20533 W MediaPlayer: See the documentation of setAudioStreamType() for what to use instead with android.media.AudioAttributes to qualify your playback use case
02-03 00:56:02.985   597 20565 D GenericSource: FileSource remote
02-03 00:56:02.985   597 20565 W GenericSource: extractor service cannot make data source
02-03 00:56:02.985   597 20565 D GenericSource: FileSource local
02-03 00:56:03.001   597 20564 D NuPlayerDriver: notifyListener_l(0xf1bb2a10), (1, 0, 0, -1), loop setting(0, 0)
02-03 00:56:03.009   597 16835 D NuPlayerDriver: start(0xf1bb2a10), state is 4, eos is 0
02-03 00:56:03.009   597 20564 I GenericSource: start
02-03 00:56:03.012 20533 20533 W DolbyAudioEffect: WARNING: attaching a DolbyAudioEffect to global output mix is deprecated!
02-03 00:56:03.020   602  5767 I OMXMaster: makeComponentInstance(OMX.dolby.eac3.decoder) in android.hardwar process
02-03 00:56:03.031 20533 20533 D featureTest: receive broadcast , change ds status :1
02-03 00:56:03.059   589  4822 D DlbDlbEffect: handle_EFFECT_CMD_SET_PARAM()
02-03 00:56:03.076   602  5767 I DDP_JOCDecoder: -> init name OMX.dolby.eac3.decoder
02-03 00:56:03.079   602  5767 I DDP_JOCDecoder: <- init
02-03 00:56:03.079   602  5767 D DDP_JOCDecoder: initPorts
02-03 00:56:03.081   602  5768 E OMXNodeInstance: setConfig(0xea6a31a0:dolby.eac3.decoder, ConfigPriority(0x6f800002)) ERROR: Undefined(0x80001001)
02-03 00:56:03.081   597 20570 I ACodec  : codec does not support config priority (err -2147483648)
02-03 00:56:03.082   602  5767 E OMXNodeInstance: getConfig(0xea6a31a0:dolby.eac3.decoder, ConfigAndroidVendorExtension(0x6f100004)) ERROR: Undefined(0x80001001)
02-03 00:56:03.083   597 20570 I MediaCodec: MediaCodec will operate in async mode
02-03 00:56:03.083   597 20570 I ACodec  : setDolbyParameterOnProcessedAudio() Received dolby_processed_audio=1
02-03 00:56:03.083   597 20569 I NuPlayerDecoder: setDolbyMessage() Notifying player that Codec supports dolby_processed_audio flag
02-03 00:56:03.083   597 20564 I NuPlayer: onDolbyMessageReceived() Setting dolby_processed_audio flag on audio sink
02-03 00:56:03.083   597 20564 I MediaPlayerService: setDolbyParameters() Marking audio output as having dolby_processed_audio
02-03 00:56:03.085   602 10689 D DDP_JOCDecoder: internalSetParameter() Instantiating ARenderer for content processing in decoder
02-03 00:56:03.085   602 10689 I DlbDap2QmfProcess: Dap2Process()
02-03 00:56:03.085   602 10689 I ARenderer: ARenderer
02-03 00:56:03.085   602 10689 I evo_parser: evo_parser_init
02-03 00:56:03.085   602 10689 I DlbDap2QmfProcess: init()
02-03 00:56:03.085   602 10689 I DlbDap2QmfProcess: open()
02-03 00:56:03.085   602 10689 I DlbDap2QmfProcess: loadLicense() no license check!
02-03 00:56:03.085   602 10689 I DlbDap2QmfProcess: validateLicense() no license check!
02-03 00:56:03.085   602 10689 I DlbDap2QmfProcess: init() DAP opened
02-03 00:56:03.085   602 10689 I DlbDap2QmfProcess: DAP library version: 2.5.1-P2.0
02-03 00:56:03.085   602 10689 D DlbDap2QmfProcess: DAP output mode set to 1 with 2 output channels and null mix matrix.
02-03 00:56:03.086   597 20570 I ACodec  : setDolbyParameterOnProcessedAudio() Content processing enabled in decoder
02-03 00:56:03.090   602 20574 I DDP_JOCDecoder: -> start
02-03 00:56:03.091   602 20574 I EndpConfig: DAP state has changed from -1 to 1
02-03 00:56:03.091   602 20574 D DDP_JOCDecoder: Setting Max Output Channels to 2
02-03 00:56:03.091   602 20574 D DDP_JOCDecoder: setMultiChannelPCMOutDownmix mConfig->jocForceDownmixMode 0
02-03 00:56:03.091   602 20574 I udc_user: 
02-03 00:56:03.091   602 20574 I udc_user: *** DDPlus Unified Decoder Simulation  Version 1.7.3 ***
02-03 00:56:03.091   602 20574 I udc_user: 
02-03 00:56:03.091   602 20574 I udc_user: 7.1-channel decoder-converter, 
02-03 00:56:03.091   602 20574 I udc_user: 
02-03 00:56:03.091   602 20574 I udc_user: 5.1-channel dual-decoder-converter, 
02-03 00:56:03.091   602 20574 I udc_user: Karaoke unsupported, 
02-03 00:56:03.091   602 20574 I udc_user: TPNP supported. 
02-03 00:56:03.091   602 20574 I udc_user: 
02-03 00:56:03.091   602 20574 I udc_user: Unpublished work.  Copyright 2003-2014 Dolby Laboratories, Inc. and
02-03 00:56:03.091   602 20574 I udc_user: Dolby Laboratories Licensing Corporation.  All Rights Reserved.
02-03 00:56:03.091   602 20574 I udc_user: 
02-03 00:56:03.091   602 20574 I udc_user: USE OF THIS SOFTWARE IS SUBJECT TO A LEGAL AGREEMENT BETWEEN YOU AND DOLBY
02-03 00:56:03.091   602 20574 I udc_user: LABORATORIES. DO NOT USE THIS SOFTWARE UNLESS YOU AGREE TO THE TERMS AND 
02-03 00:56:03.091   602 20574 I udc_user: CONDITIONS IN THE AGREEMENT.  BY USING THIS SOFTWARE, YOU ACKNOWLEDGE THAT 
02-03 00:56:03.091   602 20574 I udc_user: YOU HAVE READ THE AGREEMENT AND THAT YOU AGREE TO BE BOUND BY ITS TERMS. 
02-03 00:56:03.091   602 20574 I udc_user: 
02-03 00:56:03.092   602 20574 I ddpdec_client_joc: ddpdec_open JOCD_MODE Buffer assignment
02-03 00:56:03.092   602 20574 D DDP_JOCDecoder: mStarted = 1
02-03 00:56:03.092   602 20574 I DDP_JOCDecoder: <- start
02-03 00:56:03.092   602 20574 D ddpdec_client_joc: ddpdec_client.c|int configDecoder()
02-03 00:56:03.094   602 20574 D DDP_JOCDecoder: Setting Max Output Channels to 2
02-03 00:56:03.095   602 20574 I DlbDap2QmfProcess: close()
02-03 00:56:03.095   602 20574 I DlbDap2QmfProcess: init()
02-03 00:56:03.095   602 20574 I DlbDap2QmfProcess: open()
02-03 00:56:03.095   602 20574 I DlbDap2QmfProcess: loadLicense() no license check!
02-03 00:56:03.095   602 20574 I DlbDap2QmfProcess: validateLicense() no license check!
02-03 00:56:03.095   602 20574 I DlbDap2QmfProcess: init() DAP opened
02-03 00:56:03.095   602 20574 I DlbDap2QmfProcess: DAP library version: 2.5.1-P2.0
02-03 00:56:03.095   602 20574 D DlbDap2QmfProcess: DAP output mode set to 1 with 2 output channels and null mix matrix.
02-03 00:56:03.095   602 20574 D ARenderer: checkAndUpdateConfig: DAP reinitialized because of sample rate change
02-03 00:56:03.095   602 20574 D ARenderer: updateDapConfig: Updating DAP configuration
02-03 00:56:03.095   602 20574 D DlbDap2QmfProcess: setParam(iea = #1[10])
02-03 00:56:03.095   602 20574 D DlbDap2QmfProcess: setParam(msce = #1[0])
02-03 00:56:03.095   602 20574 D DlbDap2QmfProcess: setParam(mdee = #1[0])
02-03 00:56:03.095   602 20574 D DlbDap2QmfProcess: setParam(miee = #1[0])
02-03 00:56:03.095   602 20574 D DlbDap2QmfProcess: setParam(mdle = #1[0])
02-03 00:56:03.095   602 20574 D DlbDap2QmfProcess: setParam(dvle = #1[1])
02-03 00:56:03.095   602 20574 D DlbDap2QmfProcess: setParam(mave = #1[0])
02-03 00:56:03.095   602 20574 D DlbDap2QmfProcess: setParam(vcbf = #20[47, 141, 234, 328, 469, 656, 844, 1031, 1313, 1688, 2250, 3000, 3750, 4688, 5813, 7125, 9000, 11250, 13875, 19688])
02-03 00:56:03.096   602 20574 D DlbDap2QmfProcess: setParam(ieon = #1[0])
02-03 00:56:03.096   602 20574 D DlbDap2QmfProcess: setParam(gebs = #41[20, 47, 141, 234, 328, 469, 656, 844, 1031, 1313, 1688, 2250, 3000, 3750, 4688, 5813, 7125, 9000, 11250, 13875, 19688, 0, 0, 0, 0, 0, 0, 0, 0, 0, 0, 0, 0, 0, 0, 0, 0, 0, 0, 0, 0])
02-03 00:56:03.096   602 20574 D DlbDap2QmfProcess: setParam(iebs = #41[20, 65, 136, 223, 332, 467, 634, 841, 1098, 1416, 1812, 2302, 2909, 3663, 4598, 5756, 7194, 8976, 11186, 13927, 17326, 117, 133, 188, 176, 141, 149, 175, 185, 185, 200, 236, 242, 228, 213, 182, 132, 110, 68, -27, -240])
02-03 00:56:03.096   602 20574 D DlbDap2QmfProcess: setParam(dea = #1[7])
02-03 00:56:03.096   602 20574 D DlbDap2QmfProcess: setParam(dsa = #1[10])
02-03 00:56:03.096   602 20574 D DlbDap2QmfProcess: setParam(beb = #1[192])
02-03 00:56:03.096   602 20574 D DlbDap2QmfProcess: setParam(plb = #1[0])
02-03 00:56:03.096   602 20574 D DlbDap2QmfProcess: setParam(vmb = #1[144])
02-03 00:56:03.096   602 20574 D DlbDap2QmfProcess: setParam(dsb = #1[48])
02-03 00:56:03.096   602 20574 D DlbDap2QmfProcess: setParam(ded = #1[0])
02-03 00:56:03.096   602 20574 D DlbDap2QmfProcess: setParam(dom = #1[0])
02-03 00:56:03.096   602 20574 D DlbDap2QmfProcess: setParam(bew = #1[16])
02-03 00:56:03.096   602 20574 D DlbDap2QmfProcess: setParam(dvla = #1[5])
02-03 00:56:03.096   602 20574 D DlbDap2QmfProcess: setParam(dfsa = #1[10])
02-03 00:56:03.096   602 20574 D DlbDap2QmfProcess: setParam(dhsa = #1[10])
02-03 00:56:03.096   602 20574 D DlbDap2QmfProcess: setParam(dvmc = #1[0])
02-03 00:56:03.096   602 20574 D DlbDap2QmfProcess: setParam(dvle = #1[1])
02-03 00:56:03.096   602 20574 D DlbDap2QmfProcess: setParam(dvme = #1[0])
02-03 00:56:03.096   602 20574 D DlbDap2QmfProcess: setParam(becf = #1[200])
02-03 00:56:03.096   602 20574 D DlbDap2QmfProcess: setParam(vbmf = #2[94, 469])
02-03 00:56:03.096   602 20574 D DlbDap2QmfProcess: setParam(vbsf = #2[35, 160])
02-03 00:56:03.096   602 20574 D DlbDap2QmfProcess: setParam(vbhg = #3[-32, -144, -192])
02-03 00:56:03.096   602 20574 D DlbDap2QmfProcess: setParam(vbog = #1[0])
02-03 00:56:03.096   602 20574 D DlbDap2QmfProcess: setParam(vbsg = #1[0])
02-03 00:56:03.096   602 20574 D DlbDap2QmfProcess: setParam(dvli = #1[-320])
02-03 00:56:03.096   602 20574 D DlbDap2QmfProcess: setParam(dhfm = #1[2])
02-03 00:56:03.096   602 20574 D DlbDap2QmfProcess: setParam(deon = #1[0])
02-03 00:56:03.096   602 20574 D DlbDap2QmfProcess: setParam(ngon = #1[1])
02-03 00:56:03.096   602 20574 D DlbDap2QmfProcess: setParam(dvlo = #1[-320])
02-03 00:56:03.097   602 20574 D DlbDap2QmfProcess: setParam(aobs = #222[20, 10, 47, 141, 234, 328, 469, 656, 844, 1031, 1313, 1688, 2250, 3000, 3750, 4688, 5813, 7125, 9000, 11250, 13875, 19688, 0, 0, 0, 0, 0, 0, 0, 0, 0, 0, 0, 0, 0, 0, 0, 0, 0, 0, 0, 0, 0, 0, 0, 0, 0, 0, 0, 0, 0, 0, 0, 0, 0, 0, 0, 0, 0, 0, 0, 0, 0, 0, 0, 0, 0, 0, 0, 0, 0, 0, 0, 0, 0, 0, 0, 0, 0, 0, 0, 0, 0, 0, 0, 0, 0, 0, 0, 0, 0, 0, 0, 0, 0, 0, 0, 0, 0, 0, 0, 0, 0, 0, 0, 0, 0, 0, 0, 0, 0, 0, 0, 0, 0, 0, 0, 0, 0, 0, 0, 0, 0, 0, 0, 0, 0, 0, 0, 0, 0, 0, 0, 0, 0, 0, 0, 0, 0, 0, 0, 0, 0, 0, 0, 0, 0, 0, 0, 0, 0, 0, 0, 0, 0, 0, 0, 0, 0, 0, 0, 0, 0, 0, 0, 0, 0, 0, 0, 0, 0, 0, 0, 0, 0, 0, 0, 0, 0, 0, 0, 0, 0, 0, 0, 0, 0, 0, 0, 0, 0, 0, 0, 0, 0, 0, 0, 0, 0, 0, 0, 0, 0, 0, 0, 0, 0, 0, 0, 0, 0, 0, 0, 0, 0, 0, 0, 0, 0, 0, 0, 0])
02-03 00:56:03.097   602 20574 D DlbDap2QmfProcess: setParam(dvle = #1[1])
02-03 00:56:03.097   602 20574 D DlbDap2QmfProcess: setParam(dvli = #1[-496])
02-03 00:56:03.097   602 20574 D DlbDap2QmfProcess: setParam(dvlo = #1[-176])
02-03 00:56:03.097   602 20574 D ARenderer: updateDapVolumeLeveler: Setting output level to -11.00dB
02-03 00:56:03.097   602 20574 D DlbDap2QmfProcess: setParam(vmb = #1[0])
02-03 00:56:03.097   602 20574 D DlbDap2QmfProcess: setParam(preg = #1[-384])
02-03 00:56:03.097   602 20574 D DlbDap2QmfProcess: setParam(vol = #1[384])
02-03 00:56:03.097   602 20574 D DlbDlbBufferProvider: setConfig() Updating buffer configuration.
02-03 00:56:03.097   602 20574 D DlbDap2QmfProcess: processQmf() called [0] times
02-03 00:56:03.097   602 20574 D DlbDap2QmfProcess: setMave(mave = 0)
02-03 00:56:03.106 20533 20533 D featureTest: receive broadcast , change ds profile id :5
02-03 00:56:03.108   597 20568 D AudioTrack: Client defaulted notificationFrames to 12000 for frameCount 24000
02-03 00:56:03.108   589  4822 I AudioFlinger: attachAuxEffect(): Marking track 1099 as containing processed audio
02-03 00:56:03.108   589  4822 D AudioFlinger: trackContainsProcessedAudio() Track id 1099 contains processed audio
02-03 00:56:03.109   589   589 D DlbDlbEffect: handle_EFFECT_CMD_DISABLE()
02-03 00:56:03.109   589   589 D DlbDapCrossfadeProcess: setEnabled transitioning from FADE_TO_ACTIVE state to FADE_TO_BYPASS
02-03 00:56:03.110   416   416 W /system/bin/hw/android.hidl.allocator@1.0-service: ashmem_create_region(7680) returning hidl_memory(0x77bb02c2e0, 7680)
02-03 00:56:03.111   589   589 D DlbDlbEffect: handle_EFFECT_CMD_SET_CONFIG()
02-03 00:56:03.111   589   589 D DlbDapEndpointParamCache: setDevice(device=0x00000002)
02-03 00:56:03.111   421   421 D DMSService: setActiveDevice called with device = 0x2
02-03 00:56:03.112   589   589 D DlbDlbEffect: handle_EFFECT_CMD_ENABLE()
02-03 00:56:03.112   589   589 D DlbDapCrossfadeProcess: setEnabled transitioning from FADE_TO_BYPASS state to FADE_TO_ACTIVE
02-03 00:56:03.112   589   589 D AudioFlinger: trackStateChanged() Track id 1099 state changed to 6
02-03 00:56:03.112   589   589 I AudioFlinger: updateProcessedAudioState() Changing content processing in effect to 1
02-03 00:56:03.112   589   589 D DlbDlbEffect: handle_EFFECT_CMD_SET_PARAM()
02-03 00:56:03.114   589   589 I DlbEffectContext: setContentProcEnabled() Disabling content processing in effect
02-03 00:56:03.114   589   589 D DlbDapEndpointParamCache: commitChangedParams()
02-03 00:56:03.114   589   589 D DlbDapEndpointParamCache: commit() Applying parameters for device 0x40000000
02-03 00:56:03.114   589   589 D DlbDap2Process: setParam(msce = #1[0])
02-03 00:56:03.114   589   589 D DlbDap2Process: setParam(mdee = #1[0])
02-03 00:56:03.114   589   589 D DlbDap2Process: setParam(miee = #1[0])
02-03 00:56:03.114   589   589 D DlbDap2Process: setParam(mdle = #1[0])
02-03 00:56:03.114   589   589 D DlbDap2Process: setParam(dvle = #1[0])
02-03 00:56:03.114   589   589 D DlbDap2Process: setParam(mave = #1[0])
02-03 00:56:03.114   589   589 D DlbDap2Process: setParam(ieon = #1[0])
02-03 00:56:03.114   589   589 D DlbDapEndpointParamCache: doCommit() Committed 7 parameters out of 16.
02-03 00:56:03.114   589   589 D DlbDapEndpointParamCache: commit() Overriding parameters for current device 0x00000002
02-03 00:56:03.114   589   589 D DlbDap2Process: setParam(dom = #1[0])
02-03 00:56:03.114   589   589 D DlbDap2Process: setParam(dvle = #1[0])
02-03 00:56:03.114   589   589 D DlbDap2Process: setParam(dvme = #1[0])
02-03 00:56:03.114   589   589 D DlbDap2Process: setParam(deon = #1[0])
02-03 00:56:03.114   589   589 D DlbDap2Process: setParam(ngon = #1[0])
02-03 00:56:03.114   589   589 D DlbDapEndpointParamCache: doCommit() Committed 5 parameters out of 37.
02-03 00:56:03.115   597 20564 D NuPlayerDriver: notifyListener_l(0xf1bb2a10), (6, 0, 0, -1), loop setting(0, 1)
02-03 00:56:03.117   589  4575 D DlbDap2Process: setMave(mave = 0)
02-03 00:56:03.119   589  4575 D DlbDapCrossfadeProcess: process transitioning from FADE_TO_ACTIVE state to DAP_ACTIVE
02-03 00:56:03.123   589   742 D DlbDlbEffect: handle_EFFECT_CMD_SET_PARAM()
02-03 00:56:03.131   589  4568 D audio_hw_primary: enable_snd_device: snd_device(2: speaker)
02-03 00:56:03.134   589  4568 D audio_hw_primary: enable_audio_route: usecase(0) apply and update mixer path: deep-buffer-playback speaker
02-03 00:56:03.166 20533 20533 D featureTest: receive broadcast , change virtual speaker  virtualizer :0
02-03 00:56:03.177   589  6472 D DlbDlbEffect: handle_EFFECT_CMD_SET_PARAM()
02-03 00:56:03.215 20533 20533 D featureTest: receive broadcast , record log :0
02-03 00:56:03.261 20533 20533 D featureTest: receive broadcast , playing content location :/sdcard/featureTest/7ch_ddp_25fps_diff_music_01.mp4
02-03 00:56:03.265   597 16835 D NuPlayerDriver: stop(0xf1bb2a10)
02-03 00:56:03.265   597 16835 D NuPlayerDriver: notifyListener_l(0xf1bb2a10), (8, 0, 0, -1), loop setting(0, 1)
02-03 00:56:03.266   597   597 D NuPlayerDriver: reset(0xf1bb2a10) at state 8
02-03 00:56:03.270   602 20001 I DDP_JOCDecoder: -> ~DDPDecoder
02-03 00:56:03.270   602 20001 I DDP_JOCDecoder: -> stop
02-03 00:56:03.271   602 20001 I DDP_JOCDecoder: <- stop
02-03 00:56:03.271   602 20001 I ARenderer: ~ARenderer
02-03 00:56:03.271   602 20001 I evo_parser: evo_parser_close
02-03 00:56:03.271   602 20001 I DlbDap2QmfProcess: ~Dap2Process()
02-03 00:56:03.271   602 20001 I DlbDap2QmfProcess: close()
02-03 00:56:03.271   602 20001 I DDP_JOCDecoder: <- ~DDPDecoder
02-03 00:56:03.277   589   772 D AudioFlinger: mixer(0xf0683c00) throttle end: throttle time(51)
02-03 00:56:03.279   597 20564 D NuPlayerDriver: notifyResetComplete(0xf1bb2a10)
02-03 00:56:03.279   597  1214 D NuPlayerDriver: reset(0xf1bb2a10) at state 0
02-03 00:56:03.280 20533 20533 V MediaPlayer: resetDrmState:  mDrmInfo=null mDrmProvisioningThread=null mPrepareDrmInProgress=false mActiveDrmScheme=false
02-03 00:56:03.280 20533 20533 V MediaPlayer: cleanDrmObj: mDrmObj=null mDrmSessionId=null
02-03 00:56:03.282 20533 20533 V MediaPlayer: resetDrmState:  mDrmInfo=null mDrmProvisioningThread=null mPrepareDrmInProgress=false mActiveDrmScheme=false
02-03 00:56:03.282 20533 20533 V MediaPlayer: cleanDrmObj: mDrmObj=null mDrmSessionId=null
02-03 00:56:03.286 20533 20533 D featureTest: mMediaPlayer.getAudioSessionId(): 8417
02-03 00:56:03.287 20533 20533 D featureTest: Playing file: /sdcard/featureTest/7ch_ddp_25fps_diff_music_01.mp4
02-03 00:56:03.288 20594 20594 W generic : type=1400 audit(0.0:3049): avc: denied { read } for path="/storage/emulated/0/featuretest/7ch_ddp_25fps_diff_music_01.mp4" dev="sdcardfs" ino=523299 scontext=u:r:mediaextractor:s0 tcontext=u:object_r:sdcardfs:s0 tclass=file permissive=0
02-03 00:56:03.288   597 16835 D NuPlayerDriver: NuPlayerDriver(0xf02b5070) created, clientPid(20533)
02-03 00:56:03.289 20533 20533 W MediaPlayer: Use of stream types is deprecated for operations other than volume control
02-03 00:56:03.289 20533 20533 W MediaPlayer: See the documentation of setAudioStreamType() for what to use instead with android.media.AudioAttributes to qualify your playback use case
02-03 00:56:03.291   597 20594 D GenericSource: FileSource remote
02-03 00:56:03.291   597 20594 W GenericSource: extractor service cannot make data source
02-03 00:56:03.291   597 20594 D GenericSource: FileSource local
02-03 00:56:03.306   597 20592 D NuPlayerDriver: notifyListener_l(0xf02b5070), (1, 0, 0, -1), loop setting(0, 0)
02-03 00:56:03.310   597  1214 D NuPlayerDriver: start(0xf02b5070), state is 4, eos is 0
02-03 00:56:03.310   597 20592 I GenericSource: start
02-03 00:56:03.314 20533 20533 W DolbyAudioEffect: WARNING: attaching a DolbyAudioEffect to global output mix is deprecated!
02-03 00:56:03.318 20533 20533 D featureTest: receive broadcast , change ds status :1
02-03 00:56:03.325   602 10688 I OMXMaster: makeComponentInstance(OMX.dolby.eac3.decoder) in android.hardwar process
02-03 00:56:03.337   589   740 D DlbDlbEffect: handle_EFFECT_CMD_SET_PARAM()
02-03 00:56:03.371   602 10688 I DDP_JOCDecoder: -> init name OMX.dolby.eac3.decoder
02-03 00:56:03.373   602 10688 I DDP_JOCDecoder: <- init
02-03 00:56:03.373   602 10688 D DDP_JOCDecoder: initPorts
02-03 00:56:03.374   602 10689 E OMXNodeInstance: setConfig(0xea6a35c0:dolby.eac3.decoder, ConfigPriority(0x6f800002)) ERROR: Undefined(0x80001001)
02-03 00:56:03.375   597 20599 I ACodec  : codec does not support config priority (err -2147483648)
02-03 00:56:03.375   602 10688 E OMXNodeInstance: getConfig(0xea6a35c0:dolby.eac3.decoder, ConfigAndroidVendorExtension(0x6f100004)) ERROR: Undefined(0x80001001)
02-03 00:56:03.376   597 20599 I MediaCodec: MediaCodec will operate in async mode
02-03 00:56:03.376   597 20599 I ACodec  : setDolbyParameterOnProcessedAudio() Received dolby_processed_audio=1
02-03 00:56:03.376   597 20598 I NuPlayerDecoder: setDolbyMessage() Notifying player that Codec supports dolby_processed_audio flag
02-03 00:56:03.376   597 20592 I NuPlayer: onDolbyMessageReceived() Setting dolby_processed_audio flag on audio sink
02-03 00:56:03.376   597 20592 I MediaPlayerService: setDolbyParameters() Marking audio output as having dolby_processed_audio
02-03 00:56:03.379   602  1212 D DDP_JOCDecoder: internalSetParameter() Instantiating ARenderer for content processing in decoder
02-03 00:56:03.379   602  1212 I DlbDap2QmfProcess: Dap2Process()
02-03 00:56:03.379   602  1212 I ARenderer: ARenderer
02-03 00:56:03.379   602  1212 I evo_parser: evo_parser_init
02-03 00:56:03.379   602  1212 I DlbDap2QmfProcess: init()
02-03 00:56:03.379   602  1212 I DlbDap2QmfProcess: open()
02-03 00:56:03.380   602  1212 I DlbDap2QmfProcess: loadLicense() no license check!
02-03 00:56:03.380   602  1212 I DlbDap2QmfProcess: validateLicense() no license check!
02-03 00:56:03.380   602  1212 I DlbDap2QmfProcess: init() DAP opened
02-03 00:56:03.380   602  1212 I DlbDap2QmfProcess: DAP library version: 2.5.1-P2.0
02-03 00:56:03.380   602  1212 D DlbDap2QmfProcess: DAP output mode set to 1 with 2 output channels and null mix matrix.
02-03 00:56:03.380   597 20599 I ACodec  : setDolbyParameterOnProcessedAudio() Content processing enabled in decoder
02-03 00:56:03.384   602 20603 I DDP_JOCDecoder: -> start
02-03 00:56:03.385   602 20603 I EndpConfig: DAP state has changed from -1 to 1
02-03 00:56:03.385   602 20603 D DDP_JOCDecoder: Setting Max Output Channels to 2
02-03 00:56:03.385   602 20603 D DDP_JOCDecoder: setMultiChannelPCMOutDownmix mConfig->jocForceDownmixMode 0
02-03 00:56:03.385   602 20603 I udc_user: 
02-03 00:56:03.385   602 20603 I udc_user: *** DDPlus Unified Decoder Simulation  Version 1.7.3 ***
02-03 00:56:03.385   602 20603 I udc_user: 
02-03 00:56:03.385   602 20603 I udc_user: 7.1-channel decoder-converter, 
02-03 00:56:03.385   602 20603 I udc_user: 
02-03 00:56:03.385   602 20603 I udc_user: 5.1-channel dual-decoder-converter, 
02-03 00:56:03.385   602 20603 I udc_user: Karaoke unsupported, 
02-03 00:56:03.385   602 20603 I udc_user: TPNP supported. 
02-03 00:56:03.385   602 20603 I udc_user: 
02-03 00:56:03.385   602 20603 I udc_user: Unpublished work.  Copyright 2003-2014 Dolby Laboratories, Inc. and
02-03 00:56:03.385   602 20603 I udc_user: Dolby Laboratories Licensing Corporation.  All Rights Reserved.
02-03 00:56:03.385   602 20603 I udc_user: 
02-03 00:56:03.385   602 20603 I udc_user: USE OF THIS SOFTWARE IS SUBJECT TO A LEGAL AGREEMENT BETWEEN YOU AND DOLBY
02-03 00:56:03.385   602 20603 I udc_user: LABORATORIES. DO NOT USE THIS SOFTWARE UNLESS YOU AGREE TO THE TERMS AND 
02-03 00:56:03.385   602 20603 I udc_user: CONDITIONS IN THE AGREEMENT.  BY USING THIS SOFTWARE, YOU ACKNOWLEDGE THAT 
02-03 00:56:03.385   602 20603 I udc_user: YOU HAVE READ THE AGREEMENT AND THAT YOU AGREE TO BE BOUND BY ITS TERMS. 
02-03 00:56:03.385   602 20603 I udc_user: 
02-03 00:56:03.386   602 20603 I ddpdec_client_joc: ddpdec_open JOCD_MODE Buffer assignment
02-03 00:56:03.386   602 20603 D DDP_JOCDecoder: mStarted = 1
02-03 00:56:03.386   602 20603 I DDP_JOCDecoder: <- start
02-03 00:56:03.387   602 20603 D ddpdec_client_joc: ddpdec_client.c|int configDecoder()
02-03 00:56:03.387 20533 20533 D featureTest: receive broadcast , change ds profile id :5
02-03 00:56:03.389   602 20603 D DDP_JOCDecoder: Setting Max Output Channels to 2
02-03 00:56:03.391   602 20603 I DlbDap2QmfProcess: close()
02-03 00:56:03.391   602 20603 I DlbDap2QmfProcess: init()
02-03 00:56:03.391   602 20603 I DlbDap2QmfProcess: open()
02-03 00:56:03.392   602 20603 I DlbDap2QmfProcess: loadLicense() no license check!
02-03 00:56:03.392   602 20603 I DlbDap2QmfProcess: validateLicense() no license check!
02-03 00:56:03.392   602 20603 I DlbDap2QmfProcess: init() DAP opened
02-03 00:56:03.392   602 20603 I DlbDap2QmfProcess: DAP library version: 2.5.1-P2.0
02-03 00:56:03.392   602 20603 D DlbDap2QmfProcess: DAP output mode set to 1 with 2 output channels and null mix matrix.
02-03 00:56:03.392   602 20603 D ARenderer: checkAndUpdateConfig: DAP reinitialized because of sample rate change
02-03 00:56:03.392   602 20603 D ARenderer: updateDapConfig: Updating DAP configuration
02-03 00:56:03.392   602 20603 D DlbDap2QmfProcess: setParam(iea = #1[10])
02-03 00:56:03.392   602 20603 D DlbDap2QmfProcess: setParam(msce = #1[0])
02-03 00:56:03.392   602 20603 D DlbDap2QmfProcess: setParam(mdee = #1[0])
02-03 00:56:03.392   602 20603 D DlbDap2QmfProcess: setParam(miee = #1[0])
02-03 00:56:03.392   602 20603 D DlbDap2QmfProcess: setParam(mdle = #1[0])
02-03 00:56:03.392   602 20603 D DlbDap2QmfProcess: setParam(dvle = #1[1])
02-03 00:56:03.392   602 20603 D DlbDap2QmfProcess: setParam(mave = #1[0])
02-03 00:56:03.392   602 20603 D DlbDap2QmfProcess: setParam(vcbf = #20[47, 141, 234, 328, 469, 656, 844, 1031, 1313, 1688, 2250, 3000, 3750, 4688, 5813, 7125, 9000, 11250, 13875, 19688])
02-03 00:56:03.392   602 20603 D DlbDap2QmfProcess: setParam(ieon = #1[0])
02-03 00:56:03.392   602 20603 D DlbDap2QmfProcess: setParam(gebs = #41[20, 47, 141, 234, 328, 469, 656, 844, 1031, 1313, 1688, 2250, 3000, 3750, 4688, 5813, 7125, 9000, 11250, 13875, 19688, 0, 0, 0, 0, 0, 0, 0, 0, 0, 0, 0, 0, 0, 0, 0, 0, 0, 0, 0, 0])
02-03 00:56:03.392   602 20603 D DlbDap2QmfProcess: setParam(iebs = #41[20, 65, 136, 223, 332, 467, 634, 841, 1098, 1416, 1812, 2302, 2909, 3663, 4598, 5756, 7194, 8976, 11186, 13927, 17326, 117, 133, 188, 176, 141, 149, 175, 185, 185, 200, 236, 242, 228, 213, 182, 132, 110, 68, -27, -240])
02-03 00:56:03.392   602 20603 D DlbDap2QmfProcess: setParam(dea = #1[7])
02-03 00:56:03.392   602 20603 D DlbDap2QmfProcess: setParam(dsa = #1[10])
02-03 00:56:03.392   602 20603 D DlbDap2QmfProcess: setParam(beb = #1[192])
02-03 00:56:03.393   602 20603 D DlbDap2QmfProcess: setParam(plb = #1[0])
02-03 00:56:03.393   602 20603 D DlbDap2QmfProcess: setParam(vmb = #1[144])
02-03 00:56:03.393   602 20603 D DlbDap2QmfProcess: setParam(dsb = #1[48])
02-03 00:56:03.393   602 20603 D DlbDap2QmfProcess: setParam(ded = #1[0])
02-03 00:56:03.393   602 20603 D DlbDap2QmfProcess: setParam(dom = #1[0])
02-03 00:56:03.393   602 20603 D DlbDap2QmfProcess: setParam(bew = #1[16])
02-03 00:56:03.393   602 20603 D DlbDap2QmfProcess: setParam(dvla = #1[5])
02-03 00:56:03.393   602 20603 D DlbDap2QmfProcess: setParam(dfsa = #1[10])
02-03 00:56:03.393   602 20603 D DlbDap2QmfProcess: setParam(dhsa = #1[10])
02-03 00:56:03.393   602 20603 D DlbDap2QmfProcess: setParam(dvmc = #1[0])
02-03 00:56:03.393   602 20603 D DlbDap2QmfProcess: setParam(dvle = #1[1])
02-03 00:56:03.393   602 20603 D DlbDap2QmfProcess: setParam(dvme = #1[0])
02-03 00:56:03.393   602 20603 D DlbDap2QmfProcess: setParam(becf = #1[200])
02-03 00:56:03.393   602 20603 D DlbDap2QmfProcess: setParam(vbmf = #2[94, 469])
02-03 00:56:03.393   602 20603 D DlbDap2QmfProcess: setParam(vbsf = #2[35, 160])
02-03 00:56:03.393   602 20603 D DlbDap2QmfProcess: setParam(vbhg = #3[-32, -144, -192])
02-03 00:56:03.393   602 20603 D DlbDap2QmfProcess: setParam(vbog = #1[0])
02-03 00:56:03.393   602 20603 D DlbDap2QmfProcess: setParam(vbsg = #1[0])
02-03 00:56:03.393   602 20603 D DlbDap2QmfProcess: setParam(dvli = #1[-320])
02-03 00:56:03.393   602 20603 D DlbDap2QmfProcess: setParam(dhfm = #1[2])
02-03 00:56:03.393   602 20603 D DlbDap2QmfProcess: setParam(deon = #1[0])
02-03 00:56:03.393   602 20603 D DlbDap2QmfProcess: setParam(ngon = #1[1])
02-03 00:56:03.393   602 20603 D DlbDap2QmfProcess: setParam(dvlo = #1[-320])
02-03 00:56:03.394   602 20603 D DlbDap2QmfProcess: setParam(aobs = #222[20, 10, 47, 141, 234, 328, 469, 656, 844, 1031, 1313, 1688, 2250, 3000, 3750, 4688, 5813, 7125, 9000, 11250, 13875, 19688, 0, 0, 0, 0, 0, 0, 0, 0, 0, 0, 0, 0, 0, 0, 0, 0, 0, 0, 0, 0, 0, 0, 0, 0, 0, 0, 0, 0, 0, 0, 0, 0, 0, 0, 0, 0, 0, 0, 0, 0, 0, 0, 0, 0, 0, 0, 0, 0, 0, 0, 0, 0, 0, 0, 0, 0, 0, 0, 0, 0, 0, 0, 0, 0, 0, 0, 0, 0, 0, 0, 0, 0, 0, 0, 0, 0, 0, 0, 0, 0, 0, 0, 0, 0, 0, 0, 0, 0, 0, 0, 0, 0, 0, 0, 0, 0, 0, 0, 0, 0, 0, 0, 0, 0, 0, 0, 0, 0, 0, 0, 0, 0, 0, 0, 0, 0, 0, 0, 0, 0, 0, 0, 0, 0, 0, 0, 0, 0, 0, 0, 0, 0, 0, 0, 0, 0, 0, 0, 0, 0, 0, 0, 0, 0, 0, 0, 0, 0, 0, 0, 0, 0, 0, 0, 0, 0, 0, 0, 0, 0, 0, 0, 0, 0, 0, 0, 0, 0, 0, 0, 0, 0, 0, 0, 0, 0, 0, 0, 0, 0, 0, 0, 0, 0, 0, 0, 0, 0, 0, 0, 0, 0, 0, 0, 0, 0, 0, 0, 0, 0])
02-03 00:56:03.394   602 20603 D DlbDap2QmfProcess: setParam(dvle = #1[1])
02-03 00:56:03.394   602 20603 D DlbDap2QmfProcess: setParam(dvli = #1[-496])
02-03 00:56:03.394   602 20603 D DlbDap2QmfProcess: setParam(dvlo = #1[-176])
02-03 00:56:03.394   602 20603 D ARenderer: updateDapVolumeLeveler: Setting output level to -11.00dB
02-03 00:56:03.394   602 20603 D DlbDap2QmfProcess: setParam(vmb = #1[0])
02-03 00:56:03.394   602 20603 D DlbDap2QmfProcess: setParam(preg = #1[-384])
02-03 00:56:03.394   602 20603 D DlbDap2QmfProcess: setParam(vol = #1[384])
02-03 00:56:03.394   602 20603 D DlbDlbBufferProvider: setConfig() Updating buffer configuration.
02-03 00:56:03.394   602 20603 D DlbDap2QmfProcess: processQmf() called [0] times
02-03 00:56:03.394   602 20603 D DlbDap2QmfProcess: setMave(mave = 0)
02-03 00:56:03.397   589   772 D AudioFlinger: trackStateChanged() Track id 1099 state changed to 2
02-03 00:56:03.397   589   772 I AudioFlinger: updateProcessedAudioState() Changing content processing in effect to 0
02-03 00:56:03.397   589   772 D DlbDlbEffect: handle_EFFECT_CMD_SET_PARAM()
02-03 00:56:03.399   589   772 I DlbEffectContext: setContentProcEnabled() Enabling content processing in global effect
02-03 00:56:03.399   589   772 D DlbDapEndpointParamCache: commitChangedParams()
02-03 00:56:03.399   589   772 D DlbDapEndpointParamCache: commit() Applying parameters for device 0x40000000
02-03 00:56:03.399   589   772 D DlbDap2Process: setParam(iea = #1[10])
02-03 00:56:03.399   589   772 D DlbDap2Process: setParam(msce = #1[0])
02-03 00:56:03.399   589   772 D DlbDap2Process: setParam(mdee = #1[0])
02-03 00:56:03.399   589   772 D DlbDap2Process: setParam(miee = #1[0])
02-03 00:56:03.399   589   772 D DlbDap2Process: setParam(mdle = #1[0])
02-03 00:56:03.400   589   772 D DlbDap2Process: setParam(dvle = #1[1])
02-03 00:56:03.400   589   772 D DlbDap2Process: setParam(mave = #1[0])
02-03 00:56:03.400   589   772 D DlbDap2Process: setParam(vcbf = #20[47, 141, 234, 328, 469, 656, 844, 1031, 1313, 1688, 2250, 3000, 3750, 4688, 5813, 7125, 9000, 11250, 13875, 19688])
02-03 00:56:03.400   589   772 D DlbDap2Process: setParam(vbon = #1[0])
02-03 00:56:03.400   589   772 D DlbDap2Process: setParam(beon = #1[0])
02-03 00:56:03.400   589   772 D DlbDap2Process: setParam(geon = #1[0])
02-03 00:56:03.400   589   772 D DlbDap2Process: setParam(ieon = #1[0])
02-03 00:56:03.400   589   772 D DlbDap2Process: setParam(gebs = #41[20, 47, 141, 234, 328, 469, 656, 844, 1031, 1313, 1688, 2250, 3000, 3750, 4688, 5813, 7125, 9000, 11250, 13875, 19688, 0, 0, 0, 0, 0, 0, 0, 0, 0, 0, 0, 0, 0, 0, 0, 0, 0, 0, 0, 0])
02-03 00:56:03.400   589   772 D DlbDap2Process: setParam(iebs = #41[20, 65, 136, 223, 332, 467, 634, 841, 1098, 1416, 1812, 2302, 2909, 3663, 4598, 5756, 7194, 8976, 11186, 13927, 17326, 117, 133, 188, 176, 141, 149, 175, 185, 185, 200, 236, 242, 228, 213, 182, 132, 110, 68, -27, -240])
02-03 00:56:03.400   589   772 D DlbDapEndpointParamCache: doCommit() Committed 15 parameters out of 16.
02-03 00:56:03.400   589   772 D DlbDapEndpointParamCache: commit() Overriding parameters for current device 0x00000002
02-03 00:56:03.400   589   772 D DlbDap2Process: setParam(dea = #1[7])
02-03 00:56:03.400   589   772 D DlbDap2Process: setParam(dsa = #1[10])
02-03 00:56:03.400   589   772 D DlbDap2Process: setParam(beb = #1[192])
02-03 00:56:03.400   589   772 D DlbDap2Process: setParam(plb = #1[0])
02-03 00:56:03.400   589   772 D DlbDap2Process: setParam(vmb = #1[144])
02-03 00:56:03.400   589   772 D DlbDap2Process: setParam(dsb = #1[48])
02-03 00:56:03.400   589   772 D DlbDap2Process: setParam(ded = #1[0])
02-03 00:56:03.400   589   772 D DlbDap2Process: setParam(vbm = #1[3])
02-03 00:56:03.400   589   772 D DlbDap2Process: setParam(dom = #1[0])
02-03 00:56:03.400   589   772 D DlbDap2Process: setParam(bew = #1[16])
02-03 00:56:03.400   589   772 D DlbDap2Process: setParam(dvla = #1[5])
02-03 00:56:03.400   589   772 D DlbDap2Process: setParam(arra = #1[96])
02-03 00:56:03.400   589   772 D DlbDap2Process: setParam(dfsa = #1[10])
02-03 00:56:03.400   589   772 D DlbDap2Process: setParam(dhsa = #1[10])
02-03 00:56:03.401   589   772 D DlbDap2Process: setParam(dvmc = #1[0])
02-03 00:56:03.401   589   772 D DlbDap2Process: setParam(arod = #1[0])
02-03 00:56:03.401   589   772 D DlbDap2Process: setParam(arde = #1[1])
02-03 00:56:03.401   589   772 D DlbDap2Process: setParam(dvle = #1[1])
02-03 00:56:03.401   589   772 D DlbDap2Process: setParam(dvme = #1[0])
02-03 00:56:03.401   589   772 D DlbDap2Process: setParam(becf = #1[200])
02-03 00:56:03.401   589   772 D DlbDap2Process: setParam(vbmf = #2[94, 469])
02-03 00:56:03.401   589   772 D DlbDap2Process: setParam(vbsf = #2[35, 160])
02-03 00:56:03.401   589   772 D DlbDap2Process: setParam(vbhg = #3[-32, -144, -192])
02-03 00:56:03.401   589   772 D DlbDap2Process: setParam(vbog = #1[0])
02-03 00:56:03.401   589   772 D DlbDap2Process: setParam(vbsg = #1[0])
02-03 00:56:03.401   589   772 D DlbDap2Process: setParam(dvli = #1[-320])
02-03 00:56:03.401   589   772 D DlbDap2Process: setParam(dhfm = #1[2])
02-03 00:56:03.401   589   772 D DlbDap2Process: setParam(vbon = #1[0])
02-03 00:56:03.401   589   772 D DlbDap2Process: setParam(beon = #1[0])
02-03 00:56:03.401   589   772 D DlbDap2Process: setParam(deon = #1[0])
02-03 00:56:03.401   589   772 D DlbDap2Process: setParam(ngon = #1[1])
02-03 00:56:03.401   589   772 D DlbDap2Process: setParam(aoon = #1[1])
02-03 00:56:03.401   589   772 D DlbDap2Process: setParam(aron = #1[1])
02-03 00:56:03.401   589   772 D DlbDap2Process: setParam(dvlo = #1[-320])
02-03 00:56:03.401   589   772 D DlbDap2Process: setParam(artp = #1[12])
02-03 00:56:03.402   589   772 D DlbDap2Process: setParam(aobs = #222[20, 10, 47, 141, 234, 328, 469, 656, 844, 1031, 1313, 1688, 2250, 3000, 3750, 4688, 5813, 7125, 9000, 11250, 13875, 19688, 0, 0, 0, 0, 0, 0, 0, 0, 0, 0, 0, 0, 0, 0, 0, 0, 0, 0, 0, 0, 0, 0, 0, 0, 0, 0, 0, 0, 0, 0, 0, 0, 0, 0, 0, 0, 0, 0, 0, 0, 0, 0, 0, 0, 0, 0, 0, 0, 0, 0, 0, 0, 0, 0, 0, 0, 0, 0, 0, 0, 0, 0, 0, 0, 0, 0, 0, 0, 0, 0, 0, 0, 0, 0, 0, 0, 0, 0, 0, 0, 0, 0, 0, 0, 0, 0, 0, 0, 0, 0, 0, 0, 0, 0, 0, 0, 0, 0, 0, 0, 0, 0, 0, 0, 0, 0, 0, 0, 0, 0, 0, 0, 0, 0, 0, 0, 0, 0, 0, 0, 0, 0, 0, 0, 0, 0, 0, 0, 0, 0, 0, 0, 0, 0, 0, 0, 0, 0, 0, 0, 0, 0, 0, 0, 0, 0, 0, 0, 0, 0, 0, 0, 0, 0, 0, 0, 0, 0, 0, 0, 0, 0, 0, 0, 0, 0, 0, 0, 0, 0, 0, 0, 0, 0, 0, 0, 0, 0, 0, 0, 0, 0, 0, 0, 0, 0, 0, 0, 0, 0, 0, 0, 0, 0, 0, 0, 0, 0, 0, 0])
02-03 00:56:03.402   589   772 D DlbDap2Process: setParam(arbs = #81[20, 47, 141, 234, 328, 469, 656, 844, 1031, 1313, 1688, 2250, 3000, 3750, 4688, 5813, 7125, 9000, 11250, 13875, 19688, -192, -192, -192, -192, -192, -192, -192, -192, -192, -192, -192, -192, -192, -192, -192, -192, -192, -192, -192, -192, 0, 0, 0, 0, 0, 0, 0, 0, 0, 0, 0, 0, 0, 0, 0, 0, 0, 0, 0, 0, 0, 0, 0, 0, 0, 0, 0, 0, 0, 0, 0, 0, 0, 0, 0, 0, 0, 0, 0, 0])
02-03 00:56:03.402   589   772 D DlbDapEndpointParamCache: doCommit() Committed 37 parameters out of 37.
02-03 00:56:03.402   589   589 D DlbDlbEffect: handle_EFFECT_CMD_SET_PARAM()
02-03 00:56:03.422   597 20597 D AudioTrack: Client defaulted notificationFrames to 12000 for frameCount 24000
02-03 00:56:03.423   589   589 I AudioFlinger: attachAuxEffect(): Marking track 1100 as containing processed audio
02-03 00:56:03.423   589   589 D AudioFlinger: trackContainsProcessedAudio() Track id 1100 contains processed audio
02-03 00:56:03.423   589   589 D AudioFlinger: trackStateChanged() Track id 1100 state changed to 6
02-03 00:56:03.423   589   589 I AudioFlinger: updateProcessedAudioState() Changing content processing in effect to 1
02-03 00:56:03.423   589   589 D DlbDlbEffect: handle_EFFECT_CMD_SET_PARAM()
02-03 00:56:03.425   589   589 I DlbEffectContext: setContentProcEnabled() Disabling content processing in effect
02-03 00:56:03.425   589   589 D DlbDapEndpointParamCache: commitChangedParams()
02-03 00:56:03.425   589   589 D DlbDapEndpointParamCache: commit() Applying parameters for device 0x40000000
02-03 00:56:03.425   589   589 D DlbDap2Process: setParam(msce = #1[0])
02-03 00:56:03.425   589   589 D DlbDap2Process: setParam(mdee = #1[0])
02-03 00:56:03.425   589   589 D DlbDap2Process: setParam(miee = #1[0])
