02-04 23:03:47.475   589   709 D NuPlayerDriver: reset(0xe3e610e0) at state 5
02-04 23:03:47.476   589   709 D NuPlayerDriver: notifyListener_l(0xe3e610e0), (8, 0, 0, -1), loop setting(0, 1)
02-04 23:03:47.485   589 29457 D NuPlayerDriver: notifyResetComplete(0xe3e610e0)
02-04 23:03:47.488   589   709 D AudioTrack: stop() called with 0 frames delivered
02-04 23:03:47.625   581   724 D DlbDlbEffect: handle_EFFECT_CMD_DISABLE()
02-04 23:03:47.625   581   724 D DlbDapCrossfadeProcess: setEnabled transitioning from DAP_ACTIVE state to FADE_TO_BYPASS
02-04 23:03:47.627   581   724 D DlbDlbEffect: handle_EFFECT_CMD_SET_CONFIG()
02-04 23:03:47.627   581   724 D DlbDapEndpointParamCache: setDevice(device=0x00000002)
02-04 23:03:47.628   421   421 D DMSService: setActiveDevice called with device = 0x2
02-04 23:03:47.628   581   724 D DlbDlbEffect: handle_EFFECT_CMD_ENABLE()
02-04 23:03:47.628   581   724 D DlbDapCrossfadeProcess: setEnabled transitioning from FADE_TO_BYPASS state to FADE_TO_ACTIVE
02-04 23:03:47.772 29502 29502 D featureTest: onCreate
02-04 23:03:47.780 29502 29502 D AudioTrack: Client defaulted notificationFrames to 962 for frameCount 1924
02-04 23:03:47.785 29502 29502 W AudioTrack: Use of stream types is deprecated for operations other than volume control
02-04 23:03:47.786 29502 29502 W AudioTrack: See the documentation of AudioTrack() for what to use instead with android.media.AudioAttributes to qualify your playback use case
02-04 23:03:47.797 29502 29502 D featureTest: onResume
02-04 23:03:48.637 29502 29502 D featureTest: receive broadcast , playing content location :/sdcard/featureTest/chopper_2.0_180_420_02.wav
02-04 23:03:48.646 29502 29502 D featureTest: mMediaPlayer.getAudioSessionId(): 4049
02-04 23:03:48.646 29502 29502 D featureTest: Playing file: /sdcard/featureTest/chopper_2.0_180_420_02.wav
02-04 23:03:48.648   589   709 D NuPlayerDriver: NuPlayerDriver(0xe3e610e0) created, clientPid(29502)
02-04 23:03:48.669   589 29531 D NuPlayerDriver: notifyListener_l(0xe3e610e0), (1, 0, 0, -1), loop setting(0, 0)
02-04 23:03:48.679   589   709 D NuPlayerDriver: start(0xe3e610e0), state is 4, eos is 0
02-04 23:03:48.685   593  1162 I OMXMaster: makeComponentInstance(OMX.google.raw.decoder) in android.hardwar process
02-04 23:03:48.689   589 29539 I ACodec  : codec does not support config priority (err -2147483648)
02-04 23:03:48.691   589 29539 I MediaCodec: MediaCodec will operate in async mode
02-04 23:03:48.700 29502 29502 D featureTest: receive broadcast , change ds status :0
02-04 23:03:48.702   589 29537 D AudioTrack: Client defaulted notificationFrames to 7350 for frameCount 22050
02-04 23:03:48.703   581  5356 D DlbDlbEffect: handle_EFFECT_CMD_DISABLE()
02-04 23:03:48.703   581  5356 D DlbDapCrossfadeProcess: setEnabled transitioning from FADE_TO_ACTIVE state to FADE_TO_BYPASS
02-04 23:03:48.707   581  5356 D DlbDlbEffect: handle_EFFECT_CMD_SET_CONFIG()
02-04 23:03:48.707   581  5356 D DlbDapEndpointParamCache: setDevice(device=0x00000002)
02-04 23:03:48.707   421   421 D DMSService: setActiveDevice called with device = 0x2
02-04 23:03:48.709   581  5356 D DlbDlbEffect: handle_EFFECT_CMD_ENABLE()
02-04 23:03:48.709   581  5356 D DlbDapCrossfadeProcess: setEnabled transitioning from FADE_TO_BYPASS state to FADE_TO_ACTIVE
02-04 23:03:48.711   589 29531 D NuPlayerDriver: notifyListener_l(0xe3e610e0), (6, 0, 0, -1), loop setting(0, 1)
02-04 23:03:48.713   581  5115 D DlbDapCrossfadeProcess: process transitioning from FADE_TO_ACTIVE state to DAP_ACTIVE
02-04 23:03:48.724   581  5143 D DlbDlbEffect: handle_EFFECT_CMD_SET_PARAM()
02-04 23:03:48.741   581  5115 D DlbDapCrossfadeProcess: setEnabled transitioning from DAP_ACTIVE state to FADE_TO_BYPASS
02-04 23:03:48.767 29502 29502 D featureTest: receive broadcast , change ds profile id :2
02-04 23:03:48.780   581  5355 D DlbDlbEffect: handle_EFFECT_CMD_SET_PARAM()
02-04 23:03:48.780   421   460 I DapController: Profile Changed to Music
02-04 23:03:48.783   581  5115 D DlbDapEndpointParamCache: commitChangedParams()
02-04 23:03:48.783   581  5115 D DlbDapEndpointParamCache: commit() Applying parameters for device 0x40000000
02-04 23:03:48.783   581  5115 D DlbDap2Process: setParam(iea = #1[10])
02-04 23:03:48.783   581  5115 D DlbDap2Process: setParam(msce = #1[0])
02-04 23:03:48.783   581  5115 D DlbDap2Process: setParam(mdee = #1[0])
02-04 23:03:48.783   581  5115 D DlbDap2Process: setParam(miee = #1[0])
02-04 23:03:48.783   581  5115 D DlbDap2Process: setParam(mdle = #1[0])
02-04 23:03:48.783   581  5115 D DlbDap2Process: setParam(dvle = #1[1])
02-04 23:03:48.783   581  5115 D DlbDap2Process: setParam(mave = #1[0])
02-04 23:03:48.783   581  5115 D DlbDap2Process: setParam(vcbf = #20[47, 141, 234, 328, 469, 656, 844, 1031, 1313, 1688, 2250, 3000, 3750, 4688, 5813, 7125, 9000, 11250, 13875, 19688])
02-04 23:03:48.783   581  5115 D DlbDap2Process: setParam(vbon = #1[0])
02-04 23:03:48.783   581  5115 D DlbDap2Process: setParam(beon = #1[0])
02-04 23:03:48.783   581  5115 D DlbDap2Process: setParam(geon = #1[0])
02-04 23:03:48.783   581  5115 D DlbDap2Process: setParam(ieon = #1[1])
02-04 23:03:48.784   581  5115 D DlbDap2Process: setParam(gebs = #41[20, 47, 141, 234, 328, 469, 656, 844, 1031, 1313, 1688, 2250, 3000, 3750, 4688, 5813, 7125, 9000, 11250, 13875, 19688, 0, 0, 0, 0, 0, 0, 0, 0, 0, 0, 0, 0, 0, 0, 0, 0, 0, 0, 0, 0])
02-04 23:03:48.784   581  5115 D DlbDap2Process: setParam(iebs = #41[20, 65, 136, 223, 332, 467, 634, 841, 1098, 1416, 1812, 2302, 2909, 3663, 4598, 5756, 7194, 8976, 11186, 13927, 17326, 117, 133, 188, 176, 141, 149, 175, 185, 185, 200, 236, 242, 228, 213, 182, 132, 110, 68, -27, -240])
02-04 23:03:48.784   581  5115 D DlbDapEndpointParamCache: doCommit() Committed 15 parameters out of 16.
02-04 23:03:48.784   581  5115 D DlbDapEndpointParamCache: commit() Overriding parameters for current device 0x00000002
02-04 23:03:48.784   581  5115 D DlbDap2Process: setParam(dea = #1[7])
02-04 23:03:48.784   581  5115 D DlbDap2Process: setParam(dsa = #1[10])
02-04 23:03:48.784   581  5115 D DlbDap2Process: setParam(beb = #1[192])
02-04 23:03:48.784   581  5115 D DlbDap2Process: setParam(plb = #1[0])
02-04 23:03:48.784   581  5115 D DlbDap2Process: setParam(vmb = #1[144])
02-04 23:03:48.784   581  5115 D DlbDap2Process: setParam(dsb = #1[0])
02-04 23:03:48.784   581  5115 D DlbDap2Process: setParam(ded = #1[0])
02-04 23:03:48.784   581  5115 D DlbDap2Process: setParam(vbm = #1[3])
02-04 23:03:48.784   581  5115 D DlbDap2Process: setParam(dom = #1[0])
02-04 23:03:48.784   581  5115 D DlbDap2Process: setParam(bew = #1[16])
02-04 23:03:48.784   581  5115 D DlbDap2Process: setParam(dvla = #1[4])
02-04 23:03:48.784   581  5115 D DlbDap2Process: setParam(arra = #1[96])
02-04 23:03:48.784   581  5115 D DlbDap2Process: setParam(dfsa = #1[10])
02-04 23:03:48.784   581  5115 D DlbDap2Process: setParam(dhsa = #1[10])
02-04 23:03:48.784   581  5115 D DlbDap2Process: setParam(dvmc = #1[0])
02-04 23:03:48.784   581  5115 D DlbDap2Process: setParam(arod = #1[0])
02-04 23:03:48.784   581  5115 D DlbDap2Process: setParam(arde = #1[1])
02-04 23:03:48.784   581  5115 D DlbDap2Process: setParam(dvle = #1[1])
02-04 23:03:48.784   581  5115 D DlbDap2Process: setParam(dvme = #1[0])
02-04 23:03:48.784   581  5115 D DlbDap2Process: setParam(becf = #1[200])
02-04 23:03:48.784   581  5115 D DlbDap2Process: setParam(vbmf = #2[94, 469])
02-04 23:03:48.784   581  5115 D DlbDap2Process: setParam(vbsf = #2[35, 160])
02-04 23:03:48.784   581  5115 D DlbDap2Process: setParam(vbhg = #3[-32, -144, -192])
02-04 23:03:48.784   581  5115 D DlbDap2Process: setParam(vbog = #1[0])
02-04 23:03:48.784   581  5115 D DlbDap2Process: setParam(vbsg = #1[0])
02-04 23:03:48.784   581  5115 D DlbDap2Process: setParam(dvli = #1[-320])
02-04 23:03:48.784   581  5115 D DlbDap2Process: setParam(dhfm = #1[2])
02-04 23:03:48.784   581  5115 D DlbDap2Process: setParam(vbon = #1[0])
02-04 23:03:48.784   581  5115 D DlbDap2Process: setParam(beon = #1[0])
02-04 23:03:48.784   581  5115 D DlbDap2Process: setParam(deon = #1[0])
02-04 23:03:48.784   581  5115 D DlbDap2Process: setParam(ngon = #1[1])
02-04 23:03:48.784   581  5115 D DlbDap2Process: setParam(aoon = #1[1])
02-04 23:03:48.784   581  5115 D DlbDap2Process: setParam(aron = #1[1])
02-04 23:03:48.784   581  5115 D DlbDap2Process: setParam(dvlo = #1[-320])
02-04 23:03:48.784   581  5115 D DlbDap2Process: setParam(artp = #1[12])
02-04 23:03:48.785   581  5115 D DlbDap2Process: setParam(aobs = #222[20, 10, 47, 141, 234, 328, 469, 656, 844, 1031, 1313, 1688, 2250, 3000, 3750, 4688, 5813, 7125, 9000, 11250, 13875, 19688, 0, 0, 0, 0, 0, 0, 0, 0, 0, 0, 0, 0, 0, 0, 0, 0, 0, 0, 0, 0, 0, 0, 0, 0, 0, 0, 0, 0, 0, 0, 0, 0, 0, 0, 0, 0, 0, 0, 0, 0, 0, 0, 0, 0, 0, 0, 0, 0, 0, 0, 0, 0, 0, 0, 0, 0, 0, 0, 0, 0, 0, 0, 0, 0, 0, 0, 0, 0, 0, 0, 0, 0, 0, 0, 0, 0, 0, 0, 0, 0, 0, 0, 0, 0, 0, 0, 0, 0, 0, 0, 0, 0, 0, 0, 0, 0, 0, 0, 0, 0, 0, 0, 0, 0, 0, 0, 0, 0, 0, 0, 0, 0, 0, 0, 0, 0, 0, 0, 0, 0, 0, 0, 0, 0, 0, 0, 0, 0, 0, 0, 0, 0, 0, 0, 0, 0, 0, 0, 0, 0, 0, 0, 0, 0, 0, 0, 0, 0, 0, 0, 0, 0, 0, 0, 0, 0, 0, 0, 0, 0, 0, 0, 0, 0, 0, 0, 0, 0, 0, 0, 0, 0, 0, 0, 0, 0, 0, 0, 0, 0, 0, 0, 0, 0, 0, 0, 0, 0, 0, 0, 0, 0, 0, 0, 0, 0, 0, 0, 0, 0])
02-04 23:03:48.785   581  5115 D DlbDap2Process: setParam(arbs = #81[20, 47, 141, 234, 328, 469, 656, 844, 1031, 1313, 1688, 2250, 3000, 3750, 4688, 5813, 7125, 9000, 11250, 13875, 19688, -192, -192, -192, -192, -192, -192, -192, -192, -192, -192, -192, -192, -192, -192, -192, -192, -192, -192, -192, -192, 0, 0, 0, 0, 0, 0, 0, 0, 0, 0, 0, 0, 0, 0, 0, 0, 0, 0, 0, 0, 0, 0, 0, 0, 0, 0, 0, 0, 0, 0, 0, 0, 0, 0, 0, 0, 0, 0, 0, 0])
02-04 23:03:48.785   581  5115 D DlbDapEndpointParamCache: doCommit() Committed 37 parameters out of 37.
02-04 23:03:48.785   581  5115 D DlbDap2Process: setMave(mave = 0)
02-04 23:03:48.786   581  5115 D DlbDapCrossfadeProcess: process transitioning from FADE_TO_BYPASS state to DAP_BYPASSED
02-04 23:03:48.831   581   770 D AudioFlinger: mixer(0xf2983980) throttle end: throttle time(48)
02-04 23:03:48.848 29502 29502 D featureTest: receive broadcast , playing content location :/sdcard/featureTest/chopper_2.0_180_420_02.wav
02-04 23:03:48.851   589  1183 D NuPlayerDriver: stop(0xe3e610e0)
02-04 23:03:48.851   589  1183 D NuPlayerDriver: notifyListener_l(0xe3e610e0), (8, 0, 0, -1), loop setting(0, 1)
02-04 23:03:48.852   589 26717 D NuPlayerDriver: reset(0xe3e610e0) at state 8
02-04 23:03:48.859   589 29531 D NuPlayerDriver: notifyResetComplete(0xe3e610e0)
02-04 23:03:48.860   589   709 D NuPlayerDriver: reset(0xe3e610e0) at state 0
02-04 23:03:48.867 29502 29502 D featureTest: mMediaPlayer.getAudioSessionId(): 4057
02-04 23:03:48.868 29502 29502 D featureTest: Playing file: /sdcard/featureTest/chopper_2.0_180_420_02.wav
02-04 23:03:48.869   589 26717 D NuPlayerDriver: NuPlayerDriver(0xe5732460) created, clientPid(29502)
02-04 23:03:48.889   589 29553 D NuPlayerDriver: notifyListener_l(0xe5732460), (1, 0, 0, -1), loop setting(0, 0)
02-04 23:03:48.893   589 26717 D NuPlayerDriver: start(0xe5732460), state is 4, eos is 0
02-04 23:03:48.900   593  1187 I OMXMaster: makeComponentInstance(OMX.google.raw.decoder) in android.hardwar process
02-04 23:03:48.902 29502 29502 D featureTest: receive broadcast , change ds status :1
02-04 23:03:48.903   589 29560 I ACodec  : codec does not support config priority (err -2147483648)
02-04 23:03:48.904   589 29560 I MediaCodec: MediaCodec will operate in async mode
02-04 23:03:48.912   589 29557 D AudioTrack: Client defaulted notificationFrames to 7350 for frameCount 22050
02-04 23:03:48.913   589 29553 D NuPlayerDriver: notifyListener_l(0xe5732460), (6, 0, 0, -1), loop setting(0, 1)
02-04 23:03:48.915   581  7829 D DlbDlbEffect: handle_EFFECT_CMD_SET_PARAM()
02-04 23:03:48.952   581  5115 D DlbDapCrossfadeProcess: setEnabled transitioning from DAP_BYPASSED state to PREROLL_ACTIVE
02-04 23:03:48.976 29502 29502 D featureTest: receive broadcast , change ds profile id :5
02-04 23:03:48.988   581  5143 D DlbDlbEffect: handle_EFFECT_CMD_SET_PARAM()
02-04 23:03:48.988   421   460 I DapController: Profile Changed to Custom
02-04 23:03:48.993   581  5115 D DlbDapEndpointParamCache: commitChangedParams()
02-04 23:03:48.993   581  5115 D DlbDapEndpointParamCache: commit() Applying parameters for device 0x40000000
02-04 23:03:48.993   581  5115 D DlbDap2Process: setParam(iea = #1[10])
02-04 23:03:48.993   581  5115 D DlbDap2Process: setParam(msce = #1[0])
02-04 23:03:48.993   581  5115 D DlbDap2Process: setParam(mdee = #1[0])
02-04 23:03:48.993   581  5115 D DlbDap2Process: setParam(miee = #1[0])
02-04 23:03:48.993   581  5115 D DlbDap2Process: setParam(mdle = #1[0])
02-04 23:03:48.993   581  5115 D DlbDap2Process: setParam(dvle = #1[1])
02-04 23:03:48.993   581  5115 D DlbDap2Process: setParam(mave = #1[0])
02-04 23:03:48.994   581  5115 D DlbDap2Process: setParam(vcbf = #20[47, 141, 234, 328, 469, 656, 844, 1031, 1313, 1688, 2250, 3000, 3750, 4688, 5813, 7125, 9000, 11250, 13875, 19688])
02-04 23:03:48.994   581  5115 D DlbDap2Process: setParam(vbon = #1[0])
02-04 23:03:48.994   581  5115 D DlbDap2Process: setParam(beon = #1[0])
02-04 23:03:48.994   581  5115 D DlbDap2Process: setParam(geon = #1[0])
02-04 23:03:48.994   581  5115 D DlbDap2Process: setParam(ieon = #1[0])
02-04 23:03:48.994   581  5115 D DlbDap2Process: setParam(gebs = #41[20, 47, 141, 234, 328, 469, 656, 844, 1031, 1313, 1688, 2250, 3000, 3750, 4688, 5813, 7125, 9000, 11250, 13875, 19688, 0, 0, 0, 0, 0, 0, 0, 0, 0, 0, 0, 0, 0, 0, 0, 0, 0, 0, 0, 0])
02-04 23:03:48.994   581  5115 D DlbDap2Process: setParam(iebs = #41[20, 65, 136, 223, 332, 467, 634, 841, 1098, 1416, 1812, 2302, 2909, 3663, 4598, 5756, 7194, 8976, 11186, 13927, 17326, 117, 133, 188, 176, 141, 149, 175, 185, 185, 200, 236, 242, 228, 213, 182, 132, 110, 68, -27, -240])
02-04 23:03:48.994   581  5115 D DlbDapEndpointParamCache: doCommit() Committed 15 parameters out of 16.
02-04 23:03:48.994   581  5115 D DlbDapEndpointParamCache: commit() Overriding parameters for current device 0x00000002
02-04 23:03:48.994   581  5115 D DlbDap2Process: setParam(dea = #1[7])
02-04 23:03:48.994   581  5115 D DlbDap2Process: setParam(dsa = #1[10])
02-04 23:03:48.994   581  5115 D DlbDap2Process: setParam(beb = #1[192])
02-04 23:03:48.994   581  5115 D DlbDap2Process: setParam(plb = #1[0])
02-04 23:03:48.994   581  5115 D DlbDap2Process: setParam(vmb = #1[144])
02-04 23:03:48.994   581  5115 D DlbDap2Process: setParam(dsb = #1[48])
02-04 23:03:48.994   581  5115 D DlbDap2Process: setParam(ded = #1[0])
02-04 23:03:48.994   581  5115 D DlbDap2Process: setParam(vbm = #1[3])
02-04 23:03:48.994   581  5115 D DlbDap2Process: setParam(dom = #1[0])
02-04 23:03:48.994   581  5115 D DlbDap2Process: setParam(bew = #1[16])
02-04 23:03:48.994   581  5115 D DlbDap2Process: setParam(dvla = #1[5])
02-04 23:03:48.994   581  5115 D DlbDap2Process: setParam(arra = #1[96])
02-04 23:03:48.994   581  5115 D DlbDap2Process: setParam(dfsa = #1[10])
02-04 23:03:48.994   581  5115 D DlbDap2Process: setParam(dhsa = #1[10])
02-04 23:03:48.994   581  5115 D DlbDap2Process: setParam(dvmc = #1[0])
02-04 23:03:48.994   581  5115 D DlbDap2Process: setParam(arod = #1[0])
02-04 23:03:48.994   581  5115 D DlbDap2Process: setParam(arde = #1[1])
02-04 23:03:48.994   581  5115 D DlbDap2Process: setParam(dvle = #1[1])
02-04 23:03:48.994   581  5115 D DlbDap2Process: setParam(dvme = #1[0])
02-04 23:03:48.994   581  5115 D DlbDap2Process: setParam(becf = #1[200])
02-04 23:03:48.994   581  5115 D DlbDap2Process: setParam(vbmf = #2[94, 469])
02-04 23:03:48.994   581  5115 D DlbDap2Process: setParam(vbsf = #2[35, 160])
02-04 23:03:48.994   581  5115 D DlbDap2Process: setParam(vbhg = #3[-32, -144, -192])
02-04 23:03:48.994   581  5115 D DlbDap2Process: setParam(vbog = #1[0])
02-04 23:03:48.994   581  5115 D DlbDap2Process: setParam(vbsg = #1[0])
02-04 23:03:48.995   581  5115 D DlbDap2Process: setParam(dvli = #1[-320])
02-04 23:03:48.995   581  5115 D DlbDap2Process: setParam(dhfm = #1[2])
02-04 23:03:48.995   581  5115 D DlbDap2Process: setParam(vbon = #1[0])
02-04 23:03:48.995   581  5115 D DlbDap2Process: setParam(beon = #1[0])
02-04 23:03:48.995   581  5115 D DlbDap2Process: setParam(deon = #1[0])
02-04 23:03:48.995   581  5115 D DlbDap2Process: setParam(ngon = #1[1])
02-04 23:03:48.995   581  5115 D DlbDap2Process: setParam(aoon = #1[1])
02-04 23:03:48.995   581  5115 D DlbDap2Process: setParam(aron = #1[1])
02-04 23:03:48.995   581  5115 D DlbDap2Process: setParam(dvlo = #1[-320])
02-04 23:03:48.995   581  5115 D DlbDap2Process: setParam(artp = #1[12])
02-04 23:03:48.995   581  5115 D DlbDap2Process: setParam(aobs = #222[20, 10, 47, 141, 234, 328, 469, 656, 844, 1031, 1313, 1688, 2250, 3000, 3750, 4688, 5813, 7125, 9000, 11250, 13875, 19688, 0, 0, 0, 0, 0, 0, 0, 0, 0, 0, 0, 0, 0, 0, 0, 0, 0, 0, 0, 0, 0, 0, 0, 0, 0, 0, 0, 0, 0, 0, 0, 0, 0, 0, 0, 0, 0, 0, 0, 0, 0, 0, 0, 0, 0, 0, 0, 0, 0, 0, 0, 0, 0, 0, 0, 0, 0, 0, 0, 0, 0, 0, 0, 0, 0, 0, 0, 0, 0, 0, 0, 0, 0, 0, 0, 0, 0, 0, 0, 0, 0, 0, 0, 0, 0, 0, 0, 0, 0, 0, 0, 0, 0, 0, 0, 0, 0, 0, 0, 0, 0, 0, 0, 0, 0, 0, 0, 0, 0, 0, 0, 0, 0, 0, 0, 0, 0, 0, 0, 0, 0, 0, 0, 0, 0, 0, 0, 0, 0, 0, 0, 0, 0, 0, 0, 0, 0, 0, 0, 0, 0, 0, 0, 0, 0, 0, 0, 0, 0, 0, 0, 0, 0, 0, 0, 0, 0, 0, 0, 0, 0, 0, 0, 0, 0, 0, 0, 0, 0, 0, 0, 0, 0, 0, 0, 0, 0, 0, 0, 0, 0, 0, 0, 0, 0, 0, 0, 0, 0, 0, 0, 0, 0, 0, 0, 0, 0, 0, 0, 0])
02-04 23:03:48.995   581  5115 D DlbDap2Process: setParam(arbs = #81[20, 47, 141, 234, 328, 469, 656, 844, 1031, 1313, 1688, 2250, 3000, 3750, 4688, 5813, 7125, 9000, 11250, 13875, 19688, -192, -192, -192, -192, -192, -192, -192, -192, -192, -192, -192, -192, -192, -192, -192, -192, -192, -192, -192, -192, 0, 0, 0, 0, 0, 0, 0, 0, 0, 0, 0, 0, 0, 0, 0, 0, 0, 0, 0, 0, 0, 0, 0, 0, 0, 0, 0, 0, 0, 0, 0, 0, 0, 0, 0, 0, 0, 0, 0, 0])
02-04 23:03:48.995   581  5115 D DlbDapEndpointParamCache: doCommit() Committed 37 parameters out of 37.
02-04 23:03:48.995   581  5115 D DlbDap2Process: setMave(mave = 0)
02-04 23:03:48.997   581  5115 D DlbDapCrossfadeProcess: process transitioning from PREROLL_ACTIVE state to FADE_TO_ACTIVE
02-04 23:03:49.045 29502 29502 D featureTest: receive broadcast , change virtual speaker  virtualizer :0
02-04 23:03:49.062   581  5110 D DlbDlbEffect: handle_EFFECT_CMD_SET_PARAM()
02-04 23:03:49.114   581  5115 D DlbDapCrossfadeProcess: process transitioning from FADE_TO_ACTIVE state to DAP_ACTIVE
02-04 23:03:49.118 29502 29502 D featureTest: receive broadcast , record log :0
02-04 23:03:50.001   581  5115 D DlbDap2Process: process() called [290500] times
02-04 23:03:52.680   581  5115 D DlbDap2Process: process() called [291000] times
