02-03 00:54:31.228   602 19658 D DlbDap2QmfProcess: setParam(iebs = #41[20, 65, 136, 223, 332, 467, 634, 841, 1098, 1416, 1812, 2302, 2909, 3663, 4598, 5756, 7194, 8976, 11186, 13927, 17326, 117, 133, 188, 176, 141, 149, 175, 185, 185, 200, 236, 242, 228, 213, 182, 132, 110, 68, -27, -240])
02-03 00:54:31.228   602 19658 D DlbDap2QmfProcess: setParam(dea = #1[7])
02-03 00:54:31.228   602 19658 D DlbDap2QmfProcess: setParam(dsa = #1[10])
02-03 00:54:31.228   602 19658 D DlbDap2QmfProcess: setParam(beb = #1[192])
02-03 00:54:31.228   602 19658 D DlbDap2QmfProcess: setParam(plb = #1[0])
02-03 00:54:31.228   602 19658 D DlbDap2QmfProcess: setParam(vmb = #1[144])
02-03 00:54:31.228   602 19658 D DlbDap2QmfProcess: setParam(dsb = #1[48])
02-03 00:54:31.228   602 19658 D DlbDap2QmfProcess: setParam(ded = #1[0])
02-03 00:54:31.229   602 19658 D DlbDap2QmfProcess: DAP output mode set to 11 with 2 output channels and custom mix matrix.
02-03 00:54:31.229   602 19658 D DlbDap2QmfProcess: setParam(dom = #17[1, 16384, 0, 0, 16384, 11583, 11583, 8192, 8192, 16384, 0, 0, 16384, 16384, 0, 0, 16384])
02-03 00:54:31.229   602 19658 D DlbDap2QmfProcess: setParam(bew = #1[16])
02-03 00:54:31.229   602 19658 D DlbDap2QmfProcess: setParam(dvla = #1[5])
02-03 00:54:31.229   602 19658 D DlbDap2QmfProcess: setParam(dfsa = #1[10])
02-03 00:54:31.229   602 19658 D DlbDap2QmfProcess: setParam(dhsa = #1[10])
02-03 00:54:31.229   602 19658 D DlbDap2QmfProcess: setParam(dvmc = #1[0])
02-03 00:54:31.229   602 19658 D DlbDap2QmfProcess: setParam(dvle = #1[1])
02-03 00:54:31.229   602 19658 D DlbDap2QmfProcess: setParam(dvme = #1[0])
02-03 00:54:31.229   602 19658 D DlbDap2QmfProcess: setParam(becf = #1[200])
02-03 00:54:31.229   602 19658 D DlbDap2QmfProcess: setParam(vbmf = #2[94, 469])
02-03 00:54:31.229   602 19658 D DlbDap2QmfProcess: setParam(vbsf = #2[35, 160])
02-03 00:54:31.229   602 19658 D DlbDap2QmfProcess: setParam(vbhg = #3[-32, -144, -192])
02-03 00:54:31.229   602 19658 D DlbDap2QmfProcess: setParam(vbog = #1[0])
02-03 00:54:31.229   602 19658 D DlbDap2QmfProcess: setParam(vbsg = #1[0])
02-03 00:54:31.229   602 19658 D DlbDap2QmfProcess: setParam(dvli = #1[-320])
02-03 00:54:31.229 19589 19589 D featureTest: receive broadcast , change ds profile id :5
02-03 00:54:31.229   602 19658 D DlbDap2QmfProcess: setParam(dhfm = #1[2])
02-03 00:54:31.229   602 19658 D DlbDap2QmfProcess: setParam(deon = #1[0])
02-03 00:54:31.230   602 19658 D DlbDap2QmfProcess: setParam(ngon = #1[1])
02-03 00:54:31.230   602 19658 D DlbDap2QmfProcess: setParam(dvlo = #1[-320])
02-03 00:54:31.230   602 19658 D DlbDap2QmfProcess: setParam(aobs = #222[20, 10, 47, 141, 234, 328, 469, 656, 844, 1031, 1313, 1688, 2250, 3000, 3750, 4688, 5813, 7125, 9000, 11250, 13875, 19688, 0, 0, 0, 0, 0, 0, 0, 0, 0, 0, 0, 0, 0, 0, 0, 0, 0, 0, 0, 0, 0, 0, 0, 0, 0, 0, 0, 0, 0, 0, 0, 0, 0, 0, 0, 0, 0, 0, 0, 0, 0, 0, 0, 0, 0, 0, 0, 0, 0, 0, 0, 0, 0, 0, 0, 0, 0, 0, 0, 0, 0, 0, 0, 0, 0, 0, 0, 0, 0, 0, 0, 0, 0, 0, 0, 0, 0, 0, 0, 0, 0, 0, 0, 0, 0, 0, 0, 0, 0, 0, 0, 0, 0, 0, 0, 0, 0, 0, 0, 0, 0, 0, 0, 0, 0, 0, 0, 0, 0, 0, 0, 0, 0, 0, 0, 0, 0, 0, 0, 0, 0, 0, 0, 0, 0, 0, 0, 0, 0, 0, 0, 0, 0, 0, 0, 0, 0, 0, 0, 0, 0, 0, 0, 0, 0, 0, 0, 0, 0, 0, 0, 0, 0, 0, 0, 0, 0, 0, 0, 0, 0, 0, 0, 0, 0, 0, 0, 0, 0, 0, 0, 0, 0, 0, 0, 0, 0, 0, 0, 0, 0, 0, 0, 0, 0, 0, 0, 0, 0, 0, 0, 0, 0, 0, 0, 0, 0, 0, 0, 0])
02-03 00:54:31.230   602 19658 D DlbDap2QmfProcess: setParam(dvle = #1[1])
02-03 00:54:31.230   602 19658 D DlbDap2QmfProcess: setParam(dvli = #1[-496])
02-03 00:54:31.230   602 19658 D DlbDap2QmfProcess: setParam(dvlo = #1[-176])
02-03 00:54:31.230   602 19658 D ARenderer: updateDapVolumeLeveler: Setting output level to -11.00dB
02-03 00:54:31.230   602 19658 D DlbDap2QmfProcess: setParam(vmb = #1[0])
02-03 00:54:31.230   602 19658 D DlbDap2QmfProcess: setParam(preg = #1[-384])
02-03 00:54:31.230   602 19658 D DlbDap2QmfProcess: setParam(vol = #1[384])
02-03 00:54:31.230   602 19658 D DlbDlbBufferProvider: setConfig() Updating buffer configuration.
02-03 00:54:31.230   602 19658 D DlbDap2QmfProcess: processQmf() called [0] times
02-03 00:54:31.230   602 19658 D DlbDap2QmfProcess: setMave(mave = 0)
02-03 00:54:31.237   589   772 D AudioFlinger: trackStateChanged() Track id 1072 state changed to 2
02-03 00:54:31.237   589   772 I AudioFlinger: updateProcessedAudioState() Changing content processing in effect to 0
02-03 00:54:31.237   589   772 D DlbDlbEffect: handle_EFFECT_CMD_SET_PARAM()
02-03 00:54:31.239   589   772 I DlbEffectContext: setContentProcEnabled() Enabling content processing in global effect
02-03 00:54:31.240   589   772 D DlbDapEndpointParamCache: commitChangedParams()
02-03 00:54:31.240   589   772 D DlbDapEndpointParamCache: commit() Applying parameters for device 0x40000000
02-03 00:54:31.240   589   772 D DlbDap2Process: setParam(iea = #1[10])
02-03 00:54:31.240   589   772 D DlbDap2Process: setParam(msce = #1[0])
02-03 00:54:31.240   589   772 D DlbDap2Process: setParam(mdee = #1[0])
02-03 00:54:31.240   589   772 D DlbDap2Process: setParam(miee = #1[0])
02-03 00:54:31.240   589   772 D DlbDap2Process: setParam(mdle = #1[0])
02-03 00:54:31.240   589   772 D DlbDap2Process: setParam(dvle = #1[1])
02-03 00:54:31.240   589   772 D DlbDap2Process: setParam(mave = #1[0])
02-03 00:54:31.240   589   772 D DlbDap2Process: setParam(vcbf = #20[47, 141, 234, 328, 469, 656, 844, 1031, 1313, 1688, 2250, 3000, 3750, 4688, 5813, 7125, 9000, 11250, 13875, 19688])
02-03 00:54:31.240   589   772 D DlbDap2Process: setParam(vbon = #1[0])
02-03 00:54:31.240   589   772 D DlbDap2Process: setParam(beon = #1[0])
02-03 00:54:31.240   589   772 D DlbDap2Process: setParam(geon = #1[0])
02-03 00:54:31.240   589   772 D DlbDap2Process: setParam(ieon = #1[0])
02-03 00:54:31.240   589   772 D DlbDap2Process: setParam(gebs = #41[20, 47, 141, 234, 328, 469, 656, 844, 1031, 1313, 1688, 2250, 3000, 3750, 4688, 5813, 7125, 9000, 11250, 13875, 19688, 0, 0, 0, 0, 0, 0, 0, 0, 0, 0, 0, 0, 0, 0, 0, 0, 0, 0, 0, 0])
02-03 00:54:31.240   589   772 D DlbDap2Process: setParam(iebs = #41[20, 65, 136, 223, 332, 467, 634, 841, 1098, 1416, 1812, 2302, 2909, 3663, 4598, 5756, 7194, 8976, 11186, 13927, 17326, 117, 133, 188, 176, 141, 149, 175, 185, 185, 200, 236, 242, 228, 213, 182, 132, 110, 68, -27, -240])
02-03 00:54:31.240   589   772 D DlbDapEndpointParamCache: doCommit() Committed 15 parameters out of 16.
02-03 00:54:31.240   589   772 D DlbDapEndpointParamCache: commit() Overriding parameters for current device 0x00000002
02-03 00:54:31.240   589   772 D DlbDap2Process: setParam(dea = #1[7])
02-03 00:54:31.240   589   772 D DlbDap2Process: setParam(dsa = #1[10])
02-03 00:54:31.240   589   772 D DlbDap2Process: setParam(beb = #1[192])
02-03 00:54:31.241   589   772 D DlbDap2Process: setParam(plb = #1[0])
02-03 00:54:31.241   589   772 D DlbDap2Process: setParam(vmb = #1[144])
02-03 00:54:31.241   589   772 D DlbDap2Process: setParam(dsb = #1[48])
02-03 00:54:31.241   589   772 D DlbDap2Process: setParam(ded = #1[0])
02-03 00:54:31.241   589   772 D DlbDap2Process: setParam(vbm = #1[3])
02-03 00:54:31.241   589   772 D DlbDap2Process: DAP output mode set to 11 with 2 output channels and custom mix matrix.
02-03 00:54:31.241   589   772 D DlbDap2Process: setParam(dom = #17[1, 16384, 0, 0, 16384, 11583, 11583, 8192, 8192, 16384, 0, 0, 16384, 16384, 0, 0, 16384])
02-03 00:54:31.241   589   772 D DlbDap2Process: setParam(bew = #1[16])
02-03 00:54:31.241   589   772 D DlbDap2Process: setParam(dvla = #1[5])
02-03 00:54:31.241   589   772 D DlbDap2Process: setParam(arra = #1[96])
02-03 00:54:31.241   589   772 D DlbDap2Process: setParam(dfsa = #1[10])
02-03 00:54:31.241   589   772 D DlbDap2Process: setParam(dhsa = #1[10])
02-03 00:54:31.241   589   772 D DlbDap2Process: setParam(dvmc = #1[0])
02-03 00:54:31.241   589   772 D DlbDap2Process: setParam(arod = #1[0])
02-03 00:54:31.241   589   772 D DlbDap2Process: setParam(arde = #1[1])
02-03 00:54:31.241   589   772 D DlbDap2Process: setParam(dvle = #1[1])
02-03 00:54:31.241   589   772 D DlbDap2Process: setParam(dvme = #1[0])
02-03 00:54:31.241   589   772 D DlbDap2Process: setParam(becf = #1[200])
02-03 00:54:31.241   589   772 D DlbDap2Process: setParam(vbmf = #2[94, 469])
02-03 00:54:31.241   589   772 D DlbDap2Process: setParam(vbsf = #2[35, 160])
02-03 00:54:31.241   589   772 D DlbDap2Process: setParam(vbhg = #3[-32, -144, -192])
02-03 00:54:31.241   589   772 D DlbDap2Process: setParam(vbog = #1[0])
02-03 00:54:31.241   589   772 D DlbDap2Process: setParam(vbsg = #1[0])
02-03 00:54:31.241   589   772 D DlbDap2Process: setParam(dvli = #1[-320])
02-03 00:54:31.241   589   772 D DlbDap2Process: setParam(dhfm = #1[2])
02-03 00:54:31.241   589   772 D DlbDap2Process: setParam(vbon = #1[0])
02-03 00:54:31.241   589   772 D DlbDap2Process: setParam(beon = #1[0])
02-03 00:54:31.241   589   772 D DlbDap2Process: setParam(deon = #1[0])
02-03 00:54:31.241   589   772 D DlbDap2Process: setParam(ngon = #1[1])
02-03 00:54:31.241   589   772 D DlbDap2Process: setParam(aoon = #1[1])
02-03 00:54:31.241   589   772 D DlbDap2Process: setParam(aron = #1[1])
02-03 00:54:31.241   589   772 D DlbDap2Process: setParam(dvlo = #1[-320])
02-03 00:54:31.241   589   772 D DlbDap2Process: setParam(artp = #1[12])
02-03 00:54:31.242   589   772 D DlbDap2Process: setParam(aobs = #222[20, 10, 47, 141, 234, 328, 469, 656, 844, 1031, 1313, 1688, 2250, 3000, 3750, 4688, 5813, 7125, 9000, 11250, 13875, 19688, 0, 0, 0, 0, 0, 0, 0, 0, 0, 0, 0, 0, 0, 0, 0, 0, 0, 0, 0, 0, 0, 0, 0, 0, 0, 0, 0, 0, 0, 0, 0, 0, 0, 0, 0, 0, 0, 0, 0, 0, 0, 0, 0, 0, 0, 0, 0, 0, 0, 0, 0, 0, 0, 0, 0, 0, 0, 0, 0, 0, 0, 0, 0, 0, 0, 0, 0, 0, 0, 0, 0, 0, 0, 0, 0, 0, 0, 0, 0, 0, 0, 0, 0, 0, 0, 0, 0, 0, 0, 0, 0, 0, 0, 0, 0, 0, 0, 0, 0, 0, 0, 0, 0, 0, 0, 0, 0, 0, 0, 0, 0, 0, 0, 0, 0, 0, 0, 0, 0, 0, 0, 0, 0, 0, 0, 0, 0, 0, 0, 0, 0, 0, 0, 0, 0, 0, 0, 0, 0, 0, 0, 0, 0, 0, 0, 0, 0, 0, 0, 0, 0, 0, 0, 0, 0, 0, 0, 0, 0, 0, 0, 0, 0, 0, 0, 0, 0, 0, 0, 0, 0, 0, 0, 0, 0, 0, 0, 0, 0, 0, 0, 0, 0, 0, 0, 0, 0, 0, 0, 0, 0, 0, 0, 0, 0, 0, 0, 0, 0, 0])
02-03 00:54:31.242   589   772 D DlbDap2Process: setParam(arbs = #81[20, 47, 141, 234, 328, 469, 656, 844, 1031, 1313, 1688, 2250, 3000, 3750, 4688, 5813, 7125, 9000, 11250, 13875, 19688, -192, -192, -192, -192, -192, -192, -192, -192, -192, -192, -192, -192, -192, -192, -192, -192, -192, -192, -192, -192, 0, 0, 0, 0, 0, 0, 0, 0, 0, 0, 0, 0, 0, 0, 0, 0, 0, 0, 0, 0, 0, 0, 0, 0, 0, 0, 0, 0, 0, 0, 0, 0, 0, 0, 0, 0, 0, 0, 0, 0])
02-03 00:54:31.242   589   772 D DlbDapEndpointParamCache: doCommit() Committed 37 parameters out of 37.
02-03 00:54:31.243   589   740 D DlbDlbEffect: handle_EFFECT_CMD_SET_PARAM()
02-03 00:54:31.255   597 19652 D AudioTrack: Client defaulted notificationFrames to 12000 for frameCount 24000
02-03 00:54:31.256   589   740 I AudioFlinger: attachAuxEffect(): Marking track 1073 as containing processed audio
02-03 00:54:31.256   589   740 D AudioFlinger: trackContainsProcessedAudio() Track id 1073 contains processed audio
02-03 00:54:31.256   602 19658 I evo_parser: get_oamd_pd_from_evo reallocating mem 46
02-03 00:54:31.256   589   589 D AudioFlinger: trackStateChanged() Track id 1073 state changed to 6
02-03 00:54:31.256   589   589 I AudioFlinger: updateProcessedAudioState() Changing content processing in effect to 1
02-03 00:54:31.256   589   589 D DlbDlbEffect: handle_EFFECT_CMD_SET_PARAM()
02-03 00:54:31.258   589   589 I DlbEffectContext: setContentProcEnabled() Disabling content processing in effect
02-03 00:54:31.258   589   589 D DlbDapEndpointParamCache: commitChangedParams()
02-03 00:54:31.258   589   589 D DlbDapEndpointParamCache: commit() Applying parameters for device 0x40000000
02-03 00:54:31.259   589   589 D DlbDap2Process: setParam(msce = #1[0])
02-03 00:54:31.259   589   589 D DlbDap2Process: setParam(mdee = #1[0])
02-03 00:54:31.259   589   589 D DlbDap2Process: setParam(miee = #1[0])
02-03 00:54:31.259   589   589 D DlbDap2Process: setParam(mdle = #1[0])
02-03 00:54:31.259   589   589 D DlbDap2Process: setParam(dvle = #1[0])
02-03 00:54:31.259   589   589 D DlbDap2Process: setParam(mave = #1[0])
02-03 00:54:31.259   589   589 D DlbDap2Process: setParam(ieon = #1[0])
02-03 00:54:31.259   589   589 D DlbDapEndpointParamCache: doCommit() Committed 7 parameters out of 16.
02-03 00:54:31.259   589   589 D DlbDapEndpointParamCache: commit() Overriding parameters for current device 0x00000002
02-03 00:54:31.259   589   589 D DlbDap2Process: DAP output mode set to 1 with 2 output channels and null mix matrix.
02-03 00:54:31.259   589   589 D DlbDap2Process: setParam(dom = #1[0])
02-03 00:54:31.259   589   589 D DlbDap2Process: setParam(dvle = #1[0])
02-03 00:54:31.259   589   589 D DlbDap2Process: setParam(dvme = #1[0])
02-03 00:54:31.259   589   589 D DlbDap2Process: setParam(deon = #1[0])
02-03 00:54:31.259   589   589 D DlbDap2Process: setParam(ngon = #1[0])
02-03 00:54:31.259   589   589 D DlbDapEndpointParamCache: doCommit() Committed 5 parameters out of 37.
02-03 00:54:31.259   589   772 D AudioFlinger: trackDestroyed() Track id 1072 no longer contains processed audio
02-03 00:54:31.260   597 19647 D NuPlayerDriver: notifyListener_l(0xf1bb2af0), (6, 0, 0, -1), loop setting(0, 1)
02-03 00:54:31.261   589  4575 D DlbDap2Process: setMave(mave = 0)
02-03 00:54:31.306 19589 19589 D featureTest: receive broadcast , change virtual speaker  virtualizer :0
02-03 00:54:31.316 19589 19594 I zygote64: Do partial code cache collection, code=9KB, data=14KB
02-03 00:54:31.316 19589 19594 I zygote64: After code cache collection, code=9KB, data=14KB
02-03 00:54:31.316 19589 19594 I zygote64: Increasing code cache capacity to 128KB
02-03 00:54:31.317 19589 19594 I zygote64: Do partial code cache collection, code=9KB, data=34KB
02-03 00:54:31.317 19589 19594 I zygote64: After code cache collection, code=9KB, data=34KB
02-03 00:54:31.317 19589 19594 I zygote64: Increasing code cache capacity to 256KB
02-03 00:54:31.317   589  4567 D DlbDlbEffect: handle_EFFECT_CMD_SET_PARAM()
02-03 00:54:31.317 19589 19594 I zygote64: Compiler allocated 8MB to compile void android.widget.TextView.<init>(android.content.Context, android.util.AttributeSet, int, int)
02-03 00:54:31.321   589  4575 D DlbDapEndpointParamCache: commitChangedParams()
02-03 00:54:31.321   589  4575 D DlbDapEndpointParamCache: commit() Applying parameters for device 0x40000000
02-03 00:54:31.321   589  4575 D DlbDap2Process: setParam(iea = #1[10])
02-03 00:54:31.321   589  4575 D DlbDap2Process: setParam(vcbf = #20[47, 141, 234, 328, 469, 656, 844, 1031, 1313, 1688, 2250, 3000, 3750, 4688, 5813, 7125, 9000, 11250, 13875, 19688])
02-03 00:54:31.321   589  4575 D DlbDap2Process: setParam(vbon = #1[0])
02-03 00:54:31.321   589  4575 D DlbDap2Process: setParam(beon = #1[0])
02-03 00:54:31.321   589  4575 D DlbDap2Process: setParam(geon = #1[0])
02-03 00:54:31.321   589  4575 D DlbDap2Process: setParam(gebs = #41[20, 47, 141, 234, 328, 469, 656, 844, 1031, 1313, 1688, 2250, 3000, 3750, 4688, 5813, 7125, 9000, 11250, 13875, 19688, 0, 0, 0, 0, 0, 0, 0, 0, 0, 0, 0, 0, 0, 0, 0, 0, 0, 0, 0, 0])
02-03 00:54:31.321   589  4575 D DlbDap2Process: setParam(iebs = #41[20, 65, 136, 223, 332, 467, 634, 841, 1098, 1416, 1812, 2302, 2909, 3663, 4598, 5756, 7194, 8976, 11186, 13927, 17326, 117, 133, 188, 176, 141, 149, 175, 185, 185, 200, 236, 242, 228, 213, 182, 132, 110, 68, -27, -240])
02-03 00:54:31.321   589  4575 D DlbDapEndpointParamCache: doCommit() Committed 8 parameters out of 16.
02-03 00:54:31.321   589  4575 D DlbDapEndpointParamCache: commit() Overriding parameters for current device 0x00000002
02-03 00:54:31.321   589  4575 D DlbDap2Process: setParam(dea = #1[7])
02-03 00:54:31.321   589  4575 D DlbDap2Process: setParam(dsa = #1[10])
02-03 00:54:31.321   589  4575 D DlbDap2Process: setParam(beb = #1[192])
02-03 00:54:31.321   589  4575 D DlbDap2Process: setParam(plb = #1[0])
02-03 00:54:31.321   589  4575 D DlbDap2Process: setParam(vmb = #1[144])
02-03 00:54:31.321   589  4575 D DlbDap2Process: setParam(dsb = #1[48])
02-03 00:54:31.321   589  4575 D DlbDap2Process: setParam(ded = #1[0])
02-03 00:54:31.321   589  4575 D DlbDap2Process: setParam(vbm = #1[3])
02-03 00:54:31.321   589  4575 D DlbDap2Process: setParam(bew = #1[16])
02-03 00:54:31.321   589  4575 D DlbDap2Process: setParam(dvla = #1[5])
02-03 00:54:31.321   589  4575 D DlbDap2Process: setParam(arra = #1[96])
02-03 00:54:31.321   589  4575 D DlbDap2Process: setParam(dfsa = #1[10])
02-03 00:54:31.321   589  4575 D DlbDap2Process: setParam(dhsa = #1[10])
02-03 00:54:31.321   589  4575 D DlbDap2Process: setParam(dvmc = #1[0])
02-03 00:54:31.321   589  4575 D DlbDap2Process: setParam(arod = #1[0])
02-03 00:54:31.321   589  4575 D DlbDap2Process: setParam(arde = #1[1])
02-03 00:54:31.321   589  4575 D DlbDap2Process: setParam(becf = #1[200])
02-03 00:54:31.321   589  4575 D DlbDap2Process: setParam(vbmf = #2[94, 469])
02-03 00:54:31.321   589  4575 D DlbDap2Process: setParam(vbsf = #2[35, 160])
02-03 00:54:31.321   589  4575 D DlbDap2Process: setParam(vbhg = #3[-32, -144, -192])
02-03 00:54:31.321   589  4575 D DlbDap2Process: setParam(vbog = #1[0])
02-03 00:54:31.321   589  4575 D DlbDap2Process: setParam(vbsg = #1[0])
02-03 00:54:31.321   589  4575 D DlbDap2Process: setParam(dvli = #1[-320])
02-03 00:54:31.321   602 19658 D ARenderer: updateDapConfig: Updating DAP configuration
02-03 00:54:31.321   589  4575 D DlbDap2Process: setParam(dhfm = #1[2])
02-03 00:54:31.321   589  4575 D DlbDap2Process: setParam(vbon = #1[0])
02-03 00:54:31.321   602 19658 D DlbDap2QmfProcess: setParam(iea = #1[10])
02-03 00:54:31.321   589  4575 D DlbDap2Process: setParam(beon = #1[0])
02-03 00:54:31.321   589  4575 D DlbDap2Process: setParam(aoon = #1[1])
02-03 00:54:31.322   602 19658 D DlbDap2QmfProcess: setParam(msce = #1[0])
02-03 00:54:31.322   589  4575 D DlbDap2Process: setParam(aron = #1[1])
02-03 00:54:31.322   602 19658 D DlbDap2QmfProcess: setParam(mdee = #1[0])
02-03 00:54:31.322   589  4575 D DlbDap2Process: setParam(dvlo = #1[-320])
02-03 00:54:31.322   602 19658 D DlbDap2QmfProcess: setParam(miee = #1[0])
02-03 00:54:31.322   589  4575 D DlbDap2Process: setParam(artp = #1[12])
02-03 00:54:31.322   602 19658 D DlbDap2QmfProcess: setParam(mdle = #1[0])
02-03 00:54:31.322   602 19658 D DlbDap2QmfProcess: setParam(dvle = #1[1])
02-03 00:54:31.322   602 19658 D DlbDap2QmfProcess: setParam(mave = #1[0])
02-03 00:54:31.322   602 19658 D DlbDap2QmfProcess: setParam(vcbf = #20[47, 141, 234, 328, 469, 656, 844, 1031, 1313, 1688, 2250, 3000, 3750, 4688, 5813, 7125, 9000, 11250, 13875, 19688])
02-03 00:54:31.322   602 19658 D DlbDap2QmfProcess: setParam(ieon = #1[0])
02-03 00:54:31.322   602 19658 D DlbDap2QmfProcess: setParam(gebs = #41[20, 47, 141, 234, 328, 469, 656, 844, 1031, 1313, 1688, 2250, 3000, 3750, 4688, 5813, 7125, 9000, 11250, 13875, 19688, 0, 0, 0, 0, 0, 0, 0, 0, 0, 0, 0, 0, 0, 0, 0, 0, 0, 0, 0, 0])
02-03 00:54:31.322   589  4575 D DlbDap2Process: setParam(aobs = #222[20, 10, 47, 141, 234, 328, 469, 656, 844, 1031, 1313, 1688, 2250, 3000, 3750, 4688, 5813, 7125, 9000, 11250, 13875, 19688, 0, 0, 0, 0, 0, 0, 0, 0, 0, 0, 0, 0, 0, 0, 0, 0, 0, 0, 0, 0, 0, 0, 0, 0, 0, 0, 0, 0, 0, 0, 0, 0, 0, 0, 0, 0, 0, 0, 0, 0, 0, 0, 0, 0, 0, 0, 0, 0, 0, 0, 0, 0, 0, 0, 0, 0, 0, 0, 0, 0, 0, 0, 0, 0, 0, 0, 0, 0, 0, 0, 0, 0, 0, 0, 0, 0, 0, 0, 0, 0, 0, 0, 0, 0, 0, 0, 0, 0, 0, 0, 0, 0, 0, 0, 0, 0, 0, 0, 0, 0, 0, 0, 0, 0, 0, 0, 0, 0, 0, 0, 0, 0, 0, 0, 0, 0, 0, 0, 0, 0, 0, 0, 0, 0, 0, 0, 0, 0, 0, 0, 0, 0, 0, 0, 0, 0, 0, 0, 0, 0, 0, 0, 0, 0, 0, 0, 0, 0, 0, 0, 0, 0, 0, 0, 0, 0, 0, 0, 0, 0, 0, 0, 0, 0, 0, 0, 0, 0, 0, 0, 0, 0, 0, 0, 0, 0, 0, 0, 0, 0, 0, 0, 0, 0, 0, 0, 0, 0, 0, 0, 0, 0, 0, 0, 0, 0, 0, 0, 0, 0])
02-03 00:54:31.322   602 19658 D DlbDap2QmfProcess: setParam(iebs = #41[20, 65, 136, 223, 332, 467, 634, 841, 1098, 1416, 1812, 2302, 2909, 3663, 4598, 5756, 7194, 8976, 11186, 13927, 17326, 117, 133, 188, 176, 141, 149, 175, 185, 185, 200, 236, 242, 228, 213, 182, 132, 110, 68, -27, -240])
02-03 00:54:31.322   602 19658 D DlbDap2QmfProcess: setParam(dea = #1[7])
02-03 00:54:31.322   602 19658 D DlbDap2QmfProcess: setParam(dsa = #1[10])
02-03 00:54:31.322   602 19658 D DlbDap2QmfProcess: setParam(beb = #1[192])
02-03 00:54:31.322   602 19658 D DlbDap2QmfProcess: setParam(plb = #1[0])
02-03 00:54:31.322   589  4575 D DlbDap2Process: setParam(arbs = #81[20, 47, 141, 234, 328, 469, 656, 844, 1031, 1313, 1688, 2250, 3000, 3750, 4688, 5813, 7125, 9000, 11250, 13875, 19688, -192, -192, -192, -192, -192, -192, -192, -192, -192, -192, -192, -192, -192, -192, -192, -192, -192, -192, -192, -192, 0, 0, 0, 0, 0, 0, 0, 0, 0, 0, 0, 0, 0, 0, 0, 0, 0, 0, 0, 0, 0, 0, 0, 0, 0, 0, 0, 0, 0, 0, 0, 0, 0, 0, 0, 0, 0, 0, 0, 0])
02-03 00:54:31.322   602 19658 D DlbDap2QmfProcess: setParam(vmb = #1[144])
02-03 00:54:31.322   589  4575 D DlbDapEndpointParamCache: doCommit() Committed 32 parameters out of 37.
02-03 00:54:31.322   602 19658 D DlbDap2QmfProcess: setParam(dsb = #1[48])
02-03 00:54:31.322   602 19658 D DlbDap2QmfProcess: setParam(ded = #1[0])
02-03 00:54:31.322   602 19658 D DlbDap2QmfProcess: DAP output mode set to 1 with 2 output channels and null mix matrix.
02-03 00:54:31.322   602 19658 D DlbDap2QmfProcess: setParam(dom = #1[0])
02-03 00:54:31.322   602 19658 D DlbDap2QmfProcess: setParam(bew = #1[16])
02-03 00:54:31.322   602 19658 D DlbDap2QmfProcess: setParam(dvla = #1[5])
02-03 00:54:31.322   602 19658 D DlbDap2QmfProcess: setParam(dfsa = #1[10])
02-03 00:54:31.322   602 19658 D DlbDap2QmfProcess: setParam(dhsa = #1[10])
02-03 00:54:31.322   602 19658 D DlbDap2QmfProcess: setParam(dvmc = #1[0])
02-03 00:54:31.322   602 19658 D DlbDap2QmfProcess: setParam(dvle = #1[1])
02-03 00:54:31.322   602 19658 D DlbDap2QmfProcess: setParam(dvme = #1[0])
02-03 00:54:31.322   602 19658 D DlbDap2QmfProcess: setParam(becf = #1[200])
02-03 00:54:31.322   602 19658 D DlbDap2QmfProcess: setParam(vbmf = #2[94, 469])
02-03 00:54:31.322   602 19658 D DlbDap2QmfProcess: setParam(vbsf = #2[35, 160])
02-03 00:54:31.322   602 19658 D DlbDap2QmfProcess: setParam(vbhg = #3[-32, -144, -192])
02-03 00:54:31.322   602 19658 D DlbDap2QmfProcess: setParam(vbog = #1[0])
02-03 00:54:31.322   602 19658 D DlbDap2QmfProcess: setParam(vbsg = #1[0])
02-03 00:54:31.323   602 19658 D DlbDap2QmfProcess: setParam(dvli = #1[-320])
02-03 00:54:31.323   602 19658 D DlbDap2QmfProcess: setParam(dhfm = #1[2])
02-03 00:54:31.323   602 19658 D DlbDap2QmfProcess: setParam(deon = #1[0])
02-03 00:54:31.323   602 19658 D DlbDap2QmfProcess: setParam(ngon = #1[1])
02-03 00:54:31.323   602 19658 D DlbDap2QmfProcess: setParam(dvlo = #1[-320])
02-03 00:54:31.323   602 19658 D DlbDap2QmfProcess: setParam(aobs = #222[20, 10, 47, 141, 234, 328, 469, 656, 844, 1031, 1313, 1688, 2250, 3000, 3750, 4688, 5813, 7125, 9000, 11250, 13875, 19688, 0, 0, 0, 0, 0, 0, 0, 0, 0, 0, 0, 0, 0, 0, 0, 0, 0, 0, 0, 0, 0, 0, 0, 0, 0, 0, 0, 0, 0, 0, 0, 0, 0, 0, 0, 0, 0, 0, 0, 0, 0, 0, 0, 0, 0, 0, 0, 0, 0, 0, 0, 0, 0, 0, 0, 0, 0, 0, 0, 0, 0, 0, 0, 0, 0, 0, 0, 0, 0, 0, 0, 0, 0, 0, 0, 0, 0, 0, 0, 0, 0, 0, 0, 0, 0, 0, 0, 0, 0, 0, 0, 0, 0, 0, 0, 0, 0, 0, 0, 0, 0, 0, 0, 0, 0, 0, 0, 0, 0, 0, 0, 0, 0, 0, 0, 0, 0, 0, 0, 0, 0, 0, 0, 0, 0, 0, 0, 0, 0, 0, 0, 0, 0, 0, 0, 0, 0, 0, 0, 0, 0, 0, 0, 0, 0, 0, 0, 0, 0, 0, 0, 0, 0, 0, 0, 0, 0, 0, 0, 0, 0, 0, 0, 0, 0, 0, 0, 0, 0, 0, 0, 0, 0, 0, 0, 0, 0, 0, 0, 0, 0, 0, 0, 0, 0, 0, 0, 0, 0, 0, 0, 0, 0, 0, 0, 0, 0, 0, 0, 0])
02-03 00:54:31.323   602 19658 D DlbDap2QmfProcess: setParam(dvle = #1[1])
02-03 00:54:31.323   602 19658 D DlbDap2QmfProcess: setParam(dvli = #1[-496])
02-03 00:54:31.323   602 19658 D DlbDap2QmfProcess: setParam(dvlo = #1[-176])
02-03 00:54:31.323   602 19658 D ARenderer: updateDapVolumeLeveler: Setting output level to -11.00dB
02-03 00:54:31.323   602 19658 D DlbDap2QmfProcess: setParam(vmb = #1[0])
02-03 00:54:31.323   602 19658 D DlbDap2QmfProcess: setParam(preg = #1[-384])
02-03 00:54:31.323   602 19658 D DlbDap2QmfProcess: setParam(vol = #1[384])
02-03 00:54:31.323   602 19658 D DlbDap2QmfProcess: setMave(mave = 0)
02-03 00:54:31.358   589  4575 D DlbDap2Process: process() called [840000] times
02-03 00:54:31.370 19589 19589 D featureTest: receive broadcast , record log :0
02-03 00:54:31.560 17374 17374 I ServiceManager: Waiting for service AtCmdFwd...
02-03 00:54:32.561 17374 17374 I ServiceManager: Waiting for service AtCmdFwd...
02-03 00:54:32.872   823   823 W WindowManager: removeWindowToken: Attempted to remove non-existing token: android.os.Binder@ea29c9b
02-03 00:54:32.919   427   427 D SurfaceFlinger: duplicate layer name: changing Toast to Toast#1
02-03 00:54:33.562 17374 17374 W Atfwd_Sendcmd: AtCmdFwd service not published, waiting... retryCnt : 4
02-03 00:54:34.039   589  4575 D DlbDap2Process: process() called [840500] times
02-03 00:54:34.896   823   823 W WindowManager: removeWindowToken: Attempted to remove non-existing token: android.os.Binder@5b7b302
02-03 00:54:35.780   579   934 E QC-QMI  : linux_qmi_qmux_io_wake_lock: Err in writing wakelock=qmuxd_port_wl_0, error [1:Operation not permitted]
02-03 00:54:35.780   579   934 E QC-QMI  : linux_qmi_qmux_io_wake_unlock: Err in writing wakelock=qmuxd_port_wl_0, error [1:Operation not permitted]
