02-04 23:04:29.489   593 29951 D DlbDap2QmfProcess: setParam(aobs = #222[20, 10, 47, 141, 234, 328, 469, 656, 844, 1031, 1313, 1688, 2250, 3000, 3750, 4688, 5813, 7125, 9000, 11250, 13875, 19688, 0, 0, 0, 0, 0, 0, 0, 0, 0, 0, 0, 0, 0, 0, 0, 0, 0, 0, 0, 0, 0, 0, 0, 0, 0, 0, 0, 0, 0, 0, 0, 0, 0, 0, 0, 0, 0, 0, 0, 0, 0, 0, 0, 0, 0, 0, 0, 0, 0, 0, 0, 0, 0, 0, 0, 0, 0, 0, 0, 0, 0, 0, 0, 0, 0, 0, 0, 0, 0, 0, 0, 0, 0, 0, 0, 0, 0, 0, 0, 0, 0, 0, 0, 0, 0, 0, 0, 0, 0, 0, 0, 0, 0, 0, 0, 0, 0, 0, 0, 0, 0, 0, 0, 0, 0, 0, 0, 0, 0, 0, 0, 0, 0, 0, 0, 0, 0, 0, 0, 0, 0, 0, 0, 0, 0, 0, 0, 0, 0, 0, 0, 0, 0, 0, 0, 0, 0, 0, 0, 0, 0, 0, 0, 0, 0, 0, 0, 0, 0, 0, 0, 0, 0, 0, 0, 0, 0, 0, 0, 0, 0, 0, 0, 0, 0, 0, 0, 0, 0, 0, 0, 0, 0, 0, 0, 0, 0, 0, 0, 0, 0, 0, 0, 0, 0, 0, 0, 0, 0, 0, 0, 0, 0, 0, 0, 0, 0, 0, 0, 0])
02-04 23:04:29.489   593 29951 D DlbDap2QmfProcess: setParam(dvle = #1[1])
02-04 23:04:29.489   593 29951 D DlbDap2QmfProcess: setParam(dvli = #1[-496])
02-04 23:04:29.489   593 29951 D DlbDap2QmfProcess: setParam(dvlo = #1[-176])
02-04 23:04:29.489   593 29951 D ARenderer: updateDapVolumeLeveler: Setting output level to -11.00dB
02-04 23:04:29.489   593 29951 D DlbDap2QmfProcess: setParam(vmb = #1[0])
02-04 23:04:29.489   593 29951 D DlbDap2QmfProcess: setParam(preg = #1[-384])
02-04 23:04:29.489   593 29951 D DlbDap2QmfProcess: setParam(vol = #1[384])
02-04 23:04:29.489   593 29951 D DlbDlbBufferProvider: setConfig() Updating buffer configuration.
02-04 23:04:29.489   593 29951 D DlbDap2QmfProcess: processQmf() called [0] times
02-04 23:04:29.489   593 29951 D DlbDap2QmfProcess: setMave(mave = 0)
02-04 23:04:29.498 29890 29890 D featureTest: receive broadcast , change ds profile id :5
02-04 23:04:29.506   589 29945 D AudioTrack: Client defaulted notificationFrames to 12000 for frameCount 24000
02-04 23:04:29.507   581  5142 I AudioFlinger: attachAuxEffect(): Marking track 570 as containing processed audio
02-04 23:04:29.507   581  5142 D AudioFlinger: trackContainsProcessedAudio() Track id 570 contains processed audio
02-04 23:04:29.507   581  5143 D DlbDlbEffect: handle_EFFECT_CMD_DISABLE()
02-04 23:04:29.507   581  5143 D DlbDapCrossfadeProcess: setEnabled transitioning from PREROLL_ACTIVE state to DAP_BYPASSED
02-04 23:04:29.510   416   416 W /system/bin/hw/android.hidl.allocator@1.0-service: ashmem_create_region(7680) returning hidl_memory(0x7590c2c2e0, 7680)
02-04 23:04:29.510   581  5143 D DlbDlbEffect: handle_EFFECT_CMD_SET_CONFIG()
02-04 23:04:29.510   581  5143 D DlbDapEndpointParamCache: setDevice(device=0x00000002)
02-04 23:04:29.511   421   421 D DMSService: setActiveDevice called with device = 0x2
02-04 23:04:29.511   581  5143 D DlbDlbEffect: handle_EFFECT_CMD_ENABLE()
02-04 23:04:29.511   581  5143 D DlbDapCrossfadeProcess: setEnabled transitioning from DAP_BYPASSED state to PREROLL_ACTIVE
02-04 23:04:29.511   581  5143 D AudioFlinger: trackStateChanged() Track id 570 state changed to 6
02-04 23:04:29.511   581  5143 I AudioFlinger: updateProcessedAudioState() Changing content processing in effect to 1
02-04 23:04:29.511   581  5143 D DlbDlbEffect: handle_EFFECT_CMD_SET_PARAM()
02-04 23:04:29.513   581  5143 I DlbEffectContext: setContentProcEnabled() Disabling content processing in effect
02-04 23:04:29.513   581  5143 D DlbDapEndpointParamCache: commitChangedParams()
02-04 23:04:29.513   581  5143 D DlbDapEndpointParamCache: commit() Applying parameters for device 0x40000000
02-04 23:04:29.513   581  5143 D DlbDap2Process: setParam(msce = #1[0])
02-04 23:04:29.513   581  5143 D DlbDap2Process: setParam(mdee = #1[0])
02-04 23:04:29.513   581  5143 D DlbDap2Process: setParam(miee = #1[0])
02-04 23:04:29.513   581  5143 D DlbDap2Process: setParam(mdle = #1[0])
02-04 23:04:29.513   581  5143 D DlbDap2Process: setParam(dvle = #1[0])
02-04 23:04:29.513   581  5143 D DlbDap2Process: setParam(mave = #1[0])
02-04 23:04:29.513   581  5143 D DlbDap2Process: setParam(ieon = #1[0])
02-04 23:04:29.513   581  5143 D DlbDapEndpointParamCache: doCommit() Committed 7 parameters out of 16.
02-04 23:04:29.513   581  5143 D DlbDapEndpointParamCache: commit() Overriding parameters for current device 0x00000002
02-04 23:04:29.513   581  5143 D DlbDap2Process: setParam(dom = #1[0])
02-04 23:04:29.513   581  5143 D DlbDap2Process: setParam(dvle = #1[0])
02-04 23:04:29.513   581  5143 D DlbDap2Process: setParam(dvme = #1[0])
02-04 23:04:29.513   581  5143 D DlbDap2Process: setParam(deon = #1[0])
02-04 23:04:29.513   581  5143 D DlbDap2Process: setParam(ngon = #1[0])
02-04 23:04:29.513   581  5143 D DlbDapEndpointParamCache: doCommit() Committed 5 parameters out of 37.
02-04 23:04:29.514   589 29941 D NuPlayerDriver: notifyListener_l(0xe5732310), (6, 0, 0, -1), loop setting(0, 1)
02-04 23:04:29.515   581  5115 D DlbDap2Process: setMave(mave = 0)
02-04 23:04:29.517   581   581 D DlbDlbEffect: handle_EFFECT_CMD_SET_PARAM()
02-04 23:04:29.518   421   460 I DapController: Profile Changed to Custom
02-04 23:04:29.521   593 29951 D ARenderer: updateDapConfig: Updating DAP configuration
02-04 23:04:29.521   593 29951 D DlbDap2QmfProcess: setParam(iea = #1[10])
02-04 23:04:29.521   593 29951 D DlbDap2QmfProcess: setParam(msce = #1[0])
02-04 23:04:29.521   593 29951 D DlbDap2QmfProcess: setParam(mdee = #1[0])
02-04 23:04:29.521   593 29951 D DlbDap2QmfProcess: setParam(miee = #1[0])
02-04 23:04:29.521   593 29951 D DlbDap2QmfProcess: setParam(mdle = #1[0])
02-04 23:04:29.521   593 29951 D DlbDap2QmfProcess: setParam(dvle = #1[1])
02-04 23:04:29.521   593 29951 D DlbDap2QmfProcess: setParam(mave = #1[0])
02-04 23:04:29.521   593 29951 D DlbDap2QmfProcess: setParam(vcbf = #20[47, 141, 234, 328, 469, 656, 844, 1031, 1313, 1688, 2250, 3000, 3750, 4688, 5813, 7125, 9000, 11250, 13875, 19688])
02-04 23:04:29.522   593 29951 D DlbDap2QmfProcess: setParam(ieon = #1[0])
02-04 23:04:29.522   593 29951 D DlbDap2QmfProcess: setParam(gebs = #41[20, 47, 141, 234, 328, 469, 656, 844, 1031, 1313, 1688, 2250, 3000, 3750, 4688, 5813, 7125, 9000, 11250, 13875, 19688, 0, 0, 0, 0, 0, 0, 0, 0, 0, 0, 0, 0, 0, 0, 0, 0, 0, 0, 0, 0])
02-04 23:04:29.522   593 29951 D DlbDap2QmfProcess: setParam(iebs = #41[20, 65, 136, 223, 332, 467, 634, 841, 1098, 1416, 1812, 2302, 2909, 3663, 4598, 5756, 7194, 8976, 11186, 13927, 17326, 117, 133, 188, 176, 141, 149, 175, 185, 185, 200, 236, 242, 228, 213, 182, 132, 110, 68, -27, -240])
02-04 23:04:29.522   593 29951 D DlbDap2QmfProcess: setParam(dea = #1[7])
02-04 23:04:29.522   593 29951 D DlbDap2QmfProcess: setParam(dsa = #1[10])
02-04 23:04:29.522   593 29951 D DlbDap2QmfProcess: setParam(beb = #1[192])
02-04 23:04:29.522   593 29951 D DlbDap2QmfProcess: setParam(plb = #1[0])
02-04 23:04:29.522   593 29951 D DlbDap2QmfProcess: setParam(vmb = #1[144])
02-04 23:04:29.522   589   589 W MediaClock: reject anchor time since it is negative.
02-04 23:04:29.522   593 29951 D DlbDap2QmfProcess: setParam(dsb = #1[48])
02-04 23:04:29.522   593 29951 D DlbDap2QmfProcess: setParam(ded = #1[0])
02-04 23:04:29.522   593 29951 D DlbDap2QmfProcess: setParam(dom = #1[0])
02-04 23:04:29.522   593 29951 D DlbDap2QmfProcess: setParam(bew = #1[16])
02-04 23:04:29.522   593 29951 D DlbDap2QmfProcess: setParam(dvla = #1[5])
02-04 23:04:29.522   593 29951 D DlbDap2QmfProcess: setParam(dfsa = #1[10])
02-04 23:04:29.522   593 29951 D DlbDap2QmfProcess: setParam(dhsa = #1[10])
02-04 23:04:29.522   593 29951 D DlbDap2QmfProcess: setParam(dvmc = #1[0])
02-04 23:04:29.522   593 29951 D DlbDap2QmfProcess: setParam(dvle = #1[1])
02-04 23:04:29.522   593 29951 D DlbDap2QmfProcess: setParam(dvme = #1[0])
02-04 23:04:29.522   593 29951 D DlbDap2QmfProcess: setParam(becf = #1[200])
02-04 23:04:29.522   593 29951 D DlbDap2QmfProcess: setParam(vbmf = #2[94, 469])
02-04 23:04:29.522   593 29951 D DlbDap2QmfProcess: setParam(vbsf = #2[35, 160])
02-04 23:04:29.522   593 29951 D DlbDap2QmfProcess: setParam(vbhg = #3[-32, -144, -192])
02-04 23:04:29.522   593 29951 D DlbDap2QmfProcess: setParam(vbog = #1[0])
02-04 23:04:29.522   593 29951 D DlbDap2QmfProcess: setParam(vbsg = #1[0])
02-04 23:04:29.522   593 29951 D DlbDap2QmfProcess: setParam(dvli = #1[-320])
02-04 23:04:29.522   593 29951 D DlbDap2QmfProcess: setParam(dhfm = #1[2])
02-04 23:04:29.522   593 29951 D DlbDap2QmfProcess: setParam(deon = #1[0])
02-04 23:04:29.522   593 29951 D DlbDap2QmfProcess: setParam(ngon = #1[1])
02-04 23:04:29.522   593 29951 D DlbDap2QmfProcess: setParam(dvlo = #1[-320])
02-04 23:04:29.523   593 29951 D DlbDap2QmfProcess: setParam(aobs = #222[20, 10, 47, 141, 234, 328, 469, 656, 844, 1031, 1313, 1688, 2250, 3000, 3750, 4688, 5813, 7125, 9000, 11250, 13875, 19688, 0, 0, 0, 0, 0, 0, 0, 0, 0, 0, 0, 0, 0, 0, 0, 0, 0, 0, 0, 0, 0, 0, 0, 0, 0, 0, 0, 0, 0, 0, 0, 0, 0, 0, 0, 0, 0, 0, 0, 0, 0, 0, 0, 0, 0, 0, 0, 0, 0, 0, 0, 0, 0, 0, 0, 0, 0, 0, 0, 0, 0, 0, 0, 0, 0, 0, 0, 0, 0, 0, 0, 0, 0, 0, 0, 0, 0, 0, 0, 0, 0, 0, 0, 0, 0, 0, 0, 0, 0, 0, 0, 0, 0, 0, 0, 0, 0, 0, 0, 0, 0, 0, 0, 0, 0, 0, 0, 0, 0, 0, 0, 0, 0, 0, 0, 0, 0, 0, 0, 0, 0, 0, 0, 0, 0, 0, 0, 0, 0, 0, 0, 0, 0, 0, 0, 0, 0, 0, 0, 0, 0, 0, 0, 0, 0, 0, 0, 0, 0, 0, 0, 0, 0, 0, 0, 0, 0, 0, 0, 0, 0, 0, 0, 0, 0, 0, 0, 0, 0, 0, 0, 0, 0, 0, 0, 0, 0, 0, 0, 0, 0, 0, 0, 0, 0, 0, 0, 0, 0, 0, 0, 0, 0, 0, 0, 0, 0, 0, 0, 0])
02-04 23:04:29.523   593 29951 D DlbDap2QmfProcess: setParam(dvle = #1[1])
02-04 23:04:29.523   593 29951 D DlbDap2QmfProcess: setParam(dvli = #1[-496])
02-04 23:04:29.523   593 29951 D DlbDap2QmfProcess: setParam(dvlo = #1[-176])
02-04 23:04:29.523   593 29951 D ARenderer: updateDapVolumeLeveler: Setting output level to -11.00dB
02-04 23:04:29.523   593 29951 D DlbDap2QmfProcess: setParam(vmb = #1[0])
02-04 23:04:29.523   593 29951 D DlbDap2QmfProcess: setParam(preg = #1[-384])
02-04 23:04:29.523   593 29951 D DlbDap2QmfProcess: setParam(vol = #1[384])
02-04 23:04:29.523   593 29951 D DlbDap2QmfProcess: setMave(mave = 0)
02-04 23:04:29.577 29890 29890 D featureTest: receive broadcast , change virtual speaker  virtualizer :0
02-04 23:04:29.580   581  5115 D DlbDapEndpointParamCache: commitChangedParams()
02-04 23:04:29.580   581  5115 D DlbDapEndpointParamCache: commit() Applying parameters for device 0x40000000
02-04 23:04:29.580   581  5115 D DlbDap2Process: setParam(iea = #1[10])
02-04 23:04:29.580   581  5115 D DlbDap2Process: setParam(vcbf = #20[47, 141, 234, 328, 469, 656, 844, 1031, 1313, 1688, 2250, 3000, 3750, 4688, 5813, 7125, 9000, 11250, 13875, 19688])
02-04 23:04:29.581   581  5115 D DlbDap2Process: setParam(vbon = #1[0])
02-04 23:04:29.581   581  5115 D DlbDap2Process: setParam(beon = #1[0])
02-04 23:04:29.581   581  5115 D DlbDap2Process: setParam(geon = #1[0])
02-04 23:04:29.581   581  5115 D DlbDap2Process: setParam(gebs = #41[20, 47, 141, 234, 328, 469, 656, 844, 1031, 1313, 1688, 2250, 3000, 3750, 4688, 5813, 7125, 9000, 11250, 13875, 19688, 0, 0, 0, 0, 0, 0, 0, 0, 0, 0, 0, 0, 0, 0, 0, 0, 0, 0, 0, 0])
02-04 23:04:29.581   581  5115 D DlbDap2Process: setParam(iebs = #41[20, 65, 136, 223, 332, 467, 634, 841, 1098, 1416, 1812, 2302, 2909, 3663, 4598, 5756, 7194, 8976, 11186, 13927, 17326, 117, 133, 188, 176, 141, 149, 175, 185, 185, 200, 236, 242, 228, 213, 182, 132, 110, 68, -27, -240])
02-04 23:04:29.581   581  5115 D DlbDapEndpointParamCache: doCommit() Committed 8 parameters out of 16.
02-04 23:04:29.581   581  5115 D DlbDapEndpointParamCache: commit() Overriding parameters for current device 0x00000002
02-04 23:04:29.581   581  5115 D DlbDap2Process: setParam(dea = #1[7])
02-04 23:04:29.581   581  5115 D DlbDap2Process: setParam(dsa = #1[10])
02-04 23:04:29.581   581  5115 D DlbDap2Process: setParam(beb = #1[192])
02-04 23:04:29.581   581  5115 D DlbDap2Process: setParam(plb = #1[0])
02-04 23:04:29.581   581  5115 D DlbDap2Process: setParam(vmb = #1[144])
02-04 23:04:29.581   581  5115 D DlbDap2Process: setParam(dsb = #1[48])
02-04 23:04:29.581   581  5115 D DlbDap2Process: setParam(ded = #1[0])
02-04 23:04:29.581   581  5115 D DlbDap2Process: setParam(vbm = #1[3])
02-04 23:04:29.581   581  5115 D DlbDap2Process: setParam(bew = #1[16])
02-04 23:04:29.581   581  5115 D DlbDap2Process: setParam(dvla = #1[5])
02-04 23:04:29.581   581  5115 D DlbDap2Process: setParam(arra = #1[96])
02-04 23:04:29.581   581  5115 D DlbDap2Process: setParam(dfsa = #1[10])
02-04 23:04:29.581   581  5115 D DlbDap2Process: setParam(dhsa = #1[10])
02-04 23:04:29.581   581  5115 D DlbDap2Process: setParam(dvmc = #1[0])
02-04 23:04:29.581   581  5115 D DlbDap2Process: setParam(arod = #1[0])
02-04 23:04:29.581   581  5115 D DlbDap2Process: setParam(arde = #1[1])
02-04 23:04:29.581   581  5115 D DlbDap2Process: setParam(becf = #1[200])
02-04 23:04:29.581   581  5115 D DlbDap2Process: setParam(vbmf = #2[94, 469])
02-04 23:04:29.581   581  5115 D DlbDap2Process: setParam(vbsf = #2[35, 160])
02-04 23:04:29.581   581  5115 D DlbDap2Process: setParam(vbhg = #3[-32, -144, -192])
02-04 23:04:29.581   581  5115 D DlbDap2Process: setParam(vbog = #1[0])
02-04 23:04:29.582   581  5115 D DlbDap2Process: setParam(vbsg = #1[0])
02-04 23:04:29.582   581  5115 D DlbDap2Process: setParam(dvli = #1[-320])
02-04 23:04:29.582   581  5115 D DlbDap2Process: setParam(dhfm = #1[2])
02-04 23:04:29.582   581  5115 D DlbDap2Process: setParam(vbon = #1[0])
02-04 23:04:29.582   581  5115 D DlbDap2Process: setParam(beon = #1[0])
02-04 23:04:29.582   581  5115 D DlbDap2Process: setParam(aoon = #1[1])
02-04 23:04:29.582   581  5115 D DlbDap2Process: setParam(aron = #1[1])
02-04 23:04:29.582   581  5115 D DlbDap2Process: setParam(dvlo = #1[-320])
02-04 23:04:29.582   581  5115 D DlbDap2Process: setParam(artp = #1[12])
02-04 23:04:29.582   581  5115 D DlbDap2Process: setParam(aobs = #222[20, 10, 47, 141, 234, 328, 469, 656, 844, 1031, 1313, 1688, 2250, 3000, 3750, 4688, 5813, 7125, 9000, 11250, 13875, 19688, 0, 0, 0, 0, 0, 0, 0, 0, 0, 0, 0, 0, 0, 0, 0, 0, 0, 0, 0, 0, 0, 0, 0, 0, 0, 0, 0, 0, 0, 0, 0, 0, 0, 0, 0, 0, 0, 0, 0, 0, 0, 0, 0, 0, 0, 0, 0, 0, 0, 0, 0, 0, 0, 0, 0, 0, 0, 0, 0, 0, 0, 0, 0, 0, 0, 0, 0, 0, 0, 0, 0, 0, 0, 0, 0, 0, 0, 0, 0, 0, 0, 0, 0, 0, 0, 0, 0, 0, 0, 0, 0, 0, 0, 0, 0, 0, 0, 0, 0, 0, 0, 0, 0, 0, 0, 0, 0, 0, 0, 0, 0, 0, 0, 0, 0, 0, 0, 0, 0, 0, 0, 0, 0, 0, 0, 0, 0, 0, 0, 0, 0, 0, 0, 0, 0, 0, 0, 0, 0, 0, 0, 0, 0, 0, 0, 0, 0, 0, 0, 0, 0, 0, 0, 0, 0, 0, 0, 0, 0, 0, 0, 0, 0, 0, 0, 0, 0, 0, 0, 0, 0, 0, 0, 0, 0, 0, 0, 0, 0, 0, 0, 0, 0, 0, 0, 0, 0, 0, 0, 0, 0, 0, 0, 0, 0, 0, 0, 0, 0, 0])
02-04 23:04:29.583   581  5115 D DlbDap2Process: setParam(arbs = #81[20, 47, 141, 234, 328, 469, 656, 844, 1031, 1313, 1688, 2250, 3000, 3750, 4688, 5813, 7125, 9000, 11250, 13875, 19688, -192, -192, -192, -192, -192, -192, -192, -192, -192, -192, -192, -192, -192, -192, -192, -192, -192, -192, -192, -192, 0, 0, 0, 0, 0, 0, 0, 0, 0, 0, 0, 0, 0, 0, 0, 0, 0, 0, 0, 0, 0, 0, 0, 0, 0, 0, 0, 0, 0, 0, 0, 0, 0, 0, 0, 0, 0, 0, 0, 0])
02-04 23:04:29.583   581  5115 D DlbDapEndpointParamCache: doCommit() Committed 32 parameters out of 37.
02-04 23:04:29.584   581  5115 D DlbDapCrossfadeProcess: process transitioning from PREROLL_ACTIVE state to FADE_TO_ACTIVE
02-04 23:04:29.584   581   770 D AudioFlinger: mixer(0xf2983980) throttle end: throttle time(39)
02-04 23:04:29.590   581  7829 D DlbDlbEffect: handle_EFFECT_CMD_SET_PARAM()
02-04 23:04:29.650 29890 29890 D featureTest: receive broadcast , record log :0
02-04 23:04:29.659   581  5115 D DlbDapCrossfadeProcess: process transitioning from FADE_TO_ACTIVE state to DAP_ACTIVE
02-04 23:04:29.666 29890 29895 I zygote64: Do partial code cache collection, code=9KB, data=14KB
02-04 23:04:29.666 29890 29895 I zygote64: After code cache collection, code=9KB, data=14KB
02-04 23:04:29.666 29890 29895 I zygote64: Increasing code cache capacity to 128KB
02-04 23:04:29.667 29890 29895 I zygote64: Do partial code cache collection, code=9KB, data=34KB
02-04 23:04:29.668 29890 29895 I zygote64: After code cache collection, code=9KB, data=34KB
02-04 23:04:29.668 29890 29895 I zygote64: Increasing code cache capacity to 256KB
02-04 23:04:29.668 29890 29895 I zygote64: Compiler allocated 8MB to compile void android.widget.TextView.<init>(android.content.Context, android.util.AttributeSet, int, int)
02-04 23:04:29.919 28748 28748 I ServiceManager: Waiting for service AtCmdFwd...
02-04 23:04:30.920 28748 28748 I ServiceManager: Waiting for service AtCmdFwd...
02-04 23:04:31.235   816   816 W WindowManager: removeWindowToken: Attempted to remove non-existing token: android.os.Binder@ef4940e
02-04 23:04:31.265   429   429 D SurfaceFlinger: duplicate layer name: changing Toast to Toast#1
02-04 23:04:31.921 28748 28748 W Atfwd_Sendcmd: AtCmdFwd service not published, waiting... retryCnt : 4
02-04 23:04:32.061   581  5115 D DlbDap2Process: process() called [297500] times
02-04 23:04:33.247   816   816 W WindowManager: removeWindowToken: Attempted to remove non-existing token: android.os.Binder@e1f0427
02-04 23:04:34.496  3552  3552 W SceneBgThread: type=1400 audit(0.0:2846): avc: denied { read } for name="stat" dev="proc" ino=4026548033 scontext=u:r:untrusted_app_25:s0:c512,c768 tcontext=u:object_r:proc_stat:s0 tclass=file permissive=0
02-04 23:04:34.704   581  5115 D DlbDap2Process: process() called [298000] times
