02-04 23:02:22.854   589 26717 D NuPlayerDriver: reset(0xe5732770) at state 5
02-04 23:02:22.856   589 26717 D NuPlayerDriver: notifyListener_l(0xe5732770), (8, 0, 0, -1), loop setting(0, 1)
02-04 23:02:22.867   589 28833 D NuPlayerDriver: notifyResetComplete(0xe5732770)
02-04 23:02:22.867   589 26717 D AudioTrack: stop() called with 0 frames delivered
02-04 23:02:22.997   581   724 D DlbDlbEffect: handle_EFFECT_CMD_DISABLE()
02-04 23:02:22.997   581   724 D DlbDapCrossfadeProcess: setEnabled transitioning from DAP_ACTIVE state to FADE_TO_BYPASS
02-04 23:02:22.999   581   724 D DlbDlbEffect: handle_EFFECT_CMD_SET_CONFIG()
02-04 23:02:23.000   581   724 D DlbDapEndpointParamCache: setDevice(device=0x00000002)
02-04 23:02:23.000   421   421 D DMSService: setActiveDevice called with device = 0x2
02-04 23:02:23.000   581   724 D DlbDlbEffect: handle_EFFECT_CMD_ENABLE()
02-04 23:02:23.000   581   724 D DlbDapCrossfadeProcess: setEnabled transitioning from FADE_TO_BYPASS state to FADE_TO_ACTIVE
02-04 23:02:23.184 28877 28877 D featureTest: onCreate
02-04 23:02:23.375 28877 28877 D AudioTrack: Client defaulted notificationFrames to 962 for frameCount 1924
02-04 23:02:23.383 28877 28877 W AudioTrack: Use of stream types is deprecated for operations other than volume control
02-04 23:02:23.384 28877 28877 W AudioTrack: See the documentation of AudioTrack() for what to use instead with android.media.AudioAttributes to qualify your playback use case
02-04 23:02:23.409 28877 28877 D featureTest: onResume
02-04 23:02:24.022 28877 28877 D featureTest: receive broadcast , playing content location :/sdcard/featureTest/stereo_dd_25fps_channel_id.m4a
02-04 23:02:24.033 28877 28877 D featureTest: mMediaPlayer.getAudioSessionId(): 3929
02-04 23:02:24.033 28877 28877 D featureTest: Playing file: /sdcard/featureTest/stereo_dd_25fps_channel_id.m4a
02-04 23:02:24.034   589  1183 D NuPlayerDriver: NuPlayerDriver(0xe57321c0) created, clientPid(28877)
02-04 23:02:24.053   589 28906 D NuPlayerDriver: notifyListener_l(0xe57321c0), (1, 0, 0, -1), loop setting(0, 0)
02-04 23:02:24.062   589  1183 D NuPlayerDriver: start(0xe57321c0), state is 4, eos is 0
02-04 23:02:24.074   593  5353 I OMXMaster: makeComponentInstance(OMX.dolby.ac3.decoder) in android.hardwar process
02-04 23:02:24.096 28877 28877 D featureTest: receive broadcast , change ds status :1
02-04 23:02:24.111   581   581 D DlbDlbEffect: handle_EFFECT_CMD_SET_PARAM()
02-04 23:02:24.125   593  5353 I DDP_JOCDecoder: -> init name OMX.dolby.ac3.decoder
02-04 23:02:24.127   593  5353 I DDP_JOCDecoder: <- init
02-04 23:02:24.127   593  5353 D DDP_JOCDecoder: initPorts
02-04 23:02:24.130   589 28914 I ACodec  : codec does not support config priority (err -2147483648)
02-04 23:02:24.132   589 28914 I MediaCodec: MediaCodec will operate in async mode
02-04 23:02:24.132   589 28914 I ACodec  : setDolbyParameterOnProcessedAudio() Received dolby_processed_audio=1
02-04 23:02:24.132   589 28913 I NuPlayerDecoder: setDolbyMessage() Notifying player that Codec supports dolby_processed_audio flag
02-04 23:02:24.132   589 28906 I NuPlayer: onDolbyMessageReceived() Setting dolby_processed_audio flag on audio sink
02-04 23:02:24.134   593 20514 D DDP_JOCDecoder: internalSetParameter() Instantiating ARenderer for content processing in decoder
02-04 23:02:24.134   593 20514 I DlbDap2QmfProcess: Dap2Process()
02-04 23:02:24.134   593 20514 I ARenderer: ARenderer
02-04 23:02:24.134   593 20514 I evo_parser: evo_parser_init
02-04 23:02:24.134   593 20514 I DlbDap2QmfProcess: init()
02-04 23:02:24.134   593 20514 I DlbDap2QmfProcess: open()
02-04 23:02:24.135   593 20514 I DlbDap2QmfProcess: loadLicense() no license check!
02-04 23:02:24.135   593 20514 I DlbDap2QmfProcess: validateLicense() no license check!
02-04 23:02:24.135   593 20514 I DlbDap2QmfProcess: init() DAP opened
02-04 23:02:24.135   593 20514 I DlbDap2QmfProcess: DAP library version: 2.5.1-P2.0
02-04 23:02:24.135   593 20514 D DlbDap2QmfProcess: DAP output mode set to 1 with 2 output channels and null mix matrix.
02-04 23:02:24.135   589 28914 I ACodec  : setDolbyParameterOnProcessedAudio() Content processing enabled in decoder
02-04 23:02:24.140   593 28918 I DDP_JOCDecoder: -> start
02-04 23:02:24.141   593 28918 D DDP_JOCDecoder: Setting Max Output Channels to 2
02-04 23:02:24.141   593 28918 D DDP_JOCDecoder: setMultiChannelPCMOutDownmix mConfig->jocForceDownmixMode 0
02-04 23:02:24.141   593 28918 I udc_user: 
02-04 23:02:24.141   593 28918 I udc_user: *** DDPlus Unified Decoder Simulation  Version 1.7.3 ***
02-04 23:02:24.141   593 28918 I udc_user: 
02-04 23:02:24.141   593 28918 I udc_user: 7.1-channel decoder-converter, 
02-04 23:02:24.141   593 28918 I udc_user: 
02-04 23:02:24.141   593 28918 I udc_user: 5.1-channel dual-decoder-converter, 
02-04 23:02:24.141   593 28918 I udc_user: Karaoke unsupported, 
02-04 23:02:24.141   593 28918 I udc_user: TPNP supported. 
02-04 23:02:24.141   593 28918 I udc_user: 
02-04 23:02:24.141   593 28918 I udc_user: Unpublished work.  Copyright 2003-2014 Dolby Laboratories, Inc. and
02-04 23:02:24.141   593 28918 I udc_user: Dolby Laboratories Licensing Corporation.  All Rights Reserved.
02-04 23:02:24.141   593 28918 I udc_user: 
02-04 23:02:24.141   593 28918 I udc_user: USE OF THIS SOFTWARE IS SUBJECT TO A LEGAL AGREEMENT BETWEEN YOU AND DOLBY
02-04 23:02:24.141   593 28918 I udc_user: LABORATORIES. DO NOT USE THIS SOFTWARE UNLESS YOU AGREE TO THE TERMS AND 
02-04 23:02:24.141   593 28918 I udc_user: CONDITIONS IN THE AGREEMENT.  BY USING THIS SOFTWARE, YOU ACKNOWLEDGE THAT 
02-04 23:02:24.141   593 28918 I udc_user: YOU HAVE READ THE AGREEMENT AND THAT YOU AGREE TO BE BOUND BY ITS TERMS. 
02-04 23:02:24.141   593 28918 I udc_user: 
02-04 23:02:24.142   593 28918 I ddpdec_client_joc: ddpdec_open JOCD_MODE Buffer assignment
02-04 23:02:24.142   593 28918 D DDP_JOCDecoder: mStarted = 1
02-04 23:02:24.142   593 28918 I DDP_JOCDecoder: <- start
02-04 23:02:24.142   593 28918 D ddpdec_client_joc: ddpdec_client.c|int configDecoder()
02-04 23:02:24.143   593 28918 D DDP_JOCDecoder: Setting Max Output Channels to 2
02-04 23:02:24.144   593 28918 I DlbDap2QmfProcess: close()
02-04 23:02:24.145   593 28918 I DlbDap2QmfProcess: init()
02-04 23:02:24.145   593 28918 I DlbDap2QmfProcess: open()
02-04 23:02:24.145   593 28918 I DlbDap2QmfProcess: loadLicense() no license check!
02-04 23:02:24.145   593 28918 I DlbDap2QmfProcess: validateLicense() no license check!
02-04 23:02:24.145   593 28918 I DlbDap2QmfProcess: init() DAP opened
02-04 23:02:24.145   593 28918 I DlbDap2QmfProcess: DAP library version: 2.5.1-P2.0
02-04 23:02:24.145   593 28918 D DlbDap2QmfProcess: DAP output mode set to 1 with 2 output channels and null mix matrix.
02-04 23:02:24.145   593 28918 D ARenderer: checkAndUpdateConfig: DAP reinitialized because of sample rate change
02-04 23:02:24.145   593 28918 D ARenderer: updateDapConfig: Updating DAP configuration
02-04 23:02:24.145   593 28918 D DlbDap2QmfProcess: setParam(iea = #1[10])
02-04 23:02:24.145   593 28918 D DlbDap2QmfProcess: setParam(msce = #1[0])
02-04 23:02:24.145   593 28918 D DlbDap2QmfProcess: setParam(mdee = #1[0])
02-04 23:02:24.145   593 28918 D DlbDap2QmfProcess: setParam(miee = #1[0])
02-04 23:02:24.145   593 28918 D DlbDap2QmfProcess: setParam(mdle = #1[0])
02-04 23:02:24.145   593 28918 D DlbDap2QmfProcess: setParam(dvle = #1[1])
02-04 23:02:24.145   593 28918 D DlbDap2QmfProcess: setParam(mave = #1[0])
02-04 23:02:24.146   593 28918 D DlbDap2QmfProcess: setParam(vcbf = #20[47, 141, 234, 328, 469, 656, 844, 1031, 1313, 1688, 2250, 3000, 3750, 4688, 5813, 7125, 9000, 11250, 13875, 19688])
02-04 23:02:24.146   593 28918 D DlbDap2QmfProcess: setParam(ieon = #1[0])
02-04 23:02:24.146   593 28918 D DlbDap2QmfProcess: setParam(gebs = #41[20, 47, 141, 234, 328, 469, 656, 844, 1031, 1313, 1688, 2250, 3000, 3750, 4688, 5813, 7125, 9000, 11250, 13875, 19688, 0, 0, 0, 0, 0, 0, 0, 0, 0, 0, 0, 0, 0, 0, 0, 0, 0, 0, 0, 0])
02-04 23:02:24.146   593 28918 D DlbDap2QmfProcess: setParam(iebs = #41[20, 65, 136, 223, 332, 467, 634, 841, 1098, 1416, 1812, 2302, 2909, 3663, 4598, 5756, 7194, 8976, 11186, 13927, 17326, 117, 133, 188, 176, 141, 149, 175, 185, 185, 200, 236, 242, 228, 213, 182, 132, 110, 68, -27, -240])
02-04 23:02:24.146   593 28918 D DlbDap2QmfProcess: setParam(dea = #1[7])
02-04 23:02:24.146   593 28918 D DlbDap2QmfProcess: setParam(dsa = #1[10])
02-04 23:02:24.146   593 28918 D DlbDap2QmfProcess: setParam(beb = #1[192])
02-04 23:02:24.146   593 28918 D DlbDap2QmfProcess: setParam(plb = #1[0])
02-04 23:02:24.146   593 28918 D DlbDap2QmfProcess: setParam(vmb = #1[144])
02-04 23:02:24.146   593 28918 D DlbDap2QmfProcess: setParam(dsb = #1[48])
02-04 23:02:24.146   593 28918 D DlbDap2QmfProcess: setParam(ded = #1[0])
02-04 23:02:24.146   593 28918 D DlbDap2QmfProcess: setParam(dom = #1[0])
02-04 23:02:24.146   593 28918 D DlbDap2QmfProcess: setParam(bew = #1[16])
02-04 23:02:24.146   593 28918 D DlbDap2QmfProcess: setParam(dvla = #1[5])
02-04 23:02:24.146   593 28918 D DlbDap2QmfProcess: setParam(dfsa = #1[10])
02-04 23:02:24.146   593 28918 D DlbDap2QmfProcess: setParam(dhsa = #1[10])
02-04 23:02:24.146   593 28918 D DlbDap2QmfProcess: setParam(dvmc = #1[0])
02-04 23:02:24.146   593 28918 D DlbDap2QmfProcess: setParam(dvle = #1[1])
02-04 23:02:24.146   593 28918 D DlbDap2QmfProcess: setParam(dvme = #1[0])
02-04 23:02:24.146   593 28918 D DlbDap2QmfProcess: setParam(becf = #1[200])
02-04 23:02:24.146   593 28918 D DlbDap2QmfProcess: setParam(vbmf = #2[94, 469])
02-04 23:02:24.146   593 28918 D DlbDap2QmfProcess: setParam(vbsf = #2[35, 160])
02-04 23:02:24.146   593 28918 D DlbDap2QmfProcess: setParam(vbhg = #3[-32, -144, -192])
02-04 23:02:24.146   593 28918 D DlbDap2QmfProcess: setParam(vbog = #1[0])
02-04 23:02:24.146   593 28918 D DlbDap2QmfProcess: setParam(vbsg = #1[0])
02-04 23:02:24.146   593 28918 D DlbDap2QmfProcess: setParam(dvli = #1[-320])
02-04 23:02:24.146   593 28918 D DlbDap2QmfProcess: setParam(dhfm = #1[2])
02-04 23:02:24.146   593 28918 D DlbDap2QmfProcess: setParam(deon = #1[0])
02-04 23:02:24.146   593 28918 D DlbDap2QmfProcess: setParam(ngon = #1[1])
02-04 23:02:24.146   593 28918 D DlbDap2QmfProcess: setParam(dvlo = #1[-320])
02-04 23:02:24.147   593 28918 D DlbDap2QmfProcess: setParam(aobs = #222[20, 10, 47, 141, 234, 328, 469, 656, 844, 1031, 1313, 1688, 2250, 3000, 3750, 4688, 5813, 7125, 9000, 11250, 13875, 19688, 0, 0, 0, 0, 0, 0, 0, 0, 0, 0, 0, 0, 0, 0, 0, 0, 0, 0, 0, 0, 0, 0, 0, 0, 0, 0, 0, 0, 0, 0, 0, 0, 0, 0, 0, 0, 0, 0, 0, 0, 0, 0, 0, 0, 0, 0, 0, 0, 0, 0, 0, 0, 0, 0, 0, 0, 0, 0, 0, 0, 0, 0, 0, 0, 0, 0, 0, 0, 0, 0, 0, 0, 0, 0, 0, 0, 0, 0, 0, 0, 0, 0, 0, 0, 0, 0, 0, 0, 0, 0, 0, 0, 0, 0, 0, 0, 0, 0, 0, 0, 0, 0, 0, 0, 0, 0, 0, 0, 0, 0, 0, 0, 0, 0, 0, 0, 0, 0, 0, 0, 0, 0, 0, 0, 0, 0, 0, 0, 0, 0, 0, 0, 0, 0, 0, 0, 0, 0, 0, 0, 0, 0, 0, 0, 0, 0, 0, 0, 0, 0, 0, 0, 0, 0, 0, 0, 0, 0, 0, 0, 0, 0, 0, 0, 0, 0, 0, 0, 0, 0, 0, 0, 0, 0, 0, 0, 0, 0, 0, 0, 0, 0, 0, 0, 0, 0, 0, 0, 0, 0, 0, 0, 0, 0, 0, 0, 0, 0, 0, 0])
02-04 23:02:24.147   593 28918 D DlbDap2QmfProcess: setParam(dvle = #1[1])
02-04 23:02:24.147   593 28918 D DlbDap2QmfProcess: setParam(dvli = #1[-496])
02-04 23:02:24.147   593 28918 D DlbDap2QmfProcess: setParam(dvlo = #1[-176])
02-04 23:02:24.147   593 28918 D ARenderer: updateDapVolumeLeveler: Setting output level to -11.00dB
02-04 23:02:24.147   593 28918 D DlbDap2QmfProcess: setParam(vmb = #1[0])
02-04 23:02:24.147   593 28918 D DlbDap2QmfProcess: setParam(preg = #1[-384])
02-04 23:02:24.147   593 28918 D DlbDap2QmfProcess: setParam(vol = #1[384])
02-04 23:02:24.147   593 28918 D DlbDap2QmfProcess: processQmf() called [0] times
02-04 23:02:24.147   593 28918 D DlbDap2QmfProcess: setMave(mave = 0)
02-04 23:02:24.157   589 28912 D AudioTrack: Client defaulted notificationFrames to 12000 for frameCount 24000
02-04 23:02:24.158   581   731 I AudioFlinger: attachAuxEffect(): Marking track 542 as containing processed audio
02-04 23:02:24.158   581   731 D AudioFlinger: trackContainsProcessedAudio() Track id 542 contains processed audio
02-04 23:02:24.158   581  5110 D AudioFlinger: trackStateChanged() Track id 542 state changed to 6
02-04 23:02:24.158   581  5110 I AudioFlinger: updateProcessedAudioState() Changing content processing in effect to 1
02-04 23:02:24.158   581  5110 D DlbDlbEffect: handle_EFFECT_CMD_SET_PARAM()
02-04 23:02:24.160   581  5110 I DlbEffectContext: setContentProcEnabled() Disabling content processing in effect
02-04 23:02:24.161   581  5110 D DlbDapEndpointParamCache: commitChangedParams()
02-04 23:02:24.162   581  5110 D DlbDapEndpointParamCache: commit() Applying parameters for device 0x40000000
02-04 23:02:24.162   581  5110 D DlbDap2Process: setParam(msce = #1[0])
02-04 23:02:24.162   581  5110 D DlbDap2Process: setParam(mdee = #1[0])
02-04 23:02:24.162   581  5110 D DlbDap2Process: setParam(miee = #1[0])
02-04 23:02:24.162   581  5110 D DlbDap2Process: setParam(mdle = #1[0])
02-04 23:02:24.162   581  5110 D DlbDap2Process: setParam(dvle = #1[0])
02-04 23:02:24.162   581  5110 D DlbDap2Process: setParam(mave = #1[0])
02-04 23:02:24.162   581  5110 D DlbDap2Process: setParam(ieon = #1[0])
02-04 23:02:24.162   581  5110 D DlbDapEndpointParamCache: doCommit() Committed 7 parameters out of 16.
02-04 23:02:24.162   581  5110 D DlbDapEndpointParamCache: commit() Overriding parameters for current device 0x00000002
02-04 23:02:24.162   581  5110 D DlbDap2Process: setParam(dom = #1[0])
02-04 23:02:24.162   581  5110 D DlbDap2Process: setParam(dvle = #1[0])
02-04 23:02:24.162   581  5110 D DlbDap2Process: setParam(dvme = #1[0])
02-04 23:02:24.162   581  5110 D DlbDap2Process: setParam(deon = #1[0])
02-04 23:02:24.162   581  5110 D DlbDap2Process: setParam(ngon = #1[0])
02-04 23:02:24.162   581  5110 D DlbDapEndpointParamCache: doCommit() Committed 5 parameters out of 37.
02-04 23:02:24.163   589 28906 D NuPlayerDriver: notifyListener_l(0xe57321c0), (6, 0, 0, -1), loop setting(0, 1)
02-04 23:02:24.163   581  5115 D DlbDap2Process: setMave(mave = 0)
02-04 23:02:24.165   581  5115 D DlbDapCrossfadeProcess: process transitioning from FADE_TO_ACTIVE state to DAP_ACTIVE
02-04 23:02:24.170 28877 28877 D featureTest: receive broadcast , change ds profile id :1
02-04 23:02:24.183   581  5356 D DlbDlbEffect: handle_EFFECT_CMD_SET_PARAM()
02-04 23:02:24.183   421   460 I DapController: Profile Changed to Movie
02-04 23:02:24.186   593 28918 D ARenderer: updateDapConfig: Updating DAP configuration
02-04 23:02:24.186   593 28918 D DlbDap2QmfProcess: setParam(iea = #1[10])
02-04 23:02:24.186   593 28918 D DlbDap2QmfProcess: setParam(msce = #1[0])
02-04 23:02:24.186   593 28918 D DlbDap2QmfProcess: setParam(mdee = #1[0])
02-04 23:02:24.186   593 28918 D DlbDap2QmfProcess: setParam(miee = #1[0])
02-04 23:02:24.186   593 28918 D DlbDap2QmfProcess: setParam(mdle = #1[0])
02-04 23:02:24.186   593 28918 D DlbDap2QmfProcess: setParam(dvle = #1[1])
02-04 23:02:24.186   593 28918 D DlbDap2QmfProcess: setParam(mave = #1[0])
02-04 23:02:24.186   593 28918 D DlbDap2QmfProcess: setParam(vcbf = #20[47, 141, 234, 328, 469, 656, 844, 1031, 1313, 1688, 2250, 3000, 3750, 4688, 5813, 7125, 9000, 11250, 13875, 19688])
02-04 23:02:24.186   593 28918 D DlbDap2QmfProcess: setParam(ieon = #1[0])
02-04 23:02:24.186   593 28918 D DlbDap2QmfProcess: setParam(gebs = #41[20, 47, 141, 234, 328, 469, 656, 844, 1031, 1313, 1688, 2250, 3000, 3750, 4688, 5813, 7125, 9000, 11250, 13875, 19688, 0, 0, 0, 0, 0, 0, 0, 0, 0, 0, 0, 0, 0, 0, 0, 0, 0, 0, 0, 0])
02-04 23:02:24.186   593 28918 D DlbDap2QmfProcess: setParam(iebs = #41[20, 65, 136, 223, 332, 467, 634, 841, 1098, 1416, 1812, 2302, 2909, 3663, 4598, 5756, 7194, 8976, 11186, 13927, 17326, 117, 133, 188, 176, 141, 149, 175, 185, 185, 200, 236, 242, 228, 213, 182, 132, 110, 68, -27, -240])
02-04 23:02:24.186   593 28918 D DlbDap2QmfProcess: setParam(dea = #1[5])
02-04 23:02:24.186   593 28918 D DlbDap2QmfProcess: setParam(dsa = #1[10])
02-04 23:02:24.186   593 28918 D DlbDap2QmfProcess: setParam(beb = #1[192])
02-04 23:02:24.186   593 28918 D DlbDap2QmfProcess: setParam(plb = #1[0])
02-04 23:02:24.186   593 28918 D DlbDap2QmfProcess: setParam(vmb = #1[144])
02-04 23:02:24.186   593 28918 D DlbDap2QmfProcess: setParam(dsb = #1[96])
02-04 23:02:24.186   593 28918 D DlbDap2QmfProcess: setParam(ded = #1[0])
02-04 23:02:24.186   593 28918 D DlbDap2QmfProcess: DAP output mode set to 11 with 2 output channels and custom mix matrix.
02-04 23:02:24.186   593 28918 D DlbDap2QmfProcess: setParam(dom = #17[1, 16384, 0, 0, 16384, 11583, 11583, 8192, 8192, 16384, 0, 0, 16384, 16384, 0, 0, 16384])
02-04 23:02:24.186   593 28918 D DlbDap2QmfProcess: setParam(bew = #1[16])
02-04 23:02:24.186   593 28918 D DlbDap2QmfProcess: setParam(dvla = #1[7])
02-04 23:02:24.186   593 28918 D DlbDap2QmfProcess: setParam(dfsa = #1[10])
02-04 23:02:24.186   593 28918 D DlbDap2QmfProcess: setParam(dhsa = #1[10])
02-04 23:02:24.186   593 28918 D DlbDap2QmfProcess: setParam(dvmc = #1[0])
02-04 23:02:24.186   593 28918 D DlbDap2QmfProcess: setParam(dvle = #1[1])
02-04 23:02:24.186   593 28918 D DlbDap2QmfProcess: setParam(dvme = #1[0])
02-04 23:02:24.186   593 28918 D DlbDap2QmfProcess: setParam(becf = #1[200])
02-04 23:02:24.186   593 28918 D DlbDap2QmfProcess: setParam(vbmf = #2[94, 469])
02-04 23:02:24.186   593 28918 D DlbDap2QmfProcess: setParam(vbsf = #2[35, 160])
02-04 23:02:24.186   593 28918 D DlbDap2QmfProcess: setParam(vbhg = #3[-32, -144, -192])
02-04 23:02:24.186   593 28918 D DlbDap2QmfProcess: setParam(vbog = #1[0])
02-04 23:02:24.187   593 28918 D DlbDap2QmfProcess: setParam(vbsg = #1[0])
02-04 23:02:24.187   593 28918 D DlbDap2QmfProcess: setParam(dvli = #1[-320])
02-04 23:02:24.187   593 28918 D DlbDap2QmfProcess: setParam(dhfm = #1[2])
02-04 23:02:24.187   593 28918 D DlbDap2QmfProcess: setParam(deon = #1[1])
02-04 23:02:24.187   593 28918 D DlbDap2QmfProcess: setParam(ngon = #1[1])
02-04 23:02:24.187   593 28918 D DlbDap2QmfProcess: setParam(dvlo = #1[-320])
02-04 23:02:24.187   593 28918 D DlbDap2QmfProcess: setParam(aobs = #222[20, 10, 47, 141, 234, 328, 469, 656, 844, 1031, 1313, 1688, 2250, 3000, 3750, 4688, 5813, 7125, 9000, 11250, 13875, 19688, 0, 0, 0, 0, 0, 0, 0, 0, 0, 0, 0, 0, 0, 0, 0, 0, 0, 0, 0, 0, 0, 0, 0, 0, 0, 0, 0, 0, 0, 0, 0, 0, 0, 0, 0, 0, 0, 0, 0, 0, 0, 0, 0, 0, 0, 0, 0, 0, 0, 0, 0, 0, 0, 0, 0, 0, 0, 0, 0, 0, 0, 0, 0, 0, 0, 0, 0, 0, 0, 0, 0, 0, 0, 0, 0, 0, 0, 0, 0, 0, 0, 0, 0, 0, 0, 0, 0, 0, 0, 0, 0, 0, 0, 0, 0, 0, 0, 0, 0, 0, 0, 0, 0, 0, 0, 0, 0, 0, 0, 0, 0, 0, 0, 0, 0, 0, 0, 0, 0, 0, 0, 0, 0, 0, 0, 0, 0, 0, 0, 0, 0, 0, 0, 0, 0, 0, 0, 0, 0, 0, 0, 0, 0, 0, 0, 0, 0, 0, 0, 0, 0, 0, 0, 0, 0, 0, 0, 0, 0, 0, 0, 0, 0, 0, 0, 0, 0, 0, 0, 0, 0, 0, 0, 0, 0, 0, 0, 0, 0, 0, 0, 0, 0, 0, 0, 0, 0, 0, 0, 0, 0, 0, 0, 0, 0, 0, 0, 0, 0, 0])
02-04 23:02:24.187   593 28918 D DlbDap2QmfProcess: setParam(dvle = #1[1])
02-04 23:02:24.187   593 28918 D DlbDap2QmfProcess: setParam(dvli = #1[-496])
02-04 23:02:24.187   593 28918 D DlbDap2QmfProcess: setParam(dvlo = #1[-176])
02-04 23:02:24.187   593 28918 D ARenderer: updateDapVolumeLeveler: Setting output level to -11.00dB
02-04 23:02:24.187   593 28918 D DlbDap2QmfProcess: setParam(vmb = #1[0])
02-04 23:02:24.187   593 28918 D DlbDap2QmfProcess: setParam(preg = #1[-384])
02-04 23:02:24.187   593 28918 D DlbDap2QmfProcess: setParam(vol = #1[384])
02-04 23:02:24.187   593 28918 D DlbDap2QmfProcess: setMave(mave = 0)
02-04 23:02:24.214   581  5115 D DlbDapEndpointParamCache: commitChangedParams()
02-04 23:02:24.214   581  5115 D DlbDapEndpointParamCache: commit() Applying parameters for device 0x40000000
02-04 23:02:24.214   581  5115 D DlbDap2Process: setParam(iea = #1[10])
02-04 23:02:24.214   581  5115 D DlbDap2Process: setParam(vcbf = #20[47, 141, 234, 328, 469, 656, 844, 1031, 1313, 1688, 2250, 3000, 3750, 4688, 5813, 7125, 9000, 11250, 13875, 19688])
02-04 23:02:24.214   581  5115 D DlbDap2Process: setParam(vbon = #1[0])
02-04 23:02:24.214   581  5115 D DlbDap2Process: setParam(beon = #1[0])
02-04 23:02:24.214   581  5115 D DlbDap2Process: setParam(geon = #1[0])
02-04 23:02:24.214   581  5115 D DlbDap2Process: setParam(gebs = #41[20, 47, 141, 234, 328, 469, 656, 844, 1031, 1313, 1688, 2250, 3000, 3750, 4688, 5813, 7125, 9000, 11250, 13875, 19688, 0, 0, 0, 0, 0, 0, 0, 0, 0, 0, 0, 0, 0, 0, 0, 0, 0, 0, 0, 0])
02-04 23:02:24.214   581  5115 D DlbDap2Process: setParam(iebs = #41[20, 65, 136, 223, 332, 467, 634, 841, 1098, 1416, 1812, 2302, 2909, 3663, 4598, 5756, 7194, 8976, 11186, 13927, 17326, 117, 133, 188, 176, 141, 149, 175, 185, 185, 200, 236, 242, 228, 213, 182, 132, 110, 68, -27, -240])
02-04 23:02:24.214   581  5115 D DlbDapEndpointParamCache: doCommit() Committed 8 parameters out of 16.
02-04 23:02:24.214   581  5115 D DlbDapEndpointParamCache: commit() Overriding parameters for current device 0x00000002
02-04 23:02:24.214   581  5115 D DlbDap2Process: setParam(dea = #1[5])
02-04 23:02:24.214   581  5115 D DlbDap2Process: setParam(dsa = #1[10])
02-04 23:02:24.214   581  5115 D DlbDap2Process: setParam(beb = #1[192])
02-04 23:02:24.214   581  5115 D DlbDap2Process: setParam(plb = #1[0])
02-04 23:02:24.214   581  5115 D DlbDap2Process: setParam(vmb = #1[144])
02-04 23:02:24.214   581  5115 D DlbDap2Process: setParam(dsb = #1[96])
02-04 23:02:24.214   581  5115 D DlbDap2Process: setParam(ded = #1[0])
02-04 23:02:24.214   581  5115 D DlbDap2Process: setParam(vbm = #1[3])
02-04 23:02:24.214   581  5115 D DlbDap2Process: setParam(bew = #1[16])
02-04 23:02:24.214   581  5115 D DlbDap2Process: setParam(dvla = #1[7])
02-04 23:02:24.214   581  5115 D DlbDap2Process: setParam(arra = #1[96])
02-04 23:02:24.214   581  5115 D DlbDap2Process: setParam(dfsa = #1[10])
02-04 23:02:24.214   581  5115 D DlbDap2Process: setParam(dhsa = #1[10])
02-04 23:02:24.214   581  5115 D DlbDap2Process: setParam(dvmc = #1[0])
02-04 23:02:24.214   581  5115 D DlbDap2Process: setParam(arod = #1[0])
02-04 23:02:24.215   581  5115 D DlbDap2Process: setParam(arde = #1[1])
02-04 23:02:24.215   581  5115 D DlbDap2Process: setParam(becf = #1[200])
02-04 23:02:24.215   581  5115 D DlbDap2Process: setParam(vbmf = #2[94, 469])
02-04 23:02:24.215   581  5115 D DlbDap2Process: setParam(vbsf = #2[35, 160])
02-04 23:02:24.215   581  5115 D DlbDap2Process: setParam(vbhg = #3[-32, -144, -192])
02-04 23:02:24.215   581  5115 D DlbDap2Process: setParam(vbog = #1[0])
02-04 23:02:24.215   581  5115 D DlbDap2Process: setParam(vbsg = #1[0])
02-04 23:02:24.215   581  5115 D DlbDap2Process: setParam(dvli = #1[-320])
02-04 23:02:24.215   581  5115 D DlbDap2Process: setParam(dhfm = #1[2])
02-04 23:02:24.215   581  5115 D DlbDap2Process: setParam(vbon = #1[0])
02-04 23:02:24.215   581  5115 D DlbDap2Process: setParam(beon = #1[0])
02-04 23:02:24.215   581  5115 D DlbDap2Process: setParam(aoon = #1[1])
02-04 23:02:24.215   581  5115 D DlbDap2Process: setParam(aron = #1[1])
02-04 23:02:24.215   581  5115 D DlbDap2Process: setParam(dvlo = #1[-320])
02-04 23:02:24.215   581  5115 D DlbDap2Process: setParam(artp = #1[12])
02-04 23:02:24.215   581  5115 D DlbDap2Process: setParam(aobs = #222[20, 10, 47, 141, 234, 328, 469, 656, 844, 1031, 1313, 1688, 2250, 3000, 3750, 4688, 5813, 7125, 9000, 11250, 13875, 19688, 0, 0, 0, 0, 0, 0, 0, 0, 0, 0, 0, 0, 0, 0, 0, 0, 0, 0, 0, 0, 0, 0, 0, 0, 0, 0, 0, 0, 0, 0, 0, 0, 0, 0, 0, 0, 0, 0, 0, 0, 0, 0, 0, 0, 0, 0, 0, 0, 0, 0, 0, 0, 0, 0, 0, 0, 0, 0, 0, 0, 0, 0, 0, 0, 0, 0, 0, 0, 0, 0, 0, 0, 0, 0, 0, 0, 0, 0, 0, 0, 0, 0, 0, 0, 0, 0, 0, 0, 0, 0, 0, 0, 0, 0, 0, 0, 0, 0, 0, 0, 0, 0, 0, 0, 0, 0, 0, 0, 0, 0, 0, 0, 0, 0, 0, 0, 0, 0, 0, 0, 0, 0, 0, 0, 0, 0, 0, 0, 0, 0, 0, 0, 0, 0, 0, 0, 0, 0, 0, 0, 0, 0, 0, 0, 0, 0, 0, 0, 0, 0, 0, 0, 0, 0, 0, 0, 0, 0, 0, 0, 0, 0, 0, 0, 0, 0, 0, 0, 0, 0, 0, 0, 0, 0, 0, 0, 0, 0, 0, 0, 0, 0, 0, 0, 0, 0, 0, 0, 0, 0, 0, 0, 0, 0, 0, 0, 0, 0, 0, 0])
02-04 23:02:24.216   581  5115 D DlbDap2Process: setParam(arbs = #81[20, 47, 141, 234, 328, 469, 656, 844, 1031, 1313, 1688, 2250, 3000, 3750, 4688, 5813, 7125, 9000, 11250, 13875, 19688, -192, -192, -192, -192, -192, -192, -192, -192, -192, -192, -192, -192, -192, -192, -192, -192, -192, -192, -192, -192, 0, 0, 0, 0, 0, 0, 0, 0, 0, 0, 0, 0, 0, 0, 0, 0, 0, 0, 0, 0, 0, 0, 0, 0, 0, 0, 0, 0, 0, 0, 0, 0, 0, 0, 0, 0, 0, 0, 0, 0])
02-04 23:02:24.216   581  5115 D DlbDapEndpointParamCache: doCommit() Committed 32 parameters out of 37.
02-04 23:02:24.238 28877 28877 D featureTest: receive broadcast , record log :0
02-04 23:02:25.172   581  5115 D DlbDap2Process: process() called [276000] times
02-04 23:02:27.833   581  5115 D DlbDap2Process: process() called [276500] times
02-04 23:02:28.478   589 28913 I NuPlayerDecoder: [audio] saw output EOS
02-04 23:02:28.728   589 28912 D AudioTrack: stop() called with 230400 frames delivered
02-04 23:02:29.059   589 28906 D NuPlayerDriver: notifyListener_l(0xe57321c0), (2, 0, 0, -1), loop setting(0, 1)
02-04 23:02:29.059   581  5142 D AudioFlinger: trackStateChanged() Track id 542 state changed to 6
02-04 23:02:29.061   581  5143 D AudioFlinger: trackStateChanged() Track id 542 state changed to 6
02-04 23:02:29.082   589 28906 D NuPlayerDriver: notifyListener_l(0xe57321c0), (6, 0, 0, -1), loop setting(0, 1)
