02-04 23:05:49.012   589  1183 D NuPlayerDriver: reset(0xe3e61230) at state 5
02-04 23:05:49.014   589  1183 D NuPlayerDriver: notifyListener_l(0xe3e61230), (8, 0, 0, -1), loop setting(0, 1)
02-04 23:05:49.023   589 30603 D NuPlayerDriver: notifyResetComplete(0xe3e61230)
02-04 23:05:49.024   589  1183 D AudioTrack: stop() called with 0 frames delivered
02-04 23:05:49.160   581   724 D DlbDlbEffect: handle_EFFECT_CMD_DISABLE()
02-04 23:05:49.161   581   724 D DlbDapCrossfadeProcess: setEnabled transitioning from DAP_ACTIVE state to FADE_TO_BYPASS
02-04 23:05:49.163   581   724 D DlbDlbEffect: handle_EFFECT_CMD_SET_CONFIG()
02-04 23:05:49.163   581   724 D DlbDapEndpointParamCache: setDevice(device=0x00000002)
02-04 23:05:49.163   421   421 D DMSService: setActiveDevice called with device = 0x2
02-04 23:05:49.163   581   724 D DlbDlbEffect: handle_EFFECT_CMD_ENABLE()
02-04 23:05:49.163   581   724 D DlbDapCrossfadeProcess: setEnabled transitioning from FADE_TO_BYPASS state to FADE_TO_ACTIVE
02-04 23:05:49.276 30646 30646 D featureTest: onCreate
02-04 23:05:49.282 30646 30646 D AudioTrack: Client defaulted notificationFrames to 962 for frameCount 1924
02-04 23:05:49.285 30646 30646 W AudioTrack: Use of stream types is deprecated for operations other than volume control
02-04 23:05:49.286 30646 30646 W AudioTrack: See the documentation of AudioTrack() for what to use instead with android.media.AudioAttributes to qualify your playback use case
02-04 23:05:49.298 30646 30646 D featureTest: onResume
02-04 23:05:50.155 30646 30646 D featureTest: receive broadcast , playing content location :/sdcard/featureTest/chopper_5.1_180_420.wav
02-04 23:05:50.165 30646 30646 D featureTest: mMediaPlayer.getAudioSessionId(): 4337
02-04 23:05:50.165 30646 30646 D featureTest: Playing file: /sdcard/featureTest/chopper_5.1_180_420.wav
02-04 23:05:50.166   589  1183 D NuPlayerDriver: NuPlayerDriver(0xe3e61230) created, clientPid(30646)
02-04 23:05:50.197   589 30675 D NuPlayerDriver: notifyListener_l(0xe3e61230), (1, 0, 0, -1), loop setting(0, 0)
02-04 23:05:50.206   589  1183 D NuPlayerDriver: start(0xe3e61230), state is 4, eos is 0
02-04 23:05:50.212   593  5352 I OMXMaster: makeComponentInstance(OMX.google.raw.decoder) in android.hardwar process
02-04 23:05:50.215   589 30683 I ACodec  : codec does not support config priority (err -2147483648)
02-04 23:05:50.217   589 30683 I MediaCodec: MediaCodec will operate in async mode
02-04 23:05:50.234 30646 30646 D featureTest: receive broadcast , change ds status :0
02-04 23:05:50.234   589 30681 D AudioTrack: Client defaulted notificationFrames to 12000 for frameCount 24000
02-04 23:05:50.235   581  5110 D DlbDlbEffect: handle_EFFECT_CMD_DISABLE()
02-04 23:05:50.235   581  5110 D DlbDapCrossfadeProcess: setEnabled transitioning from FADE_TO_ACTIVE state to FADE_TO_BYPASS
02-04 23:05:50.237   581  5110 D DlbDlbEffect: handle_EFFECT_CMD_SET_CONFIG()
02-04 23:05:50.237   581  5110 D DlbDapEndpointParamCache: setDevice(device=0x00000002)
02-04 23:05:50.237   421   421 D DMSService: setActiveDevice called with device = 0x2
02-04 23:05:50.238   581  5110 D DlbDlbEffect: handle_EFFECT_CMD_ENABLE()
02-04 23:05:50.238   581  5110 D DlbDapCrossfadeProcess: setEnabled transitioning from FADE_TO_BYPASS state to FADE_TO_ACTIVE
02-04 23:05:50.239   589 30675 D NuPlayerDriver: notifyListener_l(0xe3e61230), (6, 0, 0, -1), loop setting(0, 1)
02-04 23:05:50.243   581  5115 D DlbDapCrossfadeProcess: process transitioning from FADE_TO_ACTIVE state to DAP_ACTIVE
02-04 23:05:50.253   581  5356 D DlbDlbEffect: handle_EFFECT_CMD_SET_PARAM()
02-04 23:05:50.276   581  5115 D DlbDapCrossfadeProcess: setEnabled transitioning from DAP_ACTIVE state to FADE_TO_BYPASS
02-04 23:05:50.309 30646 30646 D featureTest: receive broadcast , change ds profile id :2
02-04 23:05:50.318   581  5115 D DlbDapCrossfadeProcess: process transitioning from FADE_TO_BYPASS state to DAP_BYPASSED
02-04 23:05:50.321   581  5143 D DlbDlbEffect: handle_EFFECT_CMD_SET_PARAM()
02-04 23:05:50.321   421   460 I DapController: Profile Changed to Music
02-04 23:05:50.340   581  5115 D DlbDapEndpointParamCache: commitChangedParams()
02-04 23:05:50.340   581  5115 D DlbDapEndpointParamCache: commit() Applying parameters for device 0x40000000
02-04 23:05:50.340   581  5115 D DlbDap2Process: setParam(iea = #1[10])
02-04 23:05:50.340   581  5115 D DlbDap2Process: setParam(msce = #1[0])
02-04 23:05:50.340   581  5115 D DlbDap2Process: setParam(mdee = #1[0])
02-04 23:05:50.340   581  5115 D DlbDap2Process: setParam(miee = #1[0])
02-04 23:05:50.340   581  5115 D DlbDap2Process: setParam(mdle = #1[0])
02-04 23:05:50.340   581  5115 D DlbDap2Process: setParam(dvle = #1[1])
02-04 23:05:50.340   581  5115 D DlbDap2Process: setParam(mave = #1[0])
02-04 23:05:50.340   581  5115 D DlbDap2Process: setParam(vcbf = #20[47, 141, 234, 328, 469, 656, 844, 1031, 1313, 1688, 2250, 3000, 3750, 4688, 5813, 7125, 9000, 11250, 13875, 19688])
02-04 23:05:50.340   581  5115 D DlbDap2Process: setParam(vbon = #1[0])
02-04 23:05:50.340   581  5115 D DlbDap2Process: setParam(beon = #1[0])
02-04 23:05:50.340   581  5115 D DlbDap2Process: setParam(geon = #1[0])
02-04 23:05:50.340   581  5115 D DlbDap2Process: setParam(ieon = #1[1])
02-04 23:05:50.340   581  5115 D DlbDap2Process: setParam(gebs = #41[20, 47, 141, 234, 328, 469, 656, 844, 1031, 1313, 1688, 2250, 3000, 3750, 4688, 5813, 7125, 9000, 11250, 13875, 19688, 0, 0, 0, 0, 0, 0, 0, 0, 0, 0, 0, 0, 0, 0, 0, 0, 0, 0, 0, 0])
02-04 23:05:50.341   581  5115 D DlbDap2Process: setParam(iebs = #41[20, 65, 136, 223, 332, 467, 634, 841, 1098, 1416, 1812, 2302, 2909, 3663, 4598, 5756, 7194, 8976, 11186, 13927, 17326, 117, 133, 188, 176, 141, 149, 175, 185, 185, 200, 236, 242, 228, 213, 182, 132, 110, 68, -27, -240])
02-04 23:05:50.341   581  5115 D DlbDapEndpointParamCache: doCommit() Committed 15 parameters out of 16.
02-04 23:05:50.341   581  5115 D DlbDapEndpointParamCache: commit() Overriding parameters for current device 0x00000002
02-04 23:05:50.341   581  5115 D DlbDap2Process: setParam(dea = #1[7])
02-04 23:05:50.341   581  5115 D DlbDap2Process: setParam(dsa = #1[10])
02-04 23:05:50.341   581  5115 D DlbDap2Process: setParam(beb = #1[192])
02-04 23:05:50.341   581  5115 D DlbDap2Process: setParam(plb = #1[0])
02-04 23:05:50.341   581  5115 D DlbDap2Process: setParam(vmb = #1[144])
02-04 23:05:50.341   581  5115 D DlbDap2Process: setParam(dsb = #1[0])
02-04 23:05:50.341   581  5115 D DlbDap2Process: setParam(ded = #1[0])
02-04 23:05:50.341   581  5115 D DlbDap2Process: setParam(vbm = #1[3])
02-04 23:05:50.341   581  5115 D DlbDap2Process: setParam(dom = #1[0])
02-04 23:05:50.341   581  5115 D DlbDap2Process: setParam(bew = #1[16])
02-04 23:05:50.341   581  5115 D DlbDap2Process: setParam(dvla = #1[4])
02-04 23:05:50.341   581  5115 D DlbDap2Process: setParam(arra = #1[96])
02-04 23:05:50.341   581  5115 D DlbDap2Process: setParam(dfsa = #1[10])
02-04 23:05:50.341   581  5115 D DlbDap2Process: setParam(dhsa = #1[10])
02-04 23:05:50.341   581  5115 D DlbDap2Process: setParam(dvmc = #1[0])
02-04 23:05:50.341   581  5115 D DlbDap2Process: setParam(arod = #1[0])
02-04 23:05:50.341   581  5115 D DlbDap2Process: setParam(arde = #1[1])
02-04 23:05:50.341   581  5115 D DlbDap2Process: setParam(dvle = #1[1])
02-04 23:05:50.341   581  5115 D DlbDap2Process: setParam(dvme = #1[0])
02-04 23:05:50.341   581  5115 D DlbDap2Process: setParam(becf = #1[200])
02-04 23:05:50.341   581  5115 D DlbDap2Process: setParam(vbmf = #2[94, 469])
02-04 23:05:50.341   581  5115 D DlbDap2Process: setParam(vbsf = #2[35, 160])
02-04 23:05:50.341   581  5115 D DlbDap2Process: setParam(vbhg = #3[-32, -144, -192])
02-04 23:05:50.341   581  5115 D DlbDap2Process: setParam(vbog = #1[0])
02-04 23:05:50.341   581  5115 D DlbDap2Process: setParam(vbsg = #1[0])
02-04 23:05:50.341   581  5115 D DlbDap2Process: setParam(dvli = #1[-320])
02-04 23:05:50.341   581  5115 D DlbDap2Process: setParam(dhfm = #1[2])
02-04 23:05:50.341   581  5115 D DlbDap2Process: setParam(vbon = #1[0])
02-04 23:05:50.341   581  5115 D DlbDap2Process: setParam(beon = #1[0])
02-04 23:05:50.341   581  5115 D DlbDap2Process: setParam(deon = #1[0])
02-04 23:05:50.341   581  5115 D DlbDap2Process: setParam(ngon = #1[1])
02-04 23:05:50.341   581  5115 D DlbDap2Process: setParam(aoon = #1[1])
02-04 23:05:50.341   581  5115 D DlbDap2Process: setParam(aron = #1[1])
02-04 23:05:50.341   581  5115 D DlbDap2Process: setParam(dvlo = #1[-320])
02-04 23:05:50.341   581  5115 D DlbDap2Process: setParam(artp = #1[12])
02-04 23:05:50.342   581  5115 D DlbDap2Process: setParam(aobs = #222[20, 10, 47, 141, 234, 328, 469, 656, 844, 1031, 1313, 1688, 2250, 3000, 3750, 4688, 5813, 7125, 9000, 11250, 13875, 19688, 0, 0, 0, 0, 0, 0, 0, 0, 0, 0, 0, 0, 0, 0, 0, 0, 0, 0, 0, 0, 0, 0, 0, 0, 0, 0, 0, 0, 0, 0, 0, 0, 0, 0, 0, 0, 0, 0, 0, 0, 0, 0, 0, 0, 0, 0, 0, 0, 0, 0, 0, 0, 0, 0, 0, 0, 0, 0, 0, 0, 0, 0, 0, 0, 0, 0, 0, 0, 0, 0, 0, 0, 0, 0, 0, 0, 0, 0, 0, 0, 0, 0, 0, 0, 0, 0, 0, 0, 0, 0, 0, 0, 0, 0, 0, 0, 0, 0, 0, 0, 0, 0, 0, 0, 0, 0, 0, 0, 0, 0, 0, 0, 0, 0, 0, 0, 0, 0, 0, 0, 0, 0, 0, 0, 0, 0, 0, 0, 0, 0, 0, 0, 0, 0, 0, 0, 0, 0, 0, 0, 0, 0, 0, 0, 0, 0, 0, 0, 0, 0, 0, 0, 0, 0, 0, 0, 0, 0, 0, 0, 0, 0, 0, 0, 0, 0, 0, 0, 0, 0, 0, 0, 0, 0, 0, 0, 0, 0, 0, 0, 0, 0, 0, 0, 0, 0, 0, 0, 0, 0, 0, 0, 0, 0, 0, 0, 0, 0, 0, 0])
02-04 23:05:50.342   581  5115 D DlbDap2Process: setParam(arbs = #81[20, 47, 141, 234, 328, 469, 656, 844, 1031, 1313, 1688, 2250, 3000, 3750, 4688, 5813, 7125, 9000, 11250, 13875, 19688, -192, -192, -192, -192, -192, -192, -192, -192, -192, -192, -192, -192, -192, -192, -192, -192, -192, -192, -192, -192, 0, 0, 0, 0, 0, 0, 0, 0, 0, 0, 0, 0, 0, 0, 0, 0, 0, 0, 0, 0, 0, 0, 0, 0, 0, 0, 0, 0, 0, 0, 0, 0, 0, 0, 0, 0, 0, 0, 0, 0])
02-04 23:05:50.342   581  5115 D DlbDapEndpointParamCache: doCommit() Committed 37 parameters out of 37.
02-04 23:05:50.365   581   770 D AudioFlinger: mixer(0xf2983980) throttle end: throttle time(43)
02-04 23:05:50.379 30646 30646 D featureTest: receive broadcast , playing content location :/sdcard/featureTest/chopper_5.1_180_420.wav
02-04 23:05:50.382   589 26717 D NuPlayerDriver: stop(0xe3e61230)
02-04 23:05:50.382   589 26717 D NuPlayerDriver: notifyListener_l(0xe3e61230), (8, 0, 0, -1), loop setting(0, 1)
02-04 23:05:50.383   589  1170 D NuPlayerDriver: reset(0xe3e61230) at state 8
02-04 23:05:50.389   589 30675 D NuPlayerDriver: notifyResetComplete(0xe3e61230)
02-04 23:05:50.390   589 26717 D NuPlayerDriver: reset(0xe3e61230) at state 0
02-04 23:05:50.398 30646 30646 D featureTest: mMediaPlayer.getAudioSessionId(): 4345
02-04 23:05:50.398 30646 30646 D featureTest: Playing file: /sdcard/featureTest/chopper_5.1_180_420.wav
02-04 23:05:50.399   589   589 D NuPlayerDriver: NuPlayerDriver(0xe57325b0) created, clientPid(30646)
02-04 23:05:50.432   589 30700 D NuPlayerDriver: notifyListener_l(0xe57325b0), (1, 0, 0, -1), loop setting(0, 0)
02-04 23:05:50.436   589   589 D NuPlayerDriver: start(0xe57325b0), state is 4, eos is 0
02-04 23:05:50.442   593   712 I OMXMaster: makeComponentInstance(OMX.google.raw.decoder) in android.hardwar process
02-04 23:05:50.447   589 30706 I ACodec  : codec does not support config priority (err -2147483648)
02-04 23:05:50.449   589 30706 I MediaCodec: MediaCodec will operate in async mode
02-04 23:05:50.454 30646 30646 D featureTest: receive broadcast , change ds status :1
02-04 23:05:50.467   589 30704 D AudioTrack: Client defaulted notificationFrames to 12000 for frameCount 24000
02-04 23:05:50.468   589 30700 D NuPlayerDriver: notifyListener_l(0xe57325b0), (6, 0, 0, -1), loop setting(0, 1)
02-04 23:05:50.469   581  5356 D DlbDlbEffect: handle_EFFECT_CMD_SET_PARAM()
02-04 23:05:50.525 30646 30646 D featureTest: receive broadcast , change ds profile id :5
02-04 23:05:50.529   581  5115 D DlbDapCrossfadeProcess: setEnabled transitioning from DAP_BYPASSED state to PREROLL_ACTIVE
02-04 23:05:50.530   581  5115 D DlbDap2Process: setMave(mave = 0)
02-04 23:05:50.535   581  5115 D DlbDapCrossfadeProcess: process transitioning from PREROLL_ACTIVE state to FADE_TO_ACTIVE
02-04 23:05:50.537   581  5110 D DlbDlbEffect: handle_EFFECT_CMD_SET_PARAM()
02-04 23:05:50.538   421   460 I DapController: Profile Changed to Custom
02-04 23:05:50.569   581  5115 D DlbDapEndpointParamCache: commitChangedParams()
02-04 23:05:50.569   581  5115 D DlbDapEndpointParamCache: commit() Applying parameters for device 0x40000000
02-04 23:05:50.569   581  5115 D DlbDap2Process: setParam(iea = #1[10])
02-04 23:05:50.569   581  5115 D DlbDap2Process: setParam(msce = #1[0])
02-04 23:05:50.569   581  5115 D DlbDap2Process: setParam(mdee = #1[0])
02-04 23:05:50.569   581  5115 D DlbDap2Process: setParam(miee = #1[0])
02-04 23:05:50.569   581  5115 D DlbDap2Process: setParam(mdle = #1[0])
02-04 23:05:50.569   581  5115 D DlbDap2Process: setParam(dvle = #1[1])
02-04 23:05:50.569   581  5115 D DlbDap2Process: setParam(mave = #1[0])
02-04 23:05:50.569   581  5115 D DlbDap2Process: setParam(vcbf = #20[47, 141, 234, 328, 469, 656, 844, 1031, 1313, 1688, 2250, 3000, 3750, 4688, 5813, 7125, 9000, 11250, 13875, 19688])
02-04 23:05:50.569   581  5115 D DlbDap2Process: setParam(vbon = #1[0])
02-04 23:05:50.569   581  5115 D DlbDap2Process: setParam(beon = #1[0])
02-04 23:05:50.569   581  5115 D DlbDap2Process: setParam(geon = #1[0])
02-04 23:05:50.569   581  5115 D DlbDap2Process: setParam(ieon = #1[0])
02-04 23:05:50.569   581  5115 D DlbDap2Process: setParam(gebs = #41[20, 47, 141, 234, 328, 469, 656, 844, 1031, 1313, 1688, 2250, 3000, 3750, 4688, 5813, 7125, 9000, 11250, 13875, 19688, 0, 0, 0, 0, 0, 0, 0, 0, 0, 0, 0, 0, 0, 0, 0, 0, 0, 0, 0, 0])
02-04 23:05:50.570   581  5115 D DlbDap2Process: setParam(iebs = #41[20, 65, 136, 223, 332, 467, 634, 841, 1098, 1416, 1812, 2302, 2909, 3663, 4598, 5756, 7194, 8976, 11186, 13927, 17326, 117, 133, 188, 176, 141, 149, 175, 185, 185, 200, 236, 242, 228, 213, 182, 132, 110, 68, -27, -240])
02-04 23:05:50.570   581  5115 D DlbDapEndpointParamCache: doCommit() Committed 15 parameters out of 16.
02-04 23:05:50.570   581  5115 D DlbDapEndpointParamCache: commit() Overriding parameters for current device 0x00000002
02-04 23:05:50.570   581  5115 D DlbDap2Process: setParam(dea = #1[7])
02-04 23:05:50.570   581  5115 D DlbDap2Process: setParam(dsa = #1[10])
02-04 23:05:50.570   581  5115 D DlbDap2Process: setParam(beb = #1[192])
02-04 23:05:50.570   581  5115 D DlbDap2Process: setParam(plb = #1[0])
02-04 23:05:50.570   581  5115 D DlbDap2Process: setParam(vmb = #1[144])
02-04 23:05:50.570   581  5115 D DlbDap2Process: setParam(dsb = #1[48])
02-04 23:05:50.570   581  5115 D DlbDap2Process: setParam(ded = #1[0])
02-04 23:05:50.570   581  5115 D DlbDap2Process: setParam(vbm = #1[3])
02-04 23:05:50.570   581  5115 D DlbDap2Process: setParam(dom = #1[0])
02-04 23:05:50.570   581  5115 D DlbDap2Process: setParam(bew = #1[16])
02-04 23:05:50.570   581  5115 D DlbDap2Process: setParam(dvla = #1[5])
02-04 23:05:50.570   581  5115 D DlbDap2Process: setParam(arra = #1[96])
02-04 23:05:50.570   581  5115 D DlbDap2Process: setParam(dfsa = #1[10])
02-04 23:05:50.570   581  5115 D DlbDap2Process: setParam(dhsa = #1[10])
02-04 23:05:50.570   581  5115 D DlbDap2Process: setParam(dvmc = #1[0])
02-04 23:05:50.570   581  5115 D DlbDap2Process: setParam(arod = #1[0])
02-04 23:05:50.570   581  5115 D DlbDap2Process: setParam(arde = #1[1])
02-04 23:05:50.570   581  5115 D DlbDap2Process: setParam(dvle = #1[1])
02-04 23:05:50.570   581  5115 D DlbDap2Process: setParam(dvme = #1[0])
02-04 23:05:50.570   581  5115 D DlbDap2Process: setParam(becf = #1[200])
02-04 23:05:50.570   581  5115 D DlbDap2Process: setParam(vbmf = #2[94, 469])
02-04 23:05:50.570   581  5115 D DlbDap2Process: setParam(vbsf = #2[35, 160])
02-04 23:05:50.570   581  5115 D DlbDap2Process: setParam(vbhg = #3[-32, -144, -192])
02-04 23:05:50.570   581  5115 D DlbDap2Process: setParam(vbog = #1[0])
02-04 23:05:50.570   581  5115 D DlbDap2Process: setParam(vbsg = #1[0])
02-04 23:05:50.570   581  5115 D DlbDap2Process: setParam(dvli = #1[-320])
02-04 23:05:50.570   581  5115 D DlbDap2Process: setParam(dhfm = #1[2])
02-04 23:05:50.570   581  5115 D DlbDap2Process: setParam(vbon = #1[0])
02-04 23:05:50.570   581  5115 D DlbDap2Process: setParam(beon = #1[0])
02-04 23:05:50.570   581  5115 D DlbDap2Process: setParam(deon = #1[0])
02-04 23:05:50.570   581  5115 D DlbDap2Process: setParam(ngon = #1[1])
02-04 23:05:50.570   581  5115 D DlbDap2Process: setParam(aoon = #1[1])
02-04 23:05:50.570   581  5115 D DlbDap2Process: setParam(aron = #1[1])
02-04 23:05:50.570   581  5115 D DlbDap2Process: setParam(dvlo = #1[-320])
02-04 23:05:50.570   581  5115 D DlbDap2Process: setParam(artp = #1[12])
02-04 23:05:50.571   581  5115 D DlbDap2Process: setParam(aobs = #222[20, 10, 47, 141, 234, 328, 469, 656, 844, 1031, 1313, 1688, 2250, 3000, 3750, 4688, 5813, 7125, 9000, 11250, 13875, 19688, 0, 0, 0, 0, 0, 0, 0, 0, 0, 0, 0, 0, 0, 0, 0, 0, 0, 0, 0, 0, 0, 0, 0, 0, 0, 0, 0, 0, 0, 0, 0, 0, 0, 0, 0, 0, 0, 0, 0, 0, 0, 0, 0, 0, 0, 0, 0, 0, 0, 0, 0, 0, 0, 0, 0, 0, 0, 0, 0, 0, 0, 0, 0, 0, 0, 0, 0, 0, 0, 0, 0, 0, 0, 0, 0, 0, 0, 0, 0, 0, 0, 0, 0, 0, 0, 0, 0, 0, 0, 0, 0, 0, 0, 0, 0, 0, 0, 0, 0, 0, 0, 0, 0, 0, 0, 0, 0, 0, 0, 0, 0, 0, 0, 0, 0, 0, 0, 0, 0, 0, 0, 0, 0, 0, 0, 0, 0, 0, 0, 0, 0, 0, 0, 0, 0, 0, 0, 0, 0, 0, 0, 0, 0, 0, 0, 0, 0, 0, 0, 0, 0, 0, 0, 0, 0, 0, 0, 0, 0, 0, 0, 0, 0, 0, 0, 0, 0, 0, 0, 0, 0, 0, 0, 0, 0, 0, 0, 0, 0, 0, 0, 0, 0, 0, 0, 0, 0, 0, 0, 0, 0, 0, 0, 0, 0, 0, 0, 0, 0, 0])
02-04 23:05:50.571   581  5115 D DlbDap2Process: setParam(arbs = #81[20, 47, 141, 234, 328, 469, 656, 844, 1031, 1313, 1688, 2250, 3000, 3750, 4688, 5813, 7125, 9000, 11250, 13875, 19688, -192, -192, -192, -192, -192, -192, -192, -192, -192, -192, -192, -192, -192, -192, -192, -192, -192, -192, -192, -192, 0, 0, 0, 0, 0, 0, 0, 0, 0, 0, 0, 0, 0, 0, 0, 0, 0, 0, 0, 0, 0, 0, 0, 0, 0, 0, 0, 0, 0, 0, 0, 0, 0, 0, 0, 0, 0, 0, 0, 0])
02-04 23:05:50.571   581  5115 D DlbDapEndpointParamCache: doCommit() Committed 37 parameters out of 37.
02-04 23:05:50.571   581  5115 D DlbDap2Process: setMave(mave = 0)
02-04 23:05:50.593 30646 30646 D featureTest: receive broadcast , change virtual speaker  virtualizer :1
02-04 23:05:50.610   581  5143 D DlbDlbEffect: handle_EFFECT_CMD_SET_PARAM()
02-04 23:05:50.649   581  5115 D DlbDapEndpointParamCache: commitChangedParams()
02-04 23:05:50.649   581  5115 D DlbDapEndpointParamCache: commit() Applying parameters for device 0x40000000
02-04 23:05:50.649   581  5115 D DlbDap2Process: setParam(iea = #1[10])
02-04 23:05:50.649   581  5115 D DlbDap2Process: setParam(msce = #1[0])
02-04 23:05:50.649   581  5115 D DlbDap2Process: setParam(mdee = #1[0])
02-04 23:05:50.649   581  5115 D DlbDap2Process: setParam(miee = #1[0])
02-04 23:05:50.649   581  5115 D DlbDap2Process: setParam(mdle = #1[0])
02-04 23:05:50.650   581  5115 D DlbDap2Process: setParam(dvle = #1[1])
02-04 23:05:50.650   581  5115 D DlbDap2Process: setParam(mave = #1[0])
02-04 23:05:50.650   581  5115 D DlbDap2Process: setParam(vcbf = #20[47, 141, 234, 328, 469, 656, 844, 1031, 1313, 1688, 2250, 3000, 3750, 4688, 5813, 7125, 9000, 11250, 13875, 19688])
02-04 23:05:50.650   581  5115 D DlbDap2Process: setParam(vbon = #1[0])
02-04 23:05:50.650   581  5115 D DlbDap2Process: setParam(beon = #1[0])
02-04 23:05:50.650   581  5115 D DlbDap2Process: setParam(geon = #1[0])
02-04 23:05:50.650   581  5115 D DlbDap2Process: setParam(ieon = #1[0])
02-04 23:05:50.650   581  5115 D DlbDap2Process: setParam(gebs = #41[20, 47, 141, 234, 328, 469, 656, 844, 1031, 1313, 1688, 2250, 3000, 3750, 4688, 5813, 7125, 9000, 11250, 13875, 19688, 0, 0, 0, 0, 0, 0, 0, 0, 0, 0, 0, 0, 0, 0, 0, 0, 0, 0, 0, 0])
02-04 23:05:50.650   581  5115 D DlbDap2Process: setParam(iebs = #41[20, 65, 136, 223, 332, 467, 634, 841, 1098, 1416, 1812, 2302, 2909, 3663, 4598, 5756, 7194, 8976, 11186, 13927, 17326, 117, 133, 188, 176, 141, 149, 175, 185, 185, 200, 236, 242, 228, 213, 182, 132, 110, 68, -27, -240])
02-04 23:05:50.650   581  5115 D DlbDapEndpointParamCache: doCommit() Committed 15 parameters out of 16.
02-04 23:05:50.650   581  5115 D DlbDapEndpointParamCache: commit() Overriding parameters for current device 0x00000002
02-04 23:05:50.650   581  5115 D DlbDap2Process: setParam(dea = #1[7])
02-04 23:05:50.650   581  5115 D DlbDap2Process: setParam(dsa = #1[10])
02-04 23:05:50.650   581  5115 D DlbDap2Process: setParam(beb = #1[192])
02-04 23:05:50.650   581  5115 D DlbDap2Process: setParam(plb = #1[0])
02-04 23:05:50.650   581  5115 D DlbDap2Process: setParam(vmb = #1[144])
02-04 23:05:50.650   581  5115 D DlbDap2Process: setParam(dsb = #1[48])
02-04 23:05:50.650   581  5115 D DlbDap2Process: setParam(ded = #1[0])
02-04 23:05:50.650   581  5115 D DlbDap2Process: setParam(vbm = #1[3])
02-04 23:05:50.650   581  5115 D DlbDap2Process: DAP output mode set to 11 with 2 output channels and custom mix matrix.
02-04 23:05:50.650   581  5115 D DlbDap2Process: setParam(dom = #17[1, 16384, 0, 0, 16384, 11583, 11583, 8192, 8192, 16384, 0, 0, 16384, 16384, 0, 0, 16384])
02-04 23:05:50.650   581  5115 D DlbDap2Process: setParam(bew = #1[16])
02-04 23:05:50.651   581  5115 D DlbDap2Process: setParam(dvla = #1[5])
02-04 23:05:50.651   581  5115 D DlbDap2Process: setParam(arra = #1[96])
02-04 23:05:50.651   581  5115 D DlbDap2Process: setParam(dfsa = #1[10])
02-04 23:05:50.651   581  5115 D DlbDap2Process: setParam(dhsa = #1[10])
02-04 23:05:50.651   581  5115 D DlbDap2Process: setParam(dvmc = #1[0])
02-04 23:05:50.651   581  5115 D DlbDap2Process: setParam(arod = #1[0])
02-04 23:05:50.651   581  5115 D DlbDap2Process: setParam(arde = #1[1])
02-04 23:05:50.651   581  5115 D DlbDap2Process: setParam(dvle = #1[1])
02-04 23:05:50.651   581  5115 D DlbDap2Process: setParam(dvme = #1[0])
02-04 23:05:50.651   581  5115 D DlbDap2Process: setParam(becf = #1[200])
02-04 23:05:50.651   581  5115 D DlbDap2Process: setParam(vbmf = #2[94, 469])
02-04 23:05:50.651   581  5115 D DlbDap2Process: setParam(vbsf = #2[35, 160])
02-04 23:05:50.651   581  5115 D DlbDap2Process: setParam(vbhg = #3[-32, -144, -192])
02-04 23:05:50.651   581  5115 D DlbDap2Process: setParam(vbog = #1[0])
02-04 23:05:50.651   581  5115 D DlbDap2Process: setParam(vbsg = #1[0])
02-04 23:05:50.651   581  5115 D DlbDap2Process: setParam(dvli = #1[-320])
02-04 23:05:50.651   581  5115 D DlbDap2Process: setParam(dhfm = #1[2])
02-04 23:05:50.651   581  5115 D DlbDap2Process: setParam(vbon = #1[0])
02-04 23:05:50.651   581  5115 D DlbDap2Process: setParam(beon = #1[0])
02-04 23:05:50.651   581  5115 D DlbDap2Process: setParam(deon = #1[0])
02-04 23:05:50.651   581  5115 D DlbDap2Process: setParam(ngon = #1[1])
02-04 23:05:50.651   581  5115 D DlbDap2Process: setParam(aoon = #1[1])
02-04 23:05:50.651   581  5115 D DlbDap2Process: setParam(aron = #1[1])
02-04 23:05:50.651   581  5115 D DlbDap2Process: setParam(dvlo = #1[-320])
02-04 23:05:50.651   581  5115 D DlbDap2Process: setParam(artp = #1[12])
02-04 23:05:50.652   581  5115 D DlbDap2Process: setParam(aobs = #222[20, 10, 47, 141, 234, 328, 469, 656, 844, 1031, 1313, 1688, 2250, 3000, 3750, 4688, 5813, 7125, 9000, 11250, 13875, 19688, 0, 0, 0, 0, 0, 0, 0, 0, 0, 0, 0, 0, 0, 0, 0, 0, 0, 0, 0, 0, 0, 0, 0, 0, 0, 0, 0, 0, 0, 0, 0, 0, 0, 0, 0, 0, 0, 0, 0, 0, 0, 0, 0, 0, 0, 0, 0, 0, 0, 0, 0, 0, 0, 0, 0, 0, 0, 0, 0, 0, 0, 0, 0, 0, 0, 0, 0, 0, 0, 0, 0, 0, 0, 0, 0, 0, 0, 0, 0, 0, 0, 0, 0, 0, 0, 0, 0, 0, 0, 0, 0, 0, 0, 0, 0, 0, 0, 0, 0, 0, 0, 0, 0, 0, 0, 0, 0, 0, 0, 0, 0, 0, 0, 0, 0, 0, 0, 0, 0, 0, 0, 0, 0, 0, 0, 0, 0, 0, 0, 0, 0, 0, 0, 0, 0, 0, 0, 0, 0, 0, 0, 0, 0, 0, 0, 0, 0, 0, 0, 0, 0, 0, 0, 0, 0, 0, 0, 0, 0, 0, 0, 0, 0, 0, 0, 0, 0, 0, 0, 0, 0, 0, 0, 0, 0, 0, 0, 0, 0, 0, 0, 0, 0, 0, 0, 0, 0, 0, 0, 0, 0, 0, 0, 0, 0, 0, 0, 0, 0, 0])
02-04 23:05:50.652   581  5115 D DlbDap2Process: setParam(arbs = #81[20, 47, 141, 234, 328, 469, 656, 844, 1031, 1313, 1688, 2250, 3000, 3750, 4688, 5813, 7125, 9000, 11250, 13875, 19688, -192, -192, -192, -192, -192, -192, -192, -192, -192, -192, -192, -192, -192, -192, -192, -192, -192, -192, -192, -192, 0, 0, 0, 0, 0, 0, 0, 0, 0, 0, 0, 0, 0, 0, 0, 0, 0, 0, 0, 0, 0, 0, 0, 0, 0, 0, 0, 0, 0, 0, 0, 0, 0, 0, 0, 0, 0, 0, 0, 0])
02-04 23:05:50.652   581  5115 D DlbDapEndpointParamCache: doCommit() Committed 37 parameters out of 37.
02-04 23:05:50.652   581  5115 D DlbDap2Process: setMave(mave = 0)
02-04 23:05:50.657   581  5115 D DlbDapCrossfadeProcess: process transitioning from FADE_TO_ACTIVE state to DAP_ACTIVE
02-04 23:05:50.662 30646 30646 D featureTest: receive broadcast , record log :0
02-04 23:05:51.337   581  5115 D DlbDap2Process: process() called [310500] times
02-04 23:05:54.012   581  5115 D DlbDap2Process: process() called [311000] times
