--------- beginning of system
02-04 23:03:22.286   816  2337 I ActivityManager: Force stopping com.dolby.qa.featuretest appid=10074 user=0: from pid 29305
02-04 23:03:22.286   816  2337 I ActivityManager: Killing 29217:com.dolby.qa.featuretest/u0a74 (adj 0): stop com.dolby.qa.featuretest
02-04 23:03:22.289   816  2337 W ActivityManager: Force removing ActivityRecord{e6a85ee u0 com.dolby.qa.featuretest/.MainActivity t192}: app died, no saved state
02-04 23:03:22.297   816  2337 I WindowManager: Failed to capture screenshot of Token{c3dba8f ActivityRecord{e6a85ee u0 com.dolby.qa.featuretest/.MainActivity t192 f}} appWin=Window{f4be902 u0 com.dolby.qa.featuretest/com.dolby.qa.featuretest.MainActivity} drawState=4
--------- beginning of main
02-04 23:03:22.324  1232  1232 D CarrierSvcBindHelper: No carrier app for: 0
02-04 23:03:22.324   589 26717 D NuPlayerDriver: reset(0xe3e611c0) at state 5
02-04 23:03:22.325   816   828 I WindowManager: WIN DEATH: Window{c1db529 u0 Toast}
02-04 23:03:22.326   589 26717 D NuPlayerDriver: notifyListener_l(0xe3e611c0), (8, 0, 0, -1), loop setting(0, 1)
02-04 23:03:22.326   581   581 D AudioFlinger: trackStateChanged() Track id 550 state changed to 6
02-04 23:03:22.330  2298  2298 D RegisteredNfcFServicesCache: Service unchanged, not updating
02-04 23:03:22.331   593  1162 I DDP_JOCDecoder: -> ~DDPDecoder
02-04 23:03:22.331   593  1162 I DDP_JOCDecoder: -> stop
02-04 23:03:22.331   593  1162 I DDP_JOCDecoder: <- stop
02-04 23:03:22.331   593  1162 I ARenderer: ~ARenderer
02-04 23:03:22.331   593  1162 I evo_parser: evo_parser_close
02-04 23:03:22.332   593  1162 I DlbDap2QmfProcess: ~Dap2Process()
02-04 23:03:22.332   593  1162 I DlbDap2QmfProcess: close()
02-04 23:03:22.333   593  1162 I DDP_JOCDecoder: <- ~DDPDecoder
02-04 23:03:22.343   589 29246 D NuPlayerDriver: notifyResetComplete(0xe3e611c0)
02-04 23:03:22.344   589 26717 D AudioTrack: stop() called with 0 frames delivered
02-04 23:03:22.397   816  2363 I ActivityManager: START u0 {flg=0x10000000 cmp=com.dolby.qa.featuretest/.MainActivity} from uid 2000
02-04 23:03:22.421   816   975 I ActivityManager: Start proc 29311:com.dolby.qa.featuretest/u0a74 for activity com.dolby.qa.featuretest/.MainActivity
02-04 23:03:22.422 29311 29311 I zygote64: Late-enabling -Xcheck:jni
02-04 23:03:22.438   581   770 D AudioFlinger: trackStateChanged() Track id 550 state changed to 2
02-04 23:03:22.438   581   770 I AudioFlinger: updateProcessedAudioState() Changing content processing in effect to 0
02-04 23:03:22.438   581   770 D DlbDlbEffect: handle_EFFECT_CMD_SET_PARAM()
02-04 23:03:22.441   581   770 I DlbEffectContext: setContentProcEnabled() Enabling content processing in global effect
02-04 23:03:22.442   581   770 D DlbDapEndpointParamCache: commitChangedParams()
02-04 23:03:22.442   581   770 D DlbDapEndpointParamCache: commit() Applying parameters for device 0x40000000
02-04 23:03:22.442   581   770 D DlbDap2Process: setParam(iea = #1[10])
02-04 23:03:22.442   581   770 D DlbDap2Process: setParam(msce = #1[1])
02-04 23:03:22.442   581   770 D DlbDap2Process: setParam(mdee = #1[1])
02-04 23:03:22.442   581   770 D DlbDap2Process: setParam(miee = #1[1])
02-04 23:03:22.442   581   770 D DlbDap2Process: setParam(mdle = #1[1])
02-04 23:03:22.442   581   770 D DlbDap2Process: setParam(dvle = #1[1])
02-04 23:03:22.442   581   770 D DlbDap2Process: setParam(mave = #1[1])
02-04 23:03:22.442   581   770 D DlbDap2Process: setParam(vcbf = #20[47, 141, 234, 328, 469, 656, 844, 1031, 1313, 1688, 2250, 3000, 3750, 4688, 5813, 7125, 9000, 11250, 13875, 19688])
02-04 23:03:22.442   581   770 D DlbDap2Process: setParam(vbon = #1[0])
02-04 23:03:22.442   581   770 D DlbDap2Process: setParam(beon = #1[0])
02-04 23:03:22.442   581   770 D DlbDap2Process: setParam(geon = #1[0])
02-04 23:03:22.442   581   770 D DlbDap2Process: setParam(ieon = #1[1])
02-04 23:03:22.442   581   770 D DlbDap2Process: setParam(gebs = #41[20, 47, 141, 234, 328, 469, 656, 844, 1031, 1313, 1688, 2250, 3000, 3750, 4688, 5813, 7125, 9000, 11250, 13875, 19688, 0, 0, 0, 0, 0, 0, 0, 0, 0, 0, 0, 0, 0, 0, 0, 0, 0, 0, 0, 0])
02-04 23:03:22.443   581   770 D DlbDap2Process: setParam(iebs = #41[20, 65, 136, 223, 332, 467, 634, 841, 1098, 1416, 1812, 2302, 2909, 3663, 4598, 5756, 7194, 8976, 11186, 13927, 17326, 117, 133, 188, 176, 141, 149, 175, 185, 185, 200, 236, 242, 228, 213, 182, 132, 110, 68, -27, -240])
02-04 23:03:22.443   581   770 D DlbDapEndpointParamCache: doCommit() Committed 15 parameters out of 16.
02-04 23:03:22.443   581   770 D DlbDapEndpointParamCache: commit() Overriding parameters for current device 0x00000002
02-04 23:03:22.443   581   770 D DlbDap2Process: setParam(dea = #1[12])
02-04 23:03:22.443   581   770 D DlbDap2Process: setParam(dsa = #1[10])
02-04 23:03:22.443   581   770 D DlbDap2Process: setParam(beb = #1[192])
02-04 23:03:22.443   581   770 D DlbDap2Process: setParam(plb = #1[0])
02-04 23:03:22.443   581   770 D DlbDap2Process: setParam(vmb = #1[144])
02-04 23:03:22.443   581   770 D DlbDap2Process: setParam(dsb = #1[96])
02-04 23:03:22.443   581   770 D DlbDap2Process: setParam(ded = #1[0])
02-04 23:03:22.443   581   770 D DlbDap2Process: setParam(vbm = #1[3])
02-04 23:03:22.443   581   770 D DlbDap2Process: DAP output mode set to 11 with 2 output channels and custom mix matrix.
02-04 23:03:22.443   581   770 D DlbDap2Process: setParam(dom = #17[1, 16384, 0, 0, 16384, 11583, 11583, 8192, 8192, 16384, 0, 0, 16384, 16384, 0, 0, 16384])
02-04 23:03:22.443   581   770 D DlbDap2Process: setParam(bew = #1[16])
02-04 23:03:22.443   581   770 D DlbDap2Process: setParam(dvla = #1[7])
02-04 23:03:22.443   581   770 D DlbDap2Process: setParam(arra = #1[96])
02-04 23:03:22.443   581   770 D DlbDap2Process: setParam(dfsa = #1[10])
02-04 23:03:22.443   581   770 D DlbDap2Process: setParam(dhsa = #1[10])
02-04 23:03:22.443   581   770 D DlbDap2Process: setParam(dvmc = #1[0])
02-04 23:03:22.443   581   770 D DlbDap2Process: setParam(arod = #1[0])
02-04 23:03:22.443   581   770 D DlbDap2Process: setParam(arde = #1[1])
02-04 23:03:22.443   581   770 D DlbDap2Process: setParam(dvle = #1[1])
02-04 23:03:22.443   581   770 D DlbDap2Process: setParam(dvme = #1[0])
02-04 23:03:22.443   581   770 D DlbDap2Process: setParam(becf = #1[200])
02-04 23:03:22.443   581   770 D DlbDap2Process: setParam(vbmf = #2[94, 469])
02-04 23:03:22.443   581   770 D DlbDap2Process: setParam(vbsf = #2[35, 160])
02-04 23:03:22.443   581   770 D DlbDap2Process: setParam(vbhg = #3[-32, -144, -192])
02-04 23:03:22.443   581   770 D DlbDap2Process: setParam(vbog = #1[0])
02-04 23:03:22.443   581   770 D DlbDap2Process: setParam(vbsg = #1[0])
02-04 23:03:22.443   581   770 D DlbDap2Process: setParam(dvli = #1[-320])
02-04 23:03:22.443   581   770 D DlbDap2Process: setParam(dhfm = #1[2])
02-04 23:03:22.443   581   770 D DlbDap2Process: setParam(vbon = #1[0])
02-04 23:03:22.443   581   770 D DlbDap2Process: setParam(beon = #1[0])
02-04 23:03:22.443   581   770 D DlbDap2Process: setParam(deon = #1[1])
02-04 23:03:22.443   581   770 D DlbDap2Process: setParam(ngon = #1[1])
02-04 23:03:22.444   581   770 D DlbDap2Process: setParam(aoon = #1[1])
02-04 23:03:22.444   581   770 D DlbDap2Process: setParam(aron = #1[1])
02-04 23:03:22.444   581   770 D DlbDap2Process: setParam(dvlo = #1[-320])
02-04 23:03:22.444   581   770 D DlbDap2Process: setParam(artp = #1[12])
02-04 23:03:22.444   581   770 D DlbDap2Process: setParam(aobs = #222[20, 10, 47, 141, 234, 328, 469, 656, 844, 1031, 1313, 1688, 2250, 3000, 3750, 4688, 5813, 7125, 9000, 11250, 13875, 19688, 0, 0, 0, 0, 0, 0, 0, 0, 0, 0, 0, 0, 0, 0, 0, 0, 0, 0, 0, 0, 0, 0, 0, 0, 0, 0, 0, 0, 0, 0, 0, 0, 0, 0, 0, 0, 0, 0, 0, 0, 0, 0, 0, 0, 0, 0, 0, 0, 0, 0, 0, 0, 0, 0, 0, 0, 0, 0, 0, 0, 0, 0, 0, 0, 0, 0, 0, 0, 0, 0, 0, 0, 0, 0, 0, 0, 0, 0, 0, 0, 0, 0, 0, 0, 0, 0, 0, 0, 0, 0, 0, 0, 0, 0, 0, 0, 0, 0, 0, 0, 0, 0, 0, 0, 0, 0, 0, 0, 0, 0, 0, 0, 0, 0, 0, 0, 0, 0, 0, 0, 0, 0, 0, 0, 0, 0, 0, 0, 0, 0, 0, 0, 0, 0, 0, 0, 0, 0, 0, 0, 0, 0, 0, 0, 0, 0, 0, 0, 0, 0, 0, 0, 0, 0, 0, 0, 0, 0, 0, 0, 0, 0, 0, 0, 0, 0, 0, 0, 0, 0, 0, 0, 0, 0, 0, 0, 0, 0, 0, 0, 0, 0, 0, 0, 0, 0, 0, 0, 0, 0, 0, 0, 0, 0, 0, 0, 0, 0, 0, 0])
02-04 23:03:22.444   581   770 D DlbDap2Process: setParam(arbs = #81[20, 47, 141, 234, 328, 469, 656, 844, 1031, 1313, 1688, 2250, 3000, 3750, 4688, 5813, 7125, 9000, 11250, 13875, 19688, -192, -192, -192, -192, -192, -192, -192, -192, -192, -192, -192, -192, -192, -192, -192, -192, -192, -192, -192, -192, 0, 0, 0, 0, 0, 0, 0, 0, 0, 0, 0, 0, 0, 0, 0, 0, 0, 0, 0, 0, 0, 0, 0, 0, 0, 0, 0, 0, 0, 0, 0, 0, 0, 0, 0, 0, 0, 0, 0, 0])
02-04 23:03:22.444   581   770 D DlbDapEndpointParamCache: doCommit() Committed 37 parameters out of 37.
02-04 23:03:22.466   581   770 D AudioFlinger: trackDestroyed() Track id 550 no longer contains processed audio
02-04 23:03:22.466   581   724 D DlbDlbEffect: handle_EFFECT_CMD_DISABLE()
02-04 23:03:22.466   581   724 D DlbDapCrossfadeProcess: setEnabled transitioning from DAP_ACTIVE state to FADE_TO_BYPASS
02-04 23:03:22.467   416   416 W /system/bin/hw/android.hidl.allocator@1.0-service: ashmem_create_region(3840) returning hidl_memory(0x7590c2c2e0, 3840)
02-04 23:03:22.468   581   724 D DlbDlbEffect: handle_EFFECT_CMD_SET_CONFIG()
02-04 23:03:22.468   581   724 D DlbDapEndpointParamCache: setDevice(device=0x00000002)
02-04 23:03:22.469   421   421 D DMSService: setActiveDevice called with device = 0x2
02-04 23:03:22.469   581   724 D DlbDlbEffect: handle_EFFECT_CMD_ENABLE()
02-04 23:03:22.469   581   724 D DlbDapCrossfadeProcess: setEnabled transitioning from FADE_TO_BYPASS state to FADE_TO_ACTIVE
02-04 23:03:22.608 29311 29311 D featureTest: onCreate
02-04 23:03:22.612 29311 29311 D AudioTrack: Client defaulted notificationFrames to 962 for frameCount 1924
02-04 23:03:22.615 29311 29311 W AudioTrack: Use of stream types is deprecated for operations other than volume control
02-04 23:03:22.615 29311 29311 W AudioTrack: See the documentation of AudioTrack() for what to use instead with android.media.AudioAttributes to qualify your playback use case
02-04 23:03:22.621 29311 29311 W DolbyAudioEffect: WARNING: attaching a DolbyAudioEffect to global output mix is deprecated!
02-04 23:03:22.626 29311 29311 D featureTest: onResume
02-04 23:03:22.640 29311 29328 D OpenGLRenderer: HWUI GL Pipeline
02-04 23:03:22.674 29311 29328 I Adreno  : QUALCOMM build                   : 7142022, Ib5823dd10c
02-04 23:03:22.674 29311 29328 I Adreno  : Build Date                       : 06/23/17
02-04 23:03:22.674 29311 29328 I Adreno  : OpenGL ES Shader Compiler Version: EV031.18.00.00
02-04 23:03:22.674 29311 29328 I Adreno  : Local Branch                     : O11A
02-04 23:03:22.674 29311 29328 I Adreno  : Remote Branch                    : 
02-04 23:03:22.674 29311 29328 I Adreno  : Remote Branch                    : 
02-04 23:03:22.674 29311 29328 I Adreno  : Reconstruct Branch               : 
02-04 23:03:22.675 29311 29328 I vndksupport: sphal namespace is not configured for this process. Loading /vendor/lib64/hw/gralloc.msm8994.so from the current namespace instead.
02-04 23:03:22.683 29311 29328 I Adreno  : PFP: 0x00000000, ME: 0x00000000
02-04 23:03:22.690 29311 29328 I OpenGLRenderer: Initialized EGL, version 1.4
02-04 23:03:22.690 29311 29328 D OpenGLRenderer: Swap behavior 2
02-04 23:03:22.704   365   365 W /system/bin/hwservicemanager: getTransportFromManifest: Cannot find entry android.hardware.graphics.mapper@2.0::IMapper in either framework or device manifest, using default transport.
02-04 23:03:22.707 29311 29328 I vndksupport: sphal namespace is not configured for this process. Loading /vendor/lib64/hw/gralloc.msm8994.so from the current namespace instead.
02-04 23:03:22.741   816   843 I ActivityManager: Displayed com.dolby.qa.featuretest/.MainActivity: +324ms
02-04 23:03:22.840   581   770 D audio_hw_primary: disable_audio_route: usecase(0) reset and update mixer path: deep-buffer-playback speaker
02-04 23:03:22.851   581   770 D audio_hw_primary: disable_snd_device: snd_device(2: speaker)
02-04 23:03:22.866   816   843 W ActivityManager: setHasOverlayUi called on unknown pid: 29217
02-04 23:03:23.050   816   816 W NotificationService: Object died trying to hide notification android.app.ITransientNotification$Stub$Proxy@c0bf979 in package com.dolby.qa.featuretest
02-04 23:03:23.050   816   816 W WindowManager: removeWindowToken: Attempted to remove non-existing token: android.os.Binder@51d05f3
02-04 23:03:23.231  2401  2517 W OpenGLRenderer: Incorrectly called buildLayer on View: ShortcutAndWidgetContainer, destroying layer...
02-04 23:03:23.480 29311 29311 D featureTest: receive broadcast , playing content location :/sdcard/featureTest/2ch_channel_id.wav
02-04 23:03:23.489 29311 29311 D featureTest: mMediaPlayer.getAudioSessionId(): 4009
02-04 23:03:23.489 29311 29311 D featureTest: Playing file: /sdcard/featureTest/2ch_channel_id.wav
02-04 23:03:23.491   589  1183 D NuPlayerDriver: NuPlayerDriver(0xe5732770) created, clientPid(29311)
02-04 23:03:23.493 29342 29342 W generic : type=1400 audit(0.0:2833): avc: denied { read } for path="/storage/emulated/0/featuretest/2ch_channel_id.wav" dev="sdcardfs" ino=523313 scontext=u:r:mediaextractor:s0 tcontext=u:object_r:sdcardfs:s0 tclass=file permissive=0
02-04 23:03:23.493 29311 29311 W MediaPlayer: Use of stream types is deprecated for operations other than volume control
02-04 23:03:23.493 29311 29311 W MediaPlayer: See the documentation of setAudioStreamType() for what to use instead with android.media.AudioAttributes to qualify your playback use case
02-04 23:03:23.496   589 29342 D GenericSource: FileSource remote
02-04 23:03:23.496   589 29342 W GenericSource: extractor service cannot make data source
02-04 23:03:23.496   589 29342 D GenericSource: FileSource local
02-04 23:03:23.521   587  1118 D MediaBufferGroup: creating MemoryDealer
02-04 23:03:23.521   589 29340 D NuPlayerDriver: notifyListener_l(0xe5732770), (1, 0, 0, -1), loop setting(0, 0)
02-04 23:03:23.530   589  1183 D NuPlayerDriver: start(0xe5732770), state is 4, eos is 0
02-04 23:03:23.530   589 29340 I GenericSource: start
02-04 23:03:23.535 29311 29311 W DolbyAudioEffect: WARNING: attaching a DolbyAudioEffect to global output mix is deprecated!
02-04 23:03:23.537   593 20870 I OMXMaster: makeComponentInstance(OMX.google.raw.decoder) in android.hardwar process
02-04 23:03:23.541   593  5353 E OMXNodeInstance: setConfig(0xf10a2ea0:google.raw.decoder, ConfigPriority(0x6f800002)) ERROR: Undefined(0x80001001)
02-04 23:03:23.541   589 29347 I ACodec  : codec does not support config priority (err -2147483648)
02-04 23:03:23.542   593   593 E OMXNodeInstance: getConfig(0xf10a2ea0:google.raw.decoder, ConfigAndroidVendorExtension(0x6f100004)) ERROR: Undefined(0x80001001)
02-04 23:03:23.543   589 29347 I MediaCodec: MediaCodec will operate in async mode
02-04 23:03:23.550 29311 29311 D featureTest: receive broadcast , change ds status :1
02-04 23:03:23.553   589 29345 D AudioTrack: Client defaulted notificationFrames to 12000 for frameCount 24000
02-04 23:03:23.553   581   730 D DlbDlbEffect: handle_EFFECT_CMD_DISABLE()
02-04 23:03:23.553   581   730 D DlbDapCrossfadeProcess: setEnabled transitioning from FADE_TO_ACTIVE state to FADE_TO_BYPASS
02-04 23:03:23.556   416   416 W /system/bin/hw/android.hidl.allocator@1.0-service: ashmem_create_region(7680) returning hidl_memory(0x7590c2c2e0, 7680)
02-04 23:03:23.557   581   730 D DlbDlbEffect: handle_EFFECT_CMD_SET_CONFIG()
02-04 23:03:23.557   581   730 D DlbDapEndpointParamCache: setDevice(device=0x00000002)
02-04 23:03:23.557   421   421 D DMSService: setActiveDevice called with device = 0x2
02-04 23:03:23.557   581   730 D DlbDlbEffect: handle_EFFECT_CMD_ENABLE()
02-04 23:03:23.557   581   730 D DlbDapCrossfadeProcess: setEnabled transitioning from FADE_TO_BYPASS state to FADE_TO_ACTIVE
02-04 23:03:23.558   589 29340 D NuPlayerDriver: notifyListener_l(0xe5732770), (6, 0, 0, -1), loop setting(0, 1)
02-04 23:03:23.561   581  5115 D DlbDap2Process: setMave(mave = 1)
02-04 23:03:23.567   581  5115 D DlbDapCrossfadeProcess: process transitioning from FADE_TO_ACTIVE state to DAP_ACTIVE
02-04 23:03:23.567   581  5356 D DlbDlbEffect: handle_EFFECT_CMD_SET_PARAM()
02-04 23:03:23.580   581  5111 D audio_hw_primary: enable_snd_device: snd_device(2: speaker)
02-04 23:03:23.582   581  5111 D audio_hw_primary: enable_audio_route: usecase(0) apply and update mixer path: deep-buffer-playback speaker
02-04 23:03:23.636 29311 29311 D featureTest: receive broadcast , change ds profile id :0
02-04 23:03:23.642   581  5115 D DlbDap2Process: process() called [286000] times
02-04 23:03:23.648   581  5355 D DlbDlbEffect: handle_EFFECT_CMD_SET_PARAM()
02-04 23:03:23.687   581   770 D AudioFlinger: mixer(0xf2983980) throttle end: throttle time(41)
02-04 23:03:23.713 29311 29311 D featureTest: receive broadcast , record log :0
02-04 23:03:25.055   571   940 E QC-QMI  : linux_qmi_qmux_io_wake_lock: Err in writing wakelock=qmuxd_port_wl_0, error [1:Operation not permitted]
02-04 23:03:25.056   571   940 E QC-QMI  : linux_qmi_qmux_io_wake_unlock: Err in writing wakelock=qmuxd_port_wl_0, error [1:Operation not permitted]
02-04 23:03:25.585   816   816 W WindowManager: removeWindowToken: Attempted to remove non-existing token: android.os.Binder@2c810ca
02-04 23:03:25.614   429   429 D SurfaceFlinger: duplicate layer name: changing Toast to Toast#1
02-04 23:03:26.296   581  5115 D DlbDap2Process: process() called [286500] times
02-04 23:03:27.602   816   816 W WindowManager: removeWindowToken: Attempted to remove non-existing token: android.os.Binder@41704
02-04 23:03:27.619   571   940 E QC-QMI  : linux_qmi_qmux_io_wake_lock: Err in writing wakelock=qmuxd_port_wl_0, error [1:Operation not permitted]
02-04 23:03:27.619   571   940 E QC-QMI  : linux_qmi_qmux_io_wake_unlock: Err in writing wakelock=qmuxd_port_wl_0, error [1:Operation not permitted]
