--------- beginning of system
02-03 00:52:32.122   823  1577 I ActivityManager: Force stopping com.dolby.qa.featuretest appid=10075 user=0: from pid 18455
02-03 00:52:32.122   823  1577 I ActivityManager: Killing 18366:com.dolby.qa.featuretest/u0a75 (adj 0): stop com.dolby.qa.featuretest
02-03 00:52:32.123   823  1577 W ActivityManager: Force removing ActivityRecord{8302d90 u0 com.dolby.qa.featuretest/.MainActivity t659}: app died, no saved state
02-03 00:52:32.131   823  1577 I WindowManager: Failed to capture screenshot of Token{7c57689 ActivityRecord{8302d90 u0 com.dolby.qa.featuretest/.MainActivity t659 f}} appWin=Window{a07e384 u0 com.dolby.qa.featuretest/com.dolby.qa.featuretest.MainActivity} drawState=4
--------- beginning of main
02-03 00:52:32.155   597  1214 D NuPlayerDriver: reset(0xf1bb2540) at state 5
02-03 00:52:32.156   597  1214 D NuPlayerDriver: notifyListener_l(0xf1bb2540), (8, 0, 0, -1), loop setting(0, 1)
02-03 00:52:32.157   589  5032 D AudioFlinger: trackStateChanged() Track id 1038 state changed to 6
02-03 00:52:32.157   823  1569 I WindowManager: WIN DEATH: Window{b048813 u0 Toast}
02-03 00:52:32.162   602  1204 I DDP_JOCDecoder: -> ~DDPDecoder
02-03 00:52:32.163   602  1204 I DDP_JOCDecoder: -> stop
02-03 00:52:32.163   602  1204 I DDP_JOCDecoder: <- stop
02-03 00:52:32.163   602  1204 I ARenderer: ~ARenderer
02-03 00:52:32.163   602  1204 I evo_parser: evo_parser_close
02-03 00:52:32.163   602  1204 I DlbDap2QmfProcess: ~Dap2Process()
02-03 00:52:32.163   602  1204 I DlbDap2QmfProcess: close()
02-03 00:52:32.164   602  1204 I DDP_JOCDecoder: <- ~DDPDecoder
02-03 00:52:32.173   597 18395 D NuPlayerDriver: notifyResetComplete(0xf1bb2540)
02-03 00:52:32.175   597  1214 D AudioTrack: stop() called with 0 frames delivered
02-03 00:52:32.179  1263  1263 D CarrierSvcBindHelper: No carrier app for: 0
02-03 00:52:32.181  2566  2566 D RegisteredNfcFServicesCache: Service unchanged, not updating
02-03 00:52:32.250   823   834 I ActivityManager: START u0 {flg=0x10000000 cmp=com.dolby.qa.featuretest/.MainActivity} from uid 2000
02-03 00:52:32.274   823  1569 I ActivityManager: Start proc 18461:com.dolby.qa.featuretest/u0a75 for activity com.dolby.qa.featuretest/.MainActivity
02-03 00:52:32.275 18461 18461 I zygote64: Late-enabling -Xcheck:jni
02-03 00:52:32.282   589   772 D AudioFlinger: trackStateChanged() Track id 1038 state changed to 2
02-03 00:52:32.282   589   772 I AudioFlinger: updateProcessedAudioState() Changing content processing in effect to 0
02-03 00:52:32.282   589   772 D DlbDlbEffect: handle_EFFECT_CMD_SET_PARAM()
02-03 00:52:32.287   589   772 I DlbEffectContext: setContentProcEnabled() Enabling content processing in global effect
02-03 00:52:32.288   589   772 D DlbDapEndpointParamCache: commitChangedParams()
02-03 00:52:32.288   589   772 D DlbDapEndpointParamCache: commit() Applying parameters for device 0x40000000
02-03 00:52:32.288   589   772 D DlbDap2Process: setParam(iea = #1[10])
02-03 00:52:32.288   589   772 D DlbDap2Process: setParam(msce = #1[1])
02-03 00:52:32.288   589   772 D DlbDap2Process: setParam(mdee = #1[1])
02-03 00:52:32.288   589   772 D DlbDap2Process: setParam(miee = #1[1])
02-03 00:52:32.288   589   772 D DlbDap2Process: setParam(mdle = #1[1])
02-03 00:52:32.288   589   772 D DlbDap2Process: setParam(dvle = #1[1])
02-03 00:52:32.288   589   772 D DlbDap2Process: setParam(mave = #1[1])
02-03 00:52:32.288   589   772 D DlbDap2Process: setParam(vcbf = #20[47, 141, 234, 328, 469, 656, 844, 1031, 1313, 1688, 2250, 3000, 3750, 4688, 5813, 7125, 9000, 11250, 13875, 19688])
02-03 00:52:32.288   589   772 D DlbDap2Process: setParam(vbon = #1[0])
02-03 00:52:32.288   589   772 D DlbDap2Process: setParam(beon = #1[0])
02-03 00:52:32.288   589   772 D DlbDap2Process: setParam(geon = #1[0])
02-03 00:52:32.288   589   772 D DlbDap2Process: setParam(ieon = #1[1])
02-03 00:52:32.288   589   772 D DlbDap2Process: setParam(gebs = #41[20, 47, 141, 234, 328, 469, 656, 844, 1031, 1313, 1688, 2250, 3000, 3750, 4688, 5813, 7125, 9000, 11250, 13875, 19688, 0, 0, 0, 0, 0, 0, 0, 0, 0, 0, 0, 0, 0, 0, 0, 0, 0, 0, 0, 0])
02-03 00:52:32.288   589   772 D DlbDap2Process: setParam(iebs = #41[20, 65, 136, 223, 332, 467, 634, 841, 1098, 1416, 1812, 2302, 2909, 3663, 4598, 5756, 7194, 8976, 11186, 13927, 17326, 117, 133, 188, 176, 141, 149, 175, 185, 185, 200, 236, 242, 228, 213, 182, 132, 110, 68, -27, -240])
02-03 00:52:32.288   589   772 D DlbDapEndpointParamCache: doCommit() Committed 15 parameters out of 16.
02-03 00:52:32.288   589   772 D DlbDapEndpointParamCache: commit() Overriding parameters for current device 0x00000002
02-03 00:52:32.288   589   772 D DlbDap2Process: setParam(dea = #1[12])
02-03 00:52:32.288   589   772 D DlbDap2Process: setParam(dsa = #1[10])
02-03 00:52:32.288   589   772 D DlbDap2Process: setParam(beb = #1[192])
02-03 00:52:32.288   589   772 D DlbDap2Process: setParam(plb = #1[0])
02-03 00:52:32.288   589   772 D DlbDap2Process: setParam(vmb = #1[144])
02-03 00:52:32.288   589   772 D DlbDap2Process: setParam(dsb = #1[96])
02-03 00:52:32.289   589   772 D DlbDap2Process: setParam(ded = #1[0])
02-03 00:52:32.289   589   772 D DlbDap2Process: setParam(vbm = #1[3])
02-03 00:52:32.289   589   772 D DlbDap2Process: DAP output mode set to 11 with 2 output channels and custom mix matrix.
02-03 00:52:32.289   589   772 D DlbDap2Process: setParam(dom = #17[1, 16384, 0, 0, 16384, 11583, 11583, 8192, 8192, 16384, 0, 0, 16384, 16384, 0, 0, 16384])
02-03 00:52:32.289   589   772 D DlbDap2Process: setParam(bew = #1[16])
02-03 00:52:32.289   589   772 D DlbDap2Process: setParam(dvla = #1[7])
02-03 00:52:32.289   589   772 D DlbDap2Process: setParam(arra = #1[96])
02-03 00:52:32.289   589   772 D DlbDap2Process: setParam(dfsa = #1[10])
02-03 00:52:32.289   589   772 D DlbDap2Process: setParam(dhsa = #1[10])
02-03 00:52:32.289   589   772 D DlbDap2Process: setParam(dvmc = #1[0])
02-03 00:52:32.289   589   772 D DlbDap2Process: setParam(arod = #1[0])
02-03 00:52:32.289   589   772 D DlbDap2Process: setParam(arde = #1[1])
02-03 00:52:32.289   589   772 D DlbDap2Process: setParam(dvle = #1[1])
02-03 00:52:32.289   589   772 D DlbDap2Process: setParam(dvme = #1[0])
02-03 00:52:32.289   589   772 D DlbDap2Process: setParam(becf = #1[200])
02-03 00:52:32.289   589   772 D DlbDap2Process: setParam(vbmf = #2[94, 469])
02-03 00:52:32.289   589   772 D DlbDap2Process: setParam(vbsf = #2[35, 160])
02-03 00:52:32.289   589   772 D DlbDap2Process: setParam(vbhg = #3[-32, -144, -192])
02-03 00:52:32.289   589   772 D DlbDap2Process: setParam(vbog = #1[0])
02-03 00:52:32.289   589   772 D DlbDap2Process: setParam(vbsg = #1[0])
02-03 00:52:32.289   589   772 D DlbDap2Process: setParam(dvli = #1[-320])
02-03 00:52:32.289   589   772 D DlbDap2Process: setParam(dhfm = #1[2])
02-03 00:52:32.289   589   772 D DlbDap2Process: setParam(vbon = #1[0])
02-03 00:52:32.289   589   772 D DlbDap2Process: setParam(beon = #1[0])
02-03 00:52:32.289   589   772 D DlbDap2Process: setParam(deon = #1[1])
02-03 00:52:32.289   589   772 D DlbDap2Process: setParam(ngon = #1[1])
02-03 00:52:32.289   589   772 D DlbDap2Process: setParam(aoon = #1[1])
02-03 00:52:32.289   589   772 D DlbDap2Process: setParam(aron = #1[1])
02-03 00:52:32.289   589   772 D DlbDap2Process: setParam(dvlo = #1[-320])
02-03 00:52:32.289   589   772 D DlbDap2Process: setParam(artp = #1[12])
02-03 00:52:32.290   589   772 D DlbDap2Process: setParam(aobs = #222[20, 10, 47, 141, 234, 328, 469, 656, 844, 1031, 1313, 1688, 2250, 3000, 3750, 4688, 5813, 7125, 9000, 11250, 13875, 19688, 0, 0, 0, 0, 0, 0, 0, 0, 0, 0, 0, 0, 0, 0, 0, 0, 0, 0, 0, 0, 0, 0, 0, 0, 0, 0, 0, 0, 0, 0, 0, 0, 0, 0, 0, 0, 0, 0, 0, 0, 0, 0, 0, 0, 0, 0, 0, 0, 0, 0, 0, 0, 0, 0, 0, 0, 0, 0, 0, 0, 0, 0, 0, 0, 0, 0, 0, 0, 0, 0, 0, 0, 0, 0, 0, 0, 0, 0, 0, 0, 0, 0, 0, 0, 0, 0, 0, 0, 0, 0, 0, 0, 0, 0, 0, 0, 0, 0, 0, 0, 0, 0, 0, 0, 0, 0, 0, 0, 0, 0, 0, 0, 0, 0, 0, 0, 0, 0, 0, 0, 0, 0, 0, 0, 0, 0, 0, 0, 0, 0, 0, 0, 0, 0, 0, 0, 0, 0, 0, 0, 0, 0, 0, 0, 0, 0, 0, 0, 0, 0, 0, 0, 0, 0, 0, 0, 0, 0, 0, 0, 0, 0, 0, 0, 0, 0, 0, 0, 0, 0, 0, 0, 0, 0, 0, 0, 0, 0, 0, 0, 0, 0, 0, 0, 0, 0, 0, 0, 0, 0, 0, 0, 0, 0, 0, 0, 0, 0, 0, 0])
02-03 00:52:32.290   589   772 D DlbDap2Process: setParam(arbs = #81[20, 47, 141, 234, 328, 469, 656, 844, 1031, 1313, 1688, 2250, 3000, 3750, 4688, 5813, 7125, 9000, 11250, 13875, 19688, -192, -192, -192, -192, -192, -192, -192, -192, -192, -192, -192, -192, -192, -192, -192, -192, -192, -192, -192, -192, 0, 0, 0, 0, 0, 0, 0, 0, 0, 0, 0, 0, 0, 0, 0, 0, 0, 0, 0, 0, 0, 0, 0, 0, 0, 0, 0, 0, 0, 0, 0, 0, 0, 0, 0, 0, 0, 0, 0, 0])
02-03 00:52:32.290   589   772 D DlbDapEndpointParamCache: doCommit() Committed 37 parameters out of 37.
02-03 00:52:32.312   589   728 D DlbDlbEffect: handle_EFFECT_CMD_DISABLE()
02-03 00:52:32.312   589   728 D DlbDapCrossfadeProcess: setEnabled transitioning from DAP_ACTIVE state to FADE_TO_BYPASS
02-03 00:52:32.312   589   772 D AudioFlinger: trackDestroyed() Track id 1038 no longer contains processed audio
02-03 00:52:32.313   416   416 W /system/bin/hw/android.hidl.allocator@1.0-service: ashmem_create_region(3840) returning hidl_memory(0x77bb02c2e0, 3840)
02-03 00:52:32.314   589   728 D DlbDlbEffect: handle_EFFECT_CMD_SET_CONFIG()
02-03 00:52:32.314   589   728 D DlbDapEndpointParamCache: setDevice(device=0x00000002)
02-03 00:52:32.314   421   421 D DMSService: setActiveDevice called with device = 0x2
02-03 00:52:32.314   589   728 D DlbDlbEffect: handle_EFFECT_CMD_ENABLE()
02-03 00:52:32.314   589   728 D DlbDapCrossfadeProcess: setEnabled transitioning from FADE_TO_BYPASS state to FADE_TO_ACTIVE
02-03 00:52:32.477 18461 18461 D featureTest: onCreate
02-03 00:52:32.643   589   772 D audio_hw_primary: disable_audio_route: usecase(0) reset and update mixer path: deep-buffer-playback speaker
02-03 00:52:32.655   589   772 D audio_hw_primary: disable_snd_device: snd_device(2: speaker)
02-03 00:52:32.668 18461 18461 D AudioTrack: Client defaulted notificationFrames to 962 for frameCount 1924
02-03 00:52:32.677 18461 18461 W AudioTrack: Use of stream types is deprecated for operations other than volume control
02-03 00:52:32.677 18461 18461 W AudioTrack: See the documentation of AudioTrack() for what to use instead with android.media.AudioAttributes to qualify your playback use case
02-03 00:52:32.692 18461 18461 W DolbyAudioEffect: WARNING: attaching a DolbyAudioEffect to global output mix is deprecated!
02-03 00:52:32.702   823   848 W ActivityManager: setHasOverlayUi called on unknown pid: 18366
02-03 00:52:32.708 18461 18461 D featureTest: onResume
02-03 00:52:32.722 18461 18482 D OpenGLRenderer: HWUI GL Pipeline
02-03 00:52:32.767 18461 18482 I Adreno  : QUALCOMM build                   : 7142022, Ib5823dd10c
02-03 00:52:32.767 18461 18482 I Adreno  : Build Date                       : 06/23/17
02-03 00:52:32.767 18461 18482 I Adreno  : OpenGL ES Shader Compiler Version: EV031.18.00.00
02-03 00:52:32.767 18461 18482 I Adreno  : Local Branch                     : O11A
02-03 00:52:32.767 18461 18482 I Adreno  : Remote Branch                    : 
02-03 00:52:32.767 18461 18482 I Adreno  : Remote Branch                    : 
02-03 00:52:32.767 18461 18482 I Adreno  : Reconstruct Branch               : 
02-03 00:52:32.767 18461 18482 I vndksupport: sphal namespace is not configured for this process. Loading /vendor/lib64/hw/gralloc.msm8994.so from the current namespace instead.
02-03 00:52:32.773 18461 18482 I Adreno  : PFP: 0x00000000, ME: 0x00000000
02-03 00:52:32.777 18461 18482 I OpenGLRenderer: Initialized EGL, version 1.4
02-03 00:52:32.777 18461 18482 D OpenGLRenderer: Swap behavior 2
02-03 00:52:32.809   366   366 W /system/bin/hwservicemanager: getTransportFromManifest: Cannot find entry android.hardware.graphics.mapper@2.0::IMapper in either framework or device manifest, using default transport.
02-03 00:52:32.812 18461 18482 I vndksupport: sphal namespace is not configured for this process. Loading /vendor/lib64/hw/gralloc.msm8994.so from the current namespace instead.
02-03 00:52:32.835   823   848 I ActivityManager: Displayed com.dolby.qa.featuretest/.MainActivity: +569ms
02-03 00:52:32.941   823   823 W NotificationService: Object died trying to hide notification android.app.ITransientNotification$Stub$Proxy@1a357e3 in package com.dolby.qa.featuretest
02-03 00:52:32.941   823   823 W WindowManager: removeWindowToken: Attempted to remove non-existing token: android.os.Binder@240004d
02-03 00:52:33.076  2717  3063 W OpenGLRenderer: Incorrectly called buildLayer on View: ShortcutAndWidgetContainer, destroying layer...
02-03 00:52:33.336 18461 18461 D featureTest: receive broadcast , playing content location :/sdcard/featureTest/2ch_channel_id.wav
02-03 00:52:33.345 18461 18461 D featureTest: mMediaPlayer.getAudioSessionId(): 7937
02-03 00:52:33.345 18461 18461 D featureTest: Playing file: /sdcard/featureTest/2ch_channel_id.wav
02-03 00:52:33.347   597  1205 D NuPlayerDriver: NuPlayerDriver(0xf1bb2310) created, clientPid(18461)
02-03 00:52:33.348 18492 18492 W generic : type=1400 audit(0.0:3003): avc: denied { read } for path="/storage/emulated/0/featuretest/2ch_channel_id.wav" dev="sdcardfs" ino=523313 scontext=u:r:mediaextractor:s0 tcontext=u:object_r:sdcardfs:s0 tclass=file permissive=0
02-03 00:52:33.349 18461 18461 W MediaPlayer: Use of stream types is deprecated for operations other than volume control
02-03 00:52:33.349 18461 18461 W MediaPlayer: See the documentation of setAudioStreamType() for what to use instead with android.media.AudioAttributes to qualify your playback use case
02-03 00:52:33.352   597 18492 D GenericSource: FileSource remote
02-03 00:52:33.352   597 18492 W GenericSource: extractor service cannot make data source
02-03 00:52:33.352   597 18492 D GenericSource: FileSource local
02-03 00:52:33.372   595  2154 D MediaBufferGroup: creating MemoryDealer
02-03 00:52:33.373   597 18490 D NuPlayerDriver: notifyListener_l(0xf1bb2310), (1, 0, 0, -1), loop setting(0, 0)
02-03 00:52:33.382   597  1214 D NuPlayerDriver: start(0xf1bb2310), state is 4, eos is 0
02-03 00:52:33.382   597 18490 I GenericSource: start
02-03 00:52:33.385 18461 18461 W DolbyAudioEffect: WARNING: attaching a DolbyAudioEffect to global output mix is deprecated!
02-03 00:52:33.388   602  5768 I OMXMaster: makeComponentInstance(OMX.google.raw.decoder) in android.hardwar process
02-03 00:52:33.391   602 10688 E OMXNodeInstance: setConfig(0xea307300:google.raw.decoder, ConfigPriority(0x6f800002)) ERROR: Undefined(0x80001001)
02-03 00:52:33.391   597 18497 I ACodec  : codec does not support config priority (err -2147483648)
02-03 00:52:33.392   602   602 E OMXNodeInstance: getConfig(0xea307300:google.raw.decoder, ConfigAndroidVendorExtension(0x6f100004)) ERROR: Undefined(0x80001001)
02-03 00:52:33.392   597 18497 I MediaCodec: MediaCodec will operate in async mode
02-03 00:52:33.400   597 18495 D AudioTrack: Client defaulted notificationFrames to 12000 for frameCount 24000
02-03 00:52:33.401   589  4567 D DlbDlbEffect: handle_EFFECT_CMD_DISABLE()
02-03 00:52:33.401   589  4567 D DlbDapCrossfadeProcess: setEnabled transitioning from FADE_TO_ACTIVE state to FADE_TO_BYPASS
02-03 00:52:33.403   416   416 W /system/bin/hw/android.hidl.allocator@1.0-service: ashmem_create_region(7680) returning hidl_memory(0x77bb02c2e0, 7680)
02-03 00:52:33.404   589  4567 D DlbDlbEffect: handle_EFFECT_CMD_SET_CONFIG()
02-03 00:52:33.404   589  4567 D DlbDapEndpointParamCache: setDevice(device=0x00000002)
02-03 00:52:33.404   421   421 D DMSService: setActiveDevice called with device = 0x2
02-03 00:52:33.404   589  4567 D DlbDlbEffect: handle_EFFECT_CMD_ENABLE()
02-03 00:52:33.404   589  4567 D DlbDapCrossfadeProcess: setEnabled transitioning from FADE_TO_BYPASS state to FADE_TO_ACTIVE
02-03 00:52:33.405   597 18490 D NuPlayerDriver: notifyListener_l(0xf1bb2310), (6, 0, 0, -1), loop setting(0, 1)
02-03 00:52:33.407   589  4575 D DlbDap2Process: setMave(mave = 1)
02-03 00:52:33.408 18461 18461 D featureTest: receive broadcast , change ds status :1
02-03 00:52:33.413   589  4575 D DlbDapCrossfadeProcess: process transitioning from FADE_TO_ACTIVE state to DAP_ACTIVE
02-03 00:52:33.427   589  4568 D audio_hw_primary: enable_snd_device: snd_device(2: speaker)
02-03 00:52:33.429   589  4568 D audio_hw_primary: enable_audio_route: usecase(0) apply and update mixer path: deep-buffer-playback speaker
02-03 00:52:33.432   589   589 D DlbDlbEffect: handle_EFFECT_CMD_SET_PARAM()
02-03 00:52:33.481 18461 18461 D featureTest: receive broadcast , change ds profile id :0
02-03 00:52:33.488   589  6769 D DlbDlbEffect: handle_EFFECT_CMD_SET_PARAM()
02-03 00:52:33.532   589   772 D AudioFlinger: mixer(0xf0683c00) throttle end: throttle time(43)
02-03 00:52:33.538 18461 18461 D featureTest: receive broadcast , record log :0
02-03 00:52:35.442   823   823 W WindowManager: removeWindowToken: Attempted to remove non-existing token: android.os.Binder@911600c
02-03 00:52:35.463   579   934 E QC-QMI  : linux_qmi_qmux_io_wake_lock: Err in writing wakelock=qmuxd_port_wl_0, error [1:Operation not permitted]
02-03 00:52:35.463   579   934 E QC-QMI  : linux_qmi_qmux_io_wake_unlock: Err in writing wakelock=qmuxd_port_wl_0, error [1:Operation not permitted]
02-03 00:52:35.485   427   427 D SurfaceFlinger: duplicate layer name: changing Toast to Toast#1
02-03 00:52:35.493   589  4575 D DlbDap2Process: process() called [820500] times
02-03 00:52:37.468   823   823 W WindowManager: removeWindowToken: Attempted to remove non-existing token: android.os.Binder@9f99c36
02-03 00:52:38.135   589  4575 D DlbDap2Process: process() called [821000] times
02-03 00:52:38.701 18461 18461 D featureTest: receive broadcast , change volume leveler :0
02-03 00:52:38.718   589  4821 D DlbDlbEffect: handle_EFFECT_CMD_SET_PARAM()
02-03 00:52:38.734   589  4575 D DlbDapEndpointParamCache: commitChangedParams()
02-03 00:52:38.734   589  4575 D DlbDapEndpointParamCache: commit() Applying parameters for device 0x40000000
02-03 00:52:38.734   589  4575 D DlbDap2Process: setParam(iea = #1[10])
02-03 00:52:38.734   589  4575 D DlbDap2Process: setParam(msce = #1[1])
02-03 00:52:38.734   589  4575 D DlbDap2Process: setParam(mdee = #1[1])
02-03 00:52:38.734   589  4575 D DlbDap2Process: setParam(miee = #1[1])
02-03 00:52:38.734   589  4575 D DlbDap2Process: setParam(mdle = #1[1])
02-03 00:52:38.734   589  4575 D DlbDap2Process: setParam(dvle = #1[0])
02-03 00:52:38.734   589  4575 D DlbDap2Process: setParam(mave = #1[1])
02-03 00:52:38.734   589  4575 D DlbDap2Process: setParam(vcbf = #20[47, 141, 234, 328, 469, 656, 844, 1031, 1313, 1688, 2250, 3000, 3750, 4688, 5813, 7125, 9000, 11250, 13875, 19688])
02-03 00:52:38.734   589  4575 D DlbDap2Process: setParam(vbon = #1[0])
02-03 00:52:38.735   589  4575 D DlbDap2Process: setParam(beon = #1[0])
02-03 00:52:38.735   589  4575 D DlbDap2Process: setParam(geon = #1[0])
02-03 00:52:38.735   589  4575 D DlbDap2Process: setParam(ieon = #1[1])
02-03 00:52:38.735   589  4575 D DlbDap2Process: setParam(gebs = #41[20, 47, 141, 234, 328, 469, 656, 844, 1031, 1313, 1688, 2250, 3000, 3750, 4688, 5813, 7125, 9000, 11250, 13875, 19688, 0, 0, 0, 0, 0, 0, 0, 0, 0, 0, 0, 0, 0, 0, 0, 0, 0, 0, 0, 0])
02-03 00:52:38.735   589  4575 D DlbDap2Process: setParam(iebs = #41[20, 65, 136, 223, 332, 467, 634, 841, 1098, 1416, 1812, 2302, 2909, 3663, 4598, 5756, 7194, 8976, 11186, 13927, 17326, 117, 133, 188, 176, 141, 149, 175, 185, 185, 200, 236, 242, 228, 213, 182, 132, 110, 68, -27, -240])
02-03 00:52:38.735   589  4575 D DlbDapEndpointParamCache: doCommit() Committed 15 parameters out of 16.
02-03 00:52:38.735   589  4575 D DlbDapEndpointParamCache: commit() Overriding parameters for current device 0x00000002
02-03 00:52:38.735   589  4575 D DlbDap2Process: setParam(dea = #1[12])
02-03 00:52:38.735   589  4575 D DlbDap2Process: setParam(dsa = #1[10])
02-03 00:52:38.735   589  4575 D DlbDap2Process: setParam(beb = #1[192])
02-03 00:52:38.735   589  4575 D DlbDap2Process: setParam(plb = #1[0])
02-03 00:52:38.735   589  4575 D DlbDap2Process: setParam(vmb = #1[144])
02-03 00:52:38.735   589  4575 D DlbDap2Process: setParam(dsb = #1[96])
02-03 00:52:38.735   589  4575 D DlbDap2Process: setParam(ded = #1[0])
02-03 00:52:38.735   589  4575 D DlbDap2Process: setParam(vbm = #1[3])
02-03 00:52:38.735   589  4575 D DlbDap2Process: setParam(dom = #17[1, 16384, 0, 0, 16384, 11583, 11583, 8192, 8192, 16384, 0, 0, 16384, 16384, 0, 0, 16384])
02-03 00:52:38.735   589  4575 D DlbDap2Process: setParam(bew = #1[16])
02-03 00:52:38.735   589  4575 D DlbDap2Process: setParam(dvla = #1[7])
02-03 00:52:38.735   589  4575 D DlbDap2Process: setParam(arra = #1[96])
02-03 00:52:38.735   589  4575 D DlbDap2Process: setParam(dfsa = #1[10])
02-03 00:52:38.735   589  4575 D DlbDap2Process: setParam(dhsa = #1[10])
02-03 00:52:38.735   589  4575 D DlbDap2Process: setParam(dvmc = #1[0])
02-03 00:52:38.735   589  4575 D DlbDap2Process: setParam(arod = #1[0])
02-03 00:52:38.735   589  4575 D DlbDap2Process: setParam(arde = #1[1])
02-03 00:52:38.735   589  4575 D DlbDap2Process: setParam(dvle = #1[0])
02-03 00:52:38.735   589  4575 D DlbDap2Process: setParam(dvme = #1[0])
02-03 00:52:38.735   589  4575 D DlbDap2Process: setParam(becf = #1[200])
02-03 00:52:38.736   589  4575 D DlbDap2Process: setParam(vbmf = #2[94, 469])
02-03 00:52:38.736   589  4575 D DlbDap2Process: setParam(vbsf = #2[35, 160])
02-03 00:52:38.736   589  4575 D DlbDap2Process: setParam(vbhg = #3[-32, -144, -192])
02-03 00:52:38.736   589  4575 D DlbDap2Process: setParam(vbog = #1[0])
02-03 00:52:38.736   589  4575 D DlbDap2Process: setParam(vbsg = #1[0])
02-03 00:52:38.736   589  4575 D DlbDap2Process: setParam(dvli = #1[-320])
02-03 00:52:38.736   589  4575 D DlbDap2Process: setParam(dhfm = #1[2])
02-03 00:52:38.736   589  4575 D DlbDap2Process: setParam(vbon = #1[0])
02-03 00:52:38.736   589  4575 D DlbDap2Process: setParam(beon = #1[0])
02-03 00:52:38.736   589  4575 D DlbDap2Process: setParam(deon = #1[1])
02-03 00:52:38.736   589  4575 D DlbDap2Process: setParam(ngon = #1[1])
02-03 00:52:38.736   589  4575 D DlbDap2Process: setParam(aoon = #1[1])
02-03 00:52:38.736   589  4575 D DlbDap2Process: setParam(aron = #1[1])
02-03 00:52:38.736   589  4575 D DlbDap2Process: setParam(dvlo = #1[-320])
02-03 00:52:38.736   589  4575 D DlbDap2Process: setParam(artp = #1[12])
02-03 00:52:38.737   589  4575 D DlbDap2Process: setParam(aobs = #222[20, 10, 47, 141, 234, 328, 469, 656, 844, 1031, 1313, 1688, 2250, 3000, 3750, 4688, 5813, 7125, 9000, 11250, 13875, 19688, 0, 0, 0, 0, 0, 0, 0, 0, 0, 0, 0, 0, 0, 0, 0, 0, 0, 0, 0, 0, 0, 0, 0, 0, 0, 0, 0, 0, 0, 0, 0, 0, 0, 0, 0, 0, 0, 0, 0, 0, 0, 0, 0, 0, 0, 0, 0, 0, 0, 0, 0, 0, 0, 0, 0, 0, 0, 0, 0, 0, 0, 0, 0, 0, 0, 0, 0, 0, 0, 0, 0, 0, 0, 0, 0, 0, 0, 0, 0, 0, 0, 0, 0, 0, 0, 0, 0, 0, 0, 0, 0, 0, 0, 0, 0, 0, 0, 0, 0, 0, 0, 0, 0, 0, 0, 0, 0, 0, 0, 0, 0, 0, 0, 0, 0, 0, 0, 0, 0, 0, 0, 0, 0, 0, 0, 0, 0, 0, 0, 0, 0, 0, 0, 0, 0, 0, 0, 0, 0, 0, 0, 0, 0, 0, 0, 0, 0, 0, 0, 0, 0, 0, 0, 0, 0, 0, 0, 0, 0, 0, 0, 0, 0, 0, 0, 0, 0, 0, 0, 0, 0, 0, 0, 0, 0, 0, 0, 0, 0, 0, 0, 0, 0, 0, 0, 0, 0, 0, 0, 0, 0, 0, 0, 0, 0, 0, 0, 0, 0, 0])
02-03 00:52:38.737   589  4575 D DlbDap2Process: setParam(arbs = #81[20, 47, 141, 234, 328, 469, 656, 844, 1031, 1313, 1688, 2250, 3000, 3750, 4688, 5813, 7125, 9000, 11250, 13875, 19688, -192, -192, -192, -192, -192, -192, -192, -192, -192, -192, -192, -192, -192, -192, -192, -192, -192, -192, -192, -192, 0, 0, 0, 0, 0, 0, 0, 0, 0, 0, 0, 0, 0, 0, 0, 0, 0, 0, 0, 0, 0, 0, 0, 0, 0, 0, 0, 0, 0, 0, 0, 0, 0, 0, 0, 0, 0, 0, 0, 0])
02-03 00:52:38.737   589  4575 D DlbDapEndpointParamCache: doCommit() Committed 37 parameters out of 37.
02-03 00:52:38.737   589  4575 D DlbDap2Process: setMave(mave = 1)
02-03 00:52:39.539 17374 17374 I ServiceManager: Waiting for service AtCmdFwd...
02-03 00:52:40.540 17374 17374 I ServiceManager: Waiting for service AtCmdFwd...
02-03 00:52:40.731   823   823 W WindowManager: removeWindowToken: Attempted to remove non-existing token: android.os.Binder@760f209
02-03 00:52:40.815   589  4575 D DlbDap2Process: process() called [821500] times
02-03 00:52:41.541 17374 17374 I ServiceManager: Waiting for service AtCmdFwd...
02-03 00:52:42.541 17374 17374 I ServiceManager: Waiting for service AtCmdFwd...
02-03 00:52:43.494   589  4575 D DlbDap2Process: process() called [822000] times
02-03 00:52:43.542 17374 17374 W Atfwd_Sendcmd: AtCmdFwd service not published, waiting... retryCnt : 4
