--------- beginning of system
02-04 23:05:59.118   816   975 I ActivityManager: Force stopping com.dolby.qa.featuretest appid=10074 user=0: from pid 30744
02-04 23:05:59.118   816   975 I ActivityManager: Killing 30646:com.dolby.qa.featuretest/u0a74 (adj 0): stop com.dolby.qa.featuretest
02-04 23:05:59.119   816   975 W ActivityManager: Force removing ActivityRecord{c8e2424 u0 com.dolby.qa.featuretest/.MainActivity t207}: app died, no saved state
02-04 23:05:59.124   816   975 I WindowManager: Failed to capture screenshot of Token{f608b8d ActivityRecord{c8e2424 u0 com.dolby.qa.featuretest/.MainActivity t207 f}} appWin=Window{984a4a u0 com.dolby.qa.featuretest/com.dolby.qa.featuretest.MainActivity} drawState=4
--------- beginning of main
02-04 23:05:59.148   589   589 D NuPlayerDriver: reset(0xe57325b0) at state 5
02-04 23:05:59.148   816  2356 I WindowManager: WIN DEATH: Window{518376f u0 Toast}
02-04 23:05:59.149   589   589 D NuPlayerDriver: notifyListener_l(0xe57325b0), (8, 0, 0, -1), loop setting(0, 1)
02-04 23:05:59.152  1232  1232 D CarrierSvcBindHelper: No carrier app for: 0
02-04 23:05:59.155  2298  2298 D RegisteredNfcFServicesCache: Service unchanged, not updating
02-04 23:05:59.162   589 30700 D NuPlayerDriver: notifyResetComplete(0xe57325b0)
02-04 23:05:59.163   589   589 D AudioTrack: stop() called with 0 frames delivered
02-04 23:05:59.224   816  2337 I ActivityManager: START u0 {flg=0x10000000 cmp=com.dolby.qa.featuretest/.MainActivity} from uid 2000
02-04 23:05:59.245 30750 30750 I zygote64: Late-enabling -Xcheck:jni
02-04 23:05:59.250   816   964 I ActivityManager: Start proc 30750:com.dolby.qa.featuretest/u0a74 for activity com.dolby.qa.featuretest/.MainActivity
02-04 23:05:59.269   581   724 D DlbDlbEffect: handle_EFFECT_CMD_DISABLE()
02-04 23:05:59.269   581   724 D DlbDapCrossfadeProcess: setEnabled transitioning from DAP_ACTIVE state to FADE_TO_BYPASS
02-04 23:05:59.271   416   416 W /system/bin/hw/android.hidl.allocator@1.0-service: ashmem_create_region(3840) returning hidl_memory(0x7590c2c2e0, 3840)
02-04 23:05:59.272   581   724 D DlbDlbEffect: handle_EFFECT_CMD_SET_CONFIG()
02-04 23:05:59.272   581   724 D DlbDapEndpointParamCache: setDevice(device=0x00000002)
02-04 23:05:59.272   421   421 D DMSService: setActiveDevice called with device = 0x2
02-04 23:05:59.272   581   724 D DlbDlbEffect: handle_EFFECT_CMD_ENABLE()
02-04 23:05:59.272   581   724 D DlbDapCrossfadeProcess: setEnabled transitioning from FADE_TO_BYPASS state to FADE_TO_ACTIVE
02-04 23:05:59.443 30750 30750 D featureTest: onCreate
02-04 23:05:59.606   581   770 D audio_hw_primary: disable_audio_route: usecase(0) reset and update mixer path: deep-buffer-playback speaker
02-04 23:05:59.619   581   770 D audio_hw_primary: disable_snd_device: snd_device(2: speaker)
02-04 23:05:59.631 30750 30750 D AudioTrack: Client defaulted notificationFrames to 962 for frameCount 1924
02-04 23:05:59.640 30750 30750 W AudioTrack: Use of stream types is deprecated for operations other than volume control
02-04 23:05:59.641 30750 30750 W AudioTrack: See the documentation of AudioTrack() for what to use instead with android.media.AudioAttributes to qualify your playback use case
02-04 23:05:59.656 30750 30750 W DolbyAudioEffect: WARNING: attaching a DolbyAudioEffect to global output mix is deprecated!
02-04 23:05:59.668 30750 30750 D featureTest: onResume
02-04 23:05:59.691 30750 30767 D OpenGLRenderer: HWUI GL Pipeline
02-04 23:05:59.693   816   843 W ActivityManager: setHasOverlayUi called on unknown pid: 30646
02-04 23:05:59.755 30750 30767 I Adreno  : QUALCOMM build                   : 7142022, Ib5823dd10c
02-04 23:05:59.755 30750 30767 I Adreno  : Build Date                       : 06/23/17
02-04 23:05:59.755 30750 30767 I Adreno  : OpenGL ES Shader Compiler Version: EV031.18.00.00
02-04 23:05:59.755 30750 30767 I Adreno  : Local Branch                     : O11A
02-04 23:05:59.755 30750 30767 I Adreno  : Remote Branch                    : 
02-04 23:05:59.755 30750 30767 I Adreno  : Remote Branch                    : 
02-04 23:05:59.755 30750 30767 I Adreno  : Reconstruct Branch               : 
02-04 23:05:59.755 30750 30767 I vndksupport: sphal namespace is not configured for this process. Loading /vendor/lib64/hw/gralloc.msm8994.so from the current namespace instead.
02-04 23:05:59.761 30750 30767 I Adreno  : PFP: 0x00000000, ME: 0x00000000
02-04 23:05:59.766 30750 30767 I OpenGLRenderer: Initialized EGL, version 1.4
02-04 23:05:59.766 30750 30767 D OpenGLRenderer: Swap behavior 2
02-04 23:05:59.797   365   365 W /system/bin/hwservicemanager: getTransportFromManifest: Cannot find entry android.hardware.graphics.mapper@2.0::IMapper in either framework or device manifest, using default transport.
02-04 23:05:59.801 30750 30767 I vndksupport: sphal namespace is not configured for this process. Loading /vendor/lib64/hw/gralloc.msm8994.so from the current namespace instead.
02-04 23:05:59.825   816   843 I ActivityManager: Displayed com.dolby.qa.featuretest/.MainActivity: +588ms
02-04 23:06:00.040  2401  2517 W OpenGLRenderer: Incorrectly called buildLayer on View: ShortcutAndWidgetContainer, destroying layer...
02-04 23:06:00.304 30750 30750 D featureTest: receive broadcast , playing content location :/sdcard/featureTest/7ch_25fps.wav
02-04 23:06:00.312 30750 30750 D featureTest: mMediaPlayer.getAudioSessionId(): 4361
02-04 23:06:00.313 30780 30780 W generic : type=1400 audit(0.0:2865): avc: denied { read } for path="/storage/emulated/0/featuretest/7ch_25fps.wav" dev="sdcardfs" ino=523298 scontext=u:r:mediaextractor:s0 tcontext=u:object_r:sdcardfs:s0 tclass=file permissive=0
02-04 23:06:00.313 30750 30750 D featureTest: Playing file: /sdcard/featureTest/7ch_25fps.wav
02-04 23:06:00.314   589   589 D NuPlayerDriver: NuPlayerDriver(0xe57325b0) created, clientPid(30750)
02-04 23:06:00.316 30750 30750 W MediaPlayer: Use of stream types is deprecated for operations other than volume control
02-04 23:06:00.316 30750 30750 W MediaPlayer: See the documentation of setAudioStreamType() for what to use instead with android.media.AudioAttributes to qualify your playback use case
02-04 23:06:00.318   589 30780 D GenericSource: FileSource remote
02-04 23:06:00.318   589 30780 W GenericSource: extractor service cannot make data source
02-04 23:06:00.318   589 30780 D GenericSource: FileSource local
02-04 23:06:00.333   587   587 D MediaBufferGroup: creating MemoryDealer
02-04 23:06:00.334   589 30779 D NuPlayerDriver: notifyListener_l(0xe57325b0), (1, 0, 0, -1), loop setting(0, 0)
02-04 23:06:00.342   589   589 D NuPlayerDriver: start(0xe57325b0), state is 4, eos is 0
02-04 23:06:00.342   589 30779 I GenericSource: start
02-04 23:06:00.346   816   816 W NotificationService: Object died trying to hide notification android.app.ITransientNotification$Stub$Proxy@94f955b in package com.dolby.qa.featuretest
02-04 23:06:00.346   816   816 W WindowManager: removeWindowToken: Attempted to remove non-existing token: android.os.Binder@e02b5aa
02-04 23:06:00.346   816   816 W ActivityManager: setProcessForeground called on unknown pid: 30646
02-04 23:06:00.347   816   816 W NotificationService: Object died trying to show notification android.app.ITransientNotification$Stub$Proxy@5c681f8 in package com.dolby.qa.featuretest
02-04 23:06:00.347   816   816 W ActivityManager: setProcessForeground called on unknown pid: 30646
02-04 23:06:00.347 30750 30750 W DolbyAudioEffect: WARNING: attaching a DolbyAudioEffect to global output mix is deprecated!
02-04 23:06:00.347   816   816 W NotificationService: Object died trying to show notification android.app.ITransientNotification$Stub$Proxy@eef16d1 in package com.dolby.qa.featuretest
02-04 23:06:00.349   593  1162 I OMXMaster: makeComponentInstance(OMX.google.raw.decoder) in android.hardwar process
02-04 23:06:00.352   593   712 E OMXNodeInstance: setConfig(0xf10a3380:google.raw.decoder, ConfigPriority(0x6f800002)) ERROR: Undefined(0x80001001)
02-04 23:06:00.352   589 30787 I ACodec  : codec does not support config priority (err -2147483648)
02-04 23:06:00.353   593 20514 E OMXNodeInstance: getConfig(0xf10a3380:google.raw.decoder, ConfigAndroidVendorExtension(0x6f100004)) ERROR: Undefined(0x80001001)
02-04 23:06:00.353   589 30787 I MediaCodec: MediaCodec will operate in async mode
02-04 23:06:00.364   365   365 W /system/bin/hwservicemanager: getTransportFromManifest: Cannot find entry android.hardware.audio.effect@2.0::IEffectsFactory in either framework or device manifest, using default transport.
02-04 23:06:00.367   416   416 W /system/bin/hw/android.hidl.allocator@1.0-service: ashmem_create_region(4096) returning hidl_memory(0x7590c2c2e0, 4096)
02-04 23:06:00.370   416   416 W /system/bin/hw/android.hidl.allocator@1.0-service: ashmem_create_region(1024) returning hidl_memory(0x7590c2c2e0, 1024)
02-04 23:06:00.370   581  5356 E EffectHalHidl: Buffer provider callbacks are not supported
02-04 23:06:00.371   589 30785 D AudioTrack: Client defaulted notificationFrames to 12000 for frameCount 24000
02-04 23:06:00.372   581   731 D DlbDlbEffect: handle_EFFECT_CMD_DISABLE()
02-04 23:06:00.372   581   731 D DlbDapCrossfadeProcess: setEnabled transitioning from FADE_TO_ACTIVE state to FADE_TO_BYPASS
02-04 23:06:00.373 30750 30750 D featureTest: receive broadcast , change ds status :0
02-04 23:06:00.374   416   416 W /system/bin/hw/android.hidl.allocator@1.0-service: ashmem_create_region(7680) returning hidl_memory(0x7590c2c2e0, 7680)
02-04 23:06:00.375   581   731 D DlbDlbEffect: handle_EFFECT_CMD_SET_CONFIG()
02-04 23:06:00.375   581   731 D DlbDapEndpointParamCache: setDevice(device=0x00000002)
02-04 23:06:00.375   421   421 D DMSService: setActiveDevice called with device = 0x2
02-04 23:06:00.375   581   731 D DlbDlbEffect: handle_EFFECT_CMD_ENABLE()
02-04 23:06:00.375   581   731 D DlbDapCrossfadeProcess: setEnabled transitioning from FADE_TO_BYPASS state to FADE_TO_ACTIVE
02-04 23:06:00.376   589 30779 D NuPlayerDriver: notifyListener_l(0xe57325b0), (6, 0, 0, -1), loop setting(0, 1)
02-04 23:06:00.379   581  5115 D DlbDapCrossfadeProcess: process transitioning from FADE_TO_ACTIVE state to DAP_ACTIVE
02-04 23:06:00.391   581  5111 D audio_hw_primary: enable_snd_device: snd_device(2: speaker)
02-04 23:06:00.393   581  5111 D audio_hw_primary: enable_audio_route: usecase(0) apply and update mixer path: deep-buffer-playback speaker
02-04 23:06:00.400   581  5143 D DlbDlbEffect: handle_EFFECT_CMD_SET_PARAM()
02-04 23:06:00.427   581  5115 D DlbDapCrossfadeProcess: setEnabled transitioning from DAP_ACTIVE state to FADE_TO_BYPASS
02-04 23:06:00.429   581  5115 D DlbDap2Process: process() called [312000] times
02-04 23:06:00.459 30750 30750 D featureTest: receive broadcast , change ds profile id :2
02-04 23:06:00.471   581  5115 D DlbDapCrossfadeProcess: process transitioning from FADE_TO_BYPASS state to DAP_BYPASSED
02-04 23:06:00.474   581  5142 D DlbDlbEffect: handle_EFFECT_CMD_SET_PARAM()
02-04 23:06:00.474   421   460 I DapController: Profile Changed to Music
02-04 23:06:00.497   581   770 D AudioFlinger: mixer(0xf2983980) throttle end: throttle time(43)
02-04 23:06:00.500   581  5115 D DlbDapEndpointParamCache: commitChangedParams()
02-04 23:06:00.501   581  5115 D DlbDapEndpointParamCache: commit() Applying parameters for device 0x40000000
02-04 23:06:00.501   581  5115 D DlbDap2Process: setParam(iea = #1[10])
02-04 23:06:00.501   581  5115 D DlbDap2Process: setParam(msce = #1[0])
02-04 23:06:00.501   581  5115 D DlbDap2Process: setParam(mdee = #1[0])
02-04 23:06:00.501   581  5115 D DlbDap2Process: setParam(miee = #1[0])
02-04 23:06:00.501   581  5115 D DlbDap2Process: setParam(mdle = #1[0])
02-04 23:06:00.501   581  5115 D DlbDap2Process: setParam(dvle = #1[1])
02-04 23:06:00.501   581  5115 D DlbDap2Process: setParam(mave = #1[0])
02-04 23:06:00.501   581  5115 D DlbDap2Process: setParam(vcbf = #20[47, 141, 234, 328, 469, 656, 844, 1031, 1313, 1688, 2250, 3000, 3750, 4688, 5813, 7125, 9000, 11250, 13875, 19688])
02-04 23:06:00.501   581  5115 D DlbDap2Process: setParam(vbon = #1[0])
02-04 23:06:00.501   581  5115 D DlbDap2Process: setParam(beon = #1[0])
02-04 23:06:00.501   581  5115 D DlbDap2Process: setParam(geon = #1[0])
02-04 23:06:00.501   581  5115 D DlbDap2Process: setParam(ieon = #1[1])
02-04 23:06:00.501   581  5115 D DlbDap2Process: setParam(gebs = #41[20, 47, 141, 234, 328, 469, 656, 844, 1031, 1313, 1688, 2250, 3000, 3750, 4688, 5813, 7125, 9000, 11250, 13875, 19688, 0, 0, 0, 0, 0, 0, 0, 0, 0, 0, 0, 0, 0, 0, 0, 0, 0, 0, 0, 0])
02-04 23:06:00.501   581  5115 D DlbDap2Process: setParam(iebs = #41[20, 65, 136, 223, 332, 467, 634, 841, 1098, 1416, 1812, 2302, 2909, 3663, 4598, 5756, 7194, 8976, 11186, 13927, 17326, 117, 133, 188, 176, 141, 149, 175, 185, 185, 200, 236, 242, 228, 213, 182, 132, 110, 68, -27, -240])
02-04 23:06:00.501   581  5115 D DlbDapEndpointParamCache: doCommit() Committed 15 parameters out of 16.
02-04 23:06:00.501   581  5115 D DlbDapEndpointParamCache: commit() Overriding parameters for current device 0x00000002
02-04 23:06:00.501   581  5115 D DlbDap2Process: setParam(dea = #1[7])
02-04 23:06:00.501   581  5115 D DlbDap2Process: setParam(dsa = #1[10])
02-04 23:06:00.501   581  5115 D DlbDap2Process: setParam(beb = #1[192])
02-04 23:06:00.501   581  5115 D DlbDap2Process: setParam(plb = #1[0])
02-04 23:06:00.501   581  5115 D DlbDap2Process: setParam(vmb = #1[144])
02-04 23:06:00.501   581  5115 D DlbDap2Process: setParam(dsb = #1[0])
02-04 23:06:00.501   581  5115 D DlbDap2Process: setParam(ded = #1[0])
02-04 23:06:00.501   581  5115 D DlbDap2Process: setParam(vbm = #1[3])
02-04 23:06:00.501   581  5115 D DlbDap2Process: setParam(dom = #1[0])
02-04 23:06:00.501   581  5115 D DlbDap2Process: setParam(bew = #1[16])
02-04 23:06:00.502   581  5115 D DlbDap2Process: setParam(dvla = #1[4])
02-04 23:06:00.502   581  5115 D DlbDap2Process: setParam(arra = #1[96])
02-04 23:06:00.502   581  5115 D DlbDap2Process: setParam(dfsa = #1[10])
02-04 23:06:00.502   581  5115 D DlbDap2Process: setParam(dhsa = #1[10])
02-04 23:06:00.502   581  5115 D DlbDap2Process: setParam(dvmc = #1[0])
02-04 23:06:00.502   581  5115 D DlbDap2Process: setParam(arod = #1[0])
02-04 23:06:00.502   581  5115 D DlbDap2Process: setParam(arde = #1[1])
02-04 23:06:00.502   581  5115 D DlbDap2Process: setParam(dvle = #1[1])
02-04 23:06:00.502   581  5115 D DlbDap2Process: setParam(dvme = #1[0])
02-04 23:06:00.502   581  5115 D DlbDap2Process: setParam(becf = #1[200])
02-04 23:06:00.502   581  5115 D DlbDap2Process: setParam(vbmf = #2[94, 469])
02-04 23:06:00.502   581  5115 D DlbDap2Process: setParam(vbsf = #2[35, 160])
02-04 23:06:00.502   581  5115 D DlbDap2Process: setParam(vbhg = #3[-32, -144, -192])
02-04 23:06:00.502   581  5115 D DlbDap2Process: setParam(vbog = #1[0])
02-04 23:06:00.502   581  5115 D DlbDap2Process: setParam(vbsg = #1[0])
02-04 23:06:00.502   581  5115 D DlbDap2Process: setParam(dvli = #1[-320])
02-04 23:06:00.502   581  5115 D DlbDap2Process: setParam(dhfm = #1[2])
02-04 23:06:00.502   581  5115 D DlbDap2Process: setParam(vbon = #1[0])
02-04 23:06:00.502   581  5115 D DlbDap2Process: setParam(beon = #1[0])
02-04 23:06:00.502   581  5115 D DlbDap2Process: setParam(deon = #1[0])
02-04 23:06:00.502   581  5115 D DlbDap2Process: setParam(ngon = #1[1])
02-04 23:06:00.502   581  5115 D DlbDap2Process: setParam(aoon = #1[1])
02-04 23:06:00.502   581  5115 D DlbDap2Process: setParam(aron = #1[1])
02-04 23:06:00.502   581  5115 D DlbDap2Process: setParam(dvlo = #1[-320])
02-04 23:06:00.502   581  5115 D DlbDap2Process: setParam(artp = #1[12])
02-04 23:06:00.503   581  5115 D DlbDap2Process: setParam(aobs = #222[20, 10, 47, 141, 234, 328, 469, 656, 844, 1031, 1313, 1688, 2250, 3000, 3750, 4688, 5813, 7125, 9000, 11250, 13875, 19688, 0, 0, 0, 0, 0, 0, 0, 0, 0, 0, 0, 0, 0, 0, 0, 0, 0, 0, 0, 0, 0, 0, 0, 0, 0, 0, 0, 0, 0, 0, 0, 0, 0, 0, 0, 0, 0, 0, 0, 0, 0, 0, 0, 0, 0, 0, 0, 0, 0, 0, 0, 0, 0, 0, 0, 0, 0, 0, 0, 0, 0, 0, 0, 0, 0, 0, 0, 0, 0, 0, 0, 0, 0, 0, 0, 0, 0, 0, 0, 0, 0, 0, 0, 0, 0, 0, 0, 0, 0, 0, 0, 0, 0, 0, 0, 0, 0, 0, 0, 0, 0, 0, 0, 0, 0, 0, 0, 0, 0, 0, 0, 0, 0, 0, 0, 0, 0, 0, 0, 0, 0, 0, 0, 0, 0, 0, 0, 0, 0, 0, 0, 0, 0, 0, 0, 0, 0, 0, 0, 0, 0, 0, 0, 0, 0, 0, 0, 0, 0, 0, 0, 0, 0, 0, 0, 0, 0, 0, 0, 0, 0, 0, 0, 0, 0, 0, 0, 0, 0, 0, 0, 0, 0, 0, 0, 0, 0, 0, 0, 0, 0, 0, 0, 0, 0, 0, 0, 0, 0, 0, 0, 0, 0, 0, 0, 0, 0, 0, 0, 0])
02-04 23:06:00.503   581  5115 D DlbDap2Process: setParam(arbs = #81[20, 47, 141, 234, 328, 469, 656, 844, 1031, 1313, 1688, 2250, 3000, 3750, 4688, 5813, 7125, 9000, 11250, 13875, 19688, -192, -192, -192, -192, -192, -192, -192, -192, -192, -192, -192, -192, -192, -192, -192, -192, -192, -192, -192, -192, 0, 0, 0, 0, 0, 0, 0, 0, 0, 0, 0, 0, 0, 0, 0, 0, 0, 0, 0, 0, 0, 0, 0, 0, 0, 0, 0, 0, 0, 0, 0, 0, 0, 0, 0, 0, 0, 0, 0, 0])
02-04 23:06:00.503   581  5115 D DlbDapEndpointParamCache: doCommit() Committed 37 parameters out of 37.
02-04 23:06:00.545 30750 30750 D featureTest: receive broadcast , playing content location :/sdcard/featureTest/7ch_25fps.wav
02-04 23:06:00.547   589 26717 D NuPlayerDriver: stop(0xe57325b0)
02-04 23:06:00.547   589 26717 D NuPlayerDriver: notifyListener_l(0xe57325b0), (8, 0, 0, -1), loop setting(0, 1)
02-04 23:06:00.548   589   589 D NuPlayerDriver: reset(0xe57325b0) at state 8
02-04 23:06:00.556   589 30779 D NuPlayerDriver: notifyResetComplete(0xe57325b0)
02-04 23:06:00.556   589   589 D NuPlayerDriver: reset(0xe57325b0) at state 0
02-04 23:06:00.557 30750 30750 V MediaPlayer: resetDrmState:  mDrmInfo=null mDrmProvisioningThread=null mPrepareDrmInProgress=false mActiveDrmScheme=false
02-04 23:06:00.557 30750 30750 V MediaPlayer: cleanDrmObj: mDrmObj=null mDrmSessionId=null
02-04 23:06:00.558 30750 30750 V MediaPlayer: resetDrmState:  mDrmInfo=null mDrmProvisioningThread=null mPrepareDrmInProgress=false mActiveDrmScheme=false
02-04 23:06:00.558 30750 30750 V MediaPlayer: cleanDrmObj: mDrmObj=null mDrmSessionId=null
02-04 23:06:00.565 30750 30750 D featureTest: mMediaPlayer.getAudioSessionId(): 4369
02-04 23:06:00.565 30750 30750 D featureTest: Playing file: /sdcard/featureTest/7ch_25fps.wav
02-04 23:06:00.566 30805 30805 W generic : type=1400 audit(0.0:2866): avc: denied { read } for path="/storage/emulated/0/featuretest/7ch_25fps.wav" dev="sdcardfs" ino=523298 scontext=u:r:mediaextractor:s0 tcontext=u:object_r:sdcardfs:s0 tclass=file permissive=0
02-04 23:06:00.566   589   709 D NuPlayerDriver: NuPlayerDriver(0xe5732700) created, clientPid(30750)
02-04 23:06:00.569 30750 30750 W MediaPlayer: Use of stream types is deprecated for operations other than volume control
02-04 23:06:00.569 30750 30750 W MediaPlayer: See the documentation of setAudioStreamType() for what to use instead with android.media.AudioAttributes to qualify your playback use case
02-04 23:06:00.571   589 30805 D GenericSource: FileSource remote
02-04 23:06:00.571   589 30805 W GenericSource: extractor service cannot make data source
02-04 23:06:00.571   589 30805 D GenericSource: FileSource local
02-04 23:06:00.585   587   693 D MediaBufferGroup: creating MemoryDealer
02-04 23:06:00.586   589 30804 D NuPlayerDriver: notifyListener_l(0xe5732700), (1, 0, 0, -1), loop setting(0, 0)
02-04 23:06:00.590   589   709 D NuPlayerDriver: start(0xe5732700), state is 4, eos is 0
02-04 23:06:00.590   589 30804 I GenericSource: start
02-04 23:06:00.593 30750 30750 W DolbyAudioEffect: WARNING: attaching a DolbyAudioEffect to global output mix is deprecated!
02-04 23:06:00.596   593  1187 I OMXMaster: makeComponentInstance(OMX.google.raw.decoder) in android.hardwar process
02-04 23:06:00.599   593  5353 E OMXNodeInstance: setConfig(0xf0d07480:google.raw.decoder, ConfigPriority(0x6f800002)) ERROR: Undefined(0x80001001)
02-04 23:06:00.599   589 30810 I ACodec  : codec does not support config priority (err -2147483648)
02-04 23:06:00.600   593   712 E OMXNodeInstance: getConfig(0xf0d07480:google.raw.decoder, ConfigAndroidVendorExtension(0x6f100004)) ERROR: Undefined(0x80001001)
02-04 23:06:00.603   589 30810 I MediaCodec: MediaCodec will operate in async mode
02-04 23:06:00.611   365   365 W /system/bin/hwservicemanager: getTransportFromManifest: Cannot find entry android.hardware.audio.effect@2.0::IEffectsFactory in either framework or device manifest, using default transport.
02-04 23:06:00.614   416   416 W /system/bin/hw/android.hidl.allocator@1.0-service: ashmem_create_region(4096) returning hidl_memory(0x7590c2c2e0, 4096)
02-04 23:06:00.616 30750 30750 D featureTest: receive broadcast , change ds status :1
02-04 23:06:00.616   416   416 W /system/bin/hw/android.hidl.allocator@1.0-service: ashmem_create_region(1024) returning hidl_memory(0x7590c2c2e0, 1024)
02-04 23:06:00.617   581  7829 E EffectHalHidl: Buffer provider callbacks are not supported
02-04 23:06:00.618   589 30808 D AudioTrack: Client defaulted notificationFrames to 12000 for frameCount 24000
02-04 23:06:00.620   589 30804 D NuPlayerDriver: notifyListener_l(0xe5732700), (6, 0, 0, -1), loop setting(0, 1)
02-04 23:06:00.628   581  5143 D DlbDlbEffect: handle_EFFECT_CMD_SET_PARAM()
02-04 23:06:00.659   581  5115 D DlbDapCrossfadeProcess: setEnabled transitioning from DAP_BYPASSED state to PREROLL_ACTIVE
02-04 23:06:00.659   581  5115 D DlbDap2Process: setMave(mave = 0)
02-04 23:06:00.699 30750 30750 D featureTest: receive broadcast , change ds profile id :5
02-04 23:06:00.701   581  5115 D DlbDapCrossfadeProcess: process transitioning from PREROLL_ACTIVE state to FADE_TO_ACTIVE
02-04 23:06:00.712   581  7829 D DlbDlbEffect: handle_EFFECT_CMD_SET_PARAM()
02-04 23:06:00.713   421   460 I DapController: Profile Changed to Custom
02-04 23:06:00.741   581  5115 D DlbDapEndpointParamCache: commitChangedParams()
02-04 23:06:00.741   581  5115 D DlbDapEndpointParamCache: commit() Applying parameters for device 0x40000000
02-04 23:06:00.741   581  5115 D DlbDap2Process: setParam(iea = #1[10])
02-04 23:06:00.741   581  5115 D DlbDap2Process: setParam(msce = #1[0])
02-04 23:06:00.741   581  5115 D DlbDap2Process: setParam(mdee = #1[0])
02-04 23:06:00.741   581  5115 D DlbDap2Process: setParam(miee = #1[0])
02-04 23:06:00.741   581  5115 D DlbDap2Process: setParam(mdle = #1[0])
02-04 23:06:00.741   581  5115 D DlbDap2Process: setParam(dvle = #1[1])
02-04 23:06:00.741   581  5115 D DlbDap2Process: setParam(mave = #1[0])
02-04 23:06:00.741   581  5115 D DlbDap2Process: setParam(vcbf = #20[47, 141, 234, 328, 469, 656, 844, 1031, 1313, 1688, 2250, 3000, 3750, 4688, 5813, 7125, 9000, 11250, 13875, 19688])
02-04 23:06:00.741   581  5115 D DlbDap2Process: setParam(vbon = #1[0])
02-04 23:06:00.741   581  5115 D DlbDap2Process: setParam(beon = #1[0])
02-04 23:06:00.741   581  5115 D DlbDap2Process: setParam(geon = #1[0])
02-04 23:06:00.741   581  5115 D DlbDap2Process: setParam(ieon = #1[0])
02-04 23:06:00.742   581  5115 D DlbDap2Process: setParam(gebs = #41[20, 47, 141, 234, 328, 469, 656, 844, 1031, 1313, 1688, 2250, 3000, 3750, 4688, 5813, 7125, 9000, 11250, 13875, 19688, 0, 0, 0, 0, 0, 0, 0, 0, 0, 0, 0, 0, 0, 0, 0, 0, 0, 0, 0, 0])
02-04 23:06:00.742   581  5115 D DlbDap2Process: setParam(iebs = #41[20, 65, 136, 223, 332, 467, 634, 841, 1098, 1416, 1812, 2302, 2909, 3663, 4598, 5756, 7194, 8976, 11186, 13927, 17326, 117, 133, 188, 176, 141, 149, 175, 185, 185, 200, 236, 242, 228, 213, 182, 132, 110, 68, -27, -240])
02-04 23:06:00.742   581  5115 D DlbDapEndpointParamCache: doCommit() Committed 15 parameters out of 16.
02-04 23:06:00.742   581  5115 D DlbDapEndpointParamCache: commit() Overriding parameters for current device 0x00000002
02-04 23:06:00.742   581  5115 D DlbDap2Process: setParam(dea = #1[7])
02-04 23:06:00.742   581  5115 D DlbDap2Process: setParam(dsa = #1[10])
02-04 23:06:00.742   581  5115 D DlbDap2Process: setParam(beb = #1[192])
02-04 23:06:00.742   581  5115 D DlbDap2Process: setParam(plb = #1[0])
02-04 23:06:00.742   581  5115 D DlbDap2Process: setParam(vmb = #1[144])
02-04 23:06:00.742   581  5115 D DlbDap2Process: setParam(dsb = #1[48])
02-04 23:06:00.742   581  5115 D DlbDap2Process: setParam(ded = #1[0])
02-04 23:06:00.742   581  5115 D DlbDap2Process: setParam(vbm = #1[3])
02-04 23:06:00.742   581  5115 D DlbDap2Process: setParam(dom = #1[0])
02-04 23:06:00.742   581  5115 D DlbDap2Process: setParam(bew = #1[16])
02-04 23:06:00.742   581  5115 D DlbDap2Process: setParam(dvla = #1[5])
02-04 23:06:00.742   581  5115 D DlbDap2Process: setParam(arra = #1[96])
02-04 23:06:00.742   581  5115 D DlbDap2Process: setParam(dfsa = #1[10])
02-04 23:06:00.742   581  5115 D DlbDap2Process: setParam(dhsa = #1[10])
02-04 23:06:00.742   581  5115 D DlbDap2Process: setParam(dvmc = #1[0])
02-04 23:06:00.742   581  5115 D DlbDap2Process: setParam(arod = #1[0])
02-04 23:06:00.742   581  5115 D DlbDap2Process: setParam(arde = #1[1])
02-04 23:06:00.742   581  5115 D DlbDap2Process: setParam(dvle = #1[1])
02-04 23:06:00.742   581  5115 D DlbDap2Process: setParam(dvme = #1[0])
02-04 23:06:00.742   581  5115 D DlbDap2Process: setParam(becf = #1[200])
02-04 23:06:00.742   581  5115 D DlbDap2Process: setParam(vbmf = #2[94, 469])
02-04 23:06:00.742   581  5115 D DlbDap2Process: setParam(vbsf = #2[35, 160])
02-04 23:06:00.742   581  5115 D DlbDap2Process: setParam(vbhg = #3[-32, -144, -192])
02-04 23:06:00.742   581  5115 D DlbDap2Process: setParam(vbog = #1[0])
02-04 23:06:00.742   581  5115 D DlbDap2Process: setParam(vbsg = #1[0])
02-04 23:06:00.743   581  5115 D DlbDap2Process: setParam(dvli = #1[-320])
02-04 23:06:00.743   581  5115 D DlbDap2Process: setParam(dhfm = #1[2])
02-04 23:06:00.743   581  5115 D DlbDap2Process: setParam(vbon = #1[0])
02-04 23:06:00.743   581  5115 D DlbDap2Process: setParam(beon = #1[0])
02-04 23:06:00.743   581  5115 D DlbDap2Process: setParam(deon = #1[0])
02-04 23:06:00.743   581  5115 D DlbDap2Process: setParam(ngon = #1[1])
02-04 23:06:00.743   581  5115 D DlbDap2Process: setParam(aoon = #1[1])
02-04 23:06:00.743   581  5115 D DlbDap2Process: setParam(aron = #1[1])
02-04 23:06:00.743   581  5115 D DlbDap2Process: setParam(dvlo = #1[-320])
02-04 23:06:00.743   581  5115 D DlbDap2Process: setParam(artp = #1[12])
02-04 23:06:00.743   581  5115 D DlbDap2Process: setParam(aobs = #222[20, 10, 47, 141, 234, 328, 469, 656, 844, 1031, 1313, 1688, 2250, 3000, 3750, 4688, 5813, 7125, 9000, 11250, 13875, 19688, 0, 0, 0, 0, 0, 0, 0, 0, 0, 0, 0, 0, 0, 0, 0, 0, 0, 0, 0, 0, 0, 0, 0, 0, 0, 0, 0, 0, 0, 0, 0, 0, 0, 0, 0, 0, 0, 0, 0, 0, 0, 0, 0, 0, 0, 0, 0, 0, 0, 0, 0, 0, 0, 0, 0, 0, 0, 0, 0, 0, 0, 0, 0, 0, 0, 0, 0, 0, 0, 0, 0, 0, 0, 0, 0, 0, 0, 0, 0, 0, 0, 0, 0, 0, 0, 0, 0, 0, 0, 0, 0, 0, 0, 0, 0, 0, 0, 0, 0, 0, 0, 0, 0, 0, 0, 0, 0, 0, 0, 0, 0, 0, 0, 0, 0, 0, 0, 0, 0, 0, 0, 0, 0, 0, 0, 0, 0, 0, 0, 0, 0, 0, 0, 0, 0, 0, 0, 0, 0, 0, 0, 0, 0, 0, 0, 0, 0, 0, 0, 0, 0, 0, 0, 0, 0, 0, 0, 0, 0, 0, 0, 0, 0, 0, 0, 0, 0, 0, 0, 0, 0, 0, 0, 0, 0, 0, 0, 0, 0, 0, 0, 0, 0, 0, 0, 0, 0, 0, 0, 0, 0, 0, 0, 0, 0, 0, 0, 0, 0, 0])
02-04 23:06:00.744   581  5115 D DlbDap2Process: setParam(arbs = #81[20, 47, 141, 234, 328, 469, 656, 844, 1031, 1313, 1688, 2250, 3000, 3750, 4688, 5813, 7125, 9000, 11250, 13875, 19688, -192, -192, -192, -192, -192, -192, -192, -192, -192, -192, -192, -192, -192, -192, -192, -192, -192, -192, -192, -192, 0, 0, 0, 0, 0, 0, 0, 0, 0, 0, 0, 0, 0, 0, 0, 0, 0, 0, 0, 0, 0, 0, 0, 0, 0, 0, 0, 0, 0, 0, 0, 0, 0, 0, 0, 0, 0, 0, 0, 0])
02-04 23:06:00.744   581  5115 D DlbDapEndpointParamCache: doCommit() Committed 37 parameters out of 37.
02-04 23:06:00.744   581  5115 D DlbDap2Process: setMave(mave = 0)
02-04 23:06:00.777 30750 30750 D featureTest: receive broadcast , change virtual speaker  virtualizer :1
02-04 23:06:00.790   581  5142 D DlbDlbEffect: handle_EFFECT_CMD_SET_PARAM()
02-04 23:06:00.820   581  5115 D DlbDapEndpointParamCache: commitChangedParams()
02-04 23:06:00.820   581  5115 D DlbDapEndpointParamCache: commit() Applying parameters for device 0x40000000
02-04 23:06:00.820   581  5115 D DlbDap2Process: setParam(iea = #1[10])
02-04 23:06:00.820   581  5115 D DlbDap2Process: setParam(msce = #1[0])
02-04 23:06:00.820   581  5115 D DlbDap2Process: setParam(mdee = #1[0])
02-04 23:06:00.820   581  5115 D DlbDap2Process: setParam(miee = #1[0])
02-04 23:06:00.820   581  5115 D DlbDap2Process: setParam(mdle = #1[0])
02-04 23:06:00.820   581  5115 D DlbDap2Process: setParam(dvle = #1[1])
02-04 23:06:00.820   581  5115 D DlbDap2Process: setParam(mave = #1[0])
02-04 23:06:00.820   581  5115 D DlbDap2Process: setParam(vcbf = #20[47, 141, 234, 328, 469, 656, 844, 1031, 1313, 1688, 2250, 3000, 3750, 4688, 5813, 7125, 9000, 11250, 13875, 19688])
02-04 23:06:00.820   581  5115 D DlbDap2Process: setParam(vbon = #1[0])
02-04 23:06:00.821   581  5115 D DlbDap2Process: setParam(beon = #1[0])
02-04 23:06:00.821   581  5115 D DlbDap2Process: setParam(geon = #1[0])
02-04 23:06:00.821   581  5115 D DlbDap2Process: setParam(ieon = #1[0])
02-04 23:06:00.821   581  5115 D DlbDap2Process: setParam(gebs = #41[20, 47, 141, 234, 328, 469, 656, 844, 1031, 1313, 1688, 2250, 3000, 3750, 4688, 5813, 7125, 9000, 11250, 13875, 19688, 0, 0, 0, 0, 0, 0, 0, 0, 0, 0, 0, 0, 0, 0, 0, 0, 0, 0, 0, 0])
02-04 23:06:00.821   581  5115 D DlbDap2Process: setParam(iebs = #41[20, 65, 136, 223, 332, 467, 634, 841, 1098, 1416, 1812, 2302, 2909, 3663, 4598, 5756, 7194, 8976, 11186, 13927, 17326, 117, 133, 188, 176, 141, 149, 175, 185, 185, 200, 236, 242, 228, 213, 182, 132, 110, 68, -27, -240])
02-04 23:06:00.821   581  5115 D DlbDapEndpointParamCache: doCommit() Committed 15 parameters out of 16.
02-04 23:06:00.821   581  5115 D DlbDapEndpointParamCache: commit() Overriding parameters for current device 0x00000002
02-04 23:06:00.821   581  5115 D DlbDap2Process: setParam(dea = #1[7])
02-04 23:06:00.821   581  5115 D DlbDap2Process: setParam(dsa = #1[10])
02-04 23:06:00.821   581  5115 D DlbDap2Process: setParam(beb = #1[192])
02-04 23:06:00.821   581  5115 D DlbDap2Process: setParam(plb = #1[0])
02-04 23:06:00.821   581  5115 D DlbDap2Process: setParam(vmb = #1[144])
02-04 23:06:00.821   581  5115 D DlbDap2Process: setParam(dsb = #1[48])
02-04 23:06:00.821   581  5115 D DlbDap2Process: setParam(ded = #1[0])
02-04 23:06:00.821   581  5115 D DlbDap2Process: setParam(vbm = #1[3])
02-04 23:06:00.821   581  5115 D DlbDap2Process: DAP output mode set to 11 with 2 output channels and custom mix matrix.
02-04 23:06:00.821   581  5115 D DlbDap2Process: setParam(dom = #17[1, 16384, 0, 0, 16384, 11583, 11583, 8192, 8192, 16384, 0, 0, 16384, 16384, 0, 0, 16384])
02-04 23:06:00.821   581  5115 D DlbDap2Process: setParam(bew = #1[16])
02-04 23:06:00.821   581  5115 D DlbDap2Process: setParam(dvla = #1[5])
02-04 23:06:00.821   581  5115 D DlbDap2Process: setParam(arra = #1[96])
02-04 23:06:00.821   581  5115 D DlbDap2Process: setParam(dfsa = #1[10])
02-04 23:06:00.821   581  5115 D DlbDap2Process: setParam(dhsa = #1[10])
02-04 23:06:00.821   581  5115 D DlbDap2Process: setParam(dvmc = #1[0])
02-04 23:06:00.821   581  5115 D DlbDap2Process: setParam(arod = #1[0])
02-04 23:06:00.821   581  5115 D DlbDap2Process: setParam(arde = #1[1])
02-04 23:06:00.821   581  5115 D DlbDap2Process: setParam(dvle = #1[1])
02-04 23:06:00.821   581  5115 D DlbDap2Process: setParam(dvme = #1[0])
02-04 23:06:00.821   581  5115 D DlbDap2Process: setParam(becf = #1[200])
02-04 23:06:00.821   581  5115 D DlbDap2Process: setParam(vbmf = #2[94, 469])
02-04 23:06:00.822   581  5115 D DlbDap2Process: setParam(vbsf = #2[35, 160])
02-04 23:06:00.822   581  5115 D DlbDap2Process: setParam(vbhg = #3[-32, -144, -192])
02-04 23:06:00.822   581  5115 D DlbDap2Process: setParam(vbog = #1[0])
02-04 23:06:00.822   581  5115 D DlbDap2Process: setParam(vbsg = #1[0])
02-04 23:06:00.822   581  5115 D DlbDap2Process: setParam(dvli = #1[-320])
02-04 23:06:00.822   581  5115 D DlbDap2Process: setParam(dhfm = #1[2])
02-04 23:06:00.822   581  5115 D DlbDap2Process: setParam(vbon = #1[0])
02-04 23:06:00.822   581  5115 D DlbDap2Process: setParam(beon = #1[0])
02-04 23:06:00.822   581  5115 D DlbDap2Process: setParam(deon = #1[0])
02-04 23:06:00.822   581  5115 D DlbDap2Process: setParam(ngon = #1[1])
02-04 23:06:00.822   581  5115 D DlbDap2Process: setParam(aoon = #1[1])
02-04 23:06:00.822   581  5115 D DlbDap2Process: setParam(aron = #1[1])
02-04 23:06:00.822   581  5115 D DlbDap2Process: setParam(dvlo = #1[-320])
02-04 23:06:00.822   581  5115 D DlbDap2Process: setParam(artp = #1[12])
02-04 23:06:00.822   581  5115 D DlbDap2Process: setParam(aobs = #222[20, 10, 47, 141, 234, 328, 469, 656, 844, 1031, 1313, 1688, 2250, 3000, 3750, 4688, 5813, 7125, 9000, 11250, 13875, 19688, 0, 0, 0, 0, 0, 0, 0, 0, 0, 0, 0, 0, 0, 0, 0, 0, 0, 0, 0, 0, 0, 0, 0, 0, 0, 0, 0, 0, 0, 0, 0, 0, 0, 0, 0, 0, 0, 0, 0, 0, 0, 0, 0, 0, 0, 0, 0, 0, 0, 0, 0, 0, 0, 0, 0, 0, 0, 0, 0, 0, 0, 0, 0, 0, 0, 0, 0, 0, 0, 0, 0, 0, 0, 0, 0, 0, 0, 0, 0, 0, 0, 0, 0, 0, 0, 0, 0, 0, 0, 0, 0, 0, 0, 0, 0, 0, 0, 0, 0, 0, 0, 0, 0, 0, 0, 0, 0, 0, 0, 0, 0, 0, 0, 0, 0, 0, 0, 0, 0, 0, 0, 0, 0, 0, 0, 0, 0, 0, 0, 0, 0, 0, 0, 0, 0, 0, 0, 0, 0, 0, 0, 0, 0, 0, 0, 0, 0, 0, 0, 0, 0, 0, 0, 0, 0, 0, 0, 0, 0, 0, 0, 0, 0, 0, 0, 0, 0, 0, 0, 0, 0, 0, 0, 0, 0, 0, 0, 0, 0, 0, 0, 0, 0, 0, 0, 0, 0, 0, 0, 0, 0, 0, 0, 0, 0, 0, 0, 0, 0, 0])
02-04 23:06:00.823   581  5115 D DlbDap2Process: setParam(arbs = #81[20, 47, 141, 234, 328, 469, 656, 844, 1031, 1313, 1688, 2250, 3000, 3750, 4688, 5813, 7125, 9000, 11250, 13875, 19688, -192, -192, -192, -192, -192, -192, -192, -192, -192, -192, -192, -192, -192, -192, -192, -192, -192, -192, -192, -192, 0, 0, 0, 0, 0, 0, 0, 0, 0, 0, 0, 0, 0, 0, 0, 0, 0, 0, 0, 0, 0, 0, 0, 0, 0, 0, 0, 0, 0, 0, 0, 0, 0, 0, 0, 0, 0, 0, 0, 0])
02-04 23:06:00.823   581  5115 D DlbDapEndpointParamCache: doCommit() Committed 37 parameters out of 37.
02-04 23:06:00.823   581  5115 D DlbDap2Process: setMave(mave = 0)
02-04 23:06:00.828   581  5115 D DlbDapCrossfadeProcess: process transitioning from FADE_TO_ACTIVE state to DAP_ACTIVE
02-04 23:06:00.846 30750 30750 D featureTest: receive broadcast , record log :0
02-04 23:06:00.876 30750 30755 I zygote64: Do partial code cache collection, code=8KB, data=14KB
02-04 23:06:00.876 30750 30755 I zygote64: After code cache collection, code=8KB, data=14KB
02-04 23:06:00.876 30750 30755 I zygote64: Increasing code cache capacity to 128KB
02-04 23:06:00.877 30750 30755 I zygote64: Do partial code cache collection, code=8KB, data=33KB
02-04 23:06:00.877 30750 30755 I zygote64: After code cache collection, code=8KB, data=33KB
02-04 23:06:00.877 30750 30755 I zygote64: Increasing code cache capacity to 256KB
02-04 23:06:00.877 30750 30755 I zygote64: Compiler allocated 8MB to compile void android.widget.TextView.<init>(android.content.Context, android.util.AttributeSet, int, int)
02-04 23:06:01.217   571   940 E QC-QMI  : linux_qmi_qmux_io_wake_lock: Err in writing wakelock=qmuxd_port_wl_0, error [1:Operation not permitted]
02-04 23:06:01.217   571   940 E QC-QMI  : linux_qmi_qmux_io_wake_unlock: Err in writing wakelock=qmuxd_port_wl_0, error [1:Operation not permitted]
02-04 23:06:02.408   816   816 W WindowManager: removeWindowToken: Attempted to remove non-existing token: android.os.Binder@9e82c37
02-04 23:06:02.443   429   429 D SurfaceFlinger: duplicate layer name: changing Toast to Toast#1
02-04 23:06:03.224   581  5115 D DlbDap2Process: process() called [312500] times
02-04 23:06:04.428   816   816 W WindowManager: removeWindowToken: Attempted to remove non-existing token: android.os.Binder@3ccf09
02-04 23:06:05.872   581  5115 D DlbDap2Process: process() called [313000] times
