--------- beginning of system
02-03 00:52:17.137   823 11238 I ActivityManager: Force stopping com.dolby.qa.featuretest appid=10075 user=0: from pid 18360
02-03 00:52:17.137   823 11238 I ActivityManager: Killing 18272:com.dolby.qa.featuretest/u0a75 (adj 0): stop com.dolby.qa.featuretest
02-03 00:52:17.138   823 11238 W ActivityManager: Force removing ActivityRecord{8aa15cc u0 com.dolby.qa.featuretest/.MainActivity t658}: app died, no saved state
02-03 00:52:17.144   823 11238 I WindowManager: Failed to capture screenshot of Token{ad7a015 ActivityRecord{8aa15cc u0 com.dolby.qa.featuretest/.MainActivity t658 f}} appWin=Window{15e6e00 u0 com.dolby.qa.featuretest/com.dolby.qa.featuretest.MainActivity} drawState=4
02-03 00:52:17.165   823  1095 I WindowManager: WIN DEATH: Window{b59c7bf u0 Toast}
--------- beginning of main
02-03 00:52:17.166   597 16835 D NuPlayerDriver: reset(0xf1bb2230) at state 5
02-03 00:52:17.167   597 16835 D NuPlayerDriver: notifyListener_l(0xf1bb2230), (8, 0, 0, -1), loop setting(0, 1)
02-03 00:52:17.168   589  5032 D AudioFlinger: trackStateChanged() Track id 1036 state changed to 6
02-03 00:52:17.175   602   704 I DDP_JOCDecoder: -> ~DDPDecoder
02-03 00:52:17.175   602   704 I DDP_JOCDecoder: -> stop
02-03 00:52:17.175   602   704 I DDP_JOCDecoder: <- stop
02-03 00:52:17.175   602   704 I ARenderer: ~ARenderer
02-03 00:52:17.176   602   704 I evo_parser: evo_parser_close
02-03 00:52:17.176   602   704 I DlbDap2QmfProcess: ~Dap2Process()
02-03 00:52:17.176   602   704 I DlbDap2QmfProcess: close()
02-03 00:52:17.176   602   704 I DDP_JOCDecoder: <- ~DDPDecoder
02-03 00:52:17.187   597 18300 D NuPlayerDriver: notifyResetComplete(0xf1bb2230)
02-03 00:52:17.187  1263  1263 D CarrierSvcBindHelper: No carrier app for: 0
02-03 00:52:17.190   597 16835 D AudioTrack: stop() called with 0 frames delivered
02-03 00:52:17.197  2566  2566 D RegisteredNfcFServicesCache: Service unchanged, not updating
02-03 00:52:17.206   589   766 D AudioFlinger: trackStateChanged() Track id 1036 state changed to 2
02-03 00:52:17.206   589   766 I AudioFlinger: updateProcessedAudioState() Changing content processing in effect to 0
02-03 00:52:17.206   589   766 D DlbDlbEffect: handle_EFFECT_CMD_SET_PARAM()
02-03 00:52:17.208   589   766 I DlbEffectContext: setContentProcEnabled() Enabling content processing in global effect
02-03 00:52:17.208   589   766 D DlbDapEndpointParamCache: commitChangedParams()
02-03 00:52:17.208   589   766 D DlbDapEndpointParamCache: commit() Applying parameters for device 0x40000000
02-03 00:52:17.208   589   766 D DlbDap2Process: setParam(iea = #1[10])
02-03 00:52:17.208   589   766 D DlbDap2Process: setParam(msce = #1[1])
02-03 00:52:17.208   589   766 D DlbDap2Process: setParam(mdee = #1[1])
02-03 00:52:17.208   589   766 D DlbDap2Process: setParam(miee = #1[1])
02-03 00:52:17.208   589   766 D DlbDap2Process: setParam(mdle = #1[1])
02-03 00:52:17.208   589   766 D DlbDap2Process: setParam(dvle = #1[1])
02-03 00:52:17.208   589   766 D DlbDap2Process: setParam(mave = #1[1])
02-03 00:52:17.209   589   766 D DlbDap2Process: setParam(vcbf = #20[47, 141, 234, 328, 469, 656, 844, 1031, 1313, 1688, 2250, 3000, 3750, 4688, 5813, 7125, 9000, 11250, 13875, 19688])
02-03 00:52:17.209   589   766 D DlbDap2Process: setParam(vbon = #1[0])
02-03 00:52:17.209   589   766 D DlbDap2Process: setParam(beon = #1[0])
02-03 00:52:17.209   589   766 D DlbDap2Process: setParam(geon = #1[0])
02-03 00:52:17.209   589   766 D DlbDap2Process: setParam(ieon = #1[1])
02-03 00:52:17.209   589   766 D DlbDap2Process: setParam(gebs = #41[20, 47, 141, 234, 328, 469, 656, 844, 1031, 1313, 1688, 2250, 3000, 3750, 4688, 5813, 7125, 9000, 11250, 13875, 19688, 0, 0, 0, 0, 0, 0, 0, 0, 0, 0, 0, 0, 0, 0, 0, 0, 0, 0, 0, 0])
02-03 00:52:17.209   589   766 D DlbDap2Process: setParam(iebs = #41[20, 65, 136, 223, 332, 467, 634, 841, 1098, 1416, 1812, 2302, 2909, 3663, 4598, 5756, 7194, 8976, 11186, 13927, 17326, 117, 133, 188, 176, 141, 149, 175, 185, 185, 200, 236, 242, 228, 213, 182, 132, 110, 68, -27, -240])
02-03 00:52:17.209   589   766 D DlbDapEndpointParamCache: doCommit() Committed 15 parameters out of 16.
02-03 00:52:17.209   589   766 D DlbDapEndpointParamCache: commit() Overriding parameters for current device 0x00000002
02-03 00:52:17.209   589   766 D DlbDap2Process: setParam(dea = #1[12])
02-03 00:52:17.209   589   766 D DlbDap2Process: setParam(dsa = #1[10])
02-03 00:52:17.209   589   766 D DlbDap2Process: setParam(beb = #1[192])
02-03 00:52:17.209   589   766 D DlbDap2Process: setParam(plb = #1[0])
02-03 00:52:17.209   589   766 D DlbDap2Process: setParam(vmb = #1[144])
02-03 00:52:17.209   589   766 D DlbDap2Process: setParam(dsb = #1[96])
02-03 00:52:17.209   589   766 D DlbDap2Process: setParam(ded = #1[0])
02-03 00:52:17.209   589   766 D DlbDap2Process: setParam(vbm = #1[3])
02-03 00:52:17.209   589   766 D DlbDap2Process: DAP output mode set to 11 with 2 output channels and custom mix matrix.
02-03 00:52:17.209   589   766 D DlbDap2Process: setParam(dom = #17[1, 16384, 0, 0, 16384, 11583, 11583, 8192, 8192, 16384, 0, 0, 16384, 16384, 0, 0, 16384])
02-03 00:52:17.209   589   766 D DlbDap2Process: setParam(bew = #1[16])
02-03 00:52:17.209   589   766 D DlbDap2Process: setParam(dvla = #1[7])
02-03 00:52:17.209   589   766 D DlbDap2Process: setParam(arra = #1[96])
02-03 00:52:17.209   589   766 D DlbDap2Process: setParam(dfsa = #1[10])
02-03 00:52:17.209   589   766 D DlbDap2Process: setParam(dhsa = #1[10])
02-03 00:52:17.210   589   766 D DlbDap2Process: setParam(dvmc = #1[0])
02-03 00:52:17.210   589   766 D DlbDap2Process: setParam(arod = #1[0])
02-03 00:52:17.210   589   766 D DlbDap2Process: setParam(arde = #1[1])
02-03 00:52:17.210   589   766 D DlbDap2Process: setParam(dvle = #1[1])
02-03 00:52:17.210   589   766 D DlbDap2Process: setParam(dvme = #1[0])
02-03 00:52:17.210   589   766 D DlbDap2Process: setParam(becf = #1[200])
02-03 00:52:17.210   589   766 D DlbDap2Process: setParam(vbmf = #2[94, 469])
02-03 00:52:17.210   589   766 D DlbDap2Process: setParam(vbsf = #2[35, 160])
02-03 00:52:17.210   589   766 D DlbDap2Process: setParam(vbhg = #3[-32, -144, -192])
02-03 00:52:17.210   589   766 D DlbDap2Process: setParam(vbog = #1[0])
02-03 00:52:17.210   589   766 D DlbDap2Process: setParam(vbsg = #1[0])
02-03 00:52:17.210   589   766 D DlbDap2Process: setParam(dvli = #1[-320])
02-03 00:52:17.210   589   766 D DlbDap2Process: setParam(dhfm = #1[2])
02-03 00:52:17.210   589   766 D DlbDap2Process: setParam(vbon = #1[0])
02-03 00:52:17.210   589   766 D DlbDap2Process: setParam(beon = #1[0])
02-03 00:52:17.210   589   766 D DlbDap2Process: setParam(deon = #1[1])
02-03 00:52:17.210   589   766 D DlbDap2Process: setParam(ngon = #1[1])
02-03 00:52:17.210   589   766 D DlbDap2Process: setParam(aoon = #1[1])
02-03 00:52:17.210   589   766 D DlbDap2Process: setParam(aron = #1[1])
02-03 00:52:17.210   589   766 D DlbDap2Process: setParam(dvlo = #1[-320])
02-03 00:52:17.210   589   766 D DlbDap2Process: setParam(artp = #1[12])
02-03 00:52:17.211   589   766 D DlbDap2Process: setParam(aobs = #222[20, 10, 47, 141, 234, 328, 469, 656, 844, 1031, 1313, 1688, 2250, 3000, 3750, 4688, 5813, 7125, 9000, 11250, 13875, 19688, 0, 0, 0, 0, 0, 0, 0, 0, 0, 0, 0, 0, 0, 0, 0, 0, 0, 0, 0, 0, 0, 0, 0, 0, 0, 0, 0, 0, 0, 0, 0, 0, 0, 0, 0, 0, 0, 0, 0, 0, 0, 0, 0, 0, 0, 0, 0, 0, 0, 0, 0, 0, 0, 0, 0, 0, 0, 0, 0, 0, 0, 0, 0, 0, 0, 0, 0, 0, 0, 0, 0, 0, 0, 0, 0, 0, 0, 0, 0, 0, 0, 0, 0, 0, 0, 0, 0, 0, 0, 0, 0, 0, 0, 0, 0, 0, 0, 0, 0, 0, 0, 0, 0, 0, 0, 0, 0, 0, 0, 0, 0, 0, 0, 0, 0, 0, 0, 0, 0, 0, 0, 0, 0, 0, 0, 0, 0, 0, 0, 0, 0, 0, 0, 0, 0, 0, 0, 0, 0, 0, 0, 0, 0, 0, 0, 0, 0, 0, 0, 0, 0, 0, 0, 0, 0, 0, 0, 0, 0, 0, 0, 0, 0, 0, 0, 0, 0, 0, 0, 0, 0, 0, 0, 0, 0, 0, 0, 0, 0, 0, 0, 0, 0, 0, 0, 0, 0, 0, 0, 0, 0, 0, 0, 0, 0, 0, 0, 0, 0, 0])
02-03 00:52:17.211   589   766 D DlbDap2Process: setParam(arbs = #81[20, 47, 141, 234, 328, 469, 656, 844, 1031, 1313, 1688, 2250, 3000, 3750, 4688, 5813, 7125, 9000, 11250, 13875, 19688, -192, -192, -192, -192, -192, -192, -192, -192, -192, -192, -192, -192, -192, -192, -192, -192, -192, -192, -192, -192, 0, 0, 0, 0, 0, 0, 0, 0, 0, 0, 0, 0, 0, 0, 0, 0, 0, 0, 0, 0, 0, 0, 0, 0, 0, 0, 0, 0, 0, 0, 0, 0, 0, 0, 0, 0, 0, 0, 0, 0])
02-03 00:52:17.211   589   766 D DlbDapEndpointParamCache: doCommit() Committed 37 parameters out of 37.
02-03 00:52:17.222   589   766 D AudioFlinger: trackDestroyed() Track id 1036 no longer contains processed audio
02-03 00:52:17.222   589  4575 D DlbDap2Process: setMave(mave = 1)
02-03 00:52:17.255   823   835 I ActivityManager: START u0 {flg=0x10000000 cmp=com.dolby.qa.featuretest/.MainActivity} from uid 2000
02-03 00:52:17.280   823 11238 I ActivityManager: Start proc 18366:com.dolby.qa.featuretest/u0a75 for activity com.dolby.qa.featuretest/.MainActivity
02-03 00:52:17.281 18366 18366 I zygote64: Late-enabling -Xcheck:jni
02-03 00:52:17.496 18366 18366 D featureTest: onCreate
02-03 00:52:17.587   589   766 D audio_hw_primary: disable_audio_route: usecase(1) reset and update mixer path: low-latency-playback speaker
02-03 00:52:17.597   589   766 D audio_hw_primary: disable_snd_device: snd_device(2: speaker)
02-03 00:52:17.614 18366 18366 D AudioTrack: Client defaulted notificationFrames to 962 for frameCount 1924
02-03 00:52:17.621 18366 18366 W AudioTrack: Use of stream types is deprecated for operations other than volume control
02-03 00:52:17.621 18366 18366 W AudioTrack: See the documentation of AudioTrack() for what to use instead with android.media.AudioAttributes to qualify your playback use case
02-03 00:52:17.635 18366 18366 W DolbyAudioEffect: WARNING: attaching a DolbyAudioEffect to global output mix is deprecated!
02-03 00:52:17.646 18366 18366 D featureTest: onResume
02-03 00:52:17.663 18366 18383 D OpenGLRenderer: HWUI GL Pipeline
02-03 00:52:17.701   823   848 W ActivityManager: setHasOverlayUi called on unknown pid: 18272
02-03 00:52:17.746 18366 18383 I Adreno  : QUALCOMM build                   : 7142022, Ib5823dd10c
02-03 00:52:17.746 18366 18383 I Adreno  : Build Date                       : 06/23/17
02-03 00:52:17.746 18366 18383 I Adreno  : OpenGL ES Shader Compiler Version: EV031.18.00.00
02-03 00:52:17.746 18366 18383 I Adreno  : Local Branch                     : O11A
02-03 00:52:17.746 18366 18383 I Adreno  : Remote Branch                    : 
02-03 00:52:17.746 18366 18383 I Adreno  : Remote Branch                    : 
02-03 00:52:17.746 18366 18383 I Adreno  : Reconstruct Branch               : 
02-03 00:52:17.746 18366 18383 I vndksupport: sphal namespace is not configured for this process. Loading /vendor/lib64/hw/gralloc.msm8994.so from the current namespace instead.
02-03 00:52:17.754 18366 18383 I Adreno  : PFP: 0x00000000, ME: 0x00000000
02-03 00:52:17.758 18366 18383 I OpenGLRenderer: Initialized EGL, version 1.4
02-03 00:52:17.759 18366 18383 D OpenGLRenderer: Swap behavior 2
02-03 00:52:17.790   366   366 W /system/bin/hwservicemanager: getTransportFromManifest: Cannot find entry android.hardware.graphics.mapper@2.0::IMapper in either framework or device manifest, using default transport.
02-03 00:52:17.793 18366 18383 I vndksupport: sphal namespace is not configured for this process. Loading /vendor/lib64/hw/gralloc.msm8994.so from the current namespace instead.
02-03 00:52:17.818   823   848 I ActivityManager: Displayed com.dolby.qa.featuretest/.MainActivity: +548ms
02-03 00:52:17.915   823   823 W NotificationService: Object died trying to hide notification android.app.ITransientNotification$Stub$Proxy@5eca08f in package com.dolby.qa.featuretest
02-03 00:52:17.915   823   823 W WindowManager: removeWindowToken: Attempted to remove non-existing token: android.os.Binder@5221519
02-03 00:52:18.081  2717  3063 W OpenGLRenderer: Incorrectly called buildLayer on View: ShortcutAndWidgetContainer, destroying layer...
02-03 00:52:18.334 18366 18366 D featureTest: receive broadcast , playing content location :/sdcard/featureTest/7ch_ddp_25fps_diff_music_01.mp4
02-03 00:52:18.343 18366 18366 D featureTest: mMediaPlayer.getAudioSessionId(): 7921
02-03 00:52:18.343 18366 18366 D featureTest: Playing file: /sdcard/featureTest/7ch_ddp_25fps_diff_music_01.mp4
02-03 00:52:18.344   597   597 D NuPlayerDriver: NuPlayerDriver(0xf1bb2540) created, clientPid(18366)
02-03 00:52:18.345 18398 18398 W generic : type=1400 audit(0.0:3002): avc: denied { read } for path="/storage/emulated/0/featuretest/7ch_ddp_25fps_diff_music_01.mp4" dev="sdcardfs" ino=523299 scontext=u:r:mediaextractor:s0 tcontext=u:object_r:sdcardfs:s0 tclass=file permissive=0
02-03 00:52:18.346 18366 18366 W MediaPlayer: Use of stream types is deprecated for operations other than volume control
02-03 00:52:18.346 18366 18366 W MediaPlayer: See the documentation of setAudioStreamType() for what to use instead with android.media.AudioAttributes to qualify your playback use case
02-03 00:52:18.349   597 18398 D GenericSource: FileSource remote
02-03 00:52:18.349   597 18398 W GenericSource: extractor service cannot make data source
02-03 00:52:18.349   597 18398 D GenericSource: FileSource local
02-03 00:52:18.363   597 18395 D NuPlayerDriver: notifyListener_l(0xf1bb2540), (1, 0, 0, -1), loop setting(0, 0)
02-03 00:52:18.372   597 16835 D NuPlayerDriver: start(0xf1bb2540), state is 4, eos is 0
02-03 00:52:18.373   597 18395 I GenericSource: start
02-03 00:52:18.376 18366 18366 W DolbyAudioEffect: WARNING: attaching a DolbyAudioEffect to global output mix is deprecated!
02-03 00:52:18.384   602   602 I OMXMaster: makeComponentInstance(OMX.dolby.eac3.decoder) in android.hardwar process
02-03 00:52:18.401 18366 18366 D featureTest: receive broadcast , change ds status :1
02-03 00:52:18.426   589   589 D DlbDlbEffect: handle_EFFECT_CMD_SET_PARAM()
02-03 00:52:18.436   602   602 I DDP_JOCDecoder: -> init name OMX.dolby.eac3.decoder
02-03 00:52:18.439   602   602 I DDP_JOCDecoder: <- init
02-03 00:52:18.439   602   602 D DDP_JOCDecoder: initPorts
02-03 00:52:18.442   602  5270 E OMXNodeInstance: setConfig(0xea6a38c0:dolby.eac3.decoder, ConfigPriority(0x6f800002)) ERROR: Undefined(0x80001001)
02-03 00:52:18.442   597 18403 I ACodec  : codec does not support config priority (err -2147483648)
02-03 00:52:18.443   602   602 E OMXNodeInstance: getConfig(0xea6a38c0:dolby.eac3.decoder, ConfigAndroidVendorExtension(0x6f100004)) ERROR: Undefined(0x80001001)
02-03 00:52:18.444   597 18403 I MediaCodec: MediaCodec will operate in async mode
02-03 00:52:18.444   597 18403 I ACodec  : setDolbyParameterOnProcessedAudio() Received dolby_processed_audio=1
02-03 00:52:18.444   597 18402 I NuPlayerDecoder: setDolbyMessage() Notifying player that Codec supports dolby_processed_audio flag
02-03 00:52:18.444   597 18395 I NuPlayer: onDolbyMessageReceived() Setting dolby_processed_audio flag on audio sink
02-03 00:52:18.444   597 18395 I MediaPlayerService: setDolbyParameters() Marking audio output as having dolby_processed_audio
02-03 00:52:18.446   602  5767 D DDP_JOCDecoder: internalSetParameter() Instantiating ARenderer for content processing in decoder
02-03 00:52:18.446   602  5767 I DlbDap2QmfProcess: Dap2Process()
02-03 00:52:18.446   602  5767 I ARenderer: ARenderer
02-03 00:52:18.446   602  5767 I evo_parser: evo_parser_init
02-03 00:52:18.446   602  5767 I DlbDap2QmfProcess: init()
02-03 00:52:18.446   602  5767 I DlbDap2QmfProcess: open()
02-03 00:52:18.447   602  5767 I DlbDap2QmfProcess: loadLicense() no license check!
02-03 00:52:18.447   602  5767 I DlbDap2QmfProcess: validateLicense() no license check!
02-03 00:52:18.447   602  5767 I DlbDap2QmfProcess: init() DAP opened
02-03 00:52:18.447   602  5767 I DlbDap2QmfProcess: DAP library version: 2.5.1-P2.0
02-03 00:52:18.447   602  5767 D DlbDap2QmfProcess: DAP output mode set to 1 with 2 output channels and null mix matrix.
02-03 00:52:18.447   597 18403 I ACodec  : setDolbyParameterOnProcessedAudio() Content processing enabled in decoder
02-03 00:52:18.452   602 18407 I DDP_JOCDecoder: -> start
02-03 00:52:18.452   602 18407 I EndpConfig: DAP state has changed from -1 to 1
02-03 00:52:18.452   602 18407 D DDP_JOCDecoder: Setting Max Output Channels to 2
02-03 00:52:18.452   602 18407 D DDP_JOCDecoder: setMultiChannelPCMOutDownmix mConfig->jocForceDownmixMode 0
02-03 00:52:18.452   602 18407 I udc_user: 
02-03 00:52:18.452   602 18407 I udc_user: *** DDPlus Unified Decoder Simulation  Version 1.7.3 ***
02-03 00:52:18.452   602 18407 I udc_user: 
02-03 00:52:18.452   602 18407 I udc_user: 7.1-channel decoder-converter, 
02-03 00:52:18.452   602 18407 I udc_user: 
02-03 00:52:18.452   602 18407 I udc_user: 5.1-channel dual-decoder-converter, 
02-03 00:52:18.452   602 18407 I udc_user: Karaoke unsupported, 
02-03 00:52:18.452   602 18407 I udc_user: TPNP supported. 
02-03 00:52:18.452   602 18407 I udc_user: 
02-03 00:52:18.452   602 18407 I udc_user: Unpublished work.  Copyright 2003-2014 Dolby Laboratories, Inc. and
02-03 00:52:18.452   602 18407 I udc_user: Dolby Laboratories Licensing Corporation.  All Rights Reserved.
02-03 00:52:18.452   602 18407 I udc_user: 
02-03 00:52:18.452   602 18407 I udc_user: USE OF THIS SOFTWARE IS SUBJECT TO A LEGAL AGREEMENT BETWEEN YOU AND DOLBY
02-03 00:52:18.452   602 18407 I udc_user: LABORATORIES. DO NOT USE THIS SOFTWARE UNLESS YOU AGREE TO THE TERMS AND 
02-03 00:52:18.452   602 18407 I udc_user: CONDITIONS IN THE AGREEMENT.  BY USING THIS SOFTWARE, YOU ACKNOWLEDGE THAT 
02-03 00:52:18.452   602 18407 I udc_user: YOU HAVE READ THE AGREEMENT AND THAT YOU AGREE TO BE BOUND BY ITS TERMS. 
02-03 00:52:18.452   602 18407 I udc_user: 
02-03 00:52:18.453   602 18407 I ddpdec_client_joc: ddpdec_open JOCD_MODE Buffer assignment
02-03 00:52:18.453   602 18407 D DDP_JOCDecoder: mStarted = 1
02-03 00:52:18.453   602 18407 I DDP_JOCDecoder: <- start
02-03 00:52:18.454   602 18407 D ddpdec_client_joc: ddpdec_client.c|int configDecoder()
02-03 00:52:18.455   602 18407 D DDP_JOCDecoder: Setting Max Output Channels to 2
02-03 00:52:18.456   602 18407 I DlbDap2QmfProcess: close()
02-03 00:52:18.456   602 18407 I DlbDap2QmfProcess: init()
02-03 00:52:18.456   602 18407 I DlbDap2QmfProcess: open()
02-03 00:52:18.457   602 18407 I DlbDap2QmfProcess: loadLicense() no license check!
02-03 00:52:18.457   602 18407 I DlbDap2QmfProcess: validateLicense() no license check!
02-03 00:52:18.457   602 18407 I DlbDap2QmfProcess: init() DAP opened
02-03 00:52:18.457   602 18407 I DlbDap2QmfProcess: DAP library version: 2.5.1-P2.0
02-03 00:52:18.457   602 18407 D DlbDap2QmfProcess: DAP output mode set to 1 with 2 output channels and null mix matrix.
02-03 00:52:18.457   602 18407 D ARenderer: checkAndUpdateConfig: DAP reinitialized because of sample rate change
02-03 00:52:18.457   602 18407 D ARenderer: updateDapConfig: Updating DAP configuration
02-03 00:52:18.457   602 18407 D DlbDap2QmfProcess: setParam(iea = #1[10])
02-03 00:52:18.457   602 18407 D DlbDap2QmfProcess: setParam(msce = #1[1])
02-03 00:52:18.457   602 18407 D DlbDap2QmfProcess: setParam(mdee = #1[1])
02-03 00:52:18.457   602 18407 D DlbDap2QmfProcess: setParam(miee = #1[1])
02-03 00:52:18.457   602 18407 D DlbDap2QmfProcess: setParam(mdle = #1[1])
02-03 00:52:18.457   602 18407 D DlbDap2QmfProcess: setParam(dvle = #1[1])
02-03 00:52:18.457   602 18407 D DlbDap2QmfProcess: setParam(mave = #1[1])
02-03 00:52:18.457   602 18407 D DlbDap2QmfProcess: setParam(vcbf = #20[47, 141, 234, 328, 469, 656, 844, 1031, 1313, 1688, 2250, 3000, 3750, 4688, 5813, 7125, 9000, 11250, 13875, 19688])
02-03 00:52:18.457   602 18407 D DlbDap2QmfProcess: setParam(ieon = #1[1])
02-03 00:52:18.457   602 18407 D DlbDap2QmfProcess: setParam(gebs = #41[20, 47, 141, 234, 328, 469, 656, 844, 1031, 1313, 1688, 2250, 3000, 3750, 4688, 5813, 7125, 9000, 11250, 13875, 19688, 0, 0, 0, 0, 0, 0, 0, 0, 0, 0, 0, 0, 0, 0, 0, 0, 0, 0, 0, 0])
02-03 00:52:18.457   602 18407 D DlbDap2QmfProcess: setParam(iebs = #41[20, 65, 136, 223, 332, 467, 634, 841, 1098, 1416, 1812, 2302, 2909, 3663, 4598, 5756, 7194, 8976, 11186, 13927, 17326, 117, 133, 188, 176, 141, 149, 175, 185, 185, 200, 236, 242, 228, 213, 182, 132, 110, 68, -27, -240])
02-03 00:52:18.458   602 18407 D DlbDap2QmfProcess: setParam(dea = #1[12])
02-03 00:52:18.458   602 18407 D DlbDap2QmfProcess: setParam(dsa = #1[10])
02-03 00:52:18.458   602 18407 D DlbDap2QmfProcess: setParam(beb = #1[192])
02-03 00:52:18.458   602 18407 D DlbDap2QmfProcess: setParam(plb = #1[0])
02-03 00:52:18.458   602 18407 D DlbDap2QmfProcess: setParam(vmb = #1[144])
02-03 00:52:18.458   602 18407 D DlbDap2QmfProcess: setParam(dsb = #1[96])
02-03 00:52:18.458   602 18407 D DlbDap2QmfProcess: setParam(ded = #1[0])
02-03 00:52:18.458   602 18407 D DlbDap2QmfProcess: DAP output mode set to 11 with 2 output channels and custom mix matrix.
02-03 00:52:18.458   602 18407 D DlbDap2QmfProcess: setParam(dom = #17[1, 16384, 0, 0, 16384, 11583, 11583, 8192, 8192, 16384, 0, 0, 16384, 16384, 0, 0, 16384])
02-03 00:52:18.458   602 18407 D DlbDap2QmfProcess: setParam(bew = #1[16])
02-03 00:52:18.458   602 18407 D DlbDap2QmfProcess: setParam(dvla = #1[7])
02-03 00:52:18.458   602 18407 D DlbDap2QmfProcess: setParam(dfsa = #1[10])
02-03 00:52:18.458   602 18407 D DlbDap2QmfProcess: setParam(dhsa = #1[10])
02-03 00:52:18.458   602 18407 D DlbDap2QmfProcess: setParam(dvmc = #1[0])
02-03 00:52:18.458   602 18407 D DlbDap2QmfProcess: setParam(dvle = #1[1])
02-03 00:52:18.458   602 18407 D DlbDap2QmfProcess: setParam(dvme = #1[0])
02-03 00:52:18.458   602 18407 D DlbDap2QmfProcess: setParam(becf = #1[200])
02-03 00:52:18.458   602 18407 D DlbDap2QmfProcess: setParam(vbmf = #2[94, 469])
02-03 00:52:18.458   602 18407 D DlbDap2QmfProcess: setParam(vbsf = #2[35, 160])
02-03 00:52:18.458   602 18407 D DlbDap2QmfProcess: setParam(vbhg = #3[-32, -144, -192])
02-03 00:52:18.458   602 18407 D DlbDap2QmfProcess: setParam(vbog = #1[0])
02-03 00:52:18.458   602 18407 D DlbDap2QmfProcess: setParam(vbsg = #1[0])
02-03 00:52:18.458   602 18407 D DlbDap2QmfProcess: setParam(dvli = #1[-320])
02-03 00:52:18.458   602 18407 D DlbDap2QmfProcess: setParam(dhfm = #1[2])
02-03 00:52:18.458   602 18407 D DlbDap2QmfProcess: setParam(deon = #1[1])
02-03 00:52:18.458   602 18407 D DlbDap2QmfProcess: setParam(ngon = #1[1])
02-03 00:52:18.458   602 18407 D DlbDap2QmfProcess: setParam(dvlo = #1[-320])
02-03 00:52:18.459   602 18407 D DlbDap2QmfProcess: setParam(aobs = #222[20, 10, 47, 141, 234, 328, 469, 656, 844, 1031, 1313, 1688, 2250, 3000, 3750, 4688, 5813, 7125, 9000, 11250, 13875, 19688, 0, 0, 0, 0, 0, 0, 0, 0, 0, 0, 0, 0, 0, 0, 0, 0, 0, 0, 0, 0, 0, 0, 0, 0, 0, 0, 0, 0, 0, 0, 0, 0, 0, 0, 0, 0, 0, 0, 0, 0, 0, 0, 0, 0, 0, 0, 0, 0, 0, 0, 0, 0, 0, 0, 0, 0, 0, 0, 0, 0, 0, 0, 0, 0, 0, 0, 0, 0, 0, 0, 0, 0, 0, 0, 0, 0, 0, 0, 0, 0, 0, 0, 0, 0, 0, 0, 0, 0, 0, 0, 0, 0, 0, 0, 0, 0, 0, 0, 0, 0, 0, 0, 0, 0, 0, 0, 0, 0, 0, 0, 0, 0, 0, 0, 0, 0, 0, 0, 0, 0, 0, 0, 0, 0, 0, 0, 0, 0, 0, 0, 0, 0, 0, 0, 0, 0, 0, 0, 0, 0, 0, 0, 0, 0, 0, 0, 0, 0, 0, 0, 0, 0, 0, 0, 0, 0, 0, 0, 0, 0, 0, 0, 0, 0, 0, 0, 0, 0, 0, 0, 0, 0, 0, 0, 0, 0, 0, 0, 0, 0, 0, 0, 0, 0, 0, 0, 0, 0, 0, 0, 0, 0, 0, 0, 0, 0, 0, 0, 0, 0])
02-03 00:52:18.459   602 18407 D DlbDap2QmfProcess: setParam(dvle = #1[1])
02-03 00:52:18.459   602 18407 D DlbDap2QmfProcess: setParam(dvli = #1[-496])
02-03 00:52:18.459   602 18407 D DlbDap2QmfProcess: setParam(dvlo = #1[-176])
02-03 00:52:18.459   602 18407 D ARenderer: updateDapVolumeLeveler: Setting output level to -11.00dB
02-03 00:52:18.459   602 18407 D DlbDap2QmfProcess: setParam(vmb = #1[0])
02-03 00:52:18.459   602 18407 D DlbDap2QmfProcess: setParam(preg = #1[-384])
02-03 00:52:18.459   602 18407 D DlbDap2QmfProcess: setParam(vol = #1[384])
02-03 00:52:18.459   602 18407 D DlbDlbBufferProvider: setConfig() Updating buffer configuration.
02-03 00:52:18.459   602 18407 D DlbDap2QmfProcess: processQmf() called [0] times
02-03 00:52:18.459   602 18407 D DlbDap2QmfProcess: setMave(mave = 0)
02-03 00:52:18.475   597 18401 D AudioTrack: Client defaulted notificationFrames to 12000 for frameCount 24000
02-03 00:52:18.475   589  7203 I AudioFlinger: attachAuxEffect(): Marking track 1038 as containing processed audio
02-03 00:52:18.475   589  7203 D AudioFlinger: trackContainsProcessedAudio() Track id 1038 contains processed audio
02-03 00:52:18.475   589  5032 D DlbDlbEffect: handle_EFFECT_CMD_DISABLE()
02-03 00:52:18.475   589  5032 D DlbDapCrossfadeProcess: setEnabled transitioning from DAP_ACTIVE state to FADE_TO_BYPASS
02-03 00:52:18.478   416   416 W /system/bin/hw/android.hidl.allocator@1.0-service: ashmem_create_region(7680) returning hidl_memory(0x77bb02c2e0, 7680)
02-03 00:52:18.479   589  5032 D DlbDlbEffect: handle_EFFECT_CMD_SET_CONFIG()
02-03 00:52:18.479   589  5032 D DlbDapEndpointParamCache: setDevice(device=0x00000002)
02-03 00:52:18.479   421   421 D DMSService: setActiveDevice called with device = 0x2
02-03 00:52:18.479   589  5032 D DlbDlbEffect: handle_EFFECT_CMD_ENABLE()
02-03 00:52:18.479   589  5032 D DlbDapCrossfadeProcess: setEnabled transitioning from FADE_TO_BYPASS state to FADE_TO_ACTIVE
02-03 00:52:18.479   589  5032 D AudioFlinger: trackStateChanged() Track id 1038 state changed to 6
02-03 00:52:18.479   589  5032 I AudioFlinger: updateProcessedAudioState() Changing content processing in effect to 1
02-03 00:52:18.479   589  5032 D DlbDlbEffect: handle_EFFECT_CMD_SET_PARAM()
02-03 00:52:18.481   589  5032 I DlbEffectContext: setContentProcEnabled() Disabling content processing in effect
02-03 00:52:18.482   589  5032 D DlbDapEndpointParamCache: commitChangedParams()
02-03 00:52:18.482   589  5032 D DlbDapEndpointParamCache: commit() Applying parameters for device 0x40000000
02-03 00:52:18.482   589  5032 D DlbDap2Process: setParam(msce = #1[0])
02-03 00:52:18.482   589  5032 D DlbDap2Process: setParam(mdee = #1[0])
02-03 00:52:18.482 18366 18366 D featureTest: receive broadcast , change ds profile id :0
02-03 00:52:18.482   589  5032 D DlbDap2Process: setParam(miee = #1[0])
02-03 00:52:18.482   589  5032 D DlbDap2Process: setParam(mdle = #1[0])
02-03 00:52:18.482   589  5032 D DlbDap2Process: setParam(dvle = #1[0])
02-03 00:52:18.482   589  5032 D DlbDap2Process: setParam(mave = #1[0])
02-03 00:52:18.482   589  5032 D DlbDap2Process: setParam(ieon = #1[0])
02-03 00:52:18.482   589  5032 D DlbDapEndpointParamCache: doCommit() Committed 7 parameters out of 16.
02-03 00:52:18.482   589  5032 D DlbDapEndpointParamCache: commit() Overriding parameters for current device 0x00000002
02-03 00:52:18.482   589  5032 D DlbDap2Process: DAP output mode set to 1 with 2 output channels and null mix matrix.
02-03 00:52:18.482   589  5032 D DlbDap2Process: setParam(dom = #1[0])
02-03 00:52:18.482   589  5032 D DlbDap2Process: setParam(dvle = #1[0])
02-03 00:52:18.482   589  5032 D DlbDap2Process: setParam(dvme = #1[0])
02-03 00:52:18.482   589  5032 D DlbDap2Process: setParam(deon = #1[0])
02-03 00:52:18.482   589  5032 D DlbDap2Process: setParam(ngon = #1[0])
02-03 00:52:18.482   589  5032 D DlbDapEndpointParamCache: doCommit() Committed 5 parameters out of 37.
02-03 00:52:18.483   597 18395 D NuPlayerDriver: notifyListener_l(0xf1bb2540), (6, 0, 0, -1), loop setting(0, 1)
02-03 00:52:18.484   589  4575 D DlbDlbBufferProvider: updateCapacity(): update capacity to 1920
02-03 00:52:18.484   589  4575 D DlbDlbBufferProvider: updateCapacity() Allocating new memory for the buffer.
02-03 00:52:18.484   589  4575 D DlbDap2Process: setMave(mave = 0)
02-03 00:52:18.485   589  4575 D DlbDapCrossfadeProcess: process transitioning from FADE_TO_ACTIVE state to DAP_ACTIVE
02-03 00:52:18.488   589  6472 D DlbDlbEffect: handle_EFFECT_CMD_SET_PARAM()
02-03 00:52:18.497   589  4568 D audio_hw_primary: enable_snd_device: snd_device(2: speaker)
02-03 00:52:18.499   589  4568 D audio_hw_primary: enable_audio_route: usecase(0) apply and update mixer path: deep-buffer-playback speaker
02-03 00:52:18.540 18366 18366 D featureTest: receive broadcast , record log :0
02-03 00:52:18.552   589  4575 D DlbDap2Process: process() called [817500] times
02-03 00:52:18.643   589   772 D AudioFlinger: mixer(0xf0683c00) throttle end: throttle time(51)
02-03 00:52:20.441   823   823 W WindowManager: removeWindowToken: Attempted to remove non-existing token: android.os.Binder@3241108
02-03 00:52:20.491   427   427 D SurfaceFlinger: duplicate layer name: changing Toast to Toast#1
02-03 00:52:20.533 17374 17374 I ServiceManager: Waiting for service AtCmdFwd...
02-03 00:52:21.085   589  4575 D DlbDap2Process: process() called [818000] times
02-03 00:52:21.533 17374 17374 I ServiceManager: Waiting for service AtCmdFwd...
02-03 00:52:22.459   823   823 W WindowManager: removeWindowToken: Attempted to remove non-existing token: android.os.Binder@cdd6552
02-03 00:52:22.537 17374 17374 I chatty  : uid=1000(system) /vendor/bin/ATFWD-daemon identical 1 line
02-03 00:52:23.538 17374 17374 I ServiceManager: Waiting for service AtCmdFwd...
02-03 00:52:23.707 18366 18366 D featureTest: receive broadcast , change volume leveler :0
02-03 00:52:23.733   589  6769 D DlbDlbEffect: handle_EFFECT_CMD_SET_PARAM()
02-03 00:52:23.737   602 18407 D ARenderer: updateDapConfig: Updating DAP configuration
02-03 00:52:23.737   602 18407 D DlbDap2QmfProcess: setParam(iea = #1[10])
02-03 00:52:23.737   602 18407 D DlbDap2QmfProcess: setParam(msce = #1[1])
02-03 00:52:23.737   602 18407 D DlbDap2QmfProcess: setParam(mdee = #1[1])
02-03 00:52:23.737   602 18407 D DlbDap2QmfProcess: setParam(miee = #1[1])
02-03 00:52:23.737   602 18407 D DlbDap2QmfProcess: setParam(mdle = #1[1])
02-03 00:52:23.737   602 18407 D DlbDap2QmfProcess: setParam(dvle = #1[0])
02-03 00:52:23.738   602 18407 D DlbDap2QmfProcess: setParam(mave = #1[1])
02-03 00:52:23.738   602 18407 D DlbDap2QmfProcess: setParam(vcbf = #20[47, 141, 234, 328, 469, 656, 844, 1031, 1313, 1688, 2250, 3000, 3750, 4688, 5813, 7125, 9000, 11250, 13875, 19688])
02-03 00:52:23.738   602 18407 D DlbDap2QmfProcess: setParam(ieon = #1[1])
02-03 00:52:23.738   602 18407 D DlbDap2QmfProcess: setParam(gebs = #41[20, 47, 141, 234, 328, 469, 656, 844, 1031, 1313, 1688, 2250, 3000, 3750, 4688, 5813, 7125, 9000, 11250, 13875, 19688, 0, 0, 0, 0, 0, 0, 0, 0, 0, 0, 0, 0, 0, 0, 0, 0, 0, 0, 0, 0])
02-03 00:52:23.738   602 18407 D DlbDap2QmfProcess: setParam(iebs = #41[20, 65, 136, 223, 332, 467, 634, 841, 1098, 1416, 1812, 2302, 2909, 3663, 4598, 5756, 7194, 8976, 11186, 13927, 17326, 117, 133, 188, 176, 141, 149, 175, 185, 185, 200, 236, 242, 228, 213, 182, 132, 110, 68, -27, -240])
02-03 00:52:23.738   602 18407 D DlbDap2QmfProcess: setParam(dea = #1[12])
02-03 00:52:23.738   602 18407 D DlbDap2QmfProcess: setParam(dsa = #1[10])
02-03 00:52:23.738   602 18407 D DlbDap2QmfProcess: setParam(beb = #1[192])
02-03 00:52:23.738   602 18407 D DlbDap2QmfProcess: setParam(plb = #1[0])
02-03 00:52:23.738   602 18407 D DlbDap2QmfProcess: setParam(vmb = #1[144])
02-03 00:52:23.738   602 18407 D DlbDap2QmfProcess: setParam(dsb = #1[96])
02-03 00:52:23.738   602 18407 D DlbDap2QmfProcess: setParam(ded = #1[0])
02-03 00:52:23.738   602 18407 D DlbDap2QmfProcess: setParam(dom = #17[1, 16384, 0, 0, 16384, 11583, 11583, 8192, 8192, 16384, 0, 0, 16384, 16384, 0, 0, 16384])
02-03 00:52:23.738   602 18407 D DlbDap2QmfProcess: setParam(bew = #1[16])
02-03 00:52:23.738   602 18407 D DlbDap2QmfProcess: setParam(dvla = #1[7])
02-03 00:52:23.738   602 18407 D DlbDap2QmfProcess: setParam(dfsa = #1[10])
02-03 00:52:23.738   602 18407 D DlbDap2QmfProcess: setParam(dhsa = #1[10])
02-03 00:52:23.738   602 18407 D DlbDap2QmfProcess: setParam(dvmc = #1[0])
02-03 00:52:23.738   602 18407 D DlbDap2QmfProcess: setParam(dvle = #1[0])
02-03 00:52:23.738   602 18407 D DlbDap2QmfProcess: setParam(dvme = #1[0])
02-03 00:52:23.738   602 18407 D DlbDap2QmfProcess: setParam(becf = #1[200])
02-03 00:52:23.738   602 18407 D DlbDap2QmfProcess: setParam(vbmf = #2[94, 469])
02-03 00:52:23.738   602 18407 D DlbDap2QmfProcess: setParam(vbsf = #2[35, 160])
02-03 00:52:23.738   602 18407 D DlbDap2QmfProcess: setParam(vbhg = #3[-32, -144, -192])
02-03 00:52:23.738   602 18407 D DlbDap2QmfProcess: setParam(vbog = #1[0])
02-03 00:52:23.738   602 18407 D DlbDap2QmfProcess: setParam(vbsg = #1[0])
02-03 00:52:23.738   602 18407 D DlbDap2QmfProcess: setParam(dvli = #1[-320])
02-03 00:52:23.738   602 18407 D DlbDap2QmfProcess: setParam(dhfm = #1[2])
02-03 00:52:23.738   602 18407 D DlbDap2QmfProcess: setParam(deon = #1[1])
02-03 00:52:23.738   602 18407 D DlbDap2QmfProcess: setParam(ngon = #1[1])
02-03 00:52:23.739   602 18407 D DlbDap2QmfProcess: setParam(dvlo = #1[-320])
02-03 00:52:23.739   602 18407 D DlbDap2QmfProcess: setParam(aobs = #222[20, 10, 47, 141, 234, 328, 469, 656, 844, 1031, 1313, 1688, 2250, 3000, 3750, 4688, 5813, 7125, 9000, 11250, 13875, 19688, 0, 0, 0, 0, 0, 0, 0, 0, 0, 0, 0, 0, 0, 0, 0, 0, 0, 0, 0, 0, 0, 0, 0, 0, 0, 0, 0, 0, 0, 0, 0, 0, 0, 0, 0, 0, 0, 0, 0, 0, 0, 0, 0, 0, 0, 0, 0, 0, 0, 0, 0, 0, 0, 0, 0, 0, 0, 0, 0, 0, 0, 0, 0, 0, 0, 0, 0, 0, 0, 0, 0, 0, 0, 0, 0, 0, 0, 0, 0, 0, 0, 0, 0, 0, 0, 0, 0, 0, 0, 0, 0, 0, 0, 0, 0, 0, 0, 0, 0, 0, 0, 0, 0, 0, 0, 0, 0, 0, 0, 0, 0, 0, 0, 0, 0, 0, 0, 0, 0, 0, 0, 0, 0, 0, 0, 0, 0, 0, 0, 0, 0, 0, 0, 0, 0, 0, 0, 0, 0, 0, 0, 0, 0, 0, 0, 0, 0, 0, 0, 0, 0, 0, 0, 0, 0, 0, 0, 0, 0, 0, 0, 0, 0, 0, 0, 0, 0, 0, 0, 0, 0, 0, 0, 0, 0, 0, 0, 0, 0, 0, 0, 0, 0, 0, 0, 0, 0, 0, 0, 0, 0, 0, 0, 0, 0, 0, 0, 0, 0, 0])
02-03 00:52:23.739   602 18407 D DlbDap2QmfProcess: setParam(dvle = #1[1])
02-03 00:52:23.739   602 18407 D DlbDap2QmfProcess: setParam(dvli = #1[-496])
02-03 00:52:23.739   602 18407 D DlbDap2QmfProcess: setParam(dvlo = #1[-224])
02-03 00:52:23.739   602 18407 D ARenderer: updateDapVolumeLeveler: Setting output level to -14.00dB
02-03 00:52:23.739   602 18407 D DlbDap2QmfProcess: setParam(vmb = #1[0])
02-03 00:52:23.739   602 18407 D DlbDap2QmfProcess: setParam(preg = #1[-384])
02-03 00:52:23.739   602 18407 D DlbDap2QmfProcess: setParam(vol = #1[384])
02-03 00:52:23.739   602 18407 D DlbDap2QmfProcess: setMave(mave = 0)
02-03 00:52:23.764   589  4575 D DlbDapEndpointParamCache: commitChangedParams()
02-03 00:52:23.765   589  4575 D DlbDapEndpointParamCache: commit() Applying parameters for device 0x40000000
02-03 00:52:23.765   589  4575 D DlbDap2Process: setParam(iea = #1[10])
02-03 00:52:23.765   589  4575 D DlbDap2Process: setParam(vcbf = #20[47, 141, 234, 328, 469, 656, 844, 1031, 1313, 1688, 2250, 3000, 3750, 4688, 5813, 7125, 9000, 11250, 13875, 19688])
02-03 00:52:23.765   589  4575 D DlbDap2Process: setParam(vbon = #1[0])
02-03 00:52:23.765   589  4575 D DlbDap2Process: setParam(beon = #1[0])
02-03 00:52:23.765   589  4575 D DlbDap2Process: setParam(geon = #1[0])
02-03 00:52:23.765   589  4575 D DlbDap2Process: setParam(gebs = #41[20, 47, 141, 234, 328, 469, 656, 844, 1031, 1313, 1688, 2250, 3000, 3750, 4688, 5813, 7125, 9000, 11250, 13875, 19688, 0, 0, 0, 0, 0, 0, 0, 0, 0, 0, 0, 0, 0, 0, 0, 0, 0, 0, 0, 0])
02-03 00:52:23.765   589  4575 D DlbDap2Process: setParam(iebs = #41[20, 65, 136, 223, 332, 467, 634, 841, 1098, 1416, 1812, 2302, 2909, 3663, 4598, 5756, 7194, 8976, 11186, 13927, 17326, 117, 133, 188, 176, 141, 149, 175, 185, 185, 200, 236, 242, 228, 213, 182, 132, 110, 68, -27, -240])
02-03 00:52:23.765   589  4575 D DlbDapEndpointParamCache: doCommit() Committed 8 parameters out of 16.
02-03 00:52:23.765   589  4575 D DlbDapEndpointParamCache: commit() Overriding parameters for current device 0x00000002
02-03 00:52:23.766   589  4575 D DlbDap2Process: setParam(dea = #1[12])
02-03 00:52:23.766   589  4575 D DlbDap2Process: setParam(dsa = #1[10])
02-03 00:52:23.766   589  4575 D DlbDap2Process: setParam(beb = #1[192])
02-03 00:52:23.766   589  4575 D DlbDap2Process: setParam(plb = #1[0])
02-03 00:52:23.766   589  4575 D DlbDap2Process: setParam(vmb = #1[144])
02-03 00:52:23.766   589  4575 D DlbDap2Process: setParam(dsb = #1[96])
02-03 00:52:23.766   589  4575 D DlbDap2Process: setParam(ded = #1[0])
02-03 00:52:23.766   589  4575 D DlbDap2Process: setParam(vbm = #1[3])
02-03 00:52:23.766   589  4575 D DlbDap2Process: setParam(bew = #1[16])
02-03 00:52:23.766   589  4575 D DlbDap2Process: setParam(dvla = #1[7])
02-03 00:52:23.766   589  4575 D DlbDap2Process: setParam(arra = #1[96])
02-03 00:52:23.766   589  4575 D DlbDap2Process: setParam(dfsa = #1[10])
02-03 00:52:23.766   589  4575 D DlbDap2Process: setParam(dhsa = #1[10])
02-03 00:52:23.766   589  4575 D DlbDap2Process: setParam(dvmc = #1[0])
02-03 00:52:23.766   589  4575 D DlbDap2Process: setParam(arod = #1[0])
02-03 00:52:23.766   589  4575 D DlbDap2Process: setParam(arde = #1[1])
02-03 00:52:23.766   589  4575 D DlbDap2Process: setParam(becf = #1[200])
02-03 00:52:23.766   589  4575 D DlbDap2Process: setParam(vbmf = #2[94, 469])
02-03 00:52:23.766   589  4575 D DlbDap2Process: setParam(vbsf = #2[35, 160])
02-03 00:52:23.766   589  4575 D DlbDap2Process: setParam(vbhg = #3[-32, -144, -192])
02-03 00:52:23.766   589  4575 D DlbDap2Process: setParam(vbog = #1[0])
02-03 00:52:23.766   589  4575 D DlbDap2Process: setParam(vbsg = #1[0])
02-03 00:52:23.766   589  4575 D DlbDap2Process: setParam(dvli = #1[-320])
02-03 00:52:23.766   589  4575 D DlbDap2Process: setParam(dhfm = #1[2])
02-03 00:52:23.766   589  4575 D DlbDap2Process: setParam(vbon = #1[0])
02-03 00:52:23.766   589  4575 D DlbDap2Process: setParam(beon = #1[0])
02-03 00:52:23.766   589  4575 D DlbDap2Process: setParam(aoon = #1[1])
02-03 00:52:23.766   589  4575 D DlbDap2Process: setParam(aron = #1[1])
02-03 00:52:23.766   589  4575 D DlbDap2Process: setParam(dvlo = #1[-320])
02-03 00:52:23.766   589  4575 D DlbDap2Process: setParam(artp = #1[12])
02-03 00:52:23.767   589  4575 D DlbDap2Process: setParam(aobs = #222[20, 10, 47, 141, 234, 328, 469, 656, 844, 1031, 1313, 1688, 2250, 3000, 3750, 4688, 5813, 7125, 9000, 11250, 13875, 19688, 0, 0, 0, 0, 0, 0, 0, 0, 0, 0, 0, 0, 0, 0, 0, 0, 0, 0, 0, 0, 0, 0, 0, 0, 0, 0, 0, 0, 0, 0, 0, 0, 0, 0, 0, 0, 0, 0, 0, 0, 0, 0, 0, 0, 0, 0, 0, 0, 0, 0, 0, 0, 0, 0, 0, 0, 0, 0, 0, 0, 0, 0, 0, 0, 0, 0, 0, 0, 0, 0, 0, 0, 0, 0, 0, 0, 0, 0, 0, 0, 0, 0, 0, 0, 0, 0, 0, 0, 0, 0, 0, 0, 0, 0, 0, 0, 0, 0, 0, 0, 0, 0, 0, 0, 0, 0, 0, 0, 0, 0, 0, 0, 0, 0, 0, 0, 0, 0, 0, 0, 0, 0, 0, 0, 0, 0, 0, 0, 0, 0, 0, 0, 0, 0, 0, 0, 0, 0, 0, 0, 0, 0, 0, 0, 0, 0, 0, 0, 0, 0, 0, 0, 0, 0, 0, 0, 0, 0, 0, 0, 0, 0, 0, 0, 0, 0, 0, 0, 0, 0, 0, 0, 0, 0, 0, 0, 0, 0, 0, 0, 0, 0, 0, 0, 0, 0, 0, 0, 0, 0, 0, 0, 0, 0, 0, 0, 0, 0, 0, 0])
02-03 00:52:23.767   589  4575 D DlbDap2Process: setParam(arbs = #81[20, 47, 141, 234, 328, 469, 656, 844, 1031, 1313, 1688, 2250, 3000, 3750, 4688, 5813, 7125, 9000, 11250, 13875, 19688, -192, -192, -192, -192, -192, -192, -192, -192, -192, -192, -192, -192, -192, -192, -192, -192, -192, -192, -192, -192, 0, 0, 0, 0, 0, 0, 0, 0, 0, 0, 0, 0, 0, 0, 0, 0, 0, 0, 0, 0, 0, 0, 0, 0, 0, 0, 0, 0, 0, 0, 0, 0, 0, 0, 0, 0, 0, 0, 0, 0])
02-03 00:52:23.767   589  4575 D DlbDapEndpointParamCache: doCommit() Committed 32 parameters out of 37.
02-03 00:52:23.768   589  4575 D DlbDap2Process: process() called [818500] times
02-03 00:52:24.538 17374 17374 W Atfwd_Sendcmd: AtCmdFwd service not published, waiting... retryCnt : 3
02-03 00:52:25.220   579   934 E QC-QMI  : linux_qmi_qmux_io_wake_lock: Err in writing wakelock=qmuxd_port_wl_0, error [1:Operation not permitted]
02-03 00:52:25.220   579   934 E QC-QMI  : linux_qmi_qmux_io_wake_unlock: Err in writing wakelock=qmuxd_port_wl_0, error [1:Operation not permitted]
02-03 00:52:25.742   823   823 W WindowManager: removeWindowToken: Attempted to remove non-existing token: android.os.Binder@6d3f395
02-03 00:52:26.442   589  4575 D DlbDap2Process: process() called [819000] times
02-03 00:52:27.777   579   934 E QC-QMI  : linux_qmi_qmux_io_wake_lock: Err in writing wakelock=qmuxd_port_wl_0, error [1:Operation not permitted]
02-03 00:52:27.777   579   934 E QC-QMI  : linux_qmi_qmux_io_wake_unlock: Err in writing wakelock=qmuxd_port_wl_0, error [1:Operation not permitted]
