02-04 23:05:38.849   589  1183 D NuPlayerDriver: reset(0xe5732310) at state 5
02-04 23:05:38.850   589  1183 D NuPlayerDriver: notifyListener_l(0xe5732310), (8, 0, 0, -1), loop setting(0, 1)
02-04 23:05:38.860   589 30508 D NuPlayerDriver: notifyResetComplete(0xe5732310)
02-04 23:05:38.863   589  1183 D AudioTrack: stop() called with 0 frames delivered
02-04 23:05:39.000   581   724 D DlbDlbEffect: handle_EFFECT_CMD_DISABLE()
02-04 23:05:39.000   581   724 D DlbDapCrossfadeProcess: setEnabled transitioning from DAP_ACTIVE state to FADE_TO_BYPASS
02-04 23:05:39.002   581   724 D DlbDlbEffect: handle_EFFECT_CMD_SET_CONFIG()
02-04 23:05:39.002   581   724 D DlbDapEndpointParamCache: setDevice(device=0x00000002)
02-04 23:05:39.002   421   421 D DMSService: setActiveDevice called with device = 0x2
02-04 23:05:39.002   581   724 D DlbDlbEffect: handle_EFFECT_CMD_ENABLE()
02-04 23:05:39.002   581   724 D DlbDapCrossfadeProcess: setEnabled transitioning from FADE_TO_BYPASS state to FADE_TO_ACTIVE
02-04 23:05:39.137 30552 30552 D featureTest: onCreate
02-04 23:05:39.144 30552 30552 D AudioTrack: Client defaulted notificationFrames to 962 for frameCount 1924
02-04 23:05:39.149 30552 30552 W AudioTrack: Use of stream types is deprecated for operations other than volume control
02-04 23:05:39.150 30552 30552 W AudioTrack: See the documentation of AudioTrack() for what to use instead with android.media.AudioAttributes to qualify your playback use case
02-04 23:05:39.163 30552 30552 D featureTest: onResume
02-04 23:05:40.011 30552 30552 D featureTest: receive broadcast , playing content location :/sdcard/featureTest/chopper_2.0_180_420_02.wav
02-04 23:05:40.020 30552 30552 D featureTest: mMediaPlayer.getAudioSessionId(): 4313
02-04 23:05:40.020 30552 30552 D featureTest: Playing file: /sdcard/featureTest/chopper_2.0_180_420_02.wav
02-04 23:05:40.022   589  1170 D NuPlayerDriver: NuPlayerDriver(0xe5732380) created, clientPid(30552)
02-04 23:05:40.043   589 30581 D NuPlayerDriver: notifyListener_l(0xe5732380), (1, 0, 0, -1), loop setting(0, 0)
02-04 23:05:40.051   589  1170 D NuPlayerDriver: start(0xe5732380), state is 4, eos is 0
02-04 23:05:40.058   593  5352 I OMXMaster: makeComponentInstance(OMX.google.raw.decoder) in android.hardwar process
02-04 23:05:40.064   589 30589 I ACodec  : codec does not support config priority (err -2147483648)
02-04 23:05:40.065   589 30589 I MediaCodec: MediaCodec will operate in async mode
02-04 23:05:40.076   589 30587 D AudioTrack: Client defaulted notificationFrames to 7350 for frameCount 22050
02-04 23:05:40.077   581  5356 D DlbDlbEffect: handle_EFFECT_CMD_DISABLE()
02-04 23:05:40.077   581  5356 D DlbDapCrossfadeProcess: setEnabled transitioning from FADE_TO_ACTIVE state to FADE_TO_BYPASS
02-04 23:05:40.080   581  5356 D DlbDlbEffect: handle_EFFECT_CMD_SET_CONFIG()
02-04 23:05:40.080   581  5356 D DlbDapEndpointParamCache: setDevice(device=0x00000002)
02-04 23:05:40.080   421   421 D DMSService: setActiveDevice called with device = 0x2
02-04 23:05:40.081   581  5356 D DlbDlbEffect: handle_EFFECT_CMD_ENABLE()
02-04 23:05:40.081   581  5356 D DlbDapCrossfadeProcess: setEnabled transitioning from FADE_TO_BYPASS state to FADE_TO_ACTIVE
02-04 23:05:40.081   589 30581 D NuPlayerDriver: notifyListener_l(0xe5732380), (6, 0, 0, -1), loop setting(0, 1)
02-04 23:05:40.085   581  5115 D DlbDapCrossfadeProcess: process transitioning from FADE_TO_ACTIVE state to DAP_ACTIVE
02-04 23:05:40.088 30552 30552 D featureTest: receive broadcast , change ds status :0
02-04 23:05:40.119   581  5355 D DlbDlbEffect: handle_EFFECT_CMD_SET_PARAM()
02-04 23:05:40.148   581  5115 D DlbDapCrossfadeProcess: setEnabled transitioning from DAP_ACTIVE state to FADE_TO_BYPASS
02-04 23:05:40.164 30552 30552 D featureTest: receive broadcast , change ds profile id :2
02-04 23:05:40.175   581   581 D DlbDlbEffect: handle_EFFECT_CMD_SET_PARAM()
02-04 23:05:40.175   421   460 I DapController: Profile Changed to Music
02-04 23:05:40.193   581  5115 D DlbDapEndpointParamCache: commitChangedParams()
02-04 23:05:40.193   581  5115 D DlbDapEndpointParamCache: commit() Applying parameters for device 0x40000000
02-04 23:05:40.193   581  5115 D DlbDap2Process: setParam(iea = #1[10])
02-04 23:05:40.193   581  5115 D DlbDap2Process: setParam(msce = #1[0])
02-04 23:05:40.193   581  5115 D DlbDap2Process: setParam(mdee = #1[0])
02-04 23:05:40.193   581  5115 D DlbDap2Process: setParam(miee = #1[0])
02-04 23:05:40.193   581  5115 D DlbDap2Process: setParam(mdle = #1[0])
02-04 23:05:40.193   581  5115 D DlbDap2Process: setParam(dvle = #1[1])
02-04 23:05:40.193   581  5115 D DlbDap2Process: setParam(mave = #1[0])
02-04 23:05:40.193   581  5115 D DlbDap2Process: setParam(vcbf = #20[47, 141, 234, 328, 469, 656, 844, 1031, 1313, 1688, 2250, 3000, 3750, 4688, 5813, 7125, 9000, 11250, 13875, 19688])
02-04 23:05:40.193   581  5115 D DlbDap2Process: setParam(vbon = #1[0])
02-04 23:05:40.193   581  5115 D DlbDap2Process: setParam(beon = #1[0])
02-04 23:05:40.193   581  5115 D DlbDap2Process: setParam(geon = #1[0])
02-04 23:05:40.193   581  5115 D DlbDap2Process: setParam(ieon = #1[1])
02-04 23:05:40.193   581  5115 D DlbDap2Process: setParam(gebs = #41[20, 47, 141, 234, 328, 469, 656, 844, 1031, 1313, 1688, 2250, 3000, 3750, 4688, 5813, 7125, 9000, 11250, 13875, 19688, 0, 0, 0, 0, 0, 0, 0, 0, 0, 0, 0, 0, 0, 0, 0, 0, 0, 0, 0, 0])
02-04 23:05:40.193   581  5115 D DlbDap2Process: setParam(iebs = #41[20, 65, 136, 223, 332, 467, 634, 841, 1098, 1416, 1812, 2302, 2909, 3663, 4598, 5756, 7194, 8976, 11186, 13927, 17326, 117, 133, 188, 176, 141, 149, 175, 185, 185, 200, 236, 242, 228, 213, 182, 132, 110, 68, -27, -240])
02-04 23:05:40.193   581  5115 D DlbDapEndpointParamCache: doCommit() Committed 15 parameters out of 16.
02-04 23:05:40.193   581  5115 D DlbDapEndpointParamCache: commit() Overriding parameters for current device 0x00000002
02-04 23:05:40.193   581  5115 D DlbDap2Process: setParam(dea = #1[7])
02-04 23:05:40.193   581  5115 D DlbDap2Process: setParam(dsa = #1[10])
02-04 23:05:40.193   581  5115 D DlbDap2Process: setParam(beb = #1[192])
02-04 23:05:40.193   581  5115 D DlbDap2Process: setParam(plb = #1[0])
02-04 23:05:40.193   581  5115 D DlbDap2Process: setParam(vmb = #1[144])
02-04 23:05:40.194   581  5115 D DlbDap2Process: setParam(dsb = #1[0])
02-04 23:05:40.194   581  5115 D DlbDap2Process: setParam(ded = #1[0])
02-04 23:05:40.194   581  5115 D DlbDap2Process: setParam(vbm = #1[3])
02-04 23:05:40.194   581  5115 D DlbDap2Process: setParam(dom = #1[0])
02-04 23:05:40.194   581  5115 D DlbDap2Process: setParam(bew = #1[16])
02-04 23:05:40.194   581  5115 D DlbDap2Process: setParam(dvla = #1[4])
02-04 23:05:40.194   581  5115 D DlbDap2Process: setParam(arra = #1[96])
02-04 23:05:40.194   581  5115 D DlbDap2Process: setParam(dfsa = #1[10])
02-04 23:05:40.194   581  5115 D DlbDap2Process: setParam(dhsa = #1[10])
02-04 23:05:40.194   581  5115 D DlbDap2Process: setParam(dvmc = #1[0])
02-04 23:05:40.194   581  5115 D DlbDap2Process: setParam(arod = #1[0])
02-04 23:05:40.194   581  5115 D DlbDap2Process: setParam(arde = #1[1])
02-04 23:05:40.194   581  5115 D DlbDap2Process: setParam(dvle = #1[1])
02-04 23:05:40.194   581  5115 D DlbDap2Process: setParam(dvme = #1[0])
02-04 23:05:40.194   581  5115 D DlbDap2Process: setParam(becf = #1[200])
02-04 23:05:40.194   581  5115 D DlbDap2Process: setParam(vbmf = #2[94, 469])
02-04 23:05:40.194   581  5115 D DlbDap2Process: setParam(vbsf = #2[35, 160])
02-04 23:05:40.194   581  5115 D DlbDap2Process: setParam(vbhg = #3[-32, -144, -192])
02-04 23:05:40.194   581  5115 D DlbDap2Process: setParam(vbog = #1[0])
02-04 23:05:40.194   581  5115 D DlbDap2Process: setParam(vbsg = #1[0])
02-04 23:05:40.194   581  5115 D DlbDap2Process: setParam(dvli = #1[-320])
02-04 23:05:40.194   581  5115 D DlbDap2Process: setParam(dhfm = #1[2])
02-04 23:05:40.194   581  5115 D DlbDap2Process: setParam(vbon = #1[0])
02-04 23:05:40.194   581  5115 D DlbDap2Process: setParam(beon = #1[0])
02-04 23:05:40.194   581  5115 D DlbDap2Process: setParam(deon = #1[0])
02-04 23:05:40.194   581  5115 D DlbDap2Process: setParam(ngon = #1[1])
02-04 23:05:40.194   581  5115 D DlbDap2Process: setParam(aoon = #1[1])
02-04 23:05:40.194   581  5115 D DlbDap2Process: setParam(aron = #1[1])
02-04 23:05:40.194   581  5115 D DlbDap2Process: setParam(dvlo = #1[-320])
02-04 23:05:40.194   581  5115 D DlbDap2Process: setParam(artp = #1[12])
02-04 23:05:40.195   581  5115 D DlbDap2Process: setParam(aobs = #222[20, 10, 47, 141, 234, 328, 469, 656, 844, 1031, 1313, 1688, 2250, 3000, 3750, 4688, 5813, 7125, 9000, 11250, 13875, 19688, 0, 0, 0, 0, 0, 0, 0, 0, 0, 0, 0, 0, 0, 0, 0, 0, 0, 0, 0, 0, 0, 0, 0, 0, 0, 0, 0, 0, 0, 0, 0, 0, 0, 0, 0, 0, 0, 0, 0, 0, 0, 0, 0, 0, 0, 0, 0, 0, 0, 0, 0, 0, 0, 0, 0, 0, 0, 0, 0, 0, 0, 0, 0, 0, 0, 0, 0, 0, 0, 0, 0, 0, 0, 0, 0, 0, 0, 0, 0, 0, 0, 0, 0, 0, 0, 0, 0, 0, 0, 0, 0, 0, 0, 0, 0, 0, 0, 0, 0, 0, 0, 0, 0, 0, 0, 0, 0, 0, 0, 0, 0, 0, 0, 0, 0, 0, 0, 0, 0, 0, 0, 0, 0, 0, 0, 0, 0, 0, 0, 0, 0, 0, 0, 0, 0, 0, 0, 0, 0, 0, 0, 0, 0, 0, 0, 0, 0, 0, 0, 0, 0, 0, 0, 0, 0, 0, 0, 0, 0, 0, 0, 0, 0, 0, 0, 0, 0, 0, 0, 0, 0, 0, 0, 0, 0, 0, 0, 0, 0, 0, 0, 0, 0, 0, 0, 0, 0, 0, 0, 0, 0, 0, 0, 0, 0, 0, 0, 0, 0, 0])
02-04 23:05:40.195   581  5115 D DlbDap2Process: setParam(arbs = #81[20, 47, 141, 234, 328, 469, 656, 844, 1031, 1313, 1688, 2250, 3000, 3750, 4688, 5813, 7125, 9000, 11250, 13875, 19688, -192, -192, -192, -192, -192, -192, -192, -192, -192, -192, -192, -192, -192, -192, -192, -192, -192, -192, -192, -192, 0, 0, 0, 0, 0, 0, 0, 0, 0, 0, 0, 0, 0, 0, 0, 0, 0, 0, 0, 0, 0, 0, 0, 0, 0, 0, 0, 0, 0, 0, 0, 0, 0, 0, 0, 0, 0, 0, 0, 0])
02-04 23:05:40.195   581  5115 D DlbDapEndpointParamCache: doCommit() Committed 37 parameters out of 37.
02-04 23:05:40.195   581  5115 D DlbDap2Process: setMave(mave = 0)
02-04 23:05:40.197   581  5115 D DlbDapCrossfadeProcess: process transitioning from FADE_TO_BYPASS state to DAP_BYPASSED
02-04 23:05:40.219   581   770 D AudioFlinger: mixer(0xf2983980) throttle end: throttle time(44)
02-04 23:05:40.235 30552 30552 D featureTest: receive broadcast , playing content location :/sdcard/featureTest/chopper_2.0_180_420_02.wav
02-04 23:05:40.237   589  1183 D NuPlayerDriver: stop(0xe5732380)
02-04 23:05:40.238   589  1183 D NuPlayerDriver: notifyListener_l(0xe5732380), (8, 0, 0, -1), loop setting(0, 1)
02-04 23:05:40.239   589 26717 D NuPlayerDriver: reset(0xe5732380) at state 8
02-04 23:05:40.246   589 30581 D NuPlayerDriver: notifyResetComplete(0xe5732380)
02-04 23:05:40.247   589  1183 D NuPlayerDriver: reset(0xe5732380) at state 0
02-04 23:05:40.252 30552 30552 D featureTest: mMediaPlayer.getAudioSessionId(): 4321
02-04 23:05:40.252 30552 30552 D featureTest: Playing file: /sdcard/featureTest/chopper_2.0_180_420_02.wav
02-04 23:05:40.253   589   709 D NuPlayerDriver: NuPlayerDriver(0xe3e61230) created, clientPid(30552)
02-04 23:05:40.275   589 30603 D NuPlayerDriver: notifyListener_l(0xe3e61230), (1, 0, 0, -1), loop setting(0, 0)
02-04 23:05:40.279   589   709 D NuPlayerDriver: start(0xe3e61230), state is 4, eos is 0
02-04 23:05:40.285   593 20870 I OMXMaster: makeComponentInstance(OMX.google.raw.decoder) in android.hardwar process
02-04 23:05:40.290   589 30609 I ACodec  : codec does not support config priority (err -2147483648)
02-04 23:05:40.291   589 30609 I MediaCodec: MediaCodec will operate in async mode
02-04 23:05:40.302   589 30607 D AudioTrack: Client defaulted notificationFrames to 7350 for frameCount 22050
02-04 23:05:40.303   589 30603 D NuPlayerDriver: notifyListener_l(0xe3e61230), (6, 0, 0, -1), loop setting(0, 1)
02-04 23:05:40.312 30552 30552 D featureTest: receive broadcast , change ds status :1
02-04 23:05:40.323   581  5356 D DlbDlbEffect: handle_EFFECT_CMD_SET_PARAM()
02-04 23:05:40.340   581  5115 D DlbDapCrossfadeProcess: setEnabled transitioning from DAP_BYPASSED state to PREROLL_ACTIVE
02-04 23:05:40.382   581  5115 D DlbDapCrossfadeProcess: process transitioning from PREROLL_ACTIVE state to FADE_TO_ACTIVE
02-04 23:05:40.396 30552 30552 D featureTest: receive broadcast , change ds profile id :5
02-04 23:05:40.408   581  5143 D DlbDlbEffect: handle_EFFECT_CMD_SET_PARAM()
02-04 23:05:40.408   421   460 I DapController: Profile Changed to Custom
02-04 23:05:40.422   581  5115 D DlbDapEndpointParamCache: commitChangedParams()
02-04 23:05:40.422   581  5115 D DlbDapEndpointParamCache: commit() Applying parameters for device 0x40000000
02-04 23:05:40.423   581  5115 D DlbDap2Process: setParam(iea = #1[10])
02-04 23:05:40.423   581  5115 D DlbDap2Process: setParam(msce = #1[0])
02-04 23:05:40.423   581  5115 D DlbDap2Process: setParam(mdee = #1[0])
02-04 23:05:40.423   581  5115 D DlbDap2Process: setParam(miee = #1[0])
02-04 23:05:40.423   581  5115 D DlbDap2Process: setParam(mdle = #1[0])
02-04 23:05:40.423   581  5115 D DlbDap2Process: setParam(dvle = #1[1])
02-04 23:05:40.423   581  5115 D DlbDap2Process: setParam(mave = #1[0])
02-04 23:05:40.423   581  5115 D DlbDap2Process: setParam(vcbf = #20[47, 141, 234, 328, 469, 656, 844, 1031, 1313, 1688, 2250, 3000, 3750, 4688, 5813, 7125, 9000, 11250, 13875, 19688])
02-04 23:05:40.423   581  5115 D DlbDap2Process: setParam(vbon = #1[0])
02-04 23:05:40.423   581  5115 D DlbDap2Process: setParam(beon = #1[0])
02-04 23:05:40.423   581  5115 D DlbDap2Process: setParam(geon = #1[0])
02-04 23:05:40.423   581  5115 D DlbDap2Process: setParam(ieon = #1[0])
02-04 23:05:40.423   581  5115 D DlbDap2Process: setParam(gebs = #41[20, 47, 141, 234, 328, 469, 656, 844, 1031, 1313, 1688, 2250, 3000, 3750, 4688, 5813, 7125, 9000, 11250, 13875, 19688, 0, 0, 0, 0, 0, 0, 0, 0, 0, 0, 0, 0, 0, 0, 0, 0, 0, 0, 0, 0])
02-04 23:05:40.423   581  5115 D DlbDap2Process: setParam(iebs = #41[20, 65, 136, 223, 332, 467, 634, 841, 1098, 1416, 1812, 2302, 2909, 3663, 4598, 5756, 7194, 8976, 11186, 13927, 17326, 117, 133, 188, 176, 141, 149, 175, 185, 185, 200, 236, 242, 228, 213, 182, 132, 110, 68, -27, -240])
02-04 23:05:40.423   581  5115 D DlbDapEndpointParamCache: doCommit() Committed 15 parameters out of 16.
02-04 23:05:40.423   581  5115 D DlbDapEndpointParamCache: commit() Overriding parameters for current device 0x00000002
02-04 23:05:40.423   581  5115 D DlbDap2Process: setParam(dea = #1[7])
02-04 23:05:40.423   581  5115 D DlbDap2Process: setParam(dsa = #1[10])
02-04 23:05:40.423   581  5115 D DlbDap2Process: setParam(beb = #1[192])
02-04 23:05:40.423   581  5115 D DlbDap2Process: setParam(plb = #1[0])
02-04 23:05:40.423   581  5115 D DlbDap2Process: setParam(vmb = #1[144])
02-04 23:05:40.423   581  5115 D DlbDap2Process: setParam(dsb = #1[48])
02-04 23:05:40.423   581  5115 D DlbDap2Process: setParam(ded = #1[0])
02-04 23:05:40.423   581  5115 D DlbDap2Process: setParam(vbm = #1[3])
02-04 23:05:40.423   581  5115 D DlbDap2Process: setParam(dom = #1[0])
02-04 23:05:40.423   581  5115 D DlbDap2Process: setParam(bew = #1[16])
02-04 23:05:40.423   581  5115 D DlbDap2Process: setParam(dvla = #1[5])
02-04 23:05:40.424   581  5115 D DlbDap2Process: setParam(arra = #1[96])
02-04 23:05:40.424   581  5115 D DlbDap2Process: setParam(dfsa = #1[10])
02-04 23:05:40.424   581  5115 D DlbDap2Process: setParam(dhsa = #1[10])
02-04 23:05:40.424   581  5115 D DlbDap2Process: setParam(dvmc = #1[0])
02-04 23:05:40.424   581  5115 D DlbDap2Process: setParam(arod = #1[0])
02-04 23:05:40.424   581  5115 D DlbDap2Process: setParam(arde = #1[1])
02-04 23:05:40.424   581  5115 D DlbDap2Process: setParam(dvle = #1[1])
02-04 23:05:40.424   581  5115 D DlbDap2Process: setParam(dvme = #1[0])
02-04 23:05:40.424   581  5115 D DlbDap2Process: setParam(becf = #1[200])
02-04 23:05:40.424   581  5115 D DlbDap2Process: setParam(vbmf = #2[94, 469])
02-04 23:05:40.424   581  5115 D DlbDap2Process: setParam(vbsf = #2[35, 160])
02-04 23:05:40.424   581  5115 D DlbDap2Process: setParam(vbhg = #3[-32, -144, -192])
02-04 23:05:40.424   581  5115 D DlbDap2Process: setParam(vbog = #1[0])
02-04 23:05:40.424   581  5115 D DlbDap2Process: setParam(vbsg = #1[0])
02-04 23:05:40.424   581  5115 D DlbDap2Process: setParam(dvli = #1[-320])
02-04 23:05:40.424   581  5115 D DlbDap2Process: setParam(dhfm = #1[2])
02-04 23:05:40.424   581  5115 D DlbDap2Process: setParam(vbon = #1[0])
02-04 23:05:40.424   581  5115 D DlbDap2Process: setParam(beon = #1[0])
02-04 23:05:40.424   581  5115 D DlbDap2Process: setParam(deon = #1[0])
02-04 23:05:40.424   581  5115 D DlbDap2Process: setParam(ngon = #1[1])
02-04 23:05:40.424   581  5115 D DlbDap2Process: setParam(aoon = #1[1])
02-04 23:05:40.424   581  5115 D DlbDap2Process: setParam(aron = #1[1])
02-04 23:05:40.424   581  5115 D DlbDap2Process: setParam(dvlo = #1[-320])
02-04 23:05:40.424   581  5115 D DlbDap2Process: setParam(artp = #1[12])
02-04 23:05:40.425   581  5115 D DlbDap2Process: setParam(aobs = #222[20, 10, 47, 141, 234, 328, 469, 656, 844, 1031, 1313, 1688, 2250, 3000, 3750, 4688, 5813, 7125, 9000, 11250, 13875, 19688, 0, 0, 0, 0, 0, 0, 0, 0, 0, 0, 0, 0, 0, 0, 0, 0, 0, 0, 0, 0, 0, 0, 0, 0, 0, 0, 0, 0, 0, 0, 0, 0, 0, 0, 0, 0, 0, 0, 0, 0, 0, 0, 0, 0, 0, 0, 0, 0, 0, 0, 0, 0, 0, 0, 0, 0, 0, 0, 0, 0, 0, 0, 0, 0, 0, 0, 0, 0, 0, 0, 0, 0, 0, 0, 0, 0, 0, 0, 0, 0, 0, 0, 0, 0, 0, 0, 0, 0, 0, 0, 0, 0, 0, 0, 0, 0, 0, 0, 0, 0, 0, 0, 0, 0, 0, 0, 0, 0, 0, 0, 0, 0, 0, 0, 0, 0, 0, 0, 0, 0, 0, 0, 0, 0, 0, 0, 0, 0, 0, 0, 0, 0, 0, 0, 0, 0, 0, 0, 0, 0, 0, 0, 0, 0, 0, 0, 0, 0, 0, 0, 0, 0, 0, 0, 0, 0, 0, 0, 0, 0, 0, 0, 0, 0, 0, 0, 0, 0, 0, 0, 0, 0, 0, 0, 0, 0, 0, 0, 0, 0, 0, 0, 0, 0, 0, 0, 0, 0, 0, 0, 0, 0, 0, 0, 0, 0, 0, 0, 0, 0])
02-04 23:05:40.425   581  5115 D DlbDap2Process: setParam(arbs = #81[20, 47, 141, 234, 328, 469, 656, 844, 1031, 1313, 1688, 2250, 3000, 3750, 4688, 5813, 7125, 9000, 11250, 13875, 19688, -192, -192, -192, -192, -192, -192, -192, -192, -192, -192, -192, -192, -192, -192, -192, -192, -192, -192, -192, -192, 0, 0, 0, 0, 0, 0, 0, 0, 0, 0, 0, 0, 0, 0, 0, 0, 0, 0, 0, 0, 0, 0, 0, 0, 0, 0, 0, 0, 0, 0, 0, 0, 0, 0, 0, 0, 0, 0, 0, 0])
02-04 23:05:40.425   581  5115 D DlbDapEndpointParamCache: doCommit() Committed 37 parameters out of 37.
02-04 23:05:40.425   581  5115 D DlbDap2Process: setMave(mave = 0)
02-04 23:05:40.477 30552 30552 D featureTest: receive broadcast , change virtual speaker  virtualizer :1
02-04 23:05:40.493   581   581 D DlbDlbEffect: handle_EFFECT_CMD_SET_PARAM()
02-04 23:05:40.502   581  5115 D DlbDapEndpointParamCache: commitChangedParams()
02-04 23:05:40.502   581  5115 D DlbDapEndpointParamCache: commit() Applying parameters for device 0x40000000
02-04 23:05:40.503   581  5115 D DlbDap2Process: setParam(iea = #1[10])
02-04 23:05:40.503   581  5115 D DlbDap2Process: setParam(msce = #1[0])
02-04 23:05:40.503   581  5115 D DlbDap2Process: setParam(mdee = #1[0])
02-04 23:05:40.503   581  5115 D DlbDap2Process: setParam(miee = #1[0])
02-04 23:05:40.503   581  5115 D DlbDap2Process: setParam(mdle = #1[0])
02-04 23:05:40.503   581  5115 D DlbDap2Process: setParam(dvle = #1[1])
02-04 23:05:40.503   581  5115 D DlbDap2Process: setParam(mave = #1[0])
02-04 23:05:40.503   581  5115 D DlbDap2Process: setParam(vcbf = #20[47, 141, 234, 328, 469, 656, 844, 1031, 1313, 1688, 2250, 3000, 3750, 4688, 5813, 7125, 9000, 11250, 13875, 19688])
02-04 23:05:40.503   581  5115 D DlbDap2Process: setParam(vbon = #1[0])
02-04 23:05:40.503   581  5115 D DlbDap2Process: setParam(beon = #1[0])
02-04 23:05:40.503   581  5115 D DlbDap2Process: setParam(geon = #1[0])
02-04 23:05:40.503   581  5115 D DlbDap2Process: setParam(ieon = #1[0])
02-04 23:05:40.503   581  5115 D DlbDap2Process: setParam(gebs = #41[20, 47, 141, 234, 328, 469, 656, 844, 1031, 1313, 1688, 2250, 3000, 3750, 4688, 5813, 7125, 9000, 11250, 13875, 19688, 0, 0, 0, 0, 0, 0, 0, 0, 0, 0, 0, 0, 0, 0, 0, 0, 0, 0, 0, 0])
02-04 23:05:40.503   581  5115 D DlbDap2Process: setParam(iebs = #41[20, 65, 136, 223, 332, 467, 634, 841, 1098, 1416, 1812, 2302, 2909, 3663, 4598, 5756, 7194, 8976, 11186, 13927, 17326, 117, 133, 188, 176, 141, 149, 175, 185, 185, 200, 236, 242, 228, 213, 182, 132, 110, 68, -27, -240])
02-04 23:05:40.503   581  5115 D DlbDapEndpointParamCache: doCommit() Committed 15 parameters out of 16.
02-04 23:05:40.503   581  5115 D DlbDapEndpointParamCache: commit() Overriding parameters for current device 0x00000002
02-04 23:05:40.503   581  5115 D DlbDap2Process: setParam(dea = #1[7])
02-04 23:05:40.503   581  5115 D DlbDap2Process: setParam(dsa = #1[10])
02-04 23:05:40.504   581  5115 D DlbDap2Process: setParam(beb = #1[192])
02-04 23:05:40.504   581  5115 D DlbDap2Process: setParam(plb = #1[0])
02-04 23:05:40.504   581  5115 D DlbDap2Process: setParam(vmb = #1[144])
02-04 23:05:40.504   581  5115 D DlbDap2Process: setParam(dsb = #1[48])
02-04 23:05:40.504   581  5115 D DlbDap2Process: setParam(ded = #1[0])
02-04 23:05:40.504   581  5115 D DlbDap2Process: setParam(vbm = #1[3])
02-04 23:05:40.504   581  5115 D DlbDap2Process: DAP output mode set to 11 with 2 output channels and custom mix matrix.
02-04 23:05:40.504   581  5115 D DlbDap2Process: setParam(dom = #17[1, 16384, 0, 0, 16384, 11583, 11583, 8192, 8192, 16384, 0, 0, 16384, 16384, 0, 0, 16384])
02-04 23:05:40.504   581  5115 D DlbDap2Process: setParam(bew = #1[16])
02-04 23:05:40.504   581  5115 D DlbDap2Process: setParam(dvla = #1[5])
02-04 23:05:40.504   581  5115 D DlbDap2Process: setParam(arra = #1[96])
02-04 23:05:40.504   581  5115 D DlbDap2Process: setParam(dfsa = #1[10])
02-04 23:05:40.504   581  5115 D DlbDap2Process: setParam(dhsa = #1[10])
02-04 23:05:40.504   581  5115 D DlbDap2Process: setParam(dvmc = #1[0])
02-04 23:05:40.504   581  5115 D DlbDap2Process: setParam(arod = #1[0])
02-04 23:05:40.504   581  5115 D DlbDap2Process: setParam(arde = #1[1])
02-04 23:05:40.504   581  5115 D DlbDap2Process: setParam(dvle = #1[1])
02-04 23:05:40.504   581  5115 D DlbDap2Process: setParam(dvme = #1[0])
02-04 23:05:40.504   581  5115 D DlbDap2Process: setParam(becf = #1[200])
02-04 23:05:40.504   581  5115 D DlbDap2Process: setParam(vbmf = #2[94, 469])
02-04 23:05:40.504   581  5115 D DlbDap2Process: setParam(vbsf = #2[35, 160])
02-04 23:05:40.504   581  5115 D DlbDap2Process: setParam(vbhg = #3[-32, -144, -192])
02-04 23:05:40.504   581  5115 D DlbDap2Process: setParam(vbog = #1[0])
02-04 23:05:40.504   581  5115 D DlbDap2Process: setParam(vbsg = #1[0])
02-04 23:05:40.504   581  5115 D DlbDap2Process: setParam(dvli = #1[-320])
02-04 23:05:40.504   581  5115 D DlbDap2Process: setParam(dhfm = #1[2])
02-04 23:05:40.504   581  5115 D DlbDap2Process: setParam(vbon = #1[0])
02-04 23:05:40.504   581  5115 D DlbDap2Process: setParam(beon = #1[0])
02-04 23:05:40.504   581  5115 D DlbDap2Process: setParam(deon = #1[0])
02-04 23:05:40.504   581  5115 D DlbDap2Process: setParam(ngon = #1[1])
02-04 23:05:40.504   581  5115 D DlbDap2Process: setParam(aoon = #1[1])
02-04 23:05:40.504   581  5115 D DlbDap2Process: setParam(aron = #1[1])
02-04 23:05:40.504   581  5115 D DlbDap2Process: setParam(dvlo = #1[-320])
02-04 23:05:40.504   581  5115 D DlbDap2Process: setParam(artp = #1[12])
02-04 23:05:40.505   581  5115 D DlbDap2Process: setParam(aobs = #222[20, 10, 47, 141, 234, 328, 469, 656, 844, 1031, 1313, 1688, 2250, 3000, 3750, 4688, 5813, 7125, 9000, 11250, 13875, 19688, 0, 0, 0, 0, 0, 0, 0, 0, 0, 0, 0, 0, 0, 0, 0, 0, 0, 0, 0, 0, 0, 0, 0, 0, 0, 0, 0, 0, 0, 0, 0, 0, 0, 0, 0, 0, 0, 0, 0, 0, 0, 0, 0, 0, 0, 0, 0, 0, 0, 0, 0, 0, 0, 0, 0, 0, 0, 0, 0, 0, 0, 0, 0, 0, 0, 0, 0, 0, 0, 0, 0, 0, 0, 0, 0, 0, 0, 0, 0, 0, 0, 0, 0, 0, 0, 0, 0, 0, 0, 0, 0, 0, 0, 0, 0, 0, 0, 0, 0, 0, 0, 0, 0, 0, 0, 0, 0, 0, 0, 0, 0, 0, 0, 0, 0, 0, 0, 0, 0, 0, 0, 0, 0, 0, 0, 0, 0, 0, 0, 0, 0, 0, 0, 0, 0, 0, 0, 0, 0, 0, 0, 0, 0, 0, 0, 0, 0, 0, 0, 0, 0, 0, 0, 0, 0, 0, 0, 0, 0, 0, 0, 0, 0, 0, 0, 0, 0, 0, 0, 0, 0, 0, 0, 0, 0, 0, 0, 0, 0, 0, 0, 0, 0, 0, 0, 0, 0, 0, 0, 0, 0, 0, 0, 0, 0, 0, 0, 0, 0, 0])
02-04 23:05:40.505   581  5115 D DlbDap2Process: setParam(arbs = #81[20, 47, 141, 234, 328, 469, 656, 844, 1031, 1313, 1688, 2250, 3000, 3750, 4688, 5813, 7125, 9000, 11250, 13875, 19688, -192, -192, -192, -192, -192, -192, -192, -192, -192, -192, -192, -192, -192, -192, -192, -192, -192, -192, -192, -192, 0, 0, 0, 0, 0, 0, 0, 0, 0, 0, 0, 0, 0, 0, 0, 0, 0, 0, 0, 0, 0, 0, 0, 0, 0, 0, 0, 0, 0, 0, 0, 0, 0, 0, 0, 0, 0, 0, 0, 0])
02-04 23:05:40.505   581  5115 D DlbDapEndpointParamCache: doCommit() Committed 37 parameters out of 37.
02-04 23:05:40.505   581  5115 D DlbDap2Process: setMave(mave = 0)
02-04 23:05:40.513   581  5115 D DlbDapCrossfadeProcess: process transitioning from FADE_TO_ACTIVE state to DAP_ACTIVE
02-04 23:05:40.561 30552 30552 D featureTest: receive broadcast , record log :0
02-04 23:05:42.144   581  5115 D DlbDap2Process: process() called [309000] times
02-04 23:05:44.821   581  5115 D DlbDap2Process: process() called [309500] times
