--------- beginning of system
02-04 22:34:11.635   816  4855 I ActivityManager: Force stopping com.dolby.qa.featuretest appid=10074 user=0: from pid 28236
02-04 22:34:11.636   816  4855 I ActivityManager: Killing 28148:com.dolby.qa.featuretest/u0a74 (adj 0): stop com.dolby.qa.featuretest
02-04 22:34:11.637   816  4855 W ActivityManager: Force removing ActivityRecord{58639fd u0 com.dolby.qa.featuretest/.MainActivity t183}: app died, no saved state
02-04 22:34:11.642   816  4855 I WindowManager: Failed to capture screenshot of Token{67ff6f2 ActivityRecord{58639fd u0 com.dolby.qa.featuretest/.MainActivity t183 f}} appWin=Window{5b833ab u0 com.dolby.qa.featuretest/com.dolby.qa.featuretest.MainActivity} drawState=4
--------- beginning of main
02-04 22:34:11.660  1232  1232 D CarrierSvcBindHelper: No carrier app for: 0
02-04 22:34:11.663   589   709 D NuPlayerDriver: reset(0xe57328c0) at state 5
02-04 22:34:11.663  2298  2298 D RegisteredNfcFServicesCache: Service unchanged, not updating
02-04 22:34:11.663   589   709 D NuPlayerDriver: notifyListener_l(0xe57328c0), (8, 0, 0, -1), loop setting(0, 1)
02-04 22:34:11.664   816  2337 I WindowManager: WIN DEATH: Window{f3625f u0 Toast}
02-04 22:34:11.665   581  5110 D AudioFlinger: trackStateChanged() Track id 528 state changed to 6
02-04 22:34:11.668   593 20514 I DDP_JOCDecoder: -> ~DDPDecoder
02-04 22:34:11.668   593 20514 I DDP_JOCDecoder: -> stop
02-04 22:34:11.669   593 20514 I DDP_JOCDecoder: <- stop
02-04 22:34:11.669   593 20514 I ARenderer: ~ARenderer
02-04 22:34:11.669   593 20514 I evo_parser: evo_parser_close
02-04 22:34:11.669   593 20514 I DlbDap2QmfProcess: ~Dap2Process()
02-04 22:34:11.669   593 20514 I DlbDap2QmfProcess: close()
02-04 22:34:11.669   593 20514 I DDP_JOCDecoder: <- ~DDPDecoder
02-04 22:34:11.678   589 28198 D NuPlayerDriver: notifyResetComplete(0xe57328c0)
02-04 22:34:11.683   589   709 D AudioTrack: stop() called with 0 frames delivered
02-04 22:34:11.775   581   770 D AudioFlinger: trackStateChanged() Track id 528 state changed to 2
02-04 22:34:11.775   581   770 I AudioFlinger: updateProcessedAudioState() Changing content processing in effect to 0
02-04 22:34:11.775   581   770 D DlbDlbEffect: handle_EFFECT_CMD_SET_PARAM()
02-04 22:34:11.776   581   770 I DlbEffectContext: setContentProcEnabled() Enabling content processing in global effect
02-04 22:34:11.777   581   770 D DlbDapEndpointParamCache: commitChangedParams()
02-04 22:34:11.777   581   770 D DlbDapEndpointParamCache: commit() Applying parameters for device 0x40000000
02-04 22:34:11.777   581   770 D DlbDap2Process: setParam(iea = #1[10])
02-04 22:34:11.777   581   770 D DlbDap2Process: setParam(msce = #1[0])
02-04 22:34:11.777   581   770 D DlbDap2Process: setParam(mdee = #1[0])
02-04 22:34:11.777   581   770 D DlbDap2Process: setParam(miee = #1[0])
02-04 22:34:11.777   581   770 D DlbDap2Process: setParam(mdle = #1[0])
02-04 22:34:11.777   581   770 D DlbDap2Process: setParam(dvle = #1[1])
02-04 22:34:11.777   581   770 D DlbDap2Process: setParam(mave = #1[0])
02-04 22:34:11.777   581   770 D DlbDap2Process: setParam(vcbf = #20[47, 141, 234, 328, 469, 656, 844, 1031, 1313, 1688, 2250, 3000, 3750, 4688, 5813, 7125, 9000, 11250, 13875, 19688])
02-04 22:34:11.777   581   770 D DlbDap2Process: setParam(vbon = #1[0])
02-04 22:34:11.777   581   770 D DlbDap2Process: setParam(beon = #1[0])
02-04 22:34:11.777   581   770 D DlbDap2Process: setParam(geon = #1[0])
02-04 22:34:11.777   581   770 D DlbDap2Process: setParam(ieon = #1[0])
02-04 22:34:11.777   581   770 D DlbDap2Process: setParam(gebs = #41[20, 47, 141, 234, 328, 469, 656, 844, 1031, 1313, 1688, 2250, 3000, 3750, 4688, 5813, 7125, 9000, 11250, 13875, 19688, 0, 0, 0, 0, 0, 0, 0, 0, 0, 0, 0, 0, 0, 0, 0, 0, 0, 0, 0, 0])
02-04 22:34:11.778   581   770 D DlbDap2Process: setParam(iebs = #41[20, 65, 136, 223, 332, 467, 634, 841, 1098, 1416, 1812, 2302, 2909, 3663, 4598, 5756, 7194, 8976, 11186, 13927, 17326, 117, 133, 188, 176, 141, 149, 175, 185, 185, 200, 236, 242, 228, 213, 182, 132, 110, 68, -27, -240])
02-04 22:34:11.778   581   770 D DlbDapEndpointParamCache: doCommit() Committed 15 parameters out of 16.
02-04 22:34:11.778   581   770 D DlbDapEndpointParamCache: commit() Overriding parameters for current device 0x00000002
02-04 22:34:11.778   581   770 D DlbDap2Process: setParam(dea = #1[7])
02-04 22:34:11.778   581   770 D DlbDap2Process: setParam(dsa = #1[10])
02-04 22:34:11.778   581   770 D DlbDap2Process: setParam(beb = #1[192])
02-04 22:34:11.778   581   770 D DlbDap2Process: setParam(plb = #1[0])
02-04 22:34:11.778   581   770 D DlbDap2Process: setParam(vmb = #1[144])
02-04 22:34:11.778   581   770 D DlbDap2Process: setParam(dsb = #1[48])
02-04 22:34:11.778   581   770 D DlbDap2Process: setParam(ded = #1[0])
02-04 22:34:11.778   581   770 D DlbDap2Process: setParam(vbm = #1[3])
02-04 22:34:11.778   581   770 D DlbDap2Process: setParam(dom = #1[0])
02-04 22:34:11.778   581   770 D DlbDap2Process: setParam(bew = #1[16])
02-04 22:34:11.778   581   770 D DlbDap2Process: setParam(dvla = #1[5])
02-04 22:34:11.778   581   770 D DlbDap2Process: setParam(arra = #1[96])
02-04 22:34:11.778   581   770 D DlbDap2Process: setParam(dfsa = #1[10])
02-04 22:34:11.778   581   770 D DlbDap2Process: setParam(dhsa = #1[10])
02-04 22:34:11.778   581   770 D DlbDap2Process: setParam(dvmc = #1[0])
02-04 22:34:11.778   581   770 D DlbDap2Process: setParam(arod = #1[0])
02-04 22:34:11.778   581   770 D DlbDap2Process: setParam(arde = #1[1])
02-04 22:34:11.778   581   770 D DlbDap2Process: setParam(dvle = #1[1])
02-04 22:34:11.778   581   770 D DlbDap2Process: setParam(dvme = #1[0])
02-04 22:34:11.778   581   770 D DlbDap2Process: setParam(becf = #1[200])
02-04 22:34:11.778   581   770 D DlbDap2Process: setParam(vbmf = #2[94, 469])
02-04 22:34:11.778   581   770 D DlbDap2Process: setParam(vbsf = #2[35, 160])
02-04 22:34:11.778   581   770 D DlbDap2Process: setParam(vbhg = #3[-32, -144, -192])
02-04 22:34:11.778   581   770 D DlbDap2Process: setParam(vbog = #1[0])
02-04 22:34:11.778   581   770 D DlbDap2Process: setParam(vbsg = #1[0])
02-04 22:34:11.778   581   770 D DlbDap2Process: setParam(dvli = #1[-320])
02-04 22:34:11.778   581   770 D DlbDap2Process: setParam(dhfm = #1[2])
02-04 22:34:11.778   581   770 D DlbDap2Process: setParam(vbon = #1[0])
02-04 22:34:11.778   581   770 D DlbDap2Process: setParam(beon = #1[0])
02-04 22:34:11.778   581   770 D DlbDap2Process: setParam(deon = #1[0])
02-04 22:34:11.779   581   770 D DlbDap2Process: setParam(ngon = #1[1])
02-04 22:34:11.779   581   770 D DlbDap2Process: setParam(aoon = #1[1])
02-04 22:34:11.779   581   770 D DlbDap2Process: setParam(aron = #1[1])
02-04 22:34:11.779   581   770 D DlbDap2Process: setParam(dvlo = #1[-320])
02-04 22:34:11.779   581   770 D DlbDap2Process: setParam(artp = #1[12])
02-04 22:34:11.779   581   770 D DlbDap2Process: setParam(aobs = #222[20, 10, 47, 141, 234, 328, 469, 656, 844, 1031, 1313, 1688, 2250, 3000, 3750, 4688, 5813, 7125, 9000, 11250, 13875, 19688, 0, 0, 0, 0, 0, 0, 0, 0, 0, 0, 0, 0, 0, 0, 0, 0, 0, 0, 0, 0, 0, 0, 0, 0, 0, 0, 0, 0, 0, 0, 0, 0, 0, 0, 0, 0, 0, 0, 0, 0, 0, 0, 0, 0, 0, 0, 0, 0, 0, 0, 0, 0, 0, 0, 0, 0, 0, 0, 0, 0, 0, 0, 0, 0, 0, 0, 0, 0, 0, 0, 0, 0, 0, 0, 0, 0, 0, 0, 0, 0, 0, 0, 0, 0, 0, 0, 0, 0, 0, 0, 0, 0, 0, 0, 0, 0, 0, 0, 0, 0, 0, 0, 0, 0, 0, 0, 0, 0, 0, 0, 0, 0, 0, 0, 0, 0, 0, 0, 0, 0, 0, 0, 0, 0, 0, 0, 0, 0, 0, 0, 0, 0, 0, 0, 0, 0, 0, 0, 0, 0, 0, 0, 0, 0, 0, 0, 0, 0, 0, 0, 0, 0, 0, 0, 0, 0, 0, 0, 0, 0, 0, 0, 0, 0, 0, 0, 0, 0, 0, 0, 0, 0, 0, 0, 0, 0, 0, 0, 0, 0, 0, 0, 0, 0, 0, 0, 0, 0, 0, 0, 0, 0, 0, 0, 0, 0, 0, 0, 0, 0])
02-04 22:34:11.780   581   770 D DlbDap2Process: setParam(arbs = #81[20, 47, 141, 234, 328, 469, 656, 844, 1031, 1313, 1688, 2250, 3000, 3750, 4688, 5813, 7125, 9000, 11250, 13875, 19688, -192, -192, -192, -192, -192, -192, -192, -192, -192, -192, -192, -192, -192, -192, -192, -192, -192, -192, -192, -192, 0, 0, 0, 0, 0, 0, 0, 0, 0, 0, 0, 0, 0, 0, 0, 0, 0, 0, 0, 0, 0, 0, 0, 0, 0, 0, 0, 0, 0, 0, 0, 0, 0, 0, 0, 0, 0, 0, 0, 0])
02-04 22:34:11.780   581   770 D DlbDapEndpointParamCache: doCommit() Committed 37 parameters out of 37.
02-04 22:34:11.800   581   770 D AudioFlinger: trackDestroyed() Track id 528 no longer contains processed audio
02-04 22:34:11.801   581   724 D DlbDlbEffect: handle_EFFECT_CMD_DISABLE()
02-04 22:34:11.801   581   724 D DlbDapCrossfadeProcess: setEnabled transitioning from DAP_ACTIVE state to FADE_TO_BYPASS
02-04 22:34:11.802   416   416 W /system/bin/hw/android.hidl.allocator@1.0-service: ashmem_create_region(3840) returning hidl_memory(0x7590c2c2e0, 3840)
02-04 22:34:11.803   581   724 D DlbDlbEffect: handle_EFFECT_CMD_SET_CONFIG()
02-04 22:34:11.803   581   724 D DlbDapEndpointParamCache: setDevice(device=0x00000002)
02-04 22:34:11.803   421   421 D DMSService: setActiveDevice called with device = 0x2
02-04 22:34:11.804   581   724 D DlbDlbEffect: handle_EFFECT_CMD_ENABLE()
02-04 22:34:11.804   581   724 D DlbDapCrossfadeProcess: setEnabled transitioning from FADE_TO_BYPASS state to FADE_TO_ACTIVE
02-04 22:34:12.136   581   770 D audio_hw_primary: disable_audio_route: usecase(0) reset and update mixer path: deep-buffer-playback speaker
02-04 22:34:12.150   581   770 D audio_hw_primary: disable_snd_device: snd_device(2: speaker)
02-04 22:34:12.219  2401  2517 W OpenGLRenderer: Incorrectly called buildLayer on View: ShortcutAndWidgetContainer, destroying layer...
02-04 22:34:12.223   816   843 W ActivityManager: setHasOverlayUi called on unknown pid: 28148
02-04 22:34:12.931   816   816 W NotificationService: Object died trying to hide notification android.app.ITransientNotification$Stub$Proxy@a5e9b0 in package com.dolby.qa.featuretest
02-04 22:34:12.931   816   816 W WindowManager: removeWindowToken: Attempted to remove non-existing token: android.os.Binder@9e5055a
02-04 22:34:12.932   816   816 W ActivityManager: setProcessForeground called on unknown pid: 28148
02-04 22:34:12.932   816   816 W NotificationService: Object died trying to show notification android.app.ITransientNotification$Stub$Proxy@1f85029 in package com.dolby.qa.featuretest
02-04 22:34:12.932   816   816 W ActivityManager: setProcessForeground called on unknown pid: 28148
02-04 22:34:12.932   816   816 W NotificationService: Object died trying to show notification android.app.ITransientNotification$Stub$Proxy@7dccfae in package com.dolby.qa.featuretest
02-04 22:34:14.014   571   940 E QC-QMI  : linux_qmi_qmux_io_wake_lock: Err in writing wakelock=qmuxd_port_wl_0, error [1:Operation not permitted]
02-04 22:34:14.014   571   940 E QC-QMI  : linux_qmi_qmux_io_wake_unlock: Err in writing wakelock=qmuxd_port_wl_0, error [1:Operation not permitted]
02-04 22:34:16.571   571   940 E QC-QMI  : linux_qmi_qmux_io_wake_lock: Err in writing wakelock=qmuxd_port_wl_0, error [1:Operation not permitted]
02-04 22:34:16.571   571   940 E QC-QMI  : linux_qmi_qmux_io_wake_unlock: Err in writing wakelock=qmuxd_port_wl_0, error [1:Operation not permitted]
02-04 22:34:17.903   816   906 E HalDeviceManager: Should have at least 1 chip!
02-04 22:34:17.903   816   906 E HalDeviceManager: getSupportedIfaceTypesInternal: no chip info found
02-04 22:34:17.906   816   838 E BatteryStatsService: no controller energy info supplied
02-04 22:34:17.906   816   838 E BatteryStatsService: no controller energy info supplied
02-04 22:34:17.917   419   921 E android.hardware.usb@1.0-service: uevent received SUBSYSTEM=dual_role_usb
02-04 22:34:17.917   419   921 I android.hardware.usb@1.0-service: otg_default
02-04 22:34:17.918   816  2337 E LightsService: Light requested not available on this device. 3
02-04 22:34:17.925   419   921 I android.hardware.usb@1.0-service: canChangeMode: 1 canChagedata: 0 canChangePower:0
02-04 22:34:17.925   816   892 I UsbPortManager: ClientCallback: otg_default
02-04 22:34:17.926   816   841 I UsbPortManager: USB port changed: port=UsbPort{id=otg_default, supportedModes=dual}, status=UsbPortStatus{connected=false, currentMode=none, currentPowerRole=no-power, currentDataRole=no-data, supportedRoleCombinations=[no-power:no-data]}, canChangeMode=true, canChangePowerRole=false, canChangeDataRole=false
02-04 22:34:17.928   571   940 E QC-QMI  : linux_qmi_qmux_io_wake_lock: Err in writing wakelock=qmuxd_port_wl_0, error [1:Operation not permitted]
02-04 22:34:17.928   571   940 E QC-QMI  : linux_qmi_qmux_io_wake_unlock: Err in writing wakelock=qmuxd_port_wl_0, error [1:Operation not permitted]
02-04 22:34:17.929   571   940 E QC-QMI  : linux_qmi_qmux_io_wake_lock: Err in writing wakelock=qmuxd_port_wl_0, error [1:Operation not permitted]
02-04 22:34:17.929   571   940 E QC-QMI  : linux_qmi_qmux_io_wake_unlock: Err in writing wakelock=qmuxd_port_wl_0, error [1:Operation not permitted]
02-04 22:34:17.941   816   838 I BatteryStatsImpl: Resetting battery stats: level=100 status=2 dischargeLevel=100 lowAmount=0 highAmount=0
02-04 22:34:18.952   816   841 D UsbDeviceManager: applyOemOverride usbfunctions=adb bootmode=normal
02-04 22:34:31.927   571   940 E QC-QMI  : linux_qmi_qmux_io_wake_lock: Err in writing wakelock=qmuxd_port_wl_0, error [1:Operation not permitted]
02-04 22:34:31.927   571   940 E QC-QMI  : linux_qmi_qmux_io_wake_unlock: Err in writing wakelock=qmuxd_port_wl_0, error [1:Operation not permitted]
02-04 22:34:33.201 26044 26047 E QC-QMI  : qmi_client [26044] cb: failed to locate client data
02-04 22:34:33.203   571   571 E QC-QMI  : qmuxd: RX on fd=20 returned error=0 errno[2:No such file or directory]
02-04 22:34:33.204   571   571 E QC-QMI  : QMUX qmux_client_id=cb not found in qmux client list, unable to remove
02-04 22:34:33.206 26044 26044 I Atfwd_Daemon: Stop the daemon....
02-04 22:34:33.281 28263 28263 I libmdmdetect: ESOC framework not supported
02-04 22:34:33.282 28263 28263 I libmdmdetect: Found internal modem: modem
02-04 22:34:33.292 28263 28263 I Atfwd_Daemon: result : 255 	 ,Init step :0 	 ,qmiErrorCode: 0
02-04 22:34:33.293 28263 28263 I Atfwd_Daemon: result : 0 	 ,Init step :1 	 ,qmiErrorCode: 0
02-04 22:34:33.294 28263 28263 I ServiceManager: Waiting for service AtCmdFwd...
02-04 22:34:33.509  3552  3552 W SceneBgThread: type=1400 audit(0.0:2775): avc: denied { read } for name="stat" dev="proc" ino=4026548033 scontext=u:r:untrusted_app_25:s0:c512,c768 tcontext=u:object_r:proc_stat:s0 tclass=file permissive=0
02-04 22:34:34.299 28263 28263 I ServiceManager: Waiting for service AtCmdFwd...
02-04 22:34:35.301 28263 28263 I chatty  : uid=1000(system) /vendor/bin/ATFWD-daemon identical 1 line
02-04 22:34:36.307 28263 28263 I ServiceManager: Waiting for service AtCmdFwd...
02-04 22:34:37.058   571   940 E QC-QMI  : linux_qmi_qmux_io_wake_lock: Err in writing wakelock=qmuxd_port_wl_0, error [1:Operation not permitted]
02-04 22:34:37.058   571   940 E QC-QMI  : linux_qmi_qmux_io_wake_unlock: Err in writing wakelock=qmuxd_port_wl_0, error [1:Operation not permitted]
02-04 22:34:37.312 28263 28263 W Atfwd_Sendcmd: AtCmdFwd service not published, waiting... retryCnt : 1
02-04 22:34:38.523  3552  3552 W SceneBgThread: type=1400 audit(0.0:2776): avc: denied { read } for name="stat" dev="proc" ino=4026548033 scontext=u:r:untrusted_app_25:s0:c512,c768 tcontext=u:object_r:proc_stat:s0 tclass=file permissive=0
02-04 22:34:42.314 28263 28263 I ServiceManager: Waiting for service AtCmdFwd...
02-04 22:34:43.316 28263 28263 I ServiceManager: Waiting for service AtCmdFwd...
02-04 22:34:43.529  3552  3552 W SceneBgThread: type=1400 audit(0.0:2777): avc: denied { read } for name="stat" dev="proc" ino=4026548033 scontext=u:r:untrusted_app_25:s0:c512,c768 tcontext=u:object_r:proc_stat:s0 tclass=file permissive=0
02-04 22:34:44.321 28263 28263 I ServiceManager: Waiting for service AtCmdFwd...
02-04 22:34:44.734   571   940 E QC-QMI  : linux_qmi_qmux_io_wake_lock: Err in writing wakelock=qmuxd_port_wl_0, error [1:Operation not permitted]
02-04 22:34:44.735   571   940 E QC-QMI  : linux_qmi_qmux_io_wake_unlock: Err in writing wakelock=qmuxd_port_wl_0, error [1:Operation not permitted]
02-04 22:34:45.327 28263 28263 I ServiceManager: Waiting for service AtCmdFwd...
02-04 22:34:46.333 28263 28263 W Atfwd_Sendcmd: AtCmdFwd service not published, waiting... retryCnt : 2
02-04 22:34:56.337 28263 28263 I ServiceManager: Waiting for service AtCmdFwd...
02-04 22:34:58.341 28263 28263 I chatty  : uid=1000(system) /vendor/bin/ATFWD-daemon identical 2 lines
02-04 22:34:59.344 28263 28263 I ServiceManager: Waiting for service AtCmdFwd...
02-04 22:35:00.085   571   940 E QC-QMI  : linux_qmi_qmux_io_wake_lock: Err in writing wakelock=qmuxd_port_wl_0, error [1:Operation not permitted]
02-04 22:35:00.086   571   940 E QC-QMI  : linux_qmi_qmux_io_wake_unlock: Err in writing wakelock=qmuxd_port_wl_0, error [1:Operation not permitted]
02-04 22:35:00.347 28263 28263 W Atfwd_Sendcmd: AtCmdFwd service not published, waiting... retryCnt : 3
02-04 22:35:15.350 28263 28263 I ServiceManager: Waiting for service AtCmdFwd...
02-04 22:35:16.353 28263 28263 I chatty  : uid=1000(system) /vendor/bin/ATFWD-daemon identical 1 line
02-04 22:35:17.357 28263 28263 I ServiceManager: Waiting for service AtCmdFwd...
02-04 22:35:18.007   571   940 E QC-QMI  : linux_qmi_qmux_io_wake_lock: Err in writing wakelock=qmuxd_port_wl_0, error [1:Operation not permitted]
02-04 22:35:18.007   571   940 E QC-QMI  : linux_qmi_qmux_io_wake_unlock: Err in writing wakelock=qmuxd_port_wl_0, error [1:Operation not permitted]
02-04 22:35:18.363 28263 28263 I ServiceManager: Waiting for service AtCmdFwd...
02-04 22:35:19.364 28263 28263 W Atfwd_Sendcmd: AtCmdFwd service not published, waiting... retryCnt : 4
02-04 22:35:23.129   571   940 E QC-QMI  : linux_qmi_qmux_io_wake_lock: Err in writing wakelock=qmuxd_port_wl_0, error [1:Operation not permitted]
02-04 22:35:23.130   571   940 E QC-QMI  : linux_qmi_qmux_io_wake_unlock: Err in writing wakelock=qmuxd_port_wl_0, error [1:Operation not permitted]
02-04 22:35:38.500   571   940 E QC-QMI  : linux_qmi_qmux_io_wake_lock: Err in writing wakelock=qmuxd_port_wl_0, error [1:Operation not permitted]
02-04 22:35:38.501   571   940 E QC-QMI  : linux_qmi_qmux_io_wake_unlock: Err in writing wakelock=qmuxd_port_wl_0, error [1:Operation not permitted]
02-04 22:35:39.371 28263 28263 I ServiceManager: Waiting for service AtCmdFwd...
02-04 22:35:41.390 28263 28263 I chatty  : uid=1000(system) /vendor/bin/ATFWD-daemon identical 2 lines
02-04 22:35:42.398 28263 28263 I ServiceManager: Waiting for service AtCmdFwd...
02-04 22:35:43.403 28263 28263 W Atfwd_Sendcmd: AtCmdFwd service not published, waiting... retryCnt : 5
02-04 22:35:56.420   571   940 E QC-QMI  : linux_qmi_qmux_io_wake_lock: Err in writing wakelock=qmuxd_port_wl_0, error [1:Operation not permitted]
02-04 22:35:56.420   571   940 E QC-QMI  : linux_qmi_qmux_io_wake_unlock: Err in writing wakelock=qmuxd_port_wl_0, error [1:Operation not permitted]
02-04 22:36:01.543   571   940 E QC-QMI  : linux_qmi_qmux_io_wake_lock: Err in writing wakelock=qmuxd_port_wl_0, error [1:Operation not permitted]
02-04 22:36:01.546   571   940 E QC-QMI  : linux_qmi_qmux_io_wake_unlock: Err in writing wakelock=qmuxd_port_wl_0, error [1:Operation not permitted]
02-04 22:36:08.406 28263 28263 I Atfwd_Sendcmd: AtCmdFwd service not ready - Exhausted retry attempts - :6
02-04 22:36:08.406 28263 28263 I Atfwd_Daemon: result : -1 	 ,Init step :2 	 ,qmiErrorCode: 0
02-04 22:36:11.775   571   940 E QC-QMI  : linux_qmi_qmux_io_wake_lock: Err in writing wakelock=qmuxd_port_wl_0, error [1:Operation not permitted]
02-04 22:36:11.776   571   940 E QC-QMI  : linux_qmi_qmux_io_wake_unlock: Err in writing wakelock=qmuxd_port_wl_0, error [1:Operation not permitted]
02-04 22:36:13.407 28263 28263 I ServiceManager: Waiting for service AtCmdFwd...
02-04 22:36:15.415 28263 28263 I chatty  : uid=1000(system) /vendor/bin/ATFWD-daemon identical 2 lines
02-04 22:36:16.417 28263 28263 I ServiceManager: Waiting for service AtCmdFwd...
02-04 22:36:17.420 28263 28263 W Atfwd_Sendcmd: AtCmdFwd service not published, waiting... retryCnt : 1
02-04 22:36:22.423 28263 28263 I ServiceManager: Waiting for service AtCmdFwd...
02-04 22:36:24.430 28263 28263 I chatty  : uid=1000(system) /vendor/bin/ATFWD-daemon identical 2 lines
02-04 22:36:25.433 28263 28263 I ServiceManager: Waiting for service AtCmdFwd...
02-04 22:36:26.435 28263 28263 W Atfwd_Sendcmd: AtCmdFwd service not published, waiting... retryCnt : 2
02-04 22:36:32.260   571   940 E QC-QMI  : linux_qmi_qmux_io_wake_lock: Err in writing wakelock=qmuxd_port_wl_0, error [1:Operation not permitted]
02-04 22:36:32.261   571   940 E QC-QMI  : linux_qmi_qmux_io_wake_unlock: Err in writing wakelock=qmuxd_port_wl_0, error [1:Operation not permitted]
02-04 22:36:33.579  3552  3552 W SceneBgThread: type=1400 audit(0.0:2778): avc: denied { read } for name="stat" dev="proc" ino=4026548033 scontext=u:r:untrusted_app_25:s0:c512,c768 tcontext=u:object_r:proc_stat:s0 tclass=file permissive=0
02-04 22:36:34.818   571   940 E QC-QMI  : linux_qmi_qmux_io_wake_lock: Err in writing wakelock=qmuxd_port_wl_0, error [1:Operation not permitted]
02-04 22:36:34.818   571   940 E QC-QMI  : linux_qmi_qmux_io_wake_unlock: Err in writing wakelock=qmuxd_port_wl_0, error [1:Operation not permitted]
02-04 22:36:36.441 28263 28263 I ServiceManager: Waiting for service AtCmdFwd...
02-04 22:36:37.444 28263 28263 I chatty  : uid=1000(system) /vendor/bin/ATFWD-daemon identical 1 line
02-04 22:36:38.448 28263 28263 I ServiceManager: Waiting for service AtCmdFwd...
02-04 22:36:38.589  3552  3552 W SceneBgThread: type=1400 audit(0.0:2779): avc: denied { read } for name="stat" dev="proc" ino=4026548033 scontext=u:r:untrusted_app_25:s0:c512,c768 tcontext=u:object_r:proc_stat:s0 tclass=file permissive=0
02-04 22:36:39.452 28263 28263 I ServiceManager: Waiting for service AtCmdFwd...
02-04 22:36:40.457 28263 28263 W Atfwd_Sendcmd: AtCmdFwd service not published, waiting... retryCnt : 3
02-04 22:36:43.599  3552  3552 W SceneBgThread: type=1400 audit(0.0:2780): avc: denied { read } for name="stat" dev="proc" ino=4026548033 scontext=u:r:untrusted_app_25:s0:c512,c768 tcontext=u:object_r:proc_stat:s0 tclass=file permissive=0
02-04 22:36:50.180   571   940 E QC-QMI  : linux_qmi_qmux_io_wake_lock: Err in writing wakelock=qmuxd_port_wl_0, error [1:Operation not permitted]
02-04 22:36:50.181   571   940 E QC-QMI  : linux_qmi_qmux_io_wake_unlock: Err in writing wakelock=qmuxd_port_wl_0, error [1:Operation not permitted]
02-04 22:36:55.302   571   940 E QC-QMI  : linux_qmi_qmux_io_wake_lock: Err in writing wakelock=qmuxd_port_wl_0, error [1:Operation not permitted]
02-04 22:36:55.302   571   940 E QC-QMI  : linux_qmi_qmux_io_wake_unlock: Err in writing wakelock=qmuxd_port_wl_0, error [1:Operation not permitted]
02-04 22:36:55.462 28263 28263 I ServiceManager: Waiting for service AtCmdFwd...
02-04 22:36:57.465 28263 28263 I chatty  : uid=1000(system) /vendor/bin/ATFWD-daemon identical 2 lines
02-04 22:36:58.474 28263 28263 I ServiceManager: Waiting for service AtCmdFwd...
02-04 22:36:59.482 28263 28263 W Atfwd_Sendcmd: AtCmdFwd service not published, waiting... retryCnt : 4
02-04 22:37:05.534   571   940 E QC-QMI  : linux_qmi_qmux_io_wake_lock: Err in writing wakelock=qmuxd_port_wl_0, error [1:Operation not permitted]
02-04 22:37:05.534   571   940 E QC-QMI  : linux_qmi_qmux_io_wake_unlock: Err in writing wakelock=qmuxd_port_wl_0, error [1:Operation not permitted]
02-04 22:37:10.655   571   940 E QC-QMI  : linux_qmi_qmux_io_wake_lock: Err in writing wakelock=qmuxd_port_wl_0, error [1:Operation not permitted]
02-04 22:37:10.656   571   940 E QC-QMI  : linux_qmi_qmux_io_wake_unlock: Err in writing wakelock=qmuxd_port_wl_0, error [1:Operation not permitted]
02-04 22:37:19.484 28263 28263 I ServiceManager: Waiting for service AtCmdFwd...
02-04 22:37:20.486 28263 28263 I ServiceManager: Waiting for service AtCmdFwd...
02-04 22:37:21.342   816   906 E HalDeviceManager: Should have at least 1 chip!
02-04 22:37:21.342   816   906 E HalDeviceManager: getSupportedIfaceTypesInternal: no chip info found
02-04 22:37:21.345   816   838 E BatteryStatsService: no controller energy info supplied
02-04 22:37:21.358   571   940 E QC-QMI  : linux_qmi_qmux_io_wake_lock: Err in writing wakelock=qmuxd_port_wl_0, error [1:Operation not permitted]
02-04 22:37:21.358   571   940 E QC-QMI  : linux_qmi_qmux_io_wake_unlock: Err in writing wakelock=qmuxd_port_wl_0, error [1:Operation not permitted]
02-04 22:37:21.359   571   940 E QC-QMI  : linux_qmi_qmux_io_wake_lock: Err in writing wakelock=qmuxd_port_wl_0, error [1:Operation not permitted]
02-04 22:37:21.359   571   940 E QC-QMI  : linux_qmi_qmux_io_wake_unlock: Err in writing wakelock=qmuxd_port_wl_0, error [1:Operation not permitted]
02-04 22:37:21.487 28263 28263 I ServiceManager: Waiting for service AtCmdFwd...
02-04 22:37:22.489 28263 28263 I ServiceManager: Waiting for service AtCmdFwd...
02-04 22:37:23.491 28263 28263 W Atfwd_Sendcmd: AtCmdFwd service not published, waiting... retryCnt : 5
02-04 22:37:26.009   571   940 E QC-QMI  : linux_qmi_qmux_io_wake_lock: Err in writing wakelock=qmuxd_port_wl_0, error [1:Operation not permitted]
02-04 22:37:26.010   571   940 E QC-QMI  : linux_qmi_qmux_io_wake_unlock: Err in writing wakelock=qmuxd_port_wl_0, error [1:Operation not permitted]
02-04 22:37:48.493 28263 28263 I Atfwd_Sendcmd: AtCmdFwd service not ready - Exhausted retry attempts - :6
02-04 22:37:48.493 28263 28263 I Atfwd_Daemon: result : -1 	 ,Init step :2 	 ,qmiErrorCode: 0
02-04 22:37:58.496 28263 28263 I ServiceManager: Waiting for service AtCmdFwd...
02-04 22:38:00.501 28263 28263 I chatty  : uid=1000(system) /vendor/bin/ATFWD-daemon identical 2 lines
02-04 22:38:01.504 28263 28263 I ServiceManager: Waiting for service AtCmdFwd...
02-04 22:38:02.507 28263 28263 W Atfwd_Sendcmd: AtCmdFwd service not published, waiting... retryCnt : 1
02-04 22:38:07.510 28263 28263 I ServiceManager: Waiting for service AtCmdFwd...
02-04 22:38:09.516 28263 28263 I chatty  : uid=1000(system) /vendor/bin/ATFWD-daemon identical 2 lines
02-04 22:38:10.520 28263 28263 I ServiceManager: Waiting for service AtCmdFwd...
02-04 22:38:11.522 28263 28263 W Atfwd_Sendcmd: AtCmdFwd service not published, waiting... retryCnt : 2
02-04 22:38:12.100   571   940 E QC-QMI  : linux_qmi_qmux_io_wake_lock: Err in writing wakelock=qmuxd_port_wl_0, error [1:Operation not permitted]
02-04 22:38:12.101   571   940 E QC-QMI  : linux_qmi_qmux_io_wake_unlock: Err in writing wakelock=qmuxd_port_wl_0, error [1:Operation not permitted]
02-04 22:38:21.524 28263 28263 I ServiceManager: Waiting for service AtCmdFwd...
02-04 22:38:23.531 28263 28263 I chatty  : uid=1000(system) /vendor/bin/ATFWD-daemon identical 2 lines
02-04 22:38:24.550 28263 28263 I ServiceManager: Waiting for service AtCmdFwd...
02-04 22:38:25.558 28263 28263 W Atfwd_Sendcmd: AtCmdFwd service not published, waiting... retryCnt : 3
02-04 22:38:33.649  3552  3552 W SceneBgThread: type=1400 audit(0.0:2781): avc: denied { read } for name="stat" dev="proc" ino=4026548033 scontext=u:r:untrusted_app_25:s0:c512,c768 tcontext=u:object_r:proc_stat:s0 tclass=file permissive=0
02-04 22:38:38.666  3552  3552 W SceneBgThread: type=1400 audit(0.0:2782): avc: denied { read } for name="stat" dev="proc" ino=4026548033 scontext=u:r:untrusted_app_25:s0:c512,c768 tcontext=u:object_r:proc_stat:s0 tclass=file permissive=0
02-04 22:38:40.575 28263 28263 I ServiceManager: Waiting for service AtCmdFwd...
02-04 22:38:42.587 28263 28263 I chatty  : uid=1000(system) /vendor/bin/ATFWD-daemon identical 2 lines
02-04 22:38:43.592 28263 28263 I ServiceManager: Waiting for service AtCmdFwd...
02-04 22:38:43.676  3552  3552 W SceneBgThread: type=1400 audit(0.0:2783): avc: denied { read } for name="stat" dev="proc" ino=4026548033 scontext=u:r:untrusted_app_25:s0:c512,c768 tcontext=u:object_r:proc_stat:s0 tclass=file permissive=0
02-04 22:38:44.595 28263 28263 W Atfwd_Sendcmd: AtCmdFwd service not published, waiting... retryCnt : 4
02-04 22:38:50.495   571   940 E QC-QMI  : linux_qmi_qmux_io_wake_lock: Err in writing wakelock=qmuxd_port_wl_0, error [1:Operation not permitted]
02-04 22:38:50.495   571   940 E QC-QMI  : linux_qmi_qmux_io_wake_unlock: Err in writing wakelock=qmuxd_port_wl_0, error [1:Operation not permitted]
02-04 22:38:53.060   571   940 E QC-QMI  : linux_qmi_qmux_io_wake_lock: Err in writing wakelock=qmuxd_port_wl_0, error [1:Operation not permitted]
02-04 22:38:53.061   571   940 E QC-QMI  : linux_qmi_qmux_io_wake_unlock: Err in writing wakelock=qmuxd_port_wl_0, error [1:Operation not permitted]
02-04 22:39:04.610 28263 28263 I ServiceManager: Waiting for service AtCmdFwd...
02-04 22:39:06.628 28263 28263 I chatty  : uid=1000(system) /vendor/bin/ATFWD-daemon identical 2 lines
02-04 22:39:07.632 28263 28263 I ServiceManager: Waiting for service AtCmdFwd...
02-04 22:39:08.639 28263 28263 W Atfwd_Sendcmd: AtCmdFwd service not published, waiting... retryCnt : 5
02-04 22:39:33.650 28263 28263 I Atfwd_Sendcmd: AtCmdFwd service not ready - Exhausted retry attempts - :6
02-04 22:39:33.650 28263 28263 I Atfwd_Daemon: result : -1 	 ,Init step :2 	 ,qmiErrorCode: 0
02-04 22:39:48.659 28263 28263 I ServiceManager: Waiting for service AtCmdFwd...
02-04 22:39:50.676 28263 28263 I chatty  : uid=1000(system) /vendor/bin/ATFWD-daemon identical 2 lines
02-04 22:39:51.682 28263 28263 I ServiceManager: Waiting for service AtCmdFwd...
02-04 22:39:52.691 28263 28263 W Atfwd_Sendcmd: AtCmdFwd service not published, waiting... retryCnt : 1
02-04 22:39:57.698 28263 28263 I ServiceManager: Waiting for service AtCmdFwd...
02-04 22:39:59.713 28263 28263 I chatty  : uid=1000(system) /vendor/bin/ATFWD-daemon identical 2 lines
02-04 22:40:00.720 28263 28263 I ServiceManager: Waiting for service AtCmdFwd...
02-04 22:40:01.727 28263 28263 W Atfwd_Sendcmd: AtCmdFwd service not published, waiting... retryCnt : 2
02-04 22:40:09.861   571   940 E QC-QMI  : linux_qmi_qmux_io_wake_lock: Err in writing wakelock=qmuxd_port_wl_0, error [1:Operation not permitted]
02-04 22:40:09.861   571   940 E QC-QMI  : linux_qmi_qmux_io_wake_unlock: Err in writing wakelock=qmuxd_port_wl_0, error [1:Operation not permitted]
02-04 22:40:11.734 28263 28263 I ServiceManager: Waiting for service AtCmdFwd...
02-04 22:40:13.747 28263 28263 I chatty  : uid=1000(system) /vendor/bin/ATFWD-daemon identical 2 lines
02-04 22:40:14.753 28263 28263 I ServiceManager: Waiting for service AtCmdFwd...
02-04 22:40:14.980   571   940 E QC-QMI  : linux_qmi_qmux_io_wake_lock: Err in writing wakelock=qmuxd_port_wl_0, error [1:Operation not permitted]
02-04 22:40:14.981   571   940 E QC-QMI  : linux_qmi_qmux_io_wake_unlock: Err in writing wakelock=qmuxd_port_wl_0, error [1:Operation not permitted]
02-04 22:40:15.758 28263 28263 W Atfwd_Sendcmd: AtCmdFwd service not published, waiting... retryCnt : 3
02-04 22:40:22.657   571   940 E QC-QMI  : linux_qmi_qmux_io_wake_lock: Err in writing wakelock=qmuxd_port_wl_0, error [1:Operation not permitted]
02-04 22:40:22.657   571   940 E QC-QMI  : linux_qmi_qmux_io_wake_unlock: Err in writing wakelock=qmuxd_port_wl_0, error [1:Operation not permitted]
02-04 22:40:25.223   571   940 E QC-QMI  : linux_qmi_qmux_io_wake_lock: Err in writing wakelock=qmuxd_port_wl_0, error [1:Operation not permitted]
02-04 22:40:25.223   571   940 E QC-QMI  : linux_qmi_qmux_io_wake_unlock: Err in writing wakelock=qmuxd_port_wl_0, error [1:Operation not permitted]
02-04 22:40:30.763 28263 28263 I ServiceManager: Waiting for service AtCmdFwd...
02-04 22:40:31.767 28263 28263 I chatty  : uid=1000(system) /vendor/bin/ATFWD-daemon identical 1 line
02-04 22:40:32.771 28263 28263 I ServiceManager: Waiting for service AtCmdFwd...
02-04 22:40:33.696  3552  3552 W SceneBgThread: type=1400 audit(0.0:2784): avc: denied { read } for name="stat" dev="proc" ino=4026548033 scontext=u:r:untrusted_app_25:s0:c512,c768 tcontext=u:object_r:proc_stat:s0 tclass=file permissive=0
02-04 22:40:33.773 28263 28263 I ServiceManager: Waiting for service AtCmdFwd...
02-04 22:40:34.777 28263 28263 W Atfwd_Sendcmd: AtCmdFwd service not published, waiting... retryCnt : 4
02-04 22:40:38.706  3552  3552 W SceneBgThread: type=1400 audit(0.0:2785): avc: denied { read } for name="stat" dev="proc" ino=4026548033 scontext=u:r:untrusted_app_25:s0:c512,c768 tcontext=u:object_r:proc_stat:s0 tclass=file permissive=0
02-04 22:40:40.578   571   940 E QC-QMI  : linux_qmi_qmux_io_wake_lock: Err in writing wakelock=qmuxd_port_wl_0, error [1:Operation not permitted]
02-04 22:40:40.578   571   940 E QC-QMI  : linux_qmi_qmux_io_wake_unlock: Err in writing wakelock=qmuxd_port_wl_0, error [1:Operation not permitted]
02-04 22:40:43.716  3552  3552 W SceneBgThread: type=1400 audit(0.0:2786): avc: denied { read } for name="stat" dev="proc" ino=4026548033 scontext=u:r:untrusted_app_25:s0:c512,c768 tcontext=u:object_r:proc_stat:s0 tclass=file permissive=0
02-04 22:40:45.697   571   940 E QC-QMI  : linux_qmi_qmux_io_wake_lock: Err in writing wakelock=qmuxd_port_wl_0, error [1:Operation not permitted]
02-04 22:40:45.698   571   940 E QC-QMI  : linux_qmi_qmux_io_wake_unlock: Err in writing wakelock=qmuxd_port_wl_0, error [1:Operation not permitted]
02-04 22:40:54.790 28263 28263 I ServiceManager: Waiting for service AtCmdFwd...
02-04 22:40:56.813 28263 28263 I chatty  : uid=1000(system) /vendor/bin/ATFWD-daemon identical 2 lines
02-04 22:40:57.817 28263 28263 I ServiceManager: Waiting for service AtCmdFwd...
02-04 22:40:58.820 28263 28263 W Atfwd_Sendcmd: AtCmdFwd service not published, waiting... retryCnt : 5
02-04 22:41:08.738   571   940 E QC-QMI  : linux_qmi_qmux_io_wake_lock: Err in writing wakelock=qmuxd_port_wl_0, error [1:Operation not permitted]
02-04 22:41:08.738   571   940 E QC-QMI  : linux_qmi_qmux_io_wake_unlock: Err in writing wakelock=qmuxd_port_wl_0, error [1:Operation not permitted]
02-04 22:41:18.424   816   906 E HalDeviceManager: Should have at least 1 chip!
02-04 22:41:18.424   816   906 E HalDeviceManager: getSupportedIfaceTypesInternal: no chip info found
02-04 22:37:21.345   816   838 E BatteryStatsService: no controller energy info supplied
02-04 22:41:18.427   816   838 E BatteryStatsService: no controller energy info supplied
02-04 22:41:18.446   571   940 E QC-QMI  : linux_qmi_qmux_io_wake_lock: Err in writing wakelock=qmuxd_port_wl_0, error [1:Operation not permitted]
02-04 22:41:18.446   571   940 E QC-QMI  : linux_qmi_qmux_io_wake_unlock: Err in writing wakelock=qmuxd_port_wl_0, error [1:Operation not permitted]
02-04 22:41:18.447   571   940 E QC-QMI  : linux_qmi_qmux_io_wake_lock: Err in writing wakelock=qmuxd_port_wl_0, error [1:Operation not permitted]
02-04 22:41:18.447   571   940 E QC-QMI  : linux_qmi_qmux_io_wake_unlock: Err in writing wakelock=qmuxd_port_wl_0, error [1:Operation not permitted]
02-04 22:41:23.827 28263 28263 I Atfwd_Sendcmd: AtCmdFwd service not ready - Exhausted retry attempts - :6
02-04 22:41:23.827 28263 28263 I Atfwd_Daemon: result : -1 	 ,Init step :2 	 ,qmiErrorCode: 0
02-04 22:41:26.659   571   940 E QC-QMI  : linux_qmi_qmux_io_wake_lock: Err in writing wakelock=qmuxd_port_wl_0, error [1:Operation not permitted]
02-04 22:41:26.659   571   940 E QC-QMI  : linux_qmi_qmux_io_wake_unlock: Err in writing wakelock=qmuxd_port_wl_0, error [1:Operation not permitted]
02-04 22:41:31.780   571   940 E QC-QMI  : linux_qmi_qmux_io_wake_lock: Err in writing wakelock=qmuxd_port_wl_0, error [1:Operation not permitted]
02-04 22:41:31.781   571   940 E QC-QMI  : linux_qmi_qmux_io_wake_unlock: Err in writing wakelock=qmuxd_port_wl_0, error [1:Operation not permitted]
02-04 22:41:43.835 28263 28263 I ServiceManager: Waiting for service AtCmdFwd...
02-04 22:41:45.850 28263 28263 I chatty  : uid=1000(system) /vendor/bin/ATFWD-daemon identical 2 lines
02-04 22:41:46.861 28263 28263 I ServiceManager: Waiting for service AtCmdFwd...
02-04 22:41:47.870 28263 28263 W Atfwd_Sendcmd: AtCmdFwd service not published, waiting... retryCnt : 1
02-04 22:41:49.687   571   940 E QC-QMI  : linux_qmi_qmux_io_wake_lock: Err in writing wakelock=qmuxd_port_wl_0, error [1:Operation not permitted]
02-04 22:41:49.688   571   940 E QC-QMI  : linux_qmi_qmux_io_wake_unlock: Err in writing wakelock=qmuxd_port_wl_0, error [1:Operation not permitted]
02-04 22:41:52.873 28263 28263 I ServiceManager: Waiting for service AtCmdFwd...
02-04 22:41:53.884 28263 28263 I ServiceManager: Waiting for service AtCmdFwd...
02-04 22:41:54.820   571   940 E QC-QMI  : linux_qmi_qmux_io_wake_lock: Err in writing wakelock=qmuxd_port_wl_0, error [1:Operation not permitted]
02-04 22:41:54.821   571   940 E QC-QMI  : linux_qmi_qmux_io_wake_unlock: Err in writing wakelock=qmuxd_port_wl_0, error [1:Operation not permitted]
02-04 22:41:54.887 28263 28263 I ServiceManager: Waiting for service AtCmdFwd...
02-04 22:41:55.891 28263 28263 I ServiceManager: Waiting for service AtCmdFwd...
02-04 22:41:56.902 28263 28263 W Atfwd_Sendcmd: AtCmdFwd service not published, waiting... retryCnt : 2
02-04 22:42:05.062   571   940 E QC-QMI  : linux_qmi_qmux_io_wake_lock: Err in writing wakelock=qmuxd_port_wl_0, error [1:Operation not permitted]
02-04 22:42:05.063   571   940 E QC-QMI  : linux_qmi_qmux_io_wake_unlock: Err in writing wakelock=qmuxd_port_wl_0, error [1:Operation not permitted]
02-04 22:42:06.911 28263 28263 I ServiceManager: Waiting for service AtCmdFwd...
02-04 22:42:08.930 28263 28263 I chatty  : uid=1000(system) /vendor/bin/ATFWD-daemon identical 2 lines
02-04 22:42:09.939 28263 28263 I ServiceManager: Waiting for service AtCmdFwd...
02-04 22:42:10.949 28263 28263 W Atfwd_Sendcmd: AtCmdFwd service not published, waiting... retryCnt : 3
02-04 22:42:17.860   571   940 E QC-QMI  : linux_qmi_qmux_io_wake_lock: Err in writing wakelock=qmuxd_port_wl_0, error [1:Operation not permitted]
02-04 22:42:17.861   571   940 E QC-QMI  : linux_qmi_qmux_io_wake_unlock: Err in writing wakelock=qmuxd_port_wl_0, error [1:Operation not permitted]
02-04 22:42:25.952 28263 28263 I ServiceManager: Waiting for service AtCmdFwd...
02-04 22:42:26.960 28263 28263 I chatty  : uid=1000(system) /vendor/bin/ATFWD-daemon identical 1 line
02-04 22:42:27.965 28263 28263 I ServiceManager: Waiting for service AtCmdFwd...
02-04 22:42:28.104   571   940 E QC-QMI  : linux_qmi_qmux_io_wake_lock: Err in writing wakelock=qmuxd_port_wl_0, error [1:Operation not permitted]
02-04 22:42:28.104   571   940 E QC-QMI  : linux_qmi_qmux_io_wake_unlock: Err in writing wakelock=qmuxd_port_wl_0, error [1:Operation not permitted]
02-04 22:42:28.973 28263 28263 I ServiceManager: Waiting for service AtCmdFwd...
02-04 22:42:29.980 28263 28263 W Atfwd_Sendcmd: AtCmdFwd service not published, waiting... retryCnt : 4
02-04 22:42:33.756  3552  3552 W SceneBgThread: type=1400 audit(0.0:2787): avc: denied { read } for name="stat" dev="proc" ino=4026548033 scontext=u:r:untrusted_app_25:s0:c512,c768 tcontext=u:object_r:proc_stat:s0 tclass=file permissive=0
02-04 22:42:38.766  3552  3552 I chatty  : uid=10063(u0_a63) SceneBgThread identical 1 line
02-04 22:42:43.780  3552  3552 W SceneBgThread: type=1400 audit(0.0:2789): avc: denied { read } for name="stat" dev="proc" ino=4026548033 scontext=u:r:untrusted_app_25:s0:c512,c768 tcontext=u:object_r:proc_stat:s0 tclass=file permissive=0
02-04 22:42:46.792  2763  2787 I zygote  : Background concurrent copying GC freed 27024(1980KB) AllocSpace objects, 5(100KB) LOS objects, 49% free, 1985KB/3MB, paused 6.590ms total 43.543ms
02-04 22:42:48.579   571   940 E QC-QMI  : linux_qmi_qmux_io_wake_lock: Err in writing wakelock=qmuxd_port_wl_0, error [1:Operation not permitted]
02-04 22:42:48.580   571   940 E QC-QMI  : linux_qmi_qmux_io_wake_unlock: Err in writing wakelock=qmuxd_port_wl_0, error [1:Operation not permitted]
02-04 22:42:49.984 28263 28263 I ServiceManager: Waiting for service AtCmdFwd...
02-04 22:42:51.992 28263 28263 I chatty  : uid=1000(system) /vendor/bin/ATFWD-daemon identical 2 lines
02-04 22:42:52.997 28263 28263 I ServiceManager: Waiting for service AtCmdFwd...
02-04 22:42:54.000 28263 28263 W Atfwd_Sendcmd: AtCmdFwd service not published, waiting... retryCnt : 5
02-04 22:42:56.255   571   940 E QC-QMI  : linux_qmi_qmux_io_wake_lock: Err in writing wakelock=qmuxd_port_wl_0, error [1:Operation not permitted]
02-04 22:42:56.256   571   940 E QC-QMI  : linux_qmi_qmux_io_wake_unlock: Err in writing wakelock=qmuxd_port_wl_0, error [1:Operation not permitted]
02-04 22:43:19.003 28263 28263 I Atfwd_Sendcmd: AtCmdFwd service not ready - Exhausted retry attempts - :6
02-04 22:43:19.003 28263 28263 I Atfwd_Daemon: result : -1 	 ,Init step :2 	 ,qmiErrorCode: 0
02-04 22:43:34.661   571   940 E QC-QMI  : linux_qmi_qmux_io_wake_lock: Err in writing wakelock=qmuxd_port_wl_0, error [1:Operation not permitted]
02-04 22:43:34.661   571   940 E QC-QMI  : linux_qmi_qmux_io_wake_unlock: Err in writing wakelock=qmuxd_port_wl_0, error [1:Operation not permitted]
02-04 22:43:44.015 28263 28266 E QC-QMI  : qmi_client [28263] cc: failed to locate client data
02-04 22:43:44.017   571   571 E QC-QMI  : qmuxd: RX on fd=20 returned error=0 errno[2:No such file or directory]
02-04 22:43:44.017   571   571 E QC-QMI  : QMUX qmux_client_id=cc not found in qmux client list, unable to remove
02-04 22:43:44.019 28263 28263 I Atfwd_Daemon: Stop the daemon....
02-04 22:43:44.092 28322 28322 I libmdmdetect: ESOC framework not supported
02-04 22:43:44.093 28322 28322 I libmdmdetect: Found internal modem: modem
02-04 22:43:44.103 28322 28322 I Atfwd_Daemon: result : 255 	 ,Init step :0 	 ,qmiErrorCode: 0
02-04 22:43:44.103 28322 28322 I Atfwd_Daemon: result : 0 	 ,Init step :1 	 ,qmiErrorCode: 0
02-04 22:43:44.104 28322 28322 I ServiceManager: Waiting for service AtCmdFwd...
02-04 22:43:46.109 28322 28322 I chatty  : uid=1000(system) /vendor/bin/ATFWD-daemon identical 2 lines
02-04 22:43:47.115 28322 28322 I ServiceManager: Waiting for service AtCmdFwd...
02-04 22:43:48.120 28322 28322 W Atfwd_Sendcmd: AtCmdFwd service not published, waiting... retryCnt : 1
02-04 22:43:53.137 28322 28322 I ServiceManager: Waiting for service AtCmdFwd...
02-04 22:43:55.170 28322 28322 I chatty  : uid=1000(system) /vendor/bin/ATFWD-daemon identical 2 lines
02-04 22:43:56.172 28322 28322 I ServiceManager: Waiting for service AtCmdFwd...
02-04 22:43:57.185 28322 28322 W Atfwd_Sendcmd: AtCmdFwd service not published, waiting... retryCnt : 2
02-04 22:44:07.188 28322 28322 I ServiceManager: Waiting for service AtCmdFwd...
02-04 22:44:09.194 28322 28322 I chatty  : uid=1000(system) /vendor/bin/ATFWD-daemon identical 2 lines
02-04 22:44:10.200 28322 28322 I ServiceManager: Waiting for service AtCmdFwd...
02-04 22:44:11.203 28322 28322 W Atfwd_Sendcmd: AtCmdFwd service not published, waiting... retryCnt : 3
02-04 22:44:26.206 28322 28322 I ServiceManager: Waiting for service AtCmdFwd...
02-04 22:44:28.224 28322 28322 I chatty  : uid=1000(system) /vendor/bin/ATFWD-daemon identical 2 lines
02-04 22:44:29.237 28322 28322 I ServiceManager: Waiting for service AtCmdFwd...
02-04 22:44:30.251 28322 28322 W Atfwd_Sendcmd: AtCmdFwd service not published, waiting... retryCnt : 4
02-04 22:44:30.983   571   940 E QC-QMI  : linux_qmi_qmux_io_wake_lock: Err in writing wakelock=qmuxd_port_wl_0, error [1:Operation not permitted]
02-04 22:44:30.983   571   940 E QC-QMI  : linux_qmi_qmux_io_wake_unlock: Err in writing wakelock=qmuxd_port_wl_0, error [1:Operation not permitted]
02-04 22:44:33.859  3552  3552 W SceneBgThread: type=1400 audit(0.0:2790): avc: denied { read } for name="stat" dev="proc" ino=4026548033 scontext=u:r:untrusted_app_25:s0:c512,c768 tcontext=u:object_r:proc_stat:s0 tclass=file permissive=0
02-04 22:44:38.657   571   940 E QC-QMI  : linux_qmi_qmux_io_wake_lock: Err in writing wakelock=qmuxd_port_wl_0, error [1:Operation not permitted]
02-04 22:44:38.658   571   940 E QC-QMI  : linux_qmi_qmux_io_wake_unlock: Err in writing wakelock=qmuxd_port_wl_0, error [1:Operation not permitted]
02-04 22:44:38.876  3552  3552 W SceneBgThread: type=1400 audit(0.0:2791): avc: denied { read } for name="stat" dev="proc" ino=4026548033 scontext=u:r:untrusted_app_25:s0:c512,c768 tcontext=u:object_r:proc_stat:s0 tclass=file permissive=0
02-04 22:44:43.886  3552  3552 W SceneBgThread: type=1400 audit(0.0:2792): avc: denied { read } for name="stat" dev="proc" ino=4026548033 scontext=u:r:untrusted_app_25:s0:c512,c768 tcontext=u:object_r:proc_stat:s0 tclass=file permissive=0
02-04 22:44:50.255 28322 28322 I ServiceManager: Waiting for service AtCmdFwd...
02-04 22:44:52.261 28322 28322 I chatty  : uid=1000(system) /vendor/bin/ATFWD-daemon identical 2 lines
02-04 22:44:53.266 28322 28322 I ServiceManager: Waiting for service AtCmdFwd...
02-04 22:44:54.270 28322 28322 W Atfwd_Sendcmd: AtCmdFwd service not published, waiting... retryCnt : 5
02-04 22:45:01.693   571   940 E QC-QMI  : linux_qmi_qmux_io_wake_lock: Err in writing wakelock=qmuxd_port_wl_0, error [1:Operation not permitted]
02-04 22:45:01.694   571   940 E QC-QMI  : linux_qmi_qmux_io_wake_unlock: Err in writing wakelock=qmuxd_port_wl_0, error [1:Operation not permitted]
02-04 22:45:06.823   571   940 E QC-QMI  : linux_qmi_qmux_io_wake_lock: Err in writing wakelock=qmuxd_port_wl_0, error [1:Operation not permitted]
02-04 22:45:06.824   571   940 E QC-QMI  : linux_qmi_qmux_io_wake_unlock: Err in writing wakelock=qmuxd_port_wl_0, error [1:Operation not permitted]
02-04 22:45:19.276 28322 28322 I Atfwd_Sendcmd: AtCmdFwd service not ready - Exhausted retry attempts - :6
02-04 22:45:19.277 28322 28322 I Atfwd_Daemon: result : -1 	 ,Init step :2 	 ,qmiErrorCode: 0
02-04 22:45:24.280 28322 28322 I ServiceManager: Waiting for service AtCmdFwd...
02-04 22:45:26.287 28322 28322 I chatty  : uid=1000(system) /vendor/bin/ATFWD-daemon identical 2 lines
02-04 22:45:27.290 28322 28322 I ServiceManager: Waiting for service AtCmdFwd...
02-04 22:45:28.295 28322 28322 W Atfwd_Sendcmd: AtCmdFwd service not published, waiting... retryCnt : 1
02-04 22:45:33.300 28322 28322 I ServiceManager: Waiting for service AtCmdFwd...
02-04 22:45:35.310 28322 28322 I chatty  : uid=1000(system) /vendor/bin/ATFWD-daemon identical 2 lines
02-04 22:45:36.314 28322 28322 I ServiceManager: Waiting for service AtCmdFwd...
02-04 22:45:37.320 28322 28322 W Atfwd_Sendcmd: AtCmdFwd service not published, waiting... retryCnt : 2
02-04 22:45:40.095   571   940 E QC-QMI  : linux_qmi_qmux_io_wake_lock: Err in writing wakelock=qmuxd_port_wl_0, error [1:Operation not permitted]
02-04 22:45:40.096   571   940 E QC-QMI  : linux_qmi_qmux_io_wake_unlock: Err in writing wakelock=qmuxd_port_wl_0, error [1:Operation not permitted]
02-04 22:45:47.325 28322 28322 I ServiceManager: Waiting for service AtCmdFwd...
02-04 22:45:49.337 28322 28322 I chatty  : uid=1000(system) /vendor/bin/ATFWD-daemon identical 2 lines
02-04 22:45:50.342 28322 28322 I ServiceManager: Waiting for service AtCmdFwd...
02-04 22:45:51.343 28322 28322 W Atfwd_Sendcmd: AtCmdFwd service not published, waiting... retryCnt : 3
02-04 22:45:55.458   571   940 E QC-QMI  : linux_qmi_qmux_io_wake_lock: Err in writing wakelock=qmuxd_port_wl_0, error [1:Operation not permitted]
02-04 22:45:55.458   571   940 E QC-QMI  : linux_qmi_qmux_io_wake_unlock: Err in writing wakelock=qmuxd_port_wl_0, error [1:Operation not permitted]
02-04 22:46:00.580   571   940 E QC-QMI  : linux_qmi_qmux_io_wake_lock: Err in writing wakelock=qmuxd_port_wl_0, error [1:Operation not permitted]
02-04 22:46:00.581   571   940 E QC-QMI  : linux_qmi_qmux_io_wake_unlock: Err in writing wakelock=qmuxd_port_wl_0, error [1:Operation not permitted]
02-04 22:46:06.353 28322 28322 I ServiceManager: Waiting for service AtCmdFwd...
02-04 22:46:08.375 28322 28322 I chatty  : uid=1000(system) /vendor/bin/ATFWD-daemon identical 2 lines
02-04 22:46:09.385 28322 28322 I ServiceManager: Waiting for service AtCmdFwd...
02-04 22:46:10.404 28322 28322 W Atfwd_Sendcmd: AtCmdFwd service not published, waiting... retryCnt : 4
02-04 22:46:30.408 28322 28322 I ServiceManager: Waiting for service AtCmdFwd...
02-04 22:46:32.417 28322 28322 I chatty  : uid=1000(system) /vendor/bin/ATFWD-daemon identical 2 lines
02-04 22:46:33.422 28322 28322 I ServiceManager: Waiting for service AtCmdFwd...
02-04 22:46:33.903  3552  3552 W SceneBgThread: type=1400 audit(0.0:2793): avc: denied { read } for name="stat" dev="proc" ino=4026548033 scontext=u:r:untrusted_app_25:s0:c512,c768 tcontext=u:object_r:proc_stat:s0 tclass=file permissive=0
02-04 22:46:34.427 28322 28322 W Atfwd_Sendcmd: AtCmdFwd service not published, waiting... retryCnt : 5
02-04 22:46:38.913  3552  3552 W SceneBgThread: type=1400 audit(0.0:2794): avc: denied { read } for name="stat" dev="proc" ino=4026548033 scontext=u:r:untrusted_app_25:s0:c512,c768 tcontext=u:object_r:proc_stat:s0 tclass=file permissive=0
02-04 22:46:43.926  3552  3552 W SceneBgThread: type=1400 audit(0.0:2795): avc: denied { read } for name="stat" dev="proc" ino=4026548033 scontext=u:r:untrusted_app_25:s0:c512,c768 tcontext=u:object_r:proc_stat:s0 tclass=file permissive=0
02-04 22:46:54.338   571   940 E QC-QMI  : linux_qmi_qmux_io_wake_lock: Err in writing wakelock=qmuxd_port_wl_0, error [1:Operation not permitted]
02-04 22:46:54.339   571   940 E QC-QMI  : linux_qmi_qmux_io_wake_unlock: Err in writing wakelock=qmuxd_port_wl_0, error [1:Operation not permitted]
02-04 22:46:59.435 28322 28322 I Atfwd_Sendcmd: AtCmdFwd service not ready - Exhausted retry attempts - :6
02-04 22:46:59.436 28322 28322 I Atfwd_Daemon: result : -1 	 ,Init step :2 	 ,qmiErrorCode: 0
02-04 22:47:09.443 28322 28322 I ServiceManager: Waiting for service AtCmdFwd...
02-04 22:47:09.704   571   940 E QC-QMI  : linux_qmi_qmux_io_wake_lock: Err in writing wakelock=qmuxd_port_wl_0, error [1:Operation not permitted]
02-04 22:47:09.704   571   940 E QC-QMI  : linux_qmi_qmux_io_wake_unlock: Err in writing wakelock=qmuxd_port_wl_0, error [1:Operation not permitted]
