--------- beginning of system
02-04 23:05:48.969   816  4855 I ActivityManager: Force stopping com.dolby.qa.featuretest appid=10074 user=0: from pid 30640
02-04 23:05:48.969   816  4855 I ActivityManager: Killing 30552:com.dolby.qa.featuretest/u0a74 (adj 0): stop com.dolby.qa.featuretest
02-04 23:05:48.972   816  4855 W ActivityManager: Force removing ActivityRecord{b78b221 u0 com.dolby.qa.featuretest/.MainActivity t206}: app died, no saved state
02-04 23:05:48.977   816  4855 I WindowManager: Failed to capture screenshot of Token{f301646 ActivityRecord{b78b221 u0 com.dolby.qa.featuretest/.MainActivity t206 f}} appWin=Window{7e10fef u0 com.dolby.qa.featuretest/com.dolby.qa.featuretest.MainActivity} drawState=4
--------- beginning of main
02-04 23:05:49.004  1232  1232 D CarrierSvcBindHelper: No carrier app for: 0
02-04 23:05:49.007  2298  2298 D RegisteredNfcFServicesCache: Service unchanged, not updating
02-04 23:05:49.012   816  2337 I WindowManager: WIN DEATH: Window{fff1d63 u0 Toast}
02-04 23:05:49.012   589  1183 D NuPlayerDriver: reset(0xe3e61230) at state 5
02-04 23:05:49.014   589  1183 D NuPlayerDriver: notifyListener_l(0xe3e61230), (8, 0, 0, -1), loop setting(0, 1)
02-04 23:05:49.023   589 30603 D NuPlayerDriver: notifyResetComplete(0xe3e61230)
02-04 23:05:49.024   589  1183 D AudioTrack: stop() called with 0 frames delivered
02-04 23:05:49.067   816  1084 I ActivityManager: START u0 {flg=0x10000000 cmp=com.dolby.qa.featuretest/.MainActivity} from uid 2000
02-04 23:05:49.089   816   964 I ActivityManager: Start proc 30646:com.dolby.qa.featuretest/u0a74 for activity com.dolby.qa.featuretest/.MainActivity
02-04 23:05:49.091 30646 30646 I zygote64: Late-enabling -Xcheck:jni
02-04 23:05:49.160   581   724 D DlbDlbEffect: handle_EFFECT_CMD_DISABLE()
02-04 23:05:49.161   581   724 D DlbDapCrossfadeProcess: setEnabled transitioning from DAP_ACTIVE state to FADE_TO_BYPASS
02-04 23:05:49.162   416   416 W /system/bin/hw/android.hidl.allocator@1.0-service: ashmem_create_region(3840) returning hidl_memory(0x7590c2c2e0, 3840)
02-04 23:05:49.163   581   724 D DlbDlbEffect: handle_EFFECT_CMD_SET_CONFIG()
02-04 23:05:49.163   581   724 D DlbDapEndpointParamCache: setDevice(device=0x00000002)
02-04 23:05:49.163   421   421 D DMSService: setActiveDevice called with device = 0x2
02-04 23:05:49.163   581   724 D DlbDlbEffect: handle_EFFECT_CMD_ENABLE()
02-04 23:05:49.163   581   724 D DlbDapCrossfadeProcess: setEnabled transitioning from FADE_TO_BYPASS state to FADE_TO_ACTIVE
02-04 23:05:49.276 30646 30646 D featureTest: onCreate
02-04 23:05:49.282 30646 30646 D AudioTrack: Client defaulted notificationFrames to 962 for frameCount 1924
02-04 23:05:49.285 30646 30646 W AudioTrack: Use of stream types is deprecated for operations other than volume control
02-04 23:05:49.286 30646 30646 W AudioTrack: See the documentation of AudioTrack() for what to use instead with android.media.AudioAttributes to qualify your playback use case
02-04 23:05:49.291 30646 30646 W DolbyAudioEffect: WARNING: attaching a DolbyAudioEffect to global output mix is deprecated!
02-04 23:05:49.298 30646 30646 D featureTest: onResume
02-04 23:05:49.309 30646 30663 D OpenGLRenderer: HWUI GL Pipeline
02-04 23:05:49.365 30646 30663 I Adreno  : QUALCOMM build                   : 7142022, Ib5823dd10c
02-04 23:05:49.365 30646 30663 I Adreno  : Build Date                       : 06/23/17
02-04 23:05:49.365 30646 30663 I Adreno  : OpenGL ES Shader Compiler Version: EV031.18.00.00
02-04 23:05:49.365 30646 30663 I Adreno  : Local Branch                     : O11A
02-04 23:05:49.365 30646 30663 I Adreno  : Remote Branch                    : 
02-04 23:05:49.365 30646 30663 I Adreno  : Remote Branch                    : 
02-04 23:05:49.365 30646 30663 I Adreno  : Reconstruct Branch               : 
02-04 23:05:49.365 30646 30663 I vndksupport: sphal namespace is not configured for this process. Loading /vendor/lib64/hw/gralloc.msm8994.so from the current namespace instead.
02-04 23:05:49.374 30646 30663 I Adreno  : PFP: 0x00000000, ME: 0x00000000
02-04 23:05:49.380 30646 30663 I OpenGLRenderer: Initialized EGL, version 1.4
02-04 23:05:49.380 30646 30663 D OpenGLRenderer: Swap behavior 2
02-04 23:05:49.429   365   365 W /system/bin/hwservicemanager: getTransportFromManifest: Cannot find entry android.hardware.graphics.mapper@2.0::IMapper in either framework or device manifest, using default transport.
02-04 23:05:49.432 30646 30663 I vndksupport: sphal namespace is not configured for this process. Loading /vendor/lib64/hw/gralloc.msm8994.so from the current namespace instead.
02-04 23:05:49.469   816   843 I ActivityManager: Displayed com.dolby.qa.featuretest/.MainActivity: +387ms
02-04 23:05:49.499   581   770 D audio_hw_primary: disable_audio_route: usecase(0) reset and update mixer path: deep-buffer-playback speaker
02-04 23:05:49.505   581   770 D audio_hw_primary: disable_snd_device: snd_device(2: speaker)
02-04 23:05:49.555   816   843 W ActivityManager: setHasOverlayUi called on unknown pid: 30552
02-04 23:05:49.881  2401  2517 W OpenGLRenderer: Incorrectly called buildLayer on View: ShortcutAndWidgetContainer, destroying layer...
02-04 23:05:50.155 30646 30646 D featureTest: receive broadcast , playing content location :/sdcard/featureTest/chopper_5.1_180_420.wav
02-04 23:05:50.165 30646 30646 D featureTest: mMediaPlayer.getAudioSessionId(): 4337
02-04 23:05:50.165 30646 30646 D featureTest: Playing file: /sdcard/featureTest/chopper_5.1_180_420.wav
02-04 23:05:50.166 30676 30676 W generic : type=1400 audit(0.0:2863): avc: denied { read } for path="/storage/emulated/0/featuretest/chopper_5.1_180_420.wav" dev="sdcardfs" ino=523304 scontext=u:r:mediaextractor:s0 tcontext=u:object_r:sdcardfs:s0 tclass=file permissive=0
02-04 23:05:50.166   589  1183 D NuPlayerDriver: NuPlayerDriver(0xe3e61230) created, clientPid(30646)
02-04 23:05:50.168 30646 30646 W MediaPlayer: Use of stream types is deprecated for operations other than volume control
02-04 23:05:50.168 30646 30646 W MediaPlayer: See the documentation of setAudioStreamType() for what to use instead with android.media.AudioAttributes to qualify your playback use case
02-04 23:05:50.170   589 30676 D GenericSource: FileSource remote
02-04 23:05:50.170   589 30676 W GenericSource: extractor service cannot make data source
02-04 23:05:50.170   589 30676 D GenericSource: FileSource local
02-04 23:05:50.172   587   693 W WAVExtractor: More than 2 channels (6) in non-WAVE_EXT, unknown channel mask
02-04 23:05:50.195   587   693 W WAVExtractor: More than 2 channels (6) in non-WAVE_EXT, unknown channel mask
02-04 23:05:50.196   587   693 D MediaBufferGroup: creating MemoryDealer
02-04 23:05:50.197   816   816 W NotificationService: Object died trying to hide notification android.app.ITransientNotification$Stub$Proxy@17edcee in package com.dolby.qa.featuretest
02-04 23:05:50.197   816   816 W WindowManager: removeWindowToken: Attempted to remove non-existing token: android.os.Binder@e94522e
02-04 23:05:50.197   816   816 W ActivityManager: setProcessForeground called on unknown pid: 30552
02-04 23:05:50.197   589 30675 D NuPlayerDriver: notifyListener_l(0xe3e61230), (1, 0, 0, -1), loop setting(0, 0)
02-04 23:05:50.197   816   816 W NotificationService: Object died trying to show notification android.app.ITransientNotification$Stub$Proxy@868c58f in package com.dolby.qa.featuretest
02-04 23:05:50.197   816   816 W ActivityManager: setProcessForeground called on unknown pid: 30552
02-04 23:05:50.197   816   816 W NotificationService: Object died trying to show notification android.app.ITransientNotification$Stub$Proxy@c67e01c in package com.dolby.qa.featuretest
02-04 23:05:50.206   589  1183 D NuPlayerDriver: start(0xe3e61230), state is 4, eos is 0
02-04 23:05:50.206   589 30675 I GenericSource: start
02-04 23:05:50.211 30646 30646 W DolbyAudioEffect: WARNING: attaching a DolbyAudioEffect to global output mix is deprecated!
02-04 23:05:50.212   593  5352 I OMXMaster: makeComponentInstance(OMX.google.raw.decoder) in android.hardwar process
02-04 23:05:50.215   593 20870 E OMXNodeInstance: setConfig(0xf0d07540:google.raw.decoder, ConfigPriority(0x6f800002)) ERROR: Undefined(0x80001001)
02-04 23:05:50.215   589 30683 I ACodec  : codec does not support config priority (err -2147483648)
02-04 23:05:50.216   593  5353 E OMXNodeInstance: getConfig(0xf0d07540:google.raw.decoder, ConfigAndroidVendorExtension(0x6f100004)) ERROR: Undefined(0x80001001)
02-04 23:05:50.217   589 30683 I MediaCodec: MediaCodec will operate in async mode
02-04 23:05:50.227   365   365 W /system/bin/hwservicemanager: getTransportFromManifest: Cannot find entry android.hardware.audio.effect@2.0::IEffectsFactory in either framework or device manifest, using default transport.
02-04 23:05:50.231   416   416 W /system/bin/hw/android.hidl.allocator@1.0-service: ashmem_create_region(3072) returning hidl_memory(0x7590c2c2e0, 3072)
02-04 23:05:50.233   416   416 W /system/bin/hw/android.hidl.allocator@1.0-service: ashmem_create_region(1024) returning hidl_memory(0x7590c2c2e0, 1024)
02-04 23:05:50.233   581   581 E EffectHalHidl: Buffer provider callbacks are not supported
02-04 23:05:50.234 30646 30646 D featureTest: receive broadcast , change ds status :0
02-04 23:05:50.234   589 30681 D AudioTrack: Client defaulted notificationFrames to 12000 for frameCount 24000
02-04 23:05:50.235   581  5110 D DlbDlbEffect: handle_EFFECT_CMD_DISABLE()
02-04 23:05:50.235   581  5110 D DlbDapCrossfadeProcess: setEnabled transitioning from FADE_TO_ACTIVE state to FADE_TO_BYPASS
02-04 23:05:50.237   416   416 W /system/bin/hw/android.hidl.allocator@1.0-service: ashmem_create_region(7680) returning hidl_memory(0x7590c2c2e0, 7680)
02-04 23:05:50.237   581  5110 D DlbDlbEffect: handle_EFFECT_CMD_SET_CONFIG()
02-04 23:05:50.237   581  5110 D DlbDapEndpointParamCache: setDevice(device=0x00000002)
02-04 23:05:50.237   421   421 D DMSService: setActiveDevice called with device = 0x2
02-04 23:05:50.238   581  5110 D DlbDlbEffect: handle_EFFECT_CMD_ENABLE()
02-04 23:05:50.238   581  5110 D DlbDapCrossfadeProcess: setEnabled transitioning from FADE_TO_BYPASS state to FADE_TO_ACTIVE
02-04 23:05:50.239   589 30675 D NuPlayerDriver: notifyListener_l(0xe3e61230), (6, 0, 0, -1), loop setting(0, 1)
02-04 23:05:50.243   581  5115 D DlbDapCrossfadeProcess: process transitioning from FADE_TO_ACTIVE state to DAP_ACTIVE
02-04 23:05:50.253   581  5356 D DlbDlbEffect: handle_EFFECT_CMD_SET_PARAM()
02-04 23:05:50.257   581  5111 D audio_hw_primary: enable_snd_device: snd_device(2: speaker)
02-04 23:05:50.259   581  5111 D audio_hw_primary: enable_audio_route: usecase(0) apply and update mixer path: deep-buffer-playback speaker
02-04 23:05:50.276   581  5115 D DlbDapCrossfadeProcess: setEnabled transitioning from DAP_ACTIVE state to FADE_TO_BYPASS
02-04 23:05:50.309 30646 30646 D featureTest: receive broadcast , change ds profile id :2
02-04 23:05:50.318   581  5115 D DlbDapCrossfadeProcess: process transitioning from FADE_TO_BYPASS state to DAP_BYPASSED
02-04 23:05:50.321   581  5143 D DlbDlbEffect: handle_EFFECT_CMD_SET_PARAM()
02-04 23:05:50.321   421   460 I DapController: Profile Changed to Music
02-04 23:05:50.340   581  5115 D DlbDapEndpointParamCache: commitChangedParams()
02-04 23:05:50.340   581  5115 D DlbDapEndpointParamCache: commit() Applying parameters for device 0x40000000
02-04 23:05:50.340   581  5115 D DlbDap2Process: setParam(iea = #1[10])
02-04 23:05:50.340   581  5115 D DlbDap2Process: setParam(msce = #1[0])
02-04 23:05:50.340   581  5115 D DlbDap2Process: setParam(mdee = #1[0])
02-04 23:05:50.340   581  5115 D DlbDap2Process: setParam(miee = #1[0])
02-04 23:05:50.340   581  5115 D DlbDap2Process: setParam(mdle = #1[0])
02-04 23:05:50.340   581  5115 D DlbDap2Process: setParam(dvle = #1[1])
02-04 23:05:50.340   581  5115 D DlbDap2Process: setParam(mave = #1[0])
02-04 23:05:50.340   581  5115 D DlbDap2Process: setParam(vcbf = #20[47, 141, 234, 328, 469, 656, 844, 1031, 1313, 1688, 2250, 3000, 3750, 4688, 5813, 7125, 9000, 11250, 13875, 19688])
02-04 23:05:50.340   581  5115 D DlbDap2Process: setParam(vbon = #1[0])
02-04 23:05:50.340   581  5115 D DlbDap2Process: setParam(beon = #1[0])
02-04 23:05:50.340   581  5115 D DlbDap2Process: setParam(geon = #1[0])
02-04 23:05:50.340   581  5115 D DlbDap2Process: setParam(ieon = #1[1])
02-04 23:05:50.340   581  5115 D DlbDap2Process: setParam(gebs = #41[20, 47, 141, 234, 328, 469, 656, 844, 1031, 1313, 1688, 2250, 3000, 3750, 4688, 5813, 7125, 9000, 11250, 13875, 19688, 0, 0, 0, 0, 0, 0, 0, 0, 0, 0, 0, 0, 0, 0, 0, 0, 0, 0, 0, 0])
02-04 23:05:50.341   581  5115 D DlbDap2Process: setParam(iebs = #41[20, 65, 136, 223, 332, 467, 634, 841, 1098, 1416, 1812, 2302, 2909, 3663, 4598, 5756, 7194, 8976, 11186, 13927, 17326, 117, 133, 188, 176, 141, 149, 175, 185, 185, 200, 236, 242, 228, 213, 182, 132, 110, 68, -27, -240])
02-04 23:05:50.341   581  5115 D DlbDapEndpointParamCache: doCommit() Committed 15 parameters out of 16.
02-04 23:05:50.341   581  5115 D DlbDapEndpointParamCache: commit() Overriding parameters for current device 0x00000002
02-04 23:05:50.341   581  5115 D DlbDap2Process: setParam(dea = #1[7])
02-04 23:05:50.341   581  5115 D DlbDap2Process: setParam(dsa = #1[10])
02-04 23:05:50.341   581  5115 D DlbDap2Process: setParam(beb = #1[192])
02-04 23:05:50.341   581  5115 D DlbDap2Process: setParam(plb = #1[0])
02-04 23:05:50.341   581  5115 D DlbDap2Process: setParam(vmb = #1[144])
02-04 23:05:50.341   581  5115 D DlbDap2Process: setParam(dsb = #1[0])
02-04 23:05:50.341   581  5115 D DlbDap2Process: setParam(ded = #1[0])
02-04 23:05:50.341   581  5115 D DlbDap2Process: setParam(vbm = #1[3])
02-04 23:05:50.341   581  5115 D DlbDap2Process: setParam(dom = #1[0])
02-04 23:05:50.341   581  5115 D DlbDap2Process: setParam(bew = #1[16])
02-04 23:05:50.341   581  5115 D DlbDap2Process: setParam(dvla = #1[4])
02-04 23:05:50.341   581  5115 D DlbDap2Process: setParam(arra = #1[96])
02-04 23:05:50.341   581  5115 D DlbDap2Process: setParam(dfsa = #1[10])
02-04 23:05:50.341   581  5115 D DlbDap2Process: setParam(dhsa = #1[10])
02-04 23:05:50.341   581  5115 D DlbDap2Process: setParam(dvmc = #1[0])
02-04 23:05:50.341   581  5115 D DlbDap2Process: setParam(arod = #1[0])
02-04 23:05:50.341   581  5115 D DlbDap2Process: setParam(arde = #1[1])
02-04 23:05:50.341   581  5115 D DlbDap2Process: setParam(dvle = #1[1])
02-04 23:05:50.341   581  5115 D DlbDap2Process: setParam(dvme = #1[0])
02-04 23:05:50.341   581  5115 D DlbDap2Process: setParam(becf = #1[200])
02-04 23:05:50.341   581  5115 D DlbDap2Process: setParam(vbmf = #2[94, 469])
02-04 23:05:50.341   581  5115 D DlbDap2Process: setParam(vbsf = #2[35, 160])
02-04 23:05:50.341   581  5115 D DlbDap2Process: setParam(vbhg = #3[-32, -144, -192])
02-04 23:05:50.341   581  5115 D DlbDap2Process: setParam(vbog = #1[0])
02-04 23:05:50.341   581  5115 D DlbDap2Process: setParam(vbsg = #1[0])
02-04 23:05:50.341   581  5115 D DlbDap2Process: setParam(dvli = #1[-320])
02-04 23:05:50.341   581  5115 D DlbDap2Process: setParam(dhfm = #1[2])
02-04 23:05:50.341   581  5115 D DlbDap2Process: setParam(vbon = #1[0])
02-04 23:05:50.341   581  5115 D DlbDap2Process: setParam(beon = #1[0])
02-04 23:05:50.341   581  5115 D DlbDap2Process: setParam(deon = #1[0])
02-04 23:05:50.341   581  5115 D DlbDap2Process: setParam(ngon = #1[1])
02-04 23:05:50.341   581  5115 D DlbDap2Process: setParam(aoon = #1[1])
02-04 23:05:50.341   581  5115 D DlbDap2Process: setParam(aron = #1[1])
02-04 23:05:50.341   581  5115 D DlbDap2Process: setParam(dvlo = #1[-320])
02-04 23:05:50.341   581  5115 D DlbDap2Process: setParam(artp = #1[12])
02-04 23:05:50.342   581  5115 D DlbDap2Process: setParam(aobs = #222[20, 10, 47, 141, 234, 328, 469, 656, 844, 1031, 1313, 1688, 2250, 3000, 3750, 4688, 5813, 7125, 9000, 11250, 13875, 19688, 0, 0, 0, 0, 0, 0, 0, 0, 0, 0, 0, 0, 0, 0, 0, 0, 0, 0, 0, 0, 0, 0, 0, 0, 0, 0, 0, 0, 0, 0, 0, 0, 0, 0, 0, 0, 0, 0, 0, 0, 0, 0, 0, 0, 0, 0, 0, 0, 0, 0, 0, 0, 0, 0, 0, 0, 0, 0, 0, 0, 0, 0, 0, 0, 0, 0, 0, 0, 0, 0, 0, 0, 0, 0, 0, 0, 0, 0, 0, 0, 0, 0, 0, 0, 0, 0, 0, 0, 0, 0, 0, 0, 0, 0, 0, 0, 0, 0, 0, 0, 0, 0, 0, 0, 0, 0, 0, 0, 0, 0, 0, 0, 0, 0, 0, 0, 0, 0, 0, 0, 0, 0, 0, 0, 0, 0, 0, 0, 0, 0, 0, 0, 0, 0, 0, 0, 0, 0, 0, 0, 0, 0, 0, 0, 0, 0, 0, 0, 0, 0, 0, 0, 0, 0, 0, 0, 0, 0, 0, 0, 0, 0, 0, 0, 0, 0, 0, 0, 0, 0, 0, 0, 0, 0, 0, 0, 0, 0, 0, 0, 0, 0, 0, 0, 0, 0, 0, 0, 0, 0, 0, 0, 0, 0, 0, 0, 0, 0, 0, 0])
02-04 23:05:50.342   581  5115 D DlbDap2Process: setParam(arbs = #81[20, 47, 141, 234, 328, 469, 656, 844, 1031, 1313, 1688, 2250, 3000, 3750, 4688, 5813, 7125, 9000, 11250, 13875, 19688, -192, -192, -192, -192, -192, -192, -192, -192, -192, -192, -192, -192, -192, -192, -192, -192, -192, -192, -192, -192, 0, 0, 0, 0, 0, 0, 0, 0, 0, 0, 0, 0, 0, 0, 0, 0, 0, 0, 0, 0, 0, 0, 0, 0, 0, 0, 0, 0, 0, 0, 0, 0, 0, 0, 0, 0, 0, 0, 0, 0])
02-04 23:05:50.342   581  5115 D DlbDapEndpointParamCache: doCommit() Committed 37 parameters out of 37.
02-04 23:05:50.365   581   770 D AudioFlinger: mixer(0xf2983980) throttle end: throttle time(43)
02-04 23:05:50.379 30646 30646 D featureTest: receive broadcast , playing content location :/sdcard/featureTest/chopper_5.1_180_420.wav
02-04 23:05:50.382   589 26717 D NuPlayerDriver: stop(0xe3e61230)
02-04 23:05:50.382   589 26717 D NuPlayerDriver: notifyListener_l(0xe3e61230), (8, 0, 0, -1), loop setting(0, 1)
02-04 23:05:50.383   589  1170 D NuPlayerDriver: reset(0xe3e61230) at state 8
02-04 23:05:50.389   589 30675 D NuPlayerDriver: notifyResetComplete(0xe3e61230)
02-04 23:05:50.390   589 26717 D NuPlayerDriver: reset(0xe3e61230) at state 0
02-04 23:05:50.391 30646 30646 V MediaPlayer: resetDrmState:  mDrmInfo=null mDrmProvisioningThread=null mPrepareDrmInProgress=false mActiveDrmScheme=false
02-04 23:05:50.391 30646 30646 V MediaPlayer: cleanDrmObj: mDrmObj=null mDrmSessionId=null
02-04 23:05:50.392 30646 30646 V MediaPlayer: resetDrmState:  mDrmInfo=null mDrmProvisioningThread=null mPrepareDrmInProgress=false mActiveDrmScheme=false
02-04 23:05:50.392 30646 30646 V MediaPlayer: cleanDrmObj: mDrmObj=null mDrmSessionId=null
02-04 23:05:50.398 30646 30646 D featureTest: mMediaPlayer.getAudioSessionId(): 4345
02-04 23:05:50.398 30646 30646 D featureTest: Playing file: /sdcard/featureTest/chopper_5.1_180_420.wav
02-04 23:05:50.399   589   589 D NuPlayerDriver: NuPlayerDriver(0xe57325b0) created, clientPid(30646)
02-04 23:05:50.400 30701 30701 W generic : type=1400 audit(0.0:2864): avc: denied { read } for path="/storage/emulated/0/featuretest/chopper_5.1_180_420.wav" dev="sdcardfs" ino=523304 scontext=u:r:mediaextractor:s0 tcontext=u:object_r:sdcardfs:s0 tclass=file permissive=0
02-04 23:05:50.401 30646 30646 W MediaPlayer: Use of stream types is deprecated for operations other than volume control
02-04 23:05:50.401 30646 30646 W MediaPlayer: See the documentation of setAudioStreamType() for what to use instead with android.media.AudioAttributes to qualify your playback use case
02-04 23:05:50.403   589 30701 D GenericSource: FileSource remote
02-04 23:05:50.404   589 30701 W GenericSource: extractor service cannot make data source
02-04 23:05:50.404   589 30701 D GenericSource: FileSource local
02-04 23:05:50.405   587   693 W WAVExtractor: More than 2 channels (6) in non-WAVE_EXT, unknown channel mask
02-04 23:05:50.430   587   693 W WAVExtractor: More than 2 channels (6) in non-WAVE_EXT, unknown channel mask
02-04 23:05:50.431   587   693 D MediaBufferGroup: creating MemoryDealer
02-04 23:05:50.432   589 30700 D NuPlayerDriver: notifyListener_l(0xe57325b0), (1, 0, 0, -1), loop setting(0, 0)
02-04 23:05:50.436   589   589 D NuPlayerDriver: start(0xe57325b0), state is 4, eos is 0
02-04 23:05:50.436   589 30700 I GenericSource: start
02-04 23:05:50.439 30646 30646 W DolbyAudioEffect: WARNING: attaching a DolbyAudioEffect to global output mix is deprecated!
02-04 23:05:50.442   593   712 I OMXMaster: makeComponentInstance(OMX.google.raw.decoder) in android.hardwar process
02-04 23:05:50.447   593   593 E OMXNodeInstance: setConfig(0xf0d07300:google.raw.decoder, ConfigPriority(0x6f800002)) ERROR: Undefined(0x80001001)
02-04 23:05:50.447   589 30706 I ACodec  : codec does not support config priority (err -2147483648)
02-04 23:05:50.448   593  1162 E OMXNodeInstance: getConfig(0xf0d07300:google.raw.decoder, ConfigAndroidVendorExtension(0x6f100004)) ERROR: Undefined(0x80001001)
02-04 23:05:50.449   589 30706 I MediaCodec: MediaCodec will operate in async mode
02-04 23:05:50.454 30646 30646 D featureTest: receive broadcast , change ds status :1
02-04 23:05:50.459   365   365 W /system/bin/hwservicemanager: getTransportFromManifest: Cannot find entry android.hardware.audio.effect@2.0::IEffectsFactory in either framework or device manifest, using default transport.
02-04 23:05:50.464   416   416 W /system/bin/hw/android.hidl.allocator@1.0-service: ashmem_create_region(3072) returning hidl_memory(0x7590c2c2e0, 3072)
02-04 23:05:50.466   416   416 W /system/bin/hw/android.hidl.allocator@1.0-service: ashmem_create_region(1024) returning hidl_memory(0x7590c2c2e0, 1024)
02-04 23:05:50.466   581  7829 E EffectHalHidl: Buffer provider callbacks are not supported
02-04 23:05:50.467   589 30704 D AudioTrack: Client defaulted notificationFrames to 12000 for frameCount 24000
02-04 23:05:50.468   589 30700 D NuPlayerDriver: notifyListener_l(0xe57325b0), (6, 0, 0, -1), loop setting(0, 1)
02-04 23:05:50.469   581  5356 D DlbDlbEffect: handle_EFFECT_CMD_SET_PARAM()
02-04 23:05:50.525 30646 30646 D featureTest: receive broadcast , change ds profile id :5
02-04 23:05:50.529   581  5115 D DlbDapCrossfadeProcess: setEnabled transitioning from DAP_BYPASSED state to PREROLL_ACTIVE
02-04 23:05:50.530   581  5115 D DlbDap2Process: setMave(mave = 0)
02-04 23:05:50.535   581  5115 D DlbDapCrossfadeProcess: process transitioning from PREROLL_ACTIVE state to FADE_TO_ACTIVE
02-04 23:05:50.537   581  5110 D DlbDlbEffect: handle_EFFECT_CMD_SET_PARAM()
02-04 23:05:50.538   421   460 I DapController: Profile Changed to Custom
02-04 23:05:50.569   581  5115 D DlbDapEndpointParamCache: commitChangedParams()
02-04 23:05:50.569   581  5115 D DlbDapEndpointParamCache: commit() Applying parameters for device 0x40000000
02-04 23:05:50.569   581  5115 D DlbDap2Process: setParam(iea = #1[10])
02-04 23:05:50.569   581  5115 D DlbDap2Process: setParam(msce = #1[0])
02-04 23:05:50.569   581  5115 D DlbDap2Process: setParam(mdee = #1[0])
02-04 23:05:50.569   581  5115 D DlbDap2Process: setParam(miee = #1[0])
02-04 23:05:50.569   581  5115 D DlbDap2Process: setParam(mdle = #1[0])
02-04 23:05:50.569   581  5115 D DlbDap2Process: setParam(dvle = #1[1])
02-04 23:05:50.569   581  5115 D DlbDap2Process: setParam(mave = #1[0])
02-04 23:05:50.569   581  5115 D DlbDap2Process: setParam(vcbf = #20[47, 141, 234, 328, 469, 656, 844, 1031, 1313, 1688, 2250, 3000, 3750, 4688, 5813, 7125, 9000, 11250, 13875, 19688])
02-04 23:05:50.569   581  5115 D DlbDap2Process: setParam(vbon = #1[0])
02-04 23:05:50.569   581  5115 D DlbDap2Process: setParam(beon = #1[0])
02-04 23:05:50.569   581  5115 D DlbDap2Process: setParam(geon = #1[0])
02-04 23:05:50.569   581  5115 D DlbDap2Process: setParam(ieon = #1[0])
02-04 23:05:50.569   581  5115 D DlbDap2Process: setParam(gebs = #41[20, 47, 141, 234, 328, 469, 656, 844, 1031, 1313, 1688, 2250, 3000, 3750, 4688, 5813, 7125, 9000, 11250, 13875, 19688, 0, 0, 0, 0, 0, 0, 0, 0, 0, 0, 0, 0, 0, 0, 0, 0, 0, 0, 0, 0])
02-04 23:05:50.570   581  5115 D DlbDap2Process: setParam(iebs = #41[20, 65, 136, 223, 332, 467, 634, 841, 1098, 1416, 1812, 2302, 2909, 3663, 4598, 5756, 7194, 8976, 11186, 13927, 17326, 117, 133, 188, 176, 141, 149, 175, 185, 185, 200, 236, 242, 228, 213, 182, 132, 110, 68, -27, -240])
02-04 23:05:50.570   581  5115 D DlbDapEndpointParamCache: doCommit() Committed 15 parameters out of 16.
02-04 23:05:50.570   581  5115 D DlbDapEndpointParamCache: commit() Overriding parameters for current device 0x00000002
02-04 23:05:50.570   581  5115 D DlbDap2Process: setParam(dea = #1[7])
02-04 23:05:50.570   581  5115 D DlbDap2Process: setParam(dsa = #1[10])
02-04 23:05:50.570   581  5115 D DlbDap2Process: setParam(beb = #1[192])
02-04 23:05:50.570   581  5115 D DlbDap2Process: setParam(plb = #1[0])
02-04 23:05:50.570   581  5115 D DlbDap2Process: setParam(vmb = #1[144])
02-04 23:05:50.570   581  5115 D DlbDap2Process: setParam(dsb = #1[48])
02-04 23:05:50.570   581  5115 D DlbDap2Process: setParam(ded = #1[0])
02-04 23:05:50.570   581  5115 D DlbDap2Process: setParam(vbm = #1[3])
02-04 23:05:50.570   581  5115 D DlbDap2Process: setParam(dom = #1[0])
02-04 23:05:50.570   581  5115 D DlbDap2Process: setParam(bew = #1[16])
02-04 23:05:50.570   581  5115 D DlbDap2Process: setParam(dvla = #1[5])
02-04 23:05:50.570   581  5115 D DlbDap2Process: setParam(arra = #1[96])
02-04 23:05:50.570   581  5115 D DlbDap2Process: setParam(dfsa = #1[10])
02-04 23:05:50.570   581  5115 D DlbDap2Process: setParam(dhsa = #1[10])
02-04 23:05:50.570   581  5115 D DlbDap2Process: setParam(dvmc = #1[0])
02-04 23:05:50.570   581  5115 D DlbDap2Process: setParam(arod = #1[0])
02-04 23:05:50.570   581  5115 D DlbDap2Process: setParam(arde = #1[1])
02-04 23:05:50.570   581  5115 D DlbDap2Process: setParam(dvle = #1[1])
02-04 23:05:50.570   581  5115 D DlbDap2Process: setParam(dvme = #1[0])
02-04 23:05:50.570   581  5115 D DlbDap2Process: setParam(becf = #1[200])
02-04 23:05:50.570   581  5115 D DlbDap2Process: setParam(vbmf = #2[94, 469])
02-04 23:05:50.570   581  5115 D DlbDap2Process: setParam(vbsf = #2[35, 160])
02-04 23:05:50.570   581  5115 D DlbDap2Process: setParam(vbhg = #3[-32, -144, -192])
02-04 23:05:50.570   581  5115 D DlbDap2Process: setParam(vbog = #1[0])
02-04 23:05:50.570   581  5115 D DlbDap2Process: setParam(vbsg = #1[0])
02-04 23:05:50.570   581  5115 D DlbDap2Process: setParam(dvli = #1[-320])
02-04 23:05:50.570   581  5115 D DlbDap2Process: setParam(dhfm = #1[2])
02-04 23:05:50.570   581  5115 D DlbDap2Process: setParam(vbon = #1[0])
02-04 23:05:50.570   581  5115 D DlbDap2Process: setParam(beon = #1[0])
02-04 23:05:50.570   581  5115 D DlbDap2Process: setParam(deon = #1[0])
02-04 23:05:50.570   581  5115 D DlbDap2Process: setParam(ngon = #1[1])
02-04 23:05:50.570   581  5115 D DlbDap2Process: setParam(aoon = #1[1])
02-04 23:05:50.570   581  5115 D DlbDap2Process: setParam(aron = #1[1])
02-04 23:05:50.570   581  5115 D DlbDap2Process: setParam(dvlo = #1[-320])
02-04 23:05:50.570   581  5115 D DlbDap2Process: setParam(artp = #1[12])
02-04 23:05:50.571   581  5115 D DlbDap2Process: setParam(aobs = #222[20, 10, 47, 141, 234, 328, 469, 656, 844, 1031, 1313, 1688, 2250, 3000, 3750, 4688, 5813, 7125, 9000, 11250, 13875, 19688, 0, 0, 0, 0, 0, 0, 0, 0, 0, 0, 0, 0, 0, 0, 0, 0, 0, 0, 0, 0, 0, 0, 0, 0, 0, 0, 0, 0, 0, 0, 0, 0, 0, 0, 0, 0, 0, 0, 0, 0, 0, 0, 0, 0, 0, 0, 0, 0, 0, 0, 0, 0, 0, 0, 0, 0, 0, 0, 0, 0, 0, 0, 0, 0, 0, 0, 0, 0, 0, 0, 0, 0, 0, 0, 0, 0, 0, 0, 0, 0, 0, 0, 0, 0, 0, 0, 0, 0, 0, 0, 0, 0, 0, 0, 0, 0, 0, 0, 0, 0, 0, 0, 0, 0, 0, 0, 0, 0, 0, 0, 0, 0, 0, 0, 0, 0, 0, 0, 0, 0, 0, 0, 0, 0, 0, 0, 0, 0, 0, 0, 0, 0, 0, 0, 0, 0, 0, 0, 0, 0, 0, 0, 0, 0, 0, 0, 0, 0, 0, 0, 0, 0, 0, 0, 0, 0, 0, 0, 0, 0, 0, 0, 0, 0, 0, 0, 0, 0, 0, 0, 0, 0, 0, 0, 0, 0, 0, 0, 0, 0, 0, 0, 0, 0, 0, 0, 0, 0, 0, 0, 0, 0, 0, 0, 0, 0, 0, 0, 0, 0])
02-04 23:05:50.571   581  5115 D DlbDap2Process: setParam(arbs = #81[20, 47, 141, 234, 328, 469, 656, 844, 1031, 1313, 1688, 2250, 3000, 3750, 4688, 5813, 7125, 9000, 11250, 13875, 19688, -192, -192, -192, -192, -192, -192, -192, -192, -192, -192, -192, -192, -192, -192, -192, -192, -192, -192, -192, -192, 0, 0, 0, 0, 0, 0, 0, 0, 0, 0, 0, 0, 0, 0, 0, 0, 0, 0, 0, 0, 0, 0, 0, 0, 0, 0, 0, 0, 0, 0, 0, 0, 0, 0, 0, 0, 0, 0, 0, 0])
02-04 23:05:50.571   581  5115 D DlbDapEndpointParamCache: doCommit() Committed 37 parameters out of 37.
02-04 23:05:50.571   581  5115 D DlbDap2Process: setMave(mave = 0)
02-04 23:05:50.593 30646 30646 D featureTest: receive broadcast , change virtual speaker  virtualizer :1
02-04 23:05:50.610   581  5143 D DlbDlbEffect: handle_EFFECT_CMD_SET_PARAM()
02-04 23:05:50.649   581  5115 D DlbDapEndpointParamCache: commitChangedParams()
02-04 23:05:50.649   581  5115 D DlbDapEndpointParamCache: commit() Applying parameters for device 0x40000000
02-04 23:05:50.649   581  5115 D DlbDap2Process: setParam(iea = #1[10])
02-04 23:05:50.649   581  5115 D DlbDap2Process: setParam(msce = #1[0])
02-04 23:05:50.649   581  5115 D DlbDap2Process: setParam(mdee = #1[0])
02-04 23:05:50.649   581  5115 D DlbDap2Process: setParam(miee = #1[0])
02-04 23:05:50.649   581  5115 D DlbDap2Process: setParam(mdle = #1[0])
02-04 23:05:50.650   581  5115 D DlbDap2Process: setParam(dvle = #1[1])
02-04 23:05:50.650   581  5115 D DlbDap2Process: setParam(mave = #1[0])
02-04 23:05:50.650   581  5115 D DlbDap2Process: setParam(vcbf = #20[47, 141, 234, 328, 469, 656, 844, 1031, 1313, 1688, 2250, 3000, 3750, 4688, 5813, 7125, 9000, 11250, 13875, 19688])
02-04 23:05:50.650   581  5115 D DlbDap2Process: setParam(vbon = #1[0])
02-04 23:05:50.650   581  5115 D DlbDap2Process: setParam(beon = #1[0])
02-04 23:05:50.650   581  5115 D DlbDap2Process: setParam(geon = #1[0])
02-04 23:05:50.650   581  5115 D DlbDap2Process: setParam(ieon = #1[0])
02-04 23:05:50.650   581  5115 D DlbDap2Process: setParam(gebs = #41[20, 47, 141, 234, 328, 469, 656, 844, 1031, 1313, 1688, 2250, 3000, 3750, 4688, 5813, 7125, 9000, 11250, 13875, 19688, 0, 0, 0, 0, 0, 0, 0, 0, 0, 0, 0, 0, 0, 0, 0, 0, 0, 0, 0, 0])
02-04 23:05:50.650   581  5115 D DlbDap2Process: setParam(iebs = #41[20, 65, 136, 223, 332, 467, 634, 841, 1098, 1416, 1812, 2302, 2909, 3663, 4598, 5756, 7194, 8976, 11186, 13927, 17326, 117, 133, 188, 176, 141, 149, 175, 185, 185, 200, 236, 242, 228, 213, 182, 132, 110, 68, -27, -240])
02-04 23:05:50.650   581  5115 D DlbDapEndpointParamCache: doCommit() Committed 15 parameters out of 16.
02-04 23:05:50.650   581  5115 D DlbDapEndpointParamCache: commit() Overriding parameters for current device 0x00000002
02-04 23:05:50.650   581  5115 D DlbDap2Process: setParam(dea = #1[7])
02-04 23:05:50.650   581  5115 D DlbDap2Process: setParam(dsa = #1[10])
02-04 23:05:50.650   581  5115 D DlbDap2Process: setParam(beb = #1[192])
02-04 23:05:50.650   581  5115 D DlbDap2Process: setParam(plb = #1[0])
02-04 23:05:50.650   581  5115 D DlbDap2Process: setParam(vmb = #1[144])
02-04 23:05:50.650   581  5115 D DlbDap2Process: setParam(dsb = #1[48])
02-04 23:05:50.650   581  5115 D DlbDap2Process: setParam(ded = #1[0])
02-04 23:05:50.650   581  5115 D DlbDap2Process: setParam(vbm = #1[3])
02-04 23:05:50.650   581  5115 D DlbDap2Process: DAP output mode set to 11 with 2 output channels and custom mix matrix.
02-04 23:05:50.650   581  5115 D DlbDap2Process: setParam(dom = #17[1, 16384, 0, 0, 16384, 11583, 11583, 8192, 8192, 16384, 0, 0, 16384, 16384, 0, 0, 16384])
02-04 23:05:50.650   581  5115 D DlbDap2Process: setParam(bew = #1[16])
02-04 23:05:50.651   581  5115 D DlbDap2Process: setParam(dvla = #1[5])
02-04 23:05:50.651   581  5115 D DlbDap2Process: setParam(arra = #1[96])
02-04 23:05:50.651   581  5115 D DlbDap2Process: setParam(dfsa = #1[10])
02-04 23:05:50.651   581  5115 D DlbDap2Process: setParam(dhsa = #1[10])
02-04 23:05:50.651   581  5115 D DlbDap2Process: setParam(dvmc = #1[0])
02-04 23:05:50.651   581  5115 D DlbDap2Process: setParam(arod = #1[0])
02-04 23:05:50.651   581  5115 D DlbDap2Process: setParam(arde = #1[1])
02-04 23:05:50.651   581  5115 D DlbDap2Process: setParam(dvle = #1[1])
02-04 23:05:50.651   581  5115 D DlbDap2Process: setParam(dvme = #1[0])
02-04 23:05:50.651   581  5115 D DlbDap2Process: setParam(becf = #1[200])
02-04 23:05:50.651   581  5115 D DlbDap2Process: setParam(vbmf = #2[94, 469])
02-04 23:05:50.651   581  5115 D DlbDap2Process: setParam(vbsf = #2[35, 160])
02-04 23:05:50.651   581  5115 D DlbDap2Process: setParam(vbhg = #3[-32, -144, -192])
02-04 23:05:50.651   581  5115 D DlbDap2Process: setParam(vbog = #1[0])
02-04 23:05:50.651   581  5115 D DlbDap2Process: setParam(vbsg = #1[0])
02-04 23:05:50.651   581  5115 D DlbDap2Process: setParam(dvli = #1[-320])
02-04 23:05:50.651   581  5115 D DlbDap2Process: setParam(dhfm = #1[2])
02-04 23:05:50.651   581  5115 D DlbDap2Process: setParam(vbon = #1[0])
02-04 23:05:50.651   581  5115 D DlbDap2Process: setParam(beon = #1[0])
02-04 23:05:50.651   581  5115 D DlbDap2Process: setParam(deon = #1[0])
02-04 23:05:50.651   581  5115 D DlbDap2Process: setParam(ngon = #1[1])
02-04 23:05:50.651   581  5115 D DlbDap2Process: setParam(aoon = #1[1])
02-04 23:05:50.651   581  5115 D DlbDap2Process: setParam(aron = #1[1])
02-04 23:05:50.651   581  5115 D DlbDap2Process: setParam(dvlo = #1[-320])
02-04 23:05:50.651   581  5115 D DlbDap2Process: setParam(artp = #1[12])
02-04 23:05:50.652   581  5115 D DlbDap2Process: setParam(aobs = #222[20, 10, 47, 141, 234, 328, 469, 656, 844, 1031, 1313, 1688, 2250, 3000, 3750, 4688, 5813, 7125, 9000, 11250, 13875, 19688, 0, 0, 0, 0, 0, 0, 0, 0, 0, 0, 0, 0, 0, 0, 0, 0, 0, 0, 0, 0, 0, 0, 0, 0, 0, 0, 0, 0, 0, 0, 0, 0, 0, 0, 0, 0, 0, 0, 0, 0, 0, 0, 0, 0, 0, 0, 0, 0, 0, 0, 0, 0, 0, 0, 0, 0, 0, 0, 0, 0, 0, 0, 0, 0, 0, 0, 0, 0, 0, 0, 0, 0, 0, 0, 0, 0, 0, 0, 0, 0, 0, 0, 0, 0, 0, 0, 0, 0, 0, 0, 0, 0, 0, 0, 0, 0, 0, 0, 0, 0, 0, 0, 0, 0, 0, 0, 0, 0, 0, 0, 0, 0, 0, 0, 0, 0, 0, 0, 0, 0, 0, 0, 0, 0, 0, 0, 0, 0, 0, 0, 0, 0, 0, 0, 0, 0, 0, 0, 0, 0, 0, 0, 0, 0, 0, 0, 0, 0, 0, 0, 0, 0, 0, 0, 0, 0, 0, 0, 0, 0, 0, 0, 0, 0, 0, 0, 0, 0, 0, 0, 0, 0, 0, 0, 0, 0, 0, 0, 0, 0, 0, 0, 0, 0, 0, 0, 0, 0, 0, 0, 0, 0, 0, 0, 0, 0, 0, 0, 0, 0])
02-04 23:05:50.652   581  5115 D DlbDap2Process: setParam(arbs = #81[20, 47, 141, 234, 328, 469, 656, 844, 1031, 1313, 1688, 2250, 3000, 3750, 4688, 5813, 7125, 9000, 11250, 13875, 19688, -192, -192, -192, -192, -192, -192, -192, -192, -192, -192, -192, -192, -192, -192, -192, -192, -192, -192, -192, -192, 0, 0, 0, 0, 0, 0, 0, 0, 0, 0, 0, 0, 0, 0, 0, 0, 0, 0, 0, 0, 0, 0, 0, 0, 0, 0, 0, 0, 0, 0, 0, 0, 0, 0, 0, 0, 0, 0, 0, 0])
02-04 23:05:50.652   581  5115 D DlbDapEndpointParamCache: doCommit() Committed 37 parameters out of 37.
02-04 23:05:50.652   581  5115 D DlbDap2Process: setMave(mave = 0)
02-04 23:05:50.657   581  5115 D DlbDapCrossfadeProcess: process transitioning from FADE_TO_ACTIVE state to DAP_ACTIVE
02-04 23:05:50.662 30646 30646 D featureTest: receive broadcast , record log :0
02-04 23:05:50.695 30646 30651 I zygote64: Do partial code cache collection, code=8KB, data=14KB
02-04 23:05:50.696 30646 30651 I zygote64: After code cache collection, code=8KB, data=14KB
02-04 23:05:50.696 30646 30651 I zygote64: Increasing code cache capacity to 128KB
02-04 23:05:50.696 30646 30651 I zygote64: Do partial code cache collection, code=8KB, data=33KB
02-04 23:05:50.696 30646 30651 I zygote64: After code cache collection, code=8KB, data=33KB
02-04 23:05:50.696 30646 30651 I zygote64: Increasing code cache capacity to 256KB
02-04 23:05:50.697 30646 30651 I zygote64: Compiler allocated 8MB to compile void android.widget.TextView.<init>(android.content.Context, android.util.AttributeSet, int, int)
02-04 23:05:50.975   571   940 E QC-QMI  : linux_qmi_qmux_io_wake_lock: Err in writing wakelock=qmuxd_port_wl_0, error [1:Operation not permitted]
02-04 23:05:50.975   571   940 E QC-QMI  : linux_qmi_qmux_io_wake_unlock: Err in writing wakelock=qmuxd_port_wl_0, error [1:Operation not permitted]
02-04 23:05:51.337   581  5115 D DlbDap2Process: process() called [310500] times
02-04 23:05:52.274   816   816 W WindowManager: removeWindowToken: Attempted to remove non-existing token: android.os.Binder@ffd9fa
02-04 23:05:52.326   429   429 D SurfaceFlinger: duplicate layer name: changing Toast to Toast#1
02-04 23:05:53.539   571   940 E QC-QMI  : linux_qmi_qmux_io_wake_lock: Err in writing wakelock=qmuxd_port_wl_0, error [1:Operation not permitted]
02-04 23:05:53.540   571   940 E QC-QMI  : linux_qmi_qmux_io_wake_unlock: Err in writing wakelock=qmuxd_port_wl_0, error [1:Operation not permitted]
02-04 23:05:53.939 28748 28748 I ServiceManager: Waiting for service AtCmdFwd...
02-04 23:05:54.012   581  5115 D DlbDap2Process: process() called [311000] times
02-04 23:05:54.300   816   816 W WindowManager: removeWindowToken: Attempted to remove non-existing token: android.os.Binder@ee616b4
02-04 23:05:54.940 28748 28748 I ServiceManager: Waiting for service AtCmdFwd...
