02-04 23:04:07.718   589  1170 D NuPlayerDriver: reset(0xe5732460) at state 5
02-04 23:04:07.718   589  1170 D NuPlayerDriver: notifyListener_l(0xe5732460), (8, 0, 0, -1), loop setting(0, 1)
02-04 23:04:07.728   589 29650 D NuPlayerDriver: notifyResetComplete(0xe5732460)
02-04 23:04:07.731   589  1170 D AudioTrack: stop() called with 0 frames delivered
02-04 23:04:07.867   581   724 D DlbDlbEffect: handle_EFFECT_CMD_DISABLE()
02-04 23:04:07.867   581   724 D DlbDapCrossfadeProcess: setEnabled transitioning from DAP_ACTIVE state to FADE_TO_BYPASS
02-04 23:04:07.870   581   724 D DlbDlbEffect: handle_EFFECT_CMD_SET_CONFIG()
02-04 23:04:07.870   581   724 D DlbDapEndpointParamCache: setDevice(device=0x00000002)
02-04 23:04:07.870   421   421 D DMSService: setActiveDevice called with device = 0x2
02-04 23:04:07.870   581   724 D DlbDlbEffect: handle_EFFECT_CMD_ENABLE()
02-04 23:04:07.870   581   724 D DlbDapCrossfadeProcess: setEnabled transitioning from FADE_TO_BYPASS state to FADE_TO_ACTIVE
02-04 23:04:08.020 29697 29697 D featureTest: onCreate
02-04 23:04:08.027 29697 29697 D AudioTrack: Client defaulted notificationFrames to 962 for frameCount 1924
02-04 23:04:08.034 29697 29697 W AudioTrack: Use of stream types is deprecated for operations other than volume control
02-04 23:04:08.035 29697 29697 W AudioTrack: See the documentation of AudioTrack() for what to use instead with android.media.AudioAttributes to qualify your playback use case
02-04 23:04:08.050 29697 29697 D featureTest: onResume
02-04 23:04:08.874 29697 29697 D featureTest: receive broadcast , playing content location :/sdcard/featureTest/7ch_25fps.wav
02-04 23:04:08.882 29697 29697 D featureTest: mMediaPlayer.getAudioSessionId(): 4097
02-04 23:04:08.882 29697 29697 D featureTest: Playing file: /sdcard/featureTest/7ch_25fps.wav
02-04 23:04:08.884   589 26717 D NuPlayerDriver: NuPlayerDriver(0xe57327e0) created, clientPid(29697)
02-04 23:04:08.903   589 29725 D NuPlayerDriver: notifyListener_l(0xe57327e0), (1, 0, 0, -1), loop setting(0, 0)
02-04 23:04:08.913   589 26717 D NuPlayerDriver: start(0xe57327e0), state is 4, eos is 0
02-04 23:04:08.920   593  5353 I OMXMaster: makeComponentInstance(OMX.google.raw.decoder) in android.hardwar process
02-04 23:04:08.927   589 29733 I ACodec  : codec does not support config priority (err -2147483648)
02-04 23:04:08.928   589 29733 I MediaCodec: MediaCodec will operate in async mode
02-04 23:04:08.941 29697 29697 D featureTest: receive broadcast , change ds status :0
02-04 23:04:08.946   589 29731 D AudioTrack: Client defaulted notificationFrames to 12000 for frameCount 24000
02-04 23:04:08.947   581  5110 D DlbDlbEffect: handle_EFFECT_CMD_DISABLE()
02-04 23:04:08.947   581  5110 D DlbDapCrossfadeProcess: setEnabled transitioning from FADE_TO_ACTIVE state to FADE_TO_BYPASS
02-04 23:04:08.951   581  5110 D DlbDlbEffect: handle_EFFECT_CMD_SET_CONFIG()
02-04 23:04:08.951   581  5110 D DlbDapEndpointParamCache: setDevice(device=0x00000002)
02-04 23:04:08.951   421   421 D DMSService: setActiveDevice called with device = 0x2
02-04 23:04:08.951   581  5110 D DlbDlbEffect: handle_EFFECT_CMD_ENABLE()
02-04 23:04:08.951   581  5110 D DlbDapCrossfadeProcess: setEnabled transitioning from FADE_TO_BYPASS state to FADE_TO_ACTIVE
02-04 23:04:08.952   589 29725 D NuPlayerDriver: notifyListener_l(0xe57327e0), (6, 0, 0, -1), loop setting(0, 1)
02-04 23:04:08.956   581  5115 D DlbDapCrossfadeProcess: process transitioning from FADE_TO_ACTIVE state to DAP_ACTIVE
02-04 23:04:08.960   581   730 D DlbDlbEffect: handle_EFFECT_CMD_SET_PARAM()
02-04 23:04:08.990   581  5115 D DlbDapCrossfadeProcess: setEnabled transitioning from DAP_ACTIVE state to FADE_TO_BYPASS
02-04 23:04:09.033   581  5115 D DlbDapCrossfadeProcess: process transitioning from FADE_TO_BYPASS state to DAP_BYPASSED
02-04 23:04:09.044 29697 29697 D featureTest: receive broadcast , change ds profile id :2
02-04 23:04:09.056   581  7829 D DlbDlbEffect: handle_EFFECT_CMD_SET_PARAM()
02-04 23:04:09.056   421   460 I DapController: Profile Changed to Music
02-04 23:04:09.080   581   770 D AudioFlinger: mixer(0xf2983980) throttle end: throttle time(43)
02-04 23:04:09.083   581  5115 D DlbDapEndpointParamCache: commitChangedParams()
02-04 23:04:09.083   581  5115 D DlbDapEndpointParamCache: commit() Applying parameters for device 0x40000000
02-04 23:04:09.083   581  5115 D DlbDap2Process: setParam(iea = #1[10])
02-04 23:04:09.084   581  5115 D DlbDap2Process: setParam(msce = #1[0])
02-04 23:04:09.084   581  5115 D DlbDap2Process: setParam(mdee = #1[0])
02-04 23:04:09.084   581  5115 D DlbDap2Process: setParam(miee = #1[0])
02-04 23:04:09.084   581  5115 D DlbDap2Process: setParam(mdle = #1[0])
02-04 23:04:09.084   581  5115 D DlbDap2Process: setParam(dvle = #1[1])
02-04 23:04:09.084   581  5115 D DlbDap2Process: setParam(mave = #1[0])
02-04 23:04:09.084   581  5115 D DlbDap2Process: setParam(vcbf = #20[47, 141, 234, 328, 469, 656, 844, 1031, 1313, 1688, 2250, 3000, 3750, 4688, 5813, 7125, 9000, 11250, 13875, 19688])
02-04 23:04:09.084   581  5115 D DlbDap2Process: setParam(vbon = #1[0])
02-04 23:04:09.084   581  5115 D DlbDap2Process: setParam(beon = #1[0])
02-04 23:04:09.084   581  5115 D DlbDap2Process: setParam(geon = #1[0])
02-04 23:04:09.084   581  5115 D DlbDap2Process: setParam(ieon = #1[1])
02-04 23:04:09.084   581  5115 D DlbDap2Process: setParam(gebs = #41[20, 47, 141, 234, 328, 469, 656, 844, 1031, 1313, 1688, 2250, 3000, 3750, 4688, 5813, 7125, 9000, 11250, 13875, 19688, 0, 0, 0, 0, 0, 0, 0, 0, 0, 0, 0, 0, 0, 0, 0, 0, 0, 0, 0, 0])
02-04 23:04:09.084   581  5115 D DlbDap2Process: setParam(iebs = #41[20, 65, 136, 223, 332, 467, 634, 841, 1098, 1416, 1812, 2302, 2909, 3663, 4598, 5756, 7194, 8976, 11186, 13927, 17326, 117, 133, 188, 176, 141, 149, 175, 185, 185, 200, 236, 242, 228, 213, 182, 132, 110, 68, -27, -240])
02-04 23:04:09.084   581  5115 D DlbDapEndpointParamCache: doCommit() Committed 15 parameters out of 16.
02-04 23:04:09.084   581  5115 D DlbDapEndpointParamCache: commit() Overriding parameters for current device 0x00000002
02-04 23:04:09.084   581  5115 D DlbDap2Process: setParam(dea = #1[7])
02-04 23:04:09.084   581  5115 D DlbDap2Process: setParam(dsa = #1[10])
02-04 23:04:09.084   581  5115 D DlbDap2Process: setParam(beb = #1[192])
02-04 23:04:09.084   581  5115 D DlbDap2Process: setParam(plb = #1[0])
02-04 23:04:09.084   581  5115 D DlbDap2Process: setParam(vmb = #1[144])
02-04 23:04:09.084   581  5115 D DlbDap2Process: setParam(dsb = #1[0])
02-04 23:04:09.084   581  5115 D DlbDap2Process: setParam(ded = #1[0])
02-04 23:04:09.084   581  5115 D DlbDap2Process: setParam(vbm = #1[3])
02-04 23:04:09.084   581  5115 D DlbDap2Process: setParam(dom = #1[0])
02-04 23:04:09.084   581  5115 D DlbDap2Process: setParam(bew = #1[16])
02-04 23:04:09.084   581  5115 D DlbDap2Process: setParam(dvla = #1[4])
02-04 23:04:09.084   581  5115 D DlbDap2Process: setParam(arra = #1[96])
02-04 23:04:09.084   581  5115 D DlbDap2Process: setParam(dfsa = #1[10])
02-04 23:04:09.084   581  5115 D DlbDap2Process: setParam(dhsa = #1[10])
02-04 23:04:09.084   581  5115 D DlbDap2Process: setParam(dvmc = #1[0])
02-04 23:04:09.085   581  5115 D DlbDap2Process: setParam(arod = #1[0])
02-04 23:04:09.085   581  5115 D DlbDap2Process: setParam(arde = #1[1])
02-04 23:04:09.085   581  5115 D DlbDap2Process: setParam(dvle = #1[1])
02-04 23:04:09.085   581  5115 D DlbDap2Process: setParam(dvme = #1[0])
02-04 23:04:09.085   581  5115 D DlbDap2Process: setParam(becf = #1[200])
02-04 23:04:09.085   581  5115 D DlbDap2Process: setParam(vbmf = #2[94, 469])
02-04 23:04:09.085   581  5115 D DlbDap2Process: setParam(vbsf = #2[35, 160])
02-04 23:04:09.085   581  5115 D DlbDap2Process: setParam(vbhg = #3[-32, -144, -192])
02-04 23:04:09.085   581  5115 D DlbDap2Process: setParam(vbog = #1[0])
02-04 23:04:09.085   581  5115 D DlbDap2Process: setParam(vbsg = #1[0])
02-04 23:04:09.085   581  5115 D DlbDap2Process: setParam(dvli = #1[-320])
02-04 23:04:09.085   581  5115 D DlbDap2Process: setParam(dhfm = #1[2])
02-04 23:04:09.085   581  5115 D DlbDap2Process: setParam(vbon = #1[0])
02-04 23:04:09.085   581  5115 D DlbDap2Process: setParam(beon = #1[0])
02-04 23:04:09.085   581  5115 D DlbDap2Process: setParam(deon = #1[0])
02-04 23:04:09.085   581  5115 D DlbDap2Process: setParam(ngon = #1[1])
02-04 23:04:09.085   581  5115 D DlbDap2Process: setParam(aoon = #1[1])
02-04 23:04:09.085   581  5115 D DlbDap2Process: setParam(aron = #1[1])
02-04 23:04:09.085   581  5115 D DlbDap2Process: setParam(dvlo = #1[-320])
02-04 23:04:09.085   581  5115 D DlbDap2Process: setParam(artp = #1[12])
02-04 23:04:09.086   581  5115 D DlbDap2Process: setParam(aobs = #222[20, 10, 47, 141, 234, 328, 469, 656, 844, 1031, 1313, 1688, 2250, 3000, 3750, 4688, 5813, 7125, 9000, 11250, 13875, 19688, 0, 0, 0, 0, 0, 0, 0, 0, 0, 0, 0, 0, 0, 0, 0, 0, 0, 0, 0, 0, 0, 0, 0, 0, 0, 0, 0, 0, 0, 0, 0, 0, 0, 0, 0, 0, 0, 0, 0, 0, 0, 0, 0, 0, 0, 0, 0, 0, 0, 0, 0, 0, 0, 0, 0, 0, 0, 0, 0, 0, 0, 0, 0, 0, 0, 0, 0, 0, 0, 0, 0, 0, 0, 0, 0, 0, 0, 0, 0, 0, 0, 0, 0, 0, 0, 0, 0, 0, 0, 0, 0, 0, 0, 0, 0, 0, 0, 0, 0, 0, 0, 0, 0, 0, 0, 0, 0, 0, 0, 0, 0, 0, 0, 0, 0, 0, 0, 0, 0, 0, 0, 0, 0, 0, 0, 0, 0, 0, 0, 0, 0, 0, 0, 0, 0, 0, 0, 0, 0, 0, 0, 0, 0, 0, 0, 0, 0, 0, 0, 0, 0, 0, 0, 0, 0, 0, 0, 0, 0, 0, 0, 0, 0, 0, 0, 0, 0, 0, 0, 0, 0, 0, 0, 0, 0, 0, 0, 0, 0, 0, 0, 0, 0, 0, 0, 0, 0, 0, 0, 0, 0, 0, 0, 0, 0, 0, 0, 0, 0, 0])
02-04 23:04:09.086   581  5115 D DlbDap2Process: setParam(arbs = #81[20, 47, 141, 234, 328, 469, 656, 844, 1031, 1313, 1688, 2250, 3000, 3750, 4688, 5813, 7125, 9000, 11250, 13875, 19688, -192, -192, -192, -192, -192, -192, -192, -192, -192, -192, -192, -192, -192, -192, -192, -192, -192, -192, -192, -192, 0, 0, 0, 0, 0, 0, 0, 0, 0, 0, 0, 0, 0, 0, 0, 0, 0, 0, 0, 0, 0, 0, 0, 0, 0, 0, 0, 0, 0, 0, 0, 0, 0, 0, 0, 0, 0, 0, 0, 0])
02-04 23:04:09.086   581  5115 D DlbDapEndpointParamCache: doCommit() Committed 37 parameters out of 37.
02-04 23:04:09.125 29697 29697 D featureTest: receive broadcast , playing content location :/sdcard/featureTest/7ch_25fps.wav
02-04 23:04:09.127   589   709 D NuPlayerDriver: stop(0xe57327e0)
02-04 23:04:09.127   589   709 D NuPlayerDriver: notifyListener_l(0xe57327e0), (8, 0, 0, -1), loop setting(0, 1)
02-04 23:04:09.128   589   589 D NuPlayerDriver: reset(0xe57327e0) at state 8
02-04 23:04:09.135   589 29725 D NuPlayerDriver: notifyResetComplete(0xe57327e0)
02-04 23:04:09.135   589  1183 D NuPlayerDriver: reset(0xe57327e0) at state 0
02-04 23:04:09.143 29697 29697 D featureTest: mMediaPlayer.getAudioSessionId(): 4105
02-04 23:04:09.144 29697 29697 D featureTest: Playing file: /sdcard/featureTest/7ch_25fps.wav
02-04 23:04:09.145   589   589 D NuPlayerDriver: NuPlayerDriver(0xe57329a0) created, clientPid(29697)
02-04 23:04:09.164   589 29750 D NuPlayerDriver: notifyListener_l(0xe57329a0), (1, 0, 0, -1), loop setting(0, 0)
02-04 23:04:09.169   589  1183 D NuPlayerDriver: start(0xe57329a0), state is 4, eos is 0
02-04 23:04:09.175   593  5352 I OMXMaster: makeComponentInstance(OMX.google.raw.decoder) in android.hardwar process
02-04 23:04:09.179   589 29756 I ACodec  : codec does not support config priority (err -2147483648)
02-04 23:04:09.180   589 29756 I MediaCodec: MediaCodec will operate in async mode
02-04 23:04:09.194 29697 29697 D featureTest: receive broadcast , change ds status :1
02-04 23:04:09.198   589 29754 D AudioTrack: Client defaulted notificationFrames to 12000 for frameCount 24000
02-04 23:04:09.199   589 29750 D NuPlayerDriver: notifyListener_l(0xe57329a0), (6, 0, 0, -1), loop setting(0, 1)
02-04 23:04:09.210   581   581 D DlbDlbEffect: handle_EFFECT_CMD_SET_PARAM()
02-04 23:04:09.242   581  5115 D DlbDapCrossfadeProcess: setEnabled transitioning from DAP_BYPASSED state to PREROLL_ACTIVE
02-04 23:04:09.243   581  5115 D DlbDap2Process: setMave(mave = 0)
02-04 23:04:09.247   581  5115 D DlbDapCrossfadeProcess: process transitioning from PREROLL_ACTIVE state to FADE_TO_ACTIVE
02-04 23:04:09.264 29697 29697 D featureTest: receive broadcast , change ds profile id :5
02-04 23:04:09.277   581   581 D DlbDlbEffect: handle_EFFECT_CMD_SET_PARAM()
02-04 23:04:09.277   421   460 I DapController: Profile Changed to Custom
02-04 23:04:09.284   581  5115 D DlbDapEndpointParamCache: commitChangedParams()
02-04 23:04:09.284   581  5115 D DlbDapEndpointParamCache: commit() Applying parameters for device 0x40000000
02-04 23:04:09.284   581  5115 D DlbDap2Process: setParam(iea = #1[10])
02-04 23:04:09.284   581  5115 D DlbDap2Process: setParam(msce = #1[0])
02-04 23:04:09.284   581  5115 D DlbDap2Process: setParam(mdee = #1[0])
02-04 23:04:09.284   581  5115 D DlbDap2Process: setParam(miee = #1[0])
02-04 23:04:09.284   581  5115 D DlbDap2Process: setParam(mdle = #1[0])
02-04 23:04:09.284   581  5115 D DlbDap2Process: setParam(dvle = #1[1])
02-04 23:04:09.284   581  5115 D DlbDap2Process: setParam(mave = #1[0])
02-04 23:04:09.284   581  5115 D DlbDap2Process: setParam(vcbf = #20[47, 141, 234, 328, 469, 656, 844, 1031, 1313, 1688, 2250, 3000, 3750, 4688, 5813, 7125, 9000, 11250, 13875, 19688])
02-04 23:04:09.284   581  5115 D DlbDap2Process: setParam(vbon = #1[0])
02-04 23:04:09.284   581  5115 D DlbDap2Process: setParam(beon = #1[0])
02-04 23:04:09.284   581  5115 D DlbDap2Process: setParam(geon = #1[0])
02-04 23:04:09.284   581  5115 D DlbDap2Process: setParam(ieon = #1[0])
02-04 23:04:09.284   581  5115 D DlbDap2Process: setParam(gebs = #41[20, 47, 141, 234, 328, 469, 656, 844, 1031, 1313, 1688, 2250, 3000, 3750, 4688, 5813, 7125, 9000, 11250, 13875, 19688, 0, 0, 0, 0, 0, 0, 0, 0, 0, 0, 0, 0, 0, 0, 0, 0, 0, 0, 0, 0])
02-04 23:04:09.284   581  5115 D DlbDap2Process: setParam(iebs = #41[20, 65, 136, 223, 332, 467, 634, 841, 1098, 1416, 1812, 2302, 2909, 3663, 4598, 5756, 7194, 8976, 11186, 13927, 17326, 117, 133, 188, 176, 141, 149, 175, 185, 185, 200, 236, 242, 228, 213, 182, 132, 110, 68, -27, -240])
02-04 23:04:09.284   581  5115 D DlbDapEndpointParamCache: doCommit() Committed 15 parameters out of 16.
02-04 23:04:09.285   581  5115 D DlbDapEndpointParamCache: commit() Overriding parameters for current device 0x00000002
02-04 23:04:09.285   581  5115 D DlbDap2Process: setParam(dea = #1[7])
02-04 23:04:09.285   581  5115 D DlbDap2Process: setParam(dsa = #1[10])
02-04 23:04:09.285   581  5115 D DlbDap2Process: setParam(beb = #1[192])
02-04 23:04:09.285   581  5115 D DlbDap2Process: setParam(plb = #1[0])
02-04 23:04:09.285   581  5115 D DlbDap2Process: setParam(vmb = #1[144])
02-04 23:04:09.285   581  5115 D DlbDap2Process: setParam(dsb = #1[48])
02-04 23:04:09.285   581  5115 D DlbDap2Process: setParam(ded = #1[0])
02-04 23:04:09.285   581  5115 D DlbDap2Process: setParam(vbm = #1[3])
02-04 23:04:09.285   581  5115 D DlbDap2Process: setParam(dom = #1[0])
02-04 23:04:09.285   581  5115 D DlbDap2Process: setParam(bew = #1[16])
02-04 23:04:09.285   581  5115 D DlbDap2Process: setParam(dvla = #1[5])
02-04 23:04:09.285   581  5115 D DlbDap2Process: setParam(arra = #1[96])
02-04 23:04:09.285   581  5115 D DlbDap2Process: setParam(dfsa = #1[10])
02-04 23:04:09.285   581  5115 D DlbDap2Process: setParam(dhsa = #1[10])
02-04 23:04:09.285   581  5115 D DlbDap2Process: setParam(dvmc = #1[0])
02-04 23:04:09.285   581  5115 D DlbDap2Process: setParam(arod = #1[0])
02-04 23:04:09.285   581  5115 D DlbDap2Process: setParam(arde = #1[1])
02-04 23:04:09.285   581  5115 D DlbDap2Process: setParam(dvle = #1[1])
02-04 23:04:09.285   581  5115 D DlbDap2Process: setParam(dvme = #1[0])
02-04 23:04:09.285   581  5115 D DlbDap2Process: setParam(becf = #1[200])
02-04 23:04:09.285   581  5115 D DlbDap2Process: setParam(vbmf = #2[94, 469])
02-04 23:04:09.285   581  5115 D DlbDap2Process: setParam(vbsf = #2[35, 160])
02-04 23:04:09.285   581  5115 D DlbDap2Process: setParam(vbhg = #3[-32, -144, -192])
02-04 23:04:09.285   581  5115 D DlbDap2Process: setParam(vbog = #1[0])
02-04 23:04:09.285   581  5115 D DlbDap2Process: setParam(vbsg = #1[0])
02-04 23:04:09.285   581  5115 D DlbDap2Process: setParam(dvli = #1[-320])
02-04 23:04:09.285   581  5115 D DlbDap2Process: setParam(dhfm = #1[2])
02-04 23:04:09.285   581  5115 D DlbDap2Process: setParam(vbon = #1[0])
02-04 23:04:09.285   581  5115 D DlbDap2Process: setParam(beon = #1[0])
02-04 23:04:09.285   581  5115 D DlbDap2Process: setParam(deon = #1[0])
02-04 23:04:09.285   581  5115 D DlbDap2Process: setParam(ngon = #1[1])
02-04 23:04:09.285   581  5115 D DlbDap2Process: setParam(aoon = #1[1])
02-04 23:04:09.285   581  5115 D DlbDap2Process: setParam(aron = #1[1])
02-04 23:04:09.285   581  5115 D DlbDap2Process: setParam(dvlo = #1[-320])
02-04 23:04:09.285   581  5115 D DlbDap2Process: setParam(artp = #1[12])
02-04 23:04:09.286   581  5115 D DlbDap2Process: setParam(aobs = #222[20, 10, 47, 141, 234, 328, 469, 656, 844, 1031, 1313, 1688, 2250, 3000, 3750, 4688, 5813, 7125, 9000, 11250, 13875, 19688, 0, 0, 0, 0, 0, 0, 0, 0, 0, 0, 0, 0, 0, 0, 0, 0, 0, 0, 0, 0, 0, 0, 0, 0, 0, 0, 0, 0, 0, 0, 0, 0, 0, 0, 0, 0, 0, 0, 0, 0, 0, 0, 0, 0, 0, 0, 0, 0, 0, 0, 0, 0, 0, 0, 0, 0, 0, 0, 0, 0, 0, 0, 0, 0, 0, 0, 0, 0, 0, 0, 0, 0, 0, 0, 0, 0, 0, 0, 0, 0, 0, 0, 0, 0, 0, 0, 0, 0, 0, 0, 0, 0, 0, 0, 0, 0, 0, 0, 0, 0, 0, 0, 0, 0, 0, 0, 0, 0, 0, 0, 0, 0, 0, 0, 0, 0, 0, 0, 0, 0, 0, 0, 0, 0, 0, 0, 0, 0, 0, 0, 0, 0, 0, 0, 0, 0, 0, 0, 0, 0, 0, 0, 0, 0, 0, 0, 0, 0, 0, 0, 0, 0, 0, 0, 0, 0, 0, 0, 0, 0, 0, 0, 0, 0, 0, 0, 0, 0, 0, 0, 0, 0, 0, 0, 0, 0, 0, 0, 0, 0, 0, 0, 0, 0, 0, 0, 0, 0, 0, 0, 0, 0, 0, 0, 0, 0, 0, 0, 0, 0])
02-04 23:04:09.286   581  5115 D DlbDap2Process: setParam(arbs = #81[20, 47, 141, 234, 328, 469, 656, 844, 1031, 1313, 1688, 2250, 3000, 3750, 4688, 5813, 7125, 9000, 11250, 13875, 19688, -192, -192, -192, -192, -192, -192, -192, -192, -192, -192, -192, -192, -192, -192, -192, -192, -192, -192, -192, -192, 0, 0, 0, 0, 0, 0, 0, 0, 0, 0, 0, 0, 0, 0, 0, 0, 0, 0, 0, 0, 0, 0, 0, 0, 0, 0, 0, 0, 0, 0, 0, 0, 0, 0, 0, 0, 0, 0, 0, 0])
02-04 23:04:09.286   581  5115 D DlbDapEndpointParamCache: doCommit() Committed 37 parameters out of 37.
02-04 23:04:09.286   581  5115 D DlbDap2Process: setMave(mave = 0)
02-04 23:04:09.336 29697 29697 D featureTest: receive broadcast , change virtual speaker  virtualizer :0
02-04 23:04:09.349   581  5143 D DlbDlbEffect: handle_EFFECT_CMD_SET_PARAM()
02-04 23:04:09.363   581  5115 D DlbDapCrossfadeProcess: process transitioning from FADE_TO_ACTIVE state to DAP_ACTIVE
02-04 23:04:09.411 29697 29697 D featureTest: receive broadcast , record log :0
02-04 23:04:11.044   581  5115 D DlbDap2Process: process() called [294000] times
02-04 23:04:13.724   581  5115 D DlbDap2Process: process() called [294500] times
