02-04 22:47:10.447 28322 28322 I ServiceManager: Waiting for service AtCmdFwd...
02-04 22:47:11.452 28322 28322 I chatty  : uid=1000(system) /vendor/bin/ATFWD-daemon identical 1 line
02-04 22:47:12.459 28322 28322 I ServiceManager: Waiting for service AtCmdFwd...
02-04 22:47:13.467 28322 28322 W Atfwd_Sendcmd: AtCmdFwd service not published, waiting... retryCnt : 1
02-04 22:47:17.379   571   940 E QC-QMI  : linux_qmi_qmux_io_wake_lock: Err in writing wakelock=qmuxd_port_wl_0, error [1:Operation not permitted]
02-04 22:47:17.380   571   940 E QC-QMI  : linux_qmi_qmux_io_wake_unlock: Err in writing wakelock=qmuxd_port_wl_0, error [1:Operation not permitted]
02-04 22:47:18.135   816   906 E HalDeviceManager: Should have at least 1 chip!
02-04 22:47:18.135   816   906 E HalDeviceManager: getSupportedIfaceTypesInternal: no chip info found
02-04 22:41:18.427   816   838 E BatteryStatsService: no controller energy info supplied
02-04 22:47:18.139   816   838 E BatteryStatsService: no controller energy info supplied
02-04 22:47:18.149   571   940 E QC-QMI  : linux_qmi_qmux_io_wake_lock: Err in writing wakelock=qmuxd_port_wl_0, error [1:Operation not permitted]
02-04 22:47:18.149   571   940 E QC-QMI  : linux_qmi_qmux_io_wake_unlock: Err in writing wakelock=qmuxd_port_wl_0, error [1:Operation not permitted]
02-04 22:47:18.150   571   940 E QC-QMI  : linux_qmi_qmux_io_wake_lock: Err in writing wakelock=qmuxd_port_wl_0, error [1:Operation not permitted]
02-04 22:47:18.150   571   940 E QC-QMI  : linux_qmi_qmux_io_wake_unlock: Err in writing wakelock=qmuxd_port_wl_0, error [1:Operation not permitted]
02-04 22:47:18.469 28322 28322 I ServiceManager: Waiting for service AtCmdFwd...
02-04 22:47:19.477 28322 28322 I ServiceManager: Waiting for service AtCmdFwd...
02-04 22:47:19.944   571   940 E QC-QMI  : linux_qmi_qmux_io_wake_lock: Err in writing wakelock=qmuxd_port_wl_0, error [1:Operation not permitted]
02-04 22:47:19.944   571   940 E QC-QMI  : linux_qmi_qmux_io_wake_unlock: Err in writing wakelock=qmuxd_port_wl_0, error [1:Operation not permitted]
02-04 22:47:20.484 28322 28322 I ServiceManager: Waiting for service AtCmdFwd...
02-04 22:47:21.490 28322 28322 I ServiceManager: Waiting for service AtCmdFwd...
02-04 22:47:22.494 28322 28322 W Atfwd_Sendcmd: AtCmdFwd service not published, waiting... retryCnt : 2
02-04 22:47:32.500 28322 28322 I ServiceManager: Waiting for service AtCmdFwd...
02-04 22:47:34.517 28322 28322 I chatty  : uid=1000(system) /vendor/bin/ATFWD-daemon identical 2 lines
02-04 22:47:35.519 28322 28322 I ServiceManager: Waiting for service AtCmdFwd...
02-04 22:47:36.528 28322 28322 W Atfwd_Sendcmd: AtCmdFwd service not published, waiting... retryCnt : 3
02-04 22:47:51.530 28322 28322 I ServiceManager: Waiting for service AtCmdFwd...
02-04 22:47:53.538 28322 28322 I chatty  : uid=1000(system) /vendor/bin/ATFWD-daemon identical 2 lines
02-04 22:47:54.544 28322 28322 I ServiceManager: Waiting for service AtCmdFwd...
02-04 22:47:55.548 28322 28322 W Atfwd_Sendcmd: AtCmdFwd service not published, waiting... retryCnt : 4
02-04 22:47:58.339   571   940 E QC-QMI  : linux_qmi_qmux_io_wake_lock: Err in writing wakelock=qmuxd_port_wl_0, error [1:Operation not permitted]
02-04 22:47:58.339   571   940 E QC-QMI  : linux_qmi_qmux_io_wake_unlock: Err in writing wakelock=qmuxd_port_wl_0, error [1:Operation not permitted]
02-04 22:48:08.582   571   940 E QC-QMI  : linux_qmi_qmux_io_wake_lock: Err in writing wakelock=qmuxd_port_wl_0, error [1:Operation not permitted]
02-04 22:48:08.583   571   940 E QC-QMI  : linux_qmi_qmux_io_wake_unlock: Err in writing wakelock=qmuxd_port_wl_0, error [1:Operation not permitted]
02-04 22:48:15.550 28322 28322 I ServiceManager: Waiting for service AtCmdFwd...
02-04 22:48:17.564 28322 28322 I chatty  : uid=1000(system) /vendor/bin/ATFWD-daemon identical 2 lines
02-04 22:48:18.570 28322 28322 I ServiceManager: Waiting for service AtCmdFwd...
02-04 22:48:19.574 28322 28322 W Atfwd_Sendcmd: AtCmdFwd service not published, waiting... retryCnt : 5
02-04 22:48:33.976  3552  3552 W SceneBgThread: type=1400 audit(0.0:2796): avc: denied { read } for name="stat" dev="proc" ino=4026548033 scontext=u:r:untrusted_app_25:s0:c512,c768 tcontext=u:object_r:proc_stat:s0 tclass=file permissive=0
02-04 22:48:38.986  3552  3552 I chatty  : uid=10063(u0_a63) SceneBgThread identical 1 line
02-04 22:48:43.999  3552  3552 W SceneBgThread: type=1400 audit(0.0:2798): avc: denied { read } for name="stat" dev="proc" ino=4026548033 scontext=u:r:untrusted_app_25:s0:c512,c768 tcontext=u:object_r:proc_stat:s0 tclass=file permissive=0
02-04 22:48:44.583 28322 28322 I Atfwd_Sendcmd: AtCmdFwd service not ready - Exhausted retry attempts - :6
02-04 22:48:44.583 28322 28322 I Atfwd_Daemon: result : -1 	 ,Init step :2 	 ,qmiErrorCode: 0
02-04 22:48:59.585 28322 28322 I ServiceManager: Waiting for service AtCmdFwd...
02-04 22:48:59.784   571   940 E QC-QMI  : linux_qmi_qmux_io_wake_lock: Err in writing wakelock=qmuxd_port_wl_0, error [1:Operation not permitted]
02-04 22:48:59.784   571   940 E QC-QMI  : linux_qmi_qmux_io_wake_unlock: Err in writing wakelock=qmuxd_port_wl_0, error [1:Operation not permitted]
02-04 22:49:00.587 28322 28322 I ServiceManager: Waiting for service AtCmdFwd...
02-04 22:49:01.593 28322 28322 I chatty  : uid=1000(system) /vendor/bin/ATFWD-daemon identical 1 line
02-04 22:49:02.602 28322 28322 I ServiceManager: Waiting for service AtCmdFwd...
02-04 22:49:03.606 28322 28322 W Atfwd_Sendcmd: AtCmdFwd service not published, waiting... retryCnt : 1
02-04 22:49:08.615 28322 28322 I ServiceManager: Waiting for service AtCmdFwd...
02-04 22:49:10.632 28322 28322 I chatty  : uid=1000(system) /vendor/bin/ATFWD-daemon identical 2 lines
02-04 22:49:11.636 28322 28322 I ServiceManager: Waiting for service AtCmdFwd...
02-04 22:49:12.646 28322 28322 W Atfwd_Sendcmd: AtCmdFwd service not published, waiting... retryCnt : 2
02-04 22:49:17.703   571   940 E QC-QMI  : linux_qmi_qmux_io_wake_lock: Err in writing wakelock=qmuxd_port_wl_0, error [1:Operation not permitted]
02-04 22:49:17.704   571   940 E QC-QMI  : linux_qmi_qmux_io_wake_unlock: Err in writing wakelock=qmuxd_port_wl_0, error [1:Operation not permitted]
02-04 22:49:22.657 28322 28322 I ServiceManager: Waiting for service AtCmdFwd...
02-04 22:49:22.821   571   940 E QC-QMI  : linux_qmi_qmux_io_wake_lock: Err in writing wakelock=qmuxd_port_wl_0, error [1:Operation not permitted]
02-04 22:49:22.822   571   940 E QC-QMI  : linux_qmi_qmux_io_wake_unlock: Err in writing wakelock=qmuxd_port_wl_0, error [1:Operation not permitted]
02-04 22:49:23.659 28322 28322 I ServiceManager: Waiting for service AtCmdFwd...
02-04 22:49:24.670 28322 28322 I ServiceManager: Waiting for service AtCmdFwd...
02-04 22:49:25.380   571   940 E QC-QMI  : linux_qmi_qmux_io_wake_lock: Err in writing wakelock=qmuxd_port_wl_0, error [1:Operation not permitted]
02-04 22:49:25.381   571   940 E QC-QMI  : linux_qmi_qmux_io_wake_unlock: Err in writing wakelock=qmuxd_port_wl_0, error [1:Operation not permitted]
02-04 22:49:25.676 28322 28322 I ServiceManager: Waiting for service AtCmdFwd...
02-04 22:49:26.687 28322 28322 W Atfwd_Sendcmd: AtCmdFwd service not published, waiting... retryCnt : 3
02-04 22:47:18.139   816   838 E BatteryStatsService: no controller energy info supplied
02-04 22:49:34.648   816   834 I UsageStatsService: User[0] Flushing usage stats to disk
02-04 22:49:41.695 28322 28322 I ServiceManager: Waiting for service AtCmdFwd...
02-04 22:49:43.707 28322 28322 I chatty  : uid=1000(system) /vendor/bin/ATFWD-daemon identical 2 lines
02-04 22:49:44.715 28322 28322 I ServiceManager: Waiting for service AtCmdFwd...
02-04 22:49:45.719 28322 28322 W Atfwd_Sendcmd: AtCmdFwd service not published, waiting... retryCnt : 4
02-04 22:49:53.530   571   940 E QC-QMI  : linux_qmi_qmux_io_wake_lock: Err in writing wakelock=qmuxd_port_wl_0, error [1:Operation not permitted]
02-04 22:49:53.531   571   940 E QC-QMI  : linux_qmi_qmux_io_wake_unlock: Err in writing wakelock=qmuxd_port_wl_0, error [1:Operation not permitted]
02-04 22:50:05.724 28322 28322 I ServiceManager: Waiting for service AtCmdFwd...
02-04 22:50:07.733 28322 28322 I chatty  : uid=1000(system) /vendor/bin/ATFWD-daemon identical 2 lines
02-04 22:50:08.740 28322 28322 I ServiceManager: Waiting for service AtCmdFwd...
02-04 22:50:08.896   571   940 E QC-QMI  : linux_qmi_qmux_io_wake_lock: Err in writing wakelock=qmuxd_port_wl_0, error [1:Operation not permitted]
02-04 22:50:08.897   571   940 E QC-QMI  : linux_qmi_qmux_io_wake_unlock: Err in writing wakelock=qmuxd_port_wl_0, error [1:Operation not permitted]
02-04 22:50:09.745 28322 28322 W Atfwd_Sendcmd: AtCmdFwd service not published, waiting... retryCnt : 5
02-04 22:50:16.574   571   940 E QC-QMI  : linux_qmi_qmux_io_wake_lock: Err in writing wakelock=qmuxd_port_wl_0, error [1:Operation not permitted]
02-04 22:50:16.575   571   940 E QC-QMI  : linux_qmi_qmux_io_wake_unlock: Err in writing wakelock=qmuxd_port_wl_0, error [1:Operation not permitted]
02-04 22:50:34.076  3552  3552 W SceneBgThread: type=1400 audit(0.0:2799): avc: denied { read } for name="stat" dev="proc" ino=4026548033 scontext=u:r:untrusted_app_25:s0:c512,c768 tcontext=u:object_r:proc_stat:s0 tclass=file permissive=0
02-04 22:50:34.749 28322 28322 I Atfwd_Sendcmd: AtCmdFwd service not ready - Exhausted retry attempts - :6
02-04 22:50:34.750 28322 28322 I Atfwd_Daemon: result : -1 	 ,Init step :2 	 ,qmiErrorCode: 0
02-04 22:50:39.086  3552  3552 W SceneBgThread: type=1400 audit(0.0:2800): avc: denied { read } for name="stat" dev="proc" ino=4026548033 scontext=u:r:untrusted_app_25:s0:c512,c768 tcontext=u:object_r:proc_stat:s0 tclass=file permissive=0
02-04 22:50:39.623   571   940 E QC-QMI  : linux_qmi_qmux_io_wake_lock: Err in writing wakelock=qmuxd_port_wl_0, error [1:Operation not permitted]
02-04 22:50:39.623   571   940 E QC-QMI  : linux_qmi_qmux_io_wake_unlock: Err in writing wakelock=qmuxd_port_wl_0, error [1:Operation not permitted]
02-04 22:50:42.179   571   940 E QC-QMI  : linux_qmi_qmux_io_wake_lock: Err in writing wakelock=qmuxd_port_wl_0, error [1:Operation not permitted]
02-04 22:50:42.180   571   940 E QC-QMI  : linux_qmi_qmux_io_wake_unlock: Err in writing wakelock=qmuxd_port_wl_0, error [1:Operation not permitted]
02-04 22:50:44.096  3552  3552 W SceneBgThread: type=1400 audit(0.0:2801): avc: denied { read } for name="stat" dev="proc" ino=4026548033 scontext=u:r:untrusted_app_25:s0:c512,c768 tcontext=u:object_r:proc_stat:s0 tclass=file permissive=0
02-04 22:50:54.756 28322 28322 I ServiceManager: Waiting for service AtCmdFwd...
02-04 22:50:56.763 28322 28322 I chatty  : uid=1000(system) /vendor/bin/ATFWD-daemon identical 2 lines
02-04 22:50:57.767 28322 28322 I ServiceManager: Waiting for service AtCmdFwd...
02-04 22:50:58.770 28322 28322 W Atfwd_Sendcmd: AtCmdFwd service not published, waiting... retryCnt : 1
02-04 22:51:03.777 28322 28322 I ServiceManager: Waiting for service AtCmdFwd...
02-04 22:51:05.794 28322 28322 I chatty  : uid=1000(system) /vendor/bin/ATFWD-daemon identical 2 lines
02-04 22:51:06.812 28322 28322 I ServiceManager: Waiting for service AtCmdFwd...
02-04 22:51:07.820 28322 28322 W Atfwd_Sendcmd: AtCmdFwd service not published, waiting... retryCnt : 2
02-04 22:51:17.823 28322 28322 I ServiceManager: Waiting for service AtCmdFwd...
02-04 22:51:19.844 28322 28322 I chatty  : uid=1000(system) /vendor/bin/ATFWD-daemon identical 2 lines
02-04 22:51:20.847 28322 28322 I ServiceManager: Waiting for service AtCmdFwd...
02-04 22:51:21.849 28322 28322 W Atfwd_Sendcmd: AtCmdFwd service not published, waiting... retryCnt : 3
02-04 22:51:35.939   571   940 E QC-QMI  : linux_qmi_qmux_io_wake_lock: Err in writing wakelock=qmuxd_port_wl_0, error [1:Operation not permitted]
02-04 22:51:35.940   571   940 E QC-QMI  : linux_qmi_qmux_io_wake_unlock: Err in writing wakelock=qmuxd_port_wl_0, error [1:Operation not permitted]
02-04 22:51:36.863 28322 28322 I ServiceManager: Waiting for service AtCmdFwd...
02-04 22:51:38.888 28322 28322 I chatty  : uid=1000(system) /vendor/bin/ATFWD-daemon identical 2 lines
02-04 22:51:39.893 28322 28322 I ServiceManager: Waiting for service AtCmdFwd...
02-04 22:51:40.907 28322 28322 W Atfwd_Sendcmd: AtCmdFwd service not published, waiting... retryCnt : 4
02-04 22:51:56.421   571   940 E QC-QMI  : linux_qmi_qmux_io_wake_lock: Err in writing wakelock=qmuxd_port_wl_0, error [1:Operation not permitted]
02-04 22:51:56.422   571   940 E QC-QMI  : linux_qmi_qmux_io_wake_unlock: Err in writing wakelock=qmuxd_port_wl_0, error [1:Operation not permitted]
02-04 22:51:58.978   571   940 E QC-QMI  : linux_qmi_qmux_io_wake_lock: Err in writing wakelock=qmuxd_port_wl_0, error [1:Operation not permitted]
02-04 22:51:58.981   571   940 E QC-QMI  : linux_qmi_qmux_io_wake_unlock: Err in writing wakelock=qmuxd_port_wl_0, error [1:Operation not permitted]
02-04 22:52:00.920 28322 28322 I ServiceManager: Waiting for service AtCmdFwd...
02-04 22:52:02.936 28322 28322 I chatty  : uid=1000(system) /vendor/bin/ATFWD-daemon identical 2 lines
02-04 22:52:03.947 28322 28322 I ServiceManager: Waiting for service AtCmdFwd...
02-04 22:52:04.953 28322 28322 W Atfwd_Sendcmd: AtCmdFwd service not published, waiting... retryCnt : 5
02-04 22:52:06.666   571   940 E QC-QMI  : linux_qmi_qmux_io_wake_lock: Err in writing wakelock=qmuxd_port_wl_0, error [1:Operation not permitted]
02-04 22:52:06.666   571   940 E QC-QMI  : linux_qmi_qmux_io_wake_unlock: Err in writing wakelock=qmuxd_port_wl_0, error [1:Operation not permitted]
02-04 22:52:14.341   571   940 E QC-QMI  : linux_qmi_qmux_io_wake_lock: Err in writing wakelock=qmuxd_port_wl_0, error [1:Operation not permitted]
02-04 22:52:14.341   571   940 E QC-QMI  : linux_qmi_qmux_io_wake_unlock: Err in writing wakelock=qmuxd_port_wl_0, error [1:Operation not permitted]
02-04 22:52:29.954 28322 28322 I Atfwd_Sendcmd: AtCmdFwd service not ready - Exhausted retry attempts - :6
02-04 22:52:29.954 28322 28322 I Atfwd_Daemon: result : -1 	 ,Init step :2 	 ,qmiErrorCode: 0
02-04 22:52:34.130  3552  3552 W SceneBgThread: type=1400 audit(0.0:2802): avc: denied { read } for name="stat" dev="proc" ino=4026548033 scontext=u:r:untrusted_app_25:s0:c512,c768 tcontext=u:object_r:proc_stat:s0 tclass=file permissive=0
02-04 22:52:37.384   571   940 E QC-QMI  : linux_qmi_qmux_io_wake_lock: Err in writing wakelock=qmuxd_port_wl_0, error [1:Operation not permitted]
02-04 22:52:37.384   571   940 E QC-QMI  : linux_qmi_qmux_io_wake_unlock: Err in writing wakelock=qmuxd_port_wl_0, error [1:Operation not permitted]
02-04 22:52:39.149  3552  3552 W SceneBgThread: type=1400 audit(0.0:2803): avc: denied { read } for name="stat" dev="proc" ino=4026548033 scontext=u:r:untrusted_app_25:s0:c512,c768 tcontext=u:object_r:proc_stat:s0 tclass=file permissive=0
02-04 22:52:42.502   571   940 E QC-QMI  : linux_qmi_qmux_io_wake_lock: Err in writing wakelock=qmuxd_port_wl_0, error [1:Operation not permitted]
02-04 22:52:42.504   571   940 E QC-QMI  : linux_qmi_qmux_io_wake_unlock: Err in writing wakelock=qmuxd_port_wl_0, error [1:Operation not permitted]
02-04 22:52:44.163  3552  3552 W SceneBgThread: type=1400 audit(0.0:2804): avc: denied { read } for name="stat" dev="proc" ino=4026548033 scontext=u:r:untrusted_app_25:s0:c512,c768 tcontext=u:object_r:proc_stat:s0 tclass=file permissive=0
02-04 22:52:45.060   571   940 E QC-QMI  : linux_qmi_qmux_io_wake_lock: Err in writing wakelock=qmuxd_port_wl_0, error [1:Operation not permitted]
02-04 22:52:45.060   571   940 E QC-QMI  : linux_qmi_qmux_io_wake_unlock: Err in writing wakelock=qmuxd_port_wl_0, error [1:Operation not permitted]
02-04 22:52:52.737   571   940 E QC-QMI  : linux_qmi_qmux_io_wake_lock: Err in writing wakelock=qmuxd_port_wl_0, error [1:Operation not permitted]
02-04 22:52:52.737   571   940 E QC-QMI  : linux_qmi_qmux_io_wake_unlock: Err in writing wakelock=qmuxd_port_wl_0, error [1:Operation not permitted]
02-04 22:52:54.969 28322 28325 E QC-QMI  : qmi_client [28322] cd: failed to locate client data
02-04 22:52:54.971   571   571 E QC-QMI  : qmuxd: RX on fd=20 returned error=0 errno[2:No such file or directory]
02-04 22:52:54.971   571   571 E QC-QMI  : QMUX qmux_client_id=cd not found in qmux client list, unable to remove
02-04 22:52:54.974 28322 28322 I Atfwd_Daemon: Stop the daemon....
02-04 22:52:55.036 28370 28370 I libmdmdetect: ESOC framework not supported
02-04 22:52:55.037 28370 28370 I libmdmdetect: Found internal modem: modem
02-04 22:52:55.047 28370 28370 I Atfwd_Daemon: result : 255 	 ,Init step :0 	 ,qmiErrorCode: 0
02-04 22:52:55.047 28370 28370 I Atfwd_Daemon: result : 0 	 ,Init step :1 	 ,qmiErrorCode: 0
02-04 22:52:55.048 28370 28370 I ServiceManager: Waiting for service AtCmdFwd...
02-04 22:52:57.053 28370 28370 I chatty  : uid=1000(system) /vendor/bin/ATFWD-daemon identical 2 lines
02-04 22:52:58.054 28370 28370 I ServiceManager: Waiting for service AtCmdFwd...
02-04 22:52:59.056 28370 28370 W Atfwd_Sendcmd: AtCmdFwd service not published, waiting... retryCnt : 1
02-04 22:53:04.064 28370 28370 I ServiceManager: Waiting for service AtCmdFwd...
02-04 22:53:06.073 28370 28370 I chatty  : uid=1000(system) /vendor/bin/ATFWD-daemon identical 2 lines
02-04 22:53:07.080 28370 28370 I ServiceManager: Waiting for service AtCmdFwd...
02-04 22:53:08.087 28370 28370 W Atfwd_Sendcmd: AtCmdFwd service not published, waiting... retryCnt : 2
02-04 22:53:18.093 28370 28370 I ServiceManager: Waiting for service AtCmdFwd...
02-04 22:53:20.102 28370 28370 I chatty  : uid=1000(system) /vendor/bin/ATFWD-daemon identical 2 lines
02-04 22:53:21.108 28370 28370 I ServiceManager: Waiting for service AtCmdFwd...
02-04 22:53:22.113 28370 28370 W Atfwd_Sendcmd: AtCmdFwd service not published, waiting... retryCnt : 3
02-04 22:53:31.141   571   940 E QC-QMI  : linux_qmi_qmux_io_wake_lock: Err in writing wakelock=qmuxd_port_wl_0, error [1:Operation not permitted]
02-04 22:53:31.141   571   940 E QC-QMI  : linux_qmi_qmux_io_wake_unlock: Err in writing wakelock=qmuxd_port_wl_0, error [1:Operation not permitted]
02-04 22:53:37.132 28370 28370 I ServiceManager: Waiting for service AtCmdFwd...
02-04 22:53:39.150 28370 28370 I chatty  : uid=1000(system) /vendor/bin/ATFWD-daemon identical 2 lines
02-04 22:53:40.153 28370 28370 I ServiceManager: Waiting for service AtCmdFwd...
02-04 22:53:41.163 28370 28370 W Atfwd_Sendcmd: AtCmdFwd service not published, waiting... retryCnt : 4
02-04 22:53:46.501   571   940 E QC-QMI  : linux_qmi_qmux_io_wake_lock: Err in writing wakelock=qmuxd_port_wl_0, error [1:Operation not permitted]
02-04 22:53:46.503   571   940 E QC-QMI  : linux_qmi_qmux_io_wake_unlock: Err in writing wakelock=qmuxd_port_wl_0, error [1:Operation not permitted]
02-04 22:54:01.165 28370 28370 I ServiceManager: Waiting for service AtCmdFwd...
02-04 22:54:03.184 28370 28370 I chatty  : uid=1000(system) /vendor/bin/ATFWD-daemon identical 2 lines
02-04 22:54:04.199 28370 28370 I ServiceManager: Waiting for service AtCmdFwd...
02-04 22:54:05.202 28370 28370 W Atfwd_Sendcmd: AtCmdFwd service not published, waiting... retryCnt : 5
02-04 22:54:14.657   571   940 E QC-QMI  : linux_qmi_qmux_io_wake_lock: Err in writing wakelock=qmuxd_port_wl_0, error [1:Operation not permitted]
02-04 22:54:14.658   571   940 E QC-QMI  : linux_qmi_qmux_io_wake_unlock: Err in writing wakelock=qmuxd_port_wl_0, error [1:Operation not permitted]
02-04 22:54:30.215 28370 28370 I Atfwd_Sendcmd: AtCmdFwd service not ready - Exhausted retry attempts - :6
02-04 22:54:30.215 28370 28370 I Atfwd_Daemon: result : -1 	 ,Init step :2 	 ,qmiErrorCode: 0
02-04 22:54:34.206  3552  3552 W SceneBgThread: type=1400 audit(0.0:2805): avc: denied { read } for name="stat" dev="proc" ino=4026548033 scontext=u:r:untrusted_app_25:s0:c512,c768 tcontext=u:object_r:proc_stat:s0 tclass=file permissive=0
02-04 22:54:35.219 28370 28370 I ServiceManager: Waiting for service AtCmdFwd...
02-04 22:54:37.236 28370 28370 I chatty  : uid=1000(system) /vendor/bin/ATFWD-daemon identical 2 lines
02-04 22:54:38.246 28370 28370 I ServiceManager: Waiting for service AtCmdFwd...
02-04 22:54:39.223  3552  3552 W SceneBgThread: type=1400 audit(0.0:2806): avc: denied { read } for name="stat" dev="proc" ino=4026548033 scontext=u:r:untrusted_app_25:s0:c512,c768 tcontext=u:object_r:proc_stat:s0 tclass=file permissive=0
02-04 22:54:39.248 28370 28370 W Atfwd_Sendcmd: AtCmdFwd service not published, waiting... retryCnt : 1
02-04 22:54:44.239  3552  3552 W SceneBgThread: type=1400 audit(0.0:2807): avc: denied { read } for name="stat" dev="proc" ino=4026548033 scontext=u:r:untrusted_app_25:s0:c512,c768 tcontext=u:object_r:proc_stat:s0 tclass=file permissive=0
02-04 22:54:44.249 28370 28370 I ServiceManager: Waiting for service AtCmdFwd...
02-04 22:54:46.258 28370 28370 I chatty  : uid=1000(system) /vendor/bin/ATFWD-daemon identical 2 lines
02-04 22:54:47.270 28370 28370 I ServiceManager: Waiting for service AtCmdFwd...
02-04 22:54:48.280 28370 28370 W Atfwd_Sendcmd: AtCmdFwd service not published, waiting... retryCnt : 2
02-04 22:54:58.290 28370 28370 I ServiceManager: Waiting for service AtCmdFwd...
02-04 22:55:00.301 28370 28370 I chatty  : uid=1000(system) /vendor/bin/ATFWD-daemon identical 2 lines
02-04 22:55:01.307 28370 28370 I ServiceManager: Waiting for service AtCmdFwd...
02-04 22:55:02.313 28370 28370 W Atfwd_Sendcmd: AtCmdFwd service not published, waiting... retryCnt : 3
02-04 22:55:17.318 28370 28370 I ServiceManager: Waiting for service AtCmdFwd...
02-04 22:55:18.324 28370 28370 I ServiceManager: Waiting for service AtCmdFwd...
02-04 22:55:18.658   571   940 E QC-QMI  : linux_qmi_qmux_io_wake_lock: Err in writing wakelock=qmuxd_port_wl_0, error [1:Operation not permitted]
02-04 22:55:18.658   571   940 E QC-QMI  : linux_qmi_qmux_io_wake_unlock: Err in writing wakelock=qmuxd_port_wl_0, error [1:Operation not permitted]
02-04 22:55:19.330 28370 28370 I ServiceManager: Waiting for service AtCmdFwd...
02-04 22:55:20.337 28370 28370 I ServiceManager: Waiting for service AtCmdFwd...
02-04 22:55:21.341 28370 28370 W Atfwd_Sendcmd: AtCmdFwd service not published, waiting... retryCnt : 4
02-04 22:55:23.779   571   940 E QC-QMI  : linux_qmi_qmux_io_wake_lock: Err in writing wakelock=qmuxd_port_wl_0, error [1:Operation not permitted]
02-04 22:55:23.783   571   940 E QC-QMI  : linux_qmi_qmux_io_wake_unlock: Err in writing wakelock=qmuxd_port_wl_0, error [1:Operation not permitted]
02-04 22:55:41.341 28370 28370 I ServiceManager: Waiting for service AtCmdFwd...
02-04 22:55:43.345 28370 28370 I chatty  : uid=1000(system) /vendor/bin/ATFWD-daemon identical 2 lines
02-04 22:55:44.357 28370 28370 I ServiceManager: Waiting for service AtCmdFwd...
02-04 22:55:45.377 28370 28370 W Atfwd_Sendcmd: AtCmdFwd service not published, waiting... retryCnt : 5
02-04 22:55:54.497   571   940 E QC-QMI  : linux_qmi_qmux_io_wake_lock: Err in writing wakelock=qmuxd_port_wl_0, error [1:Operation not permitted]
02-04 22:55:54.497   571   940 E QC-QMI  : linux_qmi_qmux_io_wake_unlock: Err in writing wakelock=qmuxd_port_wl_0, error [1:Operation not permitted]
02-04 22:56:09.860   571   940 E QC-QMI  : linux_qmi_qmux_io_wake_lock: Err in writing wakelock=qmuxd_port_wl_0, error [1:Operation not permitted]
02-04 22:56:09.861   571   940 E QC-QMI  : linux_qmi_qmux_io_wake_unlock: Err in writing wakelock=qmuxd_port_wl_0, error [1:Operation not permitted]
02-04 22:56:10.383 28370 28370 I Atfwd_Sendcmd: AtCmdFwd service not ready - Exhausted retry attempts - :6
02-04 22:56:10.383 28370 28370 I Atfwd_Daemon: result : -1 	 ,Init step :2 	 ,qmiErrorCode: 0
02-04 22:56:18.048   816   906 E HalDeviceManager: Should have at least 1 chip!
02-04 22:56:18.049   816   906 E HalDeviceManager: getSupportedIfaceTypesInternal: no chip info found
02-04 22:56:18.053   816   838 E BatteryStatsService: no controller energy info supplied
02-04 22:56:18.068   571   940 E QC-QMI  : linux_qmi_qmux_io_wake_lock: Err in writing wakelock=qmuxd_port_wl_0, error [1:Operation not permitted]
02-04 22:56:18.069   571   940 E QC-QMI  : linux_qmi_qmux_io_wake_unlock: Err in writing wakelock=qmuxd_port_wl_0, error [1:Operation not permitted]
02-04 22:56:18.069   571   940 E QC-QMI  : linux_qmi_qmux_io_wake_lock: Err in writing wakelock=qmuxd_port_wl_0, error [1:Operation not permitted]
02-04 22:56:18.070   571   940 E QC-QMI  : linux_qmi_qmux_io_wake_unlock: Err in writing wakelock=qmuxd_port_wl_0, error [1:Operation not permitted]
02-04 22:56:20.390 28370 28370 I ServiceManager: Waiting for service AtCmdFwd...
02-04 22:56:22.401 28370 28370 I chatty  : uid=1000(system) /vendor/bin/ATFWD-daemon identical 2 lines
02-04 22:56:23.415 28370 28370 I ServiceManager: Waiting for service AtCmdFwd...
02-04 22:56:24.431 28370 28370 W Atfwd_Sendcmd: AtCmdFwd service not published, waiting... retryCnt : 1
02-04 22:56:29.434 28370 28370 I ServiceManager: Waiting for service AtCmdFwd...
02-04 22:56:31.441 28370 28370 I chatty  : uid=1000(system) /vendor/bin/ATFWD-daemon identical 2 lines
02-04 22:56:32.444 28370 28370 I ServiceManager: Waiting for service AtCmdFwd...
02-04 22:56:33.448 28370 28370 W Atfwd_Sendcmd: AtCmdFwd service not published, waiting... retryCnt : 2
02-04 22:56:34.306  3552  3552 W SceneBgThread: type=1400 audit(0.0:2808): avc: denied { read } for name="stat" dev="proc" ino=4026548033 scontext=u:r:untrusted_app_25:s0:c512,c768 tcontext=u:object_r:proc_stat:s0 tclass=file permissive=0
02-04 22:56:39.320  3552  3552 W SceneBgThread: type=1400 audit(0.0:2809): avc: denied { read } for name="stat" dev="proc" ino=4026548033 scontext=u:r:untrusted_app_25:s0:c512,c768 tcontext=u:object_r:proc_stat:s0 tclass=file permissive=0
02-04 22:56:43.461 28370 28370 I ServiceManager: Waiting for service AtCmdFwd...
02-04 22:56:44.336  3552  3552 W SceneBgThread: type=1400 audit(0.0:2810): avc: denied { read } for name="stat" dev="proc" ino=4026548033 scontext=u:r:untrusted_app_25:s0:c512,c768 tcontext=u:object_r:proc_stat:s0 tclass=file permissive=0
02-04 22:56:44.467 28370 28370 I ServiceManager: Waiting for service AtCmdFwd...
02-04 22:56:45.474 28370 28370 I chatty  : uid=1000(system) /vendor/bin/ATFWD-daemon identical 1 line
02-04 22:56:46.488 28370 28370 I ServiceManager: Waiting for service AtCmdFwd...
02-04 22:56:47.496 28370 28370 W Atfwd_Sendcmd: AtCmdFwd service not published, waiting... retryCnt : 3
02-04 22:57:01.052   571   940 E QC-QMI  : linux_qmi_qmux_io_wake_lock: Err in writing wakelock=qmuxd_port_wl_0, error [1:Operation not permitted]
02-04 22:57:01.053   571   940 E QC-QMI  : linux_qmi_qmux_io_wake_unlock: Err in writing wakelock=qmuxd_port_wl_0, error [1:Operation not permitted]
02-04 22:57:02.504 28370 28370 I ServiceManager: Waiting for service AtCmdFwd...
02-04 22:57:04.515 28370 28370 I chatty  : uid=1000(system) /vendor/bin/ATFWD-daemon identical 2 lines
02-04 22:57:05.526 28370 28370 I ServiceManager: Waiting for service AtCmdFwd...
02-04 22:57:06.185   571   940 E QC-QMI  : linux_qmi_qmux_io_wake_lock: Err in writing wakelock=qmuxd_port_wl_0, error [1:Operation not permitted]
02-04 22:57:06.186   571   940 E QC-QMI  : linux_qmi_qmux_io_wake_unlock: Err in writing wakelock=qmuxd_port_wl_0, error [1:Operation not permitted]
02-04 22:57:06.535 28370 28370 W Atfwd_Sendcmd: AtCmdFwd service not published, waiting... retryCnt : 4
02-04 22:57:26.543 28370 28370 I ServiceManager: Waiting for service AtCmdFwd...
02-04 22:57:28.552 28370 28370 I chatty  : uid=1000(system) /vendor/bin/ATFWD-daemon identical 2 lines
02-04 22:57:29.560 28370 28370 I ServiceManager: Waiting for service AtCmdFwd...
02-04 22:57:30.567 28370 28370 W Atfwd_Sendcmd: AtCmdFwd service not published, waiting... retryCnt : 5
02-04 22:57:36.901   571   940 E QC-QMI  : linux_qmi_qmux_io_wake_lock: Err in writing wakelock=qmuxd_port_wl_0, error [1:Operation not permitted]
02-04 22:57:36.902   571   940 E QC-QMI  : linux_qmi_qmux_io_wake_unlock: Err in writing wakelock=qmuxd_port_wl_0, error [1:Operation not permitted]
02-04 22:57:44.580   571   940 E QC-QMI  : linux_qmi_qmux_io_wake_lock: Err in writing wakelock=qmuxd_port_wl_0, error [1:Operation not permitted]
02-04 22:57:44.580   571   940 E QC-QMI  : linux_qmi_qmux_io_wake_unlock: Err in writing wakelock=qmuxd_port_wl_0, error [1:Operation not permitted]
02-04 22:57:47.134   571   940 E QC-QMI  : linux_qmi_qmux_io_wake_lock: Err in writing wakelock=qmuxd_port_wl_0, error [1:Operation not permitted]
02-04 22:57:47.136   571   940 E QC-QMI  : linux_qmi_qmux_io_wake_unlock: Err in writing wakelock=qmuxd_port_wl_0, error [1:Operation not permitted]
02-04 22:57:55.570 28370 28370 I Atfwd_Sendcmd: AtCmdFwd service not ready - Exhausted retry attempts - :6
02-04 22:57:55.570 28370 28370 I Atfwd_Daemon: result : -1 	 ,Init step :2 	 ,qmiErrorCode: 0
02-04 22:57:59.942   571   940 E QC-QMI  : linux_qmi_qmux_io_wake_lock: Err in writing wakelock=qmuxd_port_wl_0, error [1:Operation not permitted]
02-04 22:57:59.943   571   940 E QC-QMI  : linux_qmi_qmux_io_wake_unlock: Err in writing wakelock=qmuxd_port_wl_0, error [1:Operation not permitted]
02-04 22:58:02.498   571   940 E QC-QMI  : linux_qmi_qmux_io_wake_lock: Err in writing wakelock=qmuxd_port_wl_0, error [1:Operation not permitted]
02-04 22:58:02.498   571   940 E QC-QMI  : linux_qmi_qmux_io_wake_unlock: Err in writing wakelock=qmuxd_port_wl_0, error [1:Operation not permitted]
02-04 22:58:10.185   571   940 E QC-QMI  : linux_qmi_qmux_io_wake_lock: Err in writing wakelock=qmuxd_port_wl_0, error [1:Operation not permitted]
02-04 22:58:10.186   571   940 E QC-QMI  : linux_qmi_qmux_io_wake_unlock: Err in writing wakelock=qmuxd_port_wl_0, error [1:Operation not permitted]
02-04 22:58:10.580 28370 28370 I ServiceManager: Waiting for service AtCmdFwd...
02-04 22:58:12.590 28370 28370 I chatty  : uid=1000(system) /vendor/bin/ATFWD-daemon identical 2 lines
02-04 22:58:13.600 28370 28370 I ServiceManager: Waiting for service AtCmdFwd...
02-04 22:58:14.620 28370 28370 W Atfwd_Sendcmd: AtCmdFwd service not published, waiting... retryCnt : 1
02-04 22:58:17.861   571   940 E QC-QMI  : linux_qmi_qmux_io_wake_lock: Err in writing wakelock=qmuxd_port_wl_0, error [1:Operation not permitted]
02-04 22:58:17.862   571   940 E QC-QMI  : linux_qmi_qmux_io_wake_unlock: Err in writing wakelock=qmuxd_port_wl_0, error [1:Operation not permitted]
02-04 22:58:19.625 28370 28370 I ServiceManager: Waiting for service AtCmdFwd...
02-04 22:58:21.637 28370 28370 I chatty  : uid=1000(system) /vendor/bin/ATFWD-daemon identical 2 lines
02-04 22:58:22.654 28370 28370 I ServiceManager: Waiting for service AtCmdFwd...
02-04 22:58:23.660 28370 28370 W Atfwd_Sendcmd: AtCmdFwd service not published, waiting... retryCnt : 2
02-04 22:58:25.540   571   940 E QC-QMI  : linux_qmi_qmux_io_wake_lock: Err in writing wakelock=qmuxd_port_wl_0, error [1:Operation not permitted]
02-04 22:58:25.540   571   940 E QC-QMI  : linux_qmi_qmux_io_wake_unlock: Err in writing wakelock=qmuxd_port_wl_0, error [1:Operation not permitted]
02-04 22:58:33.224   571   940 E QC-QMI  : linux_qmi_qmux_io_wake_lock: Err in writing wakelock=qmuxd_port_wl_0, error [1:Operation not permitted]
02-04 22:58:33.225   571   940 E QC-QMI  : linux_qmi_qmux_io_wake_unlock: Err in writing wakelock=qmuxd_port_wl_0, error [1:Operation not permitted]
02-04 22:58:33.665 28370 28370 I ServiceManager: Waiting for service AtCmdFwd...
02-04 22:58:34.350  3552  3552 W SceneBgThread: type=1400 audit(0.0:2811): avc: denied { read } for name="stat" dev="proc" ino=4026548033 scontext=u:r:untrusted_app_25:s0:c512,c768 tcontext=u:object_r:proc_stat:s0 tclass=file permissive=0
02-04 22:58:34.673 28370 28370 I ServiceManager: Waiting for service AtCmdFwd...
02-04 22:58:35.674 28370 28370 I chatty  : uid=1000(system) /vendor/bin/ATFWD-daemon identical 1 line
02-04 22:58:36.682 28370 28370 I ServiceManager: Waiting for service AtCmdFwd...
02-04 22:58:37.692 28370 28370 W Atfwd_Sendcmd: AtCmdFwd service not published, waiting... retryCnt : 3
02-04 22:58:39.366  3552  3552 W SceneBgThread: type=1400 audit(0.0:2812): avc: denied { read } for name="stat" dev="proc" ino=4026548033 scontext=u:r:untrusted_app_25:s0:c512,c768 tcontext=u:object_r:proc_stat:s0 tclass=file permissive=0
02-04 22:58:44.383  3552  3552 W SceneBgThread: type=1400 audit(0.0:2813): avc: denied { read } for name="stat" dev="proc" ino=4026548033 scontext=u:r:untrusted_app_25:s0:c512,c768 tcontext=u:object_r:proc_stat:s0 tclass=file permissive=0
02-04 22:58:52.699 28370 28370 I ServiceManager: Waiting for service AtCmdFwd...
02-04 22:58:54.717 28370 28370 I chatty  : uid=1000(system) /vendor/bin/ATFWD-daemon identical 2 lines
02-04 22:58:55.724 28370 28370 I ServiceManager: Waiting for service AtCmdFwd...
02-04 22:58:56.731 28370 28370 W Atfwd_Sendcmd: AtCmdFwd service not published, waiting... retryCnt : 4
02-04 22:59:01.377   571   940 E QC-QMI  : linux_qmi_qmux_io_wake_lock: Err in writing wakelock=qmuxd_port_wl_0, error [1:Operation not permitted]
02-04 22:59:01.377   571   940 E QC-QMI  : linux_qmi_qmux_io_wake_unlock: Err in writing wakelock=qmuxd_port_wl_0, error [1:Operation not permitted]
02-04 22:59:09.064   571   940 E QC-QMI  : linux_qmi_qmux_io_wake_lock: Err in writing wakelock=qmuxd_port_wl_0, error [1:Operation not permitted]
02-04 22:59:09.064   571   940 E QC-QMI  : linux_qmi_qmux_io_wake_unlock: Err in writing wakelock=qmuxd_port_wl_0, error [1:Operation not permitted]
02-04 22:59:11.619   571   940 E QC-QMI  : linux_qmi_qmux_io_wake_lock: Err in writing wakelock=qmuxd_port_wl_0, error [1:Operation not permitted]
02-04 22:59:11.620   571   940 E QC-QMI  : linux_qmi_qmux_io_wake_unlock: Err in writing wakelock=qmuxd_port_wl_0, error [1:Operation not permitted]
02-04 22:59:16.737 28370 28370 I ServiceManager: Waiting for service AtCmdFwd...
02-04 22:59:17.744 28370 28370 I chatty  : uid=1000(system) /vendor/bin/ATFWD-daemon identical 1 line
02-04 22:59:18.749 28370 28370 I ServiceManager: Waiting for service AtCmdFwd...
02-04 22:59:19.297   571   940 E QC-QMI  : linux_qmi_qmux_io_wake_lock: Err in writing wakelock=qmuxd_port_wl_0, error [1:Operation not permitted]
02-04 22:59:19.297   571   940 E QC-QMI  : linux_qmi_qmux_io_wake_unlock: Err in writing wakelock=qmuxd_port_wl_0, error [1:Operation not permitted]
02-04 22:59:19.756 28370 28370 I ServiceManager: Waiting for service AtCmdFwd...
02-04 22:59:20.767 28370 28370 W Atfwd_Sendcmd: AtCmdFwd service not published, waiting... retryCnt : 5
02-04 22:59:24.119   419   921 E android.hardware.usb@1.0-service: uevent received SUBSYSTEM=dual_role_usb
02-04 22:59:24.120   419   921 I android.hardware.usb@1.0-service: otg_default
02-04 22:59:24.124   419   921 I android.hardware.usb@1.0-service: canChangeMode: 1 canChagedata: 0 canChangePower:0
02-04 22:56:18.053   816   838 E BatteryStatsService: no controller energy info supplied
02-04 22:59:24.126   816   893 I UsbPortManager: ClientCallback: otg_default
02-04 22:59:24.127   816   841 I UsbPortManager: USB port changed: port=UsbPort{id=otg_default, supportedModes=dual}, status=UsbPortStatus{connected=true, currentMode=ufp, currentPowerRole=sink, currentDataRole=device, supportedRoleCombinations=[source:host, sink:device]}, canChangeMode=true, canChangePowerRole=false, canChangeDataRole=false
02-04 22:59:24.882   816   906 E HalDeviceManager: Should have at least 1 chip!
02-04 22:59:24.882   816   906 E HalDeviceManager: getSupportedIfaceTypesInternal: no chip info found
02-04 22:59:24.889   816   816 I EntropyMixer: Writing entropy...
02-04 22:59:24.899   816   838 E BatteryStatsService: no controller energy info supplied
02-04 22:59:24.915   571   940 E QC-QMI  : linux_qmi_qmux_io_wake_lock: Err in writing wakelock=qmuxd_port_wl_0, error [1:Operation not permitted]
02-04 22:59:24.915   571   940 E QC-QMI  : linux_qmi_qmux_io_wake_unlock: Err in writing wakelock=qmuxd_port_wl_0, error [1:Operation not permitted]
02-04 22:59:24.915   571   940 E QC-QMI  : linux_qmi_qmux_io_wake_lock: Err in writing wakelock=qmuxd_port_wl_0, error [1:Operation not permitted]
02-04 22:59:24.915   571   940 E QC-QMI  : linux_qmi_qmux_io_wake_unlock: Err in writing wakelock=qmuxd_port_wl_0, error [1:Operation not permitted]
02-04 22:59:25.210   816  2356 E LightsService: Light requested not available on this device. 3
02-04 22:59:26.970   571   940 E QC-QMI  : linux_qmi_qmux_io_wake_lock: Err in writing wakelock=qmuxd_port_wl_0, error [1:Operation not permitted]
02-04 22:59:26.971   571   940 E QC-QMI  : linux_qmi_qmux_io_wake_unlock: Err in writing wakelock=qmuxd_port_wl_0, error [1:Operation not permitted]
02-04 22:59:29.527   571   940 E QC-QMI  : linux_qmi_qmux_io_wake_lock: Err in writing wakelock=qmuxd_port_wl_0, error [1:Operation not permitted]
02-04 22:59:29.528   571   940 E QC-QMI  : linux_qmi_qmux_io_wake_unlock: Err in writing wakelock=qmuxd_port_wl_0, error [1:Operation not permitted]
02-04 22:59:29.996   816  1084 D WifiPermissionsUtil: Denied: no location permission
02-04 22:59:45.768 28370 28370 I Atfwd_Sendcmd: AtCmdFwd service not ready - Exhausted retry attempts - :6
02-04 22:59:45.768 28370 28370 I Atfwd_Daemon: result : -1 	 ,Init step :2 	 ,qmiErrorCode: 0
02-04 23:00:05.770 28370 28370 I ServiceManager: Waiting for service AtCmdFwd...
02-04 23:00:07.775 28370 28370 I chatty  : uid=1000(system) /vendor/bin/ATFWD-daemon identical 2 lines
02-04 23:00:08.778 28370 28370 I ServiceManager: Waiting for service AtCmdFwd...
02-04 23:00:09.780 28370 28370 W Atfwd_Sendcmd: AtCmdFwd service not published, waiting... retryCnt : 1
02-04 23:00:14.782 28370 28370 I ServiceManager: Waiting for service AtCmdFwd...
02-04 23:00:16.786 28370 28370 I chatty  : uid=1000(system) /vendor/bin/ATFWD-daemon identical 2 lines
02-04 23:00:17.788 28370 28370 I ServiceManager: Waiting for service AtCmdFwd...
02-04 23:00:18.790 28370 28370 W Atfwd_Sendcmd: AtCmdFwd service not published, waiting... retryCnt : 2
02-04 23:00:24.889   816   906 E HalDeviceManager: Should have at least 1 chip!
02-04 23:00:24.890   816   906 E HalDeviceManager: getSupportedIfaceTypesInternal: no chip info found
02-04 23:00:24.900  2763  2763 W Settings: Setting stay_on_while_plugged_in has moved from android.provider.Settings.System to android.provider.Settings.Global, returning read-only value.
02-04 23:00:24.908   571   940 E QC-QMI  : linux_qmi_qmux_io_wake_lock: Err in writing wakelock=qmuxd_port_wl_0, error [1:Operation not permitted]
02-04 23:00:24.909   571   940 E QC-QMI  : linux_qmi_qmux_io_wake_unlock: Err in writing wakelock=qmuxd_port_wl_0, error [1:Operation not permitted]
02-04 23:00:24.910   571   940 E QC-QMI  : linux_qmi_qmux_io_wake_lock: Err in writing wakelock=qmuxd_port_wl_0, error [1:Operation not permitted]
02-04 23:00:24.911   571   940 E QC-QMI  : linux_qmi_qmux_io_wake_unlock: Err in writing wakelock=qmuxd_port_wl_0, error [1:Operation not permitted]
02-04 23:00:28.793 28370 28370 I ServiceManager: Waiting for service AtCmdFwd...
02-04 23:00:30.796 28370 28370 I chatty  : uid=1000(system) /vendor/bin/ATFWD-daemon identical 2 lines
02-04 23:00:31.798 28370 28370 I ServiceManager: Waiting for service AtCmdFwd...
02-04 23:00:32.800 28370 28370 W Atfwd_Sendcmd: AtCmdFwd service not published, waiting... retryCnt : 3
02-04 23:00:34.416  3552  3552 W SceneBgThread: type=1400 audit(0.0:2814): avc: denied { read } for name="stat" dev="proc" ino=4026548033 scontext=u:r:untrusted_app_25:s0:c512,c768 tcontext=u:object_r:proc_stat:s0 tclass=file permissive=0
02-04 23:00:39.426  3552  3552 I chatty  : uid=10063(u0_a63) SceneBgThread identical 1 line
02-04 23:00:44.436  3552  3552 W SceneBgThread: type=1400 audit(0.0:2816): avc: denied { read } for name="stat" dev="proc" ino=4026548033 scontext=u:r:untrusted_app_25:s0:c512,c768 tcontext=u:object_r:proc_stat:s0 tclass=file permissive=0
02-04 23:00:47.803 28370 28370 I ServiceManager: Waiting for service AtCmdFwd...
02-04 23:00:49.807 28370 28370 I chatty  : uid=1000(system) /vendor/bin/ATFWD-daemon identical 2 lines
02-04 23:00:50.811 28370 28370 I ServiceManager: Waiting for service AtCmdFwd...
02-04 23:00:51.814 28370 28370 W Atfwd_Sendcmd: AtCmdFwd service not published, waiting... retryCnt : 4
02-04 23:00:59.134   571   940 E QC-QMI  : linux_qmi_qmux_io_wake_lock: Err in writing wakelock=qmuxd_port_wl_0, error [1:Operation not permitted]
02-04 23:00:59.134   571   940 E QC-QMI  : linux_qmi_qmux_io_wake_unlock: Err in writing wakelock=qmuxd_port_wl_0, error [1:Operation not permitted]
02-04 23:01:11.817 28370 28370 I ServiceManager: Waiting for service AtCmdFwd...
02-04 23:01:13.824 28370 28370 I chatty  : uid=1000(system) /vendor/bin/ATFWD-daemon identical 2 lines
02-04 23:01:14.826 28370 28370 I ServiceManager: Waiting for service AtCmdFwd...
02-04 23:01:15.828 28370 28370 W Atfwd_Sendcmd: AtCmdFwd service not published, waiting... retryCnt : 5
02-04 23:01:17.063   571   940 E QC-QMI  : linux_qmi_qmux_io_wake_lock: Err in writing wakelock=qmuxd_port_wl_0, error [1:Operation not permitted]
02-04 23:01:17.064   571   940 E QC-QMI  : linux_qmi_qmux_io_wake_unlock: Err in writing wakelock=qmuxd_port_wl_0, error [1:Operation not permitted]
02-04 23:01:40.829 28370 28370 I Atfwd_Sendcmd: AtCmdFwd service not ready - Exhausted retry attempts - :6
02-04 23:01:40.830 28370 28370 I Atfwd_Daemon: result : -1 	 ,Init step :2 	 ,qmiErrorCode: 0
02-04 23:00:24.898   816   838 I chatty  : uid=1000(system) batterystats-sy identical 2 lines
02-04 23:00:24.898   816   838 E BatteryStatsService: no controller energy info supplied
02-04 23:01:41.693   816   964 I ActivityManager: START u0 {flg=0x10000000 cmp=com.dolby.qa.featuretest/.MainActivity} from uid 2000
02-04 23:01:41.729 28463 28463 I zygote64: Late-enabling -Xcheck:jni
02-04 23:01:41.733   816   975 I ActivityManager: Start proc 28463:com.dolby.qa.featuretest/u0a74 for activity com.dolby.qa.featuretest/.MainActivity
02-04 23:01:41.985 28463 28463 D featureTest: onCreate
02-04 23:01:42.002 28463 28463 D AudioTrack: Client defaulted notificationFrames to 962 for frameCount 1924
02-04 23:01:42.010 28463 28463 W AudioTrack: Use of stream types is deprecated for operations other than volume control
02-04 23:01:42.011 28463 28463 W AudioTrack: See the documentation of AudioTrack() for what to use instead with android.media.AudioAttributes to qualify your playback use case
02-04 23:01:42.019 28463 28463 W DolbyAudioEffect: WARNING: attaching a DolbyAudioEffect to global output mix is deprecated!
02-04 23:01:42.026 28463 28463 D featureTest: onResume
02-04 23:01:42.048 28463 28480 D OpenGLRenderer: HWUI GL Pipeline
02-04 23:01:42.112 28463 28480 I Adreno  : QUALCOMM build                   : 7142022, Ib5823dd10c
02-04 23:01:42.112 28463 28480 I Adreno  : Build Date                       : 06/23/17
02-04 23:01:42.112 28463 28480 I Adreno  : OpenGL ES Shader Compiler Version: EV031.18.00.00
02-04 23:01:42.112 28463 28480 I Adreno  : Local Branch                     : O11A
02-04 23:01:42.112 28463 28480 I Adreno  : Remote Branch                    : 
02-04 23:01:42.112 28463 28480 I Adreno  : Remote Branch                    : 
02-04 23:01:42.112 28463 28480 I Adreno  : Reconstruct Branch               : 
02-04 23:01:42.112 28463 28480 I vndksupport: sphal namespace is not configured for this process. Loading /vendor/lib64/hw/gralloc.msm8994.so from the current namespace instead.
02-04 23:01:42.123 28463 28480 I Adreno  : PFP: 0x00000000, ME: 0x00000000
02-04 23:01:42.129 28463 28480 I OpenGLRenderer: Initialized EGL, version 1.4
02-04 23:01:42.129 28463 28480 D OpenGLRenderer: Swap behavior 2
02-04 23:01:42.157   365   365 W /system/bin/hwservicemanager: getTransportFromManifest: Cannot find entry android.hardware.graphics.mapper@2.0::IMapper in either framework or device manifest, using default transport.
02-04 23:01:42.161 28463 28480 I vndksupport: sphal namespace is not configured for this process. Loading /vendor/lib64/hw/gralloc.msm8994.so from the current namespace instead.
02-04 23:01:42.199   816   843 I ActivityManager: Displayed com.dolby.qa.featuretest/.MainActivity: +485ms
02-04 23:01:42.832 28463 28463 D featureTest: receive broadcast , playing content location :/sdcard/featureTest/stereo_channel_id.wav
02-04 23:01:42.843 28463 28463 D featureTest: mMediaPlayer.getAudioSessionId(): 3833
02-04 23:01:42.843 28463 28463 D featureTest: Playing file: /sdcard/featureTest/stereo_channel_id.wav
02-04 23:01:42.846   589   589 D NuPlayerDriver: NuPlayerDriver(0xe5732540) created, clientPid(28463)
02-04 23:01:42.850 28491 28491 W generic : type=1400 audit(0.0:2817): avc: denied { read } for path="/storage/emulated/0/featuretest/stereo_channel_id.wav" dev="sdcardfs" ino=523295 scontext=u:r:mediaextractor:s0 tcontext=u:object_r:sdcardfs:s0 tclass=file permissive=0
02-04 23:01:42.851 28463 28463 W MediaPlayer: Use of stream types is deprecated for operations other than volume control
02-04 23:01:42.851 28463 28463 W MediaPlayer: See the documentation of setAudioStreamType() for what to use instead with android.media.AudioAttributes to qualify your playback use case
02-04 23:01:42.854   589 28491 D GenericSource: FileSource remote
02-04 23:01:42.854   589 28491 W GenericSource: extractor service cannot make data source
02-04 23:01:42.854   589 28491 D GenericSource: FileSource local
02-04 23:01:42.876   587   587 D MediaBufferGroup: creating MemoryDealer
02-04 23:01:42.876   589 28490 D NuPlayerDriver: notifyListener_l(0xe5732540), (1, 0, 0, -1), loop setting(0, 0)
02-04 23:01:42.886   589   589 D NuPlayerDriver: start(0xe5732540), state is 4, eos is 0
02-04 23:01:42.887   589 28490 I GenericSource: start
02-04 23:01:42.893   593  1162 I OMXMaster: makeComponentInstance(OMX.google.raw.decoder) in android.hardwar process
02-04 23:01:42.893 28463 28463 W DolbyAudioEffect: WARNING: attaching a DolbyAudioEffect to global output mix is deprecated!
02-04 23:01:42.896   593  1187 E OMXNodeInstance: setConfig(0xf10a3200:google.raw.decoder, ConfigPriority(0x6f800002)) ERROR: Undefined(0x80001001)
02-04 23:01:42.897   589 28496 I ACodec  : codec does not support config priority (err -2147483648)
02-04 23:01:42.897   593  1188 E OMXNodeInstance: getConfig(0xf10a3200:google.raw.decoder, ConfigAndroidVendorExtension(0x6f100004)) ERROR: Undefined(0x80001001)
02-04 23:01:42.898   589 28496 I MediaCodec: MediaCodec will operate in async mode
02-04 23:01:42.910 28463 28463 D featureTest: receive broadcast , change ds status :1
02-04 23:01:42.911   589 28494 D AudioTrack: Client defaulted notificationFrames to 12000 for frameCount 24000
02-04 23:01:42.911   581   731 D DlbDlbEffect: handle_EFFECT_CMD_DISABLE()
02-04 23:01:42.911   581   731 D DlbDapCrossfadeProcess: setEnabled transitioning from FADE_TO_ACTIVE state to FADE_TO_BYPASS
02-04 23:01:42.914   416   416 W /system/bin/hw/android.hidl.allocator@1.0-service: ashmem_create_region(7680) returning hidl_memory(0x7590c2c2e0, 7680)
02-04 23:01:42.914   581   731 D DlbDlbEffect: handle_EFFECT_CMD_SET_CONFIG()
02-04 23:01:42.914   581   731 D DlbDapEndpointParamCache: setDevice(device=0x00000002)
02-04 23:01:42.914   421   421 D DMSService: setActiveDevice called with device = 0x2
02-04 23:01:42.915   581   731 D DlbDlbEffect: handle_EFFECT_CMD_ENABLE()
02-04 23:01:42.915   581   731 D DlbDapCrossfadeProcess: setEnabled transitioning from FADE_TO_BYPASS state to FADE_TO_ACTIVE
02-04 23:01:42.917   589 28490 D NuPlayerDriver: notifyListener_l(0xe5732540), (6, 0, 0, -1), loop setting(0, 1)
02-04 23:01:42.917   581  5115 D DlbDap2Process: setMave(mave = 0)
02-04 23:01:42.919   581  5115 D DlbDapCrossfadeProcess: process transitioning from FADE_TO_ACTIVE state to DAP_ACTIVE
02-04 23:01:42.935   581  5111 D audio_hw_primary: enable_snd_device: snd_device(2: speaker)
02-04 23:01:42.938   581  5111 D audio_hw_primary: enable_audio_route: usecase(0) apply and update mixer path: deep-buffer-playback speaker
02-04 23:01:42.945   581  7829 D DlbDlbEffect: handle_EFFECT_CMD_SET_PARAM()
02-04 23:01:42.998 28463 28463 D featureTest: receive broadcast , change ds profile id :5
02-04 23:01:43.010   581   581 D DlbDlbEffect: handle_EFFECT_CMD_SET_PARAM()
02-04 23:01:43.042   581   770 D AudioFlinger: mixer(0xf2983980) throttle end: throttle time(45)
02-04 23:01:43.071 28463 28463 D featureTest: receive broadcast , change bass enable :0
02-04 23:01:43.086   581  5143 D DlbDlbEffect: handle_EFFECT_CMD_SET_PARAM()
02-04 23:01:43.143 28463 28463 D featureTest: receive broadcast , record log :0
02-04 23:01:43.211 28463 28463 D featureTest: receive broadcast , playing content location :/sdcard/featureTest/stereo_channel_id.wav
02-04 23:01:43.215   589  1183 D NuPlayerDriver: stop(0xe5732540)
02-04 23:01:43.215   589  1183 D NuPlayerDriver: notifyListener_l(0xe5732540), (8, 0, 0, -1), loop setting(0, 1)
02-04 23:01:43.216   589   589 D NuPlayerDriver: reset(0xe5732540) at state 8
02-04 23:01:43.224   589 28490 D NuPlayerDriver: notifyResetComplete(0xe5732540)
02-04 23:01:43.224   589   709 D NuPlayerDriver: reset(0xe5732540) at state 0
02-04 23:01:43.226 28463 28463 V MediaPlayer: resetDrmState:  mDrmInfo=null mDrmProvisioningThread=null mPrepareDrmInProgress=false mActiveDrmScheme=false
02-04 23:01:43.226 28463 28463 V MediaPlayer: cleanDrmObj: mDrmObj=null mDrmSessionId=null
02-04 23:01:43.228 28463 28463 V MediaPlayer: resetDrmState:  mDrmInfo=null mDrmProvisioningThread=null mPrepareDrmInProgress=false mActiveDrmScheme=false
02-04 23:01:43.228 28463 28463 V MediaPlayer: cleanDrmObj: mDrmObj=null mDrmSessionId=null
02-04 23:01:43.235 28463 28463 D featureTest: mMediaPlayer.getAudioSessionId(): 3841
02-04 23:01:43.235 28463 28463 D featureTest: Playing file: /sdcard/featureTest/stereo_channel_id.wav
